layer at (0,0) size 800x600
  RenderView at (0,0) size 800x600
layer at (0,0) size 800x600
  RenderBlock {HTML} at (0,0) size 800x600
    RenderBody {BODY} at (8,8) size 784x584
      RenderBlock {DIV} at (0,0) size 784x116 [border: (5px solid #FF0000)]
        RenderMenuList {SELECT} at (39,39) size 86x38 [bgcolor=#FFFFFF]
          RenderBlock (anonymous) at (15,10) size 30x18
            RenderText at (0,0) size 30x17
              text run at (0,0) width 30: "One"
        RenderText {#text} at (127,49) size 26x17
          text run at (127,49) width 26: "blaa"
caret: position 0 of child 0 {SELECT} of child 0 {DIV} of body
