layer at (0,0) size 800x600
  RenderView at (0,0) size 800x600
layer at (0,0) size 800x600
  RenderBlock {HTML} at (0,0) size 800x600
    RenderBody {BODY} at (8,8) size 784x584
      RenderBlock {P} at (0,0) size 784x36
        RenderText {#text} at (0,0) size 776x35
          text run at (0,0) width 776: "This test ensures selection that crosses the shadow DOM boundary of a readonly input element cannot be made by a mouse"
          text run at (0,18) width 32: "drag."
      RenderBlock {P} at (0,52) size 784x36
        RenderText {#text} at (0,0) size 776x35
          text run at (0,0) width 776: "To manually test, select text by a mouse drag starting in \"world\" and ending in \"hello\". Selection should not extend into the"
          text run at (0,18) width 89: "input element."
      RenderBlock {DIV} at (0,104) size 784x32
        RenderTextControl {INPUT} at (0,2) size 63x28 [bgcolor=#FFFFFF]
        RenderText {#text} at (63,8) size 4x17
          text run at (63,8) width 4: " "
        RenderInline {SPAN} at (0,0) size 37x17
          RenderText {#text} at (67,8) size 37x17
            text run at (67,8) width 37: "world"
        RenderText {#text} at (0,0) size 0x0
layer at (12,120) size 56x18
  RenderBlock {DIV} at (4,6) size 56x18
    RenderText {#text} at (0,0) size 35x17
      text run at (0,0) width 35: "hello"
selection start: position 0 of child 2 {#text} of child 5 {DIV} of body
selection end:   position 2 of child 0 {#text} of child 3 {SPAN} of child 5 {DIV} of body
