layer at (0,0) size 800x600
  RenderView at (0,0) size 800x600
layer at (0,0) size 800x600
  RenderBlock {HTML} at (0,0) size 800x600
    RenderBody {BODY} at (8,8) size 784x576
      RenderBlock {P} at (0,0) size 784x17
        RenderText {#text} at (0,0) size 337x17
          text run at (0,0) width 337: "This tests Range.selectNode() of a text node and a br."
      RenderBlock {DIV} at (0,33) size 784x17
        RenderText {#text} at (0,0) size 23x17
          text run at (0,0) width 23: "one"
      RenderBlock {DIV} at (0,50) size 784x34
        RenderText {#text} at (0,0) size 24x17
          text run at (0,0) width 24: "two"
        RenderBR {BR} at (24,14) size 0x0
        RenderText {#text} at (0,17) size 31x17
          text run at (0,17) width 31: "three"
      RenderBlock {DIV} at (0,84) size 784x17
        RenderText {#text} at (0,0) size 26x17
          text run at (0,0) width 26: "four"
      RenderBlock {UL} at (0,117) size 784x17
        RenderListItem {LI} at (40,0) size 744x17
          RenderListMarker at (-17,0) size 7x17: bullet
          RenderText {#text} at (0,0) size 54x17
            text run at (0,0) width 54: "Success."
