EDITING DELEGATE: webViewDidChangeSelection:WebViewDidChangeSelectionNotification
EDITING DELEGATE: webViewDidChangeSelection:WebViewDidChangeSelectionNotification
layer at (0,0) size 800x600
  RenderView at (0,0) size 800x600
layer at (0,0) size 800x600
  RenderBlock {HTML} at (0,0) size 800x600
    RenderBody {BODY} at (8,8) size 784x572
      RenderBlock {P} at (0,0) size 784x17
        RenderText {#text} at (0,0) size 738x17
          text run at (0,0) width 738: "Tests that selection rects take transforms into account. The red box should be the bounds of the transformed selection."
layer at (28,45) size 622x96
  RenderBlock {DIV} at (20,37) size 622x96 [border: (1px solid #000000)]
    RenderBlock {P} at (11,35) size 600x26
      RenderText {#text} at (0,0) size 136x26
        text run at (0,0) width 136: "Lorem ipsum "
      RenderInline {SPAN} at (0,0) size 389x26
        RenderText {#text} at (136,0) size 389x26
          text run at (136,0) width 389: "dolor sit amet, consectetur adipisicing"
      RenderText {#text} at (525,0) size 44x26
        text run at (525,0) width 44: " elit."
selection start: position 0 of child 0 {#text} of child 1 {SPAN} of child 1 {P} of child 3 {DIV} of body
selection end:   position 5 of child 0 {#text} of child 1 {SPAN} of child 1 {P} of child 3 {DIV} of body
