layer at (0,0) size 800x600
  RenderView at (0,0) size 800x600
layer at (0,0) size 800x200
  RenderBlock {HTML} at (0,0) size 800x200
    RenderBody {BODY} at (8,16) size 784x171
      RenderBlock {P} at (0,0) size 784x17
        RenderText {#text} at (0,0) size 690x17
          text run at (0,0) width 690: "This tests horizontal caret movement in vertical writing mode. \"\x{3042}\x{308B}\x{3002}\" and \"\x{540D}\x{524D}\x{306F}\x{307E}\x{3060}\" must be selected."
      RenderBlock {DIV} at (0,33) size 66x138
        RenderBlock {P} at (16,0) size 34x138
          RenderText {#text} at (0,0) size 34x136
            text run at (0,0) width 136: "\x{543E}\x{8F29}\x{306F}\x{732B}\x{3067}\x{3042}\x{308B}\x{3002}"
            text run at (17,0) width 136: "\x{540D}\x{524D}\x{306F}\x{307E}\x{3060}\x{7121}\x{3044}\x{3002}"
      RenderBlock (anonymous) at (0,171) size 784x0
      RenderBlock {PRE} at (0,184) size 784x0
selection start: position 5 of child 0 {#text} of child 1 {P} of child 3 {DIV} of body
selection end:   position 13 of child 0 {#text} of child 1 {P} of child 3 {DIV} of body
