layer at (0,0) size 800x600
  RenderView at (0,0) size 800x600
layer at (0,0) size 800x600
  RenderBlock {HTML} at (0,0) size 800x600
    RenderBody {BODY} at (8,16) size 784x568
layer at (8,16) size 784x186
  RenderBlock {DIV} at (0,0) size 784x186 [border: (5px solid #800000)]
    RenderBlock (anonymous) at (5,5) size 379x20
      RenderInline {LABEL} at (0,0) size 105x19
        RenderText {#text} at (0,0) size 105x19
          text run at (0,0) width 105: "Some inline text"
    RenderBlock (anonymous) at (5,25) size 379x316
      RenderBlock {SUMMARY} at (0,0) size 379x316
        RenderBlock (anonymous) at (0,0) size 379x20
          RenderText {#text} at (0,0) size 104x19
            text run at (0,0) width 104: "Some block text"
        RenderBlock {H2} at (0,39) size 379x31 [bgcolor=#EEEEEE]
          RenderText {#text} at (0,1) size 59x28
            text run at (0,1) width 59: "PASS"
        RenderBlock (anonymous) at (0,89) size 379x227
          RenderText {#text} at (0,0) size 378x225
            text run at (0,0) width 364: "Lorem ipsum dolor sit amet, consectetuer adipiscing elit."
            text run at (0,20) width 362: "Nulla varius enim ac mi. Curabitur sollicitudin felis quis"
            text run at (0,40) width 376: "lectus. Quisque adipiscing rhoncus sem. Proin nulla purus,"
            text run at (0,66) width 378: "vulputate vel, varius ut, euismod et, nisi. Sed vitae felis vel"
            text run at (0,86) width 368: "orci sagittis aliquam. Cras convallis adipiscing sem. Nam"
            text run at (0,106) width 324: "nonummy enim. Nullam bibendum lobortis neque."
            text run at (0,126) width 341: "Vestibulum velit orci, tempus euismod, pretium quis,"
            text run at (0,146) width 318: "interdum vitae, nulla. Phasellus eget ante et tortor"
            text run at (0,166) width 377: "condimentum vestibulum. Suspendisse hendrerit quam nec"
            text run at (0,186) width 364: "felis. Sed varius turpis vitae pede. Lorem ipsum dolor sit"
            text run at (0,206) width 218: "amet, consectetuer adipiscing elit."
    RenderBlock (anonymous) at (5,341) size 379x0
      RenderInline {LABEL} at (0,0) size 0x0
