layer at (0,0) size 800x1483
  RenderView at (0,0) size 800x600
layer at (0,0) size 800x1483
  RenderBlock {HTML} at (0,0) size 800x1484
    RenderBody {BODY} at (8,16) size 784x1452
layer at (8,16) size 760x464
  RenderBlock {DIV} at (0,0) size 760x464 [border: (5px solid #800000)]
    RenderBlock (anonymous multi-column span) at (5,13) size 750x70 [color=#FFFFFF]
      RenderBlock {H2} at (0,19) size 750x31 [color=#000000] [bgcolor=#EEEEEE]
        RenderText {#text} at (0,1) size 277x28
          text run at (0,1) width 277: "This is a spanning element."
layer at (13,21) size 750x8
  RenderBlock (anonymous multi-column) at (5,5) size 750x8
    RenderBlock {SPAN} at (0,8) size 367x0 [color=#FFFFFF] [bgcolor=#000000]
layer at (13,99) size 750x376
  RenderBlock (anonymous multi-column) at (5,82) size 750x377
    RenderBlock {SPAN} at (0,16) size 367x220 [color=#FFFFFF] [bgcolor=#000000]
      RenderText {#text} at (0,0) size 367x219
        text run at (0,0) width 364: "Lorem ipsum dolor sit amet, consectetuer adipiscing elit."
        text run at (0,20) width 362: "Nulla varius enim ac mi. Curabitur sollicitudin felis quis"
        text run at (0,40) width 332: "lectus. Quisque adipiscing rhoncus sem. Proin nulla"
        text run at (0,60) width 367: "purus, vulputate vel, varius ut, euismod et, nisi. Sed vitae"
        text run at (0,80) width 354: "felis vel orci sagittis aliquam. Cras convallis adipiscing"
        text run at (0,100) width 347: "sem. Nam nonummy enim. Nullam bibendum lobortis"
        text run at (0,120) width 353: "neque. Vestibulum velit orci, tempus euismod, pretium"
        text run at (0,140) width 353: "quis, interdum vitae, nulla. Phasellus eget ante et tortor"
        text run at (0,160) width 351: "condimentum vestibulum. Suspendisse hendrerit quam"
        text run at (0,180) width 333: "nec felis. Sed varius turpis vitae pede. Lorem ipsum"
        text run at (0,200) width 275: "dolor sit amet, consectetuer adipiscing elit."
    RenderBlock (anonymous) at (0,252) size 367x484
      RenderText {#text} at (0,0) size 367x223
        text run at (0,0) width 364: "Lorem ipsum dolor sit amet, consectetuer adipiscing elit."
        text run at (0,20) width 362: "Nulla varius enim ac mi. Curabitur sollicitudin felis quis"
        text run at (0,40) width 332: "lectus. Quisque adipiscing rhoncus sem. Proin nulla"
        text run at (0,60) width 367: "purus, vulputate vel, varius ut, euismod et, nisi. Sed vitae"
        text run at (0,80) width 354: "felis vel orci sagittis aliquam. Cras convallis adipiscing"
        text run at (0,100) width 347: "sem. Nam nonummy enim. Nullam bibendum lobortis"
        text run at (0,124) width 353: "neque. Vestibulum velit orci, tempus euismod, pretium"
        text run at (0,144) width 353: "quis, interdum vitae, nulla. Phasellus eget ante et tortor"
        text run at (0,164) width 351: "condimentum vestibulum. Suspendisse hendrerit quam"
        text run at (0,184) width 333: "nec felis. Sed varius turpis vitae pede. Lorem ipsum"
        text run at (0,204) width 279: "dolor sit amet, consectetuer adipiscing elit. "
      RenderInline {SPAN} at (0,0) size 43x19
        RenderText {#text} at (278,204) size 43x19
          text run at (278,204) width 43: "Lorem"
      RenderText {#text} at (320,204) size 364x279
        text run at (320,204) width 44: " ipsum"
        text run at (0,224) width 357: "dolor sit amet, consectetuer adipiscing elit. Nulla varius"
        text run at (0,244) width 324: "enim ac mi. Curabitur sollicitudin felis quis lectus."
        text run at (0,264) width 330: "Quisque adipiscing rhoncus sem. Proin nulla purus,"
        text run at (0,284) width 355: "vulputate vel, varius ut, euismod et, nisi. Sed vitae felis"
        text run at (0,304) width 356: "vel orci sagittis aliquam. Cras convallis adipiscing sem."
        text run at (0,324) width 360: "Nam nonummy enim. Nullam bibendum lobortis neque."
        text run at (0,344) width 341: "Vestibulum velit orci, tempus euismod, pretium quis,"
        text run at (0,364) width 318: "interdum vitae, nulla. Phasellus eget ante et tortor"
        text run at (0,384) width 351: "condimentum vestibulum. Suspendisse hendrerit quam"
        text run at (0,404) width 333: "nec felis. Sed varius turpis vitae pede. Lorem ipsum"
        text run at (0,424) width 279: "dolor sit amet, consectetuer adipiscing elit. "
        text run at (278,424) width 86: "Lorem ipsum"
        text run at (0,444) width 357: "dolor sit amet, consectetuer adipiscing elit. Nulla varius"
        text run at (0,464) width 76: "enim ac mi."
layer at (8,496) size 760x460
  RenderBlock {DIV} at (0,479) size 760x461 [border: (5px solid #800000)]
    RenderBlock (anonymous multi-column span) at (5,377) size 750x70 [color=#FFFFFF]
      RenderBlock {H2} at (0,19) size 750x31 [color=#000000] [bgcolor=#EEEEEE]
        RenderText {#text} at (0,1) size 277x28
          text run at (0,1) width 277: "This is a spanning element."
layer at (13,501) size 750x372
  RenderBlock (anonymous multi-column) at (5,5) size 750x372
    RenderBlock (anonymous) at (0,0) size 367x672
      RenderText {#text} at (0,0) size 367x671
        text run at (0,0) width 364: "Lorem ipsum dolor sit amet, consectetuer adipiscing elit."
        text run at (0,20) width 362: "Nulla varius enim ac mi. Curabitur sollicitudin felis quis"
        text run at (0,40) width 332: "lectus. Quisque adipiscing rhoncus sem. Proin nulla"
        text run at (0,60) width 367: "purus, vulputate vel, varius ut, euismod et, nisi. Sed vitae"
        text run at (0,80) width 354: "felis vel orci sagittis aliquam. Cras convallis adipiscing"
        text run at (0,100) width 347: "sem. Nam nonummy enim. Nullam bibendum lobortis"
        text run at (0,120) width 353: "neque. Vestibulum velit orci, tempus euismod, pretium"
        text run at (0,140) width 353: "quis, interdum vitae, nulla. Phasellus eget ante et tortor"
        text run at (0,160) width 351: "condimentum vestibulum. Suspendisse hendrerit quam"
        text run at (0,180) width 333: "nec felis. Sed varius turpis vitae pede. Lorem ipsum"
        text run at (0,200) width 279: "dolor sit amet, consectetuer adipiscing elit. "
        text run at (278,200) width 86: "Lorem ipsum"
        text run at (0,220) width 357: "dolor sit amet, consectetuer adipiscing elit. Nulla varius"
        text run at (0,240) width 324: "enim ac mi. Curabitur sollicitudin felis quis lectus."
        text run at (0,260) width 330: "Quisque adipiscing rhoncus sem. Proin nulla purus,"
        text run at (0,280) width 355: "vulputate vel, varius ut, euismod et, nisi. Sed vitae felis"
        text run at (0,300) width 356: "vel orci sagittis aliquam. Cras convallis adipiscing sem."
        text run at (0,320) width 360: "Nam nonummy enim. Nullam bibendum lobortis neque."
        text run at (0,340) width 341: "Vestibulum velit orci, tempus euismod, pretium quis,"
        text run at (0,372) width 318: "interdum vitae, nulla. Phasellus eget ante et tortor"
        text run at (0,392) width 351: "condimentum vestibulum. Suspendisse hendrerit quam"
        text run at (0,412) width 333: "nec felis. Sed varius turpis vitae pede. Lorem ipsum"
        text run at (0,432) width 279: "dolor sit amet, consectetuer adipiscing elit. "
        text run at (278,432) width 86: "Lorem ipsum"
        text run at (0,452) width 357: "dolor sit amet, consectetuer adipiscing elit. Nulla varius"
        text run at (0,472) width 324: "enim ac mi. Curabitur sollicitudin felis quis lectus."
        text run at (0,492) width 330: "Quisque adipiscing rhoncus sem. Proin nulla purus,"
        text run at (0,512) width 355: "vulputate vel, varius ut, euismod et, nisi. Sed vitae felis"
        text run at (0,532) width 356: "vel orci sagittis aliquam. Cras convallis adipiscing sem."
        text run at (0,552) width 360: "Nam nonummy enim. Nullam bibendum lobortis neque."
        text run at (0,572) width 341: "Vestibulum velit orci, tempus euismod, pretium quis,"
        text run at (0,592) width 318: "interdum vitae, nulla. Phasellus eget ante et tortor"
        text run at (0,612) width 351: "condimentum vestibulum. Suspendisse hendrerit quam"
        text run at (0,632) width 333: "nec felis. Sed varius turpis vitae pede. Lorem ipsum"
        text run at (0,652) width 275: "dolor sit amet, consectetuer adipiscing elit."
    RenderBlock {SPAN} at (0,688) size 367x40 [color=#FFFFFF] [bgcolor=#000000]
      RenderText {#text} at (0,0) size 364x39
        text run at (0,0) width 364: "Lorem ipsum dolor sit amet, consectetuer adipiscing elit."
        text run at (0,20) width 158: "Nulla varius enim ac mi."
layer at (13,943) size 750x8
  RenderBlock (anonymous multi-column) at (5,446) size 750x9
    RenderBlock {SPAN} at (0,8) size 367x0 [color=#FFFFFF] [bgcolor=#000000]
layer at (8,972) size 760x495
  RenderBlock {DIV} at (0,955) size 760x497 [border: (5px solid #800000)]
    RenderBlock (anonymous multi-column span) at (5,177) size 750x70 [color=#FFFFFF]
      RenderBlock {H2} at (0,19) size 750x31 [color=#000000] [bgcolor=#EEEEEE]
        RenderText {#text} at (0,1) size 277x28
          text run at (0,1) width 277: "This is a spanning element."
layer at (13,977) size 750x172
  RenderBlock (anonymous multi-column) at (5,5) size 750x172
    RenderBlock {P} at (0,16) size 367x236
      RenderText {#text} at (0,0) size 367x235
        text run at (0,0) width 364: "Lorem ipsum dolor sit amet, consectetuer adipiscing elit."
        text run at (0,20) width 362: "Nulla varius enim ac mi. Curabitur sollicitudin felis quis"
        text run at (0,40) width 332: "lectus. Quisque adipiscing rhoncus sem. Proin nulla"
        text run at (0,60) width 367: "purus, vulputate vel, varius ut, euismod et, nisi. Sed vitae"
        text run at (0,80) width 354: "felis vel orci sagittis aliquam. Cras convallis adipiscing"
        text run at (0,100) width 347: "sem. Nam nonummy enim. Nullam bibendum lobortis"
        text run at (0,120) width 353: "neque. Vestibulum velit orci, tempus euismod, pretium"
        text run at (0,156) width 353: "quis, interdum vitae, nulla. Phasellus eget ante et tortor"
        text run at (0,176) width 351: "condimentum vestibulum. Suspendisse hendrerit quam"
        text run at (0,196) width 333: "nec felis. Sed varius turpis vitae pede. Lorem ipsum"
        text run at (0,216) width 275: "dolor sit amet, consectetuer adipiscing elit."
    RenderBlock {SPAN} at (0,268) size 367x40 [color=#FFFFFF] [bgcolor=#000000]
      RenderText {#text} at (0,0) size 364x39
        text run at (0,0) width 364: "Lorem ipsum dolor sit amet, consectetuer adipiscing elit."
        text run at (0,20) width 158: "Nulla varius enim ac mi."
layer at (13,1218) size 750x244
  RenderBlock (anonymous multi-column) at (5,246) size 750x245
    RenderBlock {SPAN} at (0,16) size 367x212 [color=#FFFFFF] [bgcolor=#000000]
      RenderBlock {P} at (0,0) size 367x220
        RenderText {#text} at (0,0) size 367x219
          text run at (0,0) width 364: "Lorem ipsum dolor sit amet, consectetuer adipiscing elit."
          text run at (0,20) width 362: "Nulla varius enim ac mi. Curabitur sollicitudin felis quis"
          text run at (0,40) width 332: "lectus. Quisque adipiscing rhoncus sem. Proin nulla"
          text run at (0,60) width 367: "purus, vulputate vel, varius ut, euismod et, nisi. Sed vitae"
          text run at (0,80) width 354: "felis vel orci sagittis aliquam. Cras convallis adipiscing"
          text run at (0,100) width 347: "sem. Nam nonummy enim. Nullam bibendum lobortis"
          text run at (0,120) width 353: "neque. Vestibulum velit orci, tempus euismod, pretium"
          text run at (0,140) width 353: "quis, interdum vitae, nulla. Phasellus eget ante et tortor"
          text run at (0,160) width 351: "condimentum vestibulum. Suspendisse hendrerit quam"
          text run at (0,180) width 333: "nec felis. Sed varius turpis vitae pede. Lorem ipsum"
          text run at (0,200) width 275: "dolor sit amet, consectetuer adipiscing elit."
      RenderBlock (anonymous) at (0,228) size 367x0
        RenderText {#text} at (0,0) size 0x0
    RenderBlock (anonymous) at (0,244) size 367x220
      RenderText {#text} at (0,0) size 367x219
        text run at (0,0) width 364: "Lorem ipsum dolor sit amet, consectetuer adipiscing elit."
        text run at (0,20) width 362: "Nulla varius enim ac mi. Curabitur sollicitudin felis quis"
        text run at (0,40) width 332: "lectus. Quisque adipiscing rhoncus sem. Proin nulla"
        text run at (0,60) width 367: "purus, vulputate vel, varius ut, euismod et, nisi. Sed vitae"
        text run at (0,80) width 354: "felis vel orci sagittis aliquam. Cras convallis adipiscing"
        text run at (0,100) width 347: "sem. Nam nonummy enim. Nullam bibendum lobortis"
        text run at (0,120) width 353: "neque. Vestibulum velit orci, tempus euismod, pretium"
        text run at (0,140) width 353: "quis, interdum vitae, nulla. Phasellus eget ante et tortor"
        text run at (0,160) width 351: "condimentum vestibulum. Suspendisse hendrerit quam"
        text run at (0,180) width 333: "nec felis. Sed varius turpis vitae pede. Lorem ipsum"
        text run at (0,200) width 275: "dolor sit amet, consectetuer adipiscing elit."
    RenderBlock {P} at (0,480) size 367x0
