layer at (0,0) size 800x2406
  RenderView at (0,0) size 800x600
layer at (0,0) size 800x2406
  RenderBlock {HTML} at (0,0) size 800x2406
    RenderBody {BODY} at (8,16) size 784x2374
layer at (8,16) size 760x370
  RenderBlock {DIV} at (0,0) size 760x370 [border: (5px solid #800000)]
    RenderText {#text} at (5,5) size 367x699
      text run at (5,5) width 364: "Lorem ipsum dolor sit amet, consectetuer adipiscing elit."
      text run at (5,25) width 362: "Nulla varius enim ac mi. Curabitur sollicitudin felis quis"
      text run at (5,45) width 332: "lectus. Quisque adipiscing rhoncus sem. Proin nulla"
      text run at (5,65) width 367: "purus, vulputate vel, varius ut, euismod et, nisi. Sed vitae"
      text run at (5,85) width 354: "felis vel orci sagittis aliquam. Cras convallis adipiscing"
      text run at (5,105) width 347: "sem. Nam nonummy enim. Nullam bibendum lobortis"
      text run at (5,125) width 353: "neque. Vestibulum velit orci, tempus euismod, pretium"
      text run at (5,145) width 353: "quis, interdum vitae, nulla. Phasellus eget ante et tortor"
      text run at (5,165) width 351: "condimentum vestibulum. Suspendisse hendrerit quam"
      text run at (5,185) width 333: "nec felis. Sed varius turpis vitae pede. Lorem ipsum"
      text run at (5,205) width 279: "dolor sit amet, consectetuer adipiscing elit. "
      text run at (283,205) width 86: "Lorem ipsum"
      text run at (5,225) width 357: "dolor sit amet, consectetuer adipiscing elit. Nulla varius"
      text run at (5,245) width 324: "enim ac mi. Curabitur sollicitudin felis quis lectus."
      text run at (5,265) width 330: "Quisque adipiscing rhoncus sem. Proin nulla purus,"
      text run at (5,285) width 355: "vulputate vel, varius ut, euismod et, nisi. Sed vitae felis"
      text run at (5,305) width 356: "vel orci sagittis aliquam. Cras convallis adipiscing sem."
      text run at (5,325) width 360: "Nam nonummy enim. Nullam bibendum lobortis neque."
      text run at (5,345) width 341: "Vestibulum velit orci, tempus euismod, pretium quis,"
      text run at (5,365) width 318: "interdum vitae, nulla. Phasellus eget ante et tortor"
      text run at (5,385) width 351: "condimentum vestibulum. Suspendisse hendrerit quam"
      text run at (5,405) width 333: "nec felis. Sed varius turpis vitae pede. Lorem ipsum"
      text run at (5,425) width 279: "dolor sit amet, consectetuer adipiscing elit. "
      text run at (283,425) width 86: "Lorem ipsum"
      text run at (5,445) width 357: "dolor sit amet, consectetuer adipiscing elit. Nulla varius"
      text run at (5,465) width 324: "enim ac mi. Curabitur sollicitudin felis quis lectus."
      text run at (5,485) width 330: "Quisque adipiscing rhoncus sem. Proin nulla purus,"
      text run at (5,505) width 355: "vulputate vel, varius ut, euismod et, nisi. Sed vitae felis"
      text run at (5,525) width 356: "vel orci sagittis aliquam. Cras convallis adipiscing sem."
      text run at (5,545) width 360: "Nam nonummy enim. Nullam bibendum lobortis neque."
      text run at (5,565) width 341: "Vestibulum velit orci, tempus euismod, pretium quis,"
      text run at (5,585) width 318: "interdum vitae, nulla. Phasellus eget ante et tortor"
      text run at (5,605) width 351: "condimentum vestibulum. Suspendisse hendrerit quam"
      text run at (5,625) width 333: "nec felis. Sed varius turpis vitae pede. Lorem ipsum"
      text run at (5,645) width 279: "dolor sit amet, consectetuer adipiscing elit. "
      text run at (283,645) width 86: "Lorem ipsum"
      text run at (5,665) width 357: "dolor sit amet, consectetuer adipiscing elit. Nulla varius"
      text run at (5,685) width 76: "enim ac mi."
layer at (8,402) size 760x370
  RenderBlock {DIV} at (0,386) size 760x370 [border: (5px solid #800000)]
    RenderText {#text} at (5,5) size 367x699
      text run at (5,5) width 364: "Lorem ipsum dolor sit amet, consectetuer adipiscing elit."
      text run at (5,25) width 362: "Nulla varius enim ac mi. Curabitur sollicitudin felis quis"
      text run at (5,45) width 332: "lectus. Quisque adipiscing rhoncus sem. Proin nulla"
      text run at (5,65) width 367: "purus, vulputate vel, varius ut, euismod et, nisi. Sed vitae"
      text run at (5,85) width 354: "felis vel orci sagittis aliquam. Cras convallis adipiscing"
      text run at (5,105) width 347: "sem. Nam nonummy enim. Nullam bibendum lobortis"
      text run at (5,125) width 353: "neque. Vestibulum velit orci, tempus euismod, pretium"
      text run at (5,145) width 353: "quis, interdum vitae, nulla. Phasellus eget ante et tortor"
      text run at (5,165) width 351: "condimentum vestibulum. Suspendisse hendrerit quam"
      text run at (5,185) width 333: "nec felis. Sed varius turpis vitae pede. Lorem ipsum"
      text run at (5,205) width 279: "dolor sit amet, consectetuer adipiscing elit. "
      text run at (283,205) width 86: "Lorem ipsum"
      text run at (5,225) width 357: "dolor sit amet, consectetuer adipiscing elit. Nulla varius"
      text run at (5,245) width 324: "enim ac mi. Curabitur sollicitudin felis quis lectus."
      text run at (5,265) width 330: "Quisque adipiscing rhoncus sem. Proin nulla purus,"
      text run at (5,285) width 355: "vulputate vel, varius ut, euismod et, nisi. Sed vitae felis"
      text run at (5,305) width 356: "vel orci sagittis aliquam. Cras convallis adipiscing sem."
      text run at (5,325) width 360: "Nam nonummy enim. Nullam bibendum lobortis neque."
      text run at (5,345) width 341: "Vestibulum velit orci, tempus euismod, pretium quis,"
      text run at (5,365) width 318: "interdum vitae, nulla. Phasellus eget ante et tortor"
      text run at (5,385) width 351: "condimentum vestibulum. Suspendisse hendrerit quam"
      text run at (5,405) width 333: "nec felis. Sed varius turpis vitae pede. Lorem ipsum"
      text run at (5,425) width 279: "dolor sit amet, consectetuer adipiscing elit. "
      text run at (283,425) width 86: "Lorem ipsum"
      text run at (5,445) width 357: "dolor sit amet, consectetuer adipiscing elit. Nulla varius"
      text run at (5,465) width 324: "enim ac mi. Curabitur sollicitudin felis quis lectus."
      text run at (5,485) width 330: "Quisque adipiscing rhoncus sem. Proin nulla purus,"
      text run at (5,505) width 355: "vulputate vel, varius ut, euismod et, nisi. Sed vitae felis"
      text run at (5,525) width 356: "vel orci sagittis aliquam. Cras convallis adipiscing sem."
      text run at (5,545) width 360: "Nam nonummy enim. Nullam bibendum lobortis neque."
      text run at (5,565) width 341: "Vestibulum velit orci, tempus euismod, pretium quis,"
      text run at (5,585) width 318: "interdum vitae, nulla. Phasellus eget ante et tortor"
      text run at (5,605) width 351: "condimentum vestibulum. Suspendisse hendrerit quam"
      text run at (5,625) width 333: "nec felis. Sed varius turpis vitae pede. Lorem ipsum"
      text run at (5,645) width 279: "dolor sit amet, consectetuer adipiscing elit. "
      text run at (283,645) width 86: "Lorem ipsum"
      text run at (5,665) width 357: "dolor sit amet, consectetuer adipiscing elit. Nulla varius"
      text run at (5,685) width 76: "enim ac mi."
layer at (8,788) size 760x386
  RenderBlock {DIV} at (0,772) size 760x386 [border: (5px solid #800000)]
    RenderBlock {P} at (5,21) size 367x260
      RenderText {#text} at (0,0) size 367x259
        text run at (0,0) width 364: "Lorem ipsum dolor sit amet, consectetuer adipiscing elit."
        text run at (0,20) width 362: "Nulla varius enim ac mi. Curabitur sollicitudin felis quis"
        text run at (0,40) width 332: "lectus. Quisque adipiscing rhoncus sem. Proin nulla"
        text run at (0,60) width 367: "purus, vulputate vel, varius ut, euismod et, nisi. Sed vitae"
        text run at (0,80) width 354: "felis vel orci sagittis aliquam. Cras convallis adipiscing"
        text run at (0,100) width 347: "sem. Nam nonummy enim. Nullam bibendum lobortis"
        text run at (0,120) width 353: "neque. Vestibulum velit orci, tempus euismod, pretium"
        text run at (0,140) width 353: "quis, interdum vitae, nulla. Phasellus eget ante et tortor"
        text run at (0,160) width 351: "condimentum vestibulum. Suspendisse hendrerit quam"
        text run at (0,180) width 333: "nec felis. Sed varius turpis vitae pede. Lorem ipsum"
        text run at (0,200) width 279: "dolor sit amet, consectetuer adipiscing elit. "
        text run at (278,200) width 86: "Lorem ipsum"
        text run at (0,220) width 357: "dolor sit amet, consectetuer adipiscing elit. Nulla varius"
        text run at (0,240) width 76: "enim ac mi."
    RenderBlock {P} at (5,297) size 367x444
      RenderText {#text} at (0,0) size 367x443
        text run at (0,0) width 364: "Lorem ipsum dolor sit amet, consectetuer adipiscing elit."
        text run at (0,20) width 362: "Nulla varius enim ac mi. Curabitur sollicitudin felis quis"
        text run at (0,40) width 332: "lectus. Quisque adipiscing rhoncus sem. Proin nulla"
        text run at (0,60) width 367: "purus, vulputate vel, varius ut, euismod et, nisi. Sed vitae"
        text run at (0,84) width 354: "felis vel orci sagittis aliquam. Cras convallis adipiscing"
        text run at (0,104) width 347: "sem. Nam nonummy enim. Nullam bibendum lobortis"
        text run at (0,124) width 353: "neque. Vestibulum velit orci, tempus euismod, pretium"
        text run at (0,144) width 353: "quis, interdum vitae, nulla. Phasellus eget ante et tortor"
        text run at (0,164) width 351: "condimentum vestibulum. Suspendisse hendrerit quam"
        text run at (0,184) width 333: "nec felis. Sed varius turpis vitae pede. Lorem ipsum"
        text run at (0,204) width 279: "dolor sit amet, consectetuer adipiscing elit. "
        text run at (278,204) width 86: "Lorem ipsum"
        text run at (0,224) width 357: "dolor sit amet, consectetuer adipiscing elit. Nulla varius"
        text run at (0,244) width 324: "enim ac mi. Curabitur sollicitudin felis quis lectus."
        text run at (0,264) width 330: "Quisque adipiscing rhoncus sem. Proin nulla purus,"
        text run at (0,284) width 355: "vulputate vel, varius ut, euismod et, nisi. Sed vitae felis"
        text run at (0,304) width 356: "vel orci sagittis aliquam. Cras convallis adipiscing sem."
        text run at (0,324) width 360: "Nam nonummy enim. Nullam bibendum lobortis neque."
        text run at (0,344) width 341: "Vestibulum velit orci, tempus euismod, pretium quis,"
        text run at (0,364) width 318: "interdum vitae, nulla. Phasellus eget ante et tortor"
        text run at (0,384) width 351: "condimentum vestibulum. Suspendisse hendrerit quam"
        text run at (0,404) width 333: "nec felis. Sed varius turpis vitae pede. Lorem ipsum"
        text run at (0,424) width 275: "dolor sit amet, consectetuer adipiscing elit."
layer at (8,1190) size 760x374
  RenderBlock {DIV} at (0,1174) size 760x374 [border: (5px solid #800000)]
    RenderBlock (anonymous) at (5,5) size 367x464
      RenderText {#text} at (0,0) size 367x259
        text run at (0,0) width 364: "Lorem ipsum dolor sit amet, consectetuer adipiscing elit."
        text run at (0,20) width 362: "Nulla varius enim ac mi. Curabitur sollicitudin felis quis"
        text run at (0,40) width 332: "lectus. Quisque adipiscing rhoncus sem. Proin nulla"
        text run at (0,60) width 367: "purus, vulputate vel, varius ut, euismod et, nisi. Sed vitae"
        text run at (0,80) width 354: "felis vel orci sagittis aliquam. Cras convallis adipiscing"
        text run at (0,100) width 347: "sem. Nam nonummy enim. Nullam bibendum lobortis"
        text run at (0,120) width 353: "neque. Vestibulum velit orci, tempus euismod, pretium"
        text run at (0,140) width 353: "quis, interdum vitae, nulla. Phasellus eget ante et tortor"
        text run at (0,160) width 351: "condimentum vestibulum. Suspendisse hendrerit quam"
        text run at (0,180) width 333: "nec felis. Sed varius turpis vitae pede. Lorem ipsum"
        text run at (0,200) width 279: "dolor sit amet, consectetuer adipiscing elit. "
        text run at (278,200) width 86: "Lorem ipsum"
        text run at (0,220) width 357: "dolor sit amet, consectetuer adipiscing elit. Nulla varius"
        text run at (0,240) width 80: "enim ac mi. "
      RenderInline {SPAN} at (0,0) size 43x19
        RenderText {#text} at (79,240) size 43x19
          text run at (79,240) width 43: "Lorem"
      RenderText {#text} at (121,240) size 366x223
        text run at (121,240) width 224: " ipsum dolor sit amet, consectetuer"
        text run at (0,260) width 322: "adipiscing elit. Nulla varius enim ac mi. Curabitur"
        text run at (0,280) width 362: "sollicitudin felis quis lectus. Quisque adipiscing rhoncus"
        text run at (0,300) width 361: "sem. Proin nulla purus, vulputate vel, varius ut, euismod"
        text run at (0,320) width 336: "et, nisi. Sed vitae felis vel orci sagittis aliquam. Cras"
        text run at (0,340) width 358: "convallis adipiscing sem. Nam nonummy enim. Nullam"
        text run at (0,364) width 358: "bibendum lobortis neque. Vestibulum velit orci, tempus"
        text run at (0,384) width 352: "euismod, pretium quis, interdum vitae, nulla. Phasellus"
        text run at (0,404) width 366: "eget ante et tortor condimentum vestibulum. Suspendisse"
        text run at (0,424) width 344: "hendrerit quam nec felis. Sed varius turpis vitae pede."
        text run at (0,444) width 364: "Lorem ipsum dolor sit amet, consectetuer adipiscing elit."
    RenderBlock {P} at (5,485) size 367x220
      RenderText {#text} at (0,0) size 367x219
        text run at (0,0) width 364: "Lorem ipsum dolor sit amet, consectetuer adipiscing elit."
        text run at (0,20) width 362: "Nulla varius enim ac mi. Curabitur sollicitudin felis quis"
        text run at (0,40) width 332: "lectus. Quisque adipiscing rhoncus sem. Proin nulla"
        text run at (0,60) width 367: "purus, vulputate vel, varius ut, euismod et, nisi. Sed vitae"
        text run at (0,80) width 354: "felis vel orci sagittis aliquam. Cras convallis adipiscing"
        text run at (0,100) width 347: "sem. Nam nonummy enim. Nullam bibendum lobortis"
        text run at (0,120) width 353: "neque. Vestibulum velit orci, tempus euismod, pretium"
        text run at (0,140) width 353: "quis, interdum vitae, nulla. Phasellus eget ante et tortor"
        text run at (0,160) width 351: "condimentum vestibulum. Suspendisse hendrerit quam"
        text run at (0,180) width 333: "nec felis. Sed varius turpis vitae pede. Lorem ipsum"
        text run at (0,200) width 275: "dolor sit amet, consectetuer adipiscing elit."
layer at (8,1580) size 760x382
  RenderBlock {DIV} at (0,1564) size 760x382 [border: (5px solid #800000)]
    RenderBlock (anonymous) at (5,5) size 367x220
      RenderInline {SPAN} at (0,0) size 367x219
        RenderText {#text} at (0,0) size 367x219
          text run at (0,0) width 364: "Lorem ipsum dolor sit amet, consectetuer adipiscing elit."
          text run at (0,20) width 362: "Nulla varius enim ac mi. Curabitur sollicitudin felis quis"
          text run at (0,40) width 332: "lectus. Quisque adipiscing rhoncus sem. Proin nulla"
          text run at (0,60) width 367: "purus, vulputate vel, varius ut, euismod et, nisi. Sed vitae"
          text run at (0,80) width 354: "felis vel orci sagittis aliquam. Cras convallis adipiscing"
          text run at (0,100) width 347: "sem. Nam nonummy enim. Nullam bibendum lobortis"
          text run at (0,120) width 353: "neque. Vestibulum velit orci, tempus euismod, pretium"
          text run at (0,140) width 353: "quis, interdum vitae, nulla. Phasellus eget ante et tortor"
          text run at (0,160) width 351: "condimentum vestibulum. Suspendisse hendrerit quam"
          text run at (0,180) width 333: "nec felis. Sed varius turpis vitae pede. Lorem ipsum"
          text run at (0,200) width 275: "dolor sit amet, consectetuer adipiscing elit."
    RenderBlock (anonymous) at (5,225) size 367x40
      RenderBlock {SPAN} at (0,0) size 367x40
        RenderText {#text} at (0,0) size 364x39
          text run at (0,0) width 364: "Lorem ipsum dolor sit amet, consectetuer adipiscing elit."
          text run at (0,20) width 158: "Nulla varius enim ac mi."
    RenderBlock (anonymous) at (5,265) size 367x232
      RenderInline {SPAN} at (0,0) size 43x19
        RenderText {#text} at (0,0) size 43x19
          text run at (0,0) width 43: "Lorem"
      RenderText {#text} at (42,0) size 367x231
        text run at (42,0) width 322: " ipsum dolor sit amet, consectetuer adipiscing elit."
        text run at (0,20) width 362: "Nulla varius enim ac mi. Curabitur sollicitudin felis quis"
        text run at (0,40) width 332: "lectus. Quisque adipiscing rhoncus sem. Proin nulla"
        text run at (0,60) width 367: "purus, vulputate vel, varius ut, euismod et, nisi. Sed vitae"
        text run at (0,80) width 354: "felis vel orci sagittis aliquam. Cras convallis adipiscing"
        text run at (0,112) width 347: "sem. Nam nonummy enim. Nullam bibendum lobortis"
        text run at (0,132) width 353: "neque. Vestibulum velit orci, tempus euismod, pretium"
        text run at (0,152) width 353: "quis, interdum vitae, nulla. Phasellus eget ante et tortor"
        text run at (0,172) width 351: "condimentum vestibulum. Suspendisse hendrerit quam"
        text run at (0,192) width 333: "nec felis. Sed varius turpis vitae pede. Lorem ipsum"
        text run at (0,212) width 275: "dolor sit amet, consectetuer adipiscing elit."
    RenderBlock {P} at (5,513) size 367x220
      RenderText {#text} at (0,0) size 367x219
        text run at (0,0) width 364: "Lorem ipsum dolor sit amet, consectetuer adipiscing elit."
        text run at (0,20) width 362: "Nulla varius enim ac mi. Curabitur sollicitudin felis quis"
        text run at (0,40) width 332: "lectus. Quisque adipiscing rhoncus sem. Proin nulla"
        text run at (0,60) width 367: "purus, vulputate vel, varius ut, euismod et, nisi. Sed vitae"
        text run at (0,80) width 354: "felis vel orci sagittis aliquam. Cras convallis adipiscing"
        text run at (0,100) width 347: "sem. Nam nonummy enim. Nullam bibendum lobortis"
        text run at (0,120) width 353: "neque. Vestibulum velit orci, tempus euismod, pretium"
        text run at (0,140) width 353: "quis, interdum vitae, nulla. Phasellus eget ante et tortor"
        text run at (0,160) width 351: "condimentum vestibulum. Suspendisse hendrerit quam"
        text run at (0,180) width 333: "nec felis. Sed varius turpis vitae pede. Lorem ipsum"
        text run at (0,200) width 275: "dolor sit amet, consectetuer adipiscing elit."
layer at (8,1978) size 760x412
  RenderBlock {DIV} at (0,1962) size 760x412 [border: (5px solid #800000)]
    RenderBlock {P} at (5,21) size 367x220
      RenderText {#text} at (0,0) size 367x219
        text run at (0,0) width 364: "Lorem ipsum dolor sit amet, consectetuer adipiscing elit."
        text run at (0,20) width 362: "Nulla varius enim ac mi. Curabitur sollicitudin felis quis"
        text run at (0,40) width 332: "lectus. Quisque adipiscing rhoncus sem. Proin nulla"
        text run at (0,60) width 367: "purus, vulputate vel, varius ut, euismod et, nisi. Sed vitae"
        text run at (0,80) width 354: "felis vel orci sagittis aliquam. Cras convallis adipiscing"
        text run at (0,100) width 347: "sem. Nam nonummy enim. Nullam bibendum lobortis"
        text run at (0,120) width 353: "neque. Vestibulum velit orci, tempus euismod, pretium"
        text run at (0,140) width 353: "quis, interdum vitae, nulla. Phasellus eget ante et tortor"
        text run at (0,160) width 351: "condimentum vestibulum. Suspendisse hendrerit quam"
        text run at (0,180) width 333: "nec felis. Sed varius turpis vitae pede. Lorem ipsum"
        text run at (0,200) width 275: "dolor sit amet, consectetuer adipiscing elit."
    RenderBlock {P} at (5,257) size 367x40
      RenderText {#text} at (0,0) size 364x39
        text run at (0,0) width 364: "Lorem ipsum dolor sit amet, consectetuer adipiscing elit."
        text run at (0,20) width 158: "Nulla varius enim ac mi."
    RenderBlock {P} at (5,313) size 367x234
      RenderText {#text} at (0,0) size 367x233
        text run at (0,0) width 364: "Lorem ipsum dolor sit amet, consectetuer adipiscing elit."
        text run at (0,20) width 362: "Nulla varius enim ac mi. Curabitur sollicitudin felis quis"
        text run at (0,40) width 332: "lectus. Quisque adipiscing rhoncus sem. Proin nulla"
        text run at (0,60) width 367: "purus, vulputate vel, varius ut, euismod et, nisi. Sed vitae"
        text run at (0,94) width 354: "felis vel orci sagittis aliquam. Cras convallis adipiscing"
        text run at (0,114) width 347: "sem. Nam nonummy enim. Nullam bibendum lobortis"
        text run at (0,134) width 353: "neque. Vestibulum velit orci, tempus euismod, pretium"
        text run at (0,154) width 353: "quis, interdum vitae, nulla. Phasellus eget ante et tortor"
        text run at (0,174) width 351: "condimentum vestibulum. Suspendisse hendrerit quam"
        text run at (0,194) width 333: "nec felis. Sed varius turpis vitae pede. Lorem ipsum"
        text run at (0,214) width 275: "dolor sit amet, consectetuer adipiscing elit."
    RenderBlock (anonymous) at (5,563) size 367x20
      RenderInline {SPAN} at (0,0) size 364x19
        RenderText {#text} at (0,0) size 364x19
          text run at (0,0) width 364: "Lorem ipsum dolor sit amet, consectetuer adipiscing elit."
    RenderBlock (anonymous) at (5,583) size 367x20
      RenderBlock {SPAN} at (0,0) size 367x20
        RenderText {#text} at (0,0) size 158x19
          text run at (0,0) width 158: "Nulla varius enim ac mi."
    RenderBlock (anonymous) at (5,603) size 367x200
      RenderInline {SPAN} at (0,0) size 367x199
        RenderText {#text} at (0,0) size 367x199
          text run at (0,0) width 303: "Curabitur sollicitudin felis quis lectus. Quisque"
          text run at (0,20) width 364: "adipiscing rhoncus sem. Proin nulla purus, vulputate vel,"
          text run at (0,40) width 365: "varius ut, euismod et, nisi. Sed vitae felis vel orci sagittis"
          text run at (0,60) width 359: "aliquam. Cras convallis adipiscing sem. Nam nonummy"
          text run at (0,80) width 367: "enim. Nullam bibendum lobortis neque. Vestibulum velit"
          text run at (0,100) width 331: "orci, tempus euismod, pretium quis, interdum vitae,"
          text run at (0,120) width 309: "nulla. Phasellus eget ante et tortor condimentum"
          text run at (0,140) width 349: "vestibulum. Suspendisse hendrerit quam nec felis. Sed"
          text run at (0,160) width 339: "varius turpis vitae pede. Lorem ipsum dolor sit amet,"
          text run at (0,180) width 179: "consectetuer adipiscing elit."
      RenderText {#text} at (0,0) size 0x0
