layer at (0,0) size 800x600
  RenderView at (0,0) size 800x600
layer at (0,0) size 800x215
  RenderBlock {HTML} at (0,0) size 800x215
    RenderBody {BODY} at (8,16) size 784x191
      RenderBlock {P} at (0,0) size 784x20
        RenderText {#text} at (0,0) size 444x19
          text run at (0,0) width 444: "The look of the controls should not change when styled under strict mode."
      RenderBlock (anonymous) at (0,36) size 784x155
        RenderText {#text} at (200,135) size 4x19
          text run at (200,135) width 4: " "
        RenderText {#text} at (0,0) size 0x0
layer at (8,52) size 200x150
  RenderVideo {VIDEO} at (0,0) size 200x150 [color=#FF0000]
layer at (8,52) size 200x150
  RenderFlexibleBox {DIV} at (0,0) size 200x150
layer at (8,157) size 200x45
  RenderFlexibleBox {DIV} at (0,105) size 200x45
layer at (8,157) size 200x45
  RenderBlock (positioned) {DIV} at (0,0) size 200x45
layer at (8,157) size 200x45
  RenderBlock (positioned) {DIV} at (0,0) size 200x45 [bgcolor=#1E1E1E73]
layer at (8,157) size 200x45
  RenderBlock (positioned) {DIV} at (0,0) size 200x45 [bgcolor=#292929]
layer at (16,182) size 12x15
  RenderButton {BUTTON} at (8,25) size 12x15 [color=#FFFFFF]
layer at (44,182) size 16x15
  RenderButton {BUTTON} at (36,24) size 16x16 [color=#FFFFFF]
layer at (154,177) size 14x25
  RenderFlexibleBox {DIV} at (146,20) size 14x25
layer at (154,182) size 14x15
  RenderButton {BUTTON} at (0,5) size 14x15 [color=#FFFFFF]
layer at (184,182) size 16x15
  RenderButton {BUTTON} at (176,25) size 16x15 [color=#FFFFFF]
layer at (212,52) size 200x150
  RenderVideo {VIDEO} at (204,0) size 200x150
layer at (212,52) size 200x150
  RenderFlexibleBox {DIV} at (0,0) size 200x150
layer at (212,157) size 200x45
  RenderFlexibleBox {DIV} at (0,105) size 200x45
layer at (212,157) size 200x45
  RenderBlock (positioned) {DIV} at (0,0) size 200x45
layer at (212,157) size 200x45
  RenderBlock (positioned) {DIV} at (0,0) size 200x45 [bgcolor=#1E1E1E73]
layer at (212,157) size 200x45
  RenderBlock (positioned) {DIV} at (0,0) size 200x45 [bgcolor=#292929]
layer at (220,182) size 12x15
  RenderButton {BUTTON} at (8,25) size 12x15 [color=#FFFFFF]
layer at (248,182) size 16x15
  RenderButton {BUTTON} at (36,24) size 16x16 [color=#FFFFFF]
layer at (358,177) size 14x25
  RenderFlexibleBox {DIV} at (146,20) size 14x25
layer at (358,182) size 14x15
  RenderButton {BUTTON} at (0,5) size 14x15 [color=#FFFFFF]
layer at (388,182) size 16x15
  RenderButton {BUTTON} at (176,25) size 16x15 [color=#FFFFFF]
