layer at (0,0) size 800x600
  RenderView at (0,0) size 800x600
layer at (0,0) size 800x600
  RenderBlock {HTML} at (0,0) size 800x600
    RenderBody {BODY} at (8,8) size 784x584
      RenderText {#text} at (0,0) size 471x19
        text run at (0,0) width 471: "This tests that toggling the display property won't make the controls disappear."
      RenderBR {BR} at (471,15) size 0x0
      RenderText {#text} at (0,0) size 0x0
layer at (8,28) size 320x240
  RenderVideo {VIDEO} at (0,20) size 320x240
layer at (8,28) size 320x240
  RenderFlexibleBox {DIV} at (0,0) size 320x240
layer at (8,223) size 320x45
  RenderFlexibleBox {DIV} at (0,195) size 320x45
layer at (8,223) size 320x45
  RenderBlock (positioned) {DIV} at (0,0) size 320x45
layer at (8,223) size 320x45
  RenderBlock (positioned) {DIV} at (0,0) size 320x45 [bgcolor=#1E1E1E73]
layer at (8,223) size 320x45
  RenderBlock (positioned) {DIV} at (0,0) size 320x45 [bgcolor=#292929]
layer at (16,248) size 12x15
  RenderButton {BUTTON} at (8,25) size 12x15 [color=#FFFFFF]
layer at (44,248) size 16x15
  RenderButton {BUTTON} at (36,24) size 16x16 [color=#FFFFFF]
layer at (68,247) size 198x17
  RenderFlexibleBox {DIV} at (60,24) size 198x17
layer at (76,248) size 32x14
  RenderFlexibleBox {DIV} at (8,1) size 32x15 [color=#FFFFFF]
    RenderBlock (anonymous) at (5,0) size 27x14
      RenderText {#text} at (0,0) size 27x14
        text run at (0,0) width 27: "00:00"
layer at (118,247) size 93x17
  RenderFlexibleBox {DIV} at (50,0) size 93x17
    RenderSlider {INPUT} at (0,0) size 93x17 [color=#C4C4C4]
      RenderFlexibleBox {DIV} at (0,0) size 93x17
        RenderBlock {DIV} at (0,1) size 93x15
          RenderBlock {DIV} at (0,0) size 4x15
layer at (221,248) size 37x14
  RenderFlexibleBox {DIV} at (153,1) size 37x15 [color=#FFFFFF]
    RenderBlock (anonymous) at (0,0) size 31x14
      RenderText {#text} at (0,0) size 31x14
        text run at (0,0) width 31: "-00:06"
layer at (274,243) size 14x25
  RenderFlexibleBox {DIV} at (266,20) size 14x25
layer at (274,248) size 14x15
  RenderButton {BUTTON} at (0,5) size 14x15 [color=#FFFFFF]
layer at (304,248) size 16x15
  RenderButton {BUTTON} at (296,25) size 16x15 [color=#FFFFFF]
