layer at (0,0) size 800x600
  RenderView at (0,0) size 800x600
layer at (0,0) size 800x148
  RenderBlock {test} at (0,0) size 800x148
    RenderBlock {div} at (0,16) size 800x116
      RenderBlock {div} at (0,0) size 800x116 [color=#008000]
        RenderBlock {p} at (0,0) size 800x17
          RenderText {#text} at (0,0) size 163x17
            text run at (0,0) width 163: "This line should be green."
        RenderBlock {p} at (0,33) size 800x17
          RenderText {#text} at (0,0) size 163x17
            text run at (0,0) width 163: "This line should be green."
        RenderBlock {p} at (0,66) size 800x17
          RenderInline {SPAN} at (0,0) size 163x17
            RenderText {#text} at (0,0) size 163x17
              text run at (0,0) width 163: "This line should be green."
        RenderBlock {p} at (0,99) size 800x17 [color=#FF0000]
          RenderInline {SPAN} at (0,0) size 163x17 [color=#008000]
            RenderText {#text} at (0,0) size 163x17
              text run at (0,0) width 163: "This line should be green."
