layer at (0,0) size 800x600
  RenderView at (0,0) size 800x600
layer at (0,0) size 800x115
  RenderBlock {test} at (0,0) size 800x115
    RenderBlock {div} at (0,16) size 800x83
      RenderBlock {p} at (0,0) size 800x17
        RenderText {#text} at (0,0) size 302x17
          text run at (0,0) width 302: "This paragraph should have normal background"
      RenderBlock {address} at (0,33) size 800x17 [bgcolor=#00FF00]
        RenderText {#text} at (0,0) size 301x17
          text run at (0,0) width 301: "But this address should have green background"
      RenderBlock {p} at (0,66) size 800x17
        RenderText {#text} at (0,0) size 302x17
          text run at (0,0) width 302: "This paragraph should have normal background"
