layer at (0,0) size 800x600
  RenderView at (0,0) size 800x600
layer at (0,0) size 800x99
  RenderBlock {test} at (0,0) size 800x99
    RenderBlock {div} at (0,0) size 800x83
      RenderBlock {address} at (0,0) size 800x17 [color=#008000]
        RenderText {#text} at (0,0) size 276x17
          text run at (0,0) width 276: "This address should be in green characters."
      RenderBlock {s} at (0,33) size 800x17 [color=#008000]
        RenderText {#text} at (0,0) size 286x17
          text run at (0,0) width 286: "This paragraph should be in green characters."
      RenderBlock {u} at (0,66) size 800x17 [color=#008000]
        RenderText {#text} at (0,0) size 286x17
          text run at (0,0) width 286: "This paragraph should be in green characters."
