layer at (0,0) size 800x600
  RenderView at (0,0) size 800x600
layer at (0,0) size 800x181
  RenderBlock {test} at (0,0) size 800x181
    RenderBlock {div} at (0,16) size 800x149
      RenderBlock {p} at (0,0) size 800x17
        RenderText {#text} at (0,0) size 221x17
          text run at (0,0) width 221: "This paragraph should be unstyled."
      RenderBlock {p} at (0,33) size 800x17 [bgcolor=#00FF00]
        RenderText {#text} at (0,0) size 289x17
          text run at (0,0) width 289: "But this one should have a green background."
      RenderBlock {p} at (0,66) size 800x17 [bgcolor=#00FF00]
        RenderText {#text} at (0,0) size 323x17
          text run at (0,0) width 323: "And this one should also have a green background."
      RenderBlock {address} at (0,99) size 800x17
        RenderText {#text} at (0,0) size 435x17
          text run at (0,0) width 435: "This address is only here to fill some space between two paragraphs."
      RenderBlock {p} at (0,132) size 800x17
        RenderText {#text} at (0,0) size 221x17
          text run at (0,0) width 221: "This paragraph should be unstyled."
