layer at (0,0) size 800x600
  RenderView at (0,0) size 800x600
layer at (0,0) size 800x117
  RenderBlock {test} at (0,0) size 800x117
    RenderBlock {p} at (0,16) size 800x85
      RenderText {#text} at (0,0) size 800x85
        text run at (0,0) width 254: "This very long paragraph should have a "
        text run at (254,0) width 491: "first line with green background. This very long paragraph should have a first "
        text run at (745,0) width 55: "line with"
        text run at (0,17) width 122: "green background. "
        text run at (122,17) width 309: "This very long paragraph should have a first line "
        text run at (431,17) width 359: "with green background. This very long paragraph should"
        text run at (0,34) width 132: "have a first line with "
        text run at (132,34) width 502: "green background. This very long paragraph should have a first line with green "
        text run at (634,34) width 143: "background. This very"
        text run at (0,51) width 399: "long paragraph should have a first line with green background. "
        text run at (399,51) width 376: "This very long paragraph should have a first line with green"
        text run at (0,68) width 79: "background."
