CONSOLE MESSAGE: line 9: TypeError: document.getElementsByTagNameNS('http://www.w3.org/1999/xhtml', 'div')[0].setIdAttribute is not a function. (In 'document.getElementsByTagNameNS('http://www.w3.org/1999/xhtml', 'div')[0].setIdAttribute('title', true)', 'document.getElementsByTagNameNS('http://www.w3.org/1999/xhtml', 'div')[0].setIdAttribute' is undefined)
layer at (0,0) size 800x600
  RenderView at (0,0) size 800x600
layer at (0,0) size 800x181
  RenderBlock {test} at (0,0) size 800x181
    RenderBlock {p} at (0,16) size 800x17 [color=#000080]
      RenderText {#text} at (0,0) size 508x17
        text run at (0,0) width 508: "This test requires support for two or more of XHTML, xml:id, and DOM3 Core."
    RenderBlock {div} at (0,49) size 800x17 [color=#FF0000]
      RenderText {#text} at (0,0) size 163x17
        text run at (0,0) width 163: "This line should be green."
    RenderBlock {p} at (0,82) size 800x17 [color=#008000]
      RenderText {#text} at (0,0) size 163x17
        text run at (0,0) width 163: "This line should be green."
    RenderBlock {p} at (0,115) size 800x17 [color=#008000]
      RenderText {#text} at (0,0) size 163x17
        text run at (0,0) width 163: "This line should be green."
    RenderBlock {p} at (0,148) size 800x17 [color=#008000]
      RenderText {#text} at (0,0) size 163x17
        text run at (0,0) width 163: "This line should be green."
