layer at (0,0) size 800x600
  RenderView at (0,0) size 800x600
layer at (0,0) size 800x600
  RenderBlock {HTML} at (0,0) size 800x600
    RenderBody {BODY} at (8,8) size 784x576
      RenderBlock {P} at (0,0) size 784x36
        RenderText {#text} at (0,0) size 772x36
          text run at (0,0) width 431: "Test that search field text is vertically centered if the search field is "
          text run at (430,0) width 342: "taller than the text. In each of the following pairs of a"
          text run at (0,18) width 105: "search field and "
          text run at (104,18) width 366: "a text field, the vertical position of the text should be the "
          text run at (469,18) width 125: "same in both fields."
      RenderBlock {P} at (0,52) size 784x45
        RenderTextControl {INPUT} at (2,0) size 167x45 [bgcolor=#FFFFFF] [border: (2px inset #000000)]
          RenderFlexibleBox {DIV} at (3,3) size 161x39
            RenderBlock {DIV} at (0,14) size 17x11
            RenderBlock {DIV} at (17,13) size 131x13
            RenderBlock {DIV} at (147,14) size 14x11
        RenderText {#text} at (170,13) size 5x18
          text run at (170,13) width 5: " "
        RenderTextControl {INPUT} at (176,0) size 137x45 [bgcolor=#FFFFFF] [border: (2px inset #000000)]
        RenderText {#text} at (0,0) size 0x0
      RenderBlock {P} at (0,113) size 784x18
        RenderTextControl {INPUT} at (2,2) size 167x16 [bgcolor=#FFFFFF] [border: (2px inset #000000)]
          RenderFlexibleBox {DIV} at (3,1) size 161x13
            RenderBlock {DIV} at (0,1) size 17x11
            RenderBlock {DIV} at (17,0) size 131x13
            RenderBlock {DIV} at (147,1) size 14x11
        RenderText {#text} at (170,0) size 5x18
          text run at (170,0) width 5: " "
        RenderTextControl {INPUT} at (176,2) size 137x16 [bgcolor=#FFFFFF] [border: (2px inset #000000)]
        RenderText {#text} at (0,0) size 0x0
      RenderBlock {P} at (0,147) size 784x18
        RenderTextControl {INPUT} at (2,5) size 167x12 [bgcolor=#FFFFFF] [border: (2px inset #000000)]
          RenderFlexibleBox {DIV} at (3,0) size 161x12
            RenderBlock {DIV} at (0,0) size 17x12
            RenderBlock {DIV} at (17,3) size 131x6
            RenderBlock {DIV} at (147,0) size 14x12
        RenderText {#text} at (170,0) size 5x18
          text run at (170,0) width 5: " "
        RenderTextControl {INPUT} at (176,5) size 137x12 [bgcolor=#FFFFFF] [border: (2px inset #000000)]
        RenderText {#text} at (0,0) size 0x0
layer at (30,76) size 130x13
  RenderBlock {DIV} at (0,0) size 131x13
    RenderText {#text} at (0,0) size 22x13
      text run at (0,0) width 22: "Text"
layer at (187,76) size 130x13
  RenderBlock {DIV} at (3,16) size 131x13
    RenderText {#text} at (0,0) size 22x13
      text run at (0,0) width 22: "Text"
layer at (30,124) size 130x13
  RenderBlock {DIV} at (0,0) size 131x13
    RenderText {#text} at (0,0) size 22x13
      text run at (0,0) width 22: "Text"
layer at (187,124) size 130x13
  RenderBlock {DIV} at (3,1) size 131x13
    RenderText {#text} at (0,0) size 22x13
      text run at (0,0) width 22: "Text"
layer at (30,163) size 130x6 scrollHeight 13
  RenderBlock {DIV} at (0,0) size 131x6
    RenderText {#text} at (0,0) size 22x13
      text run at (0,0) width 22: "Text"
layer at (187,163) size 130x6 scrollHeight 13
  RenderBlock {DIV} at (3,3) size 131x6
    RenderText {#text} at (0,0) size 22x13
      text run at (0,0) width 22: "Text"
