CONSOLE MESSAGE: line 11: TypeError: null is not an object (evaluating 'window.contextWebGL2.clearColor')
layer at (0,0) size 1763x585
  RenderView at (0,0) size 800x585
layer at (0,0) size 800x78
  RenderBlock {HTML} at (0,0) size 800x78
    RenderBody {BODY} at (8,16) size 784x49
      RenderBlock {P} at (0,0) size 784x18
        RenderText {#text} at (0,0) size 709x18
          text run at (0,0) width 709: "Test that CanvasAgent.requestContent can retrieve a dataURL with the current content of the WebGL2 canvas."
      RenderBlock {PRE} at (0,34) size 784x15
        RenderText {#text} at (0,0) size 1756x15
          text run at (0,0) width 1756: "Uncaught exception in test page: TypeError: null is not an object (evaluating 'window.contextWebGL2.clearColor') [file:///Volumes/Data/mjs/Work/src/Safari/OpenSource/LayoutTests/inspector/canvas/requestContent-webgl2.html:11]"
        RenderBR {BR} at (1755,0) size 1x15
