layer at (0,0) size 800x635
  RenderView at (0,0) size 800x600
layer at (0,0) size 800x600
  RenderBlock {HTML} at (0,0) size 800x600
    RenderBody {BODY} at (8,8) size 784x576
      RenderBlock {P} at (0,0) size 784x20
        RenderText {#text} at (0,0) size 146x19
          text run at (0,0) width 146: "This is to test a fix for "
        RenderInline {A} at (0,0) size 69x19 [color=#0000EE]
          RenderText {#text} at (145,0) size 69x19
            text run at (145,0) width 69: "bug 26660"
        RenderText {#text} at (213,0) size 5x19
          text run at (213,0) width 5: "."
      RenderBlock {P} at (0,584) size 784x0
layer at (8,103) size 252x47
  RenderBlock {DIV} at (0,95) size 252x47 [border: (1px solid #008000)]
    RenderText {#text} at (1,2) size 237x43
      text run at (1,2) width 237: "Straight \x{916}\x{94B}\x{91C}\x{947}\x{902} \x{92C}\x{941}\x{927}\x{935}\x{93E}\x{930} \x{915}\x{940} \x{938}\x{941}\x{92C}\x{939}"
      text run at (1,26) width 224: "\x{939}\x{94B}\x{928}\x{947} \x{935}\x{93E}\x{932}\x{93E} \x{92A}\x{942}\x{930}\x{94D}\x{923} 123 abc"
layer at (8,225) size 252x67
  RenderBlock {DIV} at (0,217) size 252x67 [border: (1px solid #008000)]
    RenderText {#text} at (1,2) size 224x63
      text run at (1,2) width 212: "Now rotated \x{916}\x{94B}\x{91C}\x{947}\x{902} \x{92C}\x{941}\x{927}\x{935}\x{93E}\x{930} \x{915}\x{940}"
      text run at (1,26) width 224: "\x{938}\x{941}\x{92C}\x{939} \x{939}\x{94B}\x{928}\x{947} \x{935}\x{93E}\x{932}\x{93E} \x{92A}\x{942}\x{930}\x{94D}\x{923}"
      text run at (1,46) width 51: "123 abc"
layer at (8,367) size 252x67
  RenderBlock {DIV} at (0,359) size 252x67 [border: (1px solid #008000)]
    RenderText {#text} at (1,2) size 224x63
      text run at (1,2) width 212: "Now rotated \x{916}\x{94B}\x{91C}\x{947}\x{902} \x{92C}\x{941}\x{927}\x{935}\x{93E}\x{930} \x{915}\x{940}"
      text run at (1,26) width 224: "\x{938}\x{941}\x{92C}\x{939} \x{939}\x{94B}\x{928}\x{947} \x{935}\x{93E}\x{932}\x{93E} \x{92A}\x{942}\x{930}\x{94D}\x{923}"
      text run at (1,46) width 51: "123 abc"
layer at (8,509) size 252x67
  RenderBlock {DIV} at (0,501) size 252x67 [border: (1px solid #008000)]
    RenderText {#text} at (1,2) size 224x63
      text run at (1,2) width 117: "Now rotated \x{916}\x{94B}\x{91C}\x{947}\x{902} "
      text run at (117,2) width 96: "\x{92C}\x{941}\x{927}\x{935}\x{93E}\x{930} \x{915}\x{940}"
      text run at (1,26) width 224: "\x{938}\x{941}\x{92C}\x{939} \x{939}\x{94B}\x{928}\x{947} \x{935}\x{93E}\x{932}\x{93E} \x{92A}\x{942}\x{930}\x{94D}\x{923}"
      text run at (1,46) width 51: "123 abc"
