layer at (0,0) size 800x600
  RenderView at (0,0) size 800x600
layer at (0,0) size 800x60
  RenderBlock {HTML} at (0,0) size 800x60
    RenderBody {BODY} at (8,8) size 784x36
      RenderMathMLMath {math} at (0,0) size 784x36 [padding: 0 1 0 1]
        RenderMathMLOperator {mo} at (205,6) size 27x24
          RenderMathMLBlock (anonymous, flex) at (0,0) size 24x16
            RenderBlock (anonymous) at (0,0) size 17x16
              RenderText at (0,-45) size 17x106
                text run at (0,-45) width 17: "\x{2211}"
        RenderMathMLOperator {mo} at (231,0) size 18x36
          RenderMathMLBlock (anonymous, flex) at (0,0) size 16x18
            RenderBlock (anonymous) at (0,0) size 11x18
              RenderText at (0,-44) size 11x106
                text run at (0,-44) width 11: "\x{222B}"
        RenderMathMLOperator {mo} at (248,0) size 23x36
          RenderMathMLBlock (anonymous, flex) at (0,0) size 22x18
            RenderBlock (anonymous) at (0,0) size 17x18
              RenderText at (0,-44) size 17x106
                text run at (0,-44) width 17: "\x{222C}"
        RenderMathMLOperator {mo} at (270,0) size 31x36
          RenderMathMLBlock (anonymous, flex) at (0,0) size 29x18
            RenderBlock (anonymous) at (0,0) size 22x18
              RenderText at (0,-44) size 22x106
                text run at (0,-44) width 22: "\x{222D}"
        RenderMathMLOperator {mo} at (300,0) size 38x36
          RenderMathMLBlock (anonymous, flex) at (0,0) size 36x18
            RenderBlock (anonymous) at (0,0) size 28x18
              RenderText at (0,-44) size 28x106
                text run at (0,-44) width 28: "\x{2A0C}"
        RenderMathMLOperator {mo} at (337,7) size 26x22
          RenderMathMLBlock (anonymous, flex) at (0,0) size 23x16
            RenderBlock (anonymous) at (0,0) size 18x16
              RenderText at (0,-45) size 18x106
                text run at (0,-45) width 18: "\x{2A01}"
        RenderMathMLOperator {mo} at (362,0) size 18x36
          RenderMathMLBlock (anonymous, flex) at (0,0) size 16x18
            RenderBlock (anonymous) at (0,0) size 11x18
              RenderText at (0,-44) size 11x106
                text run at (0,-44) width 11: "\x{222E}"
        RenderMathMLOperator {mo} at (379,0) size 24x36
          RenderMathMLBlock (anonymous, flex) at (0,0) size 22x18
            RenderBlock (anonymous) at (0,0) size 17x18
              RenderText at (0,-44) size 17x106
                text run at (0,-44) width 17: "\x{222F}"
        RenderMathMLOperator {mo} at (402,0) size 30x36
          RenderMathMLBlock (anonymous, flex) at (0,0) size 29x18
            RenderBlock (anonymous) at (0,0) size 22x18
              RenderText at (0,-44) size 22x106
                text run at (0,-44) width 22: "\x{2230}"
        RenderMathMLOperator {mo} at (431,7) size 20x23
          RenderMathMLBlock (anonymous, flex) at (0,0) size 17x17
            RenderBlock (anonymous) at (0,0) size 13x17
              RenderText at (0,-45) size 13x106
                text run at (0,-45) width 13: "\x{22C3}"
        RenderMathMLOperator {mo} at (450,6) size 21x24
          RenderMathMLBlock (anonymous, flex) at (0,0) size 18x18
            RenderBlock (anonymous) at (0,0) size 13x18
              RenderText at (0,-44) size 13x106
                text run at (0,-44) width 13: "\x{22C0}"
        RenderMathMLOperator {mo} at (470,6) size 20x24
          RenderMathMLBlock (anonymous, flex) at (0,0) size 18x18
            RenderBlock (anonymous) at (0,0) size 13x18
              RenderText at (0,-44) size 13x106
                text run at (0,-44) width 13: "\x{22C1}"
        RenderMathMLOperator {mo} at (489,6) size 20x23
          RenderMathMLBlock (anonymous, flex) at (0,0) size 17x17
            RenderBlock (anonymous) at (0,0) size 13x17
              RenderText at (0,-44) size 13x106
                text run at (0,-44) width 13: "\x{22C2}"
        RenderMathMLOperator {mo} at (508,7) size 26x22
          RenderMathMLBlock (anonymous, flex) at (0,0) size 23x16
            RenderBlock (anonymous) at (0,0) size 18x16
              RenderText at (0,-45) size 18x106
                text run at (0,-45) width 18: "\x{2A02}"
        RenderMathMLOperator {mo} at (533,6) size 23x24
          RenderMathMLBlock (anonymous, flex) at (0,0) size 21x16
            RenderBlock (anonymous) at (0,0) size 15x16
              RenderText at (0,-45) size 15x106
                text run at (0,-45) width 15: "\x{220F}"
        RenderMathMLOperator {mo} at (555,6) size 24x24
          RenderMathMLBlock (anonymous, flex) at (0,0) size 21x16
            RenderBlock (anonymous) at (0,0) size 15x16
              RenderText at (0,-45) size 15x106
                text run at (0,-45) width 15: "\x{2210}"
