layer at (0,0) size 800x600
  RenderView at (0,0) size 800x600
layer at (0,0) size 800x157
  RenderBlock {HTML} at (0,0) size 800x157
    RenderBody {BODY} at (8,16) size 784x125
      RenderBlock {P} at (0,0) size 784x25
        RenderMathMLMath {math} at (0,2) size 18x23 [padding: 0 1 0 1]
          RenderMathMLRow {mstyle} at (1,0) size 16x23
            RenderMathMLUnderOver {mover} at (0,0) size 16x23
              RenderMathMLOperator {mo} at (-5,1) size 26x22
                RenderMathMLBlock (anonymous, flex) at (2,0) size 21x4
                  RenderBlock (anonymous) at (0,0) size 1x4
                    RenderText at (0,-3) size 1x0
                      text run at (0,-3) width 1: "\x{219C}"
              RenderMathMLSpace {mspace} at (4,0) size 8x1
        RenderText {#text} at (0,0) size 0x0
      RenderBlock {P} at (0,41) size 784x25
        RenderMathMLMath {math} at (0,2) size 28x23 [padding: 0 1 0 1]
          RenderMathMLRow {mstyle} at (1,0) size 26x23
            RenderMathMLUnderOver {mover} at (0,0) size 26x23
              RenderMathMLOperator {mo} at (-6,1) size 38x22
                RenderMathMLBlock (anonymous, flex) at (2,0) size 32x4
                  RenderBlock (anonymous) at (0,0) size 1x4
                    RenderText at (0,-3) size 1x0
                      text run at (0,-3) width 1: "\x{219C}"
              RenderMathMLSpace {mspace} at (5,0) size 16x1
        RenderText {#text} at (0,0) size 0x0
      RenderBlock {P} at (0,82) size 784x43
        RenderMathMLMath {math} at (0,0) size 158x43 [padding: 0 1 0 1]
          RenderMathMLRow {mstyle} at (1,0) size 156x43
            RenderMathMLUnderOver {mover} at (0,0) size 156x43
              RenderMathMLOperator {mo} at (-3,1) size 162x42
                RenderMathMLBlock (anonymous, flex) at (2,0) size 157x4
                  RenderBlock (anonymous) at (0,0) size 1x4
                    RenderText at (0,-3) size 1x0
                      text run at (0,-3) width 1: "\x{219C}"
              RenderMathMLSpace {mspace} at (2,0) size 151x1
        RenderText {#text} at (0,0) size 0x0
