layer at (0,0) size 800x600
  RenderView at (0,0) size 800x600
layer at (0,0) size 800x128
  RenderBlock {HTML} at (0,0) size 800x128
    RenderBody {BODY} at (8,16) size 784x104
      RenderBlock {P} at (0,0) size 784x20 [bgcolor=#00FF00]
        RenderText {#text} at (0,0) size 252x19
          text run at (0,0) width 252: "This line should have a green background."
      RenderBlock {P} at (0,36) size 784x26 [bgcolor=#00FF00]
        RenderText {#text} at (0,3) size 661x19
          text run at (0,3) width 661: "UAs may render the following element as a pop up menu. If so, please ensure the menu is unstyled (or green). "
        RenderMenuList {SELECT} at (663,2) size 106x22 [border: (1px solid #000000)]
          RenderBlock (anonymous) at (5,3) size 79x16
            RenderText at (0,0) size 69x16
              text run at (0,0) width 69: "This should"
        RenderText {#text} at (0,0) size 0x0
      RenderTable {TABLE} at (0,78) size 404x26 [bgcolor=#00FF00]
        RenderTableSection {TBODY} at (0,0) size 404x26
          RenderTableRow {TR} at (0,2) size 404x22
            RenderTableCell {TD} at (2,2) size 400x22 [r=0 c=0 rs=1 cs=1]
              RenderText {#text} at (1,1) size 398x19
                text run at (1,1) width 398: "This line should have a green background (or it might be unstyled)."
