layer at (0,0) size 800x947
  RenderView at (0,0) size 800x600
layer at (0,0) size 800x947
  RenderBlock {HTML} at (0,0) size 800x947
    RenderBody {BODY} at (8,8) size 784x931 [bgcolor=#CCCCCC]
      RenderBlock {P} at (0,0) size 784x20
        RenderText {#text} at (0,0) size 363x19
          text run at (0,0) width 363: "The style declarations which apply to the text below are:"
      RenderBlock {PRE} at (0,36) size 784x154
        RenderText {#text} at (0,0) size 227x154
          text run at (0,0) width 211: ".one {word-spacing: 0.3in;}"
          text run at (0,14) width 211: ".two {word-spacing: 0.5cm;}"
          text run at (0,28) width 211: ".three {word-spacing: 5mm;}"
          text run at (0,42) width 203: ".four {word-spacing: 3pt;}"
          text run at (0,56) width 227: ".five {word-spacing: 0.25pc;}"
          text run at (0,70) width 196: ".six {word-spacing: 1em;}"
          text run at (0,84) width 211: ".seven {word-spacing: 1ex;}"
          text run at (0,98) width 211: ".eight {word-spacing: 5px;}"
          text run at (0,112) width 227: ".nine {word-spacing: normal;}"
          text run at (0,126) width 219: ".ten {word-spacing: -0.2em;}"
          text run at (0,140) width 0: " "
      RenderBlock {HR} at (0,203) size 784x2 [border: (1px inset #000000)]
      RenderBlock {P} at (0,221) size 784x20
        RenderText {#text} at (0,0) size 716x19
          text run at (0,0) width 716: "This words in this sentence should have extra space between them."
      RenderBlock {P} at (0,257) size 784x20
        RenderText {#text} at (0,0) size 617x19
          text run at (0,0) width 617: "This words in this sentence should have extra space between them."
      RenderBlock {P} at (0,293) size 784x20
        RenderText {#text} at (0,0) size 617x19
          text run at (0,0) width 617: "This words in this sentence should have extra space between them."
      RenderBlock {P} at (0,329) size 784x20
        RenderText {#text} at (0,0) size 468x19
          text run at (0,0) width 468: "This words in this sentence should have extra space between them."
      RenderBlock {P} at (0,365) size 784x20
        RenderText {#text} at (0,0) size 468x19
          text run at (0,0) width 468: "This words in this sentence should have extra space between them."
      RenderBlock {P} at (0,401) size 784x20
        RenderText {#text} at (0,0) size 588x19
          text run at (0,0) width 588: "This words in this sentence should have extra space between them."
      RenderBlock {P} at (0,437) size 784x20
        RenderText {#text} at (0,0) size 500x19
          text run at (0,0) width 500: "This words in this sentence should have extra space between them."
      RenderBlock {P} at (0,473) size 784x40
        RenderText {#text} at (0,0) size 763x19
          text run at (0,0) width 763: "This words in this sentence should have extra space between them, but the last few words in the sentence"
        RenderInline {SPAN} at (0,0) size 180x19
          RenderText {#text} at (0,20) size 180x19
            text run at (0,20) width 180: "should have normal spacing"
        RenderText {#text} at (179,20) size 5x19
          text run at (179,20) width 5: "."
      RenderBlock {P} at (0,529) size 784x20
        RenderText {#text} at (0,0) size 716x19
          text run at (0,0) width 716: "This words in this sentence should have reduced space between them, since negative values are allowed on this property."
      RenderTable {TABLE} at (0,565) size 784x366 [border: (1px outset #808080)]
        RenderTableSection {TBODY} at (1,1) size 782x364
          RenderTableRow {TR} at (0,0) size 782x28
            RenderTableCell {TD} at (0,0) size 783x28 [bgcolor=#C0C0C0] [border: (1px inset #808080)] [r=0 c=0 rs=1 cs=2]
              RenderInline {STRONG} at (0,0) size 161x19
                RenderText {#text} at (4,4) size 161x19
                  text run at (4,4) width 161: "TABLE Testing Section"
          RenderTableRow {TR} at (0,28) size 782x336
            RenderTableCell {TD} at (0,182) size 13x28 [bgcolor=#C0C0C0] [border: (1px inset #808080)] [r=1 c=0 rs=1 cs=1]
              RenderText {#text} at (4,4) size 4x19
                text run at (4,4) width 4: " "
            RenderTableCell {TD} at (12,28) size 771x336 [border: (1px inset #808080)] [r=1 c=1 rs=1 cs=1]
              RenderBlock {P} at (4,4) size 762x20
                RenderText {#text} at (0,0) size 716x19
                  text run at (0,0) width 716: "This words in this sentence should have extra space between them."
              RenderBlock {P} at (4,40) size 762x20
                RenderText {#text} at (0,0) size 617x19
                  text run at (0,0) width 617: "This words in this sentence should have extra space between them."
              RenderBlock {P} at (4,76) size 762x20
                RenderText {#text} at (0,0) size 617x19
                  text run at (0,0) width 617: "This words in this sentence should have extra space between them."
              RenderBlock {P} at (4,112) size 762x20
                RenderText {#text} at (0,0) size 468x19
                  text run at (0,0) width 468: "This words in this sentence should have extra space between them."
              RenderBlock {P} at (4,148) size 762x20
                RenderText {#text} at (0,0) size 468x19
                  text run at (0,0) width 468: "This words in this sentence should have extra space between them."
              RenderBlock {P} at (4,184) size 762x20
                RenderText {#text} at (0,0) size 588x19
                  text run at (0,0) width 588: "This words in this sentence should have extra space between them."
              RenderBlock {P} at (4,220) size 762x20
                RenderText {#text} at (0,0) size 500x19
                  text run at (0,0) width 500: "This words in this sentence should have extra space between them."
              RenderBlock {P} at (4,256) size 762x40
                RenderText {#text} at (0,0) size 699x39
                  text run at (0,0) width 699: "This words in this sentence should have extra space between them, but the last few words in the"
                  text run at (0,20) width 65: "sentence "
                RenderInline {SPAN} at (0,0) size 180x19
                  RenderText {#text} at (64,20) size 180x19
                    text run at (64,20) width 180: "should have normal spacing"
                RenderText {#text} at (243,20) size 5x19
                  text run at (243,20) width 5: "."
              RenderBlock {P} at (4,312) size 762x20
                RenderText {#text} at (0,0) size 716x19
                  text run at (0,0) width 716: "This words in this sentence should have reduced space between them, since negative values are allowed on this property."
