layer at (0,0) size 800x600
  RenderView at (0,0) size 800x600
layer at (0,0) size 800x257
  RenderBlock {HTML} at (0,0) size 800x257
    RenderBody {BODY} at (8,16) size 784x233
      RenderBlock {P} at (0,0) size 784x17
        RenderText {#text} at (0,0) size 667x17
          text run at (0,0) width 667: "You should continue see a full blue circle when part of the element is redrawn (hover to test interactively)."
layer at (8,49) size 200x200
  RenderBlock (relative positioned) {DIV} at (0,33) size 200x200 [border: (1px solid #000000)]
