layer at (0,0) size 800x600
  RenderView at (0,0) size 800x600
layer at (0,0) size 800x600
  RenderBlock {HTML} at (0,0) size 800x600
    RenderBody {BODY} at (8,8) size 784x584
      RenderBlock {DIV} at (0,0) size 784x80
        RenderText {#text} at (0,0) size 736x39
          text run at (0,0) width 736: "PASS - \"listStyleImage\" property for \"box\" element at 2.5s saw something close to: -webkit-cross-fade(url(blue-100.png),"
          text run at (0,20) width 156: "url(green-100.png), 50%)"
        RenderBR {BR} at (156,35) size 0x0
        RenderText {#text} at (0,40) size 645x19
          text run at (0,40) width 645: "PASS - \"listStyleImage\" property for \"box\" and \"boxStatic\" elements at 2.5s are close enough to each other"
        RenderBR {BR} at (645,55) size 0x0
        RenderText {#text} at (0,60) size 707x19
          text run at (0,60) width 707: "PASS - \"listStyleImage\" property for \"boxShorthand\" and \"boxStatic\" elements at 2.5s are close enough to each other"
        RenderBR {BR} at (707,75) size 0x0
layer at (100,116) size 140x100
  RenderBlock (positioned) {UL} at (100,116) size 140x100
    RenderListItem {LI} at (40,0) size 100x105
      RenderListMarker at (-107,0) size 100x100
      RenderText {#text} at (0,85) size 22x19
        text run at (0,85) width 22: "one"
    RenderListItem {LI} at (40,105) size 100x105
      RenderListMarker at (-107,0) size 100x100
      RenderText {#text} at (0,85) size 23x19
        text run at (0,85) width 23: "two"
layer at (100,366) size 140x100
  RenderBlock (positioned) {UL} at (100,366) size 140x100
    RenderListItem {LI} at (40,0) size 100x105
      RenderListMarker at (-107,0) size 100x100
      RenderText {#text} at (0,85) size 22x19
        text run at (0,85) width 22: "one"
    RenderListItem {LI} at (40,105) size 100x105
      RenderListMarker at (-107,0) size 100x100
      RenderText {#text} at (0,85) size 23x19
        text run at (0,85) width 23: "two"
layer at (400,116) size 140x100
  RenderBlock (positioned) {UL} at (400,116) size 140x100
    RenderListItem {LI} at (40,0) size 100x105
      RenderListMarker at (-107,0) size 100x100
      RenderText {#text} at (0,85) size 22x19
        text run at (0,85) width 22: "one"
    RenderListItem {LI} at (40,105) size 100x105
      RenderListMarker at (-107,0) size 100x100
      RenderText {#text} at (0,85) size 23x19
        text run at (0,85) width 23: "two"
