EDITING DELEGATE: shouldBeginEditingInDOMRange:range from 0 of DIV > BODY > HTML > #document to 3 of DIV > BODY > HTML > #document
EDITING DELEGATE: webViewDidBeginEditing:WebViewDidBeginEditingNotification
EDITING DELEGATE: webViewDidChangeSelection:WebViewDidChangeSelectionNotification
EDITING DELEGATE: webViewDidChangeSelection:WebViewDidChangeSelectionNotification
EDITING DELEGATE: webViewDidChangeSelection:WebViewDidChangeSelectionNotification
EDITING DELEGATE: webViewDidChangeSelection:WebViewDidChangeSelectionNotification
EDITING DELEGATE: webViewDidChangeSelection:WebViewDidChangeSelectionNotification
EDITING DELEGATE: webViewDidChangeSelection:WebViewDidChangeSelectionNotification
EDITING DELEGATE: webViewDidChangeSelection:WebViewDidChangeSelectionNotification
EDITING DELEGATE: webViewDidChangeSelection:WebViewDidChangeSelectionNotification
EDITING DELEGATE: webViewDidChangeSelection:WebViewDidChangeSelectionNotification
EDITING DELEGATE: webViewDidChangeSelection:WebViewDidChangeSelectionNotification
EDITING DELEGATE: webViewDidChangeSelection:WebViewDidChangeSelectionNotification
EDITING DELEGATE: webViewDidChangeSelection:WebViewDidChangeSelectionNotification
EDITING DELEGATE: webViewDidChangeSelection:WebViewDidChangeSelectionNotification
EDITING DELEGATE: webViewDidChangeSelection:WebViewDidChangeSelectionNotification
EDITING DELEGATE: webViewDidChangeSelection:WebViewDidChangeSelectionNotification
EDITING DELEGATE: webViewDidChangeSelection:WebViewDidChangeSelectionNotification
EDITING DELEGATE: webViewDidChangeSelection:WebViewDidChangeSelectionNotification
EDITING DELEGATE: shouldDeleteDOMRange:range from 7 of #text > DIV > DIV > BODY > HTML > #document to 6 of #text > DIV > DIV > BODY > HTML > #document
EDITING DELEGATE: shouldChangeSelectedDOMRange:range from 7 of #text > DIV > DIV > BODY > HTML > #document to 7 of #text > DIV > DIV > BODY > HTML > #document toDOMRange:range from 7 of #text > DIV > DIV > BODY > HTML > #document to 7 of #text > DIV > DIV > BODY > HTML > #document affinity:NSSelectionAffinityDownstream stillSelecting:FALSE
EDITING DELEGATE: webViewDidChangeSelection:WebViewDidChangeSelectionNotification
EDITING DELEGATE: webViewDidChange:WebViewDidChangeNotification
layer at (0,0) size 800x600
  RenderView at (0,0) size 800x600
layer at (0,0) size 800x600
  RenderBlock {HTML} at (0,0) size 800x600
    RenderBody {BODY} at (8,8) size 784x584
      RenderBlock {DIV} at (0,0) size 784x232 [border: (4px solid #0000FF)]
        RenderBlock {DIV} at (20,20) size 744x66
          RenderText {#text} at (0,0) size 67x26
            text run at (0,0) width 67: "Tests: "
          RenderBR {BR} at (0,0) size 0x0
          RenderText {#text} at (0,26) size 663x20
            text run at (0,26) width 663: "Our ability to \"edit around\" content the HTML editing code does not yet handle very well. "
          RenderBR {BR} at (663,42) size 0x0
          RenderInline {I} at (0,0) size 99x20
            RenderText {#text} at (0,46) size 99x20
              text run at (0,46) width 99: "For this test: "
          RenderText {#text} at (99,46) size 405x20
            text run at (99,46) width 405: "Select and delete a table and some surrounding content."
        RenderBlock (anonymous) at (20,86) size 744x20
          RenderBR {BR} at (0,0) size 0x20
        RenderBlock {DIV} at (20,106) size 744x106
          RenderText {#text} at (0,0) size 189x26
            text run at (0,0) width 189: "Expected Results: "
          RenderBR {BR} at (189,21) size 0x0
          RenderText {#text} at (0,26) size 709x40
            text run at (0,26) width 709: "The content in the red box must exactly match the content in the green box (except for the border"
            text run at (0,46) width 53: "color). "
          RenderBR {BR} at (53,62) size 0x0
          RenderInline {I} at (0,0) size 99x20
            RenderText {#text} at (0,66) size 99x20
              text run at (0,66) width 99: "For this test: "
          RenderText {#text} at (99,66) size 744x40
            text run at (99,66) width 304: "Only selected content should get deleted. "
            text run at (403,66) width 341: "Surrounding content that is not selected should"
            text run at (0,86) width 201: "(obviously) not be affected."
      RenderBlock {DIV} at (0,242) size 784x30 [border: (2px solid #008000)]
        RenderText {#text} at (2,2) size 62x26
          text run at (2,2) width 62: "before"
      RenderBlock {DIV} at (0,282) size 784x30
        RenderBlock {DIV} at (0,0) size 784x30 [border: (2px solid #FF0000)]
          RenderText {#text} at (2,2) size 62x26
            text run at (2,2) width 62: "before"
caret: position 7 of child 0 {#text} of child 1 {DIV} of child 5 {DIV} of body
