EDITING DELEGATE: shouldBeginEditingInDOMRange:range from 0 of DIV > BODY > HTML > #document to 3 of DIV > BODY > HTML > #document
EDITING DELEGATE: webViewDidBeginEditing:WebViewDidBeginEditingNotification
EDITING DELEGATE: webViewDidChangeSelection:WebViewDidChangeSelectionNotification
EDITING DELEGATE: webViewDidChangeSelection:WebViewDidChangeSelectionNotification
EDITING DELEGATE: webViewDidChangeSelection:WebViewDidChangeSelectionNotification
EDITING DELEGATE: webViewDidChangeSelection:WebViewDidChangeSelectionNotification
EDITING DELEGATE: webViewDidChangeSelection:WebViewDidChangeSelectionNotification
EDITING DELEGATE: webViewDidChangeSelection:WebViewDidChangeSelectionNotification
EDITING DELEGATE: webViewDidChangeSelection:WebViewDidChangeSelectionNotification
EDITING DELEGATE: webViewDidChangeSelection:WebViewDidChangeSelectionNotification
EDITING DELEGATE: webViewDidChangeSelection:WebViewDidChangeSelectionNotification
EDITING DELEGATE: webViewDidChangeSelection:WebViewDidChangeSelectionNotification
EDITING DELEGATE: webViewDidChangeSelection:WebViewDidChangeSelectionNotification
EDITING DELEGATE: shouldChangeSelectedDOMRange:range from 2 of DIV > DIV > BODY > HTML > #document to 2 of DIV > DIV > BODY > HTML > #document toDOMRange:range from 1 of #text > DIV > DIV > BODY > HTML > #document to 1 of #text > DIV > DIV > BODY > HTML > #document affinity:NSSelectionAffinityDownstream stillSelecting:FALSE
EDITING DELEGATE: webViewDidChangeSelection:WebViewDidChangeSelectionNotification
EDITING DELEGATE: webViewDidChange:WebViewDidChangeNotification
EDITING DELEGATE: shouldChangeSelectedDOMRange:range from 1 of #text > DIV > DIV > BODY > HTML > #document to 1 of #text > DIV > DIV > BODY > HTML > #document toDOMRange:range from 2 of #text > DIV > DIV > BODY > HTML > #document to 2 of #text > DIV > DIV > BODY > HTML > #document affinity:NSSelectionAffinityDownstream stillSelecting:FALSE
EDITING DELEGATE: webViewDidChangeSelection:WebViewDidChangeSelectionNotification
EDITING DELEGATE: webViewDidChange:WebViewDidChangeNotification
EDITING DELEGATE: shouldChangeSelectedDOMRange:range from 2 of #text > DIV > DIV > BODY > HTML > #document to 2 of #text > DIV > DIV > BODY > HTML > #document toDOMRange:range from 3 of #text > DIV > DIV > BODY > HTML > #document to 3 of #text > DIV > DIV > BODY > HTML > #document affinity:NSSelectionAffinityDownstream stillSelecting:FALSE
EDITING DELEGATE: webViewDidChangeSelection:WebViewDidChangeSelectionNotification
EDITING DELEGATE: webViewDidChange:WebViewDidChangeNotification
layer at (0,0) size 800x600
  RenderView at (0,0) size 800x600
layer at (0,0) size 800x600
  RenderBlock {HTML} at (0,0) size 800x600
    RenderBody {BODY} at (8,8) size 784x584
      RenderBlock {DIV} at (0,0) size 784x212 [border: (4px solid #0000FF)]
        RenderBlock {DIV} at (20,20) size 744x66
          RenderText {#text} at (0,0) size 67x26
            text run at (0,0) width 67: "Tests: "
          RenderBR {BR} at (0,0) size 0x0
          RenderText {#text} at (0,26) size 663x20
            text run at (0,26) width 663: "Our ability to \"edit around\" content the HTML editing code does not yet handle very well. "
          RenderBR {BR} at (663,42) size 0x0
          RenderInline {I} at (0,0) size 99x20
            RenderText {#text} at (0,46) size 99x20
              text run at (0,46) width 99: "For this test: "
          RenderText {#text} at (99,46) size 178x20
            text run at (99,46) width 178: "Test typing after a table."
        RenderBlock (anonymous) at (20,86) size 744x20
          RenderBR {BR} at (0,0) size 0x20
        RenderBlock {DIV} at (20,106) size 744x86
          RenderText {#text} at (0,0) size 189x26
            text run at (0,0) width 189: "Expected Results: "
          RenderBR {BR} at (189,21) size 0x0
          RenderText {#text} at (0,26) size 709x40
            text run at (0,26) width 709: "The content in the red box must exactly match the content in the green box (except for the border"
            text run at (0,46) width 53: "color). "
          RenderBR {BR} at (53,62) size 0x0
          RenderInline {I} at (0,0) size 99x20
            RenderText {#text} at (0,66) size 99x20
              text run at (0,66) width 99: "For this test: "
          RenderText {#text} at (99,66) size 437x20
            text run at (99,66) width 437: "Typed text should appear after (on the line below) the table."
      RenderBlock {DIV} at (0,222) size 784x103 [border: (2px solid #008000)]
        RenderTable {TABLE} at (2,2) size 46x73 [border: (1px outset #808080)]
          RenderTableSection {TBODY} at (1,1) size 44x71
            RenderTableRow {TR} at (0,2) size 44x21
              RenderTableCell {TD} at (2,2) size 12x21 [border: (1px inset #808080)] [r=0 c=0 rs=1 cs=1]
                RenderText {#text} at (2,2) size 8x17
                  text run at (2,2) width 8: "1"
              RenderTableCell {TD} at (16,2) size 12x21 [border: (1px inset #808080)] [r=0 c=1 rs=1 cs=1]
                RenderText {#text} at (2,2) size 8x17
                  text run at (2,2) width 8: "2"
              RenderTableCell {TD} at (30,2) size 12x21 [border: (1px inset #808080)] [r=0 c=2 rs=1 cs=1]
                RenderText {#text} at (2,2) size 8x17
                  text run at (2,2) width 8: "3"
            RenderTableRow {TR} at (0,25) size 44x21
              RenderTableCell {TD} at (2,25) size 12x21 [border: (1px inset #808080)] [r=1 c=0 rs=1 cs=1]
                RenderText {#text} at (2,2) size 8x17
                  text run at (2,2) width 8: "4"
              RenderTableCell {TD} at (16,25) size 12x21 [border: (1px inset #808080)] [r=1 c=1 rs=1 cs=1]
                RenderText {#text} at (2,2) size 8x17
                  text run at (2,2) width 8: "5"
              RenderTableCell {TD} at (30,25) size 12x21 [border: (1px inset #808080)] [r=1 c=2 rs=1 cs=1]
                RenderText {#text} at (2,2) size 8x17
                  text run at (2,2) width 8: "6"
            RenderTableRow {TR} at (0,48) size 44x21
              RenderTableCell {TD} at (2,48) size 12x21 [border: (1px inset #808080)] [r=2 c=0 rs=1 cs=1]
                RenderText {#text} at (2,2) size 8x17
                  text run at (2,2) width 8: "7"
              RenderTableCell {TD} at (16,48) size 12x21 [border: (1px inset #808080)] [r=2 c=1 rs=1 cs=1]
                RenderText {#text} at (2,2) size 8x17
                  text run at (2,2) width 8: "8"
              RenderTableCell {TD} at (30,48) size 12x21 [border: (1px inset #808080)] [r=2 c=2 rs=1 cs=1]
                RenderText {#text} at (2,2) size 8x17
                  text run at (2,2) width 8: "9"
        RenderBlock (anonymous) at (2,75) size 780x26
          RenderText {#text} at (0,0) size 36x26
            text run at (0,0) width 36: "xxx"
      RenderBlock {DIV} at (0,335) size 784x103
        RenderBlock {DIV} at (0,0) size 784x103 [border: (2px solid #FF0000)]
          RenderTable {TABLE} at (2,2) size 46x73 [border: (1px outset #808080)]
            RenderTableSection {TBODY} at (1,1) size 44x71
              RenderTableRow {TR} at (0,2) size 44x21
                RenderTableCell {TD} at (2,2) size 12x21 [border: (1px inset #808080)] [r=0 c=0 rs=1 cs=1]
                  RenderText {#text} at (2,2) size 8x17
                    text run at (2,2) width 8: "1"
                RenderTableCell {TD} at (16,2) size 12x21 [border: (1px inset #808080)] [r=0 c=1 rs=1 cs=1]
                  RenderText {#text} at (2,2) size 8x17
                    text run at (2,2) width 8: "2"
                RenderTableCell {TD} at (30,2) size 12x21 [border: (1px inset #808080)] [r=0 c=2 rs=1 cs=1]
                  RenderText {#text} at (2,2) size 8x17
                    text run at (2,2) width 8: "3"
              RenderTableRow {TR} at (0,25) size 44x21
                RenderTableCell {TD} at (2,25) size 12x21 [border: (1px inset #808080)] [r=1 c=0 rs=1 cs=1]
                  RenderText {#text} at (2,2) size 8x17
                    text run at (2,2) width 8: "4"
                RenderTableCell {TD} at (16,25) size 12x21 [border: (1px inset #808080)] [r=1 c=1 rs=1 cs=1]
                  RenderText {#text} at (2,2) size 8x17
                    text run at (2,2) width 8: "5"
                RenderTableCell {TD} at (30,25) size 12x21 [border: (1px inset #808080)] [r=1 c=2 rs=1 cs=1]
                  RenderText {#text} at (2,2) size 8x17
                    text run at (2,2) width 8: "6"
              RenderTableRow {TR} at (0,48) size 44x21
                RenderTableCell {TD} at (2,48) size 12x21 [border: (1px inset #808080)] [r=2 c=0 rs=1 cs=1]
                  RenderText {#text} at (2,2) size 8x17
                    text run at (2,2) width 8: "7"
                RenderTableCell {TD} at (16,48) size 12x21 [border: (1px inset #808080)] [r=2 c=1 rs=1 cs=1]
                  RenderText {#text} at (2,2) size 8x17
                    text run at (2,2) width 8: "8"
                RenderTableCell {TD} at (30,48) size 12x21 [border: (1px inset #808080)] [r=2 c=2 rs=1 cs=1]
                  RenderText {#text} at (2,2) size 8x17
                    text run at (2,2) width 8: "9"
          RenderBlock (anonymous) at (2,75) size 780x26
            RenderText {#text} at (0,0) size 36x26
              text run at (0,0) width 36: "xxx"
caret: position 3 of child 2 {#text} of child 1 {DIV} of child 5 {DIV} of body
