layer at (0,0) size 800x600
  RenderView at (0,0) size 800x600
layer at (0,0) size 800x600
  RenderBlock {HTML} at (0,0) size 800x600
    RenderBody {BODY} at (8,8) size 784x584
      RenderText {#text} at (156,22) size 252x18
        text run at (156,22) width 252: " This should not be part of the textarea."
layer at (10,10) size 152x32 clip at (11,11) size 135x30 scrollHeight 56
  RenderTextControl {TEXTAREA} at (2,2) size 152x32 [bgcolor=#FFFFFF] [border: (1px solid #000000)]
    RenderBlock {DIV} at (3,3) size 131x52
      RenderText {#text} at (0,0) size 116x39
        text run at (0,0) width 20: "<!--"
        text run at (0,13) width 116: "This should be part of"
        text run at (0,26) width 67: "the textarea."
      RenderBR {BR} at (0,39) size 0x13
