layer at (0,0) size 800x600
  RenderView at (0,0) size 800x600
layer at (0,0) size 800x102
  RenderBlock {HTML} at (0,0) size 800x102
    RenderBody {BODY} at (8,16) size 784x78
      RenderBlock {P} at (0,0) size 784x20
        RenderText {#text} at (0,0) size 298x19
          text run at (0,0) width 298: "The following two lines should look the same:"
      RenderBlock {DIV} at (0,36) size 784x21
        RenderInline {SPAN} at (0,0) size 8x19
          RenderInline (generated) at (0,0) size 8x19
            RenderCounter at (0,1) size 8x19
              text run at (0,1) width 8: "\x{10D0}"
        RenderText {#text} at (7,1) size 5x19
          text run at (7,1) width 5: " "
        RenderInline {SPAN} at (0,0) size 10x19
          RenderInline (generated) at (0,0) size 10x19
            RenderCounter at (11,1) size 10x19
              text run at (11,1) width 10: "\x{10D1}"
        RenderText {#text} at (20,1) size 5x19
          text run at (20,1) width 5: " "
        RenderInline {SPAN} at (0,0) size 10x19
          RenderInline (generated) at (0,0) size 10x19
            RenderCounter at (24,1) size 10x19
              text run at (24,1) width 10: "\x{10D2}"
        RenderText {#text} at (33,1) size 5x19
          text run at (33,1) width 5: " "
        RenderInline {SPAN} at (0,0) size 17x19
          RenderInline (generated) at (0,0) size 17x19
            RenderCounter at (37,1) size 17x19
              text run at (37,1) width 17: "\x{10D3}"
        RenderText {#text} at (53,1) size 5x19
          text run at (53,1) width 5: " "
        RenderInline {SPAN} at (0,0) size 9x19
          RenderInline (generated) at (0,0) size 9x19
            RenderCounter at (57,1) size 9x19
              text run at (57,1) width 9: "\x{10D4}"
        RenderText {#text} at (65,1) size 5x19
          text run at (65,1) width 5: " "
        RenderInline {SPAN} at (0,0) size 10x19
          RenderInline (generated) at (0,0) size 10x19
            RenderCounter at (69,1) size 10x19
              text run at (69,1) width 10: "\x{10D5}"
        RenderText {#text} at (78,1) size 5x19
          text run at (78,1) width 5: " "
        RenderInline {SPAN} at (0,0) size 12x19
          RenderInline (generated) at (0,0) size 12x19
            RenderCounter at (82,1) size 12x19
              text run at (82,1) width 12: "\x{10D6}"
        RenderText {#text} at (93,1) size 5x19
          text run at (93,1) width 5: " "
        RenderInline {SPAN} at (0,0) size 12x19
          RenderInline (generated) at (0,0) size 12x19
            RenderCounter at (97,1) size 12x19
              text run at (97,1) width 12: "\x{10F1}"
        RenderText {#text} at (108,1) size 5x19
          text run at (108,1) width 5: " "
        RenderInline {SPAN} at (0,0) size 16x19
          RenderInline (generated) at (0,0) size 16x19
            RenderCounter at (112,1) size 16x19
              text run at (112,1) width 16: "\x{10D7}"
        RenderText {#text} at (127,1) size 5x19
          text run at (127,1) width 5: " "
        RenderInline {SPAN} at (0,0) size 11x19
          RenderInline (generated) at (0,0) size 11x19
            RenderCounter at (131,1) size 11x19
              text run at (131,1) width 11: "\x{10D8}"
        RenderText {#text} at (141,1) size 5x19
          text run at (141,1) width 5: " "
        RenderInline {SPAN} at (0,0) size 18x19
          RenderInline (generated) at (0,0) size 18x19
            RenderCounter at (145,1) size 18x19
              text run at (145,1) width 18: "\x{10D8}\x{10D0}"
        RenderText {#text} at (162,1) size 5x19
          text run at (162,1) width 5: " "
        RenderInline {SPAN} at (0,0) size 19x19
          RenderInline (generated) at (0,0) size 19x19
            RenderCounter at (166,1) size 19x19
              text run at (166,1) width 19: "\x{10D8}\x{10D1}"
        RenderText {#text} at (184,1) size 5x19
          text run at (184,1) width 5: " "
        RenderInline {SPAN} at (0,0) size 9x19
          RenderInline (generated) at (0,0) size 9x19
            RenderCounter at (188,1) size 9x19
              text run at (188,1) width 9: "\x{10D9}"
        RenderText {#text} at (196,1) size 5x19
          text run at (196,1) width 5: " "
        RenderInline {SPAN} at (0,0) size 20x19
          RenderInline (generated) at (0,0) size 20x19
            RenderCounter at (200,1) size 20x19
              text run at (200,1) width 20: "\x{10DA}"
        RenderText {#text} at (219,1) size 5x19
          text run at (219,1) width 5: " "
        RenderInline {SPAN} at (0,0) size 9x19
          RenderInline (generated) at (0,0) size 9x19
            RenderCounter at (223,1) size 9x19
              text run at (223,1) width 9: "\x{10DB}"
        RenderText {#text} at (231,1) size 5x19
          text run at (231,1) width 5: " "
        RenderInline {SPAN} at (0,0) size 9x19
          RenderInline (generated) at (0,0) size 9x19
            RenderCounter at (235,1) size 9x19
              text run at (235,1) width 9: "\x{10DC}"
        RenderText {#text} at (243,1) size 5x19
          text run at (243,1) width 5: " "
        RenderInline {SPAN} at (0,0) size 10x19
          RenderInline (generated) at (0,0) size 10x19
            RenderCounter at (247,1) size 10x19
              text run at (247,1) width 10: "\x{10F2}"
        RenderText {#text} at (256,1) size 5x19
          text run at (256,1) width 5: " "
        RenderInline {SPAN} at (0,0) size 15x19
          RenderInline (generated) at (0,0) size 15x19
            RenderCounter at (260,1) size 15x19
              text run at (260,1) width 15: "\x{10DD}"
        RenderText {#text} at (274,1) size 5x19
          text run at (274,1) width 5: " "
        RenderInline {SPAN} at (0,0) size 9x19
          RenderInline (generated) at (0,0) size 9x19
            RenderCounter at (278,1) size 9x19
              text run at (278,1) width 9: "\x{10DE}"
        RenderText {#text} at (286,1) size 5x19
          text run at (286,1) width 5: " "
        RenderInline {SPAN} at (0,0) size 10x19
          RenderInline (generated) at (0,0) size 10x19
            RenderCounter at (290,1) size 10x19
              text run at (290,1) width 10: "\x{10DF}"
        RenderText {#text} at (299,1) size 5x19
          text run at (299,1) width 5: " "
        RenderInline {SPAN} at (0,0) size 14x19
          RenderInline (generated) at (0,0) size 14x19
            RenderCounter at (303,1) size 14x19
              text run at (303,1) width 14: "\x{10E0}"
        RenderText {#text} at (316,1) size 5x19
          text run at (316,1) width 5: " "
        RenderInline {SPAN} at (0,0) size 9x19
          RenderInline (generated) at (0,0) size 9x19
            RenderCounter at (320,1) size 9x19
              text run at (320,1) width 9: "\x{10E1}"
        RenderText {#text} at (328,1) size 5x19
          text run at (328,1) width 5: " "
        RenderInline {SPAN} at (0,0) size 14x19
          RenderInline (generated) at (0,0) size 14x19
            RenderCounter at (332,1) size 14x19
              text run at (332,1) width 14: "\x{10E2}"
        RenderText {#text} at (345,1) size 5x19
          text run at (345,1) width 5: " "
        RenderInline {SPAN} at (0,0) size 9x19
          RenderInline (generated) at (0,0) size 9x19
            RenderCounter at (349,1) size 9x19
              text run at (349,1) width 9: "\x{10F3}"
        RenderText {#text} at (357,1) size 5x19
          text run at (357,1) width 5: " "
        RenderInline {SPAN} at (0,0) size 14x19
          RenderInline (generated) at (0,0) size 14x19
            RenderCounter at (361,1) size 14x19
              text run at (361,1) width 14: "\x{10E4}"
        RenderText {#text} at (374,1) size 5x19
          text run at (374,1) width 5: " "
        RenderInline {SPAN} at (0,0) size 9x19
          RenderInline (generated) at (0,0) size 9x19
            RenderCounter at (378,1) size 9x19
              text run at (378,1) width 9: "\x{10E5}"
        RenderText {#text} at (386,1) size 5x19
          text run at (386,1) width 5: " "
        RenderInline {SPAN} at (0,0) size 14x19
          RenderInline (generated) at (0,0) size 14x19
            RenderCounter at (390,1) size 14x19
              text run at (390,1) width 14: "\x{10E6}"
        RenderText {#text} at (403,1) size 5x19
          text run at (403,1) width 5: " "
        RenderInline {SPAN} at (0,0) size 8x19
          RenderInline (generated) at (0,0) size 8x19
            RenderCounter at (407,1) size 8x19
              text run at (407,1) width 8: "\x{10E7}"
        RenderText {#text} at (414,1) size 5x19
          text run at (414,1) width 5: " "
        RenderInline {SPAN} at (0,0) size 10x19
          RenderInline (generated) at (0,0) size 10x19
            RenderCounter at (418,1) size 10x19
              text run at (418,1) width 10: "\x{10E8}"
        RenderText {#text} at (427,1) size 5x19
          text run at (427,1) width 5: " "
        RenderInline {SPAN} at (0,0) size 8x19
          RenderInline (generated) at (0,0) size 8x19
            RenderCounter at (431,1) size 8x19
              text run at (431,1) width 8: "\x{10E9}"
        RenderText {#text} at (438,1) size 5x19
          text run at (438,1) width 5: " "
        RenderInline {SPAN} at (0,0) size 10x19
          RenderInline (generated) at (0,0) size 10x19
            RenderCounter at (442,1) size 10x19
              text run at (442,1) width 10: "\x{10EA}"
        RenderText {#text} at (451,1) size 5x19
          text run at (451,1) width 5: " "
        RenderInline {SPAN} at (0,0) size 10x19
          RenderInline (generated) at (0,0) size 10x19
            RenderCounter at (455,1) size 10x19
              text run at (455,1) width 10: "\x{10EB}"
        RenderText {#text} at (464,1) size 5x19
          text run at (464,1) width 5: " "
        RenderInline {SPAN} at (0,0) size 9x19
          RenderInline (generated) at (0,0) size 9x19
            RenderCounter at (468,1) size 9x19
              text run at (468,1) width 9: "\x{10EC}"
        RenderText {#text} at (476,1) size 5x19
          text run at (476,1) width 5: " "
        RenderInline {SPAN} at (0,0) size 10x19
          RenderInline (generated) at (0,0) size 10x19
            RenderCounter at (480,1) size 10x19
              text run at (480,1) width 10: "\x{10ED}"
        RenderText {#text} at (489,1) size 5x19
          text run at (489,1) width 5: " "
        RenderInline {SPAN} at (0,0) size 9x19
          RenderInline (generated) at (0,0) size 9x19
            RenderCounter at (493,1) size 9x19
              text run at (493,1) width 9: "\x{10EE}"
        RenderText {#text} at (501,1) size 5x19
          text run at (501,1) width 5: " "
        RenderInline {SPAN} at (0,0) size 9x19
          RenderInline (generated) at (0,0) size 9x19
            RenderCounter at (505,1) size 9x19
              text run at (505,1) width 9: "\x{10F4}"
        RenderText {#text} at (513,1) size 5x19
          text run at (513,1) width 5: " "
        RenderInline {SPAN} at (0,0) size 13x19
          RenderInline (generated) at (0,0) size 13x19
            RenderCounter at (517,1) size 13x19
              text run at (517,1) width 13: "\x{10EF}"
        RenderText {#text} at (529,1) size 5x19
          text run at (529,1) width 5: " "
        RenderInline {SPAN} at (0,0) size 9x19
          RenderInline (generated) at (0,0) size 9x19
            RenderCounter at (533,1) size 9x19
              text run at (533,1) width 9: "\x{10F0}"
        RenderText {#text} at (541,1) size 5x19
          text run at (541,1) width 5: " "
        RenderInline {SPAN} at (0,0) size 10x19
          RenderInline (generated) at (0,0) size 10x19
            RenderCounter at (545,1) size 10x19
              text run at (545,1) width 10: "\x{10F5}"
        RenderText {#text} at (554,1) size 5x19
          text run at (554,1) width 5: " "
        RenderInline {SPAN} at (0,0) size 49x19
          RenderInline (generated) at (0,0) size 49x19
            RenderCounter at (558,1) size 49x19
              text run at (558,1) width 49: "\x{10F5}\x{10F0}\x{10E8}\x{10DF}\x{10D7}"
        RenderText {#text} at (0,0) size 0x0
      RenderBlock {DIV} at (0,57) size 784x21
        RenderText {#text} at (0,1) size 607x19
          text run at (0,1) width 12: "\x{10D0} "
          text run at (11,1) width 14: "\x{10D1} "
          text run at (24,1) width 14: "\x{10D2} "
          text run at (37,1) width 21: "\x{10D3} "
          text run at (57,1) width 13: "\x{10D4} "
          text run at (69,1) width 14: "\x{10D5} "
          text run at (82,1) width 16: "\x{10D6} "
          text run at (97,1) width 16: "\x{10F1} "
          text run at (112,1) width 20: "\x{10D7} "
          text run at (131,1) width 15: "\x{10D8} "
          text run at (145,1) width 22: "\x{10D8}\x{10D0} "
          text run at (166,1) width 23: "\x{10D8}\x{10D1} "
          text run at (188,1) width 13: "\x{10D9} "
          text run at (200,1) width 24: "\x{10DA} "
          text run at (223,1) width 13: "\x{10DB} "
          text run at (235,1) width 13: "\x{10DC} "
          text run at (247,1) width 14: "\x{10F2} "
          text run at (260,1) width 19: "\x{10DD} "
          text run at (278,1) width 13: "\x{10DE} "
          text run at (290,1) width 14: "\x{10DF} "
          text run at (303,1) width 18: "\x{10E0} "
          text run at (320,1) width 13: "\x{10E1} "
          text run at (332,1) width 18: "\x{10E2} "
          text run at (349,1) width 13: "\x{10F3} "
          text run at (361,1) width 18: "\x{10E4} "
          text run at (378,1) width 13: "\x{10E5} "
          text run at (390,1) width 18: "\x{10E6} "
          text run at (407,1) width 12: "\x{10E7} "
          text run at (418,1) width 14: "\x{10E8} "
          text run at (431,1) width 12: "\x{10E9} "
          text run at (442,1) width 14: "\x{10EA} "
          text run at (455,1) width 14: "\x{10EB} "
          text run at (468,1) width 13: "\x{10EC} "
          text run at (480,1) width 14: "\x{10ED} "
          text run at (493,1) width 13: "\x{10EE} "
          text run at (505,1) width 13: "\x{10F4} "
          text run at (517,1) width 17: "\x{10EF} "
          text run at (533,1) width 13: "\x{10F0} "
          text run at (545,1) width 14: "\x{10F5} "
          text run at (558,1) width 49: "\x{10F5}\x{10F0}\x{10E8}\x{10DF}\x{10D7}"
