layer at (0,0) size 800x600
  RenderView at (0,0) size 800x600
layer at (0,0) size 800x600
  RenderBlock {HTML} at (0,0) size 800x600
    RenderBody {BODY} at (12,12) size 776x543
      RenderBlock {P} at (0,0) size 776x28
        RenderText {#text} at (0,0) size 278x28
          text run at (0,0) width 278: "Zoomed video with controls."
layer at (57,85) size 240x180 isolatesBlending
  RenderVideo {VIDEO} at (45,73) size 240x180
layer at (57,85) size 240x180
  RenderFlexibleBox {DIV} at (0,0) size 240x180
layer at (57,198) size 240x67
  RenderFlexibleBox {DIV} at (0,112) size 240x68
layer at (57,198) size 240x68 isolatesBlending
  RenderBlock (positioned) {DIV} at (0,0) size 240x68
layer at (57,198) size 240x68
  RenderBlock (positioned) {DIV} at (0,0) size 240x68 [bgcolor=#1E1E1E73]
layer at (57,198) size 240x68 blendMode: lighten
  RenderBlock (positioned) {DIV} at (0,0) size 240x68 [bgcolor=#292929]
layer at (69,235) size 18x22 blendMode: plus-lighter
  RenderButton {BUTTON} at (12,37) size 18x23 [color=#FFFFFF]
layer at (111,234) size 24x22 blendMode: plus-lighter
  RenderButton {BUTTON} at (54,36) size 24x24 [color=#FFFFFF]
layer at (221,228) size 21x38
  RenderFlexibleBox {DIV} at (163,30) size 22x38
layer at (221,235) size 21x22 blendMode: plus-lighter
  RenderButton {BUTTON} at (0,7) size 21x23 [color=#FFFFFF]
layer at (266,235) size 21x22 blendMode: plus-lighter
  RenderButton {BUTTON} at (208,37) size 22x23 [color=#FFFFFF]
layer at (57,310) size 240x180 isolatesBlending
  RenderVideo {VIDEO} at (45,298) size 240x180
layer at (57,310) size 240x180
  RenderFlexibleBox {DIV} at (0,0) size 240x180
layer at (57,423) size 240x67
  RenderFlexibleBox {DIV} at (0,112) size 240x68
layer at (57,423) size 240x68 isolatesBlending
  RenderBlock (positioned) {DIV} at (0,0) size 240x68
layer at (57,423) size 240x68
  RenderBlock (positioned) {DIV} at (0,0) size 240x68 [bgcolor=#1E1E1E73]
layer at (57,423) size 240x68 blendMode: lighten
  RenderBlock (positioned) {DIV} at (0,0) size 240x68 [bgcolor=#292929]
layer at (69,460) size 18x22 blendMode: plus-lighter
  RenderButton {BUTTON} at (12,37) size 18x23 [color=#FFFFFF]
layer at (111,459) size 24x22 blendMode: plus-lighter
  RenderButton {BUTTON} at (54,36) size 24x24 [color=#FFFFFF]
layer at (221,453) size 21x38
  RenderFlexibleBox {DIV} at (163,30) size 22x38
layer at (221,460) size 21x22 blendMode: plus-lighter
  RenderButton {BUTTON} at (0,7) size 21x23 [color=#FFFFFF]
layer at (266,460) size 21x22 blendMode: plus-lighter
  RenderButton {BUTTON} at (208,37) size 22x23 [color=#FFFFFF]
