layer at (0,0) size 800x600
  RenderView at (0,0) size 800x600
layer at (0,0) size 800x216
  RenderBlock {HTML} at (0,0) size 800x216
    RenderBody {BODY} at (8,8) size 784x200
      RenderBlock {DIV} at (0,0) size 784x17
        RenderText {#text} at (0,0) size 595x17
          text run at (0,0) width 595: "When the caret is scrolled out, on starting typing it must be brought to the center of the control."
      RenderBlock (anonymous) at (0,17) size 784x183
        RenderText {#text} at (0,0) size 0x0
        RenderText {#text} at (0,0) size 0x0
layer at (10,27) size 111x176 clip at (11,28) size 94x174 scrollY 129 scrollHeight 548
  RenderTextControl {TEXTAREA} at (2,2) size 111x176 [bgcolor=#FFFFFF] [border: (1px solid #000000)]
    RenderBlock {DIV} at (3,3) size 90x544
      RenderText {#text} at (0,0) size 27x527
        text run at (0,0) width 18: "00"
        text run at (18,0) width 0: " "
        text run at (0,17) width 18: "01"
        text run at (18,17) width 0: " "
        text run at (0,34) width 18: "02"
        text run at (18,34) width 0: " "
        text run at (0,51) width 18: "03"
        text run at (18,51) width 0: " "
        text run at (0,68) width 18: "04"
        text run at (18,68) width 0: " "
        text run at (0,85) width 18: "05"
        text run at (18,85) width 0: " "
        text run at (0,102) width 18: "06"
        text run at (18,102) width 0: " "
        text run at (0,119) width 18: "07"
        text run at (18,119) width 0: " "
        text run at (0,136) width 18: "08"
        text run at (18,136) width 0: " "
        text run at (0,153) width 18: "09"
        text run at (18,153) width 0: " "
        text run at (0,170) width 18: "10"
        text run at (18,170) width 0: " "
        text run at (0,187) width 18: "11"
        text run at (18,187) width 0: " "
        text run at (0,204) width 27: ">12"
        text run at (27,204) width 0: " "
        text run at (0,221) width 18: "13"
        text run at (18,221) width 0: " "
        text run at (0,238) width 18: "14"
        text run at (18,238) width 0: " "
        text run at (0,255) width 18: "15"
        text run at (18,255) width 0: " "
        text run at (0,272) width 18: "16"
        text run at (18,272) width 0: " "
        text run at (0,289) width 18: "17"
        text run at (18,289) width 0: " "
        text run at (0,306) width 18: "18"
        text run at (18,306) width 0: " "
        text run at (0,323) width 18: "19"
        text run at (18,323) width 0: " "
        text run at (0,340) width 18: "20"
        text run at (18,340) width 0: " "
        text run at (0,357) width 18: "21"
        text run at (18,357) width 0: " "
        text run at (0,374) width 18: "22"
        text run at (18,374) width 0: " "
        text run at (0,391) width 18: "23"
        text run at (18,391) width 0: " "
        text run at (0,408) width 18: "24"
        text run at (18,408) width 0: " "
        text run at (0,425) width 18: "25"
        text run at (18,425) width 0: " "
        text run at (0,442) width 18: "26"
        text run at (18,442) width 0: " "
        text run at (0,459) width 18: "27"
        text run at (18,459) width 0: " "
        text run at (0,476) width 18: "28"
        text run at (18,476) width 0: " "
        text run at (0,493) width 18: "29"
        text run at (18,493) width 0: " "
        text run at (0,510) width 18: "30"
        text run at (18,510) width 0: " "
      RenderBR {BR} at (0,527) size 0x17
caret: position 37 of child 0 {#text} of child 0 {DIV} of {#document-fragment} of child 3 {TEXTAREA} of body
