layer at (0,0) size 785x829
  RenderView at (0,0) size 785x600
layer at (0,0) size 785x829
  RenderBlock {HTML} at (0,0) size 785x829
    RenderBody {BODY} at (8,8) size 769x813
      RenderBlock (anonymous) at (0,0) size 769x36
        RenderText {#text} at (0,0) size 751x36
          text run at (0,0) width 751: "This test validate rendering of emoji sequences and emoji with modifiers. Horse racing emoji no longer supports skin"
          text run at (0,18) width 187: "tone. Added skin tone to spy."
      RenderBlock {DIV} at (0,36) size 769x21
        RenderText {#text} at (0,0) size 20x21
          text run at (0,0) width 20: "\x{D83D}\x{DE01}"
      RenderBlock {DIV} at (0,57) size 769x756
        RenderText {#text} at (0,6) size 662x74
          text run at (0,6) width 662: "\x{D83D}\x{DC66}\x{D83C}\x{DFFB}\x{D83D}\x{DC69}\x{D83C}\x{DFFC}\x{D83D}\x{DC66}\x{D83C}\x{DFFE}\x{2764}\x{FE0F}\x{D83D}\x{DC8B}\x{D83D}\x{DD75}\x{D83C}\x{DFFB}\x{D83C}\x{DFC7}\x{D83C}\x{DFFB}"
        RenderBR {BR} at (661,64) size 1x0
        RenderText {#text} at (0,90) size 717x158
          text run at (0,90) width 717: "\x{D83D}\x{DC68}\x{200D}\x{D83D}\x{DC69}\x{200D}\x{D83D}\x{DC66} \x{D83D}\x{DC68}\x{200D}\x{D83D}\x{DC69}\x{200D}\x{D83D}\x{DC67} \x{D83D}\x{DC6A} \x{D83D}\x{DC66}\x{D83C}\x{DFFB}\x{D83D}\x{DC69}\x{D83C}\x{DFFC}"
          text run at (0,174) width 111: "\x{D83D}\x{DC66}\x{D83C}\x{DFFE}"
        RenderBR {BR} at (110,232) size 1x0
        RenderText {#text} at (0,258) size 753x158
          text run at (0,258) width 753: "\x{D83D}\x{DC69}\x{200D}\x{D83D}\x{DC69}\x{200D}\x{D83D}\x{DC66} \x{D83D}\x{DC69}\x{200D}\x{D83D}\x{DC69}\x{200D}\x{D83D}\x{DC67} \x{D83D}\x{DC69}\x{200D}\x{D83D}\x{DC69}\x{200D}\x{D83D}\x{DC67}\x{200D}\x{D83D}\x{DC66} \x{D83D}\x{DC69}\x{200D}"
          text run at (0,342) width 465: "\x{D83D}\x{DC69}\x{200D}\x{D83D}\x{DC66}\x{200D}\x{D83D}\x{DC66} \x{D83D}\x{DC69}\x{200D}\x{D83D}\x{DC69}\x{200D}\x{D83D}\x{DC67}\x{200D}\x{D83D}\x{DC67}"
        RenderBR {BR} at (464,400) size 1x0
        RenderText {#text} at (0,426) size 753x158
          text run at (0,426) width 753: "\x{D83D}\x{DC68}\x{200D}\x{D83D}\x{DC68}\x{200D}\x{D83D}\x{DC66} \x{D83D}\x{DC68}\x{200D}\x{D83D}\x{DC68}\x{200D}\x{D83D}\x{DC67} \x{D83D}\x{DC68}\x{200D}\x{D83D}\x{DC68}\x{200D}\x{D83D}\x{DC67}\x{200D}\x{D83D}\x{DC66} \x{D83D}\x{DC68}\x{200D}"
          text run at (0,510) width 465: "\x{D83D}\x{DC68}\x{200D}\x{D83D}\x{DC66}\x{200D}\x{D83D}\x{DC66} \x{D83D}\x{DC68}\x{200D}\x{D83D}\x{DC68}\x{200D}\x{D83D}\x{DC67}\x{200D}\x{D83D}\x{DC67}"
        RenderBR {BR} at (464,568) size 1x0
        RenderText {#text} at (0,594) size 753x158
          text run at (0,594) width 753: "\x{D83D}\x{DC69}\x{200D}\x{2764}\x{FE0F}\x{200D}\x{D83D}\x{DC69} \x{D83D}\x{DC68}\x{200D}\x{2764}\x{FE0F}\x{200D}\x{D83D}\x{DC68} \x{D83D}\x{DC69}\x{200D}\x{2764}\x{FE0F}\x{200D}\x{D83D}\x{DC8B}\x{200D}\x{D83D}\x{DC69} \x{D83D}\x{DC68}\x{200D}"
          text run at (0,678) width 401: "\x{2764}\x{FE0F}\x{200D}\x{D83D}\x{DC8B}\x{200D}\x{D83D}\x{DC68} \x{D83D}\x{DC69}\x{200D}\x{2764}\x{FE0F}\x{200D}\x{D83D}\x{DC69}"
