layer at (0,0) size 800x600
  RenderView at (0,0) size 800x600
layer at (0,0) size 800x87
  RenderBlock {HTML} at (0,0) size 800x87
    RenderBody {BODY} at (8,16) size 784x63
      RenderBlock {P} at (0,0) size 784x17
        RenderText {#text} at (0,0) size 422x17
          text run at (0,0) width 422: "Test passes if the orange and blue boxes below are the same width."
layer at (8,49) size 784x30
  RenderBlock (relative positioned) {DIV} at (0,33) size 784x30
layer at (692,49) size 100x30
  RenderBlock (relative positioned) {DIV} at (684,0) size 100x30 [bgcolor=#FFA500]
layer at (642,49) size 140x30
  RenderBlock (relative positioned) {DIV} at (-50,0) size 140x30 [border: none (10px solid #FFA500) none (10px solid #FFA500)]
layer at (642,79) size 150x30
  RenderBlock (positioned) {DIV} at (634,30) size 150x30 [bgcolor=#0000FF]
