layer at (0,0) size 785x585
  RenderView at (0,0) size 785x585
layer at (0,0) size 785x80
  RenderBlock {HTML} at (0,0) size 785x80
layer at (8,8) size 769x64 clip at (8,8) size 754x49
  RenderBody {BODY} at (8,8) size 769x64
    RenderBlock {P} at (0,16) size 754x17
      RenderText {#text} at (0,0) size 303x17
        text run at (0,0) width 303: "Test passes if there is no red visible on the page."
    RenderBlock {DIV} at (0,49) size 754x0 [bgcolor=#FF0000]
layer at (8,57) size 96x96
  RenderBlock (positioned) {DIV} at (8,57) size 96x96
