layer at (0,0) size 800x600
  RenderView at (0,0) size 800x600
layer at (0,0) size 800x80
  RenderBlock {HTML} at (0,0) size 800x80
    RenderBody {BODY} at (8,16) size 784x56
      RenderBlock {P} at (0,0) size 784x17
        RenderText {#text} at (0,0) size 547x17
          text run at (0,0) width 547: "Test passes if there is no white space between the blue box below and the orange lines."
      RenderBlock {DIV} at (0,33) size 96x23 [border: (3px solid #FFA500) none (3px solid #FFA500) none]
        RenderBlock {DIV} at (0,3) size 96x17 [bgcolor=#0000FF]
          RenderText {#text} at (0,0) size 66x17
            text run at (0,0) width 66: "Filler Text"
