layer at (0,0) size 800x600
  RenderView at (0,0) size 800x600
layer at (0,0) size 800x137 layerType: background only
layer at (8,49) size 784x80
  RenderBlock (positioned) zI: -1 {DIV} at (0,0) size 784x80 [bgcolor=#FF0000]
    RenderText zI: -1 {#text} at (0,31) size 12x17
      text run at (0,31) width 12: "X"
layer at (0,0) size 800x137 layerType: foreground only
  RenderBlock {HTML} at (0,0) size 800x137
    RenderBody {BODY} at (8,16) size 784x113
      RenderBlock {P} at (0,0) size 784x17
        RenderText {#text} at (0,0) size 617x17
          text run at (0,0) width 617: "Test passes if there is a wide bright green rectangle below with one \"X\" in it and if there is no red."
layer at (8,49) size 784x80
  RenderBlock (relative positioned) {DIV} at (0,33) size 784x80
    RenderBlock {DIV} at (0,0) size 784x80 [bgcolor=#00FF00]
      RenderInline {SPAN} at (0,0) size 0x17
      RenderText {#text} at (0,31) size 12x17
        text run at (0,31) width 12: "X"
