layer at (0,0) size 800x600
  RenderView at (0,0) size 800x600
layer at (0,0) size 800x272
  RenderBlock {HTML} at (0,0) size 800x272
    RenderBody {BODY} at (8,16) size 784x248
      RenderBlock {P} at (0,0) size 784x34
        RenderText {#text} at (0,0) size 771x34
          text run at (0,0) width 771: "Test passes if the blue and orange boxes below are the same width, and the blue box is in the upper-left corner of the black"
          text run at (0,17) width 28: "box."
      RenderBlock {DIV} at (0,50) size 198x198 [border: (3px solid #000000)]
        RenderImage {IMG} at (3,3) size 15x15
        RenderBlock {DIV} at (3,18) size 15x15 [bgcolor=#FFA500]
