layer at (0,0) size 800x600
  RenderView at (0,0) size 800x600
layer at (0,0) size 800x66
  RenderBlock {HTML} at (0,0) size 800x66
    RenderBody {BODY} at (8,16) size 784x34
      RenderBlock {P} at (0,0) size 784x34
        RenderText {#text} at (0,0) size 779x34
          text run at (0,0) width 779: "Test passes if there is space between the blue and orange lines below and there is a marker bullet on the left-hand side of the"
          text run at (0,17) width 75: "orange box."
layer at (8,66) size 340x340
  RenderBlock (positioned) {DIV} at (8,66) size 340x340 [border: (10px solid #0000FF)]
    RenderListItem {DIV} at (60,60) size 220x220 [border: (10px solid #FFA500)]
      RenderListMarker at (-17,10) size 7x17: bullet
