layer at (0,0) size 785x1226
  RenderView at (0,0) size 785x600
layer at (0,0) size 785x1226
  RenderBlock {HTML} at (0,0) size 785x1226
    RenderBody {BODY} at (8,8) size 769x1210
      RenderText {#text} at (0,0) size 282x17
        text run at (0,0) width 282: "LTR fieldset with left/center/right text-align: "
      RenderBR {BR} at (282,14) size 0x0
      RenderFieldSet {FIELDSET} at (16,33) size 228x120 [border: (2px groove #C0C0C0)]
        RenderBlock {LEGEND} at (34,0) size 104x25
          RenderBlock {DIV} at (2,0) size 100x25 [bgcolor=#FFA500]
      RenderText {#text} at (260,154) size 4x17
        text run at (260,154) width 4: " "
      RenderFieldSet {FIELDSET} at (280,33) size 228x120 [border: (2px groove #C0C0C0)]
        RenderBlock {LEGEND} at (110,0) size 104x25
          RenderBlock {DIV} at (2,0) size 100x25 [bgcolor=#FFA500]
      RenderText {#text} at (0,0) size 0x0
      RenderFieldSet {FIELDSET} at (16,187) size 228x120 [border: (2px groove #C0C0C0)]
        RenderBlock {LEGEND} at (62,0) size 104x25
          RenderBlock {DIV} at (2,0) size 100x25 [bgcolor=#FFA500]
      RenderText {#text} at (260,308) size 4x17
        text run at (260,308) width 4: " "
      RenderBR {BR} at (0,0) size 0x0
      RenderText {#text} at (0,325) size 282x17
        text run at (0,325) width 282: "RTL fieldset with left/center/right text-align: "
      RenderBR {BR} at (282,339) size 0x0
      RenderFieldSet {FIELDSET} at (16,358) size 228x120 [border: (2px groove #C0C0C0)]
        RenderBlock {LEGEND} at (14,0) size 104x25
          RenderBlock {DIV} at (2,0) size 100x25 [bgcolor=#FFA500]
      RenderText {#text} at (260,479) size 4x17
        text run at (260,479) width 4: " "
      RenderFieldSet {FIELDSET} at (280,358) size 228x120 [border: (2px groove #C0C0C0)]
        RenderBlock {LEGEND} at (90,0) size 104x25
          RenderBlock {DIV} at (2,0) size 100x25 [bgcolor=#FFA500]
      RenderText {#text} at (0,0) size 0x0
      RenderFieldSet {FIELDSET} at (16,512) size 228x120 [border: (2px groove #C0C0C0)]
        RenderBlock {LEGEND} at (62,0) size 104x25
          RenderBlock {DIV} at (2,0) size 100x25 [bgcolor=#FFA500]
      RenderText {#text} at (260,633) size 4x17
        text run at (260,633) width 4: " "
      RenderBR {BR} at (0,0) size 0x0
      RenderText {#text} at (0,650) size 336x17
        text run at (0,650) width 336: "Vertical LTR fieldset with left/center/right text-align: "
      RenderBR {BR} at (336,664) size 0x0
      RenderFieldSet {FIELDSET} at (16,683) size 120x228 [border: (2px groove #C0C0C0)]
        RenderBlock {LEGEND} at (0,34) size 25x104
          RenderBlock {DIV} at (0,2) size 25x100 [bgcolor=#FFA500]
      RenderText {#text} at (151,913) size 5x17
        text run at (151,913) width 5: " "
      RenderFieldSet {FIELDSET} at (171,683) size 121x228 [border: (2px groove #C0C0C0)]
        RenderBlock {LEGEND} at (0,110) size 25x104
          RenderBlock {DIV} at (0,2) size 25x100 [bgcolor=#FFA500]
      RenderText {#text} at (307,913) size 5x17
        text run at (307,913) width 5: " "
      RenderFieldSet {FIELDSET} at (327,683) size 120x228 [border: (2px groove #C0C0C0)]
        RenderBlock {LEGEND} at (0,62) size 25x104
          RenderBlock {DIV} at (0,2) size 25x100 [bgcolor=#FFA500]
      RenderText {#text} at (462,913) size 5x17
        text run at (462,913) width 5: " "
      RenderBR {BR} at (0,0) size 0x0
      RenderText {#text} at (0,930) size 336x17
        text run at (0,930) width 336: "Vertical RTL fieldset with left/center/right text-align: "
      RenderBR {BR} at (336,944) size 0x0
      RenderFieldSet {FIELDSET} at (16,963) size 120x228 [border: (2px groove #C0C0C0)]
        RenderBlock {LEGEND} at (0,14) size 25x104
          RenderBlock {DIV} at (0,2) size 25x100 [bgcolor=#FFA500]
      RenderText {#text} at (151,1193) size 5x17
        text run at (151,1193) width 5: " "
      RenderFieldSet {FIELDSET} at (171,963) size 121x228 [border: (2px groove #C0C0C0)]
        RenderBlock {LEGEND} at (0,90) size 25x104
          RenderBlock {DIV} at (0,2) size 25x100 [bgcolor=#FFA500]
      RenderText {#text} at (307,1193) size 5x17
        text run at (307,1193) width 5: " "
      RenderFieldSet {FIELDSET} at (327,963) size 120x228 [border: (2px groove #C0C0C0)]
        RenderBlock {LEGEND} at (0,62) size 25x104
          RenderBlock {DIV} at (0,2) size 25x100 [bgcolor=#FFA500]
      RenderText {#text} at (0,0) size 0x0
