layer at (0,0) size 800x600
  RenderView at (0,0) size 800x600
layer at (0,436) size 800x164
  RenderBlock {HTML} at (0,0) size 800x164
    RenderBody {BODY} at (8,8) size 784x148
      RenderText {#text} at (0,0) size 391x40
        text run at (0,0) width 391: "This is the first line of text."
      RenderBR {BR} at (391,0) size 0x40
      RenderImage {IMG} at (0,48) size 20x50 [bgcolor=#008000]
      RenderText {#text} at (20,40) size 379x40
        text run at (20,40) width 379: " This is the second line of "
      RenderImage {IMG} at (399,48) size 20x100 [bgcolor=#800080]
      RenderText {#text} at (419,40) size 72x40
        text run at (419,40) width 72: " text."
selection start: position 1 of child 0 {#text} of body
selection end:   position 1 of child 3 {IMG} of body
