layer at (0,0) size 785x701
  RenderView at (0,0) size 785x600
layer at (0,0) size 785x701
  RenderBlock {HTML} at (0,0) size 785x701
    RenderBody {BODY} at (8,8) size 769x685
      RenderBlock {P} at (0,0) size 769x69
        RenderText {#text} at (0,0) size 751x34
          text run at (0,0) width 358: "This test shows the following bugs with text-orientation. "
          text run at (358,0) width 393: "The far right test mis-renders differently in both the simple and"
          text run at (0,17) width 389: "complex text paths. The simple text path mis-renders because "
        RenderInline {TT} at (0,0) size 304x15
          RenderText {#text} at (389,20) size 304x15
            text run at (389,20) width 304: "CTFontGetVerticalTranslationsForGlyphs"
        RenderText {#text} at (693,17) size 757x52
          text run at (693,17) width 47: " returns"
          text run at (0,35) width 434: "incorrect values for horizontal glyphs that have vertical counterparts. "
          text run at (434,35) width 323: "The complex text code path mis-renders because of"
          text run at (0,52) width 103: "API deficiency. "
          text run at (103,52) width 603: "There is no way to tell CoreText to use upright horizontal glyphs when rendering a vertical line."
      RenderBlock {DIV} at (0,85) size 162x600
        RenderBlock {DIV} at (0,0) size 162x411 [border: (1px solid #008000)]
          RenderInline {SPAN} at (0,0) size 40x173
            RenderText {#text} at (1,1) size 40x173
              text run at (1,1) width 173: "Hello world"
          RenderBR {BR} at (9,174) size 0x0
          RenderInline {SPAN} at (0,0) size 40x409
            RenderText {#text} at (41,1) size 40x409
              text run at (41,1) width 409: "Hello world"
          RenderBR {BR} at (49,410) size 0x0
          RenderInline {SPAN} at (0,0) size 40x173
            RenderText {#text} at (81,1) size 40x173
              text run at (81,1) width 173: "Hello world"
          RenderBR {BR} at (89,174) size 0x0
          RenderInline {SPAN} at (0,0) size 40x409
            RenderText {#text} at (121,1) size 40x409
              text run at (121,1) width 409: "Hello world"
          RenderBR {BR} at (129,410) size 0x0
        RenderText {#text} at (1,411) size 40x9
          text run at (1,411) width 9: " "
        RenderBlock {DIV} at (0,420) size 162x175 [border: (1px solid #008000)]
          RenderInline {SPAN} at (0,0) size 40x173
            RenderText {#text} at (1,1) size 40x173
              text run at (1,1) width 173: "Hello world"
          RenderBR {BR} at (9,174) size 0x0
          RenderInline {SPAN} at (0,0) size 40x173
            RenderText {#text} at (41,1) size 40x173
              text run at (41,1) width 173: "Hello world"
          RenderBR {BR} at (49,174) size 0x0
          RenderInline {SPAN} at (0,0) size 40x173
            RenderText {#text} at (81,1) size 40x173
              text run at (81,1) width 173: "Hello world"
          RenderBR {BR} at (89,174) size 0x0
          RenderInline {SPAN} at (0,0) size 40x173
            RenderText {#text} at (121,1) size 40x173
              text run at (121,1) width 173: "Hello world"
          RenderBR {BR} at (129,174) size 0x0
        RenderText {#text} at (0,0) size 0x0
