layer at (0,0) size 800x600
  RenderView at (0,0) size 800x600
layer at (0,0) size 800x303
  RenderBlock {html} at (0,0) size 800x303
    RenderBody {body} at (8,16) size 784x279
      RenderBlock {p} at (0,0) size 784x27
        RenderTextControl {input} at (2,2) size 461x23 [bgcolor=#FFFFFF] [border: (2px inset #000000)]
      RenderBlock {p} at (0,43) size 784x17
        RenderText {#text} at (0,0) size 463x17
          text run at (0,0) width 463: "It should say \"PASSED\" above and there should be a green circle below."
      RenderBlock (anonymous) at (0,76) size 784x203
        RenderSVGRoot {svg} at (8,92) size 100x100
          RenderSVGEllipse {circle} at (8,92) size 100x100 [fill={[type=SOLID] [color=#008000]}] [cx=50.00] [cy=50.00] [r=50.00]
        RenderText {#text} at (0,0) size 0x0
        RenderText {#text} at (0,0) size 0x0
layer at (13,21) size 455x17
  RenderBlock {div} at (3,3) size 455x17
    RenderText {#text} at (0,0) size 165x17
      text run at (0,0) width 165: "This test has PASSED."
