layer at (0,0) size 1188x585
  RenderView at (0,0) size 800x585
layer at (0,0) size 800x585
  RenderBlock {HTML} at (0,0) size 800x585
    RenderBody {BODY} at (8,8) size 784x569
layer at (8,8) size 784x504
  RenderBlock {DIV} at (0,0) size 784x504 [border: (2px solid #FF0000)]
    RenderMultiColumnSet at (2,2) size 780x500
layer at (10,10) size 382x1476 backgroundClip at (0,0) size 1188x585 clip at (0,0) size 1188x585
  RenderMultiColumnFlowThread at (2,2) size 382x1476
    RenderBlock {DIV} at (0,0) size 382x1476
      RenderBlock {DIV} at (0,0) size 382x355
        RenderText {#text} at (0,18) size 352x97
          text run at (0,18) width 350: "All of this text even though it's smaller should be on the"
          text run at (0,58) width 352: "36px grid. The grid should reset at the top of the second"
          text run at (0,98) width 51: "column."
        RenderBR {BR} at (51,112) size 0x0
        RenderText {#text} at (0,138) size 352x97
          text run at (0,138) width 350: "All of this text even though it's smaller should be on the"
          text run at (0,178) width 352: "36px grid. The grid should reset at the top of the second"
          text run at (0,218) width 51: "column."
        RenderBR {BR} at (51,232) size 0x0
        RenderText {#text} at (0,258) size 352x97
          text run at (0,258) width 350: "All of this text even though it's smaller should be on the"
          text run at (0,298) width 352: "36px grid. The grid should reset at the top of the second"
          text run at (0,338) width 51: "column."
        RenderBR {BR} at (51,352) size 0x0
      RenderBlock {DIV} at (0,355) size 382x502
        RenderText {#text} at (0,16) size 377x166
          text run at (0,16) width 377: "All of this text even though it's smaller"
          text run at (0,56) width 353: "should be on the 36px grid. The grid"
          text run at (0,96) width 348: "should reset at the top of the second"
          text run at (0,156) width 79: "column."
        RenderBR {BR} at (79,177) size 0x0
        RenderText {#text} at (0,196) size 377x146
          text run at (0,196) width 377: "All of this text even though it's smaller"
          text run at (0,236) width 353: "should be on the 36px grid. The grid"
          text run at (0,276) width 348: "should reset at the top of the second"
          text run at (0,316) width 79: "column."
        RenderBR {BR} at (79,337) size 0x0
        RenderText {#text} at (0,356) size 377x146
          text run at (0,356) width 377: "All of this text even though it's smaller"
          text run at (0,396) width 353: "should be on the 36px grid. The grid"
          text run at (0,436) width 348: "should reset at the top of the second"
          text run at (0,476) width 79: "column."
        RenderBR {BR} at (79,497) size 0x0
      RenderBlock {DIV} at (0,857) size 382x257
        RenderText {#text} at (0,26) size 372x51
          text run at (0,26) width 372: "All of this text even though it's smaller should be on the 36px grid. The grid should reset at"
          text run at (0,66) width 120: "the top of the second column."
        RenderBR {BR} at (120,75) size 0x0
        RenderText {#text} at (0,106) size 372x71
          text run at (0,106) width 372: "All of this text even though it's smaller should be on the 36px grid. The grid should reset at"
          text run at (0,166) width 120: "the top of the second column."
        RenderBR {BR} at (120,175) size 0x0
        RenderText {#text} at (0,206) size 372x51
          text run at (0,206) width 372: "All of this text even though it's smaller should be on the 36px grid. The grid should reset at"
          text run at (0,246) width 120: "the top of the second column."
        RenderBR {BR} at (120,255) size 0x0
      RenderBlock {DIV} at (0,1114) size 382x362
        RenderText {#text} at (0,22) size 381x100
          text run at (0,22) width 381: "All of this text even though it's smaller should be on"
          text run at (0,62) width 381: "the 36px grid. The grid should reset at the top of the"
          text run at (0,102) width 114: "second column."
        RenderBR {BR} at (114,118) size 0x0
        RenderText {#text} at (0,142) size 381x100
          text run at (0,142) width 381: "All of this text even though it's smaller should be on"
          text run at (0,182) width 381: "the 36px grid. The grid should reset at the top of the"
          text run at (0,222) width 114: "second column."
        RenderBR {BR} at (114,238) size 0x0
        RenderText {#text} at (0,262) size 381x100
          text run at (0,262) width 381: "All of this text even though it's smaller should be on"
          text run at (0,302) width 381: "the 36px grid. The grid should reset at the top of the"
          text run at (0,342) width 114: "second column."
        RenderBR {BR} at (114,358) size 0x0
