layer at (0,0) size 800x600
  RenderView at (0,0) size 800x600
layer at (0,0) size 800x600 layerType: background only
layer at (0,0) size 800x540 scrollWidth 1216
  RenderBlock (positioned) zI: -1 {DIV} at (0,0) size 800x540 [color=#00FF00]
    RenderText zI: -1 {#text} at (0,6) size 1216x32
      text run at (0,6) width 1216: "xxxxxxxxxxxxxxxxxxxxxxxxxxxxxxxxxxxxxx"
    RenderBR {BR} at (0,0) size 0x0
    RenderText zI: -1 {#text} at (0,46) size 1216x32
      text run at (0,46) width 1216: "xxxxxxxxxxxxxxxxxxxxxxxxxxxxxxxxxxxxxx"
    RenderBR {BR} at (0,0) size 0x0
    RenderText zI: -1 {#text} at (0,86) size 1216x32
      text run at (0,86) width 1216: "xxxxxxxxxxxxxxxxxxxxxxxxxxxxxxxxxxxxxx"
    RenderBR {BR} at (0,0) size 0x0
    RenderText zI: -1 {#text} at (0,126) size 1216x32
      text run at (0,126) width 1216: "xxxxxxxxxxxxxxxxxxxxxxxxxxxxxxxxxxxxxx"
    RenderBR {BR} at (0,0) size 0x0
    RenderText zI: -1 {#text} at (0,166) size 1216x32
      text run at (0,166) width 1216: "xxxxxxxxxxxxxxxxxxxxxxxxxxxxxxxxxxxxxx"
    RenderBR {BR} at (0,0) size 0x0
    RenderText zI: -1 {#text} at (0,206) size 1216x32
      text run at (0,206) width 1216: "xxxxxxxxxxxxxxxxxxxxxxxxxxxxxxxxxxxxxx"
    RenderBR {BR} at (0,0) size 0x0
    RenderText zI: -1 {#text} at (0,246) size 1216x32
      text run at (0,246) width 1216: "xxxxxxxxxxxxxxxxxxxxxxxxxxxxxxxxxxxxxx"
    RenderBR {BR} at (0,0) size 0x0
    RenderText zI: -1 {#text} at (0,286) size 1216x32
      text run at (0,286) width 1216: "xxxxxxxxxxxxxxxxxxxxxxxxxxxxxxxxxxxxxx"
    RenderBR {BR} at (0,0) size 0x0
    RenderText zI: -1 {#text} at (0,326) size 1216x32
      text run at (0,326) width 1216: "xxxxxxxxxxxxxxxxxxxxxxxxxxxxxxxxxxxxxx"
    RenderBR {BR} at (0,0) size 0x0
    RenderText zI: -1 {#text} at (0,366) size 1216x32
      text run at (0,366) width 1216: "xxxxxxxxxxxxxxxxxxxxxxxxxxxxxxxxxxxxxx"
    RenderBR {BR} at (0,0) size 0x0
    RenderText zI: -1 {#text} at (0,406) size 1216x32
      text run at (0,406) width 1216: "xxxxxxxxxxxxxxxxxxxxxxxxxxxxxxxxxxxxxx"
    RenderBR {BR} at (0,0) size 0x0
    RenderText zI: -1 {#text} at (0,446) size 1216x32
      text run at (0,446) width 1216: "xxxxxxxxxxxxxxxxxxxxxxxxxxxxxxxxxxxxxx"
    RenderBR {BR} at (0,0) size 0x0
    RenderText zI: -1 {#text} at (0,486) size 1216x32
      text run at (0,486) width 1216: "xxxxxxxxxxxxxxxxxxxxxxxxxxxxxxxxxxxxxx"
    RenderBR {BR} at (0,0) size 0x0
layer at (0,0) size 800x600 layerType: foreground only
  RenderBlock {HTML} at (0,0) size 800x600
    RenderBody {BODY} at (0,0) size 800x600
layer at (0,0) size 800x540
  RenderBlock (relative positioned) {DIV} at (0,0) size 800x540
layer at (0,0) size 800x540
  RenderBlock {DIV} at (0,0) size 800x540
    RenderMultiColumnSet at (20,20) size 760x500
layer at (20,20) size 362x914 backgroundClip at (0,0) size 800x600 clip at (0,0) size 800x600
  RenderMultiColumnFlowThread at (20,20) size 362x914
    RenderBlock {DIV} at (0,0) size 362x375
      RenderText {#text} at (0,38) size 352x97
        text run at (0,38) width 350: "All of this text even though it's smaller should be on the"
        text run at (0,78) width 352: "36px grid. The grid should reset at the top of the second"
        text run at (0,118) width 51: "column."
      RenderBR {BR} at (51,132) size 0x0
      RenderText {#text} at (0,158) size 352x97
        text run at (0,158) width 350: "All of this text even though it's smaller should be on the"
        text run at (0,198) width 352: "36px grid. The grid should reset at the top of the second"
        text run at (0,238) width 51: "column."
      RenderBR {BR} at (51,252) size 0x0
      RenderText {#text} at (0,278) size 352x97
        text run at (0,278) width 350: "All of this text even though it's smaller should be on the"
        text run at (0,318) width 352: "36px grid. The grid should reset at the top of the second"
        text run at (0,358) width 51: "column."
      RenderBR {BR} at (51,372) size 0x0
    RenderBlock {DIV} at (0,375) size 362x502
      RenderText {#text} at (0,16) size 342x166
        text run at (0,16) width 299: "All of this text even though it's"
        text run at (0,56) width 342: "smaller should be on the 36px grid."
        text run at (0,96) width 328: "The grid should reset at the top of"
        text run at (0,156) width 188: "the second column."
      RenderBR {BR} at (188,177) size 0x0
      RenderText {#text} at (0,196) size 342x146
        text run at (0,196) width 299: "All of this text even though it's"
        text run at (0,236) width 342: "smaller should be on the 36px grid."
        text run at (0,276) width 328: "The grid should reset at the top of"
        text run at (0,316) width 188: "the second column."
      RenderBR {BR} at (188,337) size 0x0
      RenderText {#text} at (0,356) size 342x146
        text run at (0,356) width 299: "All of this text even though it's"
        text run at (0,396) width 342: "smaller should be on the 36px grid."
        text run at (0,436) width 328: "The grid should reset at the top of"
        text run at (0,476) width 188: "the second column."
      RenderBR {BR} at (188,497) size 0x0
    RenderBlock {DIV} at (0,877) size 362x37
      RenderText {#text} at (0,26) size 274x11
        text run at (0,26) width 274: "All of this text even though it's smaller should be on the 36px grid."
