layer at (0,0) size 800x600
  RenderView at (0,0) size 800x600
layer at (0,0) size 800x130
  RenderBlock {html} at (0,0) size 800x130
    RenderBody {body} at (8,8) size 784x106
      RenderBlock {div} at (0,0) size 784x73
        RenderTable {table} at (0,0) size 164x73 [border: (1px outset #808080)]
          RenderTableSection (anonymous) at (1,1) size 162x71
            RenderTableRow {tr} at (0,2) size 162x21
              RenderTableCell {td} at (2,2) size 65x21 [bgcolor=#00FF00] [border: (1px solid #000000)] [r=0 c=0 rs=1 cs=1]
                RenderText {#text} at (2,2) size 61x17
                  text run at (2,2) width 61: "green cell"
              RenderTableCell {td} at (69,2) size 65x21 [bgcolor=#00FF00] [border: (1px solid #000000)] [r=0 c=1 rs=1 cs=1]
                RenderText {#text} at (2,2) size 61x17
                  text run at (2,2) width 61: "green cell"
              RenderTableCell {td} at (136,2) size 24x21 [border: (1px solid #000000)] [r=0 c=2 rs=1 cs=1]
                RenderText {#text} at (2,2) size 20x17
                  text run at (2,2) width 20: "1.3"
            RenderTableRow {tr} at (0,25) size 162x21
              RenderTableCell {td} at (2,25) size 65x21 [bgcolor=#00FF00] [border: (1px solid #000000)] [r=1 c=0 rs=1 cs=1]
                RenderText {#text} at (2,2) size 61x17
                  text run at (2,2) width 61: "green cell"
              RenderTableCell {td} at (69,25) size 65x21 [bgcolor=#00FF00] [border: (1px solid #000000)] [r=1 c=1 rs=1 cs=1]
                RenderText {#text} at (2,2) size 61x17
                  text run at (2,2) width 61: "green cell"
              RenderTableCell {td} at (136,25) size 24x21 [border: (1px solid #000000)] [r=1 c=2 rs=1 cs=1]
                RenderText {#text} at (2,2) size 20x17
                  text run at (2,2) width 20: "2.3"
            RenderTableRow {tr} at (0,48) size 162x21
              RenderTableCell {td} at (2,48) size 65x21 [bgcolor=#00FF00] [border: (1px solid #000000)] [r=2 c=0 rs=1 cs=1]
                RenderText {#text} at (2,2) size 61x17
                  text run at (2,2) width 61: "green cell"
              RenderTableCell {td} at (69,48) size 65x21 [bgcolor=#00FF00] [border: (1px solid #000000)] [r=2 c=1 rs=1 cs=1]
                RenderText {#text} at (2,2) size 61x17
                  text run at (2,2) width 61: "green cell"
              RenderTableCell {td} at (136,48) size 24x21 [border: (1px solid #000000)] [r=2 c=2 rs=1 cs=1]
                RenderText {#text} at (2,2) size 20x17
                  text run at (2,2) width 20: "3.3"
      RenderBlock {p} at (0,89) size 784x17
        RenderText {#text} at (0,0) size 32x17
          text run at (0,0) width 32: "This "
        RenderInline {span} at (0,0) size 109x17
          RenderText {#text} at (32,0) size 109x17
            text run at (32,0) width 109: "paragraph should"
        RenderText {#text} at (141,0) size 80x17
          text run at (141,0) width 80: " be unstyled."
