layer at (0,0) size 800x600
  RenderView at (0,0) size 800x600
layer at (0,0) size 800x475
  RenderBlock {html} at (0,0) size 800x475
    RenderBody {body} at (8,16) size 784x451
      RenderBlock {ul} at (0,0) size 784x102
        RenderListItem {li} at (40,0) size 744x17 [bgcolor=#00FF00]
          RenderListMarker at (-17,0) size 7x17: bullet
          RenderText {#text} at (0,0) size 318x17
            text run at (0,0) width 318: "This first list item should have a green background"
        RenderListItem {li} at (40,17) size 744x17
          RenderListMarker at (-17,0) size 7x17: bullet
          RenderText {#text} at (0,0) size 100x17
            text run at (0,0) width 100: "Second list item"
        RenderListItem {li} at (40,34) size 744x17 [bgcolor=#00FF00]
          RenderListMarker at (-17,0) size 7x17: bullet
          RenderText {#text} at (0,0) size 323x17
            text run at (0,0) width 323: "This third list item should have a green background"
        RenderListItem {li} at (40,51) size 744x17
          RenderListMarker at (-17,0) size 7x17: bullet
          RenderText {#text} at (0,0) size 95x17
            text run at (0,0) width 95: "Fourth list item"
        RenderListItem {li} at (40,68) size 744x17 [bgcolor=#00FF00]
          RenderListMarker at (-17,0) size 7x17: bullet
          RenderText {#text} at (0,0) size 320x17
            text run at (0,0) width 320: "This fifth list item should have a green background"
        RenderListItem {li} at (40,85) size 744x17
          RenderListMarker at (-17,0) size 7x17: bullet
          RenderText {#text} at (0,0) size 86x17
            text run at (0,0) width 86: "Sixth list item"
      RenderBlock {ol} at (0,118) size 784x102
        RenderListItem {li} at (40,0) size 744x17
          RenderListMarker at (-20,0) size 16x17: "1"
          RenderText {#text} at (0,0) size 81x17
            text run at (0,0) width 81: "First list item"
        RenderListItem {li} at (40,17) size 744x17 [bgcolor=#00FF00]
          RenderListMarker at (-20,0) size 16x17: "2"
          RenderText {#text} at (0,0) size 338x17
            text run at (0,0) width 338: "This second list item should have a green background"
        RenderListItem {li} at (40,34) size 744x17
          RenderListMarker at (-20,0) size 16x17: "3"
          RenderText {#text} at (0,0) size 88x17
            text run at (0,0) width 88: "Third list item"
        RenderListItem {li} at (40,51) size 744x17 [bgcolor=#00FF00]
          RenderListMarker at (-20,0) size 16x17: "4"
          RenderText {#text} at (0,0) size 332x17
            text run at (0,0) width 332: "This fourth list item should have a green background"
        RenderListItem {li} at (40,68) size 744x17
          RenderListMarker at (-20,0) size 16x17: "5"
          RenderText {#text} at (0,0) size 83x17
            text run at (0,0) width 83: "Fifth list item"
        RenderListItem {li} at (40,85) size 744x17 [bgcolor=#00FF00]
          RenderListMarker at (-20,0) size 16x17: "6"
          RenderText {#text} at (0,0) size 324x17
            text run at (0,0) width 324: "This sixth list item should have a green background"
      RenderBlock {div} at (0,236) size 784x215
        RenderTable {table} at (0,0) size 162x142 [border: (1px outset #808080)]
          RenderTableSection (anonymous) at (1,1) size 160x140
            RenderTableRow {tr} at (0,2) size 160x21 [bgcolor=#00FF00]
              RenderTableCell {td} at (2,2) size 104x21 [border: (1px inset #808080)] [r=0 c=0 rs=1 cs=1]
                RenderText {#text} at (2,2) size 100x17
                  text run at (2,2) width 100: "Green row : 1.1"
              RenderTableCell {td} at (108,2) size 24x21 [border: (1px inset #808080)] [r=0 c=1 rs=1 cs=1]
                RenderText {#text} at (2,2) size 20x17
                  text run at (2,2) width 20: "1.2"
              RenderTableCell {td} at (134,2) size 24x21 [border: (1px inset #808080)] [r=0 c=2 rs=1 cs=1]
                RenderText {#text} at (2,2) size 20x17
                  text run at (2,2) width 20: "1.3"
            RenderTableRow {tr} at (0,25) size 160x21 [bgcolor=#00FF00]
              RenderTableCell {td} at (2,25) size 104x21 [border: (1px inset #808080)] [r=1 c=0 rs=1 cs=1]
                RenderText {#text} at (2,2) size 100x17
                  text run at (2,2) width 100: "Green row : 2.1"
              RenderTableCell {td} at (108,25) size 24x21 [border: (1px inset #808080)] [r=1 c=1 rs=1 cs=1]
                RenderText {#text} at (2,2) size 20x17
                  text run at (2,2) width 20: "2.2"
              RenderTableCell {td} at (134,25) size 24x21 [border: (1px inset #808080)] [r=1 c=2 rs=1 cs=1]
                RenderText {#text} at (2,2) size 20x17
                  text run at (2,2) width 20: "2.3"
            RenderTableRow {tr} at (0,48) size 160x21 [bgcolor=#00FF00]
              RenderTableCell {td} at (2,48) size 104x21 [border: (1px inset #808080)] [r=2 c=0 rs=1 cs=1]
                RenderText {#text} at (2,2) size 100x17
                  text run at (2,2) width 100: "Green row : 3.1"
              RenderTableCell {td} at (108,48) size 24x21 [border: (1px inset #808080)] [r=2 c=1 rs=1 cs=1]
                RenderText {#text} at (2,2) size 20x17
                  text run at (2,2) width 20: "3.2"
              RenderTableCell {td} at (134,48) size 24x21 [border: (1px inset #808080)] [r=2 c=2 rs=1 cs=1]
                RenderText {#text} at (2,2) size 20x17
                  text run at (2,2) width 20: "3.3"
            RenderTableRow {tr} at (0,71) size 160x21 [bgcolor=#00FF00]
              RenderTableCell {td} at (2,71) size 104x21 [border: (1px inset #808080)] [r=3 c=0 rs=1 cs=1]
                RenderText {#text} at (2,2) size 100x17
                  text run at (2,2) width 100: "Green row : 4.1"
              RenderTableCell {td} at (108,71) size 24x21 [border: (1px inset #808080)] [r=3 c=1 rs=1 cs=1]
                RenderText {#text} at (2,2) size 20x17
                  text run at (2,2) width 20: "4.2"
              RenderTableCell {td} at (134,71) size 24x21 [border: (1px inset #808080)] [r=3 c=2 rs=1 cs=1]
                RenderText {#text} at (2,2) size 20x17
                  text run at (2,2) width 20: "4.3"
            RenderTableRow {tr} at (0,94) size 160x21
              RenderTableCell {td} at (2,94) size 104x21 [border: (1px inset #808080)] [r=4 c=0 rs=1 cs=1]
                RenderText {#text} at (2,2) size 20x17
                  text run at (2,2) width 20: "5.1"
              RenderTableCell {td} at (108,94) size 24x21 [border: (1px inset #808080)] [r=4 c=1 rs=1 cs=1]
                RenderText {#text} at (2,2) size 20x17
                  text run at (2,2) width 20: "5.2"
              RenderTableCell {td} at (134,94) size 24x21 [border: (1px inset #808080)] [r=4 c=2 rs=1 cs=1]
                RenderText {#text} at (2,2) size 20x17
                  text run at (2,2) width 20: "5.3"
            RenderTableRow {tr} at (0,117) size 160x21
              RenderTableCell {td} at (2,117) size 104x21 [border: (1px inset #808080)] [r=5 c=0 rs=1 cs=1]
                RenderText {#text} at (2,2) size 20x17
                  text run at (2,2) width 20: "6.1"
              RenderTableCell {td} at (108,117) size 24x21 [border: (1px inset #808080)] [r=5 c=1 rs=1 cs=1]
                RenderText {#text} at (2,2) size 20x17
                  text run at (2,2) width 20: "6.2"
              RenderTableCell {td} at (134,117) size 24x21 [border: (1px inset #808080)] [r=5 c=2 rs=1 cs=1]
                RenderText {#text} at (2,2) size 20x17
                  text run at (2,2) width 20: "6.3"
        RenderTable {table} at (0,142) size 335x73 [border: (1px outset #808080)]
          RenderTableSection (anonymous) at (1,1) size 333x71
            RenderTableRow {tr} at (0,2) size 333x21
              RenderTableCell {td} at (2,2) size 65x21 [bgcolor=#00FF00] [border: (1px inset #808080)] [r=0 c=0 rs=1 cs=1]
                RenderText {#text} at (2,2) size 61x17
                  text run at (2,2) width 61: "green cell"
              RenderTableCell {td} at (69,2) size 24x21 [border: (1px inset #808080)] [r=0 c=1 rs=1 cs=1]
                RenderText {#text} at (2,2) size 20x17
                  text run at (2,2) width 20: "1.2"
              RenderTableCell {td} at (95,2) size 24x21 [border: (1px inset #808080)] [r=0 c=2 rs=1 cs=1]
                RenderText {#text} at (2,2) size 20x17
                  text run at (2,2) width 20: "1.3"
              RenderTableCell {td} at (121,2) size 65x21 [bgcolor=#00FF00] [border: (1px inset #808080)] [r=0 c=3 rs=1 cs=1]
                RenderText {#text} at (2,2) size 61x17
                  text run at (2,2) width 61: "green cell"
              RenderTableCell {td} at (188,2) size 24x21 [border: (1px inset #808080)] [r=0 c=4 rs=1 cs=1]
                RenderText {#text} at (2,2) size 20x17
                  text run at (2,2) width 20: "1.5"
              RenderTableCell {td} at (214,2) size 24x21 [border: (1px inset #808080)] [r=0 c=5 rs=1 cs=1]
                RenderText {#text} at (2,2) size 20x17
                  text run at (2,2) width 20: "1.6"
              RenderTableCell {td} at (240,2) size 65x21 [bgcolor=#00FF00] [border: (1px inset #808080)] [r=0 c=6 rs=1 cs=1]
                RenderText {#text} at (2,2) size 61x17
                  text run at (2,2) width 61: "green cell"
              RenderTableCell {td} at (307,2) size 24x21 [border: (1px inset #808080)] [r=0 c=7 rs=1 cs=1]
                RenderText {#text} at (2,2) size 20x17
                  text run at (2,2) width 20: "1.8"
            RenderTableRow {tr} at (0,25) size 333x21
              RenderTableCell {td} at (2,25) size 65x21 [bgcolor=#00FF00] [border: (1px inset #808080)] [r=1 c=0 rs=1 cs=1]
                RenderText {#text} at (2,2) size 61x17
                  text run at (2,2) width 61: "green cell"
              RenderTableCell {td} at (69,25) size 24x21 [border: (1px inset #808080)] [r=1 c=1 rs=1 cs=1]
                RenderText {#text} at (2,2) size 20x17
                  text run at (2,2) width 20: "2.2"
              RenderTableCell {td} at (95,25) size 24x21 [border: (1px inset #808080)] [r=1 c=2 rs=1 cs=1]
                RenderText {#text} at (2,2) size 20x17
                  text run at (2,2) width 20: "2.3"
              RenderTableCell {td} at (121,25) size 65x21 [bgcolor=#00FF00] [border: (1px inset #808080)] [r=1 c=3 rs=1 cs=1]
                RenderText {#text} at (2,2) size 61x17
                  text run at (2,2) width 61: "green cell"
              RenderTableCell {td} at (188,25) size 24x21 [border: (1px inset #808080)] [r=1 c=4 rs=1 cs=1]
                RenderText {#text} at (2,2) size 20x17
                  text run at (2,2) width 20: "2.5"
              RenderTableCell {td} at (214,25) size 24x21 [border: (1px inset #808080)] [r=1 c=5 rs=1 cs=1]
                RenderText {#text} at (2,2) size 20x17
                  text run at (2,2) width 20: "2.6"
              RenderTableCell {td} at (240,25) size 65x21 [bgcolor=#00FF00] [border: (1px inset #808080)] [r=1 c=6 rs=1 cs=1]
                RenderText {#text} at (2,2) size 61x17
                  text run at (2,2) width 61: "green cell"
              RenderTableCell {td} at (307,25) size 24x21 [border: (1px inset #808080)] [r=1 c=7 rs=1 cs=1]
                RenderText {#text} at (2,2) size 20x17
                  text run at (2,2) width 20: "2.8"
            RenderTableRow {tr} at (0,48) size 333x21
              RenderTableCell {td} at (2,48) size 65x21 [bgcolor=#00FF00] [border: (1px inset #808080)] [r=2 c=0 rs=1 cs=1]
                RenderText {#text} at (2,2) size 61x17
                  text run at (2,2) width 61: "green cell"
              RenderTableCell {td} at (69,48) size 24x21 [border: (1px inset #808080)] [r=2 c=1 rs=1 cs=1]
                RenderText {#text} at (2,2) size 20x17
                  text run at (2,2) width 20: "3.2"
              RenderTableCell {td} at (95,48) size 24x21 [border: (1px inset #808080)] [r=2 c=2 rs=1 cs=1]
                RenderText {#text} at (2,2) size 20x17
                  text run at (2,2) width 20: "3.3"
              RenderTableCell {td} at (121,48) size 65x21 [bgcolor=#00FF00] [border: (1px inset #808080)] [r=2 c=3 rs=1 cs=1]
                RenderText {#text} at (2,2) size 61x17
                  text run at (2,2) width 61: "green cell"
              RenderTableCell {td} at (188,48) size 24x21 [border: (1px inset #808080)] [r=2 c=4 rs=1 cs=1]
                RenderText {#text} at (2,2) size 20x17
                  text run at (2,2) width 20: "3.5"
              RenderTableCell {td} at (214,48) size 24x21 [border: (1px inset #808080)] [r=2 c=5 rs=1 cs=1]
                RenderText {#text} at (2,2) size 20x17
                  text run at (2,2) width 20: "3.6"
              RenderTableCell {td} at (240,48) size 65x21 [bgcolor=#00FF00] [border: (1px inset #808080)] [r=2 c=6 rs=1 cs=1]
                RenderText {#text} at (2,2) size 61x17
                  text run at (2,2) width 61: "green cell"
              RenderTableCell {td} at (307,48) size 24x21 [border: (1px inset #808080)] [r=2 c=7 rs=1 cs=1]
                RenderText {#text} at (2,2) size 20x17
                  text run at (2,2) width 20: "3.8"
