layer at (0,0) size 800x600
  RenderView at (0,0) size 800x600
layer at (0,0) size 800x119
  RenderBlock {html} at (0,0) size 800x119
    RenderBody {body} at (8,16) size 784x95
      RenderBlock {p} at (0,0) size 784x17 [bgcolor=#00FF00]
        RenderText {#text} at (0,0) size 268x17
          text run at (0,0) width 268: "This line should have a green background."
      RenderBlock {p} at (0,33) size 784x23 [bgcolor=#00FF00]
        RenderText {#text} at (0,3) size 696x17
          text run at (0,3) width 696: "UAs may render the following element as a pop up menu. If so, please ensure the menu is unstyled (or green). "
        RenderMenuList {select} at (698,2) size 82x19 [border: (1px solid #000000)]
          RenderBlock (anonymous) at (1,1) size 80x17
            RenderText at (0,0) size 74x17
              text run at (0,0) width 74: "This should"
        RenderText {#text} at (0,0) size 0x0
      RenderTable {table} at (0,72) size 429x23 [bgcolor=#00FF00]
        RenderTableSection (anonymous) at (0,0) size 429x23
          RenderTableRow {tr} at (0,2) size 429x19
            RenderTableCell {td} at (2,2) size 425x19 [r=0 c=0 rs=1 cs=1]
              RenderText {#text} at (1,1) size 423x17
                text run at (1,1) width 423: "This line should have a green background (or it might be unstyled)."
