layer at (0,0) size 800x600
  RenderView at (0,0) size 800x600
layer at (0,0) size 800x74
  RenderBlock {html} at (0,0) size 800x74
    RenderBody {body} at (8,8) size 784x50
      RenderBlock {div} at (0,0) size 784x50
        RenderBlock {q} at (0,0) size 784x17 [bgcolor=#00FF00]
          RenderText {#text} at (0,0) size 308x17
            text run at (0,0) width 308: "This paragraph should have a green background."
        RenderBlock {r} at (0,33) size 784x17
          RenderText {#text} at (0,0) size 221x17
            text run at (0,0) width 221: "This paragraph should be unstyled."
