layer at (0,0) size 800x600
  RenderView at (0,0) size 800x600
layer at (0,0) size 800x66
  RenderBlock {html} at (0,0) size 800x66
    RenderBody {body} at (8,16) size 784x34
      RenderBlock {p} at (0,0) size 784x34 [color=#008000]
        RenderBR {br} at (0,0) size 0x17
        RenderText {#text} at (0,17) size 163x17
          text run at (0,17) width 163: "This line should be green."
