layer at (0,0) size 800x600
  RenderView at (0,0) size 800x600
layer at (0,0) size 800x99
  RenderBlock {html} at (0,0) size 800x99
    RenderBody {body} at (8,16) size 784x67
      RenderBlock {ul} at (0,0) size 784x34
        RenderListItem {li} at (40,0) size 744x17 [bgcolor=#00FF00]
          RenderListMarker at (-17,0) size 7x17: bullet
          RenderText {#text} at (0,0) size 304x17
            text run at (0,0) width 304: "The background of this list item should be green"
        RenderListItem {li} at (40,17) size 744x17 [bgcolor=#00FF00]
          RenderListMarker at (-17,0) size 7x17: bullet
          RenderText {#text} at (0,0) size 381x17
            text run at (0,0) width 381: "The background of this second list item should be also green"
      RenderBlock {p} at (0,50) size 784x17 [bgcolor=#00FF00]
        RenderText {#text} at (0,0) size 322x17
          text run at (0,0) width 322: "The background of this paragraph should be green."
