layer at (0,0) size 785x585
  RenderView at (0,0) size 785x585
layer at (0,0) size 785x272
  RenderBlock {HTML} at (0,0) size 785x272
layer at (8,8) size 769x256 clip at (8,8) size 754x241
  RenderBody {BODY} at (8,8) size 769x256
    RenderBlock {P} at (0,16) size 754x17
      RenderText {#text} at (0,0) size 267x17
        text run at (0,0) width 267: "Test passes if there is a blue square below."
layer at (8,57) size 754x192
  RenderBlock (relative positioned) {DIV} at (0,49) size 754x192
    RenderBlock {DIV} at (0,0) size 96x192 [bgcolor=#0000FF] [border: (24px solid #0000FF) none (24px solid #0000FF) none]
      RenderBlock {DIV} at (0,48) size 96x48 [border: (24px solid #0000FF) none]
      RenderBlock {DIV} at (0,96) size 96x48 [border: none (24px solid #0000FF) none]
layer at (104,57) size 96x192
  RenderBlock (positioned) {DIV} at (96,0) size 96x192 [bgcolor=#0000FF]
