layer at (0,0) size 800x600
  RenderView at (0,0) size 800x600
layer at (0,0) size 800x72
  RenderBlock {HTML} at (0,0) size 800x72
    RenderBody {BODY} at (8,16) size 784x48
      RenderBlock {P} at (0,0) size 784x17
        RenderText {#text} at (0,0) size 425x17
          text run at (0,0) width 425: "Test passes if the blue and orange boxes below are the same height."
layer at (8,49) size 784x15
  RenderBlock (relative positioned) {DIV} at (0,33) size 784x15
    RenderImage {IMG} at (0,0) size 15x15
    RenderText {#text} at (0,0) size 0x0
    RenderText {#text} at (0,0) size 0x0
layer at (23,49) size 15x15
  RenderBlock (positioned) {DIV} at (15,0) size 15x15 [bgcolor=#FFA500]
