layer at (0,0) size 800x600
  RenderView at (0,0) size 800x600
layer at (0,0) size 800x281
  RenderBlock {HTML} at (0,0) size 800x281
    RenderBody {BODY} at (8,16) size 784x257
      RenderBlock {P} at (0,0) size 784x17
        RenderText {#text} at (0,0) size 425x17
          text run at (0,0) width 425: "Test passes if the blue and orange boxes below are the same height."
layer at (8,129) size 784x144
  RenderBlock (relative positioned) {DIV} at (0,113) size 784x144
    RenderInline {SPAN} at (0,0) size 96x192 [color=#0000FF] [bgcolor=#0000FF]
      RenderText {#text} at (0,24) size 96x96
        text run at (0,24) width 96: "X"
    RenderText {#text} at (0,0) size 0x0
    RenderText {#text} at (0,0) size 0x0
layer at (104,105) size 96x192
  RenderBlock (positioned) {DIV} at (96,-24) size 96x192 [bgcolor=#FFA500]
