layer at (0,0) size 800x600
  RenderView at (0,0) size 800x600
layer at (0,0) size 800x600
  RenderBlock {HTML} at (0,0) size 800x600
    RenderBody {BODY} at (8,8) size 784x584
      RenderBlock (anonymous) at (0,0) size 784x20
        RenderText {#text} at (0,0) size 429x19
          text run at (0,0) width 429: "Pixel test for complex text rendering with opacity (Chromium bug "
        RenderInline {A} at (0,0) size 33x19 [color=#0000EE]
          RenderText {#text} at (428,0) size 33x19
            text run at (428,0) width 33: "8768"
        RenderText {#text} at (460,0) size 10x19
          text run at (460,0) width 10: ")."
      RenderBlock {P} at (0,36) size 784x0
      RenderBlock {DIV} at (0,36) size 784x39
        RenderInline {SPAN} at (0,0) size 46x29
          RenderText {#text} at (0,3) size 46x29
            text run at (0,3) width 46: "\x{916}\x{94B}\x{91C}\x{947}\x{902}"
        RenderText {#text} at (45,3) size 7x29
          text run at (45,3) width 7: " "
        RenderText {#text} at (96,3) size 7x29
          text run at (96,3) width 7: " "
        RenderText {#text} at (147,3) size 8x29
          text run at (147,3) width 8: " "
        RenderText {#text} at (199,3) size 7x29
          text run at (199,3) width 7: " "
        RenderText {#text} at (250,3) size 7x29
          text run at (250,3) width 7: " "
        RenderText {#text} at (302,3) size 7x29
          text run at (302,3) width 7: " "
        RenderText {#text} at (353,3) size 7x29
          text run at (353,3) width 7: " "
        RenderText {#text} at (404,3) size 8x29
          text run at (404,3) width 8: " "
        RenderText {#text} at (456,3) size 7x29
          text run at (456,3) width 7: " "
        RenderText {#text} at (507,3) size 7x29
          text run at (507,3) width 7: " "
        RenderText {#text} at (0,0) size 0x0
      RenderBlock {DIV} at (0,75) size 784x36
        RenderInline {SPAN} at (0,0) size 51x29
          RenderText {#text} at (568,2) size 51x29
            text run at (568,2) width 51 RTL: "\x{64A}\x{624}\x{644}\x{645}\x{646}\x{64A}"
        RenderText {#text} at (562,2) size 7x29
          text run at (562,2) width 7 RTL: " "
        RenderText {#text} at (505,2) size 7x29
          text run at (505,2) width 7 RTL: " "
        RenderText {#text} at (448,2) size 7x29
          text run at (448,2) width 7 RTL: " "
        RenderText {#text} at (391,2) size 7x29
          text run at (391,2) width 7 RTL: " "
        RenderText {#text} at (334,2) size 7x29
          text run at (334,2) width 7 RTL: " "
        RenderText {#text} at (277,2) size 8x29
          text run at (277,2) width 8 RTL: " "
        RenderText {#text} at (221,2) size 7x29
          text run at (221,2) width 7 RTL: " "
        RenderText {#text} at (164,2) size 7x29
          text run at (164,2) width 7 RTL: " "
        RenderText {#text} at (107,2) size 7x29
          text run at (107,2) width 7 RTL: " "
        RenderText {#text} at (50,2) size 7x29
          text run at (50,2) width 7 RTL: " "
        RenderText {#text} at (0,0) size 0x0
layer at (8,44) size 46x29
  RenderInline {SPAN} at (0,0) size 46x29
    RenderText {#text} at (51,3) size 46x29
      text run at (51,3) width 46: "\x{916}\x{94B}\x{91C}\x{947}\x{902}"
layer at (8,44) size 46x29
  RenderInline {SPAN} at (0,0) size 46x29
    RenderText {#text} at (102,3) size 46x29
      text run at (102,3) width 46: "\x{916}\x{94B}\x{91C}\x{947}\x{902}"
layer at (8,44) size 46x29
  RenderInline {SPAN} at (0,0) size 46x29
    RenderText {#text} at (154,3) size 46x29
      text run at (154,3) width 46: "\x{916}\x{94B}\x{91C}\x{947}\x{902}"
layer at (8,44) size 46x29
  RenderInline {SPAN} at (0,0) size 46x29
    RenderText {#text} at (205,3) size 46x29
      text run at (205,3) width 46: "\x{916}\x{94B}\x{91C}\x{947}\x{902}"
layer at (8,44) size 46x29
  RenderInline {SPAN} at (0,0) size 46x29
    RenderText {#text} at (257,3) size 46x29
      text run at (257,3) width 46: "\x{916}\x{94B}\x{91C}\x{947}\x{902}"
layer at (8,44) size 46x29
  RenderInline {SPAN} at (0,0) size 46x29
    RenderText {#text} at (308,3) size 46x29
      text run at (308,3) width 46: "\x{916}\x{94B}\x{91C}\x{947}\x{902}"
layer at (8,44) size 46x29
  RenderInline {SPAN} at (0,0) size 46x29
    RenderText {#text} at (359,3) size 46x29
      text run at (359,3) width 46: "\x{916}\x{94B}\x{91C}\x{947}\x{902}"
layer at (8,44) size 46x29
  RenderInline {SPAN} at (0,0) size 46x29
    RenderText {#text} at (411,3) size 46x29
      text run at (411,3) width 46: "\x{916}\x{94B}\x{91C}\x{947}\x{902}"
layer at (8,44) size 46x29
  RenderInline {SPAN} at (0,0) size 46x29
    RenderText {#text} at (462,3) size 46x29
      text run at (462,3) width 46: "\x{916}\x{94B}\x{91C}\x{947}\x{902}"
layer at (8,44) size 46x29
  RenderInline {SPAN} at (0,0) size 46x29
    RenderText {#text} at (514,3) size 46x29
      text run at (514,3) width 46: "\x{916}\x{94B}\x{91C}\x{947}\x{902}"
layer at (8,83) size 52x29
  RenderInline {SPAN} at (0,0) size 52x29
    RenderText {#text} at (511,2) size 52x29
      text run at (511,2) width 52 RTL: "\x{64A}\x{624}\x{644}\x{645}\x{646}\x{64A}"
layer at (8,83) size 52x29
  RenderInline {SPAN} at (0,0) size 52x29
    RenderText {#text} at (454,2) size 52x29
      text run at (454,2) width 52 RTL: "\x{64A}\x{624}\x{644}\x{645}\x{646}\x{64A}"
layer at (8,83) size 52x29
  RenderInline {SPAN} at (0,0) size 52x29
    RenderText {#text} at (397,2) size 52x29
      text run at (397,2) width 52 RTL: "\x{64A}\x{624}\x{644}\x{645}\x{646}\x{64A}"
layer at (8,83) size 52x29
  RenderInline {SPAN} at (0,0) size 52x29
    RenderText {#text} at (340,2) size 52x29
      text run at (340,2) width 52 RTL: "\x{64A}\x{624}\x{644}\x{645}\x{646}\x{64A}"
layer at (8,83) size 51x29
  RenderInline {SPAN} at (0,0) size 51x29
    RenderText {#text} at (284,2) size 51x29
      text run at (284,2) width 51 RTL: "\x{64A}\x{624}\x{644}\x{645}\x{646}\x{64A}"
layer at (8,83) size 51x29
  RenderInline {SPAN} at (0,0) size 51x29
    RenderText {#text} at (227,2) size 51x29
      text run at (227,2) width 51 RTL: "\x{64A}\x{624}\x{644}\x{645}\x{646}\x{64A}"
layer at (8,83) size 52x29
  RenderInline {SPAN} at (0,0) size 52x29
    RenderText {#text} at (170,2) size 52x29
      text run at (170,2) width 52 RTL: "\x{64A}\x{624}\x{644}\x{645}\x{646}\x{64A}"
layer at (8,83) size 52x29
  RenderInline {SPAN} at (0,0) size 52x29
    RenderText {#text} at (113,2) size 52x29
      text run at (113,2) width 52 RTL: "\x{64A}\x{624}\x{644}\x{645}\x{646}\x{64A}"
layer at (8,83) size 52x29
  RenderInline {SPAN} at (0,0) size 52x29
    RenderText {#text} at (56,2) size 52x29
      text run at (56,2) width 52 RTL: "\x{64A}\x{624}\x{644}\x{645}\x{646}\x{64A}"
layer at (8,83) size 51x29
  RenderInline {SPAN} at (0,0) size 51x29
    RenderText {#text} at (0,2) size 51x29
      text run at (0,2) width 51 RTL: "\x{64A}\x{624}\x{644}\x{645}\x{646}\x{64A}"
