layer at (0,0) size 800x600
  RenderView at (0,0) size 800x600
layer at (0,0) size 800x600
  RenderBlock {HTML} at (0,0) size 800x600
    RenderBody {BODY} at (8,8) size 784x584
      RenderBlock {P} at (0,0) size 784x20
        RenderText {#text} at (0,0) size 286x19
          text run at (0,0) width 286: "This tests GraphicsContext::drawBidiText()."
      RenderMenuList {SELECT} at (2,36) size 342x32 [bgcolor=#FFFFFF02] [border: (1px solid #4C4C4C)]
        RenderBlock (anonymous) at (10,5) size 322x22
          RenderText at (0,0) size 0x22
            text run at (0,0) width 0: " "
      RenderMenuList {SELECT} at (2,70) size 377x18 [bgcolor=#FFFFFF02] [border: (1px solid #4C4C4C)]
        RenderBlock (anonymous) at (7,1) size 363x16
          RenderText at (0,0) size 40x15
            text run at (0,0) width 40: "0 Items"
