layer at (0,0) size 785x7165
  RenderView at (0,0) size 785x600
layer at (0,0) size 785x7165
  RenderBlock {HTML} at (0,0) size 785x7165
    RenderBody {BODY} at (8,8) size 769x7141
      RenderBlock (anonymous) at (0,0) size 769x18
        RenderText {#text} at (0,0) size 352x18
          text run at (0,0) width 352: "This tests font choices and metrics for the cursive font."
      RenderBlock {P} at (0,34) size 769x2375
        RenderInline {FONT} at (0,0) size 64x2375
          RenderText {#text} at (0,0) size 46x25
            text run at (0,0) width 46: "cursive"
          RenderBR {BR} at (45,18) size 1x0
          RenderText {#text} at (0,25) size 18x25
            text run at (0,25) width 18: "    "
          RenderBR {BR} at (17,43) size 1x0
          RenderText {#text} at (0,50) size 17x25
            text run at (0,50) width 17: "!!!!"
          RenderBR {BR} at (16,68) size 1x0
          RenderText {#text} at (0,75) size 25x25
            text run at (0,75) width 25: "\"\"\"\""
          RenderBR {BR} at (24,93) size 1x0
          RenderText {#text} at (0,100) size 36x25
            text run at (0,100) width 36: "####"
          RenderBR {BR} at (35,118) size 1x0
          RenderText {#text} at (0,125) size 25x25
            text run at (0,125) width 25: "$$$$"
          RenderBR {BR} at (24,143) size 1x0
          RenderText {#text} at (0,150) size 47x25
            text run at (0,150) width 47: "%%%%"
          RenderBR {BR} at (47,168) size 0x0
          RenderText {#text} at (0,175) size 57x25
            text run at (0,175) width 57: "&&&&"
          RenderBR {BR} at (56,193) size 1x0
          RenderText {#text} at (0,200) size 14x25
            text run at (0,200) width 14: "''''"
          RenderBR {BR} at (13,218) size 1x0
          RenderText {#text} at (0,225) size 22x25
            text run at (0,225) width 22: "(((("
          RenderBR {BR} at (21,243) size 1x0
          RenderText {#text} at (0,250) size 22x25
            text run at (0,250) width 22: "))))"
          RenderBR {BR} at (21,268) size 1x0
          RenderText {#text} at (0,275) size 29x25
            text run at (0,275) width 29: "****"
          RenderBR {BR} at (28,293) size 1x0
          RenderText {#text} at (0,300) size 36x25
            text run at (0,300) width 36: "++++"
          RenderBR {BR} at (35,318) size 1x0
          RenderText {#text} at (0,325) size 14x25
            text run at (0,325) width 14: ",,,,"
          RenderBR {BR} at (13,343) size 1x0
          RenderText {#text} at (0,350) size 24x25
            text run at (0,350) width 24: "----"
          RenderBR {BR} at (23,368) size 1x0
          RenderText {#text} at (0,375) size 14x25
            text run at (0,375) width 14: "...."
          RenderBR {BR} at (13,393) size 1x0
          RenderText {#text} at (0,400) size 28x25
            text run at (0,400) width 28: "////"
          RenderBR {BR} at (27,418) size 1x0
          RenderText {#text} at (0,425) size 33x25
            text run at (0,425) width 33: "0000"
          RenderBR {BR} at (33,443) size 0x0
          RenderText {#text} at (0,450) size 28x25
            text run at (0,450) width 28: "1111"
          RenderBR {BR} at (27,468) size 1x0
          RenderText {#text} at (0,475) size 36x25
            text run at (0,475) width 36: "2222"
          RenderBR {BR} at (35,493) size 1x0
          RenderText {#text} at (0,500) size 30x25
            text run at (0,500) width 30: "3333"
          RenderBR {BR} at (29,518) size 1x0
          RenderText {#text} at (0,525) size 40x25
            text run at (0,525) width 40: "4444"
          RenderBR {BR} at (39,543) size 1x0
          RenderText {#text} at (0,550) size 31x25
            text run at (0,550) width 31: "5555"
          RenderBR {BR} at (30,568) size 1x0
          RenderText {#text} at (0,575) size 37x25
            text run at (0,575) width 37: "6666"
          RenderBR {BR} at (36,593) size 1x0
          RenderText {#text} at (0,600) size 33x25
            text run at (0,600) width 33: "7777"
          RenderBR {BR} at (32,618) size 1x0
          RenderText {#text} at (0,625) size 34x25
            text run at (0,625) width 34: "8888"
          RenderBR {BR} at (33,643) size 1x0
          RenderText {#text} at (0,650) size 37x25
            text run at (0,650) width 37: "9999"
          RenderBR {BR} at (36,668) size 1x0
          RenderText {#text} at (0,675) size 14x25
            text run at (0,675) width 14: "::::"
          RenderBR {BR} at (13,693) size 1x0
          RenderText {#text} at (0,700) size 14x25
            text run at (0,700) width 14: ";;;;"
          RenderBR {BR} at (13,718) size 1x0
          RenderText {#text} at (0,725) size 36x25
            text run at (0,725) width 36: "<<<<"
          RenderBR {BR} at (35,743) size 1x0
          RenderText {#text} at (0,750) size 36x25
            text run at (0,750) width 36: "===="
          RenderBR {BR} at (35,768) size 1x0
          RenderText {#text} at (0,775) size 36x25
            text run at (0,775) width 36: ">>>>"
          RenderBR {BR} at (35,793) size 1x0
          RenderText {#text} at (0,800) size 24x25
            text run at (0,800) width 24: "????"
          RenderBR {BR} at (23,818) size 1x0
          RenderText {#text} at (0,825) size 45x25
            text run at (0,825) width 45: "@@@@"
          RenderBR {BR} at (44,843) size 1x0
          RenderText {#text} at (0,850) size 46x25
            text run at (0,850) width 46: "AAAA"
          RenderBR {BR} at (45,868) size 1x0
          RenderText {#text} at (0,875) size 47x25
            text run at (0,875) width 47: "BBBB"
          RenderBR {BR} at (46,893) size 1x0
          RenderText {#text} at (0,900) size 40x25
            text run at (0,900) width 40: "CCCC"
          RenderBR {BR} at (39,918) size 1x0
          RenderText {#text} at (0,925) size 56x25
            text run at (0,925) width 56: "DDDD"
          RenderBR {BR} at (55,943) size 1x0
          RenderText {#text} at (0,950) size 47x25
            text run at (0,950) width 47: "EEEE"
          RenderBR {BR} at (46,968) size 1x0
          RenderText {#text} at (0,975) size 46x25
            text run at (0,975) width 46: "FFFF"
          RenderBR {BR} at (45,993) size 1x0
          RenderText {#text} at (0,1000) size 43x25
            text run at (0,1000) width 43: "GGGG"
          RenderBR {BR} at (42,1018) size 1x0
          RenderText {#text} at (0,1025) size 55x25
            text run at (0,1025) width 55: "HHHH"
          RenderBR {BR} at (54,1043) size 1x0
          RenderText {#text} at (0,1050) size 30x25
            text run at (0,1050) width 30: "IIII"
          RenderBR {BR} at (29,1068) size 1x0
          RenderText {#text} at (0,1075) size 30x25
            text run at (0,1075) width 30: "JJJJ"
          RenderBR {BR} at (29,1093) size 1x0
          RenderText {#text} at (0,1100) size 52x25
            text run at (0,1100) width 52: "KKKK"
          RenderBR {BR} at (51,1118) size 1x0
          RenderText {#text} at (0,1125) size 41x25
            text run at (0,1125) width 41: "LLLL"
          RenderBR {BR} at (40,1143) size 1x0
          RenderText {#text} at (0,1150) size 64x25
            text run at (0,1150) width 64: "MMMM"
          RenderBR {BR} at (63,1168) size 1x0
          RenderText {#text} at (0,1175) size 57x25
            text run at (0,1175) width 57: "NNNN"
          RenderBR {BR} at (56,1193) size 1x0
          RenderText {#text} at (0,1200) size 44x25
            text run at (0,1200) width 44: "OOOO"
          RenderBR {BR} at (43,1218) size 1x0
          RenderText {#text} at (0,1225) size 44x25
            text run at (0,1225) width 44: "PPPP"
          RenderBR {BR} at (43,1243) size 1x0
          RenderText {#text} at (0,1250) size 45x25
            text run at (0,1250) width 45: "QQQQ"
          RenderBR {BR} at (44,1268) size 1x0
          RenderText {#text} at (0,1275) size 51x25
            text run at (0,1275) width 51: "RRRR"
          RenderBR {BR} at (50,1293) size 1x0
          RenderText {#text} at (0,1300) size 34x25
            text run at (0,1300) width 34: "SSSS"
          RenderBR {BR} at (33,1318) size 1x0
          RenderText {#text} at (0,1325) size 49x25
            text run at (0,1325) width 49: "TTTT"
          RenderBR {BR} at (48,1343) size 1x0
          RenderText {#text} at (0,1350) size 55x25
            text run at (0,1350) width 55: "UUUU"
          RenderBR {BR} at (54,1368) size 1x0
          RenderText {#text} at (0,1375) size 45x25
            text run at (0,1375) width 45: "VVVV"
          RenderBR {BR} at (44,1393) size 1x0
          RenderText {#text} at (0,1400) size 58x25
            text run at (0,1400) width 58: "WWWW"
          RenderBR {BR} at (57,1418) size 1x0
          RenderText {#text} at (0,1425) size 45x25
            text run at (0,1425) width 45: "XXXX"
          RenderBR {BR} at (44,1443) size 1x0
          RenderText {#text} at (0,1450) size 42x25
            text run at (0,1450) width 42: "YYYY"
          RenderBR {BR} at (41,1468) size 1x0
          RenderText {#text} at (0,1475) size 38x25
            text run at (0,1475) width 38: "ZZZZ"
          RenderBR {BR} at (37,1493) size 1x0
          RenderText {#text} at (0,1500) size 21x25
            text run at (0,1500) width 21: "[[[["
          RenderBR {BR} at (20,1518) size 1x0
          RenderText {#text} at (0,1525) size 23x25
            text run at (0,1525) width 23: "\\\\\\\\"
          RenderBR {BR} at (22,1543) size 1x0
          RenderText {#text} at (0,1550) size 21x25
            text run at (0,1550) width 21: "]]]]"
          RenderBR {BR} at (20,1568) size 1x0
          RenderText {#text} at (0,1575) size 36x25
            text run at (0,1575) width 36: "^^^^"
          RenderBR {BR} at (35,1593) size 1x0
          RenderText {#text} at (0,1600) size 36x25
            text run at (0,1600) width 36: "____"
          RenderBR {BR} at (35,1618) size 1x0
          RenderText {#text} at (0,1625) size 29x25
            text run at (0,1625) width 29: "````"
          RenderBR {BR} at (28,1643) size 1x0
          RenderText {#text} at (0,1650) size 33x25
            text run at (0,1650) width 33: "aaaa"
          RenderBR {BR} at (32,1668) size 1x0
          RenderText {#text} at (0,1675) size 32x25
            text run at (0,1675) width 32: "bbbb"
          RenderBR {BR} at (31,1693) size 1x0
          RenderText {#text} at (0,1700) size 25x25
            text run at (0,1700) width 25: "cccc"
          RenderBR {BR} at (24,1718) size 1x0
          RenderText {#text} at (0,1725) size 33x25
            text run at (0,1725) width 33: "dddd"
          RenderBR {BR} at (32,1743) size 1x0
          RenderText {#text} at (0,1750) size 24x25
            text run at (0,1750) width 24: "eeee"
          RenderBR {BR} at (23,1768) size 1x0
          RenderText {#text} at (0,1775) size 20x25
            text run at (0,1775) width 20: "ffff"
          RenderBR {BR} at (19,1793) size 1x0
          RenderText {#text} at (0,1800) size 30x25
            text run at (0,1800) width 30: "gggg"
          RenderBR {BR} at (29,1818) size 1x0
          RenderText {#text} at (0,1825) size 35x25
            text run at (0,1825) width 35: "hhhh"
          RenderBR {BR} at (34,1843) size 1x0
          RenderText {#text} at (0,1850) size 19x25
            text run at (0,1850) width 19: "iiii"
          RenderBR {BR} at (18,1868) size 1x0
          RenderText {#text} at (0,1875) size 18x25
            text run at (0,1875) width 18: "jjjj"
          RenderBR {BR} at (17,1893) size 1x0
          RenderText {#text} at (0,1900) size 30x25
            text run at (0,1900) width 30: "kkkk"
          RenderBR {BR} at (29,1918) size 1x0
          RenderText {#text} at (0,1925) size 18x25
            text run at (0,1925) width 18: "llll"
          RenderBR {BR} at (17,1943) size 1x0
          RenderText {#text} at (0,1950) size 51x25
            text run at (0,1950) width 51: "mmmm"
          RenderBR {BR} at (50,1968) size 1x0
          RenderText {#text} at (0,1975) size 37x25
            text run at (0,1975) width 37: "nnnn"
          RenderBR {BR} at (36,1993) size 1x0
          RenderText {#text} at (0,2000) size 28x25
            text run at (0,2000) width 28: "oooo"
          RenderBR {BR} at (27,2018) size 1x0
          RenderText {#text} at (0,2025) size 32x25
            text run at (0,2025) width 32: "pppp"
          RenderBR {BR} at (31,2043) size 1x0
          RenderText {#text} at (0,2050) size 32x25
            text run at (0,2050) width 32: "qqqq"
          RenderBR {BR} at (31,2068) size 1x0
          RenderText {#text} at (0,2075) size 27x25
            text run at (0,2075) width 27: "rrrr"
          RenderBR {BR} at (26,2093) size 1x0
          RenderText {#text} at (0,2100) size 23x25
            text run at (0,2100) width 23: "ssss"
          RenderBR {BR} at (22,2118) size 1x0
          RenderText {#text} at (0,2125) size 21x25
            text run at (0,2125) width 21: "tttt"
          RenderBR {BR} at (20,2143) size 1x0
          RenderText {#text} at (0,2150) size 36x25
            text run at (0,2150) width 36: "uuuu"
          RenderBR {BR} at (35,2168) size 1x0
          RenderText {#text} at (0,2175) size 29x25
            text run at (0,2175) width 29: "vvvv"
          RenderBR {BR} at (28,2193) size 1x0
          RenderText {#text} at (0,2200) size 41x25
            text run at (0,2200) width 41: "wwww"
          RenderBR {BR} at (40,2218) size 1x0
          RenderText {#text} at (0,2225) size 33x25
            text run at (0,2225) width 33: "xxxx"
          RenderBR {BR} at (32,2243) size 1x0
          RenderText {#text} at (0,2250) size 35x25
            text run at (0,2250) width 35: "yyyy"
          RenderBR {BR} at (34,2268) size 1x0
          RenderText {#text} at (0,2275) size 27x25
            text run at (0,2275) width 27: "zzzz"
          RenderBR {BR} at (26,2293) size 1x0
          RenderText {#text} at (0,2300) size 23x25
            text run at (0,2300) width 23: "{{{{"
          RenderBR {BR} at (22,2318) size 1x0
          RenderText {#text} at (0,2325) size 14x25
            text run at (0,2325) width 14: "||||"
          RenderBR {BR} at (13,2343) size 1x0
          RenderText {#text} at (0,2350) size 23x25
            text run at (0,2350) width 23: "}}}}"
          RenderBR {BR} at (22,2368) size 1x0
      RenderBlock {P} at (0,2425) size 769x2350
        RenderInline {FONT} at (0,0) size 68x2350
          RenderText {#text} at (0,0) size 0x0
          RenderInline {B} at (0,0) size 68x2350
            RenderText {#text} at (0,0) size 22x25
              text run at (0,0) width 22: "    "
            RenderBR {BR} at (21,18) size 1x0
            RenderText {#text} at (0,25) size 21x25
              text run at (0,25) width 21: "!!!!"
            RenderBR {BR} at (20,43) size 1x0
            RenderText {#text} at (0,50) size 25x25
              text run at (0,50) width 25: "\"\"\"\""
            RenderBR {BR} at (24,68) size 1x0
            RenderText {#text} at (0,75) size 40x25
              text run at (0,75) width 40: "####"
            RenderBR {BR} at (39,93) size 1x0
            RenderText {#text} at (0,100) size 29x25
              text run at (0,100) width 29: "$$$$"
            RenderBR {BR} at (28,118) size 1x0
            RenderText {#text} at (0,125) size 51x25
              text run at (0,125) width 51: "%%%%"
            RenderBR {BR} at (51,143) size 0x0
            RenderText {#text} at (0,150) size 61x25
              text run at (0,150) width 61: "&&&&"
            RenderBR {BR} at (60,168) size 1x0
            RenderText {#text} at (0,175) size 14x25
              text run at (0,175) width 14: "''''"
            RenderBR {BR} at (13,193) size 1x0
            RenderText {#text} at (0,200) size 26x25
              text run at (0,200) width 26: "(((("
            RenderBR {BR} at (25,218) size 1x0
            RenderText {#text} at (0,225) size 26x25
              text run at (0,225) width 26: "))))"
            RenderBR {BR} at (25,243) size 1x0
            RenderText {#text} at (0,250) size 33x25
              text run at (0,250) width 33: "****"
            RenderBR {BR} at (32,268) size 1x0
            RenderText {#text} at (0,275) size 40x25
              text run at (0,275) width 40: "++++"
            RenderBR {BR} at (39,293) size 1x0
            RenderText {#text} at (0,300) size 18x25
              text run at (0,300) width 18: ",,,,"
            RenderBR {BR} at (17,318) size 1x0
            RenderText {#text} at (0,325) size 28x25
              text run at (0,325) width 28: "----"
            RenderBR {BR} at (27,343) size 1x0
            RenderText {#text} at (0,350) size 18x25
              text run at (0,350) width 18: "...."
            RenderBR {BR} at (17,368) size 1x0
            RenderText {#text} at (0,375) size 32x25
              text run at (0,375) width 32: "////"
            RenderBR {BR} at (31,393) size 1x0
            RenderText {#text} at (0,400) size 37x25
              text run at (0,400) width 37: "0000"
            RenderBR {BR} at (37,418) size 0x0
            RenderText {#text} at (0,425) size 32x25
              text run at (0,425) width 32: "1111"
            RenderBR {BR} at (31,443) size 1x0
            RenderText {#text} at (0,450) size 40x25
              text run at (0,450) width 40: "2222"
            RenderBR {BR} at (39,468) size 1x0
            RenderText {#text} at (0,475) size 34x25
              text run at (0,475) width 34: "3333"
            RenderBR {BR} at (33,493) size 1x0
            RenderText {#text} at (0,500) size 44x25
              text run at (0,500) width 44: "4444"
            RenderBR {BR} at (43,518) size 1x0
            RenderText {#text} at (0,525) size 35x25
              text run at (0,525) width 35: "5555"
            RenderBR {BR} at (34,543) size 1x0
            RenderText {#text} at (0,550) size 41x25
              text run at (0,550) width 41: "6666"
            RenderBR {BR} at (40,568) size 1x0
            RenderText {#text} at (0,575) size 37x25
              text run at (0,575) width 37: "7777"
            RenderBR {BR} at (36,593) size 1x0
            RenderText {#text} at (0,600) size 38x25
              text run at (0,600) width 38: "8888"
            RenderBR {BR} at (37,618) size 1x0
            RenderText {#text} at (0,625) size 41x25
              text run at (0,625) width 41: "9999"
            RenderBR {BR} at (40,643) size 1x0
            RenderText {#text} at (0,650) size 18x25
              text run at (0,650) width 18: "::::"
            RenderBR {BR} at (17,668) size 1x0
            RenderText {#text} at (0,675) size 18x25
              text run at (0,675) width 18: ";;;;"
            RenderBR {BR} at (17,693) size 1x0
            RenderText {#text} at (0,700) size 40x25
              text run at (0,700) width 40: "<<<<"
            RenderBR {BR} at (39,718) size 1x0
            RenderText {#text} at (0,725) size 40x25
              text run at (0,725) width 40: "===="
            RenderBR {BR} at (39,743) size 1x0
            RenderText {#text} at (0,750) size 40x25
              text run at (0,750) width 40: ">>>>"
            RenderBR {BR} at (39,768) size 1x0
            RenderText {#text} at (0,775) size 28x25
              text run at (0,775) width 28: "????"
            RenderBR {BR} at (27,793) size 1x0
            RenderText {#text} at (0,800) size 49x25
              text run at (0,800) width 49: "@@@@"
            RenderBR {BR} at (48,818) size 1x0
            RenderText {#text} at (0,825) size 50x25
              text run at (0,825) width 50: "AAAA"
            RenderBR {BR} at (49,843) size 1x0
            RenderText {#text} at (0,850) size 51x25
              text run at (0,850) width 51: "BBBB"
            RenderBR {BR} at (50,868) size 1x0
            RenderText {#text} at (0,875) size 44x25
              text run at (0,875) width 44: "CCCC"
            RenderBR {BR} at (43,893) size 1x0
            RenderText {#text} at (0,900) size 60x25
              text run at (0,900) width 60: "DDDD"
            RenderBR {BR} at (59,918) size 1x0
            RenderText {#text} at (0,925) size 51x25
              text run at (0,925) width 51: "EEEE"
            RenderBR {BR} at (50,943) size 1x0
            RenderText {#text} at (0,950) size 50x25
              text run at (0,950) width 50: "FFFF"
            RenderBR {BR} at (49,968) size 1x0
            RenderText {#text} at (0,975) size 47x25
              text run at (0,975) width 47: "GGGG"
            RenderBR {BR} at (46,993) size 1x0
            RenderText {#text} at (0,1000) size 59x25
              text run at (0,1000) width 59: "HHHH"
            RenderBR {BR} at (58,1018) size 1x0
            RenderText {#text} at (0,1025) size 34x25
              text run at (0,1025) width 34: "IIII"
            RenderBR {BR} at (33,1043) size 1x0
            RenderText {#text} at (0,1050) size 34x25
              text run at (0,1050) width 34: "JJJJ"
            RenderBR {BR} at (33,1068) size 1x0
            RenderText {#text} at (0,1075) size 56x25
              text run at (0,1075) width 56: "KKKK"
            RenderBR {BR} at (55,1093) size 1x0
            RenderText {#text} at (0,1100) size 45x25
              text run at (0,1100) width 45: "LLLL"
            RenderBR {BR} at (44,1118) size 1x0
            RenderText {#text} at (0,1125) size 68x25
              text run at (0,1125) width 68: "MMMM"
            RenderBR {BR} at (67,1143) size 1x0
            RenderText {#text} at (0,1150) size 61x25
              text run at (0,1150) width 61: "NNNN"
            RenderBR {BR} at (60,1168) size 1x0
            RenderText {#text} at (0,1175) size 48x25
              text run at (0,1175) width 48: "OOOO"
            RenderBR {BR} at (47,1193) size 1x0
            RenderText {#text} at (0,1200) size 48x25
              text run at (0,1200) width 48: "PPPP"
            RenderBR {BR} at (47,1218) size 1x0
            RenderText {#text} at (0,1225) size 49x25
              text run at (0,1225) width 49: "QQQQ"
            RenderBR {BR} at (48,1243) size 1x0
            RenderText {#text} at (0,1250) size 55x25
              text run at (0,1250) width 55: "RRRR"
            RenderBR {BR} at (54,1268) size 1x0
            RenderText {#text} at (0,1275) size 38x25
              text run at (0,1275) width 38: "SSSS"
            RenderBR {BR} at (37,1293) size 1x0
            RenderText {#text} at (0,1300) size 53x25
              text run at (0,1300) width 53: "TTTT"
            RenderBR {BR} at (52,1318) size 1x0
            RenderText {#text} at (0,1325) size 59x25
              text run at (0,1325) width 59: "UUUU"
            RenderBR {BR} at (58,1343) size 1x0
            RenderText {#text} at (0,1350) size 49x25
              text run at (0,1350) width 49: "VVVV"
            RenderBR {BR} at (48,1368) size 1x0
            RenderText {#text} at (0,1375) size 62x25
              text run at (0,1375) width 62: "WWWW"
            RenderBR {BR} at (61,1393) size 1x0
            RenderText {#text} at (0,1400) size 49x25
              text run at (0,1400) width 49: "XXXX"
            RenderBR {BR} at (48,1418) size 1x0
            RenderText {#text} at (0,1425) size 46x25
              text run at (0,1425) width 46: "YYYY"
            RenderBR {BR} at (45,1443) size 1x0
            RenderText {#text} at (0,1450) size 42x25
              text run at (0,1450) width 42: "ZZZZ"
            RenderBR {BR} at (41,1468) size 1x0
            RenderText {#text} at (0,1475) size 25x25
              text run at (0,1475) width 25: "[[[["
            RenderBR {BR} at (24,1493) size 1x0
            RenderText {#text} at (0,1500) size 27x25
              text run at (0,1500) width 27: "\\\\\\\\"
            RenderBR {BR} at (26,1518) size 1x0
            RenderText {#text} at (0,1525) size 25x25
              text run at (0,1525) width 25: "]]]]"
            RenderBR {BR} at (24,1543) size 1x0
            RenderText {#text} at (0,1550) size 40x25
              text run at (0,1550) width 40: "^^^^"
            RenderBR {BR} at (39,1568) size 1x0
            RenderText {#text} at (0,1575) size 40x25
              text run at (0,1575) width 40: "____"
            RenderBR {BR} at (39,1593) size 1x0
            RenderText {#text} at (0,1600) size 33x25
              text run at (0,1600) width 33: "````"
            RenderBR {BR} at (32,1618) size 1x0
            RenderText {#text} at (0,1625) size 37x25
              text run at (0,1625) width 37: "aaaa"
            RenderBR {BR} at (36,1643) size 1x0
            RenderText {#text} at (0,1650) size 36x25
              text run at (0,1650) width 36: "bbbb"
            RenderBR {BR} at (35,1668) size 1x0
            RenderText {#text} at (0,1675) size 29x25
              text run at (0,1675) width 29: "cccc"
            RenderBR {BR} at (28,1693) size 1x0
            RenderText {#text} at (0,1700) size 37x25
              text run at (0,1700) width 37: "dddd"
            RenderBR {BR} at (36,1718) size 1x0
            RenderText {#text} at (0,1725) size 28x25
              text run at (0,1725) width 28: "eeee"
            RenderBR {BR} at (27,1743) size 1x0
            RenderText {#text} at (0,1750) size 20x25
              text run at (0,1750) width 20: "ffff"
            RenderBR {BR} at (19,1768) size 1x0
            RenderText {#text} at (0,1775) size 34x25
              text run at (0,1775) width 34: "gggg"
            RenderBR {BR} at (33,1793) size 1x0
            RenderText {#text} at (0,1800) size 39x25
              text run at (0,1800) width 39: "hhhh"
            RenderBR {BR} at (38,1818) size 1x0
            RenderText {#text} at (0,1825) size 23x25
              text run at (0,1825) width 23: "iiii"
            RenderBR {BR} at (22,1843) size 1x0
            RenderText {#text} at (0,1850) size 22x25
              text run at (0,1850) width 22: "jjjj"
            RenderBR {BR} at (21,1868) size 1x0
            RenderText {#text} at (0,1875) size 34x25
              text run at (0,1875) width 34: "kkkk"
            RenderBR {BR} at (33,1893) size 1x0
            RenderText {#text} at (0,1900) size 18x25
              text run at (0,1900) width 18: "llll"
            RenderBR {BR} at (17,1918) size 1x0
            RenderText {#text} at (0,1925) size 55x25
              text run at (0,1925) width 55: "mmmm"
            RenderBR {BR} at (54,1943) size 1x0
            RenderText {#text} at (0,1950) size 41x25
              text run at (0,1950) width 41: "nnnn"
            RenderBR {BR} at (40,1968) size 1x0
            RenderText {#text} at (0,1975) size 32x25
              text run at (0,1975) width 32: "oooo"
            RenderBR {BR} at (31,1993) size 1x0
            RenderText {#text} at (0,2000) size 36x25
              text run at (0,2000) width 36: "pppp"
            RenderBR {BR} at (35,2018) size 1x0
            RenderText {#text} at (0,2025) size 36x25
              text run at (0,2025) width 36: "qqqq"
            RenderBR {BR} at (35,2043) size 1x0
            RenderText {#text} at (0,2050) size 31x25
              text run at (0,2050) width 31: "rrrr"
            RenderBR {BR} at (30,2068) size 1x0
            RenderText {#text} at (0,2075) size 27x25
              text run at (0,2075) width 27: "ssss"
            RenderBR {BR} at (26,2093) size 1x0
            RenderText {#text} at (0,2100) size 21x25
              text run at (0,2100) width 21: "tttt"
            RenderBR {BR} at (20,2118) size 1x0
            RenderText {#text} at (0,2125) size 40x25
              text run at (0,2125) width 40: "uuuu"
            RenderBR {BR} at (39,2143) size 1x0
            RenderText {#text} at (0,2150) size 33x25
              text run at (0,2150) width 33: "vvvv"
            RenderBR {BR} at (32,2168) size 1x0
            RenderText {#text} at (0,2175) size 45x25
              text run at (0,2175) width 45: "wwww"
            RenderBR {BR} at (44,2193) size 1x0
            RenderText {#text} at (0,2200) size 37x25
              text run at (0,2200) width 37: "xxxx"
            RenderBR {BR} at (36,2218) size 1x0
            RenderText {#text} at (0,2225) size 39x25
              text run at (0,2225) width 39: "yyyy"
            RenderBR {BR} at (38,2243) size 1x0
            RenderText {#text} at (0,2250) size 31x25
              text run at (0,2250) width 31: "zzzz"
            RenderBR {BR} at (30,2268) size 1x0
            RenderText {#text} at (0,2275) size 27x25
              text run at (0,2275) width 27: "{{{{"
            RenderBR {BR} at (26,2293) size 1x0
            RenderText {#text} at (0,2300) size 18x25
              text run at (0,2300) width 18: "||||"
            RenderBR {BR} at (17,2318) size 1x0
            RenderText {#text} at (0,2325) size 27x25
              text run at (0,2325) width 27: "}}}}"
            RenderBR {BR} at (26,2343) size 1x0
          RenderText {#text} at (0,0) size 0x0
      RenderBlock {P} at (0,4791) size 769x2350
        RenderInline {FONT} at (0,0) size 64x2350
          RenderText {#text} at (0,0) size 0x0
          RenderInline {I} at (0,0) size 64x2350
            RenderText {#text} at (0,0) size 18x25
              text run at (0,0) width 18: "    "
            RenderBR {BR} at (17,18) size 1x0
            RenderText {#text} at (0,25) size 17x25
              text run at (0,25) width 17: "!!!!"
            RenderBR {BR} at (16,43) size 1x0
            RenderText {#text} at (0,50) size 25x25
              text run at (0,50) width 25: "\"\"\"\""
            RenderBR {BR} at (24,68) size 1x0
            RenderText {#text} at (0,75) size 36x25
              text run at (0,75) width 36: "####"
            RenderBR {BR} at (35,93) size 1x0
            RenderText {#text} at (0,100) size 25x25
              text run at (0,100) width 25: "$$$$"
            RenderBR {BR} at (24,118) size 1x0
            RenderText {#text} at (0,125) size 47x25
              text run at (0,125) width 47: "%%%%"
            RenderBR {BR} at (47,143) size 0x0
            RenderText {#text} at (0,150) size 57x25
              text run at (0,150) width 57: "&&&&"
            RenderBR {BR} at (56,168) size 1x0
            RenderText {#text} at (0,175) size 14x25
              text run at (0,175) width 14: "''''"
            RenderBR {BR} at (13,193) size 1x0
            RenderText {#text} at (0,200) size 22x25
              text run at (0,200) width 22: "(((("
            RenderBR {BR} at (21,218) size 1x0
            RenderText {#text} at (0,225) size 22x25
              text run at (0,225) width 22: "))))"
            RenderBR {BR} at (21,243) size 1x0
            RenderText {#text} at (0,250) size 29x25
              text run at (0,250) width 29: "****"
            RenderBR {BR} at (28,268) size 1x0
            RenderText {#text} at (0,275) size 36x25
              text run at (0,275) width 36: "++++"
            RenderBR {BR} at (35,293) size 1x0
            RenderText {#text} at (0,300) size 14x25
              text run at (0,300) width 14: ",,,,"
            RenderBR {BR} at (13,318) size 1x0
            RenderText {#text} at (0,325) size 24x25
              text run at (0,325) width 24: "----"
            RenderBR {BR} at (23,343) size 1x0
            RenderText {#text} at (0,350) size 14x25
              text run at (0,350) width 14: "...."
            RenderBR {BR} at (13,368) size 1x0
            RenderText {#text} at (0,375) size 28x25
              text run at (0,375) width 28: "////"
            RenderBR {BR} at (27,393) size 1x0
            RenderText {#text} at (0,400) size 33x25
              text run at (0,400) width 33: "0000"
            RenderBR {BR} at (33,418) size 0x0
            RenderText {#text} at (0,425) size 28x25
              text run at (0,425) width 28: "1111"
            RenderBR {BR} at (27,443) size 1x0
            RenderText {#text} at (0,450) size 36x25
              text run at (0,450) width 36: "2222"
            RenderBR {BR} at (35,468) size 1x0
            RenderText {#text} at (0,475) size 30x25
              text run at (0,475) width 30: "3333"
            RenderBR {BR} at (29,493) size 1x0
            RenderText {#text} at (0,500) size 40x25
              text run at (0,500) width 40: "4444"
            RenderBR {BR} at (39,518) size 1x0
            RenderText {#text} at (0,525) size 31x25
              text run at (0,525) width 31: "5555"
            RenderBR {BR} at (30,543) size 1x0
            RenderText {#text} at (0,550) size 37x25
              text run at (0,550) width 37: "6666"
            RenderBR {BR} at (36,568) size 1x0
            RenderText {#text} at (0,575) size 33x25
              text run at (0,575) width 33: "7777"
            RenderBR {BR} at (32,593) size 1x0
            RenderText {#text} at (0,600) size 34x25
              text run at (0,600) width 34: "8888"
            RenderBR {BR} at (33,618) size 1x0
            RenderText {#text} at (0,625) size 37x25
              text run at (0,625) width 37: "9999"
            RenderBR {BR} at (36,643) size 1x0
            RenderText {#text} at (0,650) size 14x25
              text run at (0,650) width 14: "::::"
            RenderBR {BR} at (13,668) size 1x0
            RenderText {#text} at (0,675) size 14x25
              text run at (0,675) width 14: ";;;;"
            RenderBR {BR} at (13,693) size 1x0
            RenderText {#text} at (0,700) size 36x25
              text run at (0,700) width 36: "<<<<"
            RenderBR {BR} at (35,718) size 1x0
            RenderText {#text} at (0,725) size 36x25
              text run at (0,725) width 36: "===="
            RenderBR {BR} at (35,743) size 1x0
            RenderText {#text} at (0,750) size 36x25
              text run at (0,750) width 36: ">>>>"
            RenderBR {BR} at (35,768) size 1x0
            RenderText {#text} at (0,775) size 24x25
              text run at (0,775) width 24: "????"
            RenderBR {BR} at (23,793) size 1x0
            RenderText {#text} at (0,800) size 45x25
              text run at (0,800) width 45: "@@@@"
            RenderBR {BR} at (44,818) size 1x0
            RenderText {#text} at (0,825) size 46x25
              text run at (0,825) width 46: "AAAA"
            RenderBR {BR} at (45,843) size 1x0
            RenderText {#text} at (0,850) size 47x25
              text run at (0,850) width 47: "BBBB"
            RenderBR {BR} at (46,868) size 1x0
            RenderText {#text} at (0,875) size 40x25
              text run at (0,875) width 40: "CCCC"
            RenderBR {BR} at (39,893) size 1x0
            RenderText {#text} at (0,900) size 56x25
              text run at (0,900) width 56: "DDDD"
            RenderBR {BR} at (55,918) size 1x0
            RenderText {#text} at (0,925) size 47x25
              text run at (0,925) width 47: "EEEE"
            RenderBR {BR} at (46,943) size 1x0
            RenderText {#text} at (0,950) size 46x25
              text run at (0,950) width 46: "FFFF"
            RenderBR {BR} at (45,968) size 1x0
            RenderText {#text} at (0,975) size 43x25
              text run at (0,975) width 43: "GGGG"
            RenderBR {BR} at (42,993) size 1x0
            RenderText {#text} at (0,1000) size 55x25
              text run at (0,1000) width 55: "HHHH"
            RenderBR {BR} at (54,1018) size 1x0
            RenderText {#text} at (0,1025) size 30x25
              text run at (0,1025) width 30: "IIII"
            RenderBR {BR} at (29,1043) size 1x0
            RenderText {#text} at (0,1050) size 30x25
              text run at (0,1050) width 30: "JJJJ"
            RenderBR {BR} at (29,1068) size 1x0
            RenderText {#text} at (0,1075) size 52x25
              text run at (0,1075) width 52: "KKKK"
            RenderBR {BR} at (51,1093) size 1x0
            RenderText {#text} at (0,1100) size 41x25
              text run at (0,1100) width 41: "LLLL"
            RenderBR {BR} at (40,1118) size 1x0
            RenderText {#text} at (0,1125) size 64x25
              text run at (0,1125) width 64: "MMMM"
            RenderBR {BR} at (63,1143) size 1x0
            RenderText {#text} at (0,1150) size 57x25
              text run at (0,1150) width 57: "NNNN"
            RenderBR {BR} at (56,1168) size 1x0
            RenderText {#text} at (0,1175) size 44x25
              text run at (0,1175) width 44: "OOOO"
            RenderBR {BR} at (43,1193) size 1x0
            RenderText {#text} at (0,1200) size 44x25
              text run at (0,1200) width 44: "PPPP"
            RenderBR {BR} at (43,1218) size 1x0
            RenderText {#text} at (0,1225) size 45x25
              text run at (0,1225) width 45: "QQQQ"
            RenderBR {BR} at (44,1243) size 1x0
            RenderText {#text} at (0,1250) size 51x25
              text run at (0,1250) width 51: "RRRR"
            RenderBR {BR} at (50,1268) size 1x0
            RenderText {#text} at (0,1275) size 34x25
              text run at (0,1275) width 34: "SSSS"
            RenderBR {BR} at (33,1293) size 1x0
            RenderText {#text} at (0,1300) size 49x25
              text run at (0,1300) width 49: "TTTT"
            RenderBR {BR} at (48,1318) size 1x0
            RenderText {#text} at (0,1325) size 55x25
              text run at (0,1325) width 55: "UUUU"
            RenderBR {BR} at (54,1343) size 1x0
            RenderText {#text} at (0,1350) size 45x25
              text run at (0,1350) width 45: "VVVV"
            RenderBR {BR} at (44,1368) size 1x0
            RenderText {#text} at (0,1375) size 58x25
              text run at (0,1375) width 58: "WWWW"
            RenderBR {BR} at (57,1393) size 1x0
            RenderText {#text} at (0,1400) size 45x25
              text run at (0,1400) width 45: "XXXX"
            RenderBR {BR} at (44,1418) size 1x0
            RenderText {#text} at (0,1425) size 42x25
              text run at (0,1425) width 42: "YYYY"
            RenderBR {BR} at (41,1443) size 1x0
            RenderText {#text} at (0,1450) size 38x25
              text run at (0,1450) width 38: "ZZZZ"
            RenderBR {BR} at (37,1468) size 1x0
            RenderText {#text} at (0,1475) size 21x25
              text run at (0,1475) width 21: "[[[["
            RenderBR {BR} at (20,1493) size 1x0
            RenderText {#text} at (0,1500) size 23x25
              text run at (0,1500) width 23: "\\\\\\\\"
            RenderBR {BR} at (22,1518) size 1x0
            RenderText {#text} at (0,1525) size 21x25
              text run at (0,1525) width 21: "]]]]"
            RenderBR {BR} at (20,1543) size 1x0
            RenderText {#text} at (0,1550) size 36x25
              text run at (0,1550) width 36: "^^^^"
            RenderBR {BR} at (35,1568) size 1x0
            RenderText {#text} at (0,1575) size 36x25
              text run at (0,1575) width 36: "____"
            RenderBR {BR} at (35,1593) size 1x0
            RenderText {#text} at (0,1600) size 29x25
              text run at (0,1600) width 29: "````"
            RenderBR {BR} at (28,1618) size 1x0
            RenderText {#text} at (0,1625) size 33x25
              text run at (0,1625) width 33: "aaaa"
            RenderBR {BR} at (32,1643) size 1x0
            RenderText {#text} at (0,1650) size 32x25
              text run at (0,1650) width 32: "bbbb"
            RenderBR {BR} at (31,1668) size 1x0
            RenderText {#text} at (0,1675) size 25x25
              text run at (0,1675) width 25: "cccc"
            RenderBR {BR} at (24,1693) size 1x0
            RenderText {#text} at (0,1700) size 33x25
              text run at (0,1700) width 33: "dddd"
            RenderBR {BR} at (32,1718) size 1x0
            RenderText {#text} at (0,1725) size 24x25
              text run at (0,1725) width 24: "eeee"
            RenderBR {BR} at (23,1743) size 1x0
            RenderText {#text} at (0,1750) size 20x25
              text run at (0,1750) width 20: "ffff"
            RenderBR {BR} at (19,1768) size 1x0
            RenderText {#text} at (0,1775) size 30x25
              text run at (0,1775) width 30: "gggg"
            RenderBR {BR} at (29,1793) size 1x0
            RenderText {#text} at (0,1800) size 35x25
              text run at (0,1800) width 35: "hhhh"
            RenderBR {BR} at (34,1818) size 1x0
            RenderText {#text} at (0,1825) size 19x25
              text run at (0,1825) width 19: "iiii"
            RenderBR {BR} at (18,1843) size 1x0
            RenderText {#text} at (0,1850) size 18x25
              text run at (0,1850) width 18: "jjjj"
            RenderBR {BR} at (17,1868) size 1x0
            RenderText {#text} at (0,1875) size 30x25
              text run at (0,1875) width 30: "kkkk"
            RenderBR {BR} at (29,1893) size 1x0
            RenderText {#text} at (0,1900) size 18x25
              text run at (0,1900) width 18: "llll"
            RenderBR {BR} at (17,1918) size 1x0
            RenderText {#text} at (0,1925) size 51x25
              text run at (0,1925) width 51: "mmmm"
            RenderBR {BR} at (50,1943) size 1x0
            RenderText {#text} at (0,1950) size 37x25
              text run at (0,1950) width 37: "nnnn"
            RenderBR {BR} at (36,1968) size 1x0
            RenderText {#text} at (0,1975) size 28x25
              text run at (0,1975) width 28: "oooo"
            RenderBR {BR} at (27,1993) size 1x0
            RenderText {#text} at (0,2000) size 32x25
              text run at (0,2000) width 32: "pppp"
            RenderBR {BR} at (31,2018) size 1x0
            RenderText {#text} at (0,2025) size 32x25
              text run at (0,2025) width 32: "qqqq"
            RenderBR {BR} at (31,2043) size 1x0
            RenderText {#text} at (0,2050) size 27x25
              text run at (0,2050) width 27: "rrrr"
            RenderBR {BR} at (26,2068) size 1x0
            RenderText {#text} at (0,2075) size 23x25
              text run at (0,2075) width 23: "ssss"
            RenderBR {BR} at (22,2093) size 1x0
            RenderText {#text} at (0,2100) size 21x25
              text run at (0,2100) width 21: "tttt"
            RenderBR {BR} at (20,2118) size 1x0
            RenderText {#text} at (0,2125) size 36x25
              text run at (0,2125) width 36: "uuuu"
            RenderBR {BR} at (35,2143) size 1x0
            RenderText {#text} at (0,2150) size 29x25
              text run at (0,2150) width 29: "vvvv"
            RenderBR {BR} at (28,2168) size 1x0
            RenderText {#text} at (0,2175) size 41x25
              text run at (0,2175) width 41: "wwww"
            RenderBR {BR} at (40,2193) size 1x0
            RenderText {#text} at (0,2200) size 33x25
              text run at (0,2200) width 33: "xxxx"
            RenderBR {BR} at (32,2218) size 1x0
            RenderText {#text} at (0,2225) size 35x25
              text run at (0,2225) width 35: "yyyy"
            RenderBR {BR} at (34,2243) size 1x0
            RenderText {#text} at (0,2250) size 27x25
              text run at (0,2250) width 27: "zzzz"
            RenderBR {BR} at (26,2268) size 1x0
            RenderText {#text} at (0,2275) size 23x25
              text run at (0,2275) width 23: "{{{{"
            RenderBR {BR} at (22,2293) size 1x0
            RenderText {#text} at (0,2300) size 14x25
              text run at (0,2300) width 14: "||||"
            RenderBR {BR} at (13,2318) size 1x0
            RenderText {#text} at (0,2325) size 23x25
              text run at (0,2325) width 23: "}}}}"
            RenderBR {BR} at (22,2343) size 1x0
          RenderText {#text} at (0,0) size 0x0
        RenderText {#text} at (0,0) size 0x0
