layer at (0,0) size 785x7165
  RenderView at (0,0) size 785x600
layer at (0,0) size 785x7165
  RenderBlock {HTML} at (0,0) size 785x7165
    RenderBody {BODY} at (8,8) size 769x7141
      RenderBlock (anonymous) at (0,0) size 769x18
        RenderText {#text} at (0,0) size 352x18
          text run at (0,0) width 352: "This tests font choices and metrics for the fantasy font."
      RenderBlock {P} at (0,34) size 769x2375
        RenderInline {FONT} at (0,0) size 59x2375
          RenderText {#text} at (0,0) size 54x25
            text run at (0,0) width 54: "fantasy"
          RenderBR {BR} at (53,15) size 1x0
          RenderText {#text} at (0,25) size 15x25
            text run at (0,25) width 15: "    "
          RenderBR {BR} at (14,40) size 1x0
          RenderText {#text} at (0,50) size 17x25
            text run at (0,50) width 17: "!!!!"
          RenderBR {BR} at (16,65) size 1x0
          RenderText {#text} at (0,75) size 21x25
            text run at (0,75) width 21: "\"\"\"\""
          RenderBR {BR} at (20,90) size 1x0
          RenderText {#text} at (0,100) size 40x25
            text run at (0,100) width 40: "####"
          RenderBR {BR} at (39,115) size 1x0
          RenderText {#text} at (0,125) size 35x25
            text run at (0,125) width 35: "$$$$"
          RenderBR {BR} at (34,140) size 1x0
          RenderText {#text} at (0,150) size 49x25
            text run at (0,150) width 49: "%%%%"
          RenderBR {BR} at (48,165) size 1x0
          RenderText {#text} at (0,175) size 51x25
            text run at (0,175) width 51: "&&&&"
          RenderBR {BR} at (50,190) size 1x0
          RenderText {#text} at (0,200) size 13x25
            text run at (0,200) width 13: "''''"
          RenderBR {BR} at (12,215) size 1x0
          RenderText {#text} at (0,225) size 28x25
            text run at (0,225) width 28: "(((("
          RenderBR {BR} at (27,240) size 1x0
          RenderText {#text} at (0,250) size 28x25
            text run at (0,250) width 28: "))))"
          RenderBR {BR} at (27,265) size 1x0
          RenderText {#text} at (0,275) size 25x25
            text run at (0,275) width 25: "****"
          RenderBR {BR} at (24,290) size 1x0
          RenderText {#text} at (0,300) size 33x25
            text run at (0,300) width 33: "++++"
          RenderBR {BR} at (32,315) size 1x0
          RenderText {#text} at (0,325) size 18x25
            text run at (0,325) width 18: ",,,,"
          RenderBR {BR} at (17,340) size 1x0
          RenderText {#text} at (0,350) size 30x25
            text run at (0,350) width 30: "----"
          RenderBR {BR} at (29,365) size 1x0
          RenderText {#text} at (0,375) size 18x25
            text run at (0,375) width 18: "...."
          RenderBR {BR} at (17,390) size 1x0
          RenderText {#text} at (0,400) size 34x25
            text run at (0,400) width 34: "////"
          RenderBR {BR} at (33,415) size 1x0
          RenderText {#text} at (0,425) size 43x25
            text run at (0,425) width 43: "0000"
          RenderBR {BR} at (42,440) size 1x0
          RenderText {#text} at (0,450) size 17x25
            text run at (0,450) width 17: "1111"
          RenderBR {BR} at (16,465) size 1x0
          RenderText {#text} at (0,475) size 33x25
            text run at (0,475) width 33: "2222"
          RenderBR {BR} at (32,490) size 1x0
          RenderText {#text} at (0,500) size 31x25
            text run at (0,500) width 31: "3333"
          RenderBR {BR} at (30,515) size 1x0
          RenderText {#text} at (0,525) size 43x25
            text run at (0,525) width 43: "4444"
          RenderBR {BR} at (42,540) size 1x0
          RenderText {#text} at (0,550) size 32x25
            text run at (0,550) width 32: "5555"
          RenderBR {BR} at (31,565) size 1x0
          RenderText {#text} at (0,575) size 34x25
            text run at (0,575) width 34: "6666"
          RenderBR {BR} at (33,590) size 1x0
          RenderText {#text} at (0,600) size 30x25
            text run at (0,600) width 30: "7777"
          RenderBR {BR} at (29,615) size 1x0
          RenderText {#text} at (0,625) size 32x25
            text run at (0,625) width 32: "8888"
          RenderBR {BR} at (31,640) size 1x0
          RenderText {#text} at (0,650) size 34x25
            text run at (0,650) width 34: "9999"
          RenderBR {BR} at (33,665) size 1x0
          RenderText {#text} at (0,675) size 18x25
            text run at (0,675) width 18: "::::"
          RenderBR {BR} at (17,690) size 1x0
          RenderText {#text} at (0,700) size 18x25
            text run at (0,700) width 18: ";;;;"
          RenderBR {BR} at (17,715) size 1x0
          RenderText {#text} at (0,725) size 36x25
            text run at (0,725) width 36: "<<<<"
          RenderBR {BR} at (35,740) size 1x0
          RenderText {#text} at (0,750) size 30x25
            text run at (0,750) width 30: "===="
          RenderBR {BR} at (29,765) size 1x0
          RenderText {#text} at (0,775) size 36x25
            text run at (0,775) width 36: ">>>>"
          RenderBR {BR} at (35,790) size 1x0
          RenderText {#text} at (0,800) size 31x25
            text run at (0,800) width 31: "????"
          RenderBR {BR} at (30,815) size 1x0
          RenderText {#text} at (0,825) size 39x25
            text run at (0,825) width 39: "@@@@"
          RenderBR {BR} at (38,840) size 1x0
          RenderText {#text} at (0,850) size 47x25
            text run at (0,850) width 47: "AAAA"
          RenderBR {BR} at (46,865) size 1x0
          RenderText {#text} at (0,875) size 47x25
            text run at (0,875) width 47: "BBBB"
          RenderBR {BR} at (46,890) size 1x0
          RenderText {#text} at (0,900) size 45x25
            text run at (0,900) width 45: "CCCC"
          RenderBR {BR} at (44,915) size 1x0
          RenderText {#text} at (0,925) size 53x25
            text run at (0,925) width 53: "DDDD"
          RenderBR {BR} at (52,940) size 1x0
          RenderText {#text} at (0,950) size 47x25
            text run at (0,950) width 47: "EEEE"
          RenderBR {BR} at (46,965) size 1x0
          RenderText {#text} at (0,975) size 40x25
            text run at (0,975) width 40: "FFFF"
          RenderBR {BR} at (39,990) size 1x0
          RenderText {#text} at (0,1000) size 48x25
            text run at (0,1000) width 48: "GGGG"
          RenderBR {BR} at (47,1015) size 1x0
          RenderText {#text} at (0,1025) size 49x25
            text run at (0,1025) width 49: "HHHH"
          RenderBR {BR} at (48,1040) size 1x0
          RenderText {#text} at (0,1050) size 16x25
            text run at (0,1050) width 16: "IIII"
          RenderBR {BR} at (15,1065) size 1x0
          RenderText {#text} at (0,1075) size 35x25
            text run at (0,1075) width 35: "JJJJ"
          RenderBR {BR} at (34,1090) size 1x0
          RenderText {#text} at (0,1100) size 46x25
            text run at (0,1100) width 46: "KKKK"
          RenderBR {BR} at (45,1115) size 1x0
          RenderText {#text} at (0,1125) size 39x25
            text run at (0,1125) width 39: "LLLL"
          RenderBR {BR} at (38,1140) size 1x0
          RenderText {#text} at (0,1150) size 56x25
            text run at (0,1150) width 56: "MMMM"
          RenderBR {BR} at (55,1165) size 1x0
          RenderText {#text} at (0,1175) size 42x25
            text run at (0,1175) width 42: "NNNN"
          RenderBR {BR} at (41,1190) size 1x0
          RenderText {#text} at (0,1200) size 59x25
            text run at (0,1200) width 59: "OOOO"
          RenderBR {BR} at (58,1215) size 1x0
          RenderText {#text} at (0,1225) size 42x25
            text run at (0,1225) width 42: "PPPP"
          RenderBR {BR} at (41,1240) size 1x0
          RenderText {#text} at (0,1250) size 59x25
            text run at (0,1250) width 59: "QQQQ"
          RenderBR {BR} at (58,1265) size 1x0
          RenderText {#text} at (0,1275) size 43x25
            text run at (0,1275) width 43: "RRRR"
          RenderBR {BR} at (42,1290) size 1x0
          RenderText {#text} at (0,1300) size 42x25
            text run at (0,1300) width 42: "SSSS"
          RenderBR {BR} at (41,1315) size 1x0
          RenderText {#text} at (0,1325) size 45x25
            text run at (0,1325) width 45: "TTTT"
          RenderBR {BR} at (44,1340) size 1x0
          RenderText {#text} at (0,1350) size 52x25
            text run at (0,1350) width 52: "UUUU"
          RenderBR {BR} at (51,1365) size 1x0
          RenderText {#text} at (0,1375) size 38x25
            text run at (0,1375) width 38: "VVVV"
          RenderBR {BR} at (37,1390) size 1x0
          RenderText {#text} at (0,1400) size 51x25
            text run at (0,1400) width 51: "WWWW"
          RenderBR {BR} at (50,1415) size 1x0
          RenderText {#text} at (0,1425) size 42x25
            text run at (0,1425) width 42: "XXXX"
          RenderBR {BR} at (41,1440) size 1x0
          RenderText {#text} at (0,1450) size 41x25
            text run at (0,1450) width 41: "YYYY"
          RenderBR {BR} at (40,1465) size 1x0
          RenderText {#text} at (0,1475) size 43x25
            text run at (0,1475) width 43: "ZZZZ"
          RenderBR {BR} at (42,1490) size 1x0
          RenderText {#text} at (0,1500) size 28x25
            text run at (0,1500) width 28: "[[[["
          RenderBR {BR} at (27,1515) size 1x0
          RenderText {#text} at (0,1525) size 34x25
            text run at (0,1525) width 34: "\\\\\\\\"
          RenderBR {BR} at (33,1540) size 1x0
          RenderText {#text} at (0,1550) size 28x25
            text run at (0,1550) width 28: "]]]]"
          RenderBR {BR} at (27,1565) size 1x0
          RenderText {#text} at (0,1575) size 34x25
            text run at (0,1575) width 34: "^^^^"
          RenderBR {BR} at (33,1590) size 1x0
          RenderText {#text} at (0,1600) size 32x25
            text run at (0,1600) width 32: "____"
          RenderBR {BR} at (32,1615) size 0x0
          RenderText {#text} at (0,1625) size 19x25
            text run at (0,1625) width 19: "````"
          RenderBR {BR} at (18,1640) size 1x0
          RenderText {#text} at (0,1650) size 35x25
            text run at (0,1650) width 35: "aaaa"
          RenderBR {BR} at (34,1665) size 1x0
          RenderText {#text} at (0,1675) size 39x25
            text run at (0,1675) width 39: "bbbb"
          RenderBR {BR} at (38,1690) size 1x0
          RenderText {#text} at (0,1700) size 32x25
            text run at (0,1700) width 32: "cccc"
          RenderBR {BR} at (31,1715) size 1x0
          RenderText {#text} at (0,1725) size 39x25
            text run at (0,1725) width 39: "dddd"
          RenderBR {BR} at (38,1740) size 1x0
          RenderText {#text} at (0,1750) size 34x25
            text run at (0,1750) width 34: "eeee"
          RenderBR {BR} at (33,1765) size 1x0
          RenderText {#text} at (0,1775) size 26x25
            text run at (0,1775) width 26: "ffff"
          RenderBR {BR} at (25,1790) size 1x0
          RenderText {#text} at (0,1800) size 35x25
            text run at (0,1800) width 35: "gggg"
          RenderBR {BR} at (34,1815) size 1x0
          RenderText {#text} at (0,1825) size 37x25
            text run at (0,1825) width 37: "hhhh"
          RenderBR {BR} at (36,1840) size 1x0
          RenderText {#text} at (0,1850) size 14x25
            text run at (0,1850) width 14: "iiii"
          RenderBR {BR} at (13,1865) size 1x0
          RenderText {#text} at (0,1875) size 14x25
            text run at (0,1875) width 14: "jjjj"
          RenderBR {BR} at (13,1890) size 1x0
          RenderText {#text} at (0,1900) size 36x25
            text run at (0,1900) width 36: "kkkk"
          RenderBR {BR} at (35,1915) size 1x0
          RenderText {#text} at (0,1925) size 15x25
            text run at (0,1925) width 15: "llll"
          RenderBR {BR} at (14,1940) size 1x0
          RenderText {#text} at (0,1950) size 46x25
            text run at (0,1950) width 46: "mmmm"
          RenderBR {BR} at (45,1965) size 1x0
          RenderText {#text} at (0,1975) size 36x25
            text run at (0,1975) width 36: "nnnn"
          RenderBR {BR} at (35,1990) size 1x0
          RenderText {#text} at (0,2000) size 39x25
            text run at (0,2000) width 39: "oooo"
          RenderBR {BR} at (38,2015) size 1x0
          RenderText {#text} at (0,2025) size 40x25
            text run at (0,2025) width 40: "pppp"
          RenderBR {BR} at (39,2040) size 1x0
          RenderText {#text} at (0,2050) size 37x25
            text run at (0,2050) width 37: "qqqq"
          RenderBR {BR} at (36,2065) size 1x0
          RenderText {#text} at (0,2075) size 25x25
            text run at (0,2075) width 25: "rrrr"
          RenderBR {BR} at (24,2090) size 1x0
          RenderText {#text} at (0,2100) size 31x25
            text run at (0,2100) width 31: "ssss"
          RenderBR {BR} at (30,2115) size 1x0
          RenderText {#text} at (0,2125) size 24x25
            text run at (0,2125) width 24: "tttt"
          RenderBR {BR} at (23,2140) size 1x0
          RenderText {#text} at (0,2150) size 36x25
            text run at (0,2150) width 36: "uuuu"
          RenderBR {BR} at (35,2165) size 1x0
          RenderText {#text} at (0,2175) size 29x25
            text run at (0,2175) width 29: "vvvv"
          RenderBR {BR} at (28,2190) size 1x0
          RenderText {#text} at (0,2200) size 42x25
            text run at (0,2200) width 42: "wwww"
          RenderBR {BR} at (41,2215) size 1x0
          RenderText {#text} at (0,2225) size 32x25
            text run at (0,2225) width 32: "xxxx"
          RenderBR {BR} at (31,2240) size 1x0
          RenderText {#text} at (0,2250) size 35x25
            text run at (0,2250) width 35: "yyyy"
          RenderBR {BR} at (34,2265) size 1x0
          RenderText {#text} at (0,2275) size 29x25
            text run at (0,2275) width 29: "zzzz"
          RenderBR {BR} at (28,2290) size 1x0
          RenderText {#text} at (0,2300) size 17x25
            text run at (0,2300) width 17: "{{{{"
          RenderBR {BR} at (16,2315) size 1x0
          RenderText {#text} at (0,2325) size 15x25
            text run at (0,2325) width 15: "||||"
          RenderBR {BR} at (14,2340) size 1x0
          RenderText {#text} at (0,2350) size 17x25
            text run at (0,2350) width 17: "}}}}"
          RenderBR {BR} at (16,2365) size 1x0
      RenderBlock {P} at (0,2425) size 769x2350
        RenderInline {FONT} at (0,0) size 63x2350
          RenderText {#text} at (0,0) size 0x0
          RenderInline {B} at (0,0) size 63x2350
            RenderText {#text} at (0,0) size 19x25
              text run at (0,0) width 19: "    "
            RenderBR {BR} at (18,15) size 1x0
            RenderText {#text} at (0,25) size 21x25
              text run at (0,25) width 21: "!!!!"
            RenderBR {BR} at (20,40) size 1x0
            RenderText {#text} at (0,50) size 25x25
              text run at (0,50) width 25: "\"\"\"\""
            RenderBR {BR} at (24,65) size 1x0
            RenderText {#text} at (0,75) size 44x25
              text run at (0,75) width 44: "####"
            RenderBR {BR} at (43,90) size 1x0
            RenderText {#text} at (0,100) size 39x25
              text run at (0,100) width 39: "$$$$"
            RenderBR {BR} at (38,115) size 1x0
            RenderText {#text} at (0,125) size 53x25
              text run at (0,125) width 53: "%%%%"
            RenderBR {BR} at (52,140) size 1x0
            RenderText {#text} at (0,150) size 55x25
              text run at (0,150) width 55: "&&&&"
            RenderBR {BR} at (54,165) size 1x0
            RenderText {#text} at (0,175) size 17x25
              text run at (0,175) width 17: "''''"
            RenderBR {BR} at (16,190) size 1x0
            RenderText {#text} at (0,200) size 32x25
              text run at (0,200) width 32: "(((("
            RenderBR {BR} at (31,215) size 1x0
            RenderText {#text} at (0,225) size 32x25
              text run at (0,225) width 32: "))))"
            RenderBR {BR} at (31,240) size 1x0
            RenderText {#text} at (0,250) size 29x25
              text run at (0,250) width 29: "****"
            RenderBR {BR} at (28,265) size 1x0
            RenderText {#text} at (0,275) size 37x25
              text run at (0,275) width 37: "++++"
            RenderBR {BR} at (36,290) size 1x0
            RenderText {#text} at (0,300) size 22x25
              text run at (0,300) width 22: ",,,,"
            RenderBR {BR} at (21,315) size 1x0
            RenderText {#text} at (0,325) size 34x25
              text run at (0,325) width 34: "----"
            RenderBR {BR} at (33,340) size 1x0
            RenderText {#text} at (0,350) size 22x25
              text run at (0,350) width 22: "...."
            RenderBR {BR} at (21,365) size 1x0
            RenderText {#text} at (0,375) size 38x25
              text run at (0,375) width 38: "////"
            RenderBR {BR} at (37,390) size 1x0
            RenderText {#text} at (0,400) size 47x25
              text run at (0,400) width 47: "0000"
            RenderBR {BR} at (46,415) size 1x0
            RenderText {#text} at (0,425) size 21x25
              text run at (0,425) width 21: "1111"
            RenderBR {BR} at (20,440) size 1x0
            RenderText {#text} at (0,450) size 37x25
              text run at (0,450) width 37: "2222"
            RenderBR {BR} at (36,465) size 1x0
            RenderText {#text} at (0,475) size 35x25
              text run at (0,475) width 35: "3333"
            RenderBR {BR} at (34,490) size 1x0
            RenderText {#text} at (0,500) size 47x25
              text run at (0,500) width 47: "4444"
            RenderBR {BR} at (46,515) size 1x0
            RenderText {#text} at (0,525) size 36x25
              text run at (0,525) width 36: "5555"
            RenderBR {BR} at (35,540) size 1x0
            RenderText {#text} at (0,550) size 38x25
              text run at (0,550) width 38: "6666"
            RenderBR {BR} at (37,565) size 1x0
            RenderText {#text} at (0,575) size 34x25
              text run at (0,575) width 34: "7777"
            RenderBR {BR} at (33,590) size 1x0
            RenderText {#text} at (0,600) size 36x25
              text run at (0,600) width 36: "8888"
            RenderBR {BR} at (35,615) size 1x0
            RenderText {#text} at (0,625) size 38x25
              text run at (0,625) width 38: "9999"
            RenderBR {BR} at (37,640) size 1x0
            RenderText {#text} at (0,650) size 22x25
              text run at (0,650) width 22: "::::"
            RenderBR {BR} at (21,665) size 1x0
            RenderText {#text} at (0,675) size 22x25
              text run at (0,675) width 22: ";;;;"
            RenderBR {BR} at (21,690) size 1x0
            RenderText {#text} at (0,700) size 40x25
              text run at (0,700) width 40: "<<<<"
            RenderBR {BR} at (39,715) size 1x0
            RenderText {#text} at (0,725) size 34x25
              text run at (0,725) width 34: "===="
            RenderBR {BR} at (33,740) size 1x0
            RenderText {#text} at (0,750) size 40x25
              text run at (0,750) width 40: ">>>>"
            RenderBR {BR} at (39,765) size 1x0
            RenderText {#text} at (0,775) size 35x25
              text run at (0,775) width 35: "????"
            RenderBR {BR} at (34,790) size 1x0
            RenderText {#text} at (0,800) size 43x25
              text run at (0,800) width 43: "@@@@"
            RenderBR {BR} at (42,815) size 1x0
            RenderText {#text} at (0,825) size 51x25
              text run at (0,825) width 51: "AAAA"
            RenderBR {BR} at (50,840) size 1x0
            RenderText {#text} at (0,850) size 51x25
              text run at (0,850) width 51: "BBBB"
            RenderBR {BR} at (50,865) size 1x0
            RenderText {#text} at (0,875) size 49x25
              text run at (0,875) width 49: "CCCC"
            RenderBR {BR} at (48,890) size 1x0
            RenderText {#text} at (0,900) size 57x25
              text run at (0,900) width 57: "DDDD"
            RenderBR {BR} at (56,915) size 1x0
            RenderText {#text} at (0,925) size 51x25
              text run at (0,925) width 51: "EEEE"
            RenderBR {BR} at (50,940) size 1x0
            RenderText {#text} at (0,950) size 44x25
              text run at (0,950) width 44: "FFFF"
            RenderBR {BR} at (43,965) size 1x0
            RenderText {#text} at (0,975) size 52x25
              text run at (0,975) width 52: "GGGG"
            RenderBR {BR} at (51,990) size 1x0
            RenderText {#text} at (0,1000) size 53x25
              text run at (0,1000) width 53: "HHHH"
            RenderBR {BR} at (52,1015) size 1x0
            RenderText {#text} at (0,1025) size 20x25
              text run at (0,1025) width 20: "IIII"
            RenderBR {BR} at (19,1040) size 1x0
            RenderText {#text} at (0,1050) size 39x25
              text run at (0,1050) width 39: "JJJJ"
            RenderBR {BR} at (38,1065) size 1x0
            RenderText {#text} at (0,1075) size 50x25
              text run at (0,1075) width 50: "KKKK"
            RenderBR {BR} at (49,1090) size 1x0
            RenderText {#text} at (0,1100) size 43x25
              text run at (0,1100) width 43: "LLLL"
            RenderBR {BR} at (42,1115) size 1x0
            RenderText {#text} at (0,1125) size 60x25
              text run at (0,1125) width 60: "MMMM"
            RenderBR {BR} at (59,1140) size 1x0
            RenderText {#text} at (0,1150) size 46x25
              text run at (0,1150) width 46: "NNNN"
            RenderBR {BR} at (45,1165) size 1x0
            RenderText {#text} at (0,1175) size 63x25
              text run at (0,1175) width 63: "OOOO"
            RenderBR {BR} at (62,1190) size 1x0
            RenderText {#text} at (0,1200) size 46x25
              text run at (0,1200) width 46: "PPPP"
            RenderBR {BR} at (45,1215) size 1x0
            RenderText {#text} at (0,1225) size 63x25
              text run at (0,1225) width 63: "QQQQ"
            RenderBR {BR} at (62,1240) size 1x0
            RenderText {#text} at (0,1250) size 47x25
              text run at (0,1250) width 47: "RRRR"
            RenderBR {BR} at (46,1265) size 1x0
            RenderText {#text} at (0,1275) size 46x25
              text run at (0,1275) width 46: "SSSS"
            RenderBR {BR} at (45,1290) size 1x0
            RenderText {#text} at (0,1300) size 49x25
              text run at (0,1300) width 49: "TTTT"
            RenderBR {BR} at (48,1315) size 1x0
            RenderText {#text} at (0,1325) size 56x25
              text run at (0,1325) width 56: "UUUU"
            RenderBR {BR} at (55,1340) size 1x0
            RenderText {#text} at (0,1350) size 42x25
              text run at (0,1350) width 42: "VVVV"
            RenderBR {BR} at (41,1365) size 1x0
            RenderText {#text} at (0,1375) size 55x25
              text run at (0,1375) width 55: "WWWW"
            RenderBR {BR} at (54,1390) size 1x0
            RenderText {#text} at (0,1400) size 46x25
              text run at (0,1400) width 46: "XXXX"
            RenderBR {BR} at (45,1415) size 1x0
            RenderText {#text} at (0,1425) size 45x25
              text run at (0,1425) width 45: "YYYY"
            RenderBR {BR} at (44,1440) size 1x0
            RenderText {#text} at (0,1450) size 47x25
              text run at (0,1450) width 47: "ZZZZ"
            RenderBR {BR} at (46,1465) size 1x0
            RenderText {#text} at (0,1475) size 32x25
              text run at (0,1475) width 32: "[[[["
            RenderBR {BR} at (31,1490) size 1x0
            RenderText {#text} at (0,1500) size 38x25
              text run at (0,1500) width 38: "\\\\\\\\"
            RenderBR {BR} at (37,1515) size 1x0
            RenderText {#text} at (0,1525) size 32x25
              text run at (0,1525) width 32: "]]]]"
            RenderBR {BR} at (31,1540) size 1x0
            RenderText {#text} at (0,1550) size 38x25
              text run at (0,1550) width 38: "^^^^"
            RenderBR {BR} at (37,1565) size 1x0
            RenderText {#text} at (0,1575) size 36x25
              text run at (0,1575) width 36: "____"
            RenderBR {BR} at (36,1590) size 0x0
            RenderText {#text} at (0,1600) size 23x25
              text run at (0,1600) width 23: "````"
            RenderBR {BR} at (22,1615) size 1x0
            RenderText {#text} at (0,1625) size 39x25
              text run at (0,1625) width 39: "aaaa"
            RenderBR {BR} at (38,1640) size 1x0
            RenderText {#text} at (0,1650) size 43x25
              text run at (0,1650) width 43: "bbbb"
            RenderBR {BR} at (42,1665) size 1x0
            RenderText {#text} at (0,1675) size 36x25
              text run at (0,1675) width 36: "cccc"
            RenderBR {BR} at (35,1690) size 1x0
            RenderText {#text} at (0,1700) size 43x25
              text run at (0,1700) width 43: "dddd"
            RenderBR {BR} at (42,1715) size 1x0
            RenderText {#text} at (0,1725) size 38x25
              text run at (0,1725) width 38: "eeee"
            RenderBR {BR} at (37,1740) size 1x0
            RenderText {#text} at (0,1750) size 30x25
              text run at (0,1750) width 30: "ffff"
            RenderBR {BR} at (29,1765) size 1x0
            RenderText {#text} at (0,1775) size 39x25
              text run at (0,1775) width 39: "gggg"
            RenderBR {BR} at (38,1790) size 1x0
            RenderText {#text} at (0,1800) size 41x25
              text run at (0,1800) width 41: "hhhh"
            RenderBR {BR} at (40,1815) size 1x0
            RenderText {#text} at (0,1825) size 18x25
              text run at (0,1825) width 18: "iiii"
            RenderBR {BR} at (17,1840) size 1x0
            RenderText {#text} at (0,1850) size 18x25
              text run at (0,1850) width 18: "jjjj"
            RenderBR {BR} at (17,1865) size 1x0
            RenderText {#text} at (0,1875) size 40x25
              text run at (0,1875) width 40: "kkkk"
            RenderBR {BR} at (39,1890) size 1x0
            RenderText {#text} at (0,1900) size 19x25
              text run at (0,1900) width 19: "llll"
            RenderBR {BR} at (18,1915) size 1x0
            RenderText {#text} at (0,1925) size 50x25
              text run at (0,1925) width 50: "mmmm"
            RenderBR {BR} at (49,1940) size 1x0
            RenderText {#text} at (0,1950) size 40x25
              text run at (0,1950) width 40: "nnnn"
            RenderBR {BR} at (39,1965) size 1x0
            RenderText {#text} at (0,1975) size 43x25
              text run at (0,1975) width 43: "oooo"
            RenderBR {BR} at (42,1990) size 1x0
            RenderText {#text} at (0,2000) size 44x25
              text run at (0,2000) width 44: "pppp"
            RenderBR {BR} at (43,2015) size 1x0
            RenderText {#text} at (0,2025) size 41x25
              text run at (0,2025) width 41: "qqqq"
            RenderBR {BR} at (40,2040) size 1x0
            RenderText {#text} at (0,2050) size 29x25
              text run at (0,2050) width 29: "rrrr"
            RenderBR {BR} at (28,2065) size 1x0
            RenderText {#text} at (0,2075) size 35x25
              text run at (0,2075) width 35: "ssss"
            RenderBR {BR} at (34,2090) size 1x0
            RenderText {#text} at (0,2100) size 28x25
              text run at (0,2100) width 28: "tttt"
            RenderBR {BR} at (27,2115) size 1x0
            RenderText {#text} at (0,2125) size 40x25
              text run at (0,2125) width 40: "uuuu"
            RenderBR {BR} at (39,2140) size 1x0
            RenderText {#text} at (0,2150) size 33x25
              text run at (0,2150) width 33: "vvvv"
            RenderBR {BR} at (32,2165) size 1x0
            RenderText {#text} at (0,2175) size 46x25
              text run at (0,2175) width 46: "wwww"
            RenderBR {BR} at (45,2190) size 1x0
            RenderText {#text} at (0,2200) size 36x25
              text run at (0,2200) width 36: "xxxx"
            RenderBR {BR} at (35,2215) size 1x0
            RenderText {#text} at (0,2225) size 39x25
              text run at (0,2225) width 39: "yyyy"
            RenderBR {BR} at (38,2240) size 1x0
            RenderText {#text} at (0,2250) size 33x25
              text run at (0,2250) width 33: "zzzz"
            RenderBR {BR} at (32,2265) size 1x0
            RenderText {#text} at (0,2275) size 21x25
              text run at (0,2275) width 21: "{{{{"
            RenderBR {BR} at (20,2290) size 1x0
            RenderText {#text} at (0,2300) size 19x25
              text run at (0,2300) width 19: "||||"
            RenderBR {BR} at (18,2315) size 1x0
            RenderText {#text} at (0,2325) size 21x25
              text run at (0,2325) width 21: "}}}}"
            RenderBR {BR} at (20,2340) size 1x0
          RenderText {#text} at (0,0) size 0x0
      RenderBlock {P} at (0,4791) size 769x2350
        RenderInline {FONT} at (0,0) size 59x2350
          RenderText {#text} at (0,0) size 0x0
          RenderInline {I} at (0,0) size 59x2350
            RenderText {#text} at (0,0) size 15x25
              text run at (0,0) width 15: "    "
            RenderBR {BR} at (14,15) size 1x0
            RenderText {#text} at (0,25) size 17x25
              text run at (0,25) width 17: "!!!!"
            RenderBR {BR} at (16,40) size 1x0
            RenderText {#text} at (0,50) size 21x25
              text run at (0,50) width 21: "\"\"\"\""
            RenderBR {BR} at (20,65) size 1x0
            RenderText {#text} at (0,75) size 40x25
              text run at (0,75) width 40: "####"
            RenderBR {BR} at (39,90) size 1x0
            RenderText {#text} at (0,100) size 35x25
              text run at (0,100) width 35: "$$$$"
            RenderBR {BR} at (34,115) size 1x0
            RenderText {#text} at (0,125) size 49x25
              text run at (0,125) width 49: "%%%%"
            RenderBR {BR} at (48,140) size 1x0
            RenderText {#text} at (0,150) size 51x25
              text run at (0,150) width 51: "&&&&"
            RenderBR {BR} at (50,165) size 1x0
            RenderText {#text} at (0,175) size 13x25
              text run at (0,175) width 13: "''''"
            RenderBR {BR} at (12,190) size 1x0
            RenderText {#text} at (0,200) size 28x25
              text run at (0,200) width 28: "(((("
            RenderBR {BR} at (27,215) size 1x0
            RenderText {#text} at (0,225) size 28x25
              text run at (0,225) width 28: "))))"
            RenderBR {BR} at (27,240) size 1x0
            RenderText {#text} at (0,250) size 25x25
              text run at (0,250) width 25: "****"
            RenderBR {BR} at (24,265) size 1x0
            RenderText {#text} at (0,275) size 33x25
              text run at (0,275) width 33: "++++"
            RenderBR {BR} at (32,290) size 1x0
            RenderText {#text} at (0,300) size 18x25
              text run at (0,300) width 18: ",,,,"
            RenderBR {BR} at (17,315) size 1x0
            RenderText {#text} at (0,325) size 30x25
              text run at (0,325) width 30: "----"
            RenderBR {BR} at (29,340) size 1x0
            RenderText {#text} at (0,350) size 18x25
              text run at (0,350) width 18: "...."
            RenderBR {BR} at (17,365) size 1x0
            RenderText {#text} at (0,375) size 34x25
              text run at (0,375) width 34: "////"
            RenderBR {BR} at (33,390) size 1x0
            RenderText {#text} at (0,400) size 43x25
              text run at (0,400) width 43: "0000"
            RenderBR {BR} at (42,415) size 1x0
            RenderText {#text} at (0,425) size 17x25
              text run at (0,425) width 17: "1111"
            RenderBR {BR} at (16,440) size 1x0
            RenderText {#text} at (0,450) size 33x25
              text run at (0,450) width 33: "2222"
            RenderBR {BR} at (32,465) size 1x0
            RenderText {#text} at (0,475) size 31x25
              text run at (0,475) width 31: "3333"
            RenderBR {BR} at (30,490) size 1x0
            RenderText {#text} at (0,500) size 43x25
              text run at (0,500) width 43: "4444"
            RenderBR {BR} at (42,515) size 1x0
            RenderText {#text} at (0,525) size 32x25
              text run at (0,525) width 32: "5555"
            RenderBR {BR} at (31,540) size 1x0
            RenderText {#text} at (0,550) size 34x25
              text run at (0,550) width 34: "6666"
            RenderBR {BR} at (33,565) size 1x0
            RenderText {#text} at (0,575) size 30x25
              text run at (0,575) width 30: "7777"
            RenderBR {BR} at (29,590) size 1x0
            RenderText {#text} at (0,600) size 32x25
              text run at (0,600) width 32: "8888"
            RenderBR {BR} at (31,615) size 1x0
            RenderText {#text} at (0,625) size 34x25
              text run at (0,625) width 34: "9999"
            RenderBR {BR} at (33,640) size 1x0
            RenderText {#text} at (0,650) size 18x25
              text run at (0,650) width 18: "::::"
            RenderBR {BR} at (17,665) size 1x0
            RenderText {#text} at (0,675) size 18x25
              text run at (0,675) width 18: ";;;;"
            RenderBR {BR} at (17,690) size 1x0
            RenderText {#text} at (0,700) size 36x25
              text run at (0,700) width 36: "<<<<"
            RenderBR {BR} at (35,715) size 1x0
            RenderText {#text} at (0,725) size 30x25
              text run at (0,725) width 30: "===="
            RenderBR {BR} at (29,740) size 1x0
            RenderText {#text} at (0,750) size 36x25
              text run at (0,750) width 36: ">>>>"
            RenderBR {BR} at (35,765) size 1x0
            RenderText {#text} at (0,775) size 31x25
              text run at (0,775) width 31: "????"
            RenderBR {BR} at (30,790) size 1x0
            RenderText {#text} at (0,800) size 39x25
              text run at (0,800) width 39: "@@@@"
            RenderBR {BR} at (38,815) size 1x0
            RenderText {#text} at (0,825) size 47x25
              text run at (0,825) width 47: "AAAA"
            RenderBR {BR} at (46,840) size 1x0
            RenderText {#text} at (0,850) size 47x25
              text run at (0,850) width 47: "BBBB"
            RenderBR {BR} at (46,865) size 1x0
            RenderText {#text} at (0,875) size 45x25
              text run at (0,875) width 45: "CCCC"
            RenderBR {BR} at (44,890) size 1x0
            RenderText {#text} at (0,900) size 53x25
              text run at (0,900) width 53: "DDDD"
            RenderBR {BR} at (52,915) size 1x0
            RenderText {#text} at (0,925) size 47x25
              text run at (0,925) width 47: "EEEE"
            RenderBR {BR} at (46,940) size 1x0
            RenderText {#text} at (0,950) size 40x25
              text run at (0,950) width 40: "FFFF"
            RenderBR {BR} at (39,965) size 1x0
            RenderText {#text} at (0,975) size 48x25
              text run at (0,975) width 48: "GGGG"
            RenderBR {BR} at (47,990) size 1x0
            RenderText {#text} at (0,1000) size 49x25
              text run at (0,1000) width 49: "HHHH"
            RenderBR {BR} at (48,1015) size 1x0
            RenderText {#text} at (0,1025) size 16x25
              text run at (0,1025) width 16: "IIII"
            RenderBR {BR} at (15,1040) size 1x0
            RenderText {#text} at (0,1050) size 35x25
              text run at (0,1050) width 35: "JJJJ"
            RenderBR {BR} at (34,1065) size 1x0
            RenderText {#text} at (0,1075) size 46x25
              text run at (0,1075) width 46: "KKKK"
            RenderBR {BR} at (45,1090) size 1x0
            RenderText {#text} at (0,1100) size 39x25
              text run at (0,1100) width 39: "LLLL"
            RenderBR {BR} at (38,1115) size 1x0
            RenderText {#text} at (0,1125) size 56x25
              text run at (0,1125) width 56: "MMMM"
            RenderBR {BR} at (55,1140) size 1x0
            RenderText {#text} at (0,1150) size 42x25
              text run at (0,1150) width 42: "NNNN"
            RenderBR {BR} at (41,1165) size 1x0
            RenderText {#text} at (0,1175) size 59x25
              text run at (0,1175) width 59: "OOOO"
            RenderBR {BR} at (58,1190) size 1x0
            RenderText {#text} at (0,1200) size 42x25
              text run at (0,1200) width 42: "PPPP"
            RenderBR {BR} at (41,1215) size 1x0
            RenderText {#text} at (0,1225) size 59x25
              text run at (0,1225) width 59: "QQQQ"
            RenderBR {BR} at (58,1240) size 1x0
            RenderText {#text} at (0,1250) size 43x25
              text run at (0,1250) width 43: "RRRR"
            RenderBR {BR} at (42,1265) size 1x0
            RenderText {#text} at (0,1275) size 42x25
              text run at (0,1275) width 42: "SSSS"
            RenderBR {BR} at (41,1290) size 1x0
            RenderText {#text} at (0,1300) size 45x25
              text run at (0,1300) width 45: "TTTT"
            RenderBR {BR} at (44,1315) size 1x0
            RenderText {#text} at (0,1325) size 52x25
              text run at (0,1325) width 52: "UUUU"
            RenderBR {BR} at (51,1340) size 1x0
            RenderText {#text} at (0,1350) size 38x25
              text run at (0,1350) width 38: "VVVV"
            RenderBR {BR} at (37,1365) size 1x0
            RenderText {#text} at (0,1375) size 51x25
              text run at (0,1375) width 51: "WWWW"
            RenderBR {BR} at (50,1390) size 1x0
            RenderText {#text} at (0,1400) size 42x25
              text run at (0,1400) width 42: "XXXX"
            RenderBR {BR} at (41,1415) size 1x0
            RenderText {#text} at (0,1425) size 41x25
              text run at (0,1425) width 41: "YYYY"
            RenderBR {BR} at (40,1440) size 1x0
            RenderText {#text} at (0,1450) size 43x25
              text run at (0,1450) width 43: "ZZZZ"
            RenderBR {BR} at (42,1465) size 1x0
            RenderText {#text} at (0,1475) size 28x25
              text run at (0,1475) width 28: "[[[["
            RenderBR {BR} at (27,1490) size 1x0
            RenderText {#text} at (0,1500) size 34x25
              text run at (0,1500) width 34: "\\\\\\\\"
            RenderBR {BR} at (33,1515) size 1x0
            RenderText {#text} at (0,1525) size 28x25
              text run at (0,1525) width 28: "]]]]"
            RenderBR {BR} at (27,1540) size 1x0
            RenderText {#text} at (0,1550) size 34x25
              text run at (0,1550) width 34: "^^^^"
            RenderBR {BR} at (33,1565) size 1x0
            RenderText {#text} at (0,1575) size 32x25
              text run at (0,1575) width 32: "____"
            RenderBR {BR} at (32,1590) size 0x0
            RenderText {#text} at (0,1600) size 19x25
              text run at (0,1600) width 19: "````"
            RenderBR {BR} at (18,1615) size 1x0
            RenderText {#text} at (0,1625) size 35x25
              text run at (0,1625) width 35: "aaaa"
            RenderBR {BR} at (34,1640) size 1x0
            RenderText {#text} at (0,1650) size 39x25
              text run at (0,1650) width 39: "bbbb"
            RenderBR {BR} at (38,1665) size 1x0
            RenderText {#text} at (0,1675) size 32x25
              text run at (0,1675) width 32: "cccc"
            RenderBR {BR} at (31,1690) size 1x0
            RenderText {#text} at (0,1700) size 39x25
              text run at (0,1700) width 39: "dddd"
            RenderBR {BR} at (38,1715) size 1x0
            RenderText {#text} at (0,1725) size 34x25
              text run at (0,1725) width 34: "eeee"
            RenderBR {BR} at (33,1740) size 1x0
            RenderText {#text} at (0,1750) size 26x25
              text run at (0,1750) width 26: "ffff"
            RenderBR {BR} at (25,1765) size 1x0
            RenderText {#text} at (0,1775) size 35x25
              text run at (0,1775) width 35: "gggg"
            RenderBR {BR} at (34,1790) size 1x0
            RenderText {#text} at (0,1800) size 37x25
              text run at (0,1800) width 37: "hhhh"
            RenderBR {BR} at (36,1815) size 1x0
            RenderText {#text} at (0,1825) size 14x25
              text run at (0,1825) width 14: "iiii"
            RenderBR {BR} at (13,1840) size 1x0
            RenderText {#text} at (0,1850) size 14x25
              text run at (0,1850) width 14: "jjjj"
            RenderBR {BR} at (13,1865) size 1x0
            RenderText {#text} at (0,1875) size 36x25
              text run at (0,1875) width 36: "kkkk"
            RenderBR {BR} at (35,1890) size 1x0
            RenderText {#text} at (0,1900) size 15x25
              text run at (0,1900) width 15: "llll"
            RenderBR {BR} at (14,1915) size 1x0
            RenderText {#text} at (0,1925) size 46x25
              text run at (0,1925) width 46: "mmmm"
            RenderBR {BR} at (45,1940) size 1x0
            RenderText {#text} at (0,1950) size 36x25
              text run at (0,1950) width 36: "nnnn"
            RenderBR {BR} at (35,1965) size 1x0
            RenderText {#text} at (0,1975) size 39x25
              text run at (0,1975) width 39: "oooo"
            RenderBR {BR} at (38,1990) size 1x0
            RenderText {#text} at (0,2000) size 40x25
              text run at (0,2000) width 40: "pppp"
            RenderBR {BR} at (39,2015) size 1x0
            RenderText {#text} at (0,2025) size 37x25
              text run at (0,2025) width 37: "qqqq"
            RenderBR {BR} at (36,2040) size 1x0
            RenderText {#text} at (0,2050) size 25x25
              text run at (0,2050) width 25: "rrrr"
            RenderBR {BR} at (24,2065) size 1x0
            RenderText {#text} at (0,2075) size 31x25
              text run at (0,2075) width 31: "ssss"
            RenderBR {BR} at (30,2090) size 1x0
            RenderText {#text} at (0,2100) size 24x25
              text run at (0,2100) width 24: "tttt"
            RenderBR {BR} at (23,2115) size 1x0
            RenderText {#text} at (0,2125) size 36x25
              text run at (0,2125) width 36: "uuuu"
            RenderBR {BR} at (35,2140) size 1x0
            RenderText {#text} at (0,2150) size 29x25
              text run at (0,2150) width 29: "vvvv"
            RenderBR {BR} at (28,2165) size 1x0
            RenderText {#text} at (0,2175) size 42x25
              text run at (0,2175) width 42: "wwww"
            RenderBR {BR} at (41,2190) size 1x0
            RenderText {#text} at (0,2200) size 32x25
              text run at (0,2200) width 32: "xxxx"
            RenderBR {BR} at (31,2215) size 1x0
            RenderText {#text} at (0,2225) size 35x25
              text run at (0,2225) width 35: "yyyy"
            RenderBR {BR} at (34,2240) size 1x0
            RenderText {#text} at (0,2250) size 29x25
              text run at (0,2250) width 29: "zzzz"
            RenderBR {BR} at (28,2265) size 1x0
            RenderText {#text} at (0,2275) size 17x25
              text run at (0,2275) width 17: "{{{{"
            RenderBR {BR} at (16,2290) size 1x0
            RenderText {#text} at (0,2300) size 15x25
              text run at (0,2300) width 15: "||||"
            RenderBR {BR} at (14,2315) size 1x0
            RenderText {#text} at (0,2325) size 17x25
              text run at (0,2325) width 17: "}}}}"
            RenderBR {BR} at (16,2340) size 1x0
          RenderText {#text} at (0,0) size 0x0
        RenderText {#text} at (0,0) size 0x0
