layer at (0,0) size 800x600
  RenderView at (0,0) size 800x600
layer at (0,0) size 800x600
  RenderBlock {HTML} at (0,0) size 800x600
    RenderBody {BODY} at (8,8) size 784x584
      RenderBlock {P} at (0,0) size 784x17
        RenderText {#text} at (0,0) size 111x17
          text run at (0,0) width 111: "Tests: the bdo tag"
      RenderBlock {P} at (0,33) size 784x17
        RenderText {#text} at (0,0) size 328x17
          text run at (0,0) width 328: "The bdo element overrides the default text direction."
      RenderBlock {P} at (0,66) size 784x34
        RenderText {#text} at (0,0) size 762x34
          text run at (0,0) width 727: "If successful, the first sentence would be backward, and the second sentence regular. There should then be an extra "
          text run at (727,0) width 35: "blank"
          text run at (0,17) width 698: "line, followed by a line reading only \"A,\" and finally, a sentence where only the word \"umbrella\" is backward."
      RenderBlock {HR} at (0,116) size 784x2 [border: (1px inset #000000)]
      RenderBlock (anonymous) at (0,126) size 784x102
        RenderBR {BR} at (0,0) size 0x17
        RenderInline {BDO} at (0,0) size 221x17
          RenderText {#text} at (0,17) size 221x17
            text run at (0,17) width 221 RTL override: "This sentence should be backward."
        RenderText {#text} at (221,17) size 4x17
          text run at (221,17) width 4: " "
        RenderBR {BR} at (225,31) size 0x0
        RenderInline {BDO} at (0,0) size 209x17
          RenderText {#text} at (0,34) size 209x17
            text run at (0,34) width 209 LTR override: "This sentence should be forward."
        RenderText {#text} at (209,34) size 4x17
          text run at (209,34) width 4: " "
        RenderBR {BR} at (213,48) size 0x0
        RenderInline {BDO} at (0,0) size 0x0
        RenderText {#text} at (0,0) size 0x0
        RenderBR {BR} at (0,51) size 0x17
        RenderInline {BDO} at (0,0) size 12x17
          RenderText {#text} at (0,68) size 12x17
            text run at (0,68) width 12 RTL override: "A"
        RenderText {#text} at (12,68) size 4x17
          text run at (12,68) width 4: " "
        RenderBR {BR} at (16,82) size 0x0
        RenderInline {BDO} at (0,0) size 290x17
          RenderText {#text} at (0,85) size 26x17
            text run at (0,85) width 26 LTR override: "My "
          RenderInline {BDO} at (0,0) size 55x17
            RenderText {#text} at (26,85) size 55x17
              text run at (26,85) width 55 RTL override: "umbrella"
          RenderText {#text} at (81,85) size 209x17
            text run at (81,85) width 209 LTR override: " sure would be useful in this rain."
        RenderText {#text} at (0,0) size 0x0
