layer at (0,0) size 800x600
  RenderView at (0,0) size 800x600
layer at (0,0) size 800x600
  RenderBlock {HTML} at (0,0) size 800x600
    RenderBody {BODY} at (8,8) size 784x584
      RenderTable {TABLE} at (0,0) size 784x54
        RenderTableSection {TBODY} at (0,0) size 784x54
          RenderTableRow {TR} at (0,2) size 784x29
            RenderTableCell {TD} at (2,7) size 43x19 [r=0 c=0 rs=1 cs=1]
              RenderText {#text} at (1,1) size 37x17
                text run at (1,1) width 37: "URL:"
            RenderTableCell {TD} at (46,2) size 736x29 [r=0 c=1 rs=1 cs=1]
              RenderTextControl {INPUT} at (1,3) size 734x23 [bgcolor=#FFFFFF] [border: (2px inset #000000)]
          RenderTableRow {TR} at (0,33) size 784x19
            RenderTableCell {TD} at (2,33) size 780x19 [bgcolor=#FF0000] [r=1 c=0 rs=1 cs=2]
              RenderText {#text} at (1,1) size 253x17
                text run at (1,1) width 253: "Alongwordtogiveyouanicebigminwidth."
      RenderTable {TABLE} at (0,54) size 100x100 [bgcolor=#FF0000] [border: (2px outset #808080)]
        RenderTableSection {TBODY} at (2,2) size 96x96
          RenderTableRow {TR} at (0,2) size 96x92
            RenderTableCell {TD} at (2,46) size 92x4 [border: (1px inset #808080)] [r=0 c=0 rs=1 cs=1]
      RenderTable {TABLE} at (0,154) size 218x120 [border: (2px outset #808080)]
        RenderTableSection {TBODY} at (2,2) size 214x116
          RenderTableRow {TR} at (0,2) size 214x21
            RenderTableCell {TD} at (2,2) size 210x21 [border: (1px inset #808080)] [r=0 c=0 rs=1 cs=1]
              RenderText {#text} at (2,2) size 31x17
                text run at (2,2) width 31: "hello"
          RenderTableRow {TR} at (0,25) size 214x21
            RenderTableCell {TD} at (2,25) size 210x21 [border: (1px inset #808080)] [r=1 c=0 rs=1 cs=1]
              RenderText {#text} at (2,2) size 67x17
                text run at (2,2) width 67: "more hello"
          RenderTableRow {TR} at (0,48) size 214x21
            RenderTableCell {TD} at (2,48) size 210x21 [border: (1px inset #808080)] [r=2 c=0 rs=1 cs=1]
              RenderText {#text} at (2,2) size 37x17
                text run at (2,2) width 37: "world"
          RenderTableRow {TR} at (0,71) size 214x43
            RenderTableCell {TD} at (2,74) size 210x37 [border: (1px inset #808080)] [r=3 c=0 rs=1 cs=1]
              RenderText {#text} at (0,0) size 0x0
      RenderTable {TABLE} at (0,274) size 107x74
        RenderTableSection {TBODY} at (0,0) size 107x74
          RenderTableRow {TR} at (0,2) size 107x70
            RenderTableCell {TD} at (2,2) size 103x70 [r=0 c=0 rs=1 cs=1]
              RenderText {#text} at (1,1) size 100x68
                text run at (1,1) width 87: "I should wrap"
                text run at (1,18) width 81: "and not have"
                text run at (1,35) width 56: "nowrap. "
                text run at (57,35) width 44: "I really"
                text run at (1,52) width 46: "should."
      RenderTable {TABLE} at (0,348) size 107x74
        RenderTableSection {TBODY} at (0,0) size 107x74
          RenderTableRow {TR} at (0,2) size 107x70
            RenderTableCell {TD} at (2,2) size 103x70 [r=0 c=0 rs=1 cs=1]
              RenderBlock {DIV} at (1,1) size 101x68
                RenderText {#text} at (0,0) size 100x68
                  text run at (0,0) width 87: "I should wrap"
                  text run at (0,17) width 81: "and not have"
                  text run at (0,34) width 56: "nowrap. "
                  text run at (56,34) width 44: "I really"
                  text run at (0,51) width 46: "should."
      RenderTable {TABLE} at (0,422) size 370x23
        RenderTableSection {TBODY} at (0,0) size 370x23
          RenderTableRow {TR} at (0,2) size 370x19
            RenderTableCell {TD} at (2,2) size 366x19 [r=0 c=0 rs=1 cs=1]
              RenderText {#text} at (1,1) size 363x17
                text run at (1,1) width 145: "I should have nowrap. "
                text run at (146,1) width 98: "I really should. "
                text run at (244,1) width 120: "Definitely. Should."
      RenderTable {TABLE} at (0,445) size 370x23
        RenderTableSection {TBODY} at (0,0) size 370x23
          RenderTableRow {TR} at (0,2) size 370x19
            RenderTableCell {TD} at (2,2) size 366x19 [r=0 c=0 rs=1 cs=1]
              RenderBlock {DIV} at (1,1) size 364x17
                RenderText {#text} at (0,0) size 363x17
                  text run at (0,0) width 145: "I should have nowrap. "
                  text run at (145,0) width 98: "I really should. "
                  text run at (243,0) width 120: "Definitely. Should."
layer at (59,16) size 727x17
  RenderBlock {DIV} at (3,3) size 728x17
layer at (16,240) size 201x33 clip at (17,241) size 199x31
  RenderTextControl {TEXTAREA} at (4,2) size 201x33 [bgcolor=#FFFFFF] [border: (1px solid #000000)]
    RenderBlock {DIV} at (3,3) size 195x17
