layer at (0,0) size 800x600
  RenderView at (0,0) size 800x600
layer at (0,0) size 800x600
  RenderBlock {HTML} at (0,0) size 800x600
    RenderBody {BODY} at (8,8) size 784x584
      RenderTable {TABLE} at (0,0) size 745x50 [border: (1px outset #808080)]
        RenderTableSection {TBODY} at (1,1) size 743x48
          RenderTableRow {TR} at (0,2) size 743x44
            RenderTableCell {TD} at (2,2) size 239x44 [border: (1px inset #808080)] [r=0 c=0 rs=1 cs=1]
              RenderTable {TABLE} at (2,2) size 235x40
                RenderTableSection {TBODY} at (0,0) size 235x40
                  RenderTableRow {TR} at (0,2) size 235x36
                    RenderTableCell {TD} at (2,2) size 231x36 [r=0 c=0 rs=1 cs=1]
                      RenderText {#text} at (1,1) size 223x34
                        text run at (1,1) width 223: "This is the first column. It has some"
                        text run at (1,18) width 55: "text in it."
            RenderTableCell {TD} at (242,2) size 499x44 [border: (1px inset #808080)] [r=0 c=1 rs=1 cs=1]
              RenderTable {TABLE} at (2,2) size 495x40
                RenderTableSection {TBODY} at (0,0) size 495x40
                  RenderTableRow {TR} at (0,2) size 495x36
                    RenderTableCell {TD} at (2,2) size 491x36 [r=0 c=0 rs=1 cs=1]
                      RenderText {#text} at (1,1) size 460x34
                        text run at (1,1) width 172: "This is the second column. "
                        text run at (173,1) width 288: "It has a lot more content than the first column."
                        text run at (1,18) width 137: "That shouldn't matter."
