layer at (0,0) size 785x801
  RenderView at (0,0) size 785x600
layer at (0,0) size 785x801
  RenderBlock {HTML} at (0,0) size 785x802
    RenderBody {BODY} at (8,8) size 769x786
      RenderTable {TABLE} at (0,0) size 321x786
        RenderTableSection {TBODY} at (0,0) size 321x786
          RenderTableRow {TR} at (0,0) size 25x786
            RenderTableCell {TD} at (0,0) size 25x786 [border: (1px solid #008000)] [r=0 c=0 rs=1 cs=3]
              RenderText {#text} at (4,4) size 17x236
                text run at (4,4) width 144: "   Join Now   Sign In   "
                text run at (4,148) width 92: "   Personalize: "
              RenderInline {A} at (0,0) size 17x50
                RenderText {#text} at (4,240) size 17x50
                  text run at (4,240) width 50: "Settings"
              RenderText {#text} at (4,290) size 17x14
                text run at (4,290) width 14: " \x{2022} "
              RenderInline {A} at (0,0) size 17x50
                RenderText {#text} at (4,304) size 17x50
                  text run at (4,304) width 50: "Content"
              RenderText {#text} at (4,354) size 17x14
                text run at (4,354) width 14: " \x{2022} "
              RenderInline {A} at (0,0) size 17x45
                RenderText {#text} at (4,368) size 17x45
                  text run at (4,368) width 45: "Layout"
              RenderText {#text} at (4,413) size 17x14
                text run at (4,413) width 14: " \x{2022} "
              RenderInline {A} at (0,0) size 17x112
                RenderText {#text} at (4,427) size 17x112
                  text run at (4,427) width 112: "Colors & Themes"
              RenderText {#text} at (4,539) size 17x14
                text run at (4,539) width 14: " \x{2022} "
              RenderInline {A} at (0,0) size 17x46
                RenderText {#text} at (4,553) size 17x46
                  text run at (4,553) width 46: "Sign In"
              RenderText {#text} at (4,599) size 17x182
                text run at (4,599) width 8: "  "
                text run at (4,607) width 90: "   My Links:   "
                text run at (4,697) width 84: "  Lite \x{2022} Email"
          RenderTableRow {TR} at (0,25) size 296x786
            RenderTableCell {TD} at (25,144) size 296x-68 [border: (1px solid #008000)] [r=1 c=0 rs=1 cs=1]
            RenderTableCell {TD} at (25,219) size 296x347 [border: (1px solid #008000)] [r=1 c=1 rs=1 cs=1]
              RenderTable {TABLE} at (4,4) size 288x338
                RenderTableSection {TBODY} at (0,0) size 288x338
                  RenderTableRow {TR} at (0,2) size 284x338
                    RenderTableCell {TD} at (2,2) size 284x334 [border: (1px solid #008000)] [r=0 c=0 rs=1 cs=1]
                      RenderTable {TABLE} at (2,2) size 280x330
                        RenderTableSection {TBODY} at (0,0) size 280x330
                          RenderTableRow {TR} at (0,2) size 276x330
                            RenderTableCell {TD} at (2,138) size 276x-146 [border: (1px solid #008000)] [r=0 c=0 rs=1 cs=1]
                            RenderTableCell {TD} at (2,129) size 276x72 [border: (1px solid #008000)] [r=0 c=1 rs=1 cs=1]
                              RenderText {#text} at (2,2) size 272x67
                                text run at (2,2) width 56: "This guy"
                                text run at (19,2) width 42: "should"
                                text run at (36,2) width 53: "have the"
                                text run at (53,2) width 59: "really big"
                                text run at (70,2) width 67: "maxwidth."
                                text run at (87,2) width 13: "It "
                                text run at (87,15) width 42: "should"
                                text run at (104,2) width 39: "be big"
                                text run at (121,2) width 63: "enough to"
                                text run at (138,2) width 35: "really"
                                text run at (155,2) width 35: "really"
                                text run at (172,2) width 37: "screw"
                                text run at (189,2) width 62: "things up."
                                text run at (206,2) width 43: "That is"
                                text run at (223,2) width 40: "what I"
                                text run at (240,2) width 60: "think will"
                                text run at (257,2) width 37: "work."
                            RenderTableCell {TD} at (2,338) size 276x-146 [border: (1px solid #008000)] [r=0 c=2 rs=1 cs=1]
            RenderTableCell {TD} at (25,700) size 296x-49 [border: (1px solid #008000)] [r=1 c=2 rs=1 cs=1]
              RenderImage {IMG} at (139,-131) size 18x212
              RenderText {#text} at (0,0) size 0x0
