layer at (0,0) size 800x600
  RenderView at (0,0) size 800x600
layer at (0,0) size 800x600
  RenderBlock {HTML} at (0,0) size 800x600
    RenderBody {BODY} at (8,8) size 784x584
      RenderTable {TABLE} at (0,0) size 786x321
        RenderTableSection {TBODY} at (0,0) size 786x321
          RenderTableRow {TR} at (0,0) size 786x25
            RenderTableCell {TD} at (0,0) size 786x25 [border: (1px solid #008000)] [r=0 c=0 rs=1 cs=3]
              RenderText {#text} at (4,4) size 236x17
                text run at (4,4) width 144: "   Join Now   Sign In   "
                text run at (148,4) width 92: "   Personalize: "
              RenderInline {A} at (0,0) size 50x17
                RenderText {#text} at (240,4) size 50x17
                  text run at (240,4) width 50: "Settings"
              RenderText {#text} at (290,4) size 14x17
                text run at (290,4) width 14: " \x{2022} "
              RenderInline {A} at (0,0) size 50x17
                RenderText {#text} at (304,4) size 50x17
                  text run at (304,4) width 50: "Content"
              RenderText {#text} at (354,4) size 14x17
                text run at (354,4) width 14: " \x{2022} "
              RenderInline {A} at (0,0) size 45x17
                RenderText {#text} at (368,4) size 45x17
                  text run at (368,4) width 45: "Layout"
              RenderText {#text} at (413,4) size 14x17
                text run at (413,4) width 14: " \x{2022} "
              RenderInline {A} at (0,0) size 112x17
                RenderText {#text} at (427,4) size 112x17
                  text run at (427,4) width 112: "Colors & Themes"
              RenderText {#text} at (539,4) size 14x17
                text run at (539,4) width 14: " \x{2022} "
              RenderInline {A} at (0,0) size 46x17
                RenderText {#text} at (553,4) size 46x17
                  text run at (553,4) width 46: "Sign In"
              RenderText {#text} at (599,4) size 182x17
                text run at (599,4) width 8: "  "
                text run at (607,4) width 90: "   My Links:   "
                text run at (697,4) width 84: "  Lite \x{2022} Email"
          RenderTableRow {TR} at (0,25) size 786x296
            RenderTableCell {TD} at (0,169) size 220x8 [border: (1px solid #008000)] [r=1 c=0 rs=1 cs=1]
            RenderTableCell {TD} at (219,25) size 347x296 [border: (1px solid #008000)] [r=1 c=1 rs=1 cs=1]
              RenderTable {TABLE} at (4,4) size 338x288
                RenderTableSection {TBODY} at (0,0) size 338x288
                  RenderTableRow {TR} at (0,2) size 338x284
                    RenderTableCell {TD} at (2,2) size 334x284 [border: (1px solid #008000)] [r=0 c=0 rs=1 cs=1]
                      RenderTable {TABLE} at (2,2) size 330x280
                        RenderTableSection {TBODY} at (0,0) size 330x280
                          RenderTableRow {TR} at (0,2) size 330x276
                            RenderTableCell {TD} at (2,138) size 126x4 [border: (1px solid #008000)] [r=0 c=0 rs=1 cs=1]
                            RenderTableCell {TD} at (129,2) size 72x276 [border: (1px solid #008000)] [r=0 c=1 rs=1 cs=1]
                              RenderText {#text} at (2,2) size 67x272
                                text run at (2,2) width 56: "This guy"
                                text run at (2,19) width 42: "should"
                                text run at (2,36) width 53: "have the"
                                text run at (2,53) width 59: "really big"
                                text run at (2,70) width 67: "maxwidth."
                                text run at (2,87) width 13: "It "
                                text run at (15,87) width 42: "should"
                                text run at (2,104) width 39: "be big"
                                text run at (2,121) width 63: "enough to"
                                text run at (2,138) width 35: "really"
                                text run at (2,155) width 35: "really"
                                text run at (2,172) width 37: "screw"
                                text run at (2,189) width 62: "things up."
                                text run at (2,206) width 43: "That is"
                                text run at (2,223) width 40: "what I"
                                text run at (2,240) width 60: "think will"
                                text run at (2,257) width 37: "work."
                            RenderTableCell {TD} at (202,138) size 126x4 [border: (1px solid #008000)] [r=0 c=2 rs=1 cs=1]
            RenderTableCell {TD} at (565,160) size 221x26 [border: (1px solid #008000)] [r=1 c=2 rs=1 cs=1]
              RenderImage {IMG} at (4,4) size 212x18
              RenderText {#text} at (0,0) size 0x0
