layer at (0,0) size 800x600
  RenderView at (0,0) size 800x600
layer at (0,0) size 800x600
  RenderBlock {HTML} at (0,0) size 800x600
    RenderBody {BODY} at (8,8) size 784x584
      RenderBlock (anonymous) at (0,0) size 784x17
        RenderText {#text} at (0,0) size 277x17
          text run at (0,0) width 277: "These two tables should be the same height."
      RenderBlock {DIV} at (0,17) size 76x320
        RenderTable {TABLE} at (0,0) size 22x320
          RenderTableSection {TBODY} at (0,0) size 22x320
            RenderTableRow {TR} at (0,0) size 22x320
              RenderTableCell {TD} at (0,0) size 22x68 [border: (1px solid #008000)] [r=0 c=0 rs=1 cs=1]
                RenderText {#text} at (1,1) size 17x8
                  text run at (1,1) width 8: "1"
              RenderTableCell {TD} at (0,70) size 22x242 [border: (1px solid #008000)] [r=0 c=1 rs=1 cs=1]
                RenderText {#text} at (1,1) size 17x8
                  text run at (1,1) width 8: "2"
              RenderTableCell {TD} at (0,314) size 22x7 [border: (1px solid #008000)] [r=0 c=2 rs=1 cs=1]
                RenderImage {IMG} at (1,1) size 20x4 [bgcolor=#FFA500]
        RenderBlock {P} at (38,0) size 0x320
        RenderTable {TABLE} at (38,0) size 38x320
          RenderTableSection {TBODY} at (0,0) size 38x320
            RenderTableRow {TR} at (0,0) size 19x320
              RenderTableCell {TD} at (0,0) size 19x64 [border: (1px solid #008000)] [r=0 c=0 rs=1 cs=1]
                RenderText {#text} at (1,1) size 17x8
                  text run at (1,1) width 8: "1"
              RenderTableCell {TD} at (0,67) size 19x250 [border: (1px solid #008000)] [r=0 c=1 rs=1 cs=1]
                RenderImage {IMG} at (4,-3) size 11x255 [bgcolor=#FFA500]
            RenderTableRow {TR} at (0,19) size 19x320
              RenderTableCell {TD} at (19,0) size 19x320 [border: (1px solid #008000)] [r=1 c=0 rs=1 cs=3]
                RenderText {#text} at (1,1) size 17x8
                  text run at (1,1) width 8: "1"
