layer at (0,0) size 800x600
  RenderView at (0,0) size 800x600
layer at (0,0) size 800x600
  RenderBlock {HTML} at (0,0) size 800x600
    RenderBody {BODY} at (8,8) size 784x584
      RenderBlock (anonymous) at (0,0) size 784x17
        RenderText {#text} at (0,0) size 274x17
          text run at (0,0) width 274: "These two tables should be the same width."
      RenderTable {TABLE} at (0,17) size 320x22
        RenderTableSection {TBODY} at (0,0) size 320x22
          RenderTableRow {TR} at (0,0) size 320x22
            RenderTableCell {TD} at (0,0) size 71x19 [border: (1px solid #008000)] [r=0 c=0 rs=1 cs=1]
              RenderText {#text} at (1,1) size 8x17
                text run at (1,1) width 8: "1"
            RenderTableCell {TD} at (70,0) size 245x19 [border: (1px solid #008000)] [r=0 c=1 rs=1 cs=1]
              RenderText {#text} at (1,1) size 8x17
                text run at (1,1) width 8: "2"
            RenderTableCell {TD} at (314,0) size 7x22 [border: (1px solid #008000)] [r=0 c=2 rs=1 cs=1]
              RenderImage {IMG} at (1,1) size 4x20 [bgcolor=#FFA500]
      RenderBlock {P} at (0,55) size 784x0
      RenderTable {TABLE} at (0,55) size 320x38
        RenderTableSection {TBODY} at (0,0) size 320x38
          RenderTableRow {TR} at (0,0) size 320x19
            RenderTableCell {TD} at (0,0) size 64x19 [border: (1px solid #008000)] [r=0 c=0 rs=1 cs=1]
              RenderText {#text} at (1,1) size 8x17
                text run at (1,1) width 8: "1"
            RenderTableCell {TD} at (64,3) size 256x13 [border: (1px solid #008000)] [r=0 c=1 rs=1 cs=1]
              RenderImage {IMG} at (1,1) size 254x10 [bgcolor=#FFA500]
          RenderTableRow {TR} at (0,19) size 320x19
            RenderTableCell {TD} at (0,19) size 320x19 [border: (1px solid #008000)] [r=1 c=0 rs=1 cs=3]
              RenderText {#text} at (1,1) size 8x17
                text run at (1,1) width 8: "1"
