layer at (0,0) size 785x2337
  RenderView at (0,0) size 785x600
layer at (0,0) size 785x2337
  RenderBlock {HTML} at (0,0) size 785x2338
    RenderBody {BODY} at (8,8) size 769x2322
      RenderBlock {H1} at (0,0) size 769x36
        RenderText {#text} at (0,0) size 615x36
          text run at (0,0) width 615: "Fixed Columns, Auto Span, Minheight Table"
      RenderTable {TABLE} at (0,57) size 40x101
        RenderTableSection {TBODY} at (0,0) size 40x100
          RenderTableRow {TR} at (0,0) size 20x100
            RenderTableCell {TD} at (0,10) size 20x14 [bgcolor=#00FFFF] [r=0 c=0 rs=1 cs=1]
            RenderTableCell {TD} at (0,43) size 20x48 [bgcolor=#FFFF00] [r=0 c=1 rs=1 cs=1]
          RenderTableRow {TR} at (0,20) size 20x100
            RenderTableCell {TD} at (20,10) size 20x81 [bgcolor=#FFC0CB] [r=1 c=0 rs=1 cs=2]
              RenderBlock {DIV} at (10,-10) size 0x100
      RenderBlock {P} at (0,173) size 769x52
        RenderText {#text} at (0,0) size 148x17
          text run at (0,0) width 148: "The table height is: 100"
        RenderBR {BR} at (148,14) size 0x0
        RenderText {#text} at (0,17) size 133x17
          text run at (0,17) width 133: "Column One is: 33%"
        RenderBR {BR} at (133,31) size 0x0
        RenderText {#text} at (0,34) size 136x17
          text run at (0,34) width 136: "Column Two is: 67%"
      RenderBlock {HR} at (0,240) size 769x3 [border: (1px inset #000000)]
      RenderTable {TABLE} at (0,250) size 40x601
        RenderTableSection {TBODY} at (0,0) size 40x600
          RenderTableRow {TR} at (0,0) size 20x600
            RenderTableCell {TD} at (0,10) size 20x180 [bgcolor=#00FFFF] [r=0 c=0 rs=1 cs=1]
            RenderTableCell {TD} at (0,210) size 20x380 [bgcolor=#FFFF00] [r=0 c=1 rs=1 cs=1]
          RenderTableRow {TR} at (0,20) size 20x600
            RenderTableCell {TD} at (20,10) size 20x580 [bgcolor=#FFC0CB] [r=1 c=0 rs=1 cs=2]
              RenderBlock {DIV} at (10,-10) size 0x600
      RenderBlock {P} at (0,866) size 769x52
        RenderText {#text} at (0,0) size 148x17
          text run at (0,0) width 148: "The table height is: 600"
        RenderBR {BR} at (148,14) size 0x0
        RenderText {#text} at (0,17) size 133x17
          text run at (0,17) width 133: "Column One is: 33%"
        RenderBR {BR} at (133,31) size 0x0
        RenderText {#text} at (0,34) size 136x17
          text run at (0,34) width 136: "Column Two is: 67%"
      RenderBlock {HR} at (0,933) size 769x3 [border: (1px inset #000000)]
      RenderTable {TABLE} at (0,943) size 54x601
        RenderTableSection {TBODY} at (0,0) size 54x600
          RenderTableRow {TR} at (0,0) size 34x600
            RenderTableCell {TD} at (0,0) size 34x200 [bgcolor=#00FFFF] [r=0 c=0 rs=1 cs=1]
              RenderText {#text} at (0,0) size 34x188
                text run at (0,0) width 188: "Fixed cell in column one with"
                text run at (17,0) width 64: "some text."
            RenderTableCell {TD} at (0,200) size 34x400 [bgcolor=#FFFF00] [r=0 c=1 rs=1 cs=1]
              RenderText {#text} at (0,0) size 34x398
                text run at (0,0) width 398: "Fixed cell in column two with a lot more text. Will the ratios be"
                text run at (17,0) width 68: "preserved?"
          RenderTableRow {TR} at (0,34) size 20x600
            RenderTableCell {TD} at (34,10) size 20x580 [bgcolor=#FFC0CB] [r=1 c=0 rs=1 cs=2]
              RenderBlock {DIV} at (10,-10) size 0x600
      RenderBlock {P} at (0,1559) size 769x52
        RenderText {#text} at (0,0) size 148x17
          text run at (0,0) width 148: "The table height is: 600"
        RenderBR {BR} at (148,14) size 0x0
        RenderText {#text} at (0,17) size 133x17
          text run at (0,17) width 133: "Column One is: 33%"
        RenderBR {BR} at (133,31) size 0x0
        RenderText {#text} at (0,34) size 136x17
          text run at (0,34) width 136: "Column Two is: 67%"
      RenderBlock {HR} at (0,1626) size 769x3 [border: (1px inset #000000)]
      RenderTable {TABLE} at (0,1636) size 40x601
        RenderTableSection {TBODY} at (0,0) size 40x600
          RenderTableRow {TR} at (0,0) size 20x600
            RenderTableCell {TD} at (0,10) size 20x180 [bgcolor=#00FFFF] [r=0 c=0 rs=1 cs=1]
              RenderBlock {DIV} at (10,-10) size 0x100
            RenderTableCell {TD} at (0,210) size 20x380 [bgcolor=#FFFF00] [r=0 c=1 rs=1 cs=1]
              RenderBlock {DIV} at (10,-10) size 0x250
          RenderTableRow {TR} at (0,20) size 20x600
            RenderTableCell {TD} at (20,10) size 20x580 [bgcolor=#FFC0CB] [r=1 c=0 rs=1 cs=2]
              RenderBlock {DIV} at (10,-10) size 0x600
      RenderBlock {P} at (0,2252) size 769x52
        RenderText {#text} at (0,0) size 148x17
          text run at (0,0) width 148: "The table height is: 600"
        RenderBR {BR} at (148,14) size 0x0
        RenderText {#text} at (0,17) size 133x17
          text run at (0,17) width 133: "Column One is: 33%"
        RenderBR {BR} at (133,31) size 0x0
        RenderText {#text} at (0,34) size 136x17
          text run at (0,34) width 136: "Column Two is: 67%"
      RenderBlock {HR} at (0,2319) size 769x3 [border: (1px inset #000000)]
