layer at (0,0) size 785x611
  RenderView at (0,0) size 785x600
layer at (0,0) size 785x611
  RenderBlock {HTML} at (0,0) size 785x612
    RenderBody {BODY} at (8,8) size 769x596
      RenderBlock {H1} at (0,0) size 769x36
        RenderText {#text} at (0,0) size 608x36
          text run at (0,0) width 608: "Fixed Columns, Auto Span, Minwidth Table"
      RenderTable {TABLE} at (0,57) size 100x41
        RenderTableSection {TBODY} at (0,0) size 100x40
          RenderTableRow {TR} at (0,0) size 100x20
            RenderTableCell {TD} at (0,10) size 34x0 [bgcolor=#00FFFF] [r=0 c=0 rs=1 cs=1]
            RenderTableCell {TD} at (33,10) size 68x0 [bgcolor=#FFFF00] [r=0 c=1 rs=1 cs=1]
          RenderTableRow {TR} at (0,20) size 100x20
            RenderTableCell {TD} at (0,30) size 101x0 [bgcolor=#FFC0CB] [r=1 c=0 rs=1 cs=2]
              RenderBlock {DIV} at (0,0) size 100x0
      RenderBlock {P} at (0,113) size 769x52
        RenderText {#text} at (0,0) size 145x17
          text run at (0,0) width 145: "The table width is: 100"
        RenderBR {BR} at (145,14) size 0x0
        RenderText {#text} at (0,17) size 133x17
          text run at (0,17) width 133: "Column One is: 33%"
        RenderBR {BR} at (133,31) size 0x0
        RenderText {#text} at (0,34) size 136x17
          text run at (0,34) width 136: "Column Two is: 67%"
      RenderBlock {HR} at (0,180) size 769x3 [border: (1px inset #000000)]
      RenderTable {TABLE} at (0,190) size 600x41
        RenderTableSection {TBODY} at (0,0) size 600x40
          RenderTableRow {TR} at (0,0) size 600x20
            RenderTableCell {TD} at (0,10) size 200x0 [bgcolor=#00FFFF] [r=0 c=0 rs=1 cs=1]
            RenderTableCell {TD} at (200,10) size 400x0 [bgcolor=#FFFF00] [r=0 c=1 rs=1 cs=1]
          RenderTableRow {TR} at (0,20) size 600x20
            RenderTableCell {TD} at (0,30) size 600x0 [bgcolor=#FFC0CB] [r=1 c=0 rs=1 cs=2]
              RenderBlock {DIV} at (0,0) size 600x0
      RenderBlock {P} at (0,246) size 769x52
        RenderText {#text} at (0,0) size 145x17
          text run at (0,0) width 145: "The table width is: 600"
        RenderBR {BR} at (145,14) size 0x0
        RenderText {#text} at (0,17) size 133x17
          text run at (0,17) width 133: "Column One is: 33%"
        RenderBR {BR} at (133,31) size 0x0
        RenderText {#text} at (0,34) size 136x17
          text run at (0,34) width 136: "Column Two is: 67%"
      RenderBlock {HR} at (0,313) size 769x3 [border: (1px inset #000000)]
      RenderTable {TABLE} at (0,323) size 600x55
        RenderTableSection {TBODY} at (0,0) size 600x54
          RenderTableRow {TR} at (0,0) size 600x34
            RenderTableCell {TD} at (0,0) size 200x34 [bgcolor=#00FFFF] [r=0 c=0 rs=1 cs=1]
              RenderText {#text} at (0,0) size 188x34
                text run at (0,0) width 188: "Fixed cell in column one with"
                text run at (0,17) width 64: "some text."
            RenderTableCell {TD} at (200,0) size 400x34 [bgcolor=#FFFF00] [r=0 c=1 rs=1 cs=1]
              RenderText {#text} at (0,0) size 398x34
                text run at (0,0) width 398: "Fixed cell in column two with a lot more text. Will the ratios be"
                text run at (0,17) width 68: "preserved?"
          RenderTableRow {TR} at (0,34) size 600x20
            RenderTableCell {TD} at (0,44) size 600x0 [bgcolor=#FFC0CB] [r=1 c=0 rs=1 cs=2]
              RenderBlock {DIV} at (0,0) size 600x0
      RenderBlock {P} at (0,393) size 769x52
        RenderText {#text} at (0,0) size 145x17
          text run at (0,0) width 145: "The table width is: 600"
        RenderBR {BR} at (145,14) size 0x0
        RenderText {#text} at (0,17) size 133x17
          text run at (0,17) width 133: "Column One is: 33%"
        RenderBR {BR} at (133,31) size 0x0
        RenderText {#text} at (0,34) size 136x17
          text run at (0,34) width 136: "Column Two is: 67%"
      RenderBlock {HR} at (0,460) size 769x3 [border: (1px inset #000000)]
      RenderTable {TABLE} at (0,470) size 600x41
        RenderTableSection {TBODY} at (0,0) size 600x40
          RenderTableRow {TR} at (0,0) size 600x20
            RenderTableCell {TD} at (0,10) size 200x0 [bgcolor=#00FFFF] [r=0 c=0 rs=1 cs=1]
              RenderBlock {DIV} at (0,0) size 100x0
            RenderTableCell {TD} at (200,10) size 400x0 [bgcolor=#FFFF00] [r=0 c=1 rs=1 cs=1]
              RenderBlock {DIV} at (0,0) size 250x0
          RenderTableRow {TR} at (0,20) size 600x20
            RenderTableCell {TD} at (0,30) size 600x0 [bgcolor=#FFC0CB] [r=1 c=0 rs=1 cs=2]
              RenderBlock {DIV} at (0,0) size 600x0
      RenderBlock {P} at (0,526) size 769x52
        RenderText {#text} at (0,0) size 145x17
          text run at (0,0) width 145: "The table width is: 600"
        RenderBR {BR} at (145,14) size 0x0
        RenderText {#text} at (0,17) size 133x17
          text run at (0,17) width 133: "Column One is: 33%"
        RenderBR {BR} at (133,31) size 0x0
        RenderText {#text} at (0,34) size 136x17
          text run at (0,34) width 136: "Column Two is: 67%"
      RenderBlock {HR} at (0,593) size 769x3 [border: (1px inset #000000)]
