layer at (0,0) size 800x600
  RenderView at (0,0) size 800x600
layer at (0,0) size 800x317
  RenderBlock {HTML} at (0,0) size 800x317
    RenderBody {BODY} at (8,18) size 784x291
      RenderBlock {H3} at (0,0) size 784x21
        RenderText {#text} at (0,0) size 236x21
          text run at (0,0) width 236: "ROWSPAN of 1024 - Works"
      RenderTable {TABLE} at (0,39) size 168x97 [border: (1px outset #808080)]
        RenderTableSection {TBODY} at (1,1) size 166x94
          RenderTableRow {TR} at (0,2) size 166x21
            RenderTableCell {TD} at (2,2) size 46x21 [border: (1px inset #808080)] [r=0 c=0 rs=1 cs=1]
              RenderText {#text} at (2,2) size 42x17
                text run at (2,2) width 42: "header"
            RenderTableCell {TD} at (50,36) size 8x22 [bgcolor=#000000] [border: (1px inset #808080)] [r=0 c=1 rs=1024 cs=1]
              RenderText {#text} at (2,2) size 4x18
                text run at (2,3) width 4: " "
            RenderTableCell {TD} at (60,2) size 46x21 [border: (1px inset #808080)] [r=0 c=2 rs=1 cs=1]
              RenderText {#text} at (2,2) size 42x17
                text run at (2,2) width 42: "header"
            RenderTableCell {TD} at (108,36) size 8x22 [bgcolor=#000000] [border: (1px inset #808080)] [r=0 c=3 rs=1024 cs=1]
              RenderText {#text} at (2,2) size 4x18
                text run at (2,3) width 4: " "
            RenderTableCell {TD} at (118,2) size 46x21 [border: (1px inset #808080)] [r=0 c=4 rs=1 cs=1]
              RenderText {#text} at (2,2) size 42x17
                text run at (2,2) width 42: "header"
          RenderTableRow {TR} at (0,25) size 166x21
            RenderTableCell {TD} at (2,25) size 46x21 [border: (1px inset #808080)] [r=1 c=0 rs=1 cs=1]
              RenderText {#text} at (2,2) size 41x17
                text run at (2,2) width 41: "foobar"
            RenderTableCell {TD} at (60,25) size 46x21 [border: (1px inset #808080)] [r=1 c=2 rs=1 cs=1]
              RenderText {#text} at (2,2) size 41x17
                text run at (2,2) width 41: "foobar"
            RenderTableCell {TD} at (118,25) size 46x21 [border: (1px inset #808080)] [r=1 c=4 rs=1 cs=1]
              RenderText {#text} at (2,2) size 41x17
                text run at (2,2) width 41: "foobar"
          RenderTableRow {TR} at (0,48) size 166x21
            RenderTableCell {TD} at (2,48) size 46x21 [border: (1px inset #808080)] [r=2 c=0 rs=1 cs=1]
              RenderText {#text} at (2,2) size 41x17
                text run at (2,2) width 41: "foobar"
            RenderTableCell {TD} at (60,48) size 46x21 [border: (1px inset #808080)] [r=2 c=2 rs=1 cs=1]
              RenderText {#text} at (2,2) size 41x17
                text run at (2,2) width 41: "foobar"
            RenderTableCell {TD} at (118,48) size 46x21 [border: (1px inset #808080)] [r=2 c=4 rs=1 cs=1]
              RenderText {#text} at (2,2) size 41x17
                text run at (2,2) width 41: "foobar"
          RenderTableRow {TR} at (0,71) size 166x21
            RenderTableCell {TD} at (2,71) size 46x21 [border: (1px inset #808080)] [r=3 c=0 rs=1 cs=1]
              RenderText {#text} at (2,2) size 41x17
                text run at (2,2) width 41: "foobar"
            RenderTableCell {TD} at (60,71) size 46x21 [border: (1px inset #808080)] [r=3 c=2 rs=1 cs=1]
              RenderText {#text} at (2,2) size 41x17
                text run at (2,2) width 41: "foobar"
            RenderTableCell {TD} at (118,71) size 46x21 [border: (1px inset #808080)] [r=3 c=4 rs=1 cs=1]
              RenderText {#text} at (2,2) size 41x17
                text run at (2,2) width 41: "foobar"
      RenderBlock {H3} at (0,154) size 784x22
        RenderText {#text} at (0,0) size 295x21
          text run at (0,0) width 295: "ROWSPAN of 1025 - Doesn't Work"
      RenderTable {TABLE} at (0,194) size 168x97 [border: (1px outset #808080)]
        RenderTableSection {TBODY} at (1,1) size 166x94
          RenderTableRow {TR} at (0,2) size 166x21
            RenderTableCell {TD} at (2,2) size 46x21 [border: (1px inset #808080)] [r=0 c=0 rs=1 cs=1]
              RenderText {#text} at (2,2) size 42x17
                text run at (2,2) width 42: "header"
            RenderTableCell {TD} at (50,36) size 8x22 [bgcolor=#000000] [border: (1px inset #808080)] [r=0 c=1 rs=1026 cs=1]
              RenderText {#text} at (2,2) size 4x18
                text run at (2,3) width 4: " "
            RenderTableCell {TD} at (60,2) size 46x21 [border: (1px inset #808080)] [r=0 c=2 rs=1 cs=1]
              RenderText {#text} at (2,2) size 42x17
                text run at (2,2) width 42: "header"
            RenderTableCell {TD} at (108,36) size 8x22 [bgcolor=#000000] [border: (1px inset #808080)] [r=0 c=3 rs=1026 cs=1]
              RenderText {#text} at (2,2) size 4x18
                text run at (2,3) width 4: " "
            RenderTableCell {TD} at (118,2) size 46x21 [border: (1px inset #808080)] [r=0 c=4 rs=1 cs=1]
              RenderText {#text} at (2,2) size 42x17
                text run at (2,2) width 42: "header"
          RenderTableRow {TR} at (0,25) size 166x21
            RenderTableCell {TD} at (2,25) size 46x21 [border: (1px inset #808080)] [r=1 c=0 rs=1 cs=1]
              RenderText {#text} at (2,2) size 41x17
                text run at (2,2) width 41: "foobar"
            RenderTableCell {TD} at (60,25) size 46x21 [border: (1px inset #808080)] [r=1 c=2 rs=1 cs=1]
              RenderText {#text} at (2,2) size 41x17
                text run at (2,2) width 41: "foobar"
            RenderTableCell {TD} at (118,25) size 46x21 [border: (1px inset #808080)] [r=1 c=4 rs=1 cs=1]
              RenderText {#text} at (2,2) size 41x17
                text run at (2,2) width 41: "foobar"
          RenderTableRow {TR} at (0,48) size 166x21
            RenderTableCell {TD} at (2,48) size 46x21 [border: (1px inset #808080)] [r=2 c=0 rs=1 cs=1]
              RenderText {#text} at (2,2) size 41x17
                text run at (2,2) width 41: "foobar"
            RenderTableCell {TD} at (60,48) size 46x21 [border: (1px inset #808080)] [r=2 c=2 rs=1 cs=1]
              RenderText {#text} at (2,2) size 41x17
                text run at (2,2) width 41: "foobar"
            RenderTableCell {TD} at (118,48) size 46x21 [border: (1px inset #808080)] [r=2 c=4 rs=1 cs=1]
              RenderText {#text} at (2,2) size 41x17
                text run at (2,2) width 41: "foobar"
          RenderTableRow {TR} at (0,71) size 166x21
            RenderTableCell {TD} at (2,71) size 46x21 [border: (1px inset #808080)] [r=3 c=0 rs=1 cs=1]
              RenderText {#text} at (2,2) size 41x17
                text run at (2,2) width 41: "foobar"
            RenderTableCell {TD} at (60,71) size 46x21 [border: (1px inset #808080)] [r=3 c=2 rs=1 cs=1]
              RenderText {#text} at (2,2) size 41x17
                text run at (2,2) width 41: "foobar"
            RenderTableCell {TD} at (118,71) size 46x21 [border: (1px inset #808080)] [r=3 c=4 rs=1 cs=1]
              RenderText {#text} at (2,2) size 41x17
                text run at (2,2) width 41: "foobar"
