layer at (0,0) size 800x600
  RenderView at (0,0) size 800x600
layer at (0,0) size 800x180
  RenderBlock {HTML} at (0,0) size 800x180
    RenderBody {BODY} at (8,8) size 784x164
      RenderBlock {P} at (0,0) size 784x17
        RenderText {#text} at (0,0) size 108x17
          text run at (0,0) width 108: "Testcase for bug "
        RenderInline {A} at (0,0) size 32x17 [color=#0000EE]
          RenderText {#text} at (108,0) size 32x17
            text run at (108,0) width 32: "4874"
        RenderText {#text} at (140,0) size 417x17
          text run at (140,0) width 417: " - Table with absolute bottom positioning is positioned incorrectly."
      RenderBlock {H1} at (0,38) size 784x37
        RenderText {#text} at (0,0) size 170x36
          text run at (0,0) width 170: "Look Down!"
      RenderBlock {P} at (0,95) size 784x69
        RenderText {#text} at (0,0) size 783x68
          text run at (0,0) width 507: "At the bottom of the window you should see the word \"Paragraph\" followed by "
          text run at (507,0) width 265: "three boxes containing text. The entire red"
          text run at (0,17) width 200: "border around each box should "
          text run at (200,17) width 454: "be visible without scrolling (the window should not be scrollable at all). "
          text run at (654,17) width 101: "The three boxes"
          text run at (0,34) width 344: "should be aligned at the bottom with the bottom of the "
          text run at (344,34) width 439: "window. The text \"Tall table\" should be vertically centered in its box,"
          text run at (0,51) width 480: "which should be 50px tall. The other two boxes should both be shorter than "
          text run at (480,51) width 203: "50px, and have the same height."
layer at (120,550) size 120x50
  RenderTable {TABLE} at (120,550) size 120x50 [border: (1px solid #FF0000)]
    RenderTableSection {TBODY} at (1,1) size 118x48
      RenderTableRow {TR} at (0,2) size 118x44
        RenderTableCell {TD} at (2,14) size 114x20 [r=0 c=0 rs=1 cs=1]
          RenderText {#text} at (1,1) size 59x18
            text run at (1,2) width 59: "Tall table"
layer at (240,575) size 120x25
  RenderTable {TABLE} at (240,575) size 120x25 [border: (1px solid #FF0000)]
    RenderTableSection {TBODY} at (1,1) size 118x23
      RenderTableRow {TR} at (0,2) size 118x19
        RenderTableCell {TD} at (2,2) size 114x19 [r=0 c=0 rs=1 cs=1]
          RenderText {#text} at (1,1) size 82x17
            text run at (1,1) width 82: "Normal table"
layer at (360,575) size 120x25
  RenderTable {TABLE} at (360,575) size 120x25 [border: (1px solid #FF0000)]
    RenderTableSection {TBODY} at (1,1) size 118x23
      RenderTableRow {TR} at (0,2) size 118x19
        RenderTableCell {TD} at (2,2) size 114x19 [r=0 c=0 rs=1 cs=1]
          RenderText {#text} at (1,1) size 68x17
            text run at (1,1) width 68: "Short table"
layer at (0,583) size 64x17
  RenderBlock (positioned) {P} at (0,583) size 64x17
    RenderText {#text} at (0,0) size 64x17
      text run at (0,0) width 64: "Paragraph"
