layer at (0,0) size 800x600
  RenderView at (0,0) size 800x600
layer at (0,0) size 800x206
  RenderBlock {HTML} at (0,0) size 800x206
    RenderBody {BODY} at (8,16) size 784x174
      RenderTable {TABLE} at (16,0) size 58x88 [border: (3px solid #FF0000)]
        RenderTableSection {TBODY} at (3,3) size 52x82
          RenderTableRow {TR} at (0,2) size 48x82
            RenderTableCell {TD} at (2,2) size 48x78 [r=0 c=0 rs=1 cs=1]
              RenderTable {TABLE} at (1,1) size 23x73 [color=#FFFFFF] [bgcolor=#800080]
                RenderTableSection {TBODY} at (0,0) size 23x73
                  RenderTableRow {TR} at (0,2) size 19x73
                    RenderTableCell {TD} at (2,2) size 19x69 [r=0 c=0 rs=1 cs=1]
                      RenderText {#text} at (1,1) size 17x67
                        text run at (1,1) width 67: "Table One"
              RenderTable {TABLE} at (24,1) size 23x76 [color=#FFFFFF] [bgcolor=#800080]
                RenderTableSection {TBODY} at (0,0) size 23x76
                  RenderTableRow {TR} at (0,2) size 19x76
                    RenderTableCell {TD} at (2,2) size 19x72 [r=0 c=0 rs=1 cs=1]
                      RenderText {#text} at (1,1) size 17x70
                        text run at (1,1) width 70: "Table Two"
      RenderTable {TABLE} at (16,104) size 46x70 [border: (3px solid #FF0000)]
        RenderTableSection {TBODY} at (3,3) size 40x64
          RenderTableRow {TR} at (0,2) size 36x64
            RenderTableCell {TD} at (2,2) size 36x60 [r=0 c=0 rs=1 cs=1]
              RenderBlock {DIV} at (1,1) size 17x58 [color=#FFFFFF] [bgcolor=#800080]
                RenderText {#text} at (0,0) size 17x55
                  text run at (0,0) width 55: "Div One"
              RenderBlock {DIV} at (18,1) size 17x58 [color=#FFFFFF] [bgcolor=#800080]
                RenderText {#text} at (0,0) size 17x58
                  text run at (0,0) width 58: "Div Two"
