layer at (0,0) size 800x600
  RenderView at (0,0) size 800x600
layer at (0,0) size 800x600
  RenderBlock {HTML} at (0,0) size 800x600
    RenderBody {BODY} at (8,8) size 784x584
      RenderBlock {P} at (0,0) size 784x34
        RenderText {#text} at (0,0) size 172x17
          text run at (0,0) width 172: "This is a regression test for "
        RenderInline {I} at (0,0) size 745x34
          RenderInline {A} at (0,0) size 348x17 [color=#0000EE]
            RenderText {#text} at (172,0) size 348x17
              text run at (172,0) width 348: "http://bugzilla.opendarwin.org/show_bug.cgi?id=9879"
          RenderText {#text} at (520,0) size 745x34
            text run at (520,0) width 4: " "
            text run at (524,0) width 221: "REGRESSION: Repro crash when"
            text run at (0,17) width 265: "clicking to the side of an anonymous table"
        RenderText {#text} at (265,17) size 4x17
          text run at (265,17) width 4: "."
      RenderBlock {P} at (0,50) size 784x17
        RenderText {#text} at (0,0) size 611x17
          text run at (0,0) width 611: "If the browser does not crash as you click to the right of each of the lines below, it passes the test."
      RenderBlock {HR} at (0,83) size 784x2 [border: (1px inset #000000)]
      RenderBlock {DIV} at (0,93) size 784x68
        RenderTable at (0,0) size 176x68
          RenderTableSection (anonymous) at (0,17) size 176x34
            RenderTableRow {DIV} at (0,0) size 176x17
              RenderTableCell (anonymous) at (0,0) size 176x17 [r=0 c=0 rs=1 cs=1]
                RenderText {#text} at (0,0) size 176x17
                  text run at (0,0) width 176: "Click to the right of this text"
            RenderTableRow (anonymous) at (0,17) size 176x17
              RenderTableCell {DIV} at (0,17) size 176x17 [r=1 c=0 rs=1 cs=1]
                RenderText {#text} at (0,0) size 176x17
                  text run at (0,0) width 176: "Click to the right of this text"
          RenderBlock {DIV} at (0,0) size 176x17
            RenderText {#text} at (0,0) size 176x17
              text run at (0,0) width 176: "Click to the right of this text"
          RenderTableSection {DIV} at (0,51) size 176x17
            RenderTableRow (anonymous) at (0,0) size 176x17
              RenderTableCell (anonymous) at (0,0) size 176x17 [r=0 c=0 rs=1 cs=1]
                RenderText {#text} at (0,0) size 176x17
                  text run at (0,0) width 176: "Click to the right of this text"
caret: position 40 of child 0 {#text} of child 7 {DIV} of child 7 {DIV} of body
