layer at (0,0) size 800x600
  RenderView at (0,0) size 800x600
layer at (0,0) size 800x600
  RenderBlock {HTML} at (0,0) size 800x600
    RenderBody {BODY} at (8,8) size 784x584
      RenderBlock {P} at (0,0) size 784x34
        RenderText {#text} at (0,0) size 212x17
          text run at (0,0) width 212: "This tests for a regression against "
        RenderInline {I} at (0,0) size 778x34
          RenderInline {A} at (0,0) size 348x17 [color=#0000EE]
            RenderText {#text} at (212,0) size 348x17
              text run at (212,0) width 348: "http://bugzilla.opendarwin.org/show_bug.cgi?id=7054"
          RenderText {#text} at (560,0) size 778x34
            text run at (560,0) width 4: " "
            text run at (564,0) width 214: "Vertical scroll bars do not appear"
            text run at (0,17) width 169: "or do not scroll completely"
        RenderText {#text} at (169,17) size 4x17
          text run at (169,17) width 4: "."
      RenderBlock {P} at (0,50) size 784x17
        RenderText {#text} at (0,0) size 649x17
          text run at (0,0) width 649: "The top two boxes should have horizontal scroll bars. The bottom box should have a vertical scroll bar."
      RenderBlock {HR} at (0,83) size 784x2 [border: (1px inset #000000)]
      RenderBlock (anonymous) at (0,195) size 784x17
        RenderBR {BR} at (0,0) size 0x17
      RenderBlock (anonymous) at (0,314) size 784x17
        RenderBR {BR} at (0,0) size 0x17
layer at (8,101) size 102x102 clip at (9,102) size 100x85 scrollWidth 133
  RenderBlock {DIV} at (0,93) size 102x102 [border: (1px solid #0000FF)]
    RenderTable {TABLE} at (1,1) size 6x6
      RenderTableSection {TBODY} at (0,0) size 6x6
        RenderTableRow {TR} at (0,2) size 6x2
          RenderTableCell {TD} at (2,2) size 2x2 [r=0 c=0 rs=1 cs=1]
layer at (8,220) size 102x102 clip at (9,221) size 100x85 scrollX 33 scrollWidth 133
  RenderBlock {DIV} at (0,212) size 102x102 [border: (1px solid #0000FF)]
    RenderTable {TABLE} at (95,1) size 6x6
      RenderTableSection {TBODY} at (0,0) size 6x6
        RenderTableRow {TR} at (0,2) size 6x2
          RenderTableCell {TD} at (2,2) size 2x2 [r=0 c=0 rs=1 cs=1]
layer at (8,339) size 102x102 clip at (9,340) size 85x100 scrollHeight 133
  RenderBlock {DIV} at (0,331) size 102x102 [border: (1px solid #0000FF)]
    RenderTable {TABLE} at (1,1) size 6x6
      RenderTableSection {TBODY} at (0,0) size 6x6
        RenderTableRow {TR} at (0,2) size 6x2
          RenderTableCell {TD} at (2,2) size 2x2 [r=0 c=0 rs=1 cs=1]
layer at (82,105) size 60x60 backgroundClip at (9,102) size 100x85 clip at (9,102) size 100x85
  RenderBlock (positioned) {DIV} at (70,0) size 60x60 [bgcolor=#C0C0C0]
layer at (-24,224) size 60x60 backgroundClip at (9,221) size 100x85 clip at (9,221) size 100x85
  RenderBlock (positioned) {DIV} at (-130,0) size 60x60 [bgcolor=#C0C0C0]
layer at (12,413) size 60x60 backgroundClip at (9,340) size 85x100 clip at (9,340) size 85x100
  RenderBlock (positioned) {DIV} at (0,70) size 60x60 [bgcolor=#C0C0C0]
