layer at (0,0) size 800x600
  RenderView at (0,0) size 800x600
layer at (0,0) size 800x600
  RenderBlock {HTML} at (0,0) size 800x600
    RenderBody {BODY} at (8,8) size 784x584
      RenderTable {TABLE} at (0,0) size 784x35 [bgcolor=#FF0000]
        RenderTableSection {TBODY} at (0,0) size 784x35
          RenderTableRow {TR} at (0,2) size 784x31
            RenderTableCell {TD} at (2,2) size 780x31 [r=0 c=0 rs=1 cs=1]
              RenderBlock {DIV} at (1,1) size 150x29 [bgcolor=#800080]
                RenderTable {TABLE} at (0,0) size 150x29 [bgcolor=#0000FF]
                  RenderTableSection {TBODY} at (0,0) size 150x29
                    RenderTableRow {TR} at (0,2) size 150x25
                      RenderTableCell {TD} at (2,2) size 146x25 [r=0 c=0 rs=1 cs=1]
                        RenderTable {TABLE} at (1,1) size 144x23 [bgcolor=#008000]
                          RenderTableSection {TBODY} at (0,0) size 144x23
                            RenderTableRow {TR} at (0,2) size 144x19
                              RenderTableCell {TD} at (2,2) size 140x19 [r=0 c=0 rs=1 cs=1]
                                RenderText {#text} at (1,1) size 50x17
                                  text run at (1,1) width 50: "Content"
