layer at (0,0) size 800x600
  RenderView at (0,0) size 800x600
layer at (0,0) size 800x600
  RenderBlock {HTML} at (0,0) size 800x600
    RenderBody {BODY} at (8,8) size 784x584
      RenderTable {TABLE} at (0,0) size 784x58 [bgcolor=#FF0000]
        RenderTableSection {TBODY} at (0,0) size 784x58
          RenderTableRow {TR} at (0,2) size 784x54
            RenderTableCell {TD} at (2,2) size 780x54 [r=0 c=0 rs=1 cs=1]
              RenderBlock {DIV} at (1,1) size 778x52
                RenderBlock (anonymous) at (0,0) size 778x17
                  RenderText {#text} at (0,0) size 24x17
                    text run at (0,0) width 24: "boo"
                RenderTable {TABLE} at (0,17) size 100x35 [bgcolor=#800080]
                  RenderTableSection {TBODY} at (0,0) size 100x35
                    RenderTableRow {TR} at (0,2) size 100x31
                      RenderTableCell {TD} at (2,2) size 96x31 [r=0 c=0 rs=1 cs=1]
                        RenderTable {TABLE} at (1,1) size 94x29 [bgcolor=#0000FF]
                          RenderTableSection {TBODY} at (0,0) size 94x29
                            RenderTableRow {TR} at (0,2) size 94x25
                              RenderTableCell {TD} at (2,2) size 90x25 [r=0 c=0 rs=1 cs=1]
                                RenderTable {TABLE} at (1,1) size 88x23 [bgcolor=#008000]
                                  RenderTableSection {TBODY} at (0,0) size 88x23
                                    RenderTableRow {TR} at (0,2) size 88x19
                                      RenderTableCell {TD} at (2,2) size 84x19 [r=0 c=0 rs=1 cs=1]
                                        RenderText {#text} at (1,1) size 50x17
                                          text run at (1,1) width 50: "Content"
