layer at (0,0) size 800x600
  RenderView at (0,0) size 800x600
layer at (0,0) size 800x600
  RenderBlock {HTML} at (0,0) size 800x600
    RenderBody {BODY} at (8,8) size 784x584
      RenderTable {TABLE} at (0,0) size 163x88 [border: (1px solid #000000)]
        RenderTableSection {THEAD} at (1,1) size 161x23
          RenderTableRow {TR} at (0,2) size 161x19
            RenderTableCell (anonymous) at (2,2) size 100x19 [r=0 c=0 rs=1 cs=1]
              RenderBlock (floating) {TH} at (0,0) size 50x19
                RenderText {#text} at (1,1) size 48x17
                  text run at (1,1) width 48: "Head 1"
              RenderBlock (floating) {TH} at (50,0) size 50x19
                RenderText {#text} at (1,1) size 48x17
                  text run at (1,1) width 48: "Head 2"
        RenderTableSection {TFOOT} at (1,66) size 161x21
          RenderTableRow {TR} at (0,0) size 161x19
            RenderTableCell {TD} at (2,0) size 100x19 [r=0 c=0 rs=1 cs=1]
              RenderText {#text} at (1,1) size 53x17
                text run at (1,1) width 53: "Footer 1"
            RenderTableCell {TD} at (104,0) size 55x19 [r=0 c=1 rs=1 cs=1]
              RenderText {#text} at (1,1) size 53x17
                text run at (1,1) width 53: "Footer 2"
        RenderTableSection {TBODY} at (1,24) size 161x42
          RenderTableRow {TR} at (0,0) size 161x19
            RenderTableCell {TD} at (2,0) size 100x19 [r=0 c=0 rs=1 cs=1]
              RenderText {#text} at (1,1) size 38x17
                text run at (1,1) width 38: "Cell 1"
            RenderTableCell {TD} at (104,0) size 55x19 [r=0 c=1 rs=1 cs=1]
              RenderText {#text} at (1,1) size 38x17
                text run at (1,1) width 38: "Cell 2"
          RenderTableRow {TR} at (0,21) size 161x19
            RenderTableCell {TD} at (2,21) size 100x19 [r=1 c=0 rs=1 cs=1]
              RenderText {#text} at (1,1) size 38x17
                text run at (1,1) width 38: "Cell 3"
            RenderTableCell {TD} at (104,21) size 55x19 [r=1 c=1 rs=1 cs=1]
              RenderText {#text} at (1,1) size 38x17
                text run at (1,1) width 38: "Cell 4"
