layer at (0,0) size 785x1488
  RenderView at (0,0) size 785x600
layer at (0,0) size 785x1488
  RenderBlock {HTML} at (0,0) size 785x1488
    RenderBody {BODY} at (8,8) size 769x1472
      RenderBlock {P} at (0,0) size 769x34
        RenderText {#text} at (0,0) size 53x17
          text run at (0,0) width 53: "Test for "
        RenderInline {I} at (0,0) size 710x34
          RenderInline {A} at (0,0) size 307x17 [color=#0000EE]
            RenderText {#text} at (53,0) size 307x17
              text run at (53,0) width 307: "https://bugs.webkit.org/show_bug.cgi?id=19519"
          RenderText {#text} at (360,0) size 710x34
            text run at (360,0) width 350: " DOM modification causes stack exhaustion (BUTTON"
            text run at (0,17) width 156: "OBJECT COLGROUP)"
        RenderText {#text} at (156,17) size 4x17
          text run at (156,17) width 4: "."
      RenderBlock {PRE} at (0,50) size 769x15
        RenderText {#text} at (0,0) size 248x15
          text run at (0,0) width 248: "Prepending block to table-cell:"
      RenderBlock {DIV} at (0,78) size 769x0
        RenderBlock {DIV} at (0,0) size 769x0
        RenderTable at (0,0) size 1x0
          RenderTableSection (anonymous) at (0,0) size 1x0
            RenderTableRow (anonymous) at (0,0) size 1x0
              RenderTableCell {DIV} at (0,0) size 0x0 [r=0 c=0 rs=1 cs=1]
      RenderBlock {DIV} at (0,78) size 769x0
        RenderBlock {DIV} at (0,0) size 769x0
        RenderTable at (0,0) size 1x0
          RenderTableSection (anonymous) at (0,0) size 1x0
            RenderTableRow (anonymous) at (0,0) size 1x0
              RenderTableCell {DIV} at (0,0) size 0x0 [r=0 c=0 rs=1 cs=1]
      RenderBlock {PRE} at (0,91) size 769x15
        RenderText {#text} at (0,0) size 256x15
          text run at (0,0) width 256: "Prepending inline to table-cell:"
      RenderBlock {DIV} at (0,119) size 769x0
        RenderBlock (anonymous) at (0,0) size 769x0
          RenderInline {DIV} at (0,0) size 0x0
        RenderTable at (0,0) size 1x0
          RenderTableSection (anonymous) at (0,0) size 1x0
            RenderTableRow (anonymous) at (0,0) size 1x0
              RenderTableCell {DIV} at (0,0) size 0x0 [r=0 c=0 rs=1 cs=1]
      RenderBlock {DIV} at (0,119) size 769x0
        RenderBlock (anonymous) at (0,0) size 769x0
          RenderInline {DIV} at (0,0) size 0x0
        RenderTable at (0,0) size 1x0
          RenderTableSection (anonymous) at (0,0) size 1x0
            RenderTableRow (anonymous) at (0,0) size 1x0
              RenderTableCell {DIV} at (0,0) size 0x0 [r=0 c=0 rs=1 cs=1]
      RenderBlock {PRE} at (0,132) size 769x15
        RenderText {#text} at (0,0) size 288x15
          text run at (0,0) width 288: "Prepending table-cell to table-cell:"
      RenderBlock {DIV} at (0,160) size 769x0
        RenderTable at (0,0) size 2x0
          RenderTableSection (anonymous) at (0,0) size 2x0
            RenderTableRow (anonymous) at (0,0) size 2x0
              RenderTableCell {DIV} at (0,0) size 0x0 [r=0 c=0 rs=1 cs=1]
              RenderTableCell {DIV} at (0,0) size 0x0 [r=0 c=1 rs=1 cs=1]
      RenderBlock {DIV} at (0,160) size 769x0
        RenderTable at (0,0) size 2x0
          RenderTableSection (anonymous) at (0,0) size 2x0
            RenderTableRow (anonymous) at (0,0) size 2x0
              RenderTableCell {DIV} at (0,0) size 0x0 [r=0 c=0 rs=1 cs=1]
              RenderTableCell {DIV} at (0,0) size 0x0 [r=0 c=1 rs=1 cs=1]
      RenderBlock {PRE} at (0,173) size 769x15
        RenderText {#text} at (0,0) size 280x15
          text run at (0,0) width 280: "Prepending table-row to table-cell:"
      RenderBlock {DIV} at (0,201) size 769x0
        RenderTable at (0,0) size 1x0
          RenderTableSection (anonymous) at (0,0) size 1x0
            RenderTableRow {DIV} at (0,0) size 1x0
            RenderTableRow (anonymous) at (0,0) size 1x0
              RenderTableCell {DIV} at (0,0) size 0x0 [r=1 c=0 rs=1 cs=1]
      RenderBlock {DIV} at (0,201) size 769x0
        RenderTable at (0,0) size 1x0
          RenderTableSection (anonymous) at (0,0) size 1x0
            RenderTableRow {DIV} at (0,0) size 1x0
            RenderTableRow (anonymous) at (0,0) size 1x0
              RenderTableCell {DIV} at (0,0) size 0x0 [r=1 c=0 rs=1 cs=1]
      RenderBlock {PRE} at (0,214) size 769x15
        RenderText {#text} at (0,0) size 328x15
          text run at (0,0) width 328: "Prepending table-row-group to table-cell:"
      RenderBlock {DIV} at (0,242) size 769x0
        RenderTable at (0,0) size 1x0
          RenderTableSection {DIV} at (0,0) size 1x0
          RenderTableSection (anonymous) at (0,0) size 1x0
            RenderTableRow (anonymous) at (0,0) size 1x0
              RenderTableCell {DIV} at (0,0) size 0x0 [r=0 c=0 rs=1 cs=1]
      RenderBlock {DIV} at (0,242) size 769x0
        RenderTable at (0,0) size 1x0
          RenderTableSection {DIV} at (0,0) size 1x0
          RenderTableSection (anonymous) at (0,0) size 1x0
            RenderTableRow (anonymous) at (0,0) size 1x0
              RenderTableCell {DIV} at (0,0) size 0x0 [r=0 c=0 rs=1 cs=1]
      RenderBlock {PRE} at (0,255) size 769x15
        RenderText {#text} at (0,0) size 352x15
          text run at (0,0) width 352: "Prepending table-column-group to table-cell:"
      RenderBlock {DIV} at (0,283) size 769x0
        RenderTable at (0,0) size 1x0
          RenderTableCol {DIV} at (0,0) size 0x0
          RenderTableSection (anonymous) at (0,0) size 1x0
            RenderTableRow (anonymous) at (0,0) size 1x0
              RenderTableCell {DIV} at (0,0) size 0x0 [r=0 c=0 rs=1 cs=1]
      RenderBlock {DIV} at (0,283) size 769x0
        RenderTable at (0,0) size 1x0
          RenderTableCol {DIV} at (0,0) size 0x0
          RenderTableSection (anonymous) at (0,0) size 1x0
            RenderTableRow (anonymous) at (0,0) size 1x0
              RenderTableCell {DIV} at (0,0) size 0x0 [r=0 c=0 rs=1 cs=1]
      RenderBlock {PRE} at (0,296) size 769x15
        RenderText {#text} at (0,0) size 312x15
          text run at (0,0) width 312: "Prepending table-caption to table-cell:"
      RenderBlock {DIV} at (0,324) size 769x0
        RenderTable at (0,0) size 1x0
          RenderBlock {DIV} at (0,0) size 1x0
          RenderTableSection (anonymous) at (0,0) size 1x0
            RenderTableRow (anonymous) at (0,0) size 1x0
              RenderTableCell {DIV} at (0,0) size 0x0 [r=0 c=0 rs=1 cs=1]
      RenderBlock {DIV} at (0,324) size 769x0
        RenderTable at (0,0) size 1x0
          RenderBlock {DIV} at (0,0) size 1x0
          RenderTableSection (anonymous) at (0,0) size 1x0
            RenderTableRow (anonymous) at (0,0) size 1x0
              RenderTableCell {DIV} at (0,0) size 0x0 [r=0 c=0 rs=1 cs=1]
      RenderBlock {PRE} at (0,337) size 769x15
        RenderText {#text} at (0,0) size 240x15
          text run at (0,0) width 240: "Prepending block to table-row:"
      RenderBlock {DIV} at (0,365) size 769x0
        RenderBlock {DIV} at (0,0) size 769x0
        RenderTable at (0,0) size 0x0
          RenderTableSection (anonymous) at (0,0) size 0x0
            RenderTableRow {DIV} at (0,0) size 0x0
      RenderBlock {DIV} at (0,365) size 769x0
        RenderBlock {DIV} at (0,0) size 769x0
        RenderTable at (0,0) size 0x0
          RenderTableSection (anonymous) at (0,0) size 0x0
            RenderTableRow {DIV} at (0,0) size 0x0
      RenderBlock {PRE} at (0,378) size 769x15
        RenderText {#text} at (0,0) size 248x15
          text run at (0,0) width 248: "Prepending inline to table-row:"
      RenderBlock {DIV} at (0,406) size 769x0
        RenderBlock (anonymous) at (0,0) size 769x0
          RenderInline {DIV} at (0,0) size 0x0
        RenderTable at (0,0) size 0x0
          RenderTableSection (anonymous) at (0,0) size 0x0
            RenderTableRow {DIV} at (0,0) size 0x0
      RenderBlock {DIV} at (0,406) size 769x0
        RenderBlock (anonymous) at (0,0) size 769x0
          RenderInline {DIV} at (0,0) size 0x0
        RenderTable at (0,0) size 0x0
          RenderTableSection (anonymous) at (0,0) size 0x0
            RenderTableRow {DIV} at (0,0) size 0x0
      RenderBlock {PRE} at (0,419) size 769x15
        RenderText {#text} at (0,0) size 280x15
          text run at (0,0) width 280: "Prepending table-cell to table-row:"
      RenderBlock {DIV} at (0,447) size 769x0
        RenderTable at (0,0) size 1x0
          RenderTableSection (anonymous) at (0,0) size 1x0
            RenderTableRow (anonymous) at (0,0) size 1x0
              RenderTableCell {DIV} at (0,0) size 0x0 [r=0 c=0 rs=1 cs=1]
            RenderTableRow {DIV} at (0,0) size 1x0
      RenderBlock {DIV} at (0,447) size 769x0
        RenderTable at (0,0) size 1x0
          RenderTableSection (anonymous) at (0,0) size 1x0
            RenderTableRow (anonymous) at (0,0) size 1x0
              RenderTableCell {DIV} at (0,0) size 0x0 [r=0 c=0 rs=1 cs=1]
            RenderTableRow {DIV} at (0,0) size 1x0
      RenderBlock {PRE} at (0,460) size 769x15
        RenderText {#text} at (0,0) size 272x15
          text run at (0,0) width 272: "Prepending table-row to table-row:"
      RenderBlock {DIV} at (0,488) size 769x0
        RenderTable at (0,0) size 0x0
          RenderTableSection (anonymous) at (0,0) size 0x0
            RenderTableRow {DIV} at (0,0) size 0x0
            RenderTableRow {DIV} at (0,0) size 0x0
      RenderBlock {DIV} at (0,488) size 769x0
        RenderTable at (0,0) size 0x0
          RenderTableSection (anonymous) at (0,0) size 0x0
            RenderTableRow {DIV} at (0,0) size 0x0
            RenderTableRow {DIV} at (0,0) size 0x0
      RenderBlock {PRE} at (0,501) size 769x15
        RenderText {#text} at (0,0) size 320x15
          text run at (0,0) width 320: "Prepending table-row-group to table-row:"
      RenderBlock {DIV} at (0,529) size 769x0
        RenderTable at (0,0) size 0x0
          RenderTableSection {DIV} at (0,0) size 0x0
          RenderTableSection (anonymous) at (0,0) size 0x0
            RenderTableRow {DIV} at (0,0) size 0x0
      RenderBlock {DIV} at (0,529) size 769x0
        RenderTable at (0,0) size 0x0
          RenderTableSection {DIV} at (0,0) size 0x0
          RenderTableSection (anonymous) at (0,0) size 0x0
            RenderTableRow {DIV} at (0,0) size 0x0
      RenderBlock {PRE} at (0,542) size 769x15
        RenderText {#text} at (0,0) size 344x15
          text run at (0,0) width 344: "Prepending table-column-group to table-row:"
      RenderBlock {DIV} at (0,570) size 769x0
        RenderTable at (0,0) size 0x0
          RenderTableCol {DIV} at (0,0) size 0x0
          RenderTableSection (anonymous) at (0,0) size 0x0
            RenderTableRow {DIV} at (0,0) size 0x0
      RenderBlock {DIV} at (0,570) size 769x0
        RenderTable at (0,0) size 0x0
          RenderTableCol {DIV} at (0,0) size 0x0
          RenderTableSection (anonymous) at (0,0) size 0x0
            RenderTableRow {DIV} at (0,0) size 0x0
      RenderBlock {PRE} at (0,583) size 769x15
        RenderText {#text} at (0,0) size 304x15
          text run at (0,0) width 304: "Prepending table-caption to table-row:"
      RenderBlock {DIV} at (0,611) size 769x0
        RenderTable at (0,0) size 0x0
          RenderBlock {DIV} at (0,0) size 0x0
          RenderTableSection (anonymous) at (0,0) size 0x0
            RenderTableRow {DIV} at (0,0) size 0x0
      RenderBlock {DIV} at (0,611) size 769x0
        RenderTable at (0,0) size 0x0
          RenderBlock {DIV} at (0,0) size 0x0
          RenderTableSection (anonymous) at (0,0) size 0x0
            RenderTableRow {DIV} at (0,0) size 0x0
      RenderBlock {PRE} at (0,624) size 769x15
        RenderText {#text} at (0,0) size 288x15
          text run at (0,0) width 288: "Prepending block to table-row-group:"
      RenderBlock {DIV} at (0,652) size 769x0
        RenderBlock {DIV} at (0,0) size 769x0
        RenderTable at (0,0) size 0x0
          RenderTableSection {DIV} at (0,0) size 0x0
      RenderBlock {DIV} at (0,652) size 769x0
        RenderBlock {DIV} at (0,0) size 769x0
        RenderTable at (0,0) size 0x0
          RenderTableSection {DIV} at (0,0) size 0x0
      RenderBlock {PRE} at (0,665) size 769x15
        RenderText {#text} at (0,0) size 296x15
          text run at (0,0) width 296: "Prepending inline to table-row-group:"
      RenderBlock {DIV} at (0,693) size 769x0
        RenderBlock (anonymous) at (0,0) size 769x0
          RenderInline {DIV} at (0,0) size 0x0
        RenderTable at (0,0) size 0x0
          RenderTableSection {DIV} at (0,0) size 0x0
      RenderBlock {DIV} at (0,693) size 769x0
        RenderBlock (anonymous) at (0,0) size 769x0
          RenderInline {DIV} at (0,0) size 0x0
        RenderTable at (0,0) size 0x0
          RenderTableSection {DIV} at (0,0) size 0x0
      RenderBlock {PRE} at (0,706) size 769x15
        RenderText {#text} at (0,0) size 328x15
          text run at (0,0) width 328: "Prepending table-cell to table-row-group:"
      RenderBlock {DIV} at (0,734) size 769x0
        RenderTable at (0,0) size 1x0
          RenderTableSection (anonymous) at (0,0) size 1x0
            RenderTableRow (anonymous) at (0,0) size 1x0
              RenderTableCell {DIV} at (0,0) size 0x0 [r=0 c=0 rs=1 cs=1]
          RenderTableSection {DIV} at (0,0) size 1x0
      RenderBlock {DIV} at (0,734) size 769x0
        RenderTable at (0,0) size 1x0
          RenderTableSection (anonymous) at (0,0) size 1x0
            RenderTableRow (anonymous) at (0,0) size 1x0
              RenderTableCell {DIV} at (0,0) size 0x0 [r=0 c=0 rs=1 cs=1]
          RenderTableSection {DIV} at (0,0) size 1x0
      RenderBlock {PRE} at (0,747) size 769x15
        RenderText {#text} at (0,0) size 320x15
          text run at (0,0) width 320: "Prepending table-row to table-row-group:"
      RenderBlock {DIV} at (0,775) size 769x0
        RenderTable at (0,0) size 0x0
          RenderTableSection (anonymous) at (0,0) size 0x0
            RenderTableRow {DIV} at (0,0) size 0x0
          RenderTableSection {DIV} at (0,0) size 0x0
      RenderBlock {DIV} at (0,775) size 769x0
        RenderTable at (0,0) size 0x0
          RenderTableSection (anonymous) at (0,0) size 0x0
            RenderTableRow {DIV} at (0,0) size 0x0
          RenderTableSection {DIV} at (0,0) size 0x0
      RenderBlock {PRE} at (0,788) size 769x15
        RenderText {#text} at (0,0) size 368x15
          text run at (0,0) width 368: "Prepending table-row-group to table-row-group:"
      RenderBlock {DIV} at (0,816) size 769x0
        RenderTable at (0,0) size 0x0
          RenderTableSection {DIV} at (0,0) size 0x0
          RenderTableSection {DIV} at (0,0) size 0x0
      RenderBlock {DIV} at (0,816) size 769x0
        RenderTable at (0,0) size 0x0
          RenderTableSection {DIV} at (0,0) size 0x0
          RenderTableSection {DIV} at (0,0) size 0x0
      RenderBlock {PRE} at (0,829) size 769x15
        RenderText {#text} at (0,0) size 392x15
          text run at (0,0) width 392: "Prepending table-column-group to table-row-group:"
      RenderBlock {DIV} at (0,857) size 769x0
        RenderTable at (0,0) size 0x0
          RenderTableCol {DIV} at (0,0) size 0x0
          RenderTableSection {DIV} at (0,0) size 0x0
      RenderBlock {DIV} at (0,857) size 769x0
        RenderTable at (0,0) size 0x0
          RenderTableCol {DIV} at (0,0) size 0x0
          RenderTableSection {DIV} at (0,0) size 0x0
      RenderBlock {PRE} at (0,870) size 769x15
        RenderText {#text} at (0,0) size 352x15
          text run at (0,0) width 352: "Prepending table-caption to table-row-group:"
      RenderBlock {DIV} at (0,898) size 769x0
        RenderTable at (0,0) size 0x0
          RenderBlock {DIV} at (0,0) size 0x0
          RenderTableSection {DIV} at (0,0) size 0x0
      RenderBlock {DIV} at (0,898) size 769x0
        RenderTable at (0,0) size 0x0
          RenderBlock {DIV} at (0,0) size 0x0
          RenderTableSection {DIV} at (0,0) size 0x0
      RenderBlock {PRE} at (0,911) size 769x15
        RenderText {#text} at (0,0) size 312x15
          text run at (0,0) width 312: "Prepending block to table-column-group:"
      RenderBlock {DIV} at (0,939) size 769x0
        RenderBlock {DIV} at (0,0) size 769x0
        RenderTable at (0,0) size 0x0
          RenderTableCol {DIV} at (0,0) size 0x0
      RenderBlock {DIV} at (0,939) size 769x0
        RenderBlock {DIV} at (0,0) size 769x0
        RenderTable at (0,0) size 0x0
          RenderTableCol {DIV} at (0,0) size 0x0
      RenderBlock {PRE} at (0,952) size 769x15
        RenderText {#text} at (0,0) size 320x15
          text run at (0,0) width 320: "Prepending inline to table-column-group:"
      RenderBlock {DIV} at (0,980) size 769x0
        RenderBlock (anonymous) at (0,0) size 769x0
          RenderInline {DIV} at (0,0) size 0x0
        RenderTable at (0,0) size 0x0
          RenderTableCol {DIV} at (0,0) size 0x0
      RenderBlock {DIV} at (0,980) size 769x0
        RenderBlock (anonymous) at (0,0) size 769x0
          RenderInline {DIV} at (0,0) size 0x0
        RenderTable at (0,0) size 0x0
          RenderTableCol {DIV} at (0,0) size 0x0
      RenderBlock {PRE} at (0,993) size 769x15
        RenderText {#text} at (0,0) size 352x15
          text run at (0,0) width 352: "Prepending table-cell to table-column-group:"
      RenderBlock {DIV} at (0,1021) size 769x0
        RenderTable at (0,0) size 1x0
          RenderTableSection (anonymous) at (0,0) size 1x0
            RenderTableRow (anonymous) at (0,0) size 1x0
              RenderTableCell {DIV} at (0,0) size 0x0 [r=0 c=0 rs=1 cs=1]
          RenderTableCol {DIV} at (0,0) size 0x0
      RenderBlock {DIV} at (0,1021) size 769x0
        RenderTable at (0,0) size 1x0
          RenderTableSection (anonymous) at (0,0) size 1x0
            RenderTableRow (anonymous) at (0,0) size 1x0
              RenderTableCell {DIV} at (0,0) size 0x0 [r=0 c=0 rs=1 cs=1]
          RenderTableCol {DIV} at (0,0) size 0x0
      RenderBlock {PRE} at (0,1034) size 769x15
        RenderText {#text} at (0,0) size 344x15
          text run at (0,0) width 344: "Prepending table-row to table-column-group:"
      RenderBlock {DIV} at (0,1062) size 769x0
        RenderTable at (0,0) size 0x0
          RenderTableSection (anonymous) at (0,0) size 0x0
            RenderTableRow {DIV} at (0,0) size 0x0
          RenderTableCol {DIV} at (0,0) size 0x0
      RenderBlock {DIV} at (0,1062) size 769x0
        RenderTable at (0,0) size 0x0
          RenderTableSection (anonymous) at (0,0) size 0x0
            RenderTableRow {DIV} at (0,0) size 0x0
          RenderTableCol {DIV} at (0,0) size 0x0
      RenderBlock {PRE} at (0,1075) size 769x15
        RenderText {#text} at (0,0) size 392x15
          text run at (0,0) width 392: "Prepending table-row-group to table-column-group:"
      RenderBlock {DIV} at (0,1103) size 769x0
        RenderTable at (0,0) size 0x0
          RenderTableSection {DIV} at (0,0) size 0x0
          RenderTableCol {DIV} at (0,0) size 0x0
      RenderBlock {DIV} at (0,1103) size 769x0
        RenderTable at (0,0) size 0x0
          RenderTableSection {DIV} at (0,0) size 0x0
          RenderTableCol {DIV} at (0,0) size 0x0
      RenderBlock {PRE} at (0,1116) size 769x15
        RenderText {#text} at (0,0) size 416x15
          text run at (0,0) width 416: "Prepending table-column-group to table-column-group:"
      RenderBlock {DIV} at (0,1144) size 769x0
        RenderTable at (0,0) size 0x0
          RenderTableCol {DIV} at (0,0) size 0x0
          RenderTableCol {DIV} at (0,0) size 0x0
      RenderBlock {DIV} at (0,1144) size 769x0
        RenderTable at (0,0) size 0x0
          RenderTableCol {DIV} at (0,0) size 0x0
          RenderTableCol {DIV} at (0,0) size 0x0
      RenderBlock {PRE} at (0,1157) size 769x15
        RenderText {#text} at (0,0) size 376x15
          text run at (0,0) width 376: "Prepending table-caption to table-column-group:"
      RenderBlock {DIV} at (0,1185) size 769x0
        RenderTable at (0,0) size 0x0
          RenderBlock {DIV} at (0,0) size 0x0
          RenderTableCol {DIV} at (0,0) size 0x0
      RenderBlock {DIV} at (0,1185) size 769x0
        RenderTable at (0,0) size 0x0
          RenderBlock {DIV} at (0,0) size 0x0
          RenderTableCol {DIV} at (0,0) size 0x0
      RenderBlock {PRE} at (0,1198) size 769x15
        RenderText {#text} at (0,0) size 272x15
          text run at (0,0) width 272: "Prepending block to table-caption:"
      RenderBlock {DIV} at (0,1226) size 769x0
        RenderBlock {DIV} at (0,0) size 769x0
        RenderTable at (0,0) size 0x0
          RenderBlock {DIV} at (0,0) size 0x0
      RenderBlock {DIV} at (0,1226) size 769x0
        RenderBlock {DIV} at (0,0) size 769x0
        RenderTable at (0,0) size 0x0
          RenderBlock {DIV} at (0,0) size 0x0
      RenderBlock {PRE} at (0,1239) size 769x15
        RenderText {#text} at (0,0) size 280x15
          text run at (0,0) width 280: "Prepending inline to table-caption:"
      RenderBlock {DIV} at (0,1267) size 769x0
        RenderBlock (anonymous) at (0,0) size 769x0
          RenderInline {DIV} at (0,0) size 0x0
        RenderTable at (0,0) size 0x0
          RenderBlock {DIV} at (0,0) size 0x0
      RenderBlock {DIV} at (0,1267) size 769x0
        RenderBlock (anonymous) at (0,0) size 769x0
          RenderInline {DIV} at (0,0) size 0x0
        RenderTable at (0,0) size 0x0
          RenderBlock {DIV} at (0,0) size 0x0
      RenderBlock {PRE} at (0,1280) size 769x15
        RenderText {#text} at (0,0) size 312x15
          text run at (0,0) width 312: "Prepending table-cell to table-caption:"
      RenderBlock {DIV} at (0,1308) size 769x0
        RenderTable at (0,0) size 1x0
          RenderTableSection (anonymous) at (0,0) size 1x0
            RenderTableRow (anonymous) at (0,0) size 1x0
              RenderTableCell {DIV} at (0,0) size 0x0 [r=0 c=0 rs=1 cs=1]
          RenderBlock {DIV} at (0,0) size 1x0
      RenderBlock {DIV} at (0,1308) size 769x0
        RenderTable at (0,0) size 1x0
          RenderTableSection (anonymous) at (0,0) size 1x0
            RenderTableRow (anonymous) at (0,0) size 1x0
              RenderTableCell {DIV} at (0,0) size 0x0 [r=0 c=0 rs=1 cs=1]
          RenderBlock {DIV} at (0,0) size 1x0
      RenderBlock {PRE} at (0,1321) size 769x15
        RenderText {#text} at (0,0) size 304x15
          text run at (0,0) width 304: "Prepending table-row to table-caption:"
      RenderBlock {DIV} at (0,1349) size 769x0
        RenderTable at (0,0) size 0x0
          RenderTableSection (anonymous) at (0,0) size 0x0
            RenderTableRow {DIV} at (0,0) size 0x0
          RenderBlock {DIV} at (0,0) size 0x0
      RenderBlock {DIV} at (0,1349) size 769x0
        RenderTable at (0,0) size 0x0
          RenderTableSection (anonymous) at (0,0) size 0x0
            RenderTableRow {DIV} at (0,0) size 0x0
          RenderBlock {DIV} at (0,0) size 0x0
      RenderBlock {PRE} at (0,1362) size 769x15
        RenderText {#text} at (0,0) size 352x15
          text run at (0,0) width 352: "Prepending table-row-group to table-caption:"
      RenderBlock {DIV} at (0,1390) size 769x0
        RenderTable at (0,0) size 0x0
          RenderTableSection {DIV} at (0,0) size 0x0
          RenderBlock {DIV} at (0,0) size 0x0
      RenderBlock {DIV} at (0,1390) size 769x0
        RenderTable at (0,0) size 0x0
          RenderTableSection {DIV} at (0,0) size 0x0
          RenderBlock {DIV} at (0,0) size 0x0
      RenderBlock {PRE} at (0,1403) size 769x15
        RenderText {#text} at (0,0) size 376x15
          text run at (0,0) width 376: "Prepending table-column-group to table-caption:"
      RenderBlock {DIV} at (0,1431) size 769x0
        RenderTable at (0,0) size 0x0
          RenderTableCol {DIV} at (0,0) size 0x0
          RenderBlock {DIV} at (0,0) size 0x0
      RenderBlock {DIV} at (0,1431) size 769x0
        RenderTable at (0,0) size 0x0
          RenderTableCol {DIV} at (0,0) size 0x0
          RenderBlock {DIV} at (0,0) size 0x0
      RenderBlock {PRE} at (0,1444) size 769x15
        RenderText {#text} at (0,0) size 336x15
          text run at (0,0) width 336: "Prepending table-caption to table-caption:"
      RenderBlock {DIV} at (0,1472) size 769x0
        RenderTable at (0,0) size 0x0
          RenderBlock {DIV} at (0,0) size 0x0
          RenderBlock {DIV} at (0,0) size 0x0
      RenderBlock {DIV} at (0,1472) size 769x0
        RenderTable at (0,0) size 0x0
          RenderBlock {DIV} at (0,0) size 0x0
          RenderBlock {DIV} at (0,0) size 0x0
