layer at (0,0) size 800x600
  RenderView at (0,0) size 800x600
layer at (0,0) size 800x600
  RenderBlock {HTML} at (0,0) size 800x600
    RenderBody {BODY} at (8,8) size 784x584
      RenderTable {TABLE} at (0,0) size 100x580 [border: (2px outset #808080)]
        RenderTableSection {TBODY} at (2,2) size 96x576
          RenderTableRow {TR} at (0,0) size 36x576
            RenderTableCell {TD} at (0,21) size 96x-4 [bgcolor=#AAAAAA] [border: (1px inset #808080)] [r=0 c=0 rs=3 cs=1]
              RenderText {#text} at (23,-21) size 51x37
                text run at (23,-20) width 26: "Left"
                text run at (40,-20) width 13: "(3"
                text run at (57,-20) width 36: "rows)"
            RenderTableCell {TD} at (0,61) size 66x177 [bgcolor=#000000] [border: (1px inset #808080)] [r=0 c=1 rs=2 cs=1]
              RenderText {#text} at (25,-23) size 17x5
                text run at (25,-22) width 4: " "
            RenderTableCell {TD} at (0,261) size 36x54 [border: (1px inset #808080)] [r=0 c=2 rs=1 cs=10]
              RenderText {#text} at (1,4) size 34x48
                text run at (1,4) width 45: "Middle"
                text run at (18,3) width 47: "(1 row)"
            RenderTableCell {TD} at (0,338) size 66x177 [bgcolor=#000000] [border: (1px inset #808080)] [r=0 c=12 rs=2 cs=1]
              RenderText {#text} at (25,-23) size 17x5
                text run at (25,-22) width 4: " "
            RenderTableCell {TD} at (0,559) size 96x-4 [bgcolor=#AAAAAA] [border: (1px inset #808080)] [r=0 c=13 rs=3 cs=1]
              RenderText {#text} at (23,-20) size 51x37
                text run at (23,-19) width 35: "Right"
                text run at (40,3) width 13: "(3"
                text run at (57,-20) width 36: "rows)"
          RenderTableRow {TR} at (0,36) size 30x576
            RenderTableCell {TD} at (36,266) size 30x-4 [bgcolor=#EEEEEE] [border: (1px inset #808080)] [r=1 c=2 rs=1 cs=1]
              RenderText {#text} at (7,-5) size 17x5
                text run at (7,-4) width 4: " "
            RenderTableCell {TD} at (36,272) size 30x-4 [bgcolor=#EEEEEE] [border: (1px inset #808080)] [r=1 c=3 rs=1 cs=1]
              RenderText {#text} at (7,-5) size 17x5
                text run at (7,-4) width 4: " "
            RenderTableCell {TD} at (36,278) size 30x-4 [bgcolor=#EEEEEE] [border: (1px inset #808080)] [r=1 c=4 rs=1 cs=1]
              RenderText {#text} at (7,-5) size 17x5
                text run at (7,-4) width 4: " "
            RenderTableCell {TD} at (36,284) size 30x-4 [bgcolor=#EEEEEE] [border: (1px inset #808080)] [r=1 c=5 rs=1 cs=1]
              RenderText {#text} at (7,-5) size 17x5
                text run at (7,-4) width 4: " "
            RenderTableCell {TD} at (36,290) size 30x-4 [bgcolor=#EEEEEE] [border: (1px inset #808080)] [r=1 c=6 rs=1 cs=1]
              RenderText {#text} at (7,-5) size 17x5
                text run at (7,-4) width 4: " "
            RenderTableCell {TD} at (36,296) size 30x-4 [bgcolor=#EEEEEE] [border: (1px inset #808080)] [r=1 c=7 rs=1 cs=1]
              RenderText {#text} at (7,-5) size 17x5
                text run at (7,-4) width 4: " "
            RenderTableCell {TD} at (36,302) size 30x-4 [bgcolor=#EEEEEE] [border: (1px inset #808080)] [r=1 c=8 rs=1 cs=1]
              RenderText {#text} at (7,-5) size 17x5
                text run at (7,-4) width 4: " "
            RenderTableCell {TD} at (36,308) size 30x-4 [bgcolor=#EEEEEE] [border: (1px inset #808080)] [r=1 c=9 rs=1 cs=1]
              RenderText {#text} at (7,-5) size 17x5
                text run at (7,-4) width 4: " "
            RenderTableCell {TD} at (36,314) size 30x-4 [bgcolor=#EEEEEE] [border: (1px inset #808080)] [r=1 c=10 rs=1 cs=1]
              RenderText {#text} at (7,-5) size 17x5
                text run at (7,-4) width 4: " "
          RenderTableRow {TR} at (0,66) size 30x576
            RenderTableCell {TD} at (66,43) size 30x528 [bgcolor=#008000] [border: (1px inset #808080)] [r=2 c=1 rs=1 cs=13]
              RenderText {#text} at (7,259) size 17x273
                text run at (7,260) width 272: "Bottom Row Overlaps with the Right Cell!"
