layer at (0,0) size 800x600
  RenderView at (0,0) size 800x600
layer at (0,0) size 800x600
  RenderBlock {HTML} at (0,0) size 800x600
    RenderBody {BODY} at (8,8) size 784x584
      RenderTable {TABLE} at (0,0) size 219x53
        RenderTableSection {TBODY} at (0,0) size 219x53
          RenderTableRow {TR} at (0,2) size 219x2
            RenderTableCell {TD} at (2,2) size 6x2 [r=0 c=0 rs=1 cs=1]
          RenderTableRow {TR} at (0,6) size 219x0
            RenderTableCell {TD} at (2,6) size 6x2 [r=1 c=0 rs=2 cs=1]
          RenderTableRow {TR} at (0,8) size 219x0
            RenderTableCell {TD} at (10,28) size 207x3 [r=2 c=1 rs=2 cs=1]
          RenderTableRow {TR} at (0,10) size 219x41
            RenderTableCell {TD} at (2,10) size 215x41 [r=3 c=0 rs=1 cs=2]
              RenderTable {TABLE} at (1,1) size 213x39 [border: (2px outset #808080)]
                RenderTableSection {TBODY} at (2,2) size 209x35
                  RenderTableRow {TR} at (0,2) size 209x31
                    RenderTableCell {TD} at (2,15) size 4x5 [border: (1px inset #808080)] [r=0 c=0 rs=1 cs=1]
                    RenderTableCell {TD} at (8,2) size 199x31 [border: (1px inset #808080)] [r=0 c=1 rs=1 cs=1]
                      RenderTextControl {INPUT} at (4,4) size 191x23 [bgcolor=#FFFFFF] [border: (2px inset #000000)]
                      RenderText {#text} at (0,0) size 0x0
layer at (28,30) size 185x17
  RenderBlock {DIV} at (3,3) size 185x17
    RenderText {#text} at (0,0) size 35x17
      text run at (0,0) width 35: "hello"
