layer at (0,0) size 800x600
  RenderView at (0,0) size 800x600
layer at (0,0) size 800x456
  RenderBlock {HTML} at (0,0) size 800x456
    RenderBody {BODY} at (8,10) size 784x438
      RenderBlock {TABLE} at (10,0) size 764x88 [border: (1px solid #000000)]
        RenderTable at (1,1) size 116x86
          RenderTableSection {THEAD} at (0,0) size 116x23
            RenderTableRow {TR} at (0,2) size 116x19
              RenderTableCell {TD} at (2,2) size 55x19 [r=0 c=0 rs=1 cs=1]
                RenderText {#text} at (1,1) size 46x17
                  text run at (1,1) width 46: "Head 1"
              RenderTableCell {TD} at (59,2) size 55x19 [r=0 c=1 rs=1 cs=1]
                RenderText {#text} at (1,1) size 46x17
                  text run at (1,1) width 46: "Head 2"
          RenderTableSection {TFOOT} at (0,65) size 116x21
            RenderTableRow {TR} at (0,0) size 116x19
              RenderTableCell {TD} at (2,0) size 55x19 [r=0 c=0 rs=1 cs=1]
                RenderText {#text} at (1,1) size 53x17
                  text run at (1,1) width 53: "Footer 1"
              RenderTableCell {TD} at (59,0) size 55x19 [r=0 c=1 rs=1 cs=1]
                RenderText {#text} at (1,1) size 53x17
                  text run at (1,1) width 53: "Footer 2"
          RenderTableSection {TBODY} at (0,23) size 116x42
            RenderTableRow {TR} at (0,0) size 116x19
              RenderTableCell {TD} at (2,0) size 55x19 [r=0 c=0 rs=1 cs=1]
                RenderText {#text} at (1,1) size 38x17
                  text run at (1,1) width 38: "Cell 1"
              RenderTableCell {TD} at (59,0) size 55x19 [r=0 c=1 rs=1 cs=1]
                RenderText {#text} at (1,1) size 38x17
                  text run at (1,1) width 38: "Cell 2"
            RenderTableRow {TR} at (0,21) size 116x19
              RenderTableCell {TD} at (2,21) size 55x19 [r=1 c=0 rs=1 cs=1]
                RenderText {#text} at (1,1) size 38x17
                  text run at (1,1) width 38: "Cell 3"
              RenderTableCell {TD} at (59,21) size 55x19 [r=1 c=1 rs=1 cs=1]
                RenderText {#text} at (1,1) size 38x17
                  text run at (1,1) width 38: "Cell 4"
      RenderBlock {TABLE} at (10,98) size 764x50 [border: (1px solid #000000)]
        RenderTable at (1,1) size 220x48
          RenderTableSection (anonymous) at (0,0) size 220x27
            RenderTableRow (anonymous) at (0,2) size 220x23
              RenderTableCell {THEAD} at (2,2) size 100x23 [r=0 c=0 rs=1 cs=1]
                RenderTable at (0,0) size 100x23
                  RenderTableSection (anonymous) at (0,0) size 100x23
                    RenderTableRow (anonymous) at (0,2) size 100x19
                      RenderTableCell {TR} at (2,2) size 96x19 [r=0 c=0 rs=1 cs=1]
                        RenderInline {TD} at (0,0) size 48x19
                          RenderText {#text} at (1,2) size 46x17
                            text run at (1,2) width 46: "Head 1"
                        RenderInline {TD} at (0,0) size 48x19
                          RenderText {#text} at (49,2) size 46x17
                            text run at (49,2) width 46: "Head 2"
              RenderTableCell {TFOOT} at (104,2) size 114x23 [r=0 c=1 rs=1 cs=1]
                RenderTable at (0,0) size 114x23
                  RenderTableSection (anonymous) at (0,0) size 114x23
                    RenderTableRow (anonymous) at (0,2) size 114x19
                      RenderTableCell {TR} at (2,2) size 110x19 [r=0 c=0 rs=1 cs=1]
                        RenderInline {TD} at (0,0) size 55x19
                          RenderText {#text} at (1,2) size 53x17
                            text run at (1,2) width 53: "Footer 1"
                        RenderInline {TD} at (0,0) size 55x19
                          RenderText {#text} at (56,2) size 53x17
                            text run at (56,2) width 53: "Footer 2"
          RenderTableSection {TBODY} at (0,27) size 220x21
            RenderTableRow (anonymous) at (0,0) size 220x19
              RenderTableCell {TR} at (2,0) size 100x19 [r=0 c=0 rs=1 cs=1]
                RenderInline {TD} at (0,0) size 40x19
                  RenderText {#text} at (1,2) size 38x17
                    text run at (1,2) width 38: "Cell 1"
                RenderInline {TD} at (0,0) size 40x19
                  RenderText {#text} at (41,2) size 38x17
                    text run at (41,2) width 38: "Cell 2"
              RenderTableCell {TR} at (104,0) size 114x19 [r=0 c=1 rs=1 cs=1]
                RenderInline {TD} at (0,0) size 40x19
                  RenderText {#text} at (1,2) size 38x17
                    text run at (1,2) width 38: "Cell 3"
                RenderInline {TD} at (0,0) size 40x19
                  RenderText {#text} at (41,2) size 38x17
                    text run at (41,2) width 38: "Cell 4"
      RenderBlock {TABLE} at (10,158) size 764x98 [border: (1px solid #000000)]
        RenderBlock {THEAD} at (1,1) size 762x23
          RenderBlock {TR} at (0,0) size 762x23
            RenderTable at (0,0) size 102x23
              RenderTableSection (anonymous) at (0,0) size 102x23
                RenderTableRow (anonymous) at (0,2) size 102x19
                  RenderTableCell {TD} at (2,2) size 48x19 [r=0 c=0 rs=1 cs=1]
                    RenderText {#text} at (1,1) size 46x17
                      text run at (1,1) width 46: "Head 1"
                  RenderTableCell {TD} at (52,2) size 48x19 [r=0 c=1 rs=1 cs=1]
                    RenderText {#text} at (1,1) size 46x17
                      text run at (1,1) width 46: "Head 2"
        RenderBlock {TFOOT} at (1,24) size 762x23
          RenderBlock {TR} at (0,0) size 762x23
            RenderTable at (0,0) size 116x23
              RenderTableSection (anonymous) at (0,0) size 116x23
                RenderTableRow (anonymous) at (0,2) size 116x19
                  RenderTableCell {TD} at (2,2) size 55x19 [r=0 c=0 rs=1 cs=1]
                    RenderText {#text} at (1,1) size 53x17
                      text run at (1,1) width 53: "Footer 1"
                  RenderTableCell {TD} at (59,2) size 55x19 [r=0 c=1 rs=1 cs=1]
                    RenderText {#text} at (1,1) size 53x17
                      text run at (1,1) width 53: "Footer 2"
        RenderTable at (1,47) size 90x50
          RenderTableSection {TBODY} at (0,0) size 90x50
            RenderTableRow (anonymous) at (0,2) size 90x46
              RenderTableCell (anonymous) at (2,2) size 86x46 [r=0 c=0 rs=1 cs=1]
                RenderBlock {TR} at (0,0) size 86x23
                  RenderTable at (0,0) size 86x23
                    RenderTableSection (anonymous) at (0,0) size 86x23
                      RenderTableRow (anonymous) at (0,2) size 86x19
                        RenderTableCell {TD} at (2,2) size 40x19 [r=0 c=0 rs=1 cs=1]
                          RenderText {#text} at (1,1) size 38x17
                            text run at (1,1) width 38: "Cell 1"
                        RenderTableCell {TD} at (44,2) size 40x19 [r=0 c=1 rs=1 cs=1]
                          RenderText {#text} at (1,1) size 38x17
                            text run at (1,1) width 38: "Cell 2"
                RenderBlock {TR} at (0,23) size 86x23
                  RenderTable at (0,0) size 86x23
                    RenderTableSection (anonymous) at (0,0) size 86x23
                      RenderTableRow (anonymous) at (0,2) size 86x19
                        RenderTableCell {TD} at (2,2) size 40x19 [r=0 c=0 rs=1 cs=1]
                          RenderText {#text} at (1,1) size 38x17
                            text run at (1,1) width 38: "Cell 3"
                        RenderTableCell {TD} at (44,2) size 40x19 [r=0 c=1 rs=1 cs=1]
                          RenderText {#text} at (1,1) size 38x17
                            text run at (1,1) width 38: "Cell 4"
      RenderTable at (0,266) size 302x172
        RenderTableSection (anonymous) at (0,0) size 302x172
          RenderTableRow (anonymous) at (0,0) size 302x172
            RenderTableCell {P} at (0,0) size 302x172 [border: (1px solid #000000)] [r=0 c=0 rs=1 cs=1]
              RenderText {#text} at (1,1) size 299x170
                text run at (1,1) width 252: "Lorem ipsum dolor sit amet, consectetur"
                text run at (1,18) width 245: "adipisicing elit, sed do eiusmod tempor"
                text run at (1,35) width 293: "incididunt ut labore et dolore magna aliqua. Ut"
                text run at (1,52) width 229: "enim ad minim veniam, quis nostrud"
                text run at (1,69) width 299: "exercitation ullamco laboris nisi ut aliquip ex ea"
                text run at (1,86) width 284: "commodo consequat. Duis aute irure dolor in"
                text run at (1,103) width 265: "reprehenderit in voluptate velit esse cillum"
                text run at (1,120) width 284: "dolore eu fugiat nulla pariatur. Excepteur sint"
                text run at (1,137) width 287: "occaecat cupidatat non proident, sunt in culpa"
                text run at (1,154) width 293: "qui officia deserunt mollit anim id est laborum."
