layer at (0,0) size 800x600
  RenderView at (0,0) size 800x600
layer at (0,0) size 800x600
  RenderBlock {HTML} at (0,0) size 800x600
    RenderBody {BODY} at (8,8) size 784x584
      RenderBlock {P} at (0,0) size 784x40
        RenderText {#text} at (0,0) size 108x19
          text run at (0,0) width 108: "This is a test for "
        RenderInline {I} at (0,0) size 764x39
          RenderInline {A} at (0,0) size 353x19 [color=#0000EE]
            RenderText {#text} at (107,0) size 353x19
              text run at (107,0) width 353: "http://bugzilla.opendarwin.org/show_bug.cgi?id=8394"
          RenderText {#text} at (459,0) size 764x39
            text run at (459,0) width 5: " "
            text run at (463,0) width 301: "Editable region does not accept dropped text if"
            text run at (0,20) width 128: "there is no selection"
        RenderText {#text} at (127,20) size 5x19
          text run at (127,20) width 5: "."
      RenderBlock {P} at (0,56) size 784x20
        RenderText {#text} at (0,0) size 668x19
          text run at (0,0) width 488: "The text field should accept drag-and-dropped text, such as the link, even if "
          text run at (487,0) width 181: "no text is currently selected."
      RenderBlock {HR} at (0,92) size 784x2 [border: (1px inset #000000)]
      RenderBlock (anonymous) at (0,102) size 784x25
        RenderTextControl {INPUT} at (2,2) size 136x22 [bgcolor=#FFFFFF] [border: (1px solid #4C4C4C)]
        RenderText {#text} at (139,1) size 5x19
          text run at (139,1) width 5: " "
        RenderInline {A} at (0,0) size 167x19 [color=#0000EE]
          RenderText {#text} at (143,1) size 167x19
            text run at (143,1) width 167: "drop me into the text field"
        RenderText {#text} at (0,0) size 0x0
        RenderText {#text} at (0,0) size 0x0
layer at (17,115) size 122x14
  RenderBlock {DIV} at (6,3) size 123x15
