layer at (0,0) size 800x600
  RenderView at (0,0) size 800x600
layer at (0,0) size 800x600
  RenderBlock {HTML} at (0,0) size 800x600
    RenderBody {BODY} at (8,8) size 784x576
      RenderBlock {FORM} at (0,0) size 784x52
        RenderText {#text} at (185,30) size 4x17
          text run at (185,30) width 4: " "
        RenderText {#text} at (374,30) size 4x17
          text run at (374,30) width 4: " "
        RenderButton {INPUT} at (380,28) size 47x22 [bgcolor=#C0C0C0]
          RenderBlock (anonymous) at (6,2) size 35x17
            RenderText at (0,0) size 35x17
              text run at (0,0) width 35: "Reset"
        RenderText {#text} at (0,0) size 0x0
      RenderBlock {P} at (0,68) size 784x68
        RenderText {#text} at (0,0) size 358x17
          text run at (0,0) width 358: "This test verifies that textarea controls are properly reset. "
        RenderBR {BR} at (358,14) size 0x0
        RenderText {#text} at (0,17) size 475x17
          text run at (0,17) width 475: "You should see two element IDs below, and the word \"SUCCESS\" twice: "
        RenderBR {BR} at (475,31) size 0x0
        RenderText {#text} at (0,34) size 175x17
          text run at (0,34) width 175: "noDefaultText: SUCCESS "
        RenderBR {BR} at (175,48) size 0x0
        RenderText {#text} at (0,51) size 176x17
          text run at (0,51) width 176: "hasDefaultText: SUCCESS"
layer at (10,10) size 181x40 clip at (11,11) size 179x38
  RenderTextControl {TEXTAREA} at (2,2) size 181x40 [bgcolor=#FFFFFF] [border: (1px solid #000000)]
    RenderBlock {DIV} at (3,3) size 175x17
layer at (199,10) size 181x40 clip at (200,11) size 179x38
  RenderTextControl {TEXTAREA} at (191,2) size 181x40 [bgcolor=#FFFFFF] [border: (1px solid #000000)]
    RenderBlock {DIV} at (3,3) size 175x17
      RenderText {#text} at (0,0) size 80x17
        text run at (0,0) width 80: "Default Text"
