layer at (0,0) size 800x600
  RenderView at (0,0) size 800x600
layer at (0,0) size 800x600
  RenderBlock {HTML} at (0,0) size 800x600
    RenderBody {BODY} at (8,8) size 784x584
      RenderText {#text} at (82,2) size 4x19
        text run at (82,2) width 4: " "
      RenderText {#text} at (0,0) size 0x0
layer at (10,10) size 78x22 clip at (11,11) size 76x20
  RenderFlexibleBox {INPUT} at (2,2) size 78x22 [bgcolor=#FFFFFF] [border: (1px solid #4C4C4C)]
    RenderBlock {DIV} at (6,4) size 41x14
      RenderText {#text} at (0,0) size 41x14
        text run at (0,0) width 41: "9:41 AM"
layer at (96,10) size 78x22 clip at (97,11) size 76x20
  RenderFlexibleBox {INPUT} at (88,2) size 78x22 [bgcolor=#FFFFFF] [border: (1px solid #4C4C4C)]
    RenderBlock {DIV} at (13,4) size 41x14
      RenderText {#text} at (0,0) size 41x14
        text run at (0,0) width 17: "AM"
        text run at (16,0) width 4 RTL: " "
        text run at (19,0) width 22: "9:41"
