layer at (0,0) size 800x600
  RenderView at (0,0) size 800x600
layer at (276,0) size 524x600
  RenderBlock {HTML} at (0,0) size 524x600
    RenderBody {BODY} at (8,8) size 484x584
      RenderBlock {HR} at (0,0) size 2x584 [border: (1px inset #000000)]
      RenderBlock (anonymous) at (10,0) size 37x584
        RenderInline {SPAN} at (0,0) size 36x435
          RenderText {#text} at (0,0) size 36x435
            text run at (0,0) width 435: "OFF=\x{897F}\x{66A6}2010\x{5E74}1\x{6708}20\x{65E5}365\x{56DE}"
        RenderText {#text} at (0,0) size 0x0
      RenderBlock {HR} at (55,0) size 2x584 [border: (1px inset #000000)]
      RenderBlock (anonymous) at (65,0) size 37x584
        RenderInline {SPAN} at (0,0) size 36x438
          RenderInline {SPAN} at (0,0) size 36x46
            RenderCombineText {#text} at (0,0) size 36x46
              text run at (0,0) width 46: "ON"
          RenderText {#text} at (0,46) size 36x84
            text run at (0,46) width 84: "=\x{897F}\x{66A6}"
          RenderInline {SPAN} at (0,0) size 36x64
            RenderCombineText {#text} at (0,130) size 36x64
              text run at (0,130) width 64: "2010"
          RenderText {#text} at (0,194) size 36x33
            text run at (0,194) width 33: "\x{5E74}"
          RenderInline {SPAN} at (0,0) size 36x32
            RenderCombineText {#text} at (0,227) size 36x32
              text run at (0,227) width 32: "\x{FFFC}"
          RenderText {#text} at (0,259) size 36x33
            text run at (0,259) width 33: "\x{6708}"
          RenderInline {SPAN} at (0,0) size 36x32
            RenderCombineText {#text} at (0,292) size 36x32
              text run at (0,292) width 32: "\x{FFFC}"
          RenderText {#text} at (0,324) size 36x33
            text run at (0,324) width 33: "\x{65E5}"
          RenderInline {SPAN} at (0,0) size 36x48
            RenderCombineText {#text} at (0,357) size 36x48
              text run at (0,357) width 48: "365"
          RenderText {#text} at (0,405) size 36x33
            text run at (0,405) width 33: "\x{56DE}"
        RenderText {#text} at (0,0) size 0x0
      RenderBlock {HR} at (110,0) size 2x584 [border: (1px inset #000000)]
      RenderBlock (anonymous) at (120,0) size 37x584
        RenderInline {SPAN} at (0,0) size 36x472
          RenderInline {SPAN} at (0,0) size 36x80
            RenderCombineText {#text} at (0,0) size 36x80
              text run at (0,0) width 80: "Times"
          RenderText {#text} at (0,80) size 36x84
            text run at (0,80) width 84: "=\x{897F}\x{66A6}"
          RenderInline {SPAN} at (0,0) size 36x64
            RenderCombineText {#text} at (0,164) size 36x64
              text run at (0,164) width 64: "2010"
          RenderText {#text} at (0,228) size 36x33
            text run at (0,228) width 33: "\x{5E74}"
          RenderInline {SPAN} at (0,0) size 36x32
            RenderCombineText {#text} at (0,261) size 36x32
              text run at (0,261) width 32: "\x{FFFC}"
          RenderText {#text} at (0,293) size 36x33
            text run at (0,293) width 33: "\x{6708}"
          RenderInline {SPAN} at (0,0) size 36x32
            RenderCombineText {#text} at (0,326) size 36x32
              text run at (0,326) width 32: "\x{FFFC}"
          RenderText {#text} at (0,358) size 36x33
            text run at (0,358) width 33: "\x{65E5}"
          RenderInline {SPAN} at (0,0) size 36x48
            RenderCombineText {#text} at (0,391) size 36x48
              text run at (0,391) width 48: "365"
          RenderText {#text} at (0,439) size 36x33
            text run at (0,439) width 33: "\x{56DE}"
        RenderText {#text} at (0,0) size 0x0
      RenderBlock {HR} at (165,0) size 2x584 [border: (1px inset #000000)]
      RenderBlock (anonymous) at (175,0) size 74x584
        RenderInline {SPAN} at (0,0) size 36x226
          RenderText {#text} at (0,0) size 36x226
            text run at (0,0) width 226: "OFF=\x{5B57}\x{3042}\x{FF21}A%"
        RenderBR {BR} at (15,226) size 17x0
        RenderInline {SPAN} at (0,0) size 36x224
          RenderInline {SPAN} at (0,0) size 36x46
            RenderCombineText {#text} at (37,0) size 36x46
              text run at (37,0) width 46: "ON"
          RenderText {#text} at (37,46) size 36x18
            text run at (37,46) width 18: "="
          RenderInline {SPAN} at (0,0) size 36x32
            RenderCombineText {#text} at (37,64) size 36x32
              text run at (37,64) width 32: "\x{FFFC}"
          RenderInline {SPAN} at (0,0) size 36x32
            RenderCombineText {#text} at (37,96) size 36x32
              text run at (37,96) width 32: "\x{FFFC}"
          RenderInline {SPAN} at (0,0) size 36x32
            RenderCombineText {#text} at (37,128) size 36x32
              text run at (37,128) width 32: "\x{FFFC}"
          RenderInline {SPAN} at (0,0) size 36x32
            RenderCombineText {#text} at (37,160) size 36x32
              text run at (37,160) width 32: "\x{FFFC}"
          RenderInline {SPAN} at (0,0) size 36x32
            RenderCombineText {#text} at (37,192) size 36x32
              text run at (37,192) width 32: "\x{FFFC}"
          RenderText {#text} at (0,0) size 0x0
      RenderBlock (anonymous) at (265,0) size 219x584
        RenderBlock {HR} at (0,0) size 2x584 [border: (1px inset #000000)]
        RenderBlock {P} at (34,0) size 185x584
          RenderBlock (floating) {SPAN} at (0,306) size 58x278 [border: (1px solid #FF0000)]
            RenderText {#text} at (2,1) size 26x105
              text run at (2,1) width 105: "float:right:"
            RenderInline {SPAN} at (0,0) size 26x48
              RenderCombineText {#text} at (2,106) size 26x48
                text run at (2,106) width 48: "2010"
            RenderText {#text} at (2,154) size 26x25
              text run at (2,154) width 25: "\x{5E74}"
            RenderInline {SPAN} at (0,0) size 26x24
              RenderCombineText {#text} at (2,179) size 26x24
                text run at (2,179) width 24: "\x{FFFC}"
            RenderText {#text} at (2,203) size 26x25
              text run at (2,203) width 25: "\x{6708}"
            RenderInline {SPAN} at (0,0) size 26x24
              RenderCombineText {#text} at (30,1) size 26x24
                text run at (30,1) width 24: "\x{FFFC}"
            RenderText {#text} at (30,25) size 26x25
              text run at (30,25) width 25: "\x{65E5}"
          RenderInline {SPAN} at (0,0) size 165x578
            RenderText {#text} at (15,0) size 165x578
              text run at (15,0) width 306: "\x{305D}\x{306E}\x{5973}\x{304C}\x{306D}\x{304B}\x{3057}\x{3064}\x{3051}\x{306B}\x{6765}\x{3066}\x{304F}\x{308C}\x{308B}\x{307E}\x{3067}\x{3001}"
              text run at (52,0) width 289: "\x{308F}\x{305F}\x{3057}\x{306F}\x{3051}\x{3063}\x{3057}\x{3066}\x{306D}\x{3069}\x{3053}\x{306B}\x{306F}\x{306F}\x{3044}\x{3089}\x{306A}"
              text run at (89,0) width 578: "\x{304B}\x{3063}\x{305F}\x{3002}\x{51AC}\x{306E}\x{3042}\x{3089}\x{3057}\x{304C}\x{3060}\x{3093}\x{3054}\x{306E}\x{3088}\x{3046}\x{306A}\x{96EA}\x{3092}\x{3075}\x{304D}\x{3064}\x{3051}\x{3066}\x{7A93}\x{30AC}\x{30E9}\x{30B9}\x{3092}\x{767D}\x{304F}\x{3059}\x{308B}\x{3058}"
              text run at (126,0) width 578: "\x{3076}\x{3093}\x{306B}\x{306A}\x{308B}\x{3068}\x{3001}\x{3053}\x{306E}\x{5973}\x{306E}\x{4EBA}\x{306F}\x{4E21}\x{624B}\x{306E}\x{9593}\x{306B}\x{308F}\x{305F}\x{3057}\x{306E}\x{8DB3}\x{3092}\x{304A}\x{3055}\x{3048}\x{3066}\x{3001}\x{6B4C}\x{3092}\x{6B4C}\x{3044}\x{306A}"
              text run at (163,0) width 493: "\x{304C}\x{3089}\x{6696}\x{3081}\x{3066}\x{304F}\x{308C}\x{305F}\x{3002}\x{305D}\x{306E}\x{6B4C}\x{306E}\x{7BC0}\x{3082}\x{6587}\x{53E5}\x{3082}\x{3001}\x{3044}\x{307E}\x{306B}\x{5FD8}\x{308C}\x{305A}\x{306B}\x{3044}\x{308B}\x{3002}"
          RenderText {#text} at (0,0) size 0x0
      RenderBlock (anonymous) at (516,0) size 0x584
        RenderInline {SPAN} at (0,0) size 0x0
