layer at (0,0) size 785x11400
  RenderView at (0,0) size 785x600
layer at (0,0) size 785x11400
  RenderBlock {HTML} at (0,0) size 785x11401
    RenderBody {BODY} at (8,8) size 769x11385
      RenderTable {TABLE} at (0,0) size 739x11385 [border: (1px outset #808080)]
        RenderTableSection {TBODY} at (1,1) size 737x11383
          RenderTableRow {TR} at (0,2) size 737x11379
            RenderTableCell {TD} at (2,2) size 12x22 [border: (1px inset #808080)] [r=0 c=0 rs=1 cs=1]
              RenderText {#text} at (2,2) size 8x17
                text run at (2,2) width 8: "x"
            RenderTableCell {TD} at (16,2) size 719x11379 [border: (1px inset #808080)] [r=0 c=1 rs=1 cs=1]
              RenderBlock (anonymous) at (2,2) size 715x0
                RenderInline {FONT} at (0,0) size 0x0
                  RenderText {#text} at (0,0) size 0x0
              RenderBlock (anonymous) at (2,2) size 715x52
                RenderTable {TABLE} at (0,0) size 566x52 [border: (1px outset #808080)]
                  RenderTableSection {TBODY} at (1,1) size 564x50
                    RenderTableRow {TR} at (0,2) size 564x22
                      RenderTableCell {TD} at (2,2) size 111x22 [border: (1px inset #808080)] [r=0 c=0 rs=1 cs=1]
                        RenderText {#text} at (2,2) size 4x17
                          text run at (2,2) width 4: " "
                      RenderTableCell {TD} at (115,2) size 447x4 [border: (1px inset #808080)] [r=0 c=1 rs=1 cs=1]
                    RenderTableRow {TR} at (0,26) size 564x22
                      RenderTableCell {TD} at (2,26) size 111x22 [border: (1px inset #808080)] [r=1 c=0 rs=1 cs=1]
                        RenderText {#text} at (2,2) size 107x17
                          text run at (2,2) width 107: "Search again..."
              RenderBlock (anonymous) at (2,54) size 715x15
                RenderInline {FONT} at (0,0) size 715x15
                  RenderText {#text} at (0,0) size 715x15
                    text run at (0,0) width 332: "This text node only exists once in the original document! "
                    text run at (332,0) width 307: "If it were a large collection of inlines, the page would "
                    text run at (639,0) width 76: "hang forever."
                  RenderInline {A} at (0,0) size 0x0
              RenderBlock (anonymous) at (2,85) size 715x11292
                RenderBlock {H2} at (0,0) size 715x23
                  RenderInline {A} at (0,0) size 168x22
                    RenderText {#text} at (0,0) size 168x22
                      text run at (0,0) width 168: "Table of Contents"
                RenderBlock {P} at (0,39) size 715x151
                  RenderInline {B} at (0,0) size 76x15
                    RenderInline {A} at (0,0) size 76x15 [color=#0000EE]
                      RenderText {#text} at (0,0) size 76x15
                        text run at (0,0) width 76: "Introduction"
                  RenderBR {BR} at (76,12) size 0x0
                  RenderBR {BR} at (0,15) size 0x15
                  RenderInline {A} at (0,0) size 160x15 [color=#0000EE]
                    RenderText {#text} at (0,30) size 160x15
                      text run at (0,30) width 160: "Who Should Use This Book"
                  RenderText {#text} at (160,30) size 4x15
                    text run at (160,30) width 4: " "
                  RenderBR {BR} at (164,42) size 0x0
                  RenderInline {A} at (0,0) size 133x15 [color=#0000EE]
                    RenderText {#text} at (0,45) size 133x15
                      text run at (0,45) width 133: "How To Use This Book"
                  RenderText {#text} at (132,45) size 5x15
                    text run at (132,45) width 5: " "
                  RenderBR {BR} at (136,57) size 1x0
                  RenderInline {A} at (0,0) size 166x15 [color=#0000EE]
                    RenderText {#text} at (0,60) size 166x15
                      text run at (0,60) width 166: "How This Book is Structured"
                  RenderText {#text} at (166,60) size 4x15
                    text run at (166,60) width 4: " "
                  RenderBR {BR} at (170,72) size 0x0
                  RenderInline {A} at (0,0) size 200x15 [color=#0000EE]
                    RenderText {#text} at (0,75) size 200x15
                      text run at (0,75) width 200: "How to Read the Syntax Diagrams"
                  RenderText {#text} at (200,75) size 4x15
                    text run at (200,75) width 4: " "
                  RenderBR {BR} at (204,87) size 0x0
                  RenderInline {A} at (0,0) size 195x15 [color=#0000EE]
                    RenderText {#text} at (0,90) size 195x15
                      text run at (0,90) width 195: "Conventions Used in This Manual"
                  RenderText {#text} at (195,90) size 4x15
                    text run at (195,90) width 4: " "
                  RenderBR {BR} at (199,102) size 0x0
                  RenderInline {A} at (0,0) size 93x15 [color=#0000EE]
                    RenderText {#text} at (0,105) size 93x15
                      text run at (0,105) width 93: "Error Conditions"
                  RenderText {#text} at (93,105) size 4x15
                    text run at (93,105) width 4: " "
                  RenderBR {BR} at (97,117) size 0x0
                  RenderInline {A} at (0,0) size 143x15 [color=#0000EE]
                    RenderText {#text} at (0,120) size 143x15
                      text run at (0,120) width 143: "Highlighting Conventions"
                  RenderText {#text} at (143,120) size 4x15
                    text run at (143,120) width 4: " "
                  RenderBR {BR} at (147,132) size 0x0
                  RenderInline {A} at (0,0) size 217x15 [color=#0000EE]
                    RenderText {#text} at (0,135) size 217x15
                      text run at (0,135) width 217: "Related Documentation for This Book"
                  RenderText {#text} at (0,0) size 0x0
                RenderBlock {P} at (0,202) size 715x991
                  RenderInline {B} at (0,0) size 58x15
                    RenderInline {A} at (0,0) size 58x15 [color=#0000EE]
                      RenderText {#text} at (0,0) size 58x15
                        text run at (0,0) width 58: "Concepts"
                  RenderBR {BR} at (58,12) size 0x0
                  RenderBR {BR} at (0,15) size 0x15
                  RenderInline {A} at (0,0) size 116x15 [color=#0000EE]
                    RenderText {#text} at (0,30) size 116x15
                      text run at (0,30) width 116: "Relational Database"
                  RenderText {#text} at (116,30) size 4x15
                    text run at (116,30) width 4: " "
                  RenderBR {BR} at (120,42) size 0x0
                  RenderInline {A} at (0,0) size 197x15 [color=#0000EE]
                    RenderText {#text} at (0,45) size 197x15
                      text run at (0,45) width 197: "Structured Query Language (SQL)"
                  RenderText {#text} at (197,45) size 4x15
                    text run at (197,45) width 4: " "
                  RenderBR {BR} at (201,57) size 0x0
                  RenderInline {A} at (0,0) size 92x15 [color=#0000EE]
                    RenderText {#text} at (0,60) size 92x15
                      text run at (0,60) width 92: "Embedded SQL"
                  RenderText {#text} at (92,60) size 4x15
                    text run at (92,60) width 4: " "
                  RenderBR {BR} at (96,72) size 0x0
                  RenderInline {A} at (0,0) size 64x15 [color=#0000EE]
                    RenderText {#text} at (0,75) size 64x15
                      text run at (0,75) width 64: "Static SQL"
                  RenderText {#text} at (64,75) size 4x15
                    text run at (64,75) width 4: " "
                  RenderBR {BR} at (68,87) size 0x0
                  RenderInline {A} at (0,0) size 81x15 [color=#0000EE]
                    RenderText {#text} at (0,90) size 81x15
                      text run at (0,90) width 81: "Dynamic SQL"
                  RenderText {#text} at (81,90) size 4x15
                    text run at (81,90) width 4: " "
                  RenderBR {BR} at (85,102) size 0x0
                  RenderInline {A} at (0,0) size 405x15 [color=#0000EE]
                    RenderText {#text} at (0,105) size 405x15
                      text run at (0,105) width 405: "DB2 Call Level Interface (CLI) & Open Database Connectivity (ODBC)"
                  RenderText {#text} at (405,105) size 4x15
                    text run at (405,105) width 4: " "
                  RenderBR {BR} at (409,117) size 0x0
                  RenderInline {A} at (0,0) size 486x15 [color=#0000EE]
                    RenderText {#text} at (0,120) size 486x15
                      text run at (0,120) width 486: "Java Database Connectivity (JDBC) and Embedded SQL for Java (SQLJ) Programs"
                  RenderText {#text} at (485,120) size 5x15
                    text run at (485,120) width 5: " "
                  RenderBR {BR} at (489,132) size 1x0
                  RenderInline {A} at (0,0) size 91x15 [color=#0000EE]
                    RenderText {#text} at (0,135) size 91x15
                      text run at (0,135) width 91: "Interactive SQL"
                  RenderText {#text} at (91,135) size 4x15
                    text run at (91,135) width 4: " "
                  RenderBR {BR} at (95,147) size 0x0
                  RenderInline {A} at (0,0) size 55x15 [color=#0000EE]
                    RenderText {#text} at (0,150) size 55x15
                      text run at (0,150) width 55: "Schemas"
                  RenderText {#text} at (55,150) size 4x15
                    text run at (55,150) width 4: " "
                  RenderBR {BR} at (59,162) size 0x0
                  RenderInline {A} at (0,0) size 162x15 [color=#0000EE]
                    RenderText {#text} at (0,165) size 162x15
                      text run at (0,165) width 162: "Controlling Use of Schemas"
                  RenderText {#text} at (162,165) size 4x15
                    text run at (162,165) width 4: " "
                  RenderBR {BR} at (166,177) size 0x0
                  RenderInline {A} at (0,0) size 38x15 [color=#0000EE]
                    RenderText {#text} at (0,180) size 38x15
                      text run at (0,180) width 38: "Tables"
                  RenderText {#text} at (37,180) size 5x15
                    text run at (37,180) width 5: " "
                  RenderBR {BR} at (41,192) size 1x0
                  RenderInline {A} at (0,0) size 35x15 [color=#0000EE]
                    RenderText {#text} at (0,195) size 35x15
                      text run at (0,195) width 35: "Views"
                  RenderText {#text} at (34,195) size 5x15
                    text run at (34,195) width 5: " "
                  RenderBR {BR} at (38,207) size 1x0
                  RenderInline {A} at (0,0) size 43x15 [color=#0000EE]
                    RenderText {#text} at (0,210) size 43x15
                      text run at (0,210) width 43: "Aliases"
                  RenderText {#text} at (43,210) size 4x15
                    text run at (43,210) width 4: " "
                  RenderBR {BR} at (47,222) size 0x0
                  RenderInline {A} at (0,0) size 46x15 [color=#0000EE]
                    RenderText {#text} at (0,225) size 46x15
                      text run at (0,225) width 46: "Indexes"
                  RenderText {#text} at (46,225) size 4x15
                    text run at (46,225) width 4: " "
                  RenderBR {BR} at (50,237) size 0x0
                  RenderInline {A} at (0,0) size 30x15 [color=#0000EE]
                    RenderText {#text} at (0,240) size 30x15
                      text run at (0,240) width 30: "Keys"
                  RenderText {#text} at (30,240) size 4x15
                    text run at (30,240) width 4: " "
                  RenderBR {BR} at (34,252) size 0x0
                  RenderInline {A} at (0,0) size 74x15 [color=#0000EE]
                    RenderText {#text} at (0,255) size 74x15
                      text run at (0,255) width 74: "Unique Keys"
                  RenderText {#text} at (74,255) size 4x15
                    text run at (74,255) width 4: " "
                  RenderBR {BR} at (78,267) size 0x0
                  RenderInline {A} at (0,0) size 79x15 [color=#0000EE]
                    RenderText {#text} at (0,270) size 79x15
                      text run at (0,270) width 79: "Primary Keys"
                  RenderText {#text} at (79,270) size 4x15
                    text run at (79,270) width 4: " "
                  RenderBR {BR} at (83,282) size 0x0
                  RenderInline {A} at (0,0) size 77x15 [color=#0000EE]
                    RenderText {#text} at (0,285) size 77x15
                      text run at (0,285) width 77: "Foreign Keys"
                  RenderText {#text} at (77,285) size 4x15
                    text run at (77,285) width 4: " "
                  RenderBR {BR} at (81,297) size 0x0
                  RenderInline {A} at (0,0) size 99x15 [color=#0000EE]
                    RenderText {#text} at (0,300) size 99x15
                      text run at (0,300) width 99: "Partitioning Keys"
                  RenderText {#text} at (99,300) size 4x15
                    text run at (99,300) width 4: " "
                  RenderBR {BR} at (103,312) size 0x0
                  RenderInline {A} at (0,0) size 66x15 [color=#0000EE]
                    RenderText {#text} at (0,315) size 66x15
                      text run at (0,315) width 66: "Constraints"
                  RenderText {#text} at (66,315) size 4x15
                    text run at (66,315) width 4: " "
                  RenderBR {BR} at (70,327) size 0x0
                  RenderInline {A} at (0,0) size 110x15 [color=#0000EE]
                    RenderText {#text} at (0,330) size 110x15
                      text run at (0,330) width 110: "Unique Constraints"
                  RenderText {#text} at (110,330) size 4x15
                    text run at (110,330) width 4: " "
                  RenderBR {BR} at (114,342) size 0x0
                  RenderInline {A} at (0,0) size 132x15 [color=#0000EE]
                    RenderText {#text} at (0,345) size 132x15
                      text run at (0,345) width 132: "Referential Constraints"
                  RenderText {#text} at (132,345) size 4x15
                    text run at (132,345) width 4: " "
                  RenderBR {BR} at (136,357) size 0x0
                  RenderInline {A} at (0,0) size 142x15 [color=#0000EE]
                    RenderText {#text} at (0,360) size 142x15
                      text run at (0,360) width 142: "Table Check Constraints"
                  RenderText {#text} at (141,360) size 5x15
                    text run at (141,360) width 5: " "
                  RenderBR {BR} at (145,372) size 1x0
                  RenderInline {A} at (0,0) size 47x15 [color=#0000EE]
                    RenderText {#text} at (0,375) size 47x15
                      text run at (0,375) width 47: "Triggers"
                  RenderText {#text} at (46,375) size 5x15
                    text run at (46,375) width 5: " "
                  RenderBR {BR} at (50,387) size 1x0
                  RenderInline {A} at (0,0) size 88x15 [color=#0000EE]
                    RenderText {#text} at (0,390) size 88x15
                      text run at (0,390) width 88: "Event Monitors"
                  RenderText {#text} at (88,390) size 4x15
                    text run at (88,390) width 4: " "
                  RenderBR {BR} at (92,402) size 0x0
                  RenderInline {A} at (0,0) size 45x15 [color=#0000EE]
                    RenderText {#text} at (0,405) size 45x15
                      text run at (0,405) width 45: "Queries"
                  RenderText {#text} at (45,405) size 4x15
                    text run at (45,405) width 4: " "
                  RenderBR {BR} at (49,417) size 0x0
                  RenderInline {A} at (0,0) size 107x15 [color=#0000EE]
                    RenderText {#text} at (0,420) size 107x15
                      text run at (0,420) width 107: "Table Expressions"
                  RenderText {#text} at (106,420) size 5x15
                    text run at (106,420) width 5: " "
                  RenderBR {BR} at (110,432) size 1x0
                  RenderInline {A} at (0,0) size 163x15 [color=#0000EE]
                    RenderText {#text} at (0,435) size 163x15
                      text run at (0,435) width 163: "Common Table Expressions"
                  RenderText {#text} at (162,435) size 5x15
                    text run at (162,435) width 5: " "
                  RenderBR {BR} at (166,447) size 1x0
                  RenderInline {A} at (0,0) size 58x15 [color=#0000EE]
                    RenderText {#text} at (0,450) size 58x15
                      text run at (0,450) width 58: "Packages"
                  RenderText {#text} at (58,450) size 4x15
                    text run at (58,450) width 4: " "
                  RenderBR {BR} at (62,462) size 0x0
                  RenderInline {A} at (0,0) size 83x15 [color=#0000EE]
                    RenderText {#text} at (0,465) size 83x15
                      text run at (0,465) width 83: "Catalog Views"
                  RenderText {#text} at (82,465) size 5x15
                    text run at (82,465) width 5: " "
                  RenderBR {BR} at (86,477) size 1x0
                  RenderInline {A} at (0,0) size 299x15 [color=#0000EE]
                    RenderText {#text} at (0,480) size 299x15
                      text run at (0,480) width 299: "Application Processes, Concurrency, and Recovery"
                  RenderText {#text} at (298,480) size 5x15
                    text run at (298,480) width 5: " "
                  RenderBR {BR} at (302,492) size 1x0
                  RenderInline {A} at (0,0) size 84x15 [color=#0000EE]
                    RenderText {#text} at (0,495) size 84x15
                      text run at (0,495) width 84: "Isolation Level"
                  RenderText {#text} at (84,495) size 4x15
                    text run at (84,495) width 4: " "
                  RenderBR {BR} at (88,507) size 0x0
                  RenderInline {A} at (0,0) size 129x15 [color=#0000EE]
                    RenderText {#text} at (0,510) size 129x15
                      text run at (0,510) width 129: "Repeatable Read (RR)"
                  RenderText {#text} at (129,510) size 4x15
                    text run at (129,510) width 4: " "
                  RenderBR {BR} at (133,522) size 0x0
                  RenderInline {A} at (0,0) size 111x15 [color=#0000EE]
                    RenderText {#text} at (0,525) size 111x15
                      text run at (0,525) width 111: "Read Stability (RS)"
                  RenderText {#text} at (111,525) size 4x15
                    text run at (111,525) width 4: " "
                  RenderBR {BR} at (115,537) size 0x0
                  RenderInline {A} at (0,0) size 119x15 [color=#0000EE]
                    RenderText {#text} at (0,540) size 119x15
                      text run at (0,540) width 119: "Cursor Stability (CS)"
                  RenderText {#text} at (119,540) size 4x15
                    text run at (119,540) width 4: " "
                  RenderBR {BR} at (123,552) size 0x0
                  RenderInline {A} at (0,0) size 141x15 [color=#0000EE]
                    RenderText {#text} at (0,555) size 141x15
                      text run at (0,555) width 141: "Uncommitted Read (UR)"
                  RenderText {#text} at (141,555) size 4x15
                    text run at (141,555) width 4: " "
                  RenderBR {BR} at (145,567) size 0x0
                  RenderInline {A} at (0,0) size 179x15 [color=#0000EE]
                    RenderText {#text} at (0,570) size 179x15
                      text run at (0,570) width 179: "Comparison of Isolation Levels"
                  RenderText {#text} at (179,570) size 4x15
                    text run at (179,570) width 4: " "
                  RenderBR {BR} at (183,582) size 0x0
                  RenderInline {A} at (0,0) size 182x15 [color=#0000EE]
                    RenderText {#text} at (0,585) size 182x15
                      text run at (0,585) width 182: "Distributed Relational Database"
                  RenderText {#text} at (182,585) size 4x15
                    text run at (182,585) width 4: " "
                  RenderBR {BR} at (186,597) size 0x0
                  RenderInline {A} at (0,0) size 113x15 [color=#0000EE]
                    RenderText {#text} at (0,600) size 113x15
                      text run at (0,600) width 113: "Application Servers"
                  RenderText {#text} at (113,600) size 4x15
                    text run at (113,600) width 4: " "
                  RenderBR {BR} at (117,612) size 0x0
                  RenderInline {A} at (0,0) size 258x15 [color=#0000EE]
                    RenderText {#text} at (0,615) size 258x15
                      text run at (0,615) width 258: "CONNECT (Type 1) and CONNECT (Type 2)"
                  RenderText {#text} at (257,615) size 5x15
                    text run at (257,615) width 5: " "
                  RenderBR {BR} at (261,627) size 1x0
                  RenderInline {A} at (0,0) size 121x15 [color=#0000EE]
                    RenderText {#text} at (0,630) size 121x15
                      text run at (0,630) width 121: "Remote Unit of Work"
                  RenderText {#text} at (120,630) size 5x15
                    text run at (120,630) width 5: " "
                  RenderBR {BR} at (124,642) size 1x0
                  RenderInline {A} at (0,0) size 258x15 [color=#0000EE]
                    RenderText {#text} at (0,645) size 258x15
                      text run at (0,645) width 258: "Application-Directed Distributed Unit of Work"
                  RenderText {#text} at (257,645) size 5x15
                    text run at (257,645) width 5: " "
                  RenderBR {BR} at (261,657) size 1x0
                  RenderInline {A} at (0,0) size 208x15 [color=#0000EE]
                    RenderText {#text} at (0,660) size 208x15
                      text run at (0,660) width 208: "Data Representation Considerations"
                  RenderText {#text} at (208,660) size 4x15
                    text run at (208,660) width 4: " "
                  RenderBR {BR} at (212,672) size 0x0
                  RenderInline {A} at (0,0) size 143x15 [color=#0000EE]
                    RenderText {#text} at (0,675) size 143x15
                      text run at (0,675) width 143: "DB2 Federated Systems"
                  RenderText {#text} at (143,675) size 4x15
                    text run at (143,675) width 4: " "
                  RenderBR {BR} at (147,687) size 0x0
                  RenderInline {A} at (0,0) size 363x15 [color=#0000EE]
                    RenderText {#text} at (0,690) size 363x15
                      text run at (0,690) width 363: "The Federated Server, Federated Database, and Data Sources"
                  RenderText {#text} at (362,690) size 5x15
                    text run at (362,690) width 5: " "
                  RenderBR {BR} at (366,702) size 1x0
                  RenderInline {A} at (0,0) size 265x15 [color=#0000EE]
                    RenderText {#text} at (0,705) size 265x15
                      text run at (0,705) width 265: "Tasks to Perform in a DB2 Federated System"
                  RenderText {#text} at (264,705) size 5x15
                    text run at (264,705) width 5: " "
                  RenderBR {BR} at (268,717) size 1x0
                  RenderInline {A} at (0,0) size 185x15 [color=#0000EE]
                    RenderText {#text} at (0,720) size 185x15
                      text run at (0,720) width 185: "Wrappers and Wrapper Modules"
                  RenderText {#text} at (184,720) size 5x15
                    text run at (184,720) width 5: " "
                  RenderBR {BR} at (188,732) size 1x0
                  RenderInline {A} at (0,0) size 219x15 [color=#0000EE]
                    RenderText {#text} at (0,735) size 219x15
                      text run at (0,735) width 219: "Server Definitions and Server Options"
                  RenderText {#text} at (219,735) size 4x15
                    text run at (219,735) width 4: " "
                  RenderBR {BR} at (223,747) size 0x0
                  RenderInline {A} at (0,0) size 192x15 [color=#0000EE]
                    RenderText {#text} at (0,750) size 192x15
                      text run at (0,750) width 192: "User Mappings and User Options"
                  RenderText {#text} at (192,750) size 4x15
                    text run at (192,750) width 4: " "
                  RenderBR {BR} at (196,762) size 0x0
                  RenderInline {A} at (0,0) size 120x15 [color=#0000EE]
                    RenderText {#text} at (0,765) size 120x15
                      text run at (0,765) width 120: "Data Type Mappings"
                  RenderText {#text} at (119,765) size 5x15
                    text run at (119,765) width 5: " "
                  RenderBR {BR} at (123,777) size 1x0
                  RenderInline {A} at (0,0) size 417x15 [color=#0000EE]
                    RenderText {#text} at (0,780) size 417x15
                      text run at (0,780) width 417: "Function Mappings, Function Templates, and Function Mapping Options"
                  RenderText {#text} at (416,780) size 5x15
                    text run at (416,780) width 5: " "
                  RenderBR {BR} at (420,792) size 1x0
                  RenderInline {A} at (0,0) size 187x15 [color=#0000EE]
                    RenderText {#text} at (0,795) size 187x15
                      text run at (0,795) width 187: "Nicknames and Column Options"
                  RenderText {#text} at (187,795) size 4x15
                    text run at (187,795) width 4: " "
                  RenderBR {BR} at (191,807) size 0x0
                  RenderInline {A} at (0,0) size 118x15 [color=#0000EE]
                    RenderText {#text} at (0,810) size 118x15
                      text run at (0,810) width 118: "Index Specifications"
                  RenderText {#text} at (118,810) size 4x15
                    text run at (118,810) width 4: " "
                  RenderBR {BR} at (122,822) size 0x0
                  RenderInline {A} at (0,0) size 121x15 [color=#0000EE]
                    RenderText {#text} at (0,825) size 121x15
                      text run at (0,825) width 121: "Distributed Requests"
                  RenderText {#text} at (121,825) size 4x15
                    text run at (121,825) width 4: " "
                  RenderBR {BR} at (125,837) size 0x0
                  RenderInline {A} at (0,0) size 83x15 [color=#0000EE]
                    RenderText {#text} at (0,840) size 83x15
                      text run at (0,840) width 83: "Compensation"
                  RenderText {#text} at (83,840) size 4x15
                    text run at (83,840) width 4: " "
                  RenderBR {BR} at (87,852) size 0x0
                  RenderInline {A} at (0,0) size 81x15 [color=#0000EE]
                    RenderText {#text} at (0,855) size 81x15
                      text run at (0,855) width 81: "Pass-Through"
                  RenderText {#text} at (81,855) size 4x15
                    text run at (81,855) width 4: " "
                  RenderBR {BR} at (85,867) size 0x0
                  RenderInline {A} at (0,0) size 125x15 [color=#0000EE]
                    RenderText {#text} at (0,870) size 125x15
                      text run at (0,870) width 125: "Character Conversion"
                  RenderText {#text} at (125,870) size 4x15
                    text run at (125,870) width 4: " "
                  RenderBR {BR} at (129,882) size 0x0
                  RenderInline {A} at (0,0) size 187x15 [color=#0000EE]
                    RenderText {#text} at (0,885) size 187x15
                      text run at (0,885) width 187: "Character Sets and Code Pages"
                  RenderText {#text} at (187,885) size 4x15
                    text run at (187,885) width 4: " "
                  RenderBR {BR} at (191,897) size 0x0
                  RenderInline {A} at (0,0) size 124x15 [color=#0000EE]
                    RenderText {#text} at (0,900) size 124x15
                      text run at (0,900) width 124: "Code Page Attributes"
                  RenderText {#text} at (124,900) size 4x15
                    text run at (124,900) width 4: " "
                  RenderBR {BR} at (128,912) size 0x0
                  RenderInline {A} at (0,0) size 162x15 [color=#0000EE]
                    RenderText {#text} at (0,915) size 162x15
                      text run at (0,915) width 162: "Authorization and Privileges"
                  RenderText {#text} at (162,915) size 4x15
                    text run at (162,915) width 4: " "
                  RenderBR {BR} at (166,927) size 0x0
                  RenderInline {A} at (0,0) size 253x15 [color=#0000EE]
                    RenderText {#text} at (0,930) size 253x15
                      text run at (0,930) width 253: "Table Spaces and Other Storage Structures"
                  RenderText {#text} at (252,930) size 5x15
                    text run at (252,930) width 5: " "
                  RenderBR {BR} at (256,942) size 1x0
                  RenderInline {A} at (0,0) size 249x15 [color=#0000EE]
                    RenderText {#text} at (0,945) size 249x15
                      text run at (0,945) width 249: "Data Partitioning Across Multiple Partitions"
                  RenderText {#text} at (249,945) size 4x15
                    text run at (249,945) width 4: " "
                  RenderBR {BR} at (253,957) size 0x0
                  RenderInline {A} at (0,0) size 101x15 [color=#0000EE]
                    RenderText {#text} at (0,960) size 101x15
                      text run at (0,960) width 101: "Partitioning Maps"
                  RenderText {#text} at (101,960) size 4x15
                    text run at (101,960) width 4: " "
                  RenderBR {BR} at (105,972) size 0x0
                  RenderInline {A} at (0,0) size 99x15 [color=#0000EE]
                    RenderText {#text} at (0,975) size 99x15
                      text run at (0,975) width 99: "Table Collocation"
                  RenderText {#text} at (0,0) size 0x0
                RenderBlock {P} at (0,1205) size 715x1996
                  RenderInline {B} at (0,0) size 123x15
                    RenderInline {A} at (0,0) size 123x15 [color=#0000EE]
                      RenderText {#text} at (0,0) size 123x15
                        text run at (0,0) width 123: "Language Elements"
                  RenderBR {BR} at (123,12) size 0x0
                  RenderBR {BR} at (0,15) size 0x15
                  RenderInline {A} at (0,0) size 63x15 [color=#0000EE]
                    RenderText {#text} at (0,30) size 63x15
                      text run at (0,30) width 63: "Characters"
                  RenderText {#text} at (63,30) size 4x15
                    text run at (63,30) width 4: " "
                  RenderBR {BR} at (67,42) size 0x0
                  RenderInline {A} at (0,0) size 128x15 [color=#0000EE]
                    RenderText {#text} at (0,45) size 128x15
                      text run at (0,45) width 128: "MBCS Considerations"
                  RenderText {#text} at (128,45) size 4x15
                    text run at (128,45) width 4: " "
                  RenderBR {BR} at (132,57) size 0x0
                  RenderInline {A} at (0,0) size 42x15 [color=#0000EE]
                    RenderText {#text} at (0,60) size 42x15
                      text run at (0,60) width 42: "Tokens"
                  RenderText {#text} at (41,60) size 5x15
                    text run at (41,60) width 5: " "
                  RenderBR {BR} at (45,72) size 1x0
                  RenderInline {A} at (0,0) size 128x15 [color=#0000EE]
                    RenderText {#text} at (0,75) size 128x15
                      text run at (0,75) width 128: "MBCS Considerations"
                  RenderText {#text} at (128,75) size 4x15
                    text run at (128,75) width 4: " "
                  RenderBR {BR} at (132,87) size 0x0
                  RenderInline {A} at (0,0) size 57x15 [color=#0000EE]
                    RenderText {#text} at (0,90) size 57x15
                      text run at (0,90) width 57: "Identifiers"
                  RenderText {#text} at (57,90) size 4x15
                    text run at (57,90) width 4: " "
                  RenderBR {BR} at (61,102) size 0x0
                  RenderInline {A} at (0,0) size 87x15 [color=#0000EE]
                    RenderText {#text} at (0,105) size 87x15
                      text run at (0,105) width 87: "SQL Identifiers"
                  RenderText {#text} at (86,105) size 5x15
                    text run at (86,105) width 5: " "
                  RenderBR {BR} at (90,117) size 1x0
                  RenderInline {A} at (0,0) size 88x15 [color=#0000EE]
                    RenderText {#text} at (0,120) size 88x15
                      text run at (0,120) width 88: "Host Identifiers"
                  RenderText {#text} at (88,120) size 4x15
                    text run at (88,120) width 4: " "
                  RenderBR {BR} at (92,132) size 0x0
                  RenderInline {A} at (0,0) size 354x15 [color=#0000EE]
                    RenderText {#text} at (0,135) size 354x15
                      text run at (0,135) width 354: "Naming Conventions and Implicit Object Name Qualifications"
                  RenderText {#text} at (354,135) size 4x15
                    text run at (354,135) width 4: " "
                  RenderBR {BR} at (358,147) size 0x0
                  RenderInline {A} at (0,0) size 43x15 [color=#0000EE]
                    RenderText {#text} at (0,150) size 43x15
                      text run at (0,150) width 43: "Aliases"
                  RenderText {#text} at (43,150) size 4x15
                    text run at (43,150) width 4: " "
                  RenderBR {BR} at (47,162) size 0x0
                  RenderInline {A} at (0,0) size 246x15 [color=#0000EE]
                    RenderText {#text} at (0,165) size 246x15
                      text run at (0,165) width 246: "Authorization IDs and authorization-names"
                  RenderText {#text} at (246,165) size 4x15
                    text run at (246,165) width 4: " "
                  RenderBR {BR} at (250,177) size 0x0
                  RenderInline {A} at (0,0) size 238x15 [color=#0000EE]
                    RenderText {#text} at (0,180) size 238x15
                      text run at (0,180) width 238: "Dynamic SQL Characteristics at run-time"
                  RenderText {#text} at (237,180) size 5x15
                    text run at (237,180) width 5: " "
                  RenderBR {BR} at (241,192) size 1x0
                  RenderInline {A} at (0,0) size 259x15 [color=#0000EE]
                    RenderText {#text} at (0,195) size 259x15
                      text run at (0,195) width 259: "Authorization IDs and Statement Preparation"
                  RenderText {#text} at (259,195) size 4x15
                    text run at (259,195) width 4: " "
                  RenderBR {BR} at (263,207) size 0x0
                  RenderInline {A} at (0,0) size 67x15 [color=#0000EE]
                    RenderText {#text} at (0,210) size 67x15
                      text run at (0,210) width 67: "Data Types"
                  RenderText {#text} at (66,210) size 5x15
                    text run at (66,210) width 5: " "
                  RenderBR {BR} at (70,222) size 1x0
                  RenderInline {A} at (0,0) size 29x15 [color=#0000EE]
                    RenderText {#text} at (0,225) size 29x15
                      text run at (0,225) width 29: "Nulls"
                  RenderText {#text} at (29,225) size 4x15
                    text run at (29,225) width 4: " "
                  RenderBR {BR} at (33,237) size 0x0
                  RenderInline {A} at (0,0) size 126x15 [color=#0000EE]
                    RenderText {#text} at (0,240) size 126x15
                      text run at (0,240) width 126: "Large Objects (LOBs)"
                  RenderText {#text} at (126,240) size 4x15
                    text run at (126,240) width 4: " "
                  RenderBR {BR} at (130,252) size 0x0
                  RenderInline {A} at (0,0) size 101x15 [color=#0000EE]
                    RenderText {#text} at (0,255) size 101x15
                      text run at (0,255) width 101: "Character Strings"
                  RenderText {#text} at (101,255) size 4x15
                    text run at (101,255) width 4: " "
                  RenderBR {BR} at (105,267) size 0x0
                  RenderInline {A} at (0,0) size 90x15 [color=#0000EE]
                    RenderText {#text} at (0,270) size 90x15
                      text run at (0,270) width 90: "Graphic Strings"
                  RenderText {#text} at (90,270) size 4x15
                    text run at (90,270) width 4: " "
                  RenderBR {BR} at (94,282) size 0x0
                  RenderInline {A} at (0,0) size 75x15 [color=#0000EE]
                    RenderText {#text} at (0,285) size 75x15
                      text run at (0,285) width 75: "Binary String"
                  RenderText {#text} at (75,285) size 4x15
                    text run at (75,285) width 4: " "
                  RenderBR {BR} at (79,297) size 0x0
                  RenderInline {A} at (0,0) size 52x15 [color=#0000EE]
                    RenderText {#text} at (0,300) size 52x15
                      text run at (0,300) width 52: "Numbers"
                  RenderText {#text} at (52,300) size 4x15
                    text run at (52,300) width 4: " "
                  RenderBR {BR} at (56,312) size 0x0
                  RenderInline {A} at (0,0) size 96x15 [color=#0000EE]
                    RenderText {#text} at (0,315) size 96x15
                      text run at (0,315) width 96: "Datetime Values"
                  RenderText {#text} at (95,315) size 5x15
                    text run at (95,315) width 5: " "
                  RenderBR {BR} at (99,327) size 1x0
                  RenderInline {A} at (0,0) size 106x15 [color=#0000EE]
                    RenderText {#text} at (0,330) size 106x15
                      text run at (0,330) width 106: "DATALINK Values"
                  RenderText {#text} at (105,330) size 5x15
                    text run at (105,330) width 5: " "
                  RenderBR {BR} at (109,342) size 1x0
                  RenderInline {A} at (0,0) size 115x15 [color=#0000EE]
                    RenderText {#text} at (0,345) size 115x15
                      text run at (0,345) width 115: "User Defined Types"
                  RenderText {#text} at (114,345) size 5x15
                    text run at (114,345) width 5: " "
                  RenderBR {BR} at (118,357) size 1x0
                  RenderInline {A} at (0,0) size 145x15 [color=#0000EE]
                    RenderText {#text} at (0,360) size 145x15
                      text run at (0,360) width 145: "Promotion of Data Types"
                  RenderText {#text} at (144,360) size 5x15
                    text run at (144,360) width 5: " "
                  RenderBR {BR} at (148,372) size 1x0
                  RenderInline {A} at (0,0) size 169x15 [color=#0000EE]
                    RenderText {#text} at (0,375) size 169x15
                      text run at (0,375) width 169: "Casting Between Data Types"
                  RenderText {#text} at (168,375) size 5x15
                    text run at (168,375) width 5: " "
                  RenderBR {BR} at (172,387) size 1x0
                  RenderInline {A} at (0,0) size 181x15 [color=#0000EE]
                    RenderText {#text} at (0,390) size 181x15
                      text run at (0,390) width 181: "Assignments and Comparisons"
                  RenderText {#text} at (181,390) size 4x15
                    text run at (181,390) width 4: " "
                  RenderBR {BR} at (185,402) size 0x0
                  RenderInline {A} at (0,0) size 128x15 [color=#0000EE]
                    RenderText {#text} at (0,405) size 128x15
                      text run at (0,405) width 128: "Numeric Assignments"
                  RenderText {#text} at (128,405) size 4x15
                    text run at (128,405) width 4: " "
                  RenderBR {BR} at (132,417) size 0x0
                  RenderInline {A} at (0,0) size 114x15 [color=#0000EE]
                    RenderText {#text} at (0,420) size 114x15
                      text run at (0,420) width 114: "String Assignments"
                  RenderText {#text} at (114,420) size 4x15
                    text run at (114,420) width 4: " "
                  RenderBR {BR} at (118,432) size 0x0
                  RenderInline {A} at (0,0) size 132x15 [color=#0000EE]
                    RenderText {#text} at (0,435) size 132x15
                      text run at (0,435) width 132: "Datetime Assignments"
                  RenderText {#text} at (132,435) size 4x15
                    text run at (132,435) width 4: " "
                  RenderBR {BR} at (136,447) size 0x0
                  RenderInline {A} at (0,0) size 143x15 [color=#0000EE]
                    RenderText {#text} at (0,450) size 143x15
                      text run at (0,450) width 143: "DATALINK Assignments"
                  RenderText {#text} at (142,450) size 5x15
                    text run at (142,450) width 5: " "
                  RenderBR {BR} at (146,462) size 1x0
                  RenderInline {A} at (0,0) size 186x15 [color=#0000EE]
                    RenderText {#text} at (0,465) size 186x15
                      text run at (0,465) width 186: "User-defined Type Assignments"
                  RenderText {#text} at (185,465) size 5x15
                    text run at (185,465) width 5: " "
                  RenderBR {BR} at (189,477) size 1x0
                  RenderInline {A} at (0,0) size 172x15 [color=#0000EE]
                    RenderText {#text} at (0,480) size 172x15
                      text run at (0,480) width 172: "Reference Type Assignments"
                  RenderText {#text} at (171,480) size 5x15
                    text run at (171,480) width 5: " "
                  RenderBR {BR} at (175,492) size 1x0
                  RenderInline {A} at (0,0) size 128x15 [color=#0000EE]
                    RenderText {#text} at (0,495) size 128x15
                      text run at (0,495) width 128: "Numeric Comparisons"
                  RenderText {#text} at (128,495) size 4x15
                    text run at (128,495) width 4: " "
                  RenderBR {BR} at (132,507) size 0x0
                  RenderInline {A} at (0,0) size 114x15 [color=#0000EE]
                    RenderText {#text} at (0,510) size 114x15
                      text run at (0,510) width 114: "String Comparisons"
                  RenderText {#text} at (114,510) size 4x15
                    text run at (114,510) width 4: " "
                  RenderBR {BR} at (118,522) size 0x0
                  RenderInline {A} at (0,0) size 132x15 [color=#0000EE]
                    RenderText {#text} at (0,525) size 132x15
                      text run at (0,525) width 132: "Datetime Comparisons"
                  RenderText {#text} at (132,525) size 4x15
                    text run at (132,525) width 4: " "
                  RenderBR {BR} at (136,537) size 0x0
                  RenderInline {A} at (0,0) size 186x15 [color=#0000EE]
                    RenderText {#text} at (0,540) size 186x15
                      text run at (0,540) width 186: "User-defined Type Comparisons"
                  RenderText {#text} at (185,540) size 5x15
                    text run at (185,540) width 5: " "
                  RenderBR {BR} at (189,552) size 1x0
                  RenderInline {A} at (0,0) size 172x15 [color=#0000EE]
                    RenderText {#text} at (0,555) size 172x15
                      text run at (0,555) width 172: "Reference Type Comparisons"
                  RenderText {#text} at (171,555) size 5x15
                    text run at (171,555) width 5: " "
                  RenderBR {BR} at (175,567) size 1x0
                  RenderInline {A} at (0,0) size 164x15 [color=#0000EE]
                    RenderText {#text} at (0,570) size 164x15
                      text run at (0,570) width 164: "Rules for Result Data Types"
                  RenderText {#text} at (163,570) size 5x15
                    text run at (163,570) width 5: " "
                  RenderBR {BR} at (167,582) size 1x0
                  RenderInline {A} at (0,0) size 101x15 [color=#0000EE]
                    RenderText {#text} at (0,585) size 101x15
                      text run at (0,585) width 101: "Character Strings"
                  RenderText {#text} at (101,585) size 4x15
                    text run at (101,585) width 4: " "
                  RenderBR {BR} at (105,597) size 0x0
                  RenderInline {A} at (0,0) size 90x15 [color=#0000EE]
                    RenderText {#text} at (0,600) size 90x15
                      text run at (0,600) width 90: "Graphic Strings"
                  RenderText {#text} at (90,600) size 4x15
                    text run at (90,600) width 4: " "
                  RenderBR {BR} at (94,612) size 0x0
                  RenderInline {A} at (0,0) size 162x15 [color=#0000EE]
                    RenderText {#text} at (0,615) size 162x15
                      text run at (0,615) width 162: "Binary Large Object (BLOB)"
                  RenderText {#text} at (162,615) size 4x15
                    text run at (162,615) width 4: " "
                  RenderBR {BR} at (166,627) size 0x0
                  RenderInline {A} at (0,0) size 48x15 [color=#0000EE]
                    RenderText {#text} at (0,630) size 48x15
                      text run at (0,630) width 48: "Numeric"
                  RenderText {#text} at (48,630) size 4x15
                    text run at (48,630) width 4: " "
                  RenderBR {BR} at (52,642) size 0x0
                  RenderInline {A} at (0,0) size 35x15 [color=#0000EE]
                    RenderText {#text} at (0,645) size 35x15
                      text run at (0,645) width 35: "DATE"
                  RenderText {#text} at (34,645) size 5x15
                    text run at (34,645) width 5: " "
                  RenderBR {BR} at (38,657) size 1x0
                  RenderInline {A} at (0,0) size 32x15 [color=#0000EE]
                    RenderText {#text} at (0,660) size 32x15
                      text run at (0,660) width 32: "TIME"
                  RenderText {#text} at (32,660) size 4x15
                    text run at (32,660) width 4: " "
                  RenderBR {BR} at (36,672) size 0x0
                  RenderInline {A} at (0,0) size 78x15 [color=#0000EE]
                    RenderText {#text} at (0,675) size 78x15
                      text run at (0,675) width 78: "TIMESTAMP"
                  RenderText {#text} at (77,675) size 5x15
                    text run at (77,675) width 5: " "
                  RenderBR {BR} at (81,687) size 1x0
                  RenderInline {A} at (0,0) size 63x15 [color=#0000EE]
                    RenderText {#text} at (0,690) size 63x15
                      text run at (0,690) width 63: "DATALINK"
                  RenderText {#text} at (62,690) size 5x15
                    text run at (62,690) width 5: " "
                  RenderBR {BR} at (66,702) size 1x0
                  RenderInline {A} at (0,0) size 113x15 [color=#0000EE]
                    RenderText {#text} at (0,705) size 113x15
                      text run at (0,705) width 113: "User-defined Types"
                  RenderText {#text} at (112,705) size 5x15
                    text run at (112,705) width 5: " "
                  RenderBR {BR} at (116,717) size 1x0
                  RenderInline {A} at (0,0) size 155x15 [color=#0000EE]
                    RenderText {#text} at (0,720) size 155x15
                      text run at (0,720) width 155: "Nullable Attribute of Result"
                  RenderText {#text} at (155,720) size 4x15
                    text run at (155,720) width 4: " "
                  RenderBR {BR} at (159,732) size 0x0
                  RenderInline {A} at (0,0) size 166x15 [color=#0000EE]
                    RenderText {#text} at (0,735) size 166x15
                      text run at (0,735) width 166: "Rules for String Conversions"
                  RenderText {#text} at (166,735) size 4x15
                    text run at (166,735) width 4: " "
                  RenderBR {BR} at (170,747) size 0x0
                  RenderInline {A} at (0,0) size 127x15 [color=#0000EE]
                    RenderText {#text} at (0,750) size 127x15
                      text run at (0,750) width 127: "Partition Compatibility"
                  RenderText {#text} at (127,750) size 4x15
                    text run at (127,750) width 4: " "
                  RenderBR {BR} at (131,762) size 0x0
                  RenderInline {A} at (0,0) size 59x15 [color=#0000EE]
                    RenderText {#text} at (0,765) size 59x15
                      text run at (0,765) width 59: "Constants"
                  RenderText {#text} at (59,765) size 4x15
                    text run at (59,765) width 4: " "
                  RenderBR {BR} at (63,777) size 0x0
                  RenderInline {A} at (0,0) size 103x15 [color=#0000EE]
                    RenderText {#text} at (0,780) size 103x15
                      text run at (0,780) width 103: "Integer Constants"
                  RenderText {#text} at (103,780) size 4x15
                    text run at (103,780) width 4: " "
                  RenderBR {BR} at (107,792) size 0x0
                  RenderInline {A} at (0,0) size 143x15 [color=#0000EE]
                    RenderText {#text} at (0,795) size 143x15
                      text run at (0,795) width 143: "Floating-Point Constants"
                  RenderText {#text} at (143,795) size 4x15
                    text run at (143,795) width 4: " "
                  RenderBR {BR} at (147,807) size 0x0
                  RenderInline {A} at (0,0) size 110x15 [color=#0000EE]
                    RenderText {#text} at (0,810) size 110x15
                      text run at (0,810) width 110: "Decimal Constants"
                  RenderText {#text} at (110,810) size 4x15
                    text run at (110,810) width 4: " "
                  RenderBR {BR} at (114,822) size 0x0
                  RenderInline {A} at (0,0) size 157x15 [color=#0000EE]
                    RenderText {#text} at (0,825) size 157x15
                      text run at (0,825) width 157: "Character String Constants"
                  RenderText {#text} at (157,825) size 4x15
                    text run at (157,825) width 4: " "
                  RenderBR {BR} at (161,837) size 0x0
                  RenderInline {A} at (0,0) size 138x15 [color=#0000EE]
                    RenderText {#text} at (0,840) size 138x15
                      text run at (0,840) width 138: "Hexadecimal Constants"
                  RenderText {#text} at (138,840) size 4x15
                    text run at (138,840) width 4: " "
                  RenderBR {BR} at (142,852) size 0x0
                  RenderInline {A} at (0,0) size 146x15 [color=#0000EE]
                    RenderText {#text} at (0,855) size 146x15
                      text run at (0,855) width 146: "Graphic String Constants"
                  RenderText {#text} at (146,855) size 4x15
                    text run at (146,855) width 4: " "
                  RenderBR {BR} at (150,867) size 0x0
                  RenderInline {A} at (0,0) size 240x15 [color=#0000EE]
                    RenderText {#text} at (0,870) size 240x15
                      text run at (0,870) width 240: "Using Constants with User-defined Types"
                  RenderText {#text} at (239,870) size 5x15
                    text run at (239,870) width 5: " "
                  RenderBR {BR} at (243,882) size 1x0
                  RenderInline {A} at (0,0) size 102x15 [color=#0000EE]
                    RenderText {#text} at (0,885) size 102x15
                      text run at (0,885) width 102: "Special Registers"
                  RenderText {#text} at (102,885) size 4x15
                    text run at (102,885) width 4: " "
                  RenderBR {BR} at (106,897) size 0x0
                  RenderInline {A} at (0,0) size 100x15 [color=#0000EE]
                    RenderText {#text} at (0,900) size 100x15
                      text run at (0,900) width 100: "CURRENT DATE"
                  RenderText {#text} at (99,900) size 5x15
                    text run at (99,900) width 5: " "
                  RenderBR {BR} at (103,912) size 1x0
                  RenderInline {A} at (0,0) size 260x15 [color=#0000EE]
                    RenderText {#text} at (0,915) size 260x15
                      text run at (0,915) width 260: "CURRENT DEFAULT TRANSFORM GROUP"
                  RenderText {#text} at (259,915) size 5x15
                    text run at (259,915) width 5: " "
                  RenderBR {BR} at (263,927) size 1x0
                  RenderInline {A} at (0,0) size 121x15 [color=#0000EE]
                    RenderText {#text} at (0,930) size 121x15
                      text run at (0,930) width 121: "CURRENT DEGREE"
                  RenderText {#text} at (120,930) size 5x15
                    text run at (120,930) width 5: " "
                  RenderBR {BR} at (124,942) size 1x0
                  RenderInline {A} at (0,0) size 165x15 [color=#0000EE]
                    RenderText {#text} at (0,945) size 165x15
                      text run at (0,945) width 165: "CURRENT EXPLAIN MODE"
                  RenderText {#text} at (164,945) size 5x15
                    text run at (164,945) width 5: " "
                  RenderBR {BR} at (168,957) size 1x0
                  RenderInline {A} at (0,0) size 198x15 [color=#0000EE]
                    RenderText {#text} at (0,960) size 198x15
                      text run at (0,960) width 198: "CURRENT EXPLAIN SNAPSHOT"
                  RenderText {#text} at (197,960) size 5x15
                    text run at (197,960) width 5: " "
                  RenderBR {BR} at (201,972) size 1x0
                  RenderInline {A} at (0,0) size 103x15 [color=#0000EE]
                    RenderText {#text} at (0,975) size 103x15
                      text run at (0,975) width 103: "CURRENT NODE"
                  RenderText {#text} at (102,975) size 5x15
                    text run at (102,975) width 5: " "
                  RenderBR {BR} at (106,987) size 1x0
                  RenderInline {A} at (0,0) size 99x15 [color=#0000EE]
                    RenderText {#text} at (0,990) size 99x15
                      text run at (0,990) width 99: "CURRENT PATH"
                  RenderText {#text} at (98,990) size 5x15
                    text run at (98,990) width 5: " "
                  RenderBR {BR} at (102,1002) size 1x0
                  RenderInline {A} at (0,0) size 209x15 [color=#0000EE]
                    RenderText {#text} at (0,1005) size 209x15
                      text run at (0,1005) width 209: "CURRENT QUERY OPTIMIZATION"
                  RenderText {#text} at (208,1005) size 5x15
                    text run at (208,1005) width 5: " "
                  RenderBR {BR} at (212,1017) size 1x0
                  RenderInline {A} at (0,0) size 160x15 [color=#0000EE]
                    RenderText {#text} at (0,1020) size 160x15
                      text run at (0,1020) width 160: "CURRENT REFRESH AGE"
                  RenderText {#text} at (159,1020) size 5x15
                    text run at (159,1020) width 5: " "
                  RenderBR {BR} at (163,1032) size 1x0
                  RenderInline {A} at (0,0) size 122x15 [color=#0000EE]
                    RenderText {#text} at (0,1035) size 122x15
                      text run at (0,1035) width 122: "CURRENT SCHEMA"
                  RenderText {#text} at (121,1035) size 5x15
                    text run at (121,1035) width 5: " "
                  RenderBR {BR} at (125,1047) size 1x0
                  RenderInline {A} at (0,0) size 120x15 [color=#0000EE]
                    RenderText {#text} at (0,1050) size 120x15
                      text run at (0,1050) width 120: "CURRENT SERVER"
                  RenderText {#text} at (119,1050) size 5x15
                    text run at (119,1050) width 5: " "
                  RenderBR {BR} at (123,1062) size 1x0
                  RenderInline {A} at (0,0) size 98x15 [color=#0000EE]
                    RenderText {#text} at (0,1065) size 98x15
                      text run at (0,1065) width 98: "CURRENT TIME"
                  RenderText {#text} at (97,1065) size 5x15
                    text run at (97,1065) width 5: " "
                  RenderBR {BR} at (101,1077) size 1x0
                  RenderInline {A} at (0,0) size 143x15 [color=#0000EE]
                    RenderText {#text} at (0,1080) size 143x15
                      text run at (0,1080) width 143: "CURRENT TIMESTAMP"
                  RenderText {#text} at (142,1080) size 5x15
                    text run at (142,1080) width 5: " "
                  RenderBR {BR} at (146,1092) size 1x0
                  RenderInline {A} at (0,0) size 134x15 [color=#0000EE]
                    RenderText {#text} at (0,1095) size 134x15
                      text run at (0,1095) width 134: "CURRENT TIMEZONE"
                  RenderText {#text} at (133,1095) size 5x15
                    text run at (133,1095) width 5: " "
                  RenderBR {BR} at (137,1107) size 1x0
                  RenderInline {A} at (0,0) size 36x15 [color=#0000EE]
                    RenderText {#text} at (0,1110) size 36x15
                      text run at (0,1110) width 36: "USER"
                  RenderText {#text} at (36,1110) size 4x15
                    text run at (36,1110) width 4: " "
                  RenderBR {BR} at (40,1122) size 0x0
                  RenderInline {A} at (0,0) size 89x15 [color=#0000EE]
                    RenderText {#text} at (0,1125) size 89x15
                      text run at (0,1125) width 89: "Column Names"
                  RenderText {#text} at (89,1125) size 4x15
                    text run at (89,1125) width 4: " "
                  RenderBR {BR} at (93,1137) size 0x0
                  RenderInline {A} at (0,0) size 144x15 [color=#0000EE]
                    RenderText {#text} at (0,1140) size 144x15
                      text run at (0,1140) width 144: "Qualified Column Names"
                  RenderText {#text} at (144,1140) size 4x15
                    text run at (144,1140) width 4: " "
                  RenderBR {BR} at (148,1152) size 0x0
                  RenderInline {A} at (0,0) size 107x15 [color=#0000EE]
                    RenderText {#text} at (0,1155) size 107x15
                      text run at (0,1155) width 107: "Correlation Names"
                  RenderText {#text} at (107,1155) size 4x15
                    text run at (107,1155) width 4: " "
                  RenderBR {BR} at (111,1167) size 0x0
                  RenderInline {A} at (0,0) size 255x15 [color=#0000EE]
                    RenderText {#text} at (0,1170) size 255x15
                      text run at (0,1170) width 255: "Column Name Qualifiers to Avoid Ambiguity"
                  RenderText {#text} at (254,1170) size 5x15
                    text run at (254,1170) width 5: " "
                  RenderBR {BR} at (258,1182) size 1x0
                  RenderInline {A} at (0,0) size 288x15 [color=#0000EE]
                    RenderText {#text} at (0,1185) size 288x15
                      text run at (0,1185) width 288: "Column Name Qualifiers in Correlated References"
                  RenderText {#text} at (288,1185) size 4x15
                    text run at (288,1185) width 4: " "
                  RenderBR {BR} at (292,1197) size 0x0
                  RenderInline {A} at (0,0) size 170x15 [color=#0000EE]
                    RenderText {#text} at (0,1200) size 170x15
                      text run at (0,1200) width 170: "References to Host Variables"
                  RenderText {#text} at (169,1200) size 5x15
                    text run at (169,1200) width 5: " "
                  RenderBR {BR} at (173,1212) size 1x0
                  RenderInline {A} at (0,0) size 184x15 [color=#0000EE]
                    RenderText {#text} at (0,1215) size 184x15
                      text run at (0,1215) width 184: "Host Variables in Dynamic SQL"
                  RenderText {#text} at (183,1215) size 5x15
                    text run at (183,1215) width 5: " "
                  RenderBR {BR} at (187,1227) size 1x0
                  RenderInline {A} at (0,0) size 338x15 [color=#0000EE]
                    RenderText {#text} at (0,1230) size 338x15
                      text run at (0,1230) width 338: "References to BLOB, CLOB, and DBCLOB Host Variables"
                  RenderText {#text} at (337,1230) size 5x15
                    text run at (337,1230) width 5: " "
                  RenderBR {BR} at (341,1242) size 1x0
                  RenderInline {A} at (0,0) size 186x15 [color=#0000EE]
                    RenderText {#text} at (0,1245) size 186x15
                      text run at (0,1245) width 186: "References to Locator Variables"
                  RenderText {#text} at (185,1245) size 5x15
                    text run at (185,1245) width 5: " "
                  RenderBR {BR} at (189,1257) size 1x0
                  RenderInline {A} at (0,0) size 395x15 [color=#0000EE]
                    RenderText {#text} at (0,1260) size 395x15
                      text run at (0,1260) width 395: "References to BLOB, CLOB, and DBCLOB File Reference Variables"
                  RenderText {#text} at (394,1260) size 5x15
                    text run at (394,1260) width 5: " "
                  RenderBR {BR} at (398,1272) size 1x0
                  RenderInline {A} at (0,0) size 266x15 [color=#0000EE]
                    RenderText {#text} at (0,1275) size 266x15
                      text run at (0,1275) width 266: "References to Structured Type Host Variables"
                  RenderText {#text} at (265,1275) size 5x15
                    text run at (265,1275) width 5: " "
                  RenderBR {BR} at (269,1287) size 1x0
                  RenderInline {A} at (0,0) size 57x15 [color=#0000EE]
                    RenderText {#text} at (0,1290) size 57x15
                      text run at (0,1290) width 57: "Functions"
                  RenderText {#text} at (57,1290) size 4x15
                    text run at (57,1290) width 4: " "
                  RenderBR {BR} at (61,1302) size 0x0
                  RenderInline {A} at (0,0) size 299x15 [color=#0000EE]
                    RenderText {#text} at (0,1305) size 299x15
                      text run at (0,1305) width 299: "External, SQL and Sourced User-Defined Functions"
                  RenderText {#text} at (298,1305) size 5x15
                    text run at (298,1305) width 5: " "
                  RenderBR {BR} at (302,1317) size 1x0
                  RenderInline {A} at (0,0) size 321x15 [color=#0000EE]
                    RenderText {#text} at (0,1320) size 321x15
                      text run at (0,1320) width 321: "Scalar, Column, Row and Table User-Defined Functions"
                  RenderText {#text} at (320,1320) size 5x15
                    text run at (320,1320) width 5: " "
                  RenderBR {BR} at (324,1332) size 1x0
                  RenderInline {A} at (0,0) size 114x15 [color=#0000EE]
                    RenderText {#text} at (0,1335) size 114x15
                      text run at (0,1335) width 114: "Function signatures"
                  RenderText {#text} at (114,1335) size 4x15
                    text run at (114,1335) width 4: " "
                  RenderBR {BR} at (118,1347) size 0x0
                  RenderInline {A} at (0,0) size 57x15 [color=#0000EE]
                    RenderText {#text} at (0,1350) size 57x15
                      text run at (0,1350) width 57: "SQL Path"
                  RenderText {#text} at (56,1350) size 5x15
                    text run at (56,1350) width 5: " "
                  RenderBR {BR} at (60,1362) size 1x0
                  RenderInline {A} at (0,0) size 115x15 [color=#0000EE]
                    RenderText {#text} at (0,1365) size 115x15
                      text run at (0,1365) width 115: "Function Resolution"
                  RenderText {#text} at (115,1365) size 4x15
                    text run at (115,1365) width 4: " "
                  RenderBR {BR} at (119,1377) size 0x0
                  RenderInline {A} at (0,0) size 114x15 [color=#0000EE]
                    RenderText {#text} at (0,1380) size 114x15
                      text run at (0,1380) width 114: "Function Invocation"
                  RenderText {#text} at (114,1380) size 4x15
                    text run at (114,1380) width 4: " "
                  RenderBR {BR} at (118,1392) size 0x0
                  RenderInline {A} at (0,0) size 50x15 [color=#0000EE]
                    RenderText {#text} at (0,1395) size 50x15
                      text run at (0,1395) width 50: "Methods"
                  RenderText {#text} at (50,1395) size 4x15
                    text run at (50,1395) width 4: " "
                  RenderBR {BR} at (54,1407) size 0x0
                  RenderInline {A} at (0,0) size 236x15 [color=#0000EE]
                    RenderText {#text} at (0,1410) size 236x15
                      text run at (0,1410) width 236: "External and SQL User-Defined Methods"
                  RenderText {#text} at (235,1410) size 5x15
                    text run at (235,1410) width 5: " "
                  RenderBR {BR} at (239,1422) size 1x0
                  RenderInline {A} at (0,0) size 109x15 [color=#0000EE]
                    RenderText {#text} at (0,1425) size 109x15
                      text run at (0,1425) width 109: "Method Signatures"
                  RenderText {#text} at (109,1425) size 4x15
                    text run at (109,1425) width 4: " "
                  RenderBR {BR} at (113,1437) size 0x0
                  RenderInline {A} at (0,0) size 107x15 [color=#0000EE]
                    RenderText {#text} at (0,1440) size 107x15
                      text run at (0,1440) width 107: "Method Invocation"
                  RenderText {#text} at (107,1440) size 4x15
                    text run at (107,1440) width 4: " "
                  RenderBR {BR} at (111,1452) size 0x0
                  RenderInline {A} at (0,0) size 108x15 [color=#0000EE]
                    RenderText {#text} at (0,1455) size 108x15
                      text run at (0,1455) width 108: "Method Resolution"
                  RenderText {#text} at (108,1455) size 4x15
                    text run at (108,1455) width 4: " "
                  RenderBR {BR} at (112,1467) size 0x0
                  RenderInline {A} at (0,0) size 188x15 [color=#0000EE]
                    RenderText {#text} at (0,1470) size 188x15
                      text run at (0,1470) width 188: "Method of Choosing the Best Fit"
                  RenderText {#text} at (188,1470) size 4x15
                    text run at (188,1470) width 4: " "
                  RenderBR {BR} at (192,1482) size 0x0
                  RenderInline {A} at (0,0) size 178x15 [color=#0000EE]
                    RenderText {#text} at (0,1485) size 178x15
                      text run at (0,1485) width 178: "Example of Method Resolution"
                  RenderText {#text} at (178,1485) size 4x15
                    text run at (178,1485) width 4: " "
                  RenderBR {BR} at (182,1497) size 0x0
                  RenderInline {A} at (0,0) size 107x15 [color=#0000EE]
                    RenderText {#text} at (0,1500) size 107x15
                      text run at (0,1500) width 107: "Method Invocation"
                  RenderText {#text} at (107,1500) size 4x15
                    text run at (107,1500) width 4: " "
                  RenderBR {BR} at (111,1512) size 0x0
                  RenderInline {A} at (0,0) size 189x15 [color=#0000EE]
                    RenderText {#text} at (0,1515) size 189x15
                      text run at (0,1515) width 189: "Conservative Binding Semantics"
                  RenderText {#text} at (189,1515) size 4x15
                    text run at (189,1515) width 4: " "
                  RenderBR {BR} at (193,1527) size 0x0
                  RenderInline {A} at (0,0) size 72x15 [color=#0000EE]
                    RenderText {#text} at (0,1530) size 72x15
                      text run at (0,1530) width 72: "Expressions"
                  RenderText {#text} at (72,1530) size 4x15
                    text run at (72,1530) width 4: " "
                  RenderBR {BR} at (76,1542) size 0x0
                  RenderInline {A} at (0,0) size 105x15 [color=#0000EE]
                    RenderText {#text} at (0,1545) size 105x15
                      text run at (0,1545) width 105: "Without Operators"
                  RenderText {#text} at (105,1545) size 4x15
                    text run at (105,1545) width 4: " "
                  RenderBR {BR} at (109,1557) size 0x0
                  RenderInline {A} at (0,0) size 189x15 [color=#0000EE]
                    RenderText {#text} at (0,1560) size 189x15
                      text run at (0,1560) width 189: "With the Concatenation Operator"
                  RenderText {#text} at (189,1560) size 4x15
                    text run at (189,1560) width 4: " "
                  RenderBR {BR} at (193,1572) size 0x0
                  RenderInline {A} at (0,0) size 150x15 [color=#0000EE]
                    RenderText {#text} at (0,1575) size 150x15
                      text run at (0,1575) width 150: "With Arithmetic Operators"
                  RenderText {#text} at (150,1575) size 4x15
                    text run at (150,1575) width 4: " "
                  RenderBR {BR} at (154,1587) size 0x0
                  RenderInline {A} at (0,0) size 128x15 [color=#0000EE]
                    RenderText {#text} at (0,1590) size 128x15
                      text run at (0,1590) width 128: "Two Integer Operands"
                  RenderText {#text} at (127,1590) size 5x15
                    text run at (127,1590) width 5: " "
                  RenderBR {BR} at (131,1602) size 1x0
                  RenderInline {A} at (0,0) size 176x15 [color=#0000EE]
                    RenderText {#text} at (0,1605) size 176x15
                      text run at (0,1605) width 176: "Integer and Decimal Operands"
                  RenderText {#text} at (176,1605) size 4x15
                    text run at (176,1605) width 4: " "
                  RenderBR {BR} at (180,1617) size 0x0
                  RenderInline {A} at (0,0) size 135x15 [color=#0000EE]
                    RenderText {#text} at (0,1620) size 135x15
                      text run at (0,1620) width 135: "Two Decimal Operands"
                  RenderText {#text} at (134,1620) size 5x15
                    text run at (134,1620) width 5: " "
                  RenderBR {BR} at (138,1632) size 1x0
                  RenderInline {A} at (0,0) size 154x15 [color=#0000EE]
                    RenderText {#text} at (0,1635) size 154x15
                      text run at (0,1635) width 154: "Decimal Arithmetic in SQL"
                  RenderText {#text} at (154,1635) size 4x15
                    text run at (154,1635) width 4: " "
                  RenderBR {BR} at (158,1647) size 0x0
                  RenderInline {A} at (0,0) size 140x15 [color=#0000EE]
                    RenderText {#text} at (0,1650) size 140x15
                      text run at (0,1650) width 140: "Floating-Point Operands"
                  RenderText {#text} at (140,1650) size 4x15
                    text run at (140,1650) width 4: " "
                  RenderBR {BR} at (144,1662) size 0x0
                  RenderInline {A} at (0,0) size 191x15 [color=#0000EE]
                    RenderText {#text} at (0,1665) size 191x15
                      text run at (0,1665) width 191: "User-defined Types as Operands"
                  RenderText {#text} at (190,1665) size 5x15
                    text run at (190,1665) width 5: " "
                  RenderBR {BR} at (194,1677) size 1x0
                  RenderInline {A} at (0,0) size 97x15 [color=#0000EE]
                    RenderText {#text} at (0,1680) size 97x15
                      text run at (0,1680) width 97: "Scalar Fullselect"
                  RenderText {#text} at (97,1680) size 4x15
                    text run at (97,1680) width 4: " "
                  RenderBR {BR} at (101,1692) size 0x0
                  RenderInline {A} at (0,0) size 203x15 [color=#0000EE]
                    RenderText {#text} at (0,1695) size 203x15
                      text run at (0,1695) width 203: "Datetime Operations and Durations"
                  RenderText {#text} at (203,1695) size 4x15
                    text run at (203,1695) width 4: " "
                  RenderBR {BR} at (207,1707) size 0x0
                  RenderInline {A} at (0,0) size 159x15 [color=#0000EE]
                    RenderText {#text} at (0,1710) size 159x15
                      text run at (0,1710) width 159: "Datetime Arithmetic in SQL"
                  RenderText {#text} at (159,1710) size 4x15
                    text run at (159,1710) width 4: " "
                  RenderBR {BR} at (163,1722) size 0x0
                  RenderInline {A} at (0,0) size 151x15 [color=#0000EE]
                    RenderText {#text} at (0,1725) size 151x15
                      text run at (0,1725) width 151: "Precedence of Operations"
                  RenderText {#text} at (151,1725) size 4x15
                    text run at (151,1725) width 4: " "
                  RenderBR {BR} at (155,1737) size 0x0
                  RenderInline {A} at (0,0) size 112x15 [color=#0000EE]
                    RenderText {#text} at (0,1740) size 112x15
                      text run at (0,1740) width 112: "CASE Expressions"
                  RenderText {#text} at (112,1740) size 4x15
                    text run at (112,1740) width 4: " "
                  RenderBR {BR} at (116,1752) size 0x0
                  RenderInline {A} at (0,0) size 121x15 [color=#0000EE]
                    RenderText {#text} at (0,1755) size 121x15
                      text run at (0,1755) width 121: "CAST Specifications"
                  RenderText {#text} at (120,1755) size 5x15
                    text run at (120,1755) width 5: " "
                  RenderBR {BR} at (124,1767) size 1x0
                  RenderInline {A} at (0,0) size 137x15 [color=#0000EE]
                    RenderText {#text} at (0,1770) size 137x15
                      text run at (0,1770) width 137: "Dereference Operations"
                  RenderText {#text} at (137,1770) size 4x15
                    text run at (137,1770) width 4: " "
                  RenderBR {BR} at (141,1782) size 0x0
                  RenderInline {A} at (0,0) size 96x15 [color=#0000EE]
                    RenderText {#text} at (0,1785) size 96x15
                      text run at (0,1785) width 96: "OLAP Functions"
                  RenderText {#text} at (95,1785) size 5x15
                    text run at (95,1785) width 5: " "
                  RenderBR {BR} at (99,1797) size 1x0
                  RenderInline {A} at (0,0) size 107x15 [color=#0000EE]
                    RenderText {#text} at (0,1800) size 107x15
                      text run at (0,1800) width 107: "Method Invocation"
                  RenderText {#text} at (107,1800) size 4x15
                    text run at (107,1800) width 4: " "
                  RenderBR {BR} at (111,1812) size 0x0
                  RenderInline {A} at (0,0) size 111x15 [color=#0000EE]
                    RenderText {#text} at (0,1815) size 111x15
                      text run at (0,1815) width 111: "Subtype Treatment"
                  RenderText {#text} at (110,1815) size 5x15
                    text run at (110,1815) width 5: " "
                  RenderBR {BR} at (114,1827) size 1x0
                  RenderInline {A} at (0,0) size 62x15 [color=#0000EE]
                    RenderText {#text} at (0,1830) size 62x15
                      text run at (0,1830) width 62: "Predicates"
                  RenderText {#text} at (62,1830) size 4x15
                    text run at (62,1830) width 4: " "
                  RenderBR {BR} at (66,1842) size 0x0
                  RenderInline {A} at (0,0) size 92x15 [color=#0000EE]
                    RenderText {#text} at (0,1845) size 92x15
                      text run at (0,1845) width 92: "Basic Predicate"
                  RenderText {#text} at (92,1845) size 4x15
                    text run at (92,1845) width 4: " "
                  RenderBR {BR} at (96,1857) size 0x0
                  RenderInline {A} at (0,0) size 118x15 [color=#0000EE]
                    RenderText {#text} at (0,1860) size 118x15
                      text run at (0,1860) width 118: "Quantified Predicate"
                  RenderText {#text} at (118,1860) size 4x15
                    text run at (118,1860) width 4: " "
                  RenderBR {BR} at (122,1872) size 0x0
                  RenderInline {A} at (0,0) size 124x15 [color=#0000EE]
                    RenderText {#text} at (0,1875) size 124x15
                      text run at (0,1875) width 124: "BETWEEN Predicate"
                  RenderText {#text} at (124,1875) size 4x15
                    text run at (124,1875) width 4: " "
                  RenderBR {BR} at (128,1887) size 0x0
                  RenderInline {A} at (0,0) size 107x15 [color=#0000EE]
                    RenderText {#text} at (0,1890) size 107x15
                      text run at (0,1890) width 107: "EXISTS Predicate"
                  RenderText {#text} at (107,1890) size 4x15
                    text run at (107,1890) width 4: " "
                  RenderBR {BR} at (111,1902) size 0x0
                  RenderInline {A} at (0,0) size 72x15 [color=#0000EE]
                    RenderText {#text} at (0,1905) size 72x15
                      text run at (0,1905) width 72: "IN Predicate"
                  RenderText {#text} at (72,1905) size 4x15
                    text run at (72,1905) width 4: " "
                  RenderBR {BR} at (76,1917) size 0x0
                  RenderInline {A} at (0,0) size 88x15 [color=#0000EE]
                    RenderText {#text} at (0,1920) size 88x15
                      text run at (0,1920) width 88: "LIKE Predicate"
                  RenderText {#text} at (88,1920) size 4x15
                    text run at (88,1920) width 4: " "
                  RenderBR {BR} at (92,1932) size 0x0
                  RenderInline {A} at (0,0) size 91x15 [color=#0000EE]
                    RenderText {#text} at (0,1935) size 91x15
                      text run at (0,1935) width 91: "NULL Predicate"
                  RenderText {#text} at (90,1935) size 5x15
                    text run at (90,1935) width 5: " "
                  RenderBR {BR} at (94,1947) size 1x0
                  RenderInline {A} at (0,0) size 94x15 [color=#0000EE]
                    RenderText {#text} at (0,1950) size 94x15
                      text run at (0,1950) width 94: "TYPE Predicate"
                  RenderText {#text} at (94,1950) size 4x15
                    text run at (94,1950) width 4: " "
                  RenderBR {BR} at (98,1962) size 0x0
                  RenderInline {A} at (0,0) size 106x15 [color=#0000EE]
                    RenderText {#text} at (0,1965) size 106x15
                      text run at (0,1965) width 106: "Search Conditions"
                  RenderText {#text} at (106,1965) size 4x15
                    text run at (106,1965) width 4: " "
                  RenderBR {BR} at (110,1977) size 0x0
                  RenderInline {A} at (0,0) size 58x15 [color=#0000EE]
                    RenderText {#text} at (0,1980) size 58x15
                      text run at (0,1980) width 58: "Examples"
                  RenderText {#text} at (0,0) size 0x0
                RenderBlock {P} at (0,3213) size 715x1936
                  RenderInline {B} at (0,0) size 62x15
                    RenderInline {A} at (0,0) size 62x15 [color=#0000EE]
                      RenderText {#text} at (0,0) size 62x15
                        text run at (0,0) width 62: "Functions"
                  RenderBR {BR} at (62,12) size 0x0
                  RenderBR {BR} at (0,15) size 0x15
                  RenderInline {A} at (0,0) size 105x15 [color=#0000EE]
                    RenderText {#text} at (0,30) size 105x15
                      text run at (0,30) width 105: "Column Functions"
                  RenderText {#text} at (105,30) size 4x15
                    text run at (105,30) width 4: " "
                  RenderBR {BR} at (109,42) size 0x0
                  RenderInline {A} at (0,0) size 28x15 [color=#0000EE]
                    RenderText {#text} at (0,45) size 28x15
                      text run at (0,45) width 28: "AVG"
                  RenderText {#text} at (27,45) size 5x15
                    text run at (27,45) width 5: " "
                  RenderBR {BR} at (31,57) size 1x0
                  RenderInline {A} at (0,0) size 93x15 [color=#0000EE]
                    RenderText {#text} at (0,60) size 93x15
                      text run at (0,60) width 93: "CORRELATION"
                  RenderText {#text} at (92,60) size 5x15
                    text run at (92,60) width 5: " "
                  RenderBR {BR} at (96,72) size 1x0
                  RenderInline {A} at (0,0) size 45x15 [color=#0000EE]
                    RenderText {#text} at (0,75) size 45x15
                      text run at (0,75) width 45: "COUNT"
                  RenderText {#text} at (45,75) size 4x15
                    text run at (45,75) width 4: " "
                  RenderBR {BR} at (49,87) size 0x0
                  RenderInline {A} at (0,0) size 75x15 [color=#0000EE]
                    RenderText {#text} at (0,90) size 75x15
                      text run at (0,90) width 75: "COUNT_BIG"
                  RenderText {#text} at (75,90) size 4x15
                    text run at (75,90) width 4: " "
                  RenderBR {BR} at (79,102) size 0x0
                  RenderInline {A} at (0,0) size 86x15 [color=#0000EE]
                    RenderText {#text} at (0,105) size 86x15
                      text run at (0,105) width 86: "COVARIANCE"
                  RenderText {#text} at (85,105) size 5x15
                    text run at (85,105) width 5: " "
                  RenderBR {BR} at (89,117) size 1x0
                  RenderInline {A} at (0,0) size 70x15 [color=#0000EE]
                    RenderText {#text} at (0,120) size 70x15
                      text run at (0,120) width 70: "GROUPING"
                  RenderText {#text} at (70,120) size 4x15
                    text run at (70,120) width 4: " "
                  RenderBR {BR} at (74,132) size 0x0
                  RenderInline {A} at (0,0) size 29x15 [color=#0000EE]
                    RenderText {#text} at (0,135) size 29x15
                      text run at (0,135) width 29: "MAX"
                  RenderText {#text} at (29,135) size 4x15
                    text run at (29,135) width 4: " "
                  RenderBR {BR} at (33,147) size 0x0
                  RenderInline {A} at (0,0) size 24x15 [color=#0000EE]
                    RenderText {#text} at (0,150) size 24x15
                      text run at (0,150) width 24: "MIN"
                  RenderText {#text} at (24,150) size 4x15
                    text run at (24,150) width 4: " "
                  RenderBR {BR} at (28,162) size 0x0
                  RenderInline {A} at (0,0) size 148x15 [color=#0000EE]
                    RenderText {#text} at (0,165) size 148x15
                      text run at (0,165) width 148: "REGRESSION Functions"
                  RenderText {#text} at (148,165) size 4x15
                    text run at (148,165) width 4: " "
                  RenderBR {BR} at (152,177) size 0x0
                  RenderInline {A} at (0,0) size 53x15 [color=#0000EE]
                    RenderText {#text} at (0,180) size 53x15
                      text run at (0,180) width 53: "STDDEV"
                  RenderText {#text} at (53,180) size 4x15
                    text run at (53,180) width 4: " "
                  RenderBR {BR} at (57,192) size 0x0
                  RenderInline {A} at (0,0) size 29x15 [color=#0000EE]
                    RenderText {#text} at (0,195) size 29x15
                      text run at (0,195) width 29: "SUM"
                  RenderText {#text} at (29,195) size 4x15
                    text run at (29,195) width 4: " "
                  RenderBR {BR} at (33,207) size 0x0
                  RenderInline {A} at (0,0) size 67x15 [color=#0000EE]
                    RenderText {#text} at (0,210) size 67x15
                      text run at (0,210) width 67: "VARIANCE"
                  RenderText {#text} at (66,210) size 5x15
                    text run at (66,210) width 5: " "
                  RenderBR {BR} at (70,222) size 1x0
                  RenderInline {A} at (0,0) size 98x15 [color=#0000EE]
                    RenderText {#text} at (0,225) size 98x15
                      text run at (0,225) width 98: "Scalar Functions"
                  RenderText {#text} at (98,225) size 4x15
                    text run at (98,225) width 4: " "
                  RenderBR {BR} at (102,237) size 0x0
                  RenderInline {A} at (0,0) size 98x15 [color=#0000EE]
                    RenderText {#text} at (0,240) size 98x15
                      text run at (0,240) width 98: "ABS or ABSVAL"
                  RenderText {#text} at (97,240) size 5x15
                    text run at (97,240) width 5: " "
                  RenderBR {BR} at (101,252) size 1x0
                  RenderInline {A} at (0,0) size 37x15 [color=#0000EE]
                    RenderText {#text} at (0,255) size 37x15
                      text run at (0,255) width 37: "ACOS"
                  RenderText {#text} at (37,255) size 4x15
                    text run at (37,255) width 4: " "
                  RenderBR {BR} at (41,267) size 0x0
                  RenderInline {A} at (0,0) size 35x15 [color=#0000EE]
                    RenderText {#text} at (0,270) size 35x15
                      text run at (0,270) width 35: "ASCII"
                  RenderText {#text} at (35,270) size 4x15
                    text run at (35,270) width 4: " "
                  RenderBR {BR} at (39,282) size 0x0
                  RenderInline {A} at (0,0) size 31x15 [color=#0000EE]
                    RenderText {#text} at (0,285) size 31x15
                      text run at (0,285) width 31: "ASIN"
                  RenderText {#text} at (31,285) size 4x15
                    text run at (31,285) width 4: " "
                  RenderBR {BR} at (35,297) size 0x0
                  RenderInline {A} at (0,0) size 34x15 [color=#0000EE]
                    RenderText {#text} at (0,300) size 34x15
                      text run at (0,300) width 34: "ATAN"
                  RenderText {#text} at (33,300) size 5x15
                    text run at (33,300) width 5: " "
                  RenderBR {BR} at (37,312) size 1x0
                  RenderInline {A} at (0,0) size 41x15 [color=#0000EE]
                    RenderText {#text} at (0,315) size 41x15
                      text run at (0,315) width 41: "ATAN2"
                  RenderText {#text} at (40,315) size 5x15
                    text run at (40,315) width 5: " "
                  RenderBR {BR} at (44,327) size 1x0
                  RenderInline {A} at (0,0) size 44x15 [color=#0000EE]
                    RenderText {#text} at (0,330) size 44x15
                      text run at (0,330) width 44: "BIGINT"
                  RenderText {#text} at (44,330) size 4x15
                    text run at (44,330) width 4: " "
                  RenderBR {BR} at (48,342) size 0x0
                  RenderInline {A} at (0,0) size 35x15 [color=#0000EE]
                    RenderText {#text} at (0,345) size 35x15
                      text run at (0,345) width 35: "BLOB"
                  RenderText {#text} at (35,345) size 4x15
                    text run at (35,345) width 4: " "
                  RenderBR {BR} at (39,357) size 0x0
                  RenderInline {A} at (0,0) size 100x15 [color=#0000EE]
                    RenderText {#text} at (0,360) size 100x15
                      text run at (0,360) width 100: "CEILING or CEIL"
                  RenderText {#text} at (100,360) size 4x15
                    text run at (100,360) width 4: " "
                  RenderBR {BR} at (104,372) size 0x0
                  RenderInline {A} at (0,0) size 36x15 [color=#0000EE]
                    RenderText {#text} at (0,375) size 36x15
                      text run at (0,375) width 36: "CHAR"
                  RenderText {#text} at (36,375) size 4x15
                    text run at (36,375) width 4: " "
                  RenderBR {BR} at (40,387) size 0x0
                  RenderInline {A} at (0,0) size 27x15 [color=#0000EE]
                    RenderText {#text} at (0,390) size 27x15
                      text run at (0,390) width 27: "CHR"
                  RenderText {#text} at (27,390) size 4x15
                    text run at (27,390) width 4: " "
                  RenderBR {BR} at (31,402) size 0x0
                  RenderInline {A} at (0,0) size 35x15 [color=#0000EE]
                    RenderText {#text} at (0,405) size 35x15
                      text run at (0,405) width 35: "CLOB"
                  RenderText {#text} at (35,405) size 4x15
                    text run at (35,405) width 4: " "
                  RenderBR {BR} at (39,417) size 0x0
                  RenderInline {A} at (0,0) size 71x15 [color=#0000EE]
                    RenderText {#text} at (0,420) size 71x15
                      text run at (0,420) width 71: "COALESCE"
                  RenderText {#text} at (71,420) size 4x15
                    text run at (71,420) width 4: " "
                  RenderBR {BR} at (75,432) size 0x0
                  RenderInline {A} at (0,0) size 54x15 [color=#0000EE]
                    RenderText {#text} at (0,435) size 54x15
                      text run at (0,435) width 54: "CONCAT"
                  RenderText {#text} at (53,435) size 5x15
                    text run at (53,435) width 5: " "
                  RenderBR {BR} at (57,447) size 1x0
                  RenderInline {A} at (0,0) size 28x15 [color=#0000EE]
                    RenderText {#text} at (0,450) size 28x15
                      text run at (0,450) width 28: "COS"
                  RenderText {#text} at (28,450) size 4x15
                    text run at (28,450) width 4: " "
                  RenderBR {BR} at (32,462) size 0x0
                  RenderInline {A} at (0,0) size 27x15 [color=#0000EE]
                    RenderText {#text} at (0,465) size 27x15
                      text run at (0,465) width 27: "COT"
                  RenderText {#text} at (27,465) size 4x15
                    text run at (27,465) width 4: " "
                  RenderBR {BR} at (31,477) size 0x0
                  RenderInline {A} at (0,0) size 35x15 [color=#0000EE]
                    RenderText {#text} at (0,480) size 35x15
                      text run at (0,480) width 35: "DATE"
                  RenderText {#text} at (34,480) size 5x15
                    text run at (34,480) width 5: " "
                  RenderBR {BR} at (38,492) size 1x0
                  RenderInline {A} at (0,0) size 27x15 [color=#0000EE]
                    RenderText {#text} at (0,495) size 27x15
                      text run at (0,495) width 27: "DAY"
                  RenderText {#text} at (26,495) size 5x15
                    text run at (26,495) width 5: " "
                  RenderBR {BR} at (30,507) size 1x0
                  RenderInline {A} at (0,0) size 65x15 [color=#0000EE]
                    RenderText {#text} at (0,510) size 65x15
                      text run at (0,510) width 65: "DAYNAME"
                  RenderText {#text} at (64,510) size 5x15
                    text run at (64,510) width 5: " "
                  RenderBR {BR} at (68,522) size 1x0
                  RenderInline {A} at (0,0) size 84x15 [color=#0000EE]
                    RenderText {#text} at (0,525) size 84x15
                      text run at (0,525) width 84: "DAYOFWEEK"
                  RenderText {#text} at (83,525) size 5x15
                    text run at (83,525) width 5: " "
                  RenderBR {BR} at (87,537) size 1x0
                  RenderInline {A} at (0,0) size 114x15 [color=#0000EE]
                    RenderText {#text} at (0,540) size 114x15
                      text run at (0,540) width 114: "DAYOFWEEK_ISO"
                  RenderText {#text} at (113,540) size 5x15
                    text run at (113,540) width 5: " "
                  RenderBR {BR} at (117,552) size 1x0
                  RenderInline {A} at (0,0) size 81x15 [color=#0000EE]
                    RenderText {#text} at (0,555) size 81x15
                      text run at (0,555) width 81: "DAYOFYEAR"
                  RenderText {#text} at (80,555) size 5x15
                    text run at (80,555) width 5: " "
                  RenderBR {BR} at (84,567) size 1x0
                  RenderInline {A} at (0,0) size 36x15 [color=#0000EE]
                    RenderText {#text} at (0,570) size 36x15
                      text run at (0,570) width 36: "DAYS"
                  RenderText {#text} at (35,570) size 5x15
                    text run at (35,570) width 5: " "
                  RenderBR {BR} at (39,582) size 1x0
                  RenderInline {A} at (0,0) size 53x15 [color=#0000EE]
                    RenderText {#text} at (0,585) size 53x15
                      text run at (0,585) width 53: "DBCLOB"
                  RenderText {#text} at (53,585) size 4x15
                    text run at (53,585) width 4: " "
                  RenderBR {BR} at (57,597) size 0x0
                  RenderInline {A} at (0,0) size 58x15 [color=#0000EE]
                    RenderText {#text} at (0,600) size 58x15
                      text run at (0,600) width 58: "DECIMAL"
                  RenderText {#text} at (58,600) size 4x15
                    text run at (58,600) width 4: " "
                  RenderBR {BR} at (62,612) size 0x0
                  RenderInline {A} at (0,0) size 64x15 [color=#0000EE]
                    RenderText {#text} at (0,615) size 64x15
                      text run at (0,615) width 64: "DEGREES"
                  RenderText {#text} at (64,615) size 4x15
                    text run at (64,615) width 4: " "
                  RenderBR {BR} at (68,627) size 0x0
                  RenderInline {A} at (0,0) size 44x15 [color=#0000EE]
                    RenderText {#text} at (0,630) size 44x15
                      text run at (0,630) width 44: "DEREF"
                  RenderText {#text} at (44,630) size 4x15
                    text run at (44,630) width 4: " "
                  RenderBR {BR} at (48,642) size 0x0
                  RenderInline {A} at (0,0) size 83x15 [color=#0000EE]
                    RenderText {#text} at (0,645) size 83x15
                      text run at (0,645) width 83: "DIFFERENCE"
                  RenderText {#text} at (83,645) size 4x15
                    text run at (83,645) width 4: " "
                  RenderBR {BR} at (87,657) size 0x0
                  RenderInline {A} at (0,0) size 44x15 [color=#0000EE]
                    RenderText {#text} at (0,660) size 44x15
                      text run at (0,660) width 44: "DIGITS"
                  RenderText {#text} at (44,660) size 4x15
                    text run at (44,660) width 4: " "
                  RenderBR {BR} at (48,672) size 0x0
                  RenderInline {A} at (0,0) size 83x15 [color=#0000EE]
                    RenderText {#text} at (0,675) size 83x15
                      text run at (0,675) width 83: "DLCOMMENT"
                  RenderText {#text} at (83,675) size 4x15
                    text run at (83,675) width 4: " "
                  RenderBR {BR} at (87,687) size 0x0
                  RenderInline {A} at (0,0) size 80x15 [color=#0000EE]
                    RenderText {#text} at (0,690) size 80x15
                      text run at (0,690) width 80: "DLLINKTYPE"
                  RenderText {#text} at (80,690) size 4x15
                    text run at (80,690) width 4: " "
                  RenderBR {BR} at (84,702) size 0x0
                  RenderInline {A} at (0,0) size 113x15 [color=#0000EE]
                    RenderText {#text} at (0,705) size 113x15
                      text run at (0,705) width 113: "DLURLCOMPLETE"
                  RenderText {#text} at (113,705) size 4x15
                    text run at (113,705) width 4: " "
                  RenderBR {BR} at (117,717) size 0x0
                  RenderInline {A} at (0,0) size 75x15 [color=#0000EE]
                    RenderText {#text} at (0,720) size 75x15
                      text run at (0,720) width 75: "DLURLPATH"
                  RenderText {#text} at (74,720) size 5x15
                    text run at (74,720) width 5: " "
                  RenderBR {BR} at (78,732) size 1x0
                  RenderInline {A} at (0,0) size 109x15 [color=#0000EE]
                    RenderText {#text} at (0,735) size 109x15
                      text run at (0,735) width 109: "DLURLPATHONLY"
                  RenderText {#text} at (108,735) size 5x15
                    text run at (108,735) width 5: " "
                  RenderBR {BR} at (112,747) size 1x0
                  RenderInline {A} at (0,0) size 97x15 [color=#0000EE]
                    RenderText {#text} at (0,750) size 97x15
                      text run at (0,750) width 97: "DLURLSCHEME"
                  RenderText {#text} at (97,750) size 4x15
                    text run at (97,750) width 4: " "
                  RenderBR {BR} at (101,762) size 0x0
                  RenderInline {A} at (0,0) size 95x15 [color=#0000EE]
                    RenderText {#text} at (0,765) size 95x15
                      text run at (0,765) width 95: "DLURLSERVER"
                  RenderText {#text} at (94,765) size 5x15
                    text run at (94,765) width 5: " "
                  RenderBR {BR} at (98,777) size 1x0
                  RenderInline {A} at (0,0) size 58x15 [color=#0000EE]
                    RenderText {#text} at (0,780) size 58x15
                      text run at (0,780) width 58: "DLVALUE"
                  RenderText {#text} at (57,780) size 5x15
                    text run at (57,780) width 5: " "
                  RenderBR {BR} at (61,792) size 1x0
                  RenderInline {A} at (0,0) size 53x15 [color=#0000EE]
                    RenderText {#text} at (0,795) size 53x15
                      text run at (0,795) width 53: "DOUBLE"
                  RenderText {#text} at (53,795) size 4x15
                    text run at (53,795) width 4: " "
                  RenderBR {BR} at (57,807) size 0x0
                  RenderInline {A} at (0,0) size 130x15 [color=#0000EE]
                    RenderText {#text} at (0,810) size 130x15
                      text run at (0,810) width 130: "EVENT_MON_STATE"
                  RenderText {#text} at (129,810) size 5x15
                    text run at (129,810) width 5: " "
                  RenderBR {BR} at (133,822) size 1x0
                  RenderInline {A} at (0,0) size 27x15 [color=#0000EE]
                    RenderText {#text} at (0,825) size 27x15
                      text run at (0,825) width 27: "EXP"
                  RenderText {#text} at (27,825) size 4x15
                    text run at (27,825) width 4: " "
                  RenderBR {BR} at (31,837) size 0x0
                  RenderInline {A} at (0,0) size 42x15 [color=#0000EE]
                    RenderText {#text} at (0,840) size 42x15
                      text run at (0,840) width 42: "FLOAT"
                  RenderText {#text} at (41,840) size 5x15
                    text run at (41,840) width 5: " "
                  RenderBR {BR} at (45,852) size 1x0
                  RenderInline {A} at (0,0) size 44x15 [color=#0000EE]
                    RenderText {#text} at (0,855) size 44x15
                      text run at (0,855) width 44: "FLOOR"
                  RenderText {#text} at (44,855) size 4x15
                    text run at (44,855) width 4: " "
                  RenderBR {BR} at (48,867) size 0x0
                  RenderInline {A} at (0,0) size 129x15 [color=#0000EE]
                    RenderText {#text} at (0,870) size 129x15
                      text run at (0,870) width 129: "GENERATE_UNIQUE"
                  RenderText {#text} at (128,870) size 5x15
                    text run at (128,870) width 5: " "
                  RenderBR {BR} at (132,882) size 1x0
                  RenderInline {A} at (0,0) size 59x15 [color=#0000EE]
                    RenderText {#text} at (0,885) size 59x15
                      text run at (0,885) width 59: "GRAPHIC"
                  RenderText {#text} at (59,885) size 4x15
                    text run at (59,885) width 4: " "
                  RenderBR {BR} at (63,897) size 0x0
                  RenderInline {A} at (0,0) size 27x15 [color=#0000EE]
                    RenderText {#text} at (0,900) size 27x15
                      text run at (0,900) width 27: "HEX"
                  RenderText {#text} at (27,900) size 4x15
                    text run at (27,900) width 4: " "
                  RenderBR {BR} at (31,912) size 0x0
                  RenderInline {A} at (0,0) size 37x15 [color=#0000EE]
                    RenderText {#text} at (0,915) size 37x15
                      text run at (0,915) width 37: "HOUR"
                  RenderText {#text} at (37,915) size 4x15
                    text run at (37,915) width 4: " "
                  RenderBR {BR} at (41,927) size 0x0
                  RenderInline {A} at (0,0) size 48x15 [color=#0000EE]
                    RenderText {#text} at (0,930) size 48x15
                      text run at (0,930) width 48: "INSERT"
                  RenderText {#text} at (47,930) size 5x15
                    text run at (47,930) width 5: " "
                  RenderBR {BR} at (51,942) size 1x0
                  RenderInline {A} at (0,0) size 58x15 [color=#0000EE]
                    RenderText {#text} at (0,945) size 58x15
                      text run at (0,945) width 58: "INTEGER"
                  RenderText {#text} at (58,945) size 4x15
                    text run at (58,945) width 4: " "
                  RenderBR {BR} at (62,957) size 0x0
                  RenderInline {A} at (0,0) size 79x15 [color=#0000EE]
                    RenderText {#text} at (0,960) size 79x15
                      text run at (0,960) width 79: "JULIAN_DAY"
                  RenderText {#text} at (78,960) size 5x15
                    text run at (78,960) width 5: " "
                  RenderBR {BR} at (82,972) size 1x0
                  RenderInline {A} at (0,0) size 109x15 [color=#0000EE]
                    RenderText {#text} at (0,975) size 109x15
                      text run at (0,975) width 109: "LCASE or LOWER"
                  RenderText {#text} at (109,975) size 4x15
                    text run at (109,975) width 4: " "
                  RenderBR {BR} at (113,987) size 0x0
                  RenderInline {A} at (0,0) size 158x15 [color=#0000EE]
                    RenderText {#text} at (0,990) size 158x15
                      text run at (0,990) width 158: "LCASE (SYSFUN schema)"
                  RenderText {#text} at (158,990) size 4x15
                    text run at (158,990) width 4: " "
                  RenderBR {BR} at (162,1002) size 0x0
                  RenderInline {A} at (0,0) size 32x15 [color=#0000EE]
                    RenderText {#text} at (0,1005) size 32x15
                      text run at (0,1005) width 32: "LEFT"
                  RenderText {#text} at (32,1005) size 4x15
                    text run at (32,1005) width 4: " "
                  RenderBR {BR} at (36,1017) size 0x0
                  RenderInline {A} at (0,0) size 52x15 [color=#0000EE]
                    RenderText {#text} at (0,1020) size 52x15
                      text run at (0,1020) width 52: "LENGTH"
                  RenderText {#text} at (52,1020) size 4x15
                    text run at (52,1020) width 4: " "
                  RenderBR {BR} at (56,1032) size 0x0
                  RenderInline {A} at (0,0) size 16x15 [color=#0000EE]
                    RenderText {#text} at (0,1035) size 16x15
                      text run at (0,1035) width 16: "LN"
                  RenderText {#text} at (16,1035) size 4x15
                    text run at (16,1035) width 4: " "
                  RenderBR {BR} at (20,1047) size 0x0
                  RenderInline {A} at (0,0) size 52x15 [color=#0000EE]
                    RenderText {#text} at (0,1050) size 52x15
                      text run at (0,1050) width 52: "LOCATE"
                  RenderText {#text} at (51,1050) size 5x15
                    text run at (51,1050) width 5: " "
                  RenderBR {BR} at (55,1062) size 1x0
                  RenderInline {A} at (0,0) size 27x15 [color=#0000EE]
                    RenderText {#text} at (0,1065) size 27x15
                      text run at (0,1065) width 27: "LOG"
                  RenderText {#text} at (27,1065) size 4x15
                    text run at (27,1065) width 4: " "
                  RenderBR {BR} at (31,1077) size 0x0
                  RenderInline {A} at (0,0) size 41x15 [color=#0000EE]
                    RenderText {#text} at (0,1080) size 41x15
                      text run at (0,1080) width 41: "LOG10"
                  RenderText {#text} at (41,1080) size 4x15
                    text run at (41,1080) width 4: " "
                  RenderBR {BR} at (45,1092) size 0x0
                  RenderInline {A} at (0,0) size 106x15 [color=#0000EE]
                    RenderText {#text} at (0,1095) size 106x15
                      text run at (0,1095) width 106: "LONG_VARCHAR"
                  RenderText {#text} at (105,1095) size 5x15
                    text run at (105,1095) width 5: " "
                  RenderBR {BR} at (109,1107) size 1x0
                  RenderInline {A} at (0,0) size 129x15 [color=#0000EE]
                    RenderText {#text} at (0,1110) size 129x15
                      text run at (0,1110) width 129: "LONG_VARGRAPHIC"
                  RenderText {#text} at (128,1110) size 5x15
                    text run at (128,1110) width 5: " "
                  RenderBR {BR} at (132,1122) size 1x0
                  RenderInline {A} at (0,0) size 39x15 [color=#0000EE]
                    RenderText {#text} at (0,1125) size 39x15
                      text run at (0,1125) width 39: "LTRIM"
                  RenderText {#text} at (38,1125) size 5x15
                    text run at (38,1125) width 5: " "
                  RenderBR {BR} at (42,1137) size 1x0
                  RenderInline {A} at (0,0) size 154x15 [color=#0000EE]
                    RenderText {#text} at (0,1140) size 154x15
                      text run at (0,1140) width 154: "LTRIM (SYSFUN schema)"
                  RenderText {#text} at (153,1140) size 5x15
                    text run at (153,1140) width 5: " "
                  RenderBR {BR} at (157,1152) size 1x0
                  RenderInline {A} at (0,0) size 98x15 [color=#0000EE]
                    RenderText {#text} at (0,1155) size 98x15
                      text run at (0,1155) width 98: "MICROSECOND"
                  RenderText {#text} at (98,1155) size 4x15
                    text run at (98,1155) width 4: " "
                  RenderBR {BR} at (102,1167) size 0x0
                  RenderInline {A} at (0,0) size 135x15 [color=#0000EE]
                    RenderText {#text} at (0,1170) size 135x15
                      text run at (0,1170) width 135: "MIDNIGHT_SECONDS"
                  RenderText {#text} at (135,1170) size 4x15
                    text run at (135,1170) width 4: " "
                  RenderBR {BR} at (139,1182) size 0x0
                  RenderInline {A} at (0,0) size 50x15 [color=#0000EE]
                    RenderText {#text} at (0,1185) size 50x15
                      text run at (0,1185) width 50: "MINUTE"
                  RenderText {#text} at (50,1185) size 4x15
                    text run at (50,1185) width 4: " "
                  RenderBR {BR} at (54,1197) size 0x0
                  RenderInline {A} at (0,0) size 30x15 [color=#0000EE]
                    RenderText {#text} at (0,1200) size 30x15
                      text run at (0,1200) width 30: "MOD"
                  RenderText {#text} at (30,1200) size 4x15
                    text run at (30,1200) width 4: " "
                  RenderBR {BR} at (34,1212) size 0x0
                  RenderInline {A} at (0,0) size 47x15 [color=#0000EE]
                    RenderText {#text} at (0,1215) size 47x15
                      text run at (0,1215) width 47: "MONTH"
                  RenderText {#text} at (47,1215) size 4x15
                    text run at (47,1215) width 4: " "
                  RenderBR {BR} at (51,1227) size 0x0
                  RenderInline {A} at (0,0) size 85x15 [color=#0000EE]
                    RenderText {#text} at (0,1230) size 85x15
                      text run at (0,1230) width 85: "MONTHNAME"
                  RenderText {#text} at (85,1230) size 4x15
                    text run at (85,1230) width 4: " "
                  RenderBR {BR} at (89,1242) size 0x0
                  RenderInline {A} at (0,0) size 93x15 [color=#0000EE]
                    RenderText {#text} at (0,1245) size 93x15
                      text run at (0,1245) width 93: "NODENUMBER"
                  RenderText {#text} at (93,1245) size 4x15
                    text run at (93,1245) width 4: " "
                  RenderBR {BR} at (97,1257) size 0x0
                  RenderInline {A} at (0,0) size 44x15 [color=#0000EE]
                    RenderText {#text} at (0,1260) size 44x15
                      text run at (0,1260) width 44: "NULLIF"
                  RenderText {#text} at (44,1260) size 4x15
                    text run at (44,1260) width 4: " "
                  RenderBR {BR} at (48,1272) size 0x0
                  RenderInline {A} at (0,0) size 69x15 [color=#0000EE]
                    RenderText {#text} at (0,1275) size 69x15
                      text run at (0,1275) width 69: "PARTITION"
                  RenderText {#text} at (68,1275) size 5x15
                    text run at (68,1275) width 5: " "
                  RenderBR {BR} at (72,1287) size 1x0
                  RenderInline {A} at (0,0) size 54x15 [color=#0000EE]
                    RenderText {#text} at (0,1290) size 54x15
                      text run at (0,1290) width 54: "POSSTR"
                  RenderText {#text} at (54,1290) size 4x15
                    text run at (54,1290) width 4: " "
                  RenderBR {BR} at (58,1302) size 0x0
                  RenderInline {A} at (0,0) size 49x15 [color=#0000EE]
                    RenderText {#text} at (0,1305) size 49x15
                      text run at (0,1305) width 49: "POWER"
                  RenderText {#text} at (49,1305) size 4x15
                    text run at (49,1305) width 4: " "
                  RenderBR {BR} at (53,1317) size 0x0
                  RenderInline {A} at (0,0) size 63x15 [color=#0000EE]
                    RenderText {#text} at (0,1320) size 63x15
                      text run at (0,1320) width 63: "QUARTER"
                  RenderText {#text} at (62,1320) size 5x15
                    text run at (62,1320) width 5: " "
                  RenderBR {BR} at (66,1332) size 1x0
                  RenderInline {A} at (0,0) size 58x15 [color=#0000EE]
                    RenderText {#text} at (0,1335) size 58x15
                      text run at (0,1335) width 58: "RADIANS"
                  RenderText {#text} at (58,1335) size 4x15
                    text run at (58,1335) width 4: " "
                  RenderBR {BR} at (62,1347) size 0x0
                  RenderInline {A} at (0,0) size 93x15 [color=#0000EE]
                    RenderText {#text} at (0,1350) size 93x15
                      text run at (0,1350) width 93: "RAISE_ERROR"
                  RenderText {#text} at (93,1350) size 4x15
                    text run at (93,1350) width 4: " "
                  RenderBR {BR} at (97,1362) size 0x0
                  RenderInline {A} at (0,0) size 36x15 [color=#0000EE]
                    RenderText {#text} at (0,1365) size 36x15
                      text run at (0,1365) width 36: "RAND"
                  RenderText {#text} at (36,1365) size 4x15
                    text run at (36,1365) width 4: " "
                  RenderBR {BR} at (40,1377) size 0x0
                  RenderInline {A} at (0,0) size 34x15 [color=#0000EE]
                    RenderText {#text} at (0,1380) size 34x15
                      text run at (0,1380) width 34: "REAL"
                  RenderText {#text} at (34,1380) size 4x15
                    text run at (34,1380) width 4: " "
                  RenderBR {BR} at (38,1392) size 0x0
                  RenderInline {A} at (0,0) size 53x15 [color=#0000EE]
                    RenderText {#text} at (0,1395) size 53x15
                      text run at (0,1395) width 53: "REPEAT"
                  RenderText {#text} at (52,1395) size 5x15
                    text run at (52,1395) width 5: " "
                  RenderBR {BR} at (56,1407) size 1x0
                  RenderInline {A} at (0,0) size 61x15 [color=#0000EE]
                    RenderText {#text} at (0,1410) size 61x15
                      text run at (0,1410) width 61: "REPLACE"
                  RenderText {#text} at (61,1410) size 4x15
                    text run at (61,1410) width 4: " "
                  RenderBR {BR} at (65,1422) size 0x0
                  RenderInline {A} at (0,0) size 40x15 [color=#0000EE]
                    RenderText {#text} at (0,1425) size 40x15
                      text run at (0,1425) width 40: "RIGHT"
                  RenderText {#text} at (40,1425) size 4x15
                    text run at (40,1425) width 4: " "
                  RenderBR {BR} at (44,1437) size 0x0
                  RenderInline {A} at (0,0) size 46x15 [color=#0000EE]
                    RenderText {#text} at (0,1440) size 46x15
                      text run at (0,1440) width 46: "ROUND"
                  RenderText {#text} at (46,1440) size 4x15
                    text run at (46,1440) width 4: " "
                  RenderBR {BR} at (50,1452) size 0x0
                  RenderInline {A} at (0,0) size 41x15 [color=#0000EE]
                    RenderText {#text} at (0,1455) size 41x15
                      text run at (0,1455) width 41: "RTRIM"
                  RenderText {#text} at (40,1455) size 5x15
                    text run at (40,1455) width 5: " "
                  RenderBR {BR} at (44,1467) size 1x0
                  RenderInline {A} at (0,0) size 156x15 [color=#0000EE]
                    RenderText {#text} at (0,1470) size 156x15
                      text run at (0,1470) width 156: "RTRIM (SYSFUN schema)"
                  RenderText {#text} at (155,1470) size 5x15
                    text run at (155,1470) width 5: " "
                  RenderBR {BR} at (159,1482) size 1x0
                  RenderInline {A} at (0,0) size 55x15 [color=#0000EE]
                    RenderText {#text} at (0,1485) size 55x15
                      text run at (0,1485) width 55: "SECOND"
                  RenderText {#text} at (55,1485) size 4x15
                    text run at (55,1485) width 4: " "
                  RenderBR {BR} at (59,1497) size 0x0
                  RenderInline {A} at (0,0) size 32x15 [color=#0000EE]
                    RenderText {#text} at (0,1500) size 32x15
                      text run at (0,1500) width 32: "SIGN"
                  RenderText {#text} at (32,1500) size 4x15
                    text run at (32,1500) width 4: " "
                  RenderBR {BR} at (36,1512) size 0x0
                  RenderInline {A} at (0,0) size 22x15 [color=#0000EE]
                    RenderText {#text} at (0,1515) size 22x15
                      text run at (0,1515) width 22: "SIN"
                  RenderText {#text} at (22,1515) size 4x15
                    text run at (22,1515) width 4: " "
                  RenderBR {BR} at (26,1527) size 0x0
                  RenderInline {A} at (0,0) size 64x15 [color=#0000EE]
                    RenderText {#text} at (0,1530) size 64x15
                      text run at (0,1530) width 64: "SMALLINT"
                  RenderText {#text} at (64,1530) size 4x15
                    text run at (64,1530) width 4: " "
                  RenderBR {BR} at (68,1542) size 0x0
                  RenderInline {A} at (0,0) size 64x15 [color=#0000EE]
                    RenderText {#text} at (0,1545) size 64x15
                      text run at (0,1545) width 64: "SOUNDEX"
                  RenderText {#text} at (64,1545) size 4x15
                    text run at (64,1545) width 4: " "
                  RenderBR {BR} at (68,1557) size 0x0
                  RenderInline {A} at (0,0) size 45x15 [color=#0000EE]
                    RenderText {#text} at (0,1560) size 45x15
                      text run at (0,1560) width 45: "SPACE"
                  RenderText {#text} at (44,1560) size 5x15
                    text run at (44,1560) width 5: " "
                  RenderBR {BR} at (48,1572) size 1x0
                  RenderInline {A} at (0,0) size 36x15 [color=#0000EE]
                    RenderText {#text} at (0,1575) size 36x15
                      text run at (0,1575) width 36: "SQRT"
                  RenderText {#text} at (35,1575) size 5x15
                    text run at (35,1575) width 5: " "
                  RenderBR {BR} at (39,1587) size 1x0
                  RenderInline {A} at (0,0) size 53x15 [color=#0000EE]
                    RenderText {#text} at (0,1590) size 53x15
                      text run at (0,1590) width 53: "SUBSTR"
                  RenderText {#text} at (53,1590) size 4x15
                    text run at (53,1590) width 4: " "
                  RenderBR {BR} at (57,1602) size 0x0
                  RenderInline {A} at (0,0) size 87x15 [color=#0000EE]
                    RenderText {#text} at (0,1605) size 87x15
                      text run at (0,1605) width 87: "TABLE_NAME"
                  RenderText {#text} at (86,1605) size 5x15
                    text run at (86,1605) width 5: " "
                  RenderBR {BR} at (90,1617) size 1x0
                  RenderInline {A} at (0,0) size 105x15 [color=#0000EE]
                    RenderText {#text} at (0,1620) size 105x15
                      text run at (0,1620) width 105: "TABLE_SCHEMA"
                  RenderText {#text} at (104,1620) size 5x15
                    text run at (104,1620) width 5: " "
                  RenderBR {BR} at (108,1632) size 1x0
                  RenderInline {A} at (0,0) size 26x15 [color=#0000EE]
                    RenderText {#text} at (0,1635) size 26x15
                      text run at (0,1635) width 26: "TAN"
                  RenderText {#text} at (25,1635) size 5x15
                    text run at (25,1635) width 5: " "
                  RenderBR {BR} at (29,1647) size 1x0
                  RenderInline {A} at (0,0) size 32x15 [color=#0000EE]
                    RenderText {#text} at (0,1650) size 32x15
                      text run at (0,1650) width 32: "TIME"
                  RenderText {#text} at (32,1650) size 4x15
                    text run at (32,1650) width 4: " "
                  RenderBR {BR} at (36,1662) size 0x0
                  RenderInline {A} at (0,0) size 78x15 [color=#0000EE]
                    RenderText {#text} at (0,1665) size 78x15
                      text run at (0,1665) width 78: "TIMESTAMP"
                  RenderText {#text} at (77,1665) size 5x15
                    text run at (77,1665) width 5: " "
                  RenderBR {BR} at (81,1677) size 1x0
                  RenderInline {A} at (0,0) size 108x15 [color=#0000EE]
                    RenderText {#text} at (0,1680) size 108x15
                      text run at (0,1680) width 108: "TIMESTAMP_ISO"
                  RenderText {#text} at (107,1680) size 5x15
                    text run at (107,1680) width 5: " "
                  RenderBR {BR} at (111,1692) size 1x0
                  RenderInline {A} at (0,0) size 107x15 [color=#0000EE]
                    RenderText {#text} at (0,1695) size 107x15
                      text run at (0,1695) width 107: "TIMESTAMPDIFF"
                  RenderText {#text} at (106,1695) size 5x15
                    text run at (106,1695) width 5: " "
                  RenderBR {BR} at (110,1707) size 1x0
                  RenderInline {A} at (0,0) size 77x15 [color=#0000EE]
                    RenderText {#text} at (0,1710) size 77x15
                      text run at (0,1710) width 77: "TRANSLATE"
                  RenderText {#text} at (76,1710) size 5x15
                    text run at (76,1710) width 5: " "
                  RenderBR {BR} at (80,1722) size 1x0
                  RenderInline {A} at (0,0) size 133x15 [color=#0000EE]
                    RenderText {#text} at (0,1725) size 133x15
                      text run at (0,1725) width 133: "TRUNCATE or TRUNC"
                  RenderText {#text} at (132,1725) size 5x15
                    text run at (132,1725) width 5: " "
                  RenderBR {BR} at (136,1737) size 1x0
                  RenderInline {A} at (0,0) size 55x15 [color=#0000EE]
                    RenderText {#text} at (0,1740) size 55x15
                      text run at (0,1740) width 55: "TYPE_ID"
                  RenderText {#text} at (55,1740) size 4x15
                    text run at (55,1740) width 4: " "
                  RenderBR {BR} at (59,1752) size 0x0
                  RenderInline {A} at (0,0) size 80x15 [color=#0000EE]
                    RenderText {#text} at (0,1755) size 80x15
                      text run at (0,1755) width 80: "TYPE_NAME"
                  RenderText {#text} at (80,1755) size 4x15
                    text run at (80,1755) width 4: " "
                  RenderBR {BR} at (84,1767) size 0x0
                  RenderInline {A} at (0,0) size 98x15 [color=#0000EE]
                    RenderText {#text} at (0,1770) size 98x15
                      text run at (0,1770) width 98: "TYPE_SCHEMA"
                  RenderText {#text} at (98,1770) size 4x15
                    text run at (98,1770) width 4: " "
                  RenderBR {BR} at (102,1782) size 0x0
                  RenderInline {A} at (0,0) size 109x15 [color=#0000EE]
                    RenderText {#text} at (0,1785) size 109x15
                      text run at (0,1785) width 109: "UCASE or UPPER"
                  RenderText {#text} at (109,1785) size 4x15
                    text run at (109,1785) width 4: " "
                  RenderBR {BR} at (113,1797) size 0x0
                  RenderInline {A} at (0,0) size 43x15 [color=#0000EE]
                    RenderText {#text} at (0,1800) size 43x15
                      text run at (0,1800) width 43: "VALUE"
                  RenderText {#text} at (42,1800) size 5x15
                    text run at (42,1800) width 5: " "
                  RenderBR {BR} at (46,1812) size 1x0
                  RenderInline {A} at (0,0) size 63x15 [color=#0000EE]
                    RenderText {#text} at (0,1815) size 63x15
                      text run at (0,1815) width 63: "VARCHAR"
                  RenderText {#text} at (62,1815) size 5x15
                    text run at (62,1815) width 5: " "
                  RenderBR {BR} at (66,1827) size 1x0
                  RenderInline {A} at (0,0) size 86x15 [color=#0000EE]
                    RenderText {#text} at (0,1830) size 86x15
                      text run at (0,1830) width 86: "VARGRAPHIC"
                  RenderText {#text} at (85,1830) size 5x15
                    text run at (85,1830) width 5: " "
                  RenderBR {BR} at (89,1842) size 1x0
                  RenderInline {A} at (0,0) size 39x15 [color=#0000EE]
                    RenderText {#text} at (0,1845) size 39x15
                      text run at (0,1845) width 39: "WEEK"
                  RenderText {#text} at (39,1845) size 4x15
                    text run at (39,1845) width 4: " "
                  RenderBR {BR} at (43,1857) size 0x0
                  RenderInline {A} at (0,0) size 69x15 [color=#0000EE]
                    RenderText {#text} at (0,1860) size 69x15
                      text run at (0,1860) width 69: "WEEK_ISO"
                  RenderText {#text} at (69,1860) size 4x15
                    text run at (69,1860) width 4: " "
                  RenderBR {BR} at (73,1872) size 0x0
                  RenderInline {A} at (0,0) size 36x15 [color=#0000EE]
                    RenderText {#text} at (0,1875) size 36x15
                      text run at (0,1875) width 36: "YEAR"
                  RenderText {#text} at (36,1875) size 4x15
                    text run at (36,1875) width 4: " "
                  RenderBR {BR} at (40,1887) size 0x0
                  RenderInline {A} at (0,0) size 92x15 [color=#0000EE]
                    RenderText {#text} at (0,1890) size 92x15
                      text run at (0,1890) width 92: "Table Functions"
                  RenderText {#text} at (91,1890) size 5x15
                    text run at (91,1890) width 5: " "
                  RenderBR {BR} at (95,1902) size 1x0
                  RenderInline {A} at (0,0) size 150x15 [color=#0000EE]
                    RenderText {#text} at (0,1905) size 150x15
                      text run at (0,1905) width 150: "SQLCACHE_SNAPSHOT"
                  RenderText {#text} at (150,1905) size 4x15
                    text run at (150,1905) width 4: " "
                  RenderBR {BR} at (154,1917) size 0x0
                  RenderInline {A} at (0,0) size 136x15 [color=#0000EE]
                    RenderText {#text} at (0,1920) size 136x15
                      text run at (0,1920) width 136: "User-Defined Functions"
                  RenderText {#text} at (0,0) size 0x0
                RenderBlock {P} at (0,5161) size 715x346
                  RenderInline {B} at (0,0) size 48x15
                    RenderInline {A} at (0,0) size 48x15 [color=#0000EE]
                      RenderText {#text} at (0,0) size 48x15
                        text run at (0,0) width 48: "Queries"
                  RenderBR {BR} at (48,12) size 0x0
                  RenderBR {BR} at (0,15) size 0x15
                  RenderInline {A} at (0,0) size 56x15 [color=#0000EE]
                    RenderText {#text} at (0,30) size 56x15
                      text run at (0,30) width 56: "subselect"
                  RenderText {#text} at (56,30) size 4x15
                    text run at (56,30) width 4: " "
                  RenderBR {BR} at (60,42) size 0x0
                  RenderInline {A} at (0,0) size 77x15 [color=#0000EE]
                    RenderText {#text} at (0,45) size 77x15
                      text run at (0,45) width 77: "select-clause"
                  RenderText {#text} at (77,45) size 4x15
                    text run at (77,45) width 4: " "
                  RenderBR {BR} at (81,57) size 0x0
                  RenderInline {A} at (0,0) size 68x15 [color=#0000EE]
                    RenderText {#text} at (0,60) size 68x15
                      text run at (0,60) width 68: "from-clause"
                  RenderText {#text} at (68,60) size 4x15
                    text run at (68,60) width 4: " "
                  RenderBR {BR} at (72,72) size 0x0
                  RenderInline {A} at (0,0) size 86x15 [color=#0000EE]
                    RenderText {#text} at (0,75) size 86x15
                      text run at (0,75) width 86: "table-reference"
                  RenderText {#text} at (86,75) size 4x15
                    text run at (86,75) width 4: " "
                  RenderBR {BR} at (90,87) size 0x0
                  RenderInline {A} at (0,0) size 66x15 [color=#0000EE]
                    RenderText {#text} at (0,90) size 66x15
                      text run at (0,90) width 66: "joined-table"
                  RenderText {#text} at (66,90) size 4x15
                    text run at (66,90) width 4: " "
                  RenderBR {BR} at (70,102) size 0x0
                  RenderInline {A} at (0,0) size 76x15 [color=#0000EE]
                    RenderText {#text} at (0,105) size 76x15
                      text run at (0,105) width 76: "where-clause"
                  RenderText {#text} at (76,105) size 4x15
                    text run at (76,105) width 4: " "
                  RenderBR {BR} at (80,117) size 0x0
                  RenderInline {A} at (0,0) size 92x15 [color=#0000EE]
                    RenderText {#text} at (0,120) size 92x15
                      text run at (0,120) width 92: "group-by-clause"
                  RenderText {#text} at (92,120) size 4x15
                    text run at (92,120) width 4: " "
                  RenderBR {BR} at (96,132) size 0x0
                  RenderInline {A} at (0,0) size 80x15 [color=#0000EE]
                    RenderText {#text} at (0,135) size 80x15
                      text run at (0,135) width 80: "having-clause"
                  RenderText {#text} at (80,135) size 4x15
                    text run at (80,135) width 4: " "
                  RenderBR {BR} at (84,147) size 0x0
                  RenderInline {A} at (0,0) size 140x15 [color=#0000EE]
                    RenderText {#text} at (0,150) size 140x15
                      text run at (0,150) width 140: "Examples of subselects"
                  RenderText {#text} at (140,150) size 4x15
                    text run at (140,150) width 4: " "
                  RenderBR {BR} at (144,162) size 0x0
                  RenderInline {A} at (0,0) size 108x15 [color=#0000EE]
                    RenderText {#text} at (0,165) size 108x15
                      text run at (0,165) width 108: "Examples of Joins"
                  RenderText {#text} at (108,165) size 4x15
                    text run at (108,165) width 4: " "
                  RenderBR {BR} at (112,177) size 0x0
                  RenderInline {A} at (0,0) size 267x15 [color=#0000EE]
                    RenderText {#text} at (0,180) size 267x15
                      text run at (0,180) width 267: "Examples of Grouping Sets, Cube, and Rollup"
                  RenderText {#text} at (267,180) size 4x15
                    text run at (267,180) width 4: " "
                  RenderBR {BR} at (271,192) size 0x0
                  RenderInline {A} at (0,0) size 52x15 [color=#0000EE]
                    RenderText {#text} at (0,195) size 52x15
                      text run at (0,195) width 52: "fullselect"
                  RenderText {#text} at (52,195) size 4x15
                    text run at (52,195) width 4: " "
                  RenderBR {BR} at (56,207) size 0x0
                  RenderInline {A} at (0,0) size 140x15 [color=#0000EE]
                    RenderText {#text} at (0,210) size 140x15
                      text run at (0,210) width 140: "Examples of a fullselect"
                  RenderText {#text} at (140,210) size 4x15
                    text run at (140,210) width 4: " "
                  RenderBR {BR} at (144,222) size 0x0
                  RenderInline {A} at (0,0) size 97x15 [color=#0000EE]
                    RenderText {#text} at (0,225) size 97x15
                      text run at (0,225) width 97: "select-statement"
                  RenderText {#text} at (97,225) size 4x15
                    text run at (97,225) width 4: " "
                  RenderBR {BR} at (101,237) size 0x0
                  RenderInline {A} at (0,0) size 149x15 [color=#0000EE]
                    RenderText {#text} at (0,240) size 149x15
                      text run at (0,240) width 149: "common-table-expression"
                  RenderText {#text} at (149,240) size 4x15
                    text run at (149,240) width 4: " "
                  RenderBR {BR} at (153,252) size 0x0
                  RenderInline {A} at (0,0) size 89x15 [color=#0000EE]
                    RenderText {#text} at (0,255) size 89x15
                      text run at (0,255) width 89: "order-by-clause"
                  RenderText {#text} at (89,255) size 4x15
                    text run at (89,255) width 4: " "
                  RenderBR {BR} at (93,267) size 0x0
                  RenderInline {A} at (0,0) size 81x15 [color=#0000EE]
                    RenderText {#text} at (0,270) size 81x15
                      text run at (0,270) width 81: "update-clause"
                  RenderText {#text} at (81,270) size 4x15
                    text run at (81,270) width 4: " "
                  RenderBR {BR} at (85,282) size 0x0
                  RenderInline {A} at (0,0) size 95x15 [color=#0000EE]
                    RenderText {#text} at (0,285) size 95x15
                      text run at (0,285) width 95: "read-only-clause"
                  RenderText {#text} at (95,285) size 4x15
                    text run at (95,285) width 4: " "
                  RenderBR {BR} at (99,297) size 0x0
                  RenderInline {A} at (0,0) size 97x15 [color=#0000EE]
                    RenderText {#text} at (0,300) size 97x15
                      text run at (0,300) width 97: "fetch-first-clause"
                  RenderText {#text} at (97,300) size 4x15
                    text run at (97,300) width 4: " "
                  RenderBR {BR} at (101,312) size 0x0
                  RenderInline {A} at (0,0) size 110x15 [color=#0000EE]
                    RenderText {#text} at (0,315) size 110x15
                      text run at (0,315) width 110: "optimize-for-clause"
                  RenderText {#text} at (110,315) size 4x15
                    text run at (110,315) width 4: " "
                  RenderBR {BR} at (114,327) size 0x0
                  RenderInline {A} at (0,0) size 185x15 [color=#0000EE]
                    RenderText {#text} at (0,330) size 185x15
                      text run at (0,330) width 185: "Examples of a select-statement"
                  RenderText {#text} at (0,0) size 0x0
                RenderBlock {P} at (0,5519) size 715x1771
                  RenderInline {B} at (0,0) size 100x15
                    RenderInline {A} at (0,0) size 100x15 [color=#0000EE]
                      RenderText {#text} at (0,0) size 100x15
                        text run at (0,0) width 100: "SQL Statements"
                  RenderBR {BR} at (99,12) size 1x0
                  RenderBR {BR} at (0,15) size 0x15
                  RenderInline {A} at (0,0) size 200x15 [color=#0000EE]
                    RenderText {#text} at (0,30) size 200x15
                      text run at (0,30) width 200: "How SQL Statements Are Invoked"
                  RenderText {#text} at (199,30) size 5x15
                    text run at (199,30) width 5: " "
                  RenderBR {BR} at (203,42) size 1x0
                  RenderInline {A} at (0,0) size 293x15 [color=#0000EE]
                    RenderText {#text} at (0,45) size 293x15
                      text run at (0,45) width 293: "Embedding a Statement in an Application Program"
                  RenderText {#text} at (293,45) size 4x15
                    text run at (293,45) width 4: " "
                  RenderBR {BR} at (297,57) size 0x0
                  RenderInline {A} at (0,0) size 208x15 [color=#0000EE]
                    RenderText {#text} at (0,60) size 208x15
                      text run at (0,60) width 208: "Dynamic Preparation and Execution"
                  RenderText {#text} at (208,60) size 4x15
                    text run at (208,60) width 4: " "
                  RenderBR {BR} at (212,72) size 0x0
                  RenderInline {A} at (0,0) size 225x15 [color=#0000EE]
                    RenderText {#text} at (0,75) size 225x15
                      text run at (0,75) width 225: "Static Invocation of a select-statement"
                  RenderText {#text} at (225,75) size 4x15
                    text run at (225,75) width 4: " "
                  RenderBR {BR} at (229,87) size 0x0
                  RenderInline {A} at (0,0) size 242x15 [color=#0000EE]
                    RenderText {#text} at (0,90) size 242x15
                      text run at (0,90) width 242: "Dynamic Invocation of a select-statement"
                  RenderText {#text} at (242,90) size 4x15
                    text run at (242,90) width 4: " "
                  RenderBR {BR} at (246,102) size 0x0
                  RenderInline {A} at (0,0) size 125x15 [color=#0000EE]
                    RenderText {#text} at (0,105) size 125x15
                      text run at (0,105) width 125: "Interactive Invocation"
                  RenderText {#text} at (125,105) size 4x15
                    text run at (125,105) width 4: " "
                  RenderBR {BR} at (129,117) size 0x0
                  RenderInline {A} at (0,0) size 109x15 [color=#0000EE]
                    RenderText {#text} at (0,120) size 109x15
                      text run at (0,120) width 109: "SQL Return Codes"
                  RenderText {#text} at (108,120) size 5x15
                    text run at (108,120) width 5: " "
                  RenderBR {BR} at (112,132) size 1x0
                  RenderInline {A} at (0,0) size 63x15 [color=#0000EE]
                    RenderText {#text} at (0,135) size 63x15
                      text run at (0,135) width 63: "SQLCODE"
                  RenderText {#text} at (63,135) size 4x15
                    text run at (63,135) width 4: " "
                  RenderBR {BR} at (67,147) size 0x0
                  RenderInline {A} at (0,0) size 68x15 [color=#0000EE]
                    RenderText {#text} at (0,150) size 68x15
                      text run at (0,150) width 68: "SQLSTATE"
                  RenderText {#text} at (67,150) size 5x15
                    text run at (67,150) width 5: " "
                  RenderBR {BR} at (71,162) size 1x0
                  RenderInline {A} at (0,0) size 93x15 [color=#0000EE]
                    RenderText {#text} at (0,165) size 93x15
                      text run at (0,165) width 93: "SQL Comments"
                  RenderText {#text} at (92,165) size 5x15
                    text run at (92,165) width 5: " "
                  RenderBR {BR} at (96,177) size 1x0
                  RenderInline {A} at (0,0) size 134x15 [color=#0000EE]
                    RenderText {#text} at (0,180) size 134x15
                      text run at (0,180) width 134: "ALTER BUFFERPOOL"
                  RenderText {#text} at (133,180) size 5x15
                    text run at (133,180) width 5: " "
                  RenderBR {BR} at (137,192) size 1x0
                  RenderInline {A} at (0,0) size 115x15 [color=#0000EE]
                    RenderText {#text} at (0,195) size 115x15
                      text run at (0,195) width 115: "ALTER NICKNAME"
                  RenderText {#text} at (114,195) size 5x15
                    text run at (114,195) width 5: " "
                  RenderBR {BR} at (118,207) size 1x0
                  RenderInline {A} at (0,0) size 130x15 [color=#0000EE]
                    RenderText {#text} at (0,210) size 130x15
                      text run at (0,210) width 130: "ALTER NODEGROUP"
                  RenderText {#text} at (129,210) size 5x15
                    text run at (129,210) width 5: " "
                  RenderBR {BR} at (133,222) size 1x0
                  RenderInline {A} at (0,0) size 99x15 [color=#0000EE]
                    RenderText {#text} at (0,225) size 99x15
                      text run at (0,225) width 99: "ALTER SERVER"
                  RenderText {#text} at (98,225) size 5x15
                    text run at (98,225) width 5: " "
                  RenderBR {BR} at (102,237) size 1x0
                  RenderInline {A} at (0,0) size 87x15 [color=#0000EE]
                    RenderText {#text} at (0,240) size 87x15
                      text run at (0,240) width 87: "ALTER TABLE"
                  RenderText {#text} at (86,240) size 5x15
                    text run at (86,240) width 5: " "
                  RenderBR {BR} at (90,252) size 1x0
                  RenderInline {A} at (0,0) size 131x15 [color=#0000EE]
                    RenderText {#text} at (0,255) size 131x15
                      text run at (0,255) width 131: "ALTER TABLESPACE"
                  RenderText {#text} at (130,255) size 5x15
                    text run at (130,255) width 5: " "
                  RenderBR {BR} at (134,267) size 1x0
                  RenderInline {A} at (0,0) size 153x15 [color=#0000EE]
                    RenderText {#text} at (0,270) size 153x15
                      text run at (0,270) width 153: "ALTER TYPE (Structured)"
                  RenderText {#text} at (152,270) size 5x15
                    text run at (152,270) width 5: " "
                  RenderBR {BR} at (156,282) size 1x0
                  RenderInline {A} at (0,0) size 147x15 [color=#0000EE]
                    RenderText {#text} at (0,285) size 147x15
                      text run at (0,285) width 147: "ALTER USER MAPPING"
                  RenderText {#text} at (146,285) size 5x15
                    text run at (146,285) width 5: " "
                  RenderBR {BR} at (150,297) size 1x0
                  RenderInline {A} at (0,0) size 80x15 [color=#0000EE]
                    RenderText {#text} at (0,300) size 80x15
                      text run at (0,300) width 80: "ALTER VIEW"
                  RenderText {#text} at (79,300) size 5x15
                    text run at (79,300) width 5: " "
                  RenderBR {BR} at (83,312) size 1x0
                  RenderInline {A} at (0,0) size 168x15 [color=#0000EE]
                    RenderText {#text} at (0,315) size 168x15
                      text run at (0,315) width 168: "BEGIN DECLARE SECTION"
                  RenderText {#text} at (168,315) size 4x15
                    text run at (168,315) width 4: " "
                  RenderBR {BR} at (172,327) size 0x0
                  RenderInline {A} at (0,0) size 32x15 [color=#0000EE]
                    RenderText {#text} at (0,330) size 32x15
                      text run at (0,330) width 32: "CALL"
                  RenderText {#text} at (32,330) size 4x15
                    text run at (32,330) width 4: " "
                  RenderBR {BR} at (36,342) size 0x0
                  RenderInline {A} at (0,0) size 44x15 [color=#0000EE]
                    RenderText {#text} at (0,345) size 44x15
                      text run at (0,345) width 44: "CLOSE"
                  RenderText {#text} at (44,345) size 4x15
                    text run at (44,345) width 4: " "
                  RenderBR {BR} at (48,357) size 0x0
                  RenderInline {A} at (0,0) size 90x15 [color=#0000EE]
                    RenderText {#text} at (0,360) size 90x15
                      text run at (0,360) width 90: "COMMENT ON"
                  RenderText {#text} at (89,360) size 5x15
                    text run at (89,360) width 5: " "
                  RenderBR {BR} at (93,372) size 1x0
                  RenderInline {A} at (0,0) size 53x15 [color=#0000EE]
                    RenderText {#text} at (0,375) size 53x15
                      text run at (0,375) width 53: "COMMIT"
                  RenderText {#text} at (53,375) size 4x15
                    text run at (53,375) width 4: " "
                  RenderBR {BR} at (57,387) size 0x0
                  RenderInline {A} at (0,0) size 166x15 [color=#0000EE]
                    RenderText {#text} at (0,390) size 166x15
                      text run at (0,390) width 166: "Compound SQL (Embedded)"
                  RenderText {#text} at (165,390) size 5x15
                    text run at (165,390) width 5: " "
                  RenderBR {BR} at (169,402) size 1x0
                  RenderInline {A} at (0,0) size 115x15 [color=#0000EE]
                    RenderText {#text} at (0,405) size 115x15
                      text run at (0,405) width 115: "CONNECT (Type 1)"
                  RenderText {#text} at (114,405) size 5x15
                    text run at (114,405) width 5: " "
                  RenderBR {BR} at (118,417) size 1x0
                  RenderInline {A} at (0,0) size 115x15 [color=#0000EE]
                    RenderText {#text} at (0,420) size 115x15
                      text run at (0,420) width 115: "CONNECT (Type 2)"
                  RenderText {#text} at (114,420) size 5x15
                    text run at (114,420) width 5: " "
                  RenderBR {BR} at (118,432) size 1x0
                  RenderInline {A} at (0,0) size 95x15 [color=#0000EE]
                    RenderText {#text} at (0,435) size 95x15
                      text run at (0,435) width 95: "CREATE ALIAS"
                  RenderText {#text} at (94,435) size 5x15
                    text run at (94,435) width 5: " "
                  RenderBR {BR} at (98,447) size 1x0
                  RenderInline {A} at (0,0) size 145x15 [color=#0000EE]
                    RenderText {#text} at (0,450) size 145x15
                      text run at (0,450) width 145: "CREATE BUFFERPOOL"
                  RenderText {#text} at (144,450) size 5x15
                    text run at (144,450) width 5: " "
                  RenderBR {BR} at (148,462) size 1x0
                  RenderInline {A} at (0,0) size 155x15 [color=#0000EE]
                    RenderText {#text} at (0,465) size 155x15
                      text run at (0,465) width 155: "CREATE DISTINCT TYPE"
                  RenderText {#text} at (154,465) size 5x15
                    text run at (154,465) width 5: " "
                  RenderBR {BR} at (158,477) size 1x0
                  RenderInline {A} at (0,0) size 165x15 [color=#0000EE]
                    RenderText {#text} at (0,480) size 165x15
                      text run at (0,480) width 165: "CREATE EVENT MONITOR"
                  RenderText {#text} at (164,480) size 5x15
                    text run at (164,480) width 5: " "
                  RenderBR {BR} at (168,492) size 1x0
                  RenderInline {A} at (0,0) size 123x15 [color=#0000EE]
                    RenderText {#text} at (0,495) size 123x15
                      text run at (0,495) width 123: "CREATE FUNCTION"
                  RenderText {#text} at (122,495) size 5x15
                    text run at (122,495) width 5: " "
                  RenderBR {BR} at (126,507) size 1x0
                  RenderInline {A} at (0,0) size 224x15 [color=#0000EE]
                    RenderText {#text} at (0,510) size 224x15
                      text run at (0,510) width 224: "CREATE FUNCTION (External Scalar)"
                  RenderText {#text} at (223,510) size 5x15
                    text run at (223,510) width 5: " "
                  RenderBR {BR} at (227,522) size 1x0
                  RenderInline {A} at (0,0) size 217x15 [color=#0000EE]
                    RenderText {#text} at (0,525) size 217x15
                      text run at (0,525) width 217: "CREATE FUNCTION (External Table)"
                  RenderText {#text} at (216,525) size 5x15
                    text run at (216,525) width 5: " "
                  RenderBR {BR} at (220,537) size 1x0
                  RenderInline {A} at (0,0) size 269x15 [color=#0000EE]
                    RenderText {#text} at (0,540) size 269x15
                      text run at (0,540) width 269: "CREATE FUNCTION (OLE DB External Table)"
                  RenderText {#text} at (268,540) size 5x15
                    text run at (268,540) width 5: " "
                  RenderBR {BR} at (272,552) size 1x0
                  RenderInline {A} at (0,0) size 247x15 [color=#0000EE]
                    RenderText {#text} at (0,555) size 247x15
                      text run at (0,555) width 247: "CREATE FUNCTION (Source or Template)"
                  RenderText {#text} at (246,555) size 5x15
                    text run at (246,555) width 5: " "
                  RenderBR {BR} at (250,567) size 1x0
                  RenderInline {A} at (0,0) size 283x15 [color=#0000EE]
                    RenderText {#text} at (0,570) size 283x15
                      text run at (0,570) width 283: "CREATE FUNCTION (SQL Scalar, Table or Row)"
                  RenderText {#text} at (282,570) size 5x15
                    text run at (282,570) width 5: " "
                  RenderBR {BR} at (286,582) size 1x0
                  RenderInline {A} at (0,0) size 188x15 [color=#0000EE]
                    RenderText {#text} at (0,585) size 188x15
                      text run at (0,585) width 188: "CREATE FUNCTION MAPPING"
                  RenderText {#text} at (187,585) size 5x15
                    text run at (187,585) width 5: " "
                  RenderBR {BR} at (191,597) size 1x0
                  RenderInline {A} at (0,0) size 97x15 [color=#0000EE]
                    RenderText {#text} at (0,600) size 97x15
                      text run at (0,600) width 97: "CREATE INDEX"
                  RenderText {#text} at (96,600) size 5x15
                    text run at (96,600) width 5: " "
                  RenderBR {BR} at (100,612) size 1x0
                  RenderInline {A} at (0,0) size 177x15 [color=#0000EE]
                    RenderText {#text} at (0,615) size 177x15
                      text run at (0,615) width 177: "CREATE INDEX EXTENSION"
                  RenderText {#text} at (176,615) size 5x15
                    text run at (176,615) width 5: " "
                  RenderBR {BR} at (180,627) size 1x0
                  RenderInline {A} at (0,0) size 113x15 [color=#0000EE]
                    RenderText {#text} at (0,630) size 113x15
                      text run at (0,630) width 113: "CREATE METHOD"
                  RenderText {#text} at (112,630) size 5x15
                    text run at (112,630) width 5: " "
                  RenderBR {BR} at (116,642) size 1x0
                  RenderInline {A} at (0,0) size 126x15 [color=#0000EE]
                    RenderText {#text} at (0,645) size 126x15
                      text run at (0,645) width 126: "CREATE NICKNAME"
                  RenderText {#text} at (125,645) size 5x15
                    text run at (125,645) width 5: " "
                  RenderBR {BR} at (129,657) size 1x0
                  RenderInline {A} at (0,0) size 141x15 [color=#0000EE]
                    RenderText {#text} at (0,660) size 141x15
                      text run at (0,660) width 141: "CREATE NODEGROUP"
                  RenderText {#text} at (140,660) size 5x15
                    text run at (140,660) width 5: " "
                  RenderBR {BR} at (144,672) size 1x0
                  RenderInline {A} at (0,0) size 139x15 [color=#0000EE]
                    RenderText {#text} at (0,675) size 139x15
                      text run at (0,675) width 139: "CREATE PROCEDURE"
                  RenderText {#text} at (138,675) size 5x15
                    text run at (138,675) width 5: " "
                  RenderBR {BR} at (142,687) size 1x0
                  RenderInline {A} at (0,0) size 113x15 [color=#0000EE]
                    RenderText {#text} at (0,690) size 113x15
                      text run at (0,690) width 113: "CREATE SCHEMA"
                  RenderText {#text} at (112,690) size 5x15
                    text run at (112,690) width 5: " "
                  RenderBR {BR} at (116,702) size 1x0
                  RenderInline {A} at (0,0) size 110x15 [color=#0000EE]
                    RenderText {#text} at (0,705) size 110x15
                      text run at (0,705) width 110: "CREATE SERVER"
                  RenderText {#text} at (109,705) size 5x15
                    text run at (109,705) width 5: " "
                  RenderBR {BR} at (113,717) size 1x0
                  RenderInline {A} at (0,0) size 98x15 [color=#0000EE]
                    RenderText {#text} at (0,720) size 98x15
                      text run at (0,720) width 98: "CREATE TABLE"
                  RenderText {#text} at (97,720) size 5x15
                    text run at (97,720) width 5: " "
                  RenderBR {BR} at (101,732) size 1x0
                  RenderInline {A} at (0,0) size 142x15 [color=#0000EE]
                    RenderText {#text} at (0,735) size 142x15
                      text run at (0,735) width 142: "CREATE TABLESPACE"
                  RenderText {#text} at (141,735) size 5x15
                    text run at (141,735) width 5: " "
                  RenderBR {BR} at (145,747) size 1x0
                  RenderInline {A} at (0,0) size 139x15 [color=#0000EE]
                    RenderText {#text} at (0,750) size 139x15
                      text run at (0,750) width 139: "CREATE TRANSFORM"
                  RenderText {#text} at (138,750) size 5x15
                    text run at (138,750) width 5: " "
                  RenderBR {BR} at (142,762) size 1x0
                  RenderInline {A} at (0,0) size 116x15 [color=#0000EE]
                    RenderText {#text} at (0,765) size 116x15
                      text run at (0,765) width 116: "CREATE TRIGGER"
                  RenderText {#text} at (115,765) size 5x15
                    text run at (115,765) width 5: " "
                  RenderBR {BR} at (119,777) size 1x0
                  RenderInline {A} at (0,0) size 164x15 [color=#0000EE]
                    RenderText {#text} at (0,780) size 164x15
                      text run at (0,780) width 164: "CREATE TYPE (Structured)"
                  RenderText {#text} at (163,780) size 5x15
                    text run at (163,780) width 5: " "
                  RenderBR {BR} at (167,792) size 1x0
                  RenderInline {A} at (0,0) size 157x15 [color=#0000EE]
                    RenderText {#text} at (0,795) size 157x15
                      text run at (0,795) width 157: "CREATE TYPE MAPPING"
                  RenderText {#text} at (156,795) size 5x15
                    text run at (156,795) width 5: " "
                  RenderBR {BR} at (160,807) size 1x0
                  RenderInline {A} at (0,0) size 158x15 [color=#0000EE]
                    RenderText {#text} at (0,810) size 158x15
                      text run at (0,810) width 158: "CREATE USER MAPPING"
                  RenderText {#text} at (157,810) size 5x15
                    text run at (157,810) width 5: " "
                  RenderBR {BR} at (161,822) size 1x0
                  RenderInline {A} at (0,0) size 91x15 [color=#0000EE]
                    RenderText {#text} at (0,825) size 91x15
                      text run at (0,825) width 91: "CREATE VIEW"
                  RenderText {#text} at (90,825) size 5x15
                    text run at (90,825) width 5: " "
                  RenderBR {BR} at (94,837) size 1x0
                  RenderInline {A} at (0,0) size 123x15 [color=#0000EE]
                    RenderText {#text} at (0,840) size 123x15
                      text run at (0,840) width 123: "CREATE WRAPPER"
                  RenderText {#text} at (122,840) size 5x15
                    text run at (122,840) width 5: " "
                  RenderBR {BR} at (126,852) size 1x0
                  RenderInline {A} at (0,0) size 120x15 [color=#0000EE]
                    RenderText {#text} at (0,855) size 120x15
                      text run at (0,855) width 120: "DECLARE CURSOR"
                  RenderText {#text} at (120,855) size 4x15
                    text run at (120,855) width 4: " "
                  RenderBR {BR} at (124,867) size 0x0
                  RenderInline {A} at (0,0) size 249x15 [color=#0000EE]
                    RenderText {#text} at (0,870) size 249x15
                      text run at (0,870) width 249: "DECLARE GLOBAL TEMPORARY TABLE"
                  RenderText {#text} at (248,870) size 5x15
                    text run at (248,870) width 5: " "
                  RenderBR {BR} at (252,882) size 1x0
                  RenderInline {A} at (0,0) size 51x15 [color=#0000EE]
                    RenderText {#text} at (0,885) size 51x15
                      text run at (0,885) width 51: "DELETE"
                  RenderText {#text} at (51,885) size 4x15
                    text run at (51,885) width 4: " "
                  RenderBR {BR} at (55,897) size 0x0
                  RenderInline {A} at (0,0) size 67x15 [color=#0000EE]
                    RenderText {#text} at (0,900) size 67x15
                      text run at (0,900) width 67: "DESCRIBE"
                  RenderText {#text} at (67,900) size 4x15
                    text run at (67,900) width 4: " "
                  RenderBR {BR} at (71,912) size 0x0
                  RenderInline {A} at (0,0) size 85x15 [color=#0000EE]
                    RenderText {#text} at (0,915) size 85x15
                      text run at (0,915) width 85: "DISCONNECT"
                  RenderText {#text} at (85,915) size 4x15
                    text run at (85,915) width 4: " "
                  RenderBR {BR} at (89,927) size 0x0
                  RenderInline {A} at (0,0) size 37x15 [color=#0000EE]
                    RenderText {#text} at (0,930) size 37x15
                      text run at (0,930) width 37: "DROP"
                  RenderText {#text} at (37,930) size 4x15
                    text run at (37,930) width 4: " "
                  RenderBR {BR} at (41,942) size 0x0
                  RenderInline {A} at (0,0) size 154x15 [color=#0000EE]
                    RenderText {#text} at (0,945) size 154x15
                      text run at (0,945) width 154: "END DECLARE SECTION"
                  RenderText {#text} at (154,945) size 4x15
                    text run at (154,945) width 4: " "
                  RenderBR {BR} at (158,957) size 0x0
                  RenderInline {A} at (0,0) size 62x15 [color=#0000EE]
                    RenderText {#text} at (0,960) size 62x15
                      text run at (0,960) width 62: "EXECUTE"
                  RenderText {#text} at (62,960) size 4x15
                    text run at (62,960) width 4: " "
                  RenderBR {BR} at (66,972) size 0x0
                  RenderInline {A} at (0,0) size 140x15 [color=#0000EE]
                    RenderText {#text} at (0,975) size 140x15
                      text run at (0,975) width 140: "EXECUTE IMMEDIATE"
                  RenderText {#text} at (139,975) size 5x15
                    text run at (139,975) width 5: " "
                  RenderBR {BR} at (143,987) size 1x0
                  RenderInline {A} at (0,0) size 56x15 [color=#0000EE]
                    RenderText {#text} at (0,990) size 56x15
                      text run at (0,990) width 56: "EXPLAIN"
                  RenderText {#text} at (56,990) size 4x15
                    text run at (56,990) width 4: " "
                  RenderBR {BR} at (60,1002) size 0x0
                  RenderInline {A} at (0,0) size 43x15 [color=#0000EE]
                    RenderText {#text} at (0,1005) size 43x15
                      text run at (0,1005) width 43: "FETCH"
                  RenderText {#text} at (43,1005) size 4x15
                    text run at (43,1005) width 4: " "
                  RenderBR {BR} at (47,1017) size 0x0
                  RenderInline {A} at (0,0) size 155x15 [color=#0000EE]
                    RenderText {#text} at (0,1020) size 155x15
                      text run at (0,1020) width 155: "FLUSH EVENT MONITOR"
                  RenderText {#text} at (154,1020) size 5x15
                    text run at (154,1020) width 5: " "
                  RenderBR {BR} at (158,1032) size 1x0
                  RenderInline {A} at (0,0) size 100x15 [color=#0000EE]
                    RenderText {#text} at (0,1035) size 100x15
                      text run at (0,1035) width 100: "FREE LOCATOR"
                  RenderText {#text} at (99,1035) size 5x15
                    text run at (99,1035) width 5: " "
                  RenderBR {BR} at (103,1047) size 1x0
                  RenderInline {A} at (0,0) size 178x15 [color=#0000EE]
                    RenderText {#text} at (0,1050) size 178x15
                      text run at (0,1050) width 178: "GRANT (Database Authorities)"
                  RenderText {#text} at (177,1050) size 5x15
                    text run at (177,1050) width 5: " "
                  RenderBR {BR} at (181,1062) size 1x0
                  RenderInline {A} at (0,0) size 150x15 [color=#0000EE]
                    RenderText {#text} at (0,1065) size 150x15
                      text run at (0,1065) width 150: "GRANT (Index Privileges)"
                  RenderText {#text} at (149,1065) size 5x15
                    text run at (149,1065) width 5: " "
                  RenderBR {BR} at (153,1077) size 1x0
                  RenderInline {A} at (0,0) size 169x15 [color=#0000EE]
                    RenderText {#text} at (0,1080) size 169x15
                      text run at (0,1080) width 169: "GRANT (Package Privileges)"
                  RenderText {#text} at (168,1080) size 5x15
                    text run at (168,1080) width 5: " "
                  RenderBR {BR} at (172,1092) size 1x0
                  RenderInline {A} at (0,0) size 166x15 [color=#0000EE]
                    RenderText {#text} at (0,1095) size 166x15
                      text run at (0,1095) width 166: "GRANT (Schema Privileges)"
                  RenderText {#text} at (165,1095) size 5x15
                    text run at (165,1095) width 5: " "
                  RenderBR {BR} at (169,1107) size 1x0
                  RenderInline {A} at (0,0) size 156x15 [color=#0000EE]
                    RenderText {#text} at (0,1110) size 156x15
                      text run at (0,1110) width 156: "GRANT (Server Privileges)"
                  RenderText {#text} at (155,1110) size 5x15
                    text run at (155,1110) width 5: " "
                  RenderBR {BR} at (159,1122) size 1x0
                  RenderInline {A} at (0,0) size 265x15 [color=#0000EE]
                    RenderText {#text} at (0,1125) size 265x15
                      text run at (0,1125) width 265: "GRANT (Table, View, or Nickname Privileges)"
                  RenderText {#text} at (264,1125) size 5x15
                    text run at (264,1125) width 5: " "
                  RenderBR {BR} at (268,1137) size 1x0
                  RenderInline {A} at (0,0) size 190x15 [color=#0000EE]
                    RenderText {#text} at (0,1140) size 190x15
                      text run at (0,1140) width 190: "GRANT (Table Space Privileges)"
                  RenderText {#text} at (189,1140) size 5x15
                    text run at (189,1140) width 5: " "
                  RenderBR {BR} at (193,1152) size 1x0
                  RenderInline {A} at (0,0) size 56x15 [color=#0000EE]
                    RenderText {#text} at (0,1155) size 56x15
                      text run at (0,1155) width 56: "INCLUDE"
                  RenderText {#text} at (56,1155) size 4x15
                    text run at (56,1155) width 4: " "
                  RenderBR {BR} at (60,1167) size 0x0
                  RenderInline {A} at (0,0) size 48x15 [color=#0000EE]
                    RenderText {#text} at (0,1170) size 48x15
                      text run at (0,1170) width 48: "INSERT"
                  RenderText {#text} at (47,1170) size 5x15
                    text run at (47,1170) width 5: " "
                  RenderBR {BR} at (51,1182) size 1x0
                  RenderInline {A} at (0,0) size 81x15 [color=#0000EE]
                    RenderText {#text} at (0,1185) size 81x15
                      text run at (0,1185) width 81: "LOCK TABLE"
                  RenderText {#text} at (80,1185) size 5x15
                    text run at (80,1185) width 5: " "
                  RenderBR {BR} at (84,1197) size 1x0
                  RenderInline {A} at (0,0) size 37x15 [color=#0000EE]
                    RenderText {#text} at (0,1200) size 37x15
                      text run at (0,1200) width 37: "OPEN"
                  RenderText {#text} at (37,1200) size 4x15
                    text run at (37,1200) width 4: " "
                  RenderBR {BR} at (41,1212) size 0x0
                  RenderInline {A} at (0,0) size 63x15 [color=#0000EE]
                    RenderText {#text} at (0,1215) size 63x15
                      text run at (0,1215) width 63: "PREPARE"
                  RenderText {#text} at (62,1215) size 5x15
                    text run at (62,1215) width 5: " "
                  RenderBR {BR} at (66,1227) size 1x0
                  RenderInline {A} at (0,0) size 108x15 [color=#0000EE]
                    RenderText {#text} at (0,1230) size 108x15
                      text run at (0,1230) width 108: "REFRESH TABLE"
                  RenderText {#text} at (107,1230) size 5x15
                    text run at (107,1230) width 5: " "
                  RenderBR {BR} at (111,1242) size 1x0
                  RenderInline {A} at (0,0) size 138x15 [color=#0000EE]
                    RenderText {#text} at (0,1245) size 138x15
                      text run at (0,1245) width 138: "RELEASE (Connection)"
                  RenderText {#text} at (138,1245) size 4x15
                    text run at (138,1245) width 4: " "
                  RenderBR {BR} at (142,1257) size 0x0
                  RenderInline {A} at (0,0) size 141x15 [color=#0000EE]
                    RenderText {#text} at (0,1260) size 141x15
                      text run at (0,1260) width 141: "RELEASE SAVEPOINT"
                  RenderText {#text} at (140,1260) size 5x15
                    text run at (140,1260) width 5: " "
                  RenderBR {BR} at (144,1272) size 1x0
                  RenderInline {A} at (0,0) size 102x15 [color=#0000EE]
                    RenderText {#text} at (0,1275) size 102x15
                      text run at (0,1275) width 102: "RENAME TABLE"
                  RenderText {#text} at (101,1275) size 5x15
                    text run at (101,1275) width 5: " "
                  RenderBR {BR} at (105,1287) size 1x0
                  RenderInline {A} at (0,0) size 146x15 [color=#0000EE]
                    RenderText {#text} at (0,1290) size 146x15
                      text run at (0,1290) width 146: "RENAME TABLESPACE"
                  RenderText {#text} at (145,1290) size 5x15
                    text run at (145,1290) width 5: " "
                  RenderBR {BR} at (149,1302) size 1x0
                  RenderInline {A} at (0,0) size 188x15 [color=#0000EE]
                    RenderText {#text} at (0,1305) size 188x15
                      text run at (0,1305) width 188: "REVOKE (Database Authorities)"
                  RenderText {#text} at (188,1305) size 4x15
                    text run at (188,1305) width 4: " "
                  RenderBR {BR} at (192,1317) size 0x0
                  RenderInline {A} at (0,0) size 160x15 [color=#0000EE]
                    RenderText {#text} at (0,1320) size 160x15
                      text run at (0,1320) width 160: "REVOKE (Index Privileges)"
                  RenderText {#text} at (160,1320) size 4x15
                    text run at (160,1320) width 4: " "
                  RenderBR {BR} at (164,1332) size 0x0
                  RenderInline {A} at (0,0) size 179x15 [color=#0000EE]
                    RenderText {#text} at (0,1335) size 179x15
                      text run at (0,1335) width 179: "REVOKE (Package Privileges)"
                  RenderText {#text} at (179,1335) size 4x15
                    text run at (179,1335) width 4: " "
                  RenderBR {BR} at (183,1347) size 0x0
                  RenderInline {A} at (0,0) size 176x15 [color=#0000EE]
                    RenderText {#text} at (0,1350) size 176x15
                      text run at (0,1350) width 176: "REVOKE (Schema Privileges)"
                  RenderText {#text} at (176,1350) size 4x15
                    text run at (176,1350) width 4: " "
                  RenderBR {BR} at (180,1362) size 0x0
                  RenderInline {A} at (0,0) size 166x15 [color=#0000EE]
                    RenderText {#text} at (0,1365) size 166x15
                      text run at (0,1365) width 166: "REVOKE (Server Privileges)"
                  RenderText {#text} at (166,1365) size 4x15
                    text run at (166,1365) width 4: " "
                  RenderBR {BR} at (170,1377) size 0x0
                  RenderInline {A} at (0,0) size 275x15 [color=#0000EE]
                    RenderText {#text} at (0,1380) size 275x15
                      text run at (0,1380) width 275: "REVOKE (Table, View, or Nickname Privileges)"
                  RenderText {#text} at (274,1380) size 5x15
                    text run at (274,1380) width 5: " "
                  RenderBR {BR} at (278,1392) size 1x0
                  RenderInline {A} at (0,0) size 200x15 [color=#0000EE]
                    RenderText {#text} at (0,1395) size 200x15
                      text run at (0,1395) width 200: "REVOKE (Table Space Privileges)"
                  RenderText {#text} at (199,1395) size 5x15
                    text run at (199,1395) width 5: " "
                  RenderBR {BR} at (203,1407) size 1x0
                  RenderInline {A} at (0,0) size 69x15 [color=#0000EE]
                    RenderText {#text} at (0,1410) size 69x15
                      text run at (0,1410) width 69: "ROLLBACK"
                  RenderText {#text} at (69,1410) size 4x15
                    text run at (69,1410) width 4: " "
                  RenderBR {BR} at (73,1422) size 0x0
                  RenderInline {A} at (0,0) size 76x15 [color=#0000EE]
                    RenderText {#text} at (0,1425) size 76x15
                      text run at (0,1425) width 76: "SAVEPOINT"
                  RenderText {#text} at (75,1425) size 5x15
                    text run at (75,1425) width 5: " "
                  RenderBR {BR} at (79,1437) size 1x0
                  RenderInline {A} at (0,0) size 51x15 [color=#0000EE]
                    RenderText {#text} at (0,1440) size 51x15
                      text run at (0,1440) width 51: "SELECT"
                  RenderText {#text} at (51,1440) size 4x15
                    text run at (51,1440) width 4: " "
                  RenderBR {BR} at (55,1452) size 0x0
                  RenderInline {A} at (0,0) size 86x15 [color=#0000EE]
                    RenderText {#text} at (0,1455) size 86x15
                      text run at (0,1455) width 86: "SELECT INTO"
                  RenderText {#text} at (85,1455) size 5x15
                    text run at (85,1455) width 5: " "
                  RenderBR {BR} at (89,1467) size 1x0
                  RenderInline {A} at (0,0) size 116x15 [color=#0000EE]
                    RenderText {#text} at (0,1470) size 116x15
                      text run at (0,1470) width 116: "SET CONNECTION"
                  RenderText {#text} at (115,1470) size 5x15
                    text run at (115,1470) width 5: " "
                  RenderBR {BR} at (119,1482) size 1x0
                  RenderInline {A} at (0,0) size 290x15 [color=#0000EE]
                    RenderText {#text} at (0,1485) size 290x15
                      text run at (0,1485) width 290: "SET CURRENT DEFAULT TRANSFORM GROUP"
                  RenderText {#text} at (289,1485) size 5x15
                    text run at (289,1485) width 5: " "
                  RenderBR {BR} at (293,1497) size 1x0
                  RenderInline {A} at (0,0) size 151x15 [color=#0000EE]
                    RenderText {#text} at (0,1500) size 151x15
                      text run at (0,1500) width 151: "SET CURRENT DEGREE"
                  RenderText {#text} at (150,1500) size 5x15
                    text run at (150,1500) width 5: " "
                  RenderBR {BR} at (154,1512) size 1x0
                  RenderInline {A} at (0,0) size 195x15 [color=#0000EE]
                    RenderText {#text} at (0,1515) size 195x15
                      text run at (0,1515) width 195: "SET CURRENT EXPLAIN MODE"
                  RenderText {#text} at (194,1515) size 5x15
                    text run at (194,1515) width 5: " "
                  RenderBR {BR} at (198,1527) size 1x0
                  RenderInline {A} at (0,0) size 228x15 [color=#0000EE]
                    RenderText {#text} at (0,1530) size 228x15
                      text run at (0,1530) width 228: "SET CURRENT EXPLAIN SNAPSHOT"
                  RenderText {#text} at (227,1530) size 5x15
                    text run at (227,1530) width 5: " "
                  RenderBR {BR} at (231,1542) size 1x0
                  RenderInline {A} at (0,0) size 185x15 [color=#0000EE]
                    RenderText {#text} at (0,1545) size 185x15
                      text run at (0,1545) width 185: "SET CURRENT PACKAGESET"
                  RenderText {#text} at (184,1545) size 5x15
                    text run at (184,1545) width 5: " "
                  RenderBR {BR} at (188,1557) size 1x0
                  RenderInline {A} at (0,0) size 239x15 [color=#0000EE]
                    RenderText {#text} at (0,1560) size 239x15
                      text run at (0,1560) width 239: "SET CURRENT QUERY OPTIMIZATION"
                  RenderText {#text} at (238,1560) size 5x15
                    text run at (238,1560) width 5: " "
                  RenderBR {BR} at (242,1572) size 1x0
                  RenderInline {A} at (0,0) size 190x15 [color=#0000EE]
                    RenderText {#text} at (0,1575) size 190x15
                      text run at (0,1575) width 190: "SET CURRENT REFRESH AGE"
                  RenderText {#text} at (189,1575) size 5x15
                    text run at (189,1575) width 5: " "
                  RenderBR {BR} at (193,1587) size 1x0
                  RenderInline {A} at (0,0) size 184x15 [color=#0000EE]
                    RenderText {#text} at (0,1590) size 184x15
                      text run at (0,1590) width 184: "SET EVENT MONITOR STATE"
                  RenderText {#text} at (183,1590) size 5x15
                    text run at (183,1590) width 5: " "
                  RenderBR {BR} at (187,1602) size 1x0
                  RenderInline {A} at (0,0) size 100x15 [color=#0000EE]
                    RenderText {#text} at (0,1605) size 100x15
                      text run at (0,1605) width 100: "SET INTEGRITY"
                  RenderText {#text} at (99,1605) size 5x15
                    text run at (99,1605) width 5: " "
                  RenderBR {BR} at (103,1617) size 1x0
                  RenderInline {A} at (0,0) size 100x15 [color=#0000EE]
                    RenderText {#text} at (0,1620) size 100x15
                      text run at (0,1620) width 100: "SET PASSTHRU"
                  RenderText {#text} at (99,1620) size 5x15
                    text run at (99,1620) width 5: " "
                  RenderBR {BR} at (103,1632) size 1x0
                  RenderInline {A} at (0,0) size 63x15 [color=#0000EE]
                    RenderText {#text} at (0,1635) size 63x15
                      text run at (0,1635) width 63: "SET PATH"
                  RenderText {#text} at (62,1635) size 5x15
                    text run at (62,1635) width 5: " "
                  RenderBR {BR} at (66,1647) size 1x0
                  RenderInline {A} at (0,0) size 86x15 [color=#0000EE]
                    RenderText {#text} at (0,1650) size 86x15
                      text run at (0,1650) width 86: "SET SCHEMA"
                  RenderText {#text} at (85,1650) size 5x15
                    text run at (85,1650) width 5: " "
                  RenderBR {BR} at (89,1662) size 1x0
                  RenderInline {A} at (0,0) size 138x15 [color=#0000EE]
                    RenderText {#text} at (0,1665) size 138x15
                      text run at (0,1665) width 138: "SET SERVER OPTION"
                  RenderText {#text} at (137,1665) size 5x15
                    text run at (137,1665) width 5: " "
                  RenderBR {BR} at (141,1677) size 1x0
                  RenderInline {A} at (0,0) size 132x15 [color=#0000EE]
                    RenderText {#text} at (0,1680) size 132x15
                      text run at (0,1680) width 132: "SET transition-variable"
                  RenderText {#text} at (131,1680) size 5x15
                    text run at (131,1680) width 5: " "
                  RenderBR {BR} at (135,1692) size 1x0
                  RenderInline {A} at (0,0) size 119x15 [color=#0000EE]
                    RenderText {#text} at (0,1695) size 119x15
                      text run at (0,1695) width 119: "SIGNAL SQLSTATE"
                  RenderText {#text} at (118,1695) size 5x15
                    text run at (118,1695) width 5: " "
                  RenderBR {BR} at (122,1707) size 1x0
                  RenderInline {A} at (0,0) size 53x15 [color=#0000EE]
                    RenderText {#text} at (0,1710) size 53x15
                      text run at (0,1710) width 53: "UPDATE"
                  RenderText {#text} at (52,1710) size 5x15
                    text run at (52,1710) width 5: " "
                  RenderBR {BR} at (56,1722) size 1x0
                  RenderInline {A} at (0,0) size 52x15 [color=#0000EE]
                    RenderText {#text} at (0,1725) size 52x15
                      text run at (0,1725) width 52: "VALUES"
                  RenderText {#text} at (51,1725) size 5x15
                    text run at (51,1725) width 5: " "
                  RenderBR {BR} at (55,1737) size 1x0
                  RenderInline {A} at (0,0) size 86x15 [color=#0000EE]
                    RenderText {#text} at (0,1740) size 86x15
                      text run at (0,1740) width 86: "VALUES INTO"
                  RenderText {#text} at (85,1740) size 5x15
                    text run at (85,1740) width 5: " "
                  RenderBR {BR} at (89,1752) size 1x0
                  RenderInline {A} at (0,0) size 75x15 [color=#0000EE]
                    RenderText {#text} at (0,1755) size 75x15
                      text run at (0,1755) width 75: "WHENEVER"
                  RenderText {#text} at (0,0) size 0x0
                RenderBlock {P} at (0,7302) size 715x301
                  RenderInline {B} at (0,0) size 102x15
                    RenderInline {A} at (0,0) size 102x15 [color=#0000EE]
                      RenderText {#text} at (0,0) size 102x15
                        text run at (0,0) width 102: "SQL Procedures"
                  RenderBR {BR} at (101,12) size 1x0
                  RenderBR {BR} at (0,15) size 0x15
                  RenderInline {A} at (0,0) size 153x15 [color=#0000EE]
                    RenderText {#text} at (0,30) size 153x15
                      text run at (0,30) width 153: "SQL Procedure Statement"
                  RenderText {#text} at (152,30) size 5x15
                    text run at (152,30) width 5: " "
                  RenderBR {BR} at (156,42) size 1x0
                  RenderInline {A} at (0,0) size 191x15 [color=#0000EE]
                    RenderText {#text} at (0,45) size 191x15
                      text run at (0,45) width 191: "ALLOCATE CURSOR Statement"
                  RenderText {#text} at (190,45) size 5x15
                    text run at (190,45) width 5: " "
                  RenderBR {BR} at (194,57) size 1x0
                  RenderInline {A} at (0,0) size 133x15 [color=#0000EE]
                    RenderText {#text} at (0,60) size 133x15
                      text run at (0,60) width 133: "Assignment Statement"
                  RenderText {#text} at (133,60) size 4x15
                    text run at (133,60) width 4: " "
                  RenderBR {BR} at (137,72) size 0x0
                  RenderInline {A} at (0,0) size 213x15 [color=#0000EE]
                    RenderText {#text} at (0,75) size 213x15
                      text run at (0,75) width 213: "ASSOCIATE LOCATORS Statement"
                  RenderText {#text} at (212,75) size 5x15
                    text run at (212,75) width 5: " "
                  RenderBR {BR} at (216,87) size 1x0
                  RenderInline {A} at (0,0) size 100x15 [color=#0000EE]
                    RenderText {#text} at (0,90) size 100x15
                      text run at (0,90) width 100: "CASE Statement"
                  RenderText {#text} at (100,90) size 4x15
                    text run at (100,90) width 4: " "
                  RenderBR {BR} at (104,102) size 0x0
                  RenderInline {A} at (0,0) size 126x15 [color=#0000EE]
                    RenderText {#text} at (0,105) size 126x15
                      text run at (0,105) width 126: "Compound Statement"
                  RenderText {#text} at (126,105) size 4x15
                    text run at (126,105) width 4: " "
                  RenderBR {BR} at (130,117) size 0x0
                  RenderInline {A} at (0,0) size 91x15 [color=#0000EE]
                    RenderText {#text} at (0,120) size 91x15
                      text run at (0,120) width 91: "FOR Statement"
                  RenderText {#text} at (91,120) size 4x15
                    text run at (91,120) width 4: " "
                  RenderBR {BR} at (95,132) size 0x0
                  RenderInline {A} at (0,0) size 185x15 [color=#0000EE]
                    RenderText {#text} at (0,135) size 185x15
                      text run at (0,135) width 185: "GET DIAGNOSTICS Statement"
                  RenderText {#text} at (184,135) size 5x15
                    text run at (184,135) width 5: " "
                  RenderBR {BR} at (188,147) size 1x0
                  RenderInline {A} at (0,0) size 102x15 [color=#0000EE]
                    RenderText {#text} at (0,150) size 102x15
                      text run at (0,150) width 102: "GOTO Statement"
                  RenderText {#text} at (101,150) size 5x15
                    text run at (101,150) width 5: " "
                  RenderBR {BR} at (105,162) size 1x0
                  RenderInline {A} at (0,0) size 76x15 [color=#0000EE]
                    RenderText {#text} at (0,165) size 76x15
                      text run at (0,165) width 76: "IF Statement"
                  RenderText {#text} at (76,165) size 4x15
                    text run at (76,165) width 4: " "
                  RenderBR {BR} at (80,177) size 0x0
                  RenderInline {A} at (0,0) size 120x15 [color=#0000EE]
                    RenderText {#text} at (0,180) size 120x15
                      text run at (0,180) width 120: "ITERATE Statement"
                  RenderText {#text} at (119,180) size 5x15
                    text run at (119,180) width 5: " "
                  RenderBR {BR} at (123,192) size 1x0
                  RenderInline {A} at (0,0) size 107x15 [color=#0000EE]
                    RenderText {#text} at (0,195) size 107x15
                      text run at (0,195) width 107: "LEAVE Statement"
                  RenderText {#text} at (106,195) size 5x15
                    text run at (106,195) width 5: " "
                  RenderBR {BR} at (110,207) size 1x0
                  RenderInline {A} at (0,0) size 100x15 [color=#0000EE]
                    RenderText {#text} at (0,210) size 100x15
                      text run at (0,210) width 100: "LOOP Statement"
                  RenderText {#text} at (99,210) size 5x15
                    text run at (99,210) width 5: " "
                  RenderBR {BR} at (103,222) size 1x0
                  RenderInline {A} at (0,0) size 116x15 [color=#0000EE]
                    RenderText {#text} at (0,225) size 116x15
                      text run at (0,225) width 116: "REPEAT Statement"
                  RenderText {#text} at (115,225) size 5x15
                    text run at (115,225) width 5: " "
                  RenderBR {BR} at (119,237) size 1x0
                  RenderInline {A} at (0,0) size 130x15 [color=#0000EE]
                    RenderText {#text} at (0,240) size 130x15
                      text run at (0,240) width 130: "RESIGNAL Statement"
                  RenderText {#text} at (129,240) size 5x15
                    text run at (129,240) width 5: " "
                  RenderBR {BR} at (133,252) size 1x0
                  RenderInline {A} at (0,0) size 117x15 [color=#0000EE]
                    RenderText {#text} at (0,255) size 117x15
                      text run at (0,255) width 117: "RETURN Statement"
                  RenderText {#text} at (117,255) size 4x15
                    text run at (117,255) width 4: " "
                  RenderBR {BR} at (121,267) size 0x0
                  RenderInline {A} at (0,0) size 112x15 [color=#0000EE]
                    RenderText {#text} at (0,270) size 112x15
                      text run at (0,270) width 112: "SIGNAL Statement"
                  RenderText {#text} at (111,270) size 5x15
                    text run at (111,270) width 5: " "
                  RenderBR {BR} at (115,282) size 1x0
                  RenderInline {A} at (0,0) size 105x15 [color=#0000EE]
                    RenderText {#text} at (0,285) size 105x15
                      text run at (0,285) width 105: "WHILE Statement"
                  RenderText {#text} at (0,0) size 0x0
                RenderBlock {P} at (0,7615) size 715x16
                  RenderInline {B} at (0,0) size 150x15
                    RenderInline {A} at (0,0) size 150x15 [color=#0000EE]
                      RenderText {#text} at (0,0) size 150x15
                        text run at (0,0) width 150: "Appendix A. SQL Limits"
                  RenderBR {BR} at (149,12) size 1x0
                RenderBlock {P} at (0,7643) size 715x91
                  RenderInline {B} at (0,0) size 274x15
                    RenderInline {A} at (0,0) size 274x15 [color=#0000EE]
                      RenderText {#text} at (0,0) size 274x15
                        text run at (0,0) width 274: "Appendix B. SQL Communications (SQLCA)"
                  RenderBR {BR} at (273,12) size 1x0
                  RenderBR {BR} at (0,15) size 0x15
                  RenderInline {A} at (0,0) size 190x15 [color=#0000EE]
                    RenderText {#text} at (0,30) size 190x15
                      text run at (0,30) width 190: "Viewing the SQLCA Interactively"
                  RenderText {#text} at (189,30) size 5x15
                    text run at (189,30) width 5: " "
                  RenderBR {BR} at (193,42) size 1x0
                  RenderInline {A} at (0,0) size 152x15 [color=#0000EE]
                    RenderText {#text} at (0,45) size 152x15
                      text run at (0,45) width 152: "SQLCA Field Descriptions"
                  RenderText {#text} at (151,45) size 5x15
                    text run at (151,45) width 5: " "
                  RenderBR {BR} at (155,57) size 1x0
                  RenderInline {A} at (0,0) size 138x15 [color=#0000EE]
                    RenderText {#text} at (0,60) size 138x15
                      text run at (0,60) width 138: "Order of Error Reporting"
                  RenderText {#text} at (138,60) size 4x15
                    text run at (138,60) width 4: " "
                  RenderBR {BR} at (142,72) size 0x0
                  RenderInline {A} at (0,0) size 325x15 [color=#0000EE]
                    RenderText {#text} at (0,75) size 325x15
                      text run at (0,75) width 325: "DB2 Enterprise - Extended Edition Usage of the SQLCA"
                  RenderText {#text} at (0,0) size 0x0
                RenderBlock {P} at (0,7746) size 715x166
                  RenderInline {B} at (0,0) size 264x15
                    RenderInline {A} at (0,0) size 264x15 [color=#0000EE]
                      RenderText {#text} at (0,0) size 264x15
                        text run at (0,0) width 264: "Appendix C. SQL Descriptor Area (SQLDA)"
                  RenderBR {BR} at (263,12) size 1x0
                  RenderBR {BR} at (0,15) size 0x15
                  RenderInline {A} at (0,0) size 104x15 [color=#0000EE]
                    RenderText {#text} at (0,30) size 104x15
                      text run at (0,30) width 104: "Field Descriptions"
                  RenderText {#text} at (104,30) size 4x15
                    text run at (104,30) width 4: " "
                  RenderBR {BR} at (108,42) size 0x0
                  RenderInline {A} at (0,0) size 164x15 [color=#0000EE]
                    RenderText {#text} at (0,45) size 164x15
                      text run at (0,45) width 164: "Fields in the SQLDA Header"
                  RenderText {#text} at (163,45) size 5x15
                    text run at (163,45) width 5: " "
                  RenderBR {BR} at (167,57) size 1x0
                  RenderInline {A} at (0,0) size 254x15 [color=#0000EE]
                    RenderText {#text} at (0,60) size 254x15
                      text run at (0,60) width 254: "Fields in an Occurrence of a Base SQLVAR"
                  RenderText {#text} at (253,60) size 5x15
                    text run at (253,60) width 5: " "
                  RenderBR {BR} at (257,72) size 1x0
                  RenderInline {A} at (0,0) size 286x15 [color=#0000EE]
                    RenderText {#text} at (0,75) size 286x15
                      text run at (0,75) width 286: "Fields in an Occurrence of a Secondary SQLVAR"
                  RenderText {#text} at (285,75) size 5x15
                    text run at (285,75) width 5: " "
                  RenderBR {BR} at (289,87) size 1x0
                  RenderInline {A} at (0,0) size 209x15 [color=#0000EE]
                    RenderText {#text} at (0,90) size 209x15
                      text run at (0,90) width 209: "Effect of DESCRIBE on the SQLDA"
                  RenderText {#text} at (208,90) size 5x15
                    text run at (208,90) width 5: " "
                  RenderBR {BR} at (212,102) size 1x0
                  RenderInline {A} at (0,0) size 141x15 [color=#0000EE]
                    RenderText {#text} at (0,105) size 141x15
                      text run at (0,105) width 141: "SQLTYPE and SQLLEN"
                  RenderText {#text} at (140,105) size 5x15
                    text run at (140,105) width 5: " "
                  RenderBR {BR} at (144,117) size 1x0
                  RenderInline {A} at (0,0) size 255x15 [color=#0000EE]
                    RenderText {#text} at (0,120) size 255x15
                      text run at (0,120) width 255: "Unrecognized and Unsupported SQLTYPES"
                  RenderText {#text} at (254,120) size 5x15
                    text run at (254,120) width 5: " "
                  RenderBR {BR} at (258,132) size 1x0
                  RenderInline {A} at (0,0) size 151x15 [color=#0000EE]
                    RenderText {#text} at (0,135) size 151x15
                      text run at (0,135) width 151: "Packed Decimal Numbers"
                  RenderText {#text} at (151,135) size 4x15
                    text run at (151,135) width 4: " "
                  RenderBR {BR} at (155,147) size 0x0
                  RenderInline {A} at (0,0) size 153x15 [color=#0000EE]
                    RenderText {#text} at (0,150) size 153x15
                      text run at (0,150) width 153: "SQLLEN Field for Decimal"
                  RenderText {#text} at (0,0) size 0x0
                RenderBlock {P} at (0,7924) size 715x1096
                  RenderInline {B} at (0,0) size 168x15
                    RenderInline {A} at (0,0) size 168x15 [color=#0000EE]
                      RenderText {#text} at (0,0) size 168x15
                        text run at (0,0) width 168: "Appendix D. Catalog Views"
                  RenderBR {BR} at (167,12) size 1x0
                  RenderBR {BR} at (0,15) size 0x15
                  RenderInline {A} at (0,0) size 145x15 [color=#0000EE]
                    RenderText {#text} at (0,30) size 145x15
                      text run at (0,30) width 145: "Updatable Catalog Views"
                  RenderText {#text} at (144,30) size 5x15
                    text run at (144,30) width 5: " "
                  RenderBR {BR} at (148,42) size 1x0
                  RenderInline {A} at (0,0) size 161x15 [color=#0000EE]
                    RenderText {#text} at (0,45) size 161x15
                      text run at (0,45) width 161: "'Roadmap' to Catalog Views"
                  RenderText {#text} at (160,45) size 5x15
                    text run at (160,45) width 5: " "
                  RenderBR {BR} at (164,57) size 1x0
                  RenderInline {A} at (0,0) size 223x15 [color=#0000EE]
                    RenderText {#text} at (0,60) size 223x15
                      text run at (0,60) width 223: "'Roadmap' to Updatable Catalog Views"
                  RenderText {#text} at (222,60) size 5x15
                    text run at (222,60) width 5: " "
                  RenderBR {BR} at (226,72) size 1x0
                  RenderInline {A} at (0,0) size 138x15 [color=#0000EE]
                    RenderText {#text} at (0,75) size 138x15
                      text run at (0,75) width 138: "SYSIBM.SYSDUMMY1"
                  RenderText {#text} at (138,75) size 4x15
                    text run at (138,75) width 4: " "
                  RenderBR {BR} at (142,87) size 0x0
                  RenderInline {A} at (0,0) size 136x15 [color=#0000EE]
                    RenderText {#text} at (0,90) size 136x15
                      text run at (0,90) width 136: "SYSCAT.ATTRIBUTES"
                  RenderText {#text} at (135,90) size 5x15
                    text run at (135,90) width 5: " "
                  RenderBR {BR} at (139,102) size 1x0
                  RenderInline {A} at (0,0) size 189x15 [color=#0000EE]
                    RenderText {#text} at (0,105) size 189x15
                      text run at (0,105) width 189: "SYSCAT.BUFFERPOOLNODES"
                  RenderText {#text} at (188,105) size 5x15
                    text run at (188,105) width 5: " "
                  RenderBR {BR} at (192,117) size 1x0
                  RenderInline {A} at (0,0) size 152x15 [color=#0000EE]
                    RenderText {#text} at (0,120) size 152x15
                      text run at (0,120) width 152: "SYSCAT.BUFFERPOOLS"
                  RenderText {#text} at (151,120) size 5x15
                    text run at (151,120) width 5: " "
                  RenderBR {BR} at (155,132) size 1x0
                  RenderInline {A} at (0,0) size 165x15 [color=#0000EE]
                    RenderText {#text} at (0,135) size 165x15
                      text run at (0,135) width 165: "SYSCAT.CASTFUNCTIONS"
                  RenderText {#text} at (164,135) size 5x15
                    text run at (164,135) width 5: " "
                  RenderBR {BR} at (168,147) size 1x0
                  RenderInline {A} at (0,0) size 109x15 [color=#0000EE]
                    RenderText {#text} at (0,150) size 109x15
                      text run at (0,150) width 109: "SYSCAT.CHECKS"
                  RenderText {#text} at (108,150) size 5x15
                    text run at (108,150) width 5: " "
                  RenderBR {BR} at (112,162) size 1x0
                  RenderInline {A} at (0,0) size 116x15 [color=#0000EE]
                    RenderText {#text} at (0,165) size 116x15
                      text run at (0,165) width 116: "SYSCAT.COLAUTH"
                  RenderText {#text} at (115,165) size 5x15
                    text run at (115,165) width 5: " "
                  RenderBR {BR} at (119,177) size 1x0
                  RenderInline {A} at (0,0) size 135x15 [color=#0000EE]
                    RenderText {#text} at (0,180) size 135x15
                      text run at (0,180) width 135: "SYSCAT.COLCHECKS"
                  RenderText {#text} at (134,180) size 5x15
                    text run at (134,180) width 5: " "
                  RenderBR {BR} at (138,192) size 1x0
                  RenderInline {A} at (0,0) size 111x15 [color=#0000EE]
                    RenderText {#text} at (0,195) size 111x15
                      text run at (0,195) width 111: "SYSCAT.COLDIST"
                  RenderText {#text} at (110,195) size 5x15
                    text run at (110,195) width 5: " "
                  RenderBR {BR} at (114,207) size 1x0
                  RenderInline {A} at (0,0) size 140x15 [color=#0000EE]
                    RenderText {#text} at (0,210) size 140x15
                      text run at (0,210) width 140: "SYSCAT.COLOPTIONS"
                  RenderText {#text} at (139,210) size 5x15
                    text run at (139,210) width 5: " "
                  RenderBR {BR} at (143,222) size 1x0
                  RenderInline {A} at (0,0) size 119x15 [color=#0000EE]
                    RenderText {#text} at (0,225) size 119x15
                      text run at (0,225) width 119: "SYSCAT.COLUMNS"
                  RenderText {#text} at (118,225) size 5x15
                    text run at (118,225) width 5: " "
                  RenderBR {BR} at (122,237) size 1x0
                  RenderInline {A} at (0,0) size 127x15 [color=#0000EE]
                    RenderText {#text} at (0,240) size 127x15
                      text run at (0,240) width 127: "SYSCAT.CONSTDEP"
                  RenderText {#text} at (126,240) size 5x15
                    text run at (126,240) width 5: " "
                  RenderBR {BR} at (130,252) size 1x0
                  RenderInline {A} at (0,0) size 131x15 [color=#0000EE]
                    RenderText {#text} at (0,255) size 131x15
                      text run at (0,255) width 131: "SYSCAT.DATATYPES"
                  RenderText {#text} at (130,255) size 5x15
                    text run at (130,255) width 5: " "
                  RenderBR {BR} at (134,267) size 1x0
                  RenderInline {A} at (0,0) size 108x15 [color=#0000EE]
                    RenderText {#text} at (0,270) size 108x15
                      text run at (0,270) width 108: "SYSCAT.DBAUTH"
                  RenderText {#text} at (107,270) size 5x15
                    text run at (107,270) width 5: " "
                  RenderBR {BR} at (111,282) size 1x0
                  RenderInline {A} at (0,0) size 169x15 [color=#0000EE]
                    RenderText {#text} at (0,285) size 169x15
                      text run at (0,285) width 169: "SYSCAT.EVENTMONITORS"
                  RenderText {#text} at (168,285) size 5x15
                    text run at (168,285) width 5: " "
                  RenderBR {BR} at (172,297) size 1x0
                  RenderInline {A} at (0,0) size 108x15 [color=#0000EE]
                    RenderText {#text} at (0,300) size 108x15
                      text run at (0,300) width 108: "SYSCAT.EVENTS"
                  RenderText {#text} at (107,300) size 5x15
                    text run at (107,300) width 5: " "
                  RenderBR {BR} at (111,312) size 1x0
                  RenderInline {A} at (0,0) size 175x15 [color=#0000EE]
                    RenderText {#text} at (0,315) size 175x15
                      text run at (0,315) width 175: "SYSCAT.FULLHIERARCHIES"
                  RenderText {#text} at (174,315) size 5x15
                    text run at (174,315) width 5: " "
                  RenderBR {BR} at (178,327) size 1x0
                  RenderInline {A} at (0,0) size 117x15 [color=#0000EE]
                    RenderText {#text} at (0,330) size 117x15
                      text run at (0,330) width 117: "SYSCAT.FUNCDEP"
                  RenderText {#text} at (116,330) size 5x15
                    text run at (116,330) width 5: " "
                  RenderBR {BR} at (120,342) size 1x0
                  RenderInline {A} at (0,0) size 178x15 [color=#0000EE]
                    RenderText {#text} at (0,345) size 178x15
                      text run at (0,345) width 178: "SYSCAT.FUNCMAPOPTIONS"
                  RenderText {#text} at (177,345) size 5x15
                    text run at (177,345) width 5: " "
                  RenderBR {BR} at (181,357) size 1x0
                  RenderInline {A} at (0,0) size 215x15 [color=#0000EE]
                    RenderText {#text} at (0,360) size 215x15
                      text run at (0,360) width 215: "SYSCAT.FUNCMAPPARMOPTIONS"
                  RenderText {#text} at (214,360) size 5x15
                    text run at (214,360) width 5: " "
                  RenderBR {BR} at (218,372) size 1x0
                  RenderInline {A} at (0,0) size 160x15 [color=#0000EE]
                    RenderText {#text} at (0,375) size 160x15
                      text run at (0,375) width 160: "SYSCAT.FUNCMAPPINGS"
                  RenderText {#text} at (159,375) size 5x15
                    text run at (159,375) width 5: " "
                  RenderBR {BR} at (163,387) size 1x0
                  RenderInline {A} at (0,0) size 136x15 [color=#0000EE]
                    RenderText {#text} at (0,390) size 136x15
                      text run at (0,390) width 136: "SYSCAT.FUNCPARMS"
                  RenderText {#text} at (135,390) size 5x15
                    text run at (135,390) width 5: " "
                  RenderBR {BR} at (139,402) size 1x0
                  RenderInline {A} at (0,0) size 130x15 [color=#0000EE]
                    RenderText {#text} at (0,405) size 130x15
                      text run at (0,405) width 130: "SYSCAT.FUNCTIONS"
                  RenderText {#text} at (129,405) size 5x15
                    text run at (129,405) width 5: " "
                  RenderBR {BR} at (133,417) size 1x0
                  RenderInline {A} at (0,0) size 144x15 [color=#0000EE]
                    RenderText {#text} at (0,420) size 144x15
                      text run at (0,420) width 144: "SYSCAT.HIERARCHIES"
                  RenderText {#text} at (143,420) size 5x15
                    text run at (143,420) width 5: " "
                  RenderBR {BR} at (147,432) size 1x0
                  RenderInline {A} at (0,0) size 130x15 [color=#0000EE]
                    RenderText {#text} at (0,435) size 130x15
                      text run at (0,435) width 130: "SYSCAT.INDEXAUTH"
                  RenderText {#text} at (129,435) size 5x15
                    text run at (129,435) width 5: " "
                  RenderBR {BR} at (133,447) size 1x0
                  RenderInline {A} at (0,0) size 148x15 [color=#0000EE]
                    RenderText {#text} at (0,450) size 148x15
                      text run at (0,450) width 148: "SYSCAT.INDEXCOLUSE"
                  RenderText {#text} at (147,450) size 5x15
                    text run at (147,450) width 5: " "
                  RenderBR {BR} at (151,462) size 1x0
                  RenderInline {A} at (0,0) size 122x15 [color=#0000EE]
                    RenderText {#text} at (0,465) size 122x15
                      text run at (0,465) width 122: "SYSCAT.INDEXDEP"
                  RenderText {#text} at (121,465) size 5x15
                    text run at (121,465) width 5: " "
                  RenderBR {BR} at (125,477) size 1x0
                  RenderInline {A} at (0,0) size 113x15 [color=#0000EE]
                    RenderText {#text} at (0,480) size 113x15
                      text run at (0,480) width 113: "SYSCAT.INDEXES"
                  RenderText {#text} at (112,480) size 5x15
                    text run at (112,480) width 5: " "
                  RenderBR {BR} at (116,492) size 1x0
                  RenderInline {A} at (0,0) size 154x15 [color=#0000EE]
                    RenderText {#text} at (0,495) size 154x15
                      text run at (0,495) width 154: "SYSCAT.INDEXOPTIONS"
                  RenderText {#text} at (153,495) size 5x15
                    text run at (153,495) width 5: " "
                  RenderBR {BR} at (157,507) size 1x0
                  RenderInline {A} at (0,0) size 135x15 [color=#0000EE]
                    RenderText {#text} at (0,510) size 135x15
                      text run at (0,510) width 135: "SYSCAT.KEYCOLUSE"
                  RenderText {#text} at (134,510) size 5x15
                    text run at (134,510) width 5: " "
                  RenderBR {BR} at (138,522) size 1x0
                  RenderInline {A} at (0,0) size 163x15 [color=#0000EE]
                    RenderText {#text} at (0,525) size 163x15
                      text run at (0,525) width 163: "SYSCAT.NAMEMAPPINGS"
                  RenderText {#text} at (162,525) size 5x15
                    text run at (162,525) width 5: " "
                  RenderBR {BR} at (166,537) size 1x0
                  RenderInline {A} at (0,0) size 165x15 [color=#0000EE]
                    RenderText {#text} at (0,540) size 165x15
                      text run at (0,540) width 165: "SYSCAT.NODEGROUPDEF"
                  RenderText {#text} at (164,540) size 5x15
                    text run at (164,540) width 5: " "
                  RenderBR {BR} at (168,552) size 1x0
                  RenderInline {A} at (0,0) size 148x15 [color=#0000EE]
                    RenderText {#text} at (0,555) size 148x15
                      text run at (0,555) width 148: "SYSCAT.NODEGROUPS"
                  RenderText {#text} at (147,555) size 5x15
                    text run at (147,555) width 5: " "
                  RenderBR {BR} at (151,567) size 1x0
                  RenderInline {A} at (0,0) size 153x15 [color=#0000EE]
                    RenderText {#text} at (0,570) size 153x15
                      text run at (0,570) width 153: "SYSCAT.PACKAGEAUTH"
                  RenderText {#text} at (152,570) size 5x15
                    text run at (152,570) width 5: " "
                  RenderBR {BR} at (156,582) size 1x0
                  RenderInline {A} at (0,0) size 145x15 [color=#0000EE]
                    RenderText {#text} at (0,585) size 145x15
                      text run at (0,585) width 145: "SYSCAT.PACKAGEDEP"
                  RenderText {#text} at (144,585) size 5x15
                    text run at (144,585) width 5: " "
                  RenderBR {BR} at (148,597) size 1x0
                  RenderInline {A} at (0,0) size 127x15 [color=#0000EE]
                    RenderText {#text} at (0,600) size 127x15
                      text run at (0,600) width 127: "SYSCAT.PACKAGES"
                  RenderText {#text} at (126,600) size 5x15
                    text run at (126,600) width 5: " "
                  RenderBR {BR} at (130,612) size 1x0
                  RenderInline {A} at (0,0) size 162x15 [color=#0000EE]
                    RenderText {#text} at (0,615) size 162x15
                      text run at (0,615) width 162: "SYSCAT.PARTITIONMAPS"
                  RenderText {#text} at (161,615) size 5x15
                    text run at (161,615) width 5: " "
                  RenderBR {BR} at (165,627) size 1x0
                  RenderInline {A} at (0,0) size 160x15 [color=#0000EE]
                    RenderText {#text} at (0,630) size 160x15
                      text run at (0,630) width 160: "SYSCAT.PASSTHRUAUTH"
                  RenderText {#text} at (159,630) size 5x15
                    text run at (159,630) width 5: " "
                  RenderBR {BR} at (163,642) size 1x0
                  RenderInline {A} at (0,0) size 146x15 [color=#0000EE]
                    RenderText {#text} at (0,645) size 146x15
                      text run at (0,645) width 146: "SYSCAT.PROCEDURES"
                  RenderText {#text} at (145,645) size 5x15
                    text run at (145,645) width 5: " "
                  RenderBR {BR} at (149,657) size 1x0
                  RenderInline {A} at (0,0) size 151x15 [color=#0000EE]
                    RenderText {#text} at (0,660) size 151x15
                      text run at (0,660) width 151: "SYSCAT.PROCOPTIONS"
                  RenderText {#text} at (150,660) size 5x15
                    text run at (150,660) width 5: " "
                  RenderBR {BR} at (154,672) size 1x0
                  RenderInline {A} at (0,0) size 188x15 [color=#0000EE]
                    RenderText {#text} at (0,675) size 188x15
                      text run at (0,675) width 188: "SYSCAT.PROCPARMOPTIONS"
                  RenderText {#text} at (187,675) size 5x15
                    text run at (187,675) width 5: " "
                  RenderBR {BR} at (191,687) size 1x0
                  RenderInline {A} at (0,0) size 138x15 [color=#0000EE]
                    RenderText {#text} at (0,690) size 138x15
                      text run at (0,690) width 138: "SYSCAT.PROCPARMS"
                  RenderText {#text} at (137,690) size 5x15
                    text run at (137,690) width 5: " "
                  RenderBR {BR} at (141,702) size 1x0
                  RenderInline {A} at (0,0) size 144x15 [color=#0000EE]
                    RenderText {#text} at (0,705) size 144x15
                      text run at (0,705) width 144: "SYSCAT.REFERENCES"
                  RenderText {#text} at (143,705) size 5x15
                    text run at (143,705) width 5: " "
                  RenderBR {BR} at (147,717) size 1x0
                  RenderInline {A} at (0,0) size 187x15 [color=#0000EE]
                    RenderText {#text} at (0,720) size 187x15
                      text run at (0,720) width 187: "SYSCAT.REVTYPEMAPPINGS"
                  RenderText {#text} at (186,720) size 5x15
                    text run at (186,720) width 5: " "
                  RenderBR {BR} at (190,732) size 1x0
                  RenderInline {A} at (0,0) size 146x15 [color=#0000EE]
                    RenderText {#text} at (0,735) size 146x15
                      text run at (0,735) width 146: "SYSCAT.SCHEMAAUTH"
                  RenderText {#text} at (145,735) size 5x15
                    text run at (145,735) width 5: " "
                  RenderBR {BR} at (149,747) size 1x0
                  RenderInline {A} at (0,0) size 126x15 [color=#0000EE]
                    RenderText {#text} at (0,750) size 126x15
                      text run at (0,750) width 126: "SYSCAT.SCHEMATA"
                  RenderText {#text} at (125,750) size 5x15
                    text run at (125,750) width 5: " "
                  RenderBR {BR} at (129,762) size 1x0
                  RenderInline {A} at (0,0) size 168x15 [color=#0000EE]
                    RenderText {#text} at (0,765) size 168x15
                      text run at (0,765) width 168: "SYSCAT.SERVEROPTIONS"
                  RenderText {#text} at (167,765) size 5x15
                    text run at (167,765) width 5: " "
                  RenderBR {BR} at (171,777) size 1x0
                  RenderInline {A} at (0,0) size 118x15 [color=#0000EE]
                    RenderText {#text} at (0,780) size 118x15
                      text run at (0,780) width 118: "SYSCAT.SERVERS"
                  RenderText {#text} at (117,780) size 5x15
                    text run at (117,780) width 5: " "
                  RenderBR {BR} at (121,792) size 1x0
                  RenderInline {A} at (0,0) size 142x15 [color=#0000EE]
                    RenderText {#text} at (0,795) size 142x15
                      text run at (0,795) width 142: "SYSCAT.STATEMENTS"
                  RenderText {#text} at (141,795) size 5x15
                    text run at (141,795) width 5: " "
                  RenderBR {BR} at (145,807) size 1x0
                  RenderInline {A} at (0,0) size 115x15 [color=#0000EE]
                    RenderText {#text} at (0,810) size 115x15
                      text run at (0,810) width 115: "SYSCAT.TABAUTH"
                  RenderText {#text} at (114,810) size 5x15
                    text run at (114,810) width 5: " "
                  RenderBR {BR} at (118,822) size 1x0
                  RenderInline {A} at (0,0) size 125x15 [color=#0000EE]
                    RenderText {#text} at (0,825) size 125x15
                      text run at (0,825) width 125: "SYSCAT.TABCONST"
                  RenderText {#text} at (124,825) size 5x15
                    text run at (124,825) width 5: " "
                  RenderBR {BR} at (128,837) size 1x0
                  RenderInline {A} at (0,0) size 105x15 [color=#0000EE]
                    RenderText {#text} at (0,840) size 105x15
                      text run at (0,840) width 105: "SYSCAT.TABLES"
                  RenderText {#text} at (104,840) size 5x15
                    text run at (104,840) width 5: " "
                  RenderBR {BR} at (108,852) size 1x0
                  RenderInline {A} at (0,0) size 149x15 [color=#0000EE]
                    RenderText {#text} at (0,855) size 149x15
                      text run at (0,855) width 149: "SYSCAT.TABLESPACES"
                  RenderText {#text} at (148,855) size 5x15
                    text run at (148,855) width 5: " "
                  RenderBR {BR} at (152,867) size 1x0
                  RenderInline {A} at (0,0) size 139x15 [color=#0000EE]
                    RenderText {#text} at (0,870) size 139x15
                      text run at (0,870) width 139: "SYSCAT.TABOPTIONS"
                  RenderText {#text} at (138,870) size 5x15
                    text run at (138,870) width 5: " "
                  RenderBR {BR} at (142,882) size 1x0
                  RenderInline {A} at (0,0) size 151x15 [color=#0000EE]
                    RenderText {#text} at (0,885) size 151x15
                      text run at (0,885) width 151: "SYSCAT.TBSPACEAUTH"
                  RenderText {#text} at (150,885) size 5x15
                    text run at (150,885) width 5: " "
                  RenderBR {BR} at (154,897) size 1x0
                  RenderInline {A} at (0,0) size 113x15 [color=#0000EE]
                    RenderText {#text} at (0,900) size 113x15
                      text run at (0,900) width 113: "SYSCAT.TRIGDEP"
                  RenderText {#text} at (112,900) size 5x15
                    text run at (112,900) width 5: " "
                  RenderBR {BR} at (116,912) size 1x0
                  RenderInline {A} at (0,0) size 123x15 [color=#0000EE]
                    RenderText {#text} at (0,915) size 123x15
                      text run at (0,915) width 123: "SYSCAT.TRIGGERS"
                  RenderText {#text} at (122,915) size 5x15
                    text run at (122,915) width 5: " "
                  RenderBR {BR} at (126,927) size 1x0
                  RenderInline {A} at (0,0) size 160x15 [color=#0000EE]
                    RenderText {#text} at (0,930) size 160x15
                      text run at (0,930) width 160: "SYSCAT.TYPEMAPPINGS"
                  RenderText {#text} at (159,930) size 5x15
                    text run at (159,930) width 5: " "
                  RenderBR {BR} at (163,942) size 1x0
                  RenderInline {A} at (0,0) size 150x15 [color=#0000EE]
                    RenderText {#text} at (0,945) size 150x15
                      text run at (0,945) width 150: "SYSCAT.USEROPTIONS"
                  RenderText {#text} at (149,945) size 5x15
                    text run at (149,945) width 5: " "
                  RenderBR {BR} at (153,957) size 1x0
                  RenderInline {A} at (0,0) size 116x15 [color=#0000EE]
                    RenderText {#text} at (0,960) size 116x15
                      text run at (0,960) width 116: "SYSCAT.VIEWDEP"
                  RenderText {#text} at (115,960) size 5x15
                    text run at (115,960) width 5: " "
                  RenderBR {BR} at (119,972) size 1x0
                  RenderInline {A} at (0,0) size 98x15 [color=#0000EE]
                    RenderText {#text} at (0,975) size 98x15
                      text run at (0,975) width 98: "SYSCAT.VIEWS"
                  RenderText {#text} at (97,975) size 5x15
                    text run at (97,975) width 5: " "
                  RenderBR {BR} at (101,987) size 1x0
                  RenderInline {A} at (0,0) size 153x15 [color=#0000EE]
                    RenderText {#text} at (0,990) size 153x15
                      text run at (0,990) width 153: "SYSCAT.WRAPOPTIONS"
                  RenderText {#text} at (152,990) size 5x15
                    text run at (152,990) width 5: " "
                  RenderBR {BR} at (156,1002) size 1x0
                  RenderInline {A} at (0,0) size 130x15 [color=#0000EE]
                    RenderText {#text} at (0,1005) size 130x15
                      text run at (0,1005) width 130: "SYSCAT.WRAPPERS"
                  RenderText {#text} at (129,1005) size 5x15
                    text run at (129,1005) width 5: " "
                  RenderBR {BR} at (133,1017) size 1x0
                  RenderInline {A} at (0,0) size 118x15 [color=#0000EE]
                    RenderText {#text} at (0,1020) size 118x15
                      text run at (0,1020) width 118: "SYSSTAT.COLDIST"
                  RenderText {#text} at (117,1020) size 5x15
                    text run at (117,1020) width 5: " "
                  RenderBR {BR} at (121,1032) size 1x0
                  RenderInline {A} at (0,0) size 126x15 [color=#0000EE]
                    RenderText {#text} at (0,1035) size 126x15
                      text run at (0,1035) width 126: "SYSSTAT.COLUMNS"
                  RenderText {#text} at (125,1035) size 5x15
                    text run at (125,1035) width 5: " "
                  RenderBR {BR} at (129,1047) size 1x0
                  RenderInline {A} at (0,0) size 137x15 [color=#0000EE]
                    RenderText {#text} at (0,1050) size 137x15
                      text run at (0,1050) width 137: "SYSSTAT.FUNCTIONS"
                  RenderText {#text} at (136,1050) size 5x15
                    text run at (136,1050) width 5: " "
                  RenderBR {BR} at (140,1062) size 1x0
                  RenderInline {A} at (0,0) size 120x15 [color=#0000EE]
                    RenderText {#text} at (0,1065) size 120x15
                      text run at (0,1065) width 120: "SYSSTAT.INDEXES"
                  RenderText {#text} at (119,1065) size 5x15
                    text run at (119,1065) width 5: " "
                  RenderBR {BR} at (123,1077) size 1x0
                  RenderInline {A} at (0,0) size 112x15 [color=#0000EE]
                    RenderText {#text} at (0,1080) size 112x15
                      text run at (0,1080) width 112: "SYSSTAT.TABLES"
                  RenderText {#text} at (0,0) size 0x0
                RenderBlock {P} at (0,9032) size 715x166
                  RenderInline {B} at (0,0) size 361x15
                    RenderInline {A} at (0,0) size 361x15 [color=#0000EE]
                      RenderText {#text} at (0,0) size 361x15
                        text run at (0,0) width 361: "Appendix E. Catalog Views For Use With Structured Types"
                  RenderBR {BR} at (360,12) size 1x0
                  RenderBR {BR} at (0,15) size 0x15
                  RenderInline {A} at (0,0) size 161x15 [color=#0000EE]
                    RenderText {#text} at (0,30) size 161x15
                      text run at (0,30) width 161: "'Roadmap' to Catalog Views"
                  RenderText {#text} at (160,30) size 5x15
                    text run at (160,30) width 5: " "
                  RenderBR {BR} at (164,42) size 1x0
                  RenderInline {A} at (0,0) size 112x15 [color=#0000EE]
                    RenderText {#text} at (0,45) size 112x15
                      text run at (0,45) width 112: "OBJCAT.INDEXES"
                  RenderText {#text} at (111,45) size 5x15
                    text run at (111,45) width 5: " "
                  RenderBR {BR} at (115,57) size 1x0
                  RenderInline {A} at (0,0) size 193x15 [color=#0000EE]
                    RenderText {#text} at (0,60) size 193x15
                      text run at (0,60) width 193: "OBJCAT.INDEXEXPLOITRULES"
                  RenderText {#text} at (192,60) size 5x15
                    text run at (192,60) width 5: " "
                  RenderBR {BR} at (196,72) size 1x0
                  RenderInline {A} at (0,0) size 197x15 [color=#0000EE]
                    RenderText {#text} at (0,75) size 197x15
                      text run at (0,75) width 197: "OBJCAT.INDEXEXTENSIONDEP"
                  RenderText {#text} at (196,75) size 5x15
                    text run at (196,75) width 5: " "
                  RenderBR {BR} at (200,87) size 1x0
                  RenderInline {A} at (0,0) size 235x15 [color=#0000EE]
                    RenderText {#text} at (0,90) size 235x15
                      text run at (0,90) width 235: "OBJCAT.INDEXEXTENSIONMETHODS"
                  RenderText {#text} at (234,90) size 5x15
                    text run at (234,90) width 5: " "
                  RenderBR {BR} at (238,102) size 1x0
                  RenderInline {A} at (0,0) size 216x15 [color=#0000EE]
                    RenderText {#text} at (0,105) size 216x15
                      text run at (0,105) width 216: "OBJCAT.INDEXEXTENSIONPARMS"
                  RenderText {#text} at (215,105) size 5x15
                    text run at (215,105) width 5: " "
                  RenderBR {BR} at (219,117) size 1x0
                  RenderInline {A} at (0,0) size 179x15 [color=#0000EE]
                    RenderText {#text} at (0,120) size 179x15
                      text run at (0,120) width 179: "OBJCAT.INDEXEXTENSIONS"
                  RenderText {#text} at (178,120) size 5x15
                    text run at (178,120) width 5: " "
                  RenderBR {BR} at (182,132) size 1x0
                  RenderInline {A} at (0,0) size 173x15 [color=#0000EE]
                    RenderText {#text} at (0,135) size 173x15
                      text run at (0,135) width 173: "OBJCAT.PREDICATESPECS"
                  RenderText {#text} at (172,135) size 5x15
                    text run at (172,135) width 5: " "
                  RenderBR {BR} at (176,147) size 1x0
                  RenderInline {A} at (0,0) size 145x15 [color=#0000EE]
                    RenderText {#text} at (0,150) size 145x15
                      text run at (0,150) width 145: "OBJCAT.TRANSFORMS"
                  RenderText {#text} at (0,0) size 0x0
                RenderBlock {P} at (0,9210) size 715x241
                  RenderInline {B} at (0,0) size 196x15
                    RenderInline {A} at (0,0) size 196x15 [color=#0000EE]
                      RenderText {#text} at (0,0) size 196x15
                        text run at (0,0) width 196: "Appendix F. Federated Systems"
                  RenderBR {BR} at (195,12) size 1x0
                  RenderBR {BR} at (0,15) size 0x15
                  RenderInline {A} at (0,0) size 78x15 [color=#0000EE]
                    RenderText {#text} at (0,30) size 78x15
                      text run at (0,30) width 78: "Server Types"
                  RenderText {#text} at (77,30) size 5x15
                    text run at (77,30) width 5: " "
                  RenderBR {BR} at (81,42) size 1x0
                  RenderInline {A} at (0,0) size 212x15 [color=#0000EE]
                    RenderText {#text} at (0,45) size 212x15
                      text run at (0,45) width 212: "SQL Options for Federated Systems"
                  RenderText {#text} at (211,45) size 5x15
                    text run at (211,45) width 5: " "
                  RenderBR {BR} at (215,57) size 1x0
                  RenderInline {A} at (0,0) size 93x15 [color=#0000EE]
                    RenderText {#text} at (0,60) size 93x15
                      text run at (0,60) width 93: "Column Options"
                  RenderText {#text} at (93,60) size 4x15
                    text run at (93,60) width 4: " "
                  RenderBR {BR} at (97,72) size 0x0
                  RenderInline {A} at (0,0) size 152x15 [color=#0000EE]
                    RenderText {#text} at (0,75) size 152x15
                      text run at (0,75) width 152: "Function Mapping Options"
                  RenderText {#text} at (152,75) size 4x15
                    text run at (152,75) width 4: " "
                  RenderBR {BR} at (156,87) size 0x0
                  RenderInline {A} at (0,0) size 87x15 [color=#0000EE]
                    RenderText {#text} at (0,90) size 87x15
                      text run at (0,90) width 87: "Server Options"
                  RenderText {#text} at (87,90) size 4x15
                    text run at (87,90) width 4: " "
                  RenderBR {BR} at (91,102) size 0x0
                  RenderInline {A} at (0,0) size 76x15 [color=#0000EE]
                    RenderText {#text} at (0,105) size 76x15
                      text run at (0,105) width 76: "User Options"
                  RenderText {#text} at (76,105) size 4x15
                    text run at (76,105) width 4: " "
                  RenderBR {BR} at (80,117) size 0x0
                  RenderInline {A} at (0,0) size 165x15 [color=#0000EE]
                    RenderText {#text} at (0,120) size 165x15
                      text run at (0,120) width 165: "Default Data Type Mappings"
                  RenderText {#text} at (164,120) size 5x15
                    text run at (164,120) width 5: " "
                  RenderBR {BR} at (168,132) size 1x0
                  RenderInline {A} at (0,0) size 681x15 [color=#0000EE]
                    RenderText {#text} at (0,135) size 681x15
                      text run at (0,135) width 681: "Default Type Mappings between DB2 and DB2 Universal Database for OS/390 (and DB2 for MVS/ESA) Data Sources"
                  RenderText {#text} at (680,135) size 5x15
                    text run at (680,135) width 5: " "
                  RenderBR {BR} at (684,147) size 1x0
                  RenderInline {A} at (0,0) size 646x15 [color=#0000EE]
                    RenderText {#text} at (0,150) size 646x15
                      text run at (0,150) width 646: "Default Type Mappings between DB2 and 2 Universal Database for AS/400 (and DB2 for OS/400) Data Sources"
                  RenderText {#text} at (645,150) size 5x15
                    text run at (645,150) width 5: " "
                  RenderBR {BR} at (649,162) size 1x0
                  RenderInline {A} at (0,0) size 365x15 [color=#0000EE]
                    RenderText {#text} at (0,165) size 365x15
                      text run at (0,165) width 365: "Default Type Mappings between DB2 and Oracle Data Sources"
                  RenderText {#text} at (364,165) size 5x15
                    text run at (364,165) width 5: " "
                  RenderBR {BR} at (368,177) size 1x0
                  RenderInline {A} at (0,0) size 536x15 [color=#0000EE]
                    RenderText {#text} at (0,180) size 536x15
                      text run at (0,180) width 536: "Default Type Mappings between DB2 and DB2 for VM and VSE (and SQL/DS) Data Sources"
                  RenderText {#text} at (535,180) size 5x15
                    text run at (535,180) width 5: " "
                  RenderBR {BR} at (539,192) size 1x0
                  RenderInline {A} at (0,0) size 196x15 [color=#0000EE]
                    RenderText {#text} at (0,195) size 196x15
                      text run at (0,195) width 196: "Pass-Through Facility Processing"
                  RenderText {#text} at (196,195) size 4x15
                    text run at (196,195) width 4: " "
                  RenderBR {BR} at (200,207) size 0x0
                  RenderInline {A} at (0,0) size 252x15 [color=#0000EE]
                    RenderText {#text} at (0,210) size 252x15
                      text run at (0,210) width 252: "SQL Processing in Pass-Through Sessions"
                  RenderText {#text} at (251,210) size 5x15
                    text run at (251,210) width 5: " "
                  RenderBR {BR} at (255,222) size 1x0
                  RenderInline {A} at (0,0) size 184x15 [color=#0000EE]
                    RenderText {#text} at (0,225) size 184x15
                      text run at (0,225) width 184: "Considerations and Restrictions"
                  RenderText {#text} at (0,0) size 0x0
                RenderBlock {P} at (0,9463) size 715x391
                  RenderInline {B} at (0,0) size 233x15
                    RenderInline {A} at (0,0) size 233x15 [color=#0000EE]
                      RenderText {#text} at (0,0) size 233x15
                        text run at (0,0) width 233: "Appendix G. Sample Database Tables"
                  RenderBR {BR} at (232,12) size 1x0
                  RenderBR {BR} at (0,15) size 0x15
                  RenderInline {A} at (0,0) size 129x15 [color=#0000EE]
                    RenderText {#text} at (0,30) size 129x15
                      text run at (0,30) width 129: "The Sample Database"
                  RenderText {#text} at (129,30) size 4x15
                    text run at (129,30) width 4: " "
                  RenderBR {BR} at (133,42) size 0x0
                  RenderInline {A} at (0,0) size 185x15 [color=#0000EE]
                    RenderText {#text} at (0,45) size 185x15
                      text run at (0,45) width 185: "To Create the Sample Database"
                  RenderText {#text} at (184,45) size 5x15
                    text run at (184,45) width 5: " "
                  RenderBR {BR} at (188,57) size 1x0
                  RenderInline {A} at (0,0) size 181x15 [color=#0000EE]
                    RenderText {#text} at (0,60) size 181x15
                      text run at (0,60) width 181: "To Erase the Sample Database"
                  RenderText {#text} at (180,60) size 5x15
                    text run at (180,60) width 5: " "
                  RenderBR {BR} at (184,72) size 1x0
                  RenderInline {A} at (0,0) size 103x15 [color=#0000EE]
                    RenderText {#text} at (0,75) size 103x15
                      text run at (0,75) width 103: "CL_SCHED Table"
                  RenderText {#text} at (102,75) size 5x15
                    text run at (102,75) width 5: " "
                  RenderBR {BR} at (106,87) size 1x0
                  RenderInline {A} at (0,0) size 124x15 [color=#0000EE]
                    RenderText {#text} at (0,90) size 124x15
                      text run at (0,90) width 124: "DEPARTMENT Table"
                  RenderText {#text} at (123,90) size 5x15
                    text run at (123,90) width 5: " "
                  RenderBR {BR} at (127,102) size 1x0
                  RenderInline {A} at (0,0) size 108x15 [color=#0000EE]
                    RenderText {#text} at (0,105) size 108x15
                      text run at (0,105) width 108: "EMPLOYEE Table"
                  RenderText {#text} at (107,105) size 5x15
                    text run at (107,105) width 5: " "
                  RenderBR {BR} at (111,117) size 1x0
                  RenderInline {A} at (0,0) size 97x15 [color=#0000EE]
                    RenderText {#text} at (0,120) size 97x15
                      text run at (0,120) width 97: "EMP_ACT Table"
                  RenderText {#text} at (96,120) size 5x15
                    text run at (96,120) width 5: " "
                  RenderBR {BR} at (100,132) size 1x0
                  RenderInline {A} at (0,0) size 117x15 [color=#0000EE]
                    RenderText {#text} at (0,135) size 117x15
                      text run at (0,135) width 117: "EMP_PHOTO Table"
                  RenderText {#text} at (116,135) size 5x15
                    text run at (116,135) width 5: " "
                  RenderBR {BR} at (120,147) size 1x0
                  RenderInline {A} at (0,0) size 127x15 [color=#0000EE]
                    RenderText {#text} at (0,150) size 127x15
                      text run at (0,150) width 127: "EMP_RESUME Table"
                  RenderText {#text} at (126,150) size 5x15
                    text run at (126,150) width 5: " "
                  RenderBR {BR} at (130,162) size 1x0
                  RenderInline {A} at (0,0) size 89x15 [color=#0000EE]
                    RenderText {#text} at (0,165) size 89x15
                      text run at (0,165) width 89: "IN_TRAY Table"
                  RenderText {#text} at (88,165) size 5x15
                    text run at (88,165) width 5: " "
                  RenderBR {BR} at (92,177) size 1x0
                  RenderInline {A} at (0,0) size 64x15 [color=#0000EE]
                    RenderText {#text} at (0,180) size 64x15
                      text run at (0,180) width 64: "ORG Table"
                  RenderText {#text} at (63,180) size 5x15
                    text run at (63,180) width 5: " "
                  RenderBR {BR} at (67,192) size 1x0
                  RenderInline {A} at (0,0) size 96x15 [color=#0000EE]
                    RenderText {#text} at (0,195) size 96x15
                      text run at (0,195) width 96: "PROJECT Table"
                  RenderText {#text} at (95,195) size 5x15
                    text run at (95,195) width 5: " "
                  RenderBR {BR} at (99,207) size 1x0
                  RenderInline {A} at (0,0) size 78x15 [color=#0000EE]
                    RenderText {#text} at (0,210) size 78x15
                      text run at (0,210) width 78: "SALES Table"
                  RenderText {#text} at (77,210) size 5x15
                    text run at (77,210) width 5: " "
                  RenderBR {BR} at (81,222) size 1x0
                  RenderInline {A} at (0,0) size 76x15 [color=#0000EE]
                    RenderText {#text} at (0,225) size 76x15
                      text run at (0,225) width 76: "STAFF Table"
                  RenderText {#text} at (75,225) size 5x15
                    text run at (75,225) width 5: " "
                  RenderBR {BR} at (79,237) size 1x0
                  RenderInline {A} at (0,0) size 86x15 [color=#0000EE]
                    RenderText {#text} at (0,240) size 86x15
                      text run at (0,240) width 86: "STAFFG Table"
                  RenderText {#text} at (85,240) size 5x15
                    text run at (85,240) width 5: " "
                  RenderBR {BR} at (89,252) size 1x0
                  RenderInline {A} at (0,0) size 270x15 [color=#0000EE]
                    RenderText {#text} at (0,255) size 270x15
                      text run at (0,255) width 270: "Sample Files with BLOB and CLOB Data Type"
                  RenderText {#text} at (269,255) size 5x15
                    text run at (269,255) width 5: " "
                  RenderBR {BR} at (273,267) size 1x0
                  RenderInline {A} at (0,0) size 90x15 [color=#0000EE]
                    RenderText {#text} at (0,270) size 90x15
                      text run at (0,270) width 90: "Quintana Photo"
                  RenderText {#text} at (90,270) size 4x15
                    text run at (90,270) width 4: " "
                  RenderBR {BR} at (94,282) size 0x0
                  RenderInline {A} at (0,0) size 104x15 [color=#0000EE]
                    RenderText {#text} at (0,285) size 104x15
                      text run at (0,285) width 104: "Quintana Resume"
                  RenderText {#text} at (104,285) size 4x15
                    text run at (104,285) width 4: " "
                  RenderBR {BR} at (108,297) size 0x0
                  RenderInline {A} at (0,0) size 84x15 [color=#0000EE]
                    RenderText {#text} at (0,300) size 84x15
                      text run at (0,300) width 84: "Nicholls Photo"
                  RenderText {#text} at (84,300) size 4x15
                    text run at (84,300) width 4: " "
                  RenderBR {BR} at (88,312) size 0x0
                  RenderInline {A} at (0,0) size 98x15 [color=#0000EE]
                    RenderText {#text} at (0,315) size 98x15
                      text run at (0,315) width 98: "Nicholls Resume"
                  RenderText {#text} at (98,315) size 4x15
                    text run at (98,315) width 4: " "
                  RenderBR {BR} at (102,327) size 0x0
                  RenderInline {A} at (0,0) size 93x15 [color=#0000EE]
                    RenderText {#text} at (0,330) size 93x15
                      text run at (0,330) width 93: "Adamson Photo"
                  RenderText {#text} at (93,330) size 4x15
                    text run at (93,330) width 4: " "
                  RenderBR {BR} at (97,342) size 0x0
                  RenderInline {A} at (0,0) size 107x15 [color=#0000EE]
                    RenderText {#text} at (0,345) size 107x15
                      text run at (0,345) width 107: "Adamson Resume"
                  RenderText {#text} at (107,345) size 4x15
                    text run at (107,345) width 4: " "
                  RenderBR {BR} at (111,357) size 0x0
                  RenderInline {A} at (0,0) size 78x15 [color=#0000EE]
                    RenderText {#text} at (0,360) size 78x15
                      text run at (0,360) width 78: "Walker Photo"
                  RenderText {#text} at (77,360) size 5x15
                    text run at (77,360) width 5: " "
                  RenderBR {BR} at (81,372) size 1x0
                  RenderInline {A} at (0,0) size 92x15 [color=#0000EE]
                    RenderText {#text} at (0,375) size 92x15
                      text run at (0,375) width 92: "Walker Resume"
                  RenderText {#text} at (0,0) size 0x0
                RenderBlock {P} at (0,9866) size 715x91
                  RenderInline {B} at (0,0) size 369x15
                    RenderInline {A} at (0,0) size 369x15 [color=#0000EE]
                      RenderText {#text} at (0,0) size 369x15
                        text run at (0,0) width 369: "Appendix H. Reserved Schema Names and Reserved Words"
                  RenderBR {BR} at (368,12) size 1x0
                  RenderBR {BR} at (0,15) size 0x15
                  RenderInline {A} at (0,0) size 114x15 [color=#0000EE]
                    RenderText {#text} at (0,30) size 114x15
                      text run at (0,30) width 114: "Reserved Schemas"
                  RenderText {#text} at (114,30) size 4x15
                    text run at (114,30) width 4: " "
                  RenderBR {BR} at (118,42) size 0x0
                  RenderInline {A} at (0,0) size 96x15 [color=#0000EE]
                    RenderText {#text} at (0,45) size 96x15
                      text run at (0,45) width 96: "Reserved Words"
                  RenderText {#text} at (95,45) size 5x15
                    text run at (95,45) width 5: " "
                  RenderBR {BR} at (99,57) size 1x0
                  RenderInline {A} at (0,0) size 154x15 [color=#0000EE]
                    RenderText {#text} at (0,60) size 154x15
                      text run at (0,60) width 154: "IBM SQL Reserved Words"
                  RenderText {#text} at (153,60) size 5x15
                    text run at (153,60) width 5: " "
                  RenderBR {BR} at (157,72) size 1x0
                  RenderInline {A} at (0,0) size 198x15 [color=#0000EE]
                    RenderText {#text} at (0,75) size 198x15
                      text run at (0,75) width 198: "ISO/ANS SQL92 Reserved Words"
                  RenderText {#text} at (0,0) size 0x0
                RenderBlock {P} at (0,9969) size 715x16
                  RenderInline {B} at (0,0) size 269x15
                    RenderInline {A} at (0,0) size 269x15 [color=#0000EE]
                      RenderText {#text} at (0,0) size 269x15
                        text run at (0,0) width 269: "Appendix I. Comparison of Isolation Levels"
                  RenderBR {BR} at (269,12) size 0x0
                RenderBlock {P} at (0,9997) size 715x16
                  RenderInline {B} at (0,0) size 318x15
                    RenderInline {A} at (0,0) size 318x15 [color=#0000EE]
                      RenderText {#text} at (0,0) size 318x15
                        text run at (0,0) width 318: "Appendix J. Interaction of Triggers and Constraints"
                  RenderBR {BR} at (317,12) size 1x0
                RenderBlock {P} at (0,10025) size 715x316
                  RenderInline {B} at (0,0) size 270x15
                    RenderInline {A} at (0,0) size 270x15 [color=#0000EE]
                      RenderText {#text} at (0,0) size 270x15
                        text run at (0,0) width 270: "Appendix K. Explain Tables and Definitions"
                  RenderBR {BR} at (269,12) size 1x0
                  RenderBR {BR} at (0,15) size 0x15
                  RenderInline {A} at (0,0) size 172x15 [color=#0000EE]
                    RenderText {#text} at (0,30) size 172x15
                      text run at (0,30) width 172: "EXPLAIN_ARGUMENT Table"
                  RenderText {#text} at (171,30) size 5x15
                    text run at (171,30) width 5: " "
                  RenderBR {BR} at (175,42) size 1x0
                  RenderInline {A} at (0,0) size 163x15 [color=#0000EE]
                    RenderText {#text} at (0,45) size 163x15
                      text run at (0,45) width 163: "EXPLAIN_INSTANCE Table"
                  RenderText {#text} at (162,45) size 5x15
                    text run at (162,45) width 5: " "
                  RenderBR {BR} at (166,57) size 1x0
                  RenderInline {A} at (0,0) size 150x15 [color=#0000EE]
                    RenderText {#text} at (0,60) size 150x15
                      text run at (0,60) width 150: "EXPLAIN_OBJECT Table"
                  RenderText {#text} at (149,60) size 5x15
                    text run at (149,60) width 5: " "
                  RenderBR {BR} at (153,72) size 1x0
                  RenderInline {A} at (0,0) size 170x15 [color=#0000EE]
                    RenderText {#text} at (0,75) size 170x15
                      text run at (0,75) width 170: "EXPLAIN_OPERATOR Table"
                  RenderText {#text} at (169,75) size 5x15
                    text run at (169,75) width 5: " "
                  RenderBR {BR} at (173,87) size 1x0
                  RenderInline {A} at (0,0) size 172x15 [color=#0000EE]
                    RenderText {#text} at (0,90) size 172x15
                      text run at (0,90) width 172: "EXPLAIN_PREDICATE Table"
                  RenderText {#text} at (171,90) size 5x15
                    text run at (171,90) width 5: " "
                  RenderBR {BR} at (175,102) size 1x0
                  RenderInline {A} at (0,0) size 176x15 [color=#0000EE]
                    RenderText {#text} at (0,105) size 176x15
                      text run at (0,105) width 176: "EXPLAIN_STATEMENT Table"
                  RenderText {#text} at (175,105) size 5x15
                    text run at (175,105) width 5: " "
                  RenderBR {BR} at (179,117) size 1x0
                  RenderInline {A} at (0,0) size 153x15 [color=#0000EE]
                    RenderText {#text} at (0,120) size 153x15
                      text run at (0,120) width 153: "EXPLAIN_STREAM Table"
                  RenderText {#text} at (152,120) size 5x15
                    text run at (152,120) width 5: " "
                  RenderBR {BR} at (156,132) size 1x0
                  RenderInline {A} at (0,0) size 131x15 [color=#0000EE]
                    RenderText {#text} at (0,135) size 131x15
                      text run at (0,135) width 131: "ADVISE_INDEX Table"
                  RenderText {#text} at (130,135) size 5x15
                    text run at (130,135) width 5: " "
                  RenderBR {BR} at (134,147) size 1x0
                  RenderInline {A} at (0,0) size 166x15 [color=#0000EE]
                    RenderText {#text} at (0,150) size 166x15
                      text run at (0,150) width 166: "ADVISE_WORKLOAD Table"
                  RenderText {#text} at (165,150) size 5x15
                    text run at (165,150) width 5: " "
                  RenderBR {BR} at (169,162) size 1x0
                  RenderInline {A} at (0,0) size 204x15 [color=#0000EE]
                    RenderText {#text} at (0,165) size 204x15
                      text run at (0,165) width 204: "Table Definitions for Explain Tables"
                  RenderText {#text} at (203,165) size 5x15
                    text run at (203,165) width 5: " "
                  RenderBR {BR} at (207,177) size 1x0
                  RenderInline {A} at (0,0) size 230x15 [color=#0000EE]
                    RenderText {#text} at (0,180) size 230x15
                      text run at (0,180) width 230: "EXPLAIN_ARGUMENT Table Definition"
                  RenderText {#text} at (229,180) size 5x15
                    text run at (229,180) width 5: " "
                  RenderBR {BR} at (233,192) size 1x0
                  RenderInline {A} at (0,0) size 221x15 [color=#0000EE]
                    RenderText {#text} at (0,195) size 221x15
                      text run at (0,195) width 221: "EXPLAIN_INSTANCE Table Definition"
                  RenderText {#text} at (220,195) size 5x15
                    text run at (220,195) width 5: " "
                  RenderBR {BR} at (224,207) size 1x0
                  RenderInline {A} at (0,0) size 208x15 [color=#0000EE]
                    RenderText {#text} at (0,210) size 208x15
                      text run at (0,210) width 208: "EXPLAIN_OBJECT Table Definition"
                  RenderText {#text} at (207,210) size 5x15
                    text run at (207,210) width 5: " "
                  RenderBR {BR} at (211,222) size 1x0
                  RenderInline {A} at (0,0) size 228x15 [color=#0000EE]
                    RenderText {#text} at (0,225) size 228x15
                      text run at (0,225) width 228: "EXPLAIN_OPERATOR Table Definition"
                  RenderText {#text} at (227,225) size 5x15
                    text run at (227,225) width 5: " "
                  RenderBR {BR} at (231,237) size 1x0
                  RenderInline {A} at (0,0) size 230x15 [color=#0000EE]
                    RenderText {#text} at (0,240) size 230x15
                      text run at (0,240) width 230: "EXPLAIN_PREDICATE Table Definition"
                  RenderText {#text} at (229,240) size 5x15
                    text run at (229,240) width 5: " "
                  RenderBR {BR} at (233,252) size 1x0
                  RenderInline {A} at (0,0) size 234x15 [color=#0000EE]
                    RenderText {#text} at (0,255) size 234x15
                      text run at (0,255) width 234: "EXPLAIN_STATEMENT Table Definition"
                  RenderText {#text} at (233,255) size 5x15
                    text run at (233,255) width 5: " "
                  RenderBR {BR} at (237,267) size 1x0
                  RenderInline {A} at (0,0) size 211x15 [color=#0000EE]
                    RenderText {#text} at (0,270) size 211x15
                      text run at (0,270) width 211: "EXPLAIN_STREAM Table Definition"
                  RenderText {#text} at (210,270) size 5x15
                    text run at (210,270) width 5: " "
                  RenderBR {BR} at (214,282) size 1x0
                  RenderInline {A} at (0,0) size 189x15 [color=#0000EE]
                    RenderText {#text} at (0,285) size 189x15
                      text run at (0,285) width 189: "ADVISE_INDEX Table Definition"
                  RenderText {#text} at (188,285) size 5x15
                    text run at (188,285) width 5: " "
                  RenderBR {BR} at (192,297) size 1x0
                  RenderInline {A} at (0,0) size 224x15 [color=#0000EE]
                    RenderText {#text} at (0,300) size 224x15
                      text run at (0,300) width 224: "ADVISE_WORKLOAD Table Definition"
                  RenderText {#text} at (0,0) size 0x0
                RenderBlock {P} at (0,10353) size 715x16
                  RenderInline {B} at (0,0) size 227x15
                    RenderInline {A} at (0,0) size 227x15 [color=#0000EE]
                      RenderText {#text} at (0,0) size 227x15
                        text run at (0,0) width 227: "Appendix L. Explain Register Values"
                  RenderBR {BR} at (226,12) size 1x0
                RenderBlock {P} at (0,10381) size 715x76
                  RenderInline {B} at (0,0) size 308x15
                    RenderInline {A} at (0,0) size 308x15 [color=#0000EE]
                      RenderText {#text} at (0,0) size 308x15
                        text run at (0,0) width 308: "Appendix M. Recursion Example: Bill of Materials"
                  RenderBR {BR} at (308,12) size 0x0
                  RenderBR {BR} at (0,15) size 0x15
                  RenderInline {A} at (0,0) size 202x15 [color=#0000EE]
                    RenderText {#text} at (0,30) size 202x15
                      text run at (0,30) width 202: "Example 1: Single Level Explosion"
                  RenderText {#text} at (202,30) size 4x15
                    text run at (202,30) width 4: " "
                  RenderBR {BR} at (206,42) size 0x0
                  RenderInline {A} at (0,0) size 204x15 [color=#0000EE]
                    RenderText {#text} at (0,45) size 204x15
                      text run at (0,45) width 204: "Example 2: Summarized Explosion"
                  RenderText {#text} at (204,45) size 4x15
                    text run at (204,45) width 4: " "
                  RenderBR {BR} at (208,57) size 0x0
                  RenderInline {A} at (0,0) size 169x15 [color=#0000EE]
                    RenderText {#text} at (0,60) size 169x15
                      text run at (0,60) width 169: "Example 3: Controlling Depth"
                  RenderText {#text} at (0,0) size 0x0
                RenderBlock {P} at (0,10469) size 715x76
                  RenderInline {B} at (0,0) size 187x15
                    RenderInline {A} at (0,0) size 187x15 [color=#0000EE]
                      RenderText {#text} at (0,0) size 187x15
                        text run at (0,0) width 187: "Appendix N. Exception Tables"
                  RenderBR {BR} at (186,12) size 1x0
                  RenderBR {BR} at (0,15) size 0x15
                  RenderInline {A} at (0,0) size 219x15 [color=#0000EE]
                    RenderText {#text} at (0,30) size 219x15
                      text run at (0,30) width 219: "Rules for Creating an Exception Table"
                  RenderText {#text} at (218,30) size 5x15
                    text run at (218,30) width 5: " "
                  RenderBR {BR} at (222,42) size 1x0
                  RenderInline {A} at (0,0) size 226x15 [color=#0000EE]
                    RenderText {#text} at (0,45) size 226x15
                      text run at (0,45) width 226: "Handling Rows in the Exception Tables"
                  RenderText {#text} at (225,45) size 5x15
                    text run at (225,45) width 5: " "
                  RenderBR {BR} at (229,57) size 1x0
                  RenderInline {A} at (0,0) size 178x15 [color=#0000EE]
                    RenderText {#text} at (0,60) size 178x15
                      text run at (0,60) width 178: "Querying the Exception Tables"
                  RenderText {#text} at (0,0) size 0x0
                RenderBlock {P} at (0,10557) size 715x331
                  RenderInline {B} at (0,0) size 420x15
                    RenderInline {A} at (0,0) size 420x15 [color=#0000EE]
                      RenderText {#text} at (0,0) size 420x15
                        text run at (0,0) width 420: "Appendix O. Japanese and Traditional-Chinese EUC Considerations"
                  RenderBR {BR} at (419,12) size 1x0
                  RenderBR {BR} at (0,15) size 0x15
                  RenderInline {A} at (0,0) size 115x15 [color=#0000EE]
                    RenderText {#text} at (0,30) size 115x15
                      text run at (0,30) width 115: "Language Elements"
                  RenderText {#text} at (115,30) size 4x15
                    text run at (115,30) width 4: " "
                  RenderBR {BR} at (119,42) size 0x0
                  RenderInline {A} at (0,0) size 63x15 [color=#0000EE]
                    RenderText {#text} at (0,45) size 63x15
                      text run at (0,45) width 63: "Characters"
                  RenderText {#text} at (63,45) size 4x15
                    text run at (63,45) width 4: " "
                  RenderBR {BR} at (67,57) size 0x0
                  RenderInline {A} at (0,0) size 42x15 [color=#0000EE]
                    RenderText {#text} at (0,60) size 42x15
                      text run at (0,60) width 42: "Tokens"
                  RenderText {#text} at (41,60) size 5x15
                    text run at (41,60) width 5: " "
                  RenderBR {BR} at (45,72) size 1x0
                  RenderInline {A} at (0,0) size 57x15 [color=#0000EE]
                    RenderText {#text} at (0,75) size 57x15
                      text run at (0,75) width 57: "Identifiers"
                  RenderText {#text} at (57,75) size 4x15
                    text run at (57,75) width 4: " "
                  RenderBR {BR} at (61,87) size 0x0
                  RenderInline {A} at (0,0) size 67x15 [color=#0000EE]
                    RenderText {#text} at (0,90) size 67x15
                      text run at (0,90) width 67: "Data Types"
                  RenderText {#text} at (66,90) size 5x15
                    text run at (66,90) width 5: " "
                  RenderBR {BR} at (70,102) size 1x0
                  RenderInline {A} at (0,0) size 181x15 [color=#0000EE]
                    RenderText {#text} at (0,105) size 181x15
                      text run at (0,105) width 181: "Assignments and Comparisons"
                  RenderText {#text} at (181,105) size 4x15
                    text run at (181,105) width 4: " "
                  RenderBR {BR} at (185,117) size 0x0
                  RenderInline {A} at (0,0) size 164x15 [color=#0000EE]
                    RenderText {#text} at (0,120) size 164x15
                      text run at (0,120) width 164: "Rules for Result Data Types"
                  RenderText {#text} at (163,120) size 5x15
                    text run at (163,120) width 5: " "
                  RenderBR {BR} at (167,132) size 1x0
                  RenderInline {A} at (0,0) size 166x15 [color=#0000EE]
                    RenderText {#text} at (0,135) size 166x15
                      text run at (0,135) width 166: "Rules for String Conversions"
                  RenderText {#text} at (166,135) size 4x15
                    text run at (166,135) width 4: " "
                  RenderBR {BR} at (170,147) size 0x0
                  RenderInline {A} at (0,0) size 59x15 [color=#0000EE]
                    RenderText {#text} at (0,150) size 59x15
                      text run at (0,150) width 59: "Constants"
                  RenderText {#text} at (59,150) size 4x15
                    text run at (59,150) width 4: " "
                  RenderBR {BR} at (63,162) size 0x0
                  RenderInline {A} at (0,0) size 57x15 [color=#0000EE]
                    RenderText {#text} at (0,165) size 57x15
                      text run at (0,165) width 57: "Functions"
                  RenderText {#text} at (57,165) size 4x15
                    text run at (57,165) width 4: " "
                  RenderBR {BR} at (61,177) size 0x0
                  RenderInline {A} at (0,0) size 72x15 [color=#0000EE]
                    RenderText {#text} at (0,180) size 72x15
                      text run at (0,180) width 72: "Expressions"
                  RenderText {#text} at (72,180) size 4x15
                    text run at (72,180) width 4: " "
                  RenderBR {BR} at (76,192) size 0x0
                  RenderInline {A} at (0,0) size 62x15 [color=#0000EE]
                    RenderText {#text} at (0,195) size 62x15
                      text run at (0,195) width 62: "Predicates"
                  RenderText {#text} at (62,195) size 4x15
                    text run at (62,195) width 4: " "
                  RenderBR {BR} at (66,207) size 0x0
                  RenderInline {A} at (0,0) size 57x15 [color=#0000EE]
                    RenderText {#text} at (0,210) size 57x15
                      text run at (0,210) width 57: "Functions"
                  RenderText {#text} at (57,210) size 4x15
                    text run at (57,210) width 4: " "
                  RenderBR {BR} at (61,222) size 0x0
                  RenderInline {A} at (0,0) size 52x15 [color=#0000EE]
                    RenderText {#text} at (0,225) size 52x15
                      text run at (0,225) width 52: "LENGTH"
                  RenderText {#text} at (52,225) size 4x15
                    text run at (52,225) width 4: " "
                  RenderBR {BR} at (56,237) size 0x0
                  RenderInline {A} at (0,0) size 53x15 [color=#0000EE]
                    RenderText {#text} at (0,240) size 53x15
                      text run at (0,240) width 53: "SUBSTR"
                  RenderText {#text} at (53,240) size 4x15
                    text run at (53,240) width 4: " "
                  RenderBR {BR} at (57,252) size 0x0
                  RenderInline {A} at (0,0) size 77x15 [color=#0000EE]
                    RenderText {#text} at (0,255) size 77x15
                      text run at (0,255) width 77: "TRANSLATE"
                  RenderText {#text} at (76,255) size 5x15
                    text run at (76,255) width 5: " "
                  RenderBR {BR} at (80,267) size 1x0
                  RenderInline {A} at (0,0) size 86x15 [color=#0000EE]
                    RenderText {#text} at (0,270) size 86x15
                      text run at (0,270) width 86: "VARGRAPHIC"
                  RenderText {#text} at (85,270) size 5x15
                    text run at (85,270) width 5: " "
                  RenderBR {BR} at (89,282) size 1x0
                  RenderInline {A} at (0,0) size 67x15 [color=#0000EE]
                    RenderText {#text} at (0,285) size 67x15
                      text run at (0,285) width 67: "Statements"
                  RenderText {#text} at (67,285) size 4x15
                    text run at (67,285) width 4: " "
                  RenderBR {BR} at (71,297) size 0x0
                  RenderInline {A} at (0,0) size 63x15 [color=#0000EE]
                    RenderText {#text} at (0,300) size 63x15
                      text run at (0,300) width 63: "CONNECT"
                  RenderText {#text} at (63,300) size 4x15
                    text run at (63,300) width 4: " "
                  RenderBR {BR} at (67,312) size 0x0
                  RenderInline {A} at (0,0) size 63x15 [color=#0000EE]
                    RenderText {#text} at (0,315) size 63x15
                      text run at (0,315) width 63: "PREPARE"
                  RenderText {#text} at (0,0) size 0x0
                RenderBlock {P} at (0,10900) size 715x16
                  RenderInline {B} at (0,0) size 292x15
                    RenderInline {A} at (0,0) size 292x15 [color=#0000EE]
                      RenderText {#text} at (0,0) size 292x15
                        text run at (0,0) width 292: "Appendix P. BNF Specifications for DATALINKs"
                  RenderBR {BR} at (291,12) size 1x0
                RenderBlock {P} at (0,10928) size 715x181
                  RenderInline {B} at (0,0) size 217x15
                    RenderInline {A} at (0,0) size 217x15 [color=#0000EE]
                      RenderText {#text} at (0,0) size 217x15
                        text run at (0,0) width 217: "Appendix Q. Using the DB2 Library"
                  RenderBR {BR} at (217,12) size 0x0
                  RenderBR {BR} at (0,15) size 0x15
                  RenderInline {A} at (0,0) size 198x15 [color=#0000EE]
                    RenderText {#text} at (0,30) size 198x15
                      text run at (0,30) width 198: "DB2 PDF Files and Printed Books"
                  RenderText {#text} at (198,30) size 4x15
                    text run at (198,30) width 4: " "
                  RenderBR {BR} at (202,42) size 0x0
                  RenderInline {A} at (0,0) size 94x15 [color=#0000EE]
                    RenderText {#text} at (0,45) size 94x15
                      text run at (0,45) width 94: "DB2 Information"
                  RenderText {#text} at (94,45) size 4x15
                    text run at (94,45) width 4: " "
                  RenderBR {BR} at (98,57) size 0x0
                  RenderInline {A} at (0,0) size 137x15 [color=#0000EE]
                    RenderText {#text} at (0,60) size 137x15
                      text run at (0,60) width 137: "Printing the PDF Books"
                  RenderText {#text} at (137,60) size 4x15
                    text run at (137,60) width 4: " "
                  RenderBR {BR} at (141,72) size 0x0
                  RenderInline {A} at (0,0) size 157x15 [color=#0000EE]
                    RenderText {#text} at (0,75) size 157x15
                      text run at (0,75) width 157: "Ordering the Printed Books"
                  RenderText {#text} at (157,75) size 4x15
                    text run at (157,75) width 4: " "
                  RenderBR {BR} at (161,87) size 0x0
                  RenderInline {A} at (0,0) size 157x15 [color=#0000EE]
                    RenderText {#text} at (0,90) size 157x15
                      text run at (0,90) width 157: "DB2 Online Documentation"
                  RenderText {#text} at (157,90) size 4x15
                    text run at (157,90) width 4: " "
                  RenderBR {BR} at (161,102) size 0x0
                  RenderInline {A} at (0,0) size 132x15 [color=#0000EE]
                    RenderText {#text} at (0,105) size 132x15
                      text run at (0,105) width 132: "Accessing Online Help"
                  RenderText {#text} at (132,105) size 4x15
                    text run at (132,105) width 4: " "
                  RenderBR {BR} at (136,117) size 0x0
                  RenderInline {A} at (0,0) size 155x15 [color=#0000EE]
                    RenderText {#text} at (0,120) size 155x15
                      text run at (0,120) width 155: "Viewing Information Online"
                  RenderText {#text} at (154,120) size 5x15
                    text run at (154,120) width 5: " "
                  RenderBR {BR} at (158,132) size 1x0
                  RenderInline {A} at (0,0) size 113x15 [color=#0000EE]
                    RenderText {#text} at (0,135) size 113x15
                      text run at (0,135) width 113: "Using DB2 Wizards"
                  RenderText {#text} at (113,135) size 4x15
                    text run at (113,135) width 4: " "
                  RenderBR {BR} at (117,147) size 0x0
                  RenderInline {A} at (0,0) size 177x15 [color=#0000EE]
                    RenderText {#text} at (0,150) size 177x15
                      text run at (0,150) width 177: "Setting Up a Document Server"
                  RenderText {#text} at (177,150) size 4x15
                    text run at (177,150) width 4: " "
                  RenderBR {BR} at (181,162) size 0x0
                  RenderInline {A} at (0,0) size 168x15 [color=#0000EE]
                    RenderText {#text} at (0,165) size 168x15
                      text run at (0,165) width 168: "Searching Information Online"
                  RenderText {#text} at (0,0) size 0x0
                RenderBlock {P} at (0,11121) size 715x46
                  RenderInline {B} at (0,0) size 126x15
                    RenderInline {A} at (0,0) size 126x15 [color=#0000EE]
                      RenderText {#text} at (0,0) size 126x15
                        text run at (0,0) width 126: "Appendix R. Notices"
                  RenderBR {BR} at (126,12) size 0x0
                  RenderBR {BR} at (0,15) size 0x15
                  RenderInline {A} at (0,0) size 69x15 [color=#0000EE]
                    RenderText {#text} at (0,30) size 69x15
                      text run at (0,30) width 69: "Trademarks"
                  RenderText {#text} at (0,0) size 0x0
                RenderBlock {P} at (0,11179) size 715x16
                  RenderInline {B} at (0,0) size 34x15
                    RenderInline {A} at (0,0) size 34x15 [color=#0000EE]
                      RenderText {#text} at (0,0) size 34x15
                        text run at (0,0) width 34: "Index"
                  RenderBR {BR} at (34,12) size 0x0
                RenderBlock {P} at (0,11207) size 715x46
                  RenderInline {B} at (0,0) size 95x15
                    RenderInline {A} at (0,0) size 95x15 [color=#0000EE]
                      RenderText {#text} at (0,0) size 95x15
                        text run at (0,0) width 95: "Contacting IBM"
                  RenderBR {BR} at (95,12) size 0x0
                  RenderBR {BR} at (0,15) size 0x15
                  RenderInline {A} at (0,0) size 114x15 [color=#0000EE]
                    RenderText {#text} at (0,30) size 114x15
                      text run at (0,30) width 114: "Product Information"
                  RenderText {#text} at (0,0) size 0x0
                  RenderInline {A} at (0,0) size 0x0
                  RenderText {#text} at (0,0) size 0x0
                RenderTable {TABLE} at (0,11265) size 26x27
                  RenderTableSection {TBODY} at (0,0) size 26x26
                    RenderTableRow {TR} at (0,2) size 26x0
                    RenderTableRow {TR} at (0,4) size 26x20
                      RenderTableCell {TD} at (2,4) size 10x20 [r=1 c=0 rs=1 cs=1]
                        RenderText {#text} at (1,1) size 8x17
                          text run at (1,1) width 8: "x"
                      RenderTableCell {TD} at (14,4) size 10x20 [r=1 c=1 rs=1 cs=1]
                        RenderText {#text} at (1,1) size 8x17
                          text run at (1,1) width 8: "x"
              RenderBlock (anonymous) at (2,11376) size 715x0
                RenderInline {FONT} at (0,0) size 0x0
