layer at (0,0) size 1086x585
  RenderView at (0,0) size 800x585
layer at (0,0) size 800x585
  RenderBlock {HTML} at (0,0) size 800x585
    RenderBody {BODY} at (8,8) size 784x569
      RenderTable {TABLE} at (0,0) size 1078x146 [border: (2px solid #0000FF)]
        RenderTableSection {TBODY} at (2,2) size 1074x142
          RenderTableRow {TR} at (0,2) size 1074x138
            RenderTableCell {TD} at (2,2) size 296x138 [border: (1px solid #C0C0C0)] [r=0 c=0 rs=1 cs=1]
              RenderTable {TABLE} at (2,2) size 292x134 [border: (2px solid #008000)]
                RenderTableSection {TBODY} at (2,2) size 288x130
                  RenderTableRow {TR} at (0,2) size 288x74
                    RenderTableCell {TD} at (2,2) size 284x74 [border: (1px solid #C0C0C0)] [r=0 c=0 rs=1 cs=1]
                      RenderTable {TABLE} at (2,2) size 207x40 [border: (2px solid #FF0000)]
                        RenderTableSection {TBODY} at (2,2) size 203x36
                          RenderTableRow {TR} at (0,2) size 203x32
                            RenderTableCell {TD} at (2,2) size 199x32 [border: (1px solid #C0C0C0)] [r=0 c=0 rs=1 cs=1]
                              RenderTextControl {INPUT} at (4,4) size 191x24 [bgcolor=#FFFFFF] [border: (2px inset #000000)]
                              RenderText {#text} at (0,0) size 0x0
                      RenderTable {TABLE} at (2,42) size 280x30 [border: (2px solid #FF0000)]
                        RenderTableSection {TBODY} at (2,2) size 276x26
                          RenderTableRow {TR} at (0,2) size 276x22
                            RenderTableCell {TD} at (2,2) size 272x22 [border: (1px solid #C0C0C0)] [r=0 c=0 rs=1 cs=1]
                              RenderText {#text} at (2,2) size 247x17
                                text run at (2,2) width 247: "THIS TABLE NEEDS TO BE HERE"
                  RenderTableRow {TR} at (0,78) size 288x50
                    RenderTableCell {TD} at (2,78) size 284x50 [border: (1px solid #C0C0C0)] [r=1 c=0 rs=1 cs=1]
                      RenderTable {TABLE} at (2,2) size 280x46 [border: (2px solid #FF0000)]
                        RenderTableSection {TBODY} at (2,2) size 276x42
                          RenderTableRow {TR} at (0,2) size 276x38
                            RenderTableCell {TD} at (2,2) size 272x38 [border: (1px solid #C0C0C0)] [r=0 c=0 rs=1 cs=1]
                              RenderMenuList {SELECT} at (4,4) size 264x30 [color=#2E3436] [bgcolor=#FFFFFF] [border: (1px solid #2E3436)]
                                RenderBlock (anonymous) at (1,1) size 262x28
                                  RenderText at (9,5) size 228x17
                                    text run at (9,5) width 228: "USE THIS JAVASCRIPT HERE"
                              RenderText {#text} at (0,0) size 0x0
            RenderTableCell {TD} at (300,2) size 772x40 [border: (1px solid #C0C0C0)] [r=0 c=1 rs=1 cs=1]
              RenderText {#text} at (2,2) size 768x35
                text run at (2,2) width 768: "KEEPoTHEoTEXToHEREoASoLONGoASoPOSSIBLEooKEEPoTHEoTEXToHEREoASoLONGoASoPOSSIBLE"
                text run at (2,20) width 612: "THIS SIMULATES THE PROBLEM ON THE WWW.MAPBLAST.COM/ \"CREATE MAP\""
layer at (31,31) size 185x18 scrollWidth 197
  RenderBlock {DIV} at (3,3) size 185x18
    RenderText {#text} at (0,0) size 196x17
      text run at (0,0) width 196: "THIS NEEDS THIS VALUE"
