layer at (0,0) size 800x600
  RenderView at (0,0) size 800x600
layer at (0,0) size 800x600
  RenderBlock {HTML} at (0,0) size 800x600
    RenderBody {BODY} at (8,8) size 776x584
      RenderBlock (anonymous) at (0,0) size 68x584
        RenderText {#text} at (0,0) size 68x560
          text run at (0,0) width 558: "In this test, you should see three blocks that are aligned to the bottom within a black box."
          text run at (17,0) width 535: "They should be stacked horizontally with the green box in between two olive boxes. "
          text run at (17,535) width 25: "The"
          text run at (34,0) width 531: "olive boxes and the green box should be 100x100, and there should be 100 pixels of"
          text run at (51,0) width 255: "padding on the top side of the box stack."
layer at (92,8) size 34x584
  RenderBlock (relative positioned) {DIV} at (84,0) size 34x584
    RenderText {#text} at (0,31) size 34x553
      text run at (0,31) width 553: "The black box's left should be aligned with the last line in this paragraph and its top side"
      text run at (17,316) width 4 RTL: "."
      text run at (17,320) width 264: "should begin after the end of this sentence"
    RenderText {#text} at (0,0) size 0x0
layer at (109,84) size 340x240
  RenderBlock (positioned) {SPAN} at (17,76) size 340x240 [border: (20px solid #000000)]
layer at (229,204) size 100x100
  RenderBlock (positioned) {DIV} at (120,120) size 100x100 [bgcolor=#008000]
layer at (129,204) size 100x100
  RenderBlock (positioned) {DIV} at (20,120) size 100x100 [bgcolor=#808000]
layer at (329,204) size 100x100
  RenderBlock (positioned) {DIV} at (220,120) size 100x100 [bgcolor=#808000]
