layer at (0,0) size 800x600
  RenderView at (0,0) size 800x600
layer at (0,0) size 800x600
  RenderBlock {HTML} at (0,0) size 800x600
    RenderBody {BODY} at (8,8) size 784x584
      RenderText {#text} at (205,30) size 249x17
        text run at (205,30) width 249: " --> This should be outside the textarea."
layer at (10,10) size 201x40 clip at (11,11) size 199x38
  RenderTextControl {TEXTAREA} at (2,2) size 201x40 [bgcolor=#FFFFFF] [border: (1px solid #000000)]
    RenderBlock {DIV} at (3,3) size 195x17
      RenderText {#text} at (0,0) size 23x17
        text run at (0,0) width 23: "<!--"
