layer at (0,0) size 800x600
  RenderView at (0,0) size 800x600
layer at (0,0) size 800x522
  RenderBlock {HTML} at (0,0) size 800x522
    RenderBody {BODY} at (8,8) size 784x498
      RenderBlock (anonymous) at (0,0) size 784x17
        RenderInline {DIV} at (0,0) size 528x16 [color=#FFFFFF] [bgcolor=#FF0000]
          RenderText {#text} at (0,1) size 528x16
            text run at (0,1) width 528: "Ahem_font_required_for_this_test."
        RenderText {#text} at (0,0) size 0x0
      RenderBlock {P} at (16,33) size 752x17 [color=#008000]
        RenderText {#text} at (0,0) size 360x17
          text run at (0,0) width 360: "This line should be green. There should be no red below."
      RenderBlock {P} at (16,66) size 96x16 [color=#008000]
        RenderInline {SPAN} at (0,0) size 96x16 [color=#FFFFFF] [bgcolor=#FF0000]
          RenderText {#text} at (0,0) size 96x16
            text run at (0,0) width 96: "FAIL-a"
        RenderText {#text} at (0,0) size 0x0
      RenderBlock {P} at (16,98) size 96x16 [color=#008000]
        RenderInline {SPAN} at (0,0) size 96x16 [color=#FFFFFF] [bgcolor=#FF0000]
          RenderText {#text} at (0,0) size 96x16
            text run at (0,0) width 96: "FAIL-b"
        RenderText {#text} at (0,0) size 0x0
      RenderBlock {P} at (16,130) size 96x16 [color=#008000]
        RenderInline {SPAN} at (0,0) size 96x16 [color=#FFFFFF] [bgcolor=#FF0000]
          RenderText {#text} at (0,0) size 96x16
            text run at (0,0) width 96: "FAIL-c"
        RenderText {#text} at (0,0) size 0x0
      RenderBlock {P} at (16,162) size 96x16 [color=#008000]
        RenderInline {SPAN} at (0,0) size 96x16 [color=#FFFFFF] [bgcolor=#FF0000]
          RenderText {#text} at (0,0) size 96x16
            text run at (0,0) width 96: "FAIL-d"
        RenderText {#text} at (0,0) size 0x0
      RenderBlock {P} at (16,194) size 96x16 [color=#008000]
        RenderInline {SPAN} at (0,0) size 96x16 [color=#FFFFFF] [bgcolor=#FF0000]
          RenderText {#text} at (0,0) size 96x16
            text run at (0,0) width 96: "FAIL-e"
        RenderText {#text} at (0,0) size 0x0
      RenderBlock {P} at (16,226) size 96x16 [color=#008000]
        RenderInline {SPAN} at (0,0) size 96x16 [color=#FFFFFF] [bgcolor=#FF0000]
          RenderText {#text} at (0,0) size 96x16
            text run at (0,0) width 96: "FAIL-f"
        RenderText {#text} at (0,0) size 0x0
      RenderBlock {P} at (16,258) size 96x16 [color=#008000]
        RenderInline {SPAN} at (0,0) size 96x16 [color=#FFFFFF] [bgcolor=#FF0000]
          RenderText {#text} at (0,0) size 96x16
            text run at (0,0) width 96: "FAIL-g"
        RenderText {#text} at (0,0) size 0x0
      RenderBlock {P} at (16,290) size 96x16 [color=#008000]
        RenderInline {SPAN} at (0,0) size 96x16 [color=#FFFFFF] [bgcolor=#FF0000]
          RenderText {#text} at (0,0) size 96x16
            text run at (0,0) width 96: "FAIL-h"
        RenderText {#text} at (0,0) size 0x0
      RenderBlock {P} at (16,322) size 96x16 [color=#008000]
        RenderInline {SPAN} at (0,0) size 96x16 [color=#FFFFFF] [bgcolor=#FF0000]
          RenderText {#text} at (0,0) size 96x16
            text run at (0,0) width 96: "FAIL-i"
        RenderText {#text} at (0,0) size 0x0
      RenderBlock {P} at (16,354) size 96x16 [color=#008000]
        RenderInline {SPAN} at (0,0) size 96x16 [color=#FFFFFF] [bgcolor=#FF0000]
          RenderText {#text} at (0,0) size 96x16
            text run at (0,0) width 96: "FAIL-j"
        RenderText {#text} at (0,0) size 0x0
      RenderBlock {P} at (16,386) size 96x16 [color=#008000]
        RenderInline {SPAN} at (0,0) size 96x16 [color=#FFFFFF] [bgcolor=#FF0000]
          RenderText {#text} at (0,0) size 96x16
            text run at (0,0) width 96: "FAIL-k"
        RenderText {#text} at (0,0) size 0x0
      RenderBlock {P} at (16,418) size 96x16 [color=#008000]
        RenderInline {SPAN} at (0,0) size 96x16 [color=#FFFFFF] [bgcolor=#FF0000]
          RenderText {#text} at (0,0) size 96x16
            text run at (0,0) width 96: "FAIL-l"
        RenderText {#text} at (0,0) size 0x0
      RenderBlock {P} at (16,450) size 96x16 [color=#008000]
        RenderInline {SPAN} at (0,0) size 96x16 [color=#FFFFFF] [bgcolor=#FF0000]
          RenderText {#text} at (0,0) size 96x16
            text run at (0,0) width 96: "FAIL-m"
        RenderText {#text} at (0,0) size 0x0
      RenderBlock {P} at (16,482) size 96x16 [color=#008000]
        RenderInline {SPAN} at (0,0) size 96x16 [color=#FFFFFF] [bgcolor=#FF0000]
          RenderText {#text} at (0,0) size 96x16
            text run at (0,0) width 96: "FAIL-n"
        RenderText {#text} at (0,0) size 0x0
