layer at (0,0) size 800x600
  RenderView at (0,0) size 800x600
layer at (0,0) size 800x61
  RenderBlock {HTML} at (0,0) size 800x61
    RenderBody {BODY} at (8,16) size 784x29
      RenderBlock {P} at (0,0) size 784x29
        RenderMathMLMath {math} at (0,3) size 50x15 [padding: 0 1 0 1]
          RenderMathMLRow {mstyle} at (1,0) size 48x15
            RenderMathMLUnderOver {mover} at (0,0) size 48x8
              RenderMathMLOperator {mo} at (0,2) size 48x6
                RenderMathMLBlock (anonymous, flex) at (0,0) size 48x6
                  RenderBlock (anonymous) at (0,0) size 8x6
                    RenderText at (0,-44) size 8x106
                      text run at (0,-44) width 8: "\x{23DE}"
              RenderMathMLSpace {mspace} at (0,0) size 48x2 [bgcolor=#FF0000]
        RenderText {#text} at (50,4) size 4x17
          text run at (50,4) width 4: " "
        RenderMathMLMath {math} at (54,5) size 66x13 [padding: 0 1 0 1]
          RenderMathMLRow {mstyle} at (1,0) size 64x13
            RenderMathMLUnderOver {mover} at (0,0) size 64x13
              RenderMathMLSpace {mspace} at (0,11) size 64x2 [bgcolor=#FF0000]
              RenderMathMLOperator {mo} at (0,0) size 64x11
                RenderMathMLBlock (anonymous, flex) at (0,0) size 64x11
                  RenderBlock (anonymous) at (0,0) size 6x11
                    RenderText at (0,-33) size 6x80
                      text run at (0,-33) width 6: "\x{23DE}"
        RenderText {#text} at (120,4) size 4x17
          text run at (120,4) width 4: " "
        RenderMathMLMath {math} at (124,5) size 50x13 [padding: 0 1 0 1]
          RenderMathMLRow {mstyle} at (1,0) size 48x13
            RenderMathMLUnderOver {munder} at (0,0) size 48x8
              RenderMathMLOperator {mo} at (0,0) size 48x6
                RenderMathMLBlock (anonymous, flex) at (0,0) size 48x6
                  RenderBlock (anonymous) at (0,0) size 8x6
                    RenderText at (0,-44) size 8x106
                      text run at (0,-44) width 8: "\x{23DE}"
              RenderMathMLSpace {mspace} at (0,6) size 48x2 [bgcolor=#FF0000]
        RenderText {#text} at (174,4) size 4x17
          text run at (174,4) width 4: " "
        RenderMathMLMath {math} at (178,5) size 66x24 [padding: 0 1 0 1]
          RenderMathMLRow {mstyle} at (1,0) size 64x24
            RenderMathMLUnderOver {munderover} at (0,0) size 64x24
              RenderMathMLSpace {mspace} at (0,11) size 64x2 [bgcolor=#FF0000]
              RenderMathMLOperator {mo} at (0,13) size 64x11
                RenderMathMLBlock (anonymous, flex) at (0,0) size 64x11
                  RenderBlock (anonymous) at (0,0) size 6x11
                    RenderText at (0,-33) size 6x80
                      text run at (0,-33) width 6: "\x{23DE}"
              RenderMathMLOperator {mo} at (0,0) size 64x11
                RenderMathMLBlock (anonymous, flex) at (0,0) size 64x11
                  RenderBlock (anonymous) at (0,0) size 6x11
                    RenderText at (0,-33) size 6x80
                      text run at (0,-33) width 6: "\x{23DE}"
        RenderText {#text} at (244,4) size 4x17
          text run at (244,4) width 4: " "
        RenderMathMLMath {math} at (248,0) size 50x18 [padding: 0 1 0 1]
          RenderMathMLRow {mstyle} at (1,0) size 48x18
            RenderMathMLUnderOver {munderover} at (0,0) size 48x13
              RenderMathMLOperator {mo} at (0,5) size 48x6
                RenderMathMLBlock (anonymous, flex) at (0,0) size 48x6
                  RenderBlock (anonymous) at (0,0) size 8x6
                    RenderText at (0,-44) size 8x106
                      text run at (0,-44) width 8: "\x{23DE}"
              RenderMathMLSpace {mspace} at (0,11) size 48x2 [bgcolor=#FF0000]
              RenderMathMLOperator {mo} at (0,0) size 48x5
                RenderMathMLBlock (anonymous, flex) at (0,0) size 48x5
                  RenderBlock (anonymous) at (0,0) size 6x5
                    RenderText at (0,-33) size 6x80
                      text run at (0,-33) width 6: "\x{23DE}"
        RenderText {#text} at (298,4) size 4x17
          text run at (298,4) width 4: " "
        RenderMathMLMath {math} at (302,3) size 50x15 [padding: 0 1 0 1]
          RenderMathMLRow {mstyle} at (1,0) size 48x15
            RenderMathMLUnderOver {munderover} at (0,0) size 48x13
              RenderMathMLOperator {mo} at (0,2) size 48x6
                RenderMathMLBlock (anonymous, flex) at (0,0) size 48x6
                  RenderBlock (anonymous) at (0,0) size 8x6
                    RenderText at (0,-44) size 8x106
                      text run at (0,-44) width 8: "\x{23DE}"
              RenderMathMLOperator {mo} at (0,8) size 48x5
                RenderMathMLBlock (anonymous, flex) at (0,0) size 48x5
                  RenderBlock (anonymous) at (0,0) size 6x5
                    RenderText at (0,-33) size 6x80
                      text run at (0,-33) width 6: "\x{23DE}"
              RenderMathMLSpace {mspace} at (0,0) size 48x2 [bgcolor=#FF0000]
        RenderText {#text} at (352,4) size 4x17
          text run at (352,4) width 4: " "
        RenderMathMLMath {math} at (356,3) size 50x15 [padding: 0 1 0 1]
          RenderMathMLRow {mstyle} at (1,0) size 48x15
            RenderMathMLUnderOver {munder} at (0,0) size 48x13
              RenderMathMLUnderOver {mover} at (0,0) size 48x8
                RenderMathMLOperator {mo} at (0,2) size 48x6
                  RenderMathMLBlock (anonymous, flex) at (0,0) size 48x6
                    RenderBlock (anonymous) at (0,0) size 8x6
                      RenderText at (0,-44) size 8x106
                        text run at (0,-44) width 8: "\x{23DE}"
                RenderMathMLSpace {mspace} at (0,0) size 48x2 [bgcolor=#FF0000]
              RenderMathMLOperator {mo} at (0,8) size 48x5
                RenderMathMLBlock (anonymous, flex) at (0,0) size 48x5
                  RenderBlock (anonymous) at (0,0) size 6x5
                    RenderText at (0,-33) size 6x80
                      text run at (0,-33) width 6: "\x{23DE}"
        RenderText {#text} at (0,0) size 0x0
