layer at (0,0) size 800x600
  RenderView at (0,0) size 800x600
layer at (0,0) size 800x61
  RenderBlock {HTML} at (0,0) size 800x61
    RenderBody {BODY} at (8,8) size 784x37
      RenderMathMLMath {math} at (0,0) size 784x37 [padding: 0 1 0 1]
        RenderMathMLOperator {mo} at (213,8) size 26x23
          RenderMathMLBlock (anonymous, flex) at (0,0) size 24x16
            RenderBlock (anonymous) at (0,0) size 17x16
              RenderText at (0,-45) size 17x106
                text run at (0,-45) width 17: "\x{2211}"
        RenderMathMLOperator {mo} at (238,0) size 16x37
          RenderMathMLBlock (anonymous, flex) at (0,0) size 14x19
            RenderBlock (anonymous) at (0,0) size 11x19
              RenderText at (0,-43) size 11x106
                text run at (0,-43) width 11: "\x{222B}"
        RenderMathMLOperator {mo} at (253,0) size 23x37
          RenderMathMLBlock (anonymous, flex) at (0,0) size 21x19
            RenderBlock (anonymous) at (0,0) size 17x19
              RenderText at (0,-43) size 17x106
                text run at (0,-43) width 17: "\x{222C}"
        RenderMathMLOperator {mo} at (275,0) size 30x37
          RenderMathMLBlock (anonymous, flex) at (0,0) size 28x19
            RenderBlock (anonymous) at (0,0) size 22x19
              RenderText at (0,-43) size 22x106
                text run at (0,-43) width 22: "\x{222D}"
        RenderMathMLOperator {mo} at (304,0) size 37x37
          RenderMathMLBlock (anonymous, flex) at (0,0) size 35x19
            RenderBlock (anonymous) at (0,0) size 28x19
              RenderText at (0,-43) size 28x106
                text run at (0,-43) width 28: "\x{2A0C}"
        RenderMathMLOperator {mo} at (340,9) size 23x21
          RenderMathMLBlock (anonymous, flex) at (0,0) size 21x16
            RenderBlock (anonymous) at (0,0) size 18x16
              RenderText at (0,-45) size 18x106
                text run at (0,-45) width 18: "\x{2A01}"
        RenderMathMLOperator {mo} at (362,0) size 16x37
          RenderMathMLBlock (anonymous, flex) at (0,0) size 14x19
            RenderBlock (anonymous) at (0,0) size 11x19
              RenderText at (0,-43) size 11x106
                text run at (0,-43) width 11: "\x{222E}"
        RenderMathMLOperator {mo} at (377,0) size 23x37
          RenderMathMLBlock (anonymous, flex) at (0,0) size 21x19
            RenderBlock (anonymous) at (0,0) size 17x19
              RenderText at (0,-43) size 17x106
                text run at (0,-43) width 17: "\x{222F}"
        RenderMathMLOperator {mo} at (399,0) size 30x37
          RenderMathMLBlock (anonymous, flex) at (0,0) size 28x19
            RenderBlock (anonymous) at (0,0) size 22x19
              RenderText at (0,-43) size 22x106
                text run at (0,-43) width 22: "\x{2230}"
        RenderMathMLOperator {mo} at (428,8) size 20x22
          RenderMathMLBlock (anonymous, flex) at (0,0) size 17x17
            RenderBlock (anonymous) at (0,0) size 13x17
              RenderText at (0,-44) size 13x106
                text run at (0,-44) width 13: "\x{22C3}"
        RenderMathMLOperator {mo} at (447,7) size 20x24
          RenderMathMLBlock (anonymous, flex) at (0,0) size 18x18
            RenderBlock (anonymous) at (0,0) size 13x18
              RenderText at (0,-44) size 13x106
                text run at (0,-44) width 13: "\x{22C0}"
        RenderMathMLOperator {mo} at (466,7) size 21x24
          RenderMathMLBlock (anonymous, flex) at (0,0) size 18x18
            RenderBlock (anonymous) at (0,0) size 13x18
              RenderText at (0,-44) size 13x106
                text run at (0,-44) width 13: "\x{22C1}"
        RenderMathMLOperator {mo} at (486,8) size 20x22
          RenderMathMLBlock (anonymous, flex) at (0,0) size 17x17
            RenderBlock (anonymous) at (0,0) size 13x17
              RenderText at (0,-45) size 13x106
                text run at (0,-45) width 13: "\x{22C2}"
        RenderMathMLOperator {mo} at (505,9) size 23x21
          RenderMathMLBlock (anonymous, flex) at (0,0) size 21x16
            RenderBlock (anonymous) at (0,0) size 18x16
              RenderText at (0,-45) size 18x106
                text run at (0,-45) width 18: "\x{2A02}"
        RenderMathMLOperator {mo} at (527,8) size 23x22
          RenderMathMLBlock (anonymous, flex) at (0,0) size 20x16
            RenderBlock (anonymous) at (0,0) size 15x16
              RenderText at (0,-45) size 15x106
                text run at (0,-45) width 15: "\x{220F}"
        RenderMathMLOperator {mo} at (549,8) size 22x22
          RenderMathMLBlock (anonymous, flex) at (0,0) size 20x16
            RenderBlock (anonymous) at (0,0) size 15x16
              RenderText at (0,-45) size 15x106
                text run at (0,-45) width 15: "\x{2210}"
