layer at (0,0) size 800x600
  RenderView at (0,0) size 800x600
layer at (0,0) size 800x155
  RenderBlock {HTML} at (0,0) size 800x155
    RenderBody {BODY} at (8,16) size 784x123
      RenderBlock {P} at (0,0) size 784x24
        RenderMathMLMath {math} at (0,3) size 18x21 [padding: 0 1 0 1]
          RenderMathMLRow {mstyle} at (1,0) size 16x21
            RenderMathMLUnderOver {mover} at (0,0) size 16x21
              RenderMathMLOperator {mo} at (-5,1) size 26x20
                RenderMathMLBlock (anonymous, flex) at (2,0) size 21x3
                  RenderBlock (anonymous) at (0,0) size 1x3
                    RenderText at (0,-4) size 1x0
                      text run at (0,-4) width 1: "\x{219C}"
              RenderMathMLSpace {mspace} at (4,0) size 8x1
        RenderText {#text} at (0,0) size 0x0
      RenderBlock {P} at (0,40) size 784x24
        RenderMathMLMath {math} at (0,3) size 28x21 [padding: 0 1 0 1]
          RenderMathMLRow {mstyle} at (1,0) size 26x21
            RenderMathMLUnderOver {mover} at (0,0) size 26x21
              RenderMathMLOperator {mo} at (-6,1) size 38x20
                RenderMathMLBlock (anonymous, flex) at (2,0) size 32x3
                  RenderBlock (anonymous) at (0,0) size 1x3
                    RenderText at (0,-4) size 1x0
                      text run at (0,-4) width 1: "\x{219C}"
              RenderMathMLSpace {mspace} at (5,0) size 16x1
        RenderText {#text} at (0,0) size 0x0
      RenderBlock {P} at (0,80) size 784x43
        RenderMathMLMath {math} at (0,0) size 158x43 [padding: 0 1 0 1]
          RenderMathMLRow {mstyle} at (1,0) size 156x43
            RenderMathMLUnderOver {mover} at (0,0) size 156x43
              RenderMathMLOperator {mo} at (-3,1) size 162x42
                RenderMathMLBlock (anonymous, flex) at (2,0) size 157x3
                  RenderBlock (anonymous) at (0,0) size 1x3
                    RenderText at (0,-4) size 1x0
                      text run at (0,-4) width 1: "\x{219C}"
              RenderMathMLSpace {mspace} at (2,0) size 151x1
        RenderText {#text} at (0,0) size 0x0
