layer at (0,0) size 800x600
  RenderView at (0,0) size 800x600
layer at (0,0) size 800x350
  RenderBlock {HTML} at (0,0) size 800x350
    RenderBody {BODY} at (8,16) size 784x318
      RenderBlock {P} at (0,0) size 784x35
        RenderMathMLMath {math} at (0,20) size 49x11 [padding: 0 1 0 1]
          RenderMathMLRow {mrow} at (1,0) size 47x11
            RenderMathMLOperator {mo} at (0,0) size 47x11
              RenderMathMLBlock (anonymous, flex) at (2,0) size 42x3
                RenderBlock (anonymous) at (0,0) size 2x3
                  RenderText at (0,-3) size 2x0
                    text run at (0,-3) width 2: "\x{219F}"
        RenderText {#text} at (48,17) size 5x17
          text run at (48,17) width 5: " "
        RenderMathMLMath {math} at (52,10) size 50x21 [padding: 0 1 0 1]
          RenderMathMLRow {mrow} at (1,0) size 47x21
            RenderMathMLOperator {mo} at (0,0) size 47x21
              RenderMathMLBlock (anonymous, flex) at (2,0) size 42x3
                RenderBlock (anonymous) at (0,0) size 2x3
                  RenderText at (0,-3) size 2x0
                    text run at (0,-3) width 2: "\x{219F}"
        RenderText {#text} at (101,17) size 5x17
          text run at (101,17) width 5: " "
        RenderMathMLMath {math} at (105,0) size 49x31 [padding: 0 1 0 1]
          RenderMathMLRow {mrow} at (1,0) size 47x31
            RenderMathMLOperator {mo} at (0,0) size 47x31
              RenderMathMLBlock (anonymous, flex) at (2,0) size 42x3
                RenderBlock (anonymous) at (0,0) size 2x3
                  RenderText at (0,-3) size 2x0
                    text run at (0,-3) width 2: "\x{219F}"
        RenderText {#text} at (0,0) size 0x0
      RenderBlock {P} at (0,51) size 784x154
        RenderMathMLMath {math} at (0,0) size 49x150 [padding: 0 1 0 1]
          RenderMathMLRow {mrow} at (1,0) size 47x150
            RenderMathMLOperator {mo} at (0,0) size 47x150
              RenderMathMLBlock (anonymous, flex) at (2,0) size 42x3
                RenderBlock (anonymous) at (0,0) size 2x3
                  RenderText at (0,-3) size 2x0
                    text run at (0,-3) width 2: "\x{219F}"
        RenderText {#text} at (0,0) size 0x0
      RenderBlock {P} at (0,221) size 784x97
        RenderMathMLMath {math} at (0,0) size 97x93 [padding: 0 1 0 1]
          RenderMathMLRow {mrow} at (1,0) size 95x93
            RenderMathMLOperator {mo} at (0,0) size 95x93
              RenderMathMLBlock (anonymous, flex) at (0,0) size 94x12
                RenderBlock (anonymous) at (0,0) size 10x12
                  RenderText at (0,6) size 10x0
                    text run at (0,6) width 10: "\x{2A1B}"
        RenderText {#text} at (0,0) size 0x0
