layer at (0,0) size 800x600
  RenderView at (0,0) size 800x600
layer at (0,0) size 800x70
  RenderBlock {HTML} at (0,0) size 800x70
    RenderBody {BODY} at (8,8) size 784x54
      RenderBR {BR} at (195,5) size 0x17
      RenderTextControl {INPUT} at (2,29) size 191x23 [bgcolor=#FFFFFF] [border: (2px inset #000000)]
        RenderFlexibleBox {DIV} at (3,3) size 185x17
          RenderBlock {DIV} at (0,0) size 169x17
      RenderText {#text} at (0,0) size 0x0
layer at (13,40) size 169x17
  RenderBlock {DIV} at (0,0) size 169x17
    RenderText {#text} at (0,0) size 18x17
      text run at (0,0) width 18: "10"
layer at (10,10) size 191x23
  RenderTextControl {INPUT} at (2,2) size 191x23 [bgcolor=#FFFFFF] [border: (2px inset #000000)]
    RenderFlexibleBox {DIV} at (3,3) size 185x17
      RenderBlock {DIV} at (0,0) size 169x17
layer at (13,13) size 169x17
  RenderBlock {DIV} at (0,0) size 169x17
    RenderText {#text} at (0,0) size 18x17
      text run at (0,0) width 18: "10"
layer at (183,12) size 16x19
  RenderBlock (relative positioned) {DIV} at (170,-1) size 16x19
layer at (183,39) size 16x19
  RenderBlock (relative positioned) {DIV} at (170,-1) size 16x19
