Blocked access to external URL http://www.w3.org/Tools/respec/respec-w3c-common
layer at (0,0) size 785x4717
  RenderView at (0,0) size 785x600
layer at (0,0) size 785x4717
  RenderBlock {HTML} at (0,0) size 785x4718
    RenderBody {BODY} at (8,16) size 769x4686
      RenderBlock {SECTION} at (0,0) size 769x124
        RenderBlock {P} at (0,0) size 769x72
          RenderText {#text} at (0,0) size 754x72
            text run at (0,0) width 428: "This document is intended to be used as a guideline for the testing "
            text run at (427,0) width 312: "activities related to the CSS Shapes Level 1 spec"
            text run at (0,18) width 172: "[[!css-shapes-1]]. Its main "
            text run at (171,18) width 435: "goal is to provide an overview of the general testing areas, possible "
            text run at (605,18) width 122: "caveats and testing"
            text run at (0,36) width 313: "aspects not immediately apparent from the spec. "
            text run at (312,36) width 442: "Also, it provides a means of tracking the progress of the CSS Shapes"
            text run at (0,54) width 80: "spec testing."
        RenderBlock {P} at (0,88) size 769x36
          RenderText {#text} at (0,0) size 764x36
            text run at (0,0) width 426: "This document is not meant to replace the spec in determining the "
            text run at (425,0) width 339: "normative and non-normative assertions to be tested,"
            text run at (0,18) width 66: "but rather "
            text run at (65,18) width 97: "complement it."
      RenderBlock {SECTION} at (0,143) size 769x462
        RenderBlock {H2} at (0,0) size 769x28
          RenderText {#text} at (0,0) size 59x28
            text run at (0,0) width 59: "Goals"
        RenderBlock {P} at (0,47) size 769x37
          RenderText {#text} at (0,0) size 753x36
            text run at (0,0) width 447: "To ensure a comprehensive test suite with useful, high quality tests, a "
            text run at (446,0) width 307: "number of goals are proposed. They range from"
            text run at (0,18) width 144: "process goals (how to "
            text run at (143,18) width 430: "conduct testing) to implementation goals (how to write good tests)."
        RenderBlock {SECTION} at (0,102) size 769x96
          RenderBlock {H3} at (0,0) size 769x22
            RenderText {#text} at (0,0) size 253x22
              text run at (0,0) width 253: "Enabling easy test contribution"
          RenderBlock {P} at (0,40) size 769x55
            RenderText {#text} at (0,0) size 760x54
              text run at (0,0) width 392: "An important vector in successfully testing CSS Shapes is to "
              text run at (391,0) width 355: "enable easy test contributions, both from W3C partners"
              text run at (0,18) width 63: "and from "
              text run at (62,18) width 457: "non-W3C members that wish to contribute. This is achieved by clearly "
              text run at (518,18) width 242: "marking and explaining the areas that"
              text run at (0,36) width 206: "need testing, linking to existing "
              text run at (205,36) width 220: "tests, and general testing progress."
        RenderBlock {SECTION} at (0,216) size 769x77
          RenderBlock {H3} at (0,0) size 769x22
            RenderText {#text} at (0,0) size 241x22
              text run at (0,0) width 241: "Providing guidance on testing"
          RenderBlock {P} at (0,40) size 769x37
            RenderText {#text} at (0,0) size 756x36
              text run at (0,0) width 387: "In order to increase the quality of the test contributions, this "
              text run at (386,0) width 370: "document offers a set of guidelines for conducting testing"
              text run at (0,18) width 30: "(see "
            RenderInline {A} at (0,0) size 0x0 [color=#0000EE]
            RenderText {#text} at (29,18) size 490x18
              text run at (29,18) width 154: ") and a testing progress "
              text run at (182,18) width 337: "tracker to increase the surface coverage of tests (see "
            RenderInline {A} at (0,0) size 0x0 [color=#0000EE]
            RenderText {#text} at (518,18) size 10x18
              text run at (518,18) width 10: ")."
        RenderBlock {SECTION} at (0,311) size 769x150
          RenderBlock {H3} at (0,0) size 769x22
            RenderText {#text} at (0,0) size 281x22
              text run at (0,0) width 281: "Creating automation-friendly tests"
          RenderBlock {P} at (0,40) size 769x109
            RenderText {#text} at (0,0) size 713x36
              text run at (0,0) width 521: "In terms of actual tests produced for the CSS Shapes specification, the main goal "
              text run at (520,0) width 193: "is to ensure that most tests are"
              text run at (0,18) width 199: "automatable (i.e. they're either "
              text run at (198,18) width 94: "reftests or use "
            RenderInline {CODE} at (0,0) size 110x15
              RenderText {#text} at (291,20) size 110x15
                text run at (291,20) width 110: "testharness.js"
            RenderText {#text} at (400,18) size 765x90
              text run at (400,18) width 178: "). Even where manual tests "
              text run at (577,18) width 188: "are absolutely necessary they"
              text run at (0,36) width 239: "should be written so that they can be "
              text run at (238,36) width 358: "easily automated \x{2013} as there are ongoing efforts to make "
              text run at (595,36) width 162: "WebDriver [[webdriver]]"
              text run at (0,54) width 280: "automated tests a first class citizen in W3C "
              text run at (279,54) width 379: "testing. This means that even if a manual test requires user "
              text run at (657,54) width 97: "interaction, the"
              text run at (0,72) width 329: "validation or PASS/FAIL conditions should still be "
              text run at (328,72) width 422: "clear enough as to allow automatic validation if said interaction is"
              text run at (0,90) width 104: "later automated."
      RenderBlock {SECTION} at (0,624) size 769x84
        RenderBlock {H2} at (0,0) size 769x28
          RenderText {#text} at (0,0) size 103x28
            text run at (0,0) width 103: "Approach"
        RenderBlock {P} at (0,47) size 769x37
          RenderText {#text} at (0,0) size 752x36
            text run at (0,0) width 504: "Since the CSS Shapes Level 1 spec introduces only three new CSS properties, "
            text run at (503,0) width 249: "the approach is to deep dive into every"
            text run at (0,18) width 252: "aspect of the spec as much as possible. "
            text run at (251,18) width 321: "Tests will be created for the testing areas listed in "
          RenderInline {A} at (0,0) size 1x18 [color=#0000EE]
          RenderText {#text} at (571,18) size 5x18
            text run at (571,18) width 5: "."
      RenderBlock {SECTION} at (0,727) size 769x3959
        RenderBlock {H2} at (0,0) size 769x28
          RenderText {#text} at (0,0) size 135x28
            text run at (0,0) width 135: "Testing areas"
        RenderBlock {SECTION} at (0,47) size 769x3126
          RenderBlock {H3} at (0,0) size 769x22
            RenderText {#text} at (0,0) size 170x22
              text run at (0,0) width 170: "Explicit testing areas"
          RenderBlock {P} at (0,40) size 769x55
            RenderText {#text} at (0,0) size 759x54
              text run at (0,0) width 439: "These are testing areas normatively defined by the spec. They cover "
              text run at (438,0) width 311: "things explicitly or implicitly defined in the CSS"
              text run at (0,18) width 86: "Shapes spec. "
              text run at (85,18) width 369: "Please note that while detailed, this list is not necessarily "
              text run at (453,18) width 306: "exhaustive and normative behaviors may not be"
              text run at (0,36) width 100: "contained in it. "
              text run at (99,36) width 448: "When in doubt, consult the CSS Shapes spec or ask a question on the "
            RenderInline {A} at (0,0) size 73x18 [color=#0000EE]
              RenderText {#text} at (546,36) size 73x18
                text run at (546,36) width 54: "mailing "
                text run at (599,36) width 20: "list"
            RenderText {#text} at (618,36) size 5x18
              text run at (618,36) width 5: "."
          RenderBlock {P} at (0,110) size 769x0
          RenderBlock {SECTION} at (0,115) size 769x1821
            RenderBlock {H4} at (0,0) size 769x18
              RenderText {#text} at (0,0) size 477x18
                text run at (0,0) width 477: "Proper parsing of the CSS properties and values according to the spec"
            RenderBlock {P} at (0,39) size 769x55
              RenderText {#text} at (0,0) size 526x18
                text run at (0,0) width 436: "Note: For all of the tests below, where length parameters are tested, "
                text run at (435,0) width 91: "the supported "
              RenderInline {A} at (0,0) size 59x18 [color=#0000EE]
                RenderText {#text} at (525,0) size 59x18
                  text run at (525,0) width 59: "<length>"
              RenderText {#text} at (583,0) size 743x54
                text run at (583,0) width 5: " "
                text run at (587,0) width 156: "units defined in the CSS"
                text run at (0,18) width 518: "Values & Units [[!CSS3VAL]] specification, but not all permutations will not be "
                text run at (517,18) width 224: "tested. Instead, a sampling of these"
                text run at (0,36) width 339: "units will be used across the parsing and layout tests."
            RenderBlock {UL} at (0,109) size 769x1711
              RenderListItem {LI} at (40,0) size 729x1404
                RenderBlock (anonymous) at (0,0) size 729x18
                  RenderListMarker at (-17,0) size 7x18: bullet
                  RenderInline {CODE} at (0,0) size 102x15
                    RenderText {#text} at (0,2) size 102x15
                      text run at (0,2) width 102: "shape-outside"
                  RenderText {#text} at (0,0) size 0x0
                RenderBlock {UL} at (0,18) size 729x1386
                  RenderListItem {LI} at (40,0) size 689x18
                    RenderListMarker at (-17,0) size 7x18: white bullet
                    RenderText {#text} at (0,0) size 32x18
                      text run at (0,0) width 32: "none"
                  RenderListItem {LI} at (40,18) size 689x1224
                    RenderBlock (anonymous) at (0,0) size 689x18
                      RenderListMarker at (-17,0) size 7x18: white bullet
                      RenderInline {CODE} at (0,0) size 102x15
                        RenderText {#text} at (0,2) size 102x15
                          text run at (0,2) width 102: "<basic-shape>"
                      RenderText {#text} at (0,0) size 0x0
                    RenderBlock {UL} at (0,18) size 689x1206
                      RenderListItem {LI} at (40,0) size 649x396
                        RenderBlock (anonymous) at (0,0) size 649x18
                          RenderListMarker at (-17,0) size 7x18: black square
                          RenderInline {CODE} at (0,0) size 55x15
                            RenderText {#text} at (0,2) size 55x15
                              text run at (0,2) width 55: "inset()"
                          RenderText {#text} at (0,0) size 0x0
                        RenderBlock {UL} at (0,18) size 649x378
                          RenderListItem {LI} at (40,0) size 609x18
                            RenderListMarker at (-17,0) size 7x18: black square
                            RenderText {#text} at (0,0) size 92x18
                              text run at (0,0) width 92: "0-4 arguments"
                          RenderListItem {LI} at (40,18) size 609x18
                            RenderListMarker at (-17,0) size 7x18: black square
                            RenderText {#text} at (0,0) size 76x18
                              text run at (0,0) width 76: "length units"
                          RenderListItem {LI} at (40,36) size 609x18
                            RenderListMarker at (-17,0) size 7x18: black square
                            RenderText {#text} at (0,0) size 76x18
                              text run at (0,0) width 76: "percentages"
                          RenderListItem {LI} at (40,54) size 609x18
                            RenderListMarker at (-17,0) size 7x18: black square
                            RenderText {#text} at (0,0) size 160x18
                              text run at (0,0) width 160: "positive/negative lengths"
                          RenderListItem {LI} at (40,72) size 609x18
                            RenderListMarker at (-17,0) size 7x18: black square
                            RenderText {#text} at (0,0) size 186x18
                              text run at (0,0) width 186: "decimal/non-decimal lengths"
                          RenderListItem {LI} at (40,90) size 609x18
                            RenderListMarker at (-17,0) size 7x18: black square
                            RenderText {#text} at (0,0) size 87x18
                              text run at (0,0) width 87: "calc() lengths"
                          RenderListItem {LI} at (40,108) size 609x18
                            RenderListMarker at (-17,0) size 7x18: black square
                            RenderText {#text} at (0,0) size 80x18
                              text run at (0,0) width 80: "no unit or %"
                          RenderListItem {LI} at (40,126) size 609x18
                            RenderListMarker at (-17,0) size 7x18: black square
                            RenderText {#text} at (0,0) size 140x18
                              text run at (0,0) width 140: "commas / no commas"
                          RenderListItem {LI} at (40,144) size 609x18
                            RenderListMarker at (-17,0) size 7x18: black square
                            RenderText {#text} at (0,0) size 114x18
                              text run at (0,0) width 114: "invalid arg values"
                          RenderListItem {LI} at (40,162) size 609x216
                            RenderBlock (anonymous) at (0,0) size 609x18
                              RenderListMarker at (-17,0) size 7x18: black square
                              RenderInline {CODE} at (0,0) size 40x15
                                RenderText {#text} at (0,2) size 40x15
                                  text run at (0,2) width 40: "round"
                              RenderText {#text} at (39,0) size 60x18
                                text run at (39,0) width 60: " keyword"
                            RenderBlock {UL} at (0,18) size 609x198
                              RenderListItem {LI} at (40,0) size 569x198
                                RenderBlock (anonymous) at (0,0) size 569x18
                                  RenderListMarker at (-17,0) size 7x18: black square
                                  RenderInline {CODE} at (0,0) size 118x15
                                    RenderText {#text} at (0,2) size 118x15
                                      text run at (0,2) width 118: "<border-radius>"
                                  RenderText {#text} at (0,0) size 0x0
                                RenderBlock {UL} at (0,18) size 569x180
                                  RenderListItem {LI} at (40,0) size 529x18
                                    RenderListMarker at (-17,0) size 7x18: black square
                                    RenderText {#text} at (0,0) size 92x18
                                      text run at (0,0) width 92: "0-8 arguments"
                                  RenderListItem {LI} at (40,18) size 529x18
                                    RenderListMarker at (-17,0) size 7x18: black square
                                    RenderText {#text} at (0,0) size 84x18
                                      text run at (0,0) width 84: "position of '/'"
                                  RenderListItem {LI} at (40,36) size 529x18
                                    RenderListMarker at (-17,0) size 7x18: black square
                                    RenderText {#text} at (0,0) size 76x18
                                      text run at (0,0) width 76: "length units"
                                  RenderListItem {LI} at (40,54) size 529x18
                                    RenderListMarker at (-17,0) size 7x18: black square
                                    RenderText {#text} at (0,0) size 76x18
                                      text run at (0,0) width 76: "percentages"
                                  RenderListItem {LI} at (40,72) size 529x18
                                    RenderListMarker at (-17,0) size 7x18: black square
                                    RenderText {#text} at (0,0) size 160x18
                                      text run at (0,0) width 160: "positive/negative lengths"
                                  RenderListItem {LI} at (40,90) size 529x18
                                    RenderListMarker at (-17,0) size 7x18: black square
                                    RenderText {#text} at (0,0) size 186x18
                                      text run at (0,0) width 186: "decimal/non-decimal lengths"
                                  RenderListItem {LI} at (40,108) size 529x18
                                    RenderListMarker at (-17,0) size 7x18: black square
                                    RenderText {#text} at (0,0) size 87x18
                                      text run at (0,0) width 87: "calc() lengths"
                                  RenderListItem {LI} at (40,126) size 529x18
                                    RenderListMarker at (-17,0) size 7x18: black square
                                    RenderText {#text} at (0,0) size 80x18
                                      text run at (0,0) width 80: "no unit or %"
                                  RenderListItem {LI} at (40,144) size 529x18
                                    RenderListMarker at (-17,0) size 7x18: black square
                                    RenderText {#text} at (0,0) size 140x18
                                      text run at (0,0) width 140: "commas / no commas"
                                  RenderListItem {LI} at (40,162) size 529x18
                                    RenderListMarker at (-17,0) size 7x18: black square
                                    RenderText {#text} at (0,0) size 90x18
                                      text run at (0,0) width 90: "invalid values"
                      RenderListItem {LI} at (40,396) size 649x432
                        RenderBlock (anonymous) at (0,0) size 649x18
                          RenderListMarker at (-17,0) size 7x18: black square
                          RenderInline {CODE} at (0,0) size 63x15
                            RenderText {#text} at (0,2) size 63x15
                              text run at (0,2) width 63: "circle()"
                          RenderText {#text} at (0,0) size 0x0
                        RenderBlock {UL} at (0,18) size 649x414
                          RenderListItem {LI} at (40,0) size 609x198
                            RenderBlock (anonymous) at (0,0) size 609x18
                              RenderListMarker at (-17,0) size 7x18: black square
                              RenderInline {CODE} at (0,0) size 110x15
                                RenderText {#text} at (0,2) size 110x15
                                  text run at (0,2) width 110: "<shape-radius>"
                              RenderText {#text} at (0,0) size 0x0
                            RenderBlock {UL} at (0,18) size 609x180
                              RenderListItem {LI} at (40,0) size 569x18
                                RenderListMarker at (-17,0) size 7x18: black square
                                RenderText {#text} at (0,0) size 204x18
                                  text run at (0,0) width 204: "0-1 args (valid), 2 args (invalid)"
                              RenderListItem {LI} at (40,18) size 569x18
                                RenderListMarker at (-17,0) size 7x18: black square
                                RenderText {#text} at (0,0) size 76x18
                                  text run at (0,0) width 76: "length units"
                              RenderListItem {LI} at (40,36) size 569x18
                                RenderListMarker at (-17,0) size 7x18: black square
                                RenderText {#text} at (0,0) size 76x18
                                  text run at (0,0) width 76: "percentages"
                              RenderListItem {LI} at (40,54) size 569x18
                                RenderListMarker at (-17,0) size 7x18: black square
                                RenderText {#text} at (0,0) size 160x18
                                  text run at (0,0) width 160: "positive/negative lengths"
                              RenderListItem {LI} at (40,72) size 569x18
                                RenderListMarker at (-17,0) size 7x18: black square
                                RenderText {#text} at (0,0) size 186x18
                                  text run at (0,0) width 186: "decimal/non-decimal lengths"
                              RenderListItem {LI} at (40,90) size 569x18
                                RenderListMarker at (-17,0) size 7x18: black square
                                RenderText {#text} at (0,0) size 87x18
                                  text run at (0,0) width 87: "calc() lengths"
                              RenderListItem {LI} at (40,108) size 569x18
                                RenderListMarker at (-17,0) size 7x18: black square
                                RenderText {#text} at (0,0) size 80x18
                                  text run at (0,0) width 80: "no unit or %"
                              RenderListItem {LI} at (40,126) size 569x18
                                RenderListMarker at (-17,0) size 7x18: black square
                                RenderText {#text} at (0,0) size 140x18
                                  text run at (0,0) width 140: "commas / no commas"
                              RenderListItem {LI} at (40,144) size 569x18
                                RenderListMarker at (-17,0) size 7x18: black square
                                RenderText {#text} at (0,0) size 114x18
                                  text run at (0,0) width 114: "invalid arg values"
                              RenderListItem {LI} at (40,162) size 569x18
                                RenderListMarker at (-17,0) size 7x18: black square
                                RenderInline {CODE} at (0,0) size 211x15
                                  RenderText {#text} at (0,2) size 211x15
                                    text run at (0,2) width 211: "closest-side, farthest-side"
                                RenderText {#text} at (210,0) size 67x18
                                  text run at (210,0) width 67: " keywords"
                          RenderListItem {LI} at (40,198) size 609x216
                            RenderBlock (anonymous) at (0,0) size 609x18
                              RenderListMarker at (-17,0) size 7x18: black square
                              RenderInline {CODE} at (0,0) size 16x15
                                RenderText {#text} at (0,2) size 16x15
                                  text run at (0,2) width 16: "at"
                              RenderText {#text} at (15,0) size 61x18
                                text run at (15,0) width 61: " keyword"
                            RenderBlock {UL} at (0,18) size 609x198
                              RenderListItem {LI} at (40,0) size 569x198
                                RenderBlock (anonymous) at (0,0) size 569x18
                                  RenderListMarker at (-17,0) size 7x18: black square
                                  RenderInline {CODE} at (0,0) size 79x15
                                    RenderText {#text} at (0,2) size 79x15
                                      text run at (0,2) width 79: "<position>"
                                  RenderText {#text} at (0,0) size 0x0
                                RenderBlock {UL} at (0,18) size 569x180
                                  RenderListItem {LI} at (40,0) size 529x18
                                    RenderListMarker at (-17,0) size 7x18: black square
                                    RenderText {#text} at (0,0) size 92x18
                                      text run at (0,0) width 92: "0-4 arguments"
                                  RenderListItem {LI} at (40,18) size 529x18
                                    RenderListMarker at (-17,0) size 7x18: black square
                                    RenderText {#text} at (0,0) size 76x18
                                      text run at (0,0) width 76: "length units"
                                  RenderListItem {LI} at (40,36) size 529x18
                                    RenderListMarker at (-17,0) size 7x18: black square
                                    RenderText {#text} at (0,0) size 76x18
                                      text run at (0,0) width 76: "percentages"
                                  RenderListItem {LI} at (40,54) size 529x18
                                    RenderListMarker at (-17,0) size 7x18: black square
                                    RenderText {#text} at (0,0) size 160x18
                                      text run at (0,0) width 160: "positive/negative lengths"
                                  RenderListItem {LI} at (40,72) size 529x18
                                    RenderListMarker at (-17,0) size 7x18: black square
                                    RenderText {#text} at (0,0) size 186x18
                                      text run at (0,0) width 186: "decimal/non-decimal lengths"
                                  RenderListItem {LI} at (40,90) size 529x18
                                    RenderListMarker at (-17,0) size 7x18: black square
                                    RenderText {#text} at (0,0) size 87x18
                                      text run at (0,0) width 87: "calc() lengths"
                                  RenderListItem {LI} at (40,108) size 529x18
                                    RenderListMarker at (-17,0) size 7x18: black square
                                    RenderText {#text} at (0,0) size 80x18
                                      text run at (0,0) width 80: "no unit or %"
                                  RenderListItem {LI} at (40,126) size 529x18
                                    RenderListMarker at (-17,0) size 7x18: black square
                                    RenderText {#text} at (0,0) size 140x18
                                      text run at (0,0) width 140: "commas / no commas"
                                  RenderListItem {LI} at (40,144) size 529x18
                                    RenderListMarker at (-17,0) size 7x18: black square
                                    RenderText {#text} at (0,0) size 90x18
                                      text run at (0,0) width 90: "invalid values"
                                  RenderListItem {LI} at (40,162) size 529x18
                                    RenderListMarker at (-17,0) size 7x18: black square
                                    RenderInline {CODE} at (0,0) size 188x15
                                      RenderText {#text} at (0,2) size 188x15
                                        text run at (0,2) width 188: "top, left, bottom, right"
                                    RenderText {#text} at (187,0) size 67x18
                                      text run at (187,0) width 67: " keywords"
                      RenderListItem {LI} at (40,828) size 649x90
                        RenderBlock (anonymous) at (0,0) size 649x18
                          RenderListMarker at (-17,0) size 7x18: black square
                          RenderInline {CODE} at (0,0) size 71x15
                            RenderText {#text} at (0,2) size 71x15
                              text run at (0,2) width 71: "ellipse()"
                          RenderText {#text} at (0,0) size 0x0
                        RenderBlock {UL} at (0,18) size 649x72
                          RenderListItem {LI} at (40,0) size 609x54
                            RenderBlock (anonymous) at (0,0) size 609x18
                              RenderListMarker at (-17,0) size 7x18: black square
                              RenderInline {CODE} at (0,0) size 110x15
                                RenderText {#text} at (0,2) size 110x15
                                  text run at (0,2) width 110: "<shape-radius>"
                              RenderText {#text} at (0,0) size 0x0
                            RenderBlock {UL} at (0,18) size 609x36
                              RenderListItem {LI} at (40,0) size 569x18
                                RenderListMarker at (-17,0) size 7x18: black square
                                RenderText {#text} at (0,0) size 204x18
                                  text run at (0,0) width 204: "0-2 args (valid), 3 args (invalid)"
                              RenderListItem {LI} at (40,18) size 569x18
                                RenderListMarker at (-17,0) size 7x18: black square
                                RenderInline {I} at (0,0) size 401x18
                                  RenderText {#text} at (0,0) size 401x18
                                    text run at (0,0) width 401: "Plus all of the same shape-radius tests listed above for circle()"
                          RenderListItem {LI} at (40,54) size 609x18
                            RenderListMarker at (-17,0) size 7x18: black square
                            RenderInline {I} at (0,0) size 382x18
                              RenderText {#text} at (0,0) size 94x18
                                text run at (0,0) width 94: "Plus all of the "
                              RenderInline {CODE} at (0,0) size 102x15
                                RenderText {#text} at (93,2) size 102x15
                                  text run at (93,2) width 102: "at <position>"
                              RenderText {#text} at (194,0) size 188x18
                                text run at (194,0) width 188: " tests listed above for circle()"
                      RenderListItem {LI} at (40,918) size 649x18
                        RenderListMarker at (-17,0) size 7x18: black square
                        RenderInline {CODE} at (0,0) size 71x15
                          RenderText {#text} at (0,2) size 71x15
                            text run at (0,2) width 71: "polygon()"
                        RenderText {#text} at (0,0) size 0x0
                      RenderListItem {LI} at (40,936) size 649x180
                        RenderBlock (anonymous) at (0,0) size 649x18
                          RenderListMarker at (-17,0) size 7x18: black square
                          RenderInline {CODE} at (0,0) size 86x15
                            RenderText {#text} at (0,2) size 86x15
                              text run at (0,2) width 86: "<shape-arg>"
                          RenderText {#text} at (85,0) size 10x18
                            text run at (85,0) width 10: "'s"
                        RenderBlock {UL} at (0,18) size 649x162
                          RenderListItem {LI} at (40,0) size 609x18
                            RenderListMarker at (-17,0) size 7x18: black square
                            RenderText {#text} at (0,0) size 251x18
                              text run at (0,0) width 251: "1-6 vertices (valid), 0 vertices (invalid)"
                          RenderListItem {LI} at (40,18) size 609x18
                            RenderListMarker at (-17,0) size 7x18: black square
                            RenderText {#text} at (0,0) size 76x18
                              text run at (0,0) width 76: "length units"
                          RenderListItem {LI} at (40,36) size 609x18
                            RenderListMarker at (-17,0) size 7x18: black square
                            RenderText {#text} at (0,0) size 76x18
                              text run at (0,0) width 76: "percentages"
                          RenderListItem {LI} at (40,54) size 609x18
                            RenderListMarker at (-17,0) size 7x18: black square
                            RenderText {#text} at (0,0) size 160x18
                              text run at (0,0) width 160: "positive/negative lengths"
                          RenderListItem {LI} at (40,72) size 609x18
                            RenderListMarker at (-17,0) size 7x18: black square
                            RenderText {#text} at (0,0) size 186x18
                              text run at (0,0) width 186: "decimal/non-decimal lengths"
                          RenderListItem {LI} at (40,90) size 609x18
                            RenderListMarker at (-17,0) size 7x18: black square
                            RenderText {#text} at (0,0) size 87x18
                              text run at (0,0) width 87: "calc() lengths"
                          RenderListItem {LI} at (40,108) size 609x18
                            RenderListMarker at (-17,0) size 7x18: black square
                            RenderText {#text} at (0,0) size 80x18
                              text run at (0,0) width 80: "no unit or %"
                          RenderListItem {LI} at (40,126) size 609x18
                            RenderListMarker at (-17,0) size 7x18: black square
                            RenderText {#text} at (0,0) size 140x18
                              text run at (0,0) width 140: "commas / no commas"
                          RenderListItem {LI} at (40,144) size 609x18
                            RenderListMarker at (-17,0) size 7x18: black square
                            RenderText {#text} at (0,0) size 114x18
                              text run at (0,0) width 114: "invalid arg values"
                      RenderListItem {LI} at (40,1116) size 649x90
                        RenderBlock (anonymous) at (0,0) size 649x18
                          RenderListMarker at (-17,0) size 7x18: black square
                          RenderInline {CODE} at (0,0) size 86x15
                            RenderText {#text} at (0,2) size 86x15
                              text run at (0,2) width 86: "<fill-rule>"
                          RenderText {#text} at (0,0) size 0x0
                        RenderBlock {UL} at (0,18) size 649x72
                          RenderListItem {LI} at (40,0) size 609x18
                            RenderListMarker at (-17,0) size 7x18: black square
                            RenderInline {CODE} at (0,0) size 250x15
                              RenderText {#text} at (0,2) size 250x15
                                text run at (0,2) width 250: "not specified (default: nonzero)"
                          RenderListItem {LI} at (40,18) size 609x18
                            RenderListMarker at (-17,0) size 7x18: black square
                            RenderInline {CODE} at (0,0) size 55x15
                              RenderText {#text} at (0,2) size 55x15
                                text run at (0,2) width 55: "nonzero"
                          RenderListItem {LI} at (40,36) size 609x18
                            RenderListMarker at (-17,0) size 7x18: black square
                            RenderInline {CODE} at (0,0) size 55x15
                              RenderText {#text} at (0,2) size 55x15
                                text run at (0,2) width 55: "evenodd"
                          RenderListItem {LI} at (40,54) size 609x18
                            RenderListMarker at (-17,0) size 7x18: black square
                            RenderText {#text} at (0,0) size 90x18
                              text run at (0,0) width 90: "invalid values"
                  RenderListItem {LI} at (40,1242) size 689x90
                    RenderBlock (anonymous) at (0,0) size 689x18
                      RenderListMarker at (-17,0) size 7x18: white bullet
                      RenderInline {CODE} at (0,0) size 40x15
                        RenderText {#text} at (0,2) size 40x15
                          text run at (0,2) width 40: "<box>"
                      RenderText {#text} at (0,0) size 0x0
                    RenderBlock {UL} at (0,18) size 689x72
                      RenderListItem {LI} at (40,0) size 649x18
                        RenderListMarker at (-17,0) size 7x18: black square
                        RenderInline {CODE} at (0,0) size 79x15
                          RenderText {#text} at (0,2) size 79x15
                            text run at (0,2) width 79: "margin-box"
                      RenderListItem {LI} at (40,18) size 649x18
                        RenderListMarker at (-17,0) size 7x18: black square
                        RenderInline {CODE} at (0,0) size 79x15
                          RenderText {#text} at (0,2) size 79x15
                            text run at (0,2) width 79: "border-box"
                      RenderListItem {LI} at (40,36) size 649x18
                        RenderListMarker at (-17,0) size 7x18: black square
                        RenderInline {CODE} at (0,0) size 86x15
                          RenderText {#text} at (0,2) size 86x15
                            text run at (0,2) width 86: "padding-box"
                      RenderListItem {LI} at (40,54) size 649x18
                        RenderListMarker at (-17,0) size 7x18: black square
                        RenderInline {CODE} at (0,0) size 86x15
                          RenderText {#text} at (0,2) size 86x15
                            text run at (0,2) width 86: "content-box"
                  RenderListItem {LI} at (40,1332) size 689x36
                    RenderBlock (anonymous) at (0,0) size 689x18
                      RenderListMarker at (-17,0) size 7x18: white bullet
                      RenderInline {CODE} at (0,0) size 164x15
                        RenderText {#text} at (0,2) size 164x15
                          text run at (0,2) width 164: "<basic-shape> + <box>"
                      RenderText {#text} at (0,0) size 0x0
                    RenderBlock {UL} at (0,18) size 689x18
                      RenderListItem {LI} at (40,0) size 649x18
                        RenderListMarker at (-17,0) size 7x18: black square
                        RenderText {#text} at (0,0) size 536x18
                          text run at (0,0) width 536: "A sampling of the tests above combined together to test basic-shape with shape-box"
                  RenderListItem {LI} at (40,1368) size 689x18
                    RenderListMarker at (-17,0) size 7x18: white bullet
                    RenderInline {CODE} at (0,0) size 55x15
                      RenderText {#text} at (0,2) size 55x15
                        text run at (0,2) width 55: "<image>"
              RenderListItem {LI} at (40,1404) size 729x144
                RenderBlock (anonymous) at (0,0) size 729x18
                  RenderListMarker at (-17,0) size 7x18: bullet
                  RenderInline {CODE} at (0,0) size 94x15
                    RenderText {#text} at (0,2) size 94x15
                      text run at (0,2) width 94: "shape-margin"
                  RenderText {#text} at (0,0) size 0x0
                RenderBlock {UL} at (0,18) size 729x126
                  RenderListItem {LI} at (40,0) size 689x18
                    RenderListMarker at (-17,0) size 7x18: white bullet
                    RenderText {#text} at (0,0) size 76x18
                      text run at (0,0) width 76: "length units"
                  RenderListItem {LI} at (40,18) size 689x18
                    RenderListMarker at (-17,0) size 7x18: white bullet
                    RenderText {#text} at (0,0) size 76x18
                      text run at (0,0) width 76: "percentages"
                  RenderListItem {LI} at (40,36) size 689x18
                    RenderListMarker at (-17,0) size 7x18: white bullet
                    RenderText {#text} at (0,0) size 160x18
                      text run at (0,0) width 160: "positive/negative lengths"
                  RenderListItem {LI} at (40,54) size 689x18
                    RenderListMarker at (-17,0) size 7x18: white bullet
                    RenderText {#text} at (0,0) size 186x18
                      text run at (0,0) width 186: "decimal/non-decimal lengths"
                  RenderListItem {LI} at (40,72) size 689x18
                    RenderListMarker at (-17,0) size 7x18: white bullet
                    RenderText {#text} at (0,0) size 87x18
                      text run at (0,0) width 87: "calc() lengths"
                  RenderListItem {LI} at (40,90) size 689x18
                    RenderListMarker at (-17,0) size 7x18: white bullet
                    RenderText {#text} at (0,0) size 80x18
                      text run at (0,0) width 80: "no unit or %"
                  RenderListItem {LI} at (40,108) size 689x18
                    RenderListMarker at (-17,0) size 7x18: white bullet
                    RenderText {#text} at (0,0) size 90x18
                      text run at (0,0) width 90: "invalid values"
              RenderListItem {LI} at (40,1548) size 729x162
                RenderBlock (anonymous) at (0,0) size 729x18
                  RenderListMarker at (-17,0) size 7x18: bullet
                  RenderInline {CODE} at (0,0) size 164x15
                    RenderText {#text} at (0,2) size 164x15
                      text run at (0,2) width 164: "shape-image-threshold"
                  RenderText {#text} at (0,0) size 0x0
                RenderBlock {UL} at (0,18) size 729x144
                  RenderListItem {LI} at (40,0) size 689x18
                    RenderListMarker at (-17,0) size 7x18: white bullet
                    RenderText {#text} at (0,0) size 130x18
                      text run at (0,0) width 130: "decimal - 0-5 places"
                  RenderListItem {LI} at (40,18) size 689x18
                    RenderListMarker at (-17,0) size 7x18: white bullet
                    RenderText {#text} at (0,0) size 71x18
                      text run at (0,0) width 71: "no decimal"
                  RenderListItem {LI} at (40,36) size 689x18
                    RenderListMarker at (-17,0) size 7x18: white bullet
                    RenderText {#text} at (0,0) size 129x18
                      text run at (0,0) width 129: "percentage (invalid)"
                  RenderListItem {LI} at (40,54) size 689x18
                    RenderListMarker at (-17,0) size 7x18: white bullet
                    RenderText {#text} at (0,0) size 155x18
                      text run at (0,0) width 155: "positive/negative values"
                  RenderListItem {LI} at (40,72) size 689x18
                    RenderListMarker at (-17,0) size 7x18: white bullet
                    RenderText {#text} at (0,0) size 186x18
                      text run at (0,0) width 186: "decimal/non-decimal lengths"
                  RenderListItem {LI} at (40,90) size 689x18
                    RenderListMarker at (-17,0) size 7x18: white bullet
                    RenderText {#text} at (0,0) size 87x18
                      text run at (0,0) width 87: "calc() lengths"
                  RenderListItem {LI} at (40,108) size 689x18
                    RenderListMarker at (-17,0) size 7x18: white bullet
                    RenderText {#text} at (0,0) size 64x18
                      text run at (0,0) width 64: "+ / - signs"
                  RenderListItem {LI} at (40,126) size 689x18
                    RenderListMarker at (-17,0) size 7x18: white bullet
                    RenderText {#text} at (0,0) size 90x18
                      text run at (0,0) width 90: "invalid values"
          RenderBlock {SECTION} at (0,1956) size 769x184
            RenderBlock {H4} at (0,0) size 769x18
              RenderText {#text} at (0,0) size 509x18
                text run at (0,0) width 509: "Proper serialization of the CSS properties and values according to the spec"
            RenderBlock {UL} at (0,39) size 769x145
              RenderListItem {LI} at (40,0) size 729x54
                RenderBlock (anonymous) at (0,0) size 729x18
                  RenderListMarker at (-17,0) size 7x18: bullet
                  RenderInline {CODE} at (0,0) size 79x15
                    RenderText {#text} at (0,2) size 79x15
                      text run at (0,2) width 79: "<position>"
                  RenderText {#text} at (78,0) size 66x18
                    text run at (78,0) width 66: " values in "
                  RenderInline {CODE} at (0,0) size 48x15
                    RenderText {#text} at (143,2) size 48x15
                      text run at (143,2) width 48: "circle"
                  RenderText {#text} at (190,0) size 32x18
                    text run at (190,0) width 32: " and "
                  RenderInline {CODE} at (0,0) size 55x15
                    RenderText {#text} at (221,2) size 55x15
                      text run at (221,2) width 55: "ellipse"
                  RenderText {#text} at (275,0) size 213x18
                    text run at (275,0) width 213: " serialize to 2- and 4-value forms"
                RenderBlock {UL} at (0,18) size 729x36
                  RenderListItem {LI} at (40,0) size 689x18
                    RenderListMarker at (-17,0) size 7x18: white bullet
                    RenderInline {CODE} at (0,0) size 188x15
                      RenderText {#text} at (0,2) size 188x15
                        text run at (0,2) width 188: "top, left, bottom, right"
                    RenderText {#text} at (187,0) size 154x18
                      text run at (187,0) width 154: " serialize to percentages"
                  RenderListItem {LI} at (40,18) size 689x18
                    RenderListMarker at (-17,0) size 7x18: white bullet
                    RenderText {#text} at (0,0) size 278x18
                      text run at (0,0) width 278: "omitting radii omits radii from serialization"
              RenderListItem {LI} at (40,54) size 729x18
                RenderListMarker at (-17,0) size 7x18: bullet
                RenderInline {CODE} at (0,0) size 40x15
                  RenderText {#text} at (0,2) size 40x15
                    text run at (0,2) width 40: "inset"
                RenderText {#text} at (39,0) size 297x18
                  text run at (39,0) width 297: " serialized shape-args omit args when possible"
              RenderListItem {LI} at (40,72) size 729x18
                RenderListMarker at (-17,0) size 7x18: bullet
                RenderInline {CODE} at (0,0) size 55x15
                  RenderText {#text} at (0,2) size 55x15
                    text run at (0,2) width 55: "<round>"
                RenderText {#text} at (54,0) size 66x18
                  text run at (54,0) width 66: " values in "
                RenderInline {CODE} at (0,0) size 40x15
                  RenderText {#text} at (119,2) size 40x15
                    text run at (119,2) width 40: "inset"
                RenderText {#text} at (158,0) size 194x18
                  text run at (158,0) width 194: " serialize to as few as possible"
              RenderListItem {LI} at (40,90) size 729x18
                RenderListMarker at (-17,0) size 7x18: bullet
                RenderText {#text} at (0,0) size 77x18
                  text run at (0,0) width 77: "unspecified "
                RenderInline {CODE} at (0,0) size 87x15
                  RenderText {#text} at (76,2) size 87x15
                    text run at (76,2) width 87: "<fill-rule>"
                RenderText {#text} at (162,0) size 69x18
                  text run at (162,0) width 69: " serializes "
                RenderInline {CODE} at (0,0) size 55x15
                  RenderText {#text} at (230,2) size 55x15
                    text run at (230,2) width 55: "nonzero"
              RenderListItem {LI} at (40,108) size 729x18
                RenderListMarker at (-17,0) size 7x18: bullet
                RenderText {#text} at (0,0) size 207x18
                  text run at (0,0) width 207: "0% is preferred over zero length"
              RenderListItem {LI} at (40,126) size 729x18
                RenderListMarker at (-17,0) size 7x18: bullet
                RenderText {#text} at (0,0) size 106x18
                  text run at (0,0) width 106: "calc() is avoided"
          RenderBlock {SECTION} at (0,2161) size 769x94
            RenderBlock {H4} at (0,0) size 769x18
              RenderText {#text} at (0,0) size 540x18
                text run at (0,0) width 540: "Proper computed values of the CSS properties and values according to the spec"
            RenderBlock {UL} at (0,39) size 769x55
              RenderListItem {LI} at (40,0) size 729x18
                RenderListMarker at (-17,0) size 7x18: bullet
                RenderText {#text} at (0,0) size 142x18
                  text run at (0,0) width 142: "lengths compute to px"
              RenderListItem {LI} at (40,18) size 729x18
                RenderListMarker at (-17,0) size 7x18: bullet
                RenderText {#text} at (0,0) size 128x18
                  text run at (0,0) width 128: "percentages keep %"
              RenderListItem {LI} at (40,36) size 729x18
                RenderListMarker at (-17,0) size 7x18: bullet
                RenderText {#text} at (0,0) size 103x18
                  text run at (0,0) width 103: "calc() preserved"
          RenderBlock {SECTION} at (0,2275) size 769x850
            RenderBlock {H4} at (0,0) size 769x18
              RenderText {#text} at (0,0) size 481x18
                text run at (0,0) width 481: "Proper rendering & layout of text around shapes according to the spec"
            RenderBlock {UL} at (0,39) size 769x811
              RenderListItem {LI} at (40,0) size 729x378
                RenderBlock (anonymous) at (0,0) size 729x18
                  RenderListMarker at (-17,0) size 7x18: bullet
                  RenderText {#text} at (0,0) size 85x18
                    text run at (0,0) width 85: "Basic Shapes"
                RenderBlock {UL} at (0,18) size 729x360
                  RenderListItem {LI} at (40,0) size 689x72
                    RenderBlock (anonymous) at (0,0) size 689x18
                      RenderListMarker at (-17,0) size 7x18: white bullet
                      RenderText {#text} at (0,0) size 31x18
                        text run at (0,0) width 31: "inset"
                    RenderBlock {UL} at (0,18) size 689x54
                      RenderListItem {LI} at (40,0) size 649x18
                        RenderListMarker at (-17,0) size 7x18: black square
                        RenderText {#text} at (0,0) size 93x18
                          text run at (0,0) width 93: "square corners"
                      RenderListItem {LI} at (40,18) size 649x18
                        RenderListMarker at (-17,0) size 7x18: black square
                        RenderText {#text} at (0,0) size 104x18
                          text run at (0,0) width 104: "rounded corners"
                      RenderListItem {LI} at (40,36) size 649x18
                        RenderListMarker at (-17,0) size 7x18: black square
                        RenderText {#text} at (0,0) size 273x18
                          text run at (0,0) width 273: "rounded corners to make circles & ellipses"
                  RenderListItem {LI} at (40,72) size 689x72
                    RenderBlock (anonymous) at (0,0) size 689x18
                      RenderListMarker at (-17,0) size 7x18: white bullet
                      RenderText {#text} at (0,0) size 86x18
                        text run at (0,0) width 86: "circle, ellipse"
                    RenderBlock {UL} at (0,18) size 689x54
                      RenderListItem {LI} at (40,0) size 649x18
                        RenderListMarker at (-17,0) size 7x18: black square
                        RenderText {#text} at (0,0) size 136x18
                          text run at (0,0) width 136: "explicit/implicit radii"
                      RenderListItem {LI} at (40,18) size 649x18
                        RenderListMarker at (-17,0) size 7x18: black square
                        RenderText {#text} at (0,0) size 158x18
                          text run at (0,0) width 158: "explicit/implicit position"
                      RenderListItem {LI} at (40,36) size 649x18
                        RenderListMarker at (-17,0) size 7x18: black square
                        RenderText {#text} at (0,0) size 167x18
                          text run at (0,0) width 167: "closest-side / farthest-side"
                  RenderListItem {LI} at (40,144) size 689x54
                    RenderBlock (anonymous) at (0,0) size 689x18
                      RenderListMarker at (-17,0) size 7x18: white bullet
                      RenderText {#text} at (0,0) size 53x18
                        text run at (0,0) width 53: "polygon"
                    RenderBlock {UL} at (0,18) size 689x36
                      RenderListItem {LI} at (40,0) size 649x18
                        RenderListMarker at (-17,0) size 7x18: black square
                        RenderText {#text} at (0,0) size 141x18
                          text run at (0,0) width 141: "relative/absolute units"
                      RenderListItem {LI} at (40,18) size 649x18
                        RenderListMarker at (-17,0) size 7x18: black square
                        RenderText {#text} at (0,0) size 167x18
                          text run at (0,0) width 167: "fill-rule: evenodd/nonzero"
                  RenderListItem {LI} at (40,198) size 689x18
                    RenderListMarker at (-17,0) size 7x18: white bullet
                    RenderText {#text} at (0,0) size 97x18
                      text run at (0,0) width 97: "float left / right"
                  RenderListItem {LI} at (40,216) size 689x18
                    RenderListMarker at (-17,0) size 7x18: white bullet
                    RenderText {#text} at (0,0) size 87x18
                      text run at (0,0) width 87: "shape-margin"
                  RenderListItem {LI} at (40,234) size 689x126
                    RenderBlock (anonymous) at (0,0) size 689x18
                      RenderListMarker at (-17,0) size 7x18: white bullet
                      RenderText {#text} at (0,0) size 66x18
                        text run at (0,0) width 66: "shape-box"
                    RenderBlock {UL} at (0,18) size 689x108
                      RenderListItem {LI} at (40,0) size 649x18
                        RenderListMarker at (-17,0) size 7x18: black square
                        RenderText {#text} at (0,0) size 73x18
                          text run at (0,0) width 73: "unspecified"
                      RenderListItem {LI} at (40,18) size 649x90
                        RenderBlock (anonymous) at (0,0) size 649x18
                          RenderListMarker at (-17,0) size 7x18: black square
                          RenderText {#text} at (0,0) size 62x18
                            text run at (0,0) width 62: "specified:"
                        RenderBlock {UL} at (0,18) size 649x72
                          RenderListItem {LI} at (40,0) size 609x18
                            RenderListMarker at (-17,0) size 7x18: black square
                            RenderText {#text} at (0,0) size 75x18
                              text run at (0,0) width 75: "margin-box"
                          RenderListItem {LI} at (40,18) size 609x18
                            RenderListMarker at (-17,0) size 7x18: black square
                            RenderText {#text} at (0,0) size 71x18
                              text run at (0,0) width 71: "border-box"
                          RenderListItem {LI} at (40,36) size 609x18
                            RenderListMarker at (-17,0) size 7x18: black square
                            RenderText {#text} at (0,0) size 81x18
                              text run at (0,0) width 81: "padding-box"
                          RenderListItem {LI} at (40,54) size 609x18
                            RenderListMarker at (-17,0) size 7x18: black square
                            RenderText {#text} at (0,0) size 77x18
                              text run at (0,0) width 77: "content-box"
              RenderListItem {LI} at (40,378) size 729x90
                RenderBlock (anonymous) at (0,0) size 729x18
                  RenderListMarker at (-17,0) size 7x18: bullet
                  RenderText {#text} at (0,0) size 158x18
                    text run at (0,0) width 158: "Shapes from Box Values"
                RenderBlock {UL} at (0,18) size 729x72
                  RenderListItem {LI} at (40,0) size 689x18
                    RenderListMarker at (-17,0) size 7x18: white bullet
                    RenderText {#text} at (0,0) size 327x18
                      text run at (0,0) width 327: "margin-box, border-box, padding-box, content-box"
                  RenderListItem {LI} at (40,18) size 689x18
                    RenderListMarker at (-17,0) size 7x18: white bullet
                    RenderText {#text} at (0,0) size 598x18
                      text run at (0,0) width 598: "all, top, left, bottom, right, top-left, top-bottom, top-right, left-right, left-bottom, right-bottom"
                  RenderListItem {LI} at (40,36) size 689x18
                    RenderListMarker at (-17,0) size 7x18: white bullet
                    RenderText {#text} at (0,0) size 97x18
                      text run at (0,0) width 97: "float left / right"
                  RenderListItem {LI} at (40,54) size 689x18
                    RenderListMarker at (-17,0) size 7x18: white bullet
                    RenderText {#text} at (0,0) size 86x18
                      text run at (0,0) width 86: "border-radius"
              RenderListItem {LI} at (40,468) size 729x252
                RenderBlock (anonymous) at (0,0) size 729x18
                  RenderListMarker at (-17,0) size 7x18: bullet
                  RenderText {#text} at (0,0) size 131x18
                    text run at (0,0) width 131: "Shapes from Images"
                RenderBlock {UL} at (0,18) size 729x234
                  RenderListItem {LI} at (40,0) size 689x54
                    RenderBlock (anonymous) at (0,0) size 689x18
                      RenderListMarker at (-17,0) size 7x18: white bullet
                      RenderText {#text} at (0,0) size 18x18
                        text run at (0,0) width 18: "url"
                    RenderBlock {UL} at (0,18) size 689x36
                      RenderListItem {LI} at (40,0) size 649x18
                        RenderListMarker at (-17,0) size 7x18: black square
                        RenderText {#text} at (0,0) size 116x18
                          text run at (0,0) width 116: "png, svg, gif, jpeg"
                      RenderListItem {LI} at (40,18) size 649x18
                        RenderListMarker at (-17,0) size 7x18: black square
                        RenderText {#text} at (0,0) size 188x18
                          text run at (0,0) width 188: "transparency/no transparency"
                  RenderListItem {LI} at (40,54) size 689x54
                    RenderBlock (anonymous) at (0,0) size 689x18
                      RenderListMarker at (-17,0) size 7x18: white bullet
                      RenderText {#text} at (0,0) size 64x18
                        text run at (0,0) width 64: "image-list"
                    RenderBlock {UL} at (0,18) size 689x36
                      RenderListItem {LI} at (40,0) size 649x18
                        RenderListMarker at (-17,0) size 7x18: black square
                        RenderText {#text} at (0,0) size 116x18
                          text run at (0,0) width 116: "png, svg, gif, jpeg"
                      RenderListItem {LI} at (40,18) size 649x18
                        RenderListMarker at (-17,0) size 7x18: black square
                        RenderText {#text} at (0,0) size 188x18
                          text run at (0,0) width 188: "transparency/no transparency"
                  RenderListItem {LI} at (40,108) size 689x72
                    RenderBlock (anonymous) at (0,0) size 689x18
                      RenderListMarker at (-17,0) size 7x18: white bullet
                      RenderText {#text} at (0,0) size 53x18
                        text run at (0,0) width 53: "gradient"
                    RenderBlock {UL} at (0,18) size 689x54
                      RenderListItem {LI} at (40,0) size 649x18
                        RenderListMarker at (-17,0) size 7x18: black square
                        RenderText {#text} at (0,0) size 37x18
                          text run at (0,0) width 37: "linear"
                      RenderListItem {LI} at (40,18) size 649x18
                        RenderListMarker at (-17,0) size 7x18: black square
                        RenderText {#text} at (0,0) size 37x18
                          text run at (0,0) width 37: "radial"
                      RenderListItem {LI} at (40,36) size 649x18
                        RenderListMarker at (-17,0) size 7x18: black square
                        RenderText {#text} at (0,0) size 60x18
                          text run at (0,0) width 60: "repeating"
                  RenderListItem {LI} at (40,180) size 689x18
                    RenderListMarker at (-17,0) size 7x18: white bullet
                    RenderText {#text} at (0,0) size 97x18
                      text run at (0,0) width 97: "float left / right"
                  RenderListItem {LI} at (40,198) size 689x18
                    RenderListMarker at (-17,0) size 7x18: white bullet
                    RenderText {#text} at (0,0) size 87x18
                      text run at (0,0) width 87: "shape-margin"
                  RenderListItem {LI} at (40,216) size 689x18
                    RenderListMarker at (-17,0) size 7x18: white bullet
                    RenderText {#text} at (0,0) size 146x18
                      text run at (0,0) width 146: "shape-image-threshold"
              RenderListItem {LI} at (40,720) size 729x90
                RenderBlock (anonymous) at (0,0) size 729x18
                  RenderListMarker at (-17,0) size 7x18: bullet
                  RenderText {#text} at (0,0) size 70x18
                    text run at (0,0) width 70: "Float Tests"
                RenderBlock {UL} at (0,18) size 729x72
                  RenderListItem {LI} at (40,0) size 689x18
                    RenderListMarker at (-17,0) size 7x18: white bullet
                    RenderText {#text} at (0,0) size 91x18
                      text run at (0,0) width 91: "Float stacking"
                  RenderListItem {LI} at (40,18) size 689x18
                    RenderListMarker at (-17,0) size 7x18: white bullet
                    RenderText {#text} at (0,0) size 485x18
                      text run at (0,0) width 485: "Line boxes affected by both float right and float left shapes at the same time"
                  RenderListItem {LI} at (40,36) size 689x18
                    RenderListMarker at (-17,0) size 7x18: white bullet
                    RenderText {#text} at (0,0) size 112x18
                      text run at (0,0) width 112: "Empty float areas"
                  RenderListItem {LI} at (40,54) size 689x18
                    RenderListMarker at (-17,0) size 7x18: white bullet
                    RenderText {#text} at (0,0) size 285x18
                      text run at (0,0) width 285: "Shapes that extend past the margin box edge"
        RenderBlock {SECTION} at (0,3191) size 769x290
          RenderBlock {H3} at (0,0) size 769x22
            RenderText {#text} at (0,0) size 171x22
              text run at (0,0) width 171: "Implicit testing areas"
          RenderBlock {P} at (0,40) size 769x73
            RenderText {#text} at (0,0) size 764x72
              text run at (0,0) width 415: "These are testing areas either normatively defined in other specs "
              text run at (414,0) width 342: "that are explicitly referred to in the CSS Shapes spec."
              text run at (0,18) width 112: "Additionally, the "
              text run at (111,18) width 469: "CSS Shapes spec is explicitly referred to by other specs. Please note that "
              text run at (579,18) width 185: "while detailed, this list is not"
              text run at (0,36) width 310: "necessarily exhaustive and normative behaviors "
              text run at (309,36) width 438: "may not be contained in it. When in doubt, consult the CSS Regions"
              text run at (0,54) width 76: "spec or ask "
              text run at (75,54) width 113: "a question on the "
            RenderInline {A} at (0,0) size 74x18 [color=#0000EE]
              RenderText {#text} at (187,54) size 74x18
                text run at (187,54) width 74: "mailing list"
            RenderText {#text} at (260,54) size 5x18
              text run at (260,54) width 5: "."
          RenderBlock {P} at (0,128) size 769x19
            RenderText {#text} at (0,0) size 263x18
              text run at (0,0) width 263: "Below is the list of implicit testing areas:"
          RenderBlock {UL} at (0,162) size 769x127
            RenderListItem {LI} at (40,0) size 729x18
              RenderListMarker at (-17,0) size 7x18: bullet
              RenderText {#text} at (0,0) size 128x18
                text run at (0,0) width 128: "CSS 2.1 [[!CSS21]]"
            RenderListItem {LI} at (40,18) size 729x18
              RenderListMarker at (-17,0) size 7x18: bullet
              RenderText {#text} at (0,0) size 206x18
                text run at (0,0) width 206: "CSS Box Model [[!CSS3BOX]]"
            RenderListItem {LI} at (40,36) size 729x18
              RenderListMarker at (-17,0) size 7x18: bullet
              RenderText {#text} at (0,0) size 229x18
                text run at (0,0) width 229: "CSS Values & Units [[!CSS3VAL]]"
            RenderListItem {LI} at (40,54) size 729x18
              RenderListMarker at (-17,0) size 7x18: bullet
              RenderText {#text} at (0,0) size 278x18
                text run at (0,0) width 278: "CSS Backgrounds & Borders [[!CSS3BG]]"
            RenderListItem {LI} at (40,72) size 729x18
              RenderListMarker at (-17,0) size 7x18: bullet
              RenderText {#text} at (0,0) size 138x18
                text run at (0,0) width 138: "HTML5 [[!HTML5]]"
            RenderListItem {LI} at (40,90) size 729x18
              RenderListMarker at (-17,0) size 7x18: bullet
              RenderText {#text} at (0,0) size 223x18
                text run at (0,0) width 223: "CSS Masking [[CSS-MASKING]]"
            RenderListItem {LI} at (40,108) size 729x18
              RenderListMarker at (-17,0) size 7x18: bullet
              RenderText {#text} at (0,0) size 262x18
                text run at (0,0) width 262: "CSS Exclusions [[CSS-EXCLUSIONS]]"
          RenderBlock {P} at (0,304) size 769x0
        RenderBlock {SECTION} at (0,3498) size 769x218
          RenderBlock {H3} at (0,0) size 769x22
            RenderText {#text} at (0,0) size 429x22
              text run at (0,0) width 429: "Interactions with other CSS features & specifications"
          RenderBlock {P} at (0,40) size 769x37
            RenderText {#text} at (0,0) size 749x36
              text run at (0,0) width 604: "When the CSS Shapes spec has a full suite of tests covering the behaviors defined in the spec, "
              text run at (603,0) width 146: "additional tests will be"
              text run at (0,18) width 437: "needed to assure that the implementation works properly with other "
              text run at (436,18) width 283: "CSS features defined in other specifications."
          RenderBlock {P} at (0,92) size 769x19
            RenderText {#text} at (0,0) size 452x18
              text run at (0,0) width 452: "Below is a list of features that should work properly with CSS Shapes:"
          RenderBlock {UL} at (0,126) size 769x91
            RenderListItem {LI} at (40,0) size 729x18
              RenderListMarker at (-17,0) size 7x18: bullet
              RenderText {#text} at (0,0) size 106x18
                text run at (0,0) width 106: "CSS Transforms"
            RenderListItem {LI} at (40,18) size 729x18
              RenderListMarker at (-17,0) size 7x18: bullet
              RenderText {#text} at (0,0) size 104x18
                text run at (0,0) width 104: "CSS Transitions"
            RenderListItem {LI} at (40,36) size 729x18
              RenderListMarker at (-17,0) size 7x18: bullet
              RenderText {#text} at (0,0) size 108x18
                text run at (0,0) width 108: "CSS Animations"
            RenderListItem {LI} at (40,54) size 729x18
              RenderListMarker at (-17,0) size 7x18: bullet
              RenderText {#text} at (0,0) size 103x18
                text run at (0,0) width 103: "CSS Exclusions"
            RenderListItem {LI} at (40,72) size 729x18
              RenderListMarker at (-17,0) size 7x18: bullet
              RenderText {#text} at (0,0) size 676x18
                text run at (0,0) width 676: "CSS Writing Modes - when the float and container have different 'writing-mode' and 'direction' properties"
        RenderBlock {SECTION} at (0,3735) size 769x137
          RenderBlock {H2} at (0,0) size 769x28
            RenderText {#text} at (0,0) size 272x28
              text run at (0,0) width 272: "People and responsibilities"
          RenderBlock {P} at (0,47) size 769x37
            RenderText {#text} at (0,0) size 732x36
              text run at (0,0) width 417: "Below is a list of people you should reach out to if you have any "
              text run at (416,0) width 316: "questions related to this document or testing CSS"
              text run at (0,18) width 118: "Shapes in general:"
          RenderBlock {UL} at (0,99) size 769x37
            RenderListItem {LI} at (40,0) size 729x18
              RenderListMarker at (-17,0) size 7x18: bullet
              RenderText {#text} at (0,0) size 276x18
                text run at (0,0) width 276: "Alan Stearns \x{2013} Editor for CSS Shapes spec"
            RenderListItem {LI} at (40,18) size 729x18
              RenderListMarker at (-17,0) size 7x18: bullet
              RenderText {#text} at (0,0) size 336x18
                text run at (0,0) width 336: "Rebecca Hauck \x{2013} Test Coordinator for CSS Regions"
          RenderBlock {P} at (0,151) size 769x0
        RenderBlock {SECTION} at (0,3891) size 769x67
          RenderBlock {H2} at (0,0) size 769x28
            RenderText {#text} at (0,0) size 228x28
              text run at (0,0) width 228: "Test progress tracking"
          RenderBlock {P} at (0,47) size 769x19
            RenderText {#text} at (0,0) size 328x18
              text run at (0,0) width 328: "Currently test progress tracking is done via gitHub "
            RenderInline {A} at (0,0) size 139x18 [color=#0000EE]
              RenderText {#text} at (327,0) size 139x18
                text run at (327,0) width 74: "milestones "
                text run at (400,0) width 66: "and issues"
            RenderText {#text} at (465,0) size 5x18
              text run at (465,0) width 5: "."
            RenderText {#text} at (0,0) size 0x0
