layer at (0,0) size 785x2048
  RenderView at (0,0) size 785x600
layer at (0,0) size 785x600
  RenderBlock {HTML} at (0,0) size 785x600
    RenderBody {BODY} at (8,8) size 769x584
      RenderBlock (anonymous) at (0,0) size 769x17
        RenderText {#text} at (0,0) size 119x17
          text run at (0,0) width 119: "Content at the end."
layer at (8,8) size 16x2040
  RenderBlock (positioned) {DIV} at (0,0) size 16x2040
    RenderText {#text} at (0,0) size 8x17
      text run at (0,0) width 8: "1"
    RenderBR {BR} at (8,14) size 0x0
    RenderText {#text} at (0,17) size 8x17
      text run at (0,17) width 8: "2"
    RenderBR {BR} at (8,31) size 0x0
    RenderText {#text} at (0,34) size 8x17
      text run at (0,34) width 8: "3"
    RenderBR {BR} at (8,48) size 0x0
    RenderText {#text} at (0,51) size 8x17
      text run at (0,51) width 8: "4"
    RenderBR {BR} at (8,65) size 0x0
    RenderText {#text} at (0,68) size 8x17
      text run at (0,68) width 8: "5"
    RenderBR {BR} at (8,82) size 0x0
    RenderText {#text} at (0,85) size 8x17
      text run at (0,85) width 8: "6"
    RenderBR {BR} at (8,99) size 0x0
    RenderText {#text} at (0,102) size 8x17
      text run at (0,102) width 8: "7"
    RenderBR {BR} at (8,116) size 0x0
    RenderText {#text} at (0,119) size 8x17
      text run at (0,119) width 8: "8"
    RenderBR {BR} at (8,133) size 0x0
    RenderText {#text} at (0,136) size 8x17
      text run at (0,136) width 8: "9"
    RenderBR {BR} at (8,150) size 0x0
    RenderText {#text} at (0,153) size 16x17
      text run at (0,153) width 16: "10"
    RenderBR {BR} at (16,167) size 0x0
    RenderText {#text} at (0,170) size 16x17
      text run at (0,170) width 16: "11"
    RenderBR {BR} at (16,184) size 0x0
    RenderText {#text} at (0,187) size 16x17
      text run at (0,187) width 16: "12"
    RenderBR {BR} at (16,201) size 0x0
    RenderText {#text} at (0,204) size 16x17
      text run at (0,204) width 16: "13"
    RenderBR {BR} at (16,218) size 0x0
    RenderText {#text} at (0,221) size 16x17
      text run at (0,221) width 16: "14"
    RenderBR {BR} at (16,235) size 0x0
    RenderText {#text} at (0,238) size 16x17
      text run at (0,238) width 16: "15"
    RenderBR {BR} at (16,252) size 0x0
    RenderText {#text} at (0,255) size 16x17
      text run at (0,255) width 16: "16"
    RenderBR {BR} at (16,269) size 0x0
    RenderText {#text} at (0,272) size 16x17
      text run at (0,272) width 16: "17"
    RenderBR {BR} at (16,286) size 0x0
    RenderText {#text} at (0,289) size 16x17
      text run at (0,289) width 16: "18"
    RenderBR {BR} at (16,303) size 0x0
    RenderText {#text} at (0,306) size 16x17
      text run at (0,306) width 16: "19"
    RenderBR {BR} at (16,320) size 0x0
    RenderText {#text} at (0,323) size 16x17
      text run at (0,323) width 16: "20"
    RenderBR {BR} at (16,337) size 0x0
    RenderText {#text} at (0,340) size 8x17
      text run at (0,340) width 8: "1"
    RenderBR {BR} at (8,354) size 0x0
    RenderText {#text} at (0,357) size 8x17
      text run at (0,357) width 8: "2"
    RenderBR {BR} at (8,371) size 0x0
    RenderText {#text} at (0,374) size 8x17
      text run at (0,374) width 8: "3"
    RenderBR {BR} at (8,388) size 0x0
    RenderText {#text} at (0,391) size 8x17
      text run at (0,391) width 8: "4"
    RenderBR {BR} at (8,405) size 0x0
    RenderText {#text} at (0,408) size 8x17
      text run at (0,408) width 8: "5"
    RenderBR {BR} at (8,422) size 0x0
    RenderText {#text} at (0,425) size 8x17
      text run at (0,425) width 8: "6"
    RenderBR {BR} at (8,439) size 0x0
    RenderText {#text} at (0,442) size 8x17
      text run at (0,442) width 8: "7"
    RenderBR {BR} at (8,456) size 0x0
    RenderText {#text} at (0,459) size 8x17
      text run at (0,459) width 8: "8"
    RenderBR {BR} at (8,473) size 0x0
    RenderText {#text} at (0,476) size 8x17
      text run at (0,476) width 8: "9"
    RenderBR {BR} at (8,490) size 0x0
    RenderText {#text} at (0,493) size 16x17
      text run at (0,493) width 16: "10"
    RenderBR {BR} at (16,507) size 0x0
    RenderText {#text} at (0,510) size 16x17
      text run at (0,510) width 16: "11"
    RenderBR {BR} at (16,524) size 0x0
    RenderText {#text} at (0,527) size 16x17
      text run at (0,527) width 16: "12"
    RenderBR {BR} at (16,541) size 0x0
    RenderText {#text} at (0,544) size 16x17
      text run at (0,544) width 16: "13"
    RenderBR {BR} at (16,558) size 0x0
    RenderText {#text} at (0,561) size 16x17
      text run at (0,561) width 16: "14"
    RenderBR {BR} at (16,575) size 0x0
    RenderText {#text} at (0,578) size 16x17
      text run at (0,578) width 16: "15"
    RenderBR {BR} at (16,592) size 0x0
    RenderText {#text} at (0,595) size 16x17
      text run at (0,595) width 16: "16"
    RenderBR {BR} at (16,609) size 0x0
    RenderText {#text} at (0,612) size 16x17
      text run at (0,612) width 16: "17"
    RenderBR {BR} at (16,626) size 0x0
    RenderText {#text} at (0,629) size 16x17
      text run at (0,629) width 16: "18"
    RenderBR {BR} at (16,643) size 0x0
    RenderText {#text} at (0,646) size 16x17
      text run at (0,646) width 16: "19"
    RenderBR {BR} at (16,660) size 0x0
    RenderText {#text} at (0,663) size 16x17
      text run at (0,663) width 16: "20"
    RenderBR {BR} at (16,677) size 0x0
    RenderText {#text} at (0,680) size 8x17
      text run at (0,680) width 8: "1"
    RenderBR {BR} at (8,694) size 0x0
    RenderText {#text} at (0,697) size 8x17
      text run at (0,697) width 8: "2"
    RenderBR {BR} at (8,711) size 0x0
    RenderText {#text} at (0,714) size 8x17
      text run at (0,714) width 8: "3"
    RenderBR {BR} at (8,728) size 0x0
    RenderText {#text} at (0,731) size 8x17
      text run at (0,731) width 8: "4"
    RenderBR {BR} at (8,745) size 0x0
    RenderText {#text} at (0,748) size 8x17
      text run at (0,748) width 8: "5"
    RenderBR {BR} at (8,762) size 0x0
    RenderText {#text} at (0,765) size 8x17
      text run at (0,765) width 8: "6"
    RenderBR {BR} at (8,779) size 0x0
    RenderText {#text} at (0,782) size 8x17
      text run at (0,782) width 8: "7"
    RenderBR {BR} at (8,796) size 0x0
    RenderText {#text} at (0,799) size 8x17
      text run at (0,799) width 8: "8"
    RenderBR {BR} at (8,813) size 0x0
    RenderText {#text} at (0,816) size 8x17
      text run at (0,816) width 8: "9"
    RenderBR {BR} at (8,830) size 0x0
    RenderText {#text} at (0,833) size 16x17
      text run at (0,833) width 16: "10"
    RenderBR {BR} at (16,847) size 0x0
    RenderText {#text} at (0,850) size 16x17
      text run at (0,850) width 16: "11"
    RenderBR {BR} at (16,864) size 0x0
    RenderText {#text} at (0,867) size 16x17
      text run at (0,867) width 16: "12"
    RenderBR {BR} at (16,881) size 0x0
    RenderText {#text} at (0,884) size 16x17
      text run at (0,884) width 16: "13"
    RenderBR {BR} at (16,898) size 0x0
    RenderText {#text} at (0,901) size 16x17
      text run at (0,901) width 16: "14"
    RenderBR {BR} at (16,915) size 0x0
    RenderText {#text} at (0,918) size 16x17
      text run at (0,918) width 16: "15"
    RenderBR {BR} at (16,932) size 0x0
    RenderText {#text} at (0,935) size 16x17
      text run at (0,935) width 16: "16"
    RenderBR {BR} at (16,949) size 0x0
    RenderText {#text} at (0,952) size 16x17
      text run at (0,952) width 16: "17"
    RenderBR {BR} at (16,966) size 0x0
    RenderText {#text} at (0,969) size 16x17
      text run at (0,969) width 16: "18"
    RenderBR {BR} at (16,983) size 0x0
    RenderText {#text} at (0,986) size 16x17
      text run at (0,986) width 16: "19"
    RenderBR {BR} at (16,1000) size 0x0
    RenderText {#text} at (0,1003) size 16x17
      text run at (0,1003) width 16: "20"
    RenderBR {BR} at (16,1017) size 0x0
    RenderText {#text} at (0,1020) size 8x17
      text run at (0,1020) width 8: "1"
    RenderBR {BR} at (8,1034) size 0x0
    RenderText {#text} at (0,1037) size 8x17
      text run at (0,1037) width 8: "2"
    RenderBR {BR} at (8,1051) size 0x0
    RenderText {#text} at (0,1054) size 8x17
      text run at (0,1054) width 8: "3"
    RenderBR {BR} at (8,1068) size 0x0
    RenderText {#text} at (0,1071) size 8x17
      text run at (0,1071) width 8: "4"
    RenderBR {BR} at (8,1085) size 0x0
    RenderText {#text} at (0,1088) size 8x17
      text run at (0,1088) width 8: "5"
    RenderBR {BR} at (8,1102) size 0x0
    RenderText {#text} at (0,1105) size 8x17
      text run at (0,1105) width 8: "6"
    RenderBR {BR} at (8,1119) size 0x0
    RenderText {#text} at (0,1122) size 8x17
      text run at (0,1122) width 8: "7"
    RenderBR {BR} at (8,1136) size 0x0
    RenderText {#text} at (0,1139) size 8x17
      text run at (0,1139) width 8: "8"
    RenderBR {BR} at (8,1153) size 0x0
    RenderText {#text} at (0,1156) size 8x17
      text run at (0,1156) width 8: "9"
    RenderBR {BR} at (8,1170) size 0x0
    RenderText {#text} at (0,1173) size 16x17
      text run at (0,1173) width 16: "10"
    RenderBR {BR} at (16,1187) size 0x0
    RenderText {#text} at (0,1190) size 16x17
      text run at (0,1190) width 16: "11"
    RenderBR {BR} at (16,1204) size 0x0
    RenderText {#text} at (0,1207) size 16x17
      text run at (0,1207) width 16: "12"
    RenderBR {BR} at (16,1221) size 0x0
    RenderText {#text} at (0,1224) size 16x17
      text run at (0,1224) width 16: "13"
    RenderBR {BR} at (16,1238) size 0x0
    RenderText {#text} at (0,1241) size 16x17
      text run at (0,1241) width 16: "14"
    RenderBR {BR} at (16,1255) size 0x0
    RenderText {#text} at (0,1258) size 16x17
      text run at (0,1258) width 16: "15"
    RenderBR {BR} at (16,1272) size 0x0
    RenderText {#text} at (0,1275) size 16x17
      text run at (0,1275) width 16: "16"
    RenderBR {BR} at (16,1289) size 0x0
    RenderText {#text} at (0,1292) size 16x17
      text run at (0,1292) width 16: "17"
    RenderBR {BR} at (16,1306) size 0x0
    RenderText {#text} at (0,1309) size 16x17
      text run at (0,1309) width 16: "18"
    RenderBR {BR} at (16,1323) size 0x0
    RenderText {#text} at (0,1326) size 16x17
      text run at (0,1326) width 16: "19"
    RenderBR {BR} at (16,1340) size 0x0
    RenderText {#text} at (0,1343) size 16x17
      text run at (0,1343) width 16: "20"
    RenderBR {BR} at (16,1357) size 0x0
    RenderText {#text} at (0,1360) size 8x17
      text run at (0,1360) width 8: "1"
    RenderBR {BR} at (8,1374) size 0x0
    RenderText {#text} at (0,1377) size 8x17
      text run at (0,1377) width 8: "2"
    RenderBR {BR} at (8,1391) size 0x0
    RenderText {#text} at (0,1394) size 8x17
      text run at (0,1394) width 8: "3"
    RenderBR {BR} at (8,1408) size 0x0
    RenderText {#text} at (0,1411) size 8x17
      text run at (0,1411) width 8: "4"
    RenderBR {BR} at (8,1425) size 0x0
    RenderText {#text} at (0,1428) size 8x17
      text run at (0,1428) width 8: "5"
    RenderBR {BR} at (8,1442) size 0x0
    RenderText {#text} at (0,1445) size 8x17
      text run at (0,1445) width 8: "6"
    RenderBR {BR} at (8,1459) size 0x0
    RenderText {#text} at (0,1462) size 8x17
      text run at (0,1462) width 8: "7"
    RenderBR {BR} at (8,1476) size 0x0
    RenderText {#text} at (0,1479) size 8x17
      text run at (0,1479) width 8: "8"
    RenderBR {BR} at (8,1493) size 0x0
    RenderText {#text} at (0,1496) size 8x17
      text run at (0,1496) width 8: "9"
    RenderBR {BR} at (8,1510) size 0x0
    RenderText {#text} at (0,1513) size 16x17
      text run at (0,1513) width 16: "10"
    RenderBR {BR} at (16,1527) size 0x0
    RenderText {#text} at (0,1530) size 16x17
      text run at (0,1530) width 16: "11"
    RenderBR {BR} at (16,1544) size 0x0
    RenderText {#text} at (0,1547) size 16x17
      text run at (0,1547) width 16: "12"
    RenderBR {BR} at (16,1561) size 0x0
    RenderText {#text} at (0,1564) size 16x17
      text run at (0,1564) width 16: "13"
    RenderBR {BR} at (16,1578) size 0x0
    RenderText {#text} at (0,1581) size 16x17
      text run at (0,1581) width 16: "14"
    RenderBR {BR} at (16,1595) size 0x0
    RenderText {#text} at (0,1598) size 16x17
      text run at (0,1598) width 16: "15"
    RenderBR {BR} at (16,1612) size 0x0
    RenderText {#text} at (0,1615) size 16x17
      text run at (0,1615) width 16: "16"
    RenderBR {BR} at (16,1629) size 0x0
    RenderText {#text} at (0,1632) size 16x17
      text run at (0,1632) width 16: "17"
    RenderBR {BR} at (16,1646) size 0x0
    RenderText {#text} at (0,1649) size 16x17
      text run at (0,1649) width 16: "18"
    RenderBR {BR} at (16,1663) size 0x0
    RenderText {#text} at (0,1666) size 16x17
      text run at (0,1666) width 16: "19"
    RenderBR {BR} at (16,1680) size 0x0
    RenderText {#text} at (0,1683) size 16x17
      text run at (0,1683) width 16: "20"
    RenderBR {BR} at (16,1697) size 0x0
    RenderText {#text} at (0,1700) size 8x17
      text run at (0,1700) width 8: "1"
    RenderBR {BR} at (8,1714) size 0x0
    RenderText {#text} at (0,1717) size 8x17
      text run at (0,1717) width 8: "2"
    RenderBR {BR} at (8,1731) size 0x0
    RenderText {#text} at (0,1734) size 8x17
      text run at (0,1734) width 8: "3"
    RenderBR {BR} at (8,1748) size 0x0
    RenderText {#text} at (0,1751) size 8x17
      text run at (0,1751) width 8: "4"
    RenderBR {BR} at (8,1765) size 0x0
    RenderText {#text} at (0,1768) size 8x17
      text run at (0,1768) width 8: "5"
    RenderBR {BR} at (8,1782) size 0x0
    RenderText {#text} at (0,1785) size 8x17
      text run at (0,1785) width 8: "6"
    RenderBR {BR} at (8,1799) size 0x0
    RenderText {#text} at (0,1802) size 8x17
      text run at (0,1802) width 8: "7"
    RenderBR {BR} at (8,1816) size 0x0
    RenderText {#text} at (0,1819) size 8x17
      text run at (0,1819) width 8: "8"
    RenderBR {BR} at (8,1833) size 0x0
    RenderText {#text} at (0,1836) size 8x17
      text run at (0,1836) width 8: "9"
    RenderBR {BR} at (8,1850) size 0x0
    RenderText {#text} at (0,1853) size 16x17
      text run at (0,1853) width 16: "10"
    RenderBR {BR} at (16,1867) size 0x0
    RenderText {#text} at (0,1870) size 16x17
      text run at (0,1870) width 16: "11"
    RenderBR {BR} at (16,1884) size 0x0
    RenderText {#text} at (0,1887) size 16x17
      text run at (0,1887) width 16: "12"
    RenderBR {BR} at (16,1901) size 0x0
    RenderText {#text} at (0,1904) size 16x17
      text run at (0,1904) width 16: "13"
    RenderBR {BR} at (16,1918) size 0x0
    RenderText {#text} at (0,1921) size 16x17
      text run at (0,1921) width 16: "14"
    RenderBR {BR} at (16,1935) size 0x0
    RenderText {#text} at (0,1938) size 16x17
      text run at (0,1938) width 16: "15"
    RenderBR {BR} at (16,1952) size 0x0
    RenderText {#text} at (0,1955) size 16x17
      text run at (0,1955) width 16: "16"
    RenderBR {BR} at (16,1969) size 0x0
    RenderText {#text} at (0,1972) size 16x17
      text run at (0,1972) width 16: "17"
    RenderBR {BR} at (16,1986) size 0x0
    RenderText {#text} at (0,1989) size 16x17
      text run at (0,1989) width 16: "18"
    RenderBR {BR} at (16,2003) size 0x0
    RenderText {#text} at (0,2006) size 16x17
      text run at (0,2006) width 16: "19"
    RenderBR {BR} at (16,2020) size 0x0
    RenderText {#text} at (0,2023) size 16x17
      text run at (0,2023) width 16: "20"
    RenderBR {BR} at (16,2037) size 0x0
