layer at (0,0) size 800x600
  RenderView at (0,0) size 800x600
layer at (0,0) size 800x600
  RenderBlock {HTML} at (0,0) size 800x600
    RenderBody {BODY} at (8,8) size 784x584
      RenderText {#text} at (0,0) size 356x17
        text run at (0,0) width 356: "All of the boxes below should look identical to this one: "
      RenderBR {BR} at (356,14) size 0x0
      RenderText {#text} at (72,71) size 4x17
        text run at (72,71) width 4: " "
      RenderBR {BR} at (0,0) size 0x0
      RenderText {#text} at (0,88) size 99x17
        text run at (0,88) width 99: "The test boxes: "
      RenderBR {BR} at (0,0) size 0x0
      RenderText {#text} at (72,159) size 4x17
        text run at (72,159) width 4: " "
      RenderText {#text} at (148,159) size 4x17
        text run at (148,159) width 4: " "
      RenderText {#text} at (224,159) size 4x17
        text run at (224,159) width 4: " "
      RenderText {#text} at (300,159) size 4x17
        text run at (300,159) width 4: " "
      RenderBR {BR} at (0,0) size 0x0
      RenderText {#text} at (72,230) size 4x17
        text run at (72,230) width 4: " "
      RenderText {#text} at (148,230) size 4x17
        text run at (148,230) width 4: " "
      RenderText {#text} at (224,230) size 4x17
        text run at (224,230) width 4: " "
      RenderText {#text} at (300,230) size 4x17
        text run at (300,230) width 4: " "
      RenderBR {BR} at (0,0) size 0x0
      RenderText {#text} at (72,301) size 4x17
        text run at (72,301) width 4: " "
      RenderText {#text} at (148,301) size 4x17
        text run at (148,301) width 4: " "
      RenderText {#text} at (224,301) size 4x17
        text run at (224,301) width 4: " "
      RenderText {#text} at (300,301) size 4x17
        text run at (300,301) width 4: " "
      RenderBR {BR} at (0,0) size 0x0
      RenderText {#text} at (72,372) size 4x17
        text run at (72,372) width 4: " "
      RenderText {#text} at (148,372) size 4x17
        text run at (148,372) width 4: " "
      RenderText {#text} at (224,372) size 4x17
        text run at (224,372) width 4: " "
      RenderText {#text} at (0,0) size 0x0
layer at (13,30) size 62x58
  RenderBlock (relative positioned) {DIV} at (5,22) size 62x58 [border: (1px solid #000000) (2px solid #000000) (3px solid #000000) (4px solid #000000)]
layer at (17,31) size 20x20
  RenderBlock (positioned) {DIV} at (4,1) size 20x20 [bgcolor=#008000]
layer at (53,31) size 20x20
  RenderBlock (positioned) {DIV} at (40,1) size 20x20 [bgcolor=#008000]
layer at (17,65) size 20x20
  RenderBlock (positioned) {DIV} at (4,35) size 20x20 [bgcolor=#008000]
layer at (53,65) size 20x20
  RenderBlock (positioned) {DIV} at (40,35) size 20x20 [bgcolor=#008000]
layer at (13,118) size 62x58
  RenderBlock (relative positioned) {DIV} at (5,110) size 62x58 [border: (1px solid #000000) (2px solid #000000) (3px solid #000000) (4px solid #000000)]
layer at (17,119) size 20x20
  RenderBlock (positioned) {DIV} at (4,1) size 20x20 [bgcolor=#008000]
layer at (53,119) size 20x20
  RenderBlock (positioned) {DIV} at (40,1) size 20x20 [bgcolor=#008000]
layer at (17,153) size 20x20
  RenderBlock (positioned) {DIV} at (4,35) size 20x20 [bgcolor=#008000]
layer at (53,153) size 20x20
  RenderBlock (positioned) {DIV} at (40,35) size 20x20 [bgcolor=#008000]
layer at (89,118) size 62x58
  RenderBlock (relative positioned) {DIV} at (81,110) size 62x58 [border: (1px solid #000000) (2px solid #000000) (3px solid #000000) (4px solid #000000)]
layer at (93,119) size 20x20
  RenderBlock (positioned) {DIV} at (4,1) size 20x20 [bgcolor=#008000]
layer at (129,119) size 20x20
  RenderBlock (positioned) {DIV} at (40,1) size 20x20 [bgcolor=#008000]
layer at (93,153) size 20x20
  RenderBlock (positioned) {DIV} at (4,35) size 20x20 [bgcolor=#008000]
layer at (129,153) size 20x20
  RenderBlock (positioned) {DIV} at (40,35) size 20x20 [bgcolor=#008000]
layer at (165,118) size 62x58
  RenderBlock (relative positioned) {DIV} at (157,110) size 62x58 [border: (1px solid #000000) (2px solid #000000) (3px solid #000000) (4px solid #000000)]
layer at (169,119) size 20x20
  RenderBlock (positioned) {DIV} at (4,37) size 20x20 [bgcolor=#008000]
layer at (205,119) size 20x20
  RenderBlock (positioned) {DIV} at (40,37) size 20x20 [bgcolor=#008000]
layer at (169,153) size 20x20
  RenderBlock (positioned) {DIV} at (4,3) size 20x20 [bgcolor=#008000]
layer at (205,153) size 20x20
  RenderBlock (positioned) {DIV} at (40,3) size 20x20 [bgcolor=#008000]
layer at (241,118) size 62x58
  RenderBlock (relative positioned) {DIV} at (233,110) size 62x58 [border: (1px solid #000000) (2px solid #000000) (3px solid #000000) (4px solid #000000)]
layer at (245,119) size 20x20
  RenderBlock (positioned) {DIV} at (38,1) size 20x20 [bgcolor=#008000]
layer at (281,119) size 20x20
  RenderBlock (positioned) {DIV} at (2,1) size 20x20 [bgcolor=#008000]
layer at (245,153) size 20x20
  RenderBlock (positioned) {DIV} at (38,35) size 20x20 [bgcolor=#008000]
layer at (281,153) size 20x20
  RenderBlock (positioned) {DIV} at (2,35) size 20x20 [bgcolor=#008000]
layer at (13,189) size 62x58
  RenderBlock (relative positioned) {DIV} at (5,181) size 62x58 [border: (1px solid #000000) (2px solid #000000) (3px solid #000000) (4px solid #000000)]
layer at (53,190) size 20x20
  RenderBlock (positioned) {DIV} at (40,1) size 20x20 [bgcolor=#008000]
layer at (17,224) size 20x20
  RenderBlock (positioned) {DIV} at (4,35) size 20x20 [bgcolor=#008000]
layer at (53,224) size 20x20
  RenderBlock (positioned) {DIV} at (40,35) size 20x20 [bgcolor=#008000]
layer at (17,190) size 20x20
  RenderBlock (positioned) {DIV} at (4,1) size 20x20 [bgcolor=#008000]
layer at (89,189) size 62x58
  RenderBlock (relative positioned) {DIV} at (81,181) size 62x58 [border: (1px solid #000000) (2px solid #000000) (3px solid #000000) (4px solid #000000)]
layer at (129,190) size 20x20
  RenderBlock (positioned) {DIV} at (40,1) size 20x20 [bgcolor=#008000]
layer at (93,224) size 20x20
  RenderBlock (positioned) {DIV} at (4,35) size 20x20 [bgcolor=#008000]
layer at (129,224) size 20x20
  RenderBlock (positioned) {DIV} at (40,35) size 20x20 [bgcolor=#008000]
layer at (93,190) size 20x20
  RenderBlock (positioned) {DIV} at (4,1) size 20x20 [bgcolor=#008000]
layer at (165,189) size 62x58
  RenderBlock (relative positioned) {DIV} at (157,181) size 62x58 [border: (1px solid #000000) (2px solid #000000) (3px solid #000000) (4px solid #000000)]
layer at (205,190) size 20x20
  RenderBlock (positioned) {DIV} at (40,37) size 20x20 [bgcolor=#008000]
layer at (169,224) size 20x20
  RenderBlock (positioned) {DIV} at (4,3) size 20x20 [bgcolor=#008000]
layer at (205,224) size 20x20
  RenderBlock (positioned) {DIV} at (40,3) size 20x20 [bgcolor=#008000]
layer at (169,190) size 20x20
  RenderBlock (positioned) {DIV} at (4,37) size 20x20 [bgcolor=#008000]
layer at (241,189) size 62x58
  RenderBlock (relative positioned) {DIV} at (233,181) size 62x58 [border: (1px solid #000000) (2px solid #000000) (3px solid #000000) (4px solid #000000)]
layer at (281,190) size 20x20
  RenderBlock (positioned) {DIV} at (2,1) size 20x20 [bgcolor=#008000]
layer at (245,224) size 20x20
  RenderBlock (positioned) {DIV} at (38,35) size 20x20 [bgcolor=#008000]
layer at (281,224) size 20x20
  RenderBlock (positioned) {DIV} at (2,35) size 20x20 [bgcolor=#008000]
layer at (245,190) size 20x20
  RenderBlock (positioned) {DIV} at (38,1) size 20x20 [bgcolor=#008000]
layer at (13,260) size 62x58
  RenderBlock (relative positioned) {DIV} at (5,252) size 62x58 [border: (1px solid #000000) (2px solid #000000) (3px solid #000000) (4px solid #000000)]
layer at (17,295) size 20x20
  RenderBlock (positioned) {DIV} at (4,35) size 20x20 [bgcolor=#008000]
layer at (53,295) size 20x20
  RenderBlock (positioned) {DIV} at (40,35) size 20x20 [bgcolor=#008000]
layer at (17,261) size 20x20
  RenderBlock (positioned) {DIV} at (4,1) size 20x20 [bgcolor=#008000]
layer at (53,261) size 20x20
  RenderBlock (positioned) {DIV} at (40,1) size 20x20 [bgcolor=#008000]
layer at (89,260) size 62x58
  RenderBlock (relative positioned) {DIV} at (81,252) size 62x58 [border: (1px solid #000000) (2px solid #000000) (3px solid #000000) (4px solid #000000)]
layer at (93,295) size 20x20
  RenderBlock (positioned) {DIV} at (4,35) size 20x20 [bgcolor=#008000]
layer at (129,295) size 20x20
  RenderBlock (positioned) {DIV} at (40,35) size 20x20 [bgcolor=#008000]
layer at (93,261) size 20x20
  RenderBlock (positioned) {DIV} at (4,1) size 20x20 [bgcolor=#008000]
layer at (129,261) size 20x20
  RenderBlock (positioned) {DIV} at (40,1) size 20x20 [bgcolor=#008000]
layer at (165,260) size 62x58
  RenderBlock (relative positioned) {DIV} at (157,252) size 62x58 [border: (1px solid #000000) (2px solid #000000) (3px solid #000000) (4px solid #000000)]
layer at (169,295) size 20x20
  RenderBlock (positioned) {DIV} at (4,3) size 20x20 [bgcolor=#008000]
layer at (205,295) size 20x20
  RenderBlock (positioned) {DIV} at (40,3) size 20x20 [bgcolor=#008000]
layer at (169,261) size 20x20
  RenderBlock (positioned) {DIV} at (4,37) size 20x20 [bgcolor=#008000]
layer at (205,261) size 20x20
  RenderBlock (positioned) {DIV} at (40,37) size 20x20 [bgcolor=#008000]
layer at (241,260) size 62x58
  RenderBlock (relative positioned) {DIV} at (233,252) size 62x58 [border: (1px solid #000000) (2px solid #000000) (3px solid #000000) (4px solid #000000)]
layer at (245,295) size 20x20
  RenderBlock (positioned) {DIV} at (38,35) size 20x20 [bgcolor=#008000]
layer at (281,295) size 20x20
  RenderBlock (positioned) {DIV} at (2,35) size 20x20 [bgcolor=#008000]
layer at (245,261) size 20x20
  RenderBlock (positioned) {DIV} at (38,1) size 20x20 [bgcolor=#008000]
layer at (281,261) size 20x20
  RenderBlock (positioned) {DIV} at (2,1) size 20x20 [bgcolor=#008000]
layer at (13,331) size 62x58
  RenderBlock (relative positioned) {DIV} at (5,323) size 62x58 [border: (1px solid #000000) (2px solid #000000) (3px solid #000000) (4px solid #000000)]
layer at (53,366) size 20x20
  RenderBlock (positioned) {DIV} at (40,35) size 20x20 [bgcolor=#008000]
layer at (17,332) size 20x20
  RenderBlock (positioned) {DIV} at (4,1) size 20x20 [bgcolor=#008000]
layer at (53,332) size 20x20
  RenderBlock (positioned) {DIV} at (40,1) size 20x20 [bgcolor=#008000]
layer at (17,366) size 20x20
  RenderBlock (positioned) {DIV} at (4,35) size 20x20 [bgcolor=#008000]
layer at (89,331) size 62x58
  RenderBlock (relative positioned) {DIV} at (81,323) size 62x58 [border: (1px solid #000000) (2px solid #000000) (3px solid #000000) (4px solid #000000)]
layer at (129,366) size 20x20
  RenderBlock (positioned) {DIV} at (40,35) size 20x20 [bgcolor=#008000]
layer at (93,332) size 20x20
  RenderBlock (positioned) {DIV} at (4,1) size 20x20 [bgcolor=#008000]
layer at (129,332) size 20x20
  RenderBlock (positioned) {DIV} at (40,1) size 20x20 [bgcolor=#008000]
layer at (93,366) size 20x20
  RenderBlock (positioned) {DIV} at (4,35) size 20x20 [bgcolor=#008000]
layer at (165,331) size 62x58
  RenderBlock (relative positioned) {DIV} at (157,323) size 62x58 [border: (1px solid #000000) (2px solid #000000) (3px solid #000000) (4px solid #000000)]
layer at (205,366) size 20x20
  RenderBlock (positioned) {DIV} at (40,3) size 20x20 [bgcolor=#008000]
layer at (169,332) size 20x20
  RenderBlock (positioned) {DIV} at (4,37) size 20x20 [bgcolor=#008000]
layer at (205,332) size 20x20
  RenderBlock (positioned) {DIV} at (40,37) size 20x20 [bgcolor=#008000]
layer at (169,366) size 20x20
  RenderBlock (positioned) {DIV} at (4,3) size 20x20 [bgcolor=#008000]
layer at (241,331) size 62x58
  RenderBlock (relative positioned) {DIV} at (233,323) size 62x58 [border: (1px solid #000000) (2px solid #000000) (3px solid #000000) (4px solid #000000)]
layer at (281,366) size 20x20
  RenderBlock (positioned) {DIV} at (2,35) size 20x20 [bgcolor=#008000]
layer at (245,332) size 20x20
  RenderBlock (positioned) {DIV} at (38,1) size 20x20 [bgcolor=#008000]
layer at (281,332) size 20x20
  RenderBlock (positioned) {DIV} at (2,1) size 20x20 [bgcolor=#008000]
layer at (245,366) size 20x20
  RenderBlock (positioned) {DIV} at (38,35) size 20x20 [bgcolor=#008000]
