EDITING DELEGATE: shouldBeginEditingInDOMRange:range from 0 of DIV > BODY > HTML > #document to 3 of DIV > BODY > HTML > #document
EDITING DELEGATE: webViewDidBeginEditing:WebViewDidBeginEditingNotification
EDITING DELEGATE: shouldChangeSelectedDOMRange:(null) toDOMRange:range from 5 of #text > DIV > BODY > HTML > #document to 5 of #text > DIV > BODY > HTML > #document affinity:NSSelectionAffinityDownstream stillSelecting:FALSE
EDITING DELEGATE: webViewDidChangeSelection:WebViewDidChangeSelectionNotification
EDITING DELEGATE: shouldDeleteDOMRange:range from 4 of #text > DIV > BODY > HTML > #document to 5 of #text > DIV > BODY > HTML > #document
EDITING DELEGATE: webViewDidChangeSelection:WebViewDidChangeSelectionNotification
EDITING DELEGATE: webViewDidChangeSelection:WebViewDidChangeSelectionNotification
EDITING DELEGATE: webViewDidChange:WebViewDidChangeNotification
layer at (0,0) size 800x600
  RenderView at (0,0) size 800x600
layer at (0,0) size 800x600
  RenderBlock {HTML} at (0,0) size 800x600
    RenderBody {BODY} at (8,8) size 784x584
      RenderBlock {P} at (0,0) size 784x40
        RenderText {#text} at (0,0) size 779x39
          text run at (0,0) width 401: "This tests deleting a selection created with a word granularity. "
          text run at (400,0) width 353: "To run it manually, double click on 'bar' and hit delete. "
          text run at (752,0) width 27: "You"
          text run at (0,20) width 129: "should see 'foo baz'."
      RenderBlock {DIV} at (0,56) size 784x20
        RenderText {#text} at (0,0) size 26x19
          text run at (0,0) width 26: "foo "
        RenderInline {SPAN} at (0,0) size 8x19
          RenderText {#text} at (25,0) size 8x19
            text run at (25,0) width 8: "a"
        RenderText {#text} at (32,0) size 32x19
          text run at (32,0) width 32: "r baz"
caret: position 4 of child 0 {#text} of child 2 {DIV} of body
