layer at (0,0) size 800x600
  RenderView at (0,0) size 800x600
layer at (0,0) size 800x600
  RenderBlock {HTML} at (0,0) size 800x600
    RenderBody {BODY} at (8,8) size 784x584
      RenderTable {TABLE} at (0,0) size 600x270 [bgcolor=#FFC0CB]
        RenderTableSection {TBODY} at (0,0) size 600x270
          RenderTableRow {TR} at (0,0) size 600x17
            RenderTableCell {TD} at (0,0) size 601x17 [bgcolor=#FFFF00] [r=0 c=0 rs=1 cs=3]
              RenderText {#text} at (0,0) size 8x17
                text run at (0,0) width 8: "1"
          RenderTableRow {TR} at (0,17) size 600x17
            RenderTableCell {TD} at (0,17) size 601x17 [bgcolor=#FF0000] [r=1 c=0 rs=1 cs=3]
              RenderText {#text} at (0,0) size 8x17
                text run at (0,0) width 8: "2"
          RenderTableRow {TR} at (0,34) size 600x0
            RenderTableCell {TD} at (0,34) size 156x17 [bgcolor=#00FFFF] [r=2 c=0 rs=40 cs=1]
              RenderText {#text} at (0,0) size 8x17
                text run at (0,0) width 8: "3"
          RenderTableRow {TR} at (0,34) size 600x32
            RenderTableCell {TD} at (155,34) size 446x32 [bgcolor=#FFA500] [r=3 c=1 rs=1 cs=1]
              RenderTable {TABLE} at (0,0) size 440x32
                RenderTableSection {TBODY} at (0,0) size 440x32
                  RenderTableRow {TR} at (0,2) size 440x28
                    RenderTableCell {TD} at (2,2) size 217x28 [r=0 c=0 rs=1 cs=1]
                      RenderButton {INPUT} at (3,3) size 108x22 [bgcolor=#C0C0C0]
                        RenderBlock (anonymous) at (6,2) size 96x17
                          RenderText at (0,0) size 96x17
                            text run at (0,0) width 96: "Submit Criteria"
                    RenderTableCell {TD} at (221,6) size 217x20 [r=0 c=1 rs=1 cs=1]
                      RenderText {#text} at (1,1) size 8x18
                        text run at (1,2) width 8: "4"
          RenderTableRow {TR} at (0,66) size 600x17
            RenderTableCell {TD} at (155,66) size 446x17 [bgcolor=#FF0000] [r=4 c=1 rs=1 cs=1]
              RenderText {#text} at (0,0) size 8x17
                text run at (0,0) width 8: "5"
          RenderTableRow {TR} at (0,83) size 600x34
            RenderTableCell {TD} at (155,83) size 446x34 [bgcolor=#FFFF00] [r=5 c=1 rs=1 cs=1]
              RenderText {#text} at (0,0) size 426x34
                text run at (0,0) width 257: "If you have entered your feature criteria, "
                text run at (257,0) width 169: "press the \"Submit Criteria\""
                text run at (0,17) width 86: "button above."
          RenderTableRow {TR} at (0,117) size 600x17
            RenderTableCell {TD} at (155,117) size 446x17 [bgcolor=#D3D3D3] [r=6 c=1 rs=1 cs=1]
              RenderText {#text} at (0,0) size 8x17
                text run at (0,0) width 8: "6"
          RenderTableRow {TR} at (0,134) size 600x51
            RenderTableCell {TD} at (155,134) size 446x51 [r=7 c=1 rs=1 cs=1]
              RenderText {#text} at (0,0) size 438x51
                text run at (0,0) width 262: "If you want to do a radius search instead, "
                text run at (262,0) width 164: "press the \"Radius Search\""
                text run at (0,17) width 48: "button. "
                text run at (48,17) width 279: "This will allow you to select a starting point "
                text run at (327,17) width 111: "and enter a radius"
                text run at (0,34) width 157: "with new feature criteria."
          RenderTableRow {TR} at (0,185) size 600x17
            RenderTableCell {TD} at (155,185) size 446x17 [r=8 c=1 rs=1 cs=1]
              RenderText {#text} at (0,0) size 4x17
                text run at (0,0) width 4: " "
          RenderTableRow {TR} at (0,202) size 600x68
            RenderTableCell {TD} at (155,202) size 446x68 [r=9 c=1 rs=1 cs=1]
              RenderText {#text} at (0,0) size 436x68
                text run at (0,0) width 436: "All information provided is deemed reliable but is not guaranteed and"
                text run at (0,17) width 65: "should be "
                text run at (65,17) width 370: "independently verified. The price shown may represent the"
                text run at (0,34) width 117: "top or bottom of a "
                text run at (117,34) width 318: "price range listing and not necessarily a fixed price"
                text run at (0,51) width 34: "offer."
