layer at (0,0) size 785x877
  RenderView at (0,0) size 785x600
layer at (0,0) size 785x877
  RenderBlock {HTML} at (0,0) size 785x878
    RenderBody {BODY} at (8,8) size 769x854 [bgcolor=#FFFFFF]
      RenderBlock {H1} at (0,0) size 769x36
        RenderText {#text} at (0,0) size 359x36
          text run at (0,0) width 359: "Tests de conformit\x{E9} CSS 2"
      RenderBlock {H3} at (0,57) size 769x22
        RenderText {#text} at (0,0) size 155x21
          text run at (0,0) width 155: "Tableaux, test 13.8"
      RenderBlock {H6} at (0,103) size 769x13
        RenderText {#text} at (0,0) size 119x12
          text run at (0,0) width 119: "\x{A9} \x{C9}ditions Eyrolles 1998"
      RenderTable {TABLE} at (192,140) size 577x46
        RenderTableSection {TBODY} at (0,0) size 577x45
          RenderTableRow {TR} at (0,2) size 577x20
            RenderTableCell {TD} at (2,2) size 573x20 [r=0 c=0 rs=1 cs=3]
              RenderBlock {HR} at (1,9) size 573x2 [bgcolor=#808080] [border: (1px solid #808080)]
          RenderTableRow {TR} at (0,24) size 577x19
            RenderTableCell {TD} at (2,24) size 143x19 [r=1 c=0 rs=1 cs=1]
              RenderInline {A} at (0,0) size 86x17 [color=#0000EE]
                RenderText {#text} at (1,1) size 86x17
                  text run at (1,1) width 86: "test pr\x{E9}c\x{E9}dent"
            RenderTableCell {TD} at (146,24) size 285x19 [r=1 c=1 rs=1 cs=1]
              RenderInline {B} at (0,0) size 132x17
                RenderText {#text} at (76,1) size 132x17
                  text run at (76,1) width 132: "Cadres de tableaux"
            RenderTableCell {TD} at (432,24) size 143x19 [r=1 c=2 rs=1 cs=1]
              RenderInline {A} at (0,0) size 71x17 [color=#0000EE]
                RenderText {#text} at (71,1) size 71x17
                  text run at (71,1) width 71: "test suivant"
      RenderBlock {P} at (0,140) size 769x18
        RenderText {#text} at (0,0) size 4x17
          text run at (0,0) width 4: " "
      RenderBlock {P} at (0,173) size 769x18
        RenderText {#text} at (0,0) size 4x17
          text run at (0,0) width 4: " "
      RenderBlock {P} at (0,206) size 769x18
        RenderText {#text} at (0,0) size 377x17
          text run at (0,0) width 377: "Ce test v\x{E9}rifie que les cadres s'appliquent bien aux tableaux."
      RenderBlock {PRE} at (0,239) size 769x181
        RenderText {#text} at (0,0) size 576x180
          text run at (0,0) width 472: ".firsttable { border-width : 10pt ; border-color : yellow ;"
          text run at (0,15) width 312: "                border-style : double }"
          text run at (0,30) width 416: ".t1 { border-color : black ; border-style : double ;"
          text run at (0,45) width 288: "                border-width : 5pt }"
          text run at (0,60) width 392: ".t2 { border-color : red ; border-style : solid ;"
          text run at (0,75) width 296: "                border-width : 5pt  }"
          text run at (0,90) width 408: ".t3 { border-color : lime ; border-style : groove ;"
          text run at (0,105) width 296: "                border-width : 5pt  }"
          text run at (0,120) width 576: ".t4 { border-color : blue ; border-style : inset ; border-width : 5pt  }"
          text run at (0,135) width 480: ".secondtable { border-width : 10pt ; border-color : yellow ;"
          text run at (0,150) width 312: "                border-style : double ;"
          text run at (0,165) width 352: "                border-collapse : collapse }"
      RenderTable {TABLE} at (96,432) size 577x128 [border: (13px double #FFFF00)]
        RenderTableSection {TBODY} at (13,13) size 551x101
          RenderTableRow {TR} at (0,2) size 551x31
            RenderTableCell {TD} at (2,2) size 181x31 [border: (6px double #000000)] [r=0 c=0 rs=1 cs=1]
              RenderText {#text} at (7,7) size 8x17
                text run at (7,7) width 8: "1"
            RenderTableCell {TD} at (184,2) size 182x31 [border: (6px solid #FF0000)] [r=0 c=1 rs=1 cs=1]
              RenderText {#text} at (7,7) size 8x17
                text run at (7,7) width 8: "2"
            RenderTableCell {TD} at (367,2) size 182x31 [border: (6px groove #00FF00)] [r=0 c=2 rs=1 cs=1]
              RenderText {#text} at (7,7) size 8x17
                text run at (7,7) width 8: "3"
          RenderTableRow {TR} at (0,35) size 551x31
            RenderTableCell {TD} at (2,35) size 181x31 [border: (6px inset #0000FF)] [r=1 c=0 rs=1 cs=1]
              RenderText {#text} at (7,7) size 8x17
                text run at (7,7) width 8: "4"
            RenderTableCell {TD} at (184,35) size 182x31 [border: (6px double #000000)] [r=1 c=1 rs=1 cs=1]
              RenderText {#text} at (7,7) size 8x17
                text run at (7,7) width 8: "5"
            RenderTableCell {TD} at (367,35) size 182x31 [border: (6px solid #FF0000)] [r=1 c=2 rs=1 cs=1]
              RenderText {#text} at (7,7) size 8x17
                text run at (7,7) width 8: "6"
          RenderTableRow {TR} at (0,68) size 551x31
            RenderTableCell {TD} at (2,68) size 181x31 [border: (6px groove #00FF00)] [r=2 c=0 rs=1 cs=1]
              RenderText {#text} at (7,7) size 8x17
                text run at (7,7) width 8: "7"
            RenderTableCell {TD} at (184,68) size 182x31 [border: (6px inset #0000FF)] [r=2 c=1 rs=1 cs=1]
              RenderText {#text} at (7,7) size 8x17
                text run at (7,7) width 8: "8"
            RenderTableCell {TD} at (367,68) size 182x31 [border: (6px double #000000)] [r=2 c=2 rs=1 cs=1]
              RenderText {#text} at (7,7) size 8x17
                text run at (7,7) width 8: "9"
      RenderBlock (anonymous) at (0,559) size 769x18
        RenderBR {BR} at (0,0) size 0x17
      RenderTable {TABLE} at (96,576) size 577x96 [border: (6px double #FFFF00)]
        RenderTableSection {TBODY} at (6,6) size 564x82
          RenderTableRow {TR} at (0,0) size 564x29
            RenderTableCell {TD} at (0,0) size 205x29 [border: (7px double #000000)] [r=0 c=0 rs=1 cs=1]
              RenderText {#text} at (8,8) size 8x17
                text run at (8,8) width 8: "1"
            RenderTableCell {TD} at (205,0) size 164x29 [border: (7px solid #FF0000)] [r=0 c=1 rs=1 cs=1]
              RenderText {#text} at (4,8) size 8x17
                text run at (4,8) width 8: "2"
            RenderTableCell {TD} at (369,0) size 195x29 [border: (7px groove #00FF00)] [r=0 c=2 rs=1 cs=1]
              RenderText {#text} at (4,8) size 8x17
                text run at (4,8) width 8: "3"
          RenderTableRow {TR} at (0,29) size 564x25
            RenderTableCell {TD} at (0,29) size 205x25 [border: (3px inset #0000FF)] [r=1 c=0 rs=1 cs=1]
              RenderText {#text} at (8,4) size 8x17
                text run at (8,4) width 8: "4"
            RenderTableCell {TD} at (205,29) size 164x25 [border: (3px double #000000)] [r=1 c=1 rs=1 cs=1]
              RenderText {#text} at (4,4) size 8x17
                text run at (4,4) width 8: "5"
            RenderTableCell {TD} at (369,29) size 195x25 [border: (3px solid #FF0000)] [r=1 c=2 rs=1 cs=1]
              RenderText {#text} at (4,4) size 8x17
                text run at (4,4) width 8: "6"
          RenderTableRow {TR} at (0,54) size 564x28
            RenderTableCell {TD} at (0,54) size 205x28 [border: (3px groove #00FF00)] [r=2 c=0 rs=1 cs=1]
              RenderText {#text} at (8,4) size 8x17
                text run at (8,4) width 8: "7"
            RenderTableCell {TD} at (205,54) size 164x28 [border: (3px inset #0000FF)] [r=2 c=1 rs=1 cs=1]
              RenderText {#text} at (4,4) size 8x17
                text run at (4,4) width 8: "8"
            RenderTableCell {TD} at (369,54) size 195x28 [border: (3px double #000000)] [r=2 c=2 rs=1 cs=1]
              RenderText {#text} at (4,4) size 8x17
                text run at (4,4) width 8: "9"
      RenderBlock {P} at (0,687) size 769x35
        RenderText {#text} at (0,0) size 754x34
          text run at (0,0) width 302: "Si toutes les conditions exprim\x{E9}es par les r\x{E8}gles "
          text run at (302,0) width 452: "CSS ci-dessus se retrouvent dans le formatage des tableaux ci-dessus, la"
          text run at (0,17) width 43: "valeur "
          text run at (43,17) width 160: "de ce test est 2 et 0 sinon."
      RenderTable {TABLE} at (192,737) size 577x46
        RenderTableSection {TBODY} at (0,0) size 577x45
          RenderTableRow {TR} at (0,2) size 577x20
            RenderTableCell {TD} at (2,2) size 573x20 [r=0 c=0 rs=1 cs=3]
              RenderBlock {HR} at (1,9) size 573x2 [bgcolor=#808080] [border: (1px solid #808080)]
          RenderTableRow {TR} at (0,24) size 577x19
            RenderTableCell {TD} at (2,24) size 143x19 [r=1 c=0 rs=1 cs=1]
              RenderText {#text} at (1,1) size 86x17
                text run at (1,1) width 86: "test pr\x{E9}c\x{E9}dent"
            RenderTableCell {TD} at (146,24) size 285x19 [r=1 c=1 rs=1 cs=1]
              RenderInline {B} at (0,0) size 132x17
                RenderText {#text} at (76,1) size 132x17
                  text run at (76,1) width 132: "Cadres de tableaux"
            RenderTableCell {TD} at (432,24) size 143x19 [r=1 c=2 rs=1 cs=1]
              RenderInline {A} at (0,0) size 71x17 [color=#0000EE]
                RenderText {#text} at (71,1) size 71x17
                  text run at (71,1) width 71: "test suivant"
      RenderBlock {P} at (0,737) size 769x18
        RenderText {#text} at (0,0) size 4x17
          text run at (0,0) width 4: " "
      RenderBlock {P} at (0,770) size 769x18
        RenderText {#text} at (0,0) size 4x17
          text run at (0,0) width 4: " "
      RenderBlock {P} at (0,803) size 769x18
        RenderText {#text} at (0,0) size 4x17
          text run at (0,0) width 4: " "
      RenderBlock {P} at (0,836) size 769x18
        RenderText {#text} at (0,0) size 163x17
          text run at (0,0) width 163: "Auteur : Daniel Glazman."
