layer at (0,0) size 785x2729
  RenderView at (0,0) size 785x600
layer at (0,0) size 785x2729
  RenderBlock {HTML} at (0,0) size 785x2729
    RenderBody {BODY} at (8,21) size 769x2692
      RenderBlock {H1} at (0,0) size 769x36
        RenderText {#text} at (0,0) size 272x36
          text run at (0,0) width 272: "Tables and captions"
      RenderBlock {P} at (0,57) size 769x18
        RenderText {#text} at (0,0) size 527x17
          text run at (0,0) width 423: "The table should have width 300px, as should the caption (entirely "
          text run at (423,0) width 104: "above the table):"
      RenderTable {TABLE} at (0,90) size 306x88 [border: (10px solid #008000)]
        RenderBlock {CAPTION} at (0,0) size 306x23 [border: (3px solid #800080)]
          RenderText {#text} at (92,3) size 122x17
            text run at (92,3) width 122: "The table's caption."
        RenderTableSection {TBODY} at (10,33) size 286x44
          RenderTableRow {TR} at (0,2) size 286x19
            RenderTableCell {TD} at (2,2) size 140x19 [r=0 c=0 rs=1 cs=1]
              RenderText {#text} at (1,1) size 30x17
                text run at (1,1) width 30: "Data"
            RenderTableCell {TD} at (144,2) size 140x19 [r=0 c=1 rs=1 cs=1]
              RenderText {#text} at (1,1) size 30x17
                text run at (1,1) width 30: "Data"
          RenderTableRow {TR} at (0,23) size 286x19
            RenderTableCell {TD} at (2,23) size 140x19 [r=1 c=0 rs=1 cs=1]
              RenderText {#text} at (1,1) size 30x17
                text run at (1,1) width 30: "Data"
            RenderTableCell {TD} at (144,23) size 140x19 [r=1 c=1 rs=1 cs=1]
              RenderText {#text} at (1,1) size 30x17
                text run at (1,1) width 30: "Data"
      RenderBlock {P} at (0,193) size 769x18
        RenderText {#text} at (0,0) size 495x17
          text run at (0,0) width 411: "The table should have width 300px, and the caption should have "
          text run at (411,0) width 84: "width 600px."
      RenderTable {TABLE} at (0,226) size 606x88 [border: (10px solid #008000)]
        RenderBlock {CAPTION} at (0,0) size 606x23 [border: (3px solid #800080)]
          RenderText {#text} at (242,3) size 122x17
            text run at (242,3) width 122: "The table's caption."
        RenderTableSection {TBODY} at (10,33) size 586x44
          RenderTableRow {TR} at (0,2) size 586x19
            RenderTableCell {TD} at (2,2) size 290x19 [r=0 c=0 rs=1 cs=1]
              RenderText {#text} at (1,1) size 30x17
                text run at (1,1) width 30: "Data"
            RenderTableCell {TD} at (294,2) size 290x19 [r=0 c=1 rs=1 cs=1]
              RenderText {#text} at (1,1) size 30x17
                text run at (1,1) width 30: "Data"
          RenderTableRow {TR} at (0,23) size 586x19
            RenderTableCell {TD} at (2,23) size 290x19 [r=1 c=0 rs=1 cs=1]
              RenderText {#text} at (1,1) size 30x17
                text run at (1,1) width 30: "Data"
            RenderTableCell {TD} at (294,23) size 290x19 [r=1 c=1 rs=1 cs=1]
              RenderText {#text} at (1,1) size 30x17
                text run at (1,1) width 30: "Data"
      RenderBlock {P} at (0,329) size 769x18
        RenderText {#text} at (0,0) size 495x17
          text run at (0,0) width 411: "The table should have width 600px, and the caption should have "
          text run at (411,0) width 84: "width 300px."
      RenderTable {TABLE} at (0,362) size 600x88 [border: (10px solid #008000)]
        RenderBlock {CAPTION} at (0,0) size 306x23 [border: (3px solid #800080)]
          RenderText {#text} at (92,3) size 122x17
            text run at (92,3) width 122: "The table's caption."
        RenderTableSection {TBODY} at (10,33) size 580x44
          RenderTableRow {TR} at (0,2) size 580x19
            RenderTableCell {TD} at (2,2) size 287x19 [r=0 c=0 rs=1 cs=1]
              RenderText {#text} at (1,1) size 30x17
                text run at (1,1) width 30: "Data"
            RenderTableCell {TD} at (291,2) size 287x19 [r=0 c=1 rs=1 cs=1]
              RenderText {#text} at (1,1) size 30x17
                text run at (1,1) width 30: "Data"
          RenderTableRow {TR} at (0,23) size 580x19
            RenderTableCell {TD} at (2,23) size 287x19 [r=1 c=0 rs=1 cs=1]
              RenderText {#text} at (1,1) size 30x17
                text run at (1,1) width 30: "Data"
            RenderTableCell {TD} at (291,23) size 287x19 [r=1 c=1 rs=1 cs=1]
              RenderText {#text} at (1,1) size 30x17
                text run at (1,1) width 30: "Data"
      RenderBlock {P} at (0,465) size 769x18
        RenderText {#text} at (0,0) size 683x17
          text run at (0,0) width 363: "The next four tables should have their caption on the top, "
          text run at (363,0) width 320: "with a 20px gap between the table and the caption."
      RenderTable {TABLE} at (0,502) size 90x105 [border: (10px solid #008000)]
        RenderBlock {CAPTION} at (0,0) size 90x40 [border: (3px solid #800080)]
          RenderText {#text} at (11,3) size 68x34
            text run at (11,3) width 68: "The table's"
            text run at (20,20) width 50: "caption."
        RenderTableSection {TBODY} at (10,50) size 70x44
          RenderTableRow {TR} at (0,2) size 70x19
            RenderTableCell {TD} at (2,2) size 32x19 [r=0 c=0 rs=1 cs=1]
              RenderText {#text} at (1,1) size 30x17
                text run at (1,1) width 30: "Data"
            RenderTableCell {TD} at (36,2) size 32x19 [r=0 c=1 rs=1 cs=1]
              RenderText {#text} at (1,1) size 30x17
                text run at (1,1) width 30: "Data"
          RenderTableRow {TR} at (0,23) size 70x19
            RenderTableCell {TD} at (2,23) size 32x19 [r=1 c=0 rs=1 cs=1]
              RenderText {#text} at (1,1) size 30x17
                text run at (1,1) width 30: "Data"
            RenderTableCell {TD} at (36,23) size 32x19 [r=1 c=1 rs=1 cs=1]
              RenderText {#text} at (1,1) size 30x17
                text run at (1,1) width 30: "Data"
      RenderTable {TABLE} at (0,606) size 90x125 [border: (10px solid #008000)]
        RenderBlock {CAPTION} at (0,0) size 90x40 [border: (3px solid #800080)]
          RenderText {#text} at (11,3) size 68x34
            text run at (11,3) width 68: "The table's"
            text run at (20,20) width 50: "caption."
        RenderTableSection {TBODY} at (10,70) size 70x44
          RenderTableRow {TR} at (0,2) size 70x19
            RenderTableCell {TD} at (2,2) size 32x19 [r=0 c=0 rs=1 cs=1]
              RenderText {#text} at (1,1) size 30x17
                text run at (1,1) width 30: "Data"
            RenderTableCell {TD} at (36,2) size 32x19 [r=0 c=1 rs=1 cs=1]
              RenderText {#text} at (1,1) size 30x17
                text run at (1,1) width 30: "Data"
          RenderTableRow {TR} at (0,23) size 70x19
            RenderTableCell {TD} at (2,23) size 32x19 [r=1 c=0 rs=1 cs=1]
              RenderText {#text} at (1,1) size 30x17
                text run at (1,1) width 30: "Data"
            RenderTableCell {TD} at (36,23) size 32x19 [r=1 c=1 rs=1 cs=1]
              RenderText {#text} at (1,1) size 30x17
                text run at (1,1) width 30: "Data"
      RenderTable {TABLE} at (0,745) size 90x125 [border: (10px solid #008000)]
        RenderBlock {CAPTION} at (0,0) size 90x40 [border: (3px solid #800080)]
          RenderText {#text} at (11,3) size 68x34
            text run at (11,3) width 68: "The table's"
            text run at (20,20) width 50: "caption."
        RenderTableSection {TBODY} at (10,70) size 70x44
          RenderTableRow {TR} at (0,2) size 70x19
            RenderTableCell {TD} at (2,2) size 32x19 [r=0 c=0 rs=1 cs=1]
              RenderText {#text} at (1,1) size 30x17
                text run at (1,1) width 30: "Data"
            RenderTableCell {TD} at (36,2) size 32x19 [r=0 c=1 rs=1 cs=1]
              RenderText {#text} at (1,1) size 30x17
                text run at (1,1) width 30: "Data"
          RenderTableRow {TR} at (0,23) size 70x19
            RenderTableCell {TD} at (2,23) size 32x19 [r=1 c=0 rs=1 cs=1]
              RenderText {#text} at (1,1) size 30x17
                text run at (1,1) width 30: "Data"
            RenderTableCell {TD} at (36,23) size 32x19 [r=1 c=1 rs=1 cs=1]
              RenderText {#text} at (1,1) size 30x17
                text run at (1,1) width 30: "Data"
      RenderTable {TABLE} at (0,889) size 90x120 [border: (10px solid #008000)]
        RenderBlock {CAPTION} at (0,0) size 90x40 [border: (3px solid #800080)]
          RenderText {#text} at (11,3) size 68x34
            text run at (11,3) width 68: "The table's"
            text run at (20,20) width 50: "caption."
        RenderTableSection {TBODY} at (10,65) size 70x44
          RenderTableRow {TR} at (0,2) size 70x19
            RenderTableCell {TD} at (2,2) size 32x19 [r=0 c=0 rs=1 cs=1]
              RenderText {#text} at (1,1) size 30x17
                text run at (1,1) width 30: "Data"
            RenderTableCell {TD} at (36,2) size 32x19 [r=0 c=1 rs=1 cs=1]
              RenderText {#text} at (1,1) size 30x17
                text run at (1,1) width 30: "Data"
          RenderTableRow {TR} at (0,23) size 70x19
            RenderTableCell {TD} at (2,23) size 32x19 [r=1 c=0 rs=1 cs=1]
              RenderText {#text} at (1,1) size 30x17
                text run at (1,1) width 30: "Data"
            RenderTableCell {TD} at (36,23) size 32x19 [r=1 c=1 rs=1 cs=1]
              RenderText {#text} at (1,1) size 30x17
                text run at (1,1) width 30: "Data"
      RenderBlock {P} at (0,1024) size 769x18
        RenderText {#text} at (0,0) size 692x17
          text run at (0,0) width 372: "The next four tables should have their caption on the right, "
          text run at (372,0) width 320: "with a 20px gap between the table and the caption."
      RenderTable {TABLE} at (0,1057) size 90x105 [border: (10px solid #008000)]
        RenderBlock {CAPTION} at (0,0) size 90x40 [border: (3px solid #800080)]
          RenderText {#text} at (11,3) size 68x34
            text run at (11,3) width 68: "The table's"
            text run at (20,20) width 50: "caption."
        RenderTableSection {TBODY} at (10,50) size 70x44
          RenderTableRow {TR} at (0,2) size 70x19
            RenderTableCell {TD} at (2,2) size 32x19 [r=0 c=0 rs=1 cs=1]
              RenderText {#text} at (1,1) size 30x17
                text run at (1,1) width 30: "Data"
            RenderTableCell {TD} at (36,2) size 32x19 [r=0 c=1 rs=1 cs=1]
              RenderText {#text} at (1,1) size 30x17
                text run at (1,1) width 30: "Data"
          RenderTableRow {TR} at (0,23) size 70x19
            RenderTableCell {TD} at (2,23) size 32x19 [r=1 c=0 rs=1 cs=1]
              RenderText {#text} at (1,1) size 30x17
                text run at (1,1) width 30: "Data"
            RenderTableCell {TD} at (36,23) size 32x19 [r=1 c=1 rs=1 cs=1]
              RenderText {#text} at (1,1) size 30x17
                text run at (1,1) width 30: "Data"
      RenderTable {TABLE} at (0,1161) size 90x122 [border: (10px solid #008000)]
        RenderBlock {CAPTION} at (20,0) size 70x57 [border: (3px solid #800080)]
          RenderText {#text} at (22,3) size 50x51
            text run at (22,3) width 26: "The"
            text run at (15,20) width 40: "table's"
            text run at (10,37) width 50: "caption."
        RenderTableSection {TBODY} at (10,67) size 70x44
          RenderTableRow {TR} at (0,2) size 70x19
            RenderTableCell {TD} at (2,2) size 32x19 [r=0 c=0 rs=1 cs=1]
              RenderText {#text} at (1,1) size 30x17
                text run at (1,1) width 30: "Data"
            RenderTableCell {TD} at (36,2) size 32x19 [r=0 c=1 rs=1 cs=1]
              RenderText {#text} at (1,1) size 30x17
                text run at (1,1) width 30: "Data"
          RenderTableRow {TR} at (0,23) size 70x19
            RenderTableCell {TD} at (2,23) size 32x19 [r=1 c=0 rs=1 cs=1]
              RenderText {#text} at (1,1) size 30x17
                text run at (1,1) width 30: "Data"
            RenderTableCell {TD} at (36,23) size 32x19 [r=1 c=1 rs=1 cs=1]
              RenderText {#text} at (1,1) size 30x17
                text run at (1,1) width 30: "Data"
      RenderTable {TABLE} at (0,1282) size 90x122 [border: (10px solid #008000)]
        RenderBlock {CAPTION} at (20,0) size 70x57 [border: (3px solid #800080)]
          RenderText {#text} at (22,3) size 50x51
            text run at (22,3) width 26: "The"
            text run at (15,20) width 40: "table's"
            text run at (10,37) width 50: "caption."
        RenderTableSection {TBODY} at (10,67) size 70x44
          RenderTableRow {TR} at (0,2) size 70x19
            RenderTableCell {TD} at (2,2) size 32x19 [r=0 c=0 rs=1 cs=1]
              RenderText {#text} at (1,1) size 30x17
                text run at (1,1) width 30: "Data"
            RenderTableCell {TD} at (36,2) size 32x19 [r=0 c=1 rs=1 cs=1]
              RenderText {#text} at (1,1) size 30x17
                text run at (1,1) width 30: "Data"
          RenderTableRow {TR} at (0,23) size 70x19
            RenderTableCell {TD} at (2,23) size 32x19 [r=1 c=0 rs=1 cs=1]
              RenderText {#text} at (1,1) size 30x17
                text run at (1,1) width 30: "Data"
            RenderTableCell {TD} at (36,23) size 32x19 [r=1 c=1 rs=1 cs=1]
              RenderText {#text} at (1,1) size 30x17
                text run at (1,1) width 30: "Data"
      RenderTable {TABLE} at (0,1403) size 90x105 [border: (10px solid #008000)]
        RenderBlock {CAPTION} at (15,0) size 75x40 [border: (3px solid #800080)]
          RenderText {#text} at (3,3) size 69x34
            text run at (3,3) width 69: "The table's"
            text run at (12,20) width 51: "caption."
        RenderTableSection {TBODY} at (10,50) size 70x44
          RenderTableRow {TR} at (0,2) size 70x19
            RenderTableCell {TD} at (2,2) size 32x19 [r=0 c=0 rs=1 cs=1]
              RenderText {#text} at (1,1) size 30x17
                text run at (1,1) width 30: "Data"
            RenderTableCell {TD} at (36,2) size 32x19 [r=0 c=1 rs=1 cs=1]
              RenderText {#text} at (1,1) size 30x17
                text run at (1,1) width 30: "Data"
          RenderTableRow {TR} at (0,23) size 70x19
            RenderTableCell {TD} at (2,23) size 32x19 [r=1 c=0 rs=1 cs=1]
              RenderText {#text} at (1,1) size 30x17
                text run at (1,1) width 30: "Data"
            RenderTableCell {TD} at (36,23) size 32x19 [r=1 c=1 rs=1 cs=1]
              RenderText {#text} at (1,1) size 30x17
                text run at (1,1) width 30: "Data"
      RenderBlock {P} at (0,1523) size 769x18
        RenderText {#text} at (0,0) size 707x17
          text run at (0,0) width 387: "The next four tables should have their caption on the bottom, "
          text run at (387,0) width 320: "with a 20px gap between the table and the caption."
      RenderTable {TABLE} at (0,1556) size 90x105 [border: (10px solid #008000)]
        RenderBlock {CAPTION} at (0,64) size 90x40 [border: (3px solid #800080)]
          RenderText {#text} at (11,3) size 68x34
            text run at (11,3) width 68: "The table's"
            text run at (20,20) width 50: "caption."
        RenderTableSection {TBODY} at (10,10) size 70x44
          RenderTableRow {TR} at (0,2) size 70x19
            RenderTableCell {TD} at (2,2) size 32x19 [r=0 c=0 rs=1 cs=1]
              RenderText {#text} at (1,1) size 30x17
                text run at (1,1) width 30: "Data"
            RenderTableCell {TD} at (36,2) size 32x19 [r=0 c=1 rs=1 cs=1]
              RenderText {#text} at (1,1) size 30x17
                text run at (1,1) width 30: "Data"
          RenderTableRow {TR} at (0,23) size 70x19
            RenderTableCell {TD} at (2,23) size 32x19 [r=1 c=0 rs=1 cs=1]
              RenderText {#text} at (1,1) size 30x17
                text run at (1,1) width 30: "Data"
            RenderTableCell {TD} at (36,23) size 32x19 [r=1 c=1 rs=1 cs=1]
              RenderText {#text} at (1,1) size 30x17
                text run at (1,1) width 30: "Data"
      RenderTable {TABLE} at (0,1680) size 90x125 [border: (10px solid #008000)]
        RenderBlock {CAPTION} at (0,84) size 90x40 [border: (3px solid #800080)]
          RenderText {#text} at (11,3) size 68x34
            text run at (11,3) width 68: "The table's"
            text run at (20,20) width 50: "caption."
        RenderTableSection {TBODY} at (10,10) size 70x44
          RenderTableRow {TR} at (0,2) size 70x19
            RenderTableCell {TD} at (2,2) size 32x19 [r=0 c=0 rs=1 cs=1]
              RenderText {#text} at (1,1) size 30x17
                text run at (1,1) width 30: "Data"
            RenderTableCell {TD} at (36,2) size 32x19 [r=0 c=1 rs=1 cs=1]
              RenderText {#text} at (1,1) size 30x17
                text run at (1,1) width 30: "Data"
          RenderTableRow {TR} at (0,23) size 70x19
            RenderTableCell {TD} at (2,23) size 32x19 [r=1 c=0 rs=1 cs=1]
              RenderText {#text} at (1,1) size 30x17
                text run at (1,1) width 30: "Data"
            RenderTableCell {TD} at (36,23) size 32x19 [r=1 c=1 rs=1 cs=1]
              RenderText {#text} at (1,1) size 30x17
                text run at (1,1) width 30: "Data"
      RenderTable {TABLE} at (0,1804) size 90x125 [border: (10px solid #008000)]
        RenderBlock {CAPTION} at (0,84) size 90x40 [border: (3px solid #800080)]
          RenderText {#text} at (11,3) size 68x34
            text run at (11,3) width 68: "The table's"
            text run at (20,20) width 50: "caption."
        RenderTableSection {TBODY} at (10,10) size 70x44
          RenderTableRow {TR} at (0,2) size 70x19
            RenderTableCell {TD} at (2,2) size 32x19 [r=0 c=0 rs=1 cs=1]
              RenderText {#text} at (1,1) size 30x17
                text run at (1,1) width 30: "Data"
            RenderTableCell {TD} at (36,2) size 32x19 [r=0 c=1 rs=1 cs=1]
              RenderText {#text} at (1,1) size 30x17
                text run at (1,1) width 30: "Data"
          RenderTableRow {TR} at (0,23) size 70x19
            RenderTableCell {TD} at (2,23) size 32x19 [r=1 c=0 rs=1 cs=1]
              RenderText {#text} at (1,1) size 30x17
                text run at (1,1) width 30: "Data"
            RenderTableCell {TD} at (36,23) size 32x19 [r=1 c=1 rs=1 cs=1]
              RenderText {#text} at (1,1) size 30x17
                text run at (1,1) width 30: "Data"
      RenderTable {TABLE} at (0,1943) size 90x120 [border: (10px solid #008000)]
        RenderBlock {CAPTION} at (0,79) size 90x40 [border: (3px solid #800080)]
          RenderText {#text} at (11,3) size 68x34
            text run at (11,3) width 68: "The table's"
            text run at (20,20) width 50: "caption."
        RenderTableSection {TBODY} at (10,10) size 70x44
          RenderTableRow {TR} at (0,2) size 70x19
            RenderTableCell {TD} at (2,2) size 32x19 [r=0 c=0 rs=1 cs=1]
              RenderText {#text} at (1,1) size 30x17
                text run at (1,1) width 30: "Data"
            RenderTableCell {TD} at (36,2) size 32x19 [r=0 c=1 rs=1 cs=1]
              RenderText {#text} at (1,1) size 30x17
                text run at (1,1) width 30: "Data"
          RenderTableRow {TR} at (0,23) size 70x19
            RenderTableCell {TD} at (2,23) size 32x19 [r=1 c=0 rs=1 cs=1]
              RenderText {#text} at (1,1) size 30x17
                text run at (1,1) width 30: "Data"
            RenderTableCell {TD} at (36,23) size 32x19 [r=1 c=1 rs=1 cs=1]
              RenderText {#text} at (1,1) size 30x17
                text run at (1,1) width 30: "Data"
      RenderBlock {P} at (0,2082) size 769x18
        RenderText {#text} at (0,0) size 683x17
          text run at (0,0) width 363: "The next four tables should have their caption on the left, "
          text run at (363,0) width 320: "with a 20px gap between the table and the caption."
      RenderTable {TABLE} at (20,2115) size 90x105 [border: (10px solid #008000)]
        RenderBlock {CAPTION} at (0,0) size 90x40 [border: (3px solid #800080)]
          RenderText {#text} at (11,3) size 68x34
            text run at (11,3) width 68: "The table's"
            text run at (20,20) width 50: "caption."
        RenderTableSection {TBODY} at (10,50) size 70x44
          RenderTableRow {TR} at (0,2) size 70x19
            RenderTableCell {TD} at (2,2) size 32x19 [r=0 c=0 rs=1 cs=1]
              RenderText {#text} at (1,1) size 30x17
                text run at (1,1) width 30: "Data"
            RenderTableCell {TD} at (36,2) size 32x19 [r=0 c=1 rs=1 cs=1]
              RenderText {#text} at (1,1) size 30x17
                text run at (1,1) width 30: "Data"
          RenderTableRow {TR} at (0,23) size 70x19
            RenderTableCell {TD} at (2,23) size 32x19 [r=1 c=0 rs=1 cs=1]
              RenderText {#text} at (1,1) size 30x17
                text run at (1,1) width 30: "Data"
            RenderTableCell {TD} at (36,23) size 32x19 [r=1 c=1 rs=1 cs=1]
              RenderText {#text} at (1,1) size 30x17
                text run at (1,1) width 30: "Data"
      RenderTable {TABLE} at (0,2219) size 90x122 [border: (10px solid #008000)]
        RenderBlock {CAPTION} at (0,0) size 70x57 [border: (3px solid #800080)]
          RenderText {#text} at (22,3) size 50x51
            text run at (22,3) width 26: "The"
            text run at (15,20) width 40: "table's"
            text run at (10,37) width 50: "caption."
        RenderTableSection {TBODY} at (10,67) size 70x44
          RenderTableRow {TR} at (0,2) size 70x19
            RenderTableCell {TD} at (2,2) size 32x19 [r=0 c=0 rs=1 cs=1]
              RenderText {#text} at (1,1) size 30x17
                text run at (1,1) width 30: "Data"
            RenderTableCell {TD} at (36,2) size 32x19 [r=0 c=1 rs=1 cs=1]
              RenderText {#text} at (1,1) size 30x17
                text run at (1,1) width 30: "Data"
          RenderTableRow {TR} at (0,23) size 70x19
            RenderTableCell {TD} at (2,23) size 32x19 [r=1 c=0 rs=1 cs=1]
              RenderText {#text} at (1,1) size 30x17
                text run at (1,1) width 30: "Data"
            RenderTableCell {TD} at (36,23) size 32x19 [r=1 c=1 rs=1 cs=1]
              RenderText {#text} at (1,1) size 30x17
                text run at (1,1) width 30: "Data"
      RenderTable {TABLE} at (15,2340) size 90x122 [border: (10px solid #008000)]
        RenderBlock {CAPTION} at (0,0) size 70x57 [border: (3px solid #800080)]
          RenderText {#text} at (22,3) size 50x51
            text run at (22,3) width 26: "The"
            text run at (15,20) width 40: "table's"
            text run at (10,37) width 50: "caption."
        RenderTableSection {TBODY} at (10,67) size 70x44
          RenderTableRow {TR} at (0,2) size 70x19
            RenderTableCell {TD} at (2,2) size 32x19 [r=0 c=0 rs=1 cs=1]
              RenderText {#text} at (1,1) size 30x17
                text run at (1,1) width 30: "Data"
            RenderTableCell {TD} at (36,2) size 32x19 [r=0 c=1 rs=1 cs=1]
              RenderText {#text} at (1,1) size 30x17
                text run at (1,1) width 30: "Data"
          RenderTableRow {TR} at (0,23) size 70x19
            RenderTableCell {TD} at (2,23) size 32x19 [r=1 c=0 rs=1 cs=1]
              RenderText {#text} at (1,1) size 30x17
                text run at (1,1) width 30: "Data"
            RenderTableCell {TD} at (36,23) size 32x19 [r=1 c=1 rs=1 cs=1]
              RenderText {#text} at (1,1) size 30x17
                text run at (1,1) width 30: "Data"
      RenderTable {TABLE} at (20,2461) size 90x105 [border: (10px solid #008000)]
        RenderBlock {CAPTION} at (0,0) size 75x40 [border: (3px solid #800080)]
          RenderText {#text} at (3,3) size 69x34
            text run at (3,3) width 69: "The table's"
            text run at (12,20) width 51: "caption."
        RenderTableSection {TBODY} at (10,50) size 70x44
          RenderTableRow {TR} at (0,2) size 70x19
            RenderTableCell {TD} at (2,2) size 32x19 [r=0 c=0 rs=1 cs=1]
              RenderText {#text} at (1,1) size 30x17
                text run at (1,1) width 30: "Data"
            RenderTableCell {TD} at (36,2) size 32x19 [r=0 c=1 rs=1 cs=1]
              RenderText {#text} at (1,1) size 30x17
                text run at (1,1) width 30: "Data"
          RenderTableRow {TR} at (0,23) size 70x19
            RenderTableCell {TD} at (2,23) size 32x19 [r=1 c=0 rs=1 cs=1]
              RenderText {#text} at (1,1) size 30x17
                text run at (1,1) width 30: "Data"
            RenderTableCell {TD} at (36,23) size 32x19 [r=1 c=1 rs=1 cs=1]
              RenderText {#text} at (1,1) size 30x17
                text run at (1,1) width 30: "Data"
      RenderBlock {HR} at (0,2573) size 769x3 [border: (1px inset #000000)]
      RenderBlock {P} at (0,2591) size 769x35
        RenderInline {A} at (0,0) size 88x17 [color=#0000EE]
          RenderImage {IMG} at (0,0) size 88x31
      RenderBlock {P} at (0,2641) size 769x18
        RenderText {#text} at (0,0) size 58x17
          text run at (0,0) width 58: "(Back to "
        RenderInline {A} at (0,0) size 158x17 [color=#0000EE]
          RenderText {#text} at (58,0) size 158x17
            text run at (58,0) width 158: "CSS Testing Information"
        RenderText {#text} at (216,0) size 8x17
          text run at (216,0) width 8: ", "
        RenderInline {A} at (0,0) size 82x17 [color=#0000EE]
          RenderText {#text} at (224,0) size 82x17
            text run at (224,0) width 82: "David Baron"
        RenderText {#text} at (306,0) size 5x17
          text run at (306,0) width 5: ")"
      RenderBlock {P} at (0,2674) size 769x18
        RenderInline {A} at (0,0) size 33x17 [color=#0000EE]
          RenderText {#text} at (0,0) size 33x17
            text run at (0,0) width 33: "LDB"
        RenderText {#text} at (33,0) size 8x17
          text run at (33,0) width 8: ", "
        RenderInline {A} at (0,0) size 156x17 [color=#0000EE]
          RenderText {#text} at (41,0) size 156x17
            text run at (41,0) width 156: "dbaron@fas.harvard.edu"
