layer at (0,0) size 800x600
  RenderView at (0,0) size 800x600
layer at (0,0) size 800x600
  RenderBlock {HTML} at (0,0) size 800x600
    RenderBody {BODY} at (8,8) size 784x584 [bgcolor=#C0C0C0]
      RenderTable {TABLE} at (0,0) size 784x130 [border: (3px outset #808080)]
        RenderTableSection {TBODY} at (3,3) size 778x124
          RenderTableRow {TR} at (0,2) size 778x120
            RenderTableCell {TD} at (2,2) size 774x120 [border: (1px inset #808080)] [r=0 c=0 rs=1 cs=1]
              RenderTable {TABLE} at (2,2) size 385x116 [border: (3px outset #808080)]
                RenderTableSection {TBODY} at (3,3) size 379x110
                  RenderTableRow {TR} at (0,2) size 379x106
                    RenderTableCell {TD} at (2,2) size 375x106 [border: (1px inset #808080)] [r=0 c=0 rs=1 cs=1]
                      RenderText {#text} at (2,2) size 368x102
                        text run at (2,2) width 368: "blah blah blah blah blah blah blah blah blah blah blah blah"
                        text run at (2,19) width 31: "blah "
                        text run at (33,19) width 337: "blah blah blah blah blah blah blah blah blah blah blah"
                        text run at (2,36) width 62: "blah blah "
                        text run at (64,36) width 306: "blah blah blah blah blah blah blah blah blah blah"
                        text run at (2,53) width 93: "blah blah blah "
                        text run at (95,53) width 275: "blah blah blah blah blah blah blah blah blah"
                        text run at (2,70) width 124: "blah blah blah blah "
                        text run at (126,70) width 244: "blah blah blah blah blah blah blah blah"
                        text run at (2,87) width 151: "blah blah blah blah blah"
      RenderBlock (anonymous) at (0,130) size 784x17
        RenderBR {BR} at (0,0) size 0x17
      RenderTable {TABLE} at (0,147) size 784x130 [border: (3px outset #808080)]
        RenderTableSection {TBODY} at (3,3) size 778x124
          RenderTableRow {TR} at (0,2) size 778x120
            RenderTableCell {TD} at (2,2) size 774x120 [border: (1px inset #808080)] [r=0 c=0 rs=1 cs=1]
              RenderText {#text} at (387,2) size 58x17
                text run at (387,2) width 58: "blah blah"
              RenderTable {TABLE} at (2,2) size 385x116 [border: (3px outset #808080)]
                RenderTableSection {TBODY} at (3,3) size 379x110
                  RenderTableRow {TR} at (0,2) size 379x106
                    RenderTableCell {TD} at (2,2) size 375x106 [border: (1px inset #808080)] [r=0 c=0 rs=1 cs=1]
                      RenderText {#text} at (2,2) size 368x102
                        text run at (2,2) width 368: "blah blah blah blah blah blah blah blah blah blah blah blah"
                        text run at (2,19) width 31: "blah "
                        text run at (33,19) width 337: "blah blah blah blah blah blah blah blah blah blah blah"
                        text run at (2,36) width 62: "blah blah "
                        text run at (64,36) width 306: "blah blah blah blah blah blah blah blah blah blah"
                        text run at (2,53) width 93: "blah blah blah "
                        text run at (95,53) width 275: "blah blah blah blah blah blah blah blah blah"
                        text run at (2,70) width 124: "blah blah blah blah "
                        text run at (126,70) width 244: "blah blah blah blah blah blah blah blah"
                        text run at (2,87) width 151: "blah blah blah blah blah"
              RenderText {#text} at (0,0) size 0x0
      RenderBlock (anonymous) at (0,277) size 784x17
        RenderBR {BR} at (0,0) size 0x17
      RenderTable {TABLE} at (0,294) size 784x163 [border: (3px outset #808080)]
        RenderTableSection {TBODY} at (3,3) size 778x157
          RenderTableRow {TR} at (0,2) size 778x153
            RenderTableCell {TD} at (2,2) size 774x153 [border: (1px inset #808080)] [r=0 c=0 rs=1 cs=1]
              RenderBlock (anonymous) at (2,2) size 770x17
                RenderText {#text} at (0,0) size 58x17
                  text run at (0,0) width 58: "blah blah"
              RenderBlock {P} at (2,35) size 770x0
                RenderTable {TABLE} at (0,0) size 385x116 [border: (3px outset #808080)]
                  RenderTableSection {TBODY} at (3,3) size 379x110
                    RenderTableRow {TR} at (0,2) size 379x106
                      RenderTableCell {TD} at (2,2) size 375x106 [border: (1px inset #808080)] [r=0 c=0 rs=1 cs=1]
                        RenderText {#text} at (2,2) size 368x102
                          text run at (2,2) width 368: "blah blah blah blah blah blah blah blah blah blah blah blah"
                          text run at (2,19) width 31: "blah "
                          text run at (33,19) width 337: "blah blah blah blah blah blah blah blah blah blah blah"
                          text run at (2,36) width 62: "blah blah "
                          text run at (64,36) width 306: "blah blah blah blah blah blah blah blah blah blah"
                          text run at (2,53) width 93: "blah blah blah "
                          text run at (95,53) width 275: "blah blah blah blah blah blah blah blah blah"
                          text run at (2,70) width 124: "blah blah blah blah "
                          text run at (126,70) width 244: "blah blah blah blah blah blah blah blah"
                          text run at (2,87) width 151: "blah blah blah blah blah"
