layer at (0,0) size 785x1556
  RenderView at (0,0) size 785x600
layer at (0,0) size 785x1556
  RenderBlock {HTML} at (0,0) size 785x1556
    RenderBody {BODY} at (8,8) size 769x1540
      RenderTable {TABLE} at (0,0) size 769x289
        RenderTableSection {TBODY} at (0,0) size 769x289
          RenderTableRow {TR} at (0,0) size 769x289
            RenderTableCell {TD} at (0,0) size 48x289 [bgcolor=#0000FF] [r=0 c=0 rs=1 cs=1]
              RenderText {#text} at (0,0) size 48x289
                text run at (0,0) width 48: "XXXX"
                text run at (0,17) width 48: "XXXX"
                text run at (0,34) width 48: "XXXX"
                text run at (0,51) width 48: "XXXX"
                text run at (0,68) width 48: "XXXX"
                text run at (0,85) width 48: "XXXX"
                text run at (0,102) width 48: "XXXX"
                text run at (0,119) width 48: "XXXX"
                text run at (0,136) width 48: "XXXX"
                text run at (0,153) width 48: "XXXX"
                text run at (0,170) width 48: "XXXX"
                text run at (0,187) width 48: "XXXX"
                text run at (0,204) width 48: "XXXX"
                text run at (0,221) width 48: "XXXX"
                text run at (0,238) width 48: "XXXX"
                text run at (0,255) width 48: "XXXX"
                text run at (0,272) width 48: "XXXX"
            RenderTableCell {TD} at (48,144) size 721x0 [bgcolor=#008000] [r=0 c=1 rs=1 cs=1]
              RenderTable {TABLE} at (0,0) size 0x0 [bgcolor=#FFFF00]
      RenderBlock (anonymous) at (0,289) size 769x17
        RenderBR {BR} at (0,0) size 0x17
      RenderTable {TABLE} at (0,306) size 769x293 [border: (1px outset #808080)]
        RenderTableSection {TBODY} at (1,1) size 767x291
          RenderTableRow {TR} at (0,0) size 767x291
            RenderTableCell {TD} at (0,0) size 50x291 [bgcolor=#0000FF] [border: (1px inset #808080)] [r=0 c=0 rs=1 cs=1]
              RenderText {#text} at (1,1) size 48x289
                text run at (1,1) width 48: "XXXX"
                text run at (1,18) width 48: "XXXX"
                text run at (1,35) width 48: "XXXX"
                text run at (1,52) width 48: "XXXX"
                text run at (1,69) width 48: "XXXX"
                text run at (1,86) width 48: "XXXX"
                text run at (1,103) width 48: "XXXX"
                text run at (1,120) width 48: "XXXX"
                text run at (1,137) width 48: "XXXX"
                text run at (1,154) width 48: "XXXX"
                text run at (1,171) width 48: "XXXX"
                text run at (1,188) width 48: "XXXX"
                text run at (1,205) width 48: "XXXX"
                text run at (1,222) width 48: "XXXX"
                text run at (1,239) width 48: "XXXX"
                text run at (1,256) width 48: "XXXX"
                text run at (1,273) width 48: "XXXX"
            RenderTableCell {TD} at (50,144) size 717x3 [bgcolor=#008000] [border: (1px inset #808080)] [r=0 c=1 rs=1 cs=1]
              RenderTable {TABLE} at (1,1) size 0x0 [bgcolor=#FFFF00]
      RenderBlock (anonymous) at (0,599) size 769x17
        RenderBR {BR} at (0,0) size 0x17
      RenderTable {TABLE} at (0,616) size 769x295 [border: (1px outset #808080)]
        RenderTableSection {TBODY} at (1,1) size 767x293
          RenderTableRow {TR} at (0,0) size 767x293
            RenderTableCell {TD} at (0,0) size 52x293 [bgcolor=#0000FF] [border: (1px inset #808080)] [r=0 c=0 rs=1 cs=1]
              RenderText {#text} at (2,2) size 48x289
                text run at (2,2) width 48: "XXXX"
                text run at (2,19) width 48: "XXXX"
                text run at (2,36) width 48: "XXXX"
                text run at (2,53) width 48: "XXXX"
                text run at (2,70) width 48: "XXXX"
                text run at (2,87) width 48: "XXXX"
                text run at (2,104) width 48: "XXXX"
                text run at (2,121) width 48: "XXXX"
                text run at (2,138) width 48: "XXXX"
                text run at (2,155) width 48: "XXXX"
                text run at (2,172) width 48: "XXXX"
                text run at (2,189) width 48: "XXXX"
                text run at (2,206) width 48: "XXXX"
                text run at (2,223) width 48: "XXXX"
                text run at (2,240) width 48: "XXXX"
                text run at (2,257) width 48: "XXXX"
                text run at (2,274) width 48: "XXXX"
            RenderTableCell {TD} at (52,144) size 715x5 [bgcolor=#008000] [border: (1px inset #808080)] [r=0 c=1 rs=1 cs=1]
              RenderTable {TABLE} at (2,2) size 0x0 [bgcolor=#FFFF00]
      RenderBlock (anonymous) at (0,911) size 769x17
        RenderBR {BR} at (0,0) size 0x17
      RenderTable {TABLE} at (0,928) size 769x289
        RenderTableSection {TBODY} at (0,0) size 769x289
          RenderTableRow {TR} at (0,0) size 769x289
            RenderTableCell {TD} at (0,0) size 48x289 [bgcolor=#0000FF] [r=0 c=0 rs=1 cs=1]
              RenderText {#text} at (0,0) size 48x289
                text run at (0,0) width 48: "XXXX"
                text run at (0,17) width 48: "XXXX"
                text run at (0,34) width 48: "XXXX"
                text run at (0,51) width 48: "XXXX"
                text run at (0,68) width 48: "XXXX"
                text run at (0,85) width 48: "XXXX"
                text run at (0,102) width 48: "XXXX"
                text run at (0,119) width 48: "XXXX"
                text run at (0,136) width 48: "XXXX"
                text run at (0,153) width 48: "XXXX"
                text run at (0,170) width 48: "XXXX"
                text run at (0,187) width 48: "XXXX"
                text run at (0,204) width 48: "XXXX"
                text run at (0,221) width 48: "XXXX"
                text run at (0,238) width 48: "XXXX"
                text run at (0,255) width 48: "XXXX"
                text run at (0,272) width 48: "XXXX"
            RenderTableCell {TD} at (48,0) size 48x289 [bgcolor=#FFA500] [r=0 c=1 rs=1 cs=1]
              RenderText {#text} at (0,0) size 48x289
                text run at (0,0) width 48: "XXXX"
                text run at (0,17) width 48: "XXXX"
                text run at (0,34) width 48: "XXXX"
                text run at (0,51) width 48: "XXXX"
                text run at (0,68) width 48: "XXXX"
                text run at (0,85) width 48: "XXXX"
                text run at (0,102) width 48: "XXXX"
                text run at (0,119) width 48: "XXXX"
                text run at (0,136) width 48: "XXXX"
                text run at (0,153) width 48: "XXXX"
                text run at (0,170) width 48: "XXXX"
                text run at (0,187) width 48: "XXXX"
                text run at (0,204) width 48: "XXXX"
                text run at (0,221) width 48: "XXXX"
                text run at (0,238) width 48: "XXXX"
                text run at (0,255) width 48: "XXXX"
                text run at (0,272) width 48: "XXXX"
            RenderTableCell {TD} at (96,144) size 673x0 [bgcolor=#008000] [r=0 c=2 rs=1 cs=1]
              RenderTable {TABLE} at (0,0) size 0x0 [bgcolor=#FFFF00]
      RenderBlock (anonymous) at (0,1217) size 769x17
        RenderBR {BR} at (0,0) size 0x17
      RenderTable {TABLE} at (0,1234) size 769x289
        RenderTableSection {TBODY} at (0,0) size 769x289
          RenderTableRow {TR} at (0,0) size 769x289
            RenderTableCell {TD} at (0,0) size 48x289 [bgcolor=#0000FF] [r=0 c=0 rs=1 cs=1]
              RenderText {#text} at (0,0) size 48x289
                text run at (0,0) width 48: "XXXX"
                text run at (0,17) width 48: "XXXX"
                text run at (0,34) width 48: "XXXX"
                text run at (0,51) width 48: "XXXX"
                text run at (0,68) width 48: "XXXX"
                text run at (0,85) width 48: "XXXX"
                text run at (0,102) width 48: "XXXX"
                text run at (0,119) width 48: "XXXX"
                text run at (0,136) width 48: "XXXX"
                text run at (0,153) width 48: "XXXX"
                text run at (0,170) width 48: "XXXX"
                text run at (0,187) width 48: "XXXX"
                text run at (0,204) width 48: "XXXX"
                text run at (0,221) width 48: "XXXX"
                text run at (0,238) width 48: "XXXX"
                text run at (0,255) width 48: "XXXX"
                text run at (0,272) width 48: "XXXX"
            RenderTableCell {TD} at (48,136) size 721x17 [bgcolor=#008000] [r=0 c=1 rs=1 cs=1]
              RenderText {#text} at (0,0) size 8x17
                text run at (0,0) width 8: "x"
      RenderBlock (anonymous) at (0,1523) size 769x17
        RenderText {#text} at (0,0) size 19x17
          text run at (0,0) width 19: "-->"
