layer at (0,0) size 785x628
  RenderView at (0,0) size 785x600
layer at (0,0) size 785x628
  RenderBlock {HTML} at (0,0) size 785x628
    RenderBody {BODY} at (8,8) size 769x612
      RenderTable {TABLE} at (0,0) size 769x612
        RenderTableSection {TBODY} at (0,0) size 769x612
          RenderTableRow {TR} at (0,0) size 769x306
            RenderTableCell {TD} at (0,0) size 231x306 [r=0 c=0 rs=1 cs=1]
              RenderTable {TABLE} at (0,0) size 231x306
                RenderTableSection {THEAD} at (0,0) size 231x17
                  RenderTableRow {TR} at (0,0) size 231x17
                    RenderTableCell {TH} at (0,0) size 231x17 [r=0 c=0 rs=1 cs=1]
                      RenderText {#text} at (78,0) size 75x17
                        text run at (78,0) width 75: "Header 1/1"
                RenderTableSection {TBODY} at (0,17) size 231x289
                  RenderTableRow {TR} at (0,0) size 231x289
                    RenderTableCell {TD} at (0,0) size 231x289 [r=0 c=0 rs=1 cs=1]
                      RenderText {#text} at (0,0) size 230x289
                        text run at (0,0) width 230: "1 2 3 - - - - - - - - - - - - - - - - - - - - - -"
                        text run at (0,17) width 230: "- - - - - - - - - - - - - - - - - - - - - - - - - -"
                        text run at (0,34) width 230: "- - - - - - - - - - - - - - - - - - - - - - - - - -"
                        text run at (0,51) width 230: "- - - - - - - - - - - - - - - - - - - - - - - - - -"
                        text run at (0,68) width 230: "- - - - - - - - - - - - - - - - - - - - - - - - - -"
                        text run at (0,85) width 230: "- - - - - - - - - - - - - - - - - - - - - - - - - -"
                        text run at (0,102) width 230: "- - - - - - - - - - - - - - - - - - - - - - - - - -"
                        text run at (0,119) width 230: "- - - - - - - - - - - - - - - - - - - - - - - - - -"
                        text run at (0,136) width 27: "- - - "
                        text run at (27,136) width 203: "- - - - - - - - - - - - - - - - - - - - - - -"
                        text run at (0,153) width 230: "- - - - - - - - - - - - - - - - - - - - - - - - - -"
                        text run at (0,170) width 230: "- - - - - - - - - - - - - - - - - - - - - - - - - -"
                        text run at (0,187) width 230: "- - - - - - - - - - - - - - - - - - - - - - - - - -"
                        text run at (0,204) width 230: "- - - - - - - - - - - - - - - - - - - - - - - - - -"
                        text run at (0,221) width 230: "- - - - - - - - - - - - - - - - - - - - - - - - - -"
                        text run at (0,238) width 230: "- - - - - - - - - - - - - - - - - - - - - - - - - -"
                        text run at (0,255) width 230: "- - - - - - - - - - - - - - - - - - - - - - - - - -"
                        text run at (0,272) width 41: "- - - - -"
            RenderTableCell {TD} at (230,0) size 309x306 [r=0 c=1 rs=1 cs=1]
              RenderTable {TABLE} at (0,0) size 308x306
                RenderTableSection {THEAD} at (0,0) size 308x17
                  RenderTableRow {TR} at (0,0) size 308x17
                    RenderTableCell {TH} at (0,0) size 308x17 [r=0 c=0 rs=1 cs=1]
                      RenderText {#text} at (116,0) size 75x17
                        text run at (116,0) width 75: "Header 2/1"
                RenderTableSection {TBODY} at (0,17) size 308x289
                  RenderTableRow {TR} at (0,0) size 308x289
                    RenderTableCell {TD} at (0,0) size 308x289 [r=0 c=0 rs=1 cs=1]
                      RenderText {#text} at (0,0) size 296x289
                        text run at (0,0) width 296: "1 2 3 # # # # # # # # # # # # # # # # # # # # # #"
                        text run at (0,17) width 296: "# # # # # # # # # # # # # # # # # # # # # # # # #"
                        text run at (0,34) width 296: "# # # # # # # # # # # # # # # # # # # # # # # # #"
                        text run at (0,51) width 296: "# # # # # # # # # # # # # # # # # # # # # # # # #"
                        text run at (0,68) width 296: "# # # # # # # # # # # # # # # # # # # # # # # # #"
                        text run at (0,85) width 296: "# # # # # # # # # # # # # # # # # # # # # # # # #"
                        text run at (0,102) width 296: "# # # # # # # # # # # # # # # # # # # # # # # # #"
                        text run at (0,119) width 296: "# # # # # # # # # # # # # # # # # # # # # # # # #"
                        text run at (0,136) width 120: "# # # # # # # # # # "
                        text run at (120,136) width 176: "# # # # # # # # # # # # # # #"
                        text run at (0,153) width 296: "# # # # # # # # # # # # # # # # # # # # # # # # #"
                        text run at (0,170) width 296: "# # # # # # # # # # # # # # # # # # # # # # # # #"
                        text run at (0,187) width 296: "# # # # # # # # # # # # # # # # # # # # # # # # #"
                        text run at (0,204) width 296: "# # # # # # # # # # # # # # # # # # # # # # # # #"
                        text run at (0,221) width 296: "# # # # # # # # # # # # # # # # # # # # # # # # #"
                        text run at (0,238) width 296: "# # # # # # # # # # # # # # # # # # # # # # # # #"
                        text run at (0,255) width 296: "# # # # # # # # # # # # # # # # # # # # # # # # #"
                        text run at (0,272) width 236: "# # # # # # # # # # # # # # # # # # # #"
            RenderTableCell {TD} at (538,0) size 232x306 [r=0 c=2 rs=1 cs=1]
              RenderTable {TABLE} at (0,0) size 231x306
                RenderTableSection {THEAD} at (0,0) size 231x17
                  RenderTableRow {TR} at (0,0) size 231x17
                    RenderTableCell {TH} at (0,0) size 231x17 [r=0 c=0 rs=1 cs=1]
                      RenderText {#text} at (78,0) size 75x17
                        text run at (78,0) width 75: "Header 3/1"
                RenderTableSection {TBODY} at (0,17) size 231x289
                  RenderTableRow {TR} at (0,0) size 231x289
                    RenderTableCell {TD} at (0,0) size 231x289 [r=0 c=0 rs=1 cs=1]
                      RenderText {#text} at (0,0) size 230x289
                        text run at (0,0) width 230: "1 2 3 ! ! ! ! ! ! ! ! ! ! ! ! ! ! ! ! ! ! ! ! ! !"
                        text run at (0,17) width 230: "! ! ! ! ! ! ! ! ! ! ! ! ! ! ! ! ! ! ! ! ! ! ! ! ! !"
                        text run at (0,34) width 230: "! ! ! ! ! ! ! ! ! ! ! ! ! ! ! ! ! ! ! ! ! ! ! ! ! !"
                        text run at (0,51) width 230: "! ! ! ! ! ! ! ! ! ! ! ! ! ! ! ! ! ! ! ! ! ! ! ! ! !"
                        text run at (0,68) width 230: "! ! ! ! ! ! ! ! ! ! ! ! ! ! ! ! ! ! ! ! ! ! ! ! ! !"
                        text run at (0,85) width 230: "! ! ! ! ! ! ! ! ! ! ! ! ! ! ! ! ! ! ! ! ! ! ! ! ! !"
                        text run at (0,102) width 230: "! ! ! ! ! ! ! ! ! ! ! ! ! ! ! ! ! ! ! ! ! ! ! ! ! !"
                        text run at (0,119) width 230: "! ! ! ! ! ! ! ! ! ! ! ! ! ! ! ! ! ! ! ! ! ! ! ! ! !"
                        text run at (0,136) width 27: "! ! ! "
                        text run at (27,136) width 203: "! ! ! ! ! ! ! ! ! ! ! ! ! ! ! ! ! ! ! ! ! ! !"
                        text run at (0,153) width 230: "! ! ! ! ! ! ! ! ! ! ! ! ! ! ! ! ! ! ! ! ! ! ! ! ! !"
                        text run at (0,170) width 230: "! ! ! ! ! ! ! ! ! ! ! ! ! ! ! ! ! ! ! ! ! ! ! ! ! !"
                        text run at (0,187) width 230: "! ! ! ! ! ! ! ! ! ! ! ! ! ! ! ! ! ! ! ! ! ! ! ! ! !"
                        text run at (0,204) width 230: "! ! ! ! ! ! ! ! ! ! ! ! ! ! ! ! ! ! ! ! ! ! ! ! ! !"
                        text run at (0,221) width 230: "! ! ! ! ! ! ! ! ! ! ! ! ! ! ! ! ! ! ! ! ! ! ! ! ! !"
                        text run at (0,238) width 230: "! ! ! ! ! ! ! ! ! ! ! ! ! ! ! ! ! ! ! ! ! ! ! ! ! !"
                        text run at (0,255) width 230: "! ! ! ! ! ! ! ! ! ! ! ! ! ! ! ! ! ! ! ! ! ! ! ! ! !"
                        text run at (0,272) width 41: "! ! ! ! !"
            RenderTableCell {TD} at (769,0) size 0x0 [r=0 c=3 rs=1 cs=1]
          RenderTableRow {TR} at (0,306) size 769x306
            RenderTableCell {TD} at (0,306) size 231x306 [r=1 c=0 rs=1 cs=1]
              RenderTable {TABLE} at (0,0) size 231x306
                RenderTableSection {THEAD} at (0,0) size 231x17
                  RenderTableRow {TR} at (0,0) size 231x17
                    RenderTableCell {TH} at (0,0) size 231x17 [r=0 c=0 rs=1 cs=1]
                      RenderText {#text} at (78,0) size 75x17
                        text run at (78,0) width 75: "Header 1/2"
                RenderTableSection {TBODY} at (0,17) size 231x289
                  RenderTableRow {TR} at (0,0) size 231x289
                    RenderTableCell {TD} at (0,0) size 231x289 [r=0 c=0 rs=1 cs=1]
                      RenderText {#text} at (0,0) size 230x289
                        text run at (0,0) width 230: "1 2 3 - - - - - - - - - - - - - - - - - - - - - -"
                        text run at (0,17) width 230: "- - - - - - - - - - - - - - - - - - - - - - - - - -"
                        text run at (0,34) width 230: "- - - - - - - - - - - - - - - - - - - - - - - - - -"
                        text run at (0,51) width 230: "- - - - - - - - - - - - - - - - - - - - - - - - - -"
                        text run at (0,68) width 230: "- - - - - - - - - - - - - - - - - - - - - - - - - -"
                        text run at (0,85) width 230: "- - - - - - - - - - - - - - - - - - - - - - - - - -"
                        text run at (0,102) width 230: "- - - - - - - - - - - - - - - - - - - - - - - - - -"
                        text run at (0,119) width 230: "- - - - - - - - - - - - - - - - - - - - - - - - - -"
                        text run at (0,136) width 27: "- - - "
                        text run at (27,136) width 203: "- - - - - - - - - - - - - - - - - - - - - - -"
                        text run at (0,153) width 230: "- - - - - - - - - - - - - - - - - - - - - - - - - -"
                        text run at (0,170) width 230: "- - - - - - - - - - - - - - - - - - - - - - - - - -"
                        text run at (0,187) width 230: "- - - - - - - - - - - - - - - - - - - - - - - - - -"
                        text run at (0,204) width 230: "- - - - - - - - - - - - - - - - - - - - - - - - - -"
                        text run at (0,221) width 230: "- - - - - - - - - - - - - - - - - - - - - - - - - -"
                        text run at (0,238) width 230: "- - - - - - - - - - - - - - - - - - - - - - - - - -"
                        text run at (0,255) width 230: "- - - - - - - - - - - - - - - - - - - - - - - - - -"
                        text run at (0,272) width 41: "- - - - -"
            RenderTableCell {TD} at (230,306) size 309x306 [r=1 c=1 rs=1 cs=1]
              RenderTable {TABLE} at (0,0) size 308x306
                RenderTableSection {THEAD} at (0,0) size 308x17
                  RenderTableRow {TR} at (0,0) size 308x17
                    RenderTableCell {TH} at (0,0) size 308x17 [r=0 c=0 rs=1 cs=1]
                      RenderText {#text} at (116,0) size 75x17
                        text run at (116,0) width 75: "Header 2/2"
                RenderTableSection {TBODY} at (0,17) size 308x289
                  RenderTableRow {TR} at (0,0) size 308x289
                    RenderTableCell {TD} at (0,0) size 308x289 [r=0 c=0 rs=1 cs=1]
                      RenderText {#text} at (0,0) size 296x289
                        text run at (0,0) width 296: "1 2 3 # # # # # # # # # # # # # # # # # # # # # #"
                        text run at (0,17) width 296: "# # # # # # # # # # # # # # # # # # # # # # # # #"
                        text run at (0,34) width 296: "# # # # # # # # # # # # # # # # # # # # # # # # #"
                        text run at (0,51) width 296: "# # # # # # # # # # # # # # # # # # # # # # # # #"
                        text run at (0,68) width 296: "# # # # # # # # # # # # # # # # # # # # # # # # #"
                        text run at (0,85) width 296: "# # # # # # # # # # # # # # # # # # # # # # # # #"
                        text run at (0,102) width 296: "# # # # # # # # # # # # # # # # # # # # # # # # #"
                        text run at (0,119) width 296: "# # # # # # # # # # # # # # # # # # # # # # # # #"
                        text run at (0,136) width 120: "# # # # # # # # # # "
                        text run at (120,136) width 176: "# # # # # # # # # # # # # # #"
                        text run at (0,153) width 296: "# # # # # # # # # # # # # # # # # # # # # # # # #"
                        text run at (0,170) width 296: "# # # # # # # # # # # # # # # # # # # # # # # # #"
                        text run at (0,187) width 296: "# # # # # # # # # # # # # # # # # # # # # # # # #"
                        text run at (0,204) width 296: "# # # # # # # # # # # # # # # # # # # # # # # # #"
                        text run at (0,221) width 296: "# # # # # # # # # # # # # # # # # # # # # # # # #"
                        text run at (0,238) width 296: "# # # # # # # # # # # # # # # # # # # # # # # # #"
                        text run at (0,255) width 296: "# # # # # # # # # # # # # # # # # # # # # # # # #"
                        text run at (0,272) width 236: "# # # # # # # # # # # # # # # # # # # #"
            RenderTableCell {TD} at (538,306) size 232x306 [r=1 c=2 rs=1 cs=1]
              RenderTable {TABLE} at (0,0) size 231x306
                RenderTableSection {THEAD} at (0,0) size 231x17
                  RenderTableRow {TR} at (0,0) size 231x17
                    RenderTableCell {TH} at (0,0) size 231x17 [r=0 c=0 rs=1 cs=1]
                      RenderText {#text} at (78,0) size 75x17
                        text run at (78,0) width 75: "Header 3/2"
                RenderTableSection {TBODY} at (0,17) size 231x289
                  RenderTableRow {TR} at (0,0) size 231x289
                    RenderTableCell {TD} at (0,0) size 231x289 [r=0 c=0 rs=1 cs=1]
                      RenderText {#text} at (0,0) size 230x289
                        text run at (0,0) width 230: "1 2 3 ! ! ! ! ! ! ! ! ! ! ! ! ! ! ! ! ! ! ! ! ! !"
                        text run at (0,17) width 230: "! ! ! ! ! ! ! ! ! ! ! ! ! ! ! ! ! ! ! ! ! ! ! ! ! !"
                        text run at (0,34) width 230: "! ! ! ! ! ! ! ! ! ! ! ! ! ! ! ! ! ! ! ! ! ! ! ! ! !"
                        text run at (0,51) width 230: "! ! ! ! ! ! ! ! ! ! ! ! ! ! ! ! ! ! ! ! ! ! ! ! ! !"
                        text run at (0,68) width 230: "! ! ! ! ! ! ! ! ! ! ! ! ! ! ! ! ! ! ! ! ! ! ! ! ! !"
                        text run at (0,85) width 230: "! ! ! ! ! ! ! ! ! ! ! ! ! ! ! ! ! ! ! ! ! ! ! ! ! !"
                        text run at (0,102) width 230: "! ! ! ! ! ! ! ! ! ! ! ! ! ! ! ! ! ! ! ! ! ! ! ! ! !"
                        text run at (0,119) width 230: "! ! ! ! ! ! ! ! ! ! ! ! ! ! ! ! ! ! ! ! ! ! ! ! ! !"
                        text run at (0,136) width 27: "! ! ! "
                        text run at (27,136) width 203: "! ! ! ! ! ! ! ! ! ! ! ! ! ! ! ! ! ! ! ! ! ! !"
                        text run at (0,153) width 230: "! ! ! ! ! ! ! ! ! ! ! ! ! ! ! ! ! ! ! ! ! ! ! ! ! !"
                        text run at (0,170) width 230: "! ! ! ! ! ! ! ! ! ! ! ! ! ! ! ! ! ! ! ! ! ! ! ! ! !"
                        text run at (0,187) width 230: "! ! ! ! ! ! ! ! ! ! ! ! ! ! ! ! ! ! ! ! ! ! ! ! ! !"
                        text run at (0,204) width 230: "! ! ! ! ! ! ! ! ! ! ! ! ! ! ! ! ! ! ! ! ! ! ! ! ! !"
                        text run at (0,221) width 230: "! ! ! ! ! ! ! ! ! ! ! ! ! ! ! ! ! ! ! ! ! ! ! ! ! !"
                        text run at (0,238) width 230: "! ! ! ! ! ! ! ! ! ! ! ! ! ! ! ! ! ! ! ! ! ! ! ! ! !"
                        text run at (0,255) width 230: "! ! ! ! ! ! ! ! ! ! ! ! ! ! ! ! ! ! ! ! ! ! ! ! ! !"
                        text run at (0,272) width 41: "! ! ! ! !"
