layer at (0,0) size 785x2503
  RenderView at (0,0) size 785x600
layer at (0,0) size 785x2248
  RenderBlock {HTML} at (0,0) size 785x2248
    RenderBody {BODY} at (8,8) size 769x2232 [bgcolor=#19BCD2]
      RenderTable {TABLE} at (0,0) size 769x200 [bgcolor=#FFA500] [border: (1px outset #808080)]
        RenderTableSection {TBODY} at (1,1) size 767x198
          RenderTableRow {TR} at (0,0) size 767x159
            RenderTableCell {TD} at (0,0) size 767x19 [border: (1px inset #808080)] [r=0 c=0 rs=1 cs=1]
              RenderText {#text} at (1,1) size 158x17
                text run at (1,1) width 158: "80% of table 200px table"
          RenderTableRow {TR} at (0,158) size 767x40
            RenderTableCell {TD} at (0,158) size 767x20 [border: (1px inset #808080)] [r=1 c=0 rs=1 cs=1]
              RenderText {#text} at (1,1) size 158x17
                text run at (1,1) width 158: "20% of table 200px table"
      RenderBlock (anonymous) at (0,199) size 769x18
        RenderBR {BR} at (0,0) size 0x17
      RenderTable {TABLE} at (0,216) size 769x41 [bgcolor=#FFA500] [border: (1px outset #808080)]
        RenderTableSection {TBODY} at (1,1) size 767x38
          RenderTableRow {TR} at (0,0) size 767x19
            RenderTableCell {TD} at (0,0) size 767x19 [border: (1px inset #808080)] [r=0 c=0 rs=1 cs=1]
              RenderText {#text} at (1,1) size 130x17
                text run at (1,1) width 130: "80% of 200px tbody"
          RenderTableRow {TR} at (0,19) size 767x19
            RenderTableCell {TD} at (0,19) size 767x19 [border: (1px inset #808080)] [r=1 c=0 rs=1 cs=1]
              RenderText {#text} at (1,1) size 130x17
                text run at (1,1) width 130: "20% of 200px tbody"
      RenderBlock (anonymous) at (0,256) size 769x18
        RenderBR {BR} at (0,0) size 0x17
      RenderTable {TABLE} at (0,273) size 769x41 [bgcolor=#FFA500] [border: (1px outset #808080)]
        RenderTableSection {TBODY} at (1,1) size 767x38
          RenderTableRow {TR} at (0,0) size 767x19
            RenderTableCell {TD} at (0,0) size 767x19 [border: (1px inset #808080)] [r=0 c=0 rs=1 cs=1]
              RenderText {#text} at (1,1) size 130x17
                text run at (1,1) width 130: "80% of 200px tbody"
          RenderTableRow {TR} at (0,19) size 767x19
            RenderTableCell {TD} at (0,19) size 767x19 [border: (1px inset #808080)] [r=1 c=0 rs=1 cs=1]
              RenderText {#text} at (1,1) size 130x17
                text run at (1,1) width 130: "20% of 200px tbody"
      RenderBlock (anonymous) at (0,313) size 769x18
        RenderBR {BR} at (0,0) size 0x17
      RenderTable {TABLE} at (0,330) size 769x201 [bgcolor=#FFA500] [border: (1px outset #808080)]
        RenderTableSection {TBODY} at (1,1) size 767x198
          RenderTableRow {TR} at (0,0) size 767x159
            RenderTableCell {TD} at (0,0) size 767x19 [border: (1px inset #808080)] [r=0 c=0 rs=1 cs=1]
              RenderText {#text} at (1,1) size 153x17
                text run at (1,1) width 153: "row 80% of 200px table"
          RenderTableRow {TR} at (0,158) size 767x40
            RenderTableCell {TD} at (0,158) size 767x20 [border: (1px inset #808080)] [r=1 c=0 rs=1 cs=1]
              RenderText {#text} at (1,1) size 153x17
                text run at (1,1) width 153: "row 20% of 200px table"
      RenderBlock (anonymous) at (0,530) size 769x18
        RenderBR {BR} at (0,0) size 0x17
      RenderTable {TABLE} at (0,547) size 769x41 [bgcolor=#FFA500] [border: (1px outset #808080)]
        RenderTableSection {TBODY} at (1,1) size 767x38
          RenderTableRow {TR} at (0,0) size 767x19
            RenderTableCell {TD} at (0,0) size 767x19 [border: (1px inset #808080)] [r=0 c=0 rs=1 cs=1]
              RenderText {#text} at (1,1) size 159x17
                text run at (1,1) width 159: "row 80% of 200px tbody"
          RenderTableRow {TR} at (0,19) size 767x19
            RenderTableCell {TD} at (0,19) size 767x19 [border: (1px inset #808080)] [r=1 c=0 rs=1 cs=1]
              RenderText {#text} at (1,1) size 159x17
                text run at (1,1) width 159: "row 20% of 200px tbody"
      RenderBlock (anonymous) at (0,587) size 769x18
        RenderBR {BR} at (0,0) size 0x17
      RenderTable {TABLE} at (0,604) size 769x381 [bgcolor=#FFA500] [border: (1px outset #808080)]
        RenderTableSection {TBODY} at (1,1) size 767x378
          RenderTableRow {TR} at (0,0) size 767x378
            RenderTableCell {TD} at (0,0) size 767x633 [border: (1px inset #808080)] [r=0 c=0 rs=1 cs=1]
              RenderTable {TABLE} at (1,1) size 765x376 [bgcolor=#FFFF00]
                RenderTableSection {TBODY} at (0,0) size 765x376
                  RenderTableRow {TR} at (0,0) size 765x376
                    RenderTableCell {TD} at (0,179) size 765x18 [r=0 c=0 rs=1 cs=1]
                      RenderText {#text} at (0,0) size 12x18
                        text run at (0,1) width 12: " x"
              RenderTable {TABLE} at (1,377) size 765x255
                RenderTableSection {TBODY} at (0,0) size 765x255
                  RenderTableRow {TR} at (0,0) size 765x255
                    RenderTableCell {TD} at (0,0) size 765x255 [bgcolor=#E0FFFF] [r=0 c=0 rs=1 cs=1]
                      RenderText {#text} at (0,0) size 110x17
                        text run at (0,0) width 80: "yuiyututuyu "
                        text run at (80,0) width 30: "fesfe"
                      RenderBR {BR} at (110,14) size 0x0
                      RenderText {#text} at (0,17) size 4x17
                        text run at (0,17) width 4: " "
                      RenderBR {BR} at (4,31) size 0x0
                      RenderText {#text} at (0,34) size 4x17
                        text run at (0,34) width 4: " "
                      RenderBR {BR} at (4,48) size 0x0
                      RenderText {#text} at (0,51) size 4x17
                        text run at (0,51) width 4: " "
                      RenderBR {BR} at (4,65) size 0x0
                      RenderText {#text} at (0,68) size 4x17
                        text run at (0,68) width 4: " "
                      RenderBR {BR} at (4,82) size 0x0
                      RenderText {#text} at (0,85) size 4x17
                        text run at (0,85) width 4: " "
                      RenderBR {BR} at (4,99) size 0x0
                      RenderText {#text} at (0,102) size 4x17
                        text run at (0,102) width 4: " "
                      RenderBR {BR} at (4,116) size 0x0
                      RenderText {#text} at (0,119) size 4x17
                        text run at (0,119) width 4: " "
                      RenderBR {BR} at (4,133) size 0x0
                      RenderText {#text} at (0,136) size 4x17
                        text run at (0,136) width 4: " "
                      RenderBR {BR} at (4,150) size 0x0
                      RenderText {#text} at (0,153) size 4x17
                        text run at (0,153) width 4: " "
                      RenderBR {BR} at (4,167) size 0x0
                      RenderText {#text} at (0,170) size 4x17
                        text run at (0,170) width 4: " "
                      RenderBR {BR} at (4,184) size 0x0
                      RenderText {#text} at (0,187) size 4x17
                        text run at (0,187) width 4: " "
                      RenderBR {BR} at (4,201) size 0x0
                      RenderText {#text} at (0,204) size 4x17
                        text run at (0,204) width 4: " "
                      RenderBR {BR} at (4,218) size 0x0
                      RenderText {#text} at (0,221) size 4x17
                        text run at (0,221) width 4: " "
                      RenderBR {BR} at (4,235) size 0x0
                      RenderText {#text} at (0,238) size 4x17
                        text run at (0,238) width 4: " "
      RenderBlock (anonymous) at (0,984) size 769x18
        RenderBR {BR} at (0,0) size 0x17
      RenderTable {TABLE} at (0,1001) size 600x401 [border: (1px outset #808080)]
        RenderTableSection {TBODY} at (1,1) size 598x398
          RenderTableRow {TR} at (0,2) size 598x394
            RenderTableCell {TD} at (2,2) size 594x394 [border: (1px inset #808080)] [r=0 c=0 rs=1 cs=1]
              RenderTable {TABLE} at (2,2) size 590x390 [border: (1px outset #808080)]
                RenderTableSection {TBODY} at (1,1) size 588x388
                  RenderTableRow {TR} at (0,2) size 588x384
                    RenderTableCell {TD} at (2,2) size 584x384 [border: (1px inset #808080)] [r=0 c=0 rs=1 cs=1]
                      RenderTable {TABLE} at (2,2) size 580x380 [border: (1px outset #808080)]
                        RenderTableSection {TBODY} at (1,1) size 578x378
                          RenderTableRow {TR} at (0,2) size 578x374
                            RenderTableCell {TD} at (2,178) size 574x22 [border: (1px inset #808080)] [r=0 c=0 rs=1 cs=1]
                              RenderText {#text} at (2,2) size 21x18
                                text run at (2,3) width 21: "foo"
      RenderBlock (anonymous) at (0,1401) size 769x18
        RenderBR {BR} at (0,0) size 0x17
      RenderTable {TABLE} at (0,1418) size 62x22 [border: (1px outset #808080)]
        RenderTableSection {TBODY} at (1,1) size 60x19
          RenderTableRow {TR} at (0,0) size 60x19
            RenderTableCell {TD} at (0,0) size 60x19 [border: (1px inset #808080)] [r=0 c=0 rs=2 cs=1]
              RenderText {#text} at (1,1) size 58x17
                text run at (1,1) width 58: "blah blah"
          RenderTableRow {TR} at (0,19) size 60x0
      RenderBlock (anonymous) at (0,1439) size 769x18
        RenderBR {BR} at (0,0) size 0x17
      RenderTable {TABLE} at (0,1456) size 602x365 [border: (1px outset #808080)]
        RenderTableSection {TBODY} at (1,1) size 600x362
          RenderTableRow {TR} at (0,0) size 600x0
            RenderTableCell {TD} at (0,0) size 503x362 [bgcolor=#FFFFFF] [border: (1px inset #808080)] [r=0 c=0 rs=2 cs=2]
              RenderImage {IMG} at (1,1) size 132x360
          RenderTableRow {TR} at (0,0) size 600x362
            RenderTableCell {TD} at (502,171) size 98x20 [border: (1px inset #808080)] [r=1 c=2 rs=1 cs=6]
              RenderText {#text} at (72,1) size 25x18
                text run at (72,2) width 25: "xxx"
      RenderBlock (anonymous) at (0,1820) size 769x18
        RenderBR {BR} at (0,0) size 0x17
      RenderTable {TABLE} at (10,1837) size 749x395 [bgcolor=#808080]
        RenderTableSection {TBODY} at (0,0) size 748x394
          RenderTableRow {TR} at (0,4) size 748x386
            RenderTableCell {TD} at (4,4) size 740x386 [r=0 c=0 rs=1 cs=1]
              RenderTable {TABLE} at (3,3) size 734x380 [bgcolor=#FFA500] [border: (1px outset #808080)]
                RenderTableSection {TBODY} at (1,1) size 732x378
                  RenderTableRow {TR} at (0,0) size 732x378
                    RenderTableCell {TD} at (0,0) size 732x650 [border: (1px inset #808080)] [r=0 c=0 rs=1 cs=1]
                      RenderBlock (anonymous) at (1,1) size 730x17
                        RenderText {#text} at (0,0) size 8x17
                          text run at (0,0) width 8: "x"
                      RenderTable {TABLE} at (1,18) size 730x376 [bgcolor=#FFFF00]
                        RenderTableSection {TBODY} at (0,0) size 730x376
                          RenderTableRow {TR} at (0,0) size 730x376
                            RenderTableCell {TD} at (0,179) size 730x18 [r=0 c=0 rs=1 cs=1]
                              RenderText {#text} at (0,0) size 4x18
                                text run at (0,1) width 4: " "
                      RenderTable {TABLE} at (1,394) size 730x255
                        RenderTableSection {TBODY} at (0,0) size 730x255
                          RenderTableRow {TR} at (0,0) size 730x255
                            RenderTableCell {TD} at (0,0) size 730x255 [bgcolor=#E0FFFF] [r=0 c=0 rs=1 cs=1]
                              RenderText {#text} at (0,0) size 114x17
                                text run at (0,0) width 80: "yuiyututuyu "
                                text run at (80,0) width 34: "fesf e"
                              RenderBR {BR} at (114,14) size 0x0
                              RenderText {#text} at (0,17) size 4x17
                                text run at (0,17) width 4: " "
                              RenderBR {BR} at (4,31) size 0x0
                              RenderText {#text} at (0,34) size 4x17
                                text run at (0,34) width 4: " "
                              RenderBR {BR} at (4,48) size 0x0
                              RenderText {#text} at (0,51) size 4x17
                                text run at (0,51) width 4: " "
                              RenderBR {BR} at (4,65) size 0x0
                              RenderText {#text} at (0,68) size 4x17
                                text run at (0,68) width 4: " "
                              RenderBR {BR} at (4,82) size 0x0
                              RenderText {#text} at (0,85) size 4x17
                                text run at (0,85) width 4: " "
                              RenderBR {BR} at (4,99) size 0x0
                              RenderText {#text} at (0,102) size 4x17
                                text run at (0,102) width 4: " "
                              RenderBR {BR} at (4,116) size 0x0
                              RenderText {#text} at (0,119) size 4x17
                                text run at (0,119) width 4: " "
                              RenderBR {BR} at (4,133) size 0x0
                              RenderText {#text} at (0,136) size 4x17
                                text run at (0,136) width 4: " "
                              RenderBR {BR} at (4,150) size 0x0
                              RenderText {#text} at (0,153) size 4x17
                                text run at (0,153) width 4: " "
                              RenderBR {BR} at (4,167) size 0x0
                              RenderText {#text} at (0,170) size 4x17
                                text run at (0,170) width 4: " "
                              RenderBR {BR} at (4,184) size 0x0
                              RenderText {#text} at (0,187) size 4x17
                                text run at (0,187) width 4: " "
                              RenderBR {BR} at (4,201) size 0x0
                              RenderText {#text} at (0,204) size 4x17
                                text run at (0,204) width 4: " "
                              RenderBR {BR} at (4,218) size 0x0
                              RenderText {#text} at (0,221) size 4x17
                                text run at (0,221) width 4: " "
                              RenderBR {BR} at (4,235) size 0x0
                              RenderText {#text} at (0,238) size 4x17
                                text run at (0,238) width 4: " "
