layer at (0,0) size 800x600
  RenderView at (0,0) size 800x600
layer at (0,0) size 800x432
  RenderBlock {HTML} at (0,0) size 800x432
    RenderBody {BODY} at (8,8) size 784x416
      RenderBlock {HR} at (0,0) size 784x2 [border: (1px inset #000000)]
      RenderBlock {H3} at (0,20) size 784x22
        RenderText {#text} at (0,0) size 62x21
          text run at (0,0) width 62: "Table 1"
      RenderBlock {PRE} at (0,60) size 784x61
        RenderText {#text} at (0,0) size 224x60
          text run at (0,0) width 224: "<TABLE width=\"500\" border=1>"
          text run at (0,15) width 168: "<COLGROUP width=\"1*\">"
          text run at (0,30) width 168: "<COLGROUP width=\"1*\">"
          text run at (0,45) width 168: "<COLGROUP width=\"3*\">"
      RenderTable {TABLE} at (0,133) size 500x74 [border: (1px outset #808080)]
        RenderTableCol {COLGROUP} at (0,0) size 0x0
        RenderTableCol {COLGROUP} at (0,0) size 0x0
        RenderTableCol {COLGROUP} at (0,0) size 0x0
        RenderTableSection {TBODY} at (1,1) size 498x71
          RenderTableRow {TR} at (0,2) size 498x21
            RenderTableCell {TD} at (2,2) size 165x21 [border: (1px inset #808080)] [r=0 c=0 rs=1 cs=1]
              RenderText {#text} at (2,2) size 42x17
                text run at (2,2) width 42: "Cell A"
            RenderTableCell {TD} at (168,2) size 166x21 [border: (1px inset #808080)] [r=0 c=1 rs=1 cs=1]
              RenderText {#text} at (2,2) size 41x17
                text run at (2,2) width 41: "Cell B"
            RenderTableCell {TD} at (335,2) size 162x21 [border: (1px inset #808080)] [r=0 c=2 rs=1 cs=1]
              RenderText {#text} at (2,2) size 41x17
                text run at (2,2) width 41: "Cell C"
          RenderTableRow {TR} at (0,25) size 498x21
            RenderTableCell {TD} at (2,25) size 165x21 [border: (1px inset #808080)] [r=1 c=0 rs=1 cs=1]
              RenderText {#text} at (2,2) size 42x17
                text run at (2,2) width 42: "Cell D"
            RenderTableCell {TD} at (168,25) size 166x21 [border: (1px inset #808080)] [r=1 c=1 rs=1 cs=1]
              RenderText {#text} at (2,2) size 40x17
                text run at (2,2) width 40: "Cell E"
            RenderTableCell {TD} at (335,25) size 162x21 [border: (1px inset #808080)] [r=1 c=2 rs=1 cs=1]
              RenderText {#text} at (2,2) size 39x17
                text run at (2,2) width 39: "Cell F"
          RenderTableRow {TR} at (0,48) size 498x21
            RenderTableCell {TD} at (2,48) size 165x21 [border: (1px inset #808080)] [r=2 c=0 rs=1 cs=1]
              RenderText {#text} at (2,2) size 42x17
                text run at (2,2) width 42: "Cell G"
            RenderTableCell {TD} at (168,48) size 166x21 [border: (1px inset #808080)] [r=2 c=1 rs=1 cs=1]
              RenderText {#text} at (2,2) size 42x17
                text run at (2,2) width 42: "Cell H"
            RenderTableCell {TD} at (335,48) size 162x21 [border: (1px inset #808080)] [r=2 c=2 rs=1 cs=1]
              RenderText {#text} at (2,2) size 35x17
                text run at (2,2) width 35: "Cell I"
      RenderBlock {HR} at (0,214) size 784x3 [border: (1px inset #000000)]
      RenderBlock {H3} at (0,235) size 784x22
        RenderText {#text} at (0,0) size 62x21
          text run at (0,0) width 62: "Table 2"
      RenderBlock {PRE} at (0,274) size 784x46
        RenderText {#text} at (0,0) size 224x45
          text run at (0,0) width 224: "<TABLE width=\"500\" border=1>"
          text run at (0,15) width 224: "<COLGROUP span=2 width=\"1*\">"
          text run at (0,30) width 168: "<COLGROUP width=\"3*\">"
      RenderTable {TABLE} at (0,332) size 500x74 [border: (1px outset #808080)]
        RenderTableCol {COLGROUP} at (0,0) size 0x0
        RenderTableCol {COLGROUP} at (0,0) size 0x0
        RenderTableSection {TBODY} at (1,1) size 498x71
          RenderTableRow {TR} at (0,2) size 498x21
            RenderTableCell {TD} at (2,2) size 165x21 [border: (1px inset #808080)] [r=0 c=0 rs=1 cs=1]
              RenderText {#text} at (2,2) size 42x17
                text run at (2,2) width 42: "Cell A"
            RenderTableCell {TD} at (168,2) size 166x21 [border: (1px inset #808080)] [r=0 c=1 rs=1 cs=1]
              RenderText {#text} at (2,2) size 41x17
                text run at (2,2) width 41: "Cell B"
            RenderTableCell {TD} at (335,2) size 162x21 [border: (1px inset #808080)] [r=0 c=2 rs=1 cs=1]
              RenderText {#text} at (2,2) size 41x17
                text run at (2,2) width 41: "Cell C"
          RenderTableRow {TR} at (0,25) size 498x21
            RenderTableCell {TD} at (2,25) size 165x21 [border: (1px inset #808080)] [r=1 c=0 rs=1 cs=1]
              RenderText {#text} at (2,2) size 42x17
                text run at (2,2) width 42: "Cell D"
            RenderTableCell {TD} at (168,25) size 166x21 [border: (1px inset #808080)] [r=1 c=1 rs=1 cs=1]
              RenderText {#text} at (2,2) size 40x17
                text run at (2,2) width 40: "Cell E"
            RenderTableCell {TD} at (335,25) size 162x21 [border: (1px inset #808080)] [r=1 c=2 rs=1 cs=1]
              RenderText {#text} at (2,2) size 39x17
                text run at (2,2) width 39: "Cell F"
          RenderTableRow {TR} at (0,48) size 498x21
            RenderTableCell {TD} at (2,48) size 165x21 [border: (1px inset #808080)] [r=2 c=0 rs=1 cs=1]
              RenderText {#text} at (2,2) size 42x17
                text run at (2,2) width 42: "Cell G"
            RenderTableCell {TD} at (168,48) size 166x21 [border: (1px inset #808080)] [r=2 c=1 rs=1 cs=1]
              RenderText {#text} at (2,2) size 42x17
                text run at (2,2) width 42: "Cell H"
            RenderTableCell {TD} at (335,48) size 162x21 [border: (1px inset #808080)] [r=2 c=2 rs=1 cs=1]
              RenderText {#text} at (2,2) size 35x17
                text run at (2,2) width 35: "Cell I"
      RenderBlock {HR} at (0,413) size 784x3 [border: (1px inset #000000)]
