layer at (0,0) size 800x600
  RenderView at (0,0) size 800x600
layer at (0,0) size 800x600
  RenderBlock {HTML} at (0,0) size 800x600
    RenderBody {BODY} at (8,8) size 784x584
      RenderTable {TABLE} at (0,0) size 504x105 [border: (3px outset #808080)]
        RenderTableSection {TBODY} at (3,3) size 498x99
          RenderTableRow {TR} at (0,2) size 498x95
            RenderTableCell {TD} at (2,2) size 494x95 [border: (1px inset #808080)] [r=0 c=0 rs=1 cs=1]
              RenderTable {TABLE} at (2,2) size 500x91 [border: (2px outset #808080)]
                RenderTableSection {TBODY} at (2,2) size 496x87
                  RenderTableRow {TR} at (0,2) size 496x83
                    RenderTableCell {TD} at (2,2) size 422x83 [border: (1px inset #808080)] [r=0 c=0 rs=1 cs=1]
                      RenderTable {TABLE} at (11,11) size 400x61 [border: (1px outset #808080)]
                        RenderTableSection {TBODY} at (1,1) size 398x59
                          RenderTableRow {TR} at (0,2) size 398x55
                            RenderTableCell {TD} at (2,2) size 394x55 [border: (1px inset #808080)] [r=0 c=0 rs=1 cs=1]
                              RenderText {#text} at (2,2) size 388x51
                                text run at (2,2) width 388: "Have a tip or rumor to share? Just click on the icon and if you"
                                text run at (2,19) width 386: "get a BrowserWatch net.fame be sure and display the icon on"
                                text run at (2,36) width 220: "your own home page for all to see!"
                    RenderTableCell {TD} at (426,24) size 68x39 [border: (1px inset #808080)] [r=0 c=1 rs=1 cs=1]
                      RenderText {#text} at (11,11) size 21x17
                        text run at (11,11) width 21: "foo"
