layer at (0,0) size 785x4393
  RenderView at (0,0) size 785x600
layer at (0,0) size 785x4393
  RenderBlock {HTML} at (0,0) size 785x4393
    RenderBody {BODY} at (8,8) size 769x4377
      RenderBlock {DIV} at (0,0) size 769x4362
        RenderBlock (anonymous) at (0,0) size 769x17
          RenderText {#text} at (0,0) size 4x17
            text run at (0,0) width 4: " "
        RenderTable {TABLE} at (67,17) size 474x4300 [border: none]
          RenderTableSection {TBODY} at (0,0) size 472x4299
            RenderTableRow {TR} at (0,0) size 472x21
              RenderTableCell {TD} at (0,0) size 473x21 [border: (1px solid #000000)] [r=0 c=0 rs=1 cs=4]
                RenderBlock {P} at (8,1) size 457x0
                  RenderInline {B} at (0,0) size 0x0
                    RenderInline {SPAN} at (0,0) size 0x0
                      RenderInline {O:P} at (0,0) size 0x0
                RenderBlock {P} at (8,1) size 457x20
                  RenderInline {B} at (0,0) size 405x15
                    RenderInline {SPAN} at (0,0) size 405x15
                      RenderInline {FONT} at (0,0) size 405x20 [color=#008080]
                        RenderText {#text} at (26,0) size 405x20
                          text run at (26,0) width 190: "Radio Channel usage at "
                          text run at (215,0) width 216: "Bayside.    Rev date 6-25-01"
                RenderBlock {P} at (8,21) size 457x0
                  RenderInline {B} at (0,0) size 0x0
                    RenderInline {SPAN} at (0,0) size 0x0
                      RenderInline {O:P} at (0,0) size 0x0
            RenderTableRow {TR} at (0,21) size 472x33
              RenderTableCell {TD} at (0,21) size 99x33 [border: (1px solid #000000)] [r=1 c=0 rs=1 cs=1]
                RenderInline {B} at (0,0) size 55x33
                  RenderInline {SPAN} at (0,0) size 55x32
                    RenderText {#text} at (22,1) size 55x32
                      text run at (22,1) width 55: "Channel"
                      text run at (24,17) width 52: "number"
                RenderText {#text} at (0,0) size 0x0
              RenderTableCell {TD} at (98,21) size 170x17 [border: (1px solid #000000) (1px none #808080)] [r=1 c=1 rs=1 cs=1]
                RenderInline {B} at (0,0) size 97x17
                  RenderInline {SPAN} at (0,0) size 97x16
                    RenderText {#text} at (37,1) size 97x16
                      text run at (37,1) width 97: "Member name"
                RenderText {#text} at (0,0) size 0x0
              RenderTableCell {TD} at (268,21) size 99x33 [border: (1px solid #000000) (1px none #808080)] [r=1 c=2 rs=1 cs=1]
                RenderBlock {P} at (8,1) size 84x16
                  RenderInline {B} at (0,0) size 47x15
                    RenderInline {SPAN} at (0,0) size 47x16
                      RenderText {#text} at (18,0) size 47x16
                        text run at (18,0) width 47: "Proper"
                      RenderInline {SPAN} at (0,0) size 1x16
                        RenderInline {O:P} at (0,0) size 1x16
                RenderBlock {P} at (8,17) size 84x16
                  RenderInline {B} at (0,0) size 37x15
                    RenderInline {SPAN} at (0,0) size 37x16
                      RenderText {#text} at (23,0) size 37x16
                        text run at (23,0) width 37: "Plane"
              RenderTableCell {TD} at (366,21) size 107x33 [border: (1px solid #000000) (1px none #808080)] [r=1 c=3 rs=1 cs=1]
                RenderBlock {P} at (8,1) size 90x16
                  RenderInline {B} at (0,0) size 70x15
                    RenderInline {SPAN} at (0,0) size 70x16
                      RenderText {#text} at (10,0) size 70x16
                        text run at (10,0) width 70: "Helicopter"
                      RenderInline {SPAN} at (0,0) size 1x16
                        RenderInline {O:P} at (0,0) size 1x16
                RenderBlock {P} at (8,17) size 90x16
                  RenderInline {B} at (0,0) size 51x15
                    RenderInline {SPAN} at (0,0) size 51x16
                      RenderText {#text} at (19,0) size 51x16
                        text run at (19,0) width 51: "thingy.-"
            RenderTableRow {TR} at (0,54) size 472x31
              RenderTableCell {TD} at (0,54) size 99x16 [border: (1px none #808080) none] [r=2 c=0 rs=1 cs=1]
                RenderBlock {P} at (8,1) size 84x15
                  RenderText {#text} at (34,0) size 15x15
                    text run at (34,0) width 15: "00"
                  RenderInline {SPAN} at (0,0) size 1x15
                    RenderInline {O:P} at (0,0) size 1x15
              RenderTableCell {TD} at (98,54) size 170x31 [border: (1px none #808080) none (1px none #808080)] [r=2 c=1 rs=1 cs=1]
                RenderBlock {P} at (8,1) size 155x15
                  RenderText {#text} at (0,0) size 55x15
                    text run at (0,0) width 55: "Paul Scott"
                RenderBlock {P} at (8,16) size 155x15
                  RenderText {#text} at (0,0) size 93x15
                    text run at (0,0) width 93: "Donald Carvalho"
                  RenderInline {SPAN} at (0,0) size 0x15
                    RenderInline {O:P} at (0,0) size 0x15
              RenderTableCell {TD} at (268,54) size 99x16 [border: (1px none #808080) none (1px none #808080)] [r=2 c=2 rs=1 cs=1]
                RenderBlock {P} at (8,1) size 84x15
                  RenderText {#text} at (33,0) size 17x15
                    text run at (33,0) width 17: "No"
                  RenderInline {SPAN} at (0,0) size 1x15
                    RenderInline {O:P} at (0,0) size 1x15
              RenderTableCell {TD} at (366,54) size 107x16 [border: (1px none #808080) none (1px none #808080)] [r=2 c=3 rs=1 cs=1]
                RenderBlock {P} at (8,1) size 90x15
                  RenderText {#text} at (34,0) size 21x15
                    text run at (34,0) width 21: "Yes"
                  RenderInline {SPAN} at (0,0) size 1x15
                    RenderInline {O:P} at (0,0) size 1x15
            RenderTableRow {TR} at (0,85) size 472x16
              RenderTableCell {TD} at (0,85) size 99x16 [border: (1px none #808080) none] [r=3 c=0 rs=1 cs=1]
                RenderBlock {P} at (8,1) size 84x15
                  RenderText {#text} at (34,0) size 15x15
                    text run at (34,0) width 15: "01"
                  RenderInline {SPAN} at (0,0) size 1x15
                    RenderInline {O:P} at (0,0) size 1x15
              RenderTableCell {TD} at (98,85) size 170x16 [border: (1px none #808080) none (1px none #808080)] [r=3 c=1 rs=1 cs=1]
                RenderBlock {P} at (8,1) size 155x15
                  RenderText {#text} at (0,0) size 55x15
                    text run at (0,0) width 55: "Paul Scott"
                  RenderInline {SPAN} at (0,0) size 0x15
                    RenderInline {O:P} at (0,0) size 0x15
              RenderTableCell {TD} at (268,85) size 99x16 [border: (1px none #808080) none (1px none #808080)] [r=3 c=2 rs=1 cs=1]
                RenderBlock {P} at (8,1) size 84x15
                  RenderText {#text} at (33,0) size 17x15
                    text run at (33,0) width 17: "No"
                  RenderInline {SPAN} at (0,0) size 1x15
                    RenderInline {O:P} at (0,0) size 1x15
              RenderTableCell {TD} at (366,85) size 107x16 [border: (1px none #808080) none (1px none #808080)] [r=3 c=3 rs=1 cs=1]
                RenderBlock {P} at (8,1) size 90x15
                  RenderText {#text} at (34,0) size 21x15
                    text run at (34,0) width 21: "Yes"
                  RenderInline {SPAN} at (0,0) size 1x15
                    RenderInline {O:P} at (0,0) size 1x15
            RenderTableRow {TR} at (0,101) size 472x18
              RenderTableCell {TD} at (0,101) size 99x16 [border: (1px none #808080) none] [r=4 c=0 rs=1 cs=1]
                RenderBlock {P} at (8,1) size 84x15
                  RenderInline {FONT} at (0,0) size 15x15
                    RenderText {#text} at (34,0) size 15x15
                      text run at (34,0) width 15: "02"
                  RenderText {#text} at (0,0) size 0x0
              RenderTableCell {TD} at (98,101) size 170x16 [border: (1px none #808080) none (1px none #808080)] [r=4 c=1 rs=1 cs=1]
                RenderInline {FONT} at (0,0) size 57x15
                  RenderText {#text} at (8,1) size 57x15
                    text run at (8,1) width 57: "Don Coon"
                RenderText {#text} at (0,0) size 0x0
              RenderTableCell {TD} at (268,101) size 99x18 [border: (1px none #808080) none (1px none #808080)] [r=4 c=2 rs=1 cs=1]
                RenderText {#text} at (8,1) size 5x17
                  text run at (8,1) width 5: " "
              RenderTableCell {TD} at (366,101) size 107x18 [border: (1px none #808080) none (1px none #808080)] [r=4 c=3 rs=1 cs=1]
                RenderText {#text} at (8,1) size 5x17
                  text run at (8,1) width 5: " "
            RenderTableRow {TR} at (0,119) size 472x31
              RenderTableCell {TD} at (0,119) size 99x16 [border: (1px none #808080) none] [r=5 c=0 rs=1 cs=1]
                RenderInline {FONT} at (0,0) size 15x15
                  RenderText {#text} at (42,1) size 15x15
                    text run at (42,1) width 15: "05"
                RenderText {#text} at (0,0) size 0x0
              RenderTableCell {TD} at (98,119) size 170x31 [border: (1px none #808080) none (1px none #808080)] [r=5 c=1 rs=1 cs=1]
                RenderBlock {P} at (8,1) size 155x15
                  RenderInline {FONT} at (0,0) size 55x15
                    RenderText {#text} at (0,0) size 55x15
                      text run at (0,0) width 55: "Paul Scott"
                RenderBlock {P} at (8,16) size 155x15
                  RenderInline {FONT} at (0,0) size 51x15
                    RenderText {#text} at (0,0) size 51x15
                      text run at (0,0) width 51: "Bill Hunt"
                    RenderInline {SPAN} at (0,0) size 0x15
                      RenderInline {O:P} at (0,0) size 0x15
              RenderTableCell {TD} at (268,119) size 99x16 [border: (1px none #808080) none (1px none #808080)] [r=5 c=2 rs=1 cs=1]
                RenderBlock {P} at (8,1) size 84x15
                  RenderInline {FONT} at (0,0) size 17x15
                    RenderText {#text} at (33,0) size 17x15
                      text run at (33,0) width 17: "No"
                    RenderInline {SPAN} at (0,0) size 1x15
                      RenderInline {O:P} at (0,0) size 1x15
              RenderTableCell {TD} at (366,119) size 107x16 [border: (1px none #808080) none (1px none #808080)] [r=5 c=3 rs=1 cs=1]
                RenderBlock {P} at (8,1) size 90x15
                  RenderInline {FONT} at (0,0) size 21x15
                    RenderText {#text} at (34,0) size 21x15
                      text run at (34,0) width 21: "Yes"
                    RenderInline {SPAN} at (0,0) size 1x15
                      RenderInline {O:P} at (0,0) size 1x15
            RenderTableRow {TR} at (0,150) size 472x31
              RenderTableCell {TD} at (0,150) size 99x16 [border: (1px none #808080) none] [r=6 c=0 rs=1 cs=1]
                RenderInline {FONT} at (0,0) size 15x15
                  RenderText {#text} at (42,1) size 15x15
                    text run at (42,1) width 15: "06"
                RenderText {#text} at (0,0) size 0x0
              RenderTableCell {TD} at (98,150) size 170x31 [border: (1px none #808080) none (1px none #808080)] [r=6 c=1 rs=1 cs=1]
                RenderInline {FONT} at (0,0) size 131x30
                  RenderText {#text} at (8,1) size 131x30
                    text run at (8,1) width 131: "Gene Pheiffer                   "
                    text run at (8,16) width 83: "Alberto Lanzas"
                RenderText {#text} at (0,0) size 0x0
              RenderTableCell {TD} at (268,150) size 99x31 [border: (1px none #808080) none (1px none #808080)] [r=6 c=2 rs=1 cs=1]
                RenderBlock {P} at (8,1) size 84x15
                  RenderText {#text} at (31,0) size 21x15
                    text run at (31,0) width 21: "Yes"
                RenderBlock {P} at (8,16) size 84x15
                  RenderText {#text} at (31,0) size 21x15
                    text run at (31,0) width 21: "Yes"
              RenderTableCell {TD} at (366,150) size 107x31 [border: (1px none #808080) none (1px none #808080)] [r=6 c=3 rs=1 cs=1]
                RenderBlock (anonymous) at (8,1) size 90x15
                  RenderInline {SPAN} at (0,0) size 17x17
                    RenderInline {FONT} at (0,0) size 17x15
                      RenderText {#text} at (36,0) size 17x15
                        text run at (36,0) width 17: "No"
                  RenderText {#text} at (0,0) size 0x0
                RenderBlock {P} at (8,16) size 90x15
                  RenderText {#text} at (34,0) size 21x15
                    text run at (34,0) width 21: "Yes"
            RenderTableRow {TR} at (0,181) size 472x16
              RenderTableCell {TD} at (0,181) size 99x16 [border: (1px none #808080) none] [r=7 c=0 rs=1 cs=1]
                RenderBlock {P} at (8,1) size 84x15
                  RenderInline {FONT} at (0,0) size 15x15
                    RenderText {#text} at (34,0) size 15x15
                      text run at (34,0) width 15: "07"
                  RenderText {#text} at (0,0) size 0x0
              RenderTableCell {TD} at (98,181) size 170x16 [border: (1px none #808080) none (1px none #808080)] [r=7 c=1 rs=1 cs=1]
                RenderInline {FONT} at (0,0) size 52x15
                  RenderText {#text} at (8,1) size 52x15
                    text run at (8,1) width 52: "Phil Cole"
                RenderText {#text} at (0,0) size 0x0
              RenderTableCell {TD} at (268,181) size 99x16 [border: (1px none #808080) none (1px none #808080)] [r=7 c=2 rs=1 cs=1]
                RenderBlock {P} at (8,1) size 84x15
                  RenderInline {FONT} at (0,0) size 21x15
                    RenderText {#text} at (31,0) size 21x15
                      text run at (31,0) width 21: "Yes"
                  RenderText {#text} at (0,0) size 0x0
              RenderTableCell {TD} at (366,181) size 107x16 [border: (1px none #808080) none (1px none #808080)] [r=7 c=3 rs=1 cs=1]
                RenderBlock {P} at (8,1) size 90x15
                  RenderInline {FONT} at (0,0) size 21x15
                    RenderText {#text} at (34,0) size 21x15
                      text run at (34,0) width 21: "Yes"
                  RenderText {#text} at (0,0) size 0x0
            RenderTableRow {TR} at (0,197) size 472x31
              RenderTableCell {TD} at (0,197) size 99x16 [border: (1px none #808080) none] [r=8 c=0 rs=1 cs=1]
                RenderBlock {P} at (8,1) size 84x15
                  RenderText {#text} at (34,0) size 15x15
                    text run at (34,0) width 15: "08"
                  RenderInline {SPAN} at (0,0) size 1x15
                    RenderInline {O:P} at (0,0) size 1x15
              RenderTableCell {TD} at (98,197) size 170x31 [border: (1px none #808080) none (1px none #808080)] [r=8 c=1 rs=1 cs=1]
                RenderBlock {P} at (8,1) size 155x15
                  RenderText {#text} at (0,0) size 55x15
                    text run at (0,0) width 55: "Paul Scott"
                RenderBlock {P} at (8,16) size 155x15
                  RenderText {#text} at (0,0) size 73x15
                    text run at (0,0) width 73: "Gene Pheiffer"
                  RenderInline {SPAN} at (0,0) size 0x15
                    RenderInline {O:P} at (0,0) size 0x15
              RenderTableCell {TD} at (268,197) size 99x31 [border: (1px none #808080) none (1px none #808080)] [r=8 c=2 rs=1 cs=1]
                RenderBlock {P} at (8,1) size 84x15
                  RenderText {#text} at (33,0) size 17x15
                    text run at (33,0) width 17: "No"
                RenderBlock {P} at (8,16) size 84x15
                  RenderText {#text} at (31,0) size 21x15
                    text run at (31,0) width 21: "Yes"
                  RenderInline {SPAN} at (0,0) size 1x15
                    RenderInline {O:P} at (0,0) size 1x15
              RenderTableCell {TD} at (366,197) size 107x31 [border: (1px none #808080) none (1px none #808080)] [r=8 c=3 rs=1 cs=1]
                RenderBlock {P} at (8,1) size 90x15
                  RenderText {#text} at (34,0) size 21x15
                    text run at (34,0) width 21: "Yes"
                RenderBlock {P} at (8,16) size 90x15
                  RenderText {#text} at (36,0) size 17x15
                    text run at (36,0) width 17: "No"
                  RenderInline {SPAN} at (0,0) size 1x15
                    RenderInline {O:P} at (0,0) size 1x15
            RenderTableRow {TR} at (0,228) size 472x46
              RenderTableCell {TD} at (0,228) size 99x16 [border: (1px none #808080) none] [r=9 c=0 rs=1 cs=1]
                RenderBlock {P} at (8,1) size 84x15
                  RenderText {#text} at (2,0) size 79x15
                    text run at (2,0) width 79: "Programmable"
                  RenderInline {SPAN} at (0,0) size 1x15
                    RenderInline {O:P} at (0,0) size 1x15
              RenderTableCell {TD} at (98,228) size 170x46 [border: (1px none #808080) none (1px none #808080)] [r=9 c=1 rs=1 cs=1]
                RenderBlock {P} at (8,1) size 155x15
                  RenderText {#text} at (0,0) size 104x15
                    text run at (0,0) width 104: "Richard Pevehouse"
                  RenderInline {SPAN} at (0,0) size 0x15
                    RenderInline {O:P} at (0,0) size 0x15
                RenderBlock {P} at (8,16) size 155x15
                  RenderText {#text} at (0,0) size 61x15
                    text run at (0,0) width 61: "Gary Heath"
                RenderBlock {P} at (8,31) size 155x15
                  RenderText {#text} at (0,0) size 62x15
                    text run at (0,0) width 62: "Scott Hersh"
                  RenderInline {SPAN} at (0,0) size 0x15
                    RenderInline {O:P} at (0,0) size 0x15
              RenderTableCell {TD} at (268,228) size 99x31 [border: (1px none #808080) none (1px none #808080)] [r=9 c=2 rs=1 cs=1]
                RenderBlock {P} at (8,1) size 84x15
                  RenderText {#text} at (31,0) size 21x15
                    text run at (31,0) width 21: "Yes"
                  RenderInline {SPAN} at (0,0) size 1x15
                    RenderInline {O:P} at (0,0) size 1x15
                RenderBlock {P} at (8,16) size 84x15
                  RenderText {#text} at (33,0) size 17x15
                    text run at (33,0) width 17: "No"
                  RenderInline {SPAN} at (0,0) size 1x15
                    RenderInline {O:P} at (0,0) size 1x15
              RenderTableCell {TD} at (366,228) size 107x31 [border: (1px none #808080) none (1px none #808080)] [r=9 c=3 rs=1 cs=1]
                RenderBlock {P} at (8,1) size 90x15
                  RenderText {#text} at (36,0) size 17x15
                    text run at (36,0) width 17: "No"
                  RenderInline {SPAN} at (0,0) size 1x15
                    RenderInline {O:P} at (0,0) size 1x15
                RenderBlock {P} at (8,16) size 90x15
                  RenderText {#text} at (34,0) size 21x15
                    text run at (34,0) width 21: "Yes"
                  RenderInline {SPAN} at (0,0) size 1x15
                    RenderInline {O:P} at (0,0) size 1x15
            RenderTableRow {TR} at (0,274) size 472x106
              RenderTableCell {TD} at (0,274) size 99x16 [border: (1px none #808080) none] [r=10 c=0 rs=1 cs=1]
                RenderBlock {P} at (8,1) size 84x15
                  RenderText {#text} at (34,0) size 15x15
                    text run at (34,0) width 15: "11"
                  RenderInline {SPAN} at (0,0) size 1x15
                    RenderInline {O:P} at (0,0) size 1x15
              RenderTableCell {TD} at (98,274) size 170x106 [border: (1px none #808080) none (1px none #808080)] [r=10 c=1 rs=1 cs=1]
                RenderBlock {P} at (8,1) size 155x15
                  RenderText {#text} at (0,0) size 80x15
                    text run at (0,0) width 80: "George Cowan"
                  RenderInline {SPAN} at (0,0) size 0x15
                    RenderInline {O:P} at (0,0) size 0x15
                RenderBlock {P} at (8,16) size 155x15
                  RenderText {#text} at (0,0) size 75x15
                    text run at (0,0) width 75: "Rick Klement"
                  RenderInline {SPAN} at (0,0) size 0x15
                    RenderInline {O:P} at (0,0) size 0x15
                RenderBlock {P} at (8,31) size 155x15
                  RenderText {#text} at (0,0) size 78x15
                    text run at (0,0) width 78: "John Mathews"
                RenderBlock {P} at (8,46) size 155x15
                  RenderText {#text} at (0,0) size 55x15
                    text run at (0,0) width 55: "Ed Cypret"
                RenderBlock {P} at (8,61) size 155x15
                  RenderText {#text} at (0,0) size 83x15
                    text run at (0,0) width 83: "John Chamorro"
                RenderBlock {P} at (8,76) size 155x15
                  RenderText {#text} at (0,0) size 84x15
                    text run at (0,0) width 84: "John Yearwood"
                RenderBlock {P} at (8,91) size 155x15
                  RenderText {#text} at (0,0) size 85x15
                    text run at (0,0) width 85: "Jason Anderson"
                  RenderInline {SPAN} at (0,0) size 0x15
                    RenderInline {O:P} at (0,0) size 0x15
              RenderTableCell {TD} at (268,274) size 99x106 [border: (1px none #808080) none (1px none #808080)] [r=10 c=2 rs=1 cs=1]
                RenderBlock {P} at (8,1) size 84x15
                  RenderText {#text} at (31,0) size 21x15
                    text run at (31,0) width 21: "Yes"
                  RenderInline {SPAN} at (0,0) size 1x15
                    RenderInline {O:P} at (0,0) size 1x15
                RenderBlock {P} at (8,16) size 84x15
                  RenderText {#text} at (31,0) size 21x15
                    text run at (31,0) width 21: "Yes"
                  RenderInline {SPAN} at (0,0) size 1x15
                    RenderInline {O:P} at (0,0) size 1x15
                RenderBlock {P} at (8,31) size 84x15
                  RenderText {#text} at (31,0) size 21x15
                    text run at (31,0) width 21: "Yes"
                RenderBlock {P} at (8,46) size 84x15
                  RenderText {#text} at (40,0) size 4x15
                    text run at (40,0) width 4: " "
                RenderBlock {P} at (8,61) size 84x15
                  RenderText {#text} at (40,0) size 4x15
                    text run at (40,0) width 4: " "
                RenderBlock {P} at (8,76) size 84x15
                  RenderText {#text} at (31,0) size 21x15
                    text run at (31,0) width 21: "Yes"
                RenderBlock {P} at (8,91) size 84x15
                  RenderText {#text} at (31,0) size 21x15
                    text run at (31,0) width 21: "Yes"
                  RenderInline {SPAN} at (0,0) size 1x15
                    RenderInline {O:P} at (0,0) size 1x15
              RenderTableCell {TD} at (366,274) size 107x106 [border: (1px none #808080) none (1px none #808080)] [r=10 c=3 rs=1 cs=1]
                RenderBlock {P} at (8,1) size 90x15
                  RenderText {#text} at (36,0) size 17x15
                    text run at (36,0) width 17: "No"
                  RenderInline {SPAN} at (0,0) size 1x15
                    RenderInline {O:P} at (0,0) size 1x15
                RenderBlock {P} at (8,16) size 90x15
                  RenderText {#text} at (34,0) size 21x15
                    text run at (34,0) width 21: "Yes"
                  RenderInline {SPAN} at (0,0) size 1x15
                    RenderInline {O:P} at (0,0) size 1x15
                RenderBlock {P} at (8,31) size 90x15
                  RenderText {#text} at (36,0) size 17x15
                    text run at (36,0) width 17: "No"
                RenderBlock {P} at (8,46) size 90x15
                  RenderText {#text} at (43,0) size 4x15
                    text run at (43,0) width 4: " "
                RenderBlock {P} at (8,61) size 90x15
                  RenderText {#text} at (43,0) size 4x15
                    text run at (43,0) width 4: " "
                RenderBlock {P} at (8,76) size 90x15
                  RenderText {#text} at (36,0) size 17x15
                    text run at (36,0) width 17: "No"
                RenderBlock {P} at (8,91) size 90x15
                  RenderText {#text} at (36,0) size 17x15
                    text run at (36,0) width 17: "No"
                  RenderInline {SPAN} at (0,0) size 1x15
                    RenderInline {O:P} at (0,0) size 1x15
            RenderTableRow {TR} at (0,380) size 472x76
              RenderTableCell {TD} at (0,380) size 99x16 [border: (1px none #808080) none] [r=11 c=0 rs=1 cs=1]
                RenderBlock {P} at (8,1) size 84x15
                  RenderText {#text} at (34,0) size 15x15
                    text run at (34,0) width 15: "12"
                  RenderInline {SPAN} at (0,0) size 1x15
                    RenderInline {O:P} at (0,0) size 1x15
              RenderTableCell {TD} at (98,380) size 170x76 [border: (1px none #808080) none (1px none #808080)] [r=11 c=1 rs=1 cs=1]
                RenderBlock {P} at (8,1) size 155x15
                  RenderText {#text} at (0,0) size 75x15
                    text run at (0,0) width 75: "Rick Klement"
                RenderBlock {P} at (8,16) size 155x15
                  RenderText {#text} at (0,0) size 84x15
                    text run at (0,0) width 84: "George Coward"
                RenderBlock {P} at (8,31) size 155x15
                  RenderText {#text} at (0,0) size 86x15
                    text run at (0,0) width 86: "Gerald Cardinal"
                RenderBlock {P} at (8,46) size 155x15
                  RenderText {#text} at (0,0) size 72x15
                    text run at (0,0) width 72: "Brock Brown"
                RenderBlock {P} at (8,61) size 155x15
                  RenderText {#text} at (0,0) size 98x15
                    text run at (0,0) width 98: "Ellsworth Crowell"
              RenderTableCell {TD} at (268,380) size 99x76 [border: (1px none #808080) none (1px none #808080)] [r=11 c=2 rs=1 cs=1]
                RenderBlock {P} at (8,1) size 84x15
                  RenderText {#text} at (31,0) size 21x15
                    text run at (31,0) width 21: "Yes"
                RenderBlock {P} at (8,16) size 84x15
                  RenderText {#text} at (31,0) size 21x15
                    text run at (31,0) width 21: "Yes"
                RenderBlock {P} at (8,31) size 84x15
                  RenderText {#text} at (40,0) size 4x15
                    text run at (40,0) width 4: " "
                RenderBlock {P} at (8,46) size 84x15
                  RenderText {#text} at (31,0) size 21x15
                    text run at (31,0) width 21: "Yes"
                RenderBlock {P} at (8,61) size 84x15
                  RenderText {#text} at (31,0) size 21x15
                    text run at (31,0) width 21: "Yes"
                  RenderInline {SPAN} at (0,0) size 1x15
                    RenderInline {O:P} at (0,0) size 1x15
              RenderTableCell {TD} at (366,380) size 107x76 [border: (1px none #808080) none (1px none #808080)] [r=11 c=3 rs=1 cs=1]
                RenderBlock {P} at (8,1) size 90x15
                  RenderText {#text} at (34,0) size 21x15
                    text run at (34,0) width 21: "Yes"
                RenderBlock {P} at (8,16) size 90x15
                  RenderText {#text} at (36,0) size 17x15
                    text run at (36,0) width 17: "No"
                RenderBlock {P} at (8,31) size 90x15
                  RenderText {#text} at (43,0) size 4x15
                    text run at (43,0) width 4: " "
                RenderBlock {P} at (8,46) size 90x15
                  RenderText {#text} at (36,0) size 17x15
                    text run at (36,0) width 17: "No"
                RenderBlock {P} at (8,61) size 90x15
                  RenderText {#text} at (36,0) size 17x15
                    text run at (36,0) width 17: "No"
                  RenderInline {SPAN} at (0,0) size 1x15
                    RenderInline {O:P} at (0,0) size 1x15
            RenderTableRow {TR} at (0,456) size 472x61
              RenderTableCell {TD} at (0,456) size 99x16 [border: (1px none #808080) none] [r=12 c=0 rs=1 cs=1]
                RenderBlock {P} at (8,1) size 84x15
                  RenderText {#text} at (34,0) size 15x15
                    text run at (34,0) width 15: "13"
                  RenderInline {SPAN} at (0,0) size 1x15
                    RenderInline {O:P} at (0,0) size 1x15
              RenderTableCell {TD} at (98,456) size 170x61 [border: (1px none #808080) none (1px none #808080)] [r=12 c=1 rs=1 cs=1]
                RenderBlock {P} at (8,1) size 155x15
                  RenderText {#text} at (0,0) size 65x15
                    text run at (0,0) width 65: " Oliver Baer"
                RenderBlock {P} at (8,16) size 155x15
                  RenderText {#text} at (0,0) size 58x15
                    text run at (0,0) width 58: "Joe Araujo"
                RenderBlock {P} at (8,31) size 155x15
                  RenderText {#text} at (0,0) size 74x15
                    text run at (0,0) width 74: "Jim Mirowski"
                RenderBlock {P} at (8,46) size 155x15
                  RenderText {#text} at (0,0) size 62x15
                    text run at (0,0) width 62: "Scott Hersh"
                  RenderInline {SPAN} at (0,0) size 0x15
                    RenderInline {O:P} at (0,0) size 0x15
              RenderTableCell {TD} at (268,456) size 99x61 [border: (1px none #808080) none (1px none #808080)] [r=12 c=2 rs=1 cs=1]
                RenderBlock {P} at (8,1) size 84x15
                  RenderText {#text} at (30,0) size 24x15
                    text run at (30,0) width 24: " Yes"
                RenderBlock {P} at (8,16) size 84x15
                  RenderText {#text} at (40,0) size 4x15
                    text run at (40,0) width 4: " "
                RenderBlock {P} at (8,31) size 84x15
                  RenderText {#text} at (40,0) size 4x15
                    text run at (40,0) width 4: " "
                RenderBlock {P} at (8,46) size 84x15
                  RenderText {#text} at (31,0) size 21x15
                    text run at (31,0) width 21: "Yes"
                  RenderInline {SPAN} at (0,0) size 1x15
                    RenderInline {O:P} at (0,0) size 1x15
              RenderTableCell {TD} at (366,456) size 107x61 [border: (1px none #808080) none (1px none #808080)] [r=12 c=3 rs=1 cs=1]
                RenderBlock {P} at (8,1) size 90x15
                  RenderText {#text} at (35,0) size 20x15
                    text run at (35,0) width 20: " No"
                RenderBlock {P} at (8,16) size 90x15
                  RenderText {#text} at (43,0) size 4x15
                    text run at (43,0) width 4: " "
                RenderBlock {P} at (8,31) size 90x15
                  RenderText {#text} at (43,0) size 4x15
                    text run at (43,0) width 4: " "
                RenderBlock {P} at (8,46) size 90x15
                  RenderText {#text} at (36,0) size 17x15
                    text run at (36,0) width 17: "No"
                  RenderInline {SPAN} at (0,0) size 1x15
                    RenderInline {O:P} at (0,0) size 1x15
            RenderTableRow {TR} at (0,517) size 472x46
              RenderTableCell {TD} at (0,517) size 99x16 [border: (1px none #808080) none] [r=13 c=0 rs=1 cs=1]
                RenderBlock {P} at (8,1) size 84x15
                  RenderText {#text} at (34,0) size 15x15
                    text run at (34,0) width 15: "14"
                  RenderInline {SPAN} at (0,0) size 1x15
                    RenderInline {O:P} at (0,0) size 1x15
              RenderTableCell {TD} at (98,517) size 170x46 [border: (1px none #808080) none (1px none #808080)] [r=13 c=1 rs=1 cs=1]
                RenderBlock {P} at (8,1) size 155x15
                  RenderText {#text} at (0,0) size 61x15
                    text run at (0,0) width 61: " Joe Araujo"
                RenderBlock {P} at (8,16) size 155x15
                  RenderText {#text} at (0,0) size 71x15
                    text run at (0,0) width 71: "Steve Gilbert"
                RenderBlock {P} at (8,31) size 155x15
                  RenderText {#text} at (0,0) size 78x15
                    text run at (0,0) width 78: "Gary Williams"
                  RenderInline {SPAN} at (0,0) size 0x15
                    RenderInline {O:P} at (0,0) size 0x15
              RenderTableCell {TD} at (268,517) size 99x31 [border: (1px none #808080) none (1px none #808080)] [r=13 c=2 rs=1 cs=1]
                RenderBlock {P} at (8,1) size 84x15
                  RenderText {#text} at (40,0) size 4x15
                    text run at (40,0) width 4: " "
                RenderBlock {P} at (8,16) size 84x15
                  RenderText {#text} at (31,0) size 21x15
                    text run at (31,0) width 21: "Yes"
                  RenderInline {SPAN} at (0,0) size 1x15
                    RenderInline {O:P} at (0,0) size 1x15
              RenderTableCell {TD} at (366,517) size 107x31 [border: (1px none #808080) none (1px none #808080)] [r=13 c=3 rs=1 cs=1]
                RenderBlock {P} at (8,1) size 90x15
                  RenderText {#text} at (43,0) size 4x15
                    text run at (43,0) width 4: " "
                RenderBlock {P} at (8,16) size 90x15
                  RenderText {#text} at (36,0) size 17x15
                    text run at (36,0) width 17: "No"
                  RenderInline {SPAN} at (0,0) size 1x15
                    RenderInline {O:P} at (0,0) size 1x15
            RenderTableRow {TR} at (0,563) size 472x76
              RenderTableCell {TD} at (0,563) size 99x16 [border: (1px none #808080) none] [r=14 c=0 rs=1 cs=1]
                RenderBlock {P} at (8,1) size 84x15
                  RenderText {#text} at (34,0) size 15x15
                    text run at (34,0) width 15: "15"
                  RenderInline {SPAN} at (0,0) size 1x15
                    RenderInline {O:P} at (0,0) size 1x15
              RenderTableCell {TD} at (98,563) size 170x76 [border: (1px none #808080) none (1px none #808080)] [r=14 c=1 rs=1 cs=1]
                RenderBlock {P} at (8,1) size 155x15
                  RenderText {#text} at (0,0) size 65x15
                    text run at (0,0) width 65: " Oliver Baer"
                RenderBlock {P} at (8,16) size 155x15
                  RenderText {#text} at (0,0) size 53x15
                    text run at (0,0) width 53: "Joe Smith"
                RenderBlock {P} at (8,31) size 155x15
                  RenderText {#text} at (0,0) size 55x15
                    text run at (0,0) width 55: "John Paye"
                RenderBlock {P} at (8,46) size 155x15
                  RenderText {#text} at (0,0) size 84x15
                    text run at (0,0) width 84: "John Yearwood"
                RenderBlock {P} at (8,61) size 155x15
                  RenderText {#text} at (0,0) size 70x15
                    text run at (0,0) width 70: "Harald Close"
                  RenderInline {SPAN} at (0,0) size 0x15
                    RenderInline {O:P} at (0,0) size 0x15
              RenderTableCell {TD} at (268,563) size 99x76 [border: (1px none #808080) none (1px none #808080)] [r=14 c=2 rs=1 cs=1]
                RenderBlock {P} at (8,1) size 84x15
                  RenderText {#text} at (30,0) size 24x15
                    text run at (30,0) width 24: " Yes"
                RenderBlock {P} at (8,16) size 84x15
                  RenderText {#text} at (40,0) size 4x15
                    text run at (40,0) width 4: " "
                RenderBlock {P} at (8,31) size 84x15
                  RenderText {#text} at (40,0) size 4x15
                    text run at (40,0) width 4: " "
                RenderBlock {P} at (8,46) size 84x15
                  RenderText {#text} at (31,0) size 21x15
                    text run at (31,0) width 21: "Yes"
                RenderBlock {P} at (8,61) size 84x15
                  RenderText {#text} at (31,0) size 21x15
                    text run at (31,0) width 21: "Yes"
                  RenderInline {SPAN} at (0,0) size 1x15
                    RenderInline {O:P} at (0,0) size 1x15
              RenderTableCell {TD} at (366,563) size 107x76 [border: (1px none #808080) none (1px none #808080)] [r=14 c=3 rs=1 cs=1]
                RenderBlock {P} at (8,1) size 90x15
                  RenderText {#text} at (35,0) size 20x15
                    text run at (35,0) width 20: " No"
                RenderBlock {P} at (8,16) size 90x15
                  RenderText {#text} at (43,0) size 4x15
                    text run at (43,0) width 4: " "
                RenderBlock {P} at (8,31) size 90x15
                  RenderText {#text} at (43,0) size 4x15
                    text run at (43,0) width 4: " "
                RenderBlock {P} at (8,46) size 90x15
                  RenderText {#text} at (36,0) size 17x15
                    text run at (36,0) width 17: "No"
                RenderBlock {P} at (8,61) size 90x15
                  RenderText {#text} at (36,0) size 17x15
                    text run at (36,0) width 17: "No"
                  RenderInline {SPAN} at (0,0) size 1x15
                    RenderInline {O:P} at (0,0) size 1x15
            RenderTableRow {TR} at (0,639) size 472x31
              RenderTableCell {TD} at (0,639) size 99x16 [border: (1px none #808080) none] [r=15 c=0 rs=1 cs=1]
                RenderBlock {P} at (8,1) size 84x15
                  RenderText {#text} at (34,0) size 15x15
                    text run at (34,0) width 15: "16"
                  RenderInline {SPAN} at (0,0) size 1x15
                    RenderInline {O:P} at (0,0) size 1x15
              RenderTableCell {TD} at (98,639) size 170x31 [border: (1px none #808080) none (1px none #808080)] [r=15 c=1 rs=1 cs=1]
                RenderBlock {P} at (8,1) size 155x15
                  RenderText {#text} at (0,0) size 82x15
                    text run at (0,0) width 82: " James Haladus"
                RenderBlock {P} at (8,16) size 155x15
                  RenderText {#text} at (0,0) size 53x15
                    text run at (0,0) width 53: "Joe Smith"
                  RenderInline {SPAN} at (0,0) size 0x15
                    RenderInline {O:P} at (0,0) size 0x15
              RenderTableCell {TD} at (268,639) size 99x16 [border: (1px none #808080) none (1px none #808080)] [r=15 c=2 rs=1 cs=1]
                RenderBlock {P} at (8,1) size 84x15
                  RenderText {#text} at (30,0) size 24x15
                    text run at (30,0) width 24: " Yes"
                  RenderInline {SPAN} at (0,0) size 1x15
                    RenderInline {O:P} at (0,0) size 1x15
              RenderTableCell {TD} at (366,639) size 107x16 [border: (1px none #808080) none (1px none #808080)] [r=15 c=3 rs=1 cs=1]
                RenderBlock {P} at (8,1) size 90x15
                  RenderText {#text} at (35,0) size 20x15
                    text run at (35,0) width 20: " No"
                  RenderInline {SPAN} at (0,0) size 1x15
                    RenderInline {O:P} at (0,0) size 1x15
            RenderTableRow {TR} at (0,670) size 472x76
              RenderTableCell {TD} at (0,670) size 99x16 [border: (1px none #808080) none] [r=16 c=0 rs=1 cs=1]
                RenderBlock {P} at (8,1) size 84x15
                  RenderText {#text} at (34,0) size 15x15
                    text run at (34,0) width 15: "17"
                  RenderInline {SPAN} at (0,0) size 1x15
                    RenderInline {O:P} at (0,0) size 1x15
              RenderTableCell {TD} at (98,670) size 170x76 [border: (1px none #808080) none (1px none #808080)] [r=16 c=1 rs=1 cs=1]
                RenderBlock {P} at (8,1) size 155x15
                  RenderText {#text} at (0,0) size 61x15
                    text run at (0,0) width 61: "Doug Field"
                  RenderInline {SPAN} at (0,0) size 0x15
                    RenderInline {O:P} at (0,0) size 0x15
                RenderBlock {P} at (8,16) size 155x15
                  RenderText {#text} at (0,0) size 64x15
                    text run at (0,0) width 64: "Dave Neves"
                RenderBlock {P} at (8,31) size 155x15
                  RenderText {#text} at (0,0) size 62x15
                    text run at (0,0) width 62: "Oliver Baer"
                RenderBlock {P} at (8,46) size 155x15
                  RenderText {#text} at (0,0) size 58x15
                    text run at (0,0) width 58: "John Todd"
                RenderBlock {P} at (8,61) size 155x15
                  RenderText {#text} at (0,0) size 99x15
                    text run at (0,0) width 99: "Dave Christiansen"
                  RenderInline {SPAN} at (0,0) size 0x15
                    RenderInline {O:P} at (0,0) size 0x15
              RenderTableCell {TD} at (268,670) size 99x76 [border: (1px none #808080) none (1px none #808080)] [r=16 c=2 rs=1 cs=1]
                RenderBlock {P} at (8,1) size 84x15
                  RenderText {#text} at (31,0) size 21x15
                    text run at (31,0) width 21: "Yes"
                  RenderInline {SPAN} at (0,0) size 1x15
                    RenderInline {O:P} at (0,0) size 1x15
                RenderBlock {P} at (8,16) size 84x15
                  RenderText {#text} at (31,0) size 21x15
                    text run at (31,0) width 21: "Yes"
                RenderBlock {P} at (8,31) size 84x15
                  RenderText {#text} at (31,0) size 21x15
                    text run at (31,0) width 21: "Yes"
                RenderBlock {P} at (8,46) size 84x15
                  RenderText {#text} at (40,0) size 4x15
                    text run at (40,0) width 4: " "
                RenderBlock {P} at (8,61) size 84x15
                  RenderText {#text} at (31,0) size 21x15
                    text run at (31,0) width 21: "Yes"
                  RenderInline {SPAN} at (0,0) size 1x15
                    RenderInline {O:P} at (0,0) size 1x15
              RenderTableCell {TD} at (366,670) size 107x76 [border: (1px none #808080) none (1px none #808080)] [r=16 c=3 rs=1 cs=1]
                RenderBlock {P} at (8,1) size 90x15
                  RenderText {#text} at (36,0) size 17x15
                    text run at (36,0) width 17: "No"
                  RenderInline {SPAN} at (0,0) size 1x15
                    RenderInline {O:P} at (0,0) size 1x15
                RenderBlock {P} at (8,16) size 90x15
                  RenderText {#text} at (34,0) size 21x15
                    text run at (34,0) width 21: "Yes"
                RenderBlock {P} at (8,31) size 90x15
                  RenderText {#text} at (36,0) size 17x15
                    text run at (36,0) width 17: "No"
                RenderBlock {P} at (8,46) size 90x15
                  RenderText {#text} at (43,0) size 4x15
                    text run at (43,0) width 4: " "
                RenderBlock {P} at (8,61) size 90x15
                  RenderText {#text} at (36,0) size 17x15
                    text run at (36,0) width 17: "No"
                  RenderInline {SPAN} at (0,0) size 1x15
                    RenderInline {O:P} at (0,0) size 1x15
            RenderTableRow {TR} at (0,746) size 472x106
              RenderTableCell {TD} at (0,746) size 99x16 [border: (1px none #808080) none] [r=17 c=0 rs=1 cs=1]
                RenderBlock {P} at (8,1) size 84x15
                  RenderText {#text} at (34,0) size 15x15
                    text run at (34,0) width 15: "18"
                  RenderInline {SPAN} at (0,0) size 1x15
                    RenderInline {O:P} at (0,0) size 1x15
              RenderTableCell {TD} at (98,746) size 170x106 [border: (1px none #808080) none (1px none #808080)] [r=17 c=1 rs=1 cs=1]
                RenderBlock {P} at (8,1) size 155x15
                  RenderText {#text} at (0,0) size 80x15
                    text run at (0,0) width 80: "Robert Barnett"
                RenderBlock {P} at (8,16) size 155x15
                  RenderText {#text} at (0,0) size 74x15
                    text run at (0,0) width 74: "Jim Mahoney"
                RenderBlock {P} at (8,31) size 155x15
                  RenderText {#text} at (0,0) size 79x15
                    text run at (0,0) width 79: "Dave Marshall"
                RenderBlock {P} at (8,46) size 155x15
                  RenderText {#text} at (0,0) size 86x15
                    text run at (0,0) width 86: "Gerald Cardinal"
                RenderBlock {P} at (8,61) size 155x15
                  RenderText {#text} at (0,0) size 103x15
                    text run at (0,0) width 103: "Dan & Will Sievert"
                RenderBlock {P} at (8,76) size 155x15
                  RenderText {#text} at (0,0) size 98x15
                    text run at (0,0) width 98: "Ellsworth Crowell"
                RenderBlock {P} at (8,91) size 155x15
                  RenderText {#text} at (0,0) size 60x15
                    text run at (0,0) width 60: "Jim Colvin"
                  RenderInline {SPAN} at (0,0) size 0x15
                    RenderInline {O:P} at (0,0) size 0x15
              RenderTableCell {TD} at (268,746) size 99x91 [border: (1px none #808080) none (1px none #808080)] [r=17 c=2 rs=1 cs=1]
                RenderBlock {P} at (8,1) size 84x15
                  RenderText {#text} at (31,0) size 21x15
                    text run at (31,0) width 21: "Yes"
                RenderBlock {P} at (8,16) size 84x15
                  RenderText {#text} at (31,0) size 21x15
                    text run at (31,0) width 21: "Yes"
                RenderBlock {P} at (8,31) size 84x15
                  RenderText {#text} at (31,0) size 21x15
                    text run at (31,0) width 21: "Yes"
                RenderBlock {P} at (8,46) size 84x15
                  RenderText {#text} at (40,0) size 4x15
                    text run at (40,0) width 4: " "
                RenderBlock {P} at (8,61) size 84x15
                  RenderText {#text} at (31,0) size 21x15
                    text run at (31,0) width 21: "Yes"
                RenderBlock {P} at (8,76) size 84x15
                  RenderText {#text} at (31,0) size 21x15
                    text run at (31,0) width 21: "Yes"
                  RenderInline {SPAN} at (0,0) size 1x15
                    RenderInline {O:P} at (0,0) size 1x15
              RenderTableCell {TD} at (366,746) size 107x91 [border: (1px none #808080) none (1px none #808080)] [r=17 c=3 rs=1 cs=1]
                RenderBlock {P} at (8,1) size 90x15
                  RenderText {#text} at (36,0) size 17x15
                    text run at (36,0) width 17: "No"
                RenderBlock {P} at (8,16) size 90x15
                  RenderText {#text} at (34,0) size 21x15
                    text run at (34,0) width 21: "Yes"
                RenderBlock {P} at (8,31) size 90x15
                  RenderText {#text} at (36,0) size 17x15
                    text run at (36,0) width 17: "No"
                RenderBlock {P} at (8,46) size 90x15
                  RenderText {#text} at (43,0) size 4x15
                    text run at (43,0) width 4: " "
                RenderBlock {P} at (8,61) size 90x15
                  RenderText {#text} at (36,0) size 17x15
                    text run at (36,0) width 17: "No"
                RenderBlock {P} at (8,76) size 90x15
                  RenderText {#text} at (36,0) size 17x15
                    text run at (36,0) width 17: "No"
                  RenderInline {SPAN} at (0,0) size 1x15
                    RenderInline {O:P} at (0,0) size 1x15
            RenderTableRow {TR} at (0,852) size 472x61
              RenderTableCell {TD} at (0,852) size 99x16 [border: (1px none #808080) none] [r=18 c=0 rs=1 cs=1]
                RenderBlock {P} at (8,1) size 84x15
                  RenderText {#text} at (34,0) size 15x15
                    text run at (34,0) width 15: "19"
                  RenderInline {SPAN} at (0,0) size 1x15
                    RenderInline {O:P} at (0,0) size 1x15
              RenderTableCell {TD} at (98,852) size 170x61 [border: (1px none #808080) none (1px none #808080)] [r=18 c=1 rs=1 cs=1]
                RenderBlock {P} at (8,1) size 155x15
                  RenderInline {SPAN} at (0,0) size 66x15
                    RenderText {#text} at (0,0) size 66x15
                      text run at (0,0) width 40: "Noriya "
                      text run at (40,0) width 26: "Kato"
                RenderBlock {P} at (8,16) size 155x15
                  RenderText {#text} at (0,0) size 58x15
                    text run at (0,0) width 58: "John Todd"
                RenderBlock {P} at (8,31) size 155x15
                  RenderText {#text} at (0,0) size 71x15
                    text run at (0,0) width 71: "James Brown"
                RenderBlock {P} at (8,46) size 155x15
                  RenderText {#text} at (0,0) size 84x15
                    text run at (0,0) width 84: "Mike Anderson"
                  RenderInline {SPAN} at (0,0) size 0x15
                    RenderInline {O:P} at (0,0) size 0x15
              RenderTableCell {TD} at (268,852) size 99x61 [border: (1px none #808080) none (1px none #808080)] [r=18 c=2 rs=1 cs=1]
                RenderBlock {P} at (8,1) size 84x15
                  RenderInline {SPAN} at (0,0) size 21x15
                    RenderText {#text} at (31,0) size 21x15
                      text run at (31,0) width 21: "Yes"
                RenderBlock {P} at (8,16) size 84x15
                  RenderText {#text} at (40,0) size 4x15
                    text run at (40,0) width 4: " "
                RenderBlock {P} at (8,31) size 84x15
                  RenderInline {SPAN} at (0,0) size 21x15
                    RenderText {#text} at (31,0) size 21x15
                      text run at (31,0) width 21: "Yes"
                RenderBlock {P} at (8,46) size 84x15
                  RenderInline {SPAN} at (0,0) size 21x15
                    RenderText {#text} at (31,0) size 21x15
                      text run at (31,0) width 21: "Yes"
                  RenderInline {SPAN} at (0,0) size 1x15
                    RenderInline {O:P} at (0,0) size 1x15
              RenderTableCell {TD} at (366,852) size 107x61 [border: (1px none #808080) none (1px none #808080)] [r=18 c=3 rs=1 cs=1]
                RenderBlock {P} at (8,1) size 90x15
                  RenderInline {SPAN} at (0,0) size 17x15
                    RenderText {#text} at (36,0) size 17x15
                      text run at (36,0) width 17: "No"
                RenderBlock {P} at (8,16) size 90x15
                  RenderText {#text} at (43,0) size 4x15
                    text run at (43,0) width 4: " "
                RenderBlock {P} at (8,31) size 90x15
                  RenderInline {SPAN} at (0,0) size 17x15
                    RenderText {#text} at (36,0) size 17x15
                      text run at (36,0) width 17: "No"
                RenderBlock {P} at (8,46) size 90x15
                  RenderInline {SPAN} at (0,0) size 17x15
                    RenderText {#text} at (36,0) size 17x15
                      text run at (36,0) width 17: "No"
                  RenderInline {SPAN} at (0,0) size 1x15
                    RenderInline {O:P} at (0,0) size 1x15
            RenderTableRow {TR} at (0,913) size 472x46
              RenderTableCell {TD} at (0,913) size 99x16 [border: (1px none #808080) none] [r=19 c=0 rs=1 cs=1]
                RenderBlock {P} at (8,1) size 84x15
                  RenderText {#text} at (34,0) size 15x15
                    text run at (34,0) width 15: "20"
                  RenderInline {SPAN} at (0,0) size 1x15
                    RenderInline {O:P} at (0,0) size 1x15
              RenderTableCell {TD} at (98,913) size 170x46 [border: (1px none #808080) none (1px none #808080)] [r=19 c=1 rs=1 cs=1]
                RenderBlock {P} at (8,1) size 155x15
                  RenderText {#text} at (0,0) size 69x15
                    text run at (0,0) width 69: "Bill Johnson"
                RenderBlock {P} at (8,16) size 155x15
                  RenderText {#text} at (0,0) size 89x15
                    text run at (0,0) width 89: "Dominic Bayani"
                RenderBlock {P} at (8,31) size 155x15
                  RenderText {#text} at (0,0) size 70x15
                    text run at (0,0) width 70: "Rick Latham"
                  RenderInline {SPAN} at (0,0) size 0x15
                    RenderInline {O:P} at (0,0) size 0x15
              RenderTableCell {TD} at (268,913) size 99x46 [border: (1px none #808080) none (1px none #808080)] [r=19 c=2 rs=1 cs=1]
                RenderBlock {P} at (8,1) size 84x15
                  RenderText {#text} at (31,0) size 21x15
                    text run at (31,0) width 21: "Yes"
                RenderBlock {P} at (8,16) size 84x15
                  RenderText {#text} at (40,0) size 4x15
                    text run at (40,0) width 4: " "
                RenderBlock {P} at (8,31) size 84x15
                  RenderText {#text} at (31,0) size 21x15
                    text run at (31,0) width 21: "Yes"
                  RenderInline {SPAN} at (0,0) size 1x15
                    RenderInline {O:P} at (0,0) size 1x15
              RenderTableCell {TD} at (366,913) size 107x46 [border: (1px none #808080) none (1px none #808080)] [r=19 c=3 rs=1 cs=1]
                RenderBlock {P} at (8,1) size 90x15
                  RenderText {#text} at (36,0) size 17x15
                    text run at (36,0) width 17: "No"
                RenderBlock {P} at (8,16) size 90x15
                  RenderText {#text} at (43,0) size 4x15
                    text run at (43,0) width 4: " "
                RenderBlock {P} at (8,31) size 90x15
                  RenderText {#text} at (36,0) size 17x15
                    text run at (36,0) width 17: "No"
                  RenderInline {SPAN} at (0,0) size 1x15
                    RenderInline {O:P} at (0,0) size 1x15
            RenderTableRow {TR} at (0,959) size 472x16
              RenderTableCell {TD} at (0,959) size 99x16 [border: (1px none #808080) none] [r=20 c=0 rs=1 cs=1]
                RenderBlock {P} at (8,1) size 84x15
                  RenderText {#text} at (34,0) size 15x15
                    text run at (34,0) width 15: "21"
                  RenderInline {SPAN} at (0,0) size 1x15
                    RenderInline {O:P} at (0,0) size 1x15
              RenderTableCell {TD} at (98,959) size 170x16 [border: (1px none #808080) none (1px none #808080)] [r=20 c=1 rs=1 cs=1]
                RenderBlock {P} at (8,1) size 155x15
                  RenderText {#text} at (0,0) size 65x15
                    text run at (0,0) width 65: " Simon Tam"
                  RenderInline {SPAN} at (0,0) size 0x15
                    RenderInline {O:P} at (0,0) size 0x15
              RenderTableCell {TD} at (268,959) size 99x16 [border: (1px none #808080) none (1px none #808080)] [r=20 c=2 rs=1 cs=1]
                RenderBlock {P} at (8,1) size 84x15
                  RenderText {#text} at (40,0) size 4x15
                    text run at (40,0) width 4: " "
                  RenderInline {SPAN} at (0,0) size 1x15
                    RenderInline {O:P} at (0,0) size 1x15
              RenderTableCell {TD} at (366,959) size 107x16 [border: (1px none #808080) none (1px none #808080)] [r=20 c=3 rs=1 cs=1]
                RenderBlock {P} at (8,1) size 90x15
                  RenderText {#text} at (43,0) size 4x15
                    text run at (43,0) width 4: " "
                  RenderInline {SPAN} at (0,0) size 1x15
                    RenderInline {O:P} at (0,0) size 1x15
            RenderTableRow {TR} at (0,975) size 472x76
              RenderTableCell {TD} at (0,975) size 99x16 [border: (1px none #808080) none] [r=21 c=0 rs=1 cs=1]
                RenderBlock {P} at (8,1) size 84x15
                  RenderText {#text} at (34,0) size 15x15
                    text run at (34,0) width 15: "22"
                  RenderInline {SPAN} at (0,0) size 1x15
                    RenderInline {O:P} at (0,0) size 1x15
              RenderTableCell {TD} at (98,975) size 170x76 [border: (1px none #808080) none (1px none #808080)] [r=21 c=1 rs=1 cs=1]
                RenderBlock {P} at (8,1) size 155x15
                  RenderText {#text} at (0,0) size 64x15
                    text run at (0,0) width 64: "Dave Neves"
                  RenderInline {SPAN} at (0,0) size 0x15
                    RenderInline {O:P} at (0,0) size 0x15
                RenderBlock {P} at (8,16) size 155x15
                  RenderText {#text} at (0,0) size 89x15
                    text run at (0,0) width 89: "Grant Sanderson"
                  RenderInline {SPAN} at (0,0) size 0x15
                    RenderInline {O:P} at (0,0) size 0x15
                RenderBlock {P} at (8,31) size 155x15
                  RenderText {#text} at (0,0) size 86x15
                    text run at (0,0) width 86: "Maurice Burton"
                RenderBlock {P} at (8,46) size 155x15
                  RenderText {#text} at (0,0) size 117x15
                    text run at (0,0) width 117: "Mike Gilmartin ?????"
                RenderBlock {P} at (8,61) size 155x15
                  RenderText {#text} at (0,0) size 66x15
                    text run at (0,0) width 66: "Chris Walsh"
                  RenderInline {SPAN} at (0,0) size 0x15
                    RenderInline {O:P} at (0,0) size 0x15
              RenderTableCell {TD} at (268,975) size 99x76 [border: (1px none #808080) none (1px none #808080)] [r=21 c=2 rs=1 cs=1]
                RenderBlock {P} at (8,1) size 84x15
                  RenderText {#text} at (31,0) size 21x15
                    text run at (31,0) width 21: "Yes"
                  RenderInline {SPAN} at (0,0) size 1x15
                    RenderInline {O:P} at (0,0) size 1x15
                RenderBlock {P} at (8,16) size 84x15
                  RenderText {#text} at (31,0) size 21x15
                    text run at (31,0) width 21: "Yes"
                  RenderInline {SPAN} at (0,0) size 1x15
                    RenderInline {O:P} at (0,0) size 1x15
                RenderBlock {P} at (8,31) size 84x15
                  RenderText {#text} at (31,0) size 21x15
                    text run at (31,0) width 21: "Yes"
                RenderBlock {P} at (8,46) size 84x15
                  RenderText {#text} at (31,0) size 21x15
                    text run at (31,0) width 21: "Yes"
                RenderBlock {P} at (8,61) size 84x15
                  RenderText {#text} at (31,0) size 21x15
                    text run at (31,0) width 21: "Yes"
                  RenderInline {SPAN} at (0,0) size 1x15
                    RenderInline {O:P} at (0,0) size 1x15
              RenderTableCell {TD} at (366,975) size 107x76 [border: (1px none #808080) none (1px none #808080)] [r=21 c=3 rs=1 cs=1]
                RenderBlock {P} at (8,1) size 90x15
                  RenderText {#text} at (34,0) size 21x15
                    text run at (34,0) width 21: "Yes"
                  RenderInline {SPAN} at (0,0) size 1x15
                    RenderInline {O:P} at (0,0) size 1x15
                RenderBlock {P} at (8,16) size 90x15
                  RenderText {#text} at (36,0) size 17x15
                    text run at (36,0) width 17: "No"
                  RenderInline {SPAN} at (0,0) size 1x15
                    RenderInline {O:P} at (0,0) size 1x15
                RenderBlock {P} at (8,31) size 90x15
                  RenderText {#text} at (36,0) size 17x15
                    text run at (36,0) width 17: "No"
                RenderBlock {P} at (8,46) size 90x15
                  RenderText {#text} at (34,0) size 21x15
                    text run at (34,0) width 21: "Yes"
                RenderBlock {P} at (8,61) size 90x15
                  RenderText {#text} at (36,0) size 17x15
                    text run at (36,0) width 17: "No"
                  RenderInline {SPAN} at (0,0) size 1x15
                    RenderInline {O:P} at (0,0) size 1x15
            RenderTableRow {TR} at (0,1051) size 472x76
              RenderTableCell {TD} at (0,1051) size 99x16 [border: (1px none #808080) none] [r=22 c=0 rs=1 cs=1]
                RenderBlock {P} at (8,1) size 84x15
                  RenderText {#text} at (34,0) size 15x15
                    text run at (34,0) width 15: "23"
                  RenderInline {SPAN} at (0,0) size 1x15
                    RenderInline {O:P} at (0,0) size 1x15
              RenderTableCell {TD} at (98,1051) size 170x76 [border: (1px none #808080) none (1px none #808080)] [r=22 c=1 rs=1 cs=1]
                RenderBlock {P} at (8,1) size 155x15
                  RenderText {#text} at (0,0) size 64x15
                    text run at (0,0) width 64: "Dave Neves"
                  RenderInline {SPAN} at (0,0) size 0x15
                    RenderInline {O:P} at (0,0) size 0x15
                RenderBlock {P} at (8,16) size 155x15
                  RenderText {#text} at (0,0) size 86x15
                    text run at (0,0) width 86: "Maurice Burton"
                RenderBlock {P} at (8,31) size 155x15
                  RenderText {#text} at (0,0) size 62x15
                    text run at (0,0) width 62: "Oliver Baer"
                RenderBlock {P} at (8,46) size 155x15
                  RenderText {#text} at (0,0) size 58x15
                    text run at (0,0) width 58: "John Todd"
                RenderBlock {P} at (8,61) size 155x15
                  RenderText {#text} at (0,0) size 66x15
                    text run at (0,0) width 66: "Rich Saunef"
                  RenderInline {SPAN} at (0,0) size 0x15
                    RenderInline {O:P} at (0,0) size 0x15
              RenderTableCell {TD} at (268,1051) size 99x76 [border: (1px none #808080) none (1px none #808080)] [r=22 c=2 rs=1 cs=1]
                RenderBlock {P} at (8,1) size 84x15
                  RenderText {#text} at (31,0) size 21x15
                    text run at (31,0) width 21: "Yes"
                  RenderInline {SPAN} at (0,0) size 1x15
                    RenderInline {O:P} at (0,0) size 1x15
                RenderBlock {P} at (8,16) size 84x15
                  RenderText {#text} at (31,0) size 21x15
                    text run at (31,0) width 21: "Yes"
                RenderBlock {P} at (8,31) size 84x15
                  RenderText {#text} at (31,0) size 21x15
                    text run at (31,0) width 21: "Yes"
                RenderBlock {P} at (8,46) size 84x15
                  RenderText {#text} at (40,0) size 4x15
                    text run at (40,0) width 4: " "
                RenderBlock {P} at (8,61) size 84x15
                  RenderText {#text} at (31,0) size 21x15
                    text run at (31,0) width 21: "Yes"
                  RenderInline {SPAN} at (0,0) size 1x15
                    RenderInline {O:P} at (0,0) size 1x15
              RenderTableCell {TD} at (366,1051) size 107x76 [border: (1px none #808080) none (1px none #808080)] [r=22 c=3 rs=1 cs=1]
                RenderBlock {P} at (8,1) size 90x15
                  RenderText {#text} at (34,0) size 21x15
                    text run at (34,0) width 21: "Yes"
                  RenderInline {SPAN} at (0,0) size 1x15
                    RenderInline {O:P} at (0,0) size 1x15
                RenderBlock {P} at (8,16) size 90x15
                  RenderText {#text} at (36,0) size 17x15
                    text run at (36,0) width 17: "No"
                RenderBlock {P} at (8,31) size 90x15
                  RenderText {#text} at (36,0) size 17x15
                    text run at (36,0) width 17: "No"
                RenderBlock {P} at (8,46) size 90x15
                  RenderText {#text} at (43,0) size 4x15
                    text run at (43,0) width 4: " "
                RenderBlock {P} at (8,61) size 90x15
                  RenderText {#text} at (36,0) size 17x15
                    text run at (36,0) width 17: "No"
                  RenderInline {SPAN} at (0,0) size 1x15
                    RenderInline {O:P} at (0,0) size 1x15
            RenderTableRow {TR} at (0,1127) size 472x76
              RenderTableCell {TD} at (0,1127) size 99x16 [border: (1px none #808080) none] [r=23 c=0 rs=1 cs=1]
                RenderBlock {P} at (8,1) size 84x15
                  RenderText {#text} at (34,0) size 15x15
                    text run at (34,0) width 15: "24"
                  RenderInline {SPAN} at (0,0) size 1x15
                    RenderInline {O:P} at (0,0) size 1x15
              RenderTableCell {TD} at (98,1127) size 170x76 [border: (1px none #808080) none (1px none #808080)] [r=23 c=1 rs=1 cs=1]
                RenderBlock {P} at (8,1) size 155x15
                  RenderText {#text} at (0,0) size 66x15
                    text run at (0,0) width 66: " Dan Sievert"
                RenderBlock {P} at (8,16) size 155x15
                  RenderText {#text} at (0,0) size 60x15
                    text run at (0,0) width 60: "Jerry Davis"
                RenderBlock {P} at (8,31) size 155x15
                  RenderText {#text} at (0,0) size 62x15
                    text run at (0,0) width 62: "Scott Hersh"
                RenderBlock {P} at (8,46) size 155x15
                  RenderText {#text} at (0,0) size 52x15
                    text run at (0,0) width 52: "Rick Bell"
                RenderBlock {P} at (8,61) size 155x15
                  RenderText {#text} at (0,0) size 56x15
                    text run at (0,0) width 56: "Eric Shum"
                  RenderInline {SPAN} at (0,0) size 0x15
                    RenderInline {O:P} at (0,0) size 0x15
              RenderTableCell {TD} at (268,1127) size 99x76 [border: (1px none #808080) none (1px none #808080)] [r=23 c=2 rs=1 cs=1]
                RenderBlock {P} at (8,1) size 84x15
                  RenderText {#text} at (30,0) size 24x15
                    text run at (30,0) width 24: " Yes"
                RenderBlock {P} at (8,16) size 84x15
                  RenderText {#text} at (31,0) size 21x15
                    text run at (31,0) width 21: "Yes"
                RenderBlock {P} at (8,31) size 84x15
                  RenderText {#text} at (31,0) size 21x15
                    text run at (31,0) width 21: "Yes"
                RenderBlock {P} at (8,46) size 84x15
                  RenderText {#text} at (31,0) size 21x15
                    text run at (31,0) width 21: "Yes"
                RenderBlock {P} at (8,61) size 84x15
                  RenderText {#text} at (31,0) size 21x15
                    text run at (31,0) width 21: "Yes"
                  RenderInline {SPAN} at (0,0) size 1x15
                    RenderInline {O:P} at (0,0) size 1x15
              RenderTableCell {TD} at (366,1127) size 107x76 [border: (1px none #808080) none (1px none #808080)] [r=23 c=3 rs=1 cs=1]
                RenderBlock {P} at (8,1) size 90x15
                  RenderText {#text} at (35,0) size 20x15
                    text run at (35,0) width 20: " No"
                RenderBlock {P} at (8,16) size 90x15
                  RenderText {#text} at (36,0) size 17x15
                    text run at (36,0) width 17: "No"
                RenderBlock {P} at (8,31) size 90x15
                  RenderText {#text} at (36,0) size 17x15
                    text run at (36,0) width 17: "No"
                RenderBlock {P} at (8,46) size 90x15
                  RenderText {#text} at (36,0) size 17x15
                    text run at (36,0) width 17: "No"
                RenderBlock {P} at (8,61) size 90x15
                  RenderText {#text} at (36,0) size 17x15
                    text run at (36,0) width 17: "No"
                  RenderInline {SPAN} at (0,0) size 1x15
                    RenderInline {O:P} at (0,0) size 1x15
            RenderTableRow {TR} at (0,1203) size 472x31
              RenderTableCell {TD} at (0,1203) size 99x16 [border: (1px none #808080) none] [r=24 c=0 rs=1 cs=1]
                RenderBlock {P} at (8,1) size 84x15
                  RenderText {#text} at (34,0) size 15x15
                    text run at (34,0) width 15: "25"
                  RenderInline {SPAN} at (0,0) size 1x15
                    RenderInline {O:P} at (0,0) size 1x15
              RenderTableCell {TD} at (98,1203) size 170x31 [border: (1px none #808080) none (1px none #808080)] [r=24 c=1 rs=1 cs=1]
                RenderBlock {P} at (8,1) size 155x15
                  RenderText {#text} at (0,0) size 70x15
                    text run at (0,0) width 70: "James Davey"
                RenderBlock {P} at (8,16) size 155x15
                  RenderText {#text} at (0,0) size 93x15
                    text run at (0,0) width 93: "Ruenjoe (Joe) Lu"
                  RenderInline {SPAN} at (0,0) size 0x15
                    RenderInline {O:P} at (0,0) size 0x15
              RenderTableCell {TD} at (268,1203) size 99x16 [border: (1px none #808080) none (1px none #808080)] [r=24 c=2 rs=1 cs=1]
                RenderBlock {P} at (8,1) size 84x15
                  RenderText {#text} at (31,0) size 21x15
                    text run at (31,0) width 21: "Yes"
                  RenderInline {SPAN} at (0,0) size 1x15
                    RenderInline {O:P} at (0,0) size 1x15
              RenderTableCell {TD} at (366,1203) size 107x16 [border: (1px none #808080) none (1px none #808080)] [r=24 c=3 rs=1 cs=1]
                RenderBlock {P} at (8,1) size 90x15
                  RenderText {#text} at (34,0) size 21x15
                    text run at (34,0) width 21: "Yes"
                  RenderInline {SPAN} at (0,0) size 1x15
                    RenderInline {O:P} at (0,0) size 1x15
            RenderTableRow {TR} at (0,1234) size 472x151
              RenderTableCell {TD} at (0,1234) size 99x16 [border: (1px none #808080) none] [r=25 c=0 rs=1 cs=1]
                RenderBlock {P} at (8,1) size 84x15
                  RenderText {#text} at (34,0) size 15x15
                    text run at (34,0) width 15: "26"
                  RenderInline {SPAN} at (0,0) size 1x15
                    RenderInline {O:P} at (0,0) size 1x15
              RenderTableCell {TD} at (98,1234) size 170x151 [border: (1px none #808080) none (1px none #808080)] [r=25 c=1 rs=1 cs=1]
                RenderBlock {P} at (8,1) size 155x15
                  RenderText {#text} at (0,0) size 89x15
                    text run at (0,0) width 89: "Alan Littlewood"
                  RenderInline {SPAN} at (0,0) size 0x15
                    RenderInline {O:P} at (0,0) size 0x15
                RenderBlock {P} at (8,16) size 155x15
                  RenderText {#text} at (0,0) size 72x15
                    text run at (0,0) width 72: "Darren Braun"
                  RenderInline {SPAN} at (0,0) size 0x15
                    RenderInline {O:P} at (0,0) size 0x15
                RenderBlock {P} at (8,31) size 155x15
                  RenderText {#text} at (0,0) size 62x15
                    text run at (0,0) width 62: "Simon Tam"
                RenderBlock {P} at (8,46) size 155x15
                  RenderText {#text} at (0,0) size 78x15
                    text run at (0,0) width 78: "Chuck Pringle"
                RenderBlock {P} at (8,61) size 155x15
                  RenderText {#text} at (0,0) size 88x15
                    text run at (0,0) width 88: "Gary Pendergras"
                RenderBlock {P} at (8,76) size 155x15
                  RenderText {#text} at (0,0) size 79x15
                    text run at (0,0) width 79: "Peter Mazanec"
                RenderBlock {P} at (8,91) size 155x15
                  RenderText {#text} at (0,0) size 80x15
                    text run at (0,0) width 80: "Harry Imamura"
                RenderBlock {P} at (8,106) size 155x15
                  RenderText {#text} at (0,0) size 58x15
                    text run at (0,0) width 58: "Joe Araujo"
                RenderBlock {P} at (8,121) size 155x15
                  RenderText {#text} at (0,0) size 78x15
                    text run at (0,0) width 78: "Gary Williams"
                RenderBlock {P} at (8,136) size 155x15
                  RenderText {#text} at (0,0) size 89x15
                    text run at (0,0) width 89: "Jack Goodfriend"
                  RenderInline {SPAN} at (0,0) size 0x15
                    RenderInline {O:P} at (0,0) size 0x15
              RenderTableCell {TD} at (268,1234) size 99x106 [border: (1px none #808080) none (1px none #808080)] [r=25 c=2 rs=1 cs=1]
                RenderBlock {P} at (8,1) size 84x15
                  RenderText {#text} at (31,0) size 21x15
                    text run at (31,0) width 21: "Yes"
                  RenderInline {SPAN} at (0,0) size 1x15
                    RenderInline {O:P} at (0,0) size 1x15
                RenderBlock {P} at (8,16) size 84x15
                  RenderText {#text} at (31,0) size 21x15
                    text run at (31,0) width 21: "Yes"
                  RenderInline {SPAN} at (0,0) size 1x15
                    RenderInline {O:P} at (0,0) size 1x15
                RenderBlock {P} at (8,31) size 84x15
                  RenderText {#text} at (31,0) size 21x15
                    text run at (31,0) width 21: "Yes"
                RenderBlock {P} at (8,46) size 84x15
                  RenderText {#text} at (31,0) size 21x15
                    text run at (31,0) width 21: "Yes"
                RenderBlock {P} at (8,61) size 84x15
                  RenderText {#text} at (31,0) size 21x15
                    text run at (31,0) width 21: "Yes"
                RenderBlock {P} at (8,76) size 84x15
                  RenderText {#text} at (31,0) size 21x15
                    text run at (31,0) width 21: "Yes"
                RenderBlock {P} at (8,91) size 84x15
                  RenderText {#text} at (33,0) size 17x15
                    text run at (33,0) width 17: "No"
                  RenderInline {SPAN} at (0,0) size 1x15
                    RenderInline {O:P} at (0,0) size 1x15
              RenderTableCell {TD} at (366,1234) size 107x106 [border: (1px none #808080) none (1px none #808080)] [r=25 c=3 rs=1 cs=1]
                RenderBlock {P} at (8,1) size 90x15
                  RenderText {#text} at (36,0) size 17x15
                    text run at (36,0) width 17: "No"
                  RenderInline {SPAN} at (0,0) size 1x15
                    RenderInline {O:P} at (0,0) size 1x15
                RenderBlock {P} at (8,16) size 90x15
                  RenderText {#text} at (36,0) size 17x15
                    text run at (36,0) width 17: "No"
                  RenderInline {SPAN} at (0,0) size 1x15
                    RenderInline {O:P} at (0,0) size 1x15
                RenderBlock {P} at (8,31) size 90x15
                  RenderText {#text} at (36,0) size 17x15
                    text run at (36,0) width 17: "No"
                RenderBlock {P} at (8,46) size 90x15
                  RenderText {#text} at (36,0) size 17x15
                    text run at (36,0) width 17: "No"
                RenderBlock {P} at (8,61) size 90x15
                  RenderText {#text} at (36,0) size 17x15
                    text run at (36,0) width 17: "No"
                RenderBlock {P} at (8,76) size 90x15
                  RenderText {#text} at (36,0) size 17x15
                    text run at (36,0) width 17: "No"
                RenderBlock {P} at (8,91) size 90x15
                  RenderText {#text} at (34,0) size 21x15
                    text run at (34,0) width 21: "Yes"
                  RenderInline {SPAN} at (0,0) size 1x15
                    RenderInline {O:P} at (0,0) size 1x15
            RenderTableRow {TR} at (0,1385) size 472x91
              RenderTableCell {TD} at (0,1385) size 99x16 [border: (1px none #808080) none] [r=26 c=0 rs=1 cs=1]
                RenderBlock {P} at (8,1) size 84x15
                  RenderText {#text} at (34,0) size 15x15
                    text run at (34,0) width 15: "27"
                  RenderInline {SPAN} at (0,0) size 1x15
                    RenderInline {O:P} at (0,0) size 1x15
              RenderTableCell {TD} at (98,1385) size 170x91 [border: (1px none #808080) none (1px none #808080)] [r=26 c=1 rs=1 cs=1]
                RenderBlock {P} at (8,1) size 155x15
                  RenderText {#text} at (0,0) size 72x15
                    text run at (0,0) width 72: "Darren Braun"
                  RenderInline {SPAN} at (0,0) size 0x15
                    RenderInline {O:P} at (0,0) size 0x15
                RenderBlock {P} at (8,16) size 155x15
                  RenderText {#text} at (0,0) size 92x15
                    text run at (0,0) width 92: "Ian + Brad Carter"
                  RenderInline {SPAN} at (0,0) size 0x15
                    RenderInline {O:P} at (0,0) size 0x15
                RenderBlock {P} at (8,31) size 155x15
                  RenderText {#text} at (0,0) size 72x15
                    text run at (0,0) width 72: "Pete Peterson"
                RenderBlock {P} at (8,46) size 155x15
                  RenderText {#text} at (0,0) size 83x15
                    text run at (0,0) width 83: "John Chamorro"
                RenderBlock {P} at (8,61) size 155x15
                  RenderText {#text} at (0,0) size 69x15
                    text run at (0,0) width 69: "Ali Erdengiz"
                RenderBlock {P} at (8,76) size 155x15
                  RenderText {#text} at (0,0) size 57x15
                    text run at (0,0) width 57: "Saibal Sen"
                  RenderInline {SPAN} at (0,0) size 0x15
                    RenderInline {O:P} at (0,0) size 0x15
              RenderTableCell {TD} at (268,1385) size 99x91 [border: (1px none #808080) none (1px none #808080)] [r=26 c=2 rs=1 cs=1]
                RenderBlock {P} at (8,1) size 84x15
                  RenderText {#text} at (31,0) size 21x15
                    text run at (31,0) width 21: "Yes"
                  RenderInline {SPAN} at (0,0) size 1x15
                    RenderInline {O:P} at (0,0) size 1x15
                RenderBlock {P} at (8,16) size 84x15
                  RenderText {#text} at (31,0) size 21x15
                    text run at (31,0) width 21: "Yes"
                  RenderInline {SPAN} at (0,0) size 1x15
                    RenderInline {O:P} at (0,0) size 1x15
                RenderBlock {P} at (8,31) size 84x15
                  RenderText {#text} at (31,0) size 21x15
                    text run at (31,0) width 21: "Yes"
                RenderBlock {P} at (8,46) size 84x15
                  RenderText {#text} at (40,0) size 4x15
                    text run at (40,0) width 4: " "
                RenderBlock {P} at (8,61) size 84x15
                  RenderText {#text} at (40,0) size 4x15
                    text run at (40,0) width 4: " "
                RenderBlock {P} at (8,76) size 84x15
                  RenderText {#text} at (31,0) size 21x15
                    text run at (31,0) width 21: "Yes"
                  RenderInline {SPAN} at (0,0) size 1x15
                    RenderInline {O:P} at (0,0) size 1x15
              RenderTableCell {TD} at (366,1385) size 107x91 [border: (1px none #808080) none (1px none #808080)] [r=26 c=3 rs=1 cs=1]
                RenderBlock {P} at (8,1) size 90x15
                  RenderText {#text} at (36,0) size 17x15
                    text run at (36,0) width 17: "No"
                  RenderInline {SPAN} at (0,0) size 1x15
                    RenderInline {O:P} at (0,0) size 1x15
                RenderBlock {P} at (8,16) size 90x15
                  RenderText {#text} at (36,0) size 17x15
                    text run at (36,0) width 17: "No"
                  RenderInline {SPAN} at (0,0) size 1x15
                    RenderInline {O:P} at (0,0) size 1x15
                RenderBlock {P} at (8,31) size 90x15
                  RenderText {#text} at (36,0) size 17x15
                    text run at (36,0) width 17: "No"
                RenderBlock {P} at (8,46) size 90x15
                  RenderText {#text} at (43,0) size 4x15
                    text run at (43,0) width 4: " "
                RenderBlock {P} at (8,61) size 90x15
                  RenderText {#text} at (43,0) size 4x15
                    text run at (43,0) width 4: " "
                RenderBlock {P} at (8,76) size 90x15
                  RenderText {#text} at (36,0) size 17x15
                    text run at (36,0) width 17: "No"
                  RenderInline {SPAN} at (0,0) size 1x15
                    RenderInline {O:P} at (0,0) size 1x15
            RenderTableRow {TR} at (0,1476) size 472x136
              RenderTableCell {TD} at (0,1476) size 99x16 [border: (1px none #808080) none] [r=27 c=0 rs=1 cs=1]
                RenderBlock {P} at (8,1) size 84x15
                  RenderText {#text} at (34,0) size 15x15
                    text run at (34,0) width 15: "28"
                  RenderInline {SPAN} at (0,0) size 1x15
                    RenderInline {O:P} at (0,0) size 1x15
              RenderTableCell {TD} at (98,1476) size 170x136 [border: (1px none #808080) none (1px none #808080)] [r=27 c=1 rs=1 cs=1]
                RenderBlock {P} at (8,1) size 155x15
                  RenderText {#text} at (0,0) size 93x15
                    text run at (0,0) width 93: "Zak + Mike West"
                  RenderInline {SPAN} at (0,0) size 0x15
                    RenderInline {O:P} at (0,0) size 0x15
                RenderBlock {P} at (8,16) size 155x15
                  RenderText {#text} at (0,0) size 64x15
                    text run at (0,0) width 64: "Dave Neves"
                  RenderInline {SPAN} at (0,0) size 0x15
                    RenderInline {O:P} at (0,0) size 0x15
                RenderBlock {P} at (8,31) size 155x15
                  RenderText {#text} at (0,0) size 78x15
                    text run at (0,0) width 78: "Richard Green"
                  RenderInline {SPAN} at (0,0) size 0x15
                    RenderInline {O:P} at (0,0) size 0x15
                RenderBlock {P} at (8,46) size 155x15
                  RenderText {#text} at (0,0) size 68x15
                    text run at (0,0) width 68: "Javier Flores"
                RenderBlock {P} at (8,61) size 155x15
                  RenderText {#text} at (0,0) size 86x15
                    text run at (0,0) width 86: "Gerald Cardinal"
                RenderBlock {P} at (8,76) size 155x15
                  RenderText {#text} at (0,0) size 63x15
                    text run at (0,0) width 63: "Dan Sievert"
                RenderBlock {P} at (8,91) size 155x15
                  RenderText {#text} at (0,0) size 69x15
                    text run at (0,0) width 69: "Ali Erdengiz"
                RenderBlock {P} at (8,106) size 155x15
                  RenderText {#text} at (0,0) size 63x15
                    text run at (0,0) width 63: "Paul Walter"
                RenderBlock {P} at (8,121) size 155x15
                  RenderText {#text} at (0,0) size 60x15
                    text run at (0,0) width 60: "Jerry Davis"
                  RenderInline {SPAN} at (0,0) size 0x15
                    RenderInline {O:P} at (0,0) size 0x15
              RenderTableCell {TD} at (268,1476) size 99x136 [border: (1px none #808080) none (1px none #808080)] [r=27 c=2 rs=1 cs=1]
                RenderBlock {P} at (8,1) size 84x15
                  RenderText {#text} at (31,0) size 21x15
                    text run at (31,0) width 21: "Yes"
                  RenderInline {SPAN} at (0,0) size 1x15
                    RenderInline {O:P} at (0,0) size 1x15
                RenderBlock {P} at (8,16) size 84x15
                  RenderText {#text} at (31,0) size 21x15
                    text run at (31,0) width 21: "Yes"
                  RenderInline {SPAN} at (0,0) size 1x15
                    RenderInline {O:P} at (0,0) size 1x15
                RenderBlock {P} at (8,31) size 84x15
                  RenderText {#text} at (31,0) size 21x15
                    text run at (31,0) width 21: "Yes"
                  RenderInline {SPAN} at (0,0) size 1x15
                    RenderInline {O:P} at (0,0) size 1x15
                RenderBlock {P} at (8,46) size 84x15
                  RenderText {#text} at (31,0) size 21x15
                    text run at (31,0) width 21: "Yes"
                RenderBlock {P} at (8,61) size 84x15
                  RenderText {#text} at (40,0) size 4x15
                    text run at (40,0) width 4: " "
                RenderBlock {P} at (8,76) size 84x15
                  RenderText {#text} at (31,0) size 21x15
                    text run at (31,0) width 21: "Yes"
                RenderBlock {P} at (8,91) size 84x15
                  RenderText {#text} at (40,0) size 4x15
                    text run at (40,0) width 4: " "
                RenderBlock {P} at (8,106) size 84x15
                  RenderText {#text} at (40,0) size 4x15
                    text run at (40,0) width 4: " "
                RenderBlock {P} at (8,121) size 84x15
                  RenderText {#text} at (31,0) size 21x15
                    text run at (31,0) width 21: "Yes"
                  RenderInline {SPAN} at (0,0) size 1x15
                    RenderInline {O:P} at (0,0) size 1x15
              RenderTableCell {TD} at (366,1476) size 107x136 [border: (1px none #808080) none (1px none #808080)] [r=27 c=3 rs=1 cs=1]
                RenderBlock {P} at (8,1) size 90x15
                  RenderText {#text} at (34,0) size 21x15
                    text run at (34,0) width 21: "Yes"
                  RenderInline {SPAN} at (0,0) size 1x15
                    RenderInline {O:P} at (0,0) size 1x15
                RenderBlock {P} at (8,16) size 90x15
                  RenderText {#text} at (34,0) size 21x15
                    text run at (34,0) width 21: "Yes"
                  RenderInline {SPAN} at (0,0) size 1x15
                    RenderInline {O:P} at (0,0) size 1x15
                RenderBlock {P} at (8,31) size 90x15
                  RenderText {#text} at (36,0) size 17x15
                    text run at (36,0) width 17: "No"
                  RenderInline {SPAN} at (0,0) size 1x15
                    RenderInline {O:P} at (0,0) size 1x15
                RenderBlock {P} at (8,46) size 90x15
                  RenderText {#text} at (36,0) size 17x15
                    text run at (36,0) width 17: "No"
                RenderBlock {P} at (8,61) size 90x15
                  RenderText {#text} at (43,0) size 4x15
                    text run at (43,0) width 4: " "
                RenderBlock {P} at (8,76) size 90x15
                  RenderText {#text} at (36,0) size 17x15
                    text run at (36,0) width 17: "No"
                RenderBlock {P} at (8,91) size 90x15
                  RenderText {#text} at (43,0) size 4x15
                    text run at (43,0) width 4: " "
                RenderBlock {P} at (8,106) size 90x15
                  RenderText {#text} at (43,0) size 4x15
                    text run at (43,0) width 4: " "
                RenderBlock {P} at (8,121) size 90x15
                  RenderText {#text} at (36,0) size 17x15
                    text run at (36,0) width 17: "No"
                  RenderInline {SPAN} at (0,0) size 1x15
                    RenderInline {O:P} at (0,0) size 1x15
            RenderTableRow {TR} at (0,1612) size 472x46
              RenderTableCell {TD} at (0,1612) size 99x16 [border: (1px none #808080) none] [r=28 c=0 rs=1 cs=1]
                RenderBlock {P} at (8,1) size 84x15
                  RenderText {#text} at (34,0) size 15x15
                    text run at (34,0) width 15: "29"
                  RenderInline {SPAN} at (0,0) size 1x15
                    RenderInline {O:P} at (0,0) size 1x15
              RenderTableCell {TD} at (98,1612) size 170x46 [border: (1px none #808080) none (1px none #808080)] [r=28 c=1 rs=1 cs=1]
                RenderBlock {P} at (8,1) size 155x15
                  RenderText {#text} at (0,0) size 68x15
                    text run at (0,0) width 68: "Javier Flores"
                  RenderInline {SPAN} at (0,0) size 0x15
                    RenderInline {O:P} at (0,0) size 0x15
                RenderBlock {P} at (8,16) size 155x15
                  RenderText {#text} at (0,0) size 69x15
                    text run at (0,0) width 69: "Bill Johnson"
                RenderBlock {P} at (8,31) size 155x15
                  RenderText {#text} at (0,0) size 58x15
                    text run at (0,0) width 58: "John Todd"
                  RenderInline {SPAN} at (0,0) size 0x15
                    RenderInline {O:P} at (0,0) size 0x15
              RenderTableCell {TD} at (268,1612) size 99x31 [border: (1px none #808080) none (1px none #808080)] [r=28 c=2 rs=1 cs=1]
                RenderBlock {P} at (8,1) size 84x15
                  RenderText {#text} at (31,0) size 21x15
                    text run at (31,0) width 21: "Yes"
                  RenderInline {SPAN} at (0,0) size 1x15
                    RenderInline {O:P} at (0,0) size 1x15
                RenderBlock {P} at (8,16) size 84x15
                  RenderText {#text} at (31,0) size 21x15
                    text run at (31,0) width 21: "Yes"
                  RenderInline {SPAN} at (0,0) size 1x15
                    RenderInline {O:P} at (0,0) size 1x15
              RenderTableCell {TD} at (366,1612) size 107x31 [border: (1px none #808080) none (1px none #808080)] [r=28 c=3 rs=1 cs=1]
                RenderBlock {P} at (8,1) size 90x15
                  RenderText {#text} at (36,0) size 17x15
                    text run at (36,0) width 17: "No"
                  RenderInline {SPAN} at (0,0) size 1x15
                    RenderInline {O:P} at (0,0) size 1x15
                RenderBlock {P} at (8,16) size 90x15
                  RenderText {#text} at (36,0) size 17x15
                    text run at (36,0) width 17: "No"
                  RenderInline {SPAN} at (0,0) size 1x15
                    RenderInline {O:P} at (0,0) size 1x15
            RenderTableRow {TR} at (0,1658) size 472x106
              RenderTableCell {TD} at (0,1658) size 99x16 [border: (1px none #808080) none] [r=29 c=0 rs=1 cs=1]
                RenderBlock {P} at (8,1) size 84x15
                  RenderText {#text} at (34,0) size 15x15
                    text run at (34,0) width 15: "30"
                  RenderInline {SPAN} at (0,0) size 1x15
                    RenderInline {O:P} at (0,0) size 1x15
              RenderTableCell {TD} at (98,1658) size 170x106 [border: (1px none #808080) none (1px none #808080)] [r=29 c=1 rs=1 cs=1]
                RenderBlock {P} at (8,1) size 155x15
                  RenderText {#text} at (0,0) size 89x15
                    text run at (0,0) width 89: "Alan Littlewood"
                  RenderInline {SPAN} at (0,0) size 0x15
                    RenderInline {O:P} at (0,0) size 0x15
                RenderBlock {P} at (8,16) size 155x15
                  RenderText {#text} at (0,0) size 84x15
                    text run at (0,0) width 84: "George Coward"
                  RenderInline {SPAN} at (0,0) size 0x15
                    RenderInline {O:P} at (0,0) size 0x15
                RenderBlock {P} at (8,31) size 155x15
                  RenderText {#text} at (0,0) size 86x15
                    text run at (0,0) width 86: "Maurice Burton"
                RenderBlock {P} at (8,46) size 155x15
                  RenderText {#text} at (0,0) size 63x15
                    text run at (0,0) width 63: "Dan Sievert"
                RenderBlock {P} at (8,61) size 155x15
                  RenderText {#text} at (0,0) size 114x15
                    text run at (0,0) width 114: "Michael DeGiovanni"
                RenderBlock {P} at (8,76) size 155x15
                  RenderText {#text} at (0,0) size 89x15
                    text run at (0,0) width 89: "Jack Goodfriend"
                RenderBlock {P} at (8,91) size 155x15
                  RenderText {#text} at (0,0) size 91x15
                    text run at (0,0) width 91: "Richard Sanchez"
                  RenderInline {SPAN} at (0,0) size 0x15
                    RenderInline {O:P} at (0,0) size 0x15
              RenderTableCell {TD} at (268,1658) size 99x106 [border: (1px none #808080) none (1px none #808080)] [r=29 c=2 rs=1 cs=1]
                RenderBlock {P} at (8,1) size 84x15
                  RenderText {#text} at (31,0) size 21x15
                    text run at (31,0) width 21: "Yes"
                  RenderInline {SPAN} at (0,0) size 1x15
                    RenderInline {O:P} at (0,0) size 1x15
                RenderBlock {P} at (8,16) size 84x15
                  RenderText {#text} at (31,0) size 21x15
                    text run at (31,0) width 21: "Yes"
                  RenderInline {SPAN} at (0,0) size 1x15
                    RenderInline {O:P} at (0,0) size 1x15
                RenderBlock {P} at (8,31) size 84x15
                  RenderText {#text} at (31,0) size 21x15
                    text run at (31,0) width 21: "Yes"
                RenderBlock {P} at (8,46) size 84x15
                  RenderText {#text} at (31,0) size 21x15
                    text run at (31,0) width 21: "Yes"
                RenderBlock {P} at (8,61) size 84x15
                  RenderText {#text} at (40,0) size 4x15
                    text run at (40,0) width 4: " "
                RenderBlock {P} at (8,76) size 84x15
                  RenderText {#text} at (40,0) size 4x15
                    text run at (40,0) width 4: " "
                RenderBlock {P} at (8,91) size 84x15
                  RenderText {#text} at (33,0) size 17x15
                    text run at (33,0) width 17: "No"
                  RenderInline {SPAN} at (0,0) size 1x15
                    RenderInline {O:P} at (0,0) size 1x15
              RenderTableCell {TD} at (366,1658) size 107x106 [border: (1px none #808080) none (1px none #808080)] [r=29 c=3 rs=1 cs=1]
                RenderBlock {P} at (8,1) size 90x15
                  RenderText {#text} at (36,0) size 17x15
                    text run at (36,0) width 17: "No"
                  RenderInline {SPAN} at (0,0) size 1x15
                    RenderInline {O:P} at (0,0) size 1x15
                RenderBlock {P} at (8,16) size 90x15
                  RenderText {#text} at (36,0) size 17x15
                    text run at (36,0) width 17: "No"
                  RenderInline {SPAN} at (0,0) size 1x15
                    RenderInline {O:P} at (0,0) size 1x15
                RenderBlock {P} at (8,31) size 90x15
                  RenderText {#text} at (36,0) size 17x15
                    text run at (36,0) width 17: "No"
                RenderBlock {P} at (8,46) size 90x15
                  RenderText {#text} at (36,0) size 17x15
                    text run at (36,0) width 17: "No"
                RenderBlock {P} at (8,61) size 90x15
                  RenderText {#text} at (43,0) size 4x15
                    text run at (43,0) width 4: " "
                RenderBlock {P} at (8,76) size 90x15
                  RenderText {#text} at (43,0) size 4x15
                    text run at (43,0) width 4: " "
                RenderBlock {P} at (8,91) size 90x15
                  RenderText {#text} at (34,0) size 21x15
                    text run at (34,0) width 21: "Yes"
                  RenderInline {SPAN} at (0,0) size 1x15
                    RenderInline {O:P} at (0,0) size 1x15
            RenderTableRow {TR} at (0,1764) size 472x46
              RenderTableCell {TD} at (0,1764) size 99x16 [border: (1px none #808080) none] [r=30 c=0 rs=1 cs=1]
                RenderBlock {P} at (8,1) size 84x15
                  RenderText {#text} at (34,0) size 15x15
                    text run at (34,0) width 15: "31"
                  RenderInline {SPAN} at (0,0) size 1x15
                    RenderInline {O:P} at (0,0) size 1x15
              RenderTableCell {TD} at (98,1764) size 170x46 [border: (1px none #808080) none (1px none #808080)] [r=30 c=1 rs=1 cs=1]
                RenderBlock {P} at (8,1) size 155x15
                  RenderText {#text} at (0,0) size 64x15
                    text run at (0,0) width 64: "Dave Neves"
                RenderBlock {P} at (8,16) size 155x15
                  RenderText {#text} at (0,0) size 79x15
                    text run at (0,0) width 79: "James Haladus"
                RenderBlock {P} at (8,31) size 155x15
                  RenderText {#text} at (0,0) size 65x15
                    text run at (0,0) width 65: "Randy Reid"
                  RenderInline {SPAN} at (0,0) size 0x15
                    RenderInline {O:P} at (0,0) size 0x15
              RenderTableCell {TD} at (268,1764) size 99x31 [border: (1px none #808080) none (1px none #808080)] [r=30 c=2 rs=1 cs=1]
                RenderBlock {P} at (8,1) size 84x15
                  RenderText {#text} at (31,0) size 21x15
                    text run at (31,0) width 21: "Yes"
                RenderBlock {P} at (8,16) size 84x15
                  RenderText {#text} at (31,0) size 21x15
                    text run at (31,0) width 21: "Yes"
                  RenderInline {SPAN} at (0,0) size 1x15
                    RenderInline {O:P} at (0,0) size 1x15
              RenderTableCell {TD} at (366,1764) size 107x31 [border: (1px none #808080) none (1px none #808080)] [r=30 c=3 rs=1 cs=1]
                RenderBlock {P} at (8,1) size 90x15
                  RenderText {#text} at (34,0) size 21x15
                    text run at (34,0) width 21: "Yes"
                RenderBlock {P} at (8,16) size 90x15
                  RenderText {#text} at (36,0) size 17x15
                    text run at (36,0) width 17: "No"
                  RenderInline {SPAN} at (0,0) size 1x15
                    RenderInline {O:P} at (0,0) size 1x15
            RenderTableRow {TR} at (0,1810) size 472x61
              RenderTableCell {TD} at (0,1810) size 99x16 [border: (1px none #808080) none] [r=31 c=0 rs=1 cs=1]
                RenderBlock {P} at (8,1) size 84x15
                  RenderText {#text} at (34,0) size 15x15
                    text run at (34,0) width 15: "32"
                  RenderInline {SPAN} at (0,0) size 1x15
                    RenderInline {O:P} at (0,0) size 1x15
              RenderTableCell {TD} at (98,1810) size 170x61 [border: (1px none #808080) none (1px none #808080)] [r=31 c=1 rs=1 cs=1]
                RenderBlock {P} at (8,1) size 155x15
                  RenderText {#text} at (0,0) size 65x15
                    text run at (0,0) width 65: " Oliver Baer"
                RenderBlock {P} at (8,16) size 155x15
                  RenderText {#text} at (0,0) size 68x15
                    text run at (0,0) width 68: "Dale Barnett"
                RenderBlock {P} at (8,31) size 155x15
                  RenderText {#text} at (0,0) size 58x15
                    text run at (0,0) width 58: "John Todd"
                RenderBlock {P} at (8,46) size 155x15
                  RenderText {#text} at (0,0) size 89x15
                    text run at (0,0) width 89: "Dominic Bayani"
                  RenderInline {SPAN} at (0,0) size 0x15
                    RenderInline {O:P} at (0,0) size 0x15
              RenderTableCell {TD} at (268,1810) size 99x31 [border: (1px none #808080) none (1px none #808080)] [r=31 c=2 rs=1 cs=1]
                RenderBlock {P} at (8,1) size 84x15
                  RenderText {#text} at (30,0) size 24x15
                    text run at (30,0) width 24: " Yes"
                RenderBlock {P} at (8,16) size 84x15
                  RenderText {#text} at (31,0) size 21x15
                    text run at (31,0) width 21: "Yes"
                  RenderInline {SPAN} at (0,0) size 1x15
                    RenderInline {O:P} at (0,0) size 1x15
              RenderTableCell {TD} at (366,1810) size 107x31 [border: (1px none #808080) none (1px none #808080)] [r=31 c=3 rs=1 cs=1]
                RenderBlock {P} at (8,1) size 90x15
                  RenderText {#text} at (35,0) size 20x15
                    text run at (35,0) width 20: " No"
                RenderBlock {P} at (8,16) size 90x15
                  RenderText {#text} at (36,0) size 17x15
                    text run at (36,0) width 17: "No"
                  RenderInline {SPAN} at (0,0) size 1x15
                    RenderInline {O:P} at (0,0) size 1x15
            RenderTableRow {TR} at (0,1871) size 472x136
              RenderTableCell {TD} at (0,1871) size 99x16 [border: (1px none #808080) none] [r=32 c=0 rs=1 cs=1]
                RenderBlock {P} at (8,1) size 84x15
                  RenderText {#text} at (34,0) size 15x15
                    text run at (34,0) width 15: "33"
                  RenderInline {SPAN} at (0,0) size 1x15
                    RenderInline {O:P} at (0,0) size 1x15
              RenderTableCell {TD} at (98,1871) size 170x136 [border: (1px none #808080) none (1px none #808080)] [r=32 c=1 rs=1 cs=1]
                RenderBlock {P} at (8,1) size 155x15
                  RenderText {#text} at (0,0) size 70x15
                    text run at (0,0) width 70: "Tom Wagner"
                  RenderInline {SPAN} at (0,0) size 0x15
                    RenderInline {O:P} at (0,0) size 0x15
                RenderBlock {P} at (8,16) size 155x15
                  RenderText {#text} at (0,0) size 76x15
                    text run at (0,0) width 76: "Gene Langley"
                RenderBlock {P} at (8,31) size 155x15
                  RenderText {#text} at (0,0) size 79x15
                    text run at (0,0) width 79: "James Haladus"
                RenderBlock {P} at (8,46) size 155x15
                  RenderText {#text} at (0,0) size 85x15
                    text run at (0,0) width 85: "Daniel Buckley"
                RenderBlock {P} at (8,61) size 155x15
                  RenderText {#text} at (0,0) size 68x15
                    text run at (0,0) width 68: "Chris Larsen"
                RenderBlock {P} at (8,76) size 155x15
                  RenderText {#text} at (0,0) size 73x15
                    text run at (0,0) width 73: "Mike Chansu"
                RenderBlock {P} at (8,91) size 155x15
                  RenderText {#text} at (0,0) size 71x15
                    text run at (0,0) width 71: "James Brown"
                RenderBlock {P} at (8,106) size 155x15
                  RenderText {#text} at (0,0) size 65x15
                    text run at (0,0) width 65: "Will Sievert"
                RenderBlock {P} at (8,121) size 155x15
                  RenderText {#text} at (0,0) size 69x15
                    text run at (0,0) width 69: "Terry Chong"
                  RenderInline {SPAN} at (0,0) size 0x15
                    RenderInline {O:P} at (0,0) size 0x15
              RenderTableCell {TD} at (268,1871) size 99x136 [border: (1px none #808080) none (1px none #808080)] [r=32 c=2 rs=1 cs=1]
                RenderBlock {P} at (8,1) size 84x15
                  RenderText {#text} at (31,0) size 21x15
                    text run at (31,0) width 21: "Yes"
                  RenderInline {SPAN} at (0,0) size 1x15
                    RenderInline {O:P} at (0,0) size 1x15
                RenderBlock {P} at (8,16) size 84x15
                  RenderText {#text} at (31,0) size 21x15
                    text run at (31,0) width 21: "Yes"
                RenderBlock {P} at (8,31) size 84x15
                  RenderText {#text} at (31,0) size 21x15
                    text run at (31,0) width 21: "Yes"
                RenderBlock {P} at (8,46) size 84x15
                  RenderText {#text} at (31,0) size 21x15
                    text run at (31,0) width 21: "Yes"
                RenderBlock {P} at (8,61) size 84x15
                  RenderText {#text} at (40,0) size 4x15
                    text run at (40,0) width 4: " "
                RenderBlock {P} at (8,76) size 84x15
                  RenderText {#text} at (31,0) size 21x15
                    text run at (31,0) width 21: "Yes"
                RenderBlock {P} at (8,91) size 84x15
                  RenderText {#text} at (31,0) size 21x15
                    text run at (31,0) width 21: "Yes"
                RenderBlock {P} at (8,106) size 84x15
                  RenderText {#text} at (31,0) size 21x15
                    text run at (31,0) width 21: "Yes"
                RenderBlock {P} at (8,121) size 84x15
                  RenderText {#text} at (31,0) size 21x15
                    text run at (31,0) width 21: "Yes"
                  RenderInline {SPAN} at (0,0) size 1x15
                    RenderInline {O:P} at (0,0) size 1x15
              RenderTableCell {TD} at (366,1871) size 107x136 [border: (1px none #808080) none (1px none #808080)] [r=32 c=3 rs=1 cs=1]
                RenderBlock {P} at (8,1) size 90x15
                  RenderText {#text} at (36,0) size 17x15
                    text run at (36,0) width 17: "No"
                  RenderInline {SPAN} at (0,0) size 1x15
                    RenderInline {O:P} at (0,0) size 1x15
                RenderBlock {P} at (8,16) size 90x15
                  RenderText {#text} at (5,0) size 79x15
                    text run at (5,0) width 79: "Gyro wannabe"
                RenderBlock {P} at (8,31) size 90x15
                  RenderText {#text} at (36,0) size 17x15
                    text run at (36,0) width 17: "No"
                RenderBlock {P} at (8,46) size 90x15
                  RenderText {#text} at (36,0) size 17x15
                    text run at (36,0) width 17: "No"
                RenderBlock {P} at (8,61) size 90x15
                  RenderText {#text} at (43,0) size 4x15
                    text run at (43,0) width 4: " "
                RenderBlock {P} at (8,76) size 90x15
                  RenderText {#text} at (36,0) size 17x15
                    text run at (36,0) width 17: "No"
                RenderBlock {P} at (8,91) size 90x15
                  RenderText {#text} at (36,0) size 17x15
                    text run at (36,0) width 17: "No"
                RenderBlock {P} at (8,106) size 90x15
                  RenderText {#text} at (36,0) size 17x15
                    text run at (36,0) width 17: "No"
                RenderBlock {P} at (8,121) size 90x15
                  RenderText {#text} at (36,0) size 17x15
                    text run at (36,0) width 17: "No"
                  RenderInline {SPAN} at (0,0) size 1x15
                    RenderInline {O:P} at (0,0) size 1x15
            RenderTableRow {TR} at (0,2007) size 472x121
              RenderTableCell {TD} at (0,2007) size 99x16 [border: (1px none #808080) none] [r=33 c=0 rs=1 cs=1]
                RenderBlock {P} at (8,1) size 84x15
                  RenderText {#text} at (34,0) size 15x15
                    text run at (34,0) width 15: "34"
                  RenderInline {SPAN} at (0,0) size 1x15
                    RenderInline {O:P} at (0,0) size 1x15
              RenderTableCell {TD} at (98,2007) size 170x121 [border: (1px none #808080) none (1px none #808080)] [r=33 c=1 rs=1 cs=1]
                RenderBlock {P} at (8,1) size 155x15
                  RenderText {#text} at (0,0) size 57x15
                    text run at (0,0) width 57: "Jay Ribera"
                RenderBlock {P} at (8,16) size 155x15
                  RenderText {#text} at (0,0) size 86x15
                    text run at (0,0) width 86: "Gerald Cardinal"
                RenderBlock {P} at (8,31) size 155x15
                  RenderText {#text} at (0,0) size 68x15
                    text run at (0,0) width 68: "Dale Barnett"
                RenderBlock {P} at (8,46) size 155x15
                  RenderText {#text} at (0,0) size 63x15
                    text run at (0,0) width 63: "Paul Walter"
                RenderBlock {P} at (8,61) size 155x15
                  RenderText {#text} at (0,0) size 89x15
                    text run at (0,0) width 89: "Dominic Bayani"
                RenderBlock {P} at (8,76) size 155x15
                  RenderText {#text} at (0,0) size 93x15
                    text run at (0,0) width 93: "Donald Carvalho"
                RenderBlock {P} at (8,91) size 155x15
                  RenderText {#text} at (0,0) size 73x15
                    text run at (0,0) width 73: "Jack Peterson"
                RenderBlock {P} at (8,106) size 155x15
                  RenderText {#text} at (0,0) size 62x15
                    text run at (0,0) width 62: "Scott Hersh"
                  RenderInline {SPAN} at (0,0) size 0x15
                    RenderInline {O:P} at (0,0) size 0x15
              RenderTableCell {TD} at (268,2007) size 99x121 [border: (1px none #808080) none (1px none #808080)] [r=33 c=2 rs=1 cs=1]
                RenderBlock {P} at (8,1) size 84x15
                  RenderText {#text} at (31,0) size 21x15
                    text run at (31,0) width 21: "Yes"
                RenderBlock {P} at (8,16) size 84x15
                  RenderText {#text} at (40,0) size 4x15
                    text run at (40,0) width 4: " "
                RenderBlock {P} at (8,31) size 84x15
                  RenderText {#text} at (31,0) size 21x15
                    text run at (31,0) width 21: "Yes"
                RenderBlock {P} at (8,46) size 84x15
                  RenderText {#text} at (40,0) size 4x15
                    text run at (40,0) width 4: " "
                RenderBlock {P} at (8,61) size 84x15
                  RenderText {#text} at (40,0) size 4x15
                    text run at (40,0) width 4: " "
                RenderBlock {P} at (8,76) size 84x15
                  RenderText {#text} at (40,0) size 4x15
                    text run at (40,0) width 4: " "
                RenderBlock {P} at (8,91) size 84x15
                  RenderText {#text} at (40,0) size 4x15
                    text run at (40,0) width 4: " "
                RenderBlock {P} at (8,106) size 84x15
                  RenderText {#text} at (31,0) size 21x15
                    text run at (31,0) width 21: "Yes"
                  RenderInline {SPAN} at (0,0) size 1x15
                    RenderInline {O:P} at (0,0) size 1x15
              RenderTableCell {TD} at (366,2007) size 107x121 [border: (1px none #808080) none (1px none #808080)] [r=33 c=3 rs=1 cs=1]
                RenderBlock {P} at (8,1) size 90x15
                  RenderText {#text} at (36,0) size 17x15
                    text run at (36,0) width 17: "No"
                RenderBlock {P} at (8,16) size 90x15
                  RenderText {#text} at (43,0) size 4x15
                    text run at (43,0) width 4: " "
                RenderBlock {P} at (8,31) size 90x15
                  RenderText {#text} at (36,0) size 17x15
                    text run at (36,0) width 17: "No"
                RenderBlock {P} at (8,46) size 90x15
                  RenderText {#text} at (43,0) size 4x15
                    text run at (43,0) width 4: " "
                RenderBlock {P} at (8,61) size 90x15
                  RenderText {#text} at (43,0) size 4x15
                    text run at (43,0) width 4: " "
                RenderBlock {P} at (8,76) size 90x15
                  RenderText {#text} at (43,0) size 4x15
                    text run at (43,0) width 4: " "
                RenderBlock {P} at (8,91) size 90x15
                  RenderText {#text} at (43,0) size 4x15
                    text run at (43,0) width 4: " "
                RenderBlock {P} at (8,106) size 90x15
                  RenderText {#text} at (36,0) size 17x15
                    text run at (36,0) width 17: "No"
                  RenderInline {SPAN} at (0,0) size 1x15
                    RenderInline {O:P} at (0,0) size 1x15
            RenderTableRow {TR} at (0,2128) size 472x76
              RenderTableCell {TD} at (0,2128) size 99x16 [border: (1px none #808080) none] [r=34 c=0 rs=1 cs=1]
                RenderBlock {P} at (8,1) size 84x15
                  RenderText {#text} at (34,0) size 15x15
                    text run at (34,0) width 15: "35"
                  RenderInline {SPAN} at (0,0) size 1x15
                    RenderInline {O:P} at (0,0) size 1x15
              RenderTableCell {TD} at (98,2128) size 170x76 [border: (1px none #808080) none (1px none #808080)] [r=34 c=1 rs=1 cs=1]
                RenderBlock {P} at (8,1) size 155x15
                  RenderText {#text} at (0,0) size 81x15
                    text run at (0,0) width 81: " Richard Green"
                RenderBlock {P} at (8,16) size 155x15
                  RenderText {#text} at (0,0) size 66x15
                    text run at (0,0) width 66: "David Allen"
                RenderBlock {P} at (8,31) size 155x15
                  RenderText {#text} at (0,0) size 60x15
                    text run at (0,0) width 60: "Jim Colvin"
                RenderBlock {P} at (8,46) size 155x15
                  RenderText {#text} at (0,0) size 70x15
                    text run at (0,0) width 70: "Harald Close"
                RenderBlock {P} at (8,61) size 155x15
                  RenderText {#text} at (0,0) size 62x15
                    text run at (0,0) width 62: "Oliver Baer"
                  RenderInline {SPAN} at (0,0) size 0x15
                    RenderInline {O:P} at (0,0) size 0x15
              RenderTableCell {TD} at (268,2128) size 99x76 [border: (1px none #808080) none (1px none #808080)] [r=34 c=2 rs=1 cs=1]
                RenderBlock {P} at (8,1) size 84x15
                  RenderText {#text} at (40,0) size 4x15
                    text run at (40,0) width 4: " "
                RenderBlock {P} at (8,16) size 84x15
                  RenderText {#text} at (40,0) size 4x15
                    text run at (40,0) width 4: " "
                RenderBlock {P} at (8,31) size 84x15
                  RenderText {#text} at (40,0) size 4x15
                    text run at (40,0) width 4: " "
                RenderBlock {P} at (8,46) size 84x15
                  RenderText {#text} at (31,0) size 21x15
                    text run at (31,0) width 21: "Yes"
                RenderBlock {P} at (8,61) size 84x15
                  RenderText {#text} at (31,0) size 21x15
                    text run at (31,0) width 21: "Yes"
                  RenderInline {SPAN} at (0,0) size 1x15
                    RenderInline {O:P} at (0,0) size 1x15
              RenderTableCell {TD} at (366,2128) size 107x76 [border: (1px none #808080) none (1px none #808080)] [r=34 c=3 rs=1 cs=1]
                RenderBlock {P} at (8,1) size 90x15
                  RenderText {#text} at (43,0) size 4x15
                    text run at (43,0) width 4: " "
                RenderBlock {P} at (8,16) size 90x15
                  RenderText {#text} at (43,0) size 4x15
                    text run at (43,0) width 4: " "
                RenderBlock {P} at (8,31) size 90x15
                  RenderText {#text} at (43,0) size 4x15
                    text run at (43,0) width 4: " "
                RenderBlock {P} at (8,46) size 90x15
                  RenderText {#text} at (34,0) size 21x15
                    text run at (34,0) width 21: "Yes"
                RenderBlock {P} at (8,61) size 90x15
                  RenderText {#text} at (36,0) size 17x15
                    text run at (36,0) width 17: "No"
                  RenderInline {SPAN} at (0,0) size 1x15
                    RenderInline {O:P} at (0,0) size 1x15
            RenderTableRow {TR} at (0,2204) size 472x76
              RenderTableCell {TD} at (0,2204) size 99x16 [border: (1px none #808080) none] [r=35 c=0 rs=1 cs=1]
                RenderBlock {P} at (8,1) size 84x15
                  RenderText {#text} at (34,0) size 15x15
                    text run at (34,0) width 15: "36"
                  RenderInline {SPAN} at (0,0) size 1x15
                    RenderInline {O:P} at (0,0) size 1x15
              RenderTableCell {TD} at (98,2204) size 170x76 [border: (1px none #808080) none (1px none #808080)] [r=35 c=1 rs=1 cs=1]
                RenderBlock {P} at (8,1) size 155x15
                  RenderText {#text} at (0,0) size 71x15
                    text run at (0,0) width 71: "Jason Beehm"
                RenderBlock {P} at (8,16) size 155x15
                  RenderText {#text} at (0,0) size 93x15
                    text run at (0,0) width 93: "Darrell Carpenter"
                RenderBlock {P} at (8,31) size 155x15
                  RenderText {#text} at (0,0) size 82x15
                    text run at (0,0) width 82: "Stefan Kiritzov"
                RenderBlock {P} at (8,46) size 155x15
                  RenderText {#text} at (0,0) size 68x15
                    text run at (0,0) width 68: "Dale Barnett"
                RenderBlock {P} at (8,61) size 155x15
                  RenderText {#text} at (0,0) size 63x15
                    text run at (0,0) width 63: "Dan Sievert"
                  RenderInline {SPAN} at (0,0) size 0x15
                    RenderInline {O:P} at (0,0) size 0x15
              RenderTableCell {TD} at (268,2204) size 99x76 [border: (1px none #808080) none (1px none #808080)] [r=35 c=2 rs=1 cs=1]
                RenderBlock {P} at (8,1) size 84x15
                  RenderText {#text} at (31,0) size 21x15
                    text run at (31,0) width 21: "Yes"
                RenderBlock {P} at (8,16) size 84x15
                  RenderText {#text} at (31,0) size 21x15
                    text run at (31,0) width 21: "Yes"
                RenderBlock {P} at (8,31) size 84x15
                  RenderText {#text} at (31,0) size 21x15
                    text run at (31,0) width 21: "Yes"
                RenderBlock {P} at (8,46) size 84x15
                  RenderText {#text} at (31,0) size 21x15
                    text run at (31,0) width 21: "Yes"
                RenderBlock {P} at (8,61) size 84x15
                  RenderText {#text} at (31,0) size 21x15
                    text run at (31,0) width 21: "Yes"
                  RenderInline {SPAN} at (0,0) size 1x15
                    RenderInline {O:P} at (0,0) size 1x15
              RenderTableCell {TD} at (366,2204) size 107x76 [border: (1px none #808080) none (1px none #808080)] [r=35 c=3 rs=1 cs=1]
                RenderBlock {P} at (8,1) size 90x15
                  RenderText {#text} at (36,0) size 17x15
                    text run at (36,0) width 17: "No"
                RenderBlock {P} at (8,16) size 90x15
                  RenderText {#text} at (36,0) size 17x15
                    text run at (36,0) width 17: "No"
                RenderBlock {P} at (8,31) size 90x15
                  RenderText {#text} at (34,0) size 21x15
                    text run at (34,0) width 21: "Yes"
                RenderBlock {P} at (8,46) size 90x15
                  RenderText {#text} at (36,0) size 17x15
                    text run at (36,0) width 17: "No"
                RenderBlock {P} at (8,61) size 90x15
                  RenderText {#text} at (36,0) size 17x15
                    text run at (36,0) width 17: "No"
                  RenderInline {SPAN} at (0,0) size 1x15
                    RenderInline {O:P} at (0,0) size 1x15
            RenderTableRow {TR} at (0,2280) size 472x61
              RenderTableCell {TD} at (0,2280) size 99x16 [border: (1px none #808080) none] [r=36 c=0 rs=1 cs=1]
                RenderBlock {P} at (8,1) size 84x15
                  RenderText {#text} at (34,0) size 15x15
                    text run at (34,0) width 15: "37"
                  RenderInline {SPAN} at (0,0) size 1x15
                    RenderInline {O:P} at (0,0) size 1x15
              RenderTableCell {TD} at (98,2280) size 170x61 [border: (1px none #808080) none (1px none #808080)] [r=36 c=1 rs=1 cs=1]
                RenderBlock {P} at (8,1) size 155x15
                  RenderText {#text} at (0,0) size 96x15
                    text run at (0,0) width 96: "Dominic Civiletti"
                RenderBlock {P} at (8,16) size 155x15
                  RenderText {#text} at (0,0) size 83x15
                    text run at (0,0) width 83: "John Chamorro"
                RenderBlock {P} at (8,31) size 155x15
                  RenderText {#text} at (0,0) size 74x15
                    text run at (0,0) width 74: "Jim Mirowski"
                RenderBlock {P} at (8,46) size 155x15
                  RenderText {#text} at (0,0) size 78x15
                    text run at (0,0) width 78: "Soohong  Kim"
                  RenderInline {SPAN} at (0,0) size 0x15
                    RenderInline {O:P} at (0,0) size 0x15
              RenderTableCell {TD} at (268,2280) size 99x61 [border: (1px none #808080) none (1px none #808080)] [r=36 c=2 rs=1 cs=1]
                RenderBlock {P} at (8,1) size 84x15
                  RenderText {#text} at (31,0) size 21x15
                    text run at (31,0) width 21: "Yes"
                RenderBlock {P} at (8,16) size 84x15
                  RenderText {#text} at (40,0) size 4x15
                    text run at (40,0) width 4: " "
                RenderBlock {P} at (8,31) size 84x15
                  RenderText {#text} at (40,0) size 4x15
                    text run at (40,0) width 4: " "
                RenderBlock {P} at (8,46) size 84x15
                  RenderText {#text} at (31,0) size 21x15
                    text run at (31,0) width 21: "Yes"
                  RenderInline {SPAN} at (0,0) size 1x15
                    RenderInline {O:P} at (0,0) size 1x15
              RenderTableCell {TD} at (366,2280) size 107x61 [border: (1px none #808080) none (1px none #808080)] [r=36 c=3 rs=1 cs=1]
                RenderBlock {P} at (8,1) size 90x15
                  RenderText {#text} at (36,0) size 17x15
                    text run at (36,0) width 17: "No"
                RenderBlock {P} at (8,16) size 90x15
                  RenderText {#text} at (43,0) size 4x15
                    text run at (43,0) width 4: " "
                RenderBlock {P} at (8,31) size 90x15
                  RenderText {#text} at (43,0) size 4x15
                    text run at (43,0) width 4: " "
                RenderBlock {P} at (8,46) size 90x15
                  RenderText {#text} at (36,0) size 17x15
                    text run at (36,0) width 17: "No"
                  RenderInline {SPAN} at (0,0) size 1x15
                    RenderInline {O:P} at (0,0) size 1x15
            RenderTableRow {TR} at (0,2341) size 472x91
              RenderTableCell {TD} at (0,2341) size 99x16 [border: (1px none #808080) none] [r=37 c=0 rs=1 cs=1]
                RenderBlock {P} at (8,1) size 84x15
                  RenderText {#text} at (34,0) size 15x15
                    text run at (34,0) width 15: "38"
                  RenderInline {SPAN} at (0,0) size 1x15
                    RenderInline {O:P} at (0,0) size 1x15
              RenderTableCell {TD} at (98,2341) size 170x91 [border: (1px none #808080) none (1px none #808080)] [r=37 c=1 rs=1 cs=1]
                RenderBlock {P} at (8,1) size 155x15
                  RenderText {#text} at (0,0) size 101x15
                    text run at (0,0) width 101: "Karl Allmendinger"
                  RenderInline {SPAN} at (0,0) size 0x15
                    RenderInline {O:P} at (0,0) size 0x15
                RenderBlock {P} at (8,16) size 155x15
                  RenderText {#text} at (0,0) size 65x15
                    text run at (0,0) width 65: "John Bernal"
                  RenderInline {SPAN} at (0,0) size 0x15
                    RenderInline {O:P} at (0,0) size 0x15
                RenderBlock {P} at (8,31) size 155x15
                  RenderText {#text} at (0,0) size 76x15
                    text run at (0,0) width 76: "Gene Langley"
                RenderBlock {P} at (8,46) size 155x15
                  RenderText {#text} at (0,0) size 78x15
                    text run at (0,0) width 78: "Chuck Pringle"
                RenderBlock {P} at (8,61) size 155x15
                  RenderText {#text} at (0,0) size 57x15
                    text run at (0,0) width 57: "Jimmy Lei"
                RenderBlock {P} at (8,76) size 155x15
                  RenderText {#text} at (0,0) size 93x15
                    text run at (0,0) width 93: "Ruenjoe (Joe) Lu"
                  RenderInline {SPAN} at (0,0) size 0x15
                    RenderInline {O:P} at (0,0) size 0x15
              RenderTableCell {TD} at (268,2341) size 99x61 [border: (1px none #808080) none (1px none #808080)] [r=37 c=2 rs=1 cs=1]
                RenderBlock {P} at (8,1) size 84x15
                  RenderText {#text} at (31,0) size 21x15
                    text run at (31,0) width 21: "Yes"
                  RenderInline {SPAN} at (0,0) size 1x15
                    RenderInline {O:P} at (0,0) size 1x15
                RenderBlock {P} at (8,16) size 84x15
                  RenderText {#text} at (31,0) size 21x15
                    text run at (31,0) width 21: "Yes"
                  RenderInline {SPAN} at (0,0) size 1x15
                    RenderInline {O:P} at (0,0) size 1x15
                RenderBlock {P} at (8,31) size 84x15
                  RenderText {#text} at (31,0) size 21x15
                    text run at (31,0) width 21: "Yes"
                RenderBlock {P} at (8,46) size 84x15
                  RenderText {#text} at (31,0) size 21x15
                    text run at (31,0) width 21: "Yes"
                  RenderInline {SPAN} at (0,0) size 1x15
                    RenderInline {O:P} at (0,0) size 1x15
              RenderTableCell {TD} at (366,2341) size 107x61 [border: (1px none #808080) none (1px none #808080)] [r=37 c=3 rs=1 cs=1]
                RenderBlock {P} at (8,1) size 90x15
                  RenderText {#text} at (36,0) size 17x15
                    text run at (36,0) width 17: "No"
                  RenderInline {SPAN} at (0,0) size 1x15
                    RenderInline {O:P} at (0,0) size 1x15
                RenderBlock {P} at (8,16) size 90x15
                  RenderText {#text} at (36,0) size 17x15
                    text run at (36,0) width 17: "No"
                  RenderInline {SPAN} at (0,0) size 1x15
                    RenderInline {O:P} at (0,0) size 1x15
                RenderBlock {P} at (8,31) size 90x15
                  RenderText {#text} at (5,0) size 79x15
                    text run at (5,0) width 79: "Gyro wannabe"
                RenderBlock {P} at (8,46) size 90x15
                  RenderText {#text} at (36,0) size 17x15
                    text run at (36,0) width 17: "No"
                  RenderInline {SPAN} at (0,0) size 1x15
                    RenderInline {O:P} at (0,0) size 1x15
            RenderTableRow {TR} at (0,2432) size 472x46
              RenderTableCell {TD} at (0,2432) size 99x16 [border: (1px none #808080) none] [r=38 c=0 rs=1 cs=1]
                RenderBlock {P} at (8,1) size 84x15
                  RenderText {#text} at (34,0) size 15x15
                    text run at (34,0) width 15: "39"
                  RenderInline {SPAN} at (0,0) size 1x15
                    RenderInline {O:P} at (0,0) size 1x15
              RenderTableCell {TD} at (98,2432) size 170x46 [border: (1px none #808080) none (1px none #808080)] [r=38 c=1 rs=1 cs=1]
                RenderBlock {P} at (8,1) size 155x15
                  RenderText {#text} at (0,0) size 70x15
                    text run at (0,0) width 70: "Tom Wagner"
                RenderBlock {P} at (8,16) size 155x15
                  RenderText {#text} at (0,0) size 62x15
                    text run at (0,0) width 62: "Oliver Baer"
                RenderBlock {P} at (8,31) size 155x15
                  RenderText {#text} at (0,0) size 65x15
                    text run at (0,0) width 65: "Will Sievert"
                  RenderInline {SPAN} at (0,0) size 0x15
                    RenderInline {O:P} at (0,0) size 0x15
              RenderTableCell {TD} at (268,2432) size 99x46 [border: (1px none #808080) none (1px none #808080)] [r=38 c=2 rs=1 cs=1]
                RenderBlock {P} at (8,1) size 84x15
                  RenderText {#text} at (31,0) size 21x15
                    text run at (31,0) width 21: "Yes"
                RenderBlock {P} at (8,16) size 84x15
                  RenderText {#text} at (31,0) size 21x15
                    text run at (31,0) width 21: "Yes"
                RenderBlock {P} at (8,31) size 84x15
                  RenderText {#text} at (31,0) size 21x15
                    text run at (31,0) width 21: "Yes"
                  RenderInline {SPAN} at (0,0) size 1x15
                    RenderInline {O:P} at (0,0) size 1x15
              RenderTableCell {TD} at (366,2432) size 107x46 [border: (1px none #808080) none (1px none #808080)] [r=38 c=3 rs=1 cs=1]
                RenderBlock {P} at (8,1) size 90x15
                  RenderText {#text} at (36,0) size 17x15
                    text run at (36,0) width 17: "No"
                RenderBlock {P} at (8,16) size 90x15
                  RenderText {#text} at (36,0) size 17x15
                    text run at (36,0) width 17: "No"
                RenderBlock {P} at (8,31) size 90x15
                  RenderText {#text} at (36,0) size 17x15
                    text run at (36,0) width 17: "No"
                  RenderInline {SPAN} at (0,0) size 1x15
                    RenderInline {O:P} at (0,0) size 1x15
            RenderTableRow {TR} at (0,2478) size 472x121
              RenderTableCell {TD} at (0,2478) size 99x16 [border: (1px none #808080) none] [r=39 c=0 rs=1 cs=1]
                RenderBlock {P} at (8,1) size 84x15
                  RenderText {#text} at (34,0) size 15x15
                    text run at (34,0) width 15: "40"
                  RenderInline {SPAN} at (0,0) size 1x15
                    RenderInline {O:P} at (0,0) size 1x15
              RenderTableCell {TD} at (98,2478) size 170x121 [border: (1px none #808080) none (1px none #808080)] [r=39 c=1 rs=1 cs=1]
                RenderBlock {P} at (8,1) size 155x15
                  RenderText {#text} at (0,0) size 82x15
                    text run at (0,0) width 82: "Alberto Lanzas"
                  RenderInline {SPAN} at (0,0) size 0x15
                    RenderInline {O:P} at (0,0) size 0x15
                RenderBlock {P} at (8,16) size 155x15
                  RenderText {#text} at (0,0) size 93x15
                    text run at (0,0) width 93: "Zak + Mike West"
                  RenderInline {SPAN} at (0,0) size 0x15
                    RenderInline {O:P} at (0,0) size 0x15
                RenderBlock {P} at (8,31) size 155x15
                  RenderText {#text} at (0,0) size 68x15
                    text run at (0,0) width 68: "Javier Flores"
                  RenderInline {SPAN} at (0,0) size 0x15
                    RenderInline {O:P} at (0,0) size 0x15
                RenderBlock {P} at (8,46) size 155x15
                  RenderText {#text} at (0,0) size 69x15
                    text run at (0,0) width 69: "Bill Johnson"
                  RenderInline {SPAN} at (0,0) size 0x15
                    RenderInline {O:P} at (0,0) size 0x15
                RenderBlock {P} at (8,61) size 155x15
                  RenderText {#text} at (0,0) size 76x15
                    text run at (0,0) width 76: "Gene Langley"
                RenderBlock {P} at (8,76) size 155x15
                  RenderText {#text} at (0,0) size 70x15
                    text run at (0,0) width 70: "Rich Burnett"
                RenderBlock {P} at (8,91) size 155x15
                  RenderText {#text} at (0,0) size 89x15
                    text run at (0,0) width 89: "Jack Goodfriend"
                RenderBlock {P} at (8,106) size 155x15
                  RenderText {#text} at (0,0) size 70x15
                    text run at (0,0) width 70: "Harald Close"
                  RenderInline {SPAN} at (0,0) size 0x15
                    RenderInline {O:P} at (0,0) size 0x15
              RenderTableCell {TD} at (268,2478) size 99x121 [border: (1px none #808080) none (1px none #808080)] [r=39 c=2 rs=1 cs=1]
                RenderBlock {P} at (8,1) size 84x15
                  RenderText {#text} at (31,0) size 21x15
                    text run at (31,0) width 21: "Yes"
                  RenderInline {SPAN} at (0,0) size 1x15
                    RenderInline {O:P} at (0,0) size 1x15
                RenderBlock {P} at (8,16) size 84x15
                  RenderText {#text} at (31,0) size 21x15
                    text run at (31,0) width 21: "Yes"
                  RenderInline {SPAN} at (0,0) size 1x15
                    RenderInline {O:P} at (0,0) size 1x15
                RenderBlock {P} at (8,31) size 84x15
                  RenderText {#text} at (31,0) size 21x15
                    text run at (31,0) width 21: "Yes"
                  RenderInline {SPAN} at (0,0) size 1x15
                    RenderInline {O:P} at (0,0) size 1x15
                RenderBlock {P} at (8,46) size 84x15
                  RenderText {#text} at (31,0) size 21x15
                    text run at (31,0) width 21: "Yes"
                  RenderInline {SPAN} at (0,0) size 1x15
                    RenderInline {O:P} at (0,0) size 1x15
                RenderBlock {P} at (8,61) size 84x15
                  RenderText {#text} at (31,0) size 21x15
                    text run at (31,0) width 21: "Yes"
                RenderBlock {P} at (8,76) size 84x15
                  RenderText {#text} at (40,0) size 4x15
                    text run at (40,0) width 4: " "
                RenderBlock {P} at (8,91) size 84x15
                  RenderText {#text} at (40,0) size 4x15
                    text run at (40,0) width 4: " "
                RenderBlock {P} at (8,106) size 84x15
                  RenderText {#text} at (31,0) size 21x15
                    text run at (31,0) width 21: "Yes"
                  RenderInline {SPAN} at (0,0) size 1x15
                    RenderInline {O:P} at (0,0) size 1x15
              RenderTableCell {TD} at (366,2478) size 107x121 [border: (1px none #808080) none (1px none #808080)] [r=39 c=3 rs=1 cs=1]
                RenderBlock {P} at (8,1) size 90x15
                  RenderText {#text} at (34,0) size 21x15
                    text run at (34,0) width 21: "Yes"
                  RenderInline {SPAN} at (0,0) size 1x15
                    RenderInline {O:P} at (0,0) size 1x15
                RenderBlock {P} at (8,16) size 90x15
                  RenderText {#text} at (34,0) size 21x15
                    text run at (34,0) width 21: "Yes"
                  RenderInline {SPAN} at (0,0) size 1x15
                    RenderInline {O:P} at (0,0) size 1x15
                RenderBlock {P} at (8,31) size 90x15
                  RenderText {#text} at (36,0) size 17x15
                    text run at (36,0) width 17: "No"
                  RenderInline {SPAN} at (0,0) size 1x15
                    RenderInline {O:P} at (0,0) size 1x15
                RenderBlock {P} at (8,46) size 90x15
                  RenderText {#text} at (36,0) size 17x15
                    text run at (36,0) width 17: "No"
                  RenderInline {SPAN} at (0,0) size 1x15
                    RenderInline {O:P} at (0,0) size 1x15
                RenderBlock {P} at (8,61) size 90x15
                  RenderText {#text} at (27,0) size 35x15
                    text run at (27,0) width 35: "Glider"
                RenderBlock {P} at (8,76) size 90x15
                  RenderText {#text} at (43,0) size 4x15
                    text run at (43,0) width 4: " "
                RenderBlock {P} at (8,91) size 90x15
                  RenderText {#text} at (43,0) size 4x15
                    text run at (43,0) width 4: " "
                RenderBlock {P} at (8,106) size 90x15
                  RenderText {#text} at (36,0) size 17x15
                    text run at (36,0) width 17: "No"
                  RenderInline {SPAN} at (0,0) size 1x15
                    RenderInline {O:P} at (0,0) size 1x15
            RenderTableRow {TR} at (0,2599) size 472x121
              RenderTableCell {TD} at (0,2599) size 99x16 [border: (1px none #808080) none] [r=40 c=0 rs=1 cs=1]
                RenderBlock {P} at (8,1) size 84x15
                  RenderText {#text} at (34,0) size 15x15
                    text run at (34,0) width 15: "41"
                  RenderInline {SPAN} at (0,0) size 1x15
                    RenderInline {O:P} at (0,0) size 1x15
              RenderTableCell {TD} at (98,2599) size 170x121 [border: (1px none #808080) none (1px none #808080)] [r=40 c=1 rs=1 cs=1]
                RenderBlock {P} at (8,1) size 155x15
                  RenderText {#text} at (0,0) size 96x15
                    text run at (0,0) width 96: "Dominic Civiletti"
                  RenderInline {SPAN} at (0,0) size 0x15
                    RenderInline {O:P} at (0,0) size 0x15
                RenderBlock {P} at (8,16) size 155x15
                  RenderText {#text} at (0,0) size 105x15
                    text run at (0,0) width 105: "Corbin Christensen"
                  RenderInline {SPAN} at (0,0) size 0x15
                    RenderInline {O:P} at (0,0) size 0x15
                RenderBlock {P} at (8,31) size 155x15
                  RenderText {#text} at (0,0) size 57x15
                    text run at (0,0) width 57: "Hal Hirsch"
                  RenderInline {SPAN} at (0,0) size 0x15
                    RenderInline {O:P} at (0,0) size 0x15
                RenderBlock {P} at (8,46) size 155x15
                  RenderText {#text} at (0,0) size 91x15
                    text run at (0,0) width 91: "Richard Sanchez"
                RenderBlock {P} at (8,61) size 155x15
                  RenderText {#text} at (0,0) size 65x15
                    text run at (0,0) width 65: "John Bernal"
                RenderBlock {P} at (8,76) size 155x15
                  RenderText {#text} at (0,0) size 70x15
                    text run at (0,0) width 70: "Rich Burnett"
                RenderBlock {P} at (8,91) size 155x15
                  RenderText {#text} at (0,0) size 72x15
                    text run at (0,0) width 72: "Brock Brown"
                RenderBlock {P} at (8,106) size 155x15
                  RenderText {#text} at (0,0) size 55x15
                    text run at (0,0) width 55: "John Paye"
                  RenderInline {SPAN} at (0,0) size 0x15
                    RenderInline {O:P} at (0,0) size 0x15
              RenderTableCell {TD} at (268,2599) size 99x106 [border: (1px none #808080) none (1px none #808080)] [r=40 c=2 rs=1 cs=1]
                RenderBlock {P} at (8,1) size 84x15
                  RenderText {#text} at (31,0) size 21x15
                    text run at (31,0) width 21: "Yes"
                  RenderInline {SPAN} at (0,0) size 1x15
                    RenderInline {O:P} at (0,0) size 1x15
                RenderBlock {P} at (8,16) size 84x15
                  RenderText {#text} at (31,0) size 21x15
                    text run at (31,0) width 21: "Yes"
                  RenderInline {SPAN} at (0,0) size 1x15
                    RenderInline {O:P} at (0,0) size 1x15
                RenderBlock {P} at (8,31) size 84x15
                  RenderText {#text} at (31,0) size 21x15
                    text run at (31,0) width 21: "Yes"
                  RenderInline {SPAN} at (0,0) size 1x15
                    RenderInline {O:P} at (0,0) size 1x15
                RenderBlock {P} at (8,46) size 84x15
                  RenderText {#text} at (33,0) size 17x15
                    text run at (33,0) width 17: "No"
                RenderBlock {P} at (8,61) size 84x15
                  RenderText {#text} at (31,0) size 21x15
                    text run at (31,0) width 21: "Yes"
                RenderBlock {P} at (8,76) size 84x15
                  RenderText {#text} at (40,0) size 4x15
                    text run at (40,0) width 4: " "
                RenderBlock {P} at (8,91) size 84x15
                  RenderText {#text} at (31,0) size 21x15
                    text run at (31,0) width 21: "Yes"
                  RenderInline {SPAN} at (0,0) size 1x15
                    RenderInline {O:P} at (0,0) size 1x15
              RenderTableCell {TD} at (366,2599) size 107x106 [border: (1px none #808080) none (1px none #808080)] [r=40 c=3 rs=1 cs=1]
                RenderBlock {P} at (8,1) size 90x15
                  RenderText {#text} at (36,0) size 17x15
                    text run at (36,0) width 17: "No"
                  RenderInline {SPAN} at (0,0) size 1x15
                    RenderInline {O:P} at (0,0) size 1x15
                RenderBlock {P} at (8,16) size 90x15
                  RenderText {#text} at (36,0) size 17x15
                    text run at (36,0) width 17: "No"
                  RenderInline {SPAN} at (0,0) size 1x15
                    RenderInline {O:P} at (0,0) size 1x15
                RenderBlock {P} at (8,31) size 90x15
                  RenderText {#text} at (36,0) size 17x15
                    text run at (36,0) width 17: "No"
                  RenderInline {SPAN} at (0,0) size 1x15
                    RenderInline {O:P} at (0,0) size 1x15
                RenderBlock {P} at (8,46) size 90x15
                  RenderText {#text} at (34,0) size 21x15
                    text run at (34,0) width 21: "Yes"
                RenderBlock {P} at (8,61) size 90x15
                  RenderText {#text} at (36,0) size 17x15
                    text run at (36,0) width 17: "No"
                RenderBlock {P} at (8,76) size 90x15
                  RenderText {#text} at (43,0) size 4x15
                    text run at (43,0) width 4: " "
                RenderBlock {P} at (8,91) size 90x15
                  RenderText {#text} at (36,0) size 17x15
                    text run at (36,0) width 17: "No"
                  RenderInline {SPAN} at (0,0) size 1x15
                    RenderInline {O:P} at (0,0) size 1x15
            RenderTableRow {TR} at (0,2720) size 472x121
              RenderTableCell {TD} at (0,2720) size 99x16 [border: (1px none #808080) none] [r=41 c=0 rs=1 cs=1]
                RenderBlock {P} at (8,1) size 84x15
                  RenderText {#text} at (34,0) size 15x15
                    text run at (34,0) width 15: "42"
                  RenderInline {SPAN} at (0,0) size 1x15
                    RenderInline {O:P} at (0,0) size 1x15
              RenderTableCell {TD} at (98,2720) size 170x121 [border: (1px none #808080) none (1px none #808080)] [r=41 c=1 rs=1 cs=1]
                RenderBlock {P} at (8,1) size 155x15
                  RenderText {#text} at (0,0) size 48x15
                    text run at (0,0) width 48: "Tony Yu"
                  RenderInline {SPAN} at (0,0) size 0x15
                    RenderInline {O:P} at (0,0) size 0x15
                RenderBlock {P} at (8,16) size 155x15
                  RenderText {#text} at (0,0) size 67x15
                    text run at (0,0) width 67: "Jason Miller"
                  RenderInline {SPAN} at (0,0) size 0x15
                    RenderInline {O:P} at (0,0) size 0x15
                RenderBlock {P} at (8,31) size 155x15
                  RenderText {#text} at (0,0) size 86x15
                    text run at (0,0) width 86: "Maurice Burton"
                RenderBlock {P} at (8,46) size 155x15
                  RenderText {#text} at (0,0) size 63x15
                    text run at (0,0) width 63: "Dan Sievert"
                RenderBlock {P} at (8,61) size 155x15
                  RenderText {#text} at (0,0) size 60x15
                    text run at (0,0) width 60: "Jerry Davis"
                RenderBlock {P} at (8,76) size 155x15
                  RenderText {#text} at (0,0) size 55x15
                    text run at (0,0) width 55: "John Paye"
                RenderBlock {P} at (8,91) size 155x15
                  RenderText {#text} at (0,0) size 71x15
                    text run at (0,0) width 71: "Gordon Frost"
                RenderBlock {P} at (8,106) size 155x15
                  RenderText {#text} at (0,0) size 66x15
                    text run at (0,0) width 66: "Chris Walsh"
                  RenderInline {SPAN} at (0,0) size 0x15
                    RenderInline {O:P} at (0,0) size 0x15
              RenderTableCell {TD} at (268,2720) size 99x76 [border: (1px none #808080) none (1px none #808080)] [r=41 c=2 rs=1 cs=1]
                RenderBlock {P} at (8,1) size 84x15
                  RenderText {#text} at (31,0) size 21x15
                    text run at (31,0) width 21: "Yes"
                  RenderInline {SPAN} at (0,0) size 1x15
                    RenderInline {O:P} at (0,0) size 1x15
                RenderBlock {P} at (8,16) size 84x15
                  RenderText {#text} at (31,0) size 21x15
                    text run at (31,0) width 21: "Yes"
                  RenderInline {SPAN} at (0,0) size 1x15
                    RenderInline {O:P} at (0,0) size 1x15
                RenderBlock {P} at (8,31) size 84x15
                  RenderText {#text} at (31,0) size 21x15
                    text run at (31,0) width 21: "Yes"
                RenderBlock {P} at (8,46) size 84x15
                  RenderText {#text} at (31,0) size 21x15
                    text run at (31,0) width 21: "Yes"
                RenderBlock {P} at (8,61) size 84x15
                  RenderText {#text} at (31,0) size 21x15
                    text run at (31,0) width 21: "Yes"
                  RenderInline {SPAN} at (0,0) size 1x15
                    RenderInline {O:P} at (0,0) size 1x15
              RenderTableCell {TD} at (366,2720) size 107x76 [border: (1px none #808080) none (1px none #808080)] [r=41 c=3 rs=1 cs=1]
                RenderBlock {P} at (8,1) size 90x15
                  RenderText {#text} at (36,0) size 17x15
                    text run at (36,0) width 17: "No"
                  RenderInline {SPAN} at (0,0) size 1x15
                    RenderInline {O:P} at (0,0) size 1x15
                RenderBlock {P} at (8,16) size 90x15
                  RenderText {#text} at (36,0) size 17x15
                    text run at (36,0) width 17: "No"
                  RenderInline {SPAN} at (0,0) size 1x15
                    RenderInline {O:P} at (0,0) size 1x15
                RenderBlock {P} at (8,31) size 90x15
                  RenderText {#text} at (36,0) size 17x15
                    text run at (36,0) width 17: "No"
                RenderBlock {P} at (8,46) size 90x15
                  RenderText {#text} at (36,0) size 17x15
                    text run at (36,0) width 17: "No"
                RenderBlock {P} at (8,61) size 90x15
                  RenderText {#text} at (36,0) size 17x15
                    text run at (36,0) width 17: "No"
                  RenderInline {SPAN} at (0,0) size 1x15
                    RenderInline {O:P} at (0,0) size 1x15
            RenderTableRow {TR} at (0,2841) size 472x106
              RenderTableCell {TD} at (0,2841) size 99x16 [border: (1px none #808080) none] [r=42 c=0 rs=1 cs=1]
                RenderBlock {P} at (8,1) size 84x15
                  RenderText {#text} at (34,0) size 15x15
                    text run at (34,0) width 15: "43"
                  RenderInline {SPAN} at (0,0) size 1x15
                    RenderInline {O:P} at (0,0) size 1x15
              RenderTableCell {TD} at (98,2841) size 170x106 [border: (1px none #808080) none (1px none #808080)] [r=42 c=1 rs=1 cs=1]
                RenderBlock {P} at (8,1) size 155x15
                  RenderText {#text} at (0,0) size 96x15
                    text run at (0,0) width 96: "Dominic Civiletti"
                  RenderInline {SPAN} at (0,0) size 0x15
                    RenderInline {O:P} at (0,0) size 0x15
                RenderBlock {P} at (8,16) size 155x15
                  RenderText {#text} at (0,0) size 67x15
                    text run at (0,0) width 67: "Ken Gullion"
                  RenderInline {SPAN} at (0,0) size 0x15
                    RenderInline {O:P} at (0,0) size 0x15
                RenderBlock {P} at (8,31) size 155x15
                  RenderText {#text} at (0,0) size 65x15
                    text run at (0,0) width 65: "Will Sievert"
                RenderBlock {P} at (8,46) size 155x15
                  RenderText {#text} at (0,0) size 74x15
                    text run at (0,0) width 74: "Jim Mahoney"
                RenderBlock {P} at (8,61) size 155x15
                  RenderText {#text} at (0,0) size 67x15
                    text run at (0,0) width 67: "Ken Manuel"
                RenderBlock {P} at (8,76) size 155x15
                  RenderText {#text} at (0,0) size 58x15
                    text run at (0,0) width 58: "John Todd"
                RenderBlock {P} at (8,91) size 155x15
                  RenderText {#text} at (0,0) size 89x15
                    text run at (0,0) width 89: "Rick Rasmussen"
                  RenderInline {SPAN} at (0,0) size 0x15
                    RenderInline {O:P} at (0,0) size 0x15
              RenderTableCell {TD} at (268,2841) size 99x76 [border: (1px none #808080) none (1px none #808080)] [r=42 c=2 rs=1 cs=1]
                RenderBlock {P} at (8,1) size 84x15
                  RenderText {#text} at (31,0) size 21x15
                    text run at (31,0) width 21: "Yes"
                  RenderInline {SPAN} at (0,0) size 1x15
                    RenderInline {O:P} at (0,0) size 1x15
                RenderBlock {P} at (8,16) size 84x15
                  RenderText {#text} at (31,0) size 21x15
                    text run at (31,0) width 21: "Yes"
                  RenderInline {SPAN} at (0,0) size 1x15
                    RenderInline {O:P} at (0,0) size 1x15
                RenderBlock {P} at (8,31) size 84x15
                  RenderText {#text} at (31,0) size 21x15
                    text run at (31,0) width 21: "Yes"
                RenderBlock {P} at (8,46) size 84x15
                  RenderText {#text} at (31,0) size 21x15
                    text run at (31,0) width 21: "Yes"
                RenderBlock {P} at (8,61) size 84x15
                  RenderText {#text} at (31,0) size 21x15
                    text run at (31,0) width 21: "Yes"
                  RenderInline {SPAN} at (0,0) size 1x15
                    RenderInline {O:P} at (0,0) size 1x15
              RenderTableCell {TD} at (366,2841) size 107x76 [border: (1px none #808080) none (1px none #808080)] [r=42 c=3 rs=1 cs=1]
                RenderBlock {P} at (8,1) size 90x15
                  RenderText {#text} at (36,0) size 17x15
                    text run at (36,0) width 17: "No"
                  RenderInline {SPAN} at (0,0) size 1x15
                    RenderInline {O:P} at (0,0) size 1x15
                RenderBlock {P} at (8,16) size 90x15
                  RenderText {#text} at (36,0) size 17x15
                    text run at (36,0) width 17: "No"
                  RenderInline {SPAN} at (0,0) size 1x15
                    RenderInline {O:P} at (0,0) size 1x15
                RenderBlock {P} at (8,31) size 90x15
                  RenderText {#text} at (19,0) size 51x15
                    text run at (19,0) width 51: "Someday"
                RenderBlock {P} at (8,46) size 90x15
                  RenderText {#text} at (34,0) size 21x15
                    text run at (34,0) width 21: "Yes"
                RenderBlock {P} at (8,61) size 90x15
                  RenderText {#text} at (36,0) size 17x15
                    text run at (36,0) width 17: "No"
                  RenderInline {SPAN} at (0,0) size 1x15
                    RenderInline {O:P} at (0,0) size 1x15
            RenderTableRow {TR} at (0,2947) size 472x61
              RenderTableCell {TD} at (0,2947) size 99x16 [border: (1px none #808080) none] [r=43 c=0 rs=1 cs=1]
                RenderBlock {P} at (8,1) size 84x15
                  RenderText {#text} at (34,0) size 15x15
                    text run at (34,0) width 15: "44"
                  RenderInline {SPAN} at (0,0) size 1x15
                    RenderInline {O:P} at (0,0) size 1x15
              RenderTableCell {TD} at (98,2947) size 170x61 [border: (1px none #808080) none (1px none #808080)] [r=43 c=1 rs=1 cs=1]
                RenderBlock {P} at (8,1) size 155x15
                  RenderText {#text} at (0,0) size 61x15
                    text run at (0,0) width 61: "Gary Heath"
                  RenderInline {SPAN} at (0,0) size 0x15
                    RenderInline {O:P} at (0,0) size 0x15
                RenderBlock {P} at (8,16) size 155x15
                  RenderText {#text} at (0,0) size 81x15
                    text run at (0,0) width 81: "Quinn Chuong"
                RenderBlock {P} at (8,31) size 155x15
                  RenderText {#text} at (0,0) size 63x15
                    text run at (0,0) width 63: "Dan Sievert"
                RenderBlock {P} at (8,46) size 155x15
                  RenderText {#text} at (0,0) size 85x15
                    text run at (0,0) width 85: "Alexander Wert"
                  RenderInline {SPAN} at (0,0) size 0x15
                    RenderInline {O:P} at (0,0) size 0x15
              RenderTableCell {TD} at (268,2947) size 99x61 [border: (1px none #808080) none (1px none #808080)] [r=43 c=2 rs=1 cs=1]
                RenderBlock {P} at (8,1) size 84x15
                  RenderText {#text} at (33,0) size 17x15
                    text run at (33,0) width 17: "No"
                  RenderInline {SPAN} at (0,0) size 1x15
                    RenderInline {O:P} at (0,0) size 1x15
                RenderBlock {P} at (8,16) size 84x15
                  RenderText {#text} at (31,0) size 21x15
                    text run at (31,0) width 21: "Yes"
                RenderBlock {P} at (8,31) size 84x15
                  RenderText {#text} at (31,0) size 21x15
                    text run at (31,0) width 21: "Yes"
                RenderBlock {P} at (8,46) size 84x15
                  RenderText {#text} at (33,0) size 17x15
                    text run at (33,0) width 17: "No"
                  RenderInline {SPAN} at (0,0) size 1x15
                    RenderInline {O:P} at (0,0) size 1x15
              RenderTableCell {TD} at (366,2947) size 107x61 [border: (1px none #808080) none (1px none #808080)] [r=43 c=3 rs=1 cs=1]
                RenderBlock {P} at (8,1) size 90x15
                  RenderText {#text} at (34,0) size 21x15
                    text run at (34,0) width 21: "Yes"
                  RenderInline {SPAN} at (0,0) size 1x15
                    RenderInline {O:P} at (0,0) size 1x15
                RenderBlock {P} at (8,16) size 90x15
                  RenderText {#text} at (34,0) size 21x15
                    text run at (34,0) width 21: "Yes"
                RenderBlock {P} at (8,31) size 90x15
                  RenderText {#text} at (36,0) size 17x15
                    text run at (36,0) width 17: "No"
                RenderBlock {P} at (8,46) size 90x15
                  RenderText {#text} at (34,0) size 21x15
                    text run at (34,0) width 21: "Yes"
                  RenderInline {SPAN} at (0,0) size 1x15
                    RenderInline {O:P} at (0,0) size 1x15
            RenderTableRow {TR} at (0,3008) size 472x46
              RenderTableCell {TD} at (0,3008) size 99x16 [border: (1px none #808080) none] [r=44 c=0 rs=1 cs=1]
                RenderBlock {P} at (8,1) size 84x15
                  RenderText {#text} at (34,0) size 15x15
                    text run at (34,0) width 15: "45"
                  RenderInline {SPAN} at (0,0) size 1x15
                    RenderInline {O:P} at (0,0) size 1x15
              RenderTableCell {TD} at (98,3008) size 170x46 [border: (1px none #808080) none (1px none #808080)] [r=44 c=1 rs=1 cs=1]
                RenderBlock {P} at (8,1) size 155x15
                  RenderText {#text} at (0,0) size 81x15
                    text run at (0,0) width 81: "James Holaduz"
                RenderBlock {P} at (8,16) size 155x15
                  RenderInline {FONT} at (0,0) size 56x15
                    RenderText {#text} at (0,0) size 56x15
                      text run at (0,0) width 56: "Don Coon"
                RenderBlock {P} at (8,31) size 155x15
                  RenderText {#text} at (0,0) size 84x15
                    text run at (0,0) width 84: "John Yearwood"
                  RenderInline {SPAN} at (0,0) size 0x15
                    RenderInline {O:P} at (0,0) size 0x15
              RenderTableCell {TD} at (268,3008) size 99x46 [border: (1px none #808080) none (1px none #808080)] [r=44 c=2 rs=1 cs=1]
                RenderBlock {P} at (8,1) size 84x15
                  RenderText {#text} at (31,0) size 21x15
                    text run at (31,0) width 21: "Yes"
                RenderBlock {P} at (8,16) size 84x15
                  RenderText {#text} at (40,0) size 4x15
                    text run at (40,0) width 4: " "
                RenderBlock {P} at (8,31) size 84x15
                  RenderText {#text} at (31,0) size 21x15
                    text run at (31,0) width 21: "Yes"
                  RenderInline {SPAN} at (0,0) size 1x15
                    RenderInline {O:P} at (0,0) size 1x15
              RenderTableCell {TD} at (366,3008) size 107x46 [border: (1px none #808080) none (1px none #808080)] [r=44 c=3 rs=1 cs=1]
                RenderBlock {P} at (8,1) size 90x15
                  RenderText {#text} at (36,0) size 17x15
                    text run at (36,0) width 17: "No"
                RenderBlock {P} at (8,16) size 90x15
                  RenderText {#text} at (43,0) size 4x15
                    text run at (43,0) width 4: " "
                RenderBlock {P} at (8,31) size 90x15
                  RenderText {#text} at (36,0) size 17x15
                    text run at (36,0) width 17: "No"
                  RenderInline {SPAN} at (0,0) size 1x15
                    RenderInline {O:P} at (0,0) size 1x15
            RenderTableRow {TR} at (0,3054) size 472x121
              RenderTableCell {TD} at (0,3054) size 99x16 [border: (1px none #808080) none] [r=45 c=0 rs=1 cs=1]
                RenderBlock {P} at (8,1) size 84x15
                  RenderText {#text} at (34,0) size 15x15
                    text run at (34,0) width 15: "46"
                  RenderInline {SPAN} at (0,0) size 1x15
                    RenderInline {O:P} at (0,0) size 1x15
              RenderTableCell {TD} at (98,3054) size 170x121 [border: (1px none #808080) none (1px none #808080)] [r=45 c=1 rs=1 cs=1]
                RenderBlock {P} at (8,1) size 155x15
                  RenderText {#text} at (0,0) size 51x15
                    text run at (0,0) width 51: "Zak West"
                  RenderInline {SPAN} at (0,0) size 0x15
                    RenderInline {O:P} at (0,0) size 0x15
                RenderBlock {P} at (8,16) size 155x15
                  RenderText {#text} at (0,0) size 101x15
                    text run at (0,0) width 101: "Karl Allmendinger"
                RenderBlock {P} at (8,31) size 155x15
                  RenderText {#text} at (0,0) size 84x15
                    text run at (0,0) width 84: "John Espectzde"
                RenderBlock {P} at (8,46) size 155x15
                  RenderText {#text} at (0,0) size 73x15
                    text run at (0,0) width 73: "Gene Pheiffer"
                RenderBlock {P} at (8,61) size 155x15
                  RenderText {#text} at (0,0) size 69x15
                    text run at (0,0) width 69: "Harold Todd"
                RenderBlock {P} at (8,76) size 155x15
                  RenderText {#text} at (0,0) size 86x15
                    text run at (0,0) width 86: "Gerald Cardinal"
                RenderBlock {P} at (8,91) size 155x15
                  RenderText {#text} at (0,0) size 69x15
                    text run at (0,0) width 69: "Ali Erdengiz"
                RenderBlock {P} at (8,106) size 155x15
                  RenderText {#text} at (0,0) size 85x15
                    text run at (0,0) width 85: "Jason Anderson"
                  RenderInline {SPAN} at (0,0) size 0x15
                    RenderInline {O:P} at (0,0) size 0x15
              RenderTableCell {TD} at (268,3054) size 99x121 [border: (1px none #808080) none (1px none #808080)] [r=45 c=2 rs=1 cs=1]
                RenderBlock {P} at (8,1) size 84x15
                  RenderText {#text} at (31,0) size 21x15
                    text run at (31,0) width 21: "Yes"
                  RenderInline {SPAN} at (0,0) size 1x15
                    RenderInline {O:P} at (0,0) size 1x15
                RenderBlock {P} at (8,16) size 84x15
                  RenderText {#text} at (31,0) size 21x15
                    text run at (31,0) width 21: "Yes"
                RenderBlock {P} at (8,31) size 84x15
                  RenderText {#text} at (40,0) size 4x15
                    text run at (40,0) width 4: " "
                RenderBlock {P} at (8,46) size 84x15
                  RenderText {#text} at (31,0) size 21x15
                    text run at (31,0) width 21: "Yes"
                RenderBlock {P} at (8,61) size 84x15
                  RenderText {#text} at (40,0) size 4x15
                    text run at (40,0) width 4: " "
                RenderBlock {P} at (8,76) size 84x15
                  RenderText {#text} at (40,0) size 4x15
                    text run at (40,0) width 4: " "
                RenderBlock {P} at (8,91) size 84x15
                  RenderText {#text} at (40,0) size 4x15
                    text run at (40,0) width 4: " "
                RenderBlock {P} at (8,106) size 84x15
                  RenderText {#text} at (31,0) size 21x15
                    text run at (31,0) width 21: "Yes"
                  RenderInline {SPAN} at (0,0) size 1x15
                    RenderInline {O:P} at (0,0) size 1x15
              RenderTableCell {TD} at (366,3054) size 107x121 [border: (1px none #808080) none (1px none #808080)] [r=45 c=3 rs=1 cs=1]
                RenderBlock {P} at (8,1) size 90x15
                  RenderText {#text} at (34,0) size 21x15
                    text run at (34,0) width 21: "Yes"
                  RenderInline {SPAN} at (0,0) size 1x15
                    RenderInline {O:P} at (0,0) size 1x15
                RenderBlock {P} at (8,16) size 90x15
                  RenderText {#text} at (36,0) size 17x15
                    text run at (36,0) width 17: "No"
                RenderBlock {P} at (8,31) size 90x15
                  RenderText {#text} at (43,0) size 4x15
                    text run at (43,0) width 4: " "
                RenderBlock {P} at (8,46) size 90x15
                  RenderText {#text} at (36,0) size 17x15
                    text run at (36,0) width 17: "No"
                RenderBlock {P} at (8,61) size 90x15
                  RenderText {#text} at (43,0) size 4x15
                    text run at (43,0) width 4: " "
                RenderBlock {P} at (8,76) size 90x15
                  RenderText {#text} at (43,0) size 4x15
                    text run at (43,0) width 4: " "
                RenderBlock {P} at (8,91) size 90x15
                  RenderText {#text} at (43,0) size 4x15
                    text run at (43,0) width 4: " "
                RenderBlock {P} at (8,106) size 90x15
                  RenderText {#text} at (36,0) size 17x15
                    text run at (36,0) width 17: "No"
                  RenderInline {SPAN} at (0,0) size 1x15
                    RenderInline {O:P} at (0,0) size 1x15
            RenderTableRow {TR} at (0,3175) size 472x166
              RenderTableCell {TD} at (0,3175) size 99x16 [border: (1px none #808080) none] [r=46 c=0 rs=1 cs=1]
                RenderBlock {P} at (8,1) size 84x15
                  RenderText {#text} at (34,0) size 15x15
                    text run at (34,0) width 15: "47"
                  RenderInline {SPAN} at (0,0) size 1x15
                    RenderInline {O:P} at (0,0) size 1x15
              RenderTableCell {TD} at (98,3175) size 170x166 [border: (1px none #808080) none (1px none #808080)] [r=46 c=1 rs=1 cs=1]
                RenderBlock {P} at (8,1) size 155x15
                  RenderText {#text} at (0,0) size 81x15
                    text run at (0,0) width 81: "James Holaduz"
                  RenderInline {SPAN} at (0,0) size 0x15
                    RenderInline {O:P} at (0,0) size 0x15
                RenderBlock {P} at (8,16) size 155x15
                  RenderText {#text} at (0,0) size 48x15
                    text run at (0,0) width 48: "Tony Yu"
                  RenderInline {SPAN} at (0,0) size 0x15
                    RenderInline {O:P} at (0,0) size 0x15
                RenderBlock {P} at (8,31) size 155x15
                  RenderText {#text} at (0,0) size 82x15
                    text run at (0,0) width 82: "Quang Nguyen"
                  RenderInline {SPAN} at (0,0) size 0x15
                    RenderInline {O:P} at (0,0) size 0x15
                RenderBlock {P} at (8,46) size 155x15
                  RenderText {#text} at (0,0) size 75x15
                    text run at (0,0) width 75: "Rick Klement"
                  RenderInline {SPAN} at (0,0) size 0x15
                    RenderInline {O:P} at (0,0) size 0x15
                RenderBlock {P} at (8,61) size 155x15
                  RenderText {#text} at (0,0) size 83x15
                    text run at (0,0) width 83: "Mark Glanville"
                  RenderInline {SPAN} at (0,0) size 0x15
                    RenderInline {O:P} at (0,0) size 0x15
                RenderBlock {P} at (8,76) size 155x15
                  RenderText {#text} at (0,0) size 89x15
                    text run at (0,0) width 89: "Michael Chansu"
                RenderBlock {P} at (8,91) size 155x15
                  RenderText {#text} at (0,0) size 69x15
                    text run at (0,0) width 69: "Harold Todd"
                RenderBlock {P} at (8,106) size 155x15
                  RenderInline {FONT} at (0,0) size 56x15
                    RenderText {#text} at (0,0) size 56x15
                      text run at (0,0) width 56: "Don Coon"
                RenderBlock {P} at (8,121) size 155x15
                  RenderText {#text} at (0,0) size 55x15
                    text run at (0,0) width 55: "John Paye"
                RenderBlock {P} at (8,136) size 155x15
                  RenderText {#text} at (0,0) size 66x15
                    text run at (0,0) width 66: "David Allen"
                RenderBlock {P} at (8,151) size 155x15
                  RenderText {#text} at (0,0) size 108x15
                    text run at (0,0) width 108: "Raymund Leonardo"
                  RenderInline {SPAN} at (0,0) size 0x15
                    RenderInline {O:P} at (0,0) size 0x15
              RenderTableCell {TD} at (268,3175) size 99x166 [border: (1px none #808080) none (1px none #808080)] [r=46 c=2 rs=1 cs=1]
                RenderBlock {P} at (8,1) size 84x15
                  RenderText {#text} at (31,0) size 21x15
                    text run at (31,0) width 21: "Yes"
                  RenderInline {SPAN} at (0,0) size 1x15
                    RenderInline {O:P} at (0,0) size 1x15
                RenderBlock {P} at (8,16) size 84x15
                  RenderText {#text} at (31,0) size 21x15
                    text run at (31,0) width 21: "Yes"
                  RenderInline {SPAN} at (0,0) size 1x15
                    RenderInline {O:P} at (0,0) size 1x15
                RenderBlock {P} at (8,31) size 84x15
                  RenderText {#text} at (31,0) size 21x15
                    text run at (31,0) width 21: "Yes"
                  RenderInline {SPAN} at (0,0) size 1x15
                    RenderInline {O:P} at (0,0) size 1x15
                RenderBlock {P} at (8,46) size 84x15
                  RenderText {#text} at (31,0) size 21x15
                    text run at (31,0) width 21: "Yes"
                  RenderInline {SPAN} at (0,0) size 1x15
                    RenderInline {O:P} at (0,0) size 1x15
                RenderBlock {P} at (8,61) size 84x15
                  RenderText {#text} at (31,0) size 21x15
                    text run at (31,0) width 21: "Yes"
                  RenderInline {SPAN} at (0,0) size 1x15
                    RenderInline {O:P} at (0,0) size 1x15
                RenderBlock {P} at (8,76) size 84x15
                  RenderText {#text} at (31,0) size 21x15
                    text run at (31,0) width 21: "Yes"
                RenderBlock {P} at (8,91) size 84x15
                  RenderText {#text} at (40,0) size 4x15
                    text run at (40,0) width 4: " "
                RenderBlock {P} at (8,106) size 84x15
                  RenderText {#text} at (40,0) size 4x15
                    text run at (40,0) width 4: " "
                RenderBlock {P} at (8,121) size 84x15
                  RenderText {#text} at (40,0) size 4x15
                    text run at (40,0) width 4: " "
                RenderBlock {P} at (8,136) size 84x15
                  RenderText {#text} at (40,0) size 4x15
                    text run at (40,0) width 4: " "
                RenderBlock {P} at (8,151) size 84x15
                  RenderText {#text} at (33,0) size 17x15
                    text run at (33,0) width 17: "No"
                  RenderInline {SPAN} at (0,0) size 1x15
                    RenderInline {O:P} at (0,0) size 1x15
              RenderTableCell {TD} at (366,3175) size 107x166 [border: (1px none #808080) none (1px none #808080)] [r=46 c=3 rs=1 cs=1]
                RenderBlock {P} at (8,1) size 90x15
                  RenderText {#text} at (36,0) size 17x15
                    text run at (36,0) width 17: "No"
                  RenderInline {SPAN} at (0,0) size 1x15
                    RenderInline {O:P} at (0,0) size 1x15
                RenderBlock {P} at (8,16) size 90x15
                  RenderText {#text} at (36,0) size 17x15
                    text run at (36,0) width 17: "No"
                  RenderInline {SPAN} at (0,0) size 1x15
                    RenderInline {O:P} at (0,0) size 1x15
                RenderBlock {P} at (8,31) size 90x15
                  RenderText {#text} at (36,0) size 17x15
                    text run at (36,0) width 17: "No"
                  RenderInline {SPAN} at (0,0) size 1x15
                    RenderInline {O:P} at (0,0) size 1x15
                RenderBlock {P} at (8,46) size 90x15
                  RenderText {#text} at (34,0) size 21x15
                    text run at (34,0) width 21: "Yes"
                  RenderInline {SPAN} at (0,0) size 1x15
                    RenderInline {O:P} at (0,0) size 1x15
                RenderBlock {P} at (8,61) size 90x15
                  RenderText {#text} at (36,0) size 17x15
                    text run at (36,0) width 17: "No"
                  RenderInline {SPAN} at (0,0) size 1x15
                    RenderInline {O:P} at (0,0) size 1x15
                RenderBlock {P} at (8,76) size 90x15
                  RenderText {#text} at (36,0) size 17x15
                    text run at (36,0) width 17: "No"
                RenderBlock {P} at (8,91) size 90x15
                  RenderText {#text} at (43,0) size 4x15
                    text run at (43,0) width 4: " "
                RenderBlock {P} at (8,106) size 90x15
                  RenderText {#text} at (43,0) size 4x15
                    text run at (43,0) width 4: " "
                RenderBlock {P} at (8,121) size 90x15
                  RenderText {#text} at (43,0) size 4x15
                    text run at (43,0) width 4: " "
                RenderBlock {P} at (8,136) size 90x15
                  RenderText {#text} at (43,0) size 4x15
                    text run at (43,0) width 4: " "
                RenderBlock {P} at (8,151) size 90x15
                  RenderText {#text} at (34,0) size 21x15
                    text run at (34,0) width 21: "Yes"
                  RenderInline {SPAN} at (0,0) size 1x15
                    RenderInline {O:P} at (0,0) size 1x15
            RenderTableRow {TR} at (0,3341) size 472x136
              RenderTableCell {TD} at (0,3341) size 99x16 [border: (1px none #808080) none] [r=47 c=0 rs=1 cs=1]
                RenderBlock {P} at (8,1) size 84x15
                  RenderText {#text} at (34,0) size 15x15
                    text run at (34,0) width 15: "48"
                  RenderInline {SPAN} at (0,0) size 1x15
                    RenderInline {O:P} at (0,0) size 1x15
              RenderTableCell {TD} at (98,3341) size 170x136 [border: (1px none #808080) none (1px none #808080)] [r=47 c=1 rs=1 cs=1]
                RenderBlock {P} at (8,1) size 155x15
                  RenderText {#text} at (0,0) size 83x15
                    text run at (0,0) width 83: "Mark Glanville"
                  RenderInline {SPAN} at (0,0) size 0x15
                    RenderInline {O:P} at (0,0) size 0x15
                RenderBlock {P} at (8,16) size 155x15
                  RenderText {#text} at (0,0) size 92x15
                    text run at (0,0) width 92: "Ian + Brad Carter"
                RenderBlock {P} at (8,31) size 155x15
                  RenderText {#text} at (0,0) size 82x15
                    text run at (0,0) width 82: "Stefan Kiritzov"
                RenderBlock {P} at (8,46) size 155x15
                  RenderText {#text} at (0,0) size 58x15
                    text run at (0,0) width 58: "Joe Araujo"
                RenderBlock {P} at (8,61) size 155x15
                  RenderText {#text} at (0,0) size 69x15
                    text run at (0,0) width 69: "Harold Todd"
                RenderBlock {P} at (8,76) size 155x15
                  RenderText {#text} at (0,0) size 71x15
                    text run at (0,0) width 71: "Steve Gilbert"
                RenderBlock {P} at (8,91) size 155x15
                  RenderText {#text} at (0,0) size 55x15
                    text run at (0,0) width 55: "Mark Diel"
                RenderBlock {P} at (8,106) size 155x15
                  RenderText {#text} at (0,0) size 89x15
                    text run at (0,0) width 89: "Jack Goodfriend"
                RenderBlock {P} at (8,121) size 155x15
                  RenderText {#text} at (0,0) size 93x15
                    text run at (0,0) width 93: "Ruenjoe (Joe) Lu"
                  RenderInline {SPAN} at (0,0) size 0x15
                    RenderInline {O:P} at (0,0) size 0x15
              RenderTableCell {TD} at (268,3341) size 99x91 [border: (1px none #808080) none (1px none #808080)] [r=47 c=2 rs=1 cs=1]
                RenderBlock {P} at (8,1) size 84x15
                  RenderText {#text} at (31,0) size 21x15
                    text run at (31,0) width 21: "Yes"
                  RenderInline {SPAN} at (0,0) size 1x15
                    RenderInline {O:P} at (0,0) size 1x15
                RenderBlock {P} at (8,16) size 84x15
                  RenderText {#text} at (31,0) size 21x15
                    text run at (31,0) width 21: "Yes"
                RenderBlock {P} at (8,31) size 84x15
                  RenderText {#text} at (31,0) size 21x15
                    text run at (31,0) width 21: "Yes"
                RenderBlock {P} at (8,46) size 84x15
                  RenderText {#text} at (40,0) size 4x15
                    text run at (40,0) width 4: " "
                RenderBlock {P} at (8,61) size 84x15
                  RenderText {#text} at (40,0) size 4x15
                    text run at (40,0) width 4: " "
                RenderBlock {P} at (8,76) size 84x15
                  RenderText {#text} at (31,0) size 21x15
                    text run at (31,0) width 21: "Yes"
                  RenderInline {SPAN} at (0,0) size 1x15
                    RenderInline {O:P} at (0,0) size 1x15
              RenderTableCell {TD} at (366,3341) size 107x91 [border: (1px none #808080) none (1px none #808080)] [r=47 c=3 rs=1 cs=1]
                RenderBlock {P} at (8,1) size 90x15
                  RenderText {#text} at (36,0) size 17x15
                    text run at (36,0) width 17: "No"
                  RenderInline {SPAN} at (0,0) size 1x15
                    RenderInline {O:P} at (0,0) size 1x15
                RenderBlock {P} at (8,16) size 90x15
                  RenderText {#text} at (36,0) size 17x15
                    text run at (36,0) width 17: "No"
                RenderBlock {P} at (8,31) size 90x15
                  RenderText {#text} at (34,0) size 21x15
                    text run at (34,0) width 21: "Yes"
                RenderBlock {P} at (8,46) size 90x15
                  RenderText {#text} at (43,0) size 4x15
                    text run at (43,0) width 4: " "
                RenderBlock {P} at (8,61) size 90x15
                  RenderText {#text} at (43,0) size 4x15
                    text run at (43,0) width 4: " "
                RenderBlock {P} at (8,76) size 90x15
                  RenderText {#text} at (36,0) size 17x15
                    text run at (36,0) width 17: "No"
                  RenderInline {SPAN} at (0,0) size 1x15
                    RenderInline {O:P} at (0,0) size 1x15
            RenderTableRow {TR} at (0,3477) size 472x61
              RenderTableCell {TD} at (0,3477) size 99x16 [border: (1px none #808080) none] [r=48 c=0 rs=1 cs=1]
                RenderBlock {P} at (8,1) size 84x15
                  RenderText {#text} at (34,0) size 15x15
                    text run at (34,0) width 15: "49"
                  RenderInline {SPAN} at (0,0) size 1x15
                    RenderInline {O:P} at (0,0) size 1x15
              RenderTableCell {TD} at (98,3477) size 170x61 [border: (1px none #808080) none (1px none #808080)] [r=48 c=1 rs=1 cs=1]
                RenderBlock {P} at (8,1) size 155x15
                  RenderText {#text} at (0,0) size 69x15
                    text run at (0,0) width 69: "Ali Erdengiz"
                RenderBlock {P} at (8,16) size 155x15
                  RenderText {#text} at (0,0) size 66x15
                    text run at (0,0) width 66: "David Allen"
                RenderBlock {P} at (8,31) size 155x15
                  RenderInline {SPAN} at (0,0) size 74x15
                    RenderInline {O:P} at (0,0) size 0x0
                    RenderText {#text} at (0,0) size 74x15
                      text run at (0,0) width 74: "Narayen Raju"
                RenderBlock {P} at (8,46) size 155x15
                  RenderInline {SPAN} at (0,0) size 85x15
                    RenderText {#text} at (0,0) size 85x15
                      text run at (0,0) width 33: "Jason "
                      text run at (33,0) width 52: "Anderson"
              RenderTableCell {TD} at (268,3477) size 99x61 [border: (1px none #808080) none (1px none #808080)] [r=48 c=2 rs=1 cs=1]
                RenderBlock {P} at (8,1) size 84x15
                  RenderText {#text} at (40,0) size 4x15
                    text run at (40,0) width 4: " "
                RenderBlock {P} at (8,16) size 84x15
                  RenderText {#text} at (40,0) size 4x15
                    text run at (40,0) width 4: " "
                RenderBlock {P} at (8,31) size 84x15
                  RenderText {#text} at (40,0) size 4x15
                    text run at (40,0) width 4: " "
                RenderBlock {P} at (8,46) size 84x15
                  RenderText {#text} at (31,0) size 21x15
                    text run at (31,0) width 21: "Yes"
                  RenderInline {SPAN} at (0,0) size 1x15
                    RenderInline {O:P} at (0,0) size 1x15
              RenderTableCell {TD} at (366,3477) size 107x61 [border: (1px none #808080) none (1px none #808080)] [r=48 c=3 rs=1 cs=1]
                RenderBlock {P} at (8,1) size 90x15
                  RenderText {#text} at (43,0) size 4x15
                    text run at (43,0) width 4: " "
                RenderBlock {P} at (8,16) size 90x15
                  RenderText {#text} at (43,0) size 4x15
                    text run at (43,0) width 4: " "
                RenderBlock {P} at (8,31) size 90x15
                  RenderText {#text} at (43,0) size 4x15
                    text run at (43,0) width 4: " "
                RenderBlock {P} at (8,46) size 90x15
                  RenderText {#text} at (36,0) size 17x15
                    text run at (36,0) width 17: "No"
                  RenderInline {SPAN} at (0,0) size 1x15
                    RenderInline {O:P} at (0,0) size 1x15
            RenderTableRow {TR} at (0,3538) size 472x136
              RenderTableCell {TD} at (0,3538) size 99x16 [border: (1px none #808080) none] [r=49 c=0 rs=1 cs=1]
                RenderBlock {P} at (8,1) size 84x15
                  RenderText {#text} at (34,0) size 15x15
                    text run at (34,0) width 15: "50"
                  RenderInline {SPAN} at (0,0) size 1x15
                    RenderInline {O:P} at (0,0) size 1x15
              RenderTableCell {TD} at (98,3538) size 170x136 [border: (1px none #808080) none (1px none #808080)] [r=49 c=1 rs=1 cs=1]
                RenderBlock {P} at (8,1) size 155x15
                  RenderText {#text} at (0,0) size 51x15
                    text run at (0,0) width 51: "Zak West"
                  RenderInline {SPAN} at (0,0) size 0x15
                    RenderInline {O:P} at (0,0) size 0x15
                RenderBlock {P} at (8,16) size 155x15
                  RenderText {#text} at (0,0) size 75x15
                    text run at (0,0) width 75: "Rick Klement"
                  RenderInline {SPAN} at (0,0) size 0x15
                    RenderInline {O:P} at (0,0) size 0x15
                RenderBlock {P} at (8,31) size 155x15
                  RenderText {#text} at (0,0) size 58x15
                    text run at (0,0) width 58: "Jim Bernal"
                RenderBlock {P} at (8,46) size 155x15
                  RenderText {#text} at (0,0) size 89x15
                    text run at (0,0) width 89: "Alan Littlewood"
                RenderBlock {P} at (8,61) size 155x15
                  RenderText {#text} at (0,0) size 60x15
                    text run at (0,0) width 60: "Jerry Davis"
                RenderBlock {P} at (8,76) size 155x15
                  RenderText {#text} at (0,0) size 84x15
                    text run at (0,0) width 84: "Lauren Bussard"
                RenderBlock {P} at (8,91) size 155x15
                  RenderText {#text} at (0,0) size 84x15
                    text run at (0,0) width 84: "John Yearwood"
                RenderBlock {P} at (8,106) size 155x15
                  RenderText {#text} at (0,0) size 74x15
                    text run at (0,0) width 74: "Narayan Raju"
                RenderBlock {P} at (8,121) size 155x15
                  RenderText {#text} at (0,0) size 67x15
                    text run at (0,0) width 67: "Ken Manuel"
                  RenderInline {SPAN} at (0,0) size 0x15
                    RenderInline {O:P} at (0,0) size 0x15
              RenderTableCell {TD} at (268,3538) size 99x106 [border: (1px none #808080) none (1px none #808080)] [r=49 c=2 rs=1 cs=1]
                RenderBlock {P} at (8,1) size 84x15
                  RenderText {#text} at (31,0) size 21x15
                    text run at (31,0) width 21: "Yes"
                  RenderInline {SPAN} at (0,0) size 1x15
                    RenderInline {O:P} at (0,0) size 1x15
                RenderBlock {P} at (8,16) size 84x15
                  RenderText {#text} at (31,0) size 21x15
                    text run at (31,0) width 21: "Yes"
                  RenderInline {SPAN} at (0,0) size 1x15
                    RenderInline {O:P} at (0,0) size 1x15
                RenderBlock {P} at (8,31) size 84x15
                  RenderText {#text} at (31,0) size 21x15
                    text run at (31,0) width 21: "Yes"
                RenderBlock {P} at (8,46) size 84x15
                  RenderText {#text} at (31,0) size 21x15
                    text run at (31,0) width 21: "Yes"
                RenderBlock {P} at (8,61) size 84x15
                  RenderText {#text} at (31,0) size 21x15
                    text run at (31,0) width 21: "Yes"
                RenderBlock {P} at (8,76) size 84x15
                  RenderText {#text} at (40,0) size 4x15
                    text run at (40,0) width 4: " "
                RenderBlock {P} at (8,91) size 84x15
                  RenderText {#text} at (31,0) size 21x15
                    text run at (31,0) width 21: "Yes"
                  RenderInline {SPAN} at (0,0) size 1x15
                    RenderInline {O:P} at (0,0) size 1x15
              RenderTableCell {TD} at (366,3538) size 107x106 [border: (1px none #808080) none (1px none #808080)] [r=49 c=3 rs=1 cs=1]
                RenderBlock {P} at (8,1) size 90x15
                  RenderText {#text} at (34,0) size 21x15
                    text run at (34,0) width 21: "Yes"
                  RenderInline {SPAN} at (0,0) size 1x15
                    RenderInline {O:P} at (0,0) size 1x15
                RenderBlock {P} at (8,16) size 90x15
                  RenderText {#text} at (34,0) size 21x15
                    text run at (34,0) width 21: "Yes"
                  RenderInline {SPAN} at (0,0) size 1x15
                    RenderInline {O:P} at (0,0) size 1x15
                RenderBlock {P} at (8,31) size 90x15
                  RenderText {#text} at (36,0) size 17x15
                    text run at (36,0) width 17: "No"
                RenderBlock {P} at (8,46) size 90x15
                  RenderText {#text} at (36,0) size 17x15
                    text run at (36,0) width 17: "No"
                RenderBlock {P} at (8,61) size 90x15
                  RenderText {#text} at (34,0) size 21x15
                    text run at (34,0) width 21: "Yes"
                RenderBlock {P} at (8,76) size 90x15
                  RenderText {#text} at (43,0) size 4x15
                    text run at (43,0) width 4: " "
                RenderBlock {P} at (8,91) size 90x15
                  RenderText {#text} at (36,0) size 17x15
                    text run at (36,0) width 17: "No"
                  RenderInline {SPAN} at (0,0) size 1x15
                    RenderInline {O:P} at (0,0) size 1x15
            RenderTableRow {TR} at (0,3674) size 472x46
              RenderTableCell {TD} at (0,3674) size 99x16 [border: (1px none #808080) none] [r=50 c=0 rs=1 cs=1]
                RenderBlock {P} at (8,1) size 84x15
                  RenderText {#text} at (34,0) size 15x15
                    text run at (34,0) width 15: "51"
                  RenderInline {SPAN} at (0,0) size 1x15
                    RenderInline {O:P} at (0,0) size 1x15
              RenderTableCell {TD} at (98,3674) size 170x46 [border: (1px none #808080) none (1px none #808080)] [r=50 c=1 rs=1 cs=1]
                RenderBlock {P} at (8,1) size 155x15
                  RenderText {#text} at (0,0) size 80x15
                    text run at (0,0) width 80: "Robert Barnett"
                RenderBlock {P} at (8,16) size 155x15
                  RenderText {#text} at (0,0) size 74x15
                    text run at (0,0) width 74: "Jim Mahoney"
                RenderBlock {P} at (8,31) size 155x15
                  RenderText {#text} at (0,0) size 85x15
                    text run at (0,0) width 85: "Jason Anderson"
                  RenderInline {SPAN} at (0,0) size 0x15
                    RenderInline {O:P} at (0,0) size 0x15
              RenderTableCell {TD} at (268,3674) size 99x46 [border: (1px none #808080) none (1px none #808080)] [r=50 c=2 rs=1 cs=1]
                RenderBlock {P} at (8,1) size 84x15
                  RenderText {#text} at (31,0) size 21x15
                    text run at (31,0) width 21: "Yes"
                RenderBlock {P} at (8,16) size 84x15
                  RenderText {#text} at (31,0) size 21x15
                    text run at (31,0) width 21: "Yes"
                RenderBlock {P} at (8,31) size 84x15
                  RenderText {#text} at (31,0) size 21x15
                    text run at (31,0) width 21: "Yes"
                  RenderInline {SPAN} at (0,0) size 1x15
                    RenderInline {O:P} at (0,0) size 1x15
              RenderTableCell {TD} at (366,3674) size 107x46 [border: (1px none #808080) none (1px none #808080)] [r=50 c=3 rs=1 cs=1]
                RenderBlock {P} at (8,1) size 90x15
                  RenderInline {SPAN} at (0,0) size 17x15
                    RenderText {#text} at (36,0) size 17x15
                      text run at (36,0) width 17: "No"
                    RenderInline {O:P} at (0,0) size 1x15
                RenderBlock {P} at (8,16) size 90x15
                  RenderInline {SPAN} at (0,0) size 21x15
                    RenderText {#text} at (34,0) size 21x15
                      text run at (34,0) width 21: "Yes"
                RenderBlock {P} at (8,31) size 90x15
                  RenderInline {SPAN} at (0,0) size 17x15
                    RenderText {#text} at (36,0) size 17x15
                      text run at (36,0) width 17: "No"
                  RenderInline {SPAN} at (0,0) size 1x15
                    RenderInline {O:P} at (0,0) size 1x15
            RenderTableRow {TR} at (0,3720) size 472x76
              RenderTableCell {TD} at (0,3720) size 99x16 [border: (1px none #808080) none] [r=51 c=0 rs=1 cs=1]
                RenderBlock {P} at (8,1) size 84x15
                  RenderText {#text} at (34,0) size 15x15
                    text run at (34,0) width 15: "52"
                  RenderInline {SPAN} at (0,0) size 1x15
                    RenderInline {O:P} at (0,0) size 1x15
              RenderTableCell {TD} at (98,3720) size 170x76 [border: (1px none #808080) none (1px none #808080)] [r=51 c=1 rs=1 cs=1]
                RenderBlock {P} at (8,1) size 155x15
                  RenderText {#text} at (0,0) size 59x15
                    text run at (0,0) width 59: "Mike West"
                  RenderInline {SPAN} at (0,0) size 0x15
                    RenderInline {O:P} at (0,0) size 0x15
                RenderBlock {P} at (8,16) size 155x15
                  RenderText {#text} at (0,0) size 82x15
                    text run at (0,0) width 82: "Robert Frogner"
                RenderBlock {P} at (8,31) size 155x15
                  RenderText {#text} at (0,0) size 89x15
                    text run at (0,0) width 89: "Chris McDowell"
                RenderBlock {P} at (8,46) size 155x15
                  RenderText {#text} at (0,0) size 55x15
                    text run at (0,0) width 55: "Ed Cypret"
                RenderBlock {P} at (8,61) size 155x15
                  RenderText {#text} at (0,0) size 68x15
                    text run at (0,0) width 68: "Dale Barnett"
                  RenderInline {SPAN} at (0,0) size 0x15
                    RenderInline {O:P} at (0,0) size 0x15
              RenderTableCell {TD} at (268,3720) size 99x76 [border: (1px none #808080) none (1px none #808080)] [r=51 c=2 rs=1 cs=1]
                RenderBlock {P} at (8,1) size 84x15
                  RenderText {#text} at (31,0) size 21x15
                    text run at (31,0) width 21: "Yes"
                  RenderInline {SPAN} at (0,0) size 1x15
                    RenderInline {O:P} at (0,0) size 1x15
                RenderBlock {P} at (8,16) size 84x15
                  RenderText {#text} at (31,0) size 21x15
                    text run at (31,0) width 21: "Yes"
                RenderBlock {P} at (8,31) size 84x15
                  RenderText {#text} at (31,0) size 21x15
                    text run at (31,0) width 21: "Yes"
                RenderBlock {P} at (8,46) size 84x15
                  RenderText {#text} at (40,0) size 4x15
                    text run at (40,0) width 4: " "
                RenderBlock {P} at (8,61) size 84x15
                  RenderText {#text} at (31,0) size 21x15
                    text run at (31,0) width 21: "Yes"
                  RenderInline {SPAN} at (0,0) size 1x15
                    RenderInline {O:P} at (0,0) size 1x15
              RenderTableCell {TD} at (366,3720) size 107x76 [border: (1px none #808080) none (1px none #808080)] [r=51 c=3 rs=1 cs=1]
                RenderBlock {P} at (8,1) size 90x15
                  RenderText {#text} at (34,0) size 21x15
                    text run at (34,0) width 21: "Yes"
                  RenderInline {SPAN} at (0,0) size 1x15
                    RenderInline {O:P} at (0,0) size 1x15
                RenderBlock {P} at (8,16) size 90x15
                  RenderText {#text} at (36,0) size 17x15
                    text run at (36,0) width 17: "No"
                RenderBlock {P} at (8,31) size 90x15
                  RenderText {#text} at (36,0) size 17x15
                    text run at (36,0) width 17: "No"
                RenderBlock {P} at (8,46) size 90x15
                  RenderText {#text} at (43,0) size 4x15
                    text run at (43,0) width 4: " "
                RenderBlock {P} at (8,61) size 90x15
                  RenderText {#text} at (36,0) size 17x15
                    text run at (36,0) width 17: "No"
                  RenderInline {SPAN} at (0,0) size 1x15
                    RenderInline {O:P} at (0,0) size 1x15
            RenderTableRow {TR} at (0,3796) size 472x76
              RenderTableCell {TD} at (0,3796) size 99x16 [border: (1px none #808080) none] [r=52 c=0 rs=1 cs=1]
                RenderBlock {P} at (8,1) size 84x15
                  RenderText {#text} at (34,0) size 15x15
                    text run at (34,0) width 15: "53"
                  RenderInline {SPAN} at (0,0) size 1x15
                    RenderInline {O:P} at (0,0) size 1x15
              RenderTableCell {TD} at (98,3796) size 170x76 [border: (1px none #808080) none (1px none #808080)] [r=52 c=1 rs=1 cs=1]
                RenderBlock {P} at (8,1) size 155x15
                  RenderText {#text} at (0,0) size 82x15
                    text run at (0,0) width 82: "Alberto Lanzas"
                  RenderInline {SPAN} at (0,0) size 0x15
                    RenderInline {O:P} at (0,0) size 0x15
                RenderBlock {P} at (8,16) size 155x15
                  RenderText {#text} at (0,0) size 69x15
                    text run at (0,0) width 69: "Bill Johnson"
                RenderBlock {P} at (8,31) size 155x15
                  RenderText {#text} at (0,0) size 42x15
                    text run at (0,0) width 42: "Al Wert"
                RenderBlock {P} at (8,46) size 155x15
                  RenderText {#text} at (0,0) size 68x15
                    text run at (0,0) width 68: "Dale Barnett"
                RenderBlock {P} at (8,61) size 155x15
                  RenderText {#text} at (0,0) size 103x15
                    text run at (0,0) width 103: "Ramin Khoshnevis"
                  RenderInline {SPAN} at (0,0) size 0x15
                    RenderInline {O:P} at (0,0) size 0x15
              RenderTableCell {TD} at (268,3796) size 99x76 [border: (1px none #808080) none (1px none #808080)] [r=52 c=2 rs=1 cs=1]
                RenderBlock {P} at (8,1) size 84x15
                  RenderText {#text} at (31,0) size 21x15
                    text run at (31,0) width 21: "Yes"
                  RenderInline {SPAN} at (0,0) size 1x15
                    RenderInline {O:P} at (0,0) size 1x15
                RenderBlock {P} at (8,16) size 84x15
                  RenderText {#text} at (31,0) size 21x15
                    text run at (31,0) width 21: "Yes"
                RenderBlock {P} at (8,31) size 84x15
                  RenderText {#text} at (33,0) size 17x15
                    text run at (33,0) width 17: "No"
                RenderBlock {P} at (8,46) size 84x15
                  RenderText {#text} at (31,0) size 21x15
                    text run at (31,0) width 21: "Yes"
                RenderBlock {P} at (8,61) size 84x15
                  RenderText {#text} at (31,0) size 21x15
                    text run at (31,0) width 21: "Yes"
                  RenderInline {SPAN} at (0,0) size 1x15
                    RenderInline {O:P} at (0,0) size 1x15
              RenderTableCell {TD} at (366,3796) size 107x76 [border: (1px none #808080) none (1px none #808080)] [r=52 c=3 rs=1 cs=1]
                RenderBlock {P} at (8,1) size 90x15
                  RenderText {#text} at (34,0) size 21x15
                    text run at (34,0) width 21: "Yes"
                  RenderInline {SPAN} at (0,0) size 1x15
                    RenderInline {O:P} at (0,0) size 1x15
                RenderBlock {P} at (8,16) size 90x15
                  RenderText {#text} at (36,0) size 17x15
                    text run at (36,0) width 17: "No"
                RenderBlock {P} at (8,31) size 90x15
                  RenderText {#text} at (34,0) size 21x15
                    text run at (34,0) width 21: "Yes"
                RenderBlock {P} at (8,46) size 90x15
                  RenderText {#text} at (36,0) size 17x15
                    text run at (36,0) width 17: "No"
                RenderBlock {P} at (8,61) size 90x15
                  RenderText {#text} at (36,0) size 17x15
                    text run at (36,0) width 17: "No"
                  RenderInline {SPAN} at (0,0) size 1x15
                    RenderInline {O:P} at (0,0) size 1x15
            RenderTableRow {TR} at (0,3872) size 472x106
              RenderTableCell {TD} at (0,3872) size 99x16 [border: (1px none #808080) none] [r=53 c=0 rs=1 cs=1]
                RenderBlock {P} at (8,1) size 84x15
                  RenderText {#text} at (34,0) size 15x15
                    text run at (34,0) width 15: "54"
                  RenderInline {SPAN} at (0,0) size 1x15
                    RenderInline {O:P} at (0,0) size 1x15
              RenderTableCell {TD} at (98,3872) size 170x106 [border: (1px none #808080) none (1px none #808080)] [r=53 c=1 rs=1 cs=1]
                RenderBlock {P} at (8,1) size 155x15
                  RenderText {#text} at (0,0) size 76x15
                    text run at (0,0) width 76: "Gene Langley"
                RenderBlock {P} at (8,16) size 155x15
                  RenderText {#text} at (0,0) size 69x15
                    text run at (0,0) width 69: "Bill Johnson"
                RenderBlock {P} at (8,31) size 155x15
                  RenderText {#text} at (0,0) size 55x15
                    text run at (0,0) width 55: "Mark Diel"
                RenderBlock {P} at (8,46) size 155x15
                  RenderText {#text} at (0,0) size 60x15
                    text run at (0,0) width 60: "Jerry Davis"
                RenderBlock {P} at (8,61) size 155x15
                  RenderText {#text} at (0,0) size 55x15
                    text run at (0,0) width 55: "Peter Starr"
                RenderBlock {P} at (8,76) size 155x15
                  RenderText {#text} at (0,0) size 84x15
                    text run at (0,0) width 84: "John Yearwood"
                RenderBlock {P} at (8,91) size 155x15
                  RenderText {#text} at (0,0) size 62x15
                    text run at (0,0) width 62: "Scott Hersh"
                  RenderInline {SPAN} at (0,0) size 0x15
                    RenderInline {O:P} at (0,0) size 0x15
              RenderTableCell {TD} at (268,3872) size 99x106 [border: (1px none #808080) none (1px none #808080)] [r=53 c=2 rs=1 cs=1]
                RenderBlock {P} at (8,1) size 84x15
                  RenderText {#text} at (31,0) size 21x15
                    text run at (31,0) width 21: "Yes"
                RenderBlock {P} at (8,16) size 84x15
                  RenderText {#text} at (31,0) size 21x15
                    text run at (31,0) width 21: "Yes"
                RenderBlock {P} at (8,31) size 84x15
                  RenderText {#text} at (40,0) size 4x15
                    text run at (40,0) width 4: " "
                RenderBlock {P} at (8,46) size 84x15
                  RenderText {#text} at (31,0) size 21x15
                    text run at (31,0) width 21: "Yes"
                RenderBlock {P} at (8,61) size 84x15
                  RenderText {#text} at (40,0) size 4x15
                    text run at (40,0) width 4: " "
                RenderBlock {P} at (8,76) size 84x15
                  RenderText {#text} at (31,0) size 21x15
                    text run at (31,0) width 21: "Yes"
                RenderBlock {P} at (8,91) size 84x15
                  RenderText {#text} at (31,0) size 21x15
                    text run at (31,0) width 21: "Yes"
                  RenderInline {SPAN} at (0,0) size 1x15
                    RenderInline {O:P} at (0,0) size 1x15
              RenderTableCell {TD} at (366,3872) size 107x106 [border: (1px none #808080) none (1px none #808080)] [r=53 c=3 rs=1 cs=1]
                RenderBlock {P} at (8,1) size 90x15
                  RenderText {#text} at (5,0) size 79x15
                    text run at (5,0) width 79: "Gyro wannabe"
                RenderBlock {P} at (8,16) size 90x15
                  RenderText {#text} at (36,0) size 17x15
                    text run at (36,0) width 17: "No"
                RenderBlock {P} at (8,31) size 90x15
                  RenderText {#text} at (43,0) size 4x15
                    text run at (43,0) width 4: " "
                RenderBlock {P} at (8,46) size 90x15
                  RenderText {#text} at (36,0) size 17x15
                    text run at (36,0) width 17: "No"
                RenderBlock {P} at (8,61) size 90x15
                  RenderText {#text} at (43,0) size 4x15
                    text run at (43,0) width 4: " "
                RenderBlock {P} at (8,76) size 90x15
                  RenderText {#text} at (36,0) size 17x15
                    text run at (36,0) width 17: "No"
                RenderBlock {P} at (8,91) size 90x15
                  RenderText {#text} at (36,0) size 17x15
                    text run at (36,0) width 17: "No"
                  RenderInline {SPAN} at (0,0) size 1x15
                    RenderInline {O:P} at (0,0) size 1x15
            RenderTableRow {TR} at (0,3978) size 472x46
              RenderTableCell {TD} at (0,3978) size 99x16 [border: (1px none #808080) none] [r=54 c=0 rs=1 cs=1]
                RenderBlock {P} at (8,1) size 84x15
                  RenderText {#text} at (34,0) size 15x15
                    text run at (34,0) width 15: "55"
                  RenderInline {SPAN} at (0,0) size 1x15
                    RenderInline {O:P} at (0,0) size 1x15
              RenderTableCell {TD} at (98,3978) size 170x46 [border: (1px none #808080) none (1px none #808080)] [r=54 c=1 rs=1 cs=1]
                RenderBlock {P} at (8,1) size 155x15
                  RenderText {#text} at (0,0) size 82x15
                    text run at (0,0) width 82: "Alberto Lanzas"
                  RenderInline {SPAN} at (0,0) size 0x15
                    RenderInline {O:P} at (0,0) size 0x15
                RenderBlock {P} at (8,16) size 155x15
                  RenderText {#text} at (0,0) size 59x15
                    text run at (0,0) width 59: "Bob Roger"
                RenderBlock {P} at (8,31) size 155x15
                  RenderText {#text} at (0,0) size 77x15
                    text run at (0,0) width 77: "Randy StClair"
                  RenderInline {SPAN} at (0,0) size 0x15
                    RenderInline {O:P} at (0,0) size 0x15
              RenderTableCell {TD} at (268,3978) size 99x46 [border: (1px none #808080) none (1px none #808080)] [r=54 c=2 rs=1 cs=1]
                RenderBlock {P} at (8,1) size 84x15
                  RenderText {#text} at (31,0) size 21x15
                    text run at (31,0) width 21: "Yes"
                  RenderInline {SPAN} at (0,0) size 1x15
                    RenderInline {O:P} at (0,0) size 1x15
                RenderBlock {P} at (8,16) size 84x15
                  RenderText {#text} at (31,0) size 21x15
                    text run at (31,0) width 21: "Yes"
                RenderBlock {P} at (8,31) size 84x15
                  RenderText {#text} at (31,0) size 21x15
                    text run at (31,0) width 21: "Yes"
                  RenderInline {SPAN} at (0,0) size 1x15
                    RenderInline {O:P} at (0,0) size 1x15
              RenderTableCell {TD} at (366,3978) size 107x46 [border: (1px none #808080) none (1px none #808080)] [r=54 c=3 rs=1 cs=1]
                RenderBlock {P} at (8,1) size 90x15
                  RenderText {#text} at (34,0) size 21x15
                    text run at (34,0) width 21: "Yes"
                  RenderInline {SPAN} at (0,0) size 1x15
                    RenderInline {O:P} at (0,0) size 1x15
                RenderBlock {P} at (8,16) size 90x15
                  RenderText {#text} at (36,0) size 17x15
                    text run at (36,0) width 17: "No"
                RenderBlock {P} at (8,31) size 90x15
                  RenderText {#text} at (36,0) size 17x15
                    text run at (36,0) width 17: "No"
                  RenderInline {SPAN} at (0,0) size 1x15
                    RenderInline {O:P} at (0,0) size 1x15
            RenderTableRow {TR} at (0,4024) size 472x76
              RenderTableCell {TD} at (0,4024) size 99x16 [border: (1px none #808080) none] [r=55 c=0 rs=1 cs=1]
                RenderBlock {P} at (8,1) size 84x15
                  RenderText {#text} at (34,0) size 15x15
                    text run at (34,0) width 15: "56"
                  RenderInline {SPAN} at (0,0) size 1x15
                    RenderInline {O:P} at (0,0) size 1x15
              RenderTableCell {TD} at (98,4024) size 170x76 [border: (1px none #808080) none (1px none #808080)] [r=55 c=1 rs=1 cs=1]
                RenderBlock {P} at (8,1) size 155x15
                  RenderText {#text} at (0,0) size 83x15
                    text run at (0,0) width 83: "Mark Glanville"
                RenderBlock {P} at (8,16) size 155x15
                  RenderText {#text} at (0,0) size 71x15
                    text run at (0,0) width 71: "Steve Gilbert"
                RenderBlock {P} at (8,31) size 155x15
                  RenderText {#text} at (0,0) size 60x15
                    text run at (0,0) width 60: "Jerry Davis"
                RenderBlock {P} at (8,46) size 155x15
                  RenderText {#text} at (0,0) size 66x15
                    text run at (0,0) width 66: "Rich Saunef"
                RenderBlock {P} at (8,61) size 155x15
                  RenderText {#text} at (0,0) size 70x15
                    text run at (0,0) width 70: "Harald Close"
                  RenderInline {SPAN} at (0,0) size 0x15
                    RenderInline {O:P} at (0,0) size 0x15
              RenderTableCell {TD} at (268,4024) size 99x76 [border: (1px none #808080) none (1px none #808080)] [r=55 c=2 rs=1 cs=1]
                RenderBlock {P} at (8,1) size 84x15
                  RenderText {#text} at (31,0) size 21x15
                    text run at (31,0) width 21: "Yes"
                RenderBlock {P} at (8,16) size 84x15
                  RenderText {#text} at (31,0) size 21x15
                    text run at (31,0) width 21: "Yes"
                RenderBlock {P} at (8,31) size 84x15
                  RenderText {#text} at (31,0) size 21x15
                    text run at (31,0) width 21: "Yes"
                RenderBlock {P} at (8,46) size 84x15
                  RenderText {#text} at (31,0) size 21x15
                    text run at (31,0) width 21: "Yes"
                RenderBlock {P} at (8,61) size 84x15
                  RenderText {#text} at (31,0) size 21x15
                    text run at (31,0) width 21: "Yes"
                  RenderInline {SPAN} at (0,0) size 1x15
                    RenderInline {O:P} at (0,0) size 1x15
              RenderTableCell {TD} at (366,4024) size 107x76 [border: (1px none #808080) none (1px none #808080)] [r=55 c=3 rs=1 cs=1]
                RenderBlock {P} at (8,1) size 90x15
                  RenderText {#text} at (36,0) size 17x15
                    text run at (36,0) width 17: "No"
                RenderBlock {P} at (8,16) size 90x15
                  RenderText {#text} at (36,0) size 17x15
                    text run at (36,0) width 17: "No"
                RenderBlock {P} at (8,31) size 90x15
                  RenderText {#text} at (36,0) size 17x15
                    text run at (36,0) width 17: "No"
                RenderBlock {P} at (8,46) size 90x15
                  RenderText {#text} at (36,0) size 17x15
                    text run at (36,0) width 17: "No"
                RenderBlock {P} at (8,61) size 90x15
                  RenderText {#text} at (36,0) size 17x15
                    text run at (36,0) width 17: "No"
                  RenderInline {SPAN} at (0,0) size 1x15
                    RenderInline {O:P} at (0,0) size 1x15
            RenderTableRow {TR} at (0,4100) size 472x46
              RenderTableCell {TD} at (0,4100) size 99x16 [border: (1px none #808080) none] [r=56 c=0 rs=1 cs=1]
                RenderBlock {P} at (8,1) size 84x15
                  RenderText {#text} at (34,0) size 15x15
                    text run at (34,0) width 15: "57"
                  RenderInline {SPAN} at (0,0) size 1x15
                    RenderInline {O:P} at (0,0) size 1x15
              RenderTableCell {TD} at (98,4100) size 170x46 [border: (1px none #808080) none (1px none #808080)] [r=56 c=1 rs=1 cs=1]
                RenderBlock {P} at (8,1) size 155x15
                  RenderText {#text} at (0,0) size 59x15
                    text run at (0,0) width 59: "Bob Roger"
                RenderBlock {P} at (8,16) size 155x15
                  RenderText {#text} at (0,0) size 70x15
                    text run at (0,0) width 70: "Rich Burnett"
                RenderBlock {P} at (8,31) size 155x15
                  RenderText {#text} at (0,0) size 66x15
                    text run at (0,0) width 66: "David Dunn"
                  RenderInline {SPAN} at (0,0) size 0x15
                    RenderInline {O:P} at (0,0) size 0x15
              RenderTableCell {TD} at (268,4100) size 99x16 [border: (1px none #808080) none (1px none #808080)] [r=56 c=2 rs=1 cs=1]
                RenderBlock {P} at (8,1) size 84x15
                  RenderText {#text} at (31,0) size 21x15
                    text run at (31,0) width 21: "Yes"
                  RenderInline {SPAN} at (0,0) size 1x15
                    RenderInline {O:P} at (0,0) size 1x15
              RenderTableCell {TD} at (366,4100) size 107x16 [border: (1px none #808080) none (1px none #808080)] [r=56 c=3 rs=1 cs=1]
                RenderBlock {P} at (8,1) size 90x15
                  RenderText {#text} at (36,0) size 17x15
                    text run at (36,0) width 17: "No"
                  RenderInline {SPAN} at (0,0) size 1x15
                    RenderInline {O:P} at (0,0) size 1x15
            RenderTableRow {TR} at (0,4146) size 472x61
              RenderTableCell {TD} at (0,4146) size 99x16 [border: (1px none #808080) none] [r=57 c=0 rs=1 cs=1]
                RenderBlock {P} at (8,1) size 84x15
                  RenderText {#text} at (34,0) size 15x15
                    text run at (34,0) width 15: "58"
                  RenderInline {SPAN} at (0,0) size 1x15
                    RenderInline {O:P} at (0,0) size 1x15
              RenderTableCell {TD} at (98,4146) size 170x61 [border: (1px none #808080) none (1px none #808080)] [r=57 c=1 rs=1 cs=1]
                RenderBlock {P} at (8,1) size 155x15
                  RenderText {#text} at (0,0) size 92x15
                    text run at (0,0) width 92: "Ian + Brad Carter"
                  RenderInline {SPAN} at (0,0) size 0x15
                    RenderInline {O:P} at (0,0) size 0x15
                RenderBlock {P} at (8,16) size 155x15
                  RenderText {#text} at (0,0) size 69x15
                    text run at (0,0) width 69: "Bill Johnson"
                RenderBlock {P} at (8,31) size 155x15
                  RenderText {#text} at (0,0) size 78x15
                    text run at (0,0) width 78: "Chuck Pringle"
                RenderBlock {P} at (8,46) size 155x15
                  RenderText {#text} at (0,0) size 66x15
                    text run at (0,0) width 66: "David Dunn"
                  RenderInline {SPAN} at (0,0) size 0x15
                    RenderInline {O:P} at (0,0) size 0x15
              RenderTableCell {TD} at (268,4146) size 99x46 [border: (1px none #808080) none (1px none #808080)] [r=57 c=2 rs=1 cs=1]
                RenderBlock {P} at (8,1) size 84x15
                  RenderText {#text} at (31,0) size 21x15
                    text run at (31,0) width 21: "Yes"
                  RenderInline {SPAN} at (0,0) size 1x15
                    RenderInline {O:P} at (0,0) size 1x15
                RenderBlock {P} at (8,16) size 84x15
                  RenderText {#text} at (31,0) size 21x15
                    text run at (31,0) width 21: "Yes"
                RenderBlock {P} at (8,31) size 84x15
                  RenderText {#text} at (31,0) size 21x15
                    text run at (31,0) width 21: "Yes"
                  RenderInline {SPAN} at (0,0) size 1x15
                    RenderInline {O:P} at (0,0) size 1x15
              RenderTableCell {TD} at (366,4146) size 107x46 [border: (1px none #808080) none (1px none #808080)] [r=57 c=3 rs=1 cs=1]
                RenderBlock {P} at (8,1) size 90x15
                  RenderText {#text} at (36,0) size 17x15
                    text run at (36,0) width 17: "No"
                  RenderInline {SPAN} at (0,0) size 1x15
                    RenderInline {O:P} at (0,0) size 1x15
                RenderBlock {P} at (8,16) size 90x15
                  RenderText {#text} at (36,0) size 17x15
                    text run at (36,0) width 17: "No"
                RenderBlock {P} at (8,31) size 90x15
                  RenderText {#text} at (36,0) size 17x15
                    text run at (36,0) width 17: "No"
                  RenderInline {SPAN} at (0,0) size 1x15
                    RenderInline {O:P} at (0,0) size 1x15
            RenderTableRow {TR} at (0,4207) size 472x31
              RenderTableCell {TD} at (0,4207) size 99x16 [border: (1px none #808080) none] [r=58 c=0 rs=1 cs=1]
                RenderBlock {P} at (8,1) size 84x15
                  RenderText {#text} at (34,0) size 15x15
                    text run at (34,0) width 15: "59"
                  RenderInline {SPAN} at (0,0) size 1x15
                    RenderInline {O:P} at (0,0) size 1x15
              RenderTableCell {TD} at (98,4207) size 170x31 [border: (1px none #808080) none (1px none #808080)] [r=58 c=1 rs=1 cs=1]
                RenderBlock {P} at (8,1) size 155x15
                  RenderText {#text} at (0,0) size 59x15
                    text run at (0,0) width 59: "Bob Roger"
                RenderBlock {P} at (8,16) size 155x15
                  RenderText {#text} at (0,0) size 70x15
                    text run at (0,0) width 70: "Rich Burnett"
                  RenderInline {SPAN} at (0,0) size 0x15
                    RenderInline {O:P} at (0,0) size 0x15
              RenderTableCell {TD} at (268,4207) size 99x16 [border: (1px none #808080) none (1px none #808080)] [r=58 c=2 rs=1 cs=1]
                RenderBlock {P} at (8,1) size 84x15
                  RenderText {#text} at (31,0) size 21x15
                    text run at (31,0) width 21: "Yes"
                  RenderInline {SPAN} at (0,0) size 1x15
                    RenderInline {O:P} at (0,0) size 1x15
              RenderTableCell {TD} at (366,4207) size 107x16 [border: (1px none #808080) none (1px none #808080)] [r=58 c=3 rs=1 cs=1]
                RenderBlock {P} at (8,1) size 90x15
                  RenderText {#text} at (36,0) size 17x15
                    text run at (36,0) width 17: "No"
                  RenderInline {SPAN} at (0,0) size 1x15
                    RenderInline {O:P} at (0,0) size 1x15
            RenderTableRow {TR} at (0,4238) size 472x61
              RenderTableCell {TD} at (0,4238) size 99x16 [border: (1px none #808080) none] [r=59 c=0 rs=1 cs=1]
                RenderBlock {P} at (8,1) size 84x15
                  RenderText {#text} at (34,0) size 15x15
                    text run at (34,0) width 15: "60"
                  RenderInline {SPAN} at (0,0) size 1x15
                    RenderInline {O:P} at (0,0) size 1x15
              RenderTableCell {TD} at (98,4238) size 170x61 [border: (1px none #808080) none (1px none #808080)] [r=59 c=1 rs=1 cs=1]
                RenderBlock {P} at (8,1) size 155x15
                  RenderText {#text} at (0,0) size 69x15
                    text run at (0,0) width 69: "Bill Johnson"
                RenderBlock {P} at (8,16) size 155x15
                  RenderText {#text} at (0,0) size 96x15
                    text run at (0,0) width 96: "Vladimir Dvorkin"
                RenderBlock {P} at (8,31) size 155x15
                  RenderText {#text} at (0,0) size 52x15
                    text run at (0,0) width 52: "Ken Price"
                RenderBlock {P} at (8,46) size 155x15
                  RenderText {#text} at (0,0) size 89x15
                    text run at (0,0) width 89: "Rick Rasmussen"
                  RenderInline {SPAN} at (0,0) size 0x15
                    RenderInline {O:P} at (0,0) size 0x15
              RenderTableCell {TD} at (268,4238) size 99x31 [border: (1px none #808080) none (1px none #808080)] [r=59 c=2 rs=1 cs=1]
                RenderBlock {P} at (8,1) size 84x15
                  RenderText {#text} at (31,0) size 21x15
                    text run at (31,0) width 21: "Yes"
                RenderBlock {P} at (8,16) size 84x15
                  RenderText {#text} at (33,0) size 17x15
                    text run at (33,0) width 17: "No"
                  RenderInline {SPAN} at (0,0) size 1x15
                    RenderInline {O:P} at (0,0) size 1x15
              RenderTableCell {TD} at (366,4238) size 107x31 [border: (1px none #808080) none (1px none #808080)] [r=59 c=3 rs=1 cs=1]
                RenderBlock {P} at (8,1) size 90x15
                  RenderText {#text} at (36,0) size 17x15
                    text run at (36,0) width 17: "No"
                RenderBlock {P} at (8,16) size 90x15
                  RenderText {#text} at (34,0) size 21x15
                    text run at (34,0) width 21: "Yes"
                  RenderInline {SPAN} at (0,0) size 1x15
                    RenderInline {O:P} at (0,0) size 1x15
        RenderBlock {P} at (0,4317) size 769x15
          RenderInline {SPAN} at (0,0) size 3x15
            RenderText {#text} at (0,0) size 3x15
              text run at (0,0) width 3: " "
        RenderBlock {P} at (0,4332) size 769x15
          RenderText {#text} at (0,0) size 3x15
            text run at (0,0) width 3: " "
        RenderBlock {P} at (0,4347) size 769x15
          RenderText {#text} at (0,0) size 3x15
            text run at (0,0) width 3: " "
      RenderBlock {P} at (0,4362) size 769x15
        RenderText {#text} at (383,0) size 3x15
          text run at (383,0) width 3: " "
