CONSOLE MESSAGE: line 14: TypeError: undefined is not an object (evaluating 'document.styleSheets[1].disabled = false')
layer at (0,0) size 800x600
  RenderView at (0,0) size 800x600
layer at (0,0) size 800x73
  RenderBlock {HTML} at (0,0) size 800x73
    RenderBody {BODY} at (8,8) size 784x57
      RenderBlock (anonymous) at (0,0) size 784x17
        RenderText {#text} at (0,0) size 191x17
          text run at (0,0) width 191: "the text should be courier 24pt"
      RenderTable {TABLE} at (0,17) size 80x23
        RenderTableSection {TBODY} at (0,0) size 80x23
          RenderTableRow {TR} at (0,2) size 80x19
            RenderTableCell {TD} at (2,2) size 76x19 [r=0 c=0 rs=1 cs=1]
              RenderText {#text} at (1,1) size 74x17
                text run at (1,1) width 74: "inside a cell"
      RenderBlock {DIV} at (0,40) size 784x17
        RenderText {#text} at (0,0) size 72x17
          text run at (0,0) width 72: "inside a div"
