layer at (0,0) size 800x600
  RenderView at (0,0) size 800x600
layer at (0,0) size 800x600
  RenderBlock {HTML} at (0,0) size 800x600
    RenderBody {BODY} at (8,8) size 784x576
      RenderBlock {FORM} at (0,0) size 784x89
        RenderTable {TABLE} at (0,0) size 323x89 [border: (1px outset #808080)]
          RenderTableSection {TBODY} at (1,1) size 321x87
            RenderTableRow {TR} at (0,2) size 321x83
              RenderTableCell {TD} at (2,2) size 317x83 [border: (1px inset #808080)] [r=0 c=0 rs=1 cs=1]
                RenderTable {TABLE} at (2,2) size 313x79 [border: (2px outset #808080)]
                  RenderTableSection {TBODY} at (2,2) size 309x75
                    RenderTableRow {TR} at (0,2) size 309x38
                      RenderTableCell {TD} at (2,2) size 89x38 [border: (1px inset #808080)] [r=0 c=0 rs=1 cs=1]
                        RenderText {#text} at (2,2) size 56x34
                          text run at (2,2) width 53: "Member"
                          text run at (2,19) width 56: "Number:"
                      RenderTableCell {TD} at (92,5) size 210x32 [border: (1px inset #808080)] [r=0 c=1 rs=1 cs=1]
                        RenderTextControl {INPUT} at (4,4) size 172x23 [bgcolor=#FFFFFF] [border: (2px inset #000000)]
                        RenderText {#text} at (0,0) size 0x0
                    RenderTableRow {TR} at (0,42) size 309x31
                      RenderTableCell {TD} at (2,47) size 89x21 [border: (1px inset #808080)] [r=1 c=0 rs=1 cs=1]
                        RenderText {#text} at (2,2) size 30x17
                          text run at (2,2) width 30: "PIN:"
                      RenderTableCell {TD} at (92,42) size 210x31 [border: (1px inset #808080)] [r=1 c=1 rs=1 cs=1]
                        RenderTextControl {INPUT} at (4,4) size 172x23 [bgcolor=#FFFFFF] [border: (2px inset #000000)]
                        RenderText {#text} at (0,0) size 0x0
                      RenderTableCell {TD} at (303,55) size 5x5 [border: (1px inset #808080)] [r=1 c=2 rs=1 cs=1]
layer at (114,28) size 166x17
  RenderBlock {DIV} at (3,3) size 166x17
layer at (114,64) size 166x17
  RenderBlock {DIV} at (3,3) size 166x17
