layer at (0,0) size 800x600
  RenderView at (0,0) size 800x600
layer at (0,0) size 800x600
  RenderBlock {HTML} at (0,0) size 800x600
    RenderBody {BODY} at (8,8) size 784x584
      RenderBlock {P} at (0,0) size 784x28
        RenderText {#text} at (0,11) size 421x17
          text run at (0,11) width 421: "The blue borders should coincide with light blue squares, like this: "
        RenderBlock {SPAN} at (421,0) size 25x25 [bgcolor=#ADD8E6] [border: (3px solid #0000FF7F)]
        RenderText {#text} at (446,11) size 196x17
          text run at (446,11) width 8: ". "
          text run at (454,11) width 188: "There should be none of this: "
        RenderBlock {SPAN} at (642,0) size 25x25 [bgcolor=#ADD8E6]
        RenderText {#text} at (667,11) size 51x17
          text run at (667,11) width 4: " "
          text run at (671,11) width 47: "or this: "
        RenderBlock {SPAN} at (718,0) size 25x25 [border: (3px solid #0000FF7F)]
        RenderText {#text} at (743,11) size 4x17
          text run at (743,11) width 4: "."
      RenderBlock (anonymous) at (0,44) size 784x354
        RenderText {#text} at (116,99) size 4x17
          text run at (116,99) width 4: " "
        RenderText {#text} at (236,99) size 4x17
          text run at (236,99) width 4: " "
        RenderText {#text} at (356,99) size 4x17
          text run at (356,99) width 4: " "
        RenderText {#text} at (476,99) size 4x17
          text run at (476,99) width 4: " "
        RenderText {#text} at (596,99) size 4x17
          text run at (596,99) width 4: " "
        RenderText {#text} at (716,99) size 4x17
          text run at (716,99) width 4: " "
        RenderText {#text} at (116,218) size 4x17
          text run at (116,218) width 4: " "
        RenderText {#text} at (206,218) size 4x17
          text run at (206,218) width 4: " "
        RenderText {#text} at (296,218) size 4x17
          text run at (296,218) width 4: " "
        RenderText {#text} at (386,218) size 4x17
          text run at (386,218) width 4: " "
        RenderText {#text} at (476,218) size 4x17
          text run at (476,218) width 4: " "
        RenderText {#text} at (566,218) size 4x17
          text run at (566,218) width 4: " "
        RenderText {#text} at (656,218) size 4x17
          text run at (656,218) width 4: " "
        RenderText {#text} at (0,0) size 0x0
        RenderText {#text} at (86,337) size 4x17
          text run at (86,337) width 4: " "
        RenderText {#text} at (176,337) size 4x17
          text run at (176,337) width 4: " "
        RenderText {#text} at (266,337) size 4x17
          text run at (266,337) width 4: " "
        RenderText {#text} at (356,337) size 4x17
          text run at (356,337) width 4: " "
        RenderText {#text} at (446,337) size 4x17
          text run at (446,337) width 4: " "
        RenderText {#text} at (536,337) size 4x17
          text run at (536,337) width 4: " "
        RenderText {#text} at (0,0) size 0x0
layer at (8,62) size 116x66
  RenderBlock {DIV} at (0,10) size 116x66 [color=#ADD8E6] [border: (3px solid #000000)]
    RenderMultiColumnSet at (8,8) size 100x50
layer at (16,70) size 48x100
  RenderMultiColumnFlowThread at (8,8) size 48x100
    RenderBR {BR} at (0,0) size 0x25
    RenderText {#text} at (0,25) size 25x75
      text run at (0,25) width 25: "x"
      text run at (0,50) width 25: "y"
      text run at (0,75) width 25: "z"
layer at (128,62) size 116x66
  RenderBlock {DIV} at (120,10) size 116x66 [color=#ADD8E6] [border: (3px solid #000000)]
    RenderMultiColumnSet at (8,8) size 100x50
layer at (136,70) size 48x100
  RenderMultiColumnFlowThread at (8,8) size 48x100
    RenderBR {BR} at (0,0) size 0x25
    RenderInline {SPAN} at (0,0) size 25x75
      RenderText {#text} at (0,25) size 25x75
        text run at (0,25) width 25: "x"
        text run at (0,50) width 25: "y"
        text run at (0,75) width 25: "z"
    RenderText {#text} at (0,0) size 0x0
layer at (248,62) size 116x66
  RenderBlock {DIV} at (240,10) size 116x66 [color=#ADD8E6] [border: (3px solid #000000)]
    RenderMultiColumnSet at (8,8) size 100x50
layer at (256,70) size 48x100
  RenderMultiColumnFlowThread at (8,8) size 48x100
    RenderBlock (anonymous) at (0,0) size 48x25
      RenderBR {BR} at (0,0) size 0x25
    RenderBlock {DIV} at (0,25) size 48x75
      RenderText {#text} at (0,0) size 25x75
        text run at (0,0) width 25: "x"
        text run at (0,25) width 25: "y"
        text run at (0,50) width 25: "z"
layer at (368,62) size 116x66
  RenderBlock {DIV} at (360,10) size 116x66 [color=#ADD8E6] [border: (3px solid #000000)]
    RenderMultiColumnSet at (8,8) size 100x50
layer at (376,70) size 48x100
  RenderMultiColumnFlowThread at (8,8) size 48x100
    RenderBlock (anonymous) at (0,0) size 48x25
      RenderBR {BR} at (0,0) size 0x25
    RenderBlock {DIV} at (0,25) size 48x75
      RenderBR {BR} at (0,0) size 0x25
      RenderText {#text} at (0,25) size 25x50
        text run at (0,25) width 25: "y"
        text run at (0,50) width 25: "z"
layer at (488,80) size 116x66
  RenderBlock {DIV} at (480,28) size 116x66 [color=#ADD8E6] [border: (3px solid #000000)]
    RenderMultiColumnSet at (8,8) size 100x50
layer at (496,88) size 48x79
  RenderMultiColumnFlowThread at (8,8) size 48x79
    RenderBlock (anonymous) at (0,0) size 48x25
      RenderBR {BR} at (0,0) size 0x25
    RenderBlock {DIV} at (0,25) size 48x54
      RenderBR {BR} at (0,0) size 0x25
      RenderSlider {INPUT} at (2,27) size 25x25 [color=#909090] [bgcolor=#ADD8E6]
        RenderFlexibleBox {DIV} at (0,0) size 25x25
          RenderBlock {DIV} at (0,12) size 25x0
            RenderBlock {DIV} at (0,0) size 25x0
layer at (608,82) size 116x66
  RenderBlock {DIV} at (600,30) size 116x66 [color=#ADD8E6] [border: (3px solid #000000)]
    RenderMultiColumnSet at (8,8) size 100x50
layer at (616,90) size 48x75
  RenderMultiColumnFlowThread at (8,8) size 48x75
    RenderBlock (anonymous) at (0,0) size 48x25
      RenderBR {BR} at (0,0) size 0x25
    RenderBlock {DIV} at (0,25) size 48x50
      RenderBR {BR} at (0,0) size 0x25
      RenderImage {IMG} at (0,25) size 25x25 [bgcolor=#ADD8E6]
layer at (8,208) size 116x66
  RenderBlock {DIV} at (0,156) size 116x66 [color=#ADD8E6] [border: (3px solid #000000)]
    RenderMultiColumnSet at (8,8) size 100x50
layer at (16,216) size 48x65
  RenderMultiColumnFlowThread at (8,8) size 48x65
    RenderBlock {DIV} at (0,40) size 25x25 [bgcolor=#ADD8E6]
layer at (138,168) size 66x116
  RenderBlock {DIV} at (130,116) size 66x116 [color=#ADD8E6] [border: (3px solid #000000)]
    RenderMultiColumnSet at (8,8) size 50x100
layer at (146,176) size 100x48
  RenderMultiColumnFlowThread at (8,8) size 100x48
    RenderBR {BR} at (0,0) size 25x0
    RenderText {#text} at (25,0) size 75x25
      text run at (25,0) width 25: "x"
      text run at (50,0) width 25: "y"
      text run at (75,0) width 25: "z"
layer at (228,168) size 66x116
  RenderBlock {DIV} at (220,116) size 66x116 [color=#ADD8E6] [border: (3px solid #000000)]
    RenderMultiColumnSet at (8,8) size 50x100
layer at (236,176) size 100x48
  RenderMultiColumnFlowThread at (8,8) size 100x48
    RenderBR {BR} at (0,0) size 25x0
    RenderInline {SPAN} at (0,0) size 75x25
      RenderText {#text} at (25,0) size 75x25
        text run at (25,0) width 25: "x"
        text run at (50,0) width 25: "y"
        text run at (75,0) width 25: "z"
    RenderText {#text} at (0,0) size 0x0
layer at (318,168) size 66x116
  RenderBlock {DIV} at (310,116) size 66x116 [color=#ADD8E6] [border: (3px solid #000000)]
    RenderMultiColumnSet at (8,8) size 50x100
layer at (326,176) size 100x48
  RenderMultiColumnFlowThread at (8,8) size 100x48
    RenderBlock (anonymous) at (0,0) size 25x48
      RenderBR {BR} at (0,0) size 25x0
    RenderBlock {DIV} at (25,0) size 75x48
      RenderText {#text} at (0,0) size 75x25
        text run at (0,0) width 25: "x"
        text run at (25,0) width 25: "y"
        text run at (50,0) width 25: "z"
layer at (408,168) size 66x116
  RenderBlock {DIV} at (400,116) size 66x116 [color=#ADD8E6] [border: (3px solid #000000)]
    RenderMultiColumnSet at (8,8) size 50x100
layer at (416,176) size 100x48
  RenderMultiColumnFlowThread at (8,8) size 100x48
    RenderBlock (anonymous) at (0,0) size 25x48
      RenderBR {BR} at (0,0) size 25x0
    RenderBlock {DIV} at (25,0) size 75x48
      RenderBR {BR} at (0,0) size 25x0
      RenderText {#text} at (25,0) size 50x25
        text run at (25,0) width 25: "y"
        text run at (50,0) width 25: "z"
layer at (498,168) size 66x116
  RenderBlock {DIV} at (490,116) size 66x116 [color=#ADD8E6] [border: (3px solid #000000)]
    RenderMultiColumnSet at (8,8) size 50x100
layer at (506,176) size 79x48
  RenderMultiColumnFlowThread at (8,8) size 79x48
    RenderBlock (anonymous) at (0,0) size 25x48
      RenderBR {BR} at (0,0) size 25x0
    RenderBlock {DIV} at (25,0) size 54x48
      RenderBR {BR} at (0,0) size 25x0
      RenderSlider {INPUT} at (27,2) size 25x25 [color=#909090] [bgcolor=#ADD8E6]
        RenderFlexibleBox {DIV} at (0,0) size 25x25
          RenderBlock {DIV} at (0,12) size 25x0
            RenderBlock {DIV} at (0,0) size 25x0
layer at (588,168) size 66x116
  RenderBlock {DIV} at (580,116) size 66x116 [color=#ADD8E6] [border: (3px solid #000000)]
    RenderMultiColumnSet at (8,8) size 50x100
layer at (596,176) size 75x48
  RenderMultiColumnFlowThread at (8,8) size 75x48
    RenderBlock (anonymous) at (0,0) size 25x48
      RenderBR {BR} at (0,0) size 25x0
    RenderBlock {DIV} at (25,0) size 50x48
      RenderBR {BR} at (0,0) size 25x0
      RenderImage {IMG} at (25,0) size 25x25 [bgcolor=#ADD8E6]
layer at (678,168) size 66x116
  RenderBlock {DIV} at (670,116) size 66x116 [color=#ADD8E6] [border: (3px solid #000000)]
    RenderMultiColumnSet at (8,8) size 50x100
layer at (686,176) size 65x48
  RenderMultiColumnFlowThread at (8,8) size 65x48
    RenderBlock {DIV} at (40,0) size 25x25 [bgcolor=#ADD8E6]
layer at (18,287) size 66x116
  RenderBlock {DIV} at (10,235) size 66x116 [color=#ADD8E6] [border: (3px solid #000000)]
    RenderMultiColumnSet at (8,8) size 50x100
layer at (-24,295) size 100x48 backgroundClip at (0,0) size 800x600 clip at (0,0) size 800x600
  RenderMultiColumnFlowThread at (8,8) size 100x48
    RenderBR {BR} at (0,0) size 25x0
    RenderText {#text} at (25,0) size 75x25
      text run at (25,0) width 25: "x"
      text run at (50,0) width 25: "y"
      text run at (75,0) width 25: "z"
layer at (108,287) size 66x116
  RenderBlock {DIV} at (100,235) size 66x116 [color=#ADD8E6] [border: (3px solid #000000)]
    RenderMultiColumnSet at (8,8) size 50x100
layer at (66,295) size 100x48
  RenderMultiColumnFlowThread at (8,8) size 100x48
    RenderBR {BR} at (0,0) size 25x0
    RenderInline {SPAN} at (0,0) size 75x25
      RenderText {#text} at (25,0) size 75x25
        text run at (25,0) width 25: "x"
        text run at (50,0) width 25: "y"
        text run at (75,0) width 25: "z"
    RenderText {#text} at (0,0) size 0x0
layer at (198,287) size 66x116
  RenderBlock {DIV} at (190,235) size 66x116 [color=#ADD8E6] [border: (3px solid #000000)]
    RenderMultiColumnSet at (8,8) size 50x100
layer at (156,295) size 100x48
  RenderMultiColumnFlowThread at (8,8) size 100x48
    RenderBlock (anonymous) at (0,0) size 25x48
      RenderBR {BR} at (0,0) size 25x0
    RenderBlock {DIV} at (25,0) size 75x48
      RenderText {#text} at (0,0) size 75x25
        text run at (0,0) width 25: "x"
        text run at (25,0) width 25: "y"
        text run at (50,0) width 25: "z"
layer at (288,287) size 66x116
  RenderBlock {DIV} at (280,235) size 66x116 [color=#ADD8E6] [border: (3px solid #000000)]
    RenderMultiColumnSet at (8,8) size 50x100
layer at (246,295) size 100x48
  RenderMultiColumnFlowThread at (8,8) size 100x48
    RenderBlock (anonymous) at (0,0) size 25x48
      RenderBR {BR} at (0,0) size 25x0
    RenderBlock {DIV} at (25,0) size 75x48
      RenderBR {BR} at (0,0) size 25x0
      RenderText {#text} at (25,0) size 50x25
        text run at (25,0) width 25: "y"
        text run at (50,0) width 25: "z"
layer at (378,287) size 66x116
  RenderBlock {DIV} at (370,235) size 66x116 [color=#ADD8E6] [border: (3px solid #000000)]
    RenderMultiColumnSet at (8,8) size 50x100
layer at (357,295) size 79x48
  RenderMultiColumnFlowThread at (8,8) size 79x48
    RenderBlock (anonymous) at (0,0) size 25x48
      RenderBR {BR} at (0,0) size 25x0
    RenderBlock {DIV} at (25,0) size 54x48
      RenderBR {BR} at (0,0) size 25x0
      RenderSlider {INPUT} at (27,2) size 25x25 [color=#909090] [bgcolor=#ADD8E6]
        RenderFlexibleBox {DIV} at (0,0) size 25x25
          RenderBlock {DIV} at (0,12) size 25x0
            RenderBlock {DIV} at (0,0) size 25x0
layer at (468,287) size 66x116
  RenderBlock {DIV} at (460,235) size 66x116 [color=#ADD8E6] [border: (3px solid #000000)]
    RenderMultiColumnSet at (8,8) size 50x100
layer at (451,295) size 75x48
  RenderMultiColumnFlowThread at (8,8) size 75x48
    RenderBlock (anonymous) at (0,0) size 25x48
      RenderBR {BR} at (0,0) size 25x0
    RenderBlock {DIV} at (25,0) size 50x48
      RenderBR {BR} at (0,0) size 25x0
      RenderImage {IMG} at (25,0) size 25x25 [bgcolor=#ADD8E6]
layer at (558,287) size 66x116
  RenderBlock {DIV} at (550,235) size 66x116 [color=#ADD8E6] [border: (3px solid #000000)]
    RenderMultiColumnSet at (8,8) size 50x100
layer at (551,295) size 65x48
  RenderMultiColumnFlowThread at (8,8) size 65x48
    RenderBlock {DIV} at (40,0) size 25x25 [bgcolor=#ADD8E6]
layer at (16,95) size 25x25
  RenderBlock (positioned) {DIV} at (16,95) size 25x25 [border: (3px solid #0000FF7F)]
layer at (69,70) size 25x25
  RenderBlock (positioned) {DIV} at (68,70) size 26x25 [border: (3px solid #0000FF7F)]
layer at (69,95) size 25x25
  RenderBlock (positioned) {DIV} at (68,95) size 26x25 [border: (3px solid #0000FF7F)]
layer at (136,95) size 25x25
  RenderBlock (positioned) {DIV} at (136,95) size 25x25 [border: (3px solid #0000FF7F)]
layer at (189,70) size 25x25
  RenderBlock (positioned) {DIV} at (188,70) size 26x25 [border: (3px solid #0000FF7F)]
layer at (189,95) size 25x25
  RenderBlock (positioned) {DIV} at (188,95) size 26x25 [border: (3px solid #0000FF7F)]
layer at (256,95) size 25x25
  RenderBlock (positioned) {DIV} at (256,95) size 25x25 [border: (3px solid #0000FF7F)]
layer at (309,70) size 25x25
  RenderBlock (positioned) {DIV} at (308,70) size 26x25 [border: (3px solid #0000FF7F)]
layer at (309,95) size 25x25
  RenderBlock (positioned) {DIV} at (308,95) size 26x25 [border: (3px solid #0000FF7F)]
layer at (429,70) size 25x25
  RenderBlock (positioned) {DIV} at (428,70) size 26x25 [border: (3px solid #0000FF7F)]
layer at (429,95) size 25x25
  RenderBlock (positioned) {DIV} at (428,95) size 26x25 [border: (3px solid #0000FF7F)]
layer at (551,90) size 25x25
  RenderBlock (positioned) {DIV} at (550,90) size 26x25 [border: (3px solid #0000FF7F)]
layer at (669,90) size 25x25
  RenderBlock (positioned) {DIV} at (668,90) size 26x25 [border: (3px solid #0000FF7F)]
layer at (69,206) size 25x25
  RenderBlock (positioned) {DIV} at (68,206) size 26x25 [border: (3px solid #0000FF7F)]
layer at (171,176) size 25x25
  RenderBlock (positioned) {DIV} at (171,176) size 25x25 [border: (3px solid #0000FF7F)]
layer at (146,229) size 25x25
  RenderBlock (positioned) {DIV} at (146,228) size 25x26 [border: (3px solid #0000FF7F)]
layer at (171,229) size 25x25
  RenderBlock (positioned) {DIV} at (171,228) size 25x26 [border: (3px solid #0000FF7F)]
layer at (261,176) size 25x25
  RenderBlock (positioned) {DIV} at (261,176) size 25x25 [border: (3px solid #0000FF7F)]
layer at (236,229) size 25x25
  RenderBlock (positioned) {DIV} at (236,228) size 25x26 [border: (3px solid #0000FF7F)]
layer at (261,229) size 25x25
  RenderBlock (positioned) {DIV} at (261,228) size 25x26 [border: (3px solid #0000FF7F)]
layer at (351,176) size 25x25
  RenderBlock (positioned) {DIV} at (351,176) size 25x25 [border: (3px solid #0000FF7F)]
layer at (326,229) size 25x25
  RenderBlock (positioned) {DIV} at (326,228) size 25x26 [border: (3px solid #0000FF7F)]
layer at (351,229) size 25x25
  RenderBlock (positioned) {DIV} at (351,228) size 25x26 [border: (3px solid #0000FF7F)]
layer at (416,229) size 25x25
  RenderBlock (positioned) {DIV} at (416,228) size 25x26 [border: (3px solid #0000FF7F)]
layer at (441,229) size 25x25
  RenderBlock (positioned) {DIV} at (441,228) size 25x26 [border: (3px solid #0000FF7F)]
layer at (508,231) size 25x25
  RenderBlock (positioned) {DIV} at (508,230) size 25x26 [border: (3px solid #0000FF7F)]
layer at (596,229) size 25x25
  RenderBlock (positioned) {DIV} at (596,228) size 25x26 [border: (3px solid #0000FF7F)]
layer at (676,229) size 25x25
  RenderBlock (positioned) {DIV} at (676,228) size 25x26 [border: (3px solid #0000FF7F)]
layer at (26,295) size 25x25
  RenderBlock (positioned) {DIV} at (26,295) size 25x25 [border: (3px solid #0000FF7F)]
layer at (51,348) size 25x25
  RenderBlock (positioned) {DIV} at (51,347) size 25x26 [border: (3px solid #0000FF7F)]
layer at (26,348) size 25x25
  RenderBlock (positioned) {DIV} at (26,347) size 25x26 [border: (3px solid #0000FF7F)]
layer at (116,295) size 25x25
  RenderBlock (positioned) {DIV} at (116,295) size 25x25 [border: (3px solid #0000FF7F)]
layer at (141,348) size 25x25
  RenderBlock (positioned) {DIV} at (141,347) size 25x26 [border: (3px solid #0000FF7F)]
layer at (116,348) size 25x25
  RenderBlock (positioned) {DIV} at (116,347) size 25x26 [border: (3px solid #0000FF7F)]
layer at (206,295) size 25x25
  RenderBlock (positioned) {DIV} at (206,295) size 25x25 [border: (3px solid #0000FF7F)]
layer at (231,348) size 25x25
  RenderBlock (positioned) {DIV} at (231,347) size 25x26 [border: (3px solid #0000FF7F)]
layer at (206,348) size 25x25
  RenderBlock (positioned) {DIV} at (206,347) size 25x26 [border: (3px solid #0000FF7F)]
layer at (321,348) size 25x25
  RenderBlock (positioned) {DIV} at (321,347) size 25x26 [border: (3px solid #0000FF7F)]
layer at (296,348) size 25x25
  RenderBlock (positioned) {DIV} at (296,347) size 25x26 [border: (3px solid #0000FF7F)]
layer at (409,350) size 25x25
  RenderBlock (positioned) {DIV} at (409,349) size 25x26 [border: (3px solid #0000FF7F)]
layer at (501,348) size 25x25
  RenderBlock (positioned) {DIV} at (501,347) size 25x26 [border: (3px solid #0000FF7F)]
layer at (601,348) size 25x25
  RenderBlock (positioned) {DIV} at (601,347) size 25x26 [border: (3px solid #0000FF7F)]
