layer at (0,0) size 800x600
  RenderView at (0,0) size 800x600
layer at (0,0) size 800x600
  RenderBlock {HTML} at (0,0) size 800x600
    RenderBody {BODY} at (8,8) size 784x584
      RenderBlock {P} at (0,0) size 784x28
        RenderText {#text} at (0,11) size 421x17
          text run at (0,11) width 421: "The blue borders should coincide with light blue squares, like this: "
        RenderBlock {SPAN} at (421,0) size 25x25 [bgcolor=#ADD8E6] [border: (3px solid #0000FF7F)]
        RenderText {#text} at (446,11) size 196x17
          text run at (446,11) width 8: ". "
          text run at (454,11) width 188: "There should be none of this: "
        RenderBlock {SPAN} at (642,0) size 25x25 [bgcolor=#ADD8E6]
        RenderText {#text} at (667,11) size 51x17
          text run at (667,11) width 4: " "
          text run at (671,11) width 47: "or this: "
        RenderBlock {SPAN} at (718,0) size 25x25 [border: (3px solid #0000FF7F)]
        RenderText {#text} at (743,11) size 4x17
          text run at (743,11) width 4: "."
      RenderBlock (anonymous) at (0,44) size 784x470
        RenderText {#text} at (116,99) size 4x17
          text run at (116,99) width 4: " "
        RenderText {#text} at (236,99) size 4x17
          text run at (236,99) width 4: " "
        RenderText {#text} at (356,99) size 4x17
          text run at (356,99) width 4: " "
        RenderText {#text} at (476,99) size 4x17
          text run at (476,99) width 4: " "
        RenderText {#text} at (596,99) size 4x17
          text run at (596,99) width 4: " "
        RenderText {#text} at (716,99) size 4x17
          text run at (716,99) width 4: " "
        RenderText {#text} at (116,218) size 4x17
          text run at (116,218) width 4: " "
        RenderText {#text} at (216,218) size 4x17
          text run at (216,218) width 4: " "
        RenderText {#text} at (316,218) size 4x17
          text run at (316,218) width 4: " "
        RenderText {#text} at (416,218) size 4x17
          text run at (416,218) width 4: " "
        RenderText {#text} at (516,218) size 4x17
          text run at (516,218) width 4: " "
        RenderText {#text} at (616,218) size 4x17
          text run at (616,218) width 4: " "
        RenderText {#text} at (716,218) size 4x17
          text run at (716,218) width 4: " "
        RenderText {#text} at (96,337) size 4x17
          text run at (96,337) width 4: " "
        RenderText {#text} at (196,337) size 4x17
          text run at (196,337) width 4: " "
        RenderText {#text} at (296,337) size 4x17
          text run at (296,337) width 4: " "
        RenderText {#text} at (396,337) size 4x17
          text run at (396,337) width 4: " "
        RenderText {#text} at (496,337) size 4x17
          text run at (496,337) width 4: " "
        RenderText {#text} at (596,337) size 4x17
          text run at (596,337) width 4: " "
        RenderText {#text} at (696,337) size 4x17
          text run at (696,337) width 4: " "
        RenderText {#text} at (0,0) size 0x0
layer at (8,62) size 116x76
  RenderBlock {DIV} at (0,10) size 116x76 [color=#ADD8E6] [border: (3px solid #000000)]
    RenderBlock {DIV} at (8,8) size 100x10 [bgcolor=#C0C0C0]
    RenderMultiColumnSet at (8,18) size 100x50
layer at (16,70) size 48x100
  RenderMultiColumnFlowThread at (8,8) size 48x100
    RenderMultiColumnSpannerPlaceholder at (0,0) size 0x0
    RenderBlock (anonymous) at (0,0) size 48x100
      RenderBR {BR} at (0,0) size 0x25
      RenderText {#text} at (0,25) size 25x75
        text run at (0,25) width 25: "x"
        text run at (0,50) width 25: "y"
        text run at (0,75) width 25: "z"
layer at (128,62) size 116x76
  RenderBlock {DIV} at (120,10) size 116x76 [color=#ADD8E6] [border: (3px solid #000000)]
    RenderBlock {DIV} at (8,8) size 100x10 [bgcolor=#C0C0C0]
    RenderMultiColumnSet at (8,18) size 100x50
layer at (136,70) size 48x100
  RenderMultiColumnFlowThread at (8,8) size 48x100
    RenderMultiColumnSpannerPlaceholder at (0,0) size 0x0
    RenderBlock (anonymous) at (0,0) size 48x100
      RenderBR {BR} at (0,0) size 0x25
      RenderInline {SPAN} at (0,0) size 25x75
        RenderText {#text} at (0,25) size 25x75
          text run at (0,25) width 25: "x"
          text run at (0,50) width 25: "y"
          text run at (0,75) width 25: "z"
      RenderText {#text} at (0,0) size 0x0
layer at (248,62) size 116x76
  RenderBlock {DIV} at (240,10) size 116x76 [color=#ADD8E6] [border: (3px solid #000000)]
    RenderBlock {DIV} at (8,8) size 100x10 [bgcolor=#C0C0C0]
    RenderMultiColumnSet at (8,18) size 100x50
layer at (256,70) size 48x100
  RenderMultiColumnFlowThread at (8,8) size 48x100
    RenderMultiColumnSpannerPlaceholder at (0,0) size 0x0
    RenderBlock (anonymous) at (0,0) size 48x25
      RenderBR {BR} at (0,0) size 0x25
    RenderBlock {DIV} at (0,25) size 48x75
      RenderText {#text} at (0,0) size 25x75
        text run at (0,0) width 25: "x"
        text run at (0,25) width 25: "y"
        text run at (0,50) width 25: "z"
layer at (368,62) size 116x76
  RenderBlock {DIV} at (360,10) size 116x76 [color=#ADD8E6] [border: (3px solid #000000)]
    RenderBlock {DIV} at (8,8) size 100x10 [bgcolor=#C0C0C0]
    RenderMultiColumnSet at (8,18) size 100x50
layer at (376,70) size 48x100
  RenderMultiColumnFlowThread at (8,8) size 48x100
    RenderMultiColumnSpannerPlaceholder at (0,0) size 0x0
    RenderBlock (anonymous) at (0,0) size 48x25
      RenderBR {BR} at (0,0) size 0x25
    RenderBlock {DIV} at (0,25) size 48x75
      RenderBR {BR} at (0,0) size 0x25
      RenderText {#text} at (0,25) size 25x50
        text run at (0,25) width 25: "y"
        text run at (0,50) width 25: "z"
layer at (488,80) size 116x76
  RenderBlock {DIV} at (480,28) size 116x76 [color=#ADD8E6] [border: (3px solid #000000)]
    RenderBlock {DIV} at (8,8) size 100x10 [bgcolor=#C0C0C0]
    RenderMultiColumnSet at (8,18) size 100x50
layer at (496,88) size 48x79
  RenderMultiColumnFlowThread at (8,8) size 48x79
    RenderMultiColumnSpannerPlaceholder at (0,0) size 0x0
    RenderBlock (anonymous) at (0,0) size 48x25
      RenderBR {BR} at (0,0) size 0x25
    RenderBlock {DIV} at (0,25) size 48x54
      RenderBR {BR} at (0,0) size 0x25
      RenderSlider {INPUT} at (2,27) size 25x25 [color=#909090] [bgcolor=#ADD8E6]
        RenderFlexibleBox {DIV} at (0,0) size 25x25
          RenderBlock {DIV} at (0,12) size 25x0
            RenderBlock {DIV} at (0,0) size 25x0
layer at (608,82) size 116x76
  RenderBlock {DIV} at (600,30) size 116x76 [color=#ADD8E6] [border: (3px solid #000000)]
    RenderBlock {DIV} at (8,8) size 100x10 [bgcolor=#C0C0C0]
    RenderMultiColumnSet at (8,18) size 100x50
layer at (616,90) size 48x75
  RenderMultiColumnFlowThread at (8,8) size 48x75
    RenderMultiColumnSpannerPlaceholder at (0,0) size 0x0
    RenderBlock (anonymous) at (0,0) size 48x25
      RenderBR {BR} at (0,0) size 0x25
    RenderBlock {DIV} at (0,25) size 48x50
      RenderBR {BR} at (0,0) size 0x25
      RenderImage {IMG} at (0,25) size 25x25 [bgcolor=#ADD8E6]
layer at (8,198) size 116x76
  RenderBlock {DIV} at (0,146) size 116x76 [color=#ADD8E6] [border: (3px solid #000000)]
    RenderBlock {DIV} at (8,8) size 100x10 [bgcolor=#C0C0C0]
    RenderMultiColumnSet at (8,18) size 100x50
layer at (16,206) size 48x65
  RenderMultiColumnFlowThread at (8,8) size 48x65
    RenderMultiColumnSpannerPlaceholder at (0,0) size 0x0
    RenderBlock {DIV} at (0,40) size 25x25 [bgcolor=#ADD8E6]
layer at (138,168) size 76x116
  RenderBlock {DIV} at (130,116) size 76x116 [color=#ADD8E6] [border: (3px solid #000000)]
    RenderBlock {DIV} at (8,8) size 10x100 [bgcolor=#C0C0C0]
    RenderMultiColumnSet at (18,8) size 50x100
layer at (146,176) size 100x48
  RenderMultiColumnFlowThread at (8,8) size 100x48
    RenderMultiColumnSpannerPlaceholder at (0,0) size 0x0
    RenderBlock (anonymous) at (0,0) size 100x48
      RenderBR {BR} at (0,0) size 25x0
      RenderText {#text} at (25,0) size 75x25
        text run at (25,0) width 25: "x"
        text run at (50,0) width 25: "y"
        text run at (75,0) width 25: "z"
layer at (238,168) size 76x116
  RenderBlock {DIV} at (230,116) size 76x116 [color=#ADD8E6] [border: (3px solid #000000)]
    RenderBlock {DIV} at (8,8) size 10x100 [bgcolor=#C0C0C0]
    RenderMultiColumnSet at (18,8) size 50x100
layer at (246,176) size 100x48
  RenderMultiColumnFlowThread at (8,8) size 100x48
    RenderMultiColumnSpannerPlaceholder at (0,0) size 0x0
    RenderBlock (anonymous) at (0,0) size 100x48
      RenderBR {BR} at (0,0) size 25x0
      RenderInline {SPAN} at (0,0) size 75x25
        RenderText {#text} at (25,0) size 75x25
          text run at (25,0) width 25: "x"
          text run at (50,0) width 25: "y"
          text run at (75,0) width 25: "z"
      RenderText {#text} at (0,0) size 0x0
layer at (338,168) size 76x116
  RenderBlock {DIV} at (330,116) size 76x116 [color=#ADD8E6] [border: (3px solid #000000)]
    RenderBlock {DIV} at (8,8) size 10x100 [bgcolor=#C0C0C0]
    RenderMultiColumnSet at (18,8) size 50x100
layer at (346,176) size 100x48
  RenderMultiColumnFlowThread at (8,8) size 100x48
    RenderMultiColumnSpannerPlaceholder at (0,0) size 0x0
    RenderBlock (anonymous) at (0,0) size 25x48
      RenderBR {BR} at (0,0) size 25x0
    RenderBlock {DIV} at (25,0) size 75x48
      RenderText {#text} at (0,0) size 75x25
        text run at (0,0) width 25: "x"
        text run at (25,0) width 25: "y"
        text run at (50,0) width 25: "z"
layer at (438,168) size 76x116
  RenderBlock {DIV} at (430,116) size 76x116 [color=#ADD8E6] [border: (3px solid #000000)]
    RenderBlock {DIV} at (8,8) size 10x100 [bgcolor=#C0C0C0]
    RenderMultiColumnSet at (18,8) size 50x100
layer at (446,176) size 100x48
  RenderMultiColumnFlowThread at (8,8) size 100x48
    RenderMultiColumnSpannerPlaceholder at (0,0) size 0x0
    RenderBlock (anonymous) at (0,0) size 25x48
      RenderBR {BR} at (0,0) size 25x0
    RenderBlock {DIV} at (25,0) size 75x48
      RenderBR {BR} at (0,0) size 25x0
      RenderText {#text} at (25,0) size 50x25
        text run at (25,0) width 25: "y"
        text run at (50,0) width 25: "z"
layer at (538,168) size 76x116
  RenderBlock {DIV} at (530,116) size 76x116 [color=#ADD8E6] [border: (3px solid #000000)]
    RenderBlock {DIV} at (8,8) size 10x100 [bgcolor=#C0C0C0]
    RenderMultiColumnSet at (18,8) size 50x100
layer at (546,176) size 79x48
  RenderMultiColumnFlowThread at (8,8) size 79x48
    RenderMultiColumnSpannerPlaceholder at (0,0) size 0x0
    RenderBlock (anonymous) at (0,0) size 25x48
      RenderBR {BR} at (0,0) size 25x0
    RenderBlock {DIV} at (25,0) size 54x48
      RenderBR {BR} at (0,0) size 25x0
      RenderSlider {INPUT} at (27,2) size 25x25 [color=#909090] [bgcolor=#ADD8E6]
        RenderFlexibleBox {DIV} at (0,0) size 25x25
          RenderBlock {DIV} at (0,12) size 25x0
            RenderBlock {DIV} at (0,0) size 25x0
layer at (638,168) size 76x116
  RenderBlock {DIV} at (630,116) size 76x116 [color=#ADD8E6] [border: (3px solid #000000)]
    RenderBlock {DIV} at (8,8) size 10x100 [bgcolor=#C0C0C0]
    RenderMultiColumnSet at (18,8) size 50x100
layer at (646,176) size 75x48
  RenderMultiColumnFlowThread at (8,8) size 75x48
    RenderMultiColumnSpannerPlaceholder at (0,0) size 0x0
    RenderBlock (anonymous) at (0,0) size 25x48
      RenderBR {BR} at (0,0) size 25x0
    RenderBlock {DIV} at (25,0) size 50x48
      RenderBR {BR} at (0,0) size 25x0
      RenderImage {IMG} at (25,0) size 25x25 [bgcolor=#ADD8E6]
layer at (18,287) size 76x116
  RenderBlock {DIV} at (10,235) size 76x116 [color=#ADD8E6] [border: (3px solid #000000)]
    RenderBlock {DIV} at (8,8) size 10x100 [bgcolor=#C0C0C0]
    RenderMultiColumnSet at (18,8) size 50x100
layer at (26,295) size 65x48
  RenderMultiColumnFlowThread at (8,8) size 65x48
    RenderMultiColumnSpannerPlaceholder at (0,0) size 0x0
    RenderBlock {DIV} at (40,0) size 25x25 [bgcolor=#ADD8E6]
layer at (118,287) size 76x116
  RenderBlock {DIV} at (110,235) size 76x116 [color=#ADD8E6] [border: (3px solid #000000)]
    RenderBlock {DIV} at (8,8) size 10x100 [bgcolor=#C0C0C0]
    RenderMultiColumnSet at (18,8) size 50x100
layer at (86,295) size 100x48
  RenderMultiColumnFlowThread at (8,8) size 100x48
    RenderMultiColumnSpannerPlaceholder at (0,0) size 0x0
    RenderBlock (anonymous) at (0,0) size 100x48
      RenderBR {BR} at (0,0) size 25x0
      RenderText {#text} at (25,0) size 75x25
        text run at (25,0) width 25: "x"
        text run at (50,0) width 25: "y"
        text run at (75,0) width 25: "z"
layer at (218,287) size 76x116
  RenderBlock {DIV} at (210,235) size 76x116 [color=#ADD8E6] [border: (3px solid #000000)]
    RenderBlock {DIV} at (8,8) size 10x100 [bgcolor=#C0C0C0]
    RenderMultiColumnSet at (18,8) size 50x100
layer at (186,295) size 100x48
  RenderMultiColumnFlowThread at (8,8) size 100x48
    RenderMultiColumnSpannerPlaceholder at (0,0) size 0x0
    RenderBlock (anonymous) at (0,0) size 100x48
      RenderBR {BR} at (0,0) size 25x0
      RenderInline {SPAN} at (0,0) size 75x25
        RenderText {#text} at (25,0) size 75x25
          text run at (25,0) width 25: "x"
          text run at (50,0) width 25: "y"
          text run at (75,0) width 25: "z"
      RenderText {#text} at (0,0) size 0x0
layer at (318,287) size 76x116
  RenderBlock {DIV} at (310,235) size 76x116 [color=#ADD8E6] [border: (3px solid #000000)]
    RenderBlock {DIV} at (8,8) size 10x100 [bgcolor=#C0C0C0]
    RenderMultiColumnSet at (18,8) size 50x100
layer at (286,295) size 100x48
  RenderMultiColumnFlowThread at (8,8) size 100x48
    RenderMultiColumnSpannerPlaceholder at (0,0) size 0x0
    RenderBlock (anonymous) at (0,0) size 25x48
      RenderBR {BR} at (0,0) size 25x0
    RenderBlock {DIV} at (25,0) size 75x48
      RenderText {#text} at (0,0) size 75x25
        text run at (0,0) width 25: "x"
        text run at (25,0) width 25: "y"
        text run at (50,0) width 25: "z"
layer at (418,287) size 76x116
  RenderBlock {DIV} at (410,235) size 76x116 [color=#ADD8E6] [border: (3px solid #000000)]
    RenderBlock {DIV} at (8,8) size 10x100 [bgcolor=#C0C0C0]
    RenderMultiColumnSet at (18,8) size 50x100
layer at (386,295) size 100x48
  RenderMultiColumnFlowThread at (8,8) size 100x48
    RenderMultiColumnSpannerPlaceholder at (0,0) size 0x0
    RenderBlock (anonymous) at (0,0) size 25x48
      RenderBR {BR} at (0,0) size 25x0
    RenderBlock {DIV} at (25,0) size 75x48
      RenderBR {BR} at (0,0) size 25x0
      RenderText {#text} at (25,0) size 50x25
        text run at (25,0) width 25: "y"
        text run at (50,0) width 25: "z"
layer at (518,287) size 76x116
  RenderBlock {DIV} at (510,235) size 76x116 [color=#ADD8E6] [border: (3px solid #000000)]
    RenderBlock {DIV} at (8,8) size 10x100 [bgcolor=#C0C0C0]
    RenderMultiColumnSet at (18,8) size 50x100
layer at (507,295) size 79x48
  RenderMultiColumnFlowThread at (8,8) size 79x48
    RenderMultiColumnSpannerPlaceholder at (0,0) size 0x0
    RenderBlock (anonymous) at (0,0) size 25x48
      RenderBR {BR} at (0,0) size 25x0
    RenderBlock {DIV} at (25,0) size 54x48
      RenderBR {BR} at (0,0) size 25x0
      RenderSlider {INPUT} at (27,2) size 25x25 [color=#909090] [bgcolor=#ADD8E6]
        RenderFlexibleBox {DIV} at (0,0) size 25x25
          RenderBlock {DIV} at (0,12) size 25x0
            RenderBlock {DIV} at (0,0) size 25x0
layer at (618,287) size 76x116
  RenderBlock {DIV} at (610,235) size 76x116 [color=#ADD8E6] [border: (3px solid #000000)]
    RenderBlock {DIV} at (8,8) size 10x100 [bgcolor=#C0C0C0]
    RenderMultiColumnSet at (18,8) size 50x100
layer at (611,295) size 75x48
  RenderMultiColumnFlowThread at (8,8) size 75x48
    RenderMultiColumnSpannerPlaceholder at (0,0) size 0x0
    RenderBlock (anonymous) at (0,0) size 25x48
      RenderBR {BR} at (0,0) size 25x0
    RenderBlock {DIV} at (25,0) size 50x48
      RenderBR {BR} at (0,0) size 25x0
      RenderImage {IMG} at (25,0) size 25x25 [bgcolor=#ADD8E6]
layer at (18,406) size 76x116
  RenderBlock {DIV} at (10,354) size 76x116 [color=#ADD8E6] [border: (3px solid #000000)]
    RenderBlock {DIV} at (8,8) size 10x100 [bgcolor=#C0C0C0]
    RenderMultiColumnSet at (18,8) size 50x100
layer at (21,414) size 65x48
  RenderMultiColumnFlowThread at (8,8) size 65x48
    RenderMultiColumnSpannerPlaceholder at (0,0) size 0x0
    RenderBlock {DIV} at (40,0) size 25x25 [bgcolor=#ADD8E6]
layer at (16,105) size 25x25
  RenderBlock (positioned) {DIV} at (16,105) size 25x25 [border: (3px solid #0000FF7F)]
layer at (69,80) size 25x25
  RenderBlock (positioned) {DIV} at (68,80) size 26x25 [border: (3px solid #0000FF7F)]
layer at (69,105) size 25x25
  RenderBlock (positioned) {DIV} at (68,105) size 26x25 [border: (3px solid #0000FF7F)]
layer at (136,105) size 25x25
  RenderBlock (positioned) {DIV} at (136,105) size 25x25 [border: (3px solid #0000FF7F)]
layer at (189,80) size 25x25
  RenderBlock (positioned) {DIV} at (188,80) size 26x25 [border: (3px solid #0000FF7F)]
layer at (189,105) size 25x25
  RenderBlock (positioned) {DIV} at (188,105) size 26x25 [border: (3px solid #0000FF7F)]
layer at (256,105) size 25x25
  RenderBlock (positioned) {DIV} at (256,105) size 25x25 [border: (3px solid #0000FF7F)]
layer at (309,80) size 25x25
  RenderBlock (positioned) {DIV} at (308,80) size 26x25 [border: (3px solid #0000FF7F)]
layer at (309,105) size 25x25
  RenderBlock (positioned) {DIV} at (308,105) size 26x25 [border: (3px solid #0000FF7F)]
layer at (429,80) size 25x25
  RenderBlock (positioned) {DIV} at (428,80) size 26x25 [border: (3px solid #0000FF7F)]
layer at (429,105) size 25x25
  RenderBlock (positioned) {DIV} at (428,105) size 26x25 [border: (3px solid #0000FF7F)]
layer at (551,100) size 25x25
  RenderBlock (positioned) {DIV} at (550,100) size 26x25 [border: (3px solid #0000FF7F)]
layer at (669,100) size 25x25
  RenderBlock (positioned) {DIV} at (668,100) size 26x25 [border: (3px solid #0000FF7F)]
layer at (69,206) size 25x25
  RenderBlock (positioned) {DIV} at (68,206) size 26x25 [border: (3px solid #0000FF7F)]
layer at (181,176) size 25x25
  RenderBlock (positioned) {DIV} at (181,176) size 25x25 [border: (3px solid #0000FF7F)]
layer at (156,229) size 25x25
  RenderBlock (positioned) {DIV} at (156,228) size 25x26 [border: (3px solid #0000FF7F)]
layer at (181,229) size 25x25
  RenderBlock (positioned) {DIV} at (181,228) size 25x26 [border: (3px solid #0000FF7F)]
layer at (281,176) size 25x25
  RenderBlock (positioned) {DIV} at (281,176) size 25x25 [border: (3px solid #0000FF7F)]
layer at (256,229) size 25x25
  RenderBlock (positioned) {DIV} at (256,228) size 25x26 [border: (3px solid #0000FF7F)]
layer at (281,229) size 25x25
  RenderBlock (positioned) {DIV} at (281,228) size 25x26 [border: (3px solid #0000FF7F)]
layer at (381,176) size 25x25
  RenderBlock (positioned) {DIV} at (381,176) size 25x25 [border: (3px solid #0000FF7F)]
layer at (356,229) size 25x25
  RenderBlock (positioned) {DIV} at (356,228) size 25x26 [border: (3px solid #0000FF7F)]
layer at (381,229) size 25x25
  RenderBlock (positioned) {DIV} at (381,228) size 25x26 [border: (3px solid #0000FF7F)]
layer at (456,229) size 25x25
  RenderBlock (positioned) {DIV} at (456,228) size 25x26 [border: (3px solid #0000FF7F)]
layer at (481,229) size 25x25
  RenderBlock (positioned) {DIV} at (481,228) size 25x26 [border: (3px solid #0000FF7F)]
layer at (558,231) size 25x25
  RenderBlock (positioned) {DIV} at (558,230) size 25x26 [border: (3px solid #0000FF7F)]
layer at (656,229) size 25x25
  RenderBlock (positioned) {DIV} at (656,228) size 25x26 [border: (3px solid #0000FF7F)]
layer at (26,348) size 25x25
  RenderBlock (positioned) {DIV} at (26,347) size 25x26 [border: (3px solid #0000FF7F)]
layer at (126,295) size 25x25
  RenderBlock (positioned) {DIV} at (126,295) size 25x25 [border: (3px solid #0000FF7F)]
layer at (151,348) size 25x25
  RenderBlock (positioned) {DIV} at (151,347) size 25x26 [border: (3px solid #0000FF7F)]
layer at (126,348) size 25x25
  RenderBlock (positioned) {DIV} at (126,347) size 25x26 [border: (3px solid #0000FF7F)]
layer at (226,295) size 25x25
  RenderBlock (positioned) {DIV} at (226,295) size 25x25 [border: (3px solid #0000FF7F)]
layer at (251,348) size 25x25
  RenderBlock (positioned) {DIV} at (251,347) size 25x26 [border: (3px solid #0000FF7F)]
layer at (226,348) size 25x25
  RenderBlock (positioned) {DIV} at (226,347) size 25x26 [border: (3px solid #0000FF7F)]
layer at (326,295) size 25x25
  RenderBlock (positioned) {DIV} at (326,295) size 25x25 [border: (3px solid #0000FF7F)]
layer at (351,348) size 25x25
  RenderBlock (positioned) {DIV} at (351,347) size 25x26 [border: (3px solid #0000FF7F)]
layer at (326,348) size 25x25
  RenderBlock (positioned) {DIV} at (326,347) size 25x26 [border: (3px solid #0000FF7F)]
layer at (451,348) size 25x25
  RenderBlock (positioned) {DIV} at (451,347) size 25x26 [border: (3px solid #0000FF7F)]
layer at (426,348) size 25x25
  RenderBlock (positioned) {DIV} at (426,347) size 25x26 [border: (3px solid #0000FF7F)]
layer at (549,350) size 25x25
  RenderBlock (positioned) {DIV} at (549,349) size 25x26 [border: (3px solid #0000FF7F)]
layer at (651,348) size 25x25
  RenderBlock (positioned) {DIV} at (651,347) size 25x26 [border: (3px solid #0000FF7F)]
layer at (61,467) size 25x25
  RenderBlock (positioned) {DIV} at (61,466) size 25x26 [border: (3px solid #0000FF7F)]
