layer at (0,0) size 800x600
  RenderView at (0,0) size 800x600
layer at (0,0) size 800x600
  RenderBlock {HTML} at (0,0) size 800x600
    RenderBody {BODY} at (8,8) size 784x584
      RenderBlock {P} at (0,0) size 784x28
        RenderText {#text} at (0,11) size 421x17
          text run at (0,11) width 421: "The blue borders should coincide with light blue squares, like this: "
        RenderBlock {SPAN} at (421,0) size 25x25 [bgcolor=#ADD8E6] [border: (3px solid #0000FF7F)]
        RenderText {#text} at (446,11) size 196x17
          text run at (446,11) width 8: ". "
          text run at (454,11) width 188: "There should be none of this: "
        RenderBlock {SPAN} at (642,0) size 25x25 [bgcolor=#ADD8E6]
        RenderText {#text} at (667,11) size 51x17
          text run at (667,11) width 4: " "
          text run at (671,11) width 47: "or this: "
        RenderBlock {SPAN} at (718,0) size 25x25 [border: (3px solid #0000FF7F)]
        RenderText {#text} at (743,11) size 4x17
          text run at (743,11) width 4: "."
      RenderBlock (anonymous) at (0,44) size 784x513
        RenderText {#text} at (116,114) size 4x17
          text run at (116,114) width 4: " "
        RenderText {#text} at (236,114) size 4x17
          text run at (236,114) width 4: " "
        RenderText {#text} at (356,114) size 4x17
          text run at (356,114) width 4: " "
        RenderText {#text} at (476,114) size 4x17
          text run at (476,114) width 4: " "
        RenderText {#text} at (596,114) size 4x17
          text run at (596,114) width 4: " "
        RenderText {#text} at (716,114) size 4x17
          text run at (716,114) width 4: " "
        RenderText {#text} at (116,258) size 4x17
          text run at (116,258) width 4: " "
        RenderText {#text} at (246,258) size 4x17
          text run at (246,258) width 4: " "
        RenderText {#text} at (376,258) size 4x17
          text run at (376,258) width 4: " "
        RenderText {#text} at (506,258) size 4x17
          text run at (506,258) width 4: " "
        RenderText {#text} at (636,258) size 4x17
          text run at (636,258) width 4: " "
        RenderText {#text} at (0,0) size 0x0
        RenderText {#text} at (126,377) size 4x17
          text run at (126,377) width 4: " "
        RenderText {#text} at (256,377) size 4x17
          text run at (256,377) width 4: " "
        RenderText {#text} at (386,377) size 4x17
          text run at (386,377) width 4: " "
        RenderText {#text} at (516,377) size 4x17
          text run at (516,377) width 4: " "
        RenderText {#text} at (646,377) size 4x17
          text run at (646,377) width 4: " "
        RenderText {#text} at (0,0) size 0x0
        RenderText {#text} at (126,496) size 4x17
          text run at (126,496) width 4: " "
        RenderText {#text} at (256,496) size 4x17
          text run at (256,496) width 4: " "
        RenderText {#text} at (0,0) size 0x0
layer at (8,62) size 116x106
  RenderBlock {DIV} at (0,10) size 116x106 [color=#ADD8E6] [border: (3px solid #000000)]
    RenderMultiColumnSet at (8,8) size 100x5
    RenderBlock {DIV} at (8,13) size 100x30 [bgcolor=#C0C0C0]
    RenderMultiColumnSet at (8,43) size 100x55
layer at (16,70) size 48x115
  RenderMultiColumnFlowThread at (8,8) size 48x115
    RenderBlock {DIV} at (0,0) size 48x10 [bgcolor=#000080]
    RenderMultiColumnSpannerPlaceholder at (0,10) size 0x0
    RenderBlock (anonymous) at (0,10) size 48x105
      RenderBR {BR} at (0,0) size 0x25
      RenderText {#text} at (0,25) size 25x80
        text run at (0,25) width 25: "x"
        text run at (0,55) width 25: "y"
        text run at (0,80) width 25: "z"
layer at (128,62) size 116x106
  RenderBlock {DIV} at (120,10) size 116x106 [color=#ADD8E6] [border: (3px solid #000000)]
    RenderMultiColumnSet at (8,8) size 100x5
    RenderBlock {DIV} at (8,13) size 100x30 [bgcolor=#C0C0C0]
    RenderMultiColumnSet at (8,43) size 100x55
layer at (136,70) size 48x115
  RenderMultiColumnFlowThread at (8,8) size 48x115
    RenderBlock {DIV} at (0,0) size 48x10 [bgcolor=#000080]
    RenderMultiColumnSpannerPlaceholder at (0,10) size 0x0
    RenderBlock (anonymous) at (0,10) size 48x105
      RenderBR {BR} at (0,0) size 0x25
      RenderInline {SPAN} at (0,0) size 25x80
        RenderText {#text} at (0,25) size 25x80
          text run at (0,25) width 25: "x"
          text run at (0,55) width 25: "y"
          text run at (0,80) width 25: "z"
      RenderText {#text} at (0,0) size 0x0
layer at (248,62) size 116x106
  RenderBlock {DIV} at (240,10) size 116x106 [color=#ADD8E6] [border: (3px solid #000000)]
    RenderMultiColumnSet at (8,8) size 100x5
    RenderBlock {DIV} at (8,13) size 100x30 [bgcolor=#C0C0C0]
    RenderMultiColumnSet at (8,43) size 100x55
layer at (256,70) size 48x115
  RenderMultiColumnFlowThread at (8,8) size 48x115
    RenderBlock {DIV} at (0,0) size 48x10 [bgcolor=#000080]
    RenderMultiColumnSpannerPlaceholder at (0,10) size 0x0
    RenderBlock (anonymous) at (0,10) size 48x25
      RenderBR {BR} at (0,0) size 0x25
    RenderBlock {DIV} at (0,35) size 48x80
      RenderText {#text} at (0,0) size 25x80
        text run at (0,0) width 25: "x"
        text run at (0,30) width 25: "y"
        text run at (0,55) width 25: "z"
layer at (368,62) size 116x106
  RenderBlock {DIV} at (360,10) size 116x106 [color=#ADD8E6] [border: (3px solid #000000)]
    RenderMultiColumnSet at (8,8) size 100x5
    RenderBlock {DIV} at (8,13) size 100x30 [bgcolor=#C0C0C0]
    RenderMultiColumnSet at (8,43) size 100x55
layer at (376,70) size 48x115
  RenderMultiColumnFlowThread at (8,8) size 48x115
    RenderBlock {DIV} at (0,0) size 48x10 [bgcolor=#000080]
    RenderMultiColumnSpannerPlaceholder at (0,10) size 0x0
    RenderBlock (anonymous) at (0,10) size 48x25
      RenderBR {BR} at (0,0) size 0x25
    RenderBlock {DIV} at (0,35) size 48x80
      RenderBR {BR} at (0,0) size 0x25
      RenderText {#text} at (0,30) size 25x50
        text run at (0,30) width 25: "y"
        text run at (0,55) width 25: "z"
layer at (488,80) size 116x106
  RenderBlock {DIV} at (480,28) size 116x106 [color=#ADD8E6] [border: (3px solid #000000)]
    RenderMultiColumnSet at (8,8) size 100x5
    RenderBlock {DIV} at (8,13) size 100x30 [bgcolor=#C0C0C0]
    RenderMultiColumnSet at (8,43) size 100x55
layer at (496,88) size 48x94
  RenderMultiColumnFlowThread at (8,8) size 48x94
    RenderBlock {DIV} at (0,0) size 48x10 [bgcolor=#000080]
    RenderMultiColumnSpannerPlaceholder at (0,10) size 0x0
    RenderBlock (anonymous) at (0,10) size 48x25
      RenderBR {BR} at (0,0) size 0x25
    RenderBlock {DIV} at (0,35) size 48x59
      RenderBR {BR} at (0,0) size 0x25
      RenderSlider {INPUT} at (2,32) size 25x25 [color=#909090] [bgcolor=#ADD8E6]
        RenderFlexibleBox {DIV} at (0,0) size 25x25
          RenderBlock {DIV} at (0,12) size 25x0
            RenderBlock {DIV} at (0,0) size 25x0
layer at (608,82) size 116x106
  RenderBlock {DIV} at (600,30) size 116x106 [color=#ADD8E6] [border: (3px solid #000000)]
    RenderMultiColumnSet at (8,8) size 100x5
    RenderBlock {DIV} at (8,13) size 100x30 [bgcolor=#C0C0C0]
    RenderMultiColumnSet at (8,43) size 100x55
layer at (616,90) size 48x90
  RenderMultiColumnFlowThread at (8,8) size 48x90
    RenderBlock {DIV} at (0,0) size 48x10 [bgcolor=#000080]
    RenderMultiColumnSpannerPlaceholder at (0,10) size 0x0
    RenderBlock (anonymous) at (0,10) size 48x25
      RenderBR {BR} at (0,0) size 0x25
    RenderBlock {DIV} at (0,35) size 48x55
      RenderBR {BR} at (0,0) size 0x25
      RenderImage {IMG} at (0,30) size 25x25 [bgcolor=#ADD8E6]
layer at (8,208) size 116x106
  RenderBlock {DIV} at (0,156) size 116x106 [color=#ADD8E6] [border: (3px solid #000000)]
    RenderMultiColumnSet at (8,8) size 100x5
    RenderBlock {DIV} at (8,13) size 100x30 [bgcolor=#C0C0C0]
    RenderMultiColumnSet at (8,43) size 100x55
layer at (16,216) size 48x75
  RenderMultiColumnFlowThread at (8,8) size 48x75
    RenderBlock {DIV} at (0,0) size 48x10 [bgcolor=#000080]
    RenderMultiColumnSpannerPlaceholder at (0,10) size 0x0
    RenderBlock {DIV} at (0,50) size 25x25 [bgcolor=#ADD8E6]
layer at (138,208) size 106x116
  RenderBlock {DIV} at (130,156) size 106x116 [color=#ADD8E6] [border: (3px solid #000000)]
    RenderMultiColumnSet at (8,8) size 5x100
    RenderBlock {DIV} at (13,8) size 30x100 [bgcolor=#C0C0C0]
    RenderMultiColumnSet at (43,8) size 55x100
layer at (146,216) size 115x48
  RenderMultiColumnFlowThread at (8,8) size 115x48
    RenderBlock {DIV} at (0,0) size 10x48 [bgcolor=#000080]
    RenderMultiColumnSpannerPlaceholder at (10,0) size 0x0
    RenderBlock (anonymous) at (10,0) size 105x48
      RenderBR {BR} at (0,0) size 25x0
      RenderText {#text} at (25,0) size 80x25
        text run at (25,0) width 25: "x"
        text run at (55,0) width 25: "y"
        text run at (80,0) width 25: "z"
layer at (268,208) size 106x116
  RenderBlock {DIV} at (260,156) size 106x116 [color=#ADD8E6] [border: (3px solid #000000)]
    RenderMultiColumnSet at (8,8) size 5x100
    RenderBlock {DIV} at (13,8) size 30x100 [bgcolor=#C0C0C0]
    RenderMultiColumnSet at (43,8) size 55x100
layer at (276,216) size 115x48
  RenderMultiColumnFlowThread at (8,8) size 115x48
    RenderBlock {DIV} at (0,0) size 10x48 [bgcolor=#000080]
    RenderMultiColumnSpannerPlaceholder at (10,0) size 0x0
    RenderBlock (anonymous) at (10,0) size 105x48
      RenderBR {BR} at (0,0) size 25x0
      RenderInline {SPAN} at (0,0) size 80x25
        RenderText {#text} at (25,0) size 80x25
          text run at (25,0) width 25: "x"
          text run at (55,0) width 25: "y"
          text run at (80,0) width 25: "z"
      RenderText {#text} at (0,0) size 0x0
layer at (398,208) size 106x116
  RenderBlock {DIV} at (390,156) size 106x116 [color=#ADD8E6] [border: (3px solid #000000)]
    RenderMultiColumnSet at (8,8) size 5x100
    RenderBlock {DIV} at (13,8) size 30x100 [bgcolor=#C0C0C0]
    RenderMultiColumnSet at (43,8) size 55x100
layer at (406,216) size 115x48
  RenderMultiColumnFlowThread at (8,8) size 115x48
    RenderBlock {DIV} at (0,0) size 10x48 [bgcolor=#000080]
    RenderMultiColumnSpannerPlaceholder at (10,0) size 0x0
    RenderBlock (anonymous) at (10,0) size 25x48
      RenderBR {BR} at (0,0) size 25x0
    RenderBlock {DIV} at (35,0) size 80x48
      RenderText {#text} at (0,0) size 80x25
        text run at (0,0) width 25: "x"
        text run at (30,0) width 25: "y"
        text run at (55,0) width 25: "z"
layer at (528,208) size 106x116
  RenderBlock {DIV} at (520,156) size 106x116 [color=#ADD8E6] [border: (3px solid #000000)]
    RenderMultiColumnSet at (8,8) size 5x100
    RenderBlock {DIV} at (13,8) size 30x100 [bgcolor=#C0C0C0]
    RenderMultiColumnSet at (43,8) size 55x100
layer at (536,216) size 115x48
  RenderMultiColumnFlowThread at (8,8) size 115x48
    RenderBlock {DIV} at (0,0) size 10x48 [bgcolor=#000080]
    RenderMultiColumnSpannerPlaceholder at (10,0) size 0x0
    RenderBlock (anonymous) at (10,0) size 25x48
      RenderBR {BR} at (0,0) size 25x0
    RenderBlock {DIV} at (35,0) size 80x48
      RenderBR {BR} at (0,0) size 25x0
      RenderText {#text} at (30,0) size 50x25
        text run at (30,0) width 25: "y"
        text run at (55,0) width 25: "z"
layer at (658,208) size 106x116
  RenderBlock {DIV} at (650,156) size 106x116 [color=#ADD8E6] [border: (3px solid #000000)]
    RenderMultiColumnSet at (8,8) size 5x100
    RenderBlock {DIV} at (13,8) size 30x100 [bgcolor=#C0C0C0]
    RenderMultiColumnSet at (43,8) size 55x100
layer at (666,216) size 94x48
  RenderMultiColumnFlowThread at (8,8) size 94x48
    RenderBlock {DIV} at (0,0) size 10x48 [bgcolor=#000080]
    RenderMultiColumnSpannerPlaceholder at (10,0) size 0x0
    RenderBlock (anonymous) at (10,0) size 25x48
      RenderBR {BR} at (0,0) size 25x0
    RenderBlock {DIV} at (35,0) size 59x48
      RenderBR {BR} at (0,0) size 25x0
      RenderSlider {INPUT} at (32,2) size 25x25 [color=#909090] [bgcolor=#ADD8E6]
        RenderFlexibleBox {DIV} at (0,0) size 25x25
          RenderBlock {DIV} at (0,12) size 25x0
            RenderBlock {DIV} at (0,0) size 25x0
layer at (18,327) size 106x116
  RenderBlock {DIV} at (10,275) size 106x116 [color=#ADD8E6] [border: (3px solid #000000)]
    RenderMultiColumnSet at (8,8) size 5x100
    RenderBlock {DIV} at (13,8) size 30x100 [bgcolor=#C0C0C0]
    RenderMultiColumnSet at (43,8) size 55x100
layer at (26,335) size 90x48
  RenderMultiColumnFlowThread at (8,8) size 90x48
    RenderBlock {DIV} at (0,0) size 10x48 [bgcolor=#000080]
    RenderMultiColumnSpannerPlaceholder at (10,0) size 0x0
    RenderBlock (anonymous) at (10,0) size 25x48
      RenderBR {BR} at (0,0) size 25x0
    RenderBlock {DIV} at (35,0) size 55x48
      RenderBR {BR} at (0,0) size 25x0
      RenderImage {IMG} at (30,0) size 25x25 [bgcolor=#ADD8E6]
layer at (148,327) size 106x116
  RenderBlock {DIV} at (140,275) size 106x116 [color=#ADD8E6] [border: (3px solid #000000)]
    RenderMultiColumnSet at (8,8) size 5x100
    RenderBlock {DIV} at (13,8) size 30x100 [bgcolor=#C0C0C0]
    RenderMultiColumnSet at (43,8) size 55x100
layer at (156,335) size 75x48
  RenderMultiColumnFlowThread at (8,8) size 75x48
    RenderBlock {DIV} at (0,0) size 10x48 [bgcolor=#000080]
    RenderMultiColumnSpannerPlaceholder at (10,0) size 0x0
    RenderBlock {DIV} at (50,0) size 25x25 [bgcolor=#ADD8E6]
layer at (278,327) size 106x116
  RenderBlock {DIV} at (270,275) size 106x116 [color=#ADD8E6] [border: (3px solid #000000)]
    RenderMultiColumnSet at (8,8) size 5x100
    RenderBlock {DIV} at (13,8) size 30x100 [bgcolor=#C0C0C0]
    RenderMultiColumnSet at (43,8) size 55x100
layer at (261,335) size 115x48
  RenderMultiColumnFlowThread at (8,8) size 115x48
    RenderBlock {DIV} at (0,0) size 10x48 [bgcolor=#000080]
    RenderMultiColumnSpannerPlaceholder at (10,0) size 0x0
    RenderBlock (anonymous) at (10,0) size 105x48
      RenderBR {BR} at (0,0) size 25x0
      RenderText {#text} at (25,0) size 80x25
        text run at (25,0) width 25: "x"
        text run at (55,0) width 25: "y"
        text run at (80,0) width 25: "z"
layer at (408,327) size 106x116
  RenderBlock {DIV} at (400,275) size 106x116 [color=#ADD8E6] [border: (3px solid #000000)]
    RenderMultiColumnSet at (8,8) size 5x100
    RenderBlock {DIV} at (13,8) size 30x100 [bgcolor=#C0C0C0]
    RenderMultiColumnSet at (43,8) size 55x100
layer at (391,335) size 115x48
  RenderMultiColumnFlowThread at (8,8) size 115x48
    RenderBlock {DIV} at (0,0) size 10x48 [bgcolor=#000080]
    RenderMultiColumnSpannerPlaceholder at (10,0) size 0x0
    RenderBlock (anonymous) at (10,0) size 105x48
      RenderBR {BR} at (0,0) size 25x0
      RenderInline {SPAN} at (0,0) size 80x25
        RenderText {#text} at (25,0) size 80x25
          text run at (25,0) width 25: "x"
          text run at (55,0) width 25: "y"
          text run at (80,0) width 25: "z"
      RenderText {#text} at (0,0) size 0x0
layer at (538,327) size 106x116
  RenderBlock {DIV} at (530,275) size 106x116 [color=#ADD8E6] [border: (3px solid #000000)]
    RenderMultiColumnSet at (8,8) size 5x100
    RenderBlock {DIV} at (13,8) size 30x100 [bgcolor=#C0C0C0]
    RenderMultiColumnSet at (43,8) size 55x100
layer at (521,335) size 115x48
  RenderMultiColumnFlowThread at (8,8) size 115x48
    RenderBlock {DIV} at (0,0) size 10x48 [bgcolor=#000080]
    RenderMultiColumnSpannerPlaceholder at (10,0) size 0x0
    RenderBlock (anonymous) at (10,0) size 25x48
      RenderBR {BR} at (0,0) size 25x0
    RenderBlock {DIV} at (35,0) size 80x48
      RenderText {#text} at (0,0) size 80x25
        text run at (0,0) width 25: "x"
        text run at (30,0) width 25: "y"
        text run at (55,0) width 25: "z"
layer at (668,327) size 106x116
  RenderBlock {DIV} at (660,275) size 106x116 [color=#ADD8E6] [border: (3px solid #000000)]
    RenderMultiColumnSet at (8,8) size 5x100
    RenderBlock {DIV} at (13,8) size 30x100 [bgcolor=#C0C0C0]
    RenderMultiColumnSet at (43,8) size 55x100
layer at (651,335) size 115x48
  RenderMultiColumnFlowThread at (8,8) size 115x48
    RenderBlock {DIV} at (0,0) size 10x48 [bgcolor=#000080]
    RenderMultiColumnSpannerPlaceholder at (10,0) size 0x0
    RenderBlock (anonymous) at (10,0) size 25x48
      RenderBR {BR} at (0,0) size 25x0
    RenderBlock {DIV} at (35,0) size 80x48
      RenderBR {BR} at (0,0) size 25x0
      RenderText {#text} at (30,0) size 50x25
        text run at (30,0) width 25: "y"
        text run at (55,0) width 25: "z"
layer at (18,446) size 106x116
  RenderBlock {DIV} at (10,394) size 106x116 [color=#ADD8E6] [border: (3px solid #000000)]
    RenderMultiColumnSet at (8,8) size 5x100
    RenderBlock {DIV} at (13,8) size 30x100 [bgcolor=#C0C0C0]
    RenderMultiColumnSet at (43,8) size 55x100
layer at (22,454) size 94x48
  RenderMultiColumnFlowThread at (8,8) size 94x48
    RenderBlock {DIV} at (0,0) size 10x48 [bgcolor=#000080]
    RenderMultiColumnSpannerPlaceholder at (10,0) size 0x0
    RenderBlock (anonymous) at (10,0) size 25x48
      RenderBR {BR} at (0,0) size 25x0
    RenderBlock {DIV} at (35,0) size 59x48
      RenderBR {BR} at (0,0) size 25x0
      RenderSlider {INPUT} at (32,2) size 25x25 [color=#909090] [bgcolor=#ADD8E6]
        RenderFlexibleBox {DIV} at (0,0) size 25x25
          RenderBlock {DIV} at (0,12) size 25x0
            RenderBlock {DIV} at (0,0) size 25x0
layer at (148,446) size 106x116
  RenderBlock {DIV} at (140,394) size 106x116 [color=#ADD8E6] [border: (3px solid #000000)]
    RenderMultiColumnSet at (8,8) size 5x100
    RenderBlock {DIV} at (13,8) size 30x100 [bgcolor=#C0C0C0]
    RenderMultiColumnSet at (43,8) size 55x100
layer at (156,454) size 90x48
  RenderMultiColumnFlowThread at (8,8) size 90x48
    RenderBlock {DIV} at (0,0) size 10x48 [bgcolor=#000080]
    RenderMultiColumnSpannerPlaceholder at (10,0) size 0x0
    RenderBlock (anonymous) at (10,0) size 25x48
      RenderBR {BR} at (0,0) size 25x0
    RenderBlock {DIV} at (35,0) size 55x48
      RenderBR {BR} at (0,0) size 25x0
      RenderImage {IMG} at (30,0) size 25x25 [bgcolor=#ADD8E6]
layer at (278,446) size 106x116
  RenderBlock {DIV} at (270,394) size 106x116 [color=#ADD8E6] [border: (3px solid #000000)]
    RenderMultiColumnSet at (8,8) size 5x100
    RenderBlock {DIV} at (13,8) size 30x100 [bgcolor=#C0C0C0]
    RenderMultiColumnSet at (43,8) size 55x100
layer at (301,454) size 75x48
  RenderMultiColumnFlowThread at (8,8) size 75x48
    RenderBlock {DIV} at (0,0) size 10x48 [bgcolor=#000080]
    RenderMultiColumnSpannerPlaceholder at (10,0) size 0x0
    RenderBlock {DIV} at (50,0) size 25x25 [bgcolor=#ADD8E6]
layer at (16,130) size 25x25
  RenderBlock (positioned) {DIV} at (16,130) size 25x25 [border: (3px solid #0000FF7F)]
layer at (69,105) size 25x25
  RenderBlock (positioned) {DIV} at (68,105) size 26x25 [border: (3px solid #0000FF7F)]
layer at (69,130) size 25x25
  RenderBlock (positioned) {DIV} at (68,130) size 26x25 [border: (3px solid #0000FF7F)]
layer at (136,130) size 25x25
  RenderBlock (positioned) {DIV} at (136,130) size 25x25 [border: (3px solid #0000FF7F)]
layer at (189,105) size 25x25
  RenderBlock (positioned) {DIV} at (188,105) size 26x25 [border: (3px solid #0000FF7F)]
layer at (189,130) size 25x25
  RenderBlock (positioned) {DIV} at (188,130) size 26x25 [border: (3px solid #0000FF7F)]
layer at (256,130) size 25x25
  RenderBlock (positioned) {DIV} at (256,130) size 25x25 [border: (3px solid #0000FF7F)]
layer at (309,105) size 25x25
  RenderBlock (positioned) {DIV} at (308,105) size 26x25 [border: (3px solid #0000FF7F)]
layer at (309,130) size 25x25
  RenderBlock (positioned) {DIV} at (308,130) size 26x25 [border: (3px solid #0000FF7F)]
layer at (429,105) size 25x25
  RenderBlock (positioned) {DIV} at (428,105) size 26x25 [border: (3px solid #0000FF7F)]
layer at (429,130) size 25x25
  RenderBlock (positioned) {DIV} at (428,130) size 26x25 [border: (3px solid #0000FF7F)]
layer at (551,125) size 25x25
  RenderBlock (positioned) {DIV} at (550,125) size 26x25 [border: (3px solid #0000FF7F)]
layer at (669,125) size 25x25
  RenderBlock (positioned) {DIV} at (668,125) size 26x25 [border: (3px solid #0000FF7F)]
layer at (16,291) size 25x25
  RenderBlock (positioned) {DIV} at (16,291) size 25x25 [border: (3px solid #0000FF7F)]
layer at (206,216) size 25x25
  RenderBlock (positioned) {DIV} at (206,216) size 25x25 [border: (3px solid #0000FF7F)]
layer at (181,269) size 25x25
  RenderBlock (positioned) {DIV} at (181,268) size 25x26 [border: (3px solid #0000FF7F)]
layer at (206,269) size 25x25
  RenderBlock (positioned) {DIV} at (206,268) size 25x26 [border: (3px solid #0000FF7F)]
layer at (336,216) size 25x25
  RenderBlock (positioned) {DIV} at (336,216) size 25x25 [border: (3px solid #0000FF7F)]
layer at (311,269) size 25x25
  RenderBlock (positioned) {DIV} at (311,268) size 25x26 [border: (3px solid #0000FF7F)]
layer at (336,269) size 25x25
  RenderBlock (positioned) {DIV} at (336,268) size 25x26 [border: (3px solid #0000FF7F)]
layer at (466,216) size 25x25
  RenderBlock (positioned) {DIV} at (466,216) size 25x25 [border: (3px solid #0000FF7F)]
layer at (441,269) size 25x25
  RenderBlock (positioned) {DIV} at (441,268) size 25x26 [border: (3px solid #0000FF7F)]
layer at (466,269) size 25x25
  RenderBlock (positioned) {DIV} at (466,268) size 25x26 [border: (3px solid #0000FF7F)]
layer at (571,269) size 25x25
  RenderBlock (positioned) {DIV} at (571,268) size 25x26 [border: (3px solid #0000FF7F)]
layer at (596,269) size 25x25
  RenderBlock (positioned) {DIV} at (596,268) size 25x26 [border: (3px solid #0000FF7F)]
layer at (703,271) size 25x25
  RenderBlock (positioned) {DIV} at (703,270) size 25x26 [border: (3px solid #0000FF7F)]
layer at (61,388) size 25x25
  RenderBlock (positioned) {DIV} at (61,387) size 25x26 [border: (3px solid #0000FF7F)]
layer at (231,335) size 25x25
  RenderBlock (positioned) {DIV} at (231,335) size 25x25 [border: (3px solid #0000FF7F)]
layer at (291,335) size 25x25
  RenderBlock (positioned) {DIV} at (291,335) size 25x25 [border: (3px solid #0000FF7F)]
layer at (316,388) size 25x25
  RenderBlock (positioned) {DIV} at (316,387) size 25x26 [border: (3px solid #0000FF7F)]
layer at (291,388) size 25x25
  RenderBlock (positioned) {DIV} at (291,387) size 25x26 [border: (3px solid #0000FF7F)]
layer at (421,335) size 25x25
  RenderBlock (positioned) {DIV} at (421,335) size 25x25 [border: (3px solid #0000FF7F)]
layer at (446,388) size 25x25
  RenderBlock (positioned) {DIV} at (446,387) size 25x26 [border: (3px solid #0000FF7F)]
layer at (421,388) size 25x25
  RenderBlock (positioned) {DIV} at (421,387) size 25x26 [border: (3px solid #0000FF7F)]
layer at (551,335) size 25x25
  RenderBlock (positioned) {DIV} at (551,335) size 25x25 [border: (3px solid #0000FF7F)]
layer at (576,388) size 25x25
  RenderBlock (positioned) {DIV} at (576,387) size 25x26 [border: (3px solid #0000FF7F)]
layer at (551,388) size 25x25
  RenderBlock (positioned) {DIV} at (551,387) size 25x26 [border: (3px solid #0000FF7F)]
layer at (706,388) size 25x25
  RenderBlock (positioned) {DIV} at (706,387) size 25x26 [border: (3px solid #0000FF7F)]
layer at (681,388) size 25x25
  RenderBlock (positioned) {DIV} at (681,387) size 25x26 [border: (3px solid #0000FF7F)]
layer at (54,509) size 25x25
  RenderBlock (positioned) {DIV} at (54,508) size 25x26 [border: (3px solid #0000FF7F)]
layer at (186,507) size 25x25
  RenderBlock (positioned) {DIV} at (186,506) size 25x26 [border: (3px solid #0000FF7F)]
layer at (276,454) size 25x25
  RenderBlock (positioned) {DIV} at (276,454) size 25x25 [border: (3px solid #0000FF7F)]
