layer at (0,0) size 785x766
  RenderView at (0,0) size 785x600
layer at (0,0) size 785x766
  RenderBlock {HTML} at (0,0) size 785x766
    RenderBody {BODY} at (8,8) size 769x750
layer at (8,8) size 769x367
  RenderBlock {DIV} at (0,0) size 769x367 [border: (5px solid #0000FF)]
    RenderMultiColumnSet at (5,5) size 759x357
layer at (13,13) size 372x425
  RenderMultiColumnFlowThread at (5,5) size 372x425
    RenderBlock (anonymous) at (0,0) size 372x357
      RenderText {#text} at (0,0) size 110x17
        text run at (0,0) width 110: "This is some text."
      RenderBR {BR} at (110,14) size 0x0
      RenderText {#text} at (0,17) size 110x17
        text run at (0,17) width 110: "This is some text."
      RenderBR {BR} at (110,31) size 0x0
      RenderText {#text} at (0,34) size 110x17
        text run at (0,34) width 110: "This is some text."
      RenderBR {BR} at (110,48) size 0x0
      RenderText {#text} at (0,51) size 110x17
        text run at (0,51) width 110: "This is some text."
      RenderBR {BR} at (110,65) size 0x0
      RenderText {#text} at (0,68) size 110x17
        text run at (0,68) width 110: "This is some text."
      RenderBR {BR} at (110,82) size 0x0
      RenderText {#text} at (0,85) size 110x17
        text run at (0,85) width 110: "This is some text."
      RenderBR {BR} at (110,99) size 0x0
      RenderText {#text} at (0,102) size 110x17
        text run at (0,102) width 110: "This is some text."
      RenderBR {BR} at (110,116) size 0x0
      RenderText {#text} at (0,119) size 110x17
        text run at (0,119) width 110: "This is some text."
      RenderBR {BR} at (110,133) size 0x0
      RenderText {#text} at (0,136) size 110x17
        text run at (0,136) width 110: "This is some text."
      RenderBR {BR} at (110,150) size 0x0
      RenderText {#text} at (0,153) size 110x17
        text run at (0,153) width 110: "This is some text."
      RenderBR {BR} at (110,167) size 0x0
      RenderText {#text} at (0,170) size 110x17
        text run at (0,170) width 110: "This is some text."
      RenderBR {BR} at (110,184) size 0x0
      RenderText {#text} at (0,187) size 110x17
        text run at (0,187) width 110: "This is some text."
      RenderBR {BR} at (110,201) size 0x0
      RenderText {#text} at (0,204) size 110x17
        text run at (0,204) width 110: "This is some text."
      RenderBR {BR} at (110,218) size 0x0
      RenderText {#text} at (0,221) size 110x17
        text run at (0,221) width 110: "This is some text."
      RenderBR {BR} at (110,235) size 0x0
      RenderText {#text} at (0,238) size 110x17
        text run at (0,238) width 110: "This is some text."
      RenderBR {BR} at (110,252) size 0x0
      RenderText {#text} at (0,255) size 110x17
        text run at (0,255) width 110: "This is some text."
      RenderBR {BR} at (110,269) size 0x0
      RenderText {#text} at (0,272) size 110x17
        text run at (0,272) width 110: "This is some text."
      RenderBR {BR} at (110,286) size 0x0
      RenderText {#text} at (0,289) size 110x17
        text run at (0,289) width 110: "This is some text."
      RenderBR {BR} at (110,303) size 0x0
      RenderText {#text} at (0,306) size 110x17
        text run at (0,306) width 110: "This is some text."
      RenderBR {BR} at (110,320) size 0x0
      RenderText {#text} at (0,323) size 110x17
        text run at (0,323) width 110: "This is some text."
      RenderBR {BR} at (110,337) size 0x0
      RenderText {#text} at (0,340) size 110x17
        text run at (0,340) width 110: "This is some text."
      RenderBR {BR} at (110,354) size 0x0
    RenderBlock {DIV} at (0,357) size 372x68
      RenderText {#text} at (0,0) size 262x17
        text run at (0,0) width 262: "This text should be in the second column."
      RenderBR {BR} at (262,14) size 0x0
      RenderText {#text} at (0,17) size 262x17
        text run at (0,17) width 262: "This text should be in the second column."
      RenderBR {BR} at (262,31) size 0x0
      RenderText {#text} at (0,34) size 262x17
        text run at (0,34) width 262: "This text should be in the second column."
      RenderBR {BR} at (262,48) size 0x0
      RenderText {#text} at (0,51) size 262x17
        text run at (0,51) width 262: "This text should be in the second column."
      RenderBR {BR} at (262,65) size 0x0
layer at (8,391) size 769x367
  RenderBlock {DIV} at (0,383) size 769x367 [border: (5px solid #0000FF)]
    RenderMultiColumnSet at (5,5) size 759x357
layer at (13,396) size 372x714 backgroundClip at (0,0) size 785x766 clip at (0,0) size 785x766
  RenderMultiColumnFlowThread at (5,5) size 372x714
    RenderBlock (anonymous) at (0,0) size 372x68
      RenderText {#text} at (0,0) size 242x17
        text run at (0,0) width 242: "This text should be in the first column."
      RenderBR {BR} at (242,14) size 0x0
      RenderText {#text} at (0,17) size 242x17
        text run at (0,17) width 242: "This text should be in the first column."
      RenderBR {BR} at (242,31) size 0x0
      RenderText {#text} at (0,34) size 242x17
        text run at (0,34) width 242: "This text should be in the first column."
      RenderBR {BR} at (242,48) size 0x0
      RenderText {#text} at (0,51) size 242x17
        text run at (0,51) width 242: "This text should be in the first column."
      RenderBR {BR} at (242,65) size 0x0
    RenderBlock {DIV} at (0,357) size 372x357
      RenderText {#text} at (0,0) size 110x17
        text run at (0,0) width 110: "This is some text."
      RenderBR {BR} at (110,14) size 0x0
      RenderText {#text} at (0,17) size 110x17
        text run at (0,17) width 110: "This is some text."
      RenderBR {BR} at (110,31) size 0x0
      RenderText {#text} at (0,34) size 110x17
        text run at (0,34) width 110: "This is some text."
      RenderBR {BR} at (110,48) size 0x0
      RenderText {#text} at (0,51) size 110x17
        text run at (0,51) width 110: "This is some text."
      RenderBR {BR} at (110,65) size 0x0
      RenderText {#text} at (0,68) size 110x17
        text run at (0,68) width 110: "This is some text."
      RenderBR {BR} at (110,82) size 0x0
      RenderText {#text} at (0,85) size 110x17
        text run at (0,85) width 110: "This is some text."
      RenderBR {BR} at (110,99) size 0x0
      RenderText {#text} at (0,102) size 110x17
        text run at (0,102) width 110: "This is some text."
      RenderBR {BR} at (110,116) size 0x0
      RenderText {#text} at (0,119) size 110x17
        text run at (0,119) width 110: "This is some text."
      RenderBR {BR} at (110,133) size 0x0
      RenderText {#text} at (0,136) size 110x17
        text run at (0,136) width 110: "This is some text."
      RenderBR {BR} at (110,150) size 0x0
      RenderText {#text} at (0,153) size 110x17
        text run at (0,153) width 110: "This is some text."
      RenderBR {BR} at (110,167) size 0x0
      RenderText {#text} at (0,170) size 110x17
        text run at (0,170) width 110: "This is some text."
      RenderBR {BR} at (110,184) size 0x0
      RenderText {#text} at (0,187) size 110x17
        text run at (0,187) width 110: "This is some text."
      RenderBR {BR} at (110,201) size 0x0
      RenderText {#text} at (0,204) size 110x17
        text run at (0,204) width 110: "This is some text."
      RenderBR {BR} at (110,218) size 0x0
      RenderText {#text} at (0,221) size 110x17
        text run at (0,221) width 110: "This is some text."
      RenderBR {BR} at (110,235) size 0x0
      RenderText {#text} at (0,238) size 110x17
        text run at (0,238) width 110: "This is some text."
      RenderBR {BR} at (110,252) size 0x0
      RenderText {#text} at (0,255) size 110x17
        text run at (0,255) width 110: "This is some text."
      RenderBR {BR} at (110,269) size 0x0
      RenderText {#text} at (0,272) size 110x17
        text run at (0,272) width 110: "This is some text."
      RenderBR {BR} at (110,286) size 0x0
      RenderText {#text} at (0,289) size 110x17
        text run at (0,289) width 110: "This is some text."
      RenderBR {BR} at (110,303) size 0x0
      RenderText {#text} at (0,306) size 110x17
        text run at (0,306) width 110: "This is some text."
      RenderBR {BR} at (110,320) size 0x0
      RenderText {#text} at (0,323) size 110x17
        text run at (0,323) width 110: "This is some text."
      RenderBR {BR} at (110,337) size 0x0
      RenderText {#text} at (0,340) size 110x17
        text run at (0,340) width 110: "This is some text."
      RenderBR {BR} at (110,354) size 0x0
