layer at (0,0) size 800x600
  RenderView at (0,0) size 800x600
layer at (0,0) size 800x600
  RenderBlock {HTML} at (0,0) size 800x600
    RenderBody {BODY} at (8,8) size 784x584
layer at (8,8) size 784x503
  RenderBlock {DIV} at (0,0) size 784x503 [border: (5px solid #000000)]
    RenderMultiColumnSet at (15,5) size 754x493
layer at (23,13) size 241x1462 backgroundClip at (0,0) size 800x600 clip at (0,0) size 800x600
  RenderMultiColumnFlowThread at (15,5) size 241x1462
    RenderText {#text} at (0,0) size 240x1462
      text run at (0,0) width 177: "Lorem ipsum dolor sit amet,"
      text run at (0,17) width 212: "consectetuer adipiscing elit. Nulla"
      text run at (0,34) width 179: "varius enim ac mi. Curabitur"
      text run at (0,51) width 230: "sollicitudin felis quis lectus. Quisque"
      text run at (0,68) width 224: "adipiscing rhoncus sem. Proin nulla"
      text run at (0,85) width 190: "purus, vulputate vel, varius ut,"
      text run at (0,102) width 217: "euismod et, nisi. Sed vitae felis vel"
      text run at (0,119) width 222: "orci sagittis aliquam. Cras convallis"
      text run at (0,136) width 239: "adipiscing sem. Nam nonummy enim."
      text run at (0,153) width 211: "Nullam bibendum lobortis neque."
      text run at (0,170) width 185: "Vestibulum velit orci, tempus"
      text run at (0,187) width 203: "euismod, pretium quis, interdum"
      text run at (0,204) width 211: "vitae, nulla. Phasellus eget ante et"
      text run at (0,221) width 201: "tortor condimentum vestibulum."
      text run at (0,238) width 236: "Suspendisse hendrerit quam nec felis."
      text run at (0,255) width 223: "Sed varius turpis vitae pede. Lorem"
      text run at (0,272) width 213: "ipsum dolor sit amet, consectetuer"
      text run at (0,289) width 230: "adipiscing elit. Proin bibendum justo"
      text run at (0,306) width 226: "ac enim. Class aptent taciti sociosqu"
      text run at (0,323) width 231: "ad litora torquent per conubia nostra,"
      text run at (0,340) width 206: "per inceptos hymenaeos. Sed leo"
      text run at (0,357) width 224: "nulla, rutrum eu, dictum ut, posuere"
      text run at (0,374) width 212: "vel, arcu. Nam libero. Morbi orci."
      text run at (0,391) width 240: "Maecenas pellentesque. Curabitur erat"
      text run at (0,408) width 214: "erat, ullamcorper at, gravida vitae,"
      text run at (0,425) width 199: "iaculis vitae, elit. Nullam quam."
      text run at (0,442) width 227: "Quisque orci lectus, ullamcorper eu,"
      text run at (0,459) width 216: "imperdiet sed, accumsan et, ligula."
      text run at (0,476) width 204: "Duis diam nisl, sagittis a, blandit"
      text run at (0,493) width 179: "volutpat, interdum sed, velit."
      text run at (0,510) width 209: "Vestibulum quam. Nulla a purus."
      text run at (0,527) width 240: "Phasellus semper semper lectus. Nulla"
      text run at (0,544) width 211: "porttitor, dolor dictum scelerisque"
      text run at (0,561) width 233: "luctus, velit ipsum lobortis mauris, ac"
      text run at (0,578) width 216: "pretium enim nunc vel risus. Proin"
      text run at (0,595) width 201: "gravida mi ut sem cursus mattis."
      text run at (0,612) width 184: "Fusce laoreet, nisi quis luctus"
      text run at (0,629) width 218: "volutpat, arcu pede tincidunt enim,"
      text run at (0,646) width 208: "nec malesuada urna nisl eu enim."
      text run at (0,663) width 202: "Vivamus varius augue ac purus."
      text run at (0,680) width 228: "Vestibulum vestibulum. Phasellus et"
      text run at (0,697) width 205: "est vitae ante accumsan rhoncus."
      text run at (0,714) width 209: "Morbi convallis, arcu at hendrerit"
      text run at (0,731) width 216: "gravida, sem diam dignissim risus,"
      text run at (0,748) width 237: "sed aliquet erat mi ut mi. Nunc cursus"
      text run at (0,765) width 240: "lacinia elit. Nunc nisi. Quisque at erat."
      text run at (0,782) width 229: "Vestibulum dictum quam vitae nibh."
      text run at (0,799) width 219: "Nunc vitae ante non odio interdum"
      text run at (0,816) width 177: "blandit. Curabitur leo quam,"
      text run at (0,833) width 164: "fermentum sed, feugiat in,"
      text run at (0,850) width 230: "ullamcorper id, nibh. Suspendisse ac"
      text run at (0,867) width 201: "turpis. In iaculis sollicitudin dui."
      text run at (0,884) width 192: "Aenean vitae lectus vitae nulla"
      text run at (0,901) width 194: "pellentesque sollicitudin. Nunc"
      text run at (0,918) width 223: "gravida pharetra lectus. Etiam lacus"
      text run at (0,935) width 197: "ligula, placerat ut, dictum vitae,"
      text run at (0,952) width 200: "tempus vel, risus. Cras rhoncus."
      text run at (0,969) width 226: "Praesent varius ultricies orci. Donec"
      text run at (0,986) width 230: "mattis, neque ut ornare fringilla, ante"
      text run at (0,1003) width 231: "urna placerat eros, vel commodo nisi"
      text run at (0,1020) width 217: "tortor ut mauris. Morbi magna dui,"
      text run at (0,1037) width 177: "sagittis sit amet, tincidunt et,"
      text run at (0,1054) width 187: "elementum eget, quam. Fusce"
      text run at (0,1071) width 230: "molestie nisl vitae nisi. Vestibulum a"
      text run at (0,1088) width 234: "sapien. Phasellus ante lacus, vehicula"
      text run at (0,1105) width 205: "non, cursus a, tempor ut, magna."
      text run at (0,1122) width 219: "Suspendisse potenti. Fusce aliquet,"
      text run at (0,1139) width 224: "odio viverra vulputate dictum, enim"
      text run at (0,1156) width 240: "odio luctus purus, ut scelerisque quam"
      text run at (0,1173) width 200: "nulla non est. Donec eros lacus,"
      text run at (0,1190) width 210: "egestas vitae, lacinia quis, tempor"
      text run at (0,1207) width 234: "quis, pede. Morbi orci erat, iaculis id,"
      text run at (0,1224) width 226: "ornare ac, elementum at, sem. Nunc"
      text run at (0,1241) width 223: "ornare sodales nisi. Morbi interdum"
      text run at (0,1258) width 222: "commodo nisl. Fusce eget eros non"
      text run at (0,1275) width 227: "nisi ornare facilisis. Sed placerat, est"
      text run at (0,1292) width 202: "non posuere posuere, purus sem"
      text run at (0,1309) width 237: "dignissim libero, a viverra tellus dolor"
      text run at (0,1326) width 236: "vel lorem. Cras augue. Etiam ultricies"
      text run at (0,1343) width 209: "consequat odio. Mauris ac libero."
      text run at (0,1360) width 225: "Etiam posuere, libero vitae euismod"
      text run at (0,1377) width 219: "gravida, urna elit imperdiet magna,"
      text run at (0,1394) width 240: "vel cursus elit felis non mauris. Donec"
      text run at (0,1411) width 195: "orci erat, porta id, dignissim ut,"
      text run at (0,1428) width 208: "posuere dictum, leo. Suspendisse"
      text run at (0,1445) width 157: "scelerisque egestas nulla."
