layer at (0,0) size 785x604
  RenderView at (0,0) size 785x600
layer at (0,0) size 785x604
  RenderBlock {HTML} at (0,0) size 785x604
    RenderBody {BODY} at (8,8) size 769x588
      RenderBlock (anonymous) at (0,0) size 769x34
        RenderText {#text} at (0,0) size 745x34
          text run at (0,0) width 717: "In the test below, the column rules should not be visible, since a negative z-index child is painting on top of them. "
          text run at (717,0) width 28: "You"
          text run at (0,17) width 157: "should see no red below."
layer at (8,42) size 769x554 layerType: background only
layer at (13,47) size 759x544
  RenderBlock (positioned) zI: -1 {DIV} at (5,5) size 759x544 [bgcolor=#EEEEEE]
layer at (8,42) size 769x554 layerType: foreground only
  RenderBlock (relative positioned) {DIV} at (0,34) size 769x554 [bgcolor=#FF0000] [border: (5px solid #000000)]
    RenderMultiColumnSet at (35,5) size 699x544
layer at (43,47) size 222x1598 backgroundClip at (0,0) size 785x604 clip at (0,0) size 785x604
  RenderMultiColumnFlowThread at (35,5) size 223x1598
    RenderText {#text} at (0,0) size 221x1598
      text run at (0,0) width 177: "Lorem ipsum dolor sit amet,"
      text run at (0,17) width 212: "consectetuer adipiscing elit. Nulla"
      text run at (0,34) width 179: "varius enim ac mi. Curabitur"
      text run at (0,51) width 173: "sollicitudin felis quis lectus."
      text run at (0,68) width 208: "Quisque adipiscing rhoncus sem."
      text run at (0,85) width 201: "Proin nulla purus, vulputate vel,"
      text run at (0,102) width 192: "varius ut, euismod et, nisi. Sed"
      text run at (0,119) width 216: "vitae felis vel orci sagittis aliquam."
      text run at (0,136) width 190: "Cras convallis adipiscing sem."
      text run at (0,153) width 189: "Nam nonummy enim. Nullam"
      text run at (0,170) width 160: "bibendum lobortis neque."
      text run at (0,187) width 185: "Vestibulum velit orci, tempus"
      text run at (0,204) width 203: "euismod, pretium quis, interdum"
      text run at (0,221) width 211: "vitae, nulla. Phasellus eget ante et"
      text run at (0,238) width 201: "tortor condimentum vestibulum."
      text run at (0,255) width 202: "Suspendisse hendrerit quam nec"
      text run at (0,272) width 211: "felis. Sed varius turpis vitae pede."
      text run at (0,289) width 177: "Lorem ipsum dolor sit amet,"
      text run at (0,306) width 211: "consectetuer adipiscing elit. Proin"
      text run at (0,323) width 192: "bibendum justo ac enim. Class"
      text run at (0,340) width 186: "aptent taciti sociosqu ad litora"
      text run at (0,357) width 200: "torquent per conubia nostra, per"
      text run at (0,374) width 221: "inceptos hymenaeos. Sed leo nulla,"
      text run at (0,391) width 212: "rutrum eu, dictum ut, posuere vel,"
      text run at (0,408) width 185: "arcu. Nam libero. Morbi orci."
      text run at (0,425) width 213: "Maecenas pellentesque. Curabitur"
      text run at (0,442) width 203: "erat erat, ullamcorper at, gravida"
      text run at (0,459) width 194: "vitae, iaculis vitae, elit. Nullam"
      text run at (0,476) width 168: "quam. Quisque orci lectus,"
      text run at (0,493) width 190: "ullamcorper eu, imperdiet sed,"
      text run at (0,510) width 193: "accumsan et, ligula. Duis diam"
      text run at (0,527) width 194: "nisl, sagittis a, blandit volutpat,"
      text run at (0,544) width 197: "interdum sed, velit. Vestibulum"
      text run at (0,561) width 195: "quam. Nulla a purus. Phasellus"
      text run at (0,578) width 177: "semper semper lectus. Nulla"
      text run at (0,595) width 211: "porttitor, dolor dictum scelerisque"
      text run at (0,612) width 215: "luctus, velit ipsum lobortis mauris,"
      text run at (0,629) width 196: "ac pretium enim nunc vel risus."
      text run at (0,646) width 194: "Proin gravida mi ut sem cursus"
      text run at (0,663) width 188: "mattis. Fusce laoreet, nisi quis"
      text run at (0,680) width 220: "luctus volutpat, arcu pede tincidunt"
      text run at (0,697) width 208: "enim, nec malesuada urna nisl eu"
      text run at (0,714) width 198: "enim. Vivamus varius augue ac"
      text run at (0,731) width 193: "purus. Vestibulum vestibulum."
      text run at (0,748) width 159: "Phasellus et est vitae ante"
      text run at (0,765) width 163: "accumsan rhoncus. Morbi"
      text run at (0,782) width 221: "convallis, arcu at hendrerit gravida,"
      text run at (0,799) width 186: "sem diam dignissim risus, sed"
      text run at (0,816) width 212: "aliquet erat mi ut mi. Nunc cursus"
      text run at (0,833) width 209: "lacinia elit. Nunc nisi. Quisque at"
      text run at (0,850) width 190: "erat. Vestibulum dictum quam"
      text run at (0,867) width 197: "vitae nibh. Nunc vitae ante non"
      text run at (0,884) width 203: "odio interdum blandit. Curabitur"
      text run at (0,901) width 210: "leo quam, fermentum sed, feugiat"
      text run at (0,918) width 151: "in, ullamcorper id, nibh."
      text run at (0,935) width 199: "Suspendisse ac turpis. In iaculis"
      text run at (0,952) width 184: "sollicitudin dui. Aenean vitae"
      text run at (0,969) width 187: "lectus vitae nulla pellentesque"
      text run at (0,986) width 218: "sollicitudin. Nunc gravida pharetra"
      text run at (0,1003) width 213: "lectus. Etiam lacus ligula, placerat"
      text run at (0,1020) width 214: "ut, dictum vitae, tempus vel, risus."
      text run at (0,1037) width 186: "Cras rhoncus. Praesent varius"
      text run at (0,1054) width 214: "ultricies orci. Donec mattis, neque"
      text run at (0,1071) width 175: "ut ornare fringilla, ante urna"
      text run at (0,1088) width 199: "placerat eros, vel commodo nisi"
      text run at (0,1105) width 217: "tortor ut mauris. Morbi magna dui,"
      text run at (0,1122) width 177: "sagittis sit amet, tincidunt et,"
      text run at (0,1139) width 187: "elementum eget, quam. Fusce"
      text run at (0,1156) width 219: "molestie nisl vitae nisi. Vestibulum"
      text run at (0,1173) width 188: "a sapien. Phasellus ante lacus,"
      text run at (0,1190) width 212: "vehicula non, cursus a, tempor ut,"
      text run at (0,1207) width 219: "magna. Suspendisse potenti. Fusce"
      text run at (0,1224) width 188: "aliquet, odio viverra vulputate"
      text run at (0,1241) width 214: "dictum, enim odio luctus purus, ut"
      text run at (0,1258) width 196: "scelerisque quam nulla non est."
      text run at (0,1275) width 199: "Donec eros lacus, egestas vitae,"
      text run at (0,1292) width 195: "lacinia quis, tempor quis, pede."
      text run at (0,1309) width 206: "Morbi orci erat, iaculis id, ornare"
      text run at (0,1326) width 182: "ac, elementum at, sem. Nunc"
      text run at (0,1343) width 163: "ornare sodales nisi. Morbi"
      text run at (0,1360) width 194: "interdum commodo nisl. Fusce"
      text run at (0,1377) width 209: "eget eros non nisi ornare facilisis."
      text run at (0,1394) width 183: "Sed placerat, est non posuere"
      text run at (0,1411) width 185: "posuere, purus sem dignissim"
      text run at (0,1428) width 196: "libero, a viverra tellus dolor vel"
      text run at (0,1445) width 213: "lorem. Cras augue. Etiam ultricies"
      text run at (0,1462) width 209: "consequat odio. Mauris ac libero."
      text run at (0,1479) width 168: "Etiam posuere, libero vitae"
      text run at (0,1496) width 163: "euismod gravida, urna elit"
      text run at (0,1513) width 199: "imperdiet magna, vel cursus elit"
      text run at (0,1530) width 209: "felis non mauris. Donec orci erat,"
      text run at (0,1547) width 189: "porta id, dignissim ut, posuere"
      text run at (0,1564) width 155: "dictum, leo. Suspendisse"
      text run at (0,1581) width 157: "scelerisque egestas nulla."
