layer at (0,0) size 1166x1680
  RenderView at (0,0) size 785x585
layer at (0,0) size 785x1680
  RenderBlock {HTML} at (0,0) size 785x1680
    RenderBody {BODY} at (8,8) size 769x1664
layer at (8,8) size 769x404
  RenderBlock {DIV} at (0,0) size 769x404 [border: (2px solid #000000)]
    RenderMultiColumnSet at (2,2) size 765x400
layer at (10,10) size 375x722
  RenderMultiColumnFlowThread at (2,2) size 375x722
    RenderBlock (anonymous) at (0,0) size 375x238
      RenderText {#text} at (0,0) size 110x17
        text run at (0,0) width 110: "This is some text."
      RenderBR {BR} at (110,14) size 0x0
      RenderText {#text} at (0,17) size 110x17
        text run at (0,17) width 110: "This is some text."
      RenderBR {BR} at (110,31) size 0x0
      RenderText {#text} at (0,34) size 110x17
        text run at (0,34) width 110: "This is some text."
      RenderBR {BR} at (110,48) size 0x0
      RenderText {#text} at (0,51) size 110x17
        text run at (0,51) width 110: "This is some text."
      RenderBR {BR} at (110,65) size 0x0
      RenderText {#text} at (0,68) size 110x17
        text run at (0,68) width 110: "This is some text."
      RenderBR {BR} at (110,82) size 0x0
      RenderText {#text} at (0,85) size 110x17
        text run at (0,85) width 110: "This is some text."
      RenderBR {BR} at (110,99) size 0x0
      RenderText {#text} at (0,102) size 110x17
        text run at (0,102) width 110: "This is some text."
      RenderBR {BR} at (110,116) size 0x0
      RenderText {#text} at (0,119) size 110x17
        text run at (0,119) width 110: "This is some text."
      RenderBR {BR} at (110,133) size 0x0
      RenderText {#text} at (0,136) size 110x17
        text run at (0,136) width 110: "This is some text."
      RenderBR {BR} at (110,150) size 0x0
      RenderText {#text} at (0,153) size 110x17
        text run at (0,153) width 110: "This is some text."
      RenderBR {BR} at (110,167) size 0x0
      RenderText {#text} at (0,170) size 110x17
        text run at (0,170) width 110: "This is some text."
      RenderBR {BR} at (110,184) size 0x0
      RenderText {#text} at (0,187) size 110x17
        text run at (0,187) width 110: "This is some text."
      RenderBR {BR} at (110,201) size 0x0
      RenderText {#text} at (0,204) size 110x17
        text run at (0,204) width 110: "This is some text."
      RenderBR {BR} at (110,218) size 0x0
      RenderText {#text} at (0,221) size 110x17
        text run at (0,221) width 110: "This is some text."
      RenderBR {BR} at (110,235) size 0x0
    RenderBlock {P} at (0,254) size 375x452
      RenderBlock (floating) {SPAN} at (0,0) size 78x142
        RenderText {#text} at (0,0) size 78x142
          text run at (0,0) width 78: "T"
      RenderText {#text} at (78,0) size 100x17
        text run at (78,0) width 100: "his is some text."
      RenderBR {BR} at (178,14) size 0x0
      RenderText {#text} at (78,17) size 110x17
        text run at (78,17) width 110: "This is some text."
      RenderBR {BR} at (188,31) size 0x0
      RenderText {#text} at (78,34) size 110x17
        text run at (78,34) width 110: "This is some text."
      RenderBR {BR} at (188,48) size 0x0
      RenderText {#text} at (78,51) size 110x17
        text run at (78,51) width 110: "This is some text."
      RenderBR {BR} at (188,65) size 0x0
      RenderText {#text} at (78,68) size 110x17
        text run at (78,68) width 110: "This is some text."
      RenderBR {BR} at (188,82) size 0x0
      RenderText {#text} at (78,85) size 110x17
        text run at (78,85) width 110: "This is some text."
      RenderBR {BR} at (188,99) size 0x0
      RenderText {#text} at (78,102) size 110x17
        text run at (78,102) width 110: "This is some text."
      RenderBR {BR} at (188,116) size 0x0
      RenderText {#text} at (78,119) size 110x17
        text run at (78,119) width 110: "This is some text."
      RenderBR {BR} at (188,133) size 0x0
      RenderText {#text} at (0,146) size 110x17
        text run at (0,146) width 110: "This is some text."
      RenderBR {BR} at (110,160) size 0x0
      RenderText {#text} at (0,163) size 110x17
        text run at (0,163) width 110: "This is some text."
      RenderBR {BR} at (110,177) size 0x0
      RenderText {#text} at (0,180) size 110x17
        text run at (0,180) width 110: "This is some text."
      RenderBR {BR} at (110,194) size 0x0
      RenderText {#text} at (0,197) size 110x17
        text run at (0,197) width 110: "This is some text."
      RenderBR {BR} at (110,211) size 0x0
      RenderText {#text} at (0,214) size 110x17
        text run at (0,214) width 110: "This is some text."
      RenderBR {BR} at (110,228) size 0x0
      RenderText {#text} at (0,231) size 110x17
        text run at (0,231) width 110: "This is some text."
      RenderBR {BR} at (110,245) size 0x0
      RenderText {#text} at (0,248) size 110x17
        text run at (0,248) width 110: "This is some text."
      RenderBR {BR} at (110,262) size 0x0
      RenderText {#text} at (0,265) size 110x17
        text run at (0,265) width 110: "This is some text."
      RenderBR {BR} at (110,279) size 0x0
      RenderText {#text} at (0,282) size 110x17
        text run at (0,282) width 110: "This is some text."
      RenderBR {BR} at (110,296) size 0x0
      RenderText {#text} at (0,299) size 110x17
        text run at (0,299) width 110: "This is some text."
      RenderBR {BR} at (110,313) size 0x0
      RenderText {#text} at (0,316) size 110x17
        text run at (0,316) width 110: "This is some text."
      RenderBR {BR} at (110,330) size 0x0
      RenderText {#text} at (0,333) size 110x17
        text run at (0,333) width 110: "This is some text."
      RenderBR {BR} at (110,347) size 0x0
      RenderText {#text} at (0,350) size 110x17
        text run at (0,350) width 110: "This is some text."
      RenderBR {BR} at (110,364) size 0x0
      RenderText {#text} at (0,367) size 110x17
        text run at (0,367) width 110: "This is some text."
      RenderBR {BR} at (110,381) size 0x0
      RenderText {#text} at (0,384) size 110x17
        text run at (0,384) width 110: "This is some text."
      RenderBR {BR} at (110,398) size 0x0
      RenderText {#text} at (0,401) size 110x17
        text run at (0,401) width 110: "This is some text."
      RenderBR {BR} at (110,415) size 0x0
      RenderText {#text} at (0,418) size 110x17
        text run at (0,418) width 110: "This is some text."
      RenderBR {BR} at (110,432) size 0x0
      RenderText {#text} at (0,435) size 110x17
        text run at (0,435) width 110: "This is some text."
      RenderBR {BR} at (110,449) size 0x0
layer at (8,428) size 769x404
  RenderBlock {DIV} at (0,420) size 769x404 [border: (2px solid #000000)]
    RenderMultiColumnSet at (2,2) size 765x400
layer at (10,430) size 375x867
  RenderMultiColumnFlowThread at (2,2) size 375x867
    RenderBlock (anonymous) at (0,0) size 375x238
      RenderText {#text} at (0,0) size 110x17
        text run at (0,0) width 110: "This is some text."
      RenderBR {BR} at (110,14) size 0x0
      RenderText {#text} at (0,17) size 110x17
        text run at (0,17) width 110: "This is some text."
      RenderBR {BR} at (110,31) size 0x0
      RenderText {#text} at (0,34) size 110x17
        text run at (0,34) width 110: "This is some text."
      RenderBR {BR} at (110,48) size 0x0
      RenderText {#text} at (0,51) size 110x17
        text run at (0,51) width 110: "This is some text."
      RenderBR {BR} at (110,65) size 0x0
      RenderText {#text} at (0,68) size 110x17
        text run at (0,68) width 110: "This is some text."
      RenderBR {BR} at (110,82) size 0x0
      RenderText {#text} at (0,85) size 110x17
        text run at (0,85) width 110: "This is some text."
      RenderBR {BR} at (110,99) size 0x0
      RenderText {#text} at (0,102) size 110x17
        text run at (0,102) width 110: "This is some text."
      RenderBR {BR} at (110,116) size 0x0
      RenderText {#text} at (0,119) size 110x17
        text run at (0,119) width 110: "This is some text."
      RenderBR {BR} at (110,133) size 0x0
      RenderText {#text} at (0,136) size 110x17
        text run at (0,136) width 110: "This is some text."
      RenderBR {BR} at (110,150) size 0x0
      RenderText {#text} at (0,153) size 110x17
        text run at (0,153) width 110: "This is some text."
      RenderBR {BR} at (110,167) size 0x0
      RenderText {#text} at (0,170) size 110x17
        text run at (0,170) width 110: "This is some text."
      RenderBR {BR} at (110,184) size 0x0
      RenderText {#text} at (0,187) size 110x17
        text run at (0,187) width 110: "This is some text."
      RenderBR {BR} at (110,201) size 0x0
      RenderText {#text} at (0,204) size 110x17
        text run at (0,204) width 110: "This is some text."
      RenderBR {BR} at (110,218) size 0x0
      RenderText {#text} at (0,221) size 110x17
        text run at (0,221) width 110: "This is some text."
      RenderBR {BR} at (110,235) size 0x0
    RenderBlock {P} at (0,254) size 375x597
      RenderImage {IMG} at (0,146) size 100x100 [bgcolor=#008000]
      RenderImage {IMG} at (274,146) size 101x200 [bgcolor=#008000]
      RenderText {#text} at (100,146) size 106x17
        text run at (100,146) width 106: "This is some text"
      RenderBR {BR} at (206,160) size 0x0
      RenderText {#text} at (100,163) size 110x17
        text run at (100,163) width 110: "This is some text."
      RenderBR {BR} at (210,177) size 0x0
      RenderText {#text} at (100,180) size 110x17
        text run at (100,180) width 110: "This is some text."
      RenderBR {BR} at (210,194) size 0x0
      RenderText {#text} at (100,197) size 110x17
        text run at (100,197) width 110: "This is some text."
      RenderBR {BR} at (210,211) size 0x0
      RenderText {#text} at (100,214) size 110x17
        text run at (100,214) width 110: "This is some text."
      RenderBR {BR} at (210,228) size 0x0
      RenderText {#text} at (100,231) size 110x17
        text run at (100,231) width 110: "This is some text."
      RenderBR {BR} at (210,245) size 0x0
      RenderText {#text} at (0,248) size 110x17
        text run at (0,248) width 110: "This is some text."
      RenderBR {BR} at (110,262) size 0x0
      RenderText {#text} at (0,265) size 110x17
        text run at (0,265) width 110: "This is some text."
      RenderBR {BR} at (110,279) size 0x0
      RenderText {#text} at (0,282) size 110x17
        text run at (0,282) width 110: "This is some text."
      RenderBR {BR} at (110,296) size 0x0
      RenderText {#text} at (0,299) size 110x17
        text run at (0,299) width 110: "This is some text."
      RenderBR {BR} at (110,313) size 0x0
      RenderText {#text} at (0,316) size 110x17
        text run at (0,316) width 110: "This is some text."
      RenderBR {BR} at (110,330) size 0x0
      RenderText {#text} at (0,333) size 110x17
        text run at (0,333) width 110: "This is some text."
      RenderBR {BR} at (110,347) size 0x0
      RenderText {#text} at (0,350) size 110x17
        text run at (0,350) width 110: "This is some text."
      RenderBR {BR} at (110,364) size 0x0
      RenderText {#text} at (0,367) size 110x17
        text run at (0,367) width 110: "This is some text."
      RenderBR {BR} at (110,381) size 0x0
      RenderText {#text} at (0,384) size 110x17
        text run at (0,384) width 110: "This is some text."
      RenderBR {BR} at (110,398) size 0x0
      RenderText {#text} at (0,401) size 110x17
        text run at (0,401) width 110: "This is some text."
      RenderBR {BR} at (110,415) size 0x0
      RenderText {#text} at (0,418) size 110x17
        text run at (0,418) width 110: "This is some text."
      RenderBR {BR} at (110,432) size 0x0
      RenderText {#text} at (0,435) size 110x17
        text run at (0,435) width 110: "This is some text."
      RenderBR {BR} at (110,449) size 0x0
      RenderText {#text} at (0,452) size 110x17
        text run at (0,452) width 110: "This is some text."
      RenderBR {BR} at (110,466) size 0x0
      RenderText {#text} at (0,469) size 110x17
        text run at (0,469) width 110: "This is some text."
      RenderBR {BR} at (110,483) size 0x0
      RenderText {#text} at (0,486) size 110x17
        text run at (0,486) width 110: "This is some text."
      RenderBR {BR} at (110,500) size 0x0
      RenderText {#text} at (0,503) size 110x17
        text run at (0,503) width 110: "This is some text."
      RenderBR {BR} at (110,517) size 0x0
      RenderText {#text} at (0,520) size 110x17
        text run at (0,520) width 110: "This is some text."
      RenderBR {BR} at (110,534) size 0x0
      RenderText {#text} at (0,546) size 110x17
        text run at (0,546) width 110: "This is some text."
      RenderBR {BR} at (110,560) size 0x0
      RenderText {#text} at (0,563) size 110x17
        text run at (0,563) width 110: "This is some text."
      RenderBR {BR} at (110,577) size 0x0
      RenderText {#text} at (0,580) size 110x17
        text run at (0,580) width 110: "This is some text."
      RenderBR {BR} at (110,594) size 0x0
layer at (8,848) size 769x404
  RenderBlock {DIV} at (0,840) size 769x404 [border: (2px solid #000000)]
    RenderMultiColumnSet at (2,2) size 765x400
layer at (10,850) size 375x434
  RenderMultiColumnFlowThread at (2,2) size 375x434
    RenderImage {IMG} at (0,0) size 300x390 [bgcolor=#008000]
    RenderText {#text} at (300,0) size 373x434
      text run at (300,0) width 73: "Longer text"
      text run at (300,17) width 72: "designed to"
      text run at (300,34) width 53: "test float"
      text run at (300,51) width 23: "and"
      text run at (300,68) width 60: "wrapping"
      text run at (300,85) width 59: "behavior."
      text run at (300,102) width 73: "Longer text"
      text run at (300,119) width 72: "designed to"
      text run at (300,136) width 53: "test float"
      text run at (300,153) width 23: "and"
      text run at (300,170) width 60: "wrapping"
      text run at (300,187) width 59: "behavior."
      text run at (300,204) width 73: "Longer text"
      text run at (300,221) width 72: "designed to"
      text run at (300,238) width 53: "test float"
      text run at (300,255) width 23: "and"
      text run at (300,272) width 60: "wrapping"
      text run at (300,289) width 59: "behavior."
      text run at (300,306) width 73: "Longer text"
      text run at (300,323) width 72: "designed to"
      text run at (300,340) width 53: "test float"
      text run at (300,357) width 23: "and"
      text run at (300,374) width 60: "wrapping"
      text run at (0,400) width 360: "behavior. Longer text designed to test float and wrapping"
      text run at (0,417) width 59: "behavior."
layer at (8,1268) size 769x404
  RenderBlock {DIV} at (0,1260) size 769x404 [border: (2px solid #000000)]
    RenderMultiColumnSet at (2,2) size 765x400
layer at (10,1270) size 375x634 backgroundClip at (0,0) size 1166x1680 clip at (0,0) size 1166x1680
  RenderMultiColumnFlowThread at (2,2) size 375x634
    RenderImage {IMG} at (0,0) size 375x380 [bgcolor=#0000FF]
    RenderInline {SPAN} at (0,0) size 370x234
      RenderImage {IMG} at (0,400) size 100x20 [bgcolor=#008000]
      RenderText {#text} at (100,400) size 211x26
        text run at (100,400) width 211: "Longer text designed "
      RenderImage {IMG} at (274,426) size 101x20 [bgcolor=#008000]
      RenderText {#text} at (311,400) size 370x234
        text run at (311,400) width 59: "to test"
        text run at (0,426) width 183: "float and wrapping"
        text run at (0,452) width 367: "behavior. Longer text designed to test"
        text run at (0,478) width 356: "float and wrapping behavior. Longer"
        text run at (0,504) width 286: "text designed to test float and"
        text run at (0,530) width 307: "wrapping behavior. Longer text"
        text run at (0,556) width 340: "designed to test float and wrapping"
        text run at (0,582) width 367: "behavior. Longer text designed to test"
        text run at (0,608) width 280: "float and wrapping behavior."
    RenderText {#text} at (0,0) size 0x0
