layer at (0,0) size 1188x585
  RenderView at (0,0) size 800x585
layer at (0,0) size 800x585
  RenderBlock {HTML} at (0,0) size 800x585
    RenderBody {BODY} at (8,8) size 784x569
layer at (8,8) size 784x404
  RenderBlock {DIV} at (0,0) size 784x404 [border: (2px solid #000000)]
    RenderMultiColumnSet at (2,2) size 780x400
layer at (10,10) size 382x919 backgroundClip at (0,0) size 1188x585 clip at (0,0) size 1188x585
  RenderMultiColumnFlowThread at (2,2) size 382x919
    RenderText {#text} at (0,0) size 110x17
      text run at (0,0) width 110: "This is some text."
    RenderBR {BR} at (110,14) size 0x0
    RenderText {#text} at (0,17) size 110x17
      text run at (0,17) width 110: "This is some text."
    RenderBR {BR} at (110,31) size 0x0
    RenderText {#text} at (0,34) size 110x17
      text run at (0,34) width 110: "This is some text."
    RenderBR {BR} at (110,48) size 0x0
    RenderText {#text} at (0,51) size 110x17
      text run at (0,51) width 110: "This is some text."
    RenderBR {BR} at (110,65) size 0x0
    RenderText {#text} at (0,68) size 110x17
      text run at (0,68) width 110: "This is some text."
    RenderBR {BR} at (110,82) size 0x0
    RenderText {#text} at (0,85) size 110x17
      text run at (0,85) width 110: "This is some text."
    RenderBR {BR} at (110,99) size 0x0
    RenderText {#text} at (0,102) size 110x17
      text run at (0,102) width 110: "This is some text."
    RenderBR {BR} at (110,116) size 0x0
    RenderText {#text} at (0,119) size 110x17
      text run at (0,119) width 110: "This is some text."
    RenderBR {BR} at (110,133) size 0x0
    RenderText {#text} at (0,136) size 110x17
      text run at (0,136) width 110: "This is some text."
    RenderBR {BR} at (110,150) size 0x0
    RenderText {#text} at (0,153) size 110x17
      text run at (0,153) width 110: "This is some text."
    RenderBR {BR} at (110,167) size 0x0
    RenderImage {IMG} at (0,400) size 250x300 [bgcolor=#008000]
    RenderText {#text} at (250,400) size 110x17
      text run at (250,400) width 110: "This is some text."
    RenderBR {BR} at (360,414) size 0x0
    RenderText {#text} at (250,417) size 110x17
      text run at (250,417) width 110: "This is some text."
    RenderBR {BR} at (360,431) size 0x0
    RenderText {#text} at (250,434) size 110x17
      text run at (250,434) width 110: "This is some text."
    RenderBR {BR} at (360,448) size 0x0
    RenderText {#text} at (250,451) size 110x17
      text run at (250,451) width 110: "This is some text."
    RenderBR {BR} at (360,465) size 0x0
    RenderText {#text} at (250,468) size 110x17
      text run at (250,468) width 110: "This is some text."
    RenderBR {BR} at (360,482) size 0x0
    RenderText {#text} at (250,485) size 110x17
      text run at (250,485) width 110: "This is some text."
    RenderBR {BR} at (360,499) size 0x0
    RenderText {#text} at (250,502) size 110x17
      text run at (250,502) width 110: "This is some text."
    RenderBR {BR} at (360,516) size 0x0
    RenderText {#text} at (250,519) size 110x17
      text run at (250,519) width 110: "This is some text."
    RenderBR {BR} at (360,533) size 0x0
    RenderText {#text} at (250,536) size 110x17
      text run at (250,536) width 110: "This is some text."
    RenderBR {BR} at (360,550) size 0x0
    RenderText {#text} at (250,553) size 110x17
      text run at (250,553) width 110: "This is some text."
    RenderBR {BR} at (360,567) size 0x0
    RenderText {#text} at (250,570) size 110x17
      text run at (250,570) width 110: "This is some text."
    RenderBR {BR} at (360,584) size 0x0
    RenderText {#text} at (250,587) size 110x17
      text run at (250,587) width 110: "This is some text."
    RenderBR {BR} at (360,601) size 0x0
    RenderText {#text} at (250,604) size 110x17
      text run at (250,604) width 110: "This is some text."
    RenderBR {BR} at (360,618) size 0x0
    RenderText {#text} at (250,621) size 110x17
      text run at (250,621) width 110: "This is some text."
    RenderBR {BR} at (360,635) size 0x0
    RenderText {#text} at (250,638) size 110x17
      text run at (250,638) width 110: "This is some text."
    RenderBR {BR} at (360,652) size 0x0
    RenderText {#text} at (250,655) size 110x17
      text run at (250,655) width 110: "This is some text."
    RenderBR {BR} at (360,669) size 0x0
    RenderText {#text} at (250,672) size 110x17
      text run at (250,672) width 110: "This is some text."
    RenderBR {BR} at (360,686) size 0x0
    RenderText {#text} at (250,689) size 110x17
      text run at (250,689) width 110: "This is some text."
    RenderBR {BR} at (360,703) size 0x0
    RenderText {#text} at (0,706) size 110x17
      text run at (0,706) width 110: "This is some text."
    RenderBR {BR} at (110,720) size 0x0
    RenderText {#text} at (0,723) size 110x17
      text run at (0,723) width 110: "This is some text."
    RenderBR {BR} at (110,737) size 0x0
    RenderText {#text} at (0,740) size 110x17
      text run at (0,740) width 110: "This is some text."
    RenderBR {BR} at (110,754) size 0x0
    RenderText {#text} at (0,757) size 110x17
      text run at (0,757) width 110: "This is some text."
    RenderBR {BR} at (110,771) size 0x0
    RenderText {#text} at (0,774) size 110x17
      text run at (0,774) width 110: "This is some text."
    RenderBR {BR} at (110,788) size 0x0
    RenderText {#text} at (0,800) size 110x17
      text run at (0,800) width 110: "This is some text."
    RenderBR {BR} at (110,814) size 0x0
    RenderText {#text} at (0,817) size 110x17
      text run at (0,817) width 110: "This is some text."
    RenderBR {BR} at (110,831) size 0x0
    RenderText {#text} at (0,834) size 110x17
      text run at (0,834) width 110: "This is some text."
    RenderBR {BR} at (110,848) size 0x0
    RenderText {#text} at (0,851) size 110x17
      text run at (0,851) width 110: "This is some text."
    RenderBR {BR} at (110,865) size 0x0
    RenderText {#text} at (0,868) size 110x17
      text run at (0,868) width 110: "This is some text."
    RenderBR {BR} at (110,882) size 0x0
    RenderText {#text} at (0,885) size 110x17
      text run at (0,885) width 110: "This is some text."
    RenderBR {BR} at (110,899) size 0x0
    RenderText {#text} at (0,902) size 110x17
      text run at (0,902) width 110: "This is some text."
    RenderBR {BR} at (110,916) size 0x0
