layer at (0,0) size 785x968
  RenderView at (0,0) size 785x600
layer at (0,0) size 785x968
  RenderBlock {HTML} at (0,0) size 785x968
    RenderBody {BODY} at (8,8) size 769x952
      RenderBlock {DIV} at (0,0) size 220x327
        RenderBlock (anonymous) at (0,0) size 220x17
          RenderText {#text} at (0,0) size 65x17
            text run at (0,0) width 65: "Overflow:"
      RenderText {#text} at (220,608) size 4x17
        text run at (220,608) width 4: " "
      RenderBlock {DIV} at (224,0) size 220x327
        RenderBlock (anonymous) at (0,0) size 220x17
          RenderText {#text} at (0,0) size 76x17
            text run at (0,0) width 76: "Transforms:"
      RenderText {#text} at (444,608) size 4x17
        text run at (444,608) width 4: " "
      RenderBlock {DIV} at (448,0) size 220x327
        RenderBlock (anonymous) at (0,0) size 220x17
          RenderText {#text} at (0,0) size 131x17
            text run at (0,0) width 131: "Relative Positioning:"
      RenderText {#text} at (0,0) size 0x0
      RenderBlock {DIV} at (0,625) size 220x327
        RenderBlock (anonymous) at (0,0) size 220x17
          RenderText {#text} at (0,0) size 54x17
            text run at (0,0) width 54: "Opacity:"
layer at (8,25) size 220x310
  RenderBlock {DIV} at (0,17) size 220x310 [border: (5px solid #000000)]
    RenderMultiColumnSet at (5,5) size 210x300
layer at (13,30) size 100x600
  RenderMultiColumnFlowThread at (5,5) size 100x600
    RenderBlock (anonymous) at (0,0) size 100x100
      RenderBlock {DIV} at (0,0) size 100x100 [bgcolor=#000000]
      RenderText {#text} at (0,0) size 0x0
    RenderBlock (anonymous) at (0,500) size 100x100
      RenderBlock {DIV} at (0,0) size 100x100 [bgcolor=#000000]
      RenderText {#text} at (0,0) size 0x0
layer at (13,130) size 100x400
  RenderBlock {DIV} at (0,100) size 100x400
    RenderBlock {DIV} at (0,0) size 100x100 [bgcolor=#0000F0]
    RenderBlock {DIV} at (0,100) size 100x100 [bgcolor=#0000D0]
    RenderBlock {DIV} at (0,200) size 100x100 [bgcolor=#0000B0]
    RenderBlock {DIV} at (0,300) size 100x100 [bgcolor=#000090]
layer at (232,25) size 220x310
  RenderBlock {DIV} at (0,17) size 220x310 [border: (5px solid #000000)]
    RenderMultiColumnSet at (5,5) size 210x300
layer at (237,30) size 100x600
  RenderMultiColumnFlowThread at (5,5) size 100x600
    RenderBlock (anonymous) at (0,0) size 100x100
      RenderBlock {DIV} at (0,0) size 100x100 [bgcolor=#000000]
      RenderText {#text} at (0,0) size 0x0
    RenderBlock (anonymous) at (0,500) size 100x100
      RenderBlock {DIV} at (0,0) size 100x100 [bgcolor=#000000]
      RenderText {#text} at (0,0) size 0x0
layer at (456,25) size 220x310
  RenderBlock {DIV} at (0,17) size 220x310 [border: (5px solid #000000)]
    RenderMultiColumnSet at (5,5) size 210x300
layer at (461,30) size 100x600
  RenderMultiColumnFlowThread at (5,5) size 100x600
    RenderBlock (anonymous) at (0,0) size 100x100
      RenderBlock {DIV} at (0,0) size 100x100 [bgcolor=#000000]
      RenderText {#text} at (0,0) size 0x0
    RenderBlock (anonymous) at (0,500) size 100x100
      RenderBlock {DIV} at (0,0) size 100x100 [bgcolor=#000000]
      RenderText {#text} at (0,0) size 0x0
layer at (8,650) size 220x310
  RenderBlock {DIV} at (0,17) size 220x310 [border: (5px solid #000000)]
    RenderMultiColumnSet at (5,5) size 210x300
layer at (13,655) size 100x600 backgroundClip at (0,0) size 785x968 clip at (0,0) size 785x968
  RenderMultiColumnFlowThread at (5,5) size 100x600
    RenderBlock (anonymous) at (0,0) size 100x100
      RenderBlock {DIV} at (0,0) size 100x100 [bgcolor=#000000]
      RenderText {#text} at (0,0) size 0x0
    RenderBlock (anonymous) at (0,500) size 100x100
      RenderBlock {DIV} at (0,0) size 100x100 [bgcolor=#000000]
      RenderText {#text} at (0,0) size 0x0
layer at (137,130) size 100x400
  RenderBlock {DIV} at (-100,100) size 100x400
    RenderBlock {DIV} at (0,0) size 100x100 [bgcolor=#0000F0]
    RenderBlock {DIV} at (0,100) size 100x100 [bgcolor=#0000D0]
    RenderBlock {DIV} at (0,200) size 100x100 [bgcolor=#0000B0]
    RenderBlock {DIV} at (0,300) size 100x100 [bgcolor=#000090]
layer at (461,130) size 100x400
  RenderBlock (relative positioned) {DIV} at (-100,100) size 100x400
    RenderBlock {DIV} at (0,0) size 100x100 [bgcolor=#0000F0]
    RenderBlock {DIV} at (0,100) size 100x100 [bgcolor=#0000D0]
    RenderBlock {DIV} at (0,200) size 100x100 [bgcolor=#0000B0]
    RenderBlock {DIV} at (0,300) size 100x100 [bgcolor=#000090]
layer at (13,755) size 100x400 backgroundClip at (0,0) size 785x968 clip at (0,0) size 785x968
  RenderBlock {DIV} at (0,100) size 100x400
    RenderBlock {DIV} at (0,0) size 100x100 [bgcolor=#0000F0]
    RenderBlock {DIV} at (0,100) size 100x100 [bgcolor=#0000D0]
    RenderBlock {DIV} at (0,200) size 100x100 [bgcolor=#0000B0]
    RenderBlock {DIV} at (0,300) size 100x100 [bgcolor=#000090]
