layer at (0,0) size 800x600
  RenderView at (0,0) size 800x600
layer at (0,0) size 800x600
  RenderBlock {HTML} at (0,0) size 800x600
layer at (8,8) size 750x500
  RenderBody {BODY} at (8,8) size 750x500
    RenderMultiColumnSet at (0,0) size 750x500
layer at (8,8) size 367x930 backgroundClip at (0,0) size 800x600 clip at (0,0) size 800x600
  RenderMultiColumnFlowThread at (0,0) size 367x930
    RenderBlock {H1} at (0,21) size 367x37
      RenderText {#text} at (0,0) size 166x36
        text run at (0,0) width 166: "Header One"
    RenderBlock (anonymous) at (0,78) size 367x188
      RenderText {#text} at (0,0) size 362x187
        text run at (0,0) width 354: "Lorem ipsum dolor sit amet, consectetuer adipiscing elit."
        text run at (0,17) width 351: "Nulla varius enim ac mi. Curabitur sollicitudin felis quis"
        text run at (0,34) width 325: "lectus. Quisque adipiscing rhoncus sem. Proin nulla"
        text run at (0,51) width 358: "purus, vulputate vel, varius ut, euismod et, nisi. Sed vitae"
        text run at (0,68) width 343: "felis vel orci sagittis aliquam. Cras convallis adipiscing"
        text run at (0,85) width 340: "sem. Nam nonummy enim. Nullam bibendum lobortis"
        text run at (0,102) width 344: "neque. Vestibulum velit orci, tempus euismod, pretium"
        text run at (0,119) width 343: "quis, interdum vitae, nulla. Phasellus eget ante et tortor"
        text run at (0,136) width 343: "condimentum vestibulum. Suspendisse hendrerit quam"
        text run at (0,153) width 362: "nec felis. Sed varius turpis vitae pede. Lorem ipsum dolor"
        text run at (0,170) width 229: "sit amet, consectetuer adipiscing elit."
    RenderBlock {H1} at (0,287) size 367x37
      RenderText {#text} at (0,0) size 169x36
        text run at (0,0) width 169: "Header Two"
    RenderBlock (anonymous) at (0,344) size 367x190
      RenderText {#text} at (0,0) size 362x189
        text run at (0,0) width 354: "Lorem ipsum dolor sit amet, consectetuer adipiscing elit."
        text run at (0,17) width 351: "Nulla varius enim ac mi. Curabitur sollicitudin felis quis"
        text run at (0,34) width 325: "lectus. Quisque adipiscing rhoncus sem. Proin nulla"
        text run at (0,51) width 358: "purus, vulputate vel, varius ut, euismod et, nisi. Sed vitae"
        text run at (0,68) width 343: "felis vel orci sagittis aliquam. Cras convallis adipiscing"
        text run at (0,85) width 340: "sem. Nam nonummy enim. Nullam bibendum lobortis"
        text run at (0,102) width 344: "neque. Vestibulum velit orci, tempus euismod, pretium"
        text run at (0,119) width 343: "quis, interdum vitae, nulla. Phasellus eget ante et tortor"
        text run at (0,136) width 343: "condimentum vestibulum. Suspendisse hendrerit quam"
        text run at (0,155) width 362: "nec felis. Sed varius turpis vitae pede. Lorem ipsum dolor"
        text run at (0,172) width 229: "sit amet, consectetuer adipiscing elit."
    RenderBlock {H1} at (0,555) size 367x37
      RenderText {#text} at (0,0) size 190x36
        text run at (0,0) width 190: "Header Three"
    RenderBlock {H1} at (0,838) size 367x37
      RenderText {#text} at (0,0) size 177x36
        text run at (0,0) width 177: "Header Four"
    RenderBlock (anonymous) at (0,895) size 367x35
      RenderText {#text} at (0,0) size 354x34
        text run at (0,0) width 354: "Lorem ipsum dolor sit amet, consectetuer adipiscing elit."
        text run at (0,17) width 154: "Nulla varius enim ac mi."
