layer at (0,0) size 4525x585
  RenderView at (0,0) size 800x585
layer at (0,0) size 800x316
  RenderBlock {HTML} at (0,0) size 800x316
    RenderBody {BODY} at (8,8) size 784x300
layer at (8,8) size 784x300
  RenderBlock {DIV} at (0,0) size 784x300
    RenderMultiColumnSet at (0,0) size 784x300
layer at (8,8) size 251x4935 backgroundClip at (0,0) size 4525x585 clip at (0,0) size 4525x585 outlineClip at (0,0) size 4525x585
  RenderMultiColumnFlowThread at (0,0) size 251x4935
    RenderBlock {P} at (0,16) size 251x522
      RenderText {#text} at (0,0) size 250x522
        text run at (0,0) width 177: "Lorem ipsum dolor sit amet,"
        text run at (0,17) width 212: "consectetur adipiscing elit. Donec"
        text run at (0,34) width 224: "posuere ligula et neque ullamcorper"
        text run at (0,51) width 233: "consectetur. Duis nec viverra magna."
        text run at (0,68) width 243: "Nullam tellus diam, auctor et auctor at,"
        text run at (0,85) width 215: "fermentum quis mi. Nulla rhoncus"
        text run at (0,102) width 249: "porttitor ultrices. Nunc gravida, nisi nec"
        text run at (0,119) width 210: "consequat scelerisque, lectus eros"
        text run at (0,136) width 241: "sagittis erat, non ultrices ipsum nibh in"
        text run at (0,153) width 214: "quam. Donec dignissim, lacus sed"
        text run at (0,170) width 228: "cursus commodo, nibh enim sodales"
        text run at (0,187) width 243: "metus, lacinia dictum felis est tincidunt"
        text run at (0,204) width 228: "orci. Morbi pretium volutpat ante, ut"
        text run at (0,221) width 250: "ultricies nulla pharetra sed. Duis ac felis"
        text run at (0,238) width 240: "quis justo ullamcorper semper. Integer"
        text run at (0,255) width 237: "augue lacus, imperdiet eu euismod ut,"
        text run at (0,284) width 237: "vulputate vel purus. Donec bibendum"
        text run at (0,301) width 226: "felis id nisl auctor sit amet imperdiet"
        text run at (0,318) width 242: "quam mollis. Duis aliquam tellus odio,"
        text run at (0,335) width 246: "a varius lectus. Nunc a tortor augue, eu"
        text run at (0,352) width 225: "sollicitudin nibh. Phasellus ultricies,"
        text run at (0,369) width 224: "lacus eget tincidunt mattis, velit erat"
        text run at (0,386) width 232: "facilisis lacus, quis luctus arcu erat ut"
        text run at (0,403) width 249: "erat. Duis feugiat eros eu ligula ultricies"
        text run at (0,420) width 234: "non tincidunt tellus viverra. Donec ut"
        text run at (0,437) width 198: "eros augue, nec elementum elit."
        text run at (0,454) width 227: "Pellentesque massa lectus, vulputate"
        text run at (0,471) width 232: "sed vehicula eget, volutpat eu augue."
        text run at (0,488) width 201: "Cras fermentum turpis vitae erat"
        text run at (0,505) width 193: "vehicula et lacinia mi molestie."
    RenderBlock {P} at (0,554) size 251x431
      RenderText {#text} at (0,0) size 250x431
        text run at (0,0) width 239: "Curabitur ac porttitor leo. Class aptent"
        text run at (0,17) width 224: "taciti sociosqu ad litora torquent per"
        text run at (0,46) width 176: "conubia nostra, per inceptos"
        text run at (0,63) width 220: "himenaeos. Quisque eget mauris id"
        text run at (0,80) width 221: "turpis ullamcorper blandit quis eget"
        text run at (0,97) width 188: "turpis. Nullam et molestie elit."
        text run at (0,114) width 249: "Curabitur urna arcu, luctus a suscipit et,"
        text run at (0,131) width 242: "viverra vel orci. Morbi scelerisque erat"
        text run at (0,148) width 250: "quis massa blandit molestie. Fusce vitae"
        text run at (0,165) width 229: "velit a lacus suscipit tempus. In vitae"
        text run at (0,182) width 199: "nisl orci, vel ultrices diam. Duis"
        text run at (0,199) width 230: "pellentesque, massa sit amet eleifend"
        text run at (0,216) width 223: "sollicitudin, dolor orci semper urna,"
        text run at (0,233) width 249: "eget euismod tortor massa sit amet ante."
        text run at (0,250) width 212: "Quisque sed varius lectus. Mauris"
        text run at (0,267) width 247: "facilisis blandit mattis. Ut id tortor ante,"
        text run at (0,284) width 225: "ac eleifend dui. Donec sit amet arcu"
        text run at (0,301) width 249: "quis neque aliquam euismod a tincidunt"
        text run at (0,318) width 200: "justo. Integer sagittis, neque sed"
        text run at (0,346) width 234: "aliquam bibendum, est ante vulputate"
        text run at (0,363) width 247: "lectus, in elementum felis tellus et nibh."
        text run at (0,380) width 228: "Aliquam id ultrices nisl. Sed sodales"
        text run at (0,397) width 250: "lacinia interdum. Aenean pharetra tellus"
        text run at (0,414) width 202: "ante, aliquam consectetur ligula."
    RenderBlock {P} at (0,1001) size 251x533
      RenderText {#text} at (0,0) size 250x533
        text run at (0,0) width 177: "Lorem ipsum dolor sit amet,"
        text run at (0,17) width 212: "consectetur adipiscing elit. Donec"
        text run at (0,34) width 224: "posuere ligula et neque ullamcorper"
        text run at (0,51) width 233: "consectetur. Duis nec viverra magna."
        text run at (0,68) width 243: "Nullam tellus diam, auctor et auctor at,"
        text run at (0,85) width 215: "fermentum quis mi. Nulla rhoncus"
        text run at (0,102) width 249: "porttitor ultrices. Nunc gravida, nisi nec"
        text run at (0,119) width 210: "consequat scelerisque, lectus eros"
        text run at (0,136) width 241: "sagittis erat, non ultrices ipsum nibh in"
        text run at (0,153) width 214: "quam. Donec dignissim, lacus sed"
        text run at (0,170) width 228: "cursus commodo, nibh enim sodales"
        text run at (0,199) width 243: "metus, lacinia dictum felis est tincidunt"
        text run at (0,216) width 228: "orci. Morbi pretium volutpat ante, ut"
        text run at (0,233) width 250: "ultricies nulla pharetra sed. Duis ac felis"
        text run at (0,250) width 240: "quis justo ullamcorper semper. Integer"
        text run at (0,267) width 237: "augue lacus, imperdiet eu euismod ut,"
        text run at (0,284) width 237: "vulputate vel purus. Donec bibendum"
        text run at (0,301) width 226: "felis id nisl auctor sit amet imperdiet"
        text run at (0,318) width 242: "quam mollis. Duis aliquam tellus odio,"
        text run at (0,335) width 246: "a varius lectus. Nunc a tortor augue, eu"
        text run at (0,352) width 225: "sollicitudin nibh. Phasellus ultricies,"
        text run at (0,369) width 224: "lacus eget tincidunt mattis, velit erat"
        text run at (0,386) width 232: "facilisis lacus, quis luctus arcu erat ut"
        text run at (0,403) width 249: "erat. Duis feugiat eros eu ligula ultricies"
        text run at (0,420) width 234: "non tincidunt tellus viverra. Donec ut"
        text run at (0,437) width 198: "eros augue, nec elementum elit."
        text run at (0,454) width 227: "Pellentesque massa lectus, vulputate"
        text run at (0,471) width 232: "sed vehicula eget, volutpat eu augue."
        text run at (0,499) width 201: "Cras fermentum turpis vitae erat"
        text run at (0,516) width 193: "vehicula et lacinia mi molestie."
    RenderBlock {P} at (0,1550) size 251x420
      RenderText {#text} at (0,0) size 250x420
        text run at (0,0) width 239: "Curabitur ac porttitor leo. Class aptent"
        text run at (0,17) width 224: "taciti sociosqu ad litora torquent per"
        text run at (0,34) width 176: "conubia nostra, per inceptos"
        text run at (0,51) width 220: "himenaeos. Quisque eget mauris id"
        text run at (0,68) width 221: "turpis ullamcorper blandit quis eget"
        text run at (0,85) width 188: "turpis. Nullam et molestie elit."
        text run at (0,102) width 249: "Curabitur urna arcu, luctus a suscipit et,"
        text run at (0,119) width 242: "viverra vel orci. Morbi scelerisque erat"
        text run at (0,136) width 250: "quis massa blandit molestie. Fusce vitae"
        text run at (0,153) width 229: "velit a lacus suscipit tempus. In vitae"
        text run at (0,170) width 199: "nisl orci, vel ultrices diam. Duis"
        text run at (0,187) width 230: "pellentesque, massa sit amet eleifend"
        text run at (0,204) width 223: "sollicitudin, dolor orci semper urna,"
        text run at (0,221) width 249: "eget euismod tortor massa sit amet ante."
        text run at (0,250) width 212: "Quisque sed varius lectus. Mauris"
        text run at (0,267) width 247: "facilisis blandit mattis. Ut id tortor ante,"
        text run at (0,284) width 225: "ac eleifend dui. Donec sit amet arcu"
        text run at (0,301) width 249: "quis neque aliquam euismod a tincidunt"
        text run at (0,318) width 200: "justo. Integer sagittis, neque sed"
        text run at (0,335) width 234: "aliquam bibendum, est ante vulputate"
        text run at (0,352) width 247: "lectus, in elementum felis tellus et nibh."
        text run at (0,369) width 228: "Aliquam id ultrices nisl. Sed sodales"
        text run at (0,386) width 250: "lacinia interdum. Aenean pharetra tellus"
        text run at (0,403) width 202: "ante, aliquam consectetur ligula."
    RenderBlock {P} at (0,1986) size 251x533
      RenderText {#text} at (0,0) size 250x533
        text run at (0,0) width 177: "Lorem ipsum dolor sit amet,"
        text run at (0,17) width 212: "consectetur adipiscing elit. Donec"
        text run at (0,34) width 224: "posuere ligula et neque ullamcorper"
        text run at (0,51) width 233: "consectetur. Duis nec viverra magna."
        text run at (0,68) width 243: "Nullam tellus diam, auctor et auctor at,"
        text run at (0,85) width 215: "fermentum quis mi. Nulla rhoncus"
        text run at (0,114) width 249: "porttitor ultrices. Nunc gravida, nisi nec"
        text run at (0,131) width 210: "consequat scelerisque, lectus eros"
        text run at (0,148) width 241: "sagittis erat, non ultrices ipsum nibh in"
        text run at (0,165) width 214: "quam. Donec dignissim, lacus sed"
        text run at (0,182) width 228: "cursus commodo, nibh enim sodales"
        text run at (0,199) width 243: "metus, lacinia dictum felis est tincidunt"
        text run at (0,216) width 228: "orci. Morbi pretium volutpat ante, ut"
        text run at (0,233) width 250: "ultricies nulla pharetra sed. Duis ac felis"
        text run at (0,250) width 240: "quis justo ullamcorper semper. Integer"
        text run at (0,267) width 237: "augue lacus, imperdiet eu euismod ut,"
        text run at (0,284) width 237: "vulputate vel purus. Donec bibendum"
        text run at (0,301) width 226: "felis id nisl auctor sit amet imperdiet"
        text run at (0,318) width 242: "quam mollis. Duis aliquam tellus odio,"
        text run at (0,335) width 246: "a varius lectus. Nunc a tortor augue, eu"
        text run at (0,352) width 225: "sollicitudin nibh. Phasellus ultricies,"
        text run at (0,369) width 224: "lacus eget tincidunt mattis, velit erat"
        text run at (0,386) width 232: "facilisis lacus, quis luctus arcu erat ut"
        text run at (0,414) width 249: "erat. Duis feugiat eros eu ligula ultricies"
        text run at (0,431) width 234: "non tincidunt tellus viverra. Donec ut"
        text run at (0,448) width 198: "eros augue, nec elementum elit."
        text run at (0,465) width 227: "Pellentesque massa lectus, vulputate"
        text run at (0,482) width 232: "sed vehicula eget, volutpat eu augue."
        text run at (0,499) width 201: "Cras fermentum turpis vitae erat"
        text run at (0,516) width 193: "vehicula et lacinia mi molestie."
    RenderBlock {P} at (0,2535) size 251x420
      RenderText {#text} at (0,0) size 250x420
        text run at (0,0) width 239: "Curabitur ac porttitor leo. Class aptent"
        text run at (0,17) width 224: "taciti sociosqu ad litora torquent per"
        text run at (0,34) width 176: "conubia nostra, per inceptos"
        text run at (0,51) width 220: "himenaeos. Quisque eget mauris id"
        text run at (0,68) width 221: "turpis ullamcorper blandit quis eget"
        text run at (0,85) width 188: "turpis. Nullam et molestie elit."
        text run at (0,102) width 249: "Curabitur urna arcu, luctus a suscipit et,"
        text run at (0,119) width 242: "viverra vel orci. Morbi scelerisque erat"
        text run at (0,136) width 250: "quis massa blandit molestie. Fusce vitae"
        text run at (0,165) width 229: "velit a lacus suscipit tempus. In vitae"
        text run at (0,182) width 199: "nisl orci, vel ultrices diam. Duis"
        text run at (0,199) width 230: "pellentesque, massa sit amet eleifend"
        text run at (0,216) width 223: "sollicitudin, dolor orci semper urna,"
        text run at (0,233) width 249: "eget euismod tortor massa sit amet ante."
        text run at (0,250) width 212: "Quisque sed varius lectus. Mauris"
        text run at (0,267) width 247: "facilisis blandit mattis. Ut id tortor ante,"
        text run at (0,284) width 225: "ac eleifend dui. Donec sit amet arcu"
        text run at (0,301) width 249: "quis neque aliquam euismod a tincidunt"
        text run at (0,318) width 200: "justo. Integer sagittis, neque sed"
        text run at (0,335) width 234: "aliquam bibendum, est ante vulputate"
        text run at (0,352) width 247: "lectus, in elementum felis tellus et nibh."
        text run at (0,369) width 228: "Aliquam id ultrices nisl. Sed sodales"
        text run at (0,386) width 250: "lacinia interdum. Aenean pharetra tellus"
        text run at (0,403) width 202: "ante, aliquam consectetur ligula."
    RenderBlock {P} at (0,2971) size 251x533
      RenderText {#text} at (0,0) size 250x533
        text run at (0,0) width 177: "Lorem ipsum dolor sit amet,"
        text run at (0,29) width 212: "consectetur adipiscing elit. Donec"
        text run at (0,46) width 224: "posuere ligula et neque ullamcorper"
        text run at (0,63) width 233: "consectetur. Duis nec viverra magna."
        text run at (0,80) width 243: "Nullam tellus diam, auctor et auctor at,"
        text run at (0,97) width 215: "fermentum quis mi. Nulla rhoncus"
        text run at (0,114) width 249: "porttitor ultrices. Nunc gravida, nisi nec"
        text run at (0,131) width 210: "consequat scelerisque, lectus eros"
        text run at (0,148) width 241: "sagittis erat, non ultrices ipsum nibh in"
        text run at (0,165) width 214: "quam. Donec dignissim, lacus sed"
        text run at (0,182) width 228: "cursus commodo, nibh enim sodales"
        text run at (0,199) width 243: "metus, lacinia dictum felis est tincidunt"
        text run at (0,216) width 228: "orci. Morbi pretium volutpat ante, ut"
        text run at (0,233) width 250: "ultricies nulla pharetra sed. Duis ac felis"
        text run at (0,250) width 240: "quis justo ullamcorper semper. Integer"
        text run at (0,267) width 237: "augue lacus, imperdiet eu euismod ut,"
        text run at (0,284) width 237: "vulputate vel purus. Donec bibendum"
        text run at (0,301) width 226: "felis id nisl auctor sit amet imperdiet"
        text run at (0,329) width 242: "quam mollis. Duis aliquam tellus odio,"
        text run at (0,346) width 246: "a varius lectus. Nunc a tortor augue, eu"
        text run at (0,363) width 225: "sollicitudin nibh. Phasellus ultricies,"
        text run at (0,380) width 224: "lacus eget tincidunt mattis, velit erat"
        text run at (0,397) width 232: "facilisis lacus, quis luctus arcu erat ut"
        text run at (0,414) width 249: "erat. Duis feugiat eros eu ligula ultricies"
        text run at (0,431) width 234: "non tincidunt tellus viverra. Donec ut"
        text run at (0,448) width 198: "eros augue, nec elementum elit."
        text run at (0,465) width 227: "Pellentesque massa lectus, vulputate"
        text run at (0,482) width 232: "sed vehicula eget, volutpat eu augue."
        text run at (0,499) width 201: "Cras fermentum turpis vitae erat"
        text run at (0,516) width 193: "vehicula et lacinia mi molestie."
    RenderBlock {P} at (0,3520) size 251x431
      RenderText {#text} at (0,0) size 250x431
        text run at (0,0) width 239: "Curabitur ac porttitor leo. Class aptent"
        text run at (0,17) width 224: "taciti sociosqu ad litora torquent per"
        text run at (0,34) width 176: "conubia nostra, per inceptos"
        text run at (0,51) width 220: "himenaeos. Quisque eget mauris id"
        text run at (0,80) width 221: "turpis ullamcorper blandit quis eget"
        text run at (0,97) width 188: "turpis. Nullam et molestie elit."
        text run at (0,114) width 249: "Curabitur urna arcu, luctus a suscipit et,"
        text run at (0,131) width 242: "viverra vel orci. Morbi scelerisque erat"
        text run at (0,148) width 250: "quis massa blandit molestie. Fusce vitae"
        text run at (0,165) width 229: "velit a lacus suscipit tempus. In vitae"
        text run at (0,182) width 199: "nisl orci, vel ultrices diam. Duis"
        text run at (0,199) width 230: "pellentesque, massa sit amet eleifend"
        text run at (0,216) width 223: "sollicitudin, dolor orci semper urna,"
        text run at (0,233) width 249: "eget euismod tortor massa sit amet ante."
        text run at (0,250) width 212: "Quisque sed varius lectus. Mauris"
        text run at (0,267) width 247: "facilisis blandit mattis. Ut id tortor ante,"
        text run at (0,284) width 225: "ac eleifend dui. Donec sit amet arcu"
        text run at (0,301) width 249: "quis neque aliquam euismod a tincidunt"
        text run at (0,318) width 200: "justo. Integer sagittis, neque sed"
        text run at (0,335) width 234: "aliquam bibendum, est ante vulputate"
        text run at (0,352) width 247: "lectus, in elementum felis tellus et nibh."
        text run at (0,380) width 228: "Aliquam id ultrices nisl. Sed sodales"
        text run at (0,397) width 250: "lacinia interdum. Aenean pharetra tellus"
        text run at (0,414) width 202: "ante, aliquam consectetur ligula."
    RenderBlock {P} at (0,3967) size 251x522
      RenderText {#text} at (0,0) size 250x522
        text run at (0,0) width 177: "Lorem ipsum dolor sit amet,"
        text run at (0,17) width 212: "consectetur adipiscing elit. Donec"
        text run at (0,34) width 224: "posuere ligula et neque ullamcorper"
        text run at (0,51) width 233: "consectetur. Duis nec viverra magna."
        text run at (0,68) width 243: "Nullam tellus diam, auctor et auctor at,"
        text run at (0,85) width 215: "fermentum quis mi. Nulla rhoncus"
        text run at (0,102) width 249: "porttitor ultrices. Nunc gravida, nisi nec"
        text run at (0,119) width 210: "consequat scelerisque, lectus eros"
        text run at (0,136) width 241: "sagittis erat, non ultrices ipsum nibh in"
        text run at (0,153) width 214: "quam. Donec dignissim, lacus sed"
        text run at (0,170) width 228: "cursus commodo, nibh enim sodales"
        text run at (0,187) width 243: "metus, lacinia dictum felis est tincidunt"
        text run at (0,204) width 228: "orci. Morbi pretium volutpat ante, ut"
        text run at (0,233) width 250: "ultricies nulla pharetra sed. Duis ac felis"
        text run at (0,250) width 240: "quis justo ullamcorper semper. Integer"
        text run at (0,267) width 237: "augue lacus, imperdiet eu euismod ut,"
        text run at (0,284) width 237: "vulputate vel purus. Donec bibendum"
        text run at (0,301) width 226: "felis id nisl auctor sit amet imperdiet"
        text run at (0,318) width 242: "quam mollis. Duis aliquam tellus odio,"
        text run at (0,335) width 246: "a varius lectus. Nunc a tortor augue, eu"
        text run at (0,352) width 225: "sollicitudin nibh. Phasellus ultricies,"
        text run at (0,369) width 224: "lacus eget tincidunt mattis, velit erat"
        text run at (0,386) width 232: "facilisis lacus, quis luctus arcu erat ut"
        text run at (0,403) width 249: "erat. Duis feugiat eros eu ligula ultricies"
        text run at (0,420) width 234: "non tincidunt tellus viverra. Donec ut"
        text run at (0,437) width 198: "eros augue, nec elementum elit."
        text run at (0,454) width 227: "Pellentesque massa lectus, vulputate"
        text run at (0,471) width 232: "sed vehicula eget, volutpat eu augue."
        text run at (0,488) width 201: "Cras fermentum turpis vitae erat"
        text run at (0,505) width 193: "vehicula et lacinia mi molestie."
    RenderBlock {P} at (0,4500) size 251x419
      RenderText {#text} at (0,0) size 250x419
        text run at (0,0) width 239: "Curabitur ac porttitor leo. Class aptent"
        text run at (0,17) width 224: "taciti sociosqu ad litora torquent per"
        text run at (0,34) width 176: "conubia nostra, per inceptos"
        text run at (0,51) width 220: "himenaeos. Quisque eget mauris id"
        text run at (0,68) width 221: "turpis ullamcorper blandit quis eget"
        text run at (0,85) width 188: "turpis. Nullam et molestie elit."
        text run at (0,102) width 249: "Curabitur urna arcu, luctus a suscipit et,"
        text run at (0,119) width 242: "viverra vel orci. Morbi scelerisque erat"
        text run at (0,136) width 250: "quis massa blandit molestie. Fusce vitae"
        text run at (0,153) width 229: "velit a lacus suscipit tempus. In vitae"
        text run at (0,170) width 199: "nisl orci, vel ultrices diam. Duis"
        text run at (0,187) width 230: "pellentesque, massa sit amet eleifend"
        text run at (0,204) width 223: "sollicitudin, dolor orci semper urna,"
        text run at (0,221) width 249: "eget euismod tortor massa sit amet ante."
        text run at (0,238) width 212: "Quisque sed varius lectus. Mauris"
        text run at (0,255) width 247: "facilisis blandit mattis. Ut id tortor ante,"
        text run at (0,272) width 225: "ac eleifend dui. Donec sit amet arcu"
        text run at (0,300) width 249: "quis neque aliquam euismod a tincidunt"
        text run at (0,317) width 200: "justo. Integer sagittis, neque sed"
        text run at (0,334) width 234: "aliquam bibendum, est ante vulputate"
        text run at (0,351) width 247: "lectus, in elementum felis tellus et nibh."
        text run at (0,368) width 228: "Aliquam id ultrices nisl. Sed sodales"
        text run at (0,385) width 250: "lacinia interdum. Aenean pharetra tellus"
        text run at (0,402) width 202: "ante, aliquam consectetur ligula."
scrolled to 100,0
