layer at (0,0) size 800x600
  RenderView at (0,0) size 800x600
layer at (0,0) size 800x279
  RenderBlock {HTML} at (0,0) size 800x279
    RenderBody {BODY} at (8,16) size 784x247
      RenderBlock {P} at (0,0) size 784x17
        RenderText {#text} at (0,0) size 764x17
          text run at (0,0) width 389: "This test checks if CSS3 multi-column layout properly works "
          text run at (389,0) width 375: "when the multi-column block contains only one line of text."
      RenderBlock {P} at (0,33) size 784x17
        RenderText {#text} at (0,0) size 555x17
          text run at (0,0) width 298: "Test successful if the following text is readable "
          text run at (298,0) width 257: "(i.e. not split into two different columns)."
      RenderBlock {DIV} at (0,230) size 784x17
layer at (8,82) size 784x17
  RenderBlock {P} at (0,66) size 784x17 [bgcolor=#EEEEEE]
    RenderMultiColumnSet at (0,0) size 784x17
layer at (8,82) size 184x17
  RenderMultiColumnFlowThread at (0,0) size 184x17
    RenderText {#text} at (0,0) size 65x17
      text run at (0,0) width 65: "Short text."
layer at (8,115) size 784x33
  RenderBlock {P} at (0,99) size 784x33 [bgcolor=#EEEEEE]
    RenderMultiColumnSet at (0,0) size 784x33
layer at (8,115) size 184x33
  RenderMultiColumnFlowThread at (0,0) size 184x33
    RenderInline {SPAN} at (0,0) size 141x33
      RenderText {#text} at (0,0) size 141x33
        text run at (0,0) width 141: "Bigger text."
    RenderText {#text} at (0,0) size 0x0
layer at (8,164) size 784x33
  RenderBlock {P} at (0,148) size 784x33 [bgcolor=#EEEEEE]
    RenderMultiColumnSet at (0,0) size 784x33
layer at (8,164) size 184x33
  RenderMultiColumnFlowThread at (0,0) size 184x33
    RenderText {#text} at (0,13) size 56x17
      text run at (0,13) width 56: "Partially "
    RenderInline {SPAN} at (0,0) size 38x33
      RenderText {#text} at (56,0) size 38x33
        text run at (56,0) width 38: "big"
    RenderText {#text} at (94,13) size 31x17
      text run at (94,13) width 31: " text."
layer at (8,213) size 784x17
  RenderBlock {DIV} at (0,197) size 784x17 [bgcolor=#EEEEEE]
    RenderMultiColumnSet at (0,0) size 784x17
layer at (8,213) size 184x50
  RenderMultiColumnFlowThread at (0,0) size 184x50
    RenderBlock {P} at (0,16) size 184x18
      RenderText {#text} at (0,1) size 87x17
        text run at (0,1) width 87: "Nested block."
layer at (8,246) size 784x17
  RenderBlock {P} at (0,0) size 784x17 [bgcolor=#EEEEEE]
    RenderMultiColumnSet at (0,0) size 784x17
layer at (8,246) size 184x17
  RenderMultiColumnFlowThread at (0,0) size 184x17
    RenderText {#text} at (0,0) size 107x17
      text run at (0,0) width 107: "Nested block #2."
