layer at (0,0) size 1562x1010
  RenderView at (0,0) size 785x585
layer at (0,0) size 785x1010
  RenderBlock {HTML} at (0,0) size 785x1010
    RenderBody {BODY} at (8,8) size 769x994
      RenderBlock {HR} at (0,358) size 769x2 [border: (1px inset #000000)]
      RenderBlock {HR} at (0,676) size 769x2 [border: (1px inset #000000)]
layer at (8,8) size 769x350
  RenderBlock {DIV} at (0,0) size 769x350
    RenderMultiColumnSet at (0,0) size 769x350
layer at (8,8) size 377x1123 backgroundClip at (0,0) size 1562x1010 clip at (0,0) size 1562x1010
  RenderMultiColumnFlowThread at (0,0) size 377x1123
    RenderTable {TABLE} at (0,0) size 377x1123 [border: (1px outset #808080)]
      RenderTableSection {TBODY} at (1,1) size 375x1121
        RenderTableRow {TR} at (0,0) size 375x1121
          RenderTableCell {TD} at (0,43) size 141x1078 [border: (1px inset #808080)] [r=0 c=0 rs=1 cs=1]
            RenderText {#text} at (11,11) size 105x34
              text run at (11,11) width 105: "This cell has lots"
              text run at (11,28) width 44: "of text."
            RenderBR {BR} at (55,42) size 0x0
            RenderText {#text} at (11,45) size 105x34
              text run at (11,45) width 105: "This cell has lots"
              text run at (11,62) width 44: "of text."
            RenderBR {BR} at (55,76) size 0x0
            RenderText {#text} at (11,79) size 105x34
              text run at (11,79) width 105: "This cell has lots"
              text run at (11,96) width 44: "of text."
            RenderBR {BR} at (55,110) size 0x0
            RenderText {#text} at (11,113) size 105x34
              text run at (11,113) width 105: "This cell has lots"
              text run at (11,130) width 44: "of text."
            RenderBR {BR} at (55,144) size 0x0
            RenderText {#text} at (11,147) size 105x34
              text run at (11,147) width 105: "This cell has lots"
              text run at (11,164) width 44: "of text."
            RenderBR {BR} at (55,178) size 0x0
            RenderText {#text} at (11,181) size 105x34
              text run at (11,181) width 105: "This cell has lots"
              text run at (11,198) width 44: "of text."
            RenderBR {BR} at (55,212) size 0x0
            RenderText {#text} at (11,215) size 105x34
              text run at (11,215) width 105: "This cell has lots"
              text run at (11,232) width 44: "of text."
            RenderBR {BR} at (55,246) size 0x0
            RenderText {#text} at (11,249) size 105x34
              text run at (11,249) width 105: "This cell has lots"
              text run at (11,266) width 44: "of text."
            RenderBR {BR} at (55,280) size 0x0
            RenderText {#text} at (11,283) size 105x40
              text run at (11,283) width 105: "This cell has lots"
              text run at (11,306) width 44: "of text."
            RenderBR {BR} at (55,320) size 0x0
            RenderText {#text} at (11,323) size 105x34
              text run at (11,323) width 105: "This cell has lots"
              text run at (11,340) width 44: "of text."
            RenderBR {BR} at (55,354) size 0x0
            RenderText {#text} at (11,357) size 105x34
              text run at (11,357) width 105: "This cell has lots"
              text run at (11,374) width 44: "of text."
            RenderBR {BR} at (55,388) size 0x0
            RenderText {#text} at (11,391) size 105x34
              text run at (11,391) width 105: "This cell has lots"
              text run at (11,408) width 44: "of text."
            RenderBR {BR} at (55,422) size 0x0
            RenderText {#text} at (11,425) size 105x34
              text run at (11,425) width 105: "This cell has lots"
              text run at (11,442) width 44: "of text."
            RenderBR {BR} at (55,456) size 0x0
            RenderText {#text} at (11,459) size 105x34
              text run at (11,459) width 105: "This cell has lots"
              text run at (11,476) width 44: "of text."
            RenderBR {BR} at (55,490) size 0x0
            RenderText {#text} at (11,493) size 105x34
              text run at (11,493) width 105: "This cell has lots"
              text run at (11,510) width 44: "of text."
            RenderBR {BR} at (55,524) size 0x0
            RenderText {#text} at (11,527) size 105x34
              text run at (11,527) width 105: "This cell has lots"
              text run at (11,544) width 44: "of text."
            RenderBR {BR} at (55,558) size 0x0
            RenderText {#text} at (11,561) size 105x34
              text run at (11,561) width 105: "This cell has lots"
              text run at (11,578) width 44: "of text."
            RenderBR {BR} at (55,592) size 0x0
            RenderText {#text} at (11,595) size 105x34
              text run at (11,595) width 105: "This cell has lots"
              text run at (11,612) width 44: "of text."
            RenderBR {BR} at (55,626) size 0x0
            RenderText {#text} at (11,629) size 105x44
              text run at (11,629) width 105: "This cell has lots"
              text run at (11,656) width 44: "of text."
            RenderBR {BR} at (55,670) size 0x0
            RenderText {#text} at (11,673) size 105x34
              text run at (11,673) width 105: "This cell has lots"
              text run at (11,690) width 44: "of text."
            RenderBR {BR} at (55,704) size 0x0
            RenderText {#text} at (11,707) size 105x34
              text run at (11,707) width 105: "This cell has lots"
              text run at (11,724) width 44: "of text."
            RenderBR {BR} at (55,738) size 0x0
            RenderText {#text} at (11,741) size 105x34
              text run at (11,741) width 105: "This cell has lots"
              text run at (11,758) width 44: "of text."
            RenderBR {BR} at (55,772) size 0x0
            RenderText {#text} at (11,775) size 105x34
              text run at (11,775) width 105: "This cell has lots"
              text run at (11,792) width 44: "of text."
            RenderBR {BR} at (55,806) size 0x0
            RenderText {#text} at (11,809) size 105x34
              text run at (11,809) width 105: "This cell has lots"
              text run at (11,826) width 44: "of text."
            RenderBR {BR} at (55,840) size 0x0
            RenderText {#text} at (11,843) size 105x34
              text run at (11,843) width 105: "This cell has lots"
              text run at (11,860) width 44: "of text."
            RenderBR {BR} at (55,874) size 0x0
            RenderText {#text} at (11,877) size 105x34
              text run at (11,877) width 105: "This cell has lots"
              text run at (11,894) width 44: "of text."
            RenderBR {BR} at (55,908) size 0x0
            RenderText {#text} at (11,911) size 105x34
              text run at (11,911) width 105: "This cell has lots"
              text run at (11,928) width 44: "of text."
            RenderBR {BR} at (55,942) size 0x0
            RenderText {#text} at (11,945) size 105x34
              text run at (11,945) width 105: "This cell has lots"
              text run at (11,962) width 44: "of text."
            RenderBR {BR} at (55,976) size 0x0
            RenderText {#text} at (11,979) size 105x44
              text run at (11,979) width 105: "This cell has lots"
              text run at (11,1006) width 44: "of text."
            RenderBR {BR} at (55,1020) size 0x0
            RenderText {#text} at (11,1023) size 105x34
              text run at (11,1023) width 105: "This cell has lots"
              text run at (11,1040) width 44: "of text."
            RenderBR {BR} at (55,1054) size 0x0
          RenderTableCell {TD} at (140,0) size 235x164 [border: (1px inset #808080)] [r=0 c=1 rs=1 cs=1]
            RenderInline {SPAN} at (0,0) size 145x142
              RenderText {#text} at (11,11) size 145x142
                text run at (11,11) width 145: "Other"
                text run at (11,82) width 108: "cell."
layer at (8,376) size 769x300
  RenderBlock {DIV} at (0,368) size 769x300
    RenderMultiColumnSet at (0,0) size 769x300
layer at (8,376) size 377x1134 backgroundClip at (0,0) size 1562x1010 clip at (0,0) size 1562x1010
  RenderMultiColumnFlowThread at (0,0) size 377x1134
    RenderTable {TABLE} at (0,0) size 377x1134 [border: (1px outset #808080)]
      RenderTableSection {TBODY} at (1,1) size 375x1132
        RenderTableRow {TR} at (0,0) size 375x1132
          RenderTableCell {TD} at (0,0) size 141x1132 [border: (1px inset #808080)] [r=0 c=0 rs=1 cs=1]
            RenderText {#text} at (11,11) size 105x34
              text run at (11,11) width 105: "This cell has lots"
              text run at (11,28) width 44: "of text."
            RenderBR {BR} at (55,42) size 0x0
            RenderText {#text} at (11,45) size 105x34
              text run at (11,45) width 105: "This cell has lots"
              text run at (11,62) width 44: "of text."
            RenderBR {BR} at (55,76) size 0x0
            RenderText {#text} at (11,79) size 105x34
              text run at (11,79) width 105: "This cell has lots"
              text run at (11,96) width 44: "of text."
            RenderBR {BR} at (55,110) size 0x0
            RenderText {#text} at (11,113) size 105x34
              text run at (11,113) width 105: "This cell has lots"
              text run at (11,130) width 44: "of text."
            RenderBR {BR} at (55,144) size 0x0
            RenderText {#text} at (11,147) size 105x34
              text run at (11,147) width 105: "This cell has lots"
              text run at (11,164) width 44: "of text."
            RenderBR {BR} at (55,178) size 0x0
            RenderText {#text} at (11,181) size 105x34
              text run at (11,181) width 105: "This cell has lots"
              text run at (11,198) width 44: "of text."
            RenderBR {BR} at (55,212) size 0x0
            RenderText {#text} at (11,215) size 105x34
              text run at (11,215) width 105: "This cell has lots"
              text run at (11,232) width 44: "of text."
            RenderBR {BR} at (55,246) size 0x0
            RenderText {#text} at (11,249) size 105x34
              text run at (11,249) width 105: "This cell has lots"
              text run at (11,266) width 44: "of text."
            RenderBR {BR} at (55,280) size 0x0
            RenderText {#text} at (11,299) size 105x34
              text run at (11,299) width 105: "This cell has lots"
              text run at (11,316) width 44: "of text."
            RenderBR {BR} at (55,330) size 0x0
            RenderText {#text} at (11,333) size 105x34
              text run at (11,333) width 105: "This cell has lots"
              text run at (11,350) width 44: "of text."
            RenderBR {BR} at (55,364) size 0x0
            RenderText {#text} at (11,367) size 105x34
              text run at (11,367) width 105: "This cell has lots"
              text run at (11,384) width 44: "of text."
            RenderBR {BR} at (55,398) size 0x0
            RenderText {#text} at (11,401) size 105x34
              text run at (11,401) width 105: "This cell has lots"
              text run at (11,418) width 44: "of text."
            RenderBR {BR} at (55,432) size 0x0
            RenderText {#text} at (11,435) size 105x34
              text run at (11,435) width 105: "This cell has lots"
              text run at (11,452) width 44: "of text."
            RenderBR {BR} at (55,466) size 0x0
            RenderText {#text} at (11,469) size 105x34
              text run at (11,469) width 105: "This cell has lots"
              text run at (11,486) width 44: "of text."
            RenderBR {BR} at (55,500) size 0x0
            RenderText {#text} at (11,503) size 105x34
              text run at (11,503) width 105: "This cell has lots"
              text run at (11,520) width 44: "of text."
            RenderBR {BR} at (55,534) size 0x0
            RenderText {#text} at (11,537) size 105x34
              text run at (11,537) width 105: "This cell has lots"
              text run at (11,554) width 44: "of text."
            RenderBR {BR} at (55,568) size 0x0
            RenderText {#text} at (11,571) size 105x45
              text run at (11,571) width 105: "This cell has lots"
              text run at (11,599) width 44: "of text."
            RenderBR {BR} at (55,613) size 0x0
            RenderText {#text} at (11,616) size 105x34
              text run at (11,616) width 105: "This cell has lots"
              text run at (11,633) width 44: "of text."
            RenderBR {BR} at (55,647) size 0x0
            RenderText {#text} at (11,650) size 105x34
              text run at (11,650) width 105: "This cell has lots"
              text run at (11,667) width 44: "of text."
            RenderBR {BR} at (55,681) size 0x0
            RenderText {#text} at (11,684) size 105x34
              text run at (11,684) width 105: "This cell has lots"
              text run at (11,701) width 44: "of text."
            RenderBR {BR} at (55,715) size 0x0
            RenderText {#text} at (11,718) size 105x34
              text run at (11,718) width 105: "This cell has lots"
              text run at (11,735) width 44: "of text."
            RenderBR {BR} at (55,749) size 0x0
            RenderText {#text} at (11,752) size 105x34
              text run at (11,752) width 105: "This cell has lots"
              text run at (11,769) width 44: "of text."
            RenderBR {BR} at (55,783) size 0x0
            RenderText {#text} at (11,786) size 105x34
              text run at (11,786) width 105: "This cell has lots"
              text run at (11,803) width 44: "of text."
            RenderBR {BR} at (55,817) size 0x0
            RenderText {#text} at (11,820) size 105x34
              text run at (11,820) width 105: "This cell has lots"
              text run at (11,837) width 44: "of text."
            RenderBR {BR} at (55,851) size 0x0
            RenderText {#text} at (11,854) size 105x34
              text run at (11,854) width 105: "This cell has lots"
              text run at (11,871) width 44: "of text."
            RenderBR {BR} at (55,885) size 0x0
            RenderText {#text} at (11,899) size 105x34
              text run at (11,899) width 105: "This cell has lots"
              text run at (11,916) width 44: "of text."
            RenderBR {BR} at (55,930) size 0x0
            RenderText {#text} at (11,933) size 105x34
              text run at (11,933) width 105: "This cell has lots"
              text run at (11,950) width 44: "of text."
            RenderBR {BR} at (55,964) size 0x0
            RenderText {#text} at (11,967) size 105x34
              text run at (11,967) width 105: "This cell has lots"
              text run at (11,984) width 44: "of text."
            RenderBR {BR} at (55,998) size 0x0
            RenderText {#text} at (11,1001) size 105x34
              text run at (11,1001) width 105: "This cell has lots"
              text run at (11,1018) width 44: "of text."
            RenderBR {BR} at (55,1032) size 0x0
            RenderText {#text} at (11,1035) size 105x34
              text run at (11,1035) width 105: "This cell has lots"
              text run at (11,1052) width 44: "of text."
            RenderBR {BR} at (55,1066) size 0x0
          RenderTableCell {TD} at (140,450) size 235x232 [border: (1px inset #808080)] [r=0 c=1 rs=1 cs=1]
            RenderInline {SPAN} at (0,0) size 145x209
              RenderText {#text} at (11,11) size 145x209
                text run at (11,11) width 145: "Other"
                text run at (11,149) width 108: "cell."
layer at (8,702) size 769x300
  RenderBlock {DIV} at (0,694) size 769x300
    RenderMultiColumnSet at (0,0) size 769x300
layer at (8,702) size 377x1082 backgroundClip at (0,0) size 1562x1010 clip at (0,0) size 1562x1010
  RenderMultiColumnFlowThread at (0,0) size 377x1082
    RenderTable {TABLE} at (0,0) size 377x1082 [border: (1px outset #808080)]
      RenderTableSection {TBODY} at (1,1) size 375x1080
        RenderTableRow {TR} at (0,0) size 375x1064
          RenderTableCell {TD} at (0,0) size 141x1080 [border: (1px inset #808080)] [r=0 c=0 rs=1 cs=1]
            RenderText {#text} at (11,11) size 105x34
              text run at (11,11) width 105: "This cell has lots"
              text run at (11,28) width 44: "of text."
            RenderBR {BR} at (55,42) size 0x0
            RenderText {#text} at (11,45) size 105x34
              text run at (11,45) width 105: "This cell has lots"
              text run at (11,62) width 44: "of text."
            RenderBR {BR} at (55,76) size 0x0
            RenderText {#text} at (11,79) size 105x34
              text run at (11,79) width 105: "This cell has lots"
              text run at (11,96) width 44: "of text."
            RenderBR {BR} at (55,110) size 0x0
            RenderText {#text} at (11,113) size 105x34
              text run at (11,113) width 105: "This cell has lots"
              text run at (11,130) width 44: "of text."
            RenderBR {BR} at (55,144) size 0x0
            RenderText {#text} at (11,147) size 105x34
              text run at (11,147) width 105: "This cell has lots"
              text run at (11,164) width 44: "of text."
            RenderBR {BR} at (55,178) size 0x0
            RenderText {#text} at (11,181) size 105x34
              text run at (11,181) width 105: "This cell has lots"
              text run at (11,198) width 44: "of text."
            RenderBR {BR} at (55,212) size 0x0
            RenderText {#text} at (11,215) size 105x34
              text run at (11,215) width 105: "This cell has lots"
              text run at (11,232) width 44: "of text."
            RenderBR {BR} at (55,246) size 0x0
            RenderText {#text} at (11,249) size 105x34
              text run at (11,249) width 105: "This cell has lots"
              text run at (11,266) width 44: "of text."
            RenderBR {BR} at (55,280) size 0x0
            RenderText {#text} at (11,299) size 105x34
              text run at (11,299) width 105: "This cell has lots"
              text run at (11,316) width 44: "of text."
            RenderBR {BR} at (55,330) size 0x0
            RenderText {#text} at (11,333) size 105x34
              text run at (11,333) width 105: "This cell has lots"
              text run at (11,350) width 44: "of text."
            RenderBR {BR} at (55,364) size 0x0
            RenderText {#text} at (11,367) size 105x34
              text run at (11,367) width 105: "This cell has lots"
              text run at (11,384) width 44: "of text."
            RenderBR {BR} at (55,398) size 0x0
            RenderText {#text} at (11,401) size 105x34
              text run at (11,401) width 105: "This cell has lots"
              text run at (11,418) width 44: "of text."
            RenderBR {BR} at (55,432) size 0x0
            RenderText {#text} at (11,435) size 105x34
              text run at (11,435) width 105: "This cell has lots"
              text run at (11,452) width 44: "of text."
            RenderBR {BR} at (55,466) size 0x0
            RenderText {#text} at (11,469) size 105x34
              text run at (11,469) width 105: "This cell has lots"
              text run at (11,486) width 44: "of text."
            RenderBR {BR} at (55,500) size 0x0
            RenderText {#text} at (11,503) size 105x34
              text run at (11,503) width 105: "This cell has lots"
              text run at (11,520) width 44: "of text."
            RenderBR {BR} at (55,534) size 0x0
            RenderText {#text} at (11,537) size 105x34
              text run at (11,537) width 105: "This cell has lots"
              text run at (11,554) width 44: "of text."
            RenderBR {BR} at (55,568) size 0x0
            RenderText {#text} at (11,571) size 105x45
              text run at (11,571) width 105: "This cell has lots"
              text run at (11,599) width 44: "of text."
            RenderBR {BR} at (55,613) size 0x0
            RenderText {#text} at (11,616) size 105x34
              text run at (11,616) width 105: "This cell has lots"
              text run at (11,633) width 44: "of text."
            RenderBR {BR} at (55,647) size 0x0
            RenderText {#text} at (11,650) size 105x34
              text run at (11,650) width 105: "This cell has lots"
              text run at (11,667) width 44: "of text."
            RenderBR {BR} at (55,681) size 0x0
            RenderText {#text} at (11,684) size 105x34
              text run at (11,684) width 105: "This cell has lots"
              text run at (11,701) width 44: "of text."
            RenderBR {BR} at (55,715) size 0x0
            RenderText {#text} at (11,718) size 105x34
              text run at (11,718) width 105: "This cell has lots"
              text run at (11,735) width 44: "of text."
            RenderBR {BR} at (55,749) size 0x0
            RenderText {#text} at (11,752) size 105x34
              text run at (11,752) width 105: "This cell has lots"
              text run at (11,769) width 44: "of text."
            RenderBR {BR} at (55,783) size 0x0
            RenderText {#text} at (11,786) size 105x34
              text run at (11,786) width 105: "This cell has lots"
              text run at (11,803) width 44: "of text."
            RenderBR {BR} at (55,817) size 0x0
            RenderText {#text} at (11,820) size 105x34
              text run at (11,820) width 105: "This cell has lots"
              text run at (11,837) width 44: "of text."
            RenderBR {BR} at (55,851) size 0x0
            RenderText {#text} at (11,854) size 105x34
              text run at (11,854) width 105: "This cell has lots"
              text run at (11,871) width 44: "of text."
            RenderBR {BR} at (55,885) size 0x0
            RenderText {#text} at (11,899) size 105x34
              text run at (11,899) width 105: "This cell has lots"
              text run at (11,916) width 44: "of text."
            RenderBR {BR} at (55,930) size 0x0
            RenderText {#text} at (11,933) size 105x34
              text run at (11,933) width 105: "This cell has lots"
              text run at (11,950) width 44: "of text."
            RenderBR {BR} at (55,964) size 0x0
            RenderText {#text} at (11,967) size 105x34
              text run at (11,967) width 105: "This cell has lots"
              text run at (11,984) width 44: "of text."
            RenderBR {BR} at (55,998) size 0x0
            RenderText {#text} at (11,1001) size 105x34
              text run at (11,1001) width 105: "This cell has lots"
              text run at (11,1018) width 44: "of text."
            RenderBR {BR} at (55,1032) size 0x0
            RenderText {#text} at (11,1035) size 105x34
              text run at (11,1035) width 105: "This cell has lots"
              text run at (11,1052) width 44: "of text."
            RenderBR {BR} at (55,1066) size 0x0
          RenderTableCell {TD} at (140,900) size 235x180 [border: (1px inset #808080)] [r=0 c=1 rs=1 cs=1]
            RenderInline {SPAN} at (0,0) size 145x142
              RenderText {#text} at (11,11) size 145x142
                text run at (11,11) width 145: "Other"
                text run at (11,82) width 108: "cell."
