layer at (0,0) size 785x1273
  RenderView at (0,0) size 785x600
layer at (0,0) size 785x1273
  RenderBlock {HTML} at (0,0) size 785x1273
    RenderBody {BODY} at (8,8) size 769x1257 [bgcolor=#CCCCCC]
      RenderBlock {P} at (0,0) size 769x17
        RenderText {#text} at (0,0) size 355x17
          text run at (0,0) width 355: "The style declarations which apply to the text below are:"
      RenderBlock {PRE} at (0,33) size 769x180
        RenderText {#text} at (0,0) size 632x180
          text run at (0,0) width 560: ".one {border-style: dotted; border-color: black; border-width: thick;}"
          text run at (0,15) width 560: ".two {border-style: dashed; border-color: black; border-width: thick;}"
          text run at (0,30) width 568: ".three {border-style: solid; border-color: black; border-width: thick;}"
          text run at (0,45) width 568: ".four {border-style: double; border-color: black; border-width: thick;}"
          text run at (0,60) width 568: ".five {border-style: groove; border-color: olive; border-width: thick;}"
          text run at (0,75) width 552: ".six {border-style: ridge; border-color: olive; border-width: thick;}"
          text run at (0,90) width 568: ".seven {border-style: inset; border-color: olive; border-width: thick;}"
          text run at (0,105) width 576: ".eight {border-style: outset; border-color: olive; border-width: thick;}"
          text run at (0,120) width 632: ".nine {border-style: double groove; border-color: purple; border-width: thick;}"
          text run at (0,135) width 368: ".ten {border-style: double groove ridge inset;"
          text run at (0,150) width 368: "   border-color: purple; border-width: thick;}"
          text run at (0,165) width 552: ".eleven {border-style: none; border-color: red; border-width: thick;}"
      RenderBlock {HR} at (0,226) size 769x2 [border: (1px inset #000000)]
      RenderBlock {P} at (0,244) size 769x27 [border: (5px dotted #000000)]
        RenderText {#text} at (5,5) size 472x17
          text run at (5,5) width 472: "This paragraph should have a thick black dotted border all the way around."
      RenderBlock {P} at (0,287) size 769x27 [border: (5px dashed #000000)]
        RenderText {#text} at (5,5) size 477x17
          text run at (5,5) width 477: "This paragraph should have a thick black dashed border all the way around."
      RenderBlock {P} at (0,330) size 769x27 [border: (5px solid #000000)]
        RenderText {#text} at (5,5) size 463x17
          text run at (5,5) width 463: "This paragraph should have a thick black solid border all the way around."
      RenderBlock {P} at (0,373) size 769x27 [border: (5px double #000000)]
        RenderText {#text} at (5,5) size 476x17
          text run at (5,5) width 476: "This paragraph should have a thick black double border all the way around."
      RenderBlock {P} at (0,416) size 769x27 [border: (5px groove #808000)]
        RenderText {#text} at (5,5) size 474x17
          text run at (5,5) width 474: "This paragraph should have a thick olive groove border all the way around."
      RenderBlock {P} at (0,459) size 769x27 [border: (5px ridge #808000)]
        RenderText {#text} at (5,5) size 462x17
          text run at (5,5) width 462: "This paragraph should have a thick olive ridge border all the way around."
      RenderBlock {P} at (0,502) size 769x27 [border: (5px inset #808000)]
        RenderText {#text} at (5,5) size 459x17
          text run at (5,5) width 459: "This paragraph should have a thick olive inset border all the way around."
      RenderBlock {P} at (0,545) size 769x27 [border: (5px outset #808000)]
        RenderText {#text} at (5,5) size 467x17
          text run at (5,5) width 467: "This paragraph should have a thick olive outset border all the way around."
      RenderBlock {P} at (0,588) size 769x44 [border: (5px double #800080) (5px groove #800080) (5px double #800080) (5px groove #800080)]
        RenderText {#text} at (5,5) size 744x34
          text run at (5,5) width 617: "This paragraph should have thick double top and bottom borders, and thick grooved side borders. "
          text run at (622,5) width 127: "The color of all four"
          text run at (5,22) width 204: "sides should be based on purple."
      RenderBlock {P} at (0,648) size 769x44 [border: (5px double #800080) (5px groove #800080) (5px ridge #800080) (5px inset #800080)]
        RenderText {#text} at (5,5) size 727x34
          text run at (5,5) width 702: "This paragraph should have, in clockwise order from the top, a double, grooved, ridged, and inset thick border. "
          text run at (707,5) width 25: "The"
          text run at (5,22) width 306: "color of all four sides should be based on purple."
      RenderBlock {P} at (0,708) size 769x17
        RenderText {#text} at (0,0) size 278x17
          text run at (0,0) width 278: "This paragraph should have no border at all."
      RenderTable {TABLE} at (0,741) size 769x516 [border: (1px outset #808080)]
        RenderTableSection {TBODY} at (1,1) size 767x514
          RenderTableRow {TR} at (0,0) size 767x25
            RenderTableCell {TD} at (0,0) size 767x25 [bgcolor=#C0C0C0] [border: (1px inset #808080)] [r=0 c=0 rs=1 cs=2]
              RenderInline {STRONG} at (0,0) size 163x17
                RenderText {#text} at (4,4) size 163x17
                  text run at (4,4) width 163: "TABLE Testing Section"
          RenderTableRow {TR} at (0,25) size 767x489
            RenderTableCell {TD} at (0,257) size 12x25 [bgcolor=#C0C0C0] [border: (1px inset #808080)] [r=1 c=0 rs=1 cs=1]
              RenderText {#text} at (4,4) size 4x17
                text run at (4,4) width 4: " "
            RenderTableCell {TD} at (12,25) size 755x489 [border: (1px inset #808080)] [r=1 c=1 rs=1 cs=1]
              RenderBlock {P} at (4,4) size 747x27 [border: (5px dotted #000000)]
                RenderText {#text} at (5,5) size 472x17
                  text run at (5,5) width 472: "This paragraph should have a thick black dotted border all the way around."
              RenderBlock {P} at (4,47) size 747x27 [border: (5px dashed #000000)]
                RenderText {#text} at (5,5) size 477x17
                  text run at (5,5) width 477: "This paragraph should have a thick black dashed border all the way around."
              RenderBlock {P} at (4,90) size 747x27 [border: (5px solid #000000)]
                RenderText {#text} at (5,5) size 463x17
                  text run at (5,5) width 463: "This paragraph should have a thick black solid border all the way around."
              RenderBlock {P} at (4,133) size 747x27 [border: (5px double #000000)]
                RenderText {#text} at (5,5) size 476x17
                  text run at (5,5) width 476: "This paragraph should have a thick black double border all the way around."
              RenderBlock {P} at (4,176) size 747x27 [border: (5px groove #808000)]
                RenderText {#text} at (5,5) size 474x17
                  text run at (5,5) width 474: "This paragraph should have a thick olive groove border all the way around."
              RenderBlock {P} at (4,219) size 747x27 [border: (5px ridge #808000)]
                RenderText {#text} at (5,5) size 462x17
                  text run at (5,5) width 462: "This paragraph should have a thick olive ridge border all the way around."
              RenderBlock {P} at (4,262) size 747x27 [border: (5px inset #808000)]
                RenderText {#text} at (5,5) size 459x17
                  text run at (5,5) width 459: "This paragraph should have a thick olive inset border all the way around."
              RenderBlock {P} at (4,305) size 747x27 [border: (5px outset #808000)]
                RenderText {#text} at (5,5) size 467x17
                  text run at (5,5) width 467: "This paragraph should have a thick olive outset border all the way around."
              RenderBlock {P} at (4,348) size 747x44 [border: (5px double #800080) (5px groove #800080) (5px double #800080) (5px groove #800080)]
                RenderText {#text} at (5,5) size 714x34
                  text run at (5,5) width 617: "This paragraph should have thick double top and bottom borders, and thick grooved side borders. "
                  text run at (622,5) width 97: "The color of all"
                  text run at (5,22) width 234: "four sides should be based on purple."
              RenderBlock {P} at (4,408) size 747x44 [border: (5px double #800080) (5px groove #800080) (5px ridge #800080) (5px inset #800080)]
                RenderText {#text} at (5,5) size 727x34
                  text run at (5,5) width 702: "This paragraph should have, in clockwise order from the top, a double, grooved, ridged, and inset thick border. "
                  text run at (707,5) width 25: "The"
                  text run at (5,22) width 306: "color of all four sides should be based on purple."
              RenderBlock {P} at (4,468) size 747x17
                RenderText {#text} at (0,0) size 278x17
                  text run at (0,0) width 278: "This paragraph should have no border at all."
