layer at (0,0) size 800x600
  RenderView at (0,0) size 800x600
layer at (0,0) size 800x600
  RenderBlock {HTML} at (0,0) size 800x600
    RenderBody {BODY} at (8,8) size 784x584 [bgcolor=#CCCCCC]
      RenderBlock {P} at (0,0) size 784x17
        RenderText {#text} at (0,0) size 355x17
          text run at (0,0) width 355: "The style declarations which apply to the text below are:"
      RenderBlock {PRE} at (0,33) size 784x45
        RenderText {#text} at (0,0) size 416x45
          text run at (0,0) width 416: ".one {border-left-width: 25px; border-style: solid;}"
          text run at (0,15) width 416: ".two {border-left-width: thin; border-style: solid;}"
          text run at (0,30) width 264: ".three {border-left-width: 25px;}"
      RenderBlock {HR} at (0,91) size 784x2 [border: (1px inset #000000)]
      RenderBlock {P} at (0,109) size 784x76 [border: (3px solid #000000) (25px solid #000000)]
        RenderText {#text} at (25,3) size 172x17
          text run at (25,3) width 172: "This element has a class of "
        RenderInline {TT} at (0,0) size 24x15
          RenderText {#text} at (197,6) size 24x15
            text run at (197,6) width 24: "one"
        RenderText {#text} at (221,3) size 162x17
          text run at (221,3) width 8: ". "
          text run at (229,3) width 154: "However, it contains an "
        RenderInline {SPAN} at (0,0) size 171x23 [border: (3px solid #000000) (1px solid #000000)]
          RenderText {#text} at (384,3) size 143x17
            text run at (384,3) width 143: "inline element of class "
          RenderInline {TT} at (0,0) size 24x15
            RenderText {#text} at (527,6) size 24x15
              text run at (527,6) width 24: "two"
        RenderText {#text} at (554,3) size 749x35
          text run at (554,3) width 220: ", which should result in a thin solid"
          text run at (25,21) width 181: "border on the left side of the "
        RenderInline {STRONG} at (0,0) size 27x17
          RenderText {#text} at (206,21) size 27x17
            text run at (206,21) width 27: "first"
        RenderText {#text} at (233,21) size 750x34
          text run at (233,21) width 505: " box in the inline element (and the UA's default border on the other three sides). "
          text run at (738,21) width 37: "There"
          text run at (25,38) width 62: "is also an "
        RenderInline {SPAN} at (0,0) size 183x17
          RenderText {#text} at (87,38) size 143x17
            text run at (87,38) width 143: "inline element of class "
          RenderInline {TT} at (0,0) size 40x15
            RenderText {#text} at (230,41) size 40x15
              text run at (230,41) width 40: "three"
        RenderText {#text} at (270,38) size 727x35
          text run at (270,38) width 482: ", which should have no left border width or visible border because no border"
          text run at (25,56) width 83: "style was set."
      RenderTable {TABLE} at (0,201) size 784x111 [border: (1px outset #808080)]
        RenderTableSection {TBODY} at (1,1) size 782x109
          RenderTableRow {TR} at (0,0) size 782x25
            RenderTableCell {TD} at (0,0) size 782x25 [bgcolor=#C0C0C0] [border: (1px inset #808080)] [r=0 c=0 rs=1 cs=2]
              RenderInline {STRONG} at (0,0) size 163x17
                RenderText {#text} at (4,4) size 163x17
                  text run at (4,4) width 163: "TABLE Testing Section"
          RenderTableRow {TR} at (0,25) size 782x84
            RenderTableCell {TD} at (0,54) size 12x26 [bgcolor=#C0C0C0] [border: (1px inset #808080)] [r=1 c=0 rs=1 cs=1]
              RenderText {#text} at (4,4) size 4x18
                text run at (4,5) width 4: " "
            RenderTableCell {TD} at (12,25) size 770x84 [border: (1px inset #808080)] [r=1 c=1 rs=1 cs=1]
              RenderBlock {P} at (4,4) size 762x76 [border: (3px solid #000000) (25px solid #000000)]
                RenderText {#text} at (25,3) size 172x17
                  text run at (25,3) width 172: "This element has a class of "
                RenderInline {TT} at (0,0) size 24x15
                  RenderText {#text} at (197,6) size 24x15
                    text run at (197,6) width 24: "one"
                RenderText {#text} at (221,3) size 162x17
                  text run at (221,3) width 8: ". "
                  text run at (229,3) width 154: "However, it contains an "
                RenderInline {SPAN} at (0,0) size 171x23 [border: (3px solid #000000) (1px solid #000000)]
                  RenderText {#text} at (384,3) size 143x17
                    text run at (384,3) width 143: "inline element of class "
                  RenderInline {TT} at (0,0) size 24x15
                    RenderText {#text} at (527,6) size 24x15
                      text run at (527,6) width 24: "two"
                RenderText {#text} at (554,3) size 715x35
                  text run at (554,3) width 186: ", which should result in a thin"
                  text run at (25,21) width 215: "solid border on the left side of the "
                RenderInline {STRONG} at (0,0) size 27x17
                  RenderText {#text} at (240,21) size 27x17
                    text run at (240,21) width 27: "first"
                RenderText {#text} at (267,21) size 699x34
                  text run at (267,21) width 457: " box in the inline element (and the UA's default border on the other three"
                  text run at (25,38) width 44: "sides). "
                  text run at (69,38) width 103: "There is also an "
                RenderInline {SPAN} at (0,0) size 183x17
                  RenderText {#text} at (172,38) size 143x17
                    text run at (172,38) width 143: "inline element of class "
                  RenderInline {TT} at (0,0) size 40x15
                    RenderText {#text} at (315,41) size 40x15
                      text run at (315,41) width 40: "three"
                RenderText {#text} at (355,38) size 693x35
                  text run at (355,38) width 363: ", which should have no left border width or visible border"
                  text run at (25,56) width 202: "because no border style was set."
