layer at (0,0) size 800x600
  RenderView at (0,0) size 800x600
layer at (0,0) size 800x600
  RenderBlock {HTML} at (0,0) size 800x600
    RenderBody {BODY} at (8,8) size 784x584 [bgcolor=#CCCCCC]
      RenderBlock {P} at (0,0) size 784x17
        RenderText {#text} at (0,0) size 355x17
          text run at (0,0) width 355: "The style declarations which apply to the text below are:"
      RenderBlock {PRE} at (0,33) size 784x30
        RenderText {#text} at (0,0) size 552x30
          text run at (0,0) width 552: ".one {margin-right: 25px; text-align: right; background-color: aqua;}"
          text run at (0,15) width 408: ".two {margin-right: -10px; background-color: aqua;}"
      RenderBlock {HR} at (0,76) size 784x2 [border: (1px inset #000000)]
      RenderBlock {P} at (0,94) size 784x35 [bgcolor=#808080]
        RenderText {#text} at (0,0) size 543x17
          text run at (0,0) width 389: "This element is unstyled save for a background color of gray. "
          text run at (389,0) width 154: "However, it contains an "
        RenderInline {SPAN} at (0,0) size 167x17 [bgcolor=#00FFFF]
          RenderText {#text} at (543,0) size 143x17
            text run at (543,0) width 143: "inline element of class "
          RenderInline {TT} at (0,0) size 24x15
            RenderText {#text} at (686,3) size 24x15
              text run at (686,3) width 24: "one"
        RenderText {#text} at (735,0) size 782x35
          text run at (735,0) width 47: ", which"
          text run at (0,18) width 308: "should result in 25-pixel right margin only in the "
        RenderInline {STRONG} at (0,0) size 23x17
          RenderText {#text} at (308,18) size 23x17
            text run at (308,18) width 23: "last"
        RenderText {#text} at (331,18) size 232x17
          text run at (331,18) width 232: " line in which the inline box appears."
      RenderBlock {P} at (0,145) size 784x35 [bgcolor=#808080]
        RenderText {#text} at (0,0) size 543x17
          text run at (0,0) width 389: "This element is unstyled save for a background color of gray. "
          text run at (389,0) width 154: "However, it contains an "
        RenderInline {SPAN} at (0,0) size 167x17 [bgcolor=#00FFFF]
          RenderText {#text} at (543,0) size 143x17
            text run at (543,0) width 143: "inline element of class "
          RenderInline {TT} at (0,0) size 24x15
            RenderText {#text} at (686,3) size 24x15
              text run at (686,3) width 24: "two"
        RenderText {#text} at (700,0) size 747x35
          text run at (700,0) width 47: ", which"
          text run at (0,18) width 293: "should result in -10px right margin only in the "
        RenderInline {STRONG} at (0,0) size 23x17
          RenderText {#text} at (293,18) size 23x17
            text run at (293,18) width 23: "last"
        RenderText {#text} at (316,18) size 232x17
          text run at (316,18) width 232: " line in which the inline box appears."
      RenderTable {TABLE} at (0,196) size 784x121 [border: (1px outset #808080)]
        RenderTableSection {TBODY} at (1,1) size 782x119
          RenderTableRow {TR} at (0,0) size 782x25
            RenderTableCell {TD} at (0,0) size 782x25 [bgcolor=#C0C0C0] [border: (1px inset #808080)] [r=0 c=0 rs=1 cs=2]
              RenderInline {STRONG} at (0,0) size 163x17
                RenderText {#text} at (4,4) size 163x17
                  text run at (4,4) width 163: "TABLE Testing Section"
          RenderTableRow {TR} at (0,25) size 782x94
            RenderTableCell {TD} at (0,59) size 12x26 [bgcolor=#C0C0C0] [border: (1px inset #808080)] [r=1 c=0 rs=1 cs=1]
              RenderText {#text} at (4,4) size 4x18
                text run at (4,5) width 4: " "
            RenderTableCell {TD} at (12,25) size 770x94 [border: (1px inset #808080)] [r=1 c=1 rs=1 cs=1]
              RenderBlock {P} at (4,4) size 762x35 [bgcolor=#808080]
                RenderText {#text} at (0,0) size 543x17
                  text run at (0,0) width 389: "This element is unstyled save for a background color of gray. "
                  text run at (389,0) width 154: "However, it contains an "
                RenderInline {SPAN} at (0,0) size 167x17 [bgcolor=#00FFFF]
                  RenderText {#text} at (543,0) size 143x17
                    text run at (543,0) width 143: "inline element of class "
                  RenderInline {TT} at (0,0) size 24x15
                    RenderText {#text} at (686,3) size 24x15
                      text run at (686,3) width 24: "one"
                RenderText {#text} at (735,0) size 739x35
                  text run at (735,0) width 4: ","
                  text run at (0,18) width 351: "which should result in 25-pixel right margin only in the "
                RenderInline {STRONG} at (0,0) size 23x17
                  RenderText {#text} at (351,18) size 23x17
                    text run at (351,18) width 23: "last"
                RenderText {#text} at (374,18) size 232x17
                  text run at (374,18) width 232: " line in which the inline box appears."
              RenderBlock {P} at (4,55) size 762x35 [bgcolor=#808080]
                RenderText {#text} at (0,0) size 543x17
                  text run at (0,0) width 389: "This element is unstyled save for a background color of gray. "
                  text run at (389,0) width 154: "However, it contains an "
                RenderInline {SPAN} at (0,0) size 167x17 [bgcolor=#00FFFF]
                  RenderText {#text} at (543,0) size 143x17
                    text run at (543,0) width 143: "inline element of class "
                  RenderInline {TT} at (0,0) size 24x15
                    RenderText {#text} at (686,3) size 24x15
                      text run at (686,3) width 24: "two"
                RenderText {#text} at (700,0) size 747x35
                  text run at (700,0) width 47: ", which"
                  text run at (0,18) width 293: "should result in -10px right margin only in the "
                RenderInline {STRONG} at (0,0) size 23x17
                  RenderText {#text} at (293,18) size 23x17
                    text run at (293,18) width 23: "last"
                RenderText {#text} at (316,18) size 232x17
                  text run at (316,18) width 232: " line in which the inline box appears."
