layer at (0,0) size 785x972
  RenderView at (0,0) size 785x600
layer at (0,0) size 785x972
  RenderBlock {HTML} at (0,0) size 785x972
    RenderBody {BODY} at (8,8) size 769x956 [bgcolor=#CCCCCC]
      RenderBlock {P} at (0,0) size 769x17
        RenderText {#text} at (0,0) size 355x17
          text run at (0,0) width 355: "The style declarations which apply to the text below are:"
      RenderBlock {PRE} at (0,33) size 769x90
        RenderText {#text} at (0,0) size 408x90
          text run at (0,0) width 392: ".zero {background-color: silver; margin-left: 0;}"
          text run at (0,15) width 400: ".one {margin-left: 0.5in; background-color: aqua;}"
          text run at (0,30) width 392: ".two {margin-left: 25px; background-color: aqua;}"
          text run at (0,45) width 400: ".three {margin-left: 5em; background-color: aqua;}"
          text run at (0,60) width 392: ".four {margin-left: 25%; background-color: aqua;}"
          text run at (0,75) width 408: ".five {margin-left: -10px; background-color: aqua;}"
      RenderBlock {HR} at (0,136) size 769x2 [border: (1px inset #000000)]
      RenderBlock {P} at (0,154) size 769x17 [bgcolor=#C0C0C0]
        RenderText {#text} at (0,0) size 203x17
          text run at (0,0) width 203: "This element has a class of zero."
      RenderBlock {P} at (48,187) size 721x17 [bgcolor=#00FFFF]
        RenderText {#text} at (0,0) size 348x17
          text run at (0,0) width 348: "This sentence should have a left margin of half an inch."
      RenderBlock {P} at (25,220) size 744x17 [bgcolor=#00FFFF]
        RenderText {#text} at (0,0) size 331x17
          text run at (0,0) width 331: "This sentence should have a left margin of 25 pixels."
      RenderBlock {P} at (80,253) size 689x17 [bgcolor=#00FFFF]
        RenderText {#text} at (0,0) size 305x17
          text run at (0,0) width 305: "This sentence should have a left margin of 5 em."
      RenderBlock {P} at (192,286) size 577x34 [bgcolor=#00FFFF]
        RenderText {#text} at (0,0) size 546x34
          text run at (0,0) width 546: "This sentence should have a left margin of 25%, which is calculated with respect to the"
          text run at (0,17) width 176: "width of the parent element."
      RenderBlock {UL} at (25,336) size 744x85 [bgcolor=#808080]
        RenderListItem {LI} at (40,0) size 704x17
          RenderListMarker at (-17,0) size 7x17: bullet
          RenderText {#text} at (0,0) size 686x17
            text run at (0,0) width 686: "The left margin on this unordered list has been set to 25 pixels, and its background color has been set to gray."
        RenderListItem {LI} at (65,17) size 679x51 [bgcolor=#FFFFFF]
          RenderListMarker at (-17,0) size 7x17: bullet
          RenderText {#text} at (0,0) size 668x51
            text run at (0,0) width 656: "Another list item might not be such a bad idea, either, considering that such things do need to be double-"
            text run at (0,17) width 60: "checked. "
            text run at (60,17) width 608: "This list item has its left margin also set to 25 pixels, which should combine with the list's margin"
            text run at (0,34) width 479: "to make 50 pixels of margin, and its background color has been set to white."
        RenderListItem {LI} at (40,68) size 704x17
          RenderListMarker at (-17,0) size 7x17: bullet
          RenderText {#text} at (0,0) size 179x17
            text run at (0,0) width 179: "This is an unclassed list item"
      RenderBlock {P} at (0,437) size 769x17 [bgcolor=#C0C0C0]
        RenderText {#text} at (0,0) size 203x17
          text run at (0,0) width 203: "This element has a class of zero."
      RenderBlock {P} at (-10,470) size 779x51 [bgcolor=#00FFFF]
        RenderText {#text} at (0,0) size 778x51
          text run at (0,0) width 758: "This paragraph has a left margin of -10px, which should cause it to be wider than it might otherwise be, and it has a light"
          text run at (0,17) width 114: "blue background. "
          text run at (114,17) width 386: "In all other respects, however, the element should be normal. "
          text run at (500,17) width 278: "No styles have been applied to it besides the"
          text run at (0,34) width 294: "negative left margin and the background color."
      RenderTable {TABLE} at (0,537) size 769x419 [border: (1px outset #808080)]
        RenderTableSection {TBODY} at (1,1) size 767x417
          RenderTableRow {TR} at (0,0) size 767x25
            RenderTableCell {TD} at (0,0) size 767x25 [bgcolor=#C0C0C0] [border: (1px inset #808080)] [r=0 c=0 rs=1 cs=2]
              RenderInline {STRONG} at (0,0) size 163x17
                RenderText {#text} at (4,4) size 163x17
                  text run at (4,4) width 163: "TABLE Testing Section"
          RenderTableRow {TR} at (0,25) size 767x392
            RenderTableCell {TD} at (0,208) size 12x26 [bgcolor=#C0C0C0] [border: (1px inset #808080)] [r=1 c=0 rs=1 cs=1]
              RenderText {#text} at (4,4) size 4x18
                text run at (4,5) width 4: " "
            RenderTableCell {TD} at (12,25) size 755x392 [border: (1px inset #808080)] [r=1 c=1 rs=1 cs=1]
              RenderBlock {P} at (4,4) size 747x17 [bgcolor=#C0C0C0]
                RenderText {#text} at (0,0) size 203x17
                  text run at (0,0) width 203: "This element has a class of zero."
              RenderBlock {P} at (52,37) size 699x17 [bgcolor=#00FFFF]
                RenderText {#text} at (0,0) size 348x17
                  text run at (0,0) width 348: "This sentence should have a left margin of half an inch."
              RenderBlock {P} at (29,70) size 722x17 [bgcolor=#00FFFF]
                RenderText {#text} at (0,0) size 331x17
                  text run at (0,0) width 331: "This sentence should have a left margin of 25 pixels."
              RenderBlock {P} at (84,103) size 667x17 [bgcolor=#00FFFF]
                RenderText {#text} at (0,0) size 305x17
                  text run at (0,0) width 305: "This sentence should have a left margin of 5 em."
              RenderBlock {P} at (190,136) size 561x34 [bgcolor=#00FFFF]
                RenderText {#text} at (0,0) size 546x34
                  text run at (0,0) width 546: "This sentence should have a left margin of 25%, which is calculated with respect to the"
                  text run at (0,17) width 176: "width of the parent element."
              RenderBlock {UL} at (29,186) size 722x102 [bgcolor=#808080]
                RenderListItem {LI} at (40,0) size 682x34
                  RenderListMarker at (-17,0) size 7x17: bullet
                  RenderText {#text} at (0,0) size 650x34
                    text run at (0,0) width 650: "The left margin on this unordered list has been set to 25 pixels, and its background color has been set to"
                    text run at (0,17) width 32: "gray."
                RenderListItem {LI} at (65,34) size 657x51 [bgcolor=#FFFFFF]
                  RenderListMarker at (-17,0) size 7x17: bullet
                  RenderText {#text} at (0,0) size 656x51
                    text run at (0,0) width 656: "Another list item might not be such a bad idea, either, considering that such things do need to be double-"
                    text run at (0,17) width 60: "checked. "
                    text run at (60,17) width 560: "This list item has its left margin also set to 25 pixels, which should combine with the list's"
                    text run at (0,34) width 527: "margin to make 50 pixels of margin, and its background color has been set to white."
                RenderListItem {LI} at (40,85) size 682x17
                  RenderListMarker at (-17,0) size 7x17: bullet
                  RenderText {#text} at (0,0) size 179x17
                    text run at (0,0) width 179: "This is an unclassed list item"
              RenderBlock {P} at (4,304) size 747x17 [bgcolor=#C0C0C0]
                RenderText {#text} at (0,0) size 203x17
                  text run at (0,0) width 203: "This element has a class of zero."
              RenderBlock {P} at (-6,337) size 757x51 [bgcolor=#00FFFF]
                RenderText {#text} at (0,0) size 737x51
                  text run at (0,0) width 726: "This paragraph has a left margin of -10px, which should cause it to be wider than it might otherwise be, and it has a"
                  text run at (0,17) width 146: "light blue background. "
                  text run at (146,17) width 386: "In all other respects, however, the element should be normal. "
                  text run at (532,17) width 205: "No styles have been applied to it"
                  text run at (0,34) width 367: "besides the negative left margin and the background color."
