layer at (0,0) size 785x1601
  RenderView at (0,0) size 785x600
layer at (0,0) size 785x1601
  RenderBlock {HTML} at (0,0) size 785x1601
    RenderBody {BODY} at (8,8) size 769x1585 [bgcolor=#CCCCCC]
      RenderBlock {P} at (0,0) size 769x17
        RenderText {#text} at (0,0) size 355x17
          text run at (0,0) width 355: "The style declarations which apply to the text below are:"
      RenderBlock {PRE} at (0,30) size 769x120
        RenderText {#text} at (0,0) size 392x120
          text run at (0,0) width 384: ".zero {background-color: silver; margin-top: 0;}"
          text run at (0,15) width 392: ".one {margin-top: 0.5in; background-color: aqua;}"
          text run at (0,30) width 384: ".two {margin-top: 25px; background-color: aqua;}"
          text run at (0,45) width 392: ".three {margin-top: 5em; background-color: aqua;}"
          text run at (0,60) width 384: ".four {margin-top: 25%; background-color: aqua;}"
          text run at (0,75) width 200: ".five {margin-top: 25px;}"
          text run at (0,90) width 392: ".six {margin-top: -10px; background-color: aqua;}"
          text run at (0,105) width 200: "P, UL {margin-bottom: 0;}"
      RenderBlock {HR} at (0,163) size 769x2 [border: (1px inset #000000)]
      RenderBlock {P} at (0,173) size 769x17 [bgcolor=#C0C0C0]
        RenderText {#text} at (0,0) size 203x17
          text run at (0,0) width 203: "This element has a class of zero."
      RenderBlock {P} at (0,190) size 769x17 [bgcolor=#C0C0C0]
        RenderText {#text} at (0,0) size 232x17
          text run at (0,0) width 232: "This element also has a class of zero."
      RenderBlock {P} at (0,255) size 769x34 [bgcolor=#00FFFF]
        RenderText {#text} at (0,0) size 759x34
          text run at (0,0) width 759: "This element should have a top margin of half an inch, which will require extra text in order to make sure that the margin"
          text run at (0,17) width 155: "isn't applied to each line."
      RenderBlock {P} at (0,314) size 769x34 [bgcolor=#00FFFF]
        RenderText {#text} at (0,0) size 742x34
          text run at (0,0) width 742: "This element should have a top margin of 25 pixels, which will require extra text in order to make sure that the margin"
          text run at (0,17) width 155: "isn't applied to each line."
      RenderBlock {P} at (0,428) size 769x34 [bgcolor=#00FFFF]
        RenderText {#text} at (0,0) size 745x34
          text run at (0,0) width 745: "This element should have a top margin of 5 em, which will require extra text in order to make sure that the margin isn't"
          text run at (0,17) width 126: "applied to each line."
      RenderBlock {P} at (0,654) size 769x35 [bgcolor=#00FFFF]
        RenderText {#text} at (0,0) size 753x34
          text run at (0,0) width 725: "This element should have a top margin of 25%, which is calculated with respect to the width of the parent element. "
          text run at (725,0) width 28: "This"
          text run at (0,17) width 232: "will require extra text in order to test."
      RenderBlock {UL} at (0,713) size 769x94 [bgcolor=#00FFFF]
        RenderListItem {LI} at (40,0) size 729x17
          RenderListMarker at (-17,0) size 7x17: bullet
          RenderText {#text} at (0,0) size 400x17
            text run at (0,0) width 400: "This list has a margin-top of 25px, and a light blue background."
        RenderListItem {LI} at (40,17) size 729x17
          RenderListMarker at (-17,0) size 7x17: bullet
          RenderText {#text} at (0,0) size 264x17
            text run at (0,0) width 264: "Therefore, it ought to have such a margin."
        RenderListItem {LI} at (40,59) size 729x17
          RenderListMarker at (-17,0) size 7x17: bullet
          RenderText {#text} at (0,0) size 567x17
            text run at (0,0) width 567: "This list item has a top margin of 25px, which should cause it to be offset in some fashion."
        RenderListItem {LI} at (40,76) size 729x17
          RenderListMarker at (-17,0) size 7x17: bullet
          RenderText {#text} at (0,0) size 294x17
            text run at (0,0) width 294: "This list item has no special styles applied to it."
      RenderBlock {P} at (0,806) size 769x18 [bgcolor=#C0C0C0]
        RenderText {#text} at (0,0) size 203x17
          text run at (0,0) width 203: "This element has a class of zero."
      RenderBlock {P} at (0,813) size 769x52 [bgcolor=#00FFFF]
        RenderText {#text} at (0,0) size 766x51
          text run at (0,0) width 766: "This element has a top margin of -10px, which should cause it to be shifted \"upward\" on the page, and no bottom margin."
          text run at (0,17) width 488: "No other styles have been applied to it besides a light blue background color. "
          text run at (488,17) width 267: "In all other respects, the element should be"
          text run at (0,34) width 48: "normal."
      RenderTable {TABLE} at (0,864) size 769x721 [border: (1px outset #808080)]
        RenderTableSection {TBODY} at (1,1) size 767x719
          RenderTableRow {TR} at (0,0) size 767x25
            RenderTableCell {TD} at (0,0) size 767x25 [bgcolor=#C0C0C0] [border: (1px inset #808080)] [r=0 c=0 rs=1 cs=2]
              RenderInline {STRONG} at (0,0) size 163x17
                RenderText {#text} at (4,4) size 163x17
                  text run at (4,4) width 163: "TABLE Testing Section"
          RenderTableRow {TR} at (0,25) size 767x694
            RenderTableCell {TD} at (0,359) size 12x26 [bgcolor=#C0C0C0] [border: (1px inset #808080)] [r=1 c=0 rs=1 cs=1]
              RenderText {#text} at (4,3) size 4x18
                text run at (4,4) width 4: " "
            RenderTableCell {TD} at (12,25) size 755x694 [border: (1px inset #808080)] [r=1 c=1 rs=1 cs=1]
              RenderBlock {P} at (4,4) size 747x17 [bgcolor=#C0C0C0]
                RenderText {#text} at (0,0) size 203x17
                  text run at (0,0) width 203: "This element has a class of zero."
              RenderBlock {P} at (4,21) size 747x17 [bgcolor=#C0C0C0]
                RenderText {#text} at (0,0) size 232x17
                  text run at (0,0) width 232: "This element also has a class of zero."
              RenderBlock {P} at (4,86) size 747x34 [bgcolor=#00FFFF]
                RenderText {#text} at (0,0) size 711x34
                  text run at (0,0) width 711: "This element should have a top margin of half an inch, which will require extra text in order to make sure that the"
                  text run at (0,17) width 203: "margin isn't applied to each line."
              RenderBlock {P} at (4,145) size 747x34 [bgcolor=#00FFFF]
                RenderText {#text} at (0,0) size 742x34
                  text run at (0,0) width 742: "This element should have a top margin of 25 pixels, which will require extra text in order to make sure that the margin"
                  text run at (0,17) width 155: "isn't applied to each line."
              RenderBlock {P} at (4,259) size 747x34 [bgcolor=#00FFFF]
                RenderText {#text} at (0,0) size 745x34
                  text run at (0,0) width 745: "This element should have a top margin of 5 em, which will require extra text in order to make sure that the margin isn't"
                  text run at (0,17) width 126: "applied to each line."
              RenderBlock {P} at (4,479) size 747x35 [bgcolor=#00FFFF]
                RenderText {#text} at (0,0) size 721x34
                  text run at (0,0) width 721: "This element should have a top margin of 25%, which is calculated with respect to the width of the parent element."
                  text run at (0,17) width 264: "This will require extra text in order to test."
              RenderBlock {UL} at (4,538) size 747x94 [bgcolor=#00FFFF]
                RenderListItem {LI} at (40,0) size 707x17
                  RenderListMarker at (-17,0) size 7x17: bullet
                  RenderText {#text} at (0,0) size 400x17
                    text run at (0,0) width 400: "This list has a margin-top of 25px, and a light blue background."
                RenderListItem {LI} at (40,17) size 707x17
                  RenderListMarker at (-17,0) size 7x17: bullet
                  RenderText {#text} at (0,0) size 264x17
                    text run at (0,0) width 264: "Therefore, it ought to have such a margin."
                RenderListItem {LI} at (40,59) size 707x17
                  RenderListMarker at (-17,0) size 7x17: bullet
                  RenderText {#text} at (0,0) size 567x17
                    text run at (0,0) width 567: "This list item has a top margin of 25px, which should cause it to be offset in some fashion."
                RenderListItem {LI} at (40,76) size 707x17
                  RenderListMarker at (-17,0) size 7x17: bullet
                  RenderText {#text} at (0,0) size 294x17
                    text run at (0,0) width 294: "This list item has no special styles applied to it."
              RenderBlock {P} at (4,631) size 747x18 [bgcolor=#C0C0C0]
                RenderText {#text} at (0,0) size 203x17
                  text run at (0,0) width 203: "This element has a class of zero."
              RenderBlock {P} at (4,638) size 747x52 [bgcolor=#00FFFF]
                RenderText {#text} at (0,0) size 742x51
                  text run at (0,0) width 714: "This element has a top margin of -10px, which should cause it to be shifted \"upward\" on the page, and no bottom"
                  text run at (0,17) width 52: "margin. "
                  text run at (52,17) width 488: "No other styles have been applied to it besides a light blue background color. "
                  text run at (540,17) width 202: "In all other respects, the element"
                  text run at (0,34) width 113: "should be normal."
