layer at (0,0) size 785x1523
  RenderView at (0,0) size 785x600
layer at (0,0) size 785x1523
  RenderBlock {HTML} at (0,0) size 785x1523
    RenderBody {BODY} at (8,8) size 769x1507 [bgcolor=#CCCCCC]
      RenderBlock {P} at (0,0) size 769x17
        RenderText {#text} at (0,0) size 355x17
          text run at (0,0) width 355: "The style declarations which apply to the text below are:"
      RenderBlock {PRE} at (0,33) size 769x90
        RenderText {#text} at (0,0) size 432x90
          text run at (0,0) width 416: ".zero {background-color: silver; padding-bottom: 0;}"
          text run at (0,15) width 424: ".one {padding-bottom: 0.5in; background-color: aqua;}"
          text run at (0,30) width 416: ".two {padding-bottom: 25px; background-color: aqua;}"
          text run at (0,45) width 424: ".three {padding-bottom: 5em; background-color: aqua;}"
          text run at (0,60) width 416: ".four {padding-bottom: 25%; background-color: aqua;}"
          text run at (0,75) width 432: ".five {padding-bottom: -20px; background-color: aqua;}"
      RenderBlock {HR} at (0,136) size 769x2 [border: (1px inset #000000)]
      RenderBlock {P} at (0,154) size 769x17 [bgcolor=#C0C0C0]
        RenderText {#text} at (0,0) size 203x17
          text run at (0,0) width 203: "This element has a class of zero."
      RenderBlock {P} at (0,187) size 769x82 [bgcolor=#00FFFF]
        RenderText {#text} at (0,0) size 761x34
          text run at (0,0) width 657: "This element should have a bottom padding of half an inch, which will require extra text in order to test. "
          text run at (657,0) width 104: "Both the content"
          text run at (0,17) width 356: "background and the padding should be aqua (light blue)."
      RenderBlock {P} at (0,285) size 769x59 [bgcolor=#00FFFF]
        RenderText {#text} at (0,0) size 744x34
          text run at (0,0) width 640: "This element should have a bottom padding of 25 pixels, which will require extra text in order to test. "
          text run at (640,0) width 104: "Both the content"
          text run at (0,17) width 356: "background and the padding should be aqua (light blue)."
      RenderBlock {P} at (0,360) size 769x114 [bgcolor=#00FFFF]
        RenderText {#text} at (0,0) size 718x34
          text run at (0,0) width 614: "This element should have a bottom padding of 5 em, which will require extra text in order to test. "
          text run at (614,0) width 104: "Both the content"
          text run at (0,17) width 356: "background and the padding should be aqua (light blue)."
      RenderBlock {P} at (0,490) size 769x227 [bgcolor=#00FFFF]
        RenderText {#text} at (0,0) size 752x34
          text run at (0,0) width 752: "This element should have a bottom padding of 25%, which is calculated with respect to the width of the parent element."
          text run at (0,17) width 268: "This will require extra text in order to test. "
          text run at (268,17) width 464: "Both the content background and the padding should be aqua (light blue)."
      RenderBlock {P} at (0,732) size 769x18 [bgcolor=#C0C0C0]
        RenderText {#text} at (0,0) size 203x17
          text run at (0,0) width 203: "This element has a class of zero."
      RenderBlock {P} at (0,765) size 769x35 [bgcolor=#00FFFF]
        RenderText {#text} at (0,0) size 693x34
          text run at (0,0) width 589: "This element should have no bottom padding, since negative padding values are not allowed. "
          text run at (589,0) width 104: "Both the content"
          text run at (0,17) width 404: "background and the normal padding should be aqua (light blue)."
      RenderTable {TABLE} at (0,815) size 769x692 [border: (1px outset #808080)]
        RenderTableSection {TBODY} at (1,1) size 767x690
          RenderTableRow {TR} at (0,0) size 767x25
            RenderTableCell {TD} at (0,0) size 767x25 [bgcolor=#C0C0C0] [border: (1px inset #808080)] [r=0 c=0 rs=1 cs=2]
              RenderInline {STRONG} at (0,0) size 163x17
                RenderText {#text} at (4,4) size 163x17
                  text run at (4,4) width 163: "TABLE Testing Section"
          RenderTableRow {TR} at (0,25) size 767x665
            RenderTableCell {TD} at (0,344) size 12x26 [bgcolor=#C0C0C0] [border: (1px inset #808080)] [r=1 c=0 rs=1 cs=1]
              RenderText {#text} at (4,4) size 4x18
                text run at (4,5) width 4: " "
            RenderTableCell {TD} at (12,25) size 755x665 [border: (1px inset #808080)] [r=1 c=1 rs=1 cs=1]
              RenderBlock {P} at (4,4) size 747x17 [bgcolor=#C0C0C0]
                RenderText {#text} at (0,0) size 203x17
                  text run at (0,0) width 203: "This element has a class of zero."
              RenderBlock {P} at (4,37) size 747x82 [bgcolor=#00FFFF]
                RenderText {#text} at (0,0) size 711x34
                  text run at (0,0) width 657: "This element should have a bottom padding of half an inch, which will require extra text in order to test. "
                  text run at (657,0) width 54: "Both the"
                  text run at (0,17) width 406: "content background and the padding should be aqua (light blue)."
              RenderBlock {P} at (4,135) size 747x59 [bgcolor=#00FFFF]
                RenderText {#text} at (0,0) size 744x34
                  text run at (0,0) width 640: "This element should have a bottom padding of 25 pixels, which will require extra text in order to test. "
                  text run at (640,0) width 104: "Both the content"
                  text run at (0,17) width 356: "background and the padding should be aqua (light blue)."
              RenderBlock {P} at (4,210) size 747x114 [bgcolor=#00FFFF]
                RenderText {#text} at (0,0) size 718x34
                  text run at (0,0) width 614: "This element should have a bottom padding of 5 em, which will require extra text in order to test. "
                  text run at (614,0) width 104: "Both the content"
                  text run at (0,17) width 356: "background and the padding should be aqua (light blue)."
              RenderBlock {P} at (4,340) size 747x238 [bgcolor=#00FFFF]
                RenderText {#text} at (0,0) size 712x51
                  text run at (0,0) width 695: "This element should have a bottom padding of 25%, which is calculated with respect to the width of the parent"
                  text run at (0,17) width 57: "element. "
                  text run at (57,17) width 268: "This will require extra text in order to test. "
                  text run at (325,17) width 387: "Both the content background and the padding should be aqua"
                  text run at (0,34) width 73: "(light blue)."
              RenderBlock {P} at (4,593) size 747x18 [bgcolor=#C0C0C0]
                RenderText {#text} at (0,0) size 203x17
                  text run at (0,0) width 203: "This element has a class of zero."
              RenderBlock {P} at (4,626) size 747x35 [bgcolor=#00FFFF]
                RenderText {#text} at (0,0) size 693x34
                  text run at (0,0) width 589: "This element should have no bottom padding, since negative padding values are not allowed. "
                  text run at (589,0) width 104: "Both the content"
                  text run at (0,17) width 404: "background and the normal padding should be aqua (light blue)."
