layer at (0,0) size 785x1440
  RenderView at (0,0) size 785x600
layer at (0,0) size 785x1440
  RenderBlock {HTML} at (0,0) size 785x1440
    RenderBody {BODY} at (8,8) size 769x1424 [bgcolor=#CCCCCC]
      RenderBlock {P} at (0,0) size 769x17
        RenderText {#text} at (0,0) size 355x17
          text run at (0,0) width 355: "The style declarations which apply to the text below are:"
      RenderBlock {PRE} at (0,33) size 769x90
        RenderText {#text} at (0,0) size 408x90
          text run at (0,0) width 392: ".zero {background-color: silver; padding-top: 0;}"
          text run at (0,15) width 400: ".one {padding-top: 0.5in; background-color: aqua;}"
          text run at (0,30) width 392: ".two {padding-top: 25px; background-color: aqua;}"
          text run at (0,45) width 400: ".three {padding-top: 5em; background-color: aqua;}"
          text run at (0,60) width 392: ".four {padding-top: 25%; background-color: aqua;}"
          text run at (0,75) width 408: ".five {padding-top: -20px; background-color: aqua;}"
      RenderBlock {HR} at (0,136) size 769x2 [border: (1px inset #000000)]
      RenderBlock {P} at (0,154) size 769x17 [bgcolor=#C0C0C0]
        RenderText {#text} at (0,0) size 203x17
          text run at (0,0) width 203: "This element has a class of zero."
      RenderBlock {P} at (0,187) size 769x82 [bgcolor=#00FFFF]
        RenderText {#text} at (0,48) size 737x34
          text run at (0,48) width 633: "This element should have a top padding of half an inch, which will require extra text in order to test. "
          text run at (633,48) width 104: "Both the content"
          text run at (0,65) width 356: "background and the padding should be aqua (light blue)."
      RenderBlock {P} at (0,285) size 769x59 [bgcolor=#00FFFF]
        RenderText {#text} at (0,25) size 720x34
          text run at (0,25) width 616: "This element should have a top padding of 25 pixels, which will require extra text in order to test. "
          text run at (616,25) width 104: "Both the content"
          text run at (0,42) width 356: "background and the padding should be aqua (light blue)."
      RenderBlock {P} at (0,360) size 769x114 [bgcolor=#00FFFF]
        RenderText {#text} at (0,80) size 694x34
          text run at (0,80) width 590: "This element should have a top padding of 5 em, which will require extra text in order to test. "
          text run at (590,80) width 104: "Both the content"
          text run at (0,97) width 356: "background and the padding should be aqua (light blue)."
      RenderBlock {P} at (0,490) size 769x227 [bgcolor=#00FFFF]
        RenderText {#text} at (0,192) size 763x34
          text run at (0,192) width 732: "This element should have a top padding of 25%, which is calculated with respect to the width of the parent element. "
          text run at (732,192) width 31: "Both"
          text run at (0,209) width 433: "the content background and the padding should be aqua (light blue). "
          text run at (433,209) width 264: "This will require extra text in order to test."
      RenderBlock {P} at (0,732) size 769x35 [bgcolor=#00FFFF]
        RenderText {#text} at (0,0) size 748x34
          text run at (0,0) width 565: "This element should have no top padding, since negative padding values are not allowed. "
          text run at (565,0) width 183: "Both the content background"
          text run at (0,17) width 325: "and the normal padding should be aqua (light blue)."
      RenderTable {TABLE} at (0,782) size 769x642 [border: (1px outset #808080)]
        RenderTableSection {TBODY} at (1,1) size 767x640
          RenderTableRow {TR} at (0,0) size 767x25
            RenderTableCell {TD} at (0,0) size 767x25 [bgcolor=#C0C0C0] [border: (1px inset #808080)] [r=0 c=0 rs=1 cs=2]
              RenderInline {STRONG} at (0,0) size 163x17
                RenderText {#text} at (4,4) size 163x17
                  text run at (4,4) width 163: "TABLE Testing Section"
          RenderTableRow {TR} at (0,25) size 767x615
            RenderTableCell {TD} at (0,319) size 12x26 [bgcolor=#C0C0C0] [border: (1px inset #808080)] [r=1 c=0 rs=1 cs=1]
              RenderText {#text} at (4,4) size 4x18
                text run at (4,5) width 4: " "
            RenderTableCell {TD} at (12,25) size 755x615 [border: (1px inset #808080)] [r=1 c=1 rs=1 cs=1]
              RenderBlock {P} at (4,4) size 747x17 [bgcolor=#C0C0C0]
                RenderText {#text} at (0,0) size 203x17
                  text run at (0,0) width 203: "This element has a class of zero."
              RenderBlock {P} at (4,37) size 747x82 [bgcolor=#00FFFF]
                RenderText {#text} at (0,48) size 737x34
                  text run at (0,48) width 633: "This element should have a top padding of half an inch, which will require extra text in order to test. "
                  text run at (633,48) width 104: "Both the content"
                  text run at (0,65) width 356: "background and the padding should be aqua (light blue)."
              RenderBlock {P} at (4,135) size 747x59 [bgcolor=#00FFFF]
                RenderText {#text} at (0,25) size 720x34
                  text run at (0,25) width 616: "This element should have a top padding of 25 pixels, which will require extra text in order to test. "
                  text run at (616,25) width 104: "Both the content"
                  text run at (0,42) width 356: "background and the padding should be aqua (light blue)."
              RenderBlock {P} at (4,210) size 747x114 [bgcolor=#00FFFF]
                RenderText {#text} at (0,80) size 694x34
                  text run at (0,80) width 590: "This element should have a top padding of 5 em, which will require extra text in order to test. "
                  text run at (590,80) width 104: "Both the content"
                  text run at (0,97) width 356: "background and the padding should be aqua (light blue)."
              RenderBlock {P} at (4,340) size 747x221 [bgcolor=#00FFFF]
                RenderText {#text} at (0,187) size 732x34
                  text run at (0,187) width 728: "This element should have a top padding of 25%, which is calculated with respect to the width of the parent element."
                  text run at (0,204) width 468: "Both the content background and the padding should be aqua (light blue). "
                  text run at (468,204) width 264: "This will require extra text in order to test."
              RenderBlock {P} at (4,576) size 747x35 [bgcolor=#00FFFF]
                RenderText {#text} at (0,0) size 669x34
                  text run at (0,0) width 565: "This element should have no top padding, since negative padding values are not allowed. "
                  text run at (565,0) width 104: "Both the content"
                  text run at (0,17) width 404: "background and the normal padding should be aqua (light blue)."
