layer at (0,0) size 800x600
  RenderView at (0,0) size 800x600
layer at (0,0) size 800x115
  RenderBlock {HTML} at (0,0) size 800x115
    RenderBody {BODY} at (8,16) size 784x83
      RenderBlock {P} at (0,0) size 784x17 [bgcolor=#00FF00]
        RenderText {#text} at (0,0) size 308x17
          text run at (0,0) width 308: "This paragraph should have a green background."
      RenderBlock {DIV} at (0,33) size 784x50
        RenderBlock (anonymous) at (0,0) size 784x17
          RenderText {#text} at (0,0) size 238x17
            text run at (0,0) width 238: "This div contains only one paragraph."
        RenderBlock {P} at (0,33) size 784x17
          RenderText {#text} at (0,0) size 221x17
            text run at (0,0) width 221: "This paragraph should be unstyled."
