layer at (0,0) size 800x600
  RenderView at (0,0) size 800x600
layer at (0,0) size 800x144
  RenderBlock {HTML} at (0,0) size 800x144
    RenderBody {BODY} at (8,16) size 784x120
      RenderBlock {P} at (0,0) size 784x17 [bgcolor=#00FF00]
        RenderText {#text} at (0,0) size 268x17
          text run at (0,0) width 268: "This line should have a green background."
      RenderBlock {P} at (0,33) size 784x48 [bgcolor=#00FF00]
        RenderText {#text} at (0,0) size 692x17
          text run at (0,0) width 692: "UAs may render the following element as a pop up menu. If so, please ensure the menu is unstyled (or green)."
        RenderMenuList {SELECT} at (2,19) size 120x27 [border: (1px solid #000000)]
          RenderBlock (anonymous) at (1,1) size 118x25
            RenderText at (4,4) size 83x17
              text run at (4,4) width 83: "This should"
        RenderText {#text} at (0,0) size 0x0
      RenderTable {TABLE} at (0,97) size 429x23 [bgcolor=#00FF00]
        RenderTableSection {TBODY} at (0,0) size 429x23
          RenderTableRow {TR} at (0,2) size 429x19
            RenderTableCell {TD} at (2,2) size 425x19 [r=0 c=0 rs=1 cs=1]
              RenderText {#text} at (1,1) size 423x17
                text run at (1,1) width 423: "This line should have a green background (or it might be unstyled)."
