layer at (0,0) size 800x600
  RenderView at (0,0) size 800x600
layer at (0,0) size 800x115
  RenderBlock {HTML} at (0,0) size 800x115
    RenderBody {BODY} at (8,16) size 784x83
      RenderBlock {DIV} at (0,0) size 784x83
        RenderBlock {P} at (0,0) size 784x17 [color=#00FF00]
          RenderText {#text} at (0,0) size 286x17
            text run at (0,0) width 286: "This paragraph should be in green characters."
        RenderBlock {P} at (0,33) size 784x17 [color=#00FF00]
          RenderText {#text} at (0,0) size 286x17
            text run at (0,0) width 286: "This paragraph should be in green characters."
        RenderBlock {P} at (0,66) size 784x17 [color=#FF0000]
          RenderInline {SPAN} at (0,0) size 286x17 [color=#00FF00]
            RenderText {#text} at (0,0) size 286x17
              text run at (0,0) width 286: "This paragraph should be in green characters."
          RenderText {#text} at (0,0) size 0x0
