layer at (0,0) size 785x608
  RenderView at (0,0) size 785x600
layer at (0,0) size 785x608
  RenderBlock {HTML} at (0,0) size 785x608
    RenderBody {BODY} at (8,16) size 769x584
      RenderBlock {P} at (0,0) size 769x18
        RenderText {#text} at (0,0) size 695x17
          text run at (0,0) width 486: "Verify that the alignment and writing direction of each selected item matches "
          text run at (486,0) width 209: "the one below the pop-up button."
      RenderBlock {DIV} at (0,34) size 769x274
        RenderMenuList {SELECT} at (0,0) size 500x30 [color=#2E3436] [bgcolor=#FFFFFF] [border: (1px solid #2E3436)]
          RenderBlock (anonymous) at (1,1) size 498x28
            RenderText at (9,5) size 181x17
              text run at (9,5) width 35: "First "
              text run at (44,5) width 56 RTL: ") \x{5E8}\x{5D1}\x{5D9}\x{5E2}\x{5D9}\x{5EA}"
              text run at (100,5) width 18: "03"
              text run at (118,5) width 43 RTL: "\x{5E9}\x{5E0}\x{5D9}\x{5D4} ("
              text run at (161,5) width 29: " fifth"
        RenderBlock {DIV} at (0,32) size 470x35
          RenderText {#text} at (10,10) size 155x15
            text run at (10,10) width 30: "First "
            text run at (40,10) width 48 RTL: ") \x{5E8}\x{5D1}\x{5D9}\x{5E2}\x{5D9}\x{5EA}"
            text run at (88,10) width 14: "03"
            text run at (102,10) width 37 RTL: "\x{5E9}\x{5E0}\x{5D9}\x{5D4} ("
            text run at (139,10) width 26: " fifth"
        RenderMenuList {SELECT} at (0,69) size 500x30 [color=#2E3436] [bgcolor=#FFFFFF] [border: (1px solid #2E3436)]
          RenderBlock (anonymous) at (1,1) size 498x28
            RenderText at (9,5) size 181x17
              text run at (9,5) width 25: "fifth"
              text run at (34,5) width 60 RTL: ") \x{5E8}\x{5D1}\x{5D9}\x{5E2}\x{5D9}\x{5EA} "
              text run at (94,5) width 18: "03"
              text run at (112,5) width 47 RTL: " \x{5E9}\x{5E0}\x{5D9}\x{5D4} ("
              text run at (159,5) width 31: "First"
        RenderBlock {DIV} at (0,101) size 470x35
          RenderText {#text} at (10,10) size 155x15
            text run at (10,10) width 22: "fifth"
            text run at (32,10) width 52 RTL: ") \x{5E8}\x{5D1}\x{5D9}\x{5E2}\x{5D9}\x{5EA} "
            text run at (84,10) width 14: "03"
            text run at (98,10) width 41 RTL: " \x{5E9}\x{5E0}\x{5D9}\x{5D4} ("
            text run at (139,10) width 26: "First"
        RenderMenuList {SELECT} at (0,138) size 500x30 [color=#2E3436] [bgcolor=#FFFFFF] [border: (1px solid #2E3436)]
          RenderBlock (anonymous) at (1,1) size 498x28
            RenderText at (9,5) size 181x17
              text run at (9,5) width 181 LTR override: "First \x{5E9}\x{5E0}\x{5D9}\x{5D4} (03) \x{5E8}\x{5D1}\x{5D9}\x{5E2}\x{5D9}\x{5EA} fifth"
        RenderBlock {DIV} at (0,170) size 470x35
          RenderText {#text} at (10,10) size 155x15
            text run at (10,10) width 155 LTR override: "First \x{5E9}\x{5E0}\x{5D9}\x{5D4} (03) \x{5E8}\x{5D1}\x{5D9}\x{5E2}\x{5D9}\x{5EA} fifth"
        RenderMenuList {SELECT} at (0,207) size 500x30 [color=#2E3436] [bgcolor=#FFFFFF] [border: (1px solid #2E3436)]
          RenderBlock (anonymous) at (1,1) size 498x28
            RenderText at (9,5) size 181x17
              text run at (9,5) width 181 RTL override: "First \x{5E9}\x{5E0}\x{5D9}\x{5D4} (03) \x{5E8}\x{5D1}\x{5D9}\x{5E2}\x{5D9}\x{5EA} fifth"
        RenderBlock {DIV} at (0,239) size 470x35
          RenderText {#text} at (10,10) size 155x15
            text run at (10,10) width 155 RTL override: "First \x{5E9}\x{5E0}\x{5D9}\x{5D4} (03) \x{5E8}\x{5D1}\x{5D9}\x{5E2}\x{5D9}\x{5EA} fifth"
      RenderBlock {DIV} at (0,310) size 769x274
        RenderMenuList {SELECT} at (0,0) size 500x30 [color=#2E3436] [bgcolor=#FFFFFF] [border: (1px solid #2E3436)]
          RenderBlock (anonymous) at (1,1) size 498x28
            RenderText at (308,5) size 181x17
              text run at (308,5) width 35: "First "
              text run at (343,5) width 56 RTL: ") \x{5E8}\x{5D1}\x{5D9}\x{5E2}\x{5D9}\x{5EA}"
              text run at (399,5) width 18: "03"
              text run at (417,5) width 43 RTL: "\x{5E9}\x{5E0}\x{5D9}\x{5D4} ("
              text run at (460,5) width 29: " fifth"
        RenderBlock {DIV} at (0,32) size 470x35
          RenderText {#text} at (305,10) size 155x15
            text run at (305,10) width 30: "First "
            text run at (335,10) width 48 RTL: ") \x{5E8}\x{5D1}\x{5D9}\x{5E2}\x{5D9}\x{5EA}"
            text run at (383,10) width 14: "03"
            text run at (397,10) width 37 RTL: "\x{5E9}\x{5E0}\x{5D9}\x{5D4} ("
            text run at (434,10) width 26: " fifth"
        RenderMenuList {SELECT} at (0,69) size 500x30 [color=#2E3436] [bgcolor=#FFFFFF] [border: (1px solid #2E3436)]
          RenderBlock (anonymous) at (1,1) size 498x28
            RenderText at (308,5) size 181x17
              text run at (308,5) width 25: "fifth"
              text run at (333,5) width 60 RTL: ") \x{5E8}\x{5D1}\x{5D9}\x{5E2}\x{5D9}\x{5EA} "
              text run at (393,5) width 18: "03"
              text run at (411,5) width 47 RTL: " \x{5E9}\x{5E0}\x{5D9}\x{5D4} ("
              text run at (458,5) width 31: "First"
        RenderBlock {DIV} at (0,101) size 470x35
          RenderText {#text} at (305,10) size 155x15
            text run at (305,10) width 22: "fifth"
            text run at (327,10) width 52 RTL: ") \x{5E8}\x{5D1}\x{5D9}\x{5E2}\x{5D9}\x{5EA} "
            text run at (379,10) width 14: "03"
            text run at (393,10) width 41 RTL: " \x{5E9}\x{5E0}\x{5D9}\x{5D4} ("
            text run at (434,10) width 26: "First"
        RenderMenuList {SELECT} at (0,138) size 500x30 [color=#2E3436] [bgcolor=#FFFFFF] [border: (1px solid #2E3436)]
          RenderBlock (anonymous) at (1,1) size 498x28
            RenderText at (308,5) size 181x17
              text run at (308,5) width 181 LTR override: "First \x{5E9}\x{5E0}\x{5D9}\x{5D4} (03) \x{5E8}\x{5D1}\x{5D9}\x{5E2}\x{5D9}\x{5EA} fifth"
        RenderBlock {DIV} at (0,170) size 470x35
          RenderText {#text} at (305,10) size 155x15
            text run at (305,10) width 155 LTR override: "First \x{5E9}\x{5E0}\x{5D9}\x{5D4} (03) \x{5E8}\x{5D1}\x{5D9}\x{5E2}\x{5D9}\x{5EA} fifth"
        RenderMenuList {SELECT} at (0,207) size 500x30 [color=#2E3436] [bgcolor=#FFFFFF] [border: (1px solid #2E3436)]
          RenderBlock (anonymous) at (1,1) size 498x28
            RenderText at (308,5) size 181x17
              text run at (308,5) width 181 RTL override: "First \x{5E9}\x{5E0}\x{5D9}\x{5D4} (03) \x{5E8}\x{5D1}\x{5D9}\x{5E2}\x{5D9}\x{5EA} fifth"
        RenderBlock {DIV} at (0,239) size 470x35
          RenderText {#text} at (305,10) size 155x15
            text run at (305,10) width 155 RTL override: "First \x{5E9}\x{5E0}\x{5D9}\x{5D4} (03) \x{5E8}\x{5D1}\x{5D9}\x{5E2}\x{5D9}\x{5EA} fifth"
