layer at (0,0) size 800x600
  RenderView at (0,0) size 800x600
layer at (0,0) size 800x600
  RenderBlock {HTML} at (0,0) size 800x600
    RenderBody {BODY} at (8,8) size 784x576
      RenderBlock {P} at (0,0) size 784x17
        RenderText {#text} at (0,0) size 509x17
          text run at (0,0) width 509: "Tests that CSS-generated :before or :after content doesn't intrude into ruby bases."
      RenderBlock {P} at (0,33) size 784x0
      RenderBlock (anonymous) at (0,33) size 784x26
        RenderText {#text} at (0,9) size 29x17
          text run at (0,9) width 29: "Foo "
        RenderRuby (inline) {RUBY} at (0,0) size 70x17
          RenderInline (generated) at (0,0) size 50x17
            RenderText at (29,9) size 50x17
              text run at (29,9) width 50: "[before]"
          RenderRubyRun (anonymous) at (75,9) size 28x17
            RenderRubyText {RT} at (0,-9) size 28x9
              RenderText {#text} at (0,0) size 28x9
                text run at (0,0) width 28: "long text"
            RenderRubyBase (anonymous) at (0,0) size 28x17
              RenderText {#text} at (10,0) size 8x17
                text run at (10,0) width 8: "b"
        RenderText {#text} at (99,9) size 27x17
          text run at (99,9) width 27: " Bar"
        RenderBR {BR} at (126,23) size 0x0
      RenderBlock {P} at (0,75) size 784x0
      RenderBlock {P} at (0,75) size 784x0
      RenderBlock (anonymous) at (0,75) size 784x26
        RenderText {#text} at (0,9) size 29x17
          text run at (0,9) width 29: "Foo "
        RenderRuby (inline) {RUBY} at (0,0) size 58x17
          RenderRubyRun (anonymous) at (25,9) size 28x17
            RenderRubyText {RT} at (0,-9) size 28x9
              RenderText {#text} at (0,0) size 28x9
                text run at (0,0) width 28: "long text"
            RenderRubyBase (anonymous) at (0,0) size 28x17
              RenderText {#text} at (10,0) size 8x17
                text run at (10,0) width 8: "b"
          RenderInline (generated) at (0,0) size 38x17
            RenderText at (49,9) size 38x17
              text run at (49,9) width 38: "[after]"
        RenderText {#text} at (87,9) size 27x17
          text run at (87,9) width 27: " Bar"
        RenderBR {BR} at (114,23) size 0x0
      RenderBlock {P} at (0,117) size 784x0
      RenderBlock {P} at (0,117) size 784x0
      RenderBlock (anonymous) at (0,117) size 784x26
        RenderText {#text} at (0,9) size 29x17
          text run at (0,9) width 29: "Foo "
        RenderRuby (inline) {RUBY} at (0,0) size 108x17
          RenderInline (generated) at (0,0) size 50x17
            RenderText at (29,9) size 50x17
              text run at (29,9) width 50: "[before]"
          RenderRubyRun (anonymous) at (75,9) size 28x17
            RenderRubyText {RT} at (0,-9) size 28x9
              RenderText {#text} at (0,0) size 28x9
                text run at (0,0) width 28: "long text"
            RenderRubyBase (anonymous) at (0,0) size 28x17
              RenderText {#text} at (10,0) size 8x17
                text run at (10,0) width 8: "b"
          RenderInline (generated) at (0,0) size 38x17
            RenderText at (99,9) size 38x17
              text run at (99,9) width 38: "[after]"
        RenderText {#text} at (137,9) size 27x17
          text run at (137,9) width 27: " Bar"
        RenderBR {BR} at (164,23) size 0x0
      RenderBlock {P} at (0,159) size 784x0
