layer at (0,0) size 800x600
  RenderView at (0,0) size 800x600
layer at (0,0) size 800x600
  RenderBlock {HTML} at (0,0) size 800x600
    RenderBody {BODY} at (8,8) size 784x576
      RenderBlock (anonymous) at (0,0) size 784x34
        RenderText {#text} at (0,0) size 227x17
          text run at (0,0) width 227: "This is a test for multiple ruby runs. "
        RenderBR {BR} at (227,14) size 0x0
        RenderBR {BR} at (0,17) size 0x17
      RenderBlock {P} at (0,50) size 784x26
        RenderText {#text} at (0,9) size 155x17
          text run at (0,9) width 155: "<ruby> is defined in the "
        RenderRuby (inline) {RUBY} at (0,0) size 112x17
          RenderRubyRun (anonymous) at (151,9) size 21x17
            RenderRubyText {RT} at (0,-9) size 21x9
              RenderText {#text} at (0,0) size 21x9
                text run at (0,0) width 21: "Hyper"
            RenderRubyBase (anonymous) at (0,0) size 21x17
              RenderText {#text} at (4,0) size 13x17
                text run at (4,0) width 13: "H"
          RenderRubyRun (anonymous) at (172,9) size 15x17
            RenderRubyText {RT} at (0,-9) size 15x9
              RenderText {#text} at (0,0) size 15x9
                text run at (0,0) width 15: "Text"
            RenderRubyBase (anonymous) at (0,0) size 15x17
              RenderText {#text} at (2,0) size 11x17
                text run at (2,0) width 11: "T"
          RenderRubyRun (anonymous) at (187,9) size 26x17
            RenderRubyText {RT} at (0,-9) size 26x9
              RenderText {#text} at (0,0) size 26x9
                text run at (0,0) width 26: "Markup"
            RenderRubyBase (anonymous) at (0,0) size 26x17
              RenderText {#text} at (6,0) size 14x17
                text run at (6,0) width 14: "M"
          RenderRubyRun (anonymous) at (213,9) size 33x17
            RenderRubyText {RT} at (0,-9) size 33x9
              RenderText {#text} at (0,0) size 33x9
                text run at (0,0) width 33: "Language"
            RenderRubyBase (anonymous) at (0,0) size 33x17
              RenderText {#text} at (11,0) size 11x17
                text run at (11,0) width 11: "L"
          RenderRubyRun (anonymous) at (246,9) size 25x17
            RenderRubyText {RT} at (0,-9) size 25x9
              RenderText {#text} at (0,0) size 25x9
                text run at (0,0) width 25: "Level 5"
            RenderRubyBase (anonymous) at (0,0) size 25x17
              RenderText {#text} at (8,0) size 9x17
                text run at (8,0) width 9: "5"
        RenderText {#text} at (267,9) size 42x17
          text run at (267,9) width 42: " specs."
