layer at (0,0) size 800x600
  RenderView at (0,0) size 800x600
layer at (0,0) size 800x600
  RenderBlock {HTML} at (0,0) size 800x600
    RenderBody {BODY} at (8,8) size 784x584
      RenderText {#text} at (0,0) size 773x34
        text run at (0,0) width 773: "This is a initial test for simple ruby. There should be 2 ruby annotations on below line, one with a ruby text shorter than the"
        text run at (0,17) width 36: "base, "
        text run at (36,17) width 291: "and one with a ruby text longer than the base. "
      RenderBR {BR} at (327,31) size 0x0
      RenderBR {BR} at (0,34) size 0x17
      RenderText {#text} at (0,60) size 155x17
        text run at (0,60) width 155: "<ruby> is defined in the "
      RenderRuby (inline) {RUBY} at (0,0) size 184x17
        RenderRubyRun (anonymous) at (155,60) size 184x17
          RenderRubyText {RT} at (0,-9) size 184x9
            RenderText {#text} at (78,0) size 28x9
              text run at (78,0) width 28: "HTML5"
          RenderRubyBase (anonymous) at (0,0) size 184x17
            RenderText {#text} at (0,0) size 184x17
              text run at (0,0) width 184: "Hypertext Markup Language"
      RenderText {#text} at (339,60) size 31x17
        text run at (339,60) width 31: " and "
      RenderRuby (inline) {RUBY} at (0,0) size 67x17
        RenderRubyRun (anonymous) at (366,60) size 75x17
          RenderRubyText {RT} at (0,-9) size 75x9
            RenderText {#text} at (0,0) size 75x9
              text run at (0,0) width 75: "Cascading Style Sheets"
          RenderRubyBase (anonymous) at (0,0) size 75x17
            RenderText {#text} at (19,0) size 37x17
              text run at (19,0) width 37: "CSS3"
      RenderText {#text} at (437,60) size 42x17
        text run at (437,60) width 42: " specs."
