layer at (0,0) size 800x1208
  RenderView at (0,0) size 800x600
layer at (0,0) size 800x600
  RenderBlock {HTML} at (0,0) size 800x600
    RenderBody {BODY} at (8,8) size 784x1200
layer at (388,8) size 404x1200
  RenderBlock {DIV} at (0,0) size 404x1200 [border: (2px solid #000000)]
    RenderMultiColumnSet at (2,2) size 400x1196
layer at (-210,10) size 1000x388 backgroundClip at (0,0) size 800x1208 clip at (0,0) size 800x1208
  RenderMultiColumnFlowThread at (2,2) size 1000x388
    RenderText {#text} at (0,0) size 19x113
      text run at (0,0) width 113: "This is some text."
    RenderBR {BR} at (15,112) size 0x1
    RenderText {#text} at (20,0) size 19x113
      text run at (20,0) width 113: "This is some text."
    RenderBR {BR} at (35,112) size 0x1
    RenderText {#text} at (40,0) size 19x113
      text run at (40,0) width 113: "This is some text."
    RenderBR {BR} at (55,112) size 0x1
    RenderText {#text} at (60,0) size 19x113
      text run at (60,0) width 113: "This is some text."
    RenderBR {BR} at (75,112) size 0x1
    RenderText {#text} at (80,0) size 19x113
      text run at (80,0) width 113: "This is some text."
    RenderBR {BR} at (95,112) size 0x1
    RenderText {#text} at (100,0) size 19x113
      text run at (100,0) width 113: "This is some text."
    RenderBR {BR} at (115,112) size 0x1
    RenderText {#text} at (120,0) size 19x113
      text run at (120,0) width 113: "This is some text."
    RenderBR {BR} at (135,112) size 0x1
    RenderText {#text} at (140,0) size 19x113
      text run at (140,0) width 113: "This is some text."
    RenderBR {BR} at (155,112) size 0x1
    RenderText {#text} at (160,0) size 19x113
      text run at (160,0) width 113: "This is some text."
    RenderBR {BR} at (175,112) size 0x1
    RenderText {#text} at (180,0) size 19x113
      text run at (180,0) width 113: "This is some text."
    RenderBR {BR} at (195,112) size 0x1
    RenderImage {IMG} at (400,0) size 300x250 [bgcolor=#008000]
    RenderText {#text} at (400,250) size 19x113
      text run at (400,250) width 113: "This is some text."
    RenderBR {BR} at (415,362) size 0x1
    RenderText {#text} at (420,250) size 19x113
      text run at (420,250) width 113: "This is some text."
    RenderBR {BR} at (435,362) size 0x1
    RenderText {#text} at (440,250) size 19x113
      text run at (440,250) width 113: "This is some text."
    RenderBR {BR} at (455,362) size 0x1
    RenderText {#text} at (460,250) size 19x113
      text run at (460,250) width 113: "This is some text."
    RenderBR {BR} at (475,362) size 0x1
    RenderText {#text} at (480,250) size 19x113
      text run at (480,250) width 113: "This is some text."
    RenderBR {BR} at (495,362) size 0x1
    RenderText {#text} at (500,250) size 19x113
      text run at (500,250) width 113: "This is some text."
    RenderBR {BR} at (515,362) size 0x1
    RenderText {#text} at (520,250) size 19x113
      text run at (520,250) width 113: "This is some text."
    RenderBR {BR} at (535,362) size 0x1
    RenderText {#text} at (540,250) size 19x113
      text run at (540,250) width 113: "This is some text."
    RenderBR {BR} at (555,362) size 0x1
    RenderText {#text} at (560,250) size 19x113
      text run at (560,250) width 113: "This is some text."
    RenderBR {BR} at (575,362) size 0x1
    RenderText {#text} at (580,250) size 19x113
      text run at (580,250) width 113: "This is some text."
    RenderBR {BR} at (595,362) size 0x1
    RenderText {#text} at (600,250) size 19x113
      text run at (600,250) width 113: "This is some text."
    RenderBR {BR} at (615,362) size 0x1
    RenderText {#text} at (620,250) size 19x113
      text run at (620,250) width 113: "This is some text."
    RenderBR {BR} at (635,362) size 0x1
    RenderText {#text} at (640,250) size 19x113
      text run at (640,250) width 113: "This is some text."
    RenderBR {BR} at (655,362) size 0x1
    RenderText {#text} at (660,250) size 19x113
      text run at (660,250) width 113: "This is some text."
    RenderBR {BR} at (675,362) size 0x1
    RenderText {#text} at (680,250) size 19x113
      text run at (680,250) width 113: "This is some text."
    RenderBR {BR} at (695,362) size 0x1
    RenderText {#text} at (700,0) size 19x113
      text run at (700,0) width 113: "This is some text."
    RenderBR {BR} at (715,112) size 0x1
    RenderText {#text} at (720,0) size 19x113
      text run at (720,0) width 113: "This is some text."
    RenderBR {BR} at (735,112) size 0x1
    RenderText {#text} at (740,0) size 19x113
      text run at (740,0) width 113: "This is some text."
    RenderBR {BR} at (755,112) size 0x1
    RenderText {#text} at (760,0) size 19x113
      text run at (760,0) width 113: "This is some text."
    RenderBR {BR} at (775,112) size 0x1
    RenderText {#text} at (780,0) size 19x113
      text run at (780,0) width 113: "This is some text."
    RenderBR {BR} at (795,112) size 0x1
    RenderText {#text} at (800,0) size 19x113
      text run at (800,0) width 113: "This is some text."
    RenderBR {BR} at (815,112) size 0x1
    RenderText {#text} at (820,0) size 19x113
      text run at (820,0) width 113: "This is some text."
    RenderBR {BR} at (835,112) size 0x1
    RenderText {#text} at (840,0) size 19x113
      text run at (840,0) width 113: "This is some text."
    RenderBR {BR} at (855,112) size 0x1
    RenderText {#text} at (860,0) size 19x113
      text run at (860,0) width 113: "This is some text."
    RenderBR {BR} at (875,112) size 0x1
    RenderText {#text} at (880,0) size 19x113
      text run at (880,0) width 113: "This is some text."
    RenderBR {BR} at (895,112) size 0x1
    RenderText {#text} at (900,0) size 19x113
      text run at (900,0) width 113: "This is some text."
    RenderBR {BR} at (915,112) size 0x1
    RenderText {#text} at (920,0) size 19x113
      text run at (920,0) width 113: "This is some text."
    RenderBR {BR} at (935,112) size 0x1
    RenderText {#text} at (940,0) size 19x113
      text run at (940,0) width 113: "This is some text."
    RenderBR {BR} at (955,112) size 0x1
    RenderText {#text} at (960,0) size 19x113
      text run at (960,0) width 113: "This is some text."
    RenderBR {BR} at (975,112) size 0x1
    RenderText {#text} at (980,0) size 19x113
      text run at (980,0) width 113: "This is some text."
    RenderBR {BR} at (995,112) size 0x1
