layer at (0,0) size 800x600
  RenderView at (0,0) size 800x600
layer at (0,0) size 800x600
  RenderBlock {HTML} at (0,0) size 800x600
    RenderBody {BODY} at (8,8) size 784x584
      RenderBlock {DIV} at (0,0) size 784x18
        RenderText {#text} at (0,0) size 551x18
          text run at (0,0) width 551: "This test passes if the video controls are non-blurry and properly positioned in HiDPI."
      RenderBlock (anonymous) at (0,18) size 784x150
        RenderText {#text} at (0,0) size 0x0
layer at (8,26) size 300x150 isolatesBlending
  RenderVideo {VIDEO} at (0,0) size 300x150
layer at (8,26) size 300x150
  RenderFlexibleBox {DIV} at (0,0) size 300x150
layer at (8,131) size 300x45
  RenderFlexibleBox {DIV} at (0,105) size 300x45
layer at (8,131) size 300x45 isolatesBlending
  RenderBlock (positioned) {DIV} at (0,0) size 300x45
layer at (8,131) size 300x45
  RenderBlock (positioned) {DIV} at (0,0) size 300x45 [bgcolor=#1E1E1E73]
layer at (8,131) size 300x45 blendMode: lighten
  RenderBlock (positioned) {DIV} at (0,0) size 300x45 [bgcolor=#292929]
layer at (16,156) size 12x15 blendMode: plus-lighter
  RenderButton {BUTTON} at (8,25) size 12x15 [color=#FFFFFF]
layer at (44,156) size 16x15 blendMode: plus-lighter
  RenderButton {BUTTON} at (36,24) size 16x16 [color=#FFFFFF]
layer at (185,155) size 93x17
  RenderFlexibleBox {DIV} at (177,24) size 93x17
layer at (187,155) size 89x17
  RenderFlexibleBox {DIV} at (2,0) size 89x17
layer at (286,151) size 14x25
  RenderFlexibleBox {DIV} at (278,20) size 14x25
layer at (286,156) size 14x15 blendMode: plus-lighter
  RenderButton {BUTTON} at (0,5) size 14x15 [color=#FFFFFF]
