layer at (0,0) size 800x600
  RenderView at (0,0) size 800x600
layer at (0,0) size 800x600
  RenderBlock {HTML} at (0,0) size 800x600
    RenderBody {BODY} at (8,8) size 784x584
      RenderBlock {P} at (0,0) size 784x34
        RenderText {#text} at (0,0) size 758x34
          text run at (0,0) width 758: "This tests that fixed background images are ignored on a page with no fixed positioned elements. If the square (below) is"
          text run at (0,17) width 187: "green, then the test PASSED."
      RenderBlock {P} at (0,50) size 784x17
        RenderText {#text} at (0,0) size 718x17
          text run at (0,0) width 718: "Note, we expect this test to fail on all ports that have not compiled with FAST_MOBILE_SCROLLING enabled."
      RenderBlock {DIV} at (0,115) size 64x64 [bgcolor=#FF0000]
        RenderText {#text} at (0,0) size 4x17
          text run at (0,0) width 4: " "
