layer at (0,0) size 800x600
  RenderView at (0,0) size 800x600
layer at (0,0) size 800x600
  RenderBlock {HTML} at (0,0) size 800x600
    RenderBody {BODY} at (8,8) size 784x576
      RenderBlock {P} at (0,0) size 784x40
        RenderText {#text} at (0,0) size 55x19
          text run at (0,0) width 55: "Test for "
        RenderInline {I} at (0,0) size 783x39
          RenderInline {A} at (0,0) size 306x19 [color=#0000EE]
            RenderText {#text} at (54,0) size 306x19
              text run at (54,0) width 306: "http://bugs.webkit.org/show_bug.cgi?id=13157"
          RenderText {#text} at (359,0) size 783x39
            text run at (359,0) width 5: " "
            text run at (363,0) width 420: "List markers positioned incorrectly and don't repaint properly on"
            text run at (0,20) width 116: "Oxford homepage"
        RenderText {#text} at (115,20) size 5x19
          text run at (115,20) width 5: "."
      RenderBlock {P} at (0,56) size 784x20
        RenderText {#text} at (0,0) size 407x19
          text run at (0,0) width 407: "There should be a bullet next to each item on the following list:"
      RenderBlock {UL} at (0,92) size 784x100
        RenderListItem {LI} at (40,0) size 744x20
          RenderListMarker at (-18,0) size 7x19: bullet
          RenderText {#text} at (0,0) size 162x19
            text run at (0,0) width 162: "Prospectuses and courses"
        RenderListItem {LI} at (40,20) size 744x20
          RenderListMarker at (-18,0) size 7x19: bullet
          RenderText {#text} at (0,0) size 171x19
            text run at (0,0) width 171: "Undergraduate admissions"
        RenderListItem {LI} at (40,40) size 744x20
          RenderListMarker at (-18,0) size 7x19: bullet
          RenderText {#text} at (0,0) size 134x19
            text run at (0,0) width 134: "Graduate admissions"
        RenderListItem {LI} at (40,60) size 744x20
          RenderListMarker at (-18,0) size 7x19: bullet
          RenderText {#text} at (0,0) size 139x19
            text run at (0,0) width 139: "Continuing education"
        RenderListItem {LI} at (40,80) size 744x20
          RenderListMarker at (-18,0) size 7x19: bullet
          RenderText {#text} at (0,0) size 96x19
            text run at (0,0) width 96: "Online courses"
