layer at (0,0) size 800x600
  RenderView at (0,0) size 800x600
layer at (0,0) size 800x600
  RenderBlock {HTML} at (0,0) size 800x600
    RenderBody {BODY} at (8,8) size 784x584
      RenderText {#text} at (0,0) size 443x19
        text run at (0,0) width 443: "Tests if the volume slider is rendererd properly. This test assumes the"
      RenderBR {BR} at (442,15) size 1x0
      RenderText {#text} at (0,20) size 465x19
        text run at (0,20) width 465: "volume slider is implemented and mouse over the right bottom corner of"
      RenderBR {BR} at (464,35) size 1x0
      RenderText {#text} at (0,40) size 276x19
        text run at (0,40) width 276: "video element will show the volume slider."
      RenderBR {BR} at (275,55) size 1x0
      RenderText {#text} at (0,0) size 0x0
layer at (8,68) size 320x240
  RenderVideo {VIDEO} at (0,60) size 320x240
layer at (8,68) size 320x240 scrollHeight 290
  RenderFlexibleBox {DIV} at (0,0) size 320x240
layer at (132,152) size 72x72
  RenderBlock (positioned) {DIV} at (124,84) size 72x72
layer at (132,152) size 72x72
  RenderBlock (positioned) {DIV} at (0,0) size 72x72
layer at (132,152) size 72x72
  RenderBlock (positioned) {DIV} at (0,0) size 72x72
