layer at (0,0) size 800x600
  RenderView at (0,0) size 800x600
layer at (0,0) size 800x600
  RenderBlock {HTML} at (0,0) size 800x600
    RenderBody {BODY} at (8,8) size 784x584
      RenderTable {TABLE} at (0,0) size 414x106 [border: (2px outset #808080)]
        RenderBlock {CAPTION} at (0,0) size 414x17
          RenderText {#text} at (13,0) size 388x17
            text run at (13,0) width 388: "Communicator 4.5 Installers for Mac and Windows Platforms"
        RenderTableSection {TBODY} at (2,19) size 409x84
          RenderTableRow {TR} at (0,0) size 409x22
            RenderTableCell {TH} at (0,8) size 119x6 [border: (3px solid #808080) none none (3px none #808080)] [r=0 c=0 rs=1 cs=1]
            RenderTableCell {TH} at (119,0) size 109x22 [border: (3px solid #808080) none none none] [r=0 c=1 rs=1 cs=1]
              RenderText {#text} at (1,4) size 107x17
                text run at (1,4) width 107: "Macintosh PPC"
            RenderTableCell {TH} at (228,0) size 86x22 [border: (3px solid #808080) none none none] [r=0 c=2 rs=1 cs=1]
              RenderText {#text} at (1,4) size 84x17
                text run at (1,4) width 84: "Windows 95"
            RenderTableCell {TH} at (314,0) size 95x22 [border: (3px solid #808080) (2px none #808080) none none] [r=0 c=3 rs=1 cs=1]
              RenderText {#text} at (1,4) size 91x17
                text run at (1,4) width 91: "Windows NT"
          RenderTableRow {TR} at (0,22) size 409x20
            RenderTableCell {TD} at (0,22) size 119x20 [border: (1px solid #808080) none none (3px none #808080)] [r=1 c=0 rs=1 cs=1]
              RenderText {#text} at (4,2) size 73x17
                text run at (4,2) width 73: "Base Install"
            RenderTableCell {TD} at (119,22) size 109x20 [border: (1px solid #808080) none none none] [r=1 c=1 rs=1 cs=1]
              RenderText {#text} at (1,2) size 21x17
                text run at (1,2) width 21: "yes"
            RenderTableCell {TD} at (228,22) size 86x20 [border: (1px solid #808080) none none none] [r=1 c=2 rs=1 cs=1]
              RenderText {#text} at (1,2) size 21x17
                text run at (1,2) width 21: "yes"
            RenderTableCell {TD} at (314,22) size 95x20 [border: (1px solid #808080) (2px none #808080) none none] [r=1 c=3 rs=1 cs=1]
              RenderText {#text} at (1,2) size 21x17
                text run at (1,2) width 21: "yes"
          RenderTableRow {TR} at (0,42) size 409x20
            RenderTableCell {TD} at (0,42) size 119x20 [border: (1px solid #808080) none none (3px none #808080)] [r=2 c=0 rs=1 cs=1]
              RenderText {#text} at (4,2) size 103x17
                text run at (4,2) width 103: "Complete Install"
            RenderTableCell {TD} at (119,42) size 109x20 [border: (1px solid #808080) none none none] [r=2 c=1 rs=1 cs=1]
              RenderText {#text} at (1,2) size 21x17
                text run at (1,2) width 21: "yes"
            RenderTableCell {TD} at (228,42) size 86x20 [border: (1px solid #808080) none none none] [r=2 c=2 rs=1 cs=1]
              RenderText {#text} at (1,2) size 21x17
                text run at (1,2) width 21: "yes"
            RenderTableCell {TD} at (314,42) size 95x20 [border: (1px solid #808080) (2px none #808080) none none] [r=2 c=3 rs=1 cs=1]
              RenderText {#text} at (1,2) size 21x17
                text run at (1,2) width 21: "yes"
          RenderTableRow {TR} at (0,62) size 409x22
            RenderTableCell {TD} at (0,62) size 119x22 [border: (1px solid #808080) none (2px solid #808080) (3px none #808080)] [r=3 c=0 rs=1 cs=1]
              RenderText {#text} at (4,2) size 114x17
                text run at (4,2) width 114: "Pro Edition Install"
            RenderTableCell {TD} at (119,62) size 109x22 [border: (1px solid #808080) none (2px solid #808080) none] [r=3 c=1 rs=1 cs=1]
              RenderText {#text} at (1,2) size 21x17
                text run at (1,2) width 21: "yes"
            RenderTableCell {TD} at (228,62) size 86x22 [border: (1px solid #808080) none (2px solid #808080) none] [r=3 c=2 rs=1 cs=1]
              RenderText {#text} at (1,2) size 21x17
                text run at (1,2) width 21: "yes"
            RenderTableCell {TD} at (314,62) size 95x22 [border: (1px solid #808080) (2px none #808080) (2px solid #808080) none] [r=3 c=3 rs=1 cs=1]
              RenderText {#text} at (1,2) size 21x17
                text run at (1,2) width 21: "yes"
