layer at (0,0) size 800x600
  RenderView at (0,0) size 800x600
layer at (0,0) size 800x84
  RenderBlock {html} at (0,0) size 800x84
    RenderBody {body} at (8,16) size 784x60
      RenderBlock {p} at (0,0) size 784x17
        RenderText {#text} at (0,0) size 172x17
          text run at (0,0) width 172: "COLGROUP WIDTH=px"
      RenderTable {table} at (0,33) size 608x27 [border: (1px outset #808080)]
        RenderTableCol {colgroup} at (0,0) size 0x0
          RenderTableCol {col} at (0,0) size 0x0
          RenderTableCol {col} at (0,0) size 0x0
        RenderTableSection (anonymous) at (1,1) size 606x25
          RenderTableRow {tr} at (0,2) size 606x21
            RenderTableCell {td} at (2,2) size 300x21 [border: (1px inset #808080)] [r=0 c=0 rs=1 cs=1]
              RenderText {#text} at (2,2) size 296x17
                text run at (2,2) width 296: "This column should have a width of 200 pixels"
            RenderTableCell {td} at (304,2) size 300x21 [border: (1px inset #808080)] [r=0 c=1 rs=1 cs=1]
              RenderText {#text} at (2,2) size 296x17
                text run at (2,2) width 296: "This column should have a width of 200 pixels"
