layer at (0,0) size 800x1308
  RenderView at (0,0) size 800x600
layer at (0,0) size 800x1308
  RenderBlock {HTML} at (0,0) size 800x1309
    RenderBody {BODY} at (8,16) size 784x1285
      RenderBlock {P} at (0,0) size 784x20
        RenderText {#text} at (0,0) size 165x19
          text run at (0,0) width 165: "div, span, nested div/span"
      RenderBlock {P} at (0,36) size 784x20
        RenderText {#text} at (0,0) size 66x19
          text run at (0,0) width 66: "Single div"
      RenderBlock {DIV} at (1,72) size 782x23 [border: (1.42px solid #000000)]
        RenderText {#text} at (756,1) size 23x19
          text run at (756,1) width 23 RTL override: "abc"
      RenderBlock {P} at (0,110) size 784x21
        RenderText {#text} at (0,0) size 419x19
          text run at (0,0) width 419: "The following 2 lines should be identical, ignorning whitespaces:"
      RenderBlock {DIV} at (1,146) size 782x44 [border: (1.42px solid #000000)]
        RenderBlock (anonymous) at (1,1) size 779x21
          RenderText {#text} at (755,0) size 23x19
            text run at (755,0) width 23 RTL override: "abc"
        RenderBlock {DIV} at (1,21) size 779x21
          RenderText {#text} at (755,0) size 23x19
            text run at (755,0) width 23: "cba"
      RenderBlock {P} at (0,205) size 784x21
        RenderText {#text} at (0,0) size 426x19
          text run at (0,0) width 426: "The following 2 textes should be identical, ignorning whitespaces:"
      RenderBlock {DIV} at (1,241) size 782x24 [border: (1.42px solid #000000)]
        RenderText {#text} at (752,1) size 27x19
          text run at (752,1) width 27 RTL override: "abc "
        RenderInline {SPAN} at (0,0) size 23x19
          RenderText {#text} at (730,1) size 23x19
            text run at (730,1) width 23 RTL override: "abc"
      RenderBlock {P} at (0,280) size 784x21
        RenderText {#text} at (0,0) size 419x19
          text run at (0,0) width 419: "The following 2 lines should be identical, ignorning whitespaces:"
      RenderBlock {DIV} at (1,316) size 782x44 [border: (1.42px solid #000000)]
        RenderBlock {DIV} at (1,1) size 779x21
          RenderText {#text} at (755,0) size 23x19
            text run at (755,0) width 23: "cba"
        RenderBlock (anonymous) at (1,21) size 779x21
          RenderText {#text} at (755,0) size 23x19
            text run at (755,0) width 23 RTL override: "abc"
      RenderBlock {P} at (0,375) size 784x21
        RenderText {#text} at (0,0) size 426x19
          text run at (0,0) width 426: "The following 2 textes should be identical, ignorning whitespaces:"
      RenderBlock {DIV} at (1,411) size 782x24 [border: (1.42px solid #000000)]
        RenderInline {SPAN} at (0,0) size 27x19
          RenderText {#text} at (752,1) size 27x19
            text run at (752,1) width 27 RTL override: "abc "
        RenderText {#text} at (730,1) size 23x19
          text run at (730,1) width 23 RTL override: "abc"
      RenderBlock {P} at (0,450) size 784x21
        RenderText {#text} at (0,0) size 75x19
          text run at (0,0) width 75: "Single span"
      RenderBlock (anonymous) at (0,486) size 784x21
        RenderInline {SPAN} at (0,0) size 25x23 [border: (1.42px solid #000000)]
          RenderText {#text} at (2,0) size 23x19
            text run at (2,0) width 23 RTL override: "abc"
        RenderText {#text} at (0,0) size 0x0
      RenderBlock {P} at (0,522) size 784x21
        RenderText {#text} at (0,0) size 426x19
          text run at (0,0) width 426: "The following 2 textes should be identical, ignorning whitespaces:"
      RenderBlock (anonymous) at (0,558) size 784x21
        RenderInline {SPAN} at (0,0) size 51x23 [border: (1.42px solid #000000)]
          RenderText {#text} at (24,0) size 27x19
            text run at (24,0) width 27 RTL override: "abc "
          RenderInline {SPAN} at (0,0) size 23x19
            RenderText {#text} at (2,0) size 23x19
              text run at (2,0) width 23 RTL override: "abc"
        RenderText {#text} at (0,0) size 0x0
      RenderBlock {P} at (0,594) size 784x21
        RenderText {#text} at (0,0) size 426x19
          text run at (0,0) width 426: "The following 2 textes should be identical, ignorning whitespaces:"
      RenderBlock (anonymous) at (0,630) size 784x21
        RenderInline {SPAN} at (0,0) size 51x23 [border: (1.42px solid #000000)]
          RenderInline {SPAN} at (0,0) size 27x19
            RenderText {#text} at (24,0) size 27x19
              text run at (24,0) width 27 RTL override: "abc "
          RenderText {#text} at (2,0) size 23x19
            text run at (2,0) width 23 RTL override: "abc"
        RenderText {#text} at (0,0) size 0x0
      RenderBlock {P} at (0,666) size 784x21
        RenderText {#text} at (0,0) size 426x19
          text run at (0,0) width 426: "The following 2 textes should be identical, ignorning whitespaces:"
      RenderBlock (anonymous) at (0,702) size 784x21
        RenderInline {SPAN} at (0,0) size 24x23 [border: (1.42px solid #000000)]
          RenderText {#text} at (0,0) size 23x19
            text run at (0,0) width 23 RTL override: "abc"
      RenderBlock (anonymous) at (0,722) size 784x21
        RenderBlock {DIV} at (0,0) size 784x20
          RenderText {#text} at (761,0) size 23x19
            text run at (761,0) width 23: "cba"
      RenderBlock (anonymous) at (0,742) size 784x21
        RenderInline {SPAN} at (0,0) size 2x23 [border: (1.42px solid #000000)]
        RenderText {#text} at (0,0) size 0x0
      RenderBlock {P} at (0,778) size 784x21
        RenderText {#text} at (0,0) size 426x19
          text run at (0,0) width 426: "The following 2 textes should be identical, ignorning whitespaces:"
      RenderBlock (anonymous) at (0,814) size 784x21
        RenderInline {SPAN} at (0,0) size 1x23 [border: (1.42px solid #000000)]
      RenderBlock (anonymous) at (0,834) size 784x21
        RenderBlock {DIV} at (0,0) size 784x20
          RenderText {#text} at (761,0) size 23x19
            text run at (761,0) width 23: "cba"
      RenderBlock (anonymous) at (0,854) size 784x21
        RenderInline {SPAN} at (0,0) size 24x23 [border: (1.42px solid #000000)]
          RenderText {#text} at (2,0) size 23x19
            text run at (2,0) width 23 RTL override: "abc"
        RenderText {#text} at (0,0) size 0x0
      RenderBlock {P} at (0,890) size 784x21
        RenderText {#text} at (0,0) size 30x19
          text run at (0,0) width 30: "ruby"
      RenderBlock {DIV} at (0,926) size 784x35 [border: (1.42px solid #000000)]
        RenderRuby (inline) {RUBY} at (0,0) size 23x20
          RenderRubyRun (anonymous) at (186,12) size 23x21
            RenderRubyText {RT} at (0,-11) size 23x12
              RenderText {#text} at (5,0) size 12x11
                text run at (5,0) width 12: "def"
            RenderRubyBase (anonymous) at (0,0) size 23x20
              RenderText {#text} at (0,0) size 23x19
                text run at (0,0) width 22 RTL override: "abc"
        RenderText {#text} at (181,12) size 5x20
          text run at (181,12) width 5 RTL: " "
        RenderRuby (inline) {RUBY} at (0,0) size 23x20
          RenderRubyRun (anonymous) at (157,12) size 23x21
            RenderRubyText {RT} at (0,-11) size 23x12
              RenderText {#text} at (5,0) size 12x11
                text run at (5,0) width 12 RTL override: "def"
            RenderRubyBase (anonymous) at (0,0) size 23x20
              RenderText {#text} at (0,0) size 23x19
                text run at (0,0) width 22 RTL override: "abc"
        RenderText {#text} at (151,12) size 5x20
          text run at (151,12) width 5 RTL: " "
        RenderRuby (inline) {RUBY} at (0,0) size 23x20
          RenderRubyRun (anonymous) at (128,12) size 23x21
            RenderRubyBase (anonymous) at (0,0) size 23x20
              RenderText {#text} at (0,0) size 23x19
                text run at (0,0) width 22 RTL override: "abc"
        RenderText {#text} at (122,12) size 5x20
          text run at (122,12) width 5 RTL: " "
        RenderRuby (inline) {RUBY} at (0,0) size 12x20
          RenderRubyRun (anonymous) at (110,29) size 12x1
            RenderRubyText {RT} at (0,-11) size 12x12
              RenderText {#text} at (0,0) size 12x11
                text run at (0,0) width 11: "def"
        RenderText {#text} at (104,12) size 5x20
          text run at (104,12) width 5 RTL: " "
        RenderRuby (inline) {RUBY} at (0,0) size 24x20
          RenderRubyRun (anonymous) at (80,12) size 24x21
            RenderRubyBase (anonymous) at (0,0) size 23x20
              RenderInline {RB} at (0,0) size 23x19
                RenderText {#text} at (0,0) size 23x19
                  text run at (0,0) width 22 RTL override: "abc"
        RenderText {#text} at (75,12) size 5x20
          text run at (75,12) width 5 RTL: " "
        RenderRuby (inline) {RUBY} at (0,0) size 24x20
          RenderRubyRun (anonymous) at (51,12) size 24x21
            RenderRubyText {RT} at (0,-11) size 23x12
              RenderText {#text} at (5,0) size 12x11
                text run at (5,0) width 12: "def"
            RenderRubyBase (anonymous) at (0,0) size 23x20
              RenderInline {RB} at (0,0) size 23x19
                RenderText {#text} at (0,0) size 23x19
                  text run at (0,0) width 22 RTL override: "abc"
        RenderText {#text} at (46,12) size 5x20
          text run at (46,12) width 5 RTL: " "
        RenderRuby (inline) {RUBY} at (0,0) size 44x20
          RenderRubyRun (anonymous) at (2,12) size 44x21
            RenderRubyBase (anonymous) at (0,0) size 43x20
              RenderInline {RB} at (0,0) size 43x19
                RenderText {#text} at (19,0) size 23x19
                  text run at (19,0) width 23 RTL override: "abc"
                RenderInline {RT} at (0,0) size 21x19
                  RenderText {#text} at (0,0) size 21x19
                    text run at (0,0) width 20 RTL override: "def"
        RenderText {#text} at (0,0) size 0x0
      RenderBlock {P} at (0,976) size 784x21
        RenderText {#text} at (0,0) size 426x19
          text run at (0,0) width 426: "The following 2 tables should be identical, ignorning whitespaces:"
      RenderTable {TABLE} at (1,1012) size 86x73 [border: (1.42px solid #808080)]
        RenderBlock {CAPTION} at (0,0) size 85x20
          RenderText {#text} at (0,0) size 86x19
            text run at (0,0) width 85: "NormalTable"
        RenderTableSection {TBODY} at (1,21) size 83x51
          RenderTableRow {TR} at (0,2) size 83x22
            RenderTableCell {TD} at (44,2) size 37x22 [r=0 c=0 rs=1 cs=1]
              RenderText {#text} at (13,1) size 23x19
                text run at (13,1) width 23: "abc"
            RenderTableCell {TD} at (2,2) size 40x22 [r=0 c=1 rs=1 cs=1]
              RenderText {#text} at (18,1) size 21x19
                text run at (18,1) width 21: "def"
          RenderTableRow {TR} at (0,26) size 83x22
            RenderTableCell {TD} at (44,26) size 37x22 [r=1 c=0 rs=1 cs=1]
              RenderText {#text} at (19,1) size 17x19
                text run at (19,1) width 17: "hij"
            RenderTableCell {TD} at (2,26) size 40x22 [r=1 c=1 rs=1 cs=1]
              RenderText {#text} at (15,1) size 24x19
                text run at (15,1) width 24: "opq"
      RenderTable {DIV} at (1,1086) size 145x64 [border: (1.42px solid #000000)]
        RenderBlock {DIV} at (0,0) size 144x20
          RenderText {#text} at (0,0) size 145x19
            text run at (0,0) width 144: "AnonymousTableRow"
        RenderTableSection (anonymous) at (1,21) size 142x41
          RenderTableRow {DIV} at (0,0) size 142x20
            RenderTableCell {DIV} at (73,0) size 69x20 [r=0 c=0 rs=1 cs=1]
              RenderText {#text} at (46,0) size 23x19
                text run at (46,0) width 23: "abc"
            RenderTableCell {DIV} at (0,0) size 73x20 [r=0 c=1 rs=1 cs=1]
              RenderText {#text} at (52,0) size 21x19
                text run at (52,0) width 21: "def"
          RenderTableRow {DIV} at (0,20) size 142x20
            RenderTableCell {DIV} at (73,20) size 69x20 [r=1 c=0 rs=1 cs=1]
              RenderText {#text} at (52,0) size 17x19
                text run at (52,0) width 17: "hij"
            RenderTableCell {DIV} at (0,20) size 73x20 [r=1 c=1 rs=1 cs=1]
              RenderText {#text} at (49,0) size 24x19
                text run at (49,0) width 24: "opq"
      RenderBlock {P} at (0,1165) size 784x21
        RenderText {#text} at (0,0) size 514x19
          text run at (0,0) width 514: "Anonymous TABLE, TABLE_ROW, TABLE_ROW_GROUP, TABLE_CELL"
      RenderBlock {DIV} at (0,1201) size 784x84 [border: (1.42px solid #000000)]
        RenderTable at (1,1) size 25x81
          RenderTableSection (anonymous) at (0,20) size 24x40
            RenderTableRow {DIV} at (0,0) size 24x20
              RenderTableCell (anonymous) at (0,0) size 24x20 [r=0 c=0 rs=1 cs=1]
                RenderText {#text} at (1,0) size 23x19
                  text run at (1,0) width 23 RTL override: "abc"
            RenderTableRow (anonymous) at (0,20) size 24x20
              RenderTableCell {DIV} at (0,20) size 24x20 [r=1 c=0 rs=1 cs=1]
                RenderText {#text} at (3,0) size 21x19
                  text run at (3,0) width 21 RTL override: "def"
          RenderBlock {DIV} at (0,0) size 24x20
            RenderText {#text} at (7,0) size 17x19
              text run at (7,0) width 17 RTL override: "hij"
          RenderTableSection {DIV} at (0,60) size 24x20
            RenderTableRow (anonymous) at (0,0) size 24x20
              RenderTableCell (anonymous) at (0,0) size 24x20 [r=0 c=0 rs=1 cs=1]
                RenderText {#text} at (0,0) size 24x19
                  text run at (0,0) width 24 RTL override: "opq"
