layer at (0,0) size 800x614
  RenderView at (0,0) size 800x600
layer at (0,0) size 800x614
  RenderBlock {HTML} at (0,0) size 800x614
    RenderBody {BODY} at (8,16) size 784x582
      RenderBlock {P} at (0,0) size 784x20
        RenderText {#text} at (0,0) size 471x19
          text run at (0,0) width 471: "Fails indicate that the font property specification is invalid in strict mode."
      RenderBlock {P} at (0,52) size 784x38
        RenderText {#text} at (0,1) size 220x36
          text run at (0,1) width 220: "24pt italic = 24pt"
      RenderBlock {P} at (0,122) size 784x38
        RenderText {#text} at (0,1) size 294x36
          text run at (0,1) width 294: "24pt italic Arial = 24pt"
      RenderBlock {P} at (0,192) size 784x38
        RenderText {#text} at (0,1) size 392x36
          text run at (0,1) width 392: "24pt italic 'Arial' = 24pt Arial"
      RenderBlock {P} at (0,262) size 784x20
        RenderText {#text} at (0,0) size 109x19
          text run at (0,0) width 109: "italic 24pt = fails"
      RenderBlock {P} at (0,314) size 784x38
        RenderText {#text} at (0,1) size 455x36
          text run at (0,1) width 455: "italic 24pt Arial = 24pt Arial Italic"
      RenderBlock {P} at (0,384) size 784x38
        RenderText {#text} at (0,1) size 467x36
          text run at (0,1) width 467: "italic 24pt 'Arial' = 24pt Arial Italic"
      RenderBlock {P} at (0,454) size 784x20
        RenderText {#text} at (0,0) size 146x19
          text run at (0,0) width 146: "Arial 24pt italic = fails"
      RenderBlock {P} at (0,490) size 784x20
        RenderText {#text} at (0,0) size 152x19
          text run at (0,0) width 152: "'Arial' 24pt italic = fails"
      RenderBlock {P} at (0,526) size 784x20
        RenderText {#text} at (0,0) size 146x19
          text run at (0,0) width 146: "Arial italic 24pt = fails"
      RenderBlock {P} at (0,562) size 784x20
        RenderText {#text} at (0,0) size 152x19
          text run at (0,0) width 152: "'Arial' italic 24pt = fails"
