layer at (0,0) size 800x600
  RenderView at (0,0) size 800x600
layer at (0,0) size 800x600
  RenderBlock {HTML} at (0,0) size 800x600
    RenderBody {BODY} at (8,8) size 784x584
      RenderBlock {P} at (0,0) size 784x40
        RenderText {#text} at (0,0) size 55x19
          text run at (0,0) width 55: "Test for "
        RenderInline {I} at (0,0) size 756x39
          RenderInline {A} at (0,0) size 312x19 [color=#0000EE]
            RenderText {#text} at (54,0) size 312x19
              text run at (54,0) width 312: "https://bugs.webkit.org/show_bug.cgi?id=34735"
          RenderText {#text} at (365,0) size 756x39
            text run at (365,0) width 391: " [Chromium] OpenType font with CFF glyphs is not handled"
            text run at (0,20) width 164: "correctly on Windows XP"
        RenderText {#text} at (163,20) size 5x19
          text run at (163,20) width 5: "."
      RenderBlock {P} at (0,56) size 784x40
        RenderText {#text} at (0,0) size 716x39
          text run at (0,0) width 716: "Check if glyphs in Ahem.otf can be rendered correctly. If the test passes, you should see dozens of black square"
          text run at (0,20) width 113: "characters below:"
      RenderBlock (anonymous) at (0,112) size 784x32
        RenderInline {SPAN} at (0,0) size 736x16
          RenderText {#text} at (0,0) size 736x16
            text run at (0,0) width 736: "!\"#$%&()*+,-./0123456789:;<=>?@ABCDEFGHIJKLMNO"
        RenderText {#text} at (0,0) size 0x0
        RenderInline {SPAN} at (0,0) size 736x16
          RenderText {#text} at (0,16) size 736x16
            text run at (0,16) width 736: "PQRSTUVWXYZ[\\]^_`abcdefghijklmnoqrstuvwxyz{|}~"
        RenderText {#text} at (0,0) size 0x0
        RenderText {#text} at (0,0) size 0x0
      RenderBlock {P} at (0,160) size 784x40
        RenderText {#text} at (0,0) size 759x39
          text run at (0,0) width 759: "Check if glyphs not in Ahem.otf can be rendered using a fallback font. If the test passes, you should see a single-quote"
          text run at (0,20) width 107: "character below:"
      RenderBlock (anonymous) at (0,216) size 784x23
        RenderInline {SPAN} at (0,0) size 4x16
          RenderText {#text} at (0,5) size 4x16
            text run at (0,5) width 4: "'"
        RenderText {#text} at (0,0) size 0x0
        RenderText {#text} at (0,0) size 0x0
        RenderText {#text} at (0,0) size 0x0
