layer at (0,0) size 800x600
  RenderView at (0,0) size 800x600
layer at (0,0) size 800x600
  RenderBlock {HTML} at (0,0) size 800x600
    RenderBody {BODY} at (8,8) size 784x584
      RenderBlock {DIV} at (0,0) size 784x38
        RenderInline (generated) at (0,0) size 20x36
          RenderText {#text} at (0,1) size 20x36
            text run at (0,1) width 20: "T"
        RenderText {#text} at (19,15) size 379x19
          text run at (19,15) width 379: "he first letter in this sentence should be larger than the rest."
      RenderBlock {DIV} at (0,38) size 784x38
        RenderText {#text} at (0,1) size 536x36
          text run at (0,1) width 536: "This sentence should be extra-extra-large."
      RenderBlock (anonymous) at (0,76) size 784x25
        RenderTextControl {INPUT} at (2,2) size 137x21 [bgcolor=#FFFFFF] [border: (1px solid #4C4C4C)]
          RenderDeprecatedFlexibleBox {DIV} at (6,3) size 125x14
            RenderBlock {DIV} at (0,7) size 0x0
            RenderBlock {DIV} at (0,0) size 125x14
            RenderBlock {DIV} at (125,7) size 0x0
        RenderText {#text} at (0,0) size 0x0
        RenderText {#text} at (0,0) size 0x0
layer at (16,89) size 125x14
  RenderBlock {DIV} at (0,0) size 125x14
layer at (16,89) size 125x14
  RenderBlock (relative positioned) {DIV} at (6,3) size 125x14 [color=#008000]
    RenderText {#text} at (3,0) size 103x14
      text run at (3,0) width 103: "This should be green"
