layer at (0,0) size 800x912
  RenderView at (0,0) size 800x600
layer at (0,0) size 800x912
  RenderBlock {HTML} at (0,0) size 800x913
    RenderBody {BODY} at (8,8) size 784x885
      RenderBlock {P} at (0,0) size 784x20
        RenderText {#text} at (0,0) size 559x19
          text run at (0,0) width 559: "This test checks that text with text-overflow:ellipsis follows 'text-align: right' correctly."
      RenderBlock {P} at (0,36) size 784x20
        RenderText {#text} at (0,0) size 514x19
          text run at (0,0) width 514: "The text in all boxes should be right aligned, sticking to the right side of the box"
      RenderBlock {H3} at (0,74) size 784x24
        RenderText {#text} at (0,0) size 84x22
          text run at (0,0) width 84: "Single line"
      RenderBlock {H3} at (0,158) size 784x24
        RenderText {#text} at (0,0) size 80x22
          text run at (0,0) width 80: "Multi line"
      RenderBlock {H3} at (0,302) size 784x24
        RenderText {#text} at (0,0) size 231x22
          text run at (0,0) width 231: "Containing replaced content"
      RenderBlock {H3} at (0,395) size 784x24
        RenderText {#text} at (0,0) size 395x22
          text run at (0,0) width 395: "Containing replaced content blocking the ellipsis"
      RenderBlock {H3} at (0,489) size 784x24
        RenderText {#text} at (0,0) size 200x22
          text run at (0,0) width 200: "Right-To-Left single line"
      RenderBlock {H3} at (0,573) size 784x24
        RenderText {#text} at (0,0) size 199x22
          text run at (0,0) width 199: "Right-To-Left Multi line"
      RenderBlock {H3} at (0,717) size 784x24
        RenderText {#text} at (0,0) size 344x22
          text run at (0,0) width 344: "Right-To-Left containing replaced content"
      RenderBlock {H3} at (0,810) size 784x24
        RenderText {#text} at (0,0) size 508x22
          text run at (0,0) width 508: "Right-To-Left containing replaced content blocking the ellipsis"
layer at (8,124) size 310x22 clip at (9,125) size 308x20 scrollWidth 740
  RenderBlock {DIV} at (0,116) size 310x23 [border: (1px solid #000000)]
    RenderText {#text} at (3,1) size 739x19
      text run at (3,1) width 739: "Lorem ipsum dolor sit amet, consectetur adipiscing elit. Vivamus vitae eros non libero faucibus sagittis sed ut eros."
layer at (8,208) size 310x82 clip at (9,209) size 308x80 scrollWidth 740
  RenderBlock {DIV} at (0,200) size 310x83 [border: (1px solid #000000)]
    RenderText {#text} at (3,1) size 739x19
      text run at (3,1) width 739: "Lorem ipsum dolor sit amet, consectetur adipiscing elit. Vivamus vitae eros non libero faucibus sagittis sed ut eros."
    RenderBR {BR} at (0,0) size 0x0
    RenderText {#text} at (2,21) size 729x19
      text run at (2,21) width 729: "orem ipsum dolor sit amet, consectetur adipiscing elit. Vivamus vitae eros non libero faucibus sagittis sed ut eros."
    RenderBR {BR} at (0,0) size 0x0
    RenderText {#text} at (3,41) size 721x19
      text run at (3,41) width 721: "rem ipsum dolor sit amet, consectetur adipiscing elit. Vivamus vitae eros non libero faucibus sagittis sed ut eros."
    RenderBR {BR} at (0,0) size 0x0
    RenderText {#text} at (4,61) size 716x19
      text run at (4,61) width 716: "em ipsum dolor sit amet, consectetur adipiscing elit. Vivamus vitae eros non libero faucibus sagittis sed ut eros."
    RenderBR {BR} at (0,0) size 0x0
layer at (8,352) size 310x32 clip at (9,353) size 308x30 scrollWidth 768
  RenderBlock {DIV} at (0,343) size 310x33 [border: (1px solid #000000)]
    RenderText {#text} at (2,11) size 187x19
      text run at (2,11) width 187: "Lorem ipsum dolor sit amet, "
    RenderImage {IMG} at (188,1) size 26x25
    RenderText {#text} at (213,11) size 557x19
      text run at (213,11) width 557: " consectetur adipiscing elit. Vivamus vitae eros non libero faucibus sagittis sed ut eros."
layer at (8,446) size 310x32 clip at (9,447) size 308x30 scrollWidth 763
  RenderBlock {DIV} at (0,437) size 310x33 [border: (1px solid #000000)]
    RenderText {#text} at (1,11) size 278x19
      text run at (1,11) width 278: "Lorem ipsum dolor sit amet, consectetur ad"
    RenderImage {IMG} at (278,1) size 26x25
    RenderText {#text} at (303,11) size 461x19
      text run at (303,11) width 461: "ipiscing elit. Vivamus vitae eros non libero faucibus sagittis sed ut eros."
layer at (8,539) size 310x22 clip at (9,540) size 308x20 scrollX 429 scrollWidth 738
  RenderBlock {DIV} at (0,531) size 310x23 [border: (1px solid #000000)]
    RenderText {#text} at (-428,1) size 738x19
      text run at (-428,1) width 737 RTL override: "Lorem ipsum dolor sit amet, consectetur adipiscing elit. Vivamus vitae eros non libero faucibus sagittis sed ut eros."
layer at (8,623) size 310x82 clip at (9,624) size 308x80 scrollX 429 scrollWidth 738
  RenderBlock {DIV} at (0,615) size 310x83 [border: (1px solid #000000)]
    RenderText {#text} at (-428,1) size 738x19
      text run at (-428,1) width 737 RTL override: "Lorem ipsum dolor sit amet, consectetur adipiscing elit. Vivamus vitae eros non libero faucibus sagittis sed ut eros."
    RenderBR {BR} at (0,0) size 0x0
    RenderText {#text} at (-418,21) size 728x19
      text run at (-418,21) width 727 RTL override: "orem ipsum dolor sit amet, consectetur adipiscing elit. Vivamus vitae eros non libero faucibus sagittis sed ut eros."
    RenderBR {BR} at (0,0) size 0x0
    RenderText {#text} at (-410,41) size 720x19
      text run at (-410,41) width 719 RTL override: "rem ipsum dolor sit amet, consectetur adipiscing elit. Vivamus vitae eros non libero faucibus sagittis sed ut eros."
    RenderBR {BR} at (0,0) size 0x0
    RenderText {#text} at (-405,61) size 715x19
      text run at (-405,61) width 714 RTL override: "em ipsum dolor sit amet, consectetur adipiscing elit. Vivamus vitae eros non libero faucibus sagittis sed ut eros."
    RenderBR {BR} at (0,0) size 0x0
layer at (8,767) size 310x32 clip at (9,768) size 308x30 scrollX 458 scrollWidth 767
  RenderBlock {DIV} at (0,758) size 310x33 [border: (1px solid #000000)]
    RenderText {#text} at (123,11) size 186x19
      text run at (123,11) width 186 RTL override: "Lorem ipsum dolor sit amet, "
    RenderImage {IMG} at (98,1) size 26x25
    RenderText {#text} at (-457,11) size 557x19
      text run at (-457,11) width 556 RTL override: " consectetur adipiscing elit. Vivamus vitae eros non libero faucibus sagittis sed ut eros."
layer at (8,860) size 310x32 clip at (9,861) size 308x30 scrollX 454 scrollWidth 763
  RenderBlock {DIV} at (0,852) size 310x33 [border: (1px solid #000000)]
    RenderText {#text} at (31,11) size 278x19
      text run at (31,11) width 278 RTL override: "Lorem ipsum dolor sit amet, consectetur ad"
    RenderImage {IMG} at (6,1) size 26x25
    RenderText {#text} at (-453,11) size 461x19
      text run at (-453,11) width 460 RTL override: "ipiscing elit. Vivamus vitae eros non libero faucibus sagittis sed ut eros."
