layer at (0,0) size 800x932
  RenderView at (0,0) size 800x600
layer at (0,0) size 800x932
  RenderBlock {HTML} at (0,0) size 800x933
    RenderBody {BODY} at (8,8) size 784x905
      RenderBlock {P} at (0,0) size 784x20
        RenderText {#text} at (0,0) size 569x19
          text run at (0,0) width 569: "This test checks that text with text-overflow:ellipsis follows 'text-align: justify' correctly."
      RenderBlock {P} at (0,36) size 784x40
        RenderText {#text} at (0,0) size 756x39
          text run at (0,0) width 756: "LTR text should be aligned with the left hand side of their box. RTL text should be aligned with the right hand side of"
          text run at (0,20) width 62: "their box."
      RenderBlock {H3} at (0,94) size 784x24
        RenderText {#text} at (0,0) size 84x22
          text run at (0,0) width 84: "Single line"
      RenderBlock {H3} at (0,178) size 784x24
        RenderText {#text} at (0,0) size 80x22
          text run at (0,0) width 80: "Multi line"
      RenderBlock {H3} at (0,322) size 784x24
        RenderText {#text} at (0,0) size 231x22
          text run at (0,0) width 231: "Containing replaced content"
      RenderBlock {H3} at (0,415) size 784x24
        RenderText {#text} at (0,0) size 395x22
          text run at (0,0) width 395: "Containing replaced content blocking the ellipsis"
      RenderBlock {H3} at (0,509) size 784x24
        RenderText {#text} at (0,0) size 200x22
          text run at (0,0) width 200: "Right-To-Left single line"
      RenderBlock {H3} at (0,593) size 784x24
        RenderText {#text} at (0,0) size 199x22
          text run at (0,0) width 199: "Right-To-Left Multi line"
      RenderBlock {H3} at (0,737) size 784x24
        RenderText {#text} at (0,0) size 344x22
          text run at (0,0) width 344: "Right-To-Left containing replaced content"
      RenderBlock {H3} at (0,830) size 784x24
        RenderText {#text} at (0,0) size 508x22
          text run at (0,0) width 508: "Right-To-Left containing replaced content blocking the ellipsis"
layer at (8,144) size 310x22 clip at (9,145) size 308x20 scrollWidth 738
  RenderBlock {DIV} at (0,136) size 310x23 [border: (1px solid #000000)]
    RenderText {#text} at (1,1) size 738x19
      text run at (1,1) width 738: "Lorem ipsum dolor sit amet, consectetur adipiscing elit. Vivamus vitae eros non libero faucibus sagittis sed ut eros."
layer at (8,228) size 310x82 clip at (9,229) size 308x80 scrollWidth 738
  RenderBlock {DIV} at (0,220) size 310x83 [border: (1px solid #000000)]
    RenderText {#text} at (1,1) size 738x19
      text run at (1,1) width 738: "Lorem ipsum dolor sit amet, consectetur adipiscing elit. Vivamus vitae eros non libero faucibus sagittis sed ut eros."
    RenderBR {BR} at (0,0) size 0x0
    RenderText {#text} at (1,21) size 728x19
      text run at (1,21) width 728: "orem ipsum dolor sit amet, consectetur adipiscing elit. Vivamus vitae eros non libero faucibus sagittis sed ut eros."
    RenderBR {BR} at (0,0) size 0x0
    RenderText {#text} at (1,41) size 720x19
      text run at (1,41) width 720: "rem ipsum dolor sit amet, consectetur adipiscing elit. Vivamus vitae eros non libero faucibus sagittis sed ut eros."
    RenderBR {BR} at (0,0) size 0x0
    RenderText {#text} at (1,61) size 715x19
      text run at (1,61) width 715: "em ipsum dolor sit amet, consectetur adipiscing elit. Vivamus vitae eros non libero faucibus sagittis sed ut eros."
    RenderBR {BR} at (0,0) size 0x0
layer at (8,372) size 310x32 clip at (9,373) size 308x30 scrollWidth 767
  RenderBlock {DIV} at (0,363) size 310x33 [border: (1px solid #000000)]
    RenderText {#text} at (1,11) size 186x19
      text run at (1,11) width 186: "Lorem ipsum dolor sit amet, "
    RenderImage {IMG} at (186,1) size 26x25
    RenderText {#text} at (211,11) size 557x19
      text run at (211,11) width 557: " consectetur adipiscing elit. Vivamus vitae eros non libero faucibus sagittis sed ut eros."
layer at (8,466) size 310x32 clip at (9,467) size 308x30 scrollWidth 763
  RenderBlock {DIV} at (0,457) size 310x33 [border: (1px solid #000000)]
    RenderText {#text} at (1,11) size 278x19
      text run at (1,11) width 278: "Lorem ipsum dolor sit amet, consectetur ad"
    RenderImage {IMG} at (278,1) size 26x25
    RenderText {#text} at (303,11) size 461x19
      text run at (303,11) width 461: "ipiscing elit. Vivamus vitae eros non libero faucibus sagittis sed ut eros."
layer at (8,559) size 310x22 clip at (9,560) size 308x20 scrollX 429 scrollWidth 738
  RenderBlock {DIV} at (0,551) size 310x23 [border: (1px solid #000000)]
    RenderText {#text} at (-428,1) size 738x19
      text run at (-428,1) width 737 RTL override: "Lorem ipsum dolor sit amet, consectetur adipiscing elit. Vivamus vitae eros non libero faucibus sagittis sed ut eros."
layer at (8,643) size 310x82 clip at (9,644) size 308x80
  RenderBlock {DIV} at (0,635) size 310x83 [border: (1px solid #000000)]
    RenderText {#text} at (1,1) size 738x19
      text run at (1,1) width 738 RTL override: "Lorem ipsum dolor sit amet, consectetur adipiscing elit. Vivamus vitae eros non libero faucibus sagittis sed ut eros."
    RenderBR {BR} at (0,0) size 0x0
    RenderText {#text} at (1,21) size 728x19
      text run at (1,21) width 728 RTL override: "orem ipsum dolor sit amet, consectetur adipiscing elit. Vivamus vitae eros non libero faucibus sagittis sed ut eros."
    RenderBR {BR} at (0,0) size 0x0
    RenderText {#text} at (1,41) size 720x19
      text run at (1,41) width 720 RTL override: "rem ipsum dolor sit amet, consectetur adipiscing elit. Vivamus vitae eros non libero faucibus sagittis sed ut eros."
    RenderBR {BR} at (0,0) size 0x0
    RenderText {#text} at (1,61) size 715x19
      text run at (1,61) width 715 RTL override: "em ipsum dolor sit amet, consectetur adipiscing elit. Vivamus vitae eros non libero faucibus sagittis sed ut eros."
    RenderBR {BR} at (0,0) size 0x0
layer at (8,787) size 310x32 clip at (9,788) size 308x30 scrollX 458 scrollWidth 767
  RenderBlock {DIV} at (0,778) size 310x33 [border: (1px solid #000000)]
    RenderText {#text} at (123,11) size 186x19
      text run at (123,11) width 186 RTL override: "Lorem ipsum dolor sit amet, "
    RenderImage {IMG} at (98,1) size 26x25
    RenderText {#text} at (-457,11) size 557x19
      text run at (-457,11) width 556 RTL override: " consectetur adipiscing elit. Vivamus vitae eros non libero faucibus sagittis sed ut eros."
layer at (8,880) size 310x32 clip at (9,881) size 308x30 scrollX 454 scrollWidth 763
  RenderBlock {DIV} at (0,872) size 310x33 [border: (1px solid #000000)]
    RenderText {#text} at (31,11) size 278x19
      text run at (31,11) width 278 RTL override: "Lorem ipsum dolor sit amet, consectetur ad"
    RenderImage {IMG} at (6,1) size 26x25
    RenderText {#text} at (-453,11) size 461x19
      text run at (-453,11) width 460 RTL override: "ipiscing elit. Vivamus vitae eros non libero faucibus sagittis sed ut eros."
