layer at (0,0) size 785x33554431
  RenderView at (0,0) size 785x600
layer at (0,0) size 785x33554431
  RenderBlock {HTML} at (0,0) size 785x33554431
    RenderBody {BODY} at (8,16) size 769x33554415
      RenderBlock {P} at (0,0) size 769x34
        RenderMathMLMath {math} at (0,20) size 8x10
          RenderMathMLRow {mrow} at (0,0) size 8x10
            RenderMathMLOperator {mo} at (0,0) size 8x10
              RenderBlock (anonymous) at (0,0) size 2x10
                RenderText {#text} at (0,0) size 2x0
                  text run at (0,0) width 2: "\x{219F}"
        RenderText {#text} at (7,16) size 5x18
          text run at (7,16) width 5: " "
        RenderMathMLMath {math} at (11,15) size 27x15
          RenderMathMLRow {mrow} at (0,0) size 26x15
            RenderMathMLOperator {mo} at (0,0) size 26x10
              RenderBlock (anonymous) at (0,0) size 2x10
                RenderText {#text} at (0,0) size 2x0
                  text run at (0,0) width 2: "\x{219F}"
        RenderText {#text} at (37,16) size 5x18
          text run at (37,16) width 5: " "
        RenderMathMLMath {math} at (41,0) size 47x30
          RenderMathMLRow {mrow} at (0,0) size 47x30
            RenderMathMLOperator {mo} at (0,0) size 47x30
              RenderBlock (anonymous) at (0,0) size 2x10
                RenderText {#text} at (0,0) size 2x0
                  text run at (0,0) width 2: "\x{219F}"
        RenderText {#text} at (0,0) size 0x0
      RenderBlock {P} at (0,50) size 769x154
        RenderMathMLMath {math} at (0,0) size 47x150
          RenderMathMLRow {mrow} at (0,0) size 47x150
            RenderMathMLOperator {mo} at (0,0) size 47x150
              RenderBlock (anonymous) at (0,0) size 2x10
                RenderText {#text} at (0,0) size 2x0
                  text run at (0,0) width 2: "\x{219F}"
        RenderText {#text} at (0,0) size 0x0
      RenderBlock {P} at (0,220) size 769x33554211
        RenderMathMLMath {math} at (0,14) size 94x33554417
          RenderMathMLRow {mrow} at (0,0) size 94x33554431
            RenderMathMLOperator {mo} at (0,33554431) size 94x0
              RenderBlock (anonymous) at (0,0) size 10x10
                RenderText {#text} at (0,0) size 10x0
                  text run at (0,0) width 10: "\x{2A1B}"
        RenderText {#text} at (0,0) size 0x0
