layer at (0,0) size 785x33554431
  RenderView at (0,0) size 785x600
layer at (0,0) size 785x33554431
  RenderBlock {HTML} at (0,0) size 785x33554431
    RenderBody {BODY} at (8,16) size 769x33554415
      RenderBlock {P} at (0,0) size 769x19
        RenderMathMLMath {math} at (0,8) size 8x11
          RenderMathMLRow {mstyle} at (0,0) size 8x11
            RenderMathMLUnderOver {mover} at (0,0) size 8x11
              RenderMathMLOperator {mo} at (0,1) size 8x10
                RenderBlock (anonymous) at (0,0) size 1x10
                  RenderText {#text} at (0,0) size 1x0
                    text run at (0,0) width 1: "\x{219C}"
              RenderMathMLSpace {mspace} at (0,0) size 8x1
        RenderText {#text} at (0,0) size 0x0
      RenderBlock {P} at (0,35) size 769x19
        RenderMathMLMath {math} at (0,8) size 15x11
          RenderMathMLRow {mstyle} at (0,0) size 15x11
            RenderMathMLUnderOver {mover} at (0,0) size 15x11
              RenderMathMLOperator {mo} at (4,1) size 7x10
                RenderBlock (anonymous) at (0,0) size 1x10
                  RenderText {#text} at (0,0) size 1x0
                    text run at (0,0) width 1: "\x{219C}"
              RenderMathMLSpace {mspace} at (0,0) size 15x1
        RenderText {#text} at (0,0) size 0x0
      RenderBlock {P} at (0,70) size 769x33554361
        RenderMathMLMath {math} at (0,8) size 150x33554423
          RenderMathMLRow {mstyle} at (0,0) size 150x33554431
            RenderMathMLUnderOver {mover} at (0,0) size 150x33554431
              RenderMathMLOperator {mo} at (71,1) size 8x33554430
                RenderBlock (anonymous) at (0,0) size 1x10
                  RenderText {#text} at (0,0) size 1x0
                    text run at (0,0) width 1: "\x{219C}"
              RenderMathMLSpace {mspace} at (0,0) size 150x1
        RenderText {#text} at (0,0) size 0x0
