EDITING DELEGATE: shouldBeginEditingInDOMRange:range from 0 of DIV > BODY > HTML > #document to 1 of DIV > BODY > HTML > #document
EDITING DELEGATE: webViewDidBeginEditing:WebViewDidBeginEditingNotification
EDITING DELEGATE: webViewDidChangeSelection:WebViewDidChangeSelectionNotification
EDITING DELEGATE: webViewDidChangeSelection:WebViewDidChangeSelectionNotification
layer at (0,0) size 800x600
  RenderView at (0,0) size 800x600
layer at (0,0) size 800x600
  RenderBlock {HTML} at (0,0) size 800x600
    RenderBody {BODY} at (8,8) size 784x584
      RenderBlock {P} at (0,0) size 784x40
        RenderText {#text} at (0,0) size 764x39
          text run at (0,0) width 333: "This tests paragraphBoundary selection navigation. "
          text run at (332,0) width 432: "The caret should be at the end of the paragraph below, just after the"
          text run at (0,20) width 69: "select box."
      RenderBlock {DIV} at (0,56) size 784x24
        RenderMenuList {SELECT} at (2,2) size 39x20 [bgcolor=#FFFFFF02] [border: (1px solid #4C4C4C)]
          RenderBlock (anonymous) at (6,3) size 27x14
            RenderText at (0,0) size 7x14
              text run at (0,0) width 7: "1"
caret: position 1 of child 0 {SELECT} of child 2 {DIV} of body
