layer at (0,0) size 800x600
  RenderView at (0,0) size 800x600
layer at (0,0) size 800x600
  RenderBlock {HTML} at (0,0) size 800x600
    RenderBody {BODY} at (8,8) size 784x584
      RenderTable {TABLE} at (0,0) size 784x150
        RenderTableSection {TBODY} at (0,0) size 784x150
          RenderTableRow {TR} at (0,0) size 784x70
            RenderTableCell {TD} at (0,0) size 784x70 [r=0 c=0 rs=1 cs=4]
              RenderBR {BR} at (392,1) size 0x17
              RenderInline {FONT} at (0,0) size 728x51
                RenderText {#text} at (28,18) size 728x34
                  text run at (28,18) width 181: "The Supreme Court says "
                  text run at (209,18) width 547: "Wisconsin can continue using tuition vouchers to help poor parents send their"
                  text run at (212,35) width 221: "children to church-run schools. "
                  text run at (433,35) width 139: "What's your stand? "
                RenderBR {BR} at (572,49) size 0x0
                RenderBR {BR} at (392,52) size 0x17
              RenderText {#text} at (0,0) size 0x0
          RenderTableRow {TR} at (0,70) size 784x24
            RenderTableCell {TD} at (0,73) size 530x17 [r=1 c=0 rs=1 cs=1]
              RenderInline {FONT} at (0,0) size 140x15
                RenderText {#text} at (389,1) size 140x15
                  text run at (389,1) width 140: "I agree with the program"
              RenderText {#text} at (0,0) size 0x0
            RenderTableCell {TD} at (530,70) size 75x24 [r=1 c=1 rs=1 cs=1]
              RenderBlock {INPUT} at (3,4) size 16x16
          RenderTableRow {TR} at (0,94) size 784x24
            RenderTableCell {TD} at (0,97) size 530x17 [r=2 c=0 rs=1 cs=1]
              RenderInline {FONT} at (0,0) size 153x15
                RenderText {#text} at (376,1) size 153x15
                  text run at (376,1) width 153: "I think vouchers are wrong"
              RenderText {#text} at (0,0) size 0x0
            RenderTableCell {TD} at (530,94) size 75x24 [r=2 c=1 rs=1 cs=1]
              RenderBlock {INPUT} at (3,4) size 16x16
          RenderTableRow {TR} at (0,118) size 784x32
            RenderTableCell {TD} at (0,125) size 605x17 [r=3 c=0 rs=1 cs=2]
              RenderInline {A} at (0,0) size 77x17 [color=#0000EE]
                RenderInline {FONT} at (0,0) size 77x15
                  RenderText {#text} at (264,1) size 77x15
                    text run at (264,1) width 77: "View Results"
              RenderInline {FONT} at (0,0) size 1x15
                RenderText {#text} at (0,0) size 0x0
            RenderTableCell {TD} at (605,118) size 179x32 [r=3 c=2 rs=1 cs=2]
              RenderButton {INPUT} at (66,3) size 47x26 [bgcolor=#C0C0C0] [border: (2px outset #C0C0C0)]
                RenderBlock (anonymous) at (8,4) size 30x17
                  RenderText at (0,0) size 30x17
                    text run at (0,0) width 30: "vote"
              RenderText {#text} at (0,0) size 0x0
