layer at (0,0) size 800x600
  RenderView at (0,0) size 800x600
layer at (0,0) size 800x600
  RenderBlock {HTML} at (0,0) size 800x600
    RenderBody {BODY} at (8,8) size 784x576
      RenderBlock {H2} at (0,0) size 784x26
        RenderText {#text} at (0,0) size 365x26
          text run at (0,0) width 365: "SeaMonkey XPInstall Trigger Page"
      RenderBlock {HR} at (0,45) size 784x3 [border: (1px inset #000000)]
      RenderBlock {FORM} at (0,55) size 784x96
        RenderTable {TABLE} at (0,0) size 784x95
          RenderTableSection {TBODY} at (0,0) size 784x95
            RenderTableRow {TR} at (0,2) size 784x36
              RenderTableCell {TD} at (2,2) size 63x36 [r=0 c=0 rs=1 cs=1]
                RenderInline {B} at (0,0) size 52x34
                  RenderText {#text} at (1,1) size 52x34
                    text run at (1,1) width 52: "Trigger"
                    text run at (1,18) width 40: "URL:"
              RenderTableCell {TD} at (67,5) size 602x29 [r=0 c=1 rs=1 cs=1]
                RenderTextControl {INPUT} at (3,3) size 596x23 [bgcolor=#FFFFFF] [border: (2px inset #000000)]
              RenderTableCell {TD} at (671,4) size 111x32 [r=0 c=2 rs=1 cs=1]
                RenderButton {INPUT} at (3,3) size 67x26 [bgcolor=#C0C0C0] [border: (2px outset #C0C0C0)]
                  RenderBlock (anonymous) at (8,4) size 51x17
                    RenderText at (0,0) size 51x17
                      text run at (0,0) width 51: "Trigger"
            RenderTableRow {TR} at (0,40) size 784x53
              RenderTableCell {TD} at (2,40) size 63x53 [r=1 c=0 rs=1 cs=1]
                RenderInline {B} at (0,0) size 38x51
                  RenderText {#text} at (1,1) size 38x51
                    text run at (1,1) width 30: "Run"
                    text run at (1,18) width 29: "Test"
                    text run at (1,35) width 38: "Case:"
              RenderTableCell {TD} at (67,50) size 602x33 [r=1 c=1 rs=1 cs=1]
                RenderMenuList {SELECT} at (3,3) size 340x27 [bgcolor=#FFFFFF] [border: (1px solid #000000)]
                  RenderBlock (anonymous) at (1,1) size 338x25
                    RenderText at (4,4) size 96x17
                      text run at (4,4) width 96: "a_abortinstall"
                RenderText {#text} at (0,0) size 0x0
              RenderTableCell {TD} at (671,50) size 111x32 [r=1 c=2 rs=1 cs=1]
                RenderButton {INPUT} at (3,3) size 105x26 [bgcolor=#C0C0C0] [border: (2px outset #C0C0C0)]
                  RenderBlock (anonymous) at (8,4) size 89x17
                    RenderText at (0,0) size 89x17
                      text run at (0,0) width 89: "Trigger case"
layer at (81,75) size 590x17
  RenderBlock {DIV} at (3,3) size 590x17
    RenderText {#text} at (0,0) size 120x17
      text run at (0,0) width 120: "http://jimbob/jars/"
