layer at (0,0) size 800x600
  RenderView at (0,0) size 800x600
layer at (0,0) size 800x600
  RenderBlock {HTML} at (0,0) size 800x600
    RenderBody {BODY} at (8,8) size 784x576
      RenderBlock {FORM} at (0,0) size 784x191
        RenderBlock {HR} at (0,0) size 602x2 [border: (1px inset #000000)]
        RenderTable {TABLE} at (0,10) size 600x181
          RenderTableSection {TBODY} at (0,0) size 600x181
            RenderTableRow {TR} at (0,2) size 600x44
              RenderTableCell {TD} at (2,2) size 594x44 [r=0 c=0 rs=1 cs=3]
                RenderImage {IMG} at (7,1) size 580x42
                RenderText {#text} at (0,0) size 0x0
            RenderTableRow {TR} at (0,48) size 600x55
              RenderTableCell {TD} at (2,51) size 594x48 [bgcolor=#99CCCC] [r=1 c=0 rs=1 cs=3]
                RenderInline {FONT} at (0,0) size 127x15
                  RenderInline {B} at (0,0) size 127x15
                    RenderText {#text} at (2,10) size 127x15
                      text run at (2,10) width 127: "Search the Web with"
                RenderText {#text} at (129,8) size 4x17
                  text run at (129,8) width 4: " "
                RenderMenuList {SELECT} at (135,3) size 95x27 [bgcolor=#FFFFFF] [border: (1px solid #000000)]
                  RenderBlock (anonymous) at (1,1) size 93x25
                    RenderText at (4,4) size 68x17
                      text run at (4,4) width 68: "Netscape"
                RenderTextControl {INPUT} at (234,5) size 281x23 [bgcolor=#FFFFFF] [border: (2px inset #000000)]
                RenderText {#text} at (517,8) size 4x17
                  text run at (517,8) width 4: " "
                RenderButton {INPUT} at (523,4) size 67x26 [bgcolor=#C0C0C0] [border: (2px outset #C0C0C0)]
                  RenderBlock (anonymous) at (8,4) size 51x17
                    RenderText at (0,0) size 51x17
                      text run at (0,0) width 51: "Search"
                RenderBR {BR} at (592,22) size 0x0
                RenderInline {SMALL} at (0,0) size 560x15
                  RenderInline {A} at (0,0) size 98x15 [color=#0000EE]
                    RenderText {#text} at (17,32) size 98x15
                      text run at (17,32) width 98: "Classifieds< /A>   "
                  RenderInline {A} at (0,0) size 58x15 [color=#0000EE]
                    RenderText {#text} at (115,32) size 58x15
                      text run at (115,32) width 22: "Net "
                      text run at (137,32) width 36: "Search"
                  RenderText {#text} at (173,32) size 9x15
                    text run at (173,32) width 9: "   "
                  RenderInline {A} at (0,0) size 82x15 [color=#0000EE]
                    RenderText {#text} at (182,32) size 82x15
                      text run at (182,32) width 56: "Find Web "
                      text run at (238,32) width 26: "Sites"
                  RenderText {#text} at (264,32) size 9x15
                    text run at (264,32) width 3: " "
                    text run at (267,32) width 6: "  "
                  RenderInline {A} at (0,0) size 66x15 [color=#0000EE]
                    RenderText {#text} at (273,32) size 66x15
                      text run at (273,32) width 39: "What's "
                      text run at (312,32) width 27: "Cool"
                  RenderText {#text} at (339,32) size 9x15
                    text run at (339,32) width 9: "   "
                  RenderInline {A} at (0,0) size 63x15 [color=#0000EE]
                    RenderText {#text} at (348,32) size 63x15
                      text run at (348,32) width 63: "What's New"
                  RenderText {#text} at (411,32) size 9x15
                    text run at (411,32) width 9: "   "
                  RenderInline {A} at (0,0) size 75x15 [color=#0000EE]
                    RenderText {#text} at (420,32) size 75x15
                      text run at (420,32) width 75: "People Finder"
                  RenderText {#text} at (495,32) size 9x15
                    text run at (495,32) width 9: "   "
                  RenderInline {A} at (0,0) size 73x15 [color=#0000EE]
                    RenderText {#text} at (504,32) size 73x15
                      text run at (504,32) width 73: "Yellow Pages"
                  RenderText {#text} at (0,0) size 0x0
                RenderText {#text} at (0,0) size 0x0
            RenderTableRow {TR} at (0,105) size 600x48
              RenderTableCell {TD} at (2,113) size 159x32 [r=2 c=0 rs=1 cs=1]
                RenderInline {A} at (0,0) size 115x32 [color=#0000EE]
                  RenderInline {FONT} at (0,0) size 115x30 [color=#CC0033]
                    RenderText {#text} at (22,1) size 115x30
                      text run at (22,1) width 115: "Download Netscape"
                      text run at (26,16) width 107: "Communicator 4.5"
              RenderTableCell {TD} at (163,105) size 270x48 [r=2 c=1 rs=1 cs=1]
                RenderInline {A} at (0,0) size 232x26 [color=#0000EE]
                  RenderImage {IMG} at (19,1) size 232x35 [border: (1px solid #0000EE)]
                  RenderBR {BR} at (251,36) size 0x0
                  RenderInline {FONT} at (0,0) size 46x11
                    RenderText {#text} at (112,36) size 46x11
                      text run at (112,36) width 46: "Click Here!"
                RenderBR {BR} at (158,45) size 0x0
              RenderTableCell {TD} at (435,120) size 161x17 [r=2 c=2 rs=1 cs=1]
                RenderInline {A} at (0,0) size 129x17 [color=#0000EE]
                  RenderInline {FONT} at (0,0) size 129x15 [color=#0066FF]
                    RenderText {#text} at (16,1) size 129x15
                      text run at (16,1) width 129: "Hassle-Free Upgrades"
                RenderText {#text} at (0,0) size 0x0
            RenderTableRow {TR} at (0,155) size 600x19
              RenderTableCell {TD} at (2,155) size 594x19 [r=3 c=0 rs=1 cs=3]
                RenderInline {A} at (0,0) size 48x17 [color=#0000EE]
                  RenderInline {FONT} at (0,0) size 48x15 [color=#0066FF]
                    RenderInline {B} at (0,0) size 48x15
                      RenderText {#text} at (18,3) size 48x15
                        text run at (18,3) width 48: "Contact"
                RenderText {#text} at (65,1) size 13x17
                  text run at (65,1) width 13: " : "
                RenderInline {SMALL} at (0,0) size 499x15
                  RenderInline {A} at (0,0) size 77x15 [color=#0000EE]
                    RenderText {#text} at (77,3) size 77x15
                      text run at (77,3) width 77: "Address Book"
                  RenderText {#text} at (153,3) size 11x15
                    text run at (153,3) width 11: " - "
                  RenderInline {A} at (0,0) size 65x15 [color=#0000EE]
                    RenderText {#text} at (163,3) size 65x15
                      text run at (163,3) width 65: "Discussions"
                  RenderText {#text} at (227,3) size 11x15
                    text run at (227,3) width 11: " - "
                  RenderInline {A} at (0,0) size 99x15 [color=#0000EE]
                    RenderText {#text} at (237,3) size 99x15
                      text run at (237,3) width 99: "Instant Messenger"
                  RenderText {#text} at (335,3) size 11x15
                    text run at (335,3) width 11: " - "
                  RenderInline {A} at (0,0) size 80x15 [color=#0000EE]
                    RenderText {#text} at (345,3) size 80x15
                      text run at (345,3) width 80: "Long Distance"
                  RenderText {#text} at (424,3) size 11x15
                    text run at (424,3) width 11: " - "
                  RenderInline {A} at (0,0) size 51x15 [color=#0000EE]
                    RenderText {#text} at (434,3) size 51x15
                      text run at (434,3) width 51: "Members"
                  RenderText {#text} at (484,3) size 11x15
                    text run at (484,3) width 11: " - "
                  RenderInline {A} at (0,0) size 82x15 [color=#0000EE]
                    RenderText {#text} at (494,3) size 82x15
                      text run at (494,3) width 82: "WebMail< /A>"
                RenderInline {A} at (0,0) size 1x17 [color=#0000EE]
                  RenderText {#text} at (0,0) size 0x0
            RenderTableRow {TR} at (0,176) size 600x3
              RenderTableCell {TD} at (2,176) size 596x3 [bgcolor=#99CCCC] [r=4 c=0 rs=1 cs=4]
                RenderTable {TABLE} at (1,1) size 1x1
                  RenderTableSection {TBODY} at (0,0) size 1x1
                    RenderTableRow {TR} at (0,0) size 1x1
                      RenderTableCell {TD} at (0,0) size 0x0 [r=0 c=0 rs=1 cs=1]
layer at (247,77) size 275x17
  RenderBlock {DIV} at (3,3) size 275x17
