layer at (0,0) size 800x600
  RenderView at (0,0) size 800x600
layer at (0,0) size 800x600
  RenderBlock {HTML} at (0,0) size 800x600
    RenderBody {BODY} at (8,8) size 784x584
      RenderTable {TABLE} at (0,0) size 784x60
        RenderTableSection {TBODY} at (0,0) size 784x60
          RenderTableRow {TR} at (0,2) size 784x2
            RenderTableCell {TD} at (2,2) size 780x2 [r=0 c=0 rs=1 cs=1]
          RenderTableRow {TR} at (0,6) size 784x52
            RenderTableCell {TD} at (2,6) size 780x52 [r=1 c=0 rs=1 cs=1]
              RenderBlock (anonymous) at (1,1) size 778x34
                RenderText {#text} at (0,0) size 764x34
                  text run at (0,0) width 764: "BlaBlaBla Bla BlaBla BlaBlaBlaBla Bla Bla Bla BlaBlaBla BlaBla Bla BlaBla BlaBlaBlaBla BlaBla Bla BlaBla BlaBla"
                  text run at (0,17) width 22: "Bla"
              RenderBlock {P} at (1,51) size 778x0
      RenderBlock (anonymous) at (0,60) size 784x17
        RenderBR {BR} at (0,0) size 0x17
      RenderTable {TABLE} at (0,77) size 784x60
        RenderTableSection {TBODY} at (0,0) size 784x60
          RenderTableRow {TR} at (0,2) size 784x52
            RenderTableCell {TD} at (2,2) size 780x52 [r=0 c=0 rs=1 cs=1]
              RenderBlock (anonymous) at (1,1) size 778x34
                RenderText {#text} at (0,0) size 764x34
                  text run at (0,0) width 764: "BlaBlaBla Bla BlaBla BlaBlaBlaBla Bla Bla Bla BlaBlaBla BlaBla Bla BlaBla BlaBlaBlaBla BlaBla Bla BlaBla BlaBla"
                  text run at (0,17) width 22: "Bla"
              RenderBlock {P} at (1,51) size 778x0
          RenderTableRow {TR} at (0,56) size 784x2
            RenderTableCell {TD} at (2,56) size 780x2 [r=1 c=0 rs=1 cs=1]
