layer at (0,0) size 800x600
  RenderView at (0,0) size 800x600
layer at (0,0) size 800x600
  RenderBlock {HTML} at (0,0) size 800x600
    RenderBody {BODY} at (8,8) size 784x584
      RenderTable {TABLE} at (0,0) size 200x73 [border: (1px outset #808080)]
        RenderTableSection {TBODY} at (1,1) size 198x71
          RenderTableRow {TR} at (0,2) size 198x21
            RenderTableCell {TD} at (2,2) size 99x21 [border: (1px inset #808080)] [r=0 c=0 rs=1 cs=1]
              RenderText {#text} at (2,2) size 36x17
                text run at (2,2) width 36: "AAA"
            RenderTableCell {TD} at (103,2) size 93x21 [border: (1px inset #808080)] [r=0 c=1 rs=1 cs=1]
              RenderText {#text} at (2,2) size 33x17
                text run at (2,2) width 33: "BBB"
          RenderTableRow {TR} at (0,25) size 198x21
            RenderTableCell {TD} at (2,25) size 99x21 [border: (1px inset #808080)] [r=1 c=0 rs=1 cs=1]
              RenderText {#text} at (43,2) size 13x17
                text run at (43,2) width 13: "A"
            RenderTableCell {TD} at (103,25) size 93x21 [border: (1px inset #808080)] [r=1 c=1 rs=1 cs=1]
              RenderText {#text} at (41,2) size 11x17
                text run at (41,2) width 11: "B"
          RenderTableRow {TR} at (0,48) size 198x21
            RenderTableCell {TD} at (2,48) size 99x21 [border: (1px inset #808080)] [r=2 c=0 rs=1 cs=1]
              RenderText {#text} at (85,2) size 12x17
                text run at (85,2) width 12: "A"
            RenderTableCell {TD} at (103,48) size 93x21 [border: (1px inset #808080)] [r=2 c=1 rs=1 cs=1]
              RenderText {#text} at (80,2) size 11x17
                text run at (80,2) width 11: "B"
      RenderBlock (anonymous) at (0,73) size 784x17
        RenderBR {BR} at (0,0) size 0x17
      RenderTable {TABLE} at (0,90) size 784x73 [border: (1px outset #808080)]
        RenderTableSection {TBODY} at (1,1) size 782x71
          RenderTableRow {TR} at (0,2) size 782x21
            RenderTableCell {TD} at (2,2) size 368x21 [border: (1px inset #808080)] [r=0 c=0 rs=1 cs=1]
              RenderText {#text} at (2,2) size 27x17
                text run at (2,2) width 27: "<tr>"
            RenderTableCell {TH} at (372,2) size 214x21 [border: (1px inset #808080)] [r=0 c=1 rs=1 cs=1]
              RenderText {#text} at (72,2) size 70x17
                text run at (72,2) width 70: "th: Center"
            RenderTableCell {TD} at (588,2) size 192x21 [border: (1px inset #808080)] [r=0 c=2 rs=1 cs=1]
              RenderText {#text} at (2,2) size 46x17
                text run at (2,2) width 46: "td: Left"
          RenderTableRow {TR} at (0,25) size 782x21
            RenderTableCell {TD} at (2,25) size 368x21 [border: (1px inset #808080)] [r=1 c=0 rs=1 cs=1]
              RenderText {#text} at (2,2) size 105x17
                text run at (2,2) width 105: "<tr align=\"left\">"
            RenderTableCell {TH} at (372,25) size 214x21 [border: (1px inset #808080)] [r=1 c=1 rs=1 cs=1]
              RenderText {#text} at (2,2) size 51x17
                text run at (2,2) width 51: "th: Left"
            RenderTableCell {TD} at (588,25) size 192x21 [border: (1px inset #808080)] [r=1 c=2 rs=1 cs=1]
              RenderText {#text} at (2,2) size 46x17
                text run at (2,2) width 46: "td: Left"
          RenderTableRow {TR} at (0,48) size 782x21
            RenderTableCell {TD} at (2,48) size 368x21 [border: (1px inset #808080)] [r=2 c=0 rs=1 cs=1]
              RenderText {#text} at (2,2) size 123x17
                text run at (2,2) width 123: "<tr align=\"center\">"
            RenderTableCell {TH} at (372,48) size 214x21 [border: (1px inset #808080)] [r=2 c=1 rs=1 cs=1]
              RenderText {#text} at (72,2) size 70x17
                text run at (72,2) width 70: "th: Center"
            RenderTableCell {TD} at (588,48) size 192x21 [border: (1px inset #808080)] [r=2 c=2 rs=1 cs=1]
              RenderText {#text} at (65,2) size 62x17
                text run at (65,2) width 62: "td: Center"
      RenderBlock (anonymous) at (0,163) size 784x17
        RenderBR {BR} at (0,0) size 0x17
