layer at (0,0) size 800x600
  RenderView at (0,0) size 800x600
layer at (0,0) size 800x600
  RenderBlock {HTML} at (0,0) size 800x600
    RenderBody {BODY} at (8,8) size 784x576 [bgcolor=#FFFFFF]
      RenderBlock {H4} at (0,0) size 784x17
        RenderText {#text} at (0,0) size 538x17
          text run at (0,0) width 538: "TBODY is not correctly positioned when TFOOT is present but THEAD is not:"
      RenderTable {TABLE} at (0,38) size 67x51 [border: (1px outset #808080)]
        RenderTableSection {TFOOT} at (1,26) size 65x23
          RenderTableRow {TR} at (0,0) size 65x21
            RenderTableCell {TD} at (2,0) size 61x21 [border: (1px inset #808080)] [r=0 c=0 rs=1 cs=1]
              RenderText {#text} at (2,2) size 53x17
                text run at (2,2) width 53: "TFOOT"
        RenderTableSection {TBODY} at (1,1) size 65x25
          RenderTableRow {TR} at (0,2) size 65x21
            RenderTableCell {TD} at (2,2) size 61x21 [border: (1px inset #808080)] [r=0 c=0 rs=1 cs=1]
              RenderText {#text} at (2,2) size 57x17
                text run at (2,2) width 57: "TBODY"
      RenderBlock (anonymous) at (0,88) size 784x18
        RenderBR {BR} at (0,0) size 0x17
      RenderTable {TABLE} at (0,105) size 68x74 [border: (1px outset #808080)]
        RenderTableSection {THEAD} at (1,1) size 66x25
          RenderTableRow {TR} at (0,2) size 66x21
            RenderTableCell {TH} at (2,2) size 62x21 [border: (1px inset #808080)] [r=0 c=0 rs=1 cs=1]
              RenderText {#text} at (2,2) size 58x17
                text run at (2,2) width 58: "THEAD"
        RenderTableSection {TFOOT} at (1,49) size 66x23
          RenderTableRow {TR} at (0,0) size 66x21
            RenderTableCell {TD} at (2,0) size 62x21 [border: (1px inset #808080)] [r=0 c=0 rs=1 cs=1]
              RenderText {#text} at (2,2) size 53x17
                text run at (2,2) width 53: "TFOOT"
        RenderTableSection {TBODY} at (1,26) size 66x23
          RenderTableRow {TR} at (0,0) size 66x21
            RenderTableCell {TD} at (2,0) size 62x21 [border: (1px inset #808080)] [r=0 c=0 rs=1 cs=1]
              RenderText {#text} at (2,2) size 57x17
                text run at (2,2) width 57: "TBODY"
      RenderBlock {P} at (0,194) size 784x215
        RenderBlock (anonymous) at (0,0) size 784x18
          RenderText {#text} at (0,0) size 154x17
            text run at (0,0) width 154: "Same as above but with "
          RenderInline {CODE} at (0,0) size 128x15
            RenderText {#text} at (154,3) size 128x15
              text run at (154,3) width 128: "CELLSPACING=\"10\""
          RenderText {#text} at (282,0) size 4x17
            text run at (282,0) width 4: ":"
        RenderTable {TABLE} at (0,18) size 83x74 [border: (1px outset #808080)]
          RenderTableSection {TFOOT} at (1,42) size 81x31
            RenderTableRow {TR} at (0,0) size 81x21
              RenderTableCell {TD} at (10,0) size 61x21 [border: (1px inset #808080)] [r=0 c=0 rs=1 cs=1]
                RenderText {#text} at (2,2) size 53x17
                  text run at (2,2) width 53: "TFOOT"
          RenderTableSection {TBODY} at (1,1) size 81x41
            RenderTableRow {TR} at (0,10) size 81x21
              RenderTableCell {TD} at (10,10) size 61x21 [border: (1px inset #808080)] [r=0 c=0 rs=1 cs=1]
                RenderText {#text} at (2,2) size 57x17
                  text run at (2,2) width 57: "TBODY"
        RenderBlock (anonymous) at (0,92) size 784x17
          RenderBR {BR} at (0,0) size 0x17
        RenderTable {TABLE} at (0,109) size 84x105 [border: (1px outset #808080)]
          RenderTableSection {THEAD} at (1,1) size 82x41
            RenderTableRow {TR} at (0,10) size 82x21
              RenderTableCell {TH} at (10,10) size 62x21 [border: (1px inset #808080)] [r=0 c=0 rs=1 cs=1]
                RenderText {#text} at (2,2) size 58x17
                  text run at (2,2) width 58: "THEAD"
          RenderTableSection {TFOOT} at (1,73) size 82x31
            RenderTableRow {TR} at (0,0) size 82x21
              RenderTableCell {TD} at (10,0) size 62x21 [border: (1px inset #808080)] [r=0 c=0 rs=1 cs=1]
                RenderText {#text} at (2,2) size 53x17
                  text run at (2,2) width 53: "TFOOT"
          RenderTableSection {TBODY} at (1,42) size 82x31
            RenderTableRow {TR} at (0,0) size 82x21
              RenderTableCell {TD} at (10,0) size 62x21 [border: (1px inset #808080)] [r=0 c=0 rs=1 cs=1]
                RenderText {#text} at (2,2) size 57x17
                  text run at (2,2) width 57: "TBODY"
