layer at (0,0) size 785x682
  RenderView at (0,0) size 785x600
layer at (0,0) size 785x682
  RenderBlock {HTML} at (0,0) size 785x682
    RenderBody {BODY} at (8,21) size 769x645
      RenderBlock {H1} at (0,0) size 769x36
        RenderText {#text} at (0,0) size 315x36
          text run at (0,0) width 315: "Generic Table Tests - 1"
      RenderBlock {P} at (0,57) size 769x18
        RenderText {#text} at (0,0) size 387x17
          text run at (0,0) width 387: "If you have any comments to make regarding this test, e-mail "
        RenderInline {A} at (0,0) size 182x17 [color=#0000EE]
          RenderText {#text} at (387,0) size 182x17
            text run at (387,0) width 182: "py8ieh=eviltests@bath.ac.uk"
        RenderText {#text} at (569,0) size 4x17
          text run at (569,0) width 4: "."
      RenderBlock {DL} at (0,90) size 769x35
        RenderBlock {DT} at (0,0) size 769x17
          RenderText {#text} at (0,0) size 80x17
            text run at (0,0) width 80: "Prerequisites"
        RenderBlock {DD} at (40,17) size 729x17
          RenderText {#text} at (0,0) size 683x17
            text run at (0,0) width 683: "Browsers that are subjected to this test should support CSS1 and the CSS2 table model, and multiple classes."
      RenderBlock {P} at (0,140) size 769x95 [border: (5px double #FF0000)]
        RenderBlock (anonymous) at (13,13) size 743x17
          RenderText {#text} at (0,0) size 233x17
            text run at (0,0) width 233: "If this paragraph breaks the line here:"
        RenderTable {SPAN} at (13,30) size 58x17
          RenderTableSection (anonymous) at (0,0) size 58x17
            RenderTableRow (anonymous) at (0,0) size 58x17
              RenderTableCell (anonymous) at (0,0) size 58x17 [r=0 c=0 rs=1 cs=1]
                RenderText {#text} at (0,0) size 58x17
                  text run at (0,0) width 58: "and here:"
        RenderBlock (anonymous) at (13,47) size 743x34
          RenderText {#text} at (0,0) size 119x17
            text run at (0,0) width 119: "then your browser "
          RenderInline {EM} at (0,0) size 81x17
            RenderText {#text} at (119,0) size 81x17
              text run at (119,0) width 81: "does support"
          RenderText {#text} at (200,0) size 161x17
            text run at (200,0) width 161: " table values on 'display'. "
          RenderInline {STRONG} at (0,0) size 742x34
            RenderText {#text} at (361,0) size 742x34
              text run at (361,0) width 381: "If this paragraphs flows without any undue breaks, then"
              text run at (0,17) width 421: "you should mark your browser as not supporting table values!"
      RenderBlock {H2} at (0,254) size 769x27
        RenderText {#text} at (0,0) size 224x26
          text run at (0,0) width 224: "1. Table -> Table Cell"
      RenderBlock {P} at (0,300) size 769x35
        RenderText {#text} at (0,0) size 755x34
          text run at (0,0) width 755: "Below there should be a gray bar, spanning the width of the BODY, with the text \"Left\" to the left and the text \"Right\","
          text run at (0,17) width 217: "on the same line, flush to the right."
      RenderTable {DIV} at (0,350) size 769x18 [bgcolor=#C0C0C0]
        RenderTableSection (anonymous) at (0,0) size 769x17
          RenderTableRow (anonymous) at (0,0) size 769x17
            RenderTableCell {DIV} at (0,0) size 327x17 [r=0 c=0 rs=1 cs=1]
              RenderText {#text} at (0,0) size 26x17
                text run at (0,0) width 26: "Left"
            RenderTableCell {DIV} at (327,0) size 442x17 [r=0 c=1 rs=1 cs=1]
              RenderText {#text} at (407,0) size 35x17
                text run at (407,0) width 35: "Right"
      RenderBlock {H2} at (0,387) size 769x27
        RenderText {#text} at (0,0) size 154x26
          text run at (0,0) width 154: "Submit Results"
      RenderBlock {FORM} at (0,433) size 769x62
        RenderBlock {P} at (0,0) size 769x61
          RenderText {#text} at (0,7) size 263x17
            text run at (0,7) width 263: "How does your browser fare on this test? "
          RenderMenuList {SELECT} at (265,2) size 307x27 [bgcolor=#FFFFFF] [border: (1px solid #000000)]
            RenderBlock (anonymous) at (1,1) size 305x25
              RenderText at (4,4) size 183x17
                text run at (4,4) width 183: "The test renders correctly."
          RenderText {#text} at (574,7) size 4x17
            text run at (574,7) width 4: " "
          RenderInline {LABEL} at (0,0) size 648x47
            RenderText {#text} at (578,7) size 70x17
              text run at (578,7) width 70: "Comment: "
            RenderTextControl {INPUT} at (2,34) size 191x23 [bgcolor=#FFFFFF] [border: (2px inset #000000)]
          RenderText {#text} at (195,37) size 4x17
            text run at (195,37) width 4: " "
          RenderButton {INPUT} at (201,33) size 66x26 [bgcolor=#C0C0C0] [border: (2px outset #C0C0C0)]
            RenderBlock (anonymous) at (8,4) size 50x17
              RenderText at (0,0) size 50x17
                text run at (0,0) width 50: "Submit"
          RenderText {#text} at (0,0) size 0x0
      RenderBlock {HR} at (0,510) size 769x3 [border: (1px inset #000000)]
      RenderBlock {P} at (0,528) size 769x18
        RenderText {#text} at (0,0) size 63x17
          text run at (0,0) width 63: "Up to the "
        RenderInline {A} at (0,0) size 73x17 [color=#0000EE]
          RenderText {#text} at (63,0) size 73x17
            text run at (63,0) width 73: "Table Tests"
        RenderText {#text} at (136,0) size 4x17
          text run at (136,0) width 4: "."
      RenderBlock {P} at (0,561) size 769x18
        RenderText {#text} at (0,0) size 63x17
          text run at (0,0) width 63: "Up to the "
        RenderInline {A} at (0,0) size 98x17 [color=#0000EE]
          RenderText {#text} at (63,0) size 98x17
            text run at (63,0) width 98: "Evil Tests Page"
        RenderText {#text} at (161,0) size 4x17
          text run at (161,0) width 4: "."
      RenderBlock {P} at (0,594) size 769x18
        RenderText {#text} at (0,0) size 173x17
          text run at (0,0) width 173: "This page is maintained by "
        RenderInline {A} at (0,0) size 77x17 [color=#0000EE]
          RenderText {#text} at (173,0) size 77x17
            text run at (173,0) width 77: "Ian Hickson"
        RenderText {#text} at (250,0) size 9x17
          text run at (250,0) width 9: " ("
        RenderInline {A} at (0,0) size 123x17 [color=#0000EE]
          RenderText {#text} at (259,0) size 123x17
            text run at (259,0) width 123: "py8ieh@bath.ac.uk"
        RenderText {#text} at (382,0) size 9x17
          text run at (382,0) width 9: ")."
      RenderBlock {P} at (0,627) size 769x18
        RenderText {#text} at (0,0) size 182x17
          text run at (0,0) width 182: "Last updated in March 1999."
layer at (13,492) size 185x17
  RenderBlock {DIV} at (3,3) size 185x17
