layer at (0,0) size 800x600
  RenderView at (0,0) size 800x600
layer at (0,0) size 800x56
  RenderBlock {HTML} at (0,0) size 800x56
    RenderBody {BODY} at (8,8) size 784x40
      RenderBlock (anonymous) at (0,0) size 784x17
        RenderText {#text} at (0,0) size 255x17
          text run at (0,0) width 255: "This is the first of two lines on this page."
      RenderBlock {TABLE} at (0,17) size 784x23
        RenderTable at (0,0) size 281x23
          RenderTableSection {TBODY} at (0,0) size 281x23
            RenderTableRow (anonymous) at (0,2) size 281x19
              RenderTableCell (anonymous) at (2,2) size 277x19 [r=0 c=0 rs=1 cs=1]
                RenderBlock {TR} at (0,0) size 277x19
                  RenderBlock {TD} at (0,0) size 277x19
                    RenderText {#text} at (1,1) size 275x17
                      text run at (1,1) width 275: "This is the second of two lines on this page."
