layer at (0,0) size 800x600
  RenderView at (0,0) size 800x600
layer at (0,0) size 800x600
  RenderBlock {HTML} at (0,0) size 800x600
    RenderBody {BODY} at (8,8) size 784x584 [bgcolor=#FFFFFF]
      RenderTable {TABLE} at (0,0) size 784x119 [border: (1px outset #808080)]
        RenderTableSection {TBODY} at (1,1) size 782x117
          RenderTableRow {TR} at (0,2) size 782x21
            RenderTableCell {TD} at (2,2) size 77x21 [border: (1px inset #808080)] [r=0 c=0 rs=1 cs=1]
              RenderText {#text} at (2,2) size 29x17
                text run at (2,2) width 29: "10%"
            RenderTableCell {TD} at (81,2) size 699x21 [border: (1px inset #808080)] [r=0 c=1 rs=1 cs=5]
              RenderText {#text} at (2,2) size 93x17
                text run at (2,2) width 93: "90% colspan 5"
          RenderTableRow {TR} at (0,25) size 782x21
            RenderTableCell {TD} at (2,25) size 233x21 [border: (1px inset #808080)] [r=1 c=0 rs=1 cs=2]
              RenderText {#text} at (2,2) size 93x17
                text run at (2,2) width 93: "30% colspan 2"
            RenderTableCell {TD} at (237,25) size 388x21 [border: (1px inset #808080)] [r=1 c=2 rs=1 cs=3]
              RenderText {#text} at (2,2) size 93x17
                text run at (2,2) width 93: "50% colspan 3"
            RenderTableCell {TD} at (627,25) size 153x21 [border: (1px inset #808080)] [r=1 c=5 rs=1 cs=1]
              RenderText {#text} at (2,2) size 29x17
                text run at (2,2) width 29: "20%"
          RenderTableRow {TR} at (0,48) size 782x21
            RenderTableCell {TD} at (2,48) size 312x21 [border: (1px inset #808080)] [r=2 c=0 rs=1 cs=3]
              RenderText {#text} at (2,2) size 93x17
                text run at (2,2) width 93: "40% colspan 3"
            RenderTableCell {TD} at (316,48) size 309x21 [border: (1px inset #808080)] [r=2 c=3 rs=1 cs=2]
              RenderText {#text} at (2,2) size 93x17
                text run at (2,2) width 93: "40% colspan 2"
            RenderTableCell {TD} at (627,48) size 153x21 [border: (1px inset #808080)] [r=2 c=5 rs=1 cs=1]
              RenderText {#text} at (2,2) size 29x17
                text run at (2,2) width 29: "20%"
          RenderTableRow {TR} at (0,71) size 782x21
            RenderTableCell {TD} at (2,71) size 545x21 [border: (1px inset #808080)] [r=3 c=0 rs=1 cs=4]
              RenderText {#text} at (2,2) size 93x17
                text run at (2,2) width 93: "70% colspan 4"
            RenderTableCell {TD} at (549,71) size 76x21 [border: (1px inset #808080)] [r=3 c=4 rs=1 cs=1]
              RenderText {#text} at (2,2) size 29x17
                text run at (2,2) width 29: "10%"
            RenderTableCell {TD} at (627,71) size 153x21 [border: (1px inset #808080)] [r=3 c=5 rs=1 cs=1]
              RenderText {#text} at (2,2) size 29x17
                text run at (2,2) width 29: "20%"
          RenderTableRow {TR} at (0,94) size 782x21
            RenderTableCell {TD} at (2,94) size 623x21 [border: (1px inset #808080)] [r=4 c=0 rs=1 cs=5]
              RenderText {#text} at (2,2) size 93x17
                text run at (2,2) width 93: "80% colspan 5"
            RenderTableCell {TD} at (627,94) size 153x21 [border: (1px inset #808080)] [r=4 c=5 rs=1 cs=1]
              RenderText {#text} at (2,2) size 29x17
                text run at (2,2) width 29: "20%"
