layer at (0,0) size 800x600
  RenderView at (0,0) size 800x600
layer at (0,0) size 800x600
  RenderBlock {HTML} at (0,0) size 800x600
    RenderBody {BODY} at (8,8) size 784x576
      RenderBlock (anonymous) at (0,0) size 784x17
        RenderText {#text} at (0,0) size 264x17
          text run at (0,0) width 264: "The select should not contain blank items "
        RenderBR {BR} at (264,14) size 0x0
      RenderBlock {FORM} at (0,17) size 784x31
        RenderInline {B} at (0,0) size 47x17
          RenderText {#text} at (0,7) size 47x17
            text run at (0,7) width 47: "Search"
        RenderText {#text} at (47,7) size 4x17
          text run at (47,7) width 4: " "
        RenderTextControl {INPUT} at (53,4) size 173x23 [bgcolor=#FFFFFF] [border: (2px inset #000000)]
        RenderText {#text} at (228,7) size 4x17
          text run at (228,7) width 4: " "
        RenderMenuList {SELECT} at (234,2) size 87x27 [bgcolor=#FFFFFF] [border: (1px solid #000000)]
          RenderBlock (anonymous) at (1,1) size 85x25
            RenderText at (4,4) size 44x17
              text run at (4,4) width 44: "Excite"
        RenderText {#text} at (0,0) size 0x0
      RenderBlock (anonymous) at (0,64) size 784x34
        RenderBR {BR} at (0,0) size 0x17
        RenderText {#text} at (0,17) size 264x17
          text run at (0,17) width 264: "The select should not contain blank items "
        RenderBR {BR} at (264,31) size 0x0
      RenderBlock {FORM} at (0,98) size 784x31
        RenderMenuList {SELECT} at (2,2) size 255x27 [bgcolor=#FFFFFF] [border: (1px solid #000000)]
          RenderBlock (anonymous) at (1,1) size 253x25
            RenderText at (4,4) size 75x17
              text run at (4,4) width 75: "Quick Link"
layer at (64,32) size 167x17
  RenderBlock {DIV} at (3,3) size 167x17
