layer at (0,0) size 800x600
  RenderView at (0,0) size 800x600
layer at (0,0) size 800x600
  RenderBlock {HTML} at (0,0) size 800x600
    RenderBody {BODY} at (8,8) size 784x576
      RenderTable {TABLE} at (0,0) size 378x27 [border: (3px outset #808080)]
        RenderTableSection {TBODY} at (3,3) size 372x21
          RenderTableRow {TR} at (0,0) size 372x21
            RenderTableCell {TD} at (0,0) size 68x21 [border: (1px inset #808080)] [r=0 c=0 rs=1 cs=1]
              RenderText {#text} at (2,2) size 64x17
                text run at (2,2) width 64: "fieldLabel"
            RenderTableCell {TD} at (68,0) size 304x21 [border: (1px inset #808080)] [r=0 c=1 rs=1 cs=1]
              RenderText {#text} at (2,2) size 106x17
                text run at (2,2) width 106: "   InspectionText"
      RenderBlock {FORM} at (0,27) size 784x30
        RenderButton {INPUT} at (2,2) size 111x26 [bgcolor=#C0C0C0] [border: (2px outset #C0C0C0)]
          RenderBlock (anonymous) at (8,4) size 95x17
            RenderText at (0,0) size 95x17
              text run at (0,0) width 95: "change width"
        RenderText {#text} at (115,6) size 4x17
          text run at (115,6) width 4: " "
        RenderButton {INPUT} at (121,2) size 230x26 [bgcolor=#C0C0C0] [border: (2px outset #C0C0C0)]
          RenderBlock (anonymous) at (8,4) size 214x17
            RenderText at (0,0) size 214x17
              text run at (0,0) width 214: "change width with table reflow"
        RenderText {#text} at (0,0) size 0x0
