layer at (0,0) size 800x600
  RenderView at (0,0) size 800x600
layer at (0,0) size 800x600
  RenderBlock {HTML} at (0,0) size 800x600
    RenderBody {BODY} at (8,8) size 784x576 [bgcolor=#FFFFFF]
      RenderBlock {P} at (0,0) size 784x34
        RenderText {#text} at (0,0) size 761x34
          text run at (0,0) width 433: "Click on a link on the left hand column. Also note the overlap of the "
          text run at (433,0) width 328: "text box with the submit button. (And, removing the"
          text run at (0,17) width 152: "font tag that is wrapped "
          text run at (152,17) width 234: "around the text box clears up layout)."
      RenderBlock (anonymous) at (0,50) size 784x17
        RenderBR {BR} at (0,0) size 0x17
      RenderBlock {FORM} at (0,67) size 784x136
        RenderBlock {CENTER} at (0,0) size 784x136
          RenderTable {TABLE} at (89,0) size 606x136 [bgcolor=#EEEEEE] [border: (1px outset #808080)]
            RenderTableSection {TBODY} at (1,1) size 604x134
              RenderTableRow {TR} at (0,3) size 604x128
                RenderTableCell {TD} at (3,3) size 98x128 [border: (1px inset #808080)] [r=0 c=0 rs=1 cs=1]
                  RenderTable {TABLE} at (4,4) size 90x120 [bgcolor=#FFFFFF] [border: (1px outset #808080)]
                    RenderTableSection {TBODY} at (1,1) size 88x118
                      RenderTableRow {TR} at (0,2) size 88x27
                        RenderTableCell {TD} at (2,4) size 84x23 [bgcolor=#CCCCCC] [border: (1px inset #808080)] [r=0 c=0 rs=1 cs=1]
                          RenderInline {A} at (0,0) size 61x17 [color=#660099]
                            RenderInline {B} at (0,0) size 61x17
                              RenderText {#text} at (3,3) size 61x17
                                text run at (3,3) width 61: "Netscape"
                          RenderText {#text} at (0,0) size 0x0
                      RenderTableRow {TR} at (0,31) size 88x27
                        RenderTableCell {TD} at (2,33) size 84x23 [bgcolor=#FFFFFF] [border: (1px inset #808080)] [r=1 c=0 rs=1 cs=1]
                          RenderInline {A} at (0,0) size 57x17 [color=#660099]
                            RenderInline {B} at (0,0) size 57x17
                              RenderText {#text} at (3,3) size 57x17
                                text run at (3,3) width 57: "Infoseek"
                          RenderText {#text} at (0,0) size 0x0
                      RenderTableRow {TR} at (0,60) size 88x27
                        RenderTableCell {TD} at (2,62) size 84x23 [bgcolor=#FFFFFF] [border: (1px inset #808080)] [r=2 c=0 rs=1 cs=1]
                          RenderInline {A} at (0,0) size 78x17 [color=#660099]
                            RenderInline {B} at (0,0) size 78x17
                              RenderText {#text} at (3,3) size 78x17
                                text run at (3,3) width 78: "LookSmart"
                          RenderText {#text} at (0,0) size 0x0
                      RenderTableRow {TR} at (0,89) size 88x27
                        RenderTableCell {TD} at (2,91) size 84x23 [bgcolor=#FFFFFF] [border: (1px inset #808080)] [r=3 c=0 rs=1 cs=1]
                          RenderInline {A} at (0,0) size 65x17 [color=#660099]
                            RenderInline {B} at (0,0) size 65x17
                              RenderText {#text} at (3,3) size 65x17
                                text run at (3,3) width 65: "Directory"
                          RenderText {#text} at (0,0) size 0x0
                RenderTableCell {TD} at (104,22) size 497x89 [bgcolor=#CCCCCC] [border: (1px inset #808080)] [r=0 c=1 rs=1 cs=1]
                  RenderTable {TABLE} at (4,4) size 489x81 [border: (1px outset #808080)]
                    RenderTableSection {TBODY} at (1,1) size 487x79
                      RenderTableRow {TR} at (0,4) size 487x40
                        RenderTableCell {TD} at (4,4) size 394x37 [border: (1px inset #808080)] [r=0 c=0 rs=1 cs=3]
                          RenderInline {FONT} at (0,0) size 384x15
                            RenderText {#text} at (0,0) size 0x0
                            RenderTextControl {INPUT} at (7,7) size 380x23 [bgcolor=#FFFFFF] [border: (2px inset #000000)]
                            RenderText {#text} at (0,0) size 0x0
                          RenderText {#text} at (0,0) size 0x0
                        RenderTableCell {TD} at (402,4) size 81x40 [border: (1px inset #808080)] [r=0 c=3 rs=1 cs=1]
                          RenderButton {INPUT} at (7,7) size 67x26 [bgcolor=#C0C0C0] [border: (2px outset #C0C0C0)]
                            RenderBlock (anonymous) at (8,4) size 51x17
                              RenderText at (0,0) size 51x17
                                text run at (0,0) width 51: "Search"
                          RenderText {#text} at (0,0) size 0x0
                      RenderTableRow {TR} at (0,48) size 487x27
                        RenderTableCell {TD} at (4,48) size 128x27 [border: (1px inset #808080)] [r=1 c=0 rs=1 cs=1]
                          RenderText {#text} at (5,5) size 26x17
                            text run at (5,5) width 26: "asdf"
                        RenderTableCell {TD} at (136,48) size 129x27 [border: (1px inset #808080)] [r=1 c=1 rs=1 cs=1]
                          RenderText {#text} at (5,5) size 26x17
                            text run at (5,5) width 26: "asdf"
                        RenderTableCell {TD} at (269,48) size 129x27 [border: (1px inset #808080)] [r=1 c=2 rs=1 cs=1]
                          RenderText {#text} at (5,5) size 26x17
                            text run at (5,5) width 26: "asdf"
                        RenderTableCell {TD} at (402,48) size 81x27 [border: (1px inset #808080)] [r=1 c=3 rs=1 cs=1]
                          RenderText {#text} at (5,5) size 26x17
                            text run at (5,5) width 26: "asdf"
layer at (221,117) size 374x17
  RenderBlock {DIV} at (3,3) size 374x17
