layer at (0,0) size 785x1504
  RenderView at (0,0) size 785x600
layer at (0,0) size 785x1504
  RenderBlock {HTML} at (0,0) size 785x1504
    RenderBody {BODY} at (8,8) size 769x1488
      RenderTable {TABLE} at (0,0) size 227x496
        RenderTableSection {TBODY} at (0,0) size 227x496
          RenderTableRow {TR} at (0,2) size 227x19
            RenderTableCell {TD} at (2,2) size 223x19 [r=0 c=0 rs=1 cs=1]
              RenderText {#text} at (1,1) size 221x17
                text run at (1,1) width 221: "Occasional height/width on images"
          RenderTableRow {TR} at (0,23) size 227x34
            RenderTableCell {TD} at (2,23) size 223x34 [r=1 c=0 rs=1 cs=1]
              RenderImage {IMG} at (1,1) size 75x32
          RenderTableRow {TR} at (0,59) size 227x24
            RenderTableCell {TD} at (2,59) size 223x24 [r=2 c=0 rs=1 cs=1]
              RenderImage {IMG} at (1,1) size 44x22
          RenderTableRow {TR} at (0,85) size 227x15
            RenderTableCell {TD} at (2,85) size 223x15 [r=3 c=0 rs=1 cs=1]
              RenderImage {IMG} at (1,1) size 89x13
          RenderTableRow {TR} at (0,102) size 227x15
            RenderTableCell {TD} at (2,102) size 223x15 [r=4 c=0 rs=1 cs=1]
              RenderImage {IMG} at (1,1) size 89x13
          RenderTableRow {TR} at (0,119) size 227x31
            RenderTableCell {TD} at (2,119) size 223x31 [r=5 c=0 rs=1 cs=1]
              RenderImage {IMG} at (1,1) size 31x29
          RenderTableRow {TR} at (0,152) size 227x23
            RenderTableCell {TD} at (2,152) size 223x23 [r=6 c=0 rs=1 cs=1]
              RenderImage {IMG} at (1,1) size 62x21
          RenderTableRow {TR} at (0,177) size 227x17
            RenderTableCell {TD} at (2,177) size 223x17 [r=7 c=0 rs=1 cs=1]
              RenderImage {IMG} at (1,1) size 70x15
          RenderTableRow {TR} at (0,196) size 227x28
            RenderTableCell {TD} at (2,196) size 223x28 [r=8 c=0 rs=1 cs=1]
              RenderImage {IMG} at (1,1) size 42x26
          RenderTableRow {TR} at (0,226) size 227x17
            RenderTableCell {TD} at (2,226) size 223x17 [r=9 c=0 rs=1 cs=1]
              RenderImage {IMG} at (1,1) size 84x15
          RenderTableRow {TR} at (0,245) size 227x17
            RenderTableCell {TD} at (2,245) size 223x17 [r=10 c=0 rs=1 cs=1]
              RenderImage {IMG} at (1,1) size 90x15
          RenderTableRow {TR} at (0,264) size 227x34
            RenderTableCell {TD} at (2,264) size 223x34 [r=11 c=0 rs=1 cs=1]
              RenderImage {IMG} at (1,1) size 59x32
          RenderTableRow {TR} at (0,300) size 227x17
            RenderTableCell {TD} at (2,300) size 223x17 [r=12 c=0 rs=1 cs=1]
              RenderImage {IMG} at (1,1) size 90x15
          RenderTableRow {TR} at (0,319) size 227x17
            RenderTableCell {TD} at (2,319) size 223x17 [r=13 c=0 rs=1 cs=1]
              RenderImage {IMG} at (1,1) size 90x15
          RenderTableRow {TR} at (0,338) size 227x21
            RenderTableCell {TD} at (2,338) size 223x21 [r=14 c=0 rs=1 cs=1]
              RenderImage {IMG} at (1,1) size 83x19
          RenderTableRow {TR} at (0,361) size 227x33
            RenderTableCell {TD} at (2,361) size 223x33 [r=15 c=0 rs=1 cs=1]
              RenderImage {IMG} at (1,1) size 54x31
          RenderTableRow {TR} at (0,396) size 227x27
            RenderTableCell {TD} at (2,396) size 223x27 [r=16 c=0 rs=1 cs=1]
              RenderImage {IMG} at (1,1) size 56x25
          RenderTableRow {TR} at (0,425) size 227x17
            RenderTableCell {TD} at (2,425) size 223x17 [r=17 c=0 rs=1 cs=1]
              RenderImage {IMG} at (1,1) size 53x15
          RenderTableRow {TR} at (0,444) size 227x31
            RenderTableCell {TD} at (2,444) size 223x31 [r=18 c=0 rs=1 cs=1]
              RenderImage {IMG} at (1,1) size 31x29
          RenderTableRow {TR} at (0,477) size 227x17
            RenderTableCell {TD} at (2,477) size 223x17 [r=19 c=0 rs=1 cs=1]
              RenderImage {IMG} at (1,1) size 53x15
      RenderTable {TABLE} at (0,496) size 265x496
        RenderTableSection {TBODY} at (0,0) size 265x496
          RenderTableRow {TR} at (0,2) size 265x19
            RenderTableCell {TD} at (2,2) size 261x19 [r=0 c=0 rs=1 cs=1]
              RenderText {#text} at (1,1) size 259x17
                text run at (1,1) width 259: "Images with height/width never specified"
          RenderTableRow {TR} at (0,23) size 265x34
            RenderTableCell {TD} at (2,23) size 261x34 [r=1 c=0 rs=1 cs=1]
              RenderImage {IMG} at (1,1) size 75x32
          RenderTableRow {TR} at (0,59) size 265x24
            RenderTableCell {TD} at (2,59) size 261x24 [r=2 c=0 rs=1 cs=1]
              RenderImage {IMG} at (1,1) size 44x22
          RenderTableRow {TR} at (0,85) size 265x15
            RenderTableCell {TD} at (2,85) size 261x15 [r=3 c=0 rs=1 cs=1]
              RenderImage {IMG} at (1,1) size 89x13
          RenderTableRow {TR} at (0,102) size 265x15
            RenderTableCell {TD} at (2,102) size 261x15 [r=4 c=0 rs=1 cs=1]
              RenderImage {IMG} at (1,1) size 89x13
          RenderTableRow {TR} at (0,119) size 265x31
            RenderTableCell {TD} at (2,119) size 261x31 [r=5 c=0 rs=1 cs=1]
              RenderImage {IMG} at (1,1) size 31x29
          RenderTableRow {TR} at (0,152) size 265x23
            RenderTableCell {TD} at (2,152) size 261x23 [r=6 c=0 rs=1 cs=1]
              RenderImage {IMG} at (1,1) size 62x21
          RenderTableRow {TR} at (0,177) size 265x17
            RenderTableCell {TD} at (2,177) size 261x17 [r=7 c=0 rs=1 cs=1]
              RenderImage {IMG} at (1,1) size 70x15
          RenderTableRow {TR} at (0,196) size 265x28
            RenderTableCell {TD} at (2,196) size 261x28 [r=8 c=0 rs=1 cs=1]
              RenderImage {IMG} at (1,1) size 42x26
          RenderTableRow {TR} at (0,226) size 265x17
            RenderTableCell {TD} at (2,226) size 261x17 [r=9 c=0 rs=1 cs=1]
              RenderImage {IMG} at (1,1) size 84x15
          RenderTableRow {TR} at (0,245) size 265x17
            RenderTableCell {TD} at (2,245) size 261x17 [r=10 c=0 rs=1 cs=1]
              RenderImage {IMG} at (1,1) size 90x15
          RenderTableRow {TR} at (0,264) size 265x34
            RenderTableCell {TD} at (2,264) size 261x34 [r=11 c=0 rs=1 cs=1]
              RenderImage {IMG} at (1,1) size 59x32
          RenderTableRow {TR} at (0,300) size 265x17
            RenderTableCell {TD} at (2,300) size 261x17 [r=12 c=0 rs=1 cs=1]
              RenderImage {IMG} at (1,1) size 90x15
          RenderTableRow {TR} at (0,319) size 265x17
            RenderTableCell {TD} at (2,319) size 261x17 [r=13 c=0 rs=1 cs=1]
              RenderImage {IMG} at (1,1) size 90x15
          RenderTableRow {TR} at (0,338) size 265x21
            RenderTableCell {TD} at (2,338) size 261x21 [r=14 c=0 rs=1 cs=1]
              RenderImage {IMG} at (1,1) size 83x19
          RenderTableRow {TR} at (0,361) size 265x33
            RenderTableCell {TD} at (2,361) size 261x33 [r=15 c=0 rs=1 cs=1]
              RenderImage {IMG} at (1,1) size 54x31
          RenderTableRow {TR} at (0,396) size 265x27
            RenderTableCell {TD} at (2,396) size 261x27 [r=16 c=0 rs=1 cs=1]
              RenderImage {IMG} at (1,1) size 56x25
          RenderTableRow {TR} at (0,425) size 265x17
            RenderTableCell {TD} at (2,425) size 261x17 [r=17 c=0 rs=1 cs=1]
              RenderImage {IMG} at (1,1) size 53x15
          RenderTableRow {TR} at (0,444) size 265x31
            RenderTableCell {TD} at (2,444) size 261x31 [r=18 c=0 rs=1 cs=1]
              RenderImage {IMG} at (1,1) size 31x29
          RenderTableRow {TR} at (0,477) size 265x17
            RenderTableCell {TD} at (2,477) size 261x17 [r=19 c=0 rs=1 cs=1]
              RenderImage {IMG} at (1,1) size 53x15
      RenderTable {TABLE} at (0,992) size 274x496
        RenderTableSection {TBODY} at (0,0) size 274x496
          RenderTableRow {TR} at (0,2) size 274x19
            RenderTableCell {TD} at (2,2) size 270x19 [r=0 c=0 rs=1 cs=1]
              RenderText {#text} at (1,1) size 268x17
                text run at (1,1) width 268: "Images with height/width always specified"
          RenderTableRow {TR} at (0,23) size 274x34
            RenderTableCell {TD} at (2,23) size 270x34 [r=1 c=0 rs=1 cs=1]
              RenderImage {IMG} at (1,1) size 75x32
          RenderTableRow {TR} at (0,59) size 274x24
            RenderTableCell {TD} at (2,59) size 270x24 [r=2 c=0 rs=1 cs=1]
              RenderImage {IMG} at (1,1) size 44x22
          RenderTableRow {TR} at (0,85) size 274x15
            RenderTableCell {TD} at (2,85) size 270x15 [r=3 c=0 rs=1 cs=1]
              RenderImage {IMG} at (1,1) size 89x13
          RenderTableRow {TR} at (0,102) size 274x15
            RenderTableCell {TD} at (2,102) size 270x15 [r=4 c=0 rs=1 cs=1]
              RenderImage {IMG} at (1,1) size 89x13
          RenderTableRow {TR} at (0,119) size 274x31
            RenderTableCell {TD} at (2,119) size 270x31 [r=5 c=0 rs=1 cs=1]
              RenderImage {IMG} at (1,1) size 31x29
          RenderTableRow {TR} at (0,152) size 274x23
            RenderTableCell {TD} at (2,152) size 270x23 [r=6 c=0 rs=1 cs=1]
              RenderImage {IMG} at (1,1) size 62x21
          RenderTableRow {TR} at (0,177) size 274x17
            RenderTableCell {TD} at (2,177) size 270x17 [r=7 c=0 rs=1 cs=1]
              RenderImage {IMG} at (1,1) size 70x15
          RenderTableRow {TR} at (0,196) size 274x28
            RenderTableCell {TD} at (2,196) size 270x28 [r=8 c=0 rs=1 cs=1]
              RenderImage {IMG} at (1,1) size 42x26
          RenderTableRow {TR} at (0,226) size 274x17
            RenderTableCell {TD} at (2,226) size 270x17 [r=9 c=0 rs=1 cs=1]
              RenderImage {IMG} at (1,1) size 84x15
          RenderTableRow {TR} at (0,245) size 274x17
            RenderTableCell {TD} at (2,245) size 270x17 [r=10 c=0 rs=1 cs=1]
              RenderImage {IMG} at (1,1) size 90x15
          RenderTableRow {TR} at (0,264) size 274x34
            RenderTableCell {TD} at (2,264) size 270x34 [r=11 c=0 rs=1 cs=1]
              RenderImage {IMG} at (1,1) size 59x32
          RenderTableRow {TR} at (0,300) size 274x17
            RenderTableCell {TD} at (2,300) size 270x17 [r=12 c=0 rs=1 cs=1]
              RenderImage {IMG} at (1,1) size 90x15
          RenderTableRow {TR} at (0,319) size 274x17
            RenderTableCell {TD} at (2,319) size 270x17 [r=13 c=0 rs=1 cs=1]
              RenderImage {IMG} at (1,1) size 90x15
          RenderTableRow {TR} at (0,338) size 274x21
            RenderTableCell {TD} at (2,338) size 270x21 [r=14 c=0 rs=1 cs=1]
              RenderImage {IMG} at (1,1) size 83x19
          RenderTableRow {TR} at (0,361) size 274x33
            RenderTableCell {TD} at (2,361) size 270x33 [r=15 c=0 rs=1 cs=1]
              RenderImage {IMG} at (1,1) size 54x31
          RenderTableRow {TR} at (0,396) size 274x27
            RenderTableCell {TD} at (2,396) size 270x27 [r=16 c=0 rs=1 cs=1]
              RenderImage {IMG} at (1,1) size 56x25
          RenderTableRow {TR} at (0,425) size 274x17
            RenderTableCell {TD} at (2,425) size 270x17 [r=17 c=0 rs=1 cs=1]
              RenderImage {IMG} at (1,1) size 53x15
          RenderTableRow {TR} at (0,444) size 274x31
            RenderTableCell {TD} at (2,444) size 270x31 [r=18 c=0 rs=1 cs=1]
              RenderImage {IMG} at (1,1) size 31x29
          RenderTableRow {TR} at (0,477) size 274x17
            RenderTableCell {TD} at (2,477) size 270x17 [r=19 c=0 rs=1 cs=1]
              RenderImage {IMG} at (1,1) size 53x15
