layer at (0,0) size 1081x585
  RenderView at (0,0) size 800x585
layer at (0,0) size 800x585
  RenderBlock {HTML} at (0,0) size 800x585
    RenderBody {BODY} at (8,8) size 784x569
      RenderTable {TABLE} at (0,0) size 1073x141 [border: (2px solid #0000FF)]
        RenderTableSection {TBODY} at (2,2) size 1069x137
          RenderTableRow {TR} at (0,2) size 1069x133
            RenderTableCell {TD} at (2,2) size 289x133 [border: (1px solid #C0C0C0)] [r=0 c=0 rs=1 cs=1]
              RenderTable {TABLE} at (2,2) size 285x129 [border: (2px solid #008000)]
                RenderTableSection {TBODY} at (2,2) size 281x125
                  RenderTableRow {TR} at (0,2) size 281x72
                    RenderTableCell {TD} at (2,2) size 277x72 [border: (1px solid #C0C0C0)] [r=0 c=0 rs=1 cs=1]
                      RenderTable {TABLE} at (2,2) size 207x39 [border: (2px solid #FF0000)]
                        RenderTableSection {TBODY} at (2,2) size 203x35
                          RenderTableRow {TR} at (0,2) size 203x31
                            RenderTableCell {TD} at (2,2) size 199x31 [border: (1px solid #C0C0C0)] [r=0 c=0 rs=1 cs=1]
                              RenderTextControl {INPUT} at (4,4) size 191x23 [bgcolor=#FFFFFF] [border: (2px inset #000000)]
                              RenderText {#text} at (0,0) size 0x0
                      RenderTable {TABLE} at (2,41) size 273x29 [border: (2px solid #FF0000)]
                        RenderTableSection {TBODY} at (2,2) size 269x25
                          RenderTableRow {TR} at (0,2) size 269x21
                            RenderTableCell {TD} at (2,2) size 265x21 [border: (1px solid #C0C0C0)] [r=0 c=0 rs=1 cs=1]
                              RenderText {#text} at (2,2) size 248x17
                                text run at (2,2) width 248: "THIS TABLE NEEDS TO BE HERE"
                  RenderTableRow {TR} at (0,76) size 281x47
                    RenderTableCell {TD} at (2,76) size 277x47 [border: (1px solid #C0C0C0)] [r=1 c=0 rs=1 cs=1]
                      RenderTable {TABLE} at (2,2) size 273x43 [border: (2px solid #FF0000)]
                        RenderTableSection {TBODY} at (2,2) size 269x39
                          RenderTableRow {TR} at (0,2) size 269x35
                            RenderTableCell {TD} at (2,2) size 265x35 [border: (1px solid #C0C0C0)] [r=0 c=0 rs=1 cs=1]
                              RenderMenuList {SELECT} at (4,4) size 257x27 [bgcolor=#FFFFFF] [border: (1px solid #000000)]
                                RenderBlock (anonymous) at (1,1) size 255x25
                                  RenderText at (4,4) size 230x17
                                    text run at (4,4) width 230: "USE THIS JAVASCRIPT HERE"
                              RenderText {#text} at (0,0) size 0x0
            RenderTableCell {TD} at (293,2) size 774x38 [border: (1px solid #C0C0C0)] [r=0 c=1 rs=1 cs=1]
              RenderText {#text} at (2,2) size 770x34
                text run at (2,2) width 770: "KEEPoTHEoTEXToHEREoASoLONGoASoPOSSIBLEooKEEPoTHEoTEXToHEREoASoLONGoASoPOSSIBLE"
                text run at (2,19) width 618: "THIS SIMULATES THE PROBLEM ON THE WWW.MAPBLAST.COM/ \"CREATE MAP\""
layer at (31,31) size 185x17 scrollWidth 198
  RenderBlock {DIV} at (3,3) size 185x17
    RenderText {#text} at (0,0) size 197x17
      text run at (0,0) width 197: "THIS NEEDS THIS VALUE"
