layer at (0,0) size 800x600
  RenderView at (0,0) size 800x600
layer at (0,0) size 800x600
  RenderBlock {HTML} at (0,0) size 800x600
    RenderBody {BODY} at (8,8) size 784x584
      RenderTable {TABLE} at (0,0) size 784x250 [border: (4px solid #0000FF)]
        RenderTableSection {TBODY} at (4,4) size 776x242
          RenderTableRow {TR} at (0,2) size 776x238
            RenderTableCell {TD} at (2,2) size 600x105 [border: (1px solid #0000FF)] [r=0 c=0 rs=1 cs=1]
              RenderTable {TABLE} at (2,2) size 596x101 [border: (4px solid #008000)]
                RenderTableSection {TBODY} at (4,4) size 588x93
                  RenderTableRow {TR} at (0,2) size 588x89
                    RenderTableCell {TD} at (2,2) size 584x89 [border: (1px solid #008000)] [r=0 c=0 rs=1 cs=1]
                      RenderText {#text} at (2,2) size 564x85
                        text run at (2,2) width 564: "this is a bunch of text. this is a bunch of text. this is a bunch of text. this is a bunch of text."
                        text run at (2,19) width 564: "this is a bunch of text. this is a bunch of text. this is a bunch of text. this is a bunch of text."
                        text run at (2,36) width 564: "this is a bunch of text. this is a bunch of text. this is a bunch of text. this is a bunch of text."
                        text run at (2,53) width 564: "this is a bunch of text. this is a bunch of text. this is a bunch of text. this is a bunch of text."
                        text run at (2,70) width 280: "this is a bunch of text. this is a bunch of text."
            RenderTableCell {TD} at (604,2) size 170x238 [border: (1px solid #0000FF)] [r=0 c=1 rs=1 cs=1]
              RenderTable {TABLE} at (2,2) size 166x234 [border: (4px solid #008000)]
                RenderTableSection {TBODY} at (4,4) size 158x226
                  RenderTableRow {TR} at (0,2) size 158x222
                    RenderTableCell {TD} at (2,2) size 154x222 [border: (1px solid #008000)] [r=0 c=0 rs=1 cs=1]
                      RenderBlock (anonymous) at (2,2) size 150x17
                        RenderText {#text} at (0,0) size 118x17
                          text run at (0,0) width 118: "this cell is nowrap."
                      RenderTable {TABLE} at (2,19) size 150x201 [border: (4px solid #FF0000)]
                        RenderTableSection {TBODY} at (4,4) size 142x193
                          RenderTableRow {TR} at (0,2) size 142x189
                            RenderTableCell {TD} at (2,2) size 138x189 [border: (1px solid #FF0000)] [r=0 c=0 rs=1 cs=1]
                              RenderBlock (anonymous) at (2,2) size 134x51
                                RenderText {#text} at (0,0) size 133x51
                                  text run at (0,0) width 133: "this text is in a cell of"
                                  text run at (0,17) width 126: "a table, contained in"
                                  text run at (0,34) width 7: "a"
                              RenderBlock {P} at (2,69) size 134x17
                                RenderInline {B} at (0,0) size 134x17
                                  RenderText {#text} at (0,0) size 134x17
                                    text run at (0,0) width 134: "cell with NOWRAP"
                              RenderBlock (anonymous) at (2,102) size 134x85
                                RenderText {#text} at (0,0) size 133x85
                                  text run at (0,0) width 119: "but this text should"
                                  text run at (0,17) width 41: "wrap! "
                                  text run at (41,17) width 83: "only the bold"
                                  text run at (0,34) width 129: "text should not wrap"
                                  text run at (0,51) width 133: "be cause is contained"
                                  text run at (0,68) width 128: "in a P that's nowrap."
      RenderBlock (anonymous) at (0,250) size 784x34
        RenderBR {BR} at (0,0) size 0x17
        RenderText {#text} at (0,17) size 325x17
          text run at (0,17) width 325: "Tables have a thick border, cells have a thin border."
