layer at (0,0) size 800x1508
  RenderView at (0,0) size 800x600
layer at (0,0) size 800x1508
  RenderBlock {HTML} at (0,0) size 800x1508
    RenderBody {BODY} at (8,8) size 784x1492
      RenderTable {TABLE} at (0,0) size 615x358 [border: (1px outset #808080)]
        RenderTableSection {TBODY} at (1,1) size 613x356
          RenderTableRow {TR} at (0,2) size 613x32
            RenderTableCell {TH} at (2,2) size 609x32 [border: (1px inset #808080)] [r=0 c=0 rs=1 cs=6]
              RenderText {#text} at (227,6) size 155x19
                text run at (227,6) width 155: "text-align not specified"
          RenderTableRow {TR} at (0,36) size 613x32
            RenderTableCell {TH} at (2,53) size 105x32 [border: (1px inset #808080)] [r=1 c=0 rs=2 cs=2]
              RenderText {#text} at (50,6) size 5x19
                text run at (50,6) width 5: " "
            RenderTableCell {TH} at (109,36) size 502x32 [border: (1px inset #808080)] [r=1 c=2 rs=1 cs=4]
              RenderText {#text} at (176,6) size 150x19
                text run at (176,6) width 150: "-webkit-writing-mode"
          RenderTableRow {TR} at (0,70) size 613x32
            RenderTableCell {TH} at (109,70) size 124x32 [border: (1px inset #808080)] [r=2 c=2 rs=1 cs=1]
              RenderText {#text} at (17,6) size 90x19
                text run at (17,6) width 90: "horizontal-tb"
            RenderTableCell {TH} at (235,70) size 124x32 [border: (1px inset #808080)] [r=2 c=3 rs=1 cs=1]
              RenderText {#text} at (17,6) size 90x19
                text run at (17,6) width 90: "horizontal-bt"
            RenderTableCell {TH} at (361,70) size 124x32 [border: (1px inset #808080)] [r=2 c=4 rs=1 cs=1]
              RenderText {#text} at (27,6) size 70x19
                text run at (27,6) width 70: "vertical-lr"
            RenderTableCell {TH} at (487,70) size 124x32 [border: (1px inset #808080)] [r=2 c=5 rs=1 cs=1]
              RenderText {#text} at (27,6) size 70x19
                text run at (27,6) width 70: "vertical-rl"
          RenderTableRow {TR} at (0,104) size 613x124
            RenderTableCell {TH} at (2,213) size 74x32 [border: (1px inset #808080)] [r=3 c=0 rs=4 cs=1]
              RenderText {#text} at (6,6) size 62x19
                text run at (6,6) width 62: "direction"
            RenderTableCell {TH} at (78,150) size 29x32 [border: (1px inset #808080)] [r=3 c=1 rs=1 cs=1]
              RenderText {#text} at (6,6) size 17x19
                text run at (6,6) width 17: "ltr"
            RenderTableCell {TD} at (109,104) size 124x124 [border: (1px solid #000000)] [r=3 c=2 rs=1 cs=1]
              RenderBlock {DIV} at (2,2) size 120x120
                RenderBlock {DETAILS} at (0,0) size 120x20
                  RenderBlock {SUMMARY} at (0,0) size 120x20
                    RenderDetailsMarker {DIV} at (0,5) size 11x11: right
                    RenderText {#text} at (16,0) size 61x19
                      text run at (16,0) width 61: "summary"
                RenderBlock {DETAILS} at (0,20) size 120x20
                  RenderBlock {SUMMARY} at (0,0) size 120x20
                    RenderDetailsMarker {DIV} at (0,5) size 11x11: down
                    RenderText {#text} at (16,0) size 61x19
                      text run at (16,0) width 61: "summary"
            RenderTableCell {TD} at (235,104) size 124x124 [border: (1px solid #000000)] [r=3 c=3 rs=1 cs=1]
              RenderBlock {DIV} at (2,2) size 120x120
                RenderBlock {DETAILS} at (0,0) size 120x20
                  RenderBlock {SUMMARY} at (0,0) size 120x20
                    RenderDetailsMarker {DIV} at (0,3) size 11x11: right
                    RenderText {#text} at (16,0) size 61x19
                      text run at (16,0) width 61: "summary"
                RenderBlock {DETAILS} at (0,20) size 120x20
                  RenderBlock {SUMMARY} at (0,0) size 120x20
                    RenderDetailsMarker {DIV} at (0,3) size 11x11: up
                    RenderText {#text} at (16,0) size 61x19
                      text run at (16,0) width 61: "summary"
            RenderTableCell {TD} at (361,104) size 124x124 [border: (1px solid #000000)] [r=3 c=4 rs=1 cs=1]
              RenderBlock {DIV} at (2,2) size 120x120
                RenderBlock {DETAILS} at (0,0) size 21x120
                  RenderBlock {SUMMARY} at (0,0) size 21x120
                    RenderDetailsMarker {DIV} at (3,0) size 11x11: down
                    RenderText {#text} at (0,10) size 19x61
                      text run at (0,10) width 60: "summary"
                RenderBlock {DETAILS} at (21,0) size 21x120
                  RenderBlock {SUMMARY} at (0,0) size 21x120
                    RenderDetailsMarker {DIV} at (3,0) size 11x11: right
                    RenderText {#text} at (0,10) size 19x61
                      text run at (0,10) width 60: "summary"
            RenderTableCell {TD} at (487,104) size 124x124 [border: (1px solid #000000)] [r=3 c=5 rs=1 cs=1]
              RenderBlock {DIV} at (2,2) size 120x120
                RenderBlock {DETAILS} at (0,0) size 21x120
                  RenderBlock {SUMMARY} at (0,0) size 21x120
                    RenderDetailsMarker {DIV} at (6,0) size 11x11: down
                    RenderText {#text} at (1,10) size 19x61
                      text run at (1,10) width 60: "summary"
                RenderBlock {DETAILS} at (21,0) size 21x120
                  RenderBlock {SUMMARY} at (0,0) size 21x120
                    RenderDetailsMarker {DIV} at (6,0) size 11x11: left
                    RenderText {#text} at (1,10) size 19x61
                      text run at (1,10) width 60: "summary"
          RenderTableRow {TR} at (0,230) size 613x124
            RenderTableCell {TH} at (78,276) size 29x32 [border: (1px inset #808080)] [r=4 c=1 rs=1 cs=1]
              RenderText {#text} at (6,6) size 17x19
                text run at (6,6) width 17: "rtl"
            RenderTableCell {TD} at (109,230) size 124x124 [border: (1px solid #000000)] [r=4 c=2 rs=1 cs=1]
              RenderBlock {DIV} at (2,2) size 120x120
                RenderBlock {DETAILS} at (0,0) size 120x20
                  RenderBlock {SUMMARY} at (0,0) size 120x20
                    RenderDetailsMarker {DIV} at (103,5) size 11x11: left
                    RenderText {#text} at (43,0) size 61x19
                      text run at (43,0) width 61: "summary"
                RenderBlock {DETAILS} at (0,20) size 120x20
                  RenderBlock {SUMMARY} at (0,0) size 120x20
                    RenderDetailsMarker {DIV} at (103,5) size 11x11: down
                    RenderText {#text} at (43,0) size 61x19
                      text run at (43,0) width 61: "summary"
            RenderTableCell {TD} at (235,230) size 124x124 [border: (1px solid #000000)] [r=4 c=3 rs=1 cs=1]
              RenderBlock {DIV} at (2,2) size 120x120
                RenderBlock {DETAILS} at (0,0) size 120x20
                  RenderBlock {SUMMARY} at (0,0) size 120x20
                    RenderDetailsMarker {DIV} at (103,3) size 11x11: left
                    RenderText {#text} at (43,0) size 61x19
                      text run at (43,0) width 61: "summary"
                RenderBlock {DETAILS} at (0,20) size 120x20
                  RenderBlock {SUMMARY} at (0,0) size 120x20
                    RenderDetailsMarker {DIV} at (103,3) size 11x11: up
                    RenderText {#text} at (43,0) size 61x19
                      text run at (43,0) width 61: "summary"
            RenderTableCell {TD} at (361,230) size 124x124 [border: (1px solid #000000)] [r=4 c=4 rs=1 cs=1]
              RenderBlock {DIV} at (2,2) size 120x120
                RenderBlock {DETAILS} at (0,0) size 21x120
                  RenderBlock {SUMMARY} at (0,0) size 21x120
                    RenderDetailsMarker {DIV} at (3,109) size 11x11: up
                    RenderText {#text} at (0,49) size 19x61
                      text run at (0,49) width 60: "summary"
                RenderBlock {DETAILS} at (21,0) size 21x120
                  RenderBlock {SUMMARY} at (0,0) size 21x120
                    RenderDetailsMarker {DIV} at (3,109) size 11x11: right
                    RenderText {#text} at (0,49) size 19x61
                      text run at (0,49) width 60: "summary"
            RenderTableCell {TD} at (487,230) size 124x124 [border: (1px solid #000000)] [r=4 c=5 rs=1 cs=1]
              RenderBlock {DIV} at (2,2) size 120x120
                RenderBlock {DETAILS} at (0,0) size 21x120
                  RenderBlock {SUMMARY} at (0,0) size 21x120
                    RenderDetailsMarker {DIV} at (6,109) size 11x11: up
                    RenderText {#text} at (1,49) size 19x61
                      text run at (1,49) width 60: "summary"
                RenderBlock {DETAILS} at (21,0) size 21x120
                  RenderBlock {SUMMARY} at (0,0) size 21x120
                    RenderDetailsMarker {DIV} at (6,109) size 11x11: left
                    RenderText {#text} at (1,49) size 19x61
                      text run at (1,49) width 60: "summary"
      RenderBlock (anonymous) at (0,358) size 784x20
        RenderBR {BR} at (0,0) size 0x19
      RenderTable {TABLE} at (0,378) size 615x358 [border: (1px outset #808080)]
        RenderTableSection {TBODY} at (1,1) size 613x356
          RenderTableRow {TR} at (0,2) size 613x32
            RenderTableCell {TH} at (2,2) size 609x32 [border: (1px inset #808080)] [r=0 c=0 rs=1 cs=6]
              RenderText {#text} at (256,6) size 97x19
                text run at (256,6) width 97: "text-align: left"
          RenderTableRow {TR} at (0,36) size 613x32
            RenderTableCell {TH} at (2,53) size 105x32 [border: (1px inset #808080)] [r=1 c=0 rs=2 cs=2]
              RenderText {#text} at (50,6) size 5x19
                text run at (50,6) width 5: " "
            RenderTableCell {TH} at (109,36) size 502x32 [border: (1px inset #808080)] [r=1 c=2 rs=1 cs=4]
              RenderText {#text} at (176,6) size 150x19
                text run at (176,6) width 150: "-webkit-writing-mode"
          RenderTableRow {TR} at (0,70) size 613x32
            RenderTableCell {TH} at (109,70) size 124x32 [border: (1px inset #808080)] [r=2 c=2 rs=1 cs=1]
              RenderText {#text} at (17,6) size 90x19
                text run at (17,6) width 90: "horizontal-tb"
            RenderTableCell {TH} at (235,70) size 124x32 [border: (1px inset #808080)] [r=2 c=3 rs=1 cs=1]
              RenderText {#text} at (17,6) size 90x19
                text run at (17,6) width 90: "horizontal-bt"
            RenderTableCell {TH} at (361,70) size 124x32 [border: (1px inset #808080)] [r=2 c=4 rs=1 cs=1]
              RenderText {#text} at (27,6) size 70x19
                text run at (27,6) width 70: "vertical-lr"
            RenderTableCell {TH} at (487,70) size 124x32 [border: (1px inset #808080)] [r=2 c=5 rs=1 cs=1]
              RenderText {#text} at (27,6) size 70x19
                text run at (27,6) width 70: "vertical-rl"
          RenderTableRow {TR} at (0,104) size 613x124
            RenderTableCell {TH} at (2,213) size 74x32 [border: (1px inset #808080)] [r=3 c=0 rs=4 cs=1]
              RenderText {#text} at (6,6) size 62x19
                text run at (6,6) width 62: "direction"
            RenderTableCell {TH} at (78,150) size 29x32 [border: (1px inset #808080)] [r=3 c=1 rs=1 cs=1]
              RenderText {#text} at (6,6) size 17x19
                text run at (6,6) width 17: "ltr"
            RenderTableCell {TD} at (109,104) size 124x124 [border: (1px solid #000000)] [r=3 c=2 rs=1 cs=1]
              RenderBlock {DIV} at (2,2) size 120x120
                RenderBlock {DETAILS} at (0,0) size 120x20
                  RenderBlock {SUMMARY} at (0,0) size 120x20
                    RenderDetailsMarker {DIV} at (0,5) size 11x11: right
                    RenderText {#text} at (16,0) size 61x19
                      text run at (16,0) width 61: "summary"
                RenderBlock {DETAILS} at (0,20) size 120x20
                  RenderBlock {SUMMARY} at (0,0) size 120x20
                    RenderDetailsMarker {DIV} at (0,5) size 11x11: down
                    RenderText {#text} at (16,0) size 61x19
                      text run at (16,0) width 61: "summary"
            RenderTableCell {TD} at (235,104) size 124x124 [border: (1px solid #000000)] [r=3 c=3 rs=1 cs=1]
              RenderBlock {DIV} at (2,2) size 120x120
                RenderBlock {DETAILS} at (0,0) size 120x20
                  RenderBlock {SUMMARY} at (0,0) size 120x20
                    RenderDetailsMarker {DIV} at (0,3) size 11x11: right
                    RenderText {#text} at (16,0) size 61x19
                      text run at (16,0) width 61: "summary"
                RenderBlock {DETAILS} at (0,20) size 120x20
                  RenderBlock {SUMMARY} at (0,0) size 120x20
                    RenderDetailsMarker {DIV} at (0,3) size 11x11: up
                    RenderText {#text} at (16,0) size 61x19
                      text run at (16,0) width 61: "summary"
            RenderTableCell {TD} at (361,104) size 124x124 [border: (1px solid #000000)] [r=3 c=4 rs=1 cs=1]
              RenderBlock {DIV} at (2,2) size 120x120
                RenderBlock {DETAILS} at (0,0) size 21x120
                  RenderBlock {SUMMARY} at (0,0) size 21x120
                    RenderDetailsMarker {DIV} at (3,0) size 11x11: down
                    RenderText {#text} at (0,10) size 19x61
                      text run at (0,10) width 60: "summary"
                RenderBlock {DETAILS} at (21,0) size 21x120
                  RenderBlock {SUMMARY} at (0,0) size 21x120
                    RenderDetailsMarker {DIV} at (3,0) size 11x11: right
                    RenderText {#text} at (0,10) size 19x61
                      text run at (0,10) width 60: "summary"
            RenderTableCell {TD} at (487,104) size 124x124 [border: (1px solid #000000)] [r=3 c=5 rs=1 cs=1]
              RenderBlock {DIV} at (2,2) size 120x120
                RenderBlock {DETAILS} at (0,0) size 21x120
                  RenderBlock {SUMMARY} at (0,0) size 21x120
                    RenderDetailsMarker {DIV} at (6,0) size 11x11: down
                    RenderText {#text} at (1,10) size 19x61
                      text run at (1,10) width 60: "summary"
                RenderBlock {DETAILS} at (21,0) size 21x120
                  RenderBlock {SUMMARY} at (0,0) size 21x120
                    RenderDetailsMarker {DIV} at (6,0) size 11x11: left
                    RenderText {#text} at (1,10) size 19x61
                      text run at (1,10) width 60: "summary"
          RenderTableRow {TR} at (0,230) size 613x124
            RenderTableCell {TH} at (78,276) size 29x32 [border: (1px inset #808080)] [r=4 c=1 rs=1 cs=1]
              RenderText {#text} at (6,6) size 17x19
                text run at (6,6) width 17: "rtl"
            RenderTableCell {TD} at (109,230) size 124x124 [border: (1px solid #000000)] [r=4 c=2 rs=1 cs=1]
              RenderBlock {DIV} at (2,2) size 120x120
                RenderBlock {DETAILS} at (0,0) size 120x20
                  RenderBlock {SUMMARY} at (0,0) size 120x20
                    RenderDetailsMarker {DIV} at (59,5) size 12x11: left
                    RenderText {#text} at (0,0) size 60x19
                      text run at (0,0) width 60: "summary"
                RenderBlock {DETAILS} at (0,20) size 120x20
                  RenderBlock {SUMMARY} at (0,0) size 120x20
                    RenderDetailsMarker {DIV} at (59,5) size 12x11: down
                    RenderText {#text} at (0,0) size 60x19
                      text run at (0,0) width 60: "summary"
            RenderTableCell {TD} at (235,230) size 124x124 [border: (1px solid #000000)] [r=4 c=3 rs=1 cs=1]
              RenderBlock {DIV} at (2,2) size 120x120
                RenderBlock {DETAILS} at (0,0) size 120x20
                  RenderBlock {SUMMARY} at (0,0) size 120x20
                    RenderDetailsMarker {DIV} at (59,3) size 12x11: left
                    RenderText {#text} at (0,0) size 60x19
                      text run at (0,0) width 60: "summary"
                RenderBlock {DETAILS} at (0,20) size 120x20
                  RenderBlock {SUMMARY} at (0,0) size 120x20
                    RenderDetailsMarker {DIV} at (59,3) size 12x11: up
                    RenderText {#text} at (0,0) size 60x19
                      text run at (0,0) width 60: "summary"
            RenderTableCell {TD} at (361,230) size 124x124 [border: (1px solid #000000)] [r=4 c=4 rs=1 cs=1]
              RenderBlock {DIV} at (2,2) size 120x120
                RenderBlock {DETAILS} at (0,0) size 21x120
                  RenderBlock {SUMMARY} at (0,0) size 21x120
                    RenderDetailsMarker {DIV} at (3,59) size 11x12: up
                    RenderText {#text} at (0,0) size 19x60
                      text run at (0,0) width 60: "summary"
                RenderBlock {DETAILS} at (21,0) size 21x120
                  RenderBlock {SUMMARY} at (0,0) size 21x120
                    RenderDetailsMarker {DIV} at (3,59) size 11x12: right
                    RenderText {#text} at (0,0) size 19x60
                      text run at (0,0) width 60: "summary"
            RenderTableCell {TD} at (487,230) size 124x124 [border: (1px solid #000000)] [r=4 c=5 rs=1 cs=1]
              RenderBlock {DIV} at (2,2) size 120x120
                RenderBlock {DETAILS} at (0,0) size 21x120
                  RenderBlock {SUMMARY} at (0,0) size 21x120
                    RenderDetailsMarker {DIV} at (6,59) size 11x12: up
                    RenderText {#text} at (1,0) size 19x60
                      text run at (1,0) width 60: "summary"
                RenderBlock {DETAILS} at (21,0) size 21x120
                  RenderBlock {SUMMARY} at (0,0) size 21x120
                    RenderDetailsMarker {DIV} at (6,59) size 11x12: left
                    RenderText {#text} at (1,0) size 19x60
                      text run at (1,0) width 60: "summary"
      RenderBlock (anonymous) at (0,736) size 784x20
        RenderBR {BR} at (0,0) size 0x19
      RenderTable {TABLE} at (0,756) size 615x358 [border: (1px outset #808080)]
        RenderTableSection {TBODY} at (1,1) size 613x356
          RenderTableRow {TR} at (0,2) size 613x32
            RenderTableCell {TH} at (2,2) size 609x32 [border: (1px inset #808080)] [r=0 c=0 rs=1 cs=6]
              RenderText {#text} at (246,6) size 117x19
                text run at (246,6) width 117: "text-align: center"
          RenderTableRow {TR} at (0,36) size 613x32
            RenderTableCell {TH} at (2,53) size 105x32 [border: (1px inset #808080)] [r=1 c=0 rs=2 cs=2]
              RenderText {#text} at (50,6) size 5x19
                text run at (50,6) width 5: " "
            RenderTableCell {TH} at (109,36) size 502x32 [border: (1px inset #808080)] [r=1 c=2 rs=1 cs=4]
              RenderText {#text} at (176,6) size 150x19
                text run at (176,6) width 150: "-webkit-writing-mode"
          RenderTableRow {TR} at (0,70) size 613x32
            RenderTableCell {TH} at (109,70) size 124x32 [border: (1px inset #808080)] [r=2 c=2 rs=1 cs=1]
              RenderText {#text} at (17,6) size 90x19
                text run at (17,6) width 90: "horizontal-tb"
            RenderTableCell {TH} at (235,70) size 124x32 [border: (1px inset #808080)] [r=2 c=3 rs=1 cs=1]
              RenderText {#text} at (17,6) size 90x19
                text run at (17,6) width 90: "horizontal-bt"
            RenderTableCell {TH} at (361,70) size 124x32 [border: (1px inset #808080)] [r=2 c=4 rs=1 cs=1]
              RenderText {#text} at (27,6) size 70x19
                text run at (27,6) width 70: "vertical-lr"
            RenderTableCell {TH} at (487,70) size 124x32 [border: (1px inset #808080)] [r=2 c=5 rs=1 cs=1]
              RenderText {#text} at (27,6) size 70x19
                text run at (27,6) width 70: "vertical-rl"
          RenderTableRow {TR} at (0,104) size 613x124
            RenderTableCell {TH} at (2,213) size 74x32 [border: (1px inset #808080)] [r=3 c=0 rs=4 cs=1]
              RenderText {#text} at (6,6) size 62x19
                text run at (6,6) width 62: "direction"
            RenderTableCell {TH} at (78,150) size 29x32 [border: (1px inset #808080)] [r=3 c=1 rs=1 cs=1]
              RenderText {#text} at (6,6) size 17x19
                text run at (6,6) width 17: "ltr"
            RenderTableCell {TD} at (109,104) size 124x124 [border: (1px solid #000000)] [r=3 c=2 rs=1 cs=1]
              RenderBlock {DIV} at (2,2) size 120x120
                RenderBlock {DETAILS} at (0,0) size 120x20
                  RenderBlock {SUMMARY} at (0,0) size 120x20
                    RenderDetailsMarker {DIV} at (21,5) size 12x11: right
                    RenderText {#text} at (38,0) size 61x19
                      text run at (38,0) width 61: "summary"
                RenderBlock {DETAILS} at (0,20) size 120x20
                  RenderBlock {SUMMARY} at (0,0) size 120x20
                    RenderDetailsMarker {DIV} at (21,5) size 12x11: down
                    RenderText {#text} at (38,0) size 61x19
                      text run at (38,0) width 61: "summary"
            RenderTableCell {TD} at (235,104) size 124x124 [border: (1px solid #000000)] [r=3 c=3 rs=1 cs=1]
              RenderBlock {DIV} at (2,2) size 120x120
                RenderBlock {DETAILS} at (0,0) size 120x20
                  RenderBlock {SUMMARY} at (0,0) size 120x20
                    RenderDetailsMarker {DIV} at (21,3) size 12x11: right
                    RenderText {#text} at (38,0) size 61x19
                      text run at (38,0) width 61: "summary"
                RenderBlock {DETAILS} at (0,20) size 120x20
                  RenderBlock {SUMMARY} at (0,0) size 120x20
                    RenderDetailsMarker {DIV} at (21,3) size 12x11: up
                    RenderText {#text} at (38,0) size 61x19
                      text run at (38,0) width 61: "summary"
            RenderTableCell {TD} at (361,104) size 124x124 [border: (1px solid #000000)] [r=3 c=4 rs=1 cs=1]
              RenderBlock {DIV} at (2,2) size 120x120
                RenderBlock {DETAILS} at (0,0) size 21x120
                  RenderBlock {SUMMARY} at (0,0) size 21x120
                    RenderDetailsMarker {DIV} at (3,24) size 11x12: down
                    RenderText {#text} at (0,35) size 19x61
                      text run at (0,35) width 60: "summary"
                RenderBlock {DETAILS} at (21,0) size 21x120
                  RenderBlock {SUMMARY} at (0,0) size 21x120
                    RenderDetailsMarker {DIV} at (3,24) size 11x12: right
                    RenderText {#text} at (0,35) size 19x61
                      text run at (0,35) width 60: "summary"
            RenderTableCell {TD} at (487,104) size 124x124 [border: (1px solid #000000)] [r=3 c=5 rs=1 cs=1]
              RenderBlock {DIV} at (2,2) size 120x120
                RenderBlock {DETAILS} at (0,0) size 21x120
                  RenderBlock {SUMMARY} at (0,0) size 21x120
                    RenderDetailsMarker {DIV} at (6,24) size 11x12: down
                    RenderText {#text} at (1,35) size 19x61
                      text run at (1,35) width 60: "summary"
                RenderBlock {DETAILS} at (21,0) size 21x120
                  RenderBlock {SUMMARY} at (0,0) size 21x120
                    RenderDetailsMarker {DIV} at (6,24) size 11x12: left
                    RenderText {#text} at (1,35) size 19x61
                      text run at (1,35) width 60: "summary"
          RenderTableRow {TR} at (0,230) size 613x124
            RenderTableCell {TH} at (78,276) size 29x32 [border: (1px inset #808080)] [r=4 c=1 rs=1 cs=1]
              RenderText {#text} at (6,6) size 17x19
                text run at (6,6) width 17: "rtl"
            RenderTableCell {TD} at (109,230) size 124x124 [border: (1px solid #000000)] [r=4 c=2 rs=1 cs=1]
              RenderBlock {DIV} at (2,2) size 120x120
                RenderBlock {DETAILS} at (0,0) size 120x20
                  RenderBlock {SUMMARY} at (0,0) size 120x20
                    RenderDetailsMarker {DIV} at (81,5) size 11x11: left
                    RenderText {#text} at (21,0) size 61x19
                      text run at (21,0) width 61: "summary"
                RenderBlock {DETAILS} at (0,20) size 120x20
                  RenderBlock {SUMMARY} at (0,0) size 120x20
                    RenderDetailsMarker {DIV} at (81,5) size 11x11: down
                    RenderText {#text} at (21,0) size 61x19
                      text run at (21,0) width 61: "summary"
            RenderTableCell {TD} at (235,230) size 124x124 [border: (1px solid #000000)] [r=4 c=3 rs=1 cs=1]
              RenderBlock {DIV} at (2,2) size 120x120
                RenderBlock {DETAILS} at (0,0) size 120x20
                  RenderBlock {SUMMARY} at (0,0) size 120x20
                    RenderDetailsMarker {DIV} at (81,3) size 11x11: left
                    RenderText {#text} at (21,0) size 61x19
                      text run at (21,0) width 61: "summary"
                RenderBlock {DETAILS} at (0,20) size 120x20
                  RenderBlock {SUMMARY} at (0,0) size 120x20
                    RenderDetailsMarker {DIV} at (81,3) size 11x11: up
                    RenderText {#text} at (21,0) size 61x19
                      text run at (21,0) width 61: "summary"
            RenderTableCell {TD} at (361,230) size 124x124 [border: (1px solid #000000)] [r=4 c=4 rs=1 cs=1]
              RenderBlock {DIV} at (2,2) size 120x120
                RenderBlock {DETAILS} at (0,0) size 21x120
                  RenderBlock {SUMMARY} at (0,0) size 21x120
                    RenderDetailsMarker {DIV} at (3,84) size 11x12: up
                    RenderText {#text} at (0,24) size 19x61
                      text run at (0,24) width 60: "summary"
                RenderBlock {DETAILS} at (21,0) size 21x120
                  RenderBlock {SUMMARY} at (0,0) size 21x120
                    RenderDetailsMarker {DIV} at (3,84) size 11x12: right
                    RenderText {#text} at (0,24) size 19x61
                      text run at (0,24) width 60: "summary"
            RenderTableCell {TD} at (487,230) size 124x124 [border: (1px solid #000000)] [r=4 c=5 rs=1 cs=1]
              RenderBlock {DIV} at (2,2) size 120x120
                RenderBlock {DETAILS} at (0,0) size 21x120
                  RenderBlock {SUMMARY} at (0,0) size 21x120
                    RenderDetailsMarker {DIV} at (6,84) size 11x12: up
                    RenderText {#text} at (1,24) size 19x61
                      text run at (1,24) width 60: "summary"
                RenderBlock {DETAILS} at (21,0) size 21x120
                  RenderBlock {SUMMARY} at (0,0) size 21x120
                    RenderDetailsMarker {DIV} at (6,84) size 11x12: left
                    RenderText {#text} at (1,24) size 19x61
                      text run at (1,24) width 60: "summary"
      RenderBlock (anonymous) at (0,1114) size 784x20
        RenderBR {BR} at (0,0) size 0x19
      RenderTable {TABLE} at (0,1134) size 615x358 [border: (1px outset #808080)]
        RenderTableSection {TBODY} at (1,1) size 613x356
          RenderTableRow {TR} at (0,2) size 613x32
            RenderTableCell {TH} at (2,2) size 609x32 [border: (1px inset #808080)] [r=0 c=0 rs=1 cs=6]
              RenderText {#text} at (250,6) size 109x19
                text run at (250,6) width 109: "text-align: right"
          RenderTableRow {TR} at (0,36) size 613x32
            RenderTableCell {TH} at (2,53) size 105x32 [border: (1px inset #808080)] [r=1 c=0 rs=2 cs=2]
              RenderText {#text} at (50,6) size 5x19
                text run at (50,6) width 5: " "
            RenderTableCell {TH} at (109,36) size 502x32 [border: (1px inset #808080)] [r=1 c=2 rs=1 cs=4]
              RenderText {#text} at (176,6) size 150x19
                text run at (176,6) width 150: "-webkit-writing-mode"
          RenderTableRow {TR} at (0,70) size 613x32
            RenderTableCell {TH} at (109,70) size 124x32 [border: (1px inset #808080)] [r=2 c=2 rs=1 cs=1]
              RenderText {#text} at (17,6) size 90x19
                text run at (17,6) width 90: "horizontal-tb"
            RenderTableCell {TH} at (235,70) size 124x32 [border: (1px inset #808080)] [r=2 c=3 rs=1 cs=1]
              RenderText {#text} at (17,6) size 90x19
                text run at (17,6) width 90: "horizontal-bt"
            RenderTableCell {TH} at (361,70) size 124x32 [border: (1px inset #808080)] [r=2 c=4 rs=1 cs=1]
              RenderText {#text} at (27,6) size 70x19
                text run at (27,6) width 70: "vertical-lr"
            RenderTableCell {TH} at (487,70) size 124x32 [border: (1px inset #808080)] [r=2 c=5 rs=1 cs=1]
              RenderText {#text} at (27,6) size 70x19
                text run at (27,6) width 70: "vertical-rl"
          RenderTableRow {TR} at (0,104) size 613x124
            RenderTableCell {TH} at (2,213) size 74x32 [border: (1px inset #808080)] [r=3 c=0 rs=4 cs=1]
              RenderText {#text} at (6,6) size 62x19
                text run at (6,6) width 62: "direction"
            RenderTableCell {TH} at (78,150) size 29x32 [border: (1px inset #808080)] [r=3 c=1 rs=1 cs=1]
              RenderText {#text} at (6,6) size 17x19
                text run at (6,6) width 17: "ltr"
            RenderTableCell {TD} at (109,104) size 124x124 [border: (1px solid #000000)] [r=3 c=2 rs=1 cs=1]
              RenderBlock {DIV} at (2,2) size 120x120
                RenderBlock {DETAILS} at (0,0) size 120x20
                  RenderBlock {SUMMARY} at (0,0) size 120x20
                    RenderDetailsMarker {DIV} at (43,5) size 12x11: right
                    RenderText {#text} at (60,0) size 60x19
                      text run at (60,0) width 60: "summary"
                RenderBlock {DETAILS} at (0,20) size 120x20
                  RenderBlock {SUMMARY} at (0,0) size 120x20
                    RenderDetailsMarker {DIV} at (43,5) size 12x11: down
                    RenderText {#text} at (60,0) size 60x19
                      text run at (60,0) width 60: "summary"
            RenderTableCell {TD} at (235,104) size 124x124 [border: (1px solid #000000)] [r=3 c=3 rs=1 cs=1]
              RenderBlock {DIV} at (2,2) size 120x120
                RenderBlock {DETAILS} at (0,0) size 120x20
                  RenderBlock {SUMMARY} at (0,0) size 120x20
                    RenderDetailsMarker {DIV} at (43,3) size 12x11: right
                    RenderText {#text} at (60,0) size 60x19
                      text run at (60,0) width 60: "summary"
                RenderBlock {DETAILS} at (0,20) size 120x20
                  RenderBlock {SUMMARY} at (0,0) size 120x20
                    RenderDetailsMarker {DIV} at (43,3) size 12x11: up
                    RenderText {#text} at (60,0) size 60x19
                      text run at (60,0) width 60: "summary"
            RenderTableCell {TD} at (361,104) size 124x124 [border: (1px solid #000000)] [r=3 c=4 rs=1 cs=1]
              RenderBlock {DIV} at (2,2) size 120x120
                RenderBlock {DETAILS} at (0,0) size 21x120
                  RenderBlock {SUMMARY} at (0,0) size 21x120
                    RenderDetailsMarker {DIV} at (3,49) size 11x12: down
                    RenderText {#text} at (0,60) size 19x60
                      text run at (0,60) width 60: "summary"
                RenderBlock {DETAILS} at (21,0) size 21x120
                  RenderBlock {SUMMARY} at (0,0) size 21x120
                    RenderDetailsMarker {DIV} at (3,49) size 11x12: right
                    RenderText {#text} at (0,60) size 19x60
                      text run at (0,60) width 60: "summary"
            RenderTableCell {TD} at (487,104) size 124x124 [border: (1px solid #000000)] [r=3 c=5 rs=1 cs=1]
              RenderBlock {DIV} at (2,2) size 120x120
                RenderBlock {DETAILS} at (0,0) size 21x120
                  RenderBlock {SUMMARY} at (0,0) size 21x120
                    RenderDetailsMarker {DIV} at (6,49) size 11x12: down
                    RenderText {#text} at (1,60) size 19x60
                      text run at (1,60) width 60: "summary"
                RenderBlock {DETAILS} at (21,0) size 21x120
                  RenderBlock {SUMMARY} at (0,0) size 21x120
                    RenderDetailsMarker {DIV} at (6,49) size 11x12: left
                    RenderText {#text} at (1,60) size 19x60
                      text run at (1,60) width 60: "summary"
          RenderTableRow {TR} at (0,230) size 613x124
            RenderTableCell {TH} at (78,276) size 29x32 [border: (1px inset #808080)] [r=4 c=1 rs=1 cs=1]
              RenderText {#text} at (6,6) size 17x19
                text run at (6,6) width 17: "rtl"
            RenderTableCell {TD} at (109,230) size 124x124 [border: (1px solid #000000)] [r=4 c=2 rs=1 cs=1]
              RenderBlock {DIV} at (2,2) size 120x120
                RenderBlock {DETAILS} at (0,0) size 120x20
                  RenderBlock {SUMMARY} at (0,0) size 120x20
                    RenderDetailsMarker {DIV} at (103,5) size 11x11: left
                    RenderText {#text} at (43,0) size 61x19
                      text run at (43,0) width 61: "summary"
                RenderBlock {DETAILS} at (0,20) size 120x20
                  RenderBlock {SUMMARY} at (0,0) size 120x20
                    RenderDetailsMarker {DIV} at (103,5) size 11x11: down
                    RenderText {#text} at (43,0) size 61x19
                      text run at (43,0) width 61: "summary"
            RenderTableCell {TD} at (235,230) size 124x124 [border: (1px solid #000000)] [r=4 c=3 rs=1 cs=1]
              RenderBlock {DIV} at (2,2) size 120x120
                RenderBlock {DETAILS} at (0,0) size 120x20
                  RenderBlock {SUMMARY} at (0,0) size 120x20
                    RenderDetailsMarker {DIV} at (103,3) size 11x11: left
                    RenderText {#text} at (43,0) size 61x19
                      text run at (43,0) width 61: "summary"
                RenderBlock {DETAILS} at (0,20) size 120x20
                  RenderBlock {SUMMARY} at (0,0) size 120x20
                    RenderDetailsMarker {DIV} at (103,3) size 11x11: up
                    RenderText {#text} at (43,0) size 61x19
                      text run at (43,0) width 61: "summary"
            RenderTableCell {TD} at (361,230) size 124x124 [border: (1px solid #000000)] [r=4 c=4 rs=1 cs=1]
              RenderBlock {DIV} at (2,2) size 120x120
                RenderBlock {DETAILS} at (0,0) size 21x120
                  RenderBlock {SUMMARY} at (0,0) size 21x120
                    RenderDetailsMarker {DIV} at (3,109) size 11x11: up
                    RenderText {#text} at (0,49) size 19x61
                      text run at (0,49) width 60: "summary"
                RenderBlock {DETAILS} at (21,0) size 21x120
                  RenderBlock {SUMMARY} at (0,0) size 21x120
                    RenderDetailsMarker {DIV} at (3,109) size 11x11: right
                    RenderText {#text} at (0,49) size 19x61
                      text run at (0,49) width 60: "summary"
            RenderTableCell {TD} at (487,230) size 124x124 [border: (1px solid #000000)] [r=4 c=5 rs=1 cs=1]
              RenderBlock {DIV} at (2,2) size 120x120
                RenderBlock {DETAILS} at (0,0) size 21x120
                  RenderBlock {SUMMARY} at (0,0) size 21x120
                    RenderDetailsMarker {DIV} at (6,109) size 11x11: up
                    RenderText {#text} at (1,49) size 19x61
                      text run at (1,49) width 60: "summary"
                RenderBlock {DETAILS} at (21,0) size 21x120
                  RenderBlock {SUMMARY} at (0,0) size 21x120
                    RenderDetailsMarker {DIV} at (6,109) size 11x11: left
                    RenderText {#text} at (1,49) size 19x61
                      text run at (1,49) width 60: "summary"
