layer at (0,0) size 800x1099
  RenderView at (0,0) size 800x600
layer at (0,0) size 800x600
  RenderBlock {HTML} at (0,0) size 800x600
    RenderBody {BODY} at (0,0) size 800x600
      RenderText {#text} at (0,0) size 448x19
        text run at (0,0) width 448: "ffffffffffffffffffffffffffffffffffffffffffffffffffffffffffffffffffffffffffffffffffff"
      RenderBR {BR} at (447,15) size 1x0
      RenderText {#text} at (0,20) size 448x19
        text run at (0,20) width 448: "ffffffffffffffffffffffffffffffffffffffffffffffffffffffffffffffffffffffffffffffffffff"
      RenderBR {BR} at (447,35) size 1x0
      RenderText {#text} at (0,40) size 448x19
        text run at (0,40) width 448: "ffffffffffffffffffffffffffffffffffffffffffffffffffffffffffffffffffffffffffffffffffff"
      RenderBR {BR} at (447,55) size 1x0
      RenderText {#text} at (0,60) size 448x19
        text run at (0,60) width 448: "ffffffffffffffffffffffffffffffffffffffffffffffffffffffffffffffffffffffffffffffffffff"
      RenderBR {BR} at (447,75) size 1x0
      RenderText {#text} at (0,80) size 448x19
        text run at (0,80) width 448: "ffffffffffffffffffffffffffffffffffffffffffffffffffffffffffffffffffffffffffffffffffff"
      RenderBR {BR} at (447,95) size 1x0
      RenderText {#text} at (0,100) size 448x19
        text run at (0,100) width 448: "ffffffffffffffffffffffffffffffffffffffffffffffffffffffffffffffffffffffffffffffffffff"
      RenderBR {BR} at (447,115) size 1x0
      RenderText {#text} at (0,120) size 448x19
        text run at (0,120) width 448: "ffffffffffffffffffffffffffffffffffffffffffffffffffffffffffffffffffffffffffffffffffff"
      RenderBR {BR} at (447,135) size 1x0
      RenderText {#text} at (0,140) size 448x19
        text run at (0,140) width 448: "ffffffffffffffffffffffffffffffffffffffffffffffffffffffffffffffffffffffffffffffffffff"
      RenderBR {BR} at (447,155) size 1x0
      RenderText {#text} at (0,160) size 448x19
        text run at (0,160) width 448: "ffffffffffffffffffffffffffffffffffffffffffffffffffffffffffffffffffffffffffffffffffff"
      RenderBR {BR} at (447,175) size 1x0
      RenderText {#text} at (0,180) size 448x19
        text run at (0,180) width 448: "ffffffffffffffffffffffffffffffffffffffffffffffffffffffffffffffffffffffffffffffffffff"
      RenderBR {BR} at (447,195) size 1x0
      RenderText {#text} at (0,200) size 448x19
        text run at (0,200) width 448: "ffffffffffffffffffffffffffffffffffffffffffffffffffffffffffffffffffffffffffffffffffff"
      RenderBR {BR} at (447,215) size 1x0
      RenderText {#text} at (0,220) size 448x19
        text run at (0,220) width 448: "ffffffffffffffffffffffffffffffffffffffffffffffffffffffffffffffffffffffffffffffffffff"
      RenderBR {BR} at (447,235) size 1x0
      RenderText {#text} at (0,240) size 448x19
        text run at (0,240) width 448: "ffffffffffffffffffffffffffffffffffffffffffffffffffffffffffffffffffffffffffffffffffff"
      RenderBR {BR} at (447,255) size 1x0
      RenderText {#text} at (0,260) size 448x19
        text run at (0,260) width 448: "ffffffffffffffffffffffffffffffffffffffffffffffffffffffffffffffffffffffffffffffffffff"
      RenderBR {BR} at (447,275) size 1x0
      RenderText {#text} at (0,280) size 448x19
        text run at (0,280) width 448: "ffffffffffffffffffffffffffffffffffffffffffffffffffffffffffffffffffffffffffffffffffff"
      RenderBR {BR} at (447,295) size 1x0
      RenderText {#text} at (0,300) size 448x19
        text run at (0,300) width 448: "ffffffffffffffffffffffffffffffffffffffffffffffffffffffffffffffffffffffffffffffffffff"
      RenderBR {BR} at (447,315) size 1x0
      RenderText {#text} at (0,320) size 448x19
        text run at (0,320) width 448: "ffffffffffffffffffffffffffffffffffffffffffffffffffffffffffffffffffffffffffffffffffff"
      RenderBR {BR} at (447,335) size 1x0
      RenderText {#text} at (0,340) size 448x19
        text run at (0,340) width 448: "ffffffffffffffffffffffffffffffffffffffffffffffffffffffffffffffffffffffffffffffffffff"
      RenderBR {BR} at (447,355) size 1x0
      RenderText {#text} at (0,360) size 448x19
        text run at (0,360) width 448: "ffffffffffffffffffffffffffffffffffffffffffffffffffffffffffffffffffffffffffffffffffff"
      RenderBR {BR} at (447,375) size 1x0
      RenderText {#text} at (0,380) size 448x19
        text run at (0,380) width 448: "ffffffffffffffffffffffffffffffffffffffffffffffffffffffffffffffffffffffffffffffffffff"
      RenderBR {BR} at (447,395) size 1x0
      RenderText {#text} at (0,400) size 448x19
        text run at (0,400) width 448: "ffffffffffffffffffffffffffffffffffffffffffffffffffffffffffffffffffffffffffffffffffff"
      RenderBR {BR} at (447,415) size 1x0
      RenderText {#text} at (0,420) size 448x19
        text run at (0,420) width 448: "ffffffffffffffffffffffffffffffffffffffffffffffffffffffffffffffffffffffffffffffffffff"
      RenderBR {BR} at (447,435) size 1x0
      RenderText {#text} at (0,440) size 448x19
        text run at (0,440) width 448: "ffffffffffffffffffffffffffffffffffffffffffffffffffffffffffffffffffffffffffffffffffff"
      RenderBR {BR} at (447,455) size 1x0
      RenderText {#text} at (0,460) size 448x19
        text run at (0,460) width 448: "ffffffffffffffffffffffffffffffffffffffffffffffffffffffffffffffffffffffffffffffffffff"
      RenderBR {BR} at (447,475) size 1x0
      RenderText {#text} at (0,480) size 448x19
        text run at (0,480) width 448: "ffffffffffffffffffffffffffffffffffffffffffffffffffffffffffffffffffffffffffffffffffff"
      RenderBR {BR} at (447,495) size 1x0
      RenderText {#text} at (0,500) size 448x19
        text run at (0,500) width 448: "ffffffffffffffffffffffffffffffffffffffffffffffffffffffffffffffffffffffffffffffffffff"
      RenderBR {BR} at (447,515) size 1x0
      RenderText {#text} at (0,520) size 448x19
        text run at (0,520) width 448: "ffffffffffffffffffffffffffffffffffffffffffffffffffffffffffffffffffffffffffffffffffff"
      RenderBR {BR} at (447,535) size 1x0
      RenderText {#text} at (0,540) size 448x19
        text run at (0,540) width 448: "ffffffffffffffffffffffffffffffffffffffffffffffffffffffffffffffffffffffffffffffffffff"
      RenderBR {BR} at (447,555) size 1x0
      RenderText {#text} at (0,560) size 448x19
        text run at (0,560) width 448: "ffffffffffffffffffffffffffffffffffffffffffffffffffffffffffffffffffffffffffffffffffff"
      RenderBR {BR} at (447,575) size 1x0
      RenderText {#text} at (0,580) size 448x19
        text run at (0,580) width 448: "ffffffffffffffffffffffffffffffffffffffffffffffffffffffffffffffffffffffffffffffffffff"
      RenderBR {BR} at (447,595) size 1x0
      RenderText {#text} at (0,600) size 448x19
        text run at (0,600) width 448: "ffffffffffffffffffffffffffffffffffffffffffffffffffffffffffffffffffffffffffffffffffff"
      RenderBR {BR} at (447,615) size 1x0
      RenderText {#text} at (0,620) size 448x19
        text run at (0,620) width 448: "ffffffffffffffffffffffffffffffffffffffffffffffffffffffffffffffffffffffffffffffffffff"
      RenderBR {BR} at (447,635) size 1x0
      RenderText {#text} at (0,640) size 448x19
        text run at (0,640) width 448: "ffffffffffffffffffffffffffffffffffffffffffffffffffffffffffffffffffffffffffffffffffff"
      RenderBR {BR} at (447,655) size 1x0
      RenderText {#text} at (0,660) size 448x19
        text run at (0,660) width 448: "ffffffffffffffffffffffffffffffffffffffffffffffffffffffffffffffffffffffffffffffffffff"
      RenderBR {BR} at (447,675) size 1x0
      RenderText {#text} at (0,680) size 448x19
        text run at (0,680) width 448: "ffffffffffffffffffffffffffffffffffffffffffffffffffffffffffffffffffffffffffffffffffff"
      RenderBR {BR} at (447,695) size 1x0
      RenderText {#text} at (0,700) size 448x19
        text run at (0,700) width 448: "ffffffffffffffffffffffffffffffffffffffffffffffffffffffffffffffffffffffffffffffffffff"
      RenderBR {BR} at (447,715) size 1x0
      RenderText {#text} at (0,720) size 448x19
        text run at (0,720) width 448: "ffffffffffffffffffffffffffffffffffffffffffffffffffffffffffffffffffffffffffffffffffff"
      RenderBR {BR} at (447,735) size 1x0
      RenderText {#text} at (0,740) size 448x19
        text run at (0,740) width 448: "ffffffffffffffffffffffffffffffffffffffffffffffffffffffffffffffffffffffffffffffffffff"
      RenderBR {BR} at (447,755) size 1x0
      RenderText {#text} at (0,760) size 448x19
        text run at (0,760) width 448: "ffffffffffffffffffffffffffffffffffffffffffffffffffffffffffffffffffffffffffffffffffff"
      RenderBR {BR} at (447,775) size 1x0
      RenderText {#text} at (0,780) size 448x19
        text run at (0,780) width 448: "ffffffffffffffffffffffffffffffffffffffffffffffffffffffffffffffffffffffffffffffffffff"
      RenderBR {BR} at (447,795) size 1x0
      RenderText {#text} at (0,800) size 448x19
        text run at (0,800) width 448: "ffffffffffffffffffffffffffffffffffffffffffffffffffffffffffffffffffffffffffffffffffff"
      RenderBR {BR} at (447,815) size 1x0
      RenderText {#text} at (0,820) size 448x19
        text run at (0,820) width 448: "ffffffffffffffffffffffffffffffffffffffffffffffffffffffffffffffffffffffffffffffffffff"
      RenderBR {BR} at (447,835) size 1x0
      RenderText {#text} at (0,840) size 448x19
        text run at (0,840) width 448: "ffffffffffffffffffffffffffffffffffffffffffffffffffffffffffffffffffffffffffffffffffff"
      RenderBR {BR} at (447,855) size 1x0
      RenderText {#text} at (0,860) size 448x19
        text run at (0,860) width 448: "ffffffffffffffffffffffffffffffffffffffffffffffffffffffffffffffffffffffffffffffffffff"
      RenderBR {BR} at (447,875) size 1x0
      RenderText {#text} at (0,880) size 448x19
        text run at (0,880) width 448: "ffffffffffffffffffffffffffffffffffffffffffffffffffffffffffffffffffffffffffffffffffff"
      RenderBR {BR} at (447,895) size 1x0
      RenderText {#text} at (0,900) size 448x19
        text run at (0,900) width 448: "ffffffffffffffffffffffffffffffffffffffffffffffffffffffffffffffffffffffffffffffffffff"
      RenderBR {BR} at (447,915) size 1x0
      RenderText {#text} at (0,920) size 448x19
        text run at (0,920) width 448: "ffffffffffffffffffffffffffffffffffffffffffffffffffffffffffffffffffffffffffffffffffff"
      RenderBR {BR} at (447,935) size 1x0
      RenderText {#text} at (0,940) size 448x19
        text run at (0,940) width 448: "ffffffffffffffffffffffffffffffffffffffffffffffffffffffffffffffffffffffffffffffffffff"
      RenderBR {BR} at (447,955) size 1x0
      RenderText {#text} at (0,960) size 448x19
        text run at (0,960) width 448: "ffffffffffffffffffffffffffffffffffffffffffffffffffffffffffffffffffffffffffffffffffff"
      RenderBR {BR} at (447,975) size 1x0
      RenderText {#text} at (0,980) size 448x19
        text run at (0,980) width 448: "ffffffffffffffffffffffffffffffffffffffffffffffffffffffffffffffffffffffffffffffffffff"
      RenderBR {BR} at (447,995) size 1x0
      RenderText {#text} at (0,1000) size 448x19
        text run at (0,1000) width 448: "ffffffffffffffffffffffffffffffffffffffffffffffffffffffffffffffffffffffffffffffffffff"
      RenderBR {BR} at (447,1015) size 1x0
      RenderText {#text} at (0,1020) size 448x19
        text run at (0,1020) width 448: "ffffffffffffffffffffffffffffffffffffffffffffffffffffffffffffffffffffffffffffffffffff"
      RenderBR {BR} at (447,1035) size 1x0
      RenderText {#text} at (0,1040) size 448x19
        text run at (0,1040) width 448: "ffffffffffffffffffffffffffffffffffffffffffffffffffffffffffffffffffffffffffffffffffff"
      RenderBR {BR} at (447,1055) size 1x0
      RenderText {#text} at (0,1060) size 448x19
        text run at (0,1060) width 448: "ffffffffffffffffffffffffffffffffffffffffffffffffffffffffffffffffffffffffffffffffffff"
      RenderBR {BR} at (447,1075) size 1x0
      RenderText {#text} at (0,1080) size 448x19
        text run at (0,1080) width 448: "ffffffffffffffffffffffffffffffffffffffffffffffffffffffffffffffffffffffffffffffffffff"
      RenderBR {BR} at (447,1095) size 1x0
