layer at (0,0) size 800x600
  RenderView at (0,0) size 800x600
layer at (0,0) size 800x600
  RenderBlock {HTML} at (0,0) size 800x600
    RenderBody {BODY} at (8,8) size 784x576
      RenderBlock {P} at (0,0) size 784x40
        RenderText {#text} at (0,0) size 55x19
          text run at (0,0) width 55: "Test for "
        RenderInline {I} at (0,0) size 774x39
          RenderInline {A} at (0,0) size 307x19 [color=#0000EE]
            RenderText {#text} at (55,0) size 307x19
              text run at (55,0) width 307: "http://bugs.webkit.org/show_bug.cgi?id=13353"
          RenderText {#text} at (362,0) size 774x39
            text run at (362,0) width 4: " "
            text run at (366,0) width 408: "REGRESSION (r20754-20766): Textarea does not resize when"
            text run at (0,20) width 126: "scrollbar is present"
        RenderText {#text} at (126,20) size 4x19
          text run at (126,20) width 4: "."
      RenderBlock {P} at (0,56) size 784x20
        RenderText {#text} at (0,0) size 772x19
          text run at (0,0) width 595: "To test interactively, verify that you can resize each of the boxes below. The automatic test "
          text run at (595,0) width 177: "resizes them to 125 by 125."
      RenderBlock (floating) {DIV} at (0,92) size 125x125 [bgcolor=#FF0000]
      RenderBlock (floating) {DIV} at (135,92) size 125x125 [bgcolor=#FF0000]
      RenderBlock (floating) {DIV} at (270,92) size 125x125 [bgcolor=#FF0000]
      RenderBlock (floating) {DIV} at (405,92) size 125x125 [bgcolor=#FF0000]
layer at (8,100) size 75x75 scrollWidth 100 scrollHeight 100
  RenderBlock {DIV} at (0,0) size 75x75 [bgcolor=#008000]
    RenderBlock {DIV} at (0,0) size 100x100
layer at (143,100) size 75x75 scrollWidth 100 scrollHeight 100
  RenderBlock {DIV} at (0,0) size 75x75 [bgcolor=#008000]
    RenderBlock {DIV} at (0,0) size 100x100
layer at (278,100) size 75x75 scrollWidth 100 scrollHeight 100
  RenderBlock {DIV} at (0,0) size 75x75 [bgcolor=#008000]
    RenderBlock {DIV} at (0,0) size 100x100
layer at (413,100) size 75x75 scrollWidth 100 scrollHeight 100
  RenderBlock {DIV} at (0,0) size 75x75 [bgcolor=#008000]
    RenderBlock {DIV} at (0,0) size 100x100
caret: position 138 of child 0 {#text} of child 3 {P} of child 1 {BODY} of child 0 {HTML} of document
