layer at (0,0) size 800x600
  RenderView at (0,0) size 800x600
layer at (0,0) size 800x600
  RenderBlock {HTML} at (0,0) size 800x600
    RenderBody {BODY} at (8,8) size 784x584
layer at (8,8) size 404x404 clip at (10,10) size 400x385 scrollWidth 2896
  RenderBlock {DIV} at (0,0) size 404x404 [border: (2px solid #000000)]
    RenderText {#text} at (2,2) size 400x2449
      text run at (2,2) width 357: "Lorem ipsum dolor sit amet, consectetur adipiscing elit."
      text run at (2,22) width 399: "Maecenas lacinia massa in lectus pretium vulputate. Curabitur"
      text run at (2,42) width 360: "viverra augue in leo faucibus congue. Vestibulum ligula"
      text run at (2,62) width 362: "neque, commodo eget blandit sit amet, facilisis vitae mi."
      text run at (2,82) width 380: "Vivamus pretium lorem a quam imperdiet in placerat purus"
      text run at (2,102) width 344: "sagittis. Aliquam ut dui nibh. Cras faucibus imperdiet"
      text run at (2,122) width 364: "pellentesque. Curabitur vel tortor quam, ut pharetra eros."
      text run at (2,142) width 383: "Mauris euismod, justo in mattis ultricies, risus velit pretium"
      text run at (2,162) width 392: "ligula, eu sodales libero dolor et massa. Phasellus eros quam,"
      text run at (2,182) width 344: "faucibus sed consectetur et, elementum ut erat. Morbi"
      text run at (2,202) width 349: "fringilla, lorem non fermentum vulputate, quam metus"
      text run at (2,222) width 398: "ullamcorper quam, eu porttitor diam metus eget augue. Donec"
      text run at (2,242) width 380: "non lorem et arcu adipiscing suscipit. Donec porta euismod"
      text run at (2,262) width 344: "magna a fermentum. Suspendisse vestibulum rhoncus"
      text run at (2,282) width 393: "bibendum. Nam in nisi eget nulla vestibulum rutrum. Aenean"
      text run at (2,302) width 364: "eu libero turpis. Lorem ipsum dolor sit amet, consectetur"
      text run at (2,322) width 364: "adipiscing elit. Maecenas lacinia massa in lectus pretium"
      text run at (2,342) width 373: "vulputate. Curabitur viverra augue in leo faucibus congue."
      text run at (2,362) width 367: "Vestibulum ligula neque, commodo eget blandit sit amet,"
      text run at (2,387) width 400: "facilisis vitae mi. Vivamus pretium lorem a quam imperdiet in"
      text run at (2,407) width 373: "placerat purus sagittis. Aliquam ut dui nibh. Cras faucibus"
      text run at (2,427) width 395: "imperdiet pellentesque. Curabitur vel tortor quam, ut pharetra"
      text run at (2,447) width 364: "eros. Mauris euismod, justo in mattis ultricies, risus velit"
      text run at (2,467) width 371: "pretium ligula, eu sodales libero dolor et massa. Phasellus"
      text run at (2,487) width 374: "eros quam, faucibus sed consectetur et, elementum ut erat."
      text run at (2,507) width 393: "Morbi fringilla, lorem non fermentum vulputate, quam metus"
      text run at (2,527) width 398: "ullamcorper quam, eu porttitor diam metus eget augue. Donec"
      text run at (2,547) width 380: "non lorem et arcu adipiscing suscipit. Donec porta euismod"
      text run at (2,567) width 344: "magna a fermentum. Suspendisse vestibulum rhoncus"
      text run at (2,587) width 393: "bibendum. Nam in nisi eget nulla vestibulum rutrum. Aenean"
      text run at (2,607) width 364: "eu libero turpis. Lorem ipsum dolor sit amet, consectetur"
      text run at (2,627) width 364: "adipiscing elit. Maecenas lacinia massa in lectus pretium"
      text run at (2,647) width 373: "vulputate. Curabitur viverra augue in leo faucibus congue."
      text run at (2,667) width 367: "Vestibulum ligula neque, commodo eget blandit sit amet,"
      text run at (2,687) width 400: "facilisis vitae mi. Vivamus pretium lorem a quam imperdiet in"
      text run at (2,707) width 373: "placerat purus sagittis. Aliquam ut dui nibh. Cras faucibus"
      text run at (2,727) width 395: "imperdiet pellentesque. Curabitur vel tortor quam, ut pharetra"
      text run at (2,747) width 364: "eros. Mauris euismod, justo in mattis ultricies, risus velit"
      text run at (2,772) width 371: "pretium ligula, eu sodales libero dolor et massa. Phasellus"
      text run at (2,792) width 374: "eros quam, faucibus sed consectetur et, elementum ut erat."
      text run at (2,812) width 393: "Morbi fringilla, lorem non fermentum vulputate, quam metus"
      text run at (2,832) width 398: "ullamcorper quam, eu porttitor diam metus eget augue. Donec"
      text run at (2,852) width 380: "non lorem et arcu adipiscing suscipit. Donec porta euismod"
      text run at (2,872) width 344: "magna a fermentum. Suspendisse vestibulum rhoncus"
      text run at (2,892) width 393: "bibendum. Nam in nisi eget nulla vestibulum rutrum. Aenean"
      text run at (2,912) width 364: "eu libero turpis. Lorem ipsum dolor sit amet, consectetur"
      text run at (2,932) width 364: "adipiscing elit. Maecenas lacinia massa in lectus pretium"
      text run at (2,952) width 373: "vulputate. Curabitur viverra augue in leo faucibus congue."
      text run at (2,972) width 367: "Vestibulum ligula neque, commodo eget blandit sit amet,"
      text run at (2,992) width 400: "facilisis vitae mi. Vivamus pretium lorem a quam imperdiet in"
      text run at (2,1012) width 373: "placerat purus sagittis. Aliquam ut dui nibh. Cras faucibus"
      text run at (2,1032) width 395: "imperdiet pellentesque. Curabitur vel tortor quam, ut pharetra"
      text run at (2,1052) width 364: "eros. Mauris euismod, justo in mattis ultricies, risus velit"
      text run at (2,1072) width 371: "pretium ligula, eu sodales libero dolor et massa. Phasellus"
      text run at (2,1092) width 374: "eros quam, faucibus sed consectetur et, elementum ut erat."
      text run at (2,1112) width 393: "Morbi fringilla, lorem non fermentum vulputate, quam metus"
      text run at (2,1132) width 398: "ullamcorper quam, eu porttitor diam metus eget augue. Donec"
      text run at (2,1157) width 380: "non lorem et arcu adipiscing suscipit. Donec porta euismod"
      text run at (2,1177) width 344: "magna a fermentum. Suspendisse vestibulum rhoncus"
      text run at (2,1197) width 393: "bibendum. Nam in nisi eget nulla vestibulum rutrum. Aenean"
      text run at (2,1217) width 364: "eu libero turpis. Lorem ipsum dolor sit amet, consectetur"
      text run at (2,1237) width 364: "adipiscing elit. Maecenas lacinia massa in lectus pretium"
      text run at (2,1257) width 373: "vulputate. Curabitur viverra augue in leo faucibus congue."
      text run at (2,1277) width 367: "Vestibulum ligula neque, commodo eget blandit sit amet,"
      text run at (2,1297) width 400: "facilisis vitae mi. Vivamus pretium lorem a quam imperdiet in"
      text run at (2,1317) width 373: "placerat purus sagittis. Aliquam ut dui nibh. Cras faucibus"
      text run at (2,1337) width 395: "imperdiet pellentesque. Curabitur vel tortor quam, ut pharetra"
      text run at (2,1357) width 364: "eros. Mauris euismod, justo in mattis ultricies, risus velit"
      text run at (2,1377) width 371: "pretium ligula, eu sodales libero dolor et massa. Phasellus"
      text run at (2,1397) width 374: "eros quam, faucibus sed consectetur et, elementum ut erat."
      text run at (2,1417) width 393: "Morbi fringilla, lorem non fermentum vulputate, quam metus"
      text run at (2,1437) width 398: "ullamcorper quam, eu porttitor diam metus eget augue. Donec"
      text run at (2,1457) width 380: "non lorem et arcu adipiscing suscipit. Donec porta euismod"
      text run at (2,1477) width 344: "magna a fermentum. Suspendisse vestibulum rhoncus"
      text run at (2,1497) width 393: "bibendum. Nam in nisi eget nulla vestibulum rutrum. Aenean"
      text run at (2,1517) width 364: "eu libero turpis. Lorem ipsum dolor sit amet, consectetur"
      text run at (2,1542) width 364: "adipiscing elit. Maecenas lacinia massa in lectus pretium"
      text run at (2,1562) width 373: "vulputate. Curabitur viverra augue in leo faucibus congue."
      text run at (2,1582) width 367: "Vestibulum ligula neque, commodo eget blandit sit amet,"
      text run at (2,1602) width 400: "facilisis vitae mi. Vivamus pretium lorem a quam imperdiet in"
      text run at (2,1622) width 373: "placerat purus sagittis. Aliquam ut dui nibh. Cras faucibus"
      text run at (2,1642) width 395: "imperdiet pellentesque. Curabitur vel tortor quam, ut pharetra"
      text run at (2,1662) width 364: "eros. Mauris euismod, justo in mattis ultricies, risus velit"
      text run at (2,1682) width 371: "pretium ligula, eu sodales libero dolor et massa. Phasellus"
      text run at (2,1702) width 374: "eros quam, faucibus sed consectetur et, elementum ut erat."
      text run at (2,1722) width 393: "Morbi fringilla, lorem non fermentum vulputate, quam metus"
      text run at (2,1742) width 398: "ullamcorper quam, eu porttitor diam metus eget augue. Donec"
      text run at (2,1762) width 380: "non lorem et arcu adipiscing suscipit. Donec porta euismod"
      text run at (2,1782) width 344: "magna a fermentum. Suspendisse vestibulum rhoncus"
      text run at (2,1802) width 393: "bibendum. Nam in nisi eget nulla vestibulum rutrum. Aenean"
      text run at (2,1822) width 364: "eu libero turpis. Lorem ipsum dolor sit amet, consectetur"
      text run at (2,1842) width 364: "adipiscing elit. Maecenas lacinia massa in lectus pretium"
      text run at (2,1862) width 373: "vulputate. Curabitur viverra augue in leo faucibus congue."
      text run at (2,1882) width 367: "Vestibulum ligula neque, commodo eget blandit sit amet,"
      text run at (2,1902) width 400: "facilisis vitae mi. Vivamus pretium lorem a quam imperdiet in"
      text run at (2,1927) width 373: "placerat purus sagittis. Aliquam ut dui nibh. Cras faucibus"
      text run at (2,1947) width 395: "imperdiet pellentesque. Curabitur vel tortor quam, ut pharetra"
      text run at (2,1967) width 364: "eros. Mauris euismod, justo in mattis ultricies, risus velit"
      text run at (2,1987) width 371: "pretium ligula, eu sodales libero dolor et massa. Phasellus"
      text run at (2,2007) width 374: "eros quam, faucibus sed consectetur et, elementum ut erat."
      text run at (2,2027) width 393: "Morbi fringilla, lorem non fermentum vulputate, quam metus"
      text run at (2,2047) width 398: "ullamcorper quam, eu porttitor diam metus eget augue. Donec"
      text run at (2,2067) width 380: "non lorem et arcu adipiscing suscipit. Donec porta euismod"
      text run at (2,2087) width 344: "magna a fermentum. Suspendisse vestibulum rhoncus"
      text run at (2,2107) width 393: "bibendum. Nam in nisi eget nulla vestibulum rutrum. Aenean"
      text run at (2,2127) width 364: "eu libero turpis. Lorem ipsum dolor sit amet, consectetur"
      text run at (2,2147) width 364: "adipiscing elit. Maecenas lacinia massa in lectus pretium"
      text run at (2,2167) width 373: "vulputate. Curabitur viverra augue in leo faucibus congue."
      text run at (2,2187) width 367: "Vestibulum ligula neque, commodo eget blandit sit amet,"
      text run at (2,2207) width 400: "facilisis vitae mi. Vivamus pretium lorem a quam imperdiet in"
      text run at (2,2227) width 373: "placerat purus sagittis. Aliquam ut dui nibh. Cras faucibus"
      text run at (2,2247) width 395: "imperdiet pellentesque. Curabitur vel tortor quam, ut pharetra"
      text run at (2,2267) width 364: "eros. Mauris euismod, justo in mattis ultricies, risus velit"
      text run at (2,2287) width 371: "pretium ligula, eu sodales libero dolor et massa. Phasellus"
      text run at (2,2312) width 374: "eros quam, faucibus sed consectetur et, elementum ut erat."
      text run at (2,2332) width 393: "Morbi fringilla, lorem non fermentum vulputate, quam metus"
      text run at (2,2352) width 398: "ullamcorper quam, eu porttitor diam metus eget augue. Donec"
      text run at (2,2372) width 380: "non lorem et arcu adipiscing suscipit. Donec porta euismod"
      text run at (2,2392) width 344: "magna a fermentum. Suspendisse vestibulum rhoncus"
      text run at (2,2412) width 393: "bibendum. Nam in nisi eget nulla vestibulum rutrum. Aenean"
      text run at (2,2432) width 101: "eu libero turpis."
