layer at (0,0) size 2600x600
  RenderView at (0,0) size 800x600
layer at (0,0) size 800x1248 backgroundClip at (0,0) size 2600x600 clip at (0,0) size 2600x600 outlineClip at (0,0) size 2600x600
  RenderBlock {HTML} at (0,0) size 800x1248
    RenderBody {BODY} at (8,8) size 784x1232
      RenderText {#text} at (0,0) size 778x1231
        text run at (0,0) width 759: "Lorem ipsum dolor sit amet, consectetur adipiscing elit. Maecenas lacinia massa in lectus pretium vulputate. Curabitur"
        text run at (0,20) width 725: "viverra augue in leo faucibus congue. Vestibulum ligula neque, commodo eget blandit sit amet, facilisis vitae mi."
        text run at (0,40) width 727: "Vivamus pretium lorem a quam imperdiet in placerat purus sagittis. Aliquam ut dui nibh. Cras faucibus imperdiet"
        text run at (0,60) width 750: "pellentesque. Curabitur vel tortor quam, ut pharetra eros. Mauris euismod, justo in mattis ultricies, risus velit pretium"
        text run at (0,80) width 739: "ligula, eu sodales libero dolor et massa. Phasellus eros quam, faucibus sed consectetur et, elementum ut erat. Morbi"
        text run at (0,100) width 778: "fringilla, lorem non fermentum vulputate, quam metus ullamcorper quam, eu porttitor diam metus eget augue. Donec non"
        text run at (0,120) width 772: "lorem et arcu adipiscing suscipit. Donec porta euismod magna a fermentum. Suspendisse vestibulum rhoncus bibendum."
        text run at (0,140) width 759: "Nam in nisi eget nulla vestibulum rutrum. Aenean eu libero turpis. Lorem ipsum dolor sit amet, consectetur adipiscing"
        text run at (0,160) width 750: "elit. Maecenas lacinia massa in lectus pretium vulputate. Curabitur viverra augue in leo faucibus congue. Vestibulum"
        text run at (0,180) width 746: "ligula neque, commodo eget blandit sit amet, facilisis vitae mi. Vivamus pretium lorem a quam imperdiet in placerat"
        text run at (0,200) width 751: "purus sagittis. Aliquam ut dui nibh. Cras faucibus imperdiet pellentesque. Curabitur vel tortor quam, ut pharetra eros."
        text run at (0,220) width 778: "Mauris euismod, justo in mattis ultricies, risus velit pretium ligula, eu sodales libero dolor et massa. Phasellus eros quam,"
        text run at (0,240) width 778: "faucibus sed consectetur et, elementum ut erat. Morbi fringilla, lorem non fermentum vulputate, quam metus ullamcorper"
        text run at (0,260) width 758: "quam, eu porttitor diam metus eget augue. Donec non lorem et arcu adipiscing suscipit. Donec porta euismod magna a"
        text run at (0,280) width 744: "fermentum. Suspendisse vestibulum rhoncus bibendum. Nam in nisi eget nulla vestibulum rutrum. Aenean eu libero"
        text run at (0,300) width 739: "turpis. Lorem ipsum dolor sit amet, consectetur adipiscing elit. Maecenas lacinia massa in lectus pretium vulputate."
        text run at (0,320) width 765: "Curabitur viverra augue in leo faucibus congue. Vestibulum ligula neque, commodo eget blandit sit amet, facilisis vitae"
        text run at (0,340) width 752: "mi. Vivamus pretium lorem a quam imperdiet in placerat purus sagittis. Aliquam ut dui nibh. Cras faucibus imperdiet"
        text run at (0,360) width 750: "pellentesque. Curabitur vel tortor quam, ut pharetra eros. Mauris euismod, justo in mattis ultricies, risus velit pretium"
        text run at (0,380) width 739: "ligula, eu sodales libero dolor et massa. Phasellus eros quam, faucibus sed consectetur et, elementum ut erat. Morbi"
        text run at (0,400) width 778: "fringilla, lorem non fermentum vulputate, quam metus ullamcorper quam, eu porttitor diam metus eget augue. Donec non"
        text run at (0,420) width 772: "lorem et arcu adipiscing suscipit. Donec porta euismod magna a fermentum. Suspendisse vestibulum rhoncus bibendum."
        text run at (0,440) width 759: "Nam in nisi eget nulla vestibulum rutrum. Aenean eu libero turpis. Lorem ipsum dolor sit amet, consectetur adipiscing"
        text run at (0,460) width 750: "elit. Maecenas lacinia massa in lectus pretium vulputate. Curabitur viverra augue in leo faucibus congue. Vestibulum"
        text run at (0,480) width 746: "ligula neque, commodo eget blandit sit amet, facilisis vitae mi. Vivamus pretium lorem a quam imperdiet in placerat"
        text run at (0,500) width 751: "purus sagittis. Aliquam ut dui nibh. Cras faucibus imperdiet pellentesque. Curabitur vel tortor quam, ut pharetra eros."
        text run at (0,520) width 778: "Mauris euismod, justo in mattis ultricies, risus velit pretium ligula, eu sodales libero dolor et massa. Phasellus eros quam,"
        text run at (0,540) width 778: "faucibus sed consectetur et, elementum ut erat. Morbi fringilla, lorem non fermentum vulputate, quam metus ullamcorper"
        text run at (0,560) width 758: "quam, eu porttitor diam metus eget augue. Donec non lorem et arcu adipiscing suscipit. Donec porta euismod magna a"
        text run at (0,592) width 744: "fermentum. Suspendisse vestibulum rhoncus bibendum. Nam in nisi eget nulla vestibulum rutrum. Aenean eu libero"
        text run at (0,612) width 739: "turpis. Lorem ipsum dolor sit amet, consectetur adipiscing elit. Maecenas lacinia massa in lectus pretium vulputate."
        text run at (0,632) width 765: "Curabitur viverra augue in leo faucibus congue. Vestibulum ligula neque, commodo eget blandit sit amet, facilisis vitae"
        text run at (0,652) width 752: "mi. Vivamus pretium lorem a quam imperdiet in placerat purus sagittis. Aliquam ut dui nibh. Cras faucibus imperdiet"
        text run at (0,672) width 750: "pellentesque. Curabitur vel tortor quam, ut pharetra eros. Mauris euismod, justo in mattis ultricies, risus velit pretium"
        text run at (0,692) width 739: "ligula, eu sodales libero dolor et massa. Phasellus eros quam, faucibus sed consectetur et, elementum ut erat. Morbi"
        text run at (0,712) width 778: "fringilla, lorem non fermentum vulputate, quam metus ullamcorper quam, eu porttitor diam metus eget augue. Donec non"
        text run at (0,732) width 772: "lorem et arcu adipiscing suscipit. Donec porta euismod magna a fermentum. Suspendisse vestibulum rhoncus bibendum."
        text run at (0,752) width 759: "Nam in nisi eget nulla vestibulum rutrum. Aenean eu libero turpis. Lorem ipsum dolor sit amet, consectetur adipiscing"
        text run at (0,772) width 750: "elit. Maecenas lacinia massa in lectus pretium vulputate. Curabitur viverra augue in leo faucibus congue. Vestibulum"
        text run at (0,792) width 746: "ligula neque, commodo eget blandit sit amet, facilisis vitae mi. Vivamus pretium lorem a quam imperdiet in placerat"
        text run at (0,812) width 751: "purus sagittis. Aliquam ut dui nibh. Cras faucibus imperdiet pellentesque. Curabitur vel tortor quam, ut pharetra eros."
        text run at (0,832) width 778: "Mauris euismod, justo in mattis ultricies, risus velit pretium ligula, eu sodales libero dolor et massa. Phasellus eros quam,"
        text run at (0,852) width 778: "faucibus sed consectetur et, elementum ut erat. Morbi fringilla, lorem non fermentum vulputate, quam metus ullamcorper"
        text run at (0,872) width 758: "quam, eu porttitor diam metus eget augue. Donec non lorem et arcu adipiscing suscipit. Donec porta euismod magna a"
        text run at (0,892) width 744: "fermentum. Suspendisse vestibulum rhoncus bibendum. Nam in nisi eget nulla vestibulum rutrum. Aenean eu libero"
        text run at (0,912) width 739: "turpis. Lorem ipsum dolor sit amet, consectetur adipiscing elit. Maecenas lacinia massa in lectus pretium vulputate."
        text run at (0,932) width 765: "Curabitur viverra augue in leo faucibus congue. Vestibulum ligula neque, commodo eget blandit sit amet, facilisis vitae"
        text run at (0,952) width 752: "mi. Vivamus pretium lorem a quam imperdiet in placerat purus sagittis. Aliquam ut dui nibh. Cras faucibus imperdiet"
        text run at (0,972) width 750: "pellentesque. Curabitur vel tortor quam, ut pharetra eros. Mauris euismod, justo in mattis ultricies, risus velit pretium"
        text run at (0,992) width 739: "ligula, eu sodales libero dolor et massa. Phasellus eros quam, faucibus sed consectetur et, elementum ut erat. Morbi"
        text run at (0,1012) width 778: "fringilla, lorem non fermentum vulputate, quam metus ullamcorper quam, eu porttitor diam metus eget augue. Donec non"
        text run at (0,1032) width 772: "lorem et arcu adipiscing suscipit. Donec porta euismod magna a fermentum. Suspendisse vestibulum rhoncus bibendum."
        text run at (0,1052) width 759: "Nam in nisi eget nulla vestibulum rutrum. Aenean eu libero turpis. Lorem ipsum dolor sit amet, consectetur adipiscing"
        text run at (0,1072) width 750: "elit. Maecenas lacinia massa in lectus pretium vulputate. Curabitur viverra augue in leo faucibus congue. Vestibulum"
        text run at (0,1092) width 746: "ligula neque, commodo eget blandit sit amet, facilisis vitae mi. Vivamus pretium lorem a quam imperdiet in placerat"
        text run at (0,1112) width 751: "purus sagittis. Aliquam ut dui nibh. Cras faucibus imperdiet pellentesque. Curabitur vel tortor quam, ut pharetra eros."
        text run at (0,1132) width 778: "Mauris euismod, justo in mattis ultricies, risus velit pretium ligula, eu sodales libero dolor et massa. Phasellus eros quam,"
        text run at (0,1152) width 778: "faucibus sed consectetur et, elementum ut erat. Morbi fringilla, lorem non fermentum vulputate, quam metus ullamcorper"
        text run at (0,1172) width 758: "quam, eu porttitor diam metus eget augue. Donec non lorem et arcu adipiscing suscipit. Donec porta euismod magna a"
        text run at (0,1192) width 744: "fermentum. Suspendisse vestibulum rhoncus bibendum. Nam in nisi eget nulla vestibulum rutrum. Aenean eu libero"
        text run at (0,1212) width 41: "turpis."
scrolled to 400,0
