layer at (0,0) size 800x600
  RenderView at (0,0) size 800x600
layer at (0,0) size 800x600
  RenderBlock {HTML} at (0,0) size 800x600
    RenderBody {BODY} at (8,8) size 784x584
layer at (8,8) size 404x404 clip at (10,10) size 400x400 scrollHeight 2896
  RenderBlock {DIV} at (0,0) size 404x404 [border: (2px solid #000000)]
    RenderText {#text} at (2,2) size 400x2419
      text run at (2,2) width 357: "Lorem ipsum dolor sit amet, consectetur adipiscing elit."
      text run at (2,22) width 399: "Maecenas lacinia massa in lectus pretium vulputate. Curabitur"
      text run at (2,42) width 360: "viverra augue in leo faucibus congue. Vestibulum ligula"
      text run at (2,62) width 362: "neque, commodo eget blandit sit amet, facilisis vitae mi."
      text run at (2,82) width 380: "Vivamus pretium lorem a quam imperdiet in placerat purus"
      text run at (2,102) width 344: "sagittis. Aliquam ut dui nibh. Cras faucibus imperdiet"
      text run at (2,122) width 364: "pellentesque. Curabitur vel tortor quam, ut pharetra eros."
      text run at (2,142) width 383: "Mauris euismod, justo in mattis ultricies, risus velit pretium"
      text run at (2,162) width 392: "ligula, eu sodales libero dolor et massa. Phasellus eros quam,"
      text run at (2,182) width 344: "faucibus sed consectetur et, elementum ut erat. Morbi"
      text run at (2,202) width 349: "fringilla, lorem non fermentum vulputate, quam metus"
      text run at (2,222) width 398: "ullamcorper quam, eu porttitor diam metus eget augue. Donec"
      text run at (2,242) width 380: "non lorem et arcu adipiscing suscipit. Donec porta euismod"
      text run at (2,262) width 344: "magna a fermentum. Suspendisse vestibulum rhoncus"
      text run at (2,282) width 393: "bibendum. Nam in nisi eget nulla vestibulum rutrum. Aenean"
      text run at (2,302) width 364: "eu libero turpis. Lorem ipsum dolor sit amet, consectetur"
      text run at (2,322) width 364: "adipiscing elit. Maecenas lacinia massa in lectus pretium"
      text run at (2,342) width 373: "vulputate. Curabitur viverra augue in leo faucibus congue."
      text run at (2,362) width 367: "Vestibulum ligula neque, commodo eget blandit sit amet,"
      text run at (2,382) width 400: "facilisis vitae mi. Vivamus pretium lorem a quam imperdiet in"
      text run at (2,402) width 373: "placerat purus sagittis. Aliquam ut dui nibh. Cras faucibus"
      text run at (2,422) width 395: "imperdiet pellentesque. Curabitur vel tortor quam, ut pharetra"
      text run at (2,442) width 364: "eros. Mauris euismod, justo in mattis ultricies, risus velit"
      text run at (2,462) width 371: "pretium ligula, eu sodales libero dolor et massa. Phasellus"
      text run at (2,482) width 374: "eros quam, faucibus sed consectetur et, elementum ut erat."
      text run at (2,502) width 393: "Morbi fringilla, lorem non fermentum vulputate, quam metus"
      text run at (2,522) width 398: "ullamcorper quam, eu porttitor diam metus eget augue. Donec"
      text run at (2,542) width 380: "non lorem et arcu adipiscing suscipit. Donec porta euismod"
      text run at (2,562) width 344: "magna a fermentum. Suspendisse vestibulum rhoncus"
      text run at (2,582) width 393: "bibendum. Nam in nisi eget nulla vestibulum rutrum. Aenean"
      text run at (2,602) width 364: "eu libero turpis. Lorem ipsum dolor sit amet, consectetur"
      text run at (2,622) width 364: "adipiscing elit. Maecenas lacinia massa in lectus pretium"
      text run at (2,642) width 373: "vulputate. Curabitur viverra augue in leo faucibus congue."
      text run at (2,662) width 367: "Vestibulum ligula neque, commodo eget blandit sit amet,"
      text run at (2,682) width 400: "facilisis vitae mi. Vivamus pretium lorem a quam imperdiet in"
      text run at (2,702) width 373: "placerat purus sagittis. Aliquam ut dui nibh. Cras faucibus"
      text run at (2,722) width 395: "imperdiet pellentesque. Curabitur vel tortor quam, ut pharetra"
      text run at (2,742) width 364: "eros. Mauris euismod, justo in mattis ultricies, risus velit"
      text run at (2,762) width 371: "pretium ligula, eu sodales libero dolor et massa. Phasellus"
      text run at (2,782) width 374: "eros quam, faucibus sed consectetur et, elementum ut erat."
      text run at (2,802) width 393: "Morbi fringilla, lorem non fermentum vulputate, quam metus"
      text run at (2,822) width 398: "ullamcorper quam, eu porttitor diam metus eget augue. Donec"
      text run at (2,842) width 380: "non lorem et arcu adipiscing suscipit. Donec porta euismod"
      text run at (2,862) width 344: "magna a fermentum. Suspendisse vestibulum rhoncus"
      text run at (2,882) width 393: "bibendum. Nam in nisi eget nulla vestibulum rutrum. Aenean"
      text run at (2,902) width 364: "eu libero turpis. Lorem ipsum dolor sit amet, consectetur"
      text run at (2,922) width 364: "adipiscing elit. Maecenas lacinia massa in lectus pretium"
      text run at (2,942) width 373: "vulputate. Curabitur viverra augue in leo faucibus congue."
      text run at (2,962) width 367: "Vestibulum ligula neque, commodo eget blandit sit amet,"
      text run at (2,982) width 400: "facilisis vitae mi. Vivamus pretium lorem a quam imperdiet in"
      text run at (2,1002) width 373: "placerat purus sagittis. Aliquam ut dui nibh. Cras faucibus"
      text run at (2,1022) width 395: "imperdiet pellentesque. Curabitur vel tortor quam, ut pharetra"
      text run at (2,1042) width 364: "eros. Mauris euismod, justo in mattis ultricies, risus velit"
      text run at (2,1062) width 371: "pretium ligula, eu sodales libero dolor et massa. Phasellus"
      text run at (2,1082) width 374: "eros quam, faucibus sed consectetur et, elementum ut erat."
      text run at (2,1102) width 393: "Morbi fringilla, lorem non fermentum vulputate, quam metus"
      text run at (2,1122) width 398: "ullamcorper quam, eu porttitor diam metus eget augue. Donec"
      text run at (2,1142) width 380: "non lorem et arcu adipiscing suscipit. Donec porta euismod"
      text run at (2,1162) width 344: "magna a fermentum. Suspendisse vestibulum rhoncus"
      text run at (2,1182) width 393: "bibendum. Nam in nisi eget nulla vestibulum rutrum. Aenean"
      text run at (2,1202) width 364: "eu libero turpis. Lorem ipsum dolor sit amet, consectetur"
      text run at (2,1222) width 364: "adipiscing elit. Maecenas lacinia massa in lectus pretium"
      text run at (2,1242) width 373: "vulputate. Curabitur viverra augue in leo faucibus congue."
      text run at (2,1262) width 367: "Vestibulum ligula neque, commodo eget blandit sit amet,"
      text run at (2,1282) width 400: "facilisis vitae mi. Vivamus pretium lorem a quam imperdiet in"
      text run at (2,1302) width 373: "placerat purus sagittis. Aliquam ut dui nibh. Cras faucibus"
      text run at (2,1322) width 395: "imperdiet pellentesque. Curabitur vel tortor quam, ut pharetra"
      text run at (2,1342) width 364: "eros. Mauris euismod, justo in mattis ultricies, risus velit"
      text run at (2,1362) width 371: "pretium ligula, eu sodales libero dolor et massa. Phasellus"
      text run at (2,1382) width 374: "eros quam, faucibus sed consectetur et, elementum ut erat."
      text run at (2,1402) width 393: "Morbi fringilla, lorem non fermentum vulputate, quam metus"
      text run at (2,1422) width 398: "ullamcorper quam, eu porttitor diam metus eget augue. Donec"
      text run at (2,1442) width 380: "non lorem et arcu adipiscing suscipit. Donec porta euismod"
      text run at (2,1462) width 344: "magna a fermentum. Suspendisse vestibulum rhoncus"
      text run at (2,1482) width 393: "bibendum. Nam in nisi eget nulla vestibulum rutrum. Aenean"
      text run at (2,1502) width 364: "eu libero turpis. Lorem ipsum dolor sit amet, consectetur"
      text run at (2,1522) width 364: "adipiscing elit. Maecenas lacinia massa in lectus pretium"
      text run at (2,1542) width 373: "vulputate. Curabitur viverra augue in leo faucibus congue."
      text run at (2,1562) width 367: "Vestibulum ligula neque, commodo eget blandit sit amet,"
      text run at (2,1582) width 400: "facilisis vitae mi. Vivamus pretium lorem a quam imperdiet in"
      text run at (2,1602) width 373: "placerat purus sagittis. Aliquam ut dui nibh. Cras faucibus"
      text run at (2,1622) width 395: "imperdiet pellentesque. Curabitur vel tortor quam, ut pharetra"
      text run at (2,1642) width 364: "eros. Mauris euismod, justo in mattis ultricies, risus velit"
      text run at (2,1662) width 371: "pretium ligula, eu sodales libero dolor et massa. Phasellus"
      text run at (2,1682) width 374: "eros quam, faucibus sed consectetur et, elementum ut erat."
      text run at (2,1702) width 393: "Morbi fringilla, lorem non fermentum vulputate, quam metus"
      text run at (2,1722) width 398: "ullamcorper quam, eu porttitor diam metus eget augue. Donec"
      text run at (2,1742) width 380: "non lorem et arcu adipiscing suscipit. Donec porta euismod"
      text run at (2,1762) width 344: "magna a fermentum. Suspendisse vestibulum rhoncus"
      text run at (2,1782) width 393: "bibendum. Nam in nisi eget nulla vestibulum rutrum. Aenean"
      text run at (2,1802) width 364: "eu libero turpis. Lorem ipsum dolor sit amet, consectetur"
      text run at (2,1822) width 364: "adipiscing elit. Maecenas lacinia massa in lectus pretium"
      text run at (2,1842) width 373: "vulputate. Curabitur viverra augue in leo faucibus congue."
      text run at (2,1862) width 367: "Vestibulum ligula neque, commodo eget blandit sit amet,"
      text run at (2,1882) width 400: "facilisis vitae mi. Vivamus pretium lorem a quam imperdiet in"
      text run at (2,1902) width 373: "placerat purus sagittis. Aliquam ut dui nibh. Cras faucibus"
      text run at (2,1922) width 395: "imperdiet pellentesque. Curabitur vel tortor quam, ut pharetra"
      text run at (2,1942) width 364: "eros. Mauris euismod, justo in mattis ultricies, risus velit"
      text run at (2,1962) width 371: "pretium ligula, eu sodales libero dolor et massa. Phasellus"
      text run at (2,1982) width 374: "eros quam, faucibus sed consectetur et, elementum ut erat."
      text run at (2,2002) width 393: "Morbi fringilla, lorem non fermentum vulputate, quam metus"
      text run at (2,2022) width 398: "ullamcorper quam, eu porttitor diam metus eget augue. Donec"
      text run at (2,2042) width 380: "non lorem et arcu adipiscing suscipit. Donec porta euismod"
      text run at (2,2062) width 344: "magna a fermentum. Suspendisse vestibulum rhoncus"
      text run at (2,2082) width 393: "bibendum. Nam in nisi eget nulla vestibulum rutrum. Aenean"
      text run at (2,2102) width 364: "eu libero turpis. Lorem ipsum dolor sit amet, consectetur"
      text run at (2,2122) width 364: "adipiscing elit. Maecenas lacinia massa in lectus pretium"
      text run at (2,2142) width 373: "vulputate. Curabitur viverra augue in leo faucibus congue."
      text run at (2,2162) width 367: "Vestibulum ligula neque, commodo eget blandit sit amet,"
      text run at (2,2182) width 400: "facilisis vitae mi. Vivamus pretium lorem a quam imperdiet in"
      text run at (2,2202) width 373: "placerat purus sagittis. Aliquam ut dui nibh. Cras faucibus"
      text run at (2,2222) width 395: "imperdiet pellentesque. Curabitur vel tortor quam, ut pharetra"
      text run at (2,2242) width 364: "eros. Mauris euismod, justo in mattis ultricies, risus velit"
      text run at (2,2262) width 371: "pretium ligula, eu sodales libero dolor et massa. Phasellus"
      text run at (2,2282) width 374: "eros quam, faucibus sed consectetur et, elementum ut erat."
      text run at (2,2302) width 393: "Morbi fringilla, lorem non fermentum vulputate, quam metus"
      text run at (2,2322) width 398: "ullamcorper quam, eu porttitor diam metus eget augue. Donec"
      text run at (2,2342) width 380: "non lorem et arcu adipiscing suscipit. Donec porta euismod"
      text run at (2,2362) width 344: "magna a fermentum. Suspendisse vestibulum rhoncus"
      text run at (2,2382) width 393: "bibendum. Nam in nisi eget nulla vestibulum rutrum. Aenean"
      text run at (2,2402) width 101: "eu libero turpis."
