layer at (0,0) size 800x600
  RenderView at (0,0) size 800x600
layer at (0,0) size 800x332
  RenderBlock {HTML} at (0,0) size 800x332
    RenderBody {BODY} at (8,8) size 784x316
      RenderBlock (anonymous) at (0,0) size 784x244
        RenderText {#text} at (0,0) size 0x0
      RenderBlock {DIV} at (0,244) size 784x72
        RenderText {#text} at (0,0) size 272x18
          text run at (0,0) width 272: "Rendering horizontal line-positioned cues."
        RenderBR {BR} at (271,0) size 1x18
        RenderText {#text} at (0,18) size 163x18
          text run at (0,18) width 163: "EVENT(canplaythrough)"
        RenderBR {BR} at (162,18) size 1x18
        RenderText {#text} at (0,36) size 107x18
          text run at (0,36) width 107: "EVENT(seeked)"
        RenderBR {BR} at (106,36) size 1x18
        RenderText {#text} at (0,54) size 100x18
          text run at (0,54) width 100: "END OF TEST"
        RenderBR {BR} at (99,54) size 1x18
layer at (8,8) size 320x240
  RenderVideo {VIDEO} at (0,0) size 320x240
layer at (8,8) size 320x240
  RenderFlexibleBox {DIV} at (0,0) size 320x240
layer at (8,8) size 320x240
  RenderBlock (relative positioned) {DIV} at (0,0) size 320x240 [color=#FFFFFF]
layer at (8,8) size 320x14
  RenderBlock (positioned) {DIV} at (0,0) size 320x14
    RenderBlock {DIV} at (24,0) size 272x14
      RenderInline {SPAN} at (0,0) size 271x14 [bgcolor=#000000CC]
        RenderText {#text} at (0,0) size 271x14
          text run at (0,0) width 271: "Cue 1: should be positioned at the top of the video."
layer at (8,22) size 320x14
  RenderBlock (positioned) {DIV} at (0,14) size 320x14
    RenderBlock {DIV} at (11,0) size 298x14
      RenderInline {SPAN} at (0,0) size 298x14 [bgcolor=#000000CC]
        RenderText {#text} at (0,0) size 298x14
          text run at (0,0) width 298: "Cue 2: should be the second cue and not overlap cue 1."
layer at (8,36) size 320x14
  RenderBlock (positioned) {DIV} at (0,28) size 320x14
    RenderBlock {DIV} at (13,0) size 294x14
      RenderInline {SPAN} at (0,0) size 293x14 [bgcolor=#000000CC]
        RenderText {#text} at (0,0) size 293x14
          text run at (0,0) width 293: "Cue 3: should become the third line from top to bottom."
layer at (8,78) size 320x14
  RenderBlock (positioned) {DIV} at (0,70) size 320x14
    RenderBlock {DIV} at (19,0) size 282x14
      RenderInline {SPAN} at (0,0) size 281x14 [bgcolor=#000000CC]
        RenderText {#text} at (0,0) size 281x14
          text run at (0,0) width 281: "Cue 4: should be fixed positioned around the middle."
layer at (8,234) size 320x14
  RenderBlock (positioned) {DIV} at (0,226) size 320x14
    RenderBlock {DIV} at (16,0) size 288x14
      RenderInline {SPAN} at (0,0) size 287x14 [bgcolor=#000000CC]
        RenderText {#text} at (0,0) size 287x14
          text run at (0,0) width 287: "Cue 5: should be displayed at the bottom of the video."
layer at (8,220) size 320x14
  RenderBlock (positioned) {DIV} at (0,212) size 320x14
    RenderBlock {DIV} at (22,0) size 276x14
      RenderInline {SPAN} at (0,0) size 275x14 [bgcolor=#000000CC]
        RenderText {#text} at (0,0) size 275x14
          text run at (0,0) width 275: "Cue 6: should be on top of bottom positioned cue 5."
layer at (8,238) size 320x10
  RenderButton {BUTTON} at (0,230) size 320x10
