layer at (0,0) size 800x600
  RenderView at (0,0) size 800x600
layer at (0,0) size 800x364
  RenderBlock {HTML} at (0,0) size 800x364
    RenderBody {BODY} at (8,16) size 784x340
      RenderBlock {P} at (0,0) size 784x17
        RenderInline {B} at (0,0) size 62x17
          RenderText {#text} at (0,0) size 62x17
            text run at (0,0) width 62: "BUG ID:"
        RenderText {#text} at (62,0) size 4x17
          text run at (62,0) width 4: " "
        RenderInline {A} at (0,0) size 117x17 [color=#0000EE]
          RenderText {#text} at (66,0) size 117x17
            text run at (66,0) width 117: "Bugzilla bug 6278"
        RenderText {#text} at (183,0) size 512x17
          text run at (183,0) width 512: " REGRESSION: Incomplete repaint when table cell width changes during layout"
      RenderBlock {P} at (0,33) size 784x23 [bgcolor=#98FB98]
        RenderInline {B} at (0,0) size 91x17
          RenderText {#text} at (3,3) size 91x17
            text run at (3,3) width 91: "TEST PASS:"
        RenderText {#text} at (94,3) size 604x17
          text run at (94,3) width 4: " "
          text run at (98,3) width 600: "The purple and green rects will resize, and there will remain separated by a blue horizontal line."
      RenderBlock {P} at (0,72) size 784x23 [bgcolor=#FF3300]
        RenderInline {B} at (0,0) size 90x17
          RenderText {#text} at (3,3) size 90x17
            text run at (3,3) width 90: "TEST FAIL:"
        RenderText {#text} at (93,3) size 479x17
          text run at (93,3) width 4: " "
          text run at (97,3) width 475: "The purple and green rects will resize, but the blue separator will disappear."
      RenderTable {TABLE} at (0,111) size 300x229
        RenderTableSection {TBODY} at (0,0) size 300x229
          RenderTableRow {TR} at (0,2) size 300x225
            RenderTableCell {TD} at (2,2) size 242x225 [bgcolor=#0000FF] [r=0 c=0 rs=1 cs=1]
              RenderBlock {DIV} at (0,0) size 242x170 [bgcolor=#EEEEFF]
                RenderText {#text} at (0,0) size 234x170
                  text run at (0,0) width 234: "Curabitur pretium, quam quis semper"
                  text run at (0,17) width 222: "malesuada, est libero feugiat libero,"
                  text run at (0,34) width 203: "vel fringilla orci nibh sed neque."
                  text run at (0,51) width 217: "Quisque eu nulla non nisi molestie"
                  text run at (0,68) width 226: "accumsan. Etiam tellus urna, laoreet"
                  text run at (0,85) width 224: "ac, laoreet non, suscipit sed, sapien."
                  text run at (0,102) width 217: "Phasellus vehicula, sem at posuere"
                  text run at (0,119) width 217: "vehicula, augue nibh molestie nisl,"
                  text run at (0,136) width 229: "nec ullamcorper lacus ante vulputate"
                  text run at (0,153) width 34: "pede."
              RenderBlock {DIV} at (0,175) size 242x50 [bgcolor=#EEFFEE]
            RenderTableCell {TD} at (246,113) size 52x2 [r=0 c=1 rs=1 cs=1]
