layer at (0,0) size 800x600
  RenderView at (0,0) size 800x600
layer at (0,0) size 800x600
  RenderBlock {HTML} at (0,0) size 800x600
    RenderBody {BODY} at (8,8) size 784x584
      RenderBlock {P} at (0,0) size 784x34
        RenderText {#text} at (0,0) size 100x17
          text run at (0,0) width 100: "Repaint test for "
        RenderInline {I} at (0,0) size 767x34
          RenderInline {A} at (0,0) size 301x17 [color=#0000EE]
            RenderText {#text} at (100,0) size 301x17
              text run at (100,0) width 301: "http://bugs.webkit.org/show_bug.cgi?id=15838"
          RenderText {#text} at (401,0) size 767x34
            text run at (401,0) width 366: " Incomplete repaint toggling \"How you know this person\""
            text run at (0,17) width 83: "on Facebook"
        RenderText {#text} at (83,17) size 4x17
          text run at (83,17) width 4: "."
      RenderBlock {DIV} at (0,50) size 784x253
        RenderBlock (anonymous) at (0,0) size 784x85
          RenderText {#text} at (0,0) size 40x17
            text run at (0,0) width 40: "Word,"
          RenderBR {BR} at (40,14) size 0x0
          RenderText {#text} at (0,17) size 43x17
            text run at (0,17) width 43: "words,"
          RenderBR {BR} at (43,31) size 0x0
          RenderText {#text} at (0,34) size 79x17
            text run at (0,34) width 79: "more words."
          RenderBR {BR} at (79,48) size 0x0
          RenderText {#text} at (0,51) size 44x17
            text run at (0,51) width 44: "I could"
          RenderBR {BR} at (44,65) size 0x0
          RenderText {#text} at (0,68) size 79x17
            text run at (0,68) width 79: "write a book"
          RenderBR {BR} at (79,82) size 0x0
        RenderBlock {DIV} at (0,85) size 10x100 [bgcolor=#FFFF00]
        RenderBlock (anonymous) at (0,185) size 784x68
          RenderText {#text} at (0,0) size 109x17
            text run at (0,0) width 109: "about all the stuff"
          RenderBR {BR} at (109,14) size 0x0
          RenderText {#text} at (0,17) size 67x17
            text run at (0,17) width 67: "that comes"
          RenderBR {BR} at (67,31) size 0x0
          RenderText {#text} at (0,34) size 28x17
            text run at (0,34) width 28: "after"
          RenderBR {BR} at (28,48) size 0x0
          RenderText {#text} at (0,51) size 62x17
            text run at (0,51) width 62: "the break."
