layer at (0,0) size 800x600
  RenderView at (0,0) size 800x600
layer at (0,0) size 800x600
  RenderBlock {HTML} at (0,0) size 800x600
    RenderBody {BODY} at (8,8) size 784x584
      RenderBlock {P} at (0,0) size 784x34
        RenderText {#text} at (0,0) size 151x17
          text run at (0,0) width 151: "This is a repaint test for "
        RenderInline {I} at (0,0) size 755x34
          RenderInline {A} at (0,0) size 301x17 [color=#0000EE]
            RenderText {#text} at (151,0) size 301x17
              text run at (151,0) width 301: "http://bugs.webkit.org/show_bug.cgi?id=11277"
          RenderText {#text} at (452,0) size 755x34
            text run at (452,0) width 4: " "
            text run at (456,0) width 299: "REGRESSION: Incomplete repaint of overflow"
            text run at (0,17) width 127: "areas when deleting"
        RenderText {#text} at (127,17) size 4x17
          text run at (127,17) width 4: "."
      RenderBlock {HR} at (0,50) size 784x2 [border: (1px inset #000000)]
layer at (8,68) size 80x36
  RenderBlock {DIV} at (0,60) size 80x36
    RenderText {#text} at (0,0) size 72x17
      text run at (0,0) width 72: "Lorem ipsu"
