layer at (0,0) size 800x600
  RenderView at (0,0) size 800x600
layer at (0,0) size 800x600
  RenderBlock {HTML} at (0,0) size 800x600
    RenderBody {BODY} at (8,8) size 784x584
      RenderBlock {P} at (0,0) size 784x17
        RenderText {#text} at (0,0) size 53x17
          text run at (0,0) width 53: "Test for "
        RenderInline {A} at (0,0) size 305x17 [color=#0000EE]
          RenderText {#text} at (53,0) size 305x17
            text run at (53,0) width 305: "https://bugs.webkit.org/show_bug.cgi?id=23093"
        RenderText {#text} at (358,0) size 322x17
          text run at (358,0) width 322: ". The cancel button in a search field fails to redraw."
      RenderBlock (anonymous) at (0,33) size 784x27
        RenderTextControl {INPUT} at (2,2) size 207x23 [bgcolor=#FFFFFF] [border: (2px inset #000000)]
          RenderFlexibleBox {DIV} at (3,3) size 201x17
            RenderBlock {DIV} at (0,8) size 0x0
            RenderBlock {DIV} at (0,0) size 185x17
            RenderBlock {DIV} at (185,0) size 16x17
        RenderText {#text} at (0,0) size 0x0
layer at (13,46) size 185x17
  RenderBlock {DIV} at (0,0) size 185x17
    RenderText {#text} at (0,0) size 68x17
      text run at (0,0) width 68: "some text"
