layer at (0,0) size 800x600
  RenderView at (0,0) size 800x600
layer at (614,0) size 186x600
  RenderBlock {HTML} at (0,0) size 186x600
    RenderBody {BODY} at (8,8) size 170x584
      RenderInline {SPAN} at (0,0) size 17x144
        RenderText {#text} at (0,0) size 17x144
          text run at (0,0) width 144: "Testing both hit testing"
      RenderText {#text} at (0,144) size 17x162
        text run at (0,144) width 162: " and painting of selection."
      RenderBR {BR} at (0,306) size 17x0
      RenderText {#text} at (17,0) size 17x306
        text run at (17,0) width 306: "Testing both hit testing and painting of selection."
      RenderBR {BR} at (17,306) size 17x0
      RenderText {#text} at (34,0) size 17x306
        text run at (34,0) width 306: "Testing both hit testing and painting of selection."
      RenderBR {BR} at (34,306) size 17x0
      RenderText {#text} at (51,0) size 17x306
        text run at (51,0) width 306: "Testing both hit testing and painting of selection."
      RenderBR {BR} at (51,306) size 17x0
      RenderText {#text} at (68,0) size 17x306
        text run at (68,0) width 306: "Testing both hit testing and painting of selection."
      RenderBR {BR} at (68,306) size 17x0
      RenderText {#text} at (85,0) size 17x306
        text run at (85,0) width 306: "Testing both hit testing and painting of selection."
      RenderBR {BR} at (85,306) size 17x0
      RenderText {#text} at (102,0) size 17x306
        text run at (102,0) width 306: "Testing both hit testing and painting of selection."
      RenderBR {BR} at (102,306) size 17x0
      RenderText {#text} at (119,0) size 17x306
        text run at (119,0) width 306: "Testing both hit testing and painting of selection."
      RenderBR {BR} at (119,306) size 17x0
      RenderText {#text} at (136,0) size 17x306
        text run at (136,0) width 306: "Testing both hit testing and painting of selection."
      RenderBR {BR} at (136,306) size 17x0
      RenderText {#text} at (153,0) size 17x306
        text run at (153,0) width 306: "Testing both hit testing and painting of selection."
      RenderBR {BR} at (153,306) size 17x0
selection start: position 5 of child 0 {#text} of child 1 {SPAN} of body
selection end:   position 19 of child 0 {#text} of child 1 {SPAN} of body
