layer at (0,0) size 800x600
  RenderView at (0,0) size 800x600
layer at (0,0) size 800x116
  RenderBlock {HTML} at (0,0) size 800x116
    RenderBody {BODY} at (8,8) size 784x100
layer at (8,8) size 784x100 scrollY 53 scrollHeight 153
  RenderBlock {DIV} at (0,0) size 784x100
    RenderBR {BR} at (0,0) size 0x17
    RenderBR {BR} at (0,17) size 0x17
    RenderBR {BR} at (0,34) size 0x17
    RenderBR {BR} at (0,51) size 0x17
    RenderInline {SPAN} at (0,0) size 197x17 [bgcolor=#008000]
      RenderText {#text} at (0,68) size 197x17
        text run at (0,68) width 197: "Should have green background"
    RenderBR {BR} at (197,68) size 0x17
    RenderBR {BR} at (0,85) size 0x17
    RenderBR {BR} at (0,102) size 0x17
    RenderBR {BR} at (0,119) size 0x17
    RenderBR {BR} at (0,136) size 0x17
