layer at (0,0) size 800x600
  RenderView at (0,0) size 800x600
layer at (0,0) size 800x173
  RenderBlock {HTML} at (0,0) size 800x173
    RenderBody {BODY} at (8,8) size 784x157
      RenderIFrame {IFRAME} at (0,0) size 304x154 [border: (2px inset #000000)]
        layer at (0,0) size 300x150
          RenderView at (0,0) size 300x150
        layer at (0,0) size 300x150
          RenderBlock {HTML} at (0,0) size 300x150
            RenderBody {BODY} at (8,8) size 284x134
        layer at (8,8) size 284x100 scrollY 53 scrollHeight 153
          RenderBlock {DIV} at (0,0) size 284x100
            RenderBR {BR} at (0,0) size 0x17
            RenderBR {BR} at (0,17) size 0x17
            RenderBR {BR} at (0,34) size 0x17
            RenderBR {BR} at (0,51) size 0x17
            RenderText {#text} at (0,68) size 234x17
              text run at (0,68) width 234: "Should have blue, not gray, highlight"
            RenderBR {BR} at (234,82) size 0x0
            RenderBR {BR} at (0,85) size 0x17
            RenderBR {BR} at (0,102) size 0x17
            RenderBR {BR} at (0,119) size 0x17
            RenderBR {BR} at (0,136) size 0x17
      RenderText {#text} at (0,0) size 0x0
