layer at (0,0) size 800x600
  RenderView at (0,0) size 800x600
layer at (0,0) size 800x166
  RenderBlock {html} at (0,0) size 800x166
    RenderBody {body} at (8,16) size 784x134
      RenderBlock {p} at (0,0) size 784x34
        RenderText {#text} at (0,0) size 755x17
          text run at (0,0) width 225: "This paragraph should be unstyled. "
          text run at (225,0) width 457: "The background of the following paragraph should become green when "
          text run at (682,0) width 73: "you follow "
        RenderInline {a} at (0,0) size 777x34 [color=#0000EE]
          RenderText {#text} at (755,0) size 777x34
            text run at (755,0) width 22: "this"
            text run at (0,17) width 24: "link"
        RenderText {#text} at (24,17) size 4x17
          text run at (24,17) width 4: "."
      RenderBlock {p} at (0,50) size 784x34
        RenderText {#text} at (0,0) size 739x17
          text run at (0,0) width 276: "This paragraph should initially be unstyled. "
          text run at (276,0) width 463: "It should become green when you select the link above. When you select "
        RenderInline {a} at (0,0) size 761x34 [color=#0000EE]
          RenderText {#text} at (739,0) size 761x34
            text run at (739,0) width 22: "this"
            text run at (0,17) width 24: "link"
        RenderText {#text} at (24,17) size 636x17
          text run at (24,17) width 269: ", it should return to being unstyled and the "
          text run at (293,17) width 367: "background of the paragraph below should become green."
      RenderBlock {p} at (0,100) size 784x34
        RenderText {#text} at (0,0) size 745x17
          text run at (0,0) width 276: "This paragraph should initially be unstyled. "
          text run at (276,0) width 469: "It should become green when you select the link above. When you follow "
        RenderInline {a} at (0,0) size 767x34 [color=#0000EE]
          RenderText {#text} at (745,0) size 767x34
            text run at (745,0) width 22: "this"
            text run at (0,17) width 24: "link"
        RenderText {#text} at (24,17) size 357x17
          text run at (24,17) width 139: ", the three paragraphs "
          text run at (163,17) width 218: "should all return to being unstyled."
