layer at (0,0) size 800x600
  RenderView at (0,0) size 800x600
layer at (0,0) size 800x368
  RenderBlock {html} at (0,0) size 800x368
    RenderBody {body} at (8,16) size 784x336
      RenderBlock {p} at (0,0) size 784x17
        RenderText {#text} at (0,0) size 221x17
          text run at (0,0) width 221: "This paragraph should be unstyled."
      RenderBlock {address} at (0,33) size 784x17
        RenderText {#text} at (0,0) size 205x17
          text run at (0,0) width 205: "This address should be unstyled."
      RenderBlock {p} at (0,66) size 784x17 [bgcolor=#00FF00]
        RenderText {#text} at (0,0) size 297x17
          text run at (0,0) width 297: "This paragraph should have green background."
      RenderBlock {p} at (0,99) size 784x17 [bgcolor=#00FF00]
        RenderText {#text} at (0,0) size 297x17
          text run at (0,0) width 297: "This paragraph should have green background."
      RenderBlock {dl} at (0,132) size 784x204
        RenderBlock {dt} at (0,0) size 784x17 [bgcolor=#00FF00]
          RenderText {#text} at (0,0) size 353x17
            text run at (0,0) width 353: "First definition term that should have green background."
        RenderBlock {dd} at (40,17) size 744x17 [bgcolor=#00FF00]
          RenderText {#text} at (0,0) size 361x17
            text run at (0,0) width 361: "First definition that should also have a green background."
        RenderBlock {dt} at (0,34) size 784x17 [bgcolor=#00FF00]
          RenderText {#text} at (0,0) size 372x17
            text run at (0,0) width 372: "Second definition term that should have green background."
        RenderBlock {dd} at (40,51) size 744x17 [bgcolor=#00FF00]
          RenderText {#text} at (0,0) size 340x17
            text run at (0,0) width 340: "Second definition that should have green background."
        RenderBlock {dt} at (0,68) size 784x17
          RenderText {#text} at (0,0) size 135x17
            text run at (0,0) width 135: "Third definition term."
        RenderBlock {dd} at (40,85) size 744x17
          RenderText {#text} at (0,0) size 103x17
            text run at (0,0) width 103: "Third definition."
        RenderBlock {dt} at (0,102) size 784x17 [bgcolor=#00FF00]
          RenderText {#text} at (0,0) size 367x17
            text run at (0,0) width 367: "Fourth definition term that should have green background."
        RenderBlock {dd} at (40,119) size 744x17 [bgcolor=#00FF00]
          RenderText {#text} at (0,0) size 335x17
            text run at (0,0) width 335: "Fourth definition that should have green background."
        RenderBlock {dt} at (0,136) size 784x17 [bgcolor=#00FF00]
          RenderText {#text} at (0,0) size 355x17
            text run at (0,0) width 355: "Fifth definition term that should have green background."
        RenderBlock {dd} at (40,153) size 744x17 [bgcolor=#00FF00]
          RenderText {#text} at (0,0) size 323x17
            text run at (0,0) width 323: "Fifth definition that should have green background."
        RenderBlock {dt} at (0,170) size 784x17
          RenderText {#text} at (0,0) size 133x17
            text run at (0,0) width 133: "Sixth definition term."
        RenderBlock {dd} at (40,187) size 744x17
          RenderText {#text} at (0,0) size 101x17
            text run at (0,0) width 101: "Sixth definition."
