layer at (0,0) size 800x600
  RenderView at (0,0) size 800x600
layer at (0,0) size 800x49
  RenderBlock {html} at (0,0) size 800x49
    RenderBody {body} at (8,16) size 784x17
      RenderBlock {p} at (0,0) size 784x17
        RenderText {#text} at (0,0) size 403x17
          text run at (0,0) width 403: "The first line of this paragraph should have a green background."
