layer at (0,0) size 800x600
  RenderView at (0,0) size 800x600
layer at (0,0) size 800x280
  RenderBlock {html} at (0,0) size 800x280
    RenderBody {body} at (8,16) size 784x248
      RenderBlock {div} at (0,0) size 784x248
        RenderBlock {div} at (0,0) size 784x116
          RenderBlock {p} at (0,0) size 784x17 [bgcolor=#00FF00]
            RenderText {#text} at (0,0) size 308x17
              text run at (0,0) width 308: "This paragraph should have a green background."
          RenderBlock {p} at (0,33) size 784x17 [bgcolor=#00FF00]
            RenderText {#text} at (0,0) size 308x17
              text run at (0,0) width 308: "This paragraph should have a green background."
          RenderBlock {p} at (0,66) size 784x17 [bgcolor=#00FF00]
            RenderText {#text} at (0,0) size 308x17
              text run at (0,0) width 308: "This paragraph should have a green background."
          RenderBlock {p} at (0,99) size 784x17 [bgcolor=#00FF00]
            RenderText {#text} at (0,0) size 308x17
              text run at (0,0) width 308: "This paragraph should have a green background."
        RenderBlock {address} at (0,132) size 784x17 [bgcolor=#00FF00]
          RenderText {#text} at (0,0) size 296x17
            text run at (0,0) width 296: "This address should have a green background."
        RenderBlock {s} at (0,165) size 784x17 [bgcolor=#00FF00]
          RenderText {#text} at (0,0) size 308x17
            text run at (0,0) width 308: "This paragraph should have a green background."
        RenderBlock {t} at (0,198) size 784x17 [bgcolor=#00FF00]
          RenderText {#text} at (0,0) size 308x17
            text run at (0,0) width 308: "This paragraph should have a green background."
        RenderBlock {u} at (0,231) size 784x17 [bgcolor=#00FF00]
          RenderText {#text} at (0,0) size 308x17
            text run at (0,0) width 308: "This paragraph should have a green background."
