layer at (0,0) size 800x600
  RenderView at (0,0) size 800x600
layer at (0,0) size 800x83
  RenderBlock {html} at (0,0) size 800x83
    RenderBody {body} at (8,16) size 784x51
      RenderBlock {ul} at (0,0) size 784x51
        RenderListItem {li} at (40,0) size 744x17 [bgcolor=#00FF00]
          RenderListMarker at (-17,0) size 7x17: bullet
          RenderText {#text} at (0,0) size 431x17
            text run at (0,0) width 431: "This list item should have a green background. because its ID is \"t1\""
        RenderListItem {li} at (40,17) size 744x17 [bgcolor=#00FF00]
          RenderListMarker at (-17,0) size 7x17: bullet
          RenderText {#text} at (0,0) size 431x17
            text run at (0,0) width 431: "This list item should have a green background. because its ID is \"t2\""
        RenderListItem {li} at (40,34) size 744x17 [bgcolor=#00FF00]
          RenderListMarker at (-17,0) size 7x17: bullet
          RenderInline {span} at (0,0) size 590x17
            RenderText {#text} at (0,0) size 590x17
              text run at (0,0) width 590: "This list item should have a green background. because the inner SPAN does not match \"#t4\""
