layer at (0,0) size 800x600
  RenderView at (0,0) size 800x600
layer at (0,0) size 800x50
  RenderBlock {html} at (0,0) size 800x50
    RenderBody {body} at (8,8) size 784x34
      RenderBlock {tests} at (0,0) size 784x34 [color=#FF0000]
        RenderBlock {testA} at (0,0) size 784x17 [color=#008000]
          RenderText {#text} at (0,0) size 136x17
            text run at (0,0) width 136: "This should be green."
        RenderBlock {testB} at (0,17) size 784x17 [color=#008000]
          RenderText {#text} at (0,0) size 136x17
            text run at (0,0) width 136: "This should be green."
