layer at (0,0) size 800x600
  RenderView at (0,0) size 800x600
layer at (0,0) size 800x276
  RenderBlock {HTML} at (0,0) size 800x276
    RenderBody {BODY} at (8,16) size 784x244 [color=#0000FF]
      RenderBlock {P} at (0,0) size 784x44
        RenderText {#text} at (0,20) size 498x19
          text run at (0,20) width 498: "There should be a solid blue line to the right of every occurance of the word \""
        RenderInline {SPAN} at (0,0) size 140x36 [border: none (2px solid #0000FF) none]
          RenderText {#text} at (497,6) size 138x36
            text run at (497,6) width 138: "THERE \x{2799}"
        RenderText {#text} at (636,20) size 12x19
          text run at (636,20) width 12: "\"."
      RenderTable {TABLE} at (0,60) size 298x148
        RenderTableSection {TBODY} at (0,0) size 298x148
          RenderTableRow {TR} at (0,2) size 298x46
            RenderTableCell {TD} at (2,2) size 294x46 [border: none (2px solid #0000FF) none] [r=0 c=0 rs=1 cs=2]
              RenderText {#text} at (152,7) size 139x36
                text run at (152,7) width 139: "THERE \x{2799}"
          RenderTableRow {TR} at (0,50) size 298x96
            RenderTableCell {TD} at (2,75) size 142x46 [border: none (2px solid #0000FF) none] [r=1 c=0 rs=1 cs=1]
              RenderText {#text} at (1,7) size 138x36
                text run at (1,7) width 138: "THERE \x{2799}"
            RenderTableCell {TD} at (145,50) size 151x96 [border: none (2px solid #0000FF) none] [r=1 c=1 rs=1 cs=1]
              RenderBlock (anonymous) at (1,1) size 146x44
                RenderText {#text} at (8,6) size 138x36
                  text run at (8,6) width 138: "THERE \x{2798}"
              RenderTable {TABLE} at (1,45) size 146x50
                RenderTableSection {TBODY} at (0,0) size 146x50
                  RenderTableRow {TR} at (0,2) size 146x46
                    RenderTableCell {TD} at (2,2) size 142x46 [border: none (2px solid #0000FF) none] [r=0 c=0 rs=1 cs=1]
                      RenderText {#text} at (1,7) size 138x36
                        text run at (1,7) width 138: "THERE \x{2799}"
      RenderBlock {P} at (0,224) size 784x20
        RenderText {#text} at (0,0) size 344x19
          text run at (0,0) width 344: "There should be 3 short lines and 2 long lines in total."
