layer at (0,0) size 800x600
  RenderView at (0,0) size 800x600
layer at (0,0) size 800x172
  RenderBlock {HTML} at (0,0) size 800x172
    RenderBody {BODY} at (8,16) size 784x140
      RenderBlock {P} at (0,0) size 784x18
        RenderMathMLMath {math} at (0,4) size 31x10 [padding: 0 1 0 1]
          RenderMathMLUnderOver {mover} at (1,0) size 29x10
            RenderMathMLSpace {mspace} at (3,8) size 23x2 [bgcolor=#0000FF]
            RenderMathMLOperator {mo} at (-4,0) size 36x8
              RenderMathMLBlock (anonymous, flex) at (3,0) size 29x8
                RenderBlock (anonymous) at (0,0) size 12x8
                  RenderText at (0,-36) size 12x80
                    text run at (0,-36) width 12: "\x{2190}"
        RenderText {#text} at (30,0) size 5x18
          text run at (30,0) width 5: " "
        RenderMathMLMath {math} at (34,4) size 32x10 [padding: 0 1 0 1]
          RenderMathMLUnderOver {mover} at (1,0) size 29x10
            RenderMathMLSpace {mspace} at (3,8) size 23x2 [bgcolor=#0000FF]
            RenderMathMLOperator {mo} at (-4,0) size 36x8
              RenderMathMLBlock (anonymous, flex) at (3,0) size 29x8
                RenderBlock (anonymous) at (0,0) size 12x8
                  RenderText at (0,-36) size 12x80
                    text run at (0,-36) width 12: "\x{2192}"
        RenderText {#text} at (65,0) size 5x18
          text run at (65,0) width 5: " "
        RenderMathMLMath {math} at (69,4) size 31x10 [padding: 0 1 0 1]
          RenderMathMLUnderOver {mover} at (1,0) size 29x10
            RenderMathMLSpace {mspace} at (3,8) size 23x2 [bgcolor=#0000FF]
            RenderMathMLOperator {mo} at (-4,0) size 36x8
              RenderMathMLBlock (anonymous, flex) at (3,0) size 29x8
                RenderBlock (anonymous) at (0,0) size 12x8
                  RenderText at (0,-36) size 12x80
                    text run at (0,-36) width 12: "\x{2194}"
        RenderText {#text} at (99,0) size 5x18
          text run at (99,0) width 5: " "
        RenderMathMLMath {math} at (103,4) size 32x10 [padding: 0 1 0 1]
          RenderMathMLUnderOver {mover} at (1,0) size 29x10
            RenderMathMLSpace {mspace} at (3,8) size 23x2 [bgcolor=#0000FF]
            RenderMathMLOperator {mo} at (-4,0) size 36x8
              RenderMathMLBlock (anonymous, flex) at (3,0) size 29x8
                RenderBlock (anonymous) at (0,0) size 12x8
                  RenderText at (0,-36) size 12x80
                    text run at (0,-36) width 12: "\x{21A4}"
        RenderText {#text} at (134,0) size 5x18
          text run at (134,0) width 5: " "
        RenderMathMLMath {math} at (138,4) size 32x10 [padding: 0 1 0 1]
          RenderMathMLUnderOver {mover} at (1,0) size 29x10
            RenderMathMLSpace {mspace} at (3,8) size 23x2 [bgcolor=#0000FF]
            RenderMathMLOperator {mo} at (-4,0) size 36x8
              RenderMathMLBlock (anonymous, flex) at (3,0) size 29x8
                RenderBlock (anonymous) at (0,0) size 12x8
                  RenderText at (0,-36) size 12x80
                    text run at (0,-36) width 12: "\x{21A6}"
        RenderText {#text} at (169,0) size 5x18
          text run at (169,0) width 5: " "
        RenderMathMLMath {math} at (173,4) size 31x10 [padding: 0 1 0 1]
          RenderMathMLUnderOver {mover} at (1,0) size 29x10
            RenderMathMLSpace {mspace} at (3,8) size 23x2 [bgcolor=#0000FF]
            RenderMathMLOperator {mo} at (-4,0) size 36x8
              RenderMathMLBlock (anonymous, flex) at (3,0) size 29x8
                RenderBlock (anonymous) at (0,0) size 12x8
                  RenderText at (0,-36) size 12x80
                    text run at (0,-36) width 12: "\x{21BC}"
        RenderText {#text} at (203,0) size 5x18
          text run at (203,0) width 5: " "
        RenderMathMLMath {math} at (207,7) size 32x7 [padding: 0 1 0 1]
          RenderMathMLUnderOver {mover} at (1,0) size 29x7
            RenderMathMLSpace {mspace} at (3,5) size 23x2 [bgcolor=#0000FF]
            RenderMathMLOperator {mo} at (-4,0) size 36x5
              RenderMathMLBlock (anonymous, flex) at (3,0) size 29x5
                RenderBlock (anonymous) at (0,0) size 13x5
                  RenderText at (0,-39) size 13x80
                    text run at (0,-39) width 13: "\x{21BD}"
        RenderText {#text} at (238,0) size 5x18
          text run at (238,0) width 5: " "
        RenderMathMLMath {math} at (242,4) size 32x10 [padding: 0 1 0 1]
          RenderMathMLUnderOver {mover} at (1,0) size 29x10
            RenderMathMLSpace {mspace} at (3,8) size 23x2 [bgcolor=#0000FF]
            RenderMathMLOperator {mo} at (-4,0) size 36x8
              RenderMathMLBlock (anonymous, flex) at (3,0) size 29x8
                RenderBlock (anonymous) at (0,0) size 12x8
                  RenderText at (0,-36) size 12x80
                    text run at (0,-36) width 12: "\x{21C0}"
        RenderText {#text} at (273,0) size 5x18
          text run at (273,0) width 5: " "
        RenderMathMLMath {math} at (277,4) size 31x10 [padding: 0 1 0 1]
          RenderMathMLUnderOver {mover} at (1,0) size 29x10
            RenderMathMLSpace {mspace} at (3,8) size 23x2 [bgcolor=#0000FF]
            RenderMathMLOperator {mo} at (-4,0) size 36x8
              RenderMathMLBlock (anonymous, flex) at (3,0) size 29x8
                RenderBlock (anonymous) at (0,0) size 12x8
                  RenderText at (0,-36) size 12x80
                    text run at (0,-36) width 12: "\x{21D0}"
        RenderText {#text} at (307,0) size 5x18
          text run at (307,0) width 5: " "
        RenderMathMLMath {math} at (311,4) size 32x10 [padding: 0 1 0 1]
          RenderMathMLUnderOver {mover} at (1,0) size 29x10
            RenderMathMLSpace {mspace} at (3,8) size 23x2 [bgcolor=#0000FF]
            RenderMathMLOperator {mo} at (-4,0) size 36x8
              RenderMathMLBlock (anonymous, flex) at (3,0) size 29x8
                RenderBlock (anonymous) at (0,0) size 12x8
                  RenderText at (0,-36) size 12x80
                    text run at (0,-36) width 12: "\x{21D2}"
        RenderText {#text} at (342,0) size 5x18
          text run at (342,0) width 5: " "
        RenderMathMLMath {math} at (346,4) size 32x10 [padding: 0 1 0 1]
          RenderMathMLUnderOver {mover} at (1,0) size 29x10
            RenderMathMLSpace {mspace} at (3,8) size 23x2 [bgcolor=#0000FF]
            RenderMathMLOperator {mo} at (-4,0) size 36x8
              RenderMathMLBlock (anonymous, flex) at (3,0) size 29x8
                RenderBlock (anonymous) at (0,0) size 12x8
                  RenderText at (0,-36) size 12x80
                    text run at (0,-36) width 12: "\x{21D4}"
        RenderText {#text} at (377,0) size 5x18
          text run at (377,0) width 5: " "
        RenderMathMLMath {math} at (381,2) size 31x12 [padding: 0 1 0 1]
          RenderMathMLUnderOver {mover} at (1,0) size 29x12
            RenderMathMLSpace {mspace} at (3,10) size 23x2 [bgcolor=#0000FF]
            RenderMathMLOperator {mo} at (-4,0) size 36x10
              RenderMathMLBlock (anonymous, flex) at (3,0) size 29x10
                RenderBlock (anonymous) at (0,0) size 13x10
                  RenderText at (0,-35) size 13x80
                    text run at (0,-35) width 13: "\x{21DA}"
        RenderText {#text} at (411,0) size 5x18
          text run at (411,0) width 5: " "
        RenderMathMLMath {math} at (415,2) size 32x12 [padding: 0 1 0 1]
          RenderMathMLUnderOver {mover} at (1,0) size 29x12
            RenderMathMLSpace {mspace} at (3,10) size 23x2 [bgcolor=#0000FF]
            RenderMathMLOperator {mo} at (-4,0) size 36x10
              RenderMathMLBlock (anonymous, flex) at (3,0) size 29x10
                RenderBlock (anonymous) at (0,0) size 13x10
                  RenderText at (0,-35) size 13x80
                    text run at (0,-35) width 13: "\x{21DB}"
        RenderText {#text} at (446,0) size 5x18
          text run at (446,0) width 5: " "
        RenderMathMLMath {math} at (450,2) size 25x12 [padding: 0 1 0 1]
          RenderMathMLUnderOver {mover} at (1,0) size 22x12
            RenderMathMLSpace {mspace} at (0,10) size 22x2 [bgcolor=#0000FF]
            RenderMathMLOperator {mo} at (0,0) size 22x10
              RenderMathMLBlock (anonymous, flex) at (0,0) size 22x10
                RenderBlock (anonymous) at (0,0) size 5x10
                  RenderText at (0,-34) size 5x80
                    text run at (0,-34) width 5: "\x{23B4}"
        RenderText {#text} at (474,0) size 5x18
          text run at (474,0) width 5: " "
        RenderMathMLMath {math} at (478,8) size 25x6 [padding: 0 1 0 1]
          RenderMathMLUnderOver {mover} at (1,0) size 22x6
            RenderMathMLSpace {mspace} at (0,4) size 22x2 [bgcolor=#0000FF]
            RenderMathMLOperator {mo} at (0,0) size 22x4
              RenderMathMLBlock (anonymous, flex) at (0,0) size 22x4
                RenderBlock (anonymous) at (0,0) size 5x4
                  RenderText at (0,-43) size 5x80
                    text run at (0,-43) width 5: "\x{23B5}"
        RenderText {#text} at (502,0) size 5x18
          text run at (502,0) width 5: " "
        RenderMathMLMath {math} at (506,2) size 25x12 [padding: 0 1 0 1]
          RenderMathMLUnderOver {mover} at (1,0) size 22x12
            RenderMathMLSpace {mspace} at (0,10) size 22x2 [bgcolor=#0000FF]
            RenderMathMLOperator {mo} at (0,0) size 22x10
              RenderMathMLBlock (anonymous, flex) at (0,0) size 22x10
                RenderBlock (anonymous) at (0,0) size 7x10
                  RenderText at (0,-34) size 7x80
                    text run at (0,-34) width 7: "\x{23DC}"
        RenderText {#text} at (530,0) size 5x18
          text run at (530,0) width 5: " "
        RenderMathMLMath {math} at (534,8) size 25x6 [padding: 0 1 0 1]
          RenderMathMLUnderOver {mover} at (1,0) size 22x6
            RenderMathMLSpace {mspace} at (0,4) size 22x2 [bgcolor=#0000FF]
            RenderMathMLOperator {mo} at (0,0) size 22x4
              RenderMathMLBlock (anonymous, flex) at (0,0) size 22x4
                RenderBlock (anonymous) at (0,0) size 7x4
                  RenderText at (0,-43) size 7x80
                    text run at (0,-43) width 7: "\x{23DD}"
        RenderText {#text} at (558,0) size 5x18
          text run at (558,0) width 5: " "
        RenderMathMLMath {math} at (562,1) size 25x13 [padding: 0 1 0 1]
          RenderMathMLUnderOver {mover} at (1,0) size 22x13
            RenderMathMLSpace {mspace} at (0,11) size 22x2 [bgcolor=#0000FF]
            RenderMathMLOperator {mo} at (0,0) size 22x11
              RenderMathMLBlock (anonymous, flex) at (0,0) size 22x11
                RenderBlock (anonymous) at (0,0) size 6x11
                  RenderText at (0,-33) size 6x80
                    text run at (0,-33) width 6: "\x{23DE}"
        RenderText {#text} at (586,0) size 5x18
          text run at (586,0) width 5: " "
        RenderMathMLMath {math} at (590,7) size 25x7 [padding: 0 1 0 1]
          RenderMathMLUnderOver {mover} at (1,0) size 22x7
            RenderMathMLSpace {mspace} at (0,5) size 22x2 [bgcolor=#0000FF]
            RenderMathMLOperator {mo} at (0,0) size 22x5
              RenderMathMLBlock (anonymous, flex) at (0,0) size 22x5
                RenderBlock (anonymous) at (0,0) size 6x5
                  RenderText at (0,-43) size 6x80
                    text run at (0,-43) width 6: "\x{23DF}"
        RenderText {#text} at (0,0) size 0x0
      RenderBlock {P} at (0,34) size 784x36
        RenderMathMLMath {math} at (0,4) size 59x10 [padding: 0 1 0 1]
          RenderMathMLUnderOver {mover} at (1,0) size 57x10
            RenderMathMLSpace {mspace} at (3,8) size 51x2 [bgcolor=#008000]
            RenderMathMLOperator {mo} at (-4,0) size 64x8
              RenderMathMLBlock (anonymous, flex) at (3,0) size 57x8
                RenderBlock (anonymous) at (0,0) size 12x8
                  RenderText at (0,-36) size 12x80
                    text run at (0,-36) width 12: "\x{2190}"
        RenderText {#text} at (58,0) size 5x18
          text run at (58,0) width 5: " "
        RenderMathMLMath {math} at (62,4) size 60x10 [padding: 0 1 0 1]
          RenderMathMLUnderOver {mover} at (1,0) size 57x10
            RenderMathMLSpace {mspace} at (3,8) size 51x2 [bgcolor=#008000]
            RenderMathMLOperator {mo} at (-4,0) size 64x8
              RenderMathMLBlock (anonymous, flex) at (3,0) size 57x8
                RenderBlock (anonymous) at (0,0) size 12x8
                  RenderText at (0,-36) size 12x80
                    text run at (0,-36) width 12: "\x{2192}"
        RenderText {#text} at (121,0) size 5x18
          text run at (121,0) width 5: " "
        RenderMathMLMath {math} at (125,4) size 59x10 [padding: 0 1 0 1]
          RenderMathMLUnderOver {mover} at (1,0) size 57x10
            RenderMathMLSpace {mspace} at (3,8) size 51x2 [bgcolor=#008000]
            RenderMathMLOperator {mo} at (-4,0) size 64x8
              RenderMathMLBlock (anonymous, flex) at (3,0) size 57x8
                RenderBlock (anonymous) at (0,0) size 12x8
                  RenderText at (0,-36) size 12x80
                    text run at (0,-36) width 12: "\x{2194}"
        RenderText {#text} at (183,0) size 5x18
          text run at (183,0) width 5: " "
        RenderMathMLMath {math} at (187,4) size 60x10 [padding: 0 1 0 1]
          RenderMathMLUnderOver {mover} at (1,0) size 57x10
            RenderMathMLSpace {mspace} at (3,8) size 51x2 [bgcolor=#008000]
            RenderMathMLOperator {mo} at (-4,0) size 64x8
              RenderMathMLBlock (anonymous, flex) at (3,0) size 57x8
                RenderBlock (anonymous) at (0,0) size 12x8
                  RenderText at (0,-36) size 12x80
                    text run at (0,-36) width 12: "\x{21A4}"
        RenderText {#text} at (246,0) size 5x18
          text run at (246,0) width 5: " "
        RenderMathMLMath {math} at (250,4) size 60x10 [padding: 0 1 0 1]
          RenderMathMLUnderOver {mover} at (1,0) size 57x10
            RenderMathMLSpace {mspace} at (3,8) size 51x2 [bgcolor=#008000]
            RenderMathMLOperator {mo} at (-4,0) size 64x8
              RenderMathMLBlock (anonymous, flex) at (3,0) size 57x8
                RenderBlock (anonymous) at (0,0) size 12x8
                  RenderText at (0,-36) size 12x80
                    text run at (0,-36) width 12: "\x{21A6}"
        RenderText {#text} at (309,0) size 5x18
          text run at (309,0) width 5: " "
        RenderMathMLMath {math} at (313,4) size 59x10 [padding: 0 1 0 1]
          RenderMathMLUnderOver {mover} at (1,0) size 57x10
            RenderMathMLSpace {mspace} at (3,8) size 51x2 [bgcolor=#008000]
            RenderMathMLOperator {mo} at (-4,0) size 64x8
              RenderMathMLBlock (anonymous, flex) at (3,0) size 57x8
                RenderBlock (anonymous) at (0,0) size 12x8
                  RenderText at (0,-36) size 12x80
                    text run at (0,-36) width 12: "\x{21BC}"
        RenderText {#text} at (371,0) size 5x18
          text run at (371,0) width 5: " "
        RenderMathMLMath {math} at (375,7) size 60x7 [padding: 0 1 0 1]
          RenderMathMLUnderOver {mover} at (1,0) size 57x7
            RenderMathMLSpace {mspace} at (3,5) size 51x2 [bgcolor=#008000]
            RenderMathMLOperator {mo} at (-4,0) size 64x5
              RenderMathMLBlock (anonymous, flex) at (3,0) size 57x5
                RenderBlock (anonymous) at (0,0) size 13x5
                  RenderText at (0,-39) size 13x80
                    text run at (0,-39) width 13: "\x{21BD}"
        RenderText {#text} at (434,0) size 5x18
          text run at (434,0) width 5: " "
        RenderMathMLMath {math} at (438,4) size 60x10 [padding: 0 1 0 1]
          RenderMathMLUnderOver {mover} at (1,0) size 57x10
            RenderMathMLSpace {mspace} at (3,8) size 51x2 [bgcolor=#008000]
            RenderMathMLOperator {mo} at (-4,0) size 64x8
              RenderMathMLBlock (anonymous, flex) at (3,0) size 57x8
                RenderBlock (anonymous) at (0,0) size 12x8
                  RenderText at (0,-36) size 12x80
                    text run at (0,-36) width 12: "\x{21C0}"
        RenderText {#text} at (497,0) size 5x18
          text run at (497,0) width 5: " "
        RenderMathMLMath {math} at (501,4) size 59x10 [padding: 0 1 0 1]
          RenderMathMLUnderOver {mover} at (1,0) size 57x10
            RenderMathMLSpace {mspace} at (3,8) size 51x2 [bgcolor=#008000]
            RenderMathMLOperator {mo} at (-4,0) size 64x8
              RenderMathMLBlock (anonymous, flex) at (3,0) size 57x8
                RenderBlock (anonymous) at (0,0) size 12x8
                  RenderText at (0,-36) size 12x80
                    text run at (0,-36) width 12: "\x{21D0}"
        RenderText {#text} at (559,0) size 5x18
          text run at (559,0) width 5: " "
        RenderMathMLMath {math} at (563,4) size 60x10 [padding: 0 1 0 1]
          RenderMathMLUnderOver {mover} at (1,0) size 57x10
            RenderMathMLSpace {mspace} at (3,8) size 51x2 [bgcolor=#008000]
            RenderMathMLOperator {mo} at (-4,0) size 64x8
              RenderMathMLBlock (anonymous, flex) at (3,0) size 57x8
                RenderBlock (anonymous) at (0,0) size 12x8
                  RenderText at (0,-36) size 12x80
                    text run at (0,-36) width 12: "\x{21D2}"
        RenderText {#text} at (622,0) size 5x18
          text run at (622,0) width 5: " "
        RenderMathMLMath {math} at (626,4) size 60x10 [padding: 0 1 0 1]
          RenderMathMLUnderOver {mover} at (1,0) size 57x10
            RenderMathMLSpace {mspace} at (3,8) size 51x2 [bgcolor=#008000]
            RenderMathMLOperator {mo} at (-4,0) size 64x8
              RenderMathMLBlock (anonymous, flex) at (3,0) size 57x8
                RenderBlock (anonymous) at (0,0) size 12x8
                  RenderText at (0,-36) size 12x80
                    text run at (0,-36) width 12: "\x{21D4}"
        RenderText {#text} at (685,0) size 5x18
          text run at (685,0) width 5: " "
        RenderMathMLMath {math} at (689,2) size 59x12 [padding: 0 1 0 1]
          RenderMathMLUnderOver {mover} at (1,0) size 57x12
            RenderMathMLSpace {mspace} at (3,10) size 51x2 [bgcolor=#008000]
            RenderMathMLOperator {mo} at (-4,0) size 64x10
              RenderMathMLBlock (anonymous, flex) at (3,0) size 57x10
                RenderBlock (anonymous) at (0,0) size 13x10
                  RenderText at (0,-35) size 13x80
                    text run at (0,-35) width 13: "\x{21DA}"
        RenderText {#text} at (0,0) size 0x0
        RenderMathMLMath {math} at (0,20) size 59x12 [padding: 0 1 0 1]
          RenderMathMLUnderOver {mover} at (1,0) size 57x12
            RenderMathMLSpace {mspace} at (3,10) size 51x2 [bgcolor=#008000]
            RenderMathMLOperator {mo} at (-4,0) size 64x10
              RenderMathMLBlock (anonymous, flex) at (3,0) size 57x10
                RenderBlock (anonymous) at (0,0) size 13x10
                  RenderText at (0,-35) size 13x80
                    text run at (0,-35) width 13: "\x{21DB}"
        RenderText {#text} at (58,18) size 5x18
          text run at (58,18) width 5: " "
        RenderMathMLMath {math} at (62,20) size 53x12 [padding: 0 1 0 1]
          RenderMathMLUnderOver {mover} at (1,0) size 50x12
            RenderMathMLSpace {mspace} at (0,10) size 50x2 [bgcolor=#008000]
            RenderMathMLOperator {mo} at (0,0) size 50x10
              RenderMathMLBlock (anonymous, flex) at (0,0) size 50x10
                RenderBlock (anonymous) at (0,0) size 5x10
                  RenderText at (0,-34) size 5x80
                    text run at (0,-34) width 5: "\x{23B4}"
        RenderText {#text} at (114,18) size 5x18
          text run at (114,18) width 5: " "
        RenderMathMLMath {math} at (118,26) size 53x6 [padding: 0 1 0 1]
          RenderMathMLUnderOver {mover} at (1,0) size 50x6
            RenderMathMLSpace {mspace} at (0,4) size 50x2 [bgcolor=#008000]
            RenderMathMLOperator {mo} at (0,0) size 50x4
              RenderMathMLBlock (anonymous, flex) at (0,0) size 50x4
                RenderBlock (anonymous) at (0,0) size 5x4
                  RenderText at (0,-43) size 5x80
                    text run at (0,-43) width 5: "\x{23B5}"
        RenderText {#text} at (170,18) size 5x18
          text run at (170,18) width 5: " "
        RenderMathMLMath {math} at (174,20) size 53x12 [padding: 0 1 0 1]
          RenderMathMLUnderOver {mover} at (1,0) size 50x12
            RenderMathMLSpace {mspace} at (0,10) size 50x2 [bgcolor=#008000]
            RenderMathMLOperator {mo} at (0,0) size 50x10
              RenderMathMLBlock (anonymous, flex) at (0,0) size 50x10
                RenderBlock (anonymous) at (0,0) size 7x10
                  RenderText at (0,-34) size 7x80
                    text run at (0,-34) width 7: "\x{23DC}"
        RenderText {#text} at (226,18) size 5x18
          text run at (226,18) width 5: " "
        RenderMathMLMath {math} at (230,26) size 53x6 [padding: 0 1 0 1]
          RenderMathMLUnderOver {mover} at (1,0) size 50x6
            RenderMathMLSpace {mspace} at (0,4) size 50x2 [bgcolor=#008000]
            RenderMathMLOperator {mo} at (0,0) size 50x4
              RenderMathMLBlock (anonymous, flex) at (0,0) size 50x4
                RenderBlock (anonymous) at (0,0) size 7x4
                  RenderText at (0,-43) size 7x80
                    text run at (0,-43) width 7: "\x{23DD}"
        RenderText {#text} at (282,18) size 5x18
          text run at (282,18) width 5: " "
        RenderMathMLMath {math} at (286,19) size 53x13 [padding: 0 1 0 1]
          RenderMathMLUnderOver {mover} at (1,0) size 50x13
            RenderMathMLSpace {mspace} at (0,11) size 50x2 [bgcolor=#008000]
            RenderMathMLOperator {mo} at (0,0) size 50x11
              RenderMathMLBlock (anonymous, flex) at (0,0) size 50x11
                RenderBlock (anonymous) at (0,0) size 6x11
                  RenderText at (0,-33) size 6x80
                    text run at (0,-33) width 6: "\x{23DE}"
        RenderText {#text} at (338,18) size 5x18
          text run at (338,18) width 5: " "
        RenderMathMLMath {math} at (342,25) size 53x7 [padding: 0 1 0 1]
          RenderMathMLUnderOver {mover} at (1,0) size 50x7
            RenderMathMLSpace {mspace} at (0,5) size 50x2 [bgcolor=#008000]
            RenderMathMLOperator {mo} at (0,0) size 50x5
              RenderMathMLBlock (anonymous, flex) at (0,0) size 50x5
                RenderBlock (anonymous) at (0,0) size 6x5
                  RenderText at (0,-43) size 6x80
                    text run at (0,-43) width 6: "\x{23DF}"
        RenderText {#text} at (0,0) size 0x0
      RenderBlock {P} at (0,86) size 784x54
        RenderMathMLMath {math} at (0,4) size 109x10 [padding: 0 1 0 1]
          RenderMathMLUnderOver {mover} at (1,0) size 107x10
            RenderMathMLSpace {mspace} at (3,8) size 101x2 [bgcolor=#FF0000]
            RenderMathMLOperator {mo} at (-4,0) size 114x8
              RenderMathMLBlock (anonymous, flex) at (3,0) size 107x8
                RenderBlock (anonymous) at (0,0) size 12x8
                  RenderText at (0,-36) size 12x80
                    text run at (0,-36) width 12: "\x{2190}"
        RenderText {#text} at (108,0) size 5x18
          text run at (108,0) width 5: " "
        RenderMathMLMath {math} at (112,4) size 110x10 [padding: 0 1 0 1]
          RenderMathMLUnderOver {mover} at (1,0) size 107x10
            RenderMathMLSpace {mspace} at (3,8) size 101x2 [bgcolor=#FF0000]
            RenderMathMLOperator {mo} at (-4,0) size 114x8
              RenderMathMLBlock (anonymous, flex) at (3,0) size 107x8
                RenderBlock (anonymous) at (0,0) size 12x8
                  RenderText at (0,-36) size 12x80
                    text run at (0,-36) width 12: "\x{2192}"
        RenderText {#text} at (221,0) size 5x18
          text run at (221,0) width 5: " "
        RenderMathMLMath {math} at (225,4) size 109x10 [padding: 0 1 0 1]
          RenderMathMLUnderOver {mover} at (1,0) size 107x10
            RenderMathMLSpace {mspace} at (3,8) size 101x2 [bgcolor=#FF0000]
            RenderMathMLOperator {mo} at (-4,0) size 114x8
              RenderMathMLBlock (anonymous, flex) at (3,0) size 107x8
                RenderBlock (anonymous) at (0,0) size 12x8
                  RenderText at (0,-36) size 12x80
                    text run at (0,-36) width 12: "\x{2194}"
        RenderText {#text} at (333,0) size 5x18
          text run at (333,0) width 5: " "
        RenderMathMLMath {math} at (337,4) size 110x10 [padding: 0 1 0 1]
          RenderMathMLUnderOver {mover} at (1,0) size 107x10
            RenderMathMLSpace {mspace} at (3,8) size 101x2 [bgcolor=#FF0000]
            RenderMathMLOperator {mo} at (-4,0) size 114x8
              RenderMathMLBlock (anonymous, flex) at (3,0) size 107x8
                RenderBlock (anonymous) at (0,0) size 12x8
                  RenderText at (0,-36) size 12x80
                    text run at (0,-36) width 12: "\x{21A4}"
        RenderText {#text} at (446,0) size 5x18
          text run at (446,0) width 5: " "
        RenderMathMLMath {math} at (450,4) size 110x10 [padding: 0 1 0 1]
          RenderMathMLUnderOver {mover} at (1,0) size 107x10
            RenderMathMLSpace {mspace} at (3,8) size 101x2 [bgcolor=#FF0000]
            RenderMathMLOperator {mo} at (-4,0) size 114x8
              RenderMathMLBlock (anonymous, flex) at (3,0) size 107x8
                RenderBlock (anonymous) at (0,0) size 12x8
                  RenderText at (0,-36) size 12x80
                    text run at (0,-36) width 12: "\x{21A6}"
        RenderText {#text} at (559,0) size 5x18
          text run at (559,0) width 5: " "
        RenderMathMLMath {math} at (563,4) size 109x10 [padding: 0 1 0 1]
          RenderMathMLUnderOver {mover} at (1,0) size 107x10
            RenderMathMLSpace {mspace} at (3,8) size 101x2 [bgcolor=#FF0000]
            RenderMathMLOperator {mo} at (-4,0) size 114x8
              RenderMathMLBlock (anonymous, flex) at (3,0) size 107x8
                RenderBlock (anonymous) at (0,0) size 12x8
                  RenderText at (0,-36) size 12x80
                    text run at (0,-36) width 12: "\x{21BC}"
        RenderText {#text} at (0,0) size 0x0
        RenderMathMLMath {math} at (0,25) size 109x7 [padding: 0 1 0 1]
          RenderMathMLUnderOver {mover} at (1,0) size 107x7
            RenderMathMLSpace {mspace} at (3,5) size 101x2 [bgcolor=#FF0000]
            RenderMathMLOperator {mo} at (-4,0) size 114x5
              RenderMathMLBlock (anonymous, flex) at (3,0) size 107x5
                RenderBlock (anonymous) at (0,0) size 13x5
                  RenderText at (0,-39) size 13x80
                    text run at (0,-39) width 13: "\x{21BD}"
        RenderText {#text} at (108,18) size 5x18
          text run at (108,18) width 5: " "
        RenderMathMLMath {math} at (112,22) size 110x10 [padding: 0 1 0 1]
          RenderMathMLUnderOver {mover} at (1,0) size 107x10
            RenderMathMLSpace {mspace} at (3,8) size 101x2 [bgcolor=#FF0000]
            RenderMathMLOperator {mo} at (-4,0) size 114x8
              RenderMathMLBlock (anonymous, flex) at (3,0) size 107x8
                RenderBlock (anonymous) at (0,0) size 12x8
                  RenderText at (0,-36) size 12x80
                    text run at (0,-36) width 12: "\x{21C0}"
        RenderText {#text} at (221,18) size 5x18
          text run at (221,18) width 5: " "
        RenderMathMLMath {math} at (225,22) size 109x10 [padding: 0 1 0 1]
          RenderMathMLUnderOver {mover} at (1,0) size 107x10
            RenderMathMLSpace {mspace} at (3,8) size 101x2 [bgcolor=#FF0000]
            RenderMathMLOperator {mo} at (-4,0) size 114x8
              RenderMathMLBlock (anonymous, flex) at (3,0) size 107x8
                RenderBlock (anonymous) at (0,0) size 12x8
                  RenderText at (0,-36) size 12x80
                    text run at (0,-36) width 12: "\x{21D0}"
        RenderText {#text} at (333,18) size 5x18
          text run at (333,18) width 5: " "
        RenderMathMLMath {math} at (337,22) size 110x10 [padding: 0 1 0 1]
          RenderMathMLUnderOver {mover} at (1,0) size 107x10
            RenderMathMLSpace {mspace} at (3,8) size 101x2 [bgcolor=#FF0000]
            RenderMathMLOperator {mo} at (-4,0) size 114x8
              RenderMathMLBlock (anonymous, flex) at (3,0) size 107x8
                RenderBlock (anonymous) at (0,0) size 12x8
                  RenderText at (0,-36) size 12x80
                    text run at (0,-36) width 12: "\x{21D2}"
        RenderText {#text} at (446,18) size 5x18
          text run at (446,18) width 5: " "
        RenderMathMLMath {math} at (450,22) size 110x10 [padding: 0 1 0 1]
          RenderMathMLUnderOver {mover} at (1,0) size 107x10
            RenderMathMLSpace {mspace} at (3,8) size 101x2 [bgcolor=#FF0000]
            RenderMathMLOperator {mo} at (-4,0) size 114x8
              RenderMathMLBlock (anonymous, flex) at (3,0) size 107x8
                RenderBlock (anonymous) at (0,0) size 12x8
                  RenderText at (0,-36) size 12x80
                    text run at (0,-36) width 12: "\x{21D4}"
        RenderText {#text} at (559,18) size 5x18
          text run at (559,18) width 5: " "
        RenderMathMLMath {math} at (563,20) size 109x12 [padding: 0 1 0 1]
          RenderMathMLUnderOver {mover} at (1,0) size 107x12
            RenderMathMLSpace {mspace} at (3,10) size 101x2 [bgcolor=#FF0000]
            RenderMathMLOperator {mo} at (-4,0) size 114x10
              RenderMathMLBlock (anonymous, flex) at (3,0) size 107x10
                RenderBlock (anonymous) at (0,0) size 13x10
                  RenderText at (0,-35) size 13x80
                    text run at (0,-35) width 13: "\x{21DA}"
        RenderText {#text} at (0,0) size 0x0
        RenderMathMLMath {math} at (0,38) size 109x12 [padding: 0 1 0 1]
          RenderMathMLUnderOver {mover} at (1,0) size 107x12
            RenderMathMLSpace {mspace} at (3,10) size 101x2 [bgcolor=#FF0000]
            RenderMathMLOperator {mo} at (-4,0) size 114x10
              RenderMathMLBlock (anonymous, flex) at (3,0) size 107x10
                RenderBlock (anonymous) at (0,0) size 13x10
                  RenderText at (0,-35) size 13x80
                    text run at (0,-35) width 13: "\x{21DB}"
        RenderText {#text} at (108,36) size 5x18
          text run at (108,36) width 5: " "
        RenderMathMLMath {math} at (112,38) size 103x12 [padding: 0 1 0 1]
          RenderMathMLUnderOver {mover} at (1,0) size 100x12
            RenderMathMLSpace {mspace} at (0,10) size 100x2 [bgcolor=#FF0000]
            RenderMathMLOperator {mo} at (0,0) size 100x10
              RenderMathMLBlock (anonymous, flex) at (0,0) size 100x10
                RenderBlock (anonymous) at (0,0) size 5x10
                  RenderText at (0,-34) size 5x80
                    text run at (0,-34) width 5: "\x{23B4}"
        RenderText {#text} at (214,36) size 5x18
          text run at (214,36) width 5: " "
        RenderMathMLMath {math} at (218,44) size 103x6 [padding: 0 1 0 1]
          RenderMathMLUnderOver {mover} at (1,0) size 100x6
            RenderMathMLSpace {mspace} at (0,4) size 100x2 [bgcolor=#FF0000]
            RenderMathMLOperator {mo} at (0,0) size 100x4
              RenderMathMLBlock (anonymous, flex) at (0,0) size 100x4
                RenderBlock (anonymous) at (0,0) size 5x4
                  RenderText at (0,-43) size 5x80
                    text run at (0,-43) width 5: "\x{23B5}"
        RenderText {#text} at (320,36) size 5x18
          text run at (320,36) width 5: " "
        RenderMathMLMath {math} at (324,38) size 103x12 [padding: 0 1 0 1]
          RenderMathMLUnderOver {mover} at (1,0) size 100x12
            RenderMathMLSpace {mspace} at (0,10) size 100x2 [bgcolor=#FF0000]
            RenderMathMLOperator {mo} at (0,0) size 100x10
              RenderMathMLBlock (anonymous, flex) at (0,0) size 100x10
                RenderBlock (anonymous) at (0,0) size 7x10
                  RenderText at (0,-34) size 7x80
                    text run at (0,-34) width 7: "\x{23DC}"
        RenderText {#text} at (426,36) size 5x18
          text run at (426,36) width 5: " "
        RenderMathMLMath {math} at (430,44) size 103x6 [padding: 0 1 0 1]
          RenderMathMLUnderOver {mover} at (1,0) size 100x6
            RenderMathMLSpace {mspace} at (0,4) size 100x2 [bgcolor=#FF0000]
            RenderMathMLOperator {mo} at (0,0) size 100x4
              RenderMathMLBlock (anonymous, flex) at (0,0) size 100x4
                RenderBlock (anonymous) at (0,0) size 7x4
                  RenderText at (0,-43) size 7x80
                    text run at (0,-43) width 7: "\x{23DD}"
        RenderText {#text} at (532,36) size 5x18
          text run at (532,36) width 5: " "
        RenderMathMLMath {math} at (536,37) size 103x13 [padding: 0 1 0 1]
          RenderMathMLUnderOver {mover} at (1,0) size 100x13
            RenderMathMLSpace {mspace} at (0,11) size 100x2 [bgcolor=#FF0000]
            RenderMathMLOperator {mo} at (0,0) size 100x11
              RenderMathMLBlock (anonymous, flex) at (0,0) size 100x11
                RenderBlock (anonymous) at (0,0) size 6x11
                  RenderText at (0,-33) size 6x80
                    text run at (0,-33) width 6: "\x{23DE}"
        RenderText {#text} at (638,36) size 5x18
          text run at (638,36) width 5: " "
        RenderMathMLMath {math} at (642,43) size 103x7 [padding: 0 1 0 1]
          RenderMathMLUnderOver {mover} at (1,0) size 100x7
            RenderMathMLSpace {mspace} at (0,5) size 100x2 [bgcolor=#FF0000]
            RenderMathMLOperator {mo} at (0,0) size 100x5
              RenderMathMLBlock (anonymous, flex) at (0,0) size 100x5
                RenderBlock (anonymous) at (0,0) size 6x5
                  RenderText at (0,-43) size 6x80
                    text run at (0,-43) width 6: "\x{23DF}"
        RenderText {#text} at (0,0) size 0x0
