layer at (0,0) size 800x600
  RenderView at (0,0) size 800x600
layer at (0,0) size 800x68
  RenderBlock {HTML} at (0,0) size 800x68
    RenderBody {BODY} at (8,16) size 784x36
      RenderBlock {P} at (0,0) size 784x36
        RenderMathMLMath {math} at (0,9) size 50x16 [padding: 0 1 0 1]
          RenderMathMLRow {mstyle} at (1,0) size 48x16
            RenderMathMLUnderOver {mover} at (0,0) size 48x16
              RenderMathMLOperator {mo} at (0,2) size 48x14
                RenderMathMLBlock (anonymous, flex) at (0,0) size 48x14
                  RenderBlock (anonymous) at (0,0) size 8x14
                    RenderText at (0,-44) size 8x106
                      text run at (0,-44) width 8: "\x{23DE}"
              RenderMathMLSpace {mspace} at (0,0) size 48x2 [bgcolor=#FF0000]
        RenderText {#text} at (50,10) size 4x18
          text run at (50,10) width 4: " "
        RenderMathMLMath {math} at (54,11) size 66x13 [padding: 0 1 0 1]
          RenderMathMLRow {mstyle} at (1,0) size 64x13
            RenderMathMLUnderOver {mover} at (0,0) size 64x13
              RenderMathMLSpace {mspace} at (0,11) size 64x2 [bgcolor=#FF0000]
              RenderMathMLOperator {mo} at (0,0) size 64x11
                RenderMathMLBlock (anonymous, flex) at (0,0) size 64x11
                  RenderBlock (anonymous) at (0,0) size 6x11
                    RenderText at (0,-33) size 6x80
                      text run at (0,-33) width 6: "\x{23DE}"
        RenderText {#text} at (120,10) size 4x18
          text run at (120,10) width 4: " "
        RenderMathMLMath {math} at (124,11) size 50x16 [padding: 0 1 0 1]
          RenderMathMLRow {mstyle} at (1,0) size 48x16
            RenderMathMLUnderOver {munder} at (0,0) size 48x16
              RenderMathMLOperator {mo} at (0,0) size 48x14
                RenderMathMLBlock (anonymous, flex) at (0,0) size 48x14
                  RenderBlock (anonymous) at (0,0) size 8x14
                    RenderText at (0,-44) size 8x106
                      text run at (0,-44) width 8: "\x{23DE}"
              RenderMathMLSpace {mspace} at (0,14) size 48x2 [bgcolor=#FF0000]
        RenderText {#text} at (174,10) size 4x18
          text run at (174,10) width 4: " "
        RenderMathMLMath {math} at (178,11) size 66x24 [padding: 0 1 0 1]
          RenderMathMLRow {mstyle} at (1,0) size 64x24
            RenderMathMLUnderOver {munderover} at (0,0) size 64x24
              RenderMathMLSpace {mspace} at (0,11) size 64x2 [bgcolor=#FF0000]
              RenderMathMLOperator {mo} at (0,13) size 64x11
                RenderMathMLBlock (anonymous, flex) at (0,0) size 64x11
                  RenderBlock (anonymous) at (0,0) size 6x11
                    RenderText at (0,-33) size 6x80
                      text run at (0,-33) width 6: "\x{23DE}"
              RenderMathMLOperator {mo} at (0,0) size 64x11
                RenderMathMLBlock (anonymous, flex) at (0,0) size 64x11
                  RenderBlock (anonymous) at (0,0) size 6x11
                    RenderText at (0,-33) size 6x80
                      text run at (0,-33) width 6: "\x{23DE}"
        RenderText {#text} at (244,10) size 4x18
          text run at (244,10) width 4: " "
        RenderMathMLMath {math} at (248,0) size 50x27 [padding: 0 1 0 1]
          RenderMathMLRow {mstyle} at (1,0) size 48x27
            RenderMathMLUnderOver {munderover} at (0,0) size 48x27
              RenderMathMLOperator {mo} at (0,11) size 48x14
                RenderMathMLBlock (anonymous, flex) at (0,0) size 48x14
                  RenderBlock (anonymous) at (0,0) size 8x14
                    RenderText at (0,-44) size 8x106
                      text run at (0,-44) width 8: "\x{23DE}"
              RenderMathMLSpace {mspace} at (0,25) size 48x2 [bgcolor=#FF0000]
              RenderMathMLOperator {mo} at (0,0) size 48x11
                RenderMathMLBlock (anonymous, flex) at (0,0) size 48x11
                  RenderBlock (anonymous) at (0,0) size 6x11
                    RenderText at (0,-33) size 6x80
                      text run at (0,-33) width 6: "\x{23DE}"
        RenderText {#text} at (298,10) size 4x18
          text run at (298,10) width 4: " "
        RenderMathMLMath {math} at (302,9) size 50x27 [padding: 0 1 0 1]
          RenderMathMLRow {mstyle} at (1,0) size 48x27
            RenderMathMLUnderOver {munderover} at (0,0) size 48x27
              RenderMathMLOperator {mo} at (0,2) size 48x14
                RenderMathMLBlock (anonymous, flex) at (0,0) size 48x14
                  RenderBlock (anonymous) at (0,0) size 8x14
                    RenderText at (0,-44) size 8x106
                      text run at (0,-44) width 8: "\x{23DE}"
              RenderMathMLOperator {mo} at (0,16) size 48x11
                RenderMathMLBlock (anonymous, flex) at (0,0) size 48x11
                  RenderBlock (anonymous) at (0,0) size 6x11
                    RenderText at (0,-33) size 6x80
                      text run at (0,-33) width 6: "\x{23DE}"
              RenderMathMLSpace {mspace} at (0,0) size 48x2 [bgcolor=#FF0000]
        RenderText {#text} at (352,10) size 4x18
          text run at (352,10) width 4: " "
        RenderMathMLMath {math} at (356,9) size 50x27 [padding: 0 1 0 1]
          RenderMathMLRow {mstyle} at (1,0) size 48x27
            RenderMathMLUnderOver {munder} at (0,0) size 48x27
              RenderMathMLUnderOver {mover} at (0,0) size 48x16
                RenderMathMLOperator {mo} at (0,2) size 48x14
                  RenderMathMLBlock (anonymous, flex) at (0,0) size 48x14
                    RenderBlock (anonymous) at (0,0) size 8x14
                      RenderText at (0,-44) size 8x106
                        text run at (0,-44) width 8: "\x{23DE}"
                RenderMathMLSpace {mspace} at (0,0) size 48x2 [bgcolor=#FF0000]
              RenderMathMLOperator {mo} at (0,16) size 48x11
                RenderMathMLBlock (anonymous, flex) at (0,0) size 48x11
                  RenderBlock (anonymous) at (0,0) size 6x11
                    RenderText at (0,-33) size 6x80
                      text run at (0,-33) width 6: "\x{23DE}"
        RenderText {#text} at (0,0) size 0x0
