layer at (0,0) size 800x600
  RenderView at (0,0) size 800x600
layer at (0,0) size 800x41
  RenderBlock {HTML} at (0,0) size 800x41
    RenderBody {BODY} at (8,8) size 784x17
      RenderMathMLMath {math} at (0,0) size 784x17 [padding: 0 1 0 1]
        RenderMathMLOperator {mo} at (270,2) size 15x13
          RenderMathMLBlock (anonymous, flex) at (0,0) size 12x13
            RenderBlock (anonymous) at (0,0) size 11x13
              RenderText at (0,-3) size 11x18
                text run at (0,-3) width 11: "\x{2211}"
        RenderMathMLOperator {mo} at (284,0) size 6x16
          RenderMathMLBlock (anonymous, flex) at (0,0) size 4x16
            RenderBlock (anonymous) at (0,0) size 4x16
              RenderText at (0,-1) size 4x18
                text run at (0,-1) width 4: "\x{222B}"
        RenderMathMLOperator {mo} at (289,2) size 17x15
          RenderMathMLBlock (anonymous, flex) at (0,0) size 15x15
            RenderBlock (anonymous) at (0,0) size 15x15
              RenderText at (0,-3) size 15x18
                text run at (0,-3) width 15: "\x{222C}"
        RenderMathMLOperator {mo} at (305,2) size 19x15
          RenderMathMLBlock (anonymous, flex) at (0,0) size 18x15
            RenderBlock (anonymous) at (0,0) size 18x15
              RenderText at (0,-3) size 18x18
                text run at (0,-3) width 18: "\x{222D}"
        RenderMathMLOperator {mo} at (323,2) size 26x15
          RenderMathMLBlock (anonymous, flex) at (0,0) size 24x15
            RenderBlock (anonymous) at (0,0) size 24x15
              RenderText at (0,-3) size 24x18
                text run at (0,-3) width 24: "\x{2A0C}"
        RenderMathMLOperator {mo} at (348,2) size 18x13
          RenderMathMLBlock (anonymous, flex) at (0,0) size 15x13
            RenderBlock (anonymous) at (0,0) size 14x13
              RenderText at (0,-3) size 14x18
                text run at (0,-3) width 14: "\x{2A01}"
        RenderMathMLOperator {mo} at (365,2) size 13x15
          RenderMathMLBlock (anonymous, flex) at (0,0) size 11x15
            RenderBlock (anonymous) at (0,0) size 11x15
              RenderText at (0,-3) size 11x18
                text run at (0,-3) width 11: "\x{222E}"
        RenderMathMLOperator {mo} at (377,2) size 17x15
          RenderMathMLBlock (anonymous, flex) at (0,0) size 15x15
            RenderBlock (anonymous) at (0,0) size 15x15
              RenderText at (0,-3) size 15x18
                text run at (0,-3) width 15: "\x{222F}"
        RenderMathMLOperator {mo} at (393,2) size 21x15
          RenderMathMLBlock (anonymous, flex) at (0,0) size 19x15
            RenderBlock (anonymous) at (0,0) size 19x15
              RenderText at (0,-3) size 19x18
                text run at (0,-3) width 19: "\x{2230}"
        RenderMathMLOperator {mo} at (413,4) size 13x10
          RenderMathMLBlock (anonymous, flex) at (0,0) size 11x10
            RenderBlock (anonymous) at (0,0) size 10x10
              RenderText at (0,-5) size 10x18
                text run at (0,-5) width 10: "\x{22C3}"
        RenderMathMLOperator {mo} at (425,4) size 15x10
          RenderMathMLBlock (anonymous, flex) at (0,0) size 12x10
            RenderBlock (anonymous) at (0,0) size 11x10
              RenderText at (0,-5) size 11x18
                text run at (0,-5) width 11: "\x{22C0}"
        RenderMathMLOperator {mo} at (439,4) size 15x10
          RenderMathMLBlock (anonymous, flex) at (0,0) size 12x10
            RenderBlock (anonymous) at (0,0) size 11x10
              RenderText at (0,-5) size 11x18
                text run at (0,-5) width 11: "\x{22C1}"
        RenderMathMLOperator {mo} at (453,4) size 13x10
          RenderMathMLBlock (anonymous, flex) at (0,0) size 11x10
            RenderBlock (anonymous) at (0,0) size 10x10
              RenderText at (0,-5) size 10x18
                text run at (0,-5) width 10: "\x{22C2}"
        RenderMathMLOperator {mo} at (465,2) size 18x13
          RenderMathMLBlock (anonymous, flex) at (0,0) size 15x13
            RenderBlock (anonymous) at (0,0) size 14x13
              RenderText at (0,-3) size 14x18
                text run at (0,-3) width 14: "\x{2A02}"
        RenderMathMLOperator {mo} at (482,2) size 16x13
          RenderMathMLBlock (anonymous, flex) at (0,0) size 14x13
            RenderBlock (anonymous) at (0,0) size 13x13
              RenderText at (0,-3) size 13x18
                text run at (0,-3) width 13: "\x{220F}"
        RenderMathMLOperator {mo} at (497,1) size 17x15
          RenderMathMLBlock (anonymous, flex) at (0,0) size 14x15
            RenderBlock (anonymous) at (0,0) size 13x15
              RenderText at (0,-2) size 13x18
                text run at (0,-2) width 13: "\x{2210}"
