layer at (0,0) size 800x600
  RenderView at (0,0) size 800x600
layer at (0,0) size 800x337
  RenderBlock {HTML} at (0,0) size 800x337
    RenderBody {BODY} at (8,16) size 784x305
      RenderBlock {P} at (0,0) size 784x34
        RenderMathMLMath {math} at (0,20) size 49x11 [padding: 0 1 0 1]
          RenderMathMLRow {mrow} at (1,0) size 47x11
            RenderMathMLOperator {mo} at (0,0) size 47x11
              RenderMathMLBlock (anonymous, flex) at (2,0) size 42x3
                RenderBlock (anonymous) at (0,0) size 3x3
                  RenderText at (0,-3) size 3x10
                    text run at (0,-3) width 3: "\x{219F}"
        RenderText {#text} at (48,16) size 5x18
          text run at (48,16) width 5: " "
        RenderMathMLMath {math} at (52,10) size 49x21 [padding: 0 1 0 1]
          RenderMathMLRow {mrow} at (1,0) size 47x21
            RenderMathMLOperator {mo} at (0,0) size 47x21
              RenderMathMLBlock (anonymous, flex) at (2,0) size 42x3
                RenderBlock (anonymous) at (0,0) size 3x3
                  RenderText at (0,-3) size 3x10
                    text run at (0,-3) width 3: "\x{219F}"
        RenderText {#text} at (100,16) size 5x18
          text run at (100,16) width 5: " "
        RenderMathMLMath {math} at (104,0) size 50x31 [padding: 0 1 0 1]
          RenderMathMLRow {mrow} at (1,0) size 47x31
            RenderMathMLOperator {mo} at (0,0) size 47x31
              RenderMathMLBlock (anonymous, flex) at (2,0) size 42x3
                RenderBlock (anonymous) at (0,0) size 3x3
                  RenderText at (0,-3) size 3x10
                    text run at (0,-3) width 3: "\x{219F}"
        RenderText {#text} at (0,0) size 0x0
      RenderBlock {P} at (0,50) size 784x154
        RenderMathMLMath {math} at (0,0) size 49x150 [padding: 0 1 0 1]
          RenderMathMLRow {mrow} at (1,0) size 47x150
            RenderMathMLOperator {mo} at (0,0) size 47x150
              RenderMathMLBlock (anonymous, flex) at (2,0) size 42x3
                RenderBlock (anonymous) at (0,0) size 3x3
                  RenderText at (0,-3) size 3x10
                    text run at (0,-3) width 3: "\x{219F}"
        RenderText {#text} at (0,0) size 0x0
      RenderBlock {P} at (0,220) size 784x85
        RenderMathMLMath {math} at (0,0) size 86x82 [padding: 0 1 0 1]
          RenderMathMLRow {mrow} at (1,0) size 84x82
            RenderMathMLOperator {mo} at (0,0) size 84x82
              RenderMathMLBlock (anonymous, flex) at (0,0) size 83x12
                RenderBlock (anonymous) at (0,0) size 11x12
                  RenderText at (0,6) size 11x10
                    text run at (0,6) width 11: "\x{2A1B}"
        RenderText {#text} at (0,0) size 0x0
