layer at (0,0) size 800x600
  RenderView at (0,0) size 800x600
layer at (0,0) size 800x354
  RenderBlock {HTML} at (0,0) size 800x354
    RenderBody {BODY} at (8,16) size 784x322
      RenderBlock {P} at (0,0) size 784x18
        RenderMathMLMath {math} at (0,2) size 103x16 [padding: 0 1 0 1]
          RenderMathMLOperator {mo} at (1,1) size 6x14
            RenderMathMLBlock (anonymous, flex) at (0,0) size 6x14
              RenderBlock (anonymous) at (0,0) size 5x14
                RenderText at (0,-3) size 5x18
                  text run at (0,-3) width 5: "["
          RenderMathMLOperator {mo} at (7,1) size 6x14
            RenderMathMLBlock (anonymous, flex) at (0,0) size 6x14
              RenderBlock (anonymous) at (0,0) size 5x14
                RenderText at (0,-3) size 5x18
                  text run at (0,-3) width 5: "]"
          RenderMathMLOperator {mo} at (13,1) size 8x14
            RenderMathMLBlock (anonymous, flex) at (0,0) size 8x14
              RenderBlock (anonymous) at (0,0) size 8x14
                RenderText at (0,-3) size 8x18
                  text run at (0,-3) width 8: "{"
          RenderMathMLOperator {mo} at (21,1) size 8x14
            RenderMathMLBlock (anonymous, flex) at (0,0) size 8x14
              RenderBlock (anonymous) at (0,0) size 8x14
                RenderText at (0,-3) size 8x18
                  text run at (0,-3) width 8: "}"
          RenderMathMLOperator {mo} at (29,1) size 6x14
            RenderMathMLBlock (anonymous, flex) at (0,0) size 6x14
              RenderBlock (anonymous) at (0,0) size 5x14
                RenderText at (0,-3) size 5x18
                  text run at (0,-3) width 5: "("
          RenderMathMLOperator {mo} at (35,1) size 6x14
            RenderMathMLBlock (anonymous, flex) at (0,0) size 6x14
              RenderBlock (anonymous) at (0,0) size 5x14
                RenderText at (0,-3) size 5x18
                  text run at (0,-3) width 5: ")"
          RenderMathMLOperator {mo} at (41,1) size 7x12
            RenderMathMLBlock (anonymous, flex) at (1,0) size 4x12
              RenderBlock (anonymous) at (0,0) size 3x12
                RenderText at (0,-3) size 3x18
                  text run at (0,-3) width 3: "|"
          RenderMathMLOperator {mo} at (47,0) size 8x13
            RenderMathMLBlock (anonymous, flex) at (0,0) size 7x13
              RenderBlock (anonymous) at (0,0) size 7x13
                RenderText at (0,-2) size 7x18
                  text run at (0,-2) width 7: "\x{2308}"
          RenderMathMLOperator {mo} at (54,0) size 8x13
            RenderMathMLBlock (anonymous, flex) at (0,0) size 7x13
              RenderBlock (anonymous) at (0,0) size 7x13
                RenderText at (0,-2) size 7x18
                  text run at (0,-2) width 7: "\x{2309}"
          RenderMathMLOperator {mo} at (61,4) size 8x12
            RenderMathMLBlock (anonymous, flex) at (0,0) size 7x12
              RenderBlock (anonymous) at (0,0) size 7x12
                RenderText at (0,-6) size 7x18
                  text run at (0,-6) width 7: "\x{230A}"
          RenderMathMLOperator {mo} at (68,4) size 8x12
            RenderMathMLBlock (anonymous, flex) at (0,0) size 7x12
              RenderBlock (anonymous) at (0,0) size 7x12
                RenderText at (0,-6) size 7x18
                  text run at (0,-6) width 7: "\x{230B}"
          RenderMathMLOperator {mo} at (75,1) size 8x14
            RenderMathMLBlock (anonymous, flex) at (0,0) size 7x14
              RenderBlock (anonymous) at (0,0) size 7x14
                RenderText at (0,-3) size 7x18
                  text run at (0,-3) width 7: "\x{27E6}"
          RenderMathMLOperator {mo} at (82,1) size 8x14
            RenderMathMLBlock (anonymous, flex) at (0,0) size 7x14
              RenderBlock (anonymous) at (0,0) size 7x14
                RenderText at (0,-3) size 7x18
                  text run at (0,-3) width 7: "\x{27E7}"
          RenderMathMLOperator {mo} at (89,1) size 7x13
            RenderMathMLBlock (anonymous, flex) at (0,0) size 6x13
              RenderBlock (anonymous) at (0,0) size 6x13
                RenderText at (0,-3) size 6x18
                  text run at (0,-3) width 6: "\x{27E8}"
          RenderMathMLOperator {mo} at (95,1) size 7x13
            RenderMathMLBlock (anonymous, flex) at (0,0) size 6x13
              RenderBlock (anonymous) at (0,0) size 6x13
                RenderText at (0,-3) size 6x18
                  text run at (0,-3) width 6: "\x{27E9}"
          RenderMathMLSpace {mspace} at (101,4) size 0x8
        RenderText {#text} at (0,0) size 0x0
      RenderBlock {P} at (0,34) size 784x24
        RenderMathMLMath {math} at (0,0) size 103x25 [padding: 0 1 0 1]
          RenderMathMLOperator {mo} at (1,5) size 6x14
            RenderMathMLBlock (anonymous, flex) at (0,0) size 6x14
              RenderBlock (anonymous) at (0,0) size 5x14
                RenderText at (0,-3) size 5x18
                  text run at (0,-3) width 5: "["
          RenderMathMLOperator {mo} at (7,5) size 6x14
            RenderMathMLBlock (anonymous, flex) at (0,0) size 6x14
              RenderBlock (anonymous) at (0,0) size 5x14
                RenderText at (0,-3) size 5x18
                  text run at (0,-3) width 5: "]"
          RenderMathMLOperator {mo} at (13,5) size 8x14
            RenderMathMLBlock (anonymous, flex) at (0,0) size 8x14
              RenderBlock (anonymous) at (0,0) size 8x14
                RenderText at (0,-3) size 8x18
                  text run at (0,-3) width 8: "{"
          RenderMathMLOperator {mo} at (21,5) size 8x14
            RenderMathMLBlock (anonymous, flex) at (0,0) size 8x14
              RenderBlock (anonymous) at (0,0) size 8x14
                RenderText at (0,-3) size 8x18
                  text run at (0,-3) width 8: "}"
          RenderMathMLOperator {mo} at (29,5) size 6x14
            RenderMathMLBlock (anonymous, flex) at (0,0) size 6x14
              RenderBlock (anonymous) at (0,0) size 5x14
                RenderText at (0,-3) size 5x18
                  text run at (0,-3) width 5: "("
          RenderMathMLOperator {mo} at (35,5) size 6x14
            RenderMathMLBlock (anonymous, flex) at (0,0) size 6x14
              RenderBlock (anonymous) at (0,0) size 5x14
                RenderText at (0,-3) size 5x18
                  text run at (0,-3) width 5: ")"
          RenderMathMLOperator {mo} at (41,0) size 7x25
            RenderMathMLBlock (anonymous, flex) at (1,0) size 4x12
              RenderBlock (anonymous) at (0,0) size 3x12
                RenderText at (0,-3) size 3x18
                  text run at (0,-3) width 3: "|"
          RenderMathMLOperator {mo} at (47,4) size 8x13
            RenderMathMLBlock (anonymous, flex) at (0,0) size 7x13
              RenderBlock (anonymous) at (0,0) size 7x13
                RenderText at (0,-2) size 7x18
                  text run at (0,-2) width 7: "\x{2308}"
          RenderMathMLOperator {mo} at (54,4) size 8x13
            RenderMathMLBlock (anonymous, flex) at (0,0) size 7x13
              RenderBlock (anonymous) at (0,0) size 7x13
                RenderText at (0,-2) size 7x18
                  text run at (0,-2) width 7: "\x{2309}"
          RenderMathMLOperator {mo} at (61,8) size 8x12
            RenderMathMLBlock (anonymous, flex) at (0,0) size 7x12
              RenderBlock (anonymous) at (0,0) size 7x12
                RenderText at (0,-6) size 7x18
                  text run at (0,-6) width 7: "\x{230A}"
          RenderMathMLOperator {mo} at (68,8) size 8x12
            RenderMathMLBlock (anonymous, flex) at (0,0) size 7x12
              RenderBlock (anonymous) at (0,0) size 7x12
                RenderText at (0,-6) size 7x18
                  text run at (0,-6) width 7: "\x{230B}"
          RenderMathMLOperator {mo} at (75,5) size 8x14
            RenderMathMLBlock (anonymous, flex) at (0,0) size 7x14
              RenderBlock (anonymous) at (0,0) size 7x14
                RenderText at (0,-3) size 7x18
                  text run at (0,-3) width 7: "\x{27E6}"
          RenderMathMLOperator {mo} at (82,5) size 8x14
            RenderMathMLBlock (anonymous, flex) at (0,0) size 7x14
              RenderBlock (anonymous) at (0,0) size 7x14
                RenderText at (0,-3) size 7x18
                  text run at (0,-3) width 7: "\x{27E7}"
          RenderMathMLOperator {mo} at (89,5) size 7x13
            RenderMathMLBlock (anonymous, flex) at (0,0) size 6x13
              RenderBlock (anonymous) at (0,0) size 6x13
                RenderText at (0,-3) size 6x18
                  text run at (0,-3) width 6: "\x{27E8}"
          RenderMathMLOperator {mo} at (95,5) size 7x13
            RenderMathMLBlock (anonymous, flex) at (0,0) size 6x13
              RenderBlock (anonymous) at (0,0) size 6x13
                RenderText at (0,-3) size 6x18
                  text run at (0,-3) width 6: "\x{27E9}"
          RenderMathMLSpace {mspace} at (101,0) size 0x16
        RenderText {#text} at (102,2) size 5x18
          text run at (102,2) width 5: " "
        RenderMathMLMath {math} at (106,0) size 235x20 [padding: 0 1 0 1]
          RenderMathMLOperator {mo} at (1,4) size 19x15
            RenderMathMLBlock (anonymous, flex) at (4,0) size 11x15
              RenderBlock (anonymous) at (0,0) size 10x15
                RenderText at (0,-2) size 10x18
                  text run at (0,-2) width 10: "\x{2191}"
          RenderMathMLOperator {mo} at (19,4) size 20x15
            RenderMathMLBlock (anonymous, flex) at (4,0) size 11x15
              RenderBlock (anonymous) at (0,0) size 10x15
                RenderText at (0,-2) size 10x18
                  text run at (0,-2) width 10: "\x{2193}"
          RenderMathMLOperator {mo} at (38,4) size 18x16
            RenderMathMLBlock (anonymous, flex) at (4,0) size 9x16
              RenderBlock (anonymous) at (0,0) size 8x16
                RenderText at (0,-2) size 8x18
                  text run at (0,-2) width 8: "\x{2195}"
          RenderMathMLOperator {mo} at (55,5) size 21x12
            RenderMathMLBlock (anonymous, flex) at (4,0) size 12x12
              RenderBlock (anonymous) at (0,0) size 11x12
                RenderText at (0,-3) size 11x18
                  text run at (0,-3) width 11: "\x{21A5}"
          RenderMathMLOperator {mo} at (75,5) size 21x12
            RenderMathMLBlock (anonymous, flex) at (4,0) size 12x12
              RenderBlock (anonymous) at (0,0) size 11x12
                RenderText at (0,-3) size 11x18
                  text run at (0,-3) width 11: "\x{21A7}"
          RenderMathMLOperator {mo} at (95,5) size 21x12
            RenderMathMLBlock (anonymous, flex) at (4,0) size 12x12
              RenderBlock (anonymous) at (0,0) size 11x12
                RenderText at (0,-3) size 11x18
                  text run at (0,-3) width 11: "\x{21BE}"
          RenderMathMLOperator {mo} at (115,5) size 21x12
            RenderMathMLBlock (anonymous, flex) at (4,0) size 12x12
              RenderBlock (anonymous) at (0,0) size 11x12
                RenderText at (0,-3) size 11x18
                  text run at (0,-3) width 11: "\x{21C2}"
          RenderMathMLOperator {mo} at (135,5) size 20x12
            RenderMathMLBlock (anonymous, flex) at (4,0) size 12x12
              RenderBlock (anonymous) at (0,0) size 11x12
                RenderText at (0,-3) size 11x18
                  text run at (0,-3) width 11: "\x{21BF}"
          RenderMathMLOperator {mo} at (155,5) size 20x12
            RenderMathMLBlock (anonymous, flex) at (4,0) size 12x12
              RenderBlock (anonymous) at (0,0) size 11x12
                RenderText at (0,-3) size 11x18
                  text run at (0,-3) width 11: "\x{21C3}"
          RenderMathMLOperator {mo} at (174,4) size 20x16
            RenderMathMLBlock (anonymous, flex) at (4,0) size 11x16
              RenderBlock (anonymous) at (0,0) size 10x16
                RenderText at (0,-2) size 10x18
                  text run at (0,-2) width 10: "\x{21D1}"
          RenderMathMLOperator {mo} at (193,4) size 20x16
            RenderMathMLBlock (anonymous, flex) at (4,0) size 11x16
              RenderBlock (anonymous) at (0,0) size 10x16
                RenderText at (0,-2) size 10x18
                  text run at (0,-2) width 10: "\x{21D3}"
          RenderMathMLOperator {mo} at (212,3) size 21x14
            RenderMathMLBlock (anonymous, flex) at (4,0) size 12x14
              RenderBlock (anonymous) at (0,0) size 11x14
                RenderText at (0,-1) size 11x18
                  text run at (0,-1) width 11: "\x{21D5}"
          RenderMathMLSpace {mspace} at (232,0) size 0x16
        RenderText {#text} at (0,0) size 0x0
      RenderBlock {P} at (0,74) size 784x40
        RenderMathMLMath {math} at (0,0) size 103x41 [padding: 0 1 0 1]
          RenderMathMLOperator {mo} at (1,0) size 6x41
            RenderMathMLBlock (anonymous, flex) at (0,0) size 6x14
              RenderBlock (anonymous) at (0,0) size 5x14
                RenderText at (0,-3) size 5x18
                  text run at (0,-3) width 5: "["
          RenderMathMLOperator {mo} at (7,0) size 6x41
            RenderMathMLBlock (anonymous, flex) at (0,0) size 6x14
              RenderBlock (anonymous) at (0,0) size 5x14
                RenderText at (0,-3) size 5x18
                  text run at (0,-3) width 5: "]"
          RenderMathMLOperator {mo} at (13,13) size 8x14
            RenderMathMLBlock (anonymous, flex) at (0,0) size 8x14
              RenderBlock (anonymous) at (0,0) size 8x14
                RenderText at (0,-3) size 8x18
                  text run at (0,-3) width 8: "{"
          RenderMathMLOperator {mo} at (21,13) size 8x14
            RenderMathMLBlock (anonymous, flex) at (0,0) size 8x14
              RenderBlock (anonymous) at (0,0) size 8x14
                RenderText at (0,-3) size 8x18
                  text run at (0,-3) width 8: "}"
          RenderMathMLOperator {mo} at (29,0) size 6x41
            RenderMathMLBlock (anonymous, flex) at (0,0) size 6x14
              RenderBlock (anonymous) at (0,0) size 5x14
                RenderText at (0,-3) size 5x18
                  text run at (0,-3) width 5: "("
          RenderMathMLOperator {mo} at (35,0) size 6x41
            RenderMathMLBlock (anonymous, flex) at (0,0) size 6x14
              RenderBlock (anonymous) at (0,0) size 5x14
                RenderText at (0,-3) size 5x18
                  text run at (0,-3) width 5: ")"
          RenderMathMLOperator {mo} at (41,0) size 7x41
            RenderMathMLBlock (anonymous, flex) at (1,0) size 4x12
              RenderBlock (anonymous) at (0,0) size 3x12
                RenderText at (0,-3) size 3x18
                  text run at (0,-3) width 3: "|"
          RenderMathMLOperator {mo} at (47,0) size 8x41
            RenderMathMLBlock (anonymous, flex) at (0,0) size 7x13
              RenderBlock (anonymous) at (0,0) size 7x13
                RenderText at (0,-2) size 7x18
                  text run at (0,-2) width 7: "\x{2308}"
          RenderMathMLOperator {mo} at (54,0) size 8x41
            RenderMathMLBlock (anonymous, flex) at (0,0) size 7x13
              RenderBlock (anonymous) at (0,0) size 7x13
                RenderText at (0,-2) size 7x18
                  text run at (0,-2) width 7: "\x{2309}"
          RenderMathMLOperator {mo} at (61,0) size 8x41
            RenderMathMLBlock (anonymous, flex) at (0,0) size 7x12
              RenderBlock (anonymous) at (0,0) size 7x12
                RenderText at (0,-6) size 7x18
                  text run at (0,-6) width 7: "\x{230A}"
          RenderMathMLOperator {mo} at (68,0) size 8x41
            RenderMathMLBlock (anonymous, flex) at (0,0) size 7x12
              RenderBlock (anonymous) at (0,0) size 7x12
                RenderText at (0,-6) size 7x18
                  text run at (0,-6) width 7: "\x{230B}"
          RenderMathMLOperator {mo} at (75,13) size 8x14
            RenderMathMLBlock (anonymous, flex) at (0,0) size 7x14
              RenderBlock (anonymous) at (0,0) size 7x14
                RenderText at (0,-3) size 7x18
                  text run at (0,-3) width 7: "\x{27E6}"
          RenderMathMLOperator {mo} at (82,13) size 8x14
            RenderMathMLBlock (anonymous, flex) at (0,0) size 7x14
              RenderBlock (anonymous) at (0,0) size 7x14
                RenderText at (0,-3) size 7x18
                  text run at (0,-3) width 7: "\x{27E7}"
          RenderMathMLOperator {mo} at (89,13) size 7x13
            RenderMathMLBlock (anonymous, flex) at (0,0) size 6x13
              RenderBlock (anonymous) at (0,0) size 6x13
                RenderText at (0,-3) size 6x18
                  text run at (0,-3) width 6: "\x{27E8}"
          RenderMathMLOperator {mo} at (95,13) size 7x13
            RenderMathMLBlock (anonymous, flex) at (0,0) size 6x13
              RenderBlock (anonymous) at (0,0) size 6x13
                RenderText at (0,-3) size 6x18
                  text run at (0,-3) width 6: "\x{27E9}"
          RenderMathMLSpace {mspace} at (101,0) size 0x24
        RenderText {#text} at (0,0) size 0x0
      RenderBlock {P} at (0,130) size 784x56
        RenderMathMLMath {math} at (0,0) size 103x57 [padding: 0 1 0 1]
          RenderMathMLOperator {mo} at (1,0) size 6x57
            RenderMathMLBlock (anonymous, flex) at (0,0) size 6x14
              RenderBlock (anonymous) at (0,0) size 5x14
                RenderText at (0,-3) size 5x18
                  text run at (0,-3) width 5: "["
          RenderMathMLOperator {mo} at (7,0) size 6x57
            RenderMathMLBlock (anonymous, flex) at (0,0) size 6x14
              RenderBlock (anonymous) at (0,0) size 5x14
                RenderText at (0,-3) size 5x18
                  text run at (0,-3) width 5: "]"
          RenderMathMLOperator {mo} at (13,0) size 8x57
            RenderMathMLBlock (anonymous, flex) at (0,0) size 8x14
              RenderBlock (anonymous) at (0,0) size 8x14
                RenderText at (0,-3) size 8x18
                  text run at (0,-3) width 8: "{"
          RenderMathMLOperator {mo} at (21,0) size 8x57
            RenderMathMLBlock (anonymous, flex) at (0,0) size 8x14
              RenderBlock (anonymous) at (0,0) size 8x14
                RenderText at (0,-3) size 8x18
                  text run at (0,-3) width 8: "}"
          RenderMathMLOperator {mo} at (29,0) size 6x57
            RenderMathMLBlock (anonymous, flex) at (0,0) size 6x14
              RenderBlock (anonymous) at (0,0) size 5x14
                RenderText at (0,-3) size 5x18
                  text run at (0,-3) width 5: "("
          RenderMathMLOperator {mo} at (35,0) size 6x57
            RenderMathMLBlock (anonymous, flex) at (0,0) size 6x14
              RenderBlock (anonymous) at (0,0) size 5x14
                RenderText at (0,-3) size 5x18
                  text run at (0,-3) width 5: ")"
          RenderMathMLOperator {mo} at (41,0) size 7x57
            RenderMathMLBlock (anonymous, flex) at (1,0) size 4x12
              RenderBlock (anonymous) at (0,0) size 3x12
                RenderText at (0,-3) size 3x18
                  text run at (0,-3) width 3: "|"
          RenderMathMLOperator {mo} at (47,0) size 8x57
            RenderMathMLBlock (anonymous, flex) at (0,0) size 7x13
              RenderBlock (anonymous) at (0,0) size 7x13
                RenderText at (0,-2) size 7x18
                  text run at (0,-2) width 7: "\x{2308}"
          RenderMathMLOperator {mo} at (54,0) size 8x57
            RenderMathMLBlock (anonymous, flex) at (0,0) size 7x13
              RenderBlock (anonymous) at (0,0) size 7x13
                RenderText at (0,-2) size 7x18
                  text run at (0,-2) width 7: "\x{2309}"
          RenderMathMLOperator {mo} at (61,0) size 8x57
            RenderMathMLBlock (anonymous, flex) at (0,0) size 7x12
              RenderBlock (anonymous) at (0,0) size 7x12
                RenderText at (0,-6) size 7x18
                  text run at (0,-6) width 7: "\x{230A}"
          RenderMathMLOperator {mo} at (68,0) size 8x57
            RenderMathMLBlock (anonymous, flex) at (0,0) size 7x12
              RenderBlock (anonymous) at (0,0) size 7x12
                RenderText at (0,-6) size 7x18
                  text run at (0,-6) width 7: "\x{230B}"
          RenderMathMLOperator {mo} at (75,21) size 8x14
            RenderMathMLBlock (anonymous, flex) at (0,0) size 7x14
              RenderBlock (anonymous) at (0,0) size 7x14
                RenderText at (0,-3) size 7x18
                  text run at (0,-3) width 7: "\x{27E6}"
          RenderMathMLOperator {mo} at (82,21) size 8x14
            RenderMathMLBlock (anonymous, flex) at (0,0) size 7x14
              RenderBlock (anonymous) at (0,0) size 7x14
                RenderText at (0,-3) size 7x18
                  text run at (0,-3) width 7: "\x{27E7}"
          RenderMathMLOperator {mo} at (89,21) size 7x13
            RenderMathMLBlock (anonymous, flex) at (0,0) size 6x13
              RenderBlock (anonymous) at (0,0) size 6x13
                RenderText at (0,-3) size 6x18
                  text run at (0,-3) width 6: "\x{27E8}"
          RenderMathMLOperator {mo} at (95,21) size 7x13
            RenderMathMLBlock (anonymous, flex) at (0,0) size 6x13
              RenderBlock (anonymous) at (0,0) size 6x13
                RenderText at (0,-3) size 6x18
                  text run at (0,-3) width 6: "\x{27E9}"
          RenderMathMLSpace {mspace} at (101,0) size 0x32
        RenderText {#text} at (102,18) size 5x18
          text run at (102,18) width 5: " "
        RenderMathMLMath {math} at (106,0) size 235x36 [padding: 0 1 0 1]
          RenderMathMLOperator {mo} at (1,20) size 19x15
            RenderMathMLBlock (anonymous, flex) at (4,0) size 11x15
              RenderBlock (anonymous) at (0,0) size 10x15
                RenderText at (0,-2) size 10x18
                  text run at (0,-2) width 10: "\x{2191}"
          RenderMathMLOperator {mo} at (19,20) size 20x15
            RenderMathMLBlock (anonymous, flex) at (4,0) size 11x15
              RenderBlock (anonymous) at (0,0) size 10x15
                RenderText at (0,-2) size 10x18
                  text run at (0,-2) width 10: "\x{2193}"
          RenderMathMLOperator {mo} at (38,20) size 18x16
            RenderMathMLBlock (anonymous, flex) at (4,0) size 9x16
              RenderBlock (anonymous) at (0,0) size 8x16
                RenderText at (0,-2) size 8x18
                  text run at (0,-2) width 8: "\x{2195}"
          RenderMathMLOperator {mo} at (55,21) size 21x12
            RenderMathMLBlock (anonymous, flex) at (4,0) size 12x12
              RenderBlock (anonymous) at (0,0) size 11x12
                RenderText at (0,-3) size 11x18
                  text run at (0,-3) width 11: "\x{21A5}"
          RenderMathMLOperator {mo} at (75,21) size 21x12
            RenderMathMLBlock (anonymous, flex) at (4,0) size 12x12
              RenderBlock (anonymous) at (0,0) size 11x12
                RenderText at (0,-3) size 11x18
                  text run at (0,-3) width 11: "\x{21A7}"
          RenderMathMLOperator {mo} at (95,21) size 21x12
            RenderMathMLBlock (anonymous, flex) at (4,0) size 12x12
              RenderBlock (anonymous) at (0,0) size 11x12
                RenderText at (0,-3) size 11x18
                  text run at (0,-3) width 11: "\x{21BE}"
          RenderMathMLOperator {mo} at (115,21) size 21x12
            RenderMathMLBlock (anonymous, flex) at (4,0) size 12x12
              RenderBlock (anonymous) at (0,0) size 11x12
                RenderText at (0,-3) size 11x18
                  text run at (0,-3) width 11: "\x{21C2}"
          RenderMathMLOperator {mo} at (135,21) size 20x12
            RenderMathMLBlock (anonymous, flex) at (4,0) size 12x12
              RenderBlock (anonymous) at (0,0) size 11x12
                RenderText at (0,-3) size 11x18
                  text run at (0,-3) width 11: "\x{21BF}"
          RenderMathMLOperator {mo} at (155,21) size 20x12
            RenderMathMLBlock (anonymous, flex) at (4,0) size 12x12
              RenderBlock (anonymous) at (0,0) size 11x12
                RenderText at (0,-3) size 11x18
                  text run at (0,-3) width 11: "\x{21C3}"
          RenderMathMLOperator {mo} at (174,20) size 20x16
            RenderMathMLBlock (anonymous, flex) at (4,0) size 11x16
              RenderBlock (anonymous) at (0,0) size 10x16
                RenderText at (0,-2) size 10x18
                  text run at (0,-2) width 10: "\x{21D1}"
          RenderMathMLOperator {mo} at (193,20) size 20x16
            RenderMathMLBlock (anonymous, flex) at (4,0) size 11x16
              RenderBlock (anonymous) at (0,0) size 10x16
                RenderText at (0,-2) size 10x18
                  text run at (0,-2) width 10: "\x{21D3}"
          RenderMathMLOperator {mo} at (212,19) size 21x14
            RenderMathMLBlock (anonymous, flex) at (4,0) size 12x14
              RenderBlock (anonymous) at (0,0) size 11x14
                RenderText at (0,-1) size 11x18
                  text run at (0,-1) width 11: "\x{21D5}"
          RenderMathMLSpace {mspace} at (232,0) size 0x32
        RenderText {#text} at (0,0) size 0x0
      RenderBlock {P} at (0,202) size 784x120
        RenderMathMLMath {math} at (0,0) size 103x121 [padding: 0 1 0 1]
          RenderMathMLOperator {mo} at (1,0) size 6x121
            RenderMathMLBlock (anonymous, flex) at (0,0) size 6x14
              RenderBlock (anonymous) at (0,0) size 5x14
                RenderText at (0,-3) size 5x18
                  text run at (0,-3) width 5: "["
          RenderMathMLOperator {mo} at (7,0) size 6x121
            RenderMathMLBlock (anonymous, flex) at (0,0) size 6x14
              RenderBlock (anonymous) at (0,0) size 5x14
                RenderText at (0,-3) size 5x18
                  text run at (0,-3) width 5: "]"
          RenderMathMLOperator {mo} at (13,0) size 8x121
            RenderMathMLBlock (anonymous, flex) at (0,0) size 8x14
              RenderBlock (anonymous) at (0,0) size 8x14
                RenderText at (0,-3) size 8x18
                  text run at (0,-3) width 8: "{"
          RenderMathMLOperator {mo} at (21,0) size 8x121
            RenderMathMLBlock (anonymous, flex) at (0,0) size 8x14
              RenderBlock (anonymous) at (0,0) size 8x14
                RenderText at (0,-3) size 8x18
                  text run at (0,-3) width 8: "}"
          RenderMathMLOperator {mo} at (29,0) size 6x121
            RenderMathMLBlock (anonymous, flex) at (0,0) size 6x14
              RenderBlock (anonymous) at (0,0) size 5x14
                RenderText at (0,-3) size 5x18
                  text run at (0,-3) width 5: "("
          RenderMathMLOperator {mo} at (35,0) size 6x121
            RenderMathMLBlock (anonymous, flex) at (0,0) size 6x14
              RenderBlock (anonymous) at (0,0) size 5x14
                RenderText at (0,-3) size 5x18
                  text run at (0,-3) width 5: ")"
          RenderMathMLOperator {mo} at (41,0) size 7x121
            RenderMathMLBlock (anonymous, flex) at (1,0) size 4x12
              RenderBlock (anonymous) at (0,0) size 3x12
                RenderText at (0,-3) size 3x18
                  text run at (0,-3) width 3: "|"
          RenderMathMLOperator {mo} at (47,0) size 8x121
            RenderMathMLBlock (anonymous, flex) at (0,0) size 7x13
              RenderBlock (anonymous) at (0,0) size 7x13
                RenderText at (0,-2) size 7x18
                  text run at (0,-2) width 7: "\x{2308}"
          RenderMathMLOperator {mo} at (54,0) size 8x121
            RenderMathMLBlock (anonymous, flex) at (0,0) size 7x13
              RenderBlock (anonymous) at (0,0) size 7x13
                RenderText at (0,-2) size 7x18
                  text run at (0,-2) width 7: "\x{2309}"
          RenderMathMLOperator {mo} at (61,0) size 8x121
            RenderMathMLBlock (anonymous, flex) at (0,0) size 7x12
              RenderBlock (anonymous) at (0,0) size 7x12
                RenderText at (0,-6) size 7x18
                  text run at (0,-6) width 7: "\x{230A}"
          RenderMathMLOperator {mo} at (68,0) size 8x121
            RenderMathMLBlock (anonymous, flex) at (0,0) size 7x12
              RenderBlock (anonymous) at (0,0) size 7x12
                RenderText at (0,-6) size 7x18
                  text run at (0,-6) width 7: "\x{230B}"
          RenderMathMLOperator {mo} at (75,53) size 8x14
            RenderMathMLBlock (anonymous, flex) at (0,0) size 7x14
              RenderBlock (anonymous) at (0,0) size 7x14
                RenderText at (0,-3) size 7x18
                  text run at (0,-3) width 7: "\x{27E6}"
          RenderMathMLOperator {mo} at (82,53) size 8x14
            RenderMathMLBlock (anonymous, flex) at (0,0) size 7x14
              RenderBlock (anonymous) at (0,0) size 7x14
                RenderText at (0,-3) size 7x18
                  text run at (0,-3) width 7: "\x{27E7}"
          RenderMathMLOperator {mo} at (89,53) size 7x13
            RenderMathMLBlock (anonymous, flex) at (0,0) size 6x13
              RenderBlock (anonymous) at (0,0) size 6x13
                RenderText at (0,-3) size 6x18
                  text run at (0,-3) width 6: "\x{27E8}"
          RenderMathMLOperator {mo} at (95,53) size 7x13
            RenderMathMLBlock (anonymous, flex) at (0,0) size 6x13
              RenderBlock (anonymous) at (0,0) size 6x13
                RenderText at (0,-3) size 6x18
                  text run at (0,-3) width 6: "\x{27E9}"
          RenderMathMLSpace {mspace} at (101,0) size 0x64
        RenderText {#text} at (102,50) size 5x18
          text run at (102,50) width 5: " "
        RenderMathMLMath {math} at (106,0) size 235x68 [padding: 0 1 0 1]
          RenderMathMLOperator {mo} at (1,52) size 19x15
            RenderMathMLBlock (anonymous, flex) at (4,0) size 11x15
              RenderBlock (anonymous) at (0,0) size 10x15
                RenderText at (0,-2) size 10x18
                  text run at (0,-2) width 10: "\x{2191}"
          RenderMathMLOperator {mo} at (19,52) size 20x15
            RenderMathMLBlock (anonymous, flex) at (4,0) size 11x15
              RenderBlock (anonymous) at (0,0) size 10x15
                RenderText at (0,-2) size 10x18
                  text run at (0,-2) width 10: "\x{2193}"
          RenderMathMLOperator {mo} at (38,52) size 18x16
            RenderMathMLBlock (anonymous, flex) at (4,0) size 9x16
              RenderBlock (anonymous) at (0,0) size 8x16
                RenderText at (0,-2) size 8x18
                  text run at (0,-2) width 8: "\x{2195}"
          RenderMathMLOperator {mo} at (55,53) size 21x12
            RenderMathMLBlock (anonymous, flex) at (4,0) size 12x12
              RenderBlock (anonymous) at (0,0) size 11x12
                RenderText at (0,-3) size 11x18
                  text run at (0,-3) width 11: "\x{21A5}"
          RenderMathMLOperator {mo} at (75,53) size 21x12
            RenderMathMLBlock (anonymous, flex) at (4,0) size 12x12
              RenderBlock (anonymous) at (0,0) size 11x12
                RenderText at (0,-3) size 11x18
                  text run at (0,-3) width 11: "\x{21A7}"
          RenderMathMLOperator {mo} at (95,53) size 21x12
            RenderMathMLBlock (anonymous, flex) at (4,0) size 12x12
              RenderBlock (anonymous) at (0,0) size 11x12
                RenderText at (0,-3) size 11x18
                  text run at (0,-3) width 11: "\x{21BE}"
          RenderMathMLOperator {mo} at (115,53) size 21x12
            RenderMathMLBlock (anonymous, flex) at (4,0) size 12x12
              RenderBlock (anonymous) at (0,0) size 11x12
                RenderText at (0,-3) size 11x18
                  text run at (0,-3) width 11: "\x{21C2}"
          RenderMathMLOperator {mo} at (135,53) size 20x12
            RenderMathMLBlock (anonymous, flex) at (4,0) size 12x12
              RenderBlock (anonymous) at (0,0) size 11x12
                RenderText at (0,-3) size 11x18
                  text run at (0,-3) width 11: "\x{21BF}"
          RenderMathMLOperator {mo} at (155,53) size 20x12
            RenderMathMLBlock (anonymous, flex) at (4,0) size 12x12
              RenderBlock (anonymous) at (0,0) size 11x12
                RenderText at (0,-3) size 11x18
                  text run at (0,-3) width 11: "\x{21C3}"
          RenderMathMLOperator {mo} at (174,52) size 20x16
            RenderMathMLBlock (anonymous, flex) at (4,0) size 11x16
              RenderBlock (anonymous) at (0,0) size 10x16
                RenderText at (0,-2) size 10x18
                  text run at (0,-2) width 10: "\x{21D1}"
          RenderMathMLOperator {mo} at (193,52) size 20x16
            RenderMathMLBlock (anonymous, flex) at (4,0) size 11x16
              RenderBlock (anonymous) at (0,0) size 10x16
                RenderText at (0,-2) size 10x18
                  text run at (0,-2) width 10: "\x{21D3}"
          RenderMathMLOperator {mo} at (212,51) size 21x14
            RenderMathMLBlock (anonymous, flex) at (4,0) size 12x14
              RenderBlock (anonymous) at (0,0) size 11x14
                RenderText at (0,-1) size 11x18
                  text run at (0,-1) width 11: "\x{21D5}"
          RenderMathMLSpace {mspace} at (232,0) size 0x64
        RenderText {#text} at (0,0) size 0x0
