layer at (0,0) size 800x600
  RenderView at (0,0) size 800x600
layer at (0,0) size 800x600
  RenderBlock {HTML} at (0,0) size 800x600
    RenderBody {BODY} at (8,8) size 784x576
      RenderBlock {UL} at (0,0) size 784x60
        RenderListItem {LI} at (40,0) size 744x20
          RenderListMarker at (-14,8) size 7x7
          RenderText {#text} at (0,0) size 60x19
            text run at (0,0) width 60: "Item One"
        RenderListItem {LI} at (40,20) size 744x20
          RenderListMarker at (-14,8) size 7x7
          RenderText {#text} at (0,0) size 63x19
            text run at (0,0) width 63: "Item Two"
        RenderListItem {LI} at (40,40) size 744x20
          RenderListMarker at (-14,8) size 7x7
          RenderText {#text} at (0,0) size 71x19
            text run at (0,0) width 71: "Item Three"
