layer at (0,0) size 800x600
  RenderView at (0,0) size 800x600
layer at (0,0) size 800x136
  RenderBlock {html} at (0,0) size 800x136
    RenderBody {body} at (8,8) size 784x120
      RenderBlock {div} at (0,0) size 784x120
        RenderBlock {address} at (16,0) size 768x18
          RenderText {#text} at (0,0) size 254x18
            text run at (0,0) width 254: "A first address with normal background"
        RenderBlock {address} at (16,34) size 768x18
          RenderText {#text} at (0,0) size 273x18
            text run at (0,0) width 273: "A second address with normal background"
        RenderBlock {address} at (16,68) size 768x18 [bgcolor=#00FF00]
          RenderText {#text} at (0,0) size 339x18
            text run at (0,0) width 339: "A third address that should have a green background"
        RenderBlock (anonymous) at (0,102) size 784x18
          RenderText {#text} at (0,0) size 320x18
            text run at (0,0) width 320: "This div contains 3 addresses above this sentence."
