layer at (0,0) size 800x600
  RenderView at (0,0) size 800x600
layer at (0,0) size 800x384
  RenderBlock {HTML} at (0,0) size 800x384
    RenderBody {BODY} at (8,16) size 784x352
      RenderBlock {P} at (0,0) size 784x18
        RenderText {#text} at (0,0) size 335x18
          text run at (0,0) width 335: "This paragraph is here only to fill space in the DOM"
      RenderBlock {ADDRESS} at (0,34) size 784x18
        RenderText {#text} at (0,0) size 139x18
          text run at (0,0) width 139: "And this address too.."
      RenderBlock {P} at (0,68) size 784x18
        RenderText {#text} at (0,0) size 155x18
          text run at (0,0) width 155: "So does this paragraph !"
      RenderBlock {P} at (0,102) size 784x18 [bgcolor=#00FF00]
        RenderText {#text} at (0,0) size 278x18
          text run at (0,0) width 278: "But this one should have green background"
      RenderBlock {DL} at (0,136) size 784x216
        RenderBlock {DT} at (0,0) size 784x18 [bgcolor=#00FF00]
          RenderText {#text} at (0,0) size 356x18
            text run at (0,0) width 356: "First definition term that should have green background"
        RenderBlock {DD} at (40,18) size 744x18 [bgcolor=#00FF00]
          RenderText {#text} at (0,0) size 323x18
            text run at (0,0) width 323: "First definition that should have green background"
        RenderBlock {DT} at (0,36) size 784x18
          RenderText {#text} at (0,0) size 146x18
            text run at (0,0) width 146: "Second definition term"
        RenderBlock {DD} at (40,54) size 744x18
          RenderText {#text} at (0,0) size 113x18
            text run at (0,0) width 113: "Second definition"
        RenderBlock {DT} at (0,72) size 784x18
          RenderText {#text} at (0,0) size 135x18
            text run at (0,0) width 135: "Third definition term"
        RenderBlock {DD} at (40,90) size 744x18
          RenderText {#text} at (0,0) size 101x18
            text run at (0,0) width 101: "Third definition"
        RenderBlock {DT} at (0,108) size 784x18 [bgcolor=#00FF00]
          RenderText {#text} at (0,0) size 370x18
            text run at (0,0) width 370: "Fourth definition term that should have green background"
        RenderBlock {DD} at (40,126) size 744x18 [bgcolor=#00FF00]
          RenderText {#text} at (0,0) size 336x18
            text run at (0,0) width 336: "Fourth definition that should have green background"
        RenderBlock {DT} at (0,144) size 784x18
          RenderText {#text} at (0,0) size 130x18
            text run at (0,0) width 130: "Fifth definition term"
        RenderBlock {DD} at (40,162) size 744x18
          RenderText {#text} at (0,0) size 97x18
            text run at (0,0) width 97: "Fifth definition"
        RenderBlock {DT} at (0,180) size 784x18
          RenderText {#text} at (0,0) size 133x18
            text run at (0,0) width 133: "Sixth definition term"
        RenderBlock {DD} at (40,198) size 744x18
          RenderText {#text} at (0,0) size 100x18
            text run at (0,0) width 100: "Sixth definition"
