layer at (0,0) size 800x600
  RenderView at (0,0) size 800x600
layer at (0,0) size 800x600
  RenderBlock {HTML} at (0,0) size 800x600
    RenderBody {BODY} at (8,8) size 784x584
      RenderTable {TABLE} at (0,0) size 784x197
        RenderTableSection {TBODY} at (0,0) size 784x197
          RenderTableRow {TR} at (0,2) size 784x193
            RenderTableCell {TD} at (2,2) size 81x193 [r=0 c=0 rs=1 cs=1]
              RenderBlock (floating) {DIV} at (1,1) size 79x191 [border: (2px solid #FF0000)]
                RenderText {#text} at (2,2) size 75x187
                  text run at (2,2) width 51: "Here-is-"
                  text run at (2,19) width 68: "some-info-"
                  text run at (2,36) width 59: "from-the-"
                  text run at (2,53) width 73: "complaints-"
                  text run at (2,70) width 75: "department-"
                  text run at (2,87) width 68: "some-info-"
                  text run at (2,104) width 59: "from-the-"
                  text run at (2,121) width 73: "complaints-"
                  text run at (2,138) width 75: "department-"
                  text run at (2,155) width 68: "some-info-"
                  text run at (2,172) width 54: "from-the"
            RenderTableCell {TD} at (85,97) size 697x3 [r=0 c=1 rs=1 cs=1]
      RenderTable {TABLE} at (0,197) size 784x197
        RenderTableSection {TBODY} at (0,0) size 784x197
          RenderTableRow {TR} at (0,2) size 784x193
            RenderTableCell {TD} at (2,2) size 76x193 [r=0 c=0 rs=1 cs=1]
              RenderBlock (floating) {DIV} at (1,1) size 74x191 [border: (2px solid #FF0000)]
                RenderText {#text} at (2,2) size 70x187
                  text run at (2,2) width 45: "Here is"
                  text run at (2,19) width 62: "some info"
                  text run at (2,36) width 53: "from the"
                  text run at (2,53) width 68: "complaints"
                  text run at (2,70) width 70: "department"
                  text run at (2,87) width 63: "some-info"
                  text run at (2,104) width 53: "from the"
                  text run at (2,121) width 68: "complaints"
                  text run at (2,138) width 70: "department"
                  text run at (2,155) width 62: "some info"
                  text run at (2,172) width 53: "from the"
            RenderTableCell {TD} at (80,97) size 702x3 [r=0 c=1 rs=1 cs=1]
      RenderTable {TABLE} at (0,394) size 784x63 [border: (2px outset #808080)]
        RenderTableSection {TBODY} at (2,2) size 780x59
          RenderTableRow {TR} at (0,2) size 780x55
            RenderTableCell {TD} at (2,2) size 573x55 [border: (1px inset #808080)] [r=0 c=0 rs=1 cs=1]
              RenderText {#text} at (2,2) size 131x17
                text run at (2,2) width 131: "This is a test to see if"
              RenderInline {SPAN} at (0,0) size 569x51
                RenderText {#text} at (133,2) size 569x51
                  text run at (133,2) width 102: "this is computed"
                  text run at (235,2) width 0: " "
                  text run at (2,19) width 569: "correctly.  In particular, we have a really long line here that could throw off the min-width."
                  text run at (571,19) width 0: " "
                  text run at (2,36) width 30: "Is it?"
              RenderText {#text} at (0,0) size 0x0
            RenderTableCell {TD} at (577,27) size 201x5 [border: (1px inset #808080)] [r=0 c=1 rs=1 cs=1]
