layer at (0,0) size 800x600
  RenderView at (0,0) size 800x600
layer at (0,0) size 800x600
  RenderBlock {HTML} at (0,0) size 800x600
    RenderBody {BODY} at (8,8) size 784x584
      RenderBlock {P} at (0,0) size 784x40
        RenderText {#text} at (0,0) size 740x39
          text run at (0,0) width 420: "This tests smart paste of a fragment that ends in a select element. "
          text run at (419,0) width 321: "There should be spaces added before and after the"
          text run at (0,20) width 106: "inserted content."
      RenderBlock {DIV} at (0,56) size 784x24
        RenderMenuList {SELECT} at (2,2) size 39x20 [bgcolor=#FFFFFF02] [border: (1px solid #4C4C4C)]
          RenderBlock (anonymous) at (6,3) size 27x14
            RenderText at (0,0) size 7x14
              text run at (0,0) width 7: "1"
      RenderBlock {DIV} at (0,80) size 784x24
        RenderText {#text} at (0,1) size 30x19
          text run at (0,1) width 30: "xfoo"
        RenderMenuList {SELECT} at (31,2) size 40x20 [bgcolor=#FFFFFF02] [border: (1px solid #4C4C4C)]
          RenderBlock (anonymous) at (6,3) size 27x14
            RenderText at (0,0) size 7x14
              text run at (0,0) width 7: "1"
        RenderText {#text} at (72,1) size 9x19
          text run at (72,1) width 9: "x"
caret: position 3 of child 1 {SELECT} of child 4 {DIV} of body
