layer at (0,0) size 785x876
  RenderView at (0,0) size 785x600
layer at (0,0) size 785x876
  RenderBlock {HTML} at (0,0) size 785x876
    RenderBody {BODY} at (8,8) size 769x860
      RenderText {#text} at (0,0) size 0x0
      RenderText {#text} at (0,0) size 0x0
layer at (10,10) size 341x856 clip at (11,11) size 339x854
  RenderTextControl {TEXTAREA} at (2,2) size 341x856 [bgcolor=#FFFFFF] [border: (1px solid #000000)]
    RenderBlock {DIV} at (3,3) size 335x17
      RenderText {#text} at (0,0) size 74x17
        text run at (0,0) width 74: "Sample text"
