layer at (0,0) size 800x600
  RenderView at (0,0) size 800x600
layer at (0,0) size 800x600
  RenderBlock {HTML} at (0,0) size 800x600
    RenderBody {BODY} at (8,8) size 784x584
      RenderBlock {P} at (0,0) size 784x40
        RenderText {#text} at (0,0) size 664x39
          text run at (0,0) width 214: "This tests that MathML works in "
          text run at (213,0) width 451: "dashboard compatibility mode. The render tree dump should include a"
          text run at (0,20) width 142: "RenderMathMLMath."
      RenderBlock (anonymous) at (0,56) size 784x0
        RenderMathMLMath {math} at (0,0) size 2x0 [padding: 0 1 0 1]
        RenderText {#text} at (0,0) size 0x0
