layer at (0,0) size 800x600
  RenderView at (0,0) size 800x600
layer at (0,0) size 800x600
  RenderBlock {HTML} at (0,0) size 800x600
    RenderBody {BODY} at (8,8) size 784x560
      RenderBlock (anonymous) at (0,0) size 784x72
        RenderText {#text} at (0,0) size 725x72
          text run at (0,0) width 528: "These two lines should both be Verdana. "
          text run at (528,0) width 197: "They should be"
          text run at (0,36) width 118: "identical."
      RenderBlock {P} at (0,104) size 784x72
        RenderText {#text} at (0,0) size 725x72
          text run at (0,0) width 528: "These two lines should both be Verdana. "
          text run at (528,0) width 197: "They should be"
          text run at (0,36) width 118: "identical."
