layer at (0,0) size 785x718
  RenderView at (0,0) size 785x600
layer at (0,0) size 785x718
  RenderBlock {HTML} at (0,0) size 785x718
    RenderBody {BODY} at (8,21) size 769x681
      RenderBlock {H1} at (0,0) size 769x36
        RenderText {#text} at (0,0) size 378x36
          text run at (0,0) width 378: "Shorthand border property"
      RenderBlock {P} at (0,57) size 769x24 [color=#008000] [bgcolor=#FFFFFF] [border: (3px solid #008000)]
        RenderText {#text} at (3,3) size 363x17
          text run at (3,3) width 363: "This paragraph should have a medium solid green border."
      RenderBlock {P} at (0,96) size 769x24 [color=#008000] [bgcolor=#FFFFFF] [border: (3px solid #008000)]
        RenderText {#text} at (3,3) size 363x17
          text run at (3,3) width 363: "This paragraph should have a medium solid green border."
      RenderBlock {P} at (0,135) size 769x18 [bgcolor=#FFFFFF]
        RenderText {#text} at (0,0) size 259x17
          text run at (0,0) width 259: "This paragraph should not have a border."
      RenderBlock {P} at (0,168) size 769x24 [bgcolor=#FFFFFF] [border: (3px solid #000000)]
        RenderText {#text} at (3,3) size 279x17
          text run at (3,3) width 279: "This paragraph should have a medium solid "
        RenderInline {EM} at (0,0) size 34x17
          RenderText {#text} at (282,3) size 34x17
            text run at (282,3) width 34: "black"
        RenderText {#text} at (316,3) size 49x17
          text run at (316,3) width 49: " border."
      RenderBlock {P} at (0,207) size 769x18 [bgcolor=#FFFFFF]
        RenderText {#text} at (0,0) size 259x17
          text run at (0,0) width 259: "This paragraph should not have a border."
      RenderBlock {P} at (0,240) size 769x18 [bgcolor=#FFFFFF]
        RenderText {#text} at (0,0) size 259x17
          text run at (0,0) width 259: "This paragraph should not have a border."
      RenderBlock {P} at (0,273) size 769x24 [bgcolor=#FFFFFF] [border: (3px solid #000000)]
        RenderText {#text} at (3,3) size 279x17
          text run at (3,3) width 279: "This paragraph should have a medium solid "
        RenderInline {EM} at (0,0) size 34x17
          RenderText {#text} at (282,3) size 34x17
            text run at (282,3) width 34: "black"
        RenderText {#text} at (316,3) size 49x17
          text run at (316,3) width 49: " border."
      RenderBlock {P} at (0,312) size 769x24 [bgcolor=#FFFFFF] [border: (3px solid #000000)]
        RenderText {#text} at (3,3) size 279x17
          text run at (3,3) width 279: "This paragraph should have a medium solid "
        RenderInline {EM} at (0,0) size 34x17
          RenderText {#text} at (282,3) size 34x17
            text run at (282,3) width 34: "black"
        RenderText {#text} at (316,3) size 49x17
          text run at (316,3) width 49: " border."
      RenderBlock {P} at (0,351) size 769x24 [bgcolor=#FFFFFF] [border: (3px solid #008000)]
        RenderText {#text} at (3,3) size 363x17
          text run at (3,3) width 363: "This paragraph should have a medium solid green border."
      RenderBlock {P} at (0,390) size 769x24 [bgcolor=#FFFFFF] [border: (3px solid #008000)]
        RenderText {#text} at (3,3) size 363x17
          text run at (3,3) width 363: "This paragraph should have a medium solid green border."
      RenderBlock {P} at (0,429) size 769x18 [bgcolor=#FFFFFF]
        RenderText {#text} at (0,0) size 259x17
          text run at (0,0) width 259: "This paragraph should not have a border."
      RenderBlock {P} at (0,462) size 769x24 [bgcolor=#FFFFFF] [border: (3px solid #008000)]
        RenderText {#text} at (3,3) size 363x17
          text run at (3,3) width 363: "This paragraph should have a medium solid green border."
      RenderBlock {P} at (0,501) size 769x24 [bgcolor=#FFFFFF] [border: (3px solid #008000)]
        RenderText {#text} at (3,3) size 363x17
          text run at (3,3) width 363: "This paragraph should have a medium solid green border."
      RenderBlock {P} at (0,540) size 769x24 [bgcolor=#FFFFFF] [border: (3px solid #008000)]
        RenderText {#text} at (3,3) size 363x17
          text run at (3,3) width 363: "This paragraph should have a medium solid green border."
      RenderBlock {P} at (0,579) size 769x24 [bgcolor=#FFFFFF] [border: (3px solid #008000)]
        RenderText {#text} at (3,3) size 363x17
          text run at (3,3) width 363: "This paragraph should have a medium solid green border."
      RenderBlock {P} at (0,618) size 769x24 [bgcolor=#FFFFFF] [border: (3px solid #008000)]
        RenderText {#text} at (3,3) size 363x17
          text run at (3,3) width 363: "This paragraph should have a medium solid green border."
      RenderBlock {P} at (0,657) size 769x24 [bgcolor=#FFFFFF] [border: (3px solid #008000)]
        RenderText {#text} at (3,3) size 363x17
          text run at (3,3) width 363: "This paragraph should have a medium solid green border."
