layer at (0,0) size 800x600
  RenderView at (0,0) size 800x600
layer at (0,0) size 800x226
  RenderBlock {HTML} at (0,0) size 800x226
    RenderBody {BODY} at (8,8) size 784x202
      RenderBlock {DIV} at (0,0) size 784x102
        RenderBlock {DIV} at (0,0) size 784x17
          RenderInline (generated) at (0,0) size 39x17
            RenderText at (0,0) size 39x17
              text run at (0,0) width 39: "PASS"
        RenderBlock {DIV} at (0,17) size 784x17
          RenderInline (generated) at (0,0) size 39x17
            RenderText at (0,0) size 39x17
              text run at (0,0) width 39: "PASS"
        RenderBlock {DIV} at (0,34) size 784x17
          RenderInline (generated) at (0,0) size 39x17
            RenderText at (0,0) size 39x17
              text run at (0,0) width 39: "PASS"
        RenderBlock {DIV} at (0,51) size 784x17
          RenderInline (generated) at (0,0) size 39x17
            RenderText at (0,0) size 39x17
              text run at (0,0) width 39: "PASS"
        RenderBlock {DIV} at (0,68) size 784x17
          RenderInline (generated) at (0,0) size 39x17
            RenderText at (0,0) size 39x17
              text run at (0,0) width 39: "PASS"
        RenderBlock {DIV} at (0,85) size 784x17
          RenderInline (generated) at (0,0) size 39x17
            RenderText at (0,0) size 39x17
              text run at (0,0) width 39: "PASS"
      RenderBlock {DIV} at (0,118) size 784x84
        RenderBlock {P} at (0,0) size 784x17
          RenderInline {A} at (0,0) size 671x17 [color=#0000EE]
            RenderText {#text} at (0,0) size 671x17
              text run at (0,0) width 671: "Bug 23741: StyleRareNonInheritedData::operator==() should not compare ContentData objects by pointer"
        RenderBlock {OL} at (0,33) size 784x51
          RenderListItem {LI} at (40,0) size 744x17
            RenderListMarker at (-20,0) size 16x17: "1"
            RenderText {#text} at (0,0) size 345x17
              text run at (0,0) width 345: "All lines above should be \"PASS\" on initial page load."
          RenderListItem {LI} at (40,17) size 744x17
            RenderListMarker at (-20,0) size 16x17: "2"
            RenderText {#text} at (0,0) size 140x17
              text run at (0,0) width 140: "Reload the page once."
          RenderListItem {LI} at (40,34) size 744x17
            RenderListMarker at (-20,0) size 16x17: "3"
            RenderText {#text} at (0,0) size 247x17
              text run at (0,0) width 247: "All lines above should still be \"PASS\"."
