layer at (0,0) size 800x600
  RenderView at (0,0) size 800x600
layer at (0,0) size 800x115
  RenderBlock {html} at (0,0) size 800x115
    RenderBody {body} at (8,16) size 784x83
      RenderBlock {p} at (0,0) size 784x17
        RenderText {#text} at (0,0) size 760x17
          text run at (0,0) width 760: "Below both lines should be centered. The first is static, the second is dynamically generated using javascript. Bug 14506."
      RenderBlock {p} at (0,33) size 784x17
        RenderText {#text} at (331,0) size 122x17
          text run at (331,0) width 122: "Should be centered"
      RenderBlock {p} at (0,66) size 784x17
        RenderText {#text} at (331,0) size 122x17
          text run at (331,0) width 122: "Should be centered"
