layer at (0,0) size 800x600
  RenderView at (0,0) size 800x600
layer at (0,0) size 800x89
  RenderBlock {HTML} at (0,0) size 800x89
    RenderBody {BODY} at (8,16) size 784x65
      RenderBlock {P} at (0,0) size 784x17
        RenderText {#text} at (0,0) size 236x17
          text run at (0,0) width 236: "There should be no RED on the page"
      RenderBlock {DIV} at (0,33) size 784x32
