layer at (0,0) size 800x600
  RenderView at (0,0) size 800x600
layer at (0,0) size 800x600
  RenderBlock {HTML} at (0,0) size 800x600
    RenderBody {BODY} at (8,8) size 784x584
      RenderBlock {P} at (0,0) size 784x34
        RenderText {#text} at (0,0) size 754x34
          text run at (0,0) width 754: "Assuming the port-specific theme draws focus rings, this test can be used to ensure that a focus ring is drawn with green"
          text run at (0,17) width 83: "outline color."
      RenderBlock (anonymous) at (0,50) size 784x17
        RenderInline {A} at (0,0) size 27x17 [color=#0000EE]
          RenderText {#text} at (0,0) size 27x17
            text run at (0,0) width 27: "Test"
        RenderText {#text} at (0,0) size 0x0
