layer at (0,0) size 800x600
  RenderView at (0,0) size 800x600
layer at (0,0) size 800x314
  RenderBlock {HTML} at (0,0) size 800x314
    RenderBody {BODY} at (8,8) size 784x298
      RenderTable {TABLE} at (0,0) size 230x298
        RenderTableSection {TBODY} at (0,0) size 230x298
          RenderTableRow {TR} at (0,2) size 230x146
            RenderTableCell {TD} at (2,2) size 102x146 [r=0 c=0 rs=1 cs=1]
              RenderBlock {PRE} at (1,14) size 100x15
                RenderText {#text} at (0,0) size 32x15
                  text run at (0,0) width 32: "auto"
              RenderBlock (anonymous) at (1,42) size 100x103
                RenderImage {IMG} at (0,0) size 100x100
                RenderText {#text} at (0,0) size 0x0
            RenderTableCell {TD} at (106,2) size 122x146 [r=0 c=1 rs=1 cs=1]
              RenderBlock {PRE} at (1,14) size 120x15
                RenderText {#text} at (0,0) size 120x15
                  text run at (0,0) width 120: "optimizeQuality"
              RenderBlock (anonymous) at (1,42) size 120x103
                RenderImage {IMG} at (0,0) size 100x100
                RenderText {#text} at (0,0) size 0x0
          RenderTableRow {TR} at (0,150) size 230x146
            RenderTableCell {TD} at (2,150) size 102x146 [r=1 c=0 rs=1 cs=1]
              RenderBlock {PRE} at (1,14) size 100x15
                RenderText {#text} at (0,0) size 88x15
                  text run at (0,0) width 88: "crisp-edges"
              RenderBlock (anonymous) at (1,42) size 100x103
                RenderImage {IMG} at (0,0) size 100x100
                RenderText {#text} at (0,0) size 0x0
            RenderTableCell {TD} at (106,150) size 122x146 [r=1 c=1 rs=1 cs=1]
              RenderBlock {PRE} at (1,14) size 120x15
                RenderText {#text} at (0,0) size 104x15
                  text run at (0,0) width 104: "optimizeSpeed"
              RenderBlock (anonymous) at (1,42) size 120x103
                RenderImage {IMG} at (0,0) size 100x100
                RenderText {#text} at (0,0) size 0x0
