layer at (0,0) size 800x600
  RenderView at (0,0) size 800x600
layer at (0,0) size 800x600
  RenderBlock {HTML} at (0,0) size 800x600
    RenderBody {BODY} at (8,8) size 784x584
      RenderBlock (anonymous) at (0,0) size 784x17
        RenderText {#text} at (0,0) size 439x17
          text run at (0,0) width 224: "There should be only green below. "
          text run at (224,0) width 215: "If you see RED the test has failed."
      RenderBlock {DIV} at (0,17) size 784x16 [bgcolor=#008000]
      RenderBlock {DIV} at (0,33) size 784x16 [bgcolor=#008000]
      RenderBlock {DIV} at (0,49) size 784x16 [bgcolor=#008000]
      RenderBlock {DIV} at (0,65) size 784x16 [bgcolor=#008000]
      RenderBlock {DIV} at (0,81) size 784x16 [bgcolor=#008000]
      RenderBlock {DIV} at (0,97) size 784x16 [bgcolor=#008000]
      RenderBlock {DIV} at (0,113) size 784x16 [bgcolor=#008000]
      RenderBlock {DIV} at (0,129) size 784x16 [bgcolor=#008000]
      RenderBlock {DIV} at (0,145) size 784x16 [bgcolor=#008000]
      RenderBlock {DIV} at (0,161) size 784x16 [bgcolor=#008000]
      RenderBlock {DIV} at (0,177) size 784x16 [bgcolor=#008000]
      RenderBlock {DIV} at (0,193) size 784x16 [bgcolor=#008000]
      RenderBlock {DIV} at (0,209) size 784x16 [bgcolor=#008000]
      RenderBlock {DIV} at (0,225) size 784x16 [bgcolor=#008000]
      RenderBlock {DIV} at (0,241) size 784x16 [bgcolor=#008000]
      RenderBlock {DIV} at (0,257) size 784x16 [bgcolor=#008000]
      RenderBlock {DIV} at (0,273) size 784x16 [bgcolor=#008000]
      RenderBlock {DIV} at (0,289) size 784x16 [bgcolor=#008000]
      RenderBlock {DIV} at (0,305) size 784x16 [bgcolor=#008000]
      RenderBlock {DIV} at (0,321) size 784x16 [bgcolor=#008000]
      RenderBlock {DIV} at (0,337) size 784x16 [bgcolor=#008000]
