layer at (0,0) size 800x600
  RenderView at (0,0) size 800x600
layer at (0,0) size 800x195
  RenderBlock {HTML} at (0,0) size 800x195
    RenderBody {BODY} at (8,16) size 784x171
      RenderBlock {P} at (0,0) size 784x34
        RenderText {#text} at (0,0) size 751x34
          text run at (0,0) width 751: "The following two phrases should appear identical. The second line of text should overlap both the first line and the red"
          text run at (0,17) width 45: "border."
      RenderBlock {DIV} at (0,50) size 424x52 [border: (2px solid #FF0000)]
        RenderBlock {DIV} at (12,12) size 400x38
          RenderText {#text} at (0,-17) size 400x72
            text run at (0,-17) width 400: "Lorem ipsum dolor"
            text run at (0,2) width 168: "sit amet"
      RenderBlock (anonymous) at (0,102) size 784x17
        RenderBR {BR} at (0,0) size 0x17
      RenderBlock {DIV} at (0,119) size 424x52 [border: (2px solid #FF0000)]
        RenderBlock {DIV} at (12,12) size 400x38
          RenderText {#text} at (0,-17) size 400x72
            text run at (0,-17) width 400: "Lorem ipsum dolor"
            text run at (0,2) width 168: "sit amet"
