layer at (0,0) size 800x600
  RenderView at (0,0) size 800x600
layer at (0,0) size 800x600
  RenderBlock {HTML} at (0,0) size 800x600
    RenderBody {BODY} at (8,8) size 784x576
      RenderBlock {P} at (0,0) size 784x0
        RenderInline {SPAN} at (0,0) size 0x0
        RenderText {#text} at (0,0) size 0x0
        RenderText {#text} at (0,0) size 0x0
      RenderBlock {P} at (0,0) size 784x119
        RenderInline {SPAN} at (0,0) size 0x17
          RenderBR {BR} at (0,0) size 0x17
        RenderText {#text} at (0,0) size 0x0
        RenderBR {BR} at (0,17) size 0x17
        RenderBR {BR} at (0,34) size 0x17
        RenderBR {BR} at (0,51) size 0x17
        RenderBR {BR} at (0,68) size 0x17
        RenderBR {BR} at (0,85) size 0x17
        RenderBR {BR} at (0,102) size 0x17
      RenderBlock {P} at (0,135) size 784x136
        RenderInline {SPAN} at (0,0) size 8x34
          RenderBR {BR} at (0,0) size 0x17
          RenderText {#text} at (0,17) size 8x17
            text run at (0,17) width 8: "x"
        RenderText {#text} at (8,17) size 4x17
          text run at (8,17) width 4: " "
        RenderBR {BR} at (12,31) size 0x0
        RenderBR {BR} at (0,34) size 0x17
        RenderBR {BR} at (0,51) size 0x17
        RenderBR {BR} at (0,68) size 0x17
        RenderBR {BR} at (0,85) size 0x17
        RenderBR {BR} at (0,102) size 0x17
        RenderBR {BR} at (0,119) size 0x17
      RenderBlock {P} at (0,287) size 784x34
        RenderInline {SPAN} at (0,0) size 8x34
          RenderText {#text} at (0,0) size 8x17
            text run at (0,0) width 8: "x"
          RenderBR {BR} at (8,14) size 0x0
          RenderBR {BR} at (0,17) size 0x17
        RenderText {#text} at (0,0) size 0x0
