layer at (0,0) size 800x600
  RenderView at (0,0) size 800x600
layer at (0,0) size 800x426
  RenderBlock {HTML} at (0,0) size 800x426
    RenderBody {BODY} at (8,16) size 784x394
      RenderBlock {P} at (0,0) size 784x17
        RenderText {#text} at (0,0) size 308x17
          text run at (0,0) width 308: "This test is a basic check for using text-overflow."
      RenderBlock {P} at (0,33) size 784x129
        RenderText {#text} at (0,0) size 481x17
          text run at (0,0) width 481: "Apply \"text-overflow:clip\" to inputs. The following input should be clipped:"
        RenderBR {BR} at (481,0) size 0x17
        RenderTextControl {INPUT} at (2,19) size 191x23 [bgcolor=#FFFFFF] [border: (2px inset #000000)]
        RenderText {#text} at (195,22) size 4x17
          text run at (195,22) width 4: " "
        RenderTextControl {INPUT} at (201,19) size 222x24 [bgcolor=#FFFFFF] [border: (2px inset #000000)]
          RenderFlexibleBox {DIV} at (3,3) size 216x18
            RenderBlock {DIV} at (0,9) size 0x0
            RenderBlock {DIV} at (0,0) size 185x18
            RenderBlock {DIV} at (185,0) size 31x18
        RenderText {#text} at (425,22) size 4x17
          text run at (425,22) width 4: " "
        RenderTextControl {INPUT} at (431,19) size 191x23 [bgcolor=#FFFFFF] [border: (2px inset #000000)]
        RenderText {#text} at (0,0) size 0x0
        RenderTextControl {INPUT} at (2,47) size 222x24 [bgcolor=#FFFFFF] [border: (2px inset #000000)]
          RenderFlexibleBox {DIV} at (3,3) size 216x18
            RenderBlock {DIV} at (0,9) size 0x0
            RenderBlock {DIV} at (0,0) size 185x18
            RenderBlock {DIV} at (185,0) size 31x18
        RenderText {#text} at (226,50) size 4x17
          text run at (226,50) width 4: " "
        RenderTextControl {INPUT} at (232,47) size 191x23 [bgcolor=#FFFFFF] [border: (2px inset #000000)]
          RenderFlexibleBox {DIV} at (3,3) size 185x17
            RenderBlock {DIV} at (0,0) size 185x17
        RenderBR {BR} at (425,50) size 0x17
        RenderTextControl {INPUT} at (2,75) size 191x23 [bgcolor=#FFFFFF] [border: (2px inset #000000)]
        RenderText {#text} at (195,78) size 4x17
          text run at (195,78) width 4: " "
        RenderTextControl {INPUT} at (201,75) size 222x24 [bgcolor=#FFFFFF] [border: (2px inset #000000)]
          RenderFlexibleBox {DIV} at (3,3) size 216x18
            RenderBlock {DIV} at (216,9) size 0x0
            RenderBlock {DIV} at (31,0) size 185x18
            RenderBlock {DIV} at (0,0) size 31x18
        RenderText {#text} at (425,78) size 4x17
          text run at (425,78) width 4: " "
        RenderTextControl {INPUT} at (431,75) size 191x23 [bgcolor=#FFFFFF] [border: (2px inset #000000)]
        RenderText {#text} at (0,0) size 0x0
        RenderTextControl {INPUT} at (2,103) size 222x24 [bgcolor=#FFFFFF] [border: (2px inset #000000)]
          RenderFlexibleBox {DIV} at (3,3) size 216x18
            RenderBlock {DIV} at (216,9) size 0x0
            RenderBlock {DIV} at (31,0) size 185x18
            RenderBlock {DIV} at (0,0) size 31x18
        RenderText {#text} at (226,106) size 4x17
          text run at (226,106) width 4: " "
        RenderTextControl {INPUT} at (232,103) size 191x23 [bgcolor=#FFFFFF] [border: (2px inset #000000)]
          RenderFlexibleBox {DIV} at (3,3) size 185x17
            RenderBlock {DIV} at (0,0) size 185x17
        RenderText {#text} at (0,0) size 0x0
      RenderBlock {P} at (0,178) size 784x129
        RenderText {#text} at (0,0) size 536x17
          text run at (0,0) width 536: "Apply \"text-overflow:ellipsis\" to inputs. The following input should show an ellipsis:"
        RenderBR {BR} at (536,0) size 0x17
        RenderTextControl {INPUT} at (2,19) size 191x23 [bgcolor=#FFFFFF] [border: (2px inset #000000)]
        RenderText {#text} at (195,22) size 4x17
          text run at (195,22) width 4: " "
        RenderTextControl {INPUT} at (201,19) size 222x24 [bgcolor=#FFFFFF] [border: (2px inset #000000)]
          RenderFlexibleBox {DIV} at (3,3) size 216x18
            RenderBlock {DIV} at (0,9) size 0x0
            RenderBlock {DIV} at (0,0) size 185x18
            RenderBlock {DIV} at (185,0) size 31x18
        RenderText {#text} at (425,22) size 4x17
          text run at (425,22) width 4: " "
        RenderTextControl {INPUT} at (431,19) size 191x23 [bgcolor=#FFFFFF] [border: (2px inset #000000)]
        RenderText {#text} at (0,0) size 0x0
        RenderTextControl {INPUT} at (2,47) size 222x24 [bgcolor=#FFFFFF] [border: (2px inset #000000)]
          RenderFlexibleBox {DIV} at (3,3) size 216x18
            RenderBlock {DIV} at (0,9) size 0x0
            RenderBlock {DIV} at (0,0) size 185x18
            RenderBlock {DIV} at (185,0) size 31x18
        RenderText {#text} at (226,50) size 4x17
          text run at (226,50) width 4: " "
        RenderTextControl {INPUT} at (232,47) size 191x23 [bgcolor=#FFFFFF] [border: (2px inset #000000)]
          RenderFlexibleBox {DIV} at (3,3) size 185x17
            RenderBlock {DIV} at (0,0) size 185x17
        RenderBR {BR} at (425,50) size 0x17
        RenderTextControl {INPUT} at (2,75) size 191x23 [bgcolor=#FFFFFF] [border: (2px inset #000000)]
        RenderText {#text} at (195,78) size 4x17
          text run at (195,78) width 4: " "
        RenderTextControl {INPUT} at (201,75) size 222x24 [bgcolor=#FFFFFF] [border: (2px inset #000000)]
          RenderFlexibleBox {DIV} at (3,3) size 216x18
            RenderBlock {DIV} at (216,9) size 0x0
            RenderBlock {DIV} at (31,0) size 185x18
            RenderBlock {DIV} at (0,0) size 31x18
        RenderText {#text} at (425,78) size 4x17
          text run at (425,78) width 4: " "
        RenderTextControl {INPUT} at (431,75) size 191x23 [bgcolor=#FFFFFF] [border: (2px inset #000000)]
        RenderText {#text} at (0,0) size 0x0
        RenderTextControl {INPUT} at (2,103) size 222x24 [bgcolor=#FFFFFF] [border: (2px inset #000000)]
          RenderFlexibleBox {DIV} at (3,3) size 216x18
            RenderBlock {DIV} at (216,9) size 0x0
            RenderBlock {DIV} at (31,0) size 185x18
            RenderBlock {DIV} at (0,0) size 31x18
        RenderText {#text} at (226,106) size 4x17
          text run at (226,106) width 4: " "
        RenderTextControl {INPUT} at (232,103) size 191x23 [bgcolor=#FFFFFF] [border: (2px inset #000000)]
          RenderFlexibleBox {DIV} at (3,3) size 185x17
            RenderBlock {DIV} at (0,0) size 185x17
        RenderText {#text} at (0,0) size 0x0
      RenderBlock {P} at (0,323) size 784x71
        RenderText {#text} at (0,0) size 233x17
          text run at (0,0) width 233: "Dynamic style change text-overflow:"
        RenderBR {BR} at (233,0) size 0x17
        RenderText {#text} at (0,22) size 239x17
          text run at (0,22) width 239: "Clip to ellipsis (should show ellipsis): "
        RenderTextControl {INPUT} at (241,19) size 191x23 [bgcolor=#FFFFFF] [border: (2px inset #000000)]
        RenderText {#text} at (434,22) size 4x17
          text run at (434,22) width 4: " "
        RenderTextControl {INPUT} at (440,19) size 191x23 [bgcolor=#FFFFFF] [border: (2px inset #000000)]
        RenderText {#text} at (633,22) size 4x17
          text run at (633,22) width 4: " "
        RenderBR {BR} at (0,0) size 0x0
        RenderText {#text} at (0,49) size 262x17
          text run at (0,49) width 262: "Ellipsis to clip (should not show ellipsis): "
        RenderTextControl {INPUT} at (264,46) size 191x23 [bgcolor=#FFFFFF] [border: (2px inset #000000)]
        RenderText {#text} at (457,49) size 4x17
          text run at (457,49) width 4: " "
        RenderTextControl {INPUT} at (463,46) size 191x23 [bgcolor=#FFFFFF] [border: (2px inset #000000)]
        RenderText {#text} at (656,49) size 4x17
          text run at (656,49) width 4: " "
        RenderBR {BR} at (0,0) size 0x0
layer at (13,71) size 185x17 scrollWidth 383
  RenderBlock {DIV} at (3,3) size 185x17 [color=#A9A9A9]
    RenderText {#text} at (0,0) size 383x17
      text run at (0,0) width 383: "Lorem ipsum dolor sit amet, consectetur adipiscing elit"
layer at (13,71) size 185x17
  RenderBlock {DIV} at (3,3) size 185x17
layer at (212,72) size 185x17 scrollWidth 383
  RenderBlock {DIV} at (3,3) size 185x18 [color=#A9A9A9]
    RenderText {#text} at (0,0) size 383x17
      text run at (0,0) width 383: "Lorem ipsum dolor sit amet, consectetur adipiscing elit"
layer at (212,72) size 185x17
  RenderBlock {DIV} at (0,0) size 185x17
layer at (442,71) size 185x17 scrollWidth 384
  RenderBlock {DIV} at (3,3) size 185x17
    RenderText {#text} at (0,0) size 383x17
      text run at (0,0) width 383: "Lorem ipsum dolor sit amet, consectetur adipiscing elit"
layer at (13,100) size 185x17 scrollWidth 384
  RenderBlock {DIV} at (0,0) size 185x17
    RenderText {#text} at (0,0) size 383x17
      text run at (0,0) width 383: "Lorem ipsum dolor sit amet, consectetur adipiscing elit"
layer at (243,99) size 185x17 scrollWidth 331
  RenderBlock {DIV} at (0,0) size 185x17
    RenderText {#text} at (0,0) size 330x17
      text run at (0,0) width 330: "\x{2022}\x{2022}\x{2022}\x{2022}\x{2022}\x{2022}\x{2022}\x{2022}\x{2022}\x{2022}\x{2022}\x{2022}\x{2022}\x{2022}\x{2022}\x{2022}\x{2022}\x{2022}\x{2022}\x{2022}\x{2022}\x{2022}\x{2022}\x{2022}\x{2022}\x{2022}\x{2022}\x{2022}\x{2022}\x{2022}\x{2022}\x{2022}\x{2022}\x{2022}\x{2022}\x{2022}\x{2022}\x{2022}\x{2022}\x{2022}\x{2022}\x{2022}\x{2022}\x{2022}\x{2022}\x{2022}\x{2022}\x{2022}\x{2022}\x{2022}\x{2022}\x{2022}\x{2022}\x{2022}\x{2022}"
layer at (13,127) size 185x17 scrollX 198 scrollWidth 383
  RenderBlock {DIV} at (3,3) size 185x17 [color=#A9A9A9]
    RenderText {#text} at (-198,0) size 383x17
      text run at (-198,0) width 383: "Lorem ipsum dolor sit amet, consectetur adipiscing elit"
layer at (13,127) size 185x17
  RenderBlock {DIV} at (3,3) size 185x17
layer at (243,128) size 185x17 scrollX 198 scrollWidth 383
  RenderBlock {DIV} at (34,3) size 185x18 [color=#A9A9A9]
    RenderText {#text} at (-198,0) size 383x17
      text run at (-198,0) width 383: "Lorem ipsum dolor sit amet, consectetur adipiscing elit"
layer at (243,128) size 185x17
  RenderBlock {DIV} at (0,0) size 185x17
layer at (442,127) size 185x17 scrollX 198 scrollWidth 383
  RenderBlock {DIV} at (3,3) size 185x17
    RenderText {#text} at (-198,0) size 383x17
      text run at (-198,0) width 383: "Lorem ipsum dolor sit amet, consectetur adipiscing elit"
layer at (44,156) size 185x17 scrollX 198 scrollWidth 383
  RenderBlock {DIV} at (0,0) size 185x17
    RenderText {#text} at (-198,0) size 383x17
      text run at (-198,0) width 383: "Lorem ipsum dolor sit amet, consectetur adipiscing elit"
layer at (243,155) size 185x17 scrollX 145 scrollWidth 330
  RenderBlock {DIV} at (0,0) size 185x17
    RenderText {#text} at (-145,0) size 330x17
      text run at (-145,0) width 330 RTL: "\x{2022}\x{2022}\x{2022}\x{2022}\x{2022}\x{2022}\x{2022}\x{2022}\x{2022}\x{2022}\x{2022}\x{2022}\x{2022}\x{2022}\x{2022}\x{2022}\x{2022}\x{2022}\x{2022}\x{2022}\x{2022}\x{2022}\x{2022}\x{2022}\x{2022}\x{2022}\x{2022}\x{2022}\x{2022}\x{2022}\x{2022}\x{2022}\x{2022}\x{2022}\x{2022}\x{2022}\x{2022}\x{2022}\x{2022}\x{2022}\x{2022}\x{2022}\x{2022}\x{2022}\x{2022}\x{2022}\x{2022}\x{2022}\x{2022}\x{2022}\x{2022}\x{2022}\x{2022}\x{2022}\x{2022}"
layer at (13,216) size 185x17 scrollWidth 383
  RenderBlock {DIV} at (3,3) size 185x17 [color=#A9A9A9]
    RenderText {#text} at (0,0) size 383x17
      text run at (0,0) width 383: "Lorem ipsum dolor sit amet, consectetur adipiscing elit"
layer at (13,216) size 185x17
  RenderBlock {DIV} at (3,3) size 185x17
layer at (212,217) size 185x17 scrollWidth 383
  RenderBlock {DIV} at (3,3) size 185x18 [color=#A9A9A9]
    RenderText {#text} at (0,0) size 383x17
      text run at (0,0) width 383: "Lorem ipsum dolor sit amet, consectetur adipiscing elit"
layer at (212,217) size 185x17
  RenderBlock {DIV} at (0,0) size 185x17
layer at (442,216) size 185x17 scrollWidth 384
  RenderBlock {DIV} at (3,3) size 185x17
    RenderText {#text} at (0,0) size 383x17
      text run at (0,0) width 383: "Lorem ipsum dolor sit amet, consectetur adipiscing elit"
layer at (13,245) size 185x17 scrollWidth 384
  RenderBlock {DIV} at (0,0) size 185x17
    RenderText {#text} at (0,0) size 383x17
      text run at (0,0) width 383: "Lorem ipsum dolor sit amet, consectetur adipiscing elit"
layer at (243,244) size 185x17 scrollWidth 331
  RenderBlock {DIV} at (0,0) size 185x17
    RenderText {#text} at (0,0) size 330x17
      text run at (0,0) width 330: "\x{2022}\x{2022}\x{2022}\x{2022}\x{2022}\x{2022}\x{2022}\x{2022}\x{2022}\x{2022}\x{2022}\x{2022}\x{2022}\x{2022}\x{2022}\x{2022}\x{2022}\x{2022}\x{2022}\x{2022}\x{2022}\x{2022}\x{2022}\x{2022}\x{2022}\x{2022}\x{2022}\x{2022}\x{2022}\x{2022}\x{2022}\x{2022}\x{2022}\x{2022}\x{2022}\x{2022}\x{2022}\x{2022}\x{2022}\x{2022}\x{2022}\x{2022}\x{2022}\x{2022}\x{2022}\x{2022}\x{2022}\x{2022}\x{2022}\x{2022}\x{2022}\x{2022}\x{2022}\x{2022}\x{2022}"
layer at (13,272) size 185x17 scrollX 198 scrollWidth 383
  RenderBlock {DIV} at (3,3) size 185x17 [color=#A9A9A9]
    RenderText {#text} at (-198,0) size 383x17
      text run at (-198,0) width 383: "Lorem ipsum dolor sit amet, consectetur adipiscing elit"
layer at (13,272) size 185x17
  RenderBlock {DIV} at (3,3) size 185x17
layer at (243,273) size 185x17 scrollX 198 scrollWidth 383
  RenderBlock {DIV} at (34,3) size 185x18 [color=#A9A9A9]
    RenderText {#text} at (-198,0) size 383x17
      text run at (-198,0) width 383: "Lorem ipsum dolor sit amet, consectetur adipiscing elit"
layer at (243,273) size 185x17
  RenderBlock {DIV} at (0,0) size 185x17
layer at (442,272) size 185x17 scrollX 198 scrollWidth 383
  RenderBlock {DIV} at (3,3) size 185x17
    RenderText {#text} at (-198,0) size 383x17
      text run at (-198,0) width 383: "Lorem ipsum dolor sit amet, consectetur adipiscing elit"
layer at (44,301) size 185x17 scrollX 198 scrollWidth 383
  RenderBlock {DIV} at (0,0) size 185x17
    RenderText {#text} at (-198,0) size 383x17
      text run at (-198,0) width 383: "Lorem ipsum dolor sit amet, consectetur adipiscing elit"
layer at (243,300) size 185x17 scrollX 145 scrollWidth 330
  RenderBlock {DIV} at (0,0) size 185x17
    RenderText {#text} at (-145,0) size 330x17
      text run at (-145,0) width 330 RTL: "\x{2022}\x{2022}\x{2022}\x{2022}\x{2022}\x{2022}\x{2022}\x{2022}\x{2022}\x{2022}\x{2022}\x{2022}\x{2022}\x{2022}\x{2022}\x{2022}\x{2022}\x{2022}\x{2022}\x{2022}\x{2022}\x{2022}\x{2022}\x{2022}\x{2022}\x{2022}\x{2022}\x{2022}\x{2022}\x{2022}\x{2022}\x{2022}\x{2022}\x{2022}\x{2022}\x{2022}\x{2022}\x{2022}\x{2022}\x{2022}\x{2022}\x{2022}\x{2022}\x{2022}\x{2022}\x{2022}\x{2022}\x{2022}\x{2022}\x{2022}\x{2022}\x{2022}\x{2022}\x{2022}\x{2022}"
layer at (252,361) size 185x17 scrollWidth 383
  RenderBlock {DIV} at (3,3) size 185x17 [color=#A9A9A9]
    RenderText {#text} at (0,0) size 383x17
      text run at (0,0) width 383: "Lorem ipsum dolor sit amet, consectetur adipiscing elit"
layer at (252,361) size 185x17
  RenderBlock {DIV} at (3,3) size 185x17
layer at (451,361) size 185x17 scrollWidth 384
  RenderBlock {DIV} at (3,3) size 185x17
    RenderText {#text} at (0,0) size 383x17
      text run at (0,0) width 383: "Lorem ipsum dolor sit amet, consectetur adipiscing elit"
layer at (275,388) size 185x17 scrollWidth 383
  RenderBlock {DIV} at (3,3) size 185x17 [color=#A9A9A9]
    RenderText {#text} at (0,0) size 383x17
      text run at (0,0) width 383: "Lorem ipsum dolor sit amet, consectetur adipiscing elit"
layer at (275,388) size 185x17
  RenderBlock {DIV} at (3,3) size 185x17
layer at (474,388) size 185x17 scrollWidth 384
  RenderBlock {DIV} at (3,3) size 185x17
    RenderText {#text} at (0,0) size 383x17
      text run at (0,0) width 383: "Lorem ipsum dolor sit amet, consectetur adipiscing elit"
