layer at (0,0) size 800x600
  RenderView at (0,0) size 800x600
layer at (0,0) size 800x600
  RenderBlock {HTML} at (0,0) size 800x600
    RenderBody {BODY} at (8,8) size 784x584
      RenderBlock (anonymous) at (0,0) size 784x17
        RenderText {#text} at (0,0) size 218x17
          text run at (0,0) width 218: "All text below should be 32px tall."
      RenderBlock {DIV} at (0,17) size 784x36
        RenderText {#text} at (0,0) size 373x36
          text run at (0,0) width 373: "This text should be 32px tall."
      RenderBlock {DIV} at (0,53) size 784x36
        RenderText {#text} at (0,0) size 373x36
          text run at (0,0) width 373: "This text should be 32px tall."
      RenderBlock {DIV} at (0,89) size 784x36
        RenderText {#text} at (0,0) size 373x36
          text run at (0,0) width 373: "This text should be 32px tall."
      RenderBlock {DIV} at (0,125) size 784x36
        RenderText {#text} at (0,0) size 373x36
          text run at (0,0) width 373: "This text should be 32px tall."
