EDITING DELEGATE: shouldBeginEditingInDOMRange:range from 0 of DIV > BODY > HTML > #document to 3 of DIV > BODY > HTML > #document
EDITING DELEGATE: webViewDidBeginEditing:WebViewDidBeginEditingNotification
EDITING DELEGATE: webViewDidChangeSelection:WebViewDidChangeSelectionNotification
EDITING DELEGATE: webViewDidChangeSelection:WebViewDidChangeSelectionNotification
EDITING DELEGATE: webViewDidChangeSelection:WebViewDidChangeSelectionNotification
layer at (0,0) size 800x600
  RenderView at (0,0) size 800x600
layer at (0,0) size 800x91
  RenderBlock {HTML} at (0,0) size 800x91
    RenderBody {BODY} at (8,16) size 784x67
      RenderBlock {P} at (0,0) size 784x34
        RenderText {#text} at (0,0) size 735x34
          text run at (0,0) width 735: "This tests to make sure that the caret is visible in the black background by getting the caret color from the color of the"
          text run at (0,17) width 621: "element(span) containing the text, not the parent element(div) that has the contentEditable attribute."
      RenderBlock {DIV} at (0,50) size 784x17
        RenderInline {SPAN} at (0,0) size 121x17 [color=#FFFFFF] [bgcolor=#000000]
          RenderText {#text} at (0,0) size 121x17
            text run at (0,0) width 121: "Where is my caret?"
        RenderText {#text} at (0,0) size 0x0
caret: position 17 of child 0 {#text} of child 1 {SPAN} of child 3 {DIV} of body
