layer at (0,0) size 800x600
  RenderView at (0,0) size 800x600
layer at (0,0) size 800x600
  RenderBlock {HTML} at (0,0) size 800x600
    RenderBody {BODY} at (8,8) size 784x584
      RenderBlock {P} at (0,0) size 784x40
        RenderText {#text} at (0,0) size 55x19
          text run at (0,0) width 55: "Test for "
        RenderInline {I} at (0,0) size 729x39
          RenderInline {A} at (0,0) size 307x19 [color=#0000EE]
            RenderText {#text} at (55,0) size 307x19
              text run at (55,0) width 307: "http://bugs.webkit.org/show_bug.cgi?id=13759"
          RenderText {#text} at (362,0) size 729x39
            text run at (362,0) width 4: " "
            text run at (366,0) width 363: "REGRESSION (r20182-r20184): Incorrect rendering of"
            text run at (0,20) width 110: "multipart images"
        RenderText {#text} at (110,20) size 4x19
          text run at (110,20) width 4: "."
      RenderBlock {P} at (0,56) size 784x20
        RenderText {#text} at (0,0) size 251x19
          text run at (0,0) width 251: "There should be a green square below."
      RenderBlock (anonymous) at (0,92) size 784x124
        RenderPartObject {IFRAME} at (0,0) size 124x124 [border: (2px inset #000000)]
          layer at (0,0) size 120x120
            RenderView at (0,0) size 120x120
          layer at (0,0) size 120x120
            RenderBlock {HTML} at (0,0) size 120x120
              RenderBody {BODY} at (0,0) size 120x120
                RenderImage {IMG} at (0,0) size 100x100
        RenderText {#text} at (0,0) size 0x0
        RenderText {#text} at (0,0) size 0x0
        RenderText {#text} at (0,0) size 0x0
