layer at (0,0) size 800x600
  RenderView at (0,0) size 800x600
layer at (0,0) size 800x600
  RenderBlock {HTML} at (0,0) size 800x600
    RenderBody {BODY} at (8,8) size 784x584
      RenderBlock {P} at (0,0) size 784x40
        RenderText {#text} at (0,0) size 55x19
          text run at (0,0) width 55: "Test for "
        RenderInline {I} at (0,0) size 723x39
          RenderInline {A} at (0,0) size 306x19 [color=#0000EE]
            RenderText {#text} at (54,0) size 306x19
              text run at (54,0) width 306: "http://bugs.webkit.org/show_bug.cgi?id=13759"
          RenderText {#text} at (359,0) size 723x39
            text run at (359,0) width 5: " "
            text run at (363,0) width 360: "REGRESSION (r20182-r20184): Incorrect rendering of"
            text run at (0,20) width 109: "multipart images"
        RenderText {#text} at (108,20) size 5x19
          text run at (108,20) width 5: "."
      RenderBlock {P} at (0,56) size 784x20
        RenderText {#text} at (0,0) size 289x19
          text run at (0,0) width 289: "There should be a bright green square below."
      RenderBlock (anonymous) at (0,92) size 784x100
        RenderImage {IMG} at (0,0) size 100x100
        RenderText {#text} at (0,0) size 0x0
