layer at (0,0) size 800x600
  RenderView at (0,0) size 800x600
layer at (0,0) size 800x600
  RenderBlock {HTML} at (0,0) size 800x600
    RenderBody {BODY} at (8,8) size 784x584
      RenderBlock {P} at (0,0) size 784x18
        RenderText {#text} at (0,0) size 393x17
          text run at (0,0) width 393: "Tests that box shadow is not applied to Aqua-themed controls."
      RenderBlock {P} at (0,34) size 784x18
        RenderText {#text} at (0,0) size 257x17
          text run at (0,0) width 257: "You should not see any red on this page."
      RenderBlock {DIV} at (0,68) size 784x32
        RenderTextControl {INPUT} at (2,2) size 208x28 [bgcolor=#FFFFFF]
          RenderFlexibleBox {DIV} at (4,6) size 201x18
            RenderBlock {DIV} at (0,9) size 0x0
            RenderBlock {DIV} at (0,0) size 185x18
            RenderBlock {DIV} at (185,1) size 16x16
        RenderText {#text} at (0,0) size 0x0
      RenderBlock {DIV} at (0,100) size 784x32
        RenderTextControl {INPUT} at (2,2) size 226x28 [bgcolor=#FFFFFF]
          RenderFlexibleBox {DIV} at (4,6) size 219x18
            RenderBlock {DIV} at (0,1) size 18x16
            RenderBlock {DIV} at (18,0) size 185x18
            RenderBlock {DIV} at (203,1) size 16x16
        RenderText {#text} at (0,0) size 0x0
      RenderBlock {DIV} at (0,132) size 784x32
        RenderTextControl {INPUT} at (2,2) size 226x28 [bgcolor=#FFFFFF]
          RenderFlexibleBox {DIV} at (4,6) size 219x18
            RenderBlock {DIV} at (0,1) size 18x16
            RenderBlock {DIV} at (18,0) size 185x18
            RenderBlock {DIV} at (203,1) size 16x16
        RenderText {#text} at (0,0) size 0x0
      RenderBlock (anonymous) at (0,164) size 784x98
        RenderBlock {INPUT} at (2,21) size 12x12
        RenderText {#text} at (16,16) size 4x17
          text run at (16,16) width 4: " "
        RenderBlock {INPUT} at (22,21) size 12x12
        RenderText {#text} at (36,16) size 4x17
          text run at (36,16) width 4: " "
        RenderSlider {INPUT} at (42,19) size 129x11 [color=#909090] [bgcolor=#FFFFFF]
          RenderFlexibleBox {DIV} at (0,0) size 129x11
            RenderBlock {DIV} at (0,0) size 129x11
              RenderBlock {DIV} at (50,0) size 29x11
        RenderText {#text} at (173,16) size 4x17
          text run at (173,16) width 4: " "
        RenderFileUploadControl {INPUT} at (179,6) size 306x40 "No file selected"
          RenderButton {INPUT} at (0,0) size 121x40 [bgcolor=#C0C0C0] [border: (2px outset #C0C0C0)]
            RenderBlock (anonymous) at (17,10) size 87x18
              RenderText at (0,0) size 87x17
                text run at (0,0) width 87: "Choose File"
        RenderText {#text} at (487,16) size 4x17
          text run at (487,16) width 4: " "
        RenderButton {INPUT} at (493,2) size 92x45 [bgcolor=#C0C0C0] [border: (2px outset #C0C0C0)]
          RenderBlock (anonymous) at (17,10) size 58x23
            RenderText at (0,0) size 58x22
              text run at (0,0) width 58: "Button"
        RenderText {#text} at (587,16) size 4x17
          text run at (587,16) width 4: " "
        RenderButton {INPUT} at (593,6) size 80x40 [bgcolor=#C0C0C0] [border: (2px outset #C0C0C0)]
          RenderBlock (anonymous) at (17,10) size 46x18
            RenderText at (0,0) size 46x17
              text run at (0,0) width 46: "Button"
        RenderText {#text} at (675,16) size 4x17
          text run at (675,16) width 4: " "
        RenderButton {INPUT} at (679,15) size 48x28 [bgcolor=#C0C0C0] [border: (2px outset #C0C0C0)]
          RenderBlock (anonymous) at (17,10) size 14x6
            RenderText at (0,0) size 14x6
              text run at (0,0) width 14: "Button"
        RenderText {#text} at (0,0) size 0x0
        RenderButton {BUTTON} at (2,51) size 92x45 [bgcolor=#C0C0C0] [border: (2px outset #C0C0C0)]
          RenderBlock (anonymous) at (17,10) size 58x23
            RenderText {#text} at (0,0) size 58x22
              text run at (0,0) width 58: "Button"
        RenderText {#text} at (0,0) size 0x0
layer at (14,84) size 185x18
  RenderBlock {DIV} at (0,0) size 185x18
    RenderText {#text} at (0,0) size 51x17
      text run at (0,0) width 51: "Search"
layer at (32,116) size 185x18
  RenderBlock {DIV} at (0,0) size 185x18
layer at (32,148) size 185x18
  RenderBlock {DIV} at (0,0) size 185x18
