layer at (0,0) size 800x600
  RenderView at (0,0) size 800x600
layer at (0,0) size 800x600
  RenderBlock {HTML} at (0,0) size 800x600
    RenderBody {BODY} at (8,8) size 784x576
      RenderBlock {P} at (0,0) size 784x36
        RenderText {#text} at (0,0) size 753x35
          text run at (0,0) width 420: "Test that search field text is vertically centered if the search field is "
          text run at (420,0) width 333: "taller than the text. In each of the following pairs of a"
          text run at (0,18) width 103: "search field and "
          text run at (103,18) width 356: "a text field, the vertical position of the text should be the "
          text run at (459,18) width 122: "same in both fields."
      RenderBlock {P} at (0,52) size 784x46
        RenderTextControl {INPUT} at (2,1) size 225x45 [bgcolor=#FFFFFF] [border: (2px inset #000000)]
          RenderFlexibleBox {DIV} at (3,3) size 219x39
            RenderBlock {DIV} at (0,12) size 18x15
            RenderBlock {DIV} at (18,10) size 185x19
            RenderBlock {DIV} at (203,11) size 16x17
        RenderText {#text} at (229,14) size 4x17
          text run at (229,14) width 4: " "
        RenderTextControl {INPUT} at (235,0) size 191x45 [bgcolor=#FFFFFF] [border: (2px inset #000000)]
        RenderText {#text} at (0,0) size 0x0
      RenderBlock {P} at (0,114) size 784x20
        RenderTextControl {INPUT} at (2,0) size 225x16 [bgcolor=#FFFFFF] [border: (2px inset #000000)]
          RenderFlexibleBox {DIV} at (3,0) size 219x16
            RenderBlock {DIV} at (0,0) size 18x16
            RenderBlock {DIV} at (18,3) size 185x10
            RenderBlock {DIV} at (203,0) size 16x16
        RenderText {#text} at (229,2) size 4x17
          text run at (229,2) width 4: " "
        RenderTextControl {INPUT} at (235,0) size 191x16 [bgcolor=#FFFFFF] [border: (2px inset #000000)]
        RenderText {#text} at (0,0) size 0x0
      RenderBlock {P} at (0,150) size 784x18
        RenderTextControl {INPUT} at (2,2) size 225x12 [bgcolor=#FFFFFF] [border: (2px inset #000000)]
          RenderFlexibleBox {DIV} at (3,0) size 219x12
            RenderBlock {DIV} at (0,0) size 18x15
            RenderBlock {DIV} at (18,3) size 185x6
            RenderBlock {DIV} at (203,0) size 16x16
        RenderText {#text} at (229,0) size 4x17
          text run at (229,0) width 4: " "
        RenderTextControl {INPUT} at (235,2) size 191x12 [bgcolor=#FFFFFF] [border: (2px inset #000000)]
        RenderText {#text} at (0,0) size 0x0
layer at (31,75) size 185x18
  RenderBlock {DIV} at (0,0) size 185x18
    RenderText {#text} at (0,0) size 31x17
      text run at (0,0) width 31: "Text"
layer at (246,74) size 185x18
  RenderBlock {DIV} at (3,14) size 185x18
    RenderText {#text} at (0,0) size 31x17
      text run at (0,0) width 31: "Text"
layer at (31,125) size 185x10 scrollHeight 18
  RenderBlock {DIV} at (0,0) size 185x10
    RenderText {#text} at (0,0) size 31x17
      text run at (0,0) width 31: "Text"
layer at (246,125) size 185x10 scrollHeight 18
  RenderBlock {DIV} at (3,3) size 185x10
    RenderText {#text} at (0,0) size 31x17
      text run at (0,0) width 31: "Text"
layer at (31,163) size 185x6 scrollHeight 18
  RenderBlock {DIV} at (0,0) size 185x6
    RenderText {#text} at (0,0) size 31x17
      text run at (0,0) width 31: "Text"
layer at (246,163) size 185x6 scrollHeight 18
  RenderBlock {DIV} at (3,3) size 185x6
    RenderText {#text} at (0,0) size 31x17
      text run at (0,0) width 31: "Text"
