layer at (0,0) size 800x600
  RenderView at (0,0) size 800x600
layer at (0,0) size 800x600
  RenderBlock {HTML} at (0,0) size 800x600
    RenderBody {BODY} at (8,8) size 784x584
      RenderText {#text} at (0,0) size 368x17
        text run at (0,0) width 368: "This tests that aqua-style search fields do not honor height."
      RenderBR {BR} at (368,14) size 0x0
      RenderTextControl {INPUT} at (0,117) size 75x10 [bgcolor=#FFFFFF]
        RenderFlexibleBox {DIV} at (4,2) size 68x7
          RenderBlock {DIV} at (0,3) size 0x0
          RenderBlock {DIV} at (0,0) size 62x7
          RenderBlock {DIV} at (62,0) size 6x7
      RenderText {#text} at (75,113) size 4x17
        text run at (75,113) width 4: " "
      RenderTextControl {INPUT} at (81,101) size 188x40 [bgcolor=#FFFFFF]
        RenderFlexibleBox {DIV} at (4,6) size 181x30
          RenderBlock {DIV} at (0,15) size 0x0
          RenderBlock {DIV} at (0,6) size 166x18
          RenderBlock {DIV} at (166,7) size 15x16
      RenderText {#text} at (271,113) size 4x17
        text run at (271,113) width 4: " "
      RenderTextControl {INPUT} at (277,18) size 337x200 [bgcolor=#FFFFFF]
        RenderFlexibleBox {DIV} at (4,6) size 330x190
          RenderBlock {DIV} at (0,95) size 0x0
          RenderBlock {DIV} at (0,79) size 309x32
          RenderBlock {DIV} at (309,84) size 21x22
      RenderText {#text} at (0,0) size 0x0
layer at (12,127) size 62x7
  RenderBlock {DIV} at (0,0) size 62x7
    RenderText {#text} at (0,0) size 10x6
      text run at (0,0) width 10: "mini"
layer at (93,122) size 166x17
  RenderBlock {DIV} at (0,0) size 166x17
    RenderText {#text} at (0,0) size 35x17
      text run at (0,0) width 35: "small"
layer at (289,112) size 309x31
  RenderBlock {DIV} at (0,0) size 309x31
    RenderText {#text} at (0,0) size 84x30
      text run at (0,0) width 84: "regular"
