layer at (0,0) size 785x7324
  RenderView at (0,0) size 785x600
layer at (0,0) size 785x7324
  RenderBlock {HTML} at (0,0) size 785x7324
    RenderBody {BODY} at (8,8) size 769x7308
      RenderBlock (anonymous) at (0,0) size 769x17
        RenderText {#text} at (0,0) size 445x17
          text run at (0,0) width 445: "This is a test of all the various HTML alignments using LTR direction."
      RenderBlock {DIV} at (0,17) size 769x218 [border: (4px solid #008000)]
        RenderBlock {DIV} at (6,6) size 757x25 [border: (2px solid #0000FF)]
          RenderText {#text} at (4,4) size 185x17
            text run at (4,4) width 185: "Normal div inside normal div"
        RenderBlock {DIV} at (6,31) size 757x25 [border: (2px solid #0000FF)]
          RenderText {#text} at (4,4) size 163x17
            text run at (4,4) width 163: "Left div inside normal div"
        RenderBlock {DIV} at (6,56) size 757x25 [border: (2px solid #0000FF)]
          RenderText {#text} at (289,4) size 179x17
            text run at (289,4) width 179: "Center div inside normal div"
        RenderBlock {DIV} at (6,81) size 757x25 [border: (2px solid #0000FF)]
          RenderText {#text} at (581,4) size 172x17
            text run at (581,4) width 172: "Right div inside normal div"
        RenderBlock {CENTER} at (6,106) size 757x25 [border: (2px solid #0000FF)]
          RenderText {#text} at (289,4) size 179x17
            text run at (289,4) width 179: "Center tag inside normal div"
        RenderTable {TABLE} at (6,131) size 96x27 [border: (2px solid #0000FF)]
          RenderTableSection {TBODY} at (2,2) size 92x23
            RenderTableRow {TR} at (0,2) size 92x19
              RenderTableCell {TD} at (2,2) size 88x19 [r=0 c=0 rs=1 cs=1]
                RenderText {#text} at (1,1) size 86x17
                  text run at (1,1) width 86: "Normal table."
        RenderTable {TABLE} at (314,158) size 141x27 [border: (2px solid #0000FF)]
          RenderTableSection {TBODY} at (2,2) size 136x23
            RenderTableRow {TR} at (0,2) size 136x19
              RenderTableCell {TD} at (2,2) size 132x19 [r=0 c=0 rs=1 cs=1]
                RenderText {#text} at (1,1) size 130x17
                  text run at (1,1) width 130: "Center aligned table."
        RenderTable {TABLE} at (8,185) size 190x27 [border: (2px solid #0000FF)]
          RenderTableSection {TBODY} at (2,2) size 186x23
            RenderTableRow {TR} at (0,2) size 186x19
              RenderTableCell {TD} at (2,2) size 182x19 [r=0 c=0 rs=1 cs=1]
                RenderText {#text} at (1,1) size 180x17
                  text run at (1,1) width 180: "Center table (fixed margins)."
      RenderBlock {DIV} at (0,235) size 769x218 [border: (4px solid #800080)]
        RenderBlock {DIV} at (6,6) size 408x25 [border: (2px solid #0000FF)]
          RenderText {#text} at (4,4) size 261x17
            text run at (4,4) width 261: "Normal fixed width div inside normal div"
        RenderBlock {DIV} at (6,31) size 408x25 [border: (2px solid #0000FF)]
          RenderText {#text} at (4,4) size 239x17
            text run at (4,4) width 239: "Left fixed width div inside normal div"
        RenderBlock {DIV} at (6,56) size 408x25 [border: (2px solid #0000FF)]
          RenderText {#text} at (76,4) size 256x17
            text run at (76,4) width 256: "Center fixed width div inside normal div"
        RenderBlock {DIV} at (6,81) size 408x25 [border: (2px solid #0000FF)]
          RenderText {#text} at (156,4) size 248x17
            text run at (156,4) width 248: "Right fixed width div inside normal div"
        RenderBlock {CENTER} at (6,106) size 408x25 [border: (2px solid #0000FF)]
          RenderText {#text} at (72,4) size 264x17
            text run at (72,4) width 264: "Center tag (fixed width) inside normal div"
        RenderTable {TABLE} at (6,131) size 400x27 [border: (2px solid #0000FF)]
          RenderTableSection {TBODY} at (2,2) size 396x23
            RenderTableRow {TR} at (0,2) size 396x19
              RenderTableCell {TD} at (2,2) size 392x19 [r=0 c=0 rs=1 cs=1]
                RenderText {#text} at (1,1) size 86x17
                  text run at (1,1) width 86: "Normal table."
        RenderTable {TABLE} at (184,158) size 401x27 [border: (2px solid #0000FF)]
          RenderTableSection {TBODY} at (2,2) size 396x23
            RenderTableRow {TR} at (0,2) size 396x19
              RenderTableCell {TD} at (2,2) size 392x19 [r=0 c=0 rs=1 cs=1]
                RenderText {#text} at (1,1) size 130x17
                  text run at (1,1) width 130: "Center aligned table."
        RenderTable {TABLE} at (8,185) size 400x27 [border: (2px solid #0000FF)]
          RenderTableSection {TBODY} at (2,2) size 396x23
            RenderTableRow {TR} at (0,2) size 396x19
              RenderTableCell {TD} at (2,2) size 392x19 [r=0 c=0 rs=1 cs=1]
                RenderText {#text} at (1,1) size 180x17
                  text run at (1,1) width 180: "Center table (fixed margins)."
      RenderBlock {DIV} at (0,453) size 769x218 [border: (4px solid #008000)]
        RenderBlock {DIV} at (6,6) size 757x25 [border: (2px solid #0000FF)]
          RenderText {#text} at (4,4) size 201x17
            text run at (4,4) width 201: "Normal div inside align=left div"
        RenderBlock {DIV} at (6,31) size 757x25 [border: (2px solid #0000FF)]
          RenderText {#text} at (4,4) size 179x17
            text run at (4,4) width 179: "Left div inside align=left div"
        RenderBlock {DIV} at (6,56) size 757x25 [border: (2px solid #0000FF)]
          RenderText {#text} at (281,4) size 195x17
            text run at (281,4) width 195: "Center div inside align=left div"
        RenderBlock {DIV} at (6,81) size 757x25 [border: (2px solid #0000FF)]
          RenderText {#text} at (565,4) size 188x17
            text run at (565,4) width 188: "Right div inside align=left div"
        RenderBlock {CENTER} at (6,106) size 757x25 [border: (2px solid #0000FF)]
          RenderText {#text} at (281,4) size 195x17
            text run at (281,4) width 195: "Center tag inside align=left div"
        RenderTable {TABLE} at (6,131) size 96x27 [border: (2px solid #0000FF)]
          RenderTableSection {TBODY} at (2,2) size 92x23
            RenderTableRow {TR} at (0,2) size 92x19
              RenderTableCell {TD} at (2,2) size 88x19 [r=0 c=0 rs=1 cs=1]
                RenderText {#text} at (1,1) size 86x17
                  text run at (1,1) width 86: "Normal table."
        RenderTable {TABLE} at (314,158) size 141x27 [border: (2px solid #0000FF)]
          RenderTableSection {TBODY} at (2,2) size 136x23
            RenderTableRow {TR} at (0,2) size 136x19
              RenderTableCell {TD} at (2,2) size 132x19 [r=0 c=0 rs=1 cs=1]
                RenderText {#text} at (1,1) size 130x17
                  text run at (1,1) width 130: "Center aligned table."
        RenderTable {TABLE} at (8,185) size 190x27 [border: (2px solid #0000FF)]
          RenderTableSection {TBODY} at (2,2) size 186x23
            RenderTableRow {TR} at (0,2) size 186x19
              RenderTableCell {TD} at (2,2) size 182x19 [r=0 c=0 rs=1 cs=1]
                RenderText {#text} at (1,1) size 180x17
                  text run at (1,1) width 180: "Center table (fixed margins)."
      RenderBlock {DIV} at (0,671) size 769x218 [border: (4px solid #800080)]
        RenderBlock {DIV} at (6,6) size 408x25 [border: (2px solid #0000FF)]
          RenderText {#text} at (4,4) size 277x17
            text run at (4,4) width 277: "Normal fixed width div inside align=left div"
        RenderBlock {DIV} at (6,31) size 408x25 [border: (2px solid #0000FF)]
          RenderText {#text} at (4,4) size 255x17
            text run at (4,4) width 255: "Left fixed width div inside align=left div"
        RenderBlock {DIV} at (6,56) size 408x25 [border: (2px solid #0000FF)]
          RenderText {#text} at (68,4) size 272x17
            text run at (68,4) width 272: "Center fixed width div inside align=left div"
        RenderBlock {DIV} at (6,81) size 408x25 [border: (2px solid #0000FF)]
          RenderText {#text} at (140,4) size 264x17
            text run at (140,4) width 264: "Right fixed width div inside align=left div"
        RenderBlock {CENTER} at (6,106) size 408x25 [border: (2px solid #0000FF)]
          RenderText {#text} at (64,4) size 280x17
            text run at (64,4) width 280: "Center tag (fixed width) inside align=left div"
        RenderTable {TABLE} at (6,131) size 400x27 [border: (2px solid #0000FF)]
          RenderTableSection {TBODY} at (2,2) size 396x23
            RenderTableRow {TR} at (0,2) size 396x19
              RenderTableCell {TD} at (2,2) size 392x19 [r=0 c=0 rs=1 cs=1]
                RenderText {#text} at (1,1) size 86x17
                  text run at (1,1) width 86: "Normal table."
        RenderTable {TABLE} at (184,158) size 401x27 [border: (2px solid #0000FF)]
          RenderTableSection {TBODY} at (2,2) size 396x23
            RenderTableRow {TR} at (0,2) size 396x19
              RenderTableCell {TD} at (2,2) size 392x19 [r=0 c=0 rs=1 cs=1]
                RenderText {#text} at (1,1) size 130x17
                  text run at (1,1) width 130: "Center aligned table."
        RenderTable {TABLE} at (8,185) size 400x27 [border: (2px solid #0000FF)]
          RenderTableSection {TBODY} at (2,2) size 396x23
            RenderTableRow {TR} at (0,2) size 396x19
              RenderTableCell {TD} at (2,2) size 392x19 [r=0 c=0 rs=1 cs=1]
                RenderText {#text} at (1,1) size 180x17
                  text run at (1,1) width 180: "Center table (fixed margins)."
      RenderBlock {DIV} at (0,889) size 769x218 [border: (4px solid #008000)]
        RenderBlock {DIV} at (6,6) size 757x25 [border: (2px solid #0000FF)]
          RenderText {#text} at (267,4) size 223x17
            text run at (267,4) width 223: "Normal div inside align= center div"
        RenderBlock {DIV} at (6,31) size 757x25 [border: (2px solid #0000FF)]
          RenderText {#text} at (4,4) size 197x17
            text run at (4,4) width 197: "Left div inside align=center div"
        RenderBlock {DIV} at (6,56) size 757x25 [border: (2px solid #0000FF)]
          RenderText {#text} at (272,4) size 213x17
            text run at (272,4) width 213: "Center div inside align=center div"
        RenderBlock {DIV} at (6,81) size 757x25 [border: (2px solid #0000FF)]
          RenderText {#text} at (547,4) size 206x17
            text run at (547,4) width 206: "Right div inside align=center div"
        RenderBlock {CENTER} at (6,106) size 757x25 [border: (2px solid #0000FF)]
          RenderText {#text} at (272,4) size 213x17
            text run at (272,4) width 213: "Center tag inside align=center div"
        RenderTable {TABLE} at (336,131) size 97x27 [border: (2px solid #0000FF)]
          RenderTableSection {TBODY} at (2,2) size 92x23
            RenderTableRow {TR} at (0,2) size 92x19
              RenderTableCell {TD} at (2,2) size 88x19 [r=0 c=0 rs=1 cs=1]
                RenderText {#text} at (1,1) size 86x17
                  text run at (1,1) width 86: "Normal table."
        RenderTable {TABLE} at (314,158) size 141x27 [border: (2px solid #0000FF)]
          RenderTableSection {TBODY} at (2,2) size 136x23
            RenderTableRow {TR} at (0,2) size 136x19
              RenderTableCell {TD} at (2,2) size 132x19 [r=0 c=0 rs=1 cs=1]
                RenderText {#text} at (1,1) size 130x17
                  text run at (1,1) width 130: "Center aligned table."
        RenderTable {TABLE} at (289,185) size 191x27 [border: (2px solid #0000FF)]
          RenderTableSection {TBODY} at (2,2) size 186x23
            RenderTableRow {TR} at (0,2) size 186x19
              RenderTableCell {TD} at (2,2) size 182x19 [r=0 c=0 rs=1 cs=1]
                RenderText {#text} at (1,1) size 180x17
                  text run at (1,1) width 180: "Center table (fixed margins)."
      RenderBlock {DIV} at (0,1107) size 769x302 [border: (4px solid #800080)]
        RenderBlock {DIV} at (180,6) size 409x25 [border: (2px solid #0000FF)]
          RenderText {#text} at (56,4) size 296x17
            text run at (56,4) width 296: "Normal fixed width div inside align=center div"
        RenderBlock {DIV} at (355,31) size 408x42 [border: (2px solid #0000FF)]
          RenderText {#text} at (12,4) size 384x34
            text run at (12,4) width 384: "Normal fixed width div (auto left margin) inside align=center"
            text run at (194,21) width 20: "div"
        RenderBlock {DIV} at (6,73) size 408x42 [border: (2px solid #0000FF)]
          RenderText {#text} at (7,4) size 394x34
            text run at (7,4) width 394: "Normal fixed width div (auto right margin) inside align=center"
            text run at (194,21) width 20: "div"
        RenderBlock {DIV} at (180,115) size 409x25 [border: (2px solid #0000FF)]
          RenderText {#text} at (4,4) size 273x17
            text run at (4,4) width 273: "Left fixed width div inside align=center div"
        RenderBlock {DIV} at (180,140) size 409x25 [border: (2px solid #0000FF)]
          RenderText {#text} at (59,4) size 290x17
            text run at (59,4) width 290: "Center fixed width div inside align=center div"
        RenderBlock {DIV} at (180,165) size 409x25 [border: (2px solid #0000FF)]
          RenderText {#text} at (122,4) size 282x17
            text run at (122,4) width 282: "Right fixed width div inside align=center div"
        RenderBlock {CENTER} at (180,190) size 409x25 [border: (2px solid #0000FF)]
          RenderText {#text} at (55,4) size 298x17
            text run at (55,4) width 298: "Center tag (fixed width) inside align=center div"
        RenderTable {TABLE} at (184,215) size 401x27 [border: (2px solid #0000FF)]
          RenderTableSection {TBODY} at (2,2) size 396x23
            RenderTableRow {TR} at (0,2) size 396x19
              RenderTableCell {TD} at (2,2) size 392x19 [r=0 c=0 rs=1 cs=1]
                RenderText {#text} at (1,1) size 86x17
                  text run at (1,1) width 86: "Normal table."
        RenderTable {TABLE} at (184,242) size 401x27 [border: (2px solid #0000FF)]
          RenderTableSection {TBODY} at (2,2) size 396x23
            RenderTableRow {TR} at (0,2) size 396x19
              RenderTableCell {TD} at (2,2) size 392x19 [r=0 c=0 rs=1 cs=1]
                RenderText {#text} at (1,1) size 130x17
                  text run at (1,1) width 130: "Center aligned table."
        RenderTable {TABLE} at (184,269) size 401x27 [border: (2px solid #0000FF)]
          RenderTableSection {TBODY} at (2,2) size 396x23
            RenderTableRow {TR} at (0,2) size 396x19
              RenderTableCell {TD} at (2,2) size 392x19 [r=0 c=0 rs=1 cs=1]
                RenderText {#text} at (1,1) size 180x17
                  text run at (1,1) width 180: "Center table (fixed margins)."
      RenderBlock {DIV} at (0,1409) size 769x218 [border: (4px solid #008000)]
        RenderBlock {DIV} at (6,6) size 757x25 [border: (2px solid #0000FF)]
          RenderText {#text} at (543,4) size 210x17
            text run at (543,4) width 210: "Normal div inside align=right div"
        RenderBlock {DIV} at (6,31) size 757x25 [border: (2px solid #0000FF)]
          RenderText {#text} at (4,4) size 188x17
            text run at (4,4) width 188: "Left div inside align=right div"
        RenderBlock {DIV} at (6,56) size 757x25 [border: (2px solid #0000FF)]
          RenderText {#text} at (276,4) size 205x17
            text run at (276,4) width 205: "Center div inside align=right div"
        RenderBlock {DIV} at (6,81) size 757x25 [border: (2px solid #0000FF)]
          RenderText {#text} at (556,4) size 197x17
            text run at (556,4) width 197: "Right div inside align=right div"
        RenderBlock {CENTER} at (6,106) size 757x25 [border: (2px solid #0000FF)]
          RenderText {#text} at (277,4) size 203x17
            text run at (277,4) width 203: "Center tag inside align=right div"
        RenderTable {TABLE} at (667,131) size 96x27 [border: (2px solid #0000FF)]
          RenderTableSection {TBODY} at (2,2) size 92x23
            RenderTableRow {TR} at (0,2) size 92x19
              RenderTableCell {TD} at (2,2) size 88x19 [r=0 c=0 rs=1 cs=1]
                RenderText {#text} at (1,1) size 86x17
                  text run at (1,1) width 86: "Normal table."
        RenderTable {TABLE} at (314,158) size 141x27 [border: (2px solid #0000FF)]
          RenderTableSection {TBODY} at (2,2) size 136x23
            RenderTableRow {TR} at (0,2) size 136x19
              RenderTableCell {TD} at (2,2) size 132x19 [r=0 c=0 rs=1 cs=1]
                RenderText {#text} at (1,1) size 130x17
                  text run at (1,1) width 130: "Center aligned table."
        RenderTable {TABLE} at (571,185) size 190x27 [border: (2px solid #0000FF)]
          RenderTableSection {TBODY} at (2,2) size 186x23
            RenderTableRow {TR} at (0,2) size 186x19
              RenderTableCell {TD} at (2,2) size 182x19 [r=0 c=0 rs=1 cs=1]
                RenderText {#text} at (1,1) size 180x17
                  text run at (1,1) width 180: "Center table (fixed margins)."
      RenderBlock {DIV} at (0,1627) size 769x218 [border: (4px solid #800080)]
        RenderBlock {DIV} at (355,6) size 408x25 [border: (2px solid #0000FF)]
          RenderText {#text} at (118,4) size 286x17
            text run at (118,4) width 286: "Normal fixed width div inside align=right div"
        RenderBlock {DIV} at (355,31) size 408x25 [border: (2px solid #0000FF)]
          RenderText {#text} at (4,4) size 264x17
            text run at (4,4) width 264: "Left fixed width div inside align=right div"
        RenderBlock {DIV} at (355,56) size 408x25 [border: (2px solid #0000FF)]
          RenderText {#text} at (64,4) size 280x17
            text run at (64,4) width 280: "Center fixed width div inside align=right div"
        RenderBlock {DIV} at (355,81) size 408x25 [border: (2px solid #0000FF)]
          RenderText {#text} at (131,4) size 273x17
            text run at (131,4) width 273: "Right fixed width div inside align=right div"
        RenderBlock {CENTER} at (355,106) size 408x25 [border: (2px solid #0000FF)]
          RenderText {#text} at (59,4) size 290x17
            text run at (59,4) width 290: "Center tag (fixed width) inside align=right div"
        RenderTable {TABLE} at (363,131) size 400x27 [border: (2px solid #0000FF)]
          RenderTableSection {TBODY} at (2,2) size 396x23
            RenderTableRow {TR} at (0,2) size 396x19
              RenderTableCell {TD} at (2,2) size 392x19 [r=0 c=0 rs=1 cs=1]
                RenderText {#text} at (1,1) size 86x17
                  text run at (1,1) width 86: "Normal table."
        RenderTable {TABLE} at (184,158) size 401x27 [border: (2px solid #0000FF)]
          RenderTableSection {TBODY} at (2,2) size 396x23
            RenderTableRow {TR} at (0,2) size 396x19
              RenderTableCell {TD} at (2,2) size 392x19 [r=0 c=0 rs=1 cs=1]
                RenderText {#text} at (1,1) size 130x17
                  text run at (1,1) width 130: "Center aligned table."
        RenderTable {TABLE} at (361,185) size 400x27 [border: (2px solid #0000FF)]
          RenderTableSection {TBODY} at (2,2) size 396x23
            RenderTableRow {TR} at (0,2) size 396x19
              RenderTableCell {TD} at (2,2) size 392x19 [r=0 c=0 rs=1 cs=1]
                RenderText {#text} at (1,1) size 180x17
                  text run at (1,1) width 180: "Center table (fixed margins)."
      RenderBlock {P} at (0,1861) size 769x17
        RenderText {#text} at (0,0) size 371x17
          text run at (0,0) width 371: "This is a test using TABLE cells (all in the LTR direction)."
      RenderTable {TABLE} at (0,1894) size 769x224 [border: (2px solid #0000FF)]
        RenderTableSection {TBODY} at (2,2) size 765x220
          RenderTableRow {TR} at (0,2) size 765x216
            RenderTableCell {TD} at (2,2) size 761x216 [border: (4px solid #008000)] [r=0 c=0 rs=1 cs=1]
              RenderBlock {DIV} at (5,5) size 751x25 [border: (2px solid #0000FF)]
                RenderText {#text} at (4,4) size 177x17
                  text run at (4,4) width 177: "Normal div inside normal td"
              RenderBlock {DIV} at (5,30) size 751x25 [border: (2px solid #0000FF)]
                RenderText {#text} at (4,4) size 155x17
                  text run at (4,4) width 155: "Left div inside normal td"
              RenderBlock {DIV} at (5,55) size 751x25 [border: (2px solid #0000FF)]
                RenderText {#text} at (290,4) size 171x17
                  text run at (290,4) width 171: "Center div inside normal td"
              RenderBlock {DIV} at (5,80) size 751x25 [border: (2px solid #0000FF)]
                RenderText {#text} at (583,4) size 164x17
                  text run at (583,4) width 164: "Right div inside normal td"
              RenderBlock {CENTER} at (5,105) size 751x25 [border: (2px solid #0000FF)]
                RenderText {#text} at (290,4) size 171x17
                  text run at (290,4) width 171: "Center tag inside normal td"
              RenderTable {TABLE} at (5,130) size 96x27 [border: (2px solid #0000FF)]
                RenderTableSection {TBODY} at (2,2) size 92x23
                  RenderTableRow {TR} at (0,2) size 92x19
                    RenderTableCell {TD} at (2,2) size 88x19 [r=0 c=0 rs=1 cs=1]
                      RenderText {#text} at (1,1) size 86x17
                        text run at (1,1) width 86: "Normal table."
              RenderTable {TABLE} at (310,157) size 141x27 [border: (2px solid #0000FF)]
                RenderTableSection {TBODY} at (2,2) size 136x23
                  RenderTableRow {TR} at (0,2) size 136x19
                    RenderTableCell {TD} at (2,2) size 132x19 [r=0 c=0 rs=1 cs=1]
                      RenderText {#text} at (1,1) size 130x17
                        text run at (1,1) width 130: "Center aligned table."
              RenderTable {TABLE} at (7,184) size 190x27 [border: (2px solid #0000FF)]
                RenderTableSection {TBODY} at (2,2) size 186x23
                  RenderTableRow {TR} at (0,2) size 186x19
                    RenderTableCell {TD} at (2,2) size 182x19 [r=0 c=0 rs=1 cs=1]
                      RenderText {#text} at (1,1) size 180x17
                        text run at (1,1) width 180: "Center table (fixed margins)."
      RenderTable {TABLE} at (0,2118) size 769x224 [border: (2px solid #0000FF)]
        RenderTableSection {TBODY} at (2,2) size 765x220
          RenderTableRow {TR} at (0,2) size 765x216
            RenderTableCell {TD} at (2,2) size 761x216 [border: (4px solid #800080)] [r=0 c=0 rs=1 cs=1]
              RenderBlock {DIV} at (5,5) size 408x25 [border: (2px solid #0000FF)]
                RenderText {#text} at (4,4) size 253x17
                  text run at (4,4) width 253: "Normal fixed width div inside normal td"
              RenderBlock {DIV} at (5,30) size 408x25 [border: (2px solid #0000FF)]
                RenderText {#text} at (4,4) size 231x17
                  text run at (4,4) width 231: "Left fixed width div inside normal td"
              RenderBlock {DIV} at (5,55) size 408x25 [border: (2px solid #0000FF)]
                RenderText {#text} at (80,4) size 248x17
                  text run at (80,4) width 248: "Center fixed width div inside normal td"
              RenderBlock {DIV} at (5,80) size 408x25 [border: (2px solid #0000FF)]
                RenderText {#text} at (164,4) size 240x17
                  text run at (164,4) width 240: "Right fixed width div inside normal td"
              RenderBlock {CENTER} at (5,105) size 408x25 [border: (2px solid #0000FF)]
                RenderText {#text} at (76,4) size 256x17
                  text run at (76,4) width 256: "Center tag (fixed width) inside normal td"
              RenderTable {TABLE} at (5,130) size 400x27 [border: (2px solid #0000FF)]
                RenderTableSection {TBODY} at (2,2) size 396x23
                  RenderTableRow {TR} at (0,2) size 396x19
                    RenderTableCell {TD} at (2,2) size 392x19 [r=0 c=0 rs=1 cs=1]
                      RenderText {#text} at (1,1) size 86x17
                        text run at (1,1) width 86: "Normal table."
              RenderTable {TABLE} at (180,157) size 401x27 [border: (2px solid #0000FF)]
                RenderTableSection {TBODY} at (2,2) size 396x23
                  RenderTableRow {TR} at (0,2) size 396x19
                    RenderTableCell {TD} at (2,2) size 392x19 [r=0 c=0 rs=1 cs=1]
                      RenderText {#text} at (1,1) size 130x17
                        text run at (1,1) width 130: "Center aligned table."
              RenderTable {TABLE} at (7,184) size 400x27 [border: (2px solid #0000FF)]
                RenderTableSection {TBODY} at (2,2) size 396x23
                  RenderTableRow {TR} at (0,2) size 396x19
                    RenderTableCell {TD} at (2,2) size 392x19 [r=0 c=0 rs=1 cs=1]
                      RenderText {#text} at (1,1) size 180x17
                        text run at (1,1) width 180: "Center table (fixed margins)."
      RenderTable {TABLE} at (0,2342) size 769x224 [border: (2px solid #0000FF)]
        RenderTableSection {TBODY} at (2,2) size 765x220
          RenderTableRow {TR} at (0,2) size 765x216
            RenderTableCell {TD} at (2,2) size 761x216 [border: (4px solid #008000)] [r=0 c=0 rs=1 cs=1]
              RenderBlock {DIV} at (5,5) size 751x25 [border: (2px solid #0000FF)]
                RenderText {#text} at (4,4) size 193x17
                  text run at (4,4) width 193: "Normal div inside align=left td"
              RenderBlock {DIV} at (5,30) size 751x25 [border: (2px solid #0000FF)]
                RenderText {#text} at (4,4) size 171x17
                  text run at (4,4) width 171: "Left div inside align=left td"
              RenderBlock {DIV} at (5,55) size 751x25 [border: (2px solid #0000FF)]
                RenderText {#text} at (282,4) size 187x17
                  text run at (282,4) width 187: "Center div inside align=left td"
              RenderBlock {DIV} at (5,80) size 751x25 [border: (2px solid #0000FF)]
                RenderText {#text} at (567,4) size 180x17
                  text run at (567,4) width 180: "Right div inside align=left td"
              RenderBlock {CENTER} at (5,105) size 751x25 [border: (2px solid #0000FF)]
                RenderText {#text} at (282,4) size 187x17
                  text run at (282,4) width 187: "Center tag inside align=left td"
              RenderTable {TABLE} at (5,130) size 96x27 [border: (2px solid #0000FF)]
                RenderTableSection {TBODY} at (2,2) size 92x23
                  RenderTableRow {TR} at (0,2) size 92x19
                    RenderTableCell {TD} at (2,2) size 88x19 [r=0 c=0 rs=1 cs=1]
                      RenderText {#text} at (1,1) size 86x17
                        text run at (1,1) width 86: "Normal table."
              RenderTable {TABLE} at (310,157) size 141x27 [border: (2px solid #0000FF)]
                RenderTableSection {TBODY} at (2,2) size 136x23
                  RenderTableRow {TR} at (0,2) size 136x19
                    RenderTableCell {TD} at (2,2) size 132x19 [r=0 c=0 rs=1 cs=1]
                      RenderText {#text} at (1,1) size 130x17
                        text run at (1,1) width 130: "Center aligned table."
              RenderTable {TABLE} at (7,184) size 190x27 [border: (2px solid #0000FF)]
                RenderTableSection {TBODY} at (2,2) size 186x23
                  RenderTableRow {TR} at (0,2) size 186x19
                    RenderTableCell {TD} at (2,2) size 182x19 [r=0 c=0 rs=1 cs=1]
                      RenderText {#text} at (1,1) size 180x17
                        text run at (1,1) width 180: "Center table (fixed margins)."
      RenderTable {TABLE} at (0,2566) size 769x224 [border: (2px solid #0000FF)]
        RenderTableSection {TBODY} at (2,2) size 765x220
          RenderTableRow {TR} at (0,2) size 765x216
            RenderTableCell {TD} at (2,2) size 761x216 [border: (4px solid #800080)] [r=0 c=0 rs=1 cs=1]
              RenderBlock {DIV} at (5,5) size 408x25 [border: (2px solid #0000FF)]
                RenderText {#text} at (4,4) size 269x17
                  text run at (4,4) width 269: "Normal fixed width div inside align=left td"
              RenderBlock {DIV} at (5,30) size 408x25 [border: (2px solid #0000FF)]
                RenderText {#text} at (4,4) size 247x17
                  text run at (4,4) width 247: "Left fixed width div inside align=left td"
              RenderBlock {DIV} at (5,55) size 408x25 [border: (2px solid #0000FF)]
                RenderText {#text} at (72,4) size 264x17
                  text run at (72,4) width 264: "Center fixed width div inside align=left td"
              RenderBlock {DIV} at (5,80) size 408x25 [border: (2px solid #0000FF)]
                RenderText {#text} at (148,4) size 256x17
                  text run at (148,4) width 256: "Right fixed width div inside align=left td"
              RenderBlock {CENTER} at (5,105) size 408x25 [border: (2px solid #0000FF)]
                RenderText {#text} at (68,4) size 272x17
                  text run at (68,4) width 272: "Center tag (fixed width) inside align=left td"
              RenderTable {TABLE} at (5,130) size 400x27 [border: (2px solid #0000FF)]
                RenderTableSection {TBODY} at (2,2) size 396x23
                  RenderTableRow {TR} at (0,2) size 396x19
                    RenderTableCell {TD} at (2,2) size 392x19 [r=0 c=0 rs=1 cs=1]
                      RenderText {#text} at (1,1) size 86x17
                        text run at (1,1) width 86: "Normal table."
              RenderTable {TABLE} at (180,157) size 401x27 [border: (2px solid #0000FF)]
                RenderTableSection {TBODY} at (2,2) size 396x23
                  RenderTableRow {TR} at (0,2) size 396x19
                    RenderTableCell {TD} at (2,2) size 392x19 [r=0 c=0 rs=1 cs=1]
                      RenderText {#text} at (1,1) size 130x17
                        text run at (1,1) width 130: "Center aligned table."
              RenderTable {TABLE} at (7,184) size 400x27 [border: (2px solid #0000FF)]
                RenderTableSection {TBODY} at (2,2) size 396x23
                  RenderTableRow {TR} at (0,2) size 396x19
                    RenderTableCell {TD} at (2,2) size 392x19 [r=0 c=0 rs=1 cs=1]
                      RenderText {#text} at (1,1) size 180x17
                        text run at (1,1) width 180: "Center table (fixed margins)."
      RenderTable {TABLE} at (0,2790) size 769x224 [border: (2px solid #0000FF)]
        RenderTableSection {TBODY} at (2,2) size 765x220
          RenderTableRow {TR} at (0,2) size 765x216
            RenderTableCell {TD} at (2,2) size 761x216 [border: (4px solid #008000)] [r=0 c=0 rs=1 cs=1]
              RenderBlock {DIV} at (5,5) size 751x25 [border: (2px solid #0000FF)]
                RenderText {#text} at (268,4) size 215x17
                  text run at (268,4) width 215: "Normal div inside align= center td"
              RenderBlock {DIV} at (5,30) size 751x25 [border: (2px solid #0000FF)]
                RenderText {#text} at (4,4) size 189x17
                  text run at (4,4) width 189: "Left div inside align=center td"
              RenderBlock {DIV} at (5,55) size 751x25 [border: (2px solid #0000FF)]
                RenderText {#text} at (273,4) size 205x17
                  text run at (273,4) width 205: "Center div inside align=center td"
              RenderBlock {DIV} at (5,80) size 751x25 [border: (2px solid #0000FF)]
                RenderText {#text} at (549,4) size 198x17
                  text run at (549,4) width 198: "Right div inside align=center td"
              RenderBlock {CENTER} at (5,105) size 751x25 [border: (2px solid #0000FF)]
                RenderText {#text} at (273,4) size 205x17
                  text run at (273,4) width 205: "Center tag inside align=center td"
              RenderTable {TABLE} at (332,130) size 97x27 [border: (2px solid #0000FF)]
                RenderTableSection {TBODY} at (2,2) size 92x23
                  RenderTableRow {TR} at (0,2) size 92x19
                    RenderTableCell {TD} at (2,2) size 88x19 [r=0 c=0 rs=1 cs=1]
                      RenderText {#text} at (1,1) size 86x17
                        text run at (1,1) width 86: "Normal table."
              RenderTable {TABLE} at (310,157) size 141x27 [border: (2px solid #0000FF)]
                RenderTableSection {TBODY} at (2,2) size 136x23
                  RenderTableRow {TR} at (0,2) size 136x19
                    RenderTableCell {TD} at (2,2) size 132x19 [r=0 c=0 rs=1 cs=1]
                      RenderText {#text} at (1,1) size 130x17
                        text run at (1,1) width 130: "Center aligned table."
              RenderTable {TABLE} at (285,184) size 191x27 [border: (2px solid #0000FF)]
                RenderTableSection {TBODY} at (2,2) size 186x23
                  RenderTableRow {TR} at (0,2) size 186x19
                    RenderTableCell {TD} at (2,2) size 182x19 [r=0 c=0 rs=1 cs=1]
                      RenderText {#text} at (1,1) size 180x17
                        text run at (1,1) width 180: "Center table (fixed margins)."
      RenderTable {TABLE} at (0,3014) size 769x224 [border: (2px solid #0000FF)]
        RenderTableSection {TBODY} at (2,2) size 765x220
          RenderTableRow {TR} at (0,2) size 765x216
            RenderTableCell {TD} at (2,2) size 761x216 [border: (4px solid #800080)] [r=0 c=0 rs=1 cs=1]
              RenderBlock {DIV} at (176,5) size 409x25 [border: (2px solid #0000FF)]
                RenderText {#text} at (60,4) size 288x17
                  text run at (60,4) width 288: "Normal fixed width div inside align=center td"
              RenderBlock {DIV} at (176,30) size 409x25 [border: (2px solid #0000FF)]
                RenderText {#text} at (4,4) size 265x17
                  text run at (4,4) width 265: "Left fixed width div inside align=center td"
              RenderBlock {DIV} at (176,55) size 409x25 [border: (2px solid #0000FF)]
                RenderText {#text} at (63,4) size 282x17
                  text run at (63,4) width 282: "Center fixed width div inside align=center td"
              RenderBlock {DIV} at (176,80) size 409x25 [border: (2px solid #0000FF)]
                RenderText {#text} at (130,4) size 274x17
                  text run at (130,4) width 274: "Right fixed width div inside align=center td"
              RenderBlock {CENTER} at (176,105) size 409x25 [border: (2px solid #0000FF)]
                RenderText {#text} at (59,4) size 290x17
                  text run at (59,4) width 290: "Center tag (fixed width) inside align=center td"
              RenderTable {TABLE} at (180,130) size 401x27 [border: (2px solid #0000FF)]
                RenderTableSection {TBODY} at (2,2) size 396x23
                  RenderTableRow {TR} at (0,2) size 396x19
                    RenderTableCell {TD} at (2,2) size 392x19 [r=0 c=0 rs=1 cs=1]
                      RenderText {#text} at (1,1) size 86x17
                        text run at (1,1) width 86: "Normal table."
              RenderTable {TABLE} at (180,157) size 401x27 [border: (2px solid #0000FF)]
                RenderTableSection {TBODY} at (2,2) size 396x23
                  RenderTableRow {TR} at (0,2) size 396x19
                    RenderTableCell {TD} at (2,2) size 392x19 [r=0 c=0 rs=1 cs=1]
                      RenderText {#text} at (1,1) size 130x17
                        text run at (1,1) width 130: "Center aligned table."
              RenderTable {TABLE} at (180,184) size 401x27 [border: (2px solid #0000FF)]
                RenderTableSection {TBODY} at (2,2) size 396x23
                  RenderTableRow {TR} at (0,2) size 396x19
                    RenderTableCell {TD} at (2,2) size 392x19 [r=0 c=0 rs=1 cs=1]
                      RenderText {#text} at (1,1) size 180x17
                        text run at (1,1) width 180: "Center table (fixed margins)."
      RenderTable {TABLE} at (0,3238) size 769x224 [border: (2px solid #0000FF)]
        RenderTableSection {TBODY} at (2,2) size 765x220
          RenderTableRow {TR} at (0,2) size 765x216
            RenderTableCell {TD} at (2,2) size 761x216 [border: (4px solid #008000)] [r=0 c=0 rs=1 cs=1]
              RenderBlock {DIV} at (5,5) size 751x25 [border: (2px solid #0000FF)]
                RenderText {#text} at (545,4) size 202x17
                  text run at (545,4) width 202: "Normal div inside align=right td"
              RenderBlock {DIV} at (5,30) size 751x25 [border: (2px solid #0000FF)]
                RenderText {#text} at (4,4) size 180x17
                  text run at (4,4) width 180: "Left div inside align=right td"
              RenderBlock {DIV} at (5,55) size 751x25 [border: (2px solid #0000FF)]
                RenderText {#text} at (277,4) size 197x17
                  text run at (277,4) width 197: "Center div inside align=right td"
              RenderBlock {DIV} at (5,80) size 751x25 [border: (2px solid #0000FF)]
                RenderText {#text} at (558,4) size 189x17
                  text run at (558,4) width 189: "Right div inside align=right td"
              RenderBlock {CENTER} at (5,105) size 751x25 [border: (2px solid #0000FF)]
                RenderText {#text} at (278,4) size 195x17
                  text run at (278,4) width 195: "Center tag inside align=right td"
              RenderTable {TABLE} at (660,130) size 96x27 [border: (2px solid #0000FF)]
                RenderTableSection {TBODY} at (2,2) size 92x23
                  RenderTableRow {TR} at (0,2) size 92x19
                    RenderTableCell {TD} at (2,2) size 88x19 [r=0 c=0 rs=1 cs=1]
                      RenderText {#text} at (1,1) size 86x17
                        text run at (1,1) width 86: "Normal table."
              RenderTable {TABLE} at (310,157) size 141x27 [border: (2px solid #0000FF)]
                RenderTableSection {TBODY} at (2,2) size 136x23
                  RenderTableRow {TR} at (0,2) size 136x19
                    RenderTableCell {TD} at (2,2) size 132x19 [r=0 c=0 rs=1 cs=1]
                      RenderText {#text} at (1,1) size 130x17
                        text run at (1,1) width 130: "Center aligned table."
              RenderTable {TABLE} at (564,184) size 190x27 [border: (2px solid #0000FF)]
                RenderTableSection {TBODY} at (2,2) size 186x23
                  RenderTableRow {TR} at (0,2) size 186x19
                    RenderTableCell {TD} at (2,2) size 182x19 [r=0 c=0 rs=1 cs=1]
                      RenderText {#text} at (1,1) size 180x17
                        text run at (1,1) width 180: "Center table (fixed margins)."
      RenderTable {TABLE} at (0,3462) size 769x224 [border: (2px solid #0000FF)]
        RenderTableSection {TBODY} at (2,2) size 765x220
          RenderTableRow {TR} at (0,2) size 765x216
            RenderTableCell {TD} at (2,2) size 761x216 [border: (4px solid #800080)] [r=0 c=0 rs=1 cs=1]
              RenderBlock {DIV} at (348,5) size 408x25 [border: (2px solid #0000FF)]
                RenderText {#text} at (126,4) size 278x17
                  text run at (126,4) width 278: "Normal fixed width div inside align=right td"
              RenderBlock {DIV} at (348,30) size 408x25 [border: (2px solid #0000FF)]
                RenderText {#text} at (4,4) size 256x17
                  text run at (4,4) width 256: "Left fixed width div inside align=right td"
              RenderBlock {DIV} at (348,55) size 408x25 [border: (2px solid #0000FF)]
                RenderText {#text} at (68,4) size 272x17
                  text run at (68,4) width 272: "Center fixed width div inside align=right td"
              RenderBlock {DIV} at (348,80) size 408x25 [border: (2px solid #0000FF)]
                RenderText {#text} at (139,4) size 265x17
                  text run at (139,4) width 265: "Right fixed width div inside align=right td"
              RenderBlock {CENTER} at (348,105) size 408x25 [border: (2px solid #0000FF)]
                RenderText {#text} at (63,4) size 282x17
                  text run at (63,4) width 282: "Center tag (fixed width) inside align=right td"
              RenderTable {TABLE} at (356,130) size 400x27 [border: (2px solid #0000FF)]
                RenderTableSection {TBODY} at (2,2) size 396x23
                  RenderTableRow {TR} at (0,2) size 396x19
                    RenderTableCell {TD} at (2,2) size 392x19 [r=0 c=0 rs=1 cs=1]
                      RenderText {#text} at (1,1) size 86x17
                        text run at (1,1) width 86: "Normal table."
              RenderTable {TABLE} at (180,157) size 401x27 [border: (2px solid #0000FF)]
                RenderTableSection {TBODY} at (2,2) size 396x23
                  RenderTableRow {TR} at (0,2) size 396x19
                    RenderTableCell {TD} at (2,2) size 392x19 [r=0 c=0 rs=1 cs=1]
                      RenderText {#text} at (1,1) size 130x17
                        text run at (1,1) width 130: "Center aligned table."
              RenderTable {TABLE} at (354,184) size 400x27 [border: (2px solid #0000FF)]
                RenderTableSection {TBODY} at (2,2) size 396x23
                  RenderTableRow {TR} at (0,2) size 396x19
                    RenderTableCell {TD} at (2,2) size 392x19 [r=0 c=0 rs=1 cs=1]
                      RenderText {#text} at (1,1) size 180x17
                        text run at (1,1) width 180: "Center table (fixed margins)."
      RenderBlock {DIV} at (0,3702) size 769x3606
        RenderBlock (anonymous) at (2,2) size 765x17
          RenderText {#text} at (320,0) size 445x17
            text run at (320,0) width 4 RTL: "."
            text run at (324,0) width 441: "This is a test of all the various HTML alignments using RTL direction"
        RenderBlock {DIV} at (2,19) size 765x218 [border: (4px solid #008000)]
          RenderBlock {DIV} at (6,6) size 753x25 [border: (2px solid #0000FF)]
            RenderText {#text} at (564,4) size 185x17
              text run at (564,4) width 185: "Normal div inside normal div"
          RenderBlock {DIV} at (6,31) size 753x25 [border: (2px solid #0000FF)]
            RenderText {#text} at (4,4) size 163x17
              text run at (4,4) width 163: "Left div inside normal div"
          RenderBlock {DIV} at (6,56) size 753x25 [border: (2px solid #0000FF)]
            RenderText {#text} at (287,4) size 179x17
              text run at (287,4) width 179: "Center div inside normal div"
          RenderBlock {DIV} at (6,81) size 753x25 [border: (2px solid #0000FF)]
            RenderText {#text} at (577,4) size 172x17
              text run at (577,4) width 172: "Right div inside normal div"
          RenderBlock {CENTER} at (6,106) size 753x25 [border: (2px solid #0000FF)]
            RenderText {#text} at (287,4) size 179x17
              text run at (287,4) width 179: "Center tag inside normal div"
          RenderTable {TABLE} at (663,131) size 96x27 [border: (2px solid #0000FF)]
            RenderTableSection {TBODY} at (2,2) size 92x23
              RenderTableRow {TR} at (0,2) size 92x19
                RenderTableCell {TD} at (2,2) size 88x19 [r=0 c=0 rs=1 cs=1]
                  RenderText {#text} at (1,1) size 86x17
                    text run at (1,1) width 4 RTL: "."
                    text run at (5,1) width 82: "Normal table"
          RenderTable {TABLE} at (312,158) size 141x27 [border: (2px solid #0000FF)]
            RenderTableSection {TBODY} at (2,2) size 136x23
              RenderTableRow {TR} at (0,2) size 136x19
                RenderTableCell {TD} at (2,2) size 132x19 [r=0 c=0 rs=1 cs=1]
                  RenderText {#text} at (1,1) size 130x17
                    text run at (1,1) width 4 RTL: "."
                    text run at (5,1) width 126: "Center aligned table"
          RenderTable {TABLE} at (567,185) size 190x27 [border: (2px solid #0000FF)]
            RenderTableSection {TBODY} at (2,2) size 186x23
              RenderTableRow {TR} at (0,2) size 186x19
                RenderTableCell {TD} at (2,2) size 182x19 [r=0 c=0 rs=1 cs=1]
                  RenderText {#text} at (1,1) size 180x17
                    text run at (1,1) width 9 RTL: ")."
                    text run at (10,1) width 171: "Center table (fixed margins"
        RenderBlock {DIV} at (2,237) size 765x218 [border: (4px solid #800080)]
          RenderBlock {DIV} at (351,6) size 408x25 [border: (2px solid #0000FF)]
            RenderText {#text} at (143,4) size 261x17
              text run at (143,4) width 261: "Normal fixed width div inside normal div"
          RenderBlock {DIV} at (351,31) size 408x25 [border: (2px solid #0000FF)]
            RenderText {#text} at (4,4) size 239x17
              text run at (4,4) width 239: "Left fixed width div inside normal div"
          RenderBlock {DIV} at (351,56) size 408x25 [border: (2px solid #0000FF)]
            RenderText {#text} at (76,4) size 256x17
              text run at (76,4) width 256: "Center fixed width div inside normal div"
          RenderBlock {DIV} at (351,81) size 408x25 [border: (2px solid #0000FF)]
            RenderText {#text} at (156,4) size 248x17
              text run at (156,4) width 248: "Right fixed width div inside normal div"
          RenderBlock {CENTER} at (351,106) size 408x25 [border: (2px solid #0000FF)]
            RenderText {#text} at (72,4) size 264x17
              text run at (72,4) width 264: "Center tag (fixed width) inside normal div"
          RenderTable {TABLE} at (359,131) size 400x27 [border: (2px solid #0000FF)]
            RenderTableSection {TBODY} at (2,2) size 396x23
              RenderTableRow {TR} at (0,2) size 396x19
                RenderTableCell {TD} at (2,2) size 392x19 [r=0 c=0 rs=1 cs=1]
                  RenderText {#text} at (305,1) size 86x17
                    text run at (305,1) width 4 RTL: "."
                    text run at (309,1) width 82: "Normal table"
          RenderTable {TABLE} at (182,158) size 401x27 [border: (2px solid #0000FF)]
            RenderTableSection {TBODY} at (2,2) size 396x23
              RenderTableRow {TR} at (0,2) size 396x19
                RenderTableCell {TD} at (2,2) size 392x19 [r=0 c=0 rs=1 cs=1]
                  RenderText {#text} at (261,1) size 130x17
                    text run at (261,1) width 4 RTL: "."
                    text run at (265,1) width 126: "Center aligned table"
          RenderTable {TABLE} at (357,185) size 400x27 [border: (2px solid #0000FF)]
            RenderTableSection {TBODY} at (2,2) size 396x23
              RenderTableRow {TR} at (0,2) size 396x19
                RenderTableCell {TD} at (2,2) size 392x19 [r=0 c=0 rs=1 cs=1]
                  RenderText {#text} at (211,1) size 180x17
                    text run at (211,1) width 9 RTL: ")."
                    text run at (220,1) width 171: "Center table (fixed margins"
        RenderBlock {DIV} at (2,455) size 765x218 [border: (4px solid #008000)]
          RenderBlock {DIV} at (6,6) size 753x25 [border: (2px solid #0000FF)]
            RenderText {#text} at (4,4) size 201x17
              text run at (4,4) width 201: "Normal div inside align=left div"
          RenderBlock {DIV} at (6,31) size 753x25 [border: (2px solid #0000FF)]
            RenderText {#text} at (4,4) size 179x17
              text run at (4,4) width 179: "Left div inside align=left div"
          RenderBlock {DIV} at (6,56) size 753x25 [border: (2px solid #0000FF)]
            RenderText {#text} at (279,4) size 195x17
              text run at (279,4) width 195: "Center div inside align=left div"
          RenderBlock {DIV} at (6,81) size 753x25 [border: (2px solid #0000FF)]
            RenderText {#text} at (561,4) size 188x17
              text run at (561,4) width 188: "Right div inside align=left div"
          RenderBlock {CENTER} at (6,106) size 753x25 [border: (2px solid #0000FF)]
            RenderText {#text} at (279,4) size 195x17
              text run at (279,4) width 195: "Center tag inside align=left div"
          RenderTable {TABLE} at (6,131) size 96x27 [border: (2px solid #0000FF)]
            RenderTableSection {TBODY} at (2,2) size 92x23
              RenderTableRow {TR} at (0,2) size 92x19
                RenderTableCell {TD} at (2,2) size 88x19 [r=0 c=0 rs=1 cs=1]
                  RenderText {#text} at (1,1) size 86x17
                    text run at (1,1) width 4 RTL: "."
                    text run at (5,1) width 82: "Normal table"
          RenderTable {TABLE} at (312,158) size 141x27 [border: (2px solid #0000FF)]
            RenderTableSection {TBODY} at (2,2) size 136x23
              RenderTableRow {TR} at (0,2) size 136x19
                RenderTableCell {TD} at (2,2) size 132x19 [r=0 c=0 rs=1 cs=1]
                  RenderText {#text} at (1,1) size 130x17
                    text run at (1,1) width 4 RTL: "."
                    text run at (5,1) width 126: "Center aligned table"
          RenderTable {TABLE} at (8,185) size 190x27 [border: (2px solid #0000FF)]
            RenderTableSection {TBODY} at (2,2) size 186x23
              RenderTableRow {TR} at (0,2) size 186x19
                RenderTableCell {TD} at (2,2) size 182x19 [r=0 c=0 rs=1 cs=1]
                  RenderText {#text} at (1,1) size 180x17
                    text run at (1,1) width 9 RTL: ")."
                    text run at (10,1) width 171: "Center table (fixed margins"
        RenderBlock {DIV} at (2,673) size 765x218 [border: (4px solid #800080)]
          RenderBlock {DIV} at (6,6) size 408x25 [border: (2px solid #0000FF)]
            RenderText {#text} at (4,4) size 277x17
              text run at (4,4) width 277: "Normal fixed width div inside align=left div"
          RenderBlock {DIV} at (6,31) size 408x25 [border: (2px solid #0000FF)]
            RenderText {#text} at (4,4) size 255x17
              text run at (4,4) width 255: "Left fixed width div inside align=left div"
          RenderBlock {DIV} at (6,56) size 408x25 [border: (2px solid #0000FF)]
            RenderText {#text} at (68,4) size 272x17
              text run at (68,4) width 272: "Center fixed width div inside align=left div"
          RenderBlock {DIV} at (6,81) size 408x25 [border: (2px solid #0000FF)]
            RenderText {#text} at (140,4) size 264x17
              text run at (140,4) width 264: "Right fixed width div inside align=left div"
          RenderBlock {CENTER} at (6,106) size 408x25 [border: (2px solid #0000FF)]
            RenderText {#text} at (64,4) size 280x17
              text run at (64,4) width 280: "Center tag (fixed width) inside align=left div"
          RenderTable {TABLE} at (6,131) size 400x27 [border: (2px solid #0000FF)]
            RenderTableSection {TBODY} at (2,2) size 396x23
              RenderTableRow {TR} at (0,2) size 396x19
                RenderTableCell {TD} at (2,2) size 392x19 [r=0 c=0 rs=1 cs=1]
                  RenderText {#text} at (305,1) size 86x17
                    text run at (305,1) width 4 RTL: "."
                    text run at (309,1) width 82: "Normal table"
          RenderTable {TABLE} at (182,158) size 401x27 [border: (2px solid #0000FF)]
            RenderTableSection {TBODY} at (2,2) size 396x23
              RenderTableRow {TR} at (0,2) size 396x19
                RenderTableCell {TD} at (2,2) size 392x19 [r=0 c=0 rs=1 cs=1]
                  RenderText {#text} at (261,1) size 130x17
                    text run at (261,1) width 4 RTL: "."
                    text run at (265,1) width 126: "Center aligned table"
          RenderTable {TABLE} at (8,185) size 400x27 [border: (2px solid #0000FF)]
            RenderTableSection {TBODY} at (2,2) size 396x23
              RenderTableRow {TR} at (0,2) size 396x19
                RenderTableCell {TD} at (2,2) size 392x19 [r=0 c=0 rs=1 cs=1]
                  RenderText {#text} at (211,1) size 180x17
                    text run at (211,1) width 9 RTL: ")."
                    text run at (220,1) width 171: "Center table (fixed margins"
        RenderBlock {DIV} at (2,891) size 765x218 [border: (4px solid #008000)]
          RenderBlock {DIV} at (6,6) size 753x25 [border: (2px solid #0000FF)]
            RenderText {#text} at (265,4) size 223x17
              text run at (265,4) width 223: "Normal div inside align= center div"
          RenderBlock {DIV} at (6,31) size 753x25 [border: (2px solid #0000FF)]
            RenderText {#text} at (4,4) size 197x17
              text run at (4,4) width 197: "Left div inside align=center div"
          RenderBlock {DIV} at (6,56) size 753x25 [border: (2px solid #0000FF)]
            RenderText {#text} at (270,4) size 213x17
              text run at (270,4) width 213: "Center div inside align=center div"
          RenderBlock {DIV} at (6,81) size 753x25 [border: (2px solid #0000FF)]
            RenderText {#text} at (543,4) size 206x17
              text run at (543,4) width 206: "Right div inside align=center div"
          RenderBlock {CENTER} at (6,106) size 753x25 [border: (2px solid #0000FF)]
            RenderText {#text} at (270,4) size 213x17
              text run at (270,4) width 213: "Center tag inside align=center div"
          RenderTable {TABLE} at (334,131) size 97x27 [border: (2px solid #0000FF)]
            RenderTableSection {TBODY} at (2,2) size 92x23
              RenderTableRow {TR} at (0,2) size 92x19
                RenderTableCell {TD} at (2,2) size 88x19 [r=0 c=0 rs=1 cs=1]
                  RenderText {#text} at (1,1) size 86x17
                    text run at (1,1) width 4 RTL: "."
                    text run at (5,1) width 82: "Normal table"
          RenderTable {TABLE} at (312,158) size 141x27 [border: (2px solid #0000FF)]
            RenderTableSection {TBODY} at (2,2) size 136x23
              RenderTableRow {TR} at (0,2) size 136x19
                RenderTableCell {TD} at (2,2) size 132x19 [r=0 c=0 rs=1 cs=1]
                  RenderText {#text} at (1,1) size 130x17
                    text run at (1,1) width 4 RTL: "."
                    text run at (5,1) width 126: "Center aligned table"
          RenderTable {TABLE} at (287,185) size 191x27 [border: (2px solid #0000FF)]
            RenderTableSection {TBODY} at (2,2) size 186x23
              RenderTableRow {TR} at (0,2) size 186x19
                RenderTableCell {TD} at (2,2) size 182x19 [r=0 c=0 rs=1 cs=1]
                  RenderText {#text} at (1,1) size 180x17
                    text run at (1,1) width 9 RTL: ")."
                    text run at (10,1) width 171: "Center table (fixed margins"
        RenderBlock {DIV} at (2,1109) size 765x218 [border: (4px solid #800080)]
          RenderBlock {DIV} at (178,6) size 409x25 [border: (2px solid #0000FF)]
            RenderText {#text} at (56,4) size 296x17
              text run at (56,4) width 296: "Normal fixed width div inside align=center div"
          RenderBlock {DIV} at (178,31) size 409x25 [border: (2px solid #0000FF)]
            RenderText {#text} at (4,4) size 273x17
              text run at (4,4) width 273: "Left fixed width div inside align=center div"
          RenderBlock {DIV} at (178,56) size 409x25 [border: (2px solid #0000FF)]
            RenderText {#text} at (59,4) size 290x17
              text run at (59,4) width 290: "Center fixed width div inside align=center div"
          RenderBlock {DIV} at (178,81) size 409x25 [border: (2px solid #0000FF)]
            RenderText {#text} at (122,4) size 282x17
              text run at (122,4) width 282: "Right fixed width div inside align=center div"
          RenderBlock {CENTER} at (178,106) size 409x25 [border: (2px solid #0000FF)]
            RenderText {#text} at (55,4) size 298x17
              text run at (55,4) width 298: "Center tag (fixed width) inside align=center div"
          RenderTable {TABLE} at (182,131) size 401x27 [border: (2px solid #0000FF)]
            RenderTableSection {TBODY} at (2,2) size 396x23
              RenderTableRow {TR} at (0,2) size 396x19
                RenderTableCell {TD} at (2,2) size 392x19 [r=0 c=0 rs=1 cs=1]
                  RenderText {#text} at (305,1) size 86x17
                    text run at (305,1) width 4 RTL: "."
                    text run at (309,1) width 82: "Normal table"
          RenderTable {TABLE} at (182,158) size 401x27 [border: (2px solid #0000FF)]
            RenderTableSection {TBODY} at (2,2) size 396x23
              RenderTableRow {TR} at (0,2) size 396x19
                RenderTableCell {TD} at (2,2) size 392x19 [r=0 c=0 rs=1 cs=1]
                  RenderText {#text} at (261,1) size 130x17
                    text run at (261,1) width 4 RTL: "."
                    text run at (265,1) width 126: "Center aligned table"
          RenderTable {TABLE} at (182,185) size 401x27 [border: (2px solid #0000FF)]
            RenderTableSection {TBODY} at (2,2) size 396x23
              RenderTableRow {TR} at (0,2) size 396x19
                RenderTableCell {TD} at (2,2) size 392x19 [r=0 c=0 rs=1 cs=1]
                  RenderText {#text} at (211,1) size 180x17
                    text run at (211,1) width 9 RTL: ")."
                    text run at (220,1) width 171: "Center table (fixed margins"
        RenderBlock {DIV} at (2,1327) size 765x218 [border: (4px solid #008000)]
          RenderBlock {DIV} at (6,6) size 753x25 [border: (2px solid #0000FF)]
            RenderText {#text} at (539,4) size 210x17
              text run at (539,4) width 210: "Normal div inside align=right div"
          RenderBlock {DIV} at (6,31) size 753x25 [border: (2px solid #0000FF)]
            RenderText {#text} at (4,4) size 188x17
              text run at (4,4) width 188: "Left div inside align=right div"
          RenderBlock {DIV} at (6,56) size 753x25 [border: (2px solid #0000FF)]
            RenderText {#text} at (274,4) size 205x17
              text run at (274,4) width 205: "Center div inside align=right div"
          RenderBlock {DIV} at (6,81) size 753x25 [border: (2px solid #0000FF)]
            RenderText {#text} at (552,4) size 197x17
              text run at (552,4) width 197: "Right div inside align=right div"
          RenderBlock {CENTER} at (6,106) size 753x25 [border: (2px solid #0000FF)]
            RenderText {#text} at (275,4) size 203x17
              text run at (275,4) width 203: "Center tag inside align=right div"
          RenderTable {TABLE} at (663,131) size 96x27 [border: (2px solid #0000FF)]
            RenderTableSection {TBODY} at (2,2) size 92x23
              RenderTableRow {TR} at (0,2) size 92x19
                RenderTableCell {TD} at (2,2) size 88x19 [r=0 c=0 rs=1 cs=1]
                  RenderText {#text} at (1,1) size 86x17
                    text run at (1,1) width 4 RTL: "."
                    text run at (5,1) width 82: "Normal table"
          RenderTable {TABLE} at (312,158) size 141x27 [border: (2px solid #0000FF)]
            RenderTableSection {TBODY} at (2,2) size 136x23
              RenderTableRow {TR} at (0,2) size 136x19
                RenderTableCell {TD} at (2,2) size 132x19 [r=0 c=0 rs=1 cs=1]
                  RenderText {#text} at (1,1) size 130x17
                    text run at (1,1) width 4 RTL: "."
                    text run at (5,1) width 126: "Center aligned table"
          RenderTable {TABLE} at (567,185) size 190x27 [border: (2px solid #0000FF)]
            RenderTableSection {TBODY} at (2,2) size 186x23
              RenderTableRow {TR} at (0,2) size 186x19
                RenderTableCell {TD} at (2,2) size 182x19 [r=0 c=0 rs=1 cs=1]
                  RenderText {#text} at (1,1) size 180x17
                    text run at (1,1) width 9 RTL: ")."
                    text run at (10,1) width 171: "Center table (fixed margins"
        RenderBlock {DIV} at (2,1545) size 765x218 [border: (4px solid #800080)]
          RenderBlock {DIV} at (351,6) size 408x25 [border: (2px solid #0000FF)]
            RenderText {#text} at (118,4) size 286x17
              text run at (118,4) width 286: "Normal fixed width div inside align=right div"
          RenderBlock {DIV} at (351,31) size 408x25 [border: (2px solid #0000FF)]
            RenderText {#text} at (4,4) size 264x17
              text run at (4,4) width 264: "Left fixed width div inside align=right div"
          RenderBlock {DIV} at (351,56) size 408x25 [border: (2px solid #0000FF)]
            RenderText {#text} at (64,4) size 280x17
              text run at (64,4) width 280: "Center fixed width div inside align=right div"
          RenderBlock {DIV} at (351,81) size 408x25 [border: (2px solid #0000FF)]
            RenderText {#text} at (131,4) size 273x17
              text run at (131,4) width 273: "Right fixed width div inside align=right div"
          RenderBlock {CENTER} at (351,106) size 408x25 [border: (2px solid #0000FF)]
            RenderText {#text} at (59,4) size 290x17
              text run at (59,4) width 290: "Center tag (fixed width) inside align=right div"
          RenderTable {TABLE} at (359,131) size 400x27 [border: (2px solid #0000FF)]
            RenderTableSection {TBODY} at (2,2) size 396x23
              RenderTableRow {TR} at (0,2) size 396x19
                RenderTableCell {TD} at (2,2) size 392x19 [r=0 c=0 rs=1 cs=1]
                  RenderText {#text} at (305,1) size 86x17
                    text run at (305,1) width 4 RTL: "."
                    text run at (309,1) width 82: "Normal table"
          RenderTable {TABLE} at (182,158) size 401x27 [border: (2px solid #0000FF)]
            RenderTableSection {TBODY} at (2,2) size 396x23
              RenderTableRow {TR} at (0,2) size 396x19
                RenderTableCell {TD} at (2,2) size 392x19 [r=0 c=0 rs=1 cs=1]
                  RenderText {#text} at (261,1) size 130x17
                    text run at (261,1) width 4 RTL: "."
                    text run at (265,1) width 126: "Center aligned table"
          RenderTable {TABLE} at (357,185) size 400x27 [border: (2px solid #0000FF)]
            RenderTableSection {TBODY} at (2,2) size 396x23
              RenderTableRow {TR} at (0,2) size 396x19
                RenderTableCell {TD} at (2,2) size 392x19 [r=0 c=0 rs=1 cs=1]
                  RenderText {#text} at (211,1) size 180x17
                    text run at (211,1) width 9 RTL: ")."
                    text run at (220,1) width 171: "Center table (fixed margins"
        RenderBlock {P} at (2,1779) size 765x17
          RenderText {#text} at (394,0) size 371x17
            text run at (394,0) width 9 RTL: ")."
            text run at (403,0) width 362: "This is a test using TABLE cells (all in the RTL direction"
        RenderTable {TABLE} at (2,1812) size 765x224 [border: (2px solid #0000FF)]
          RenderTableSection {TBODY} at (2,2) size 761x220
            RenderTableRow {TR} at (0,2) size 761x216
              RenderTableCell {TD} at (2,2) size 757x216 [border: (4px solid #008000)] [r=0 c=0 rs=1 cs=1]
                RenderBlock {DIV} at (5,5) size 747x25 [border: (2px solid #0000FF)]
                  RenderText {#text} at (566,4) size 177x17
                    text run at (566,4) width 177: "Normal div inside normal td"
                RenderBlock {DIV} at (5,30) size 747x25 [border: (2px solid #0000FF)]
                  RenderText {#text} at (4,4) size 155x17
                    text run at (4,4) width 155: "Left div inside normal td"
                RenderBlock {DIV} at (5,55) size 747x25 [border: (2px solid #0000FF)]
                  RenderText {#text} at (288,4) size 171x17
                    text run at (288,4) width 171: "Center div inside normal td"
                RenderBlock {DIV} at (5,80) size 747x25 [border: (2px solid #0000FF)]
                  RenderText {#text} at (579,4) size 164x17
                    text run at (579,4) width 164: "Right div inside normal td"
                RenderBlock {CENTER} at (5,105) size 747x25 [border: (2px solid #0000FF)]
                  RenderText {#text} at (288,4) size 171x17
                    text run at (288,4) width 171: "Center tag inside normal td"
                RenderTable {TABLE} at (656,130) size 96x27 [border: (2px solid #0000FF)]
                  RenderTableSection {TBODY} at (2,2) size 92x23
                    RenderTableRow {TR} at (0,2) size 92x19
                      RenderTableCell {TD} at (2,2) size 88x19 [r=0 c=0 rs=1 cs=1]
                        RenderText {#text} at (1,1) size 86x17
                          text run at (1,1) width 4 RTL: "."
                          text run at (5,1) width 82: "Normal table"
                RenderTable {TABLE} at (308,157) size 141x27 [border: (2px solid #0000FF)]
                  RenderTableSection {TBODY} at (2,2) size 136x23
                    RenderTableRow {TR} at (0,2) size 136x19
                      RenderTableCell {TD} at (2,2) size 132x19 [r=0 c=0 rs=1 cs=1]
                        RenderText {#text} at (1,1) size 130x17
                          text run at (1,1) width 4 RTL: "."
                          text run at (5,1) width 126: "Center aligned table"
                RenderTable {TABLE} at (560,184) size 190x27 [border: (2px solid #0000FF)]
                  RenderTableSection {TBODY} at (2,2) size 186x23
                    RenderTableRow {TR} at (0,2) size 186x19
                      RenderTableCell {TD} at (2,2) size 182x19 [r=0 c=0 rs=1 cs=1]
                        RenderText {#text} at (1,1) size 180x17
                          text run at (1,1) width 9 RTL: ")."
                          text run at (10,1) width 171: "Center table (fixed margins"
        RenderTable {TABLE} at (2,2036) size 765x224 [border: (2px solid #0000FF)]
          RenderTableSection {TBODY} at (2,2) size 761x220
            RenderTableRow {TR} at (0,2) size 761x216
              RenderTableCell {TD} at (2,2) size 757x216 [border: (4px solid #800080)] [r=0 c=0 rs=1 cs=1]
                RenderBlock {DIV} at (344,5) size 408x25 [border: (2px solid #0000FF)]
                  RenderText {#text} at (151,4) size 253x17
                    text run at (151,4) width 253: "Normal fixed width div inside normal td"
                RenderBlock {DIV} at (344,30) size 408x25 [border: (2px solid #0000FF)]
                  RenderText {#text} at (4,4) size 231x17
                    text run at (4,4) width 231: "Left fixed width div inside normal td"
                RenderBlock {DIV} at (344,55) size 408x25 [border: (2px solid #0000FF)]
                  RenderText {#text} at (80,4) size 248x17
                    text run at (80,4) width 248: "Center fixed width div inside normal td"
                RenderBlock {DIV} at (344,80) size 408x25 [border: (2px solid #0000FF)]
                  RenderText {#text} at (164,4) size 240x17
                    text run at (164,4) width 240: "Right fixed width div inside normal td"
                RenderBlock {CENTER} at (344,105) size 408x25 [border: (2px solid #0000FF)]
                  RenderText {#text} at (76,4) size 256x17
                    text run at (76,4) width 256: "Center tag (fixed width) inside normal td"
                RenderTable {TABLE} at (352,130) size 400x27 [border: (2px solid #0000FF)]
                  RenderTableSection {TBODY} at (2,2) size 396x23
                    RenderTableRow {TR} at (0,2) size 396x19
                      RenderTableCell {TD} at (2,2) size 392x19 [r=0 c=0 rs=1 cs=1]
                        RenderText {#text} at (305,1) size 86x17
                          text run at (305,1) width 4 RTL: "."
                          text run at (309,1) width 82: "Normal table"
                RenderTable {TABLE} at (178,157) size 401x27 [border: (2px solid #0000FF)]
                  RenderTableSection {TBODY} at (2,2) size 396x23
                    RenderTableRow {TR} at (0,2) size 396x19
                      RenderTableCell {TD} at (2,2) size 392x19 [r=0 c=0 rs=1 cs=1]
                        RenderText {#text} at (261,1) size 130x17
                          text run at (261,1) width 4 RTL: "."
                          text run at (265,1) width 126: "Center aligned table"
                RenderTable {TABLE} at (350,184) size 400x27 [border: (2px solid #0000FF)]
                  RenderTableSection {TBODY} at (2,2) size 396x23
                    RenderTableRow {TR} at (0,2) size 396x19
                      RenderTableCell {TD} at (2,2) size 392x19 [r=0 c=0 rs=1 cs=1]
                        RenderText {#text} at (211,1) size 180x17
                          text run at (211,1) width 9 RTL: ")."
                          text run at (220,1) width 171: "Center table (fixed margins"
        RenderTable {TABLE} at (2,2260) size 765x224 [border: (2px solid #0000FF)]
          RenderTableSection {TBODY} at (2,2) size 761x220
            RenderTableRow {TR} at (0,2) size 761x216
              RenderTableCell {TD} at (2,2) size 757x216 [border: (4px solid #008000)] [r=0 c=0 rs=1 cs=1]
                RenderBlock {DIV} at (5,5) size 747x25 [border: (2px solid #0000FF)]
                  RenderText {#text} at (4,4) size 193x17
                    text run at (4,4) width 193: "Normal div inside align=left td"
                RenderBlock {DIV} at (5,30) size 747x25 [border: (2px solid #0000FF)]
                  RenderText {#text} at (4,4) size 171x17
                    text run at (4,4) width 171: "Left div inside align=left td"
                RenderBlock {DIV} at (5,55) size 747x25 [border: (2px solid #0000FF)]
                  RenderText {#text} at (280,4) size 187x17
                    text run at (280,4) width 187: "Center div inside align=left td"
                RenderBlock {DIV} at (5,80) size 747x25 [border: (2px solid #0000FF)]
                  RenderText {#text} at (563,4) size 180x17
                    text run at (563,4) width 180: "Right div inside align=left td"
                RenderBlock {CENTER} at (5,105) size 747x25 [border: (2px solid #0000FF)]
                  RenderText {#text} at (280,4) size 187x17
                    text run at (280,4) width 187: "Center tag inside align=left td"
                RenderTable {TABLE} at (5,130) size 96x27 [border: (2px solid #0000FF)]
                  RenderTableSection {TBODY} at (2,2) size 92x23
                    RenderTableRow {TR} at (0,2) size 92x19
                      RenderTableCell {TD} at (2,2) size 88x19 [r=0 c=0 rs=1 cs=1]
                        RenderText {#text} at (1,1) size 86x17
                          text run at (1,1) width 4 RTL: "."
                          text run at (5,1) width 82: "Normal table"
                RenderTable {TABLE} at (308,157) size 141x27 [border: (2px solid #0000FF)]
                  RenderTableSection {TBODY} at (2,2) size 136x23
                    RenderTableRow {TR} at (0,2) size 136x19
                      RenderTableCell {TD} at (2,2) size 132x19 [r=0 c=0 rs=1 cs=1]
                        RenderText {#text} at (1,1) size 130x17
                          text run at (1,1) width 4 RTL: "."
                          text run at (5,1) width 126: "Center aligned table"
                RenderTable {TABLE} at (7,184) size 190x27 [border: (2px solid #0000FF)]
                  RenderTableSection {TBODY} at (2,2) size 186x23
                    RenderTableRow {TR} at (0,2) size 186x19
                      RenderTableCell {TD} at (2,2) size 182x19 [r=0 c=0 rs=1 cs=1]
                        RenderText {#text} at (1,1) size 180x17
                          text run at (1,1) width 9 RTL: ")."
                          text run at (10,1) width 171: "Center table (fixed margins"
        RenderTable {TABLE} at (2,2484) size 765x224 [border: (2px solid #0000FF)]
          RenderTableSection {TBODY} at (2,2) size 761x220
            RenderTableRow {TR} at (0,2) size 761x216
              RenderTableCell {TD} at (2,2) size 757x216 [border: (4px solid #800080)] [r=0 c=0 rs=1 cs=1]
                RenderBlock {DIV} at (5,5) size 408x25 [border: (2px solid #0000FF)]
                  RenderText {#text} at (4,4) size 269x17
                    text run at (4,4) width 269: "Normal fixed width div inside align=left td"
                RenderBlock {DIV} at (5,30) size 408x25 [border: (2px solid #0000FF)]
                  RenderText {#text} at (4,4) size 247x17
                    text run at (4,4) width 247: "Left fixed width div inside align=left td"
                RenderBlock {DIV} at (5,55) size 408x25 [border: (2px solid #0000FF)]
                  RenderText {#text} at (72,4) size 264x17
                    text run at (72,4) width 264: "Center fixed width div inside align=left td"
                RenderBlock {DIV} at (5,80) size 408x25 [border: (2px solid #0000FF)]
                  RenderText {#text} at (148,4) size 256x17
                    text run at (148,4) width 256: "Right fixed width div inside align=left td"
                RenderBlock {CENTER} at (5,105) size 408x25 [border: (2px solid #0000FF)]
                  RenderText {#text} at (68,4) size 272x17
                    text run at (68,4) width 272: "Center tag (fixed width) inside align=left td"
                RenderTable {TABLE} at (5,130) size 400x27 [border: (2px solid #0000FF)]
                  RenderTableSection {TBODY} at (2,2) size 396x23
                    RenderTableRow {TR} at (0,2) size 396x19
                      RenderTableCell {TD} at (2,2) size 392x19 [r=0 c=0 rs=1 cs=1]
                        RenderText {#text} at (305,1) size 86x17
                          text run at (305,1) width 4 RTL: "."
                          text run at (309,1) width 82: "Normal table"
                RenderTable {TABLE} at (178,157) size 401x27 [border: (2px solid #0000FF)]
                  RenderTableSection {TBODY} at (2,2) size 396x23
                    RenderTableRow {TR} at (0,2) size 396x19
                      RenderTableCell {TD} at (2,2) size 392x19 [r=0 c=0 rs=1 cs=1]
                        RenderText {#text} at (261,1) size 130x17
                          text run at (261,1) width 4 RTL: "."
                          text run at (265,1) width 126: "Center aligned table"
                RenderTable {TABLE} at (7,184) size 400x27 [border: (2px solid #0000FF)]
                  RenderTableSection {TBODY} at (2,2) size 396x23
                    RenderTableRow {TR} at (0,2) size 396x19
                      RenderTableCell {TD} at (2,2) size 392x19 [r=0 c=0 rs=1 cs=1]
                        RenderText {#text} at (211,1) size 180x17
                          text run at (211,1) width 9 RTL: ")."
                          text run at (220,1) width 171: "Center table (fixed margins"
        RenderTable {TABLE} at (2,2708) size 765x224 [border: (2px solid #0000FF)]
          RenderTableSection {TBODY} at (2,2) size 761x220
            RenderTableRow {TR} at (0,2) size 761x216
              RenderTableCell {TD} at (2,2) size 757x216 [border: (4px solid #008000)] [r=0 c=0 rs=1 cs=1]
                RenderBlock {DIV} at (5,5) size 747x25 [border: (2px solid #0000FF)]
                  RenderText {#text} at (266,4) size 215x17
                    text run at (266,4) width 215: "Normal div inside align= center td"
                RenderBlock {DIV} at (5,30) size 747x25 [border: (2px solid #0000FF)]
                  RenderText {#text} at (4,4) size 189x17
                    text run at (4,4) width 189: "Left div inside align=center td"
                RenderBlock {DIV} at (5,55) size 747x25 [border: (2px solid #0000FF)]
                  RenderText {#text} at (271,4) size 205x17
                    text run at (271,4) width 205: "Center div inside align=center td"
                RenderBlock {DIV} at (5,80) size 747x25 [border: (2px solid #0000FF)]
                  RenderText {#text} at (545,4) size 198x17
                    text run at (545,4) width 198: "Right div inside align=center td"
                RenderBlock {CENTER} at (5,105) size 747x25 [border: (2px solid #0000FF)]
                  RenderText {#text} at (271,4) size 205x17
                    text run at (271,4) width 205: "Center tag inside align=center td"
                RenderTable {TABLE} at (330,130) size 97x27 [border: (2px solid #0000FF)]
                  RenderTableSection {TBODY} at (2,2) size 92x23
                    RenderTableRow {TR} at (0,2) size 92x19
                      RenderTableCell {TD} at (2,2) size 88x19 [r=0 c=0 rs=1 cs=1]
                        RenderText {#text} at (1,1) size 86x17
                          text run at (1,1) width 4 RTL: "."
                          text run at (5,1) width 82: "Normal table"
                RenderTable {TABLE} at (308,157) size 141x27 [border: (2px solid #0000FF)]
                  RenderTableSection {TBODY} at (2,2) size 136x23
                    RenderTableRow {TR} at (0,2) size 136x19
                      RenderTableCell {TD} at (2,2) size 132x19 [r=0 c=0 rs=1 cs=1]
                        RenderText {#text} at (1,1) size 130x17
                          text run at (1,1) width 4 RTL: "."
                          text run at (5,1) width 126: "Center aligned table"
                RenderTable {TABLE} at (283,184) size 191x27 [border: (2px solid #0000FF)]
                  RenderTableSection {TBODY} at (2,2) size 186x23
                    RenderTableRow {TR} at (0,2) size 186x19
                      RenderTableCell {TD} at (2,2) size 182x19 [r=0 c=0 rs=1 cs=1]
                        RenderText {#text} at (1,1) size 180x17
                          text run at (1,1) width 9 RTL: ")."
                          text run at (10,1) width 171: "Center table (fixed margins"
        RenderTable {TABLE} at (2,2932) size 765x224 [border: (2px solid #0000FF)]
          RenderTableSection {TBODY} at (2,2) size 761x220
            RenderTableRow {TR} at (0,2) size 761x216
              RenderTableCell {TD} at (2,2) size 757x216 [border: (4px solid #800080)] [r=0 c=0 rs=1 cs=1]
                RenderBlock {DIV} at (174,5) size 409x25 [border: (2px solid #0000FF)]
                  RenderText {#text} at (60,4) size 288x17
                    text run at (60,4) width 288: "Normal fixed width div inside align=center td"
                RenderBlock {DIV} at (174,30) size 409x25 [border: (2px solid #0000FF)]
                  RenderText {#text} at (4,4) size 265x17
                    text run at (4,4) width 265: "Left fixed width div inside align=center td"
                RenderBlock {DIV} at (174,55) size 409x25 [border: (2px solid #0000FF)]
                  RenderText {#text} at (63,4) size 282x17
                    text run at (63,4) width 282: "Center fixed width div inside align=center td"
                RenderBlock {DIV} at (174,80) size 409x25 [border: (2px solid #0000FF)]
                  RenderText {#text} at (130,4) size 274x17
                    text run at (130,4) width 274: "Right fixed width div inside align=center td"
                RenderBlock {CENTER} at (174,105) size 409x25 [border: (2px solid #0000FF)]
                  RenderText {#text} at (59,4) size 290x17
                    text run at (59,4) width 290: "Center tag (fixed width) inside align=center td"
                RenderTable {TABLE} at (178,130) size 401x27 [border: (2px solid #0000FF)]
                  RenderTableSection {TBODY} at (2,2) size 396x23
                    RenderTableRow {TR} at (0,2) size 396x19
                      RenderTableCell {TD} at (2,2) size 392x19 [r=0 c=0 rs=1 cs=1]
                        RenderText {#text} at (305,1) size 86x17
                          text run at (305,1) width 4 RTL: "."
                          text run at (309,1) width 82: "Normal table"
                RenderTable {TABLE} at (178,157) size 401x27 [border: (2px solid #0000FF)]
                  RenderTableSection {TBODY} at (2,2) size 396x23
                    RenderTableRow {TR} at (0,2) size 396x19
                      RenderTableCell {TD} at (2,2) size 392x19 [r=0 c=0 rs=1 cs=1]
                        RenderText {#text} at (261,1) size 130x17
                          text run at (261,1) width 4 RTL: "."
                          text run at (265,1) width 126: "Center aligned table"
                RenderTable {TABLE} at (178,184) size 401x27 [border: (2px solid #0000FF)]
                  RenderTableSection {TBODY} at (2,2) size 396x23
                    RenderTableRow {TR} at (0,2) size 396x19
                      RenderTableCell {TD} at (2,2) size 392x19 [r=0 c=0 rs=1 cs=1]
                        RenderText {#text} at (211,1) size 180x17
                          text run at (211,1) width 9 RTL: ")."
                          text run at (220,1) width 171: "Center table (fixed margins"
        RenderTable {TABLE} at (2,3156) size 765x224 [border: (2px solid #0000FF)]
          RenderTableSection {TBODY} at (2,2) size 761x220
            RenderTableRow {TR} at (0,2) size 761x216
              RenderTableCell {TD} at (2,2) size 757x216 [border: (4px solid #008000)] [r=0 c=0 rs=1 cs=1]
                RenderBlock {DIV} at (5,5) size 747x25 [border: (2px solid #0000FF)]
                  RenderText {#text} at (541,4) size 202x17
                    text run at (541,4) width 202: "Normal div inside align=right td"
                RenderBlock {DIV} at (5,30) size 747x25 [border: (2px solid #0000FF)]
                  RenderText {#text} at (4,4) size 180x17
                    text run at (4,4) width 180: "Left div inside align=right td"
                RenderBlock {DIV} at (5,55) size 747x25 [border: (2px solid #0000FF)]
                  RenderText {#text} at (275,4) size 197x17
                    text run at (275,4) width 197: "Center div inside align=right td"
                RenderBlock {DIV} at (5,80) size 747x25 [border: (2px solid #0000FF)]
                  RenderText {#text} at (554,4) size 189x17
                    text run at (554,4) width 189: "Right div inside align=right td"
                RenderBlock {CENTER} at (5,105) size 747x25 [border: (2px solid #0000FF)]
                  RenderText {#text} at (276,4) size 195x17
                    text run at (276,4) width 195: "Center tag inside align=right td"
                RenderTable {TABLE} at (656,130) size 96x27 [border: (2px solid #0000FF)]
                  RenderTableSection {TBODY} at (2,2) size 92x23
                    RenderTableRow {TR} at (0,2) size 92x19
                      RenderTableCell {TD} at (2,2) size 88x19 [r=0 c=0 rs=1 cs=1]
                        RenderText {#text} at (1,1) size 86x17
                          text run at (1,1) width 4 RTL: "."
                          text run at (5,1) width 82: "Normal table"
                RenderTable {TABLE} at (308,157) size 141x27 [border: (2px solid #0000FF)]
                  RenderTableSection {TBODY} at (2,2) size 136x23
                    RenderTableRow {TR} at (0,2) size 136x19
                      RenderTableCell {TD} at (2,2) size 132x19 [r=0 c=0 rs=1 cs=1]
                        RenderText {#text} at (1,1) size 130x17
                          text run at (1,1) width 4 RTL: "."
                          text run at (5,1) width 126: "Center aligned table"
                RenderTable {TABLE} at (560,184) size 190x27 [border: (2px solid #0000FF)]
                  RenderTableSection {TBODY} at (2,2) size 186x23
                    RenderTableRow {TR} at (0,2) size 186x19
                      RenderTableCell {TD} at (2,2) size 182x19 [r=0 c=0 rs=1 cs=1]
                        RenderText {#text} at (1,1) size 180x17
                          text run at (1,1) width 9 RTL: ")."
                          text run at (10,1) width 171: "Center table (fixed margins"
        RenderTable {TABLE} at (2,3380) size 765x224 [border: (2px solid #0000FF)]
          RenderTableSection {TBODY} at (2,2) size 761x220
            RenderTableRow {TR} at (0,2) size 761x216
              RenderTableCell {TD} at (2,2) size 757x216 [border: (4px solid #800080)] [r=0 c=0 rs=1 cs=1]
                RenderBlock {DIV} at (344,5) size 408x25 [border: (2px solid #0000FF)]
                  RenderText {#text} at (126,4) size 278x17
                    text run at (126,4) width 278: "Normal fixed width div inside align=right td"
                RenderBlock {DIV} at (344,30) size 408x25 [border: (2px solid #0000FF)]
                  RenderText {#text} at (4,4) size 256x17
                    text run at (4,4) width 256: "Left fixed width div inside align=right td"
                RenderBlock {DIV} at (344,55) size 408x25 [border: (2px solid #0000FF)]
                  RenderText {#text} at (68,4) size 272x17
                    text run at (68,4) width 272: "Center fixed width div inside align=right td"
                RenderBlock {DIV} at (344,80) size 408x25 [border: (2px solid #0000FF)]
                  RenderText {#text} at (139,4) size 265x17
                    text run at (139,4) width 265: "Right fixed width div inside align=right td"
                RenderBlock {CENTER} at (344,105) size 408x25 [border: (2px solid #0000FF)]
                  RenderText {#text} at (63,4) size 282x17
                    text run at (63,4) width 282: "Center tag (fixed width) inside align=right td"
                RenderTable {TABLE} at (352,130) size 400x27 [border: (2px solid #0000FF)]
                  RenderTableSection {TBODY} at (2,2) size 396x23
                    RenderTableRow {TR} at (0,2) size 396x19
                      RenderTableCell {TD} at (2,2) size 392x19 [r=0 c=0 rs=1 cs=1]
                        RenderText {#text} at (305,1) size 86x17
                          text run at (305,1) width 4 RTL: "."
                          text run at (309,1) width 82: "Normal table"
                RenderTable {TABLE} at (178,157) size 401x27 [border: (2px solid #0000FF)]
                  RenderTableSection {TBODY} at (2,2) size 396x23
                    RenderTableRow {TR} at (0,2) size 396x19
                      RenderTableCell {TD} at (2,2) size 392x19 [r=0 c=0 rs=1 cs=1]
                        RenderText {#text} at (261,1) size 130x17
                          text run at (261,1) width 4 RTL: "."
                          text run at (265,1) width 126: "Center aligned table"
                RenderTable {TABLE} at (350,184) size 400x27 [border: (2px solid #0000FF)]
                  RenderTableSection {TBODY} at (2,2) size 396x23
                    RenderTableRow {TR} at (0,2) size 396x19
                      RenderTableCell {TD} at (2,2) size 392x19 [r=0 c=0 rs=1 cs=1]
                        RenderText {#text} at (211,1) size 180x17
                          text run at (211,1) width 9 RTL: ")."
                          text run at (220,1) width 171: "Center table (fixed margins"
