layer at (0,0) size 800x600
  RenderView at (0,0) size 800x600
layer at (0,0) size 800x257
  RenderBlock {HTML} at (0,0) size 800x257
    RenderBody {BODY} at (8,16) size 784x233
      RenderBlock {P} at (0,0) size 784x17
        RenderText {#text} at (0,0) size 303x17
          text run at (0,0) width 303: "There must be a green square below and no red."
layer at (8,49) size 784x200
  RenderBlock (relative positioned) {DIV} at (0,33) size 784x200
    RenderBlock (anonymous) at (0,0) size 784x17
      RenderText {#text} at (100,0) size 4x17
        text run at (100,0) width 4: " "
    RenderBlock {DIV} at (0,17) size 784x0
layer at (8,49) size 100x100
  RenderBlock (positioned) {DIV} at (0,0) size 100x100 [bgcolor=#FF0000]
layer at (8,49) size 100x100
  RenderBlock (floating) {DIV} at (0,0) size 100x100 [bgcolor=#008000]
