layer at (0,0) size 800x600
  RenderView at (0,0) size 800x600
layer at (0,0) size 800x600
  RenderBlock {HTML} at (0,0) size 800x600
    RenderBody {BODY} at (8,8) size 784x576 [bgcolor=#FFFFFF]
      RenderBlock {FORM} at (0,0) size 784x30
        RenderTable {TABLE} at (0,0) size 784x30
          RenderTableSection {TBODY} at (0,0) size 784x30
            RenderTableRow {TR} at (0,2) size 784x26 [bgcolor=#FFFFFF]
              RenderTableCell {TD} at (2,2) size 75x26 [r=0 c=0 rs=1 cs=1]
                RenderButton {INPUT} at (3,3) size 69x20 [bgcolor=#FFFFFF02] [border: (1px solid #4C4C4C)]
                  RenderBlock (anonymous) at (12,3) size 45x14
                    RenderText at (0,0) size 45x14
                      text run at (0,0) width 45: "Select all"
              RenderTableCell {TD} at (78,2) size 63x26 [r=0 c=1 rs=1 cs=1]
                RenderButton {INPUT} at (3,3) size 56x20 [bgcolor=#FFFFFF02] [border: (1px solid #4C4C4C)]
                  RenderBlock (anonymous) at (12,3) size 32x14
                    RenderText at (0,0) size 32x14
                      text run at (0,0) width 32: "Delete"
              RenderTableCell {TD} at (142,2) size 90x26 [r=0 c=2 rs=1 cs=1]
                RenderButton {INPUT} at (3,3) size 83x20 [bgcolor=#FFFFFF02] [border: (1px solid #4C4C4C)]
                  RenderBlock (anonymous) at (12,3) size 59x14
                    RenderText at (0,0) size 59x14
                      text run at (0,0) width 59: "Empty trash"
              RenderTableCell {TD} at (233,6) size 363x22 [r=0 c=3 rs=1 cs=1]
                RenderText {#text} at (1,1) size 4x19
                  text run at (1,1) width 4: " "
              RenderTableCell {TD} at (597,2) size 73x26 [r=0 c=4 rs=1 cs=1]
                RenderButton {INPUT} at (3,3) size 67x20 [bgcolor=#FFFFFF02] [border: (1px solid #4C4C4C)]
                  RenderBlock (anonymous) at (12,3) size 43x14
                    RenderText at (0,0) size 43x14
                      text run at (0,0) width 43: "Move to:"
              RenderTableCell {TD} at (672,2) size 110x26 [r=0 c=5 rs=1 cs=1]
                RenderMenuList {SELECT} at (3,3) size 104x20 [bgcolor=#FFFFFF02] [border: (1px solid #4C4C4C)]
                  RenderBlock (anonymous) at (6,3) size 92x14
                    RenderText at (0,0) size 72x14
                      text run at (0,0) width 72: "Choose folder "
                RenderText {#text} at (0,0) size 0x0
