layer at (0,0) size 800x600
  RenderView at (0,0) size 800x600
layer at (0,0) size 800x600
  RenderBlock {HTML} at (0,0) size 800x600
    RenderBody {BODY} at (8,8) size 784x576
      RenderTable {TABLE} at (0,0) size 380x30 [border: (3px outset #808080)]
        RenderTableSection {TBODY} at (3,3) size 374x24
          RenderTableRow {TR} at (0,0) size 374x24
            RenderTableCell {TD} at (0,0) size 70x24 [border: (1px inset #808080)] [r=0 c=0 rs=1 cs=1]
              RenderText {#text} at (2,2) size 66x19
                text run at (2,2) width 66: "fieldLabel"
            RenderTableCell {TD} at (69,0) size 305x24 [border: (1px inset #808080)] [r=0 c=1 rs=1 cs=1]
              RenderText {#text} at (2,2) size 107x19
                text run at (2,2) width 107: "   InspectionText"
      RenderBlock {FORM} at (0,30) size 784x24
        RenderButton {INPUT} at (2,2) size 89x20 [bgcolor=#FFFFFF02] [border: (1px solid #4C4C4C)]
          RenderBlock (anonymous) at (12,3) size 65x14
            RenderText at (0,0) size 65x14
              text run at (0,0) width 65: "change width"
        RenderText {#text} at (92,1) size 5x19
          text run at (92,1) width 5: " "
        RenderButton {INPUT} at (98,2) size 172x20 [bgcolor=#FFFFFF02] [border: (1px solid #4C4C4C)]
          RenderBlock (anonymous) at (12,3) size 147x14
            RenderText at (0,0) size 147x14
              text run at (0,0) width 147: "change width with table reflow"
        RenderText {#text} at (0,0) size 0x0
