layer at (0,0) size 800x600
  RenderView at (0,0) size 800x600
layer at (0,0) size 800x600
  RenderBlock {HTML} at (0,0) size 800x600
    RenderBody {BODY} at (8,8) size 784x576
      RenderBlock (anonymous) at (0,0) size 784x18
        RenderText {#text} at (0,0) size 762x17
          text run at (0,0) width 762: "This tests the height attribute of form elements. The only element that should honour this value is the Image type of input."
      RenderBlock {FORM} at (0,18) size 784x335
        RenderText {#text} at (0,5) size 36x17
          text run at (0,5) width 36: "input "
        RenderTextControl {INPUT} at (38,2) size 191x24 [bgcolor=#FFFFFF] [border: (2px inset #000000)]
        RenderText {#text} at (231,5) size 4x17
          text run at (231,5) width 4: " "
        RenderBR {BR} at (235,19) size 0x0
        RenderText {#text} at (0,33) size 27x17
          text run at (0,33) width 27: "text "
        RenderTextControl {INPUT} at (29,30) size 191x24 [bgcolor=#FFFFFF] [border: (2px inset #000000)]
        RenderText {#text} at (222,33) size 4x17
          text run at (222,33) width 4: " "
        RenderBR {BR} at (226,47) size 0x0
        RenderText {#text} at (0,59) size 65x17
          text run at (0,59) width 65: "checkbox "
        RenderBlock {INPUT} at (67,59) size 24x16
        RenderText {#text} at (93,59) size 4x17
          text run at (93,59) width 4: " "
        RenderBR {BR} at (97,73) size 0x0
        RenderText {#text} at (0,84) size 24x17
          text run at (0,84) width 24: "file "
        RenderFileUploadControl {INPUT} at (26,80) size 306x27 "no file selected"
          RenderButton {INPUT} at (0,0) size 103x27 [color=#2E3436] [bgcolor=#C0C0C0] [border: (2px outset #C0C0C0)]
            RenderBlock (anonymous) at (8,4) size 87x18
              RenderText at (0,0) size 87x17
                text run at (0,0) width 87: "Choose File"
        RenderText {#text} at (334,84) size 4x17
          text run at (334,84) width 4: " "
        RenderBR {BR} at (338,98) size 0x0
        RenderText {#text} at (0,109) size 42x17
          text run at (0,109) width 42: "image "
        RenderImage {INPUT} at (42,122) size 10x1
        RenderText {#text} at (52,109) size 4x17
          text run at (52,109) width 4: " "
        RenderBR {BR} at (56,123) size 0x0
        RenderText {#text} at (0,130) size 36x17
          text run at (0,130) width 36: "radio "
        RenderBlock {INPUT} at (38,130) size 24x16
        RenderText {#text} at (64,130) size 4x17
          text run at (64,130) width 4: " "
        RenderBR {BR} at (68,144) size 0x0
        RenderText {#text} at (0,171) size 39x17
          text run at (0,171) width 39: "range "
        RenderSlider {INPUT} at (41,151) size 129x34 [color=#909090] [bgcolor=#FFFFFF]
          RenderFlexibleBox {DIV} at (0,0) size 129x34
            RenderBlock {DIV} at (0,0) size 129x34
              RenderBlock {DIV} at (47,0) size 35x34
        RenderText {#text} at (172,171) size 4x17
          text run at (172,171) width 4: " "
        RenderBR {BR} at (176,185) size 0x0
        RenderText {#text} at (0,195) size 33x17
          text run at (0,195) width 33: "reset "
        RenderButton {INPUT} at (35,191) size 58x27 [color=#2E3436] [bgcolor=#C0C0C0] [border: (2px outset #C0C0C0)]
          RenderBlock (anonymous) at (8,4) size 42x18
            RenderText at (0,0) size 42x17
              text run at (0,0) width 42: "Reset"
        RenderText {#text} at (95,195) size 4x17
          text run at (95,195) width 4: " "
        RenderBR {BR} at (99,209) size 0x0
        RenderText {#text} at (0,226) size 46x17
          text run at (0,226) width 46: "submit "
        RenderButton {INPUT} at (48,222) size 66x27 [color=#2E3436] [bgcolor=#C0C0C0] [border: (2px outset #C0C0C0)]
          RenderBlock (anonymous) at (8,4) size 50x18
            RenderText at (0,0) size 50x17
              text run at (0,0) width 50: "Submit"
        RenderText {#text} at (116,226) size 4x17
          text run at (116,226) width 4: " "
        RenderBR {BR} at (120,240) size 0x0
        RenderText {#text} at (0,256) size 49x17
          text run at (0,256) width 49: "isindex "
        RenderTextControl {INPUT} at (51,253) size 191x24 [bgcolor=#FFFFFF] [border: (2px inset #000000)]
        RenderText {#text} at (244,256) size 4x17
          text run at (244,256) width 4: " "
        RenderBR {BR} at (248,270) size 0x0
        RenderText {#text} at (0,284) size 64x17
          text run at (0,284) width 64: "password "
        RenderTextControl {INPUT} at (66,281) size 191x24 [bgcolor=#FFFFFF] [border: (2px inset #000000)]
          RenderFlexibleBox {DIV} at (3,3) size 185x18
            RenderBlock {DIV} at (0,0) size 185x18
        RenderText {#text} at (259,284) size 4x17
          text run at (259,284) width 4: " "
        RenderBR {BR} at (263,298) size 0x0
        RenderText {#text} at (0,312) size 44x17
          text run at (0,312) width 44: "search "
        RenderTextControl {INPUT} at (46,309) size 222x24 [bgcolor=#FFFFFF] [border: (2px inset #000000)]
          RenderFlexibleBox {DIV} at (3,3) size 216x18
            RenderBlock {DIV} at (0,9) size 0x0
            RenderBlock {DIV} at (0,0) size 185x18
            RenderBlock {DIV} at (185,0) size 31x18
        RenderText {#text} at (0,0) size 0x0
layer at (49,31) size 185x18
  RenderBlock {DIV} at (3,3) size 185x18
layer at (40,59) size 185x18
  RenderBlock {DIV} at (3,3) size 185x18
layer at (62,282) size 185x18
  RenderBlock {DIV} at (3,3) size 185x18
layer at (77,310) size 185x18
  RenderBlock {DIV} at (0,0) size 185x18
layer at (57,338) size 185x18
  RenderBlock {DIV} at (0,0) size 185x18
