layer at (0,0) size 800x600
  RenderView at (0,0) size 800x600
layer at (0,0) size 800x600
  RenderBlock {HTML} at (0,0) size 800x600
    RenderBody {BODY} at (8,8) size 784x576
      RenderBlock {P} at (0,0) size 784x18
        RenderText {#text} at (0,0) size 52x17
          text run at (0,0) width 52: "Test for "
        RenderInline {I} at (0,0) size 697x17
          RenderInline {A} at (0,0) size 301x17 [color=#0000EE]
            RenderText {#text} at (51,0) size 301x17
              text run at (51,0) width 301: "http://bugs.webkit.org/show_bug.cgi?id=11916"
          RenderText {#text} at (351,0) size 397x17
            text run at (351,0) width 5: " "
            text run at (355,0) width 393: "REGRESSION (SearchField): RTL search fields are mixed up"
        RenderText {#text} at (747,0) size 5x17
          text run at (747,0) width 5: "."
      RenderBlock {P} at (0,34) size 784x84
        RenderTextControl {INPUT} at (2,2) size 253x24 [bgcolor=#FFFFFF] [border: (2px inset #000000)]
          RenderFlexibleBox {DIV} at (3,3) size 247x18
            RenderBlock {DIV} at (216,0) size 31x18
            RenderBlock {DIV} at (31,0) size 185x18
            RenderBlock {DIV} at (0,0) size 31x18
        RenderText {#text} at (257,5) size 4x17
          text run at (257,5) width 4: " "
        RenderBR {BR} at (0,0) size 0x0
        RenderTextControl {INPUT} at (2,30) size 343x24 [bgcolor=#FFFFFF] [border: (2px inset #000000)]
          RenderFlexibleBox {DIV} at (3,3) size 337x18
            RenderBlock {DIV} at (306,0) size 31x18
            RenderBlock {DIV} at (31,0) size 275x18
            RenderBlock {DIV} at (0,0) size 31x18
        RenderText {#text} at (347,33) size 4x17
          text run at (347,33) width 4: " "
        RenderBR {BR} at (0,0) size 0x0
        RenderTextControl {INPUT} at (2,58) size 253x24 [bgcolor=#FFFFFF] [border: (2px inset #000000)]
          RenderFlexibleBox {DIV} at (3,3) size 247x18
            RenderBlock {DIV} at (216,0) size 31x18
            RenderBlock {DIV} at (31,0) size 185x18
            RenderBlock {DIV} at (0,0) size 31x18
        RenderText {#text} at (0,0) size 0x0
      RenderBlock {P} at (0,134) size 784x18
        RenderText {#text} at (0,0) size 38x17
          text run at (0,0) width 38: "PASS"
layer at (44,47) size 185x18
  RenderBlock {DIV} at (0,0) size 185x18
    RenderText {#text} at (12,0) size 173x17
      text run at (12,0) width 28 RTL: " \x{5D5}\x{5D6}\x{5D4}\x{5D5}"
      text run at (39,0) width 27: "she"
      text run at (65,0) width 56 RTL: " \x{5D5}\x{5D4}\x{5D9}\x{5D0} \x{5D6}\x{5D4} "
      text run at (120,0) width 19: "he"
      text run at (138,0) width 47 RTL: "\x{5D4}\x{5D5}\x{5D0} \x{5D6}\x{5D4} "
layer at (44,75) size 275x18
  RenderBlock {DIV} at (0,0) size 275x18
    RenderText {#text} at (102,0) size 173x17
      text run at (102,0) width 28 RTL: " \x{5D5}\x{5D6}\x{5D4}\x{5D5}"
      text run at (129,0) width 27: "she"
      text run at (155,0) width 56 RTL: " \x{5D5}\x{5D4}\x{5D9}\x{5D0} \x{5D6}\x{5D4} "
      text run at (210,0) width 19: "he"
      text run at (228,0) width 47 RTL: "\x{5D4}\x{5D5}\x{5D0} \x{5D6}\x{5D4} "
layer at (44,103) size 185x18
  RenderBlock {DIV} at (0,0) size 185x18
caret: position 0 of child 0 {DIV} of child 1 {DIV} of child 0 {DIV} of {#document-fragment} of child 9 {INPUT} of child 3 {P} of body
