layer at (0,0) size 800x600
  RenderView at (0,0) size 800x600
layer at (0,0) size 800x600
  RenderBlock {HTML} at (0,0) size 800x600
    RenderBody {BODY} at (8,8) size 784x584
      RenderText {#text} at (0,0) size 441x17
        text run at (0,0) width 441: "This tests that you can dynamically change a list box to a popup menu"
      RenderBR {BR} at (441,14) size 0x0
      RenderMenuList {SELECT} at (2,20) size 286x30 [color=#2E3436] [bgcolor=#FFFFFF] [border: (1px solid #2E3436)]
        RenderBlock (anonymous) at (1,1) size 284x28
          RenderText at (9,5) size 250x17
            text run at (9,5) width 250: "This should turn into a popup menu"
      RenderText {#text} at (0,0) size 0x0
