layer at (0,0) size 800x600
  RenderView at (0,0) size 800x600
layer at (0,0) size 800x600
  RenderBlock {HTML} at (0,0) size 800x600
    RenderBody {BODY} at (8,8) size 784x584
      RenderText {#text} at (0,0) size 462x17
        text run at (0,0) width 462: "This tests that empty select controls and buttons have the correct baseline."
      RenderBR {BR} at (462,14) size 0x0
      RenderMenuList {SELECT} at (2,20) size 36x30 [color=#2E3436] [bgcolor=#FFFFFF] [border: (1px solid #2E3436)]
        RenderBlock (anonymous) at (1,1) size 34x28
          RenderText at (9,5) size 0x17
            text run at (9,5) width 0: " "
      RenderText {#text} at (40,26) size 29x17
        text run at (40,26) width 29: " test "
      RenderMenuList {SELECT} at (71,20) size 61x30 [color=#2E3436] [bgcolor=#FFFFFF] [border: (1px solid #2E3436)]
        RenderBlock (anonymous) at (1,1) size 59x28
          RenderText at (9,5) size 25x17
            text run at (9,5) width 25: "test"
      RenderText {#text} at (134,26) size 4x17
        text run at (134,26) width 4: " "
      RenderMenuList {SELECT} at (140,20) size 36x30 [color=#2E3436] [bgcolor=#ADD8E6] [border: (1px solid #2E3436)]
        RenderBlock (anonymous) at (1,1) size 34x28
          RenderText at (9,5) size 0x17
            text run at (9,5) width 0: " "
      RenderText {#text} at (178,26) size 29x17
        text run at (178,26) width 29: " test "
      RenderMenuList {SELECT} at (209,20) size 61x30 [color=#2E3436] [bgcolor=#ADD8E6] [border: (1px solid #2E3436)]
        RenderBlock (anonymous) at (1,1) size 59x28
          RenderText at (9,5) size 25x17
            text run at (9,5) width 25: "test"
      RenderText {#text} at (272,26) size 4x17
        text run at (272,26) width 4: " "
      RenderButton {BUTTON} at (278,36) size 16x9 [color=#2E3436] [bgcolor=#C0C0C0] [border: (2px outset #C0C0C0)]
      RenderText {#text} at (296,26) size 4x17
        text run at (296,26) width 4: " "
      RenderButton {BUTTON} at (302,22) size 41x27 [color=#2E3436] [bgcolor=#C0C0C0] [border: (2px outset #C0C0C0)]
        RenderBlock (anonymous) at (8,4) size 25x18
          RenderText {#text} at (0,0) size 25x17
            text run at (0,0) width 25: "test"
      RenderText {#text} at (345,26) size 4x17
        text run at (345,26) width 4: " "
      RenderButton {BUTTON} at (351,36) size 16x9 [color=#00008B] [bgcolor=#ADD8E6] [border: (2px outset #C0C0C0)]
      RenderText {#text} at (369,26) size 4x17
        text run at (369,26) width 4: " "
      RenderButton {BUTTON} at (375,22) size 41x27 [color=#00008B] [bgcolor=#ADD8E6] [border: (2px outset #C0C0C0)]
        RenderBlock (anonymous) at (8,4) size 25x18
          RenderText {#text} at (0,0) size 25x17
            text run at (0,0) width 25: "test"
      RenderText {#text} at (0,0) size 0x0
