FAIL: Timed out waiting for notifyDone to be called
layer at (0,0) size 800x600
  RenderView at (0,0) size 800x600
layer at (0,0) size 800x600
  RenderBlock {HTML} at (0,0) size 800x600
    RenderBody {BODY} at (8,8) size 784x584
      RenderBlock {P} at (0,0) size 784x40
        RenderText {#text} at (0,0) size 774x39
          text run at (0,0) width 774: "This tests that calling dataTransfer.setData('URL', aFileURL) sets NSFilenamesPboardType type data on the pasteboard"
          text run at (0,20) width 250: "if and only if this page is a local page."
      RenderBlock {P} at (0,56) size 784x40
        RenderText {#text} at (0,0) size 777x39
          text run at (0,0) width 777: "This test cannot be run manually, as it is not possible to tell whether or not NSFilenamesPboardType type data is on the"
          text run at (0,20) width 275: "pasteboard, without Objective-C bindings."
      RenderBlock (anonymous) at (0,112) size 784x103
        RenderImage {IMG} at (0,0) size 76x103
        RenderText {#text} at (0,0) size 0x0
        RenderText {#text} at (0,0) size 0x0
        RenderText {#text} at (0,0) size 0x0
caret: position 1 of child 5 {IMG} of child 1 {BODY} of child 0 {HTML} of document
