layer at (0,0) size 800x600
  RenderView at (0,0) size 800x600
layer at (0,0) size 800x600
  RenderBlock {HTML} at (0,0) size 800x600
    RenderBody {BODY} at (8,8) size 784x574
      RenderBlock (anonymous) at (0,0) size 784x17
        RenderText {#text} at (0,0) size 565x17
          text run at (0,0) width 565: "In this sample, the H3s should be nested. This matches Firefox, IE, and the HTML5 spec."
      RenderBlock {H3} at (0,35) size 784x296 [border: (2px solid #FF0000)]
        RenderBlock (anonymous) at (4,4) size 776x21
          RenderInline {I} at (0,0) size 33x21
            RenderText {#text} at (0,0) size 33x21
              text run at (0,0) width 33: "One"
        RenderBlock (anonymous) at (4,46) size 776x224
          RenderBlock {H3} at (0,0) size 776x223 [border: (2px solid #FF0000)]
            RenderBlock (anonymous) at (4,4) size 768x25
              RenderInline {I} at (0,0) size 39x25
                RenderText {#text} at (0,0) size 39x25
                  text run at (0,0) width 39: "Two"
            RenderBlock (anonymous) at (4,54) size 768x139
              RenderBlock {H3} at (0,0) size 768x138 [border: (2px solid #FF0000)]
                RenderBlock (anonymous) at (4,4) size 760x29
                  RenderInline {I} at (0,0) size 64x29
                    RenderText {#text} at (0,0) size 64x29
                      text run at (0,0) width 64: "Three"
                RenderBlock (anonymous) at (4,62) size 760x42
                  RenderBlock {H3} at (0,0) size 760x41 [border: (2px solid #FF0000)]
                    RenderInline {I} at (0,0) size 64x33
                      RenderText {#text} at (4,4) size 64x33
                        text run at (4,4) width 64: "Four"
                RenderBlock (anonymous) at (4,133) size 760x0
                  RenderInline {I} at (0,0) size 0x0
            RenderBlock (anonymous) at (4,218) size 768x0
              RenderInline {I} at (0,0) size 0x0
        RenderBlock (anonymous) at (4,290) size 776x0
          RenderInline {I} at (0,0) size 0x0
