layer at (0,0) size 800x600
  RenderView at (0,0) size 800x600
layer at (0,0) size 800x600
  RenderBlock {HTML} at (0,0) size 800x600
    RenderBody {BODY} at (8,8) size 784x584
      RenderBlock {H1} at (0,0) size 784x38
        RenderInline (generated) at (0,0) size 207x36
          RenderText at (0,1) size 207x36
            text run at (0,1) width 207: "First Chapter: "
        RenderText {#text} at (206,1) size 106x36
          text run at (206,1) width 106: "TEST 1"
      RenderBlock (anonymous) at (0,59) size 784x21
        RenderText {#text} at (0,0) size 242x19
          text run at (0,0) width 242: "Should read: \"First Chapter: TEST 1\""
      RenderBlock {H2} at (0,99) size 784x31
        RenderInline (generated) at (0,0) size 100x28
          RenderText at (0,1) size 100x28
            text run at (0,1) width 100: "Chapter: "
        RenderText {#text} at (99,1) size 80x28
          text run at (99,1) width 80: "TEST 2"
      RenderBlock (anonymous) at (0,149) size 784x21
        RenderText {#text} at (0,0) size 208x19
          text run at (0,0) width 208: "Should read: \"Chapter: TEST 2\""
      RenderBlock {H3} at (0,187) size 784x24
        RenderInline (generated) at (0,0) size 118x22
          RenderText at (0,0) size 118x22
            text run at (0,0) width 118: "Chapter One: "
        RenderText {#text} at (117,0) size 63x22
          text run at (117,0) width 63: "TEST 3"
      RenderBlock (anonymous) at (0,229) size 784x21
        RenderText {#text} at (0,0) size 239x19
          text run at (0,0) width 239: "Should read: \"Chapter One: TEST 3\""
      RenderBlock {H4} at (0,270) size 784x21
        RenderInline (generated) at (0,0) size 67x19
          RenderText at (0,0) size 67x19
            text run at (0,0) width 67: "Chapter: "
        RenderText {#text} at (66,0) size 54x19
          text run at (66,0) width 54: "TEST 4"
      RenderBlock (anonymous) at (0,312) size 784x21
        RenderText {#text} at (0,0) size 208x19
          text run at (0,0) width 208: "Should read: \"Chapter: TEST 4\""
