layer at (0,0) size 800x600
  RenderView at (0,0) size 800x600
layer at (0,0) size 800x600
  RenderBlock {HTML} at (0,0) size 800x600
    RenderBody {BODY} at (8,8) size 784x584
      RenderBlock {H1} at (0,0) size 784x38
        RenderText {#text} at (0,1) size 91x36
          text run at (0,1) width 91: "Blocks"
      RenderBlock {DIV} at (0,59) size 784x21
        RenderInline (generated) at (0,0) size 36x19
          RenderText at (0,0) size 36x19
            text run at (0,0) width 36: "Test: "
        RenderText {#text} at (35,0) size 49x19
          text run at (35,0) width 49: "content"
      RenderBlock {DIV} at (0,79) size 784x21
        RenderBlock (generated) at (0,0) size 32x20
          RenderText at (0,0) size 32x19
            text run at (0,0) width 32: "Test:"
        RenderText {#text} at (32,0) size 48x19
          text run at (32,0) width 48: "content"
      RenderBlock {DIV} at (0,99) size 784x21
        RenderTable at (0,0) size 32x20
          RenderTableSection (anonymous) at (0,0) size 32x20
            RenderTableRow (anonymous) at (0,0) size 32x20
              RenderTableCell (anonymous) at (0,0) size 32x20 [r=0 c=0 rs=1 cs=1]
                RenderText at (0,0) size 32x19
                  text run at (0,0) width 32: "Test:"
        RenderText {#text} at (32,0) size 48x19
          text run at (32,0) width 48: "content"
      RenderBlock {H1} at (0,140) size 784x39
        RenderText {#text} at (0,1) size 93x36
          text run at (0,1) width 93: "Inlines"
      RenderBlock (anonymous) at (0,200) size 784x61
        RenderInline {SPAN} at (0,0) size 84x19
          RenderInline (generated) at (0,0) size 36x19
            RenderText at (0,0) size 36x19
              text run at (0,0) width 36: "Test: "
          RenderText {#text} at (35,0) size 49x19
            text run at (35,0) width 49: "content"
        RenderBR {BR} at (83,15) size 1x0
        RenderInline {SPAN} at (0,0) size 80x19
          RenderBlock (generated) at (0,20) size 32x20
            RenderText at (0,0) size 32x19
              text run at (0,0) width 32: "Test:"
          RenderText {#text} at (32,20) size 48x19
            text run at (32,20) width 48: "content"
        RenderBR {BR} at (79,35) size 1x0
        RenderInline {SPAN} at (0,0) size 80x19
          RenderTable at (0,40) size 32x20
            RenderTableSection (anonymous) at (0,0) size 32x20
              RenderTableRow (anonymous) at (0,0) size 32x20
                RenderTableCell (anonymous) at (0,0) size 32x20 [r=0 c=0 rs=1 cs=1]
                  RenderText at (0,0) size 32x19
                    text run at (0,0) width 32: "Test:"
          RenderText {#text} at (32,40) size 48x19
            text run at (32,40) width 48: "content"
        RenderBR {BR} at (79,55) size 1x0
