layer at (0,0) size 800x600
  RenderView at (0,0) size 800x600
layer at (0,0) size 800x150
  RenderBlock {html} at (0,0) size 800x150
    RenderBody {body} at (8,16) size 784x126
      RenderBlock {p} at (0,0) size 784x20
        RenderText {#text} at (0,0) size 525x19
          text run at (0,0) width 423: "There should be rules between all columns (and only columns) in "
          text run at (422,0) width 103: "the table below."
      RenderTable {table} at (0,36) size 181x90 [border: none]
        RenderTableCol {colgroup} at (0,0) size 0x0
          RenderTableCol {col} at (0,0) size 0x0
        RenderTableCol {colgroup} at (0,0) size 0x0
          RenderTableCol {col} at (0,0) size 0x0
        RenderTableCol {colgroup} at (0,0) size 0x0
          RenderTableCol {col} at (0,0) size 0x0
        RenderTableSection {thead} at (0,0) size 180x23
          RenderTableRow {tr} at (0,0) size 180x23
            RenderTableCell {th} at (0,0) size 60x23 [border: (1px none #808080) none none (1px solid #808080)] [r=0 c=0 rs=1 cs=1]
              RenderText {#text} at (2,2) size 57x19
                text run at (2,2) width 57: "THEAD"
            RenderTableCell {th} at (60,0) size 60x23 [border: (1px none #808080) none none (1px solid #808080)] [r=0 c=1 rs=1 cs=1]
              RenderText {#text} at (2,2) size 57x19
                text run at (2,2) width 57: "THEAD"
            RenderTableCell {th} at (120,0) size 60x23 [border: (1px none #808080) none none (1px solid #808080)] [r=0 c=2 rs=1 cs=1]
              RenderText {#text} at (2,2) size 57x19
                text run at (2,2) width 57: "THEAD"
        RenderTableSection {tfoot} at (0,67) size 180x22
          RenderTableRow {tr} at (0,0) size 180x22
            RenderTableCell {td} at (0,0) size 60x22 [border: none none none (1px solid #808080)] [r=0 c=0 rs=1 cs=1]
              RenderText {#text} at (2,1) size 52x19
                text run at (2,1) width 52: "TFOOT"
            RenderTableCell {td} at (60,0) size 60x22 [border: none none none (1px solid #808080)] [r=0 c=1 rs=1 cs=1]
              RenderText {#text} at (2,1) size 52x19
                text run at (2,1) width 52: "TFOOT"
            RenderTableCell {td} at (120,0) size 60x22 [border: none none none (1px solid #808080)] [r=0 c=2 rs=1 cs=1]
              RenderText {#text} at (2,1) size 52x19
                text run at (2,1) width 52: "TFOOT"
        RenderTableSection {tbody} at (0,23) size 180x44
          RenderTableRow {tr} at (0,0) size 180x22
            RenderTableCell {td} at (0,0) size 60x22 [border: none none none (1px solid #808080)] [r=0 c=0 rs=1 cs=1]
              RenderText {#text} at (2,1) size 56x19
                text run at (2,1) width 56: "TBODY"
            RenderTableCell {td} at (60,0) size 60x22 [border: none none none (1px solid #808080)] [r=0 c=1 rs=1 cs=1]
              RenderText {#text} at (2,1) size 56x19
                text run at (2,1) width 56: "TBODY"
            RenderTableCell {td} at (120,0) size 60x22 [border: none none none (1px solid #808080)] [r=0 c=2 rs=1 cs=1]
              RenderText {#text} at (2,1) size 56x19
                text run at (2,1) width 56: "TBODY"
          RenderTableRow {tr} at (0,22) size 180x22
            RenderTableCell {td} at (0,22) size 60x22 [border: none none none (1px solid #808080)] [r=1 c=0 rs=1 cs=1]
              RenderText {#text} at (2,1) size 56x19
                text run at (2,1) width 56: "TBODY"
            RenderTableCell {td} at (60,22) size 60x22 [border: none none none (1px solid #808080)] [r=1 c=1 rs=1 cs=1]
              RenderText {#text} at (2,1) size 56x19
                text run at (2,1) width 56: "TBODY"
            RenderTableCell {td} at (120,22) size 60x22 [border: none none none (1px solid #808080)] [r=1 c=2 rs=1 cs=1]
              RenderText {#text} at (2,1) size 56x19
                text run at (2,1) width 56: "TBODY"
