layer at (0,0) size 800x600
  RenderView at (0,0) size 800x600
layer at (0,0) size 800x153
  RenderBlock {html} at (0,0) size 800x153
    RenderBody {body} at (8,16) size 784x129
      RenderBlock {p} at (0,0) size 784x20
        RenderText {#text} at (0,0) size 479x19
          text run at (0,0) width 400: "There should be rules between all rows (and only rows) in the "
          text run at (399,0) width 80: "table below."
      RenderTable {table} at (0,36) size 179x93 [border: none]
        RenderTableCol {colgroup} at (0,0) size 0x0
          RenderTableCol {col} at (0,0) size 0x0
        RenderTableCol {colgroup} at (0,0) size 0x0
          RenderTableCol {col} at (0,0) size 0x0
        RenderTableCol {colgroup} at (0,0) size 0x0
          RenderTableCol {col} at (0,0) size 0x0
        RenderTableSection {thead} at (0,0) size 178x23
          RenderTableRow {tr} at (0,0) size 178x23
            RenderTableCell {th} at (0,0) size 60x23 [border: (1px solid #808080) none none (1px none #808080)] [r=0 c=0 rs=1 cs=1]
              RenderText {#text} at (2,2) size 57x19
                text run at (2,2) width 57: "THEAD"
            RenderTableCell {th} at (60,0) size 59x23 [border: (1px solid #808080) none none none] [r=0 c=1 rs=1 cs=1]
              RenderText {#text} at (1,2) size 57x19
                text run at (1,2) width 57: "THEAD"
            RenderTableCell {th} at (119,0) size 59x23 [border: (1px solid #808080) none none none] [r=0 c=2 rs=1 cs=1]
              RenderText {#text} at (1,2) size 57x19
                text run at (1,2) width 57: "THEAD"
        RenderTableSection {tfoot} at (0,69) size 178x23
          RenderTableRow {tr} at (0,0) size 178x23
            RenderTableCell {td} at (0,0) size 60x23 [border: (1px solid #808080) none none (1px none #808080)] [r=0 c=0 rs=1 cs=1]
              RenderText {#text} at (2,2) size 52x19
                text run at (2,2) width 52: "TFOOT"
            RenderTableCell {td} at (60,0) size 59x23 [border: (1px solid #808080) none none none] [r=0 c=1 rs=1 cs=1]
              RenderText {#text} at (1,2) size 52x19
                text run at (1,2) width 52: "TFOOT"
            RenderTableCell {td} at (119,0) size 59x23 [border: (1px solid #808080) none none none] [r=0 c=2 rs=1 cs=1]
              RenderText {#text} at (1,2) size 52x19
                text run at (1,2) width 52: "TFOOT"
        RenderTableSection {tbody} at (0,23) size 178x46
          RenderTableRow {tr} at (0,0) size 178x23
            RenderTableCell {td} at (0,0) size 60x23 [border: (1px solid #808080) none none (1px none #808080)] [r=0 c=0 rs=1 cs=1]
              RenderText {#text} at (2,2) size 56x19
                text run at (2,2) width 56: "TBODY"
            RenderTableCell {td} at (60,0) size 59x23 [border: (1px solid #808080) none none none] [r=0 c=1 rs=1 cs=1]
              RenderText {#text} at (1,2) size 56x19
                text run at (1,2) width 56: "TBODY"
            RenderTableCell {td} at (119,0) size 59x23 [border: (1px solid #808080) none none none] [r=0 c=2 rs=1 cs=1]
              RenderText {#text} at (1,2) size 56x19
                text run at (1,2) width 56: "TBODY"
          RenderTableRow {tr} at (0,23) size 178x23
            RenderTableCell {td} at (0,23) size 60x23 [border: (1px solid #808080) none none (1px none #808080)] [r=1 c=0 rs=1 cs=1]
              RenderText {#text} at (2,2) size 56x19
                text run at (2,2) width 56: "TBODY"
            RenderTableCell {td} at (60,23) size 59x23 [border: (1px solid #808080) none none none] [r=1 c=1 rs=1 cs=1]
              RenderText {#text} at (1,2) size 56x19
                text run at (1,2) width 56: "TBODY"
            RenderTableCell {td} at (119,23) size 59x23 [border: (1px solid #808080) none none none] [r=1 c=2 rs=1 cs=1]
              RenderText {#text} at (1,2) size 56x19
                text run at (1,2) width 56: "TBODY"
