layer at (0,0) size 800x600
  RenderView at (0,0) size 800x600
layer at (0,0) size 800x17
  RenderBlock {HTML} at (0,0) size 800x17
    RenderBody {BODY} at (0,0) size 800x17
      RenderBlock {P} at (0,0) size 800x17
        RenderText {#text} at (0,0) size 425x17
          text run at (0,0) width 425: "Test passes the blue box is in the upper-left corner of the black box."
layer at (0,17) size 198x198
  RenderBlock (positioned) {DIV} at (0,17) size 198x198 [border: (3px solid #000000)]
layer at (3,20) size 96x48
  RenderBlock (positioned) {DIV} at (3,20) size 96x48 [bgcolor=#0000FF]
