layer at (0,0) size 800x600
  RenderView at (0,0) size 800x600
layer at (0,0) size 800x351
  RenderBlock {HTML} at (0,0) size 800x351
    RenderBody {BODY} at (8,16) size 784x327
      RenderBlock {P} at (0,0) size 784x17
        RenderText {#text} at (0,0) size 408x17
          text run at (0,0) width 408: "Test passes if the blue box is vertically centered in the black box."
layer at (8,49) size 294x294
  RenderBlock (relative positioned) {DIV} at (0,33) size 294x294 [border: (3px solid #000000)]
layer at (11,148) size 288x96
  RenderBlock (positioned) {DIV} at (3,99) size 288x96 [bgcolor=#0000FF]
