layer at (0,0) size 800x600
  RenderView at (0,0) size 800x600
layer at (0,0) size 800x272
  RenderBlock {HTML} at (0,0) size 800x272
    RenderBody {BODY} at (8,16) size 784x248
      RenderBlock {P} at (0,0) size 784x34
        RenderText {#text} at (0,0) size 774x34
          text run at (0,0) width 774: "Test passes if the blue and orange boxes below are the same width, and the boxes are horizontally centered inside the black"
          text run at (0,17) width 28: "box."
layer at (8,66) size 198x198
  RenderBlock (relative positioned) {DIV} at (0,50) size 198x198 [border: (3px solid #000000)]
    RenderBlock {DIV} at (51,99) size 96x96 [bgcolor=#FFA500]
layer at (59,69) size 96x96
  RenderImage {IMG} at (51,3) size 96x96
