layer at (0,0) size 800x600
  RenderView at (0,0) size 800x600
layer at (0,0) size 800x368
  RenderBlock {HTML} at (0,0) size 800x368
    RenderBody {BODY} at (8,16) size 784x344
      RenderBlock {P} at (0,0) size 784x34
        RenderText {#text} at (0,0) size 771x34
          text run at (0,0) width 771: "Test passes if the blue and orange boxes below are the same width, and the blue box is in the upper-left corner of the black"
          text run at (0,17) width 28: "box."
layer at (8,66) size 198x294
  RenderBlock (relative positioned) {DIV} at (0,50) size 198x294 [border: (3px solid #000000)]
    RenderBlock {DIV} at (3,99) size 96x96 [bgcolor=#FFA500]
layer at (11,69) size 96x96
  RenderImage {IMG} at (3,3) size 96x96
