layer at (0,0) size 800x600
  RenderView at (0,0) size 800x600
layer at (0,0) size 800x102
  RenderBlock {HTML} at (0,0) size 800x102
    RenderBody {BODY} at (8,16) size 784x78
      RenderBlock {P} at (0,0) size 784x17
        RenderText {#text} at (0,0) size 138x17
          text run at (0,0) width 138: "There must be no red."
layer at (8,49) size 45x45
  RenderBlock (relative positioned) {DIV} at (0,33) size 45x45
    RenderBlock {DIV} at (0,0) size 45x15 [border: none (15px solid #FF0000) none]
    RenderBlock {DIV} at (0,15) size 45x15 [border: none (15px solid #FF0000)]
    RenderBlock {DIV} at (15,30) size 15x15 [bgcolor=#FF0000]
layer at (8,64) size 15x15
  RenderImage {IMG} at (0,15) size 15x15 [bgcolor=#FF0000]
layer at (23,79) size 15x15
  RenderImage {IMG} at (15,30) size 15x15 [bgcolor=#FF0000]
layer at (38,49) size 15x15
  RenderImage {IMG} at (30,0) size 15x15 [bgcolor=#FF0000]
