layer at (0,0) size 785x585
  RenderView at (0,0) size 785x585
layer at (0,0) size 785x176
  RenderBlock {HTML} at (0,0) size 785x176
layer at (8,8) size 769x160 clip at (8,8) size 754x145 scrollHeight 241
  RenderBody {BODY} at (8,8) size 769x160
    RenderBlock {P} at (0,16) size 754x17
      RenderText {#text} at (0,0) size 425x17
        text run at (0,0) width 425: "Test passes if the blue and orange boxes below are the same height."
layer at (8,57) size 754x96
  RenderBlock (relative positioned) {DIV} at (0,49) size 754x96
    RenderBlock {DIV} at (0,0) size 96x96 [bgcolor=#0000FF]
layer at (104,57) size 96x96
  RenderBlock (positioned) {DIV} at (96,0) size 96x96 [bgcolor=#FFA500]
