layer at (0,0) size 800x600
  RenderView at (0,0) size 800x600
layer at (0,0) size 800x267
  RenderBlock {HTML} at (0,0) size 800x267
    RenderBody {BODY} at (8,8) size 784x251
      RenderBlock {DIV} at (0,0) size 784x17
        RenderText {#text} at (0,0) size 298x17
          text run at (0,0) width 298: "All twenty images should be identically square."
      RenderBlock (anonymous) at (0,17) size 784x234
        RenderInline {P} at (0,0) size 75x17
          RenderImage {IMG} at (0,0) size 75x75
        RenderText {#text} at (75,61) size 4x17
          text run at (75,61) width 4: " "
        RenderText {#text} at (0,0) size 0x0
        RenderInline {P} at (0,0) size 75x17
          RenderImage {IMG} at (79,0) size 75x75
        RenderText {#text} at (154,61) size 4x17
          text run at (154,61) width 4: " "
        RenderText {#text} at (0,0) size 0x0
        RenderInline {P} at (0,0) size 75x17
          RenderImage {IMG} at (158,0) size 75x75
        RenderText {#text} at (233,61) size 4x17
          text run at (233,61) width 4: " "
        RenderText {#text} at (0,0) size 0x0
        RenderInline {P} at (0,0) size 75x17
          RenderImage {IMG} at (237,0) size 75x75
        RenderText {#text} at (312,61) size 4x17
          text run at (312,61) width 4: " "
        RenderText {#text} at (0,0) size 0x0
        RenderInline {P} at (0,0) size 75x17
          RenderImage {IMG} at (316,0) size 75x75
        RenderText {#text} at (391,61) size 4x17
          text run at (391,61) width 4: " "
        RenderText {#text} at (0,0) size 0x0
        RenderInline {P} at (0,0) size 75x17
          RenderImage {IMG} at (395,0) size 75x75
        RenderText {#text} at (470,61) size 4x17
          text run at (470,61) width 4: " "
        RenderText {#text} at (0,0) size 0x0
        RenderInline {P} at (0,0) size 75x17
          RenderImage {IMG} at (474,0) size 75x75
        RenderText {#text} at (549,61) size 4x17
          text run at (549,61) width 4: " "
        RenderText {#text} at (0,0) size 0x0
        RenderInline {P} at (0,0) size 75x17
          RenderImage {IMG} at (553,0) size 75x75
        RenderText {#text} at (628,61) size 4x17
          text run at (628,61) width 4: " "
        RenderText {#text} at (0,0) size 0x0
        RenderInline {P} at (0,0) size 75x17
          RenderImage {IMG} at (632,0) size 75x75
        RenderText {#text} at (0,0) size 0x0
        RenderText {#text} at (0,0) size 0x0
        RenderInline {P} at (0,0) size 75x17
          RenderImage {IMG} at (0,78) size 75x75
        RenderText {#text} at (75,139) size 4x17
          text run at (75,139) width 4: " "
        RenderText {#text} at (0,0) size 0x0
        RenderInline {P} at (0,0) size 75x17
          RenderImage {IMG} at (79,78) size 75x75
        RenderText {#text} at (154,139) size 4x17
          text run at (154,139) width 4: " "
        RenderText {#text} at (0,0) size 0x0
        RenderInline {P} at (0,0) size 75x17
          RenderImage {IMG} at (158,78) size 75x75
        RenderText {#text} at (233,139) size 4x17
          text run at (233,139) width 4: " "
        RenderText {#text} at (0,0) size 0x0
        RenderInline {P} at (0,0) size 75x17
          RenderImage {IMG} at (237,78) size 75x75
        RenderText {#text} at (312,139) size 4x17
          text run at (312,139) width 4: " "
        RenderText {#text} at (0,0) size 0x0
        RenderInline {P} at (0,0) size 75x17
          RenderImage {IMG} at (316,78) size 75x75
        RenderText {#text} at (391,139) size 4x17
          text run at (391,139) width 4: " "
        RenderText {#text} at (0,0) size 0x0
        RenderInline {P} at (0,0) size 75x17
          RenderImage {IMG} at (395,78) size 75x75
        RenderText {#text} at (470,139) size 4x17
          text run at (470,139) width 4: " "
        RenderText {#text} at (0,0) size 0x0
        RenderInline {P} at (0,0) size 75x17
          RenderImage {IMG} at (474,78) size 75x75
        RenderText {#text} at (549,139) size 4x17
          text run at (549,139) width 4: " "
        RenderText {#text} at (0,0) size 0x0
        RenderInline {P} at (0,0) size 75x17
          RenderImage {IMG} at (553,78) size 75x75
        RenderText {#text} at (628,139) size 4x17
          text run at (628,139) width 4: " "
        RenderText {#text} at (0,0) size 0x0
        RenderInline {P} at (0,0) size 75x17
          RenderImage {IMG} at (632,78) size 75x75
        RenderText {#text} at (0,0) size 0x0
        RenderText {#text} at (0,0) size 0x0
        RenderInline {P} at (0,0) size 75x17
          RenderImage {IMG} at (0,156) size 75x75
        RenderText {#text} at (75,217) size 4x17
          text run at (75,217) width 4: " "
        RenderText {#text} at (0,0) size 0x0
        RenderInline {P} at (0,0) size 75x17
          RenderImage {IMG} at (79,156) size 75x75
        RenderText {#text} at (0,0) size 0x0
        RenderText {#text} at (0,0) size 0x0
