layer at (0,0) size 800x600
  RenderView at (0,0) size 800x600
layer at (0,0) size 800x152
  RenderBlock {HTML} at (0,0) size 800x152
    RenderTable {BODY} at (8,8) size 784x136
      RenderTableSection (anonymous) at (0,51) size 784x51
        RenderTableRow (anonymous) at (0,0) size 784x34
          RenderTableCell {DIV} at (0,0) size 784x34 [r=0 c=0 rs=1 cs=1]
            RenderText {#text} at (0,0) size 743x34
              text run at (0,0) width 743: "Test passes if the numbers above are in order from top-to-bottom (1-3) and the number below are in order from top-to-"
              text run at (0,17) width 83: "bottom (4-6)."
        RenderTableRow {DIV} at (0,34) size 784x17 [color=#008000]
          RenderTableCell (anonymous) at (0,34) size 784x17 [r=1 c=0 rs=1 cs=1]
            RenderText {#text} at (0,0) size 179x17
              text run at (0,0) width 179: "4. This line should be green."
      RenderBlock {DIV} at (0,0) size 784x17 [color=#008000]
        RenderText {#text} at (0,0) size 179x17
          text run at (0,0) width 179: "1. This line should be green."
      RenderBlock {DIV} at (0,17) size 784x17 [color=#008000]
        RenderText {#text} at (0,0) size 179x17
          text run at (0,0) width 179: "2. This line should be green."
      RenderTableSection (anonymous) at (0,102) size 784x17
        RenderTableRow {DIV} at (0,0) size 784x17 [color=#008000]
          RenderTableCell (anonymous) at (0,0) size 784x17 [r=0 c=0 rs=1 cs=1]
            RenderText {#text} at (0,0) size 179x17
              text run at (0,0) width 179: "5. This line should be green."
      RenderBlock {DIV} at (0,34) size 784x17 [color=#008000]
        RenderText {#text} at (0,0) size 179x17
          text run at (0,0) width 179: "3. This line should be green."
      RenderTableSection (anonymous) at (0,119) size 784x17
        RenderTableRow {DIV} at (0,0) size 784x17 [color=#008000]
          RenderTableCell (anonymous) at (0,0) size 784x17 [r=0 c=0 rs=1 cs=1]
            RenderText {#text} at (0,0) size 179x17
              text run at (0,0) width 179: "6. This line should be green."
