layer at (0,0) size 800x600
  RenderView at (0,0) size 800x600
layer at (0,0) size 800x157
  RenderBlock {HTML} at (0,0) size 800x157
    RenderBody {BODY} at (8,16) size 784x133
      RenderBlock {P} at (0,0) size 784x17
        RenderText {#text} at (0,0) size 390x17
          text run at (0,0) width 390: "Test passes if the bottom of the \"Filler Text\" below is aligned."
      RenderTable {TABLE} at (0,33) size 358x100
        RenderTableSection {TBODY} at (0,0) size 358x100
          RenderTableRow {TR} at (0,2) size 358x96
            RenderTableCell {TD} at (2,26) size 59x17 [r=0 c=0 rs=1 cs=1]
              RenderBlock {DIV} at (1,1) size 57x15
                RenderText {#text} at (0,0) size 57x15
                  text run at (0,0) width 57: "Filler Text"
            RenderTableCell {TD} at (63,14) size 120x32 [r=0 c=1 rs=1 cs=1]
              RenderBlock {DIV} at (1,1) size 118x30
                RenderText {#text} at (0,0) size 118x30
                  text run at (0,0) width 118: "Filler Text"
            RenderTableCell {TD} at (185,2) size 171x47 [r=0 c=2 rs=1 cs=1]
              RenderBlock {DIV} at (1,1) size 169x45
                RenderText {#text} at (0,0) size 169x45
                  text run at (0,0) width 169: "Filler Text"
