layer at (0,0) size 800x600
  RenderView at (0,0) size 800x600
layer at (0,0) size 800x74
  RenderBlock {HTML} at (0,0) size 800x74
    RenderBody {BODY} at (8,16) size 784x50
      RenderBlock {P} at (0,0) size 784x17
        RenderText {#text} at (0,0) size 505x17
          text run at (0,0) width 505: "Test passes if the left and right borders start and end where the 'Filler Text' does."
      RenderBlock {DIV} at (0,33) size 784x17
        RenderInline {SPAN} at (0,0) size 286x17 [border: none (5px solid #000000) none (5px solid #000000)]
          RenderText {#text} at (5,0) size 276x17
            text run at (5,0) width 276: "Filler Text Filler Text Filler Text Filler Text"
        RenderText {#text} at (0,0) size 0x0
