layer at (0,0) size 800x600
  RenderView at (0,0) size 800x600
layer at (0,0) size 800x212
  RenderBlock {HTML} at (0,0) size 800x212
    RenderBody {BODY} at (8,8) size 784x196
      RenderTextControl {INPUT} at (2,2) size 222x24 [bgcolor=#FFFFFF] [border: (2px inset #000000)]
        RenderFlexibleBox {DIV} at (3,3) size 216x18
          RenderBlock {DIV} at (0,9) size 0x0
          RenderBlock {DIV} at (0,0) size 185x18
          RenderBlock {DIV} at (185,0) size 31x18
      RenderText {#text} at (226,5) size 4x17
        text run at (226,5) width 4: " "
      RenderBR {BR} at (0,0) size 0x0
      RenderTextControl {INPUT} at (2,30) size 222x24 [bgcolor=#FFFFFF] [border: (2px inset #000000)]
        RenderFlexibleBox {DIV} at (3,3) size 216x18
          RenderBlock {DIV} at (0,9) size 0x0
          RenderBlock {DIV} at (0,0) size 185x18
          RenderBlock {DIV} at (185,0) size 31x18
      RenderText {#text} at (226,33) size 4x17
        text run at (226,33) width 4: " "
      RenderBR {BR} at (0,0) size 0x0
      RenderTextControl {INPUT} at (2,58) size 253x24 [bgcolor=#FFFFFF] [border: (2px inset #000000)]
        RenderFlexibleBox {DIV} at (3,3) size 247x18
          RenderBlock {DIV} at (0,0) size 31x18
          RenderBlock {DIV} at (31,0) size 185x18
          RenderBlock {DIV} at (216,0) size 31x18
      RenderText {#text} at (257,61) size 4x17
        text run at (257,61) width 4: " "
      RenderBR {BR} at (0,0) size 0x0
      RenderTextControl {INPUT} at (2,86) size 253x24 [bgcolor=#FFFFFF] [border: (2px inset #000000)]
        RenderFlexibleBox {DIV} at (3,3) size 247x18
          RenderBlock {DIV} at (0,0) size 31x18
          RenderBlock {DIV} at (31,0) size 185x18
          RenderBlock {DIV} at (216,0) size 31x18
      RenderText {#text} at (257,89) size 4x17
        text run at (257,89) width 4: " "
      RenderBR {BR} at (0,0) size 0x0
      RenderTextControl {INPUT} at (2,114) size 253x24 [bgcolor=#FFFFFF] [border: (2px inset #000000)]
        RenderFlexibleBox {DIV} at (3,3) size 247x18
          RenderBlock {DIV} at (0,0) size 31x18
          RenderBlock {DIV} at (31,0) size 185x18
          RenderBlock {DIV} at (216,0) size 31x18
      RenderText {#text} at (257,117) size 4x17
        text run at (257,117) width 4: " "
      RenderBR {BR} at (0,0) size 0x0
      RenderTextControl {INPUT} at (2,142) size 253x24 [bgcolor=#FFFFFF] [border: (2px inset #000000)]
        RenderFlexibleBox {DIV} at (3,3) size 247x18
          RenderBlock {DIV} at (0,0) size 31x18
          RenderBlock {DIV} at (31,0) size 185x18
          RenderBlock {DIV} at (216,0) size 31x18
      RenderText {#text} at (257,145) size 4x17
        text run at (257,145) width 4: " "
      RenderBR {BR} at (0,0) size 0x0
      RenderTextControl {INPUT} at (2,170) size 433x24 [bgcolor=#FFFFFF] [border: (2px inset #000000)]
        RenderFlexibleBox {DIV} at (3,3) size 427x18
          RenderBlock {DIV} at (0,0) size 31x18
          RenderBlock {DIV} at (31,0) size 365x18
          RenderBlock {DIV} at (396,0) size 31x18
      RenderText {#text} at (0,0) size 0x0
layer at (13,13) size 185x18
  RenderBlock {DIV} at (0,0) size 185x18
layer at (13,41) size 185x18
  RenderBlock {DIV} at (0,0) size 185x18
    RenderText {#text} at (0,0) size 180x17
      text run at (0,0) width 180: "12345678901234567890"
layer at (44,69) size 185x18
  RenderBlock {DIV} at (0,0) size 185x18
layer at (44,97) size 185x18
  RenderBlock {DIV} at (0,0) size 185x18
    RenderText {#text} at (0,0) size 180x17
      text run at (0,0) width 180: "12345678901234567890"
layer at (44,125) size 185x18
  RenderBlock {DIV} at (0,0) size 185x18
layer at (44,153) size 185x18
  RenderBlock {DIV} at (0,0) size 185x18
    RenderText {#text} at (0,0) size 180x17
      text run at (0,0) width 180: "12345678901234567890"
layer at (44,181) size 365x18
  RenderBlock {DIV} at (0,0) size 365x18
    RenderText {#text} at (0,0) size 360x17
      text run at (0,0) width 360: "1234567890123456789012345678901234567890"
