layer at (0,0) size 800x600
  RenderView at (0,0) size 800x600
layer at (0,0) size 800x329
  RenderBlock {HTML} at (0,0) size 800x329
    RenderBody {BODY} at (8,16) size 784x305
      RenderBlock {P} at (0,0) size 784x17
        RenderText {#text} at (0,0) size 303x17
          text run at (0,0) width 303: "Test passes if there is no red visible on the page."
      RenderBlock {SPAN} at (0,33) size 272x272 [bgcolor=#FF0000] [border: (20px solid #000000)]
