layer at (0,0) size 800x600
  RenderView at (0,0) size 800x600
layer at (0,0) size 800x452
  RenderBlock {HTML} at (0,0) size 800x453
    RenderBody {BODY} at (8,16) size 784x429
      RenderBlock {P} at (0,0) size 784x34
        RenderText {#text} at (0,0) size 778x34
          text run at (0,0) width 778: "Test passes if there are four unclipped cats below, if the cats are equally spaced from each other, and if the cats do not touch"
          text run at (0,17) width 183: "or overlap the double border."
      RenderBlock {DIV} at (0,50) size 379x379 [border: (25px double #000000)]
