layer at (0,0) size 800x600
  RenderView at (0,0) size 800x600
layer at (0,0) size 800x177
  RenderBlock {HTML} at (0,0) size 800x177
    RenderBody {BODY} at (8,16) size 784x153
      RenderBlock {P} at (0,0) size 784x17
        RenderText {#text} at (0,0) size 303x17
          text run at (0,0) width 303: "Test passes if there is no red visible on the page."
      RenderBlock {DIV} at (0,33) size 140x140 [bgcolor=#FF0000] [border: (10px solid #000000)]
      RenderBlock {DIV} at (20,53) size 100x100 [bgcolor=#000000]
