layer at (0,0) size 800x600
  RenderView at (0,0) size 800x600
layer at (0,0) size 800x307
  RenderBlock {HTML} at (0,0) size 800x307
    RenderBody {BODY} at (8,16) size 784x283
      RenderBlock {P} at (0,0) size 784x17
        RenderText {#text} at (0,0) size 490x17
          text run at (0,0) width 490: "Test passes if a blue box overlaps an orange box, which overlaps a black box."
      RenderBlock {DIV} at (0,33) size 250x250
