layer at (0,0) size 800x600
  RenderView at (0,0) size 800x600
layer at (0,0) size 800x600
  RenderBlock {HTML} at (0,0) size 800x600
    RenderBody {BODY} at (8,8) size 470x582
      RenderBlock (anonymous) at (0,0) size 470x289
        RenderText {#text} at (0,0) size 326x17
          text run at (0,0) width 326: "This tests basic inputs. Here's what you should see: "
        RenderBR {BR} at (326,14) size 0x0
        RenderBR {BR} at (0,17) size 0x17
        RenderText {#text} at (0,34) size 455x51
          text run at (0,34) width 432: "first line: the letter \"a\" and then a text input field filled with repeating"
          text run at (0,51) width 85: "\"foobarbaz\", "
          text run at (85,51) width 370: "then the word \"text\" followed by a disabled text input field"
          text run at (0,68) width 332: "filled with \"foo\" and then the letter \"b\" and then \"a\" "
        RenderBR {BR} at (332,82) size 0x0
        RenderBR {BR} at (0,85) size 0x17
        RenderText {#text} at (0,102) size 466x51
          text run at (0,102) width 466: "second line: and then a password input field that's filled and then the word"
          text run at (0,119) width 448: "\"password\" and then a disabled password field that's filled and then the"
          text run at (0,136) width 61: "letter \"b\" "
        RenderBR {BR} at (61,150) size 0x0
        RenderBR {BR} at (0,153) size 0x17
        RenderText {#text} at (0,170) size 451x34
          text run at (0,170) width 451: "third line: the letter \"a\" and then a checkbox (unchecked) with the word"
          text run at (0,187) width 357: "\"checkbox\" and then a disabled checkbox and letter \"b\" "
        RenderBR {BR} at (357,201) size 0x0
        RenderBR {BR} at (0,204) size 0x17
        RenderText {#text} at (0,221) size 449x51
          text run at (0,221) width 401: "fourth line: the last line has the letter \"a\" and then a redio button"
          text run at (0,238) width 449: "(unselected) and then the word \"radio\" and then a disabled radio button"
          text run at (0,255) width 111: "and the letter \"b\" "
        RenderBR {BR} at (111,269) size 0x0
        RenderBR {BR} at (0,272) size 0x17
      RenderBlock {DIV} at (10,299) size 450x83 [border: (1px solid #FF0000)]
        RenderText {#text} at (1,6) size 7x17
          text run at (1,6) width 7: "a"
        RenderTextControl {INPUT} at (10,3) size 191x23 [bgcolor=#FFFFFF] [border: (2px inset #000000)]
        RenderText {#text} at (203,6) size 27x17
          text run at (203,6) width 27: "text "
        RenderTextControl {INPUT} at (232,3) size 191x23 [bgcolor=#FFFFFF] [border: (2px inset #000000)]
        RenderText {#text} at (425,6) size 19x17
          text run at (425,6) width 12: "b "
          text run at (437,6) width 7: "a"
        RenderTextControl {INPUT} at (3,30) size 191x23 [bgcolor=#FFFFFF] [border: (2px inset #000000)]
        RenderText {#text} at (196,33) size 60x17
          text run at (196,33) width 60: "password"
        RenderTextControl {INPUT} at (3,57) size 191x23 [bgcolor=#FFFFFF] [border: (2px inset #000000)]
        RenderText {#text} at (196,60) size 8x17
          text run at (196,60) width 8: "b"
      RenderBlock {DIV} at (10,392) size 450x24 [border: (1px solid #FF0000)]
        RenderText {#text} at (1,4) size 7x17
          text run at (1,4) width 7: "a"
        RenderBlock {INPUT} at (10,4) size 16x16
        RenderText {#text} at (28,4) size 65x17
          text run at (28,4) width 65: "checkbox "
        RenderBlock {INPUT} at (95,4) size 16x16
        RenderText {#text} at (113,4) size 8x17
          text run at (113,4) width 8: "b"
      RenderBlock {DIV} at (10,426) size 450x24 [border: (1px solid #FF0000)]
        RenderText {#text} at (1,4) size 7x17
          text run at (1,4) width 7: "a"
        RenderBlock {INPUT} at (10,4) size 16x16
        RenderText {#text} at (28,4) size 36x17
          text run at (28,4) width 36: "radio "
        RenderBlock {INPUT} at (66,4) size 16x16
        RenderText {#text} at (84,4) size 8x17
          text run at (84,4) width 8: "b"
layer at (31,313) size 185x17 scrollWidth 214
  RenderBlock {DIV} at (3,3) size 185x17
    RenderText {#text} at (0,0) size 213x17
      text run at (0,0) width 213: "foobarbazfoobarbazfoobarbaz"
layer at (253,313) size 185x17
  RenderBlock {DIV} at (3,3) size 185x17 [color=#545454]
    RenderText {#text} at (0,0) size 22x17
      text run at (0,0) width 22: "foo"
layer at (24,340) size 185x17
  RenderBlock {DIV} at (3,3) size 185x17
    RenderText {#text} at (0,0) size 18x17
      text run at (0,0) width 18: "\x{2022}\x{2022}\x{2022}"
layer at (24,367) size 185x17
  RenderBlock {DIV} at (3,3) size 185x17 [color=#545454]
    RenderText {#text} at (0,0) size 18x17
      text run at (0,0) width 18: "\x{2022}\x{2022}\x{2022}"
