layer at (0,0) size 785x1903
  RenderView at (0,0) size 785x600
layer at (0,0) size 785x1903
  RenderBlock {HTML} at (0,0) size 785x1903
    RenderBody {BODY} at (0,0) size 785x1903
      RenderIFrame {IFRAME} at (0,0) size 785x968
        layer at (0,0) size 785x968
          RenderView at (0,0) size 785x968
        layer at (0,0) size 785x968
          RenderBlock {HTML} at (0,0) size 785x968
            RenderBody {BODY} at (0,5) size 785x963
              RenderBlock {DIV} at (0,0) size 785x17
                RenderText {#text} at (0,0) size 196x17
                  text run at (0,0) width 196: "CompatMode: CSS1Compat"
              RenderBlock (anonymous) at (0,22) size 785x941
                RenderBlock {DIV} at (0,30) size 207x63 [border: (1px solid #0000FF)]
                  RenderBlock {SPAN} at (1,12) size 80x0
                  RenderBR {BR} at (81,1) size 0x14
                RenderBlock {DIV} at (207,30) size 207x63 [border: (1px solid #0000FF)]
                  RenderBlock {SPAN} at (1,1) size 80x14
                    RenderText {#text} at (0,0) size 76x14
                      text run at (0,0) width 76: "disabled: \"true\","
                  RenderBR {BR} at (81,1) size 0x14
                RenderBlock {DIV} at (414,0) size 223x93 [border: (1px solid #0000FF)]
                  RenderBlock {SPAN} at (1,1) size 80x28
                    RenderText {#text} at (0,0) size 78x28
                      text run at (0,0) width 25: "style:"
                      text run at (0,14) width 78: "\"padding:10px\","
                  RenderBR {BR} at (81,15) size 0x14
                RenderBlock {DIV} at (0,113) size 203x73 [border: (1px solid #0000FF)]
                  RenderBlock {SPAN} at (1,1) size 80x28
                    RenderText {#text} at (0,0) size 72x28
                      text run at (0,0) width 25: "style:"
                      text run at (0,14) width 72: "\"padding:0px\","
                  RenderBR {BR} at (81,15) size 0x14
                RenderBlock {DIV} at (203,93) size 223x93 [border: (1px solid #0000FF)]
                  RenderBlock {SPAN} at (1,1) size 80x28
                    RenderText {#text} at (0,0) size 73x28
                      text run at (0,0) width 25: "style:"
                      text run at (0,14) width 73: "\"margin:10px\","
                  RenderBR {BR} at (81,15) size 0x14
                RenderBlock {DIV} at (426,113) size 203x73 [border: (1px solid #0000FF)]
                  RenderBlock {SPAN} at (1,1) size 80x28
                    RenderText {#text} at (0,0) size 67x28
                      text run at (0,0) width 25: "style:"
                      text run at (0,14) width 67: "\"margin:0px\","
                  RenderBR {BR} at (81,15) size 0x14
                RenderBlock {DIV} at (629,109) size 82x77 [border: (1px solid #0000FF)]
                  RenderBlock {SPAN} at (1,1) size 80x28
                    RenderText {#text} at (0,0) size 67x28
                      text run at (0,0) width 25: "style:"
                      text run at (0,14) width 67: "\"width:60px\","
                  RenderBR {BR} at (81,15) size 0x14
                RenderBlock {DIV} at (0,186) size 104x127 [border: (1px solid #0000FF)]
                  RenderBlock {SPAN} at (1,1) size 80x42
                    RenderText {#text} at (0,0) size 73x42
                      text run at (0,0) width 25: "style:"
                      text run at (0,14) width 62: "\"width:60px;"
                      text run at (0,28) width 73: "padding:20px\","
                  RenderBR {BR} at (81,29) size 0x14
                RenderBlock {DIV} at (104,226) size 82x87 [border: (1px solid #0000FF)]
                  RenderBlock {SPAN} at (1,1) size 80x42
                    RenderText {#text} at (0,0) size 62x42
                      text run at (0,0) width 25: "style:"
                      text run at (0,14) width 62: "\"width:60px;"
                      text run at (0,28) width 55: "padding:0\","
                  RenderBR {BR} at (81,29) size 0x14
                RenderBlock {DIV} at (186,214) size 207x99 [border: (1px solid #0000FF)]
                  RenderBlock {SPAN} at (1,1) size 80x28
                    RenderText {#text} at (0,0) size 69x28
                      text run at (0,0) width 25: "style:"
                      text run at (0,14) width 69: "\"height:60px\","
                  RenderBR {BR} at (81,15) size 0x14
                RenderBlock {DIV} at (393,200) size 82x113 [border: (1px solid #0000FF)]
                  RenderBlock {SPAN} at (1,1) size 80x42
                    RenderText {#text} at (0,0) size 64x42
                      text run at (0,0) width 25: "style:"
                      text run at (0,14) width 62: "\"width:60px;"
                      text run at (0,28) width 64: "height:60px\","
                  RenderBR {BR} at (81,29) size 0x14
                RenderBlock {DIV} at (475,236) size 207x77 [border: (1px solid #0000FF)]
                  RenderBlock {SPAN} at (1,1) size 80x28
                    RenderText {#text} at (0,0) size 91x28
                      text run at (0,0) width 25: "style:"
                      text run at (0,14) width 91: "\"overflow:hidden\","
                  RenderBR {BR} at (81,15) size 0x14
                RenderBlock {DIV} at (0,348) size 207x92 [border: (1px solid #0000FF)]
                  RenderBlock {SPAN} at (1,1) size 80x28
                    RenderText {#text} at (0,0) size 85x28
                      text run at (0,0) width 25: "style:"
                      text run at (0,14) width 85: "\"overflow:scroll\","
                  RenderBR {BR} at (81,15) size 0x14
                RenderBlock {DIV} at (207,313) size 82x127 [border: (1px solid #0000FF)]
                  RenderBlock {SPAN} at (1,1) size 80x56
                    RenderText {#text} at (0,0) size 86x56
                      text run at (0,0) width 25: "style:"
                      text run at (0,14) width 86: "\"overflow:hidden;"
                      text run at (0,28) width 57: "width:60px;"
                      text run at (0,42) width 64: "height:60px\","
                  RenderBR {BR} at (81,43) size 0x14
                RenderBlock {DIV} at (289,313) size 82x127 [border: (1px solid #0000FF)]
                  RenderBlock {SPAN} at (1,1) size 80x56
                    RenderText {#text} at (0,0) size 80x56
                      text run at (0,0) width 25: "style:"
                      text run at (0,14) width 80: "\"overflow:scroll;"
                      text run at (0,28) width 57: "width:60px;"
                      text run at (0,42) width 64: "height:60px\","
                  RenderBR {BR} at (81,43) size 0x14
                RenderBlock {DIV} at (371,327) size 82x113 [border: (1px solid #0000FF)]
                  RenderBlock {SPAN} at (1,1) size 80x42
                    RenderText {#text} at (0,0) size 72x42
                      text run at (0,0) width 72: "cols: \"5\", style:"
                      text run at (0,14) width 62: "\"width:60px;"
                      text run at (0,28) width 64: "height:60px\","
                  RenderBR {BR} at (81,29) size 0x14
                RenderBlock {DIV} at (453,327) size 82x113 [border: (1px solid #0000FF)]
                  RenderBlock {SPAN} at (1,1) size 80x42
                    RenderText {#text} at (0,0) size 77x42
                      text run at (0,0) width 77: "rows: \"4\", style:"
                      text run at (0,14) width 62: "\"width:60px;"
                      text run at (0,28) width 64: "height:60px\","
                  RenderBR {BR} at (81,29) size 0x14
                RenderBlock {DIV} at (535,313) size 82x127 [border: (1px solid #0000FF)]
                  RenderBlock {SPAN} at (1,1) size 80x56
                    RenderText {#text} at (0,0) size 74x56
                      text run at (0,0) width 74: "cols: \"5\", rows:"
                      text run at (0,14) width 47: "\"4\", style:"
                      text run at (0,28) width 62: "\"width:60px;"
                      text run at (0,42) width 64: "height:60px\","
                  RenderBR {BR} at (81,43) size 0x14
                RenderBlock {DIV} at (617,377) size 82x63 [border: (1px solid #0000FF)]
                  RenderBlock {SPAN} at (1,1) size 80x14
                    RenderText {#text} at (0,0) size 44x14
                      text run at (0,0) width 44: "cols: \"3\","
                  RenderBR {BR} at (81,1) size 0x14
                RenderBlock {DIV} at (0,508) size 207x80 [border: (1px solid #0000FF)]
                  RenderBlock {SPAN} at (1,1) size 80x14
                    RenderText {#text} at (0,0) size 49x14
                      text run at (0,0) width 49: "rows: \"3\","
                  RenderBR {BR} at (81,1) size 0x14
                RenderBlock {DIV} at (207,525) size 90x63 [border: (1px solid #0000FF)]
                  RenderBlock {SPAN} at (1,1) size 80x14
                    RenderText {#text} at (0,0) size 44x14
                      text run at (0,0) width 44: "cols: \"7\","
                  RenderBR {BR} at (81,1) size 0x14
                RenderBlock {DIV} at (297,440) size 207x148 [border: (1px solid #0000FF)]
                  RenderBlock {SPAN} at (1,1) size 80x14
                    RenderText {#text} at (0,0) size 49x14
                      text run at (0,0) width 49: "rows: \"7\","
                  RenderBR {BR} at (81,1) size 0x14
                RenderBlock {DIV} at (504,477) size 82x111 [border: (1px solid #0000FF)]
                  RenderBlock {SPAN} at (1,1) size 80x28
                    RenderText {#text} at (0,0) size 74x28
                      text run at (0,0) width 74: "cols: \"5\", rows:"
                      text run at (0,14) width 19: "\"4\","
                  RenderBR {BR} at (81,15) size 0x14
                RenderBlock {DIV} at (0,588) size 207x78 [border: (1px solid #0000FF)]
                  RenderBlock {SPAN} at (1,1) size 80x14
                    RenderText {#text} at (0,0) size 57x14
                      text run at (0,0) width 57: "wrap: \"off\","
                  RenderBR {BR} at (81,1) size 0x14
                RenderBlock {DIV} at (207,603) size 207x63 [border: (1px solid #0000FF)]
                  RenderBlock {SPAN} at (1,1) size 80x14
                    RenderText {#text} at (0,0) size 64x14
                      text run at (0,0) width 64: "wrap: \"hard\","
                  RenderBR {BR} at (81,1) size 0x14
                RenderBlock {DIV} at (414,603) size 207x63 [border: (1px solid #0000FF)]
                  RenderBlock {SPAN} at (1,1) size 80x14
                    RenderText {#text} at (0,0) size 61x14
                      text run at (0,0) width 61: "wrap: \"soft\","
                  RenderBR {BR} at (81,1) size 0x14
                RenderBlock {DIV} at (0,666) size 207x77 [border: (1px solid #0000FF)]
                  RenderBlock {SPAN} at (1,1) size 80x28
                    RenderText {#text} at (0,0) size 70x28
                      text run at (0,0) width 63: "style: \"white-"
                      text run at (0,14) width 70: "space:normal\","
                  RenderBR {BR} at (81,15) size 0x14
                RenderBlock {DIV} at (207,666) size 207x77 [border: (1px solid #0000FF)]
                  RenderBlock {SPAN} at (1,1) size 80x28
                    RenderText {#text} at (0,0) size 63x28
                      text run at (0,0) width 63: "style: \"white-"
                      text run at (0,14) width 52: "space:pre\","
                  RenderBR {BR} at (81,15) size 0x14
                RenderBlock {DIV} at (414,666) size 207x77 [border: (1px solid #0000FF)]
                  RenderBlock {SPAN} at (1,1) size 80x28
                    RenderText {#text} at (0,0) size 76x28
                      text run at (0,0) width 63: "style: \"white-"
                      text run at (0,14) width 76: "space:prewrap\","
                  RenderBR {BR} at (81,15) size 0x14
                RenderBlock {DIV} at (0,758) size 207x77 [border: (1px solid #0000FF)]
                  RenderBlock {SPAN} at (1,1) size 80x28
                    RenderText {#text} at (0,0) size 73x28
                      text run at (0,0) width 63: "style: \"white-"
                      text run at (0,14) width 73: "space:nowrap\","
                  RenderBR {BR} at (81,15) size 0x14
                RenderBlock {DIV} at (207,758) size 207x77 [border: (1px solid #0000FF)]
                  RenderBlock {SPAN} at (1,1) size 80x28
                    RenderText {#text} at (0,0) size 73x28
                      text run at (0,0) width 63: "style: \"white-"
                      text run at (0,14) width 73: "space:pre-line\","
                  RenderBR {BR} at (81,15) size 0x14
                RenderBlock {DIV} at (414,743) size 207x92 [border: (1px solid #0000FF)]
                  RenderBlock {SPAN} at (1,1) size 80x28
                    RenderText {#text} at (0,0) size 68x28
                      text run at (0,0) width 62: "style: \"word-"
                      text run at (0,14) width 68: "wrap:normal\","
                  RenderBR {BR} at (81,15) size 0x14
                RenderBlock {DIV} at (0,835) size 207x106 [border: (1px solid #0000FF)]
                  RenderBlock {SPAN} at (1,1) size 80x42
                    RenderText {#text} at (0,0) size 80x42
                      text run at (0,0) width 57: "wrap: \"off\","
                      text run at (0,14) width 63: "style: \"white-"
                      text run at (0,28) width 80: "space:pre-wrap\","
                  RenderBR {BR} at (81,29) size 0x14
        layer at (3,74) size 201x40 clip at (4,75) size 199x38
          RenderTextControl {TEXTAREA} at (3,17) size 201x40 [bgcolor=#FFFFFF] [border: (1px solid #000000)]
            RenderBlock {DIV} at (3,3) size 195x17
              RenderText {#text} at (0,0) size 132x17
                text run at (0,0) width 132: "Lorem ipsum dolor"
        layer at (210,74) size 201x40 clip at (211,75) size 184x38 scrollHeight 72
          RenderTextControl {TEXTAREA} at (3,17) size 201x40 [bgcolor=#FFFFFF] [border: (1px solid #000000)]
            RenderBlock {DIV} at (3,3) size 180x68 [color=#545454]
              RenderText {#text} at (0,0) size 171x68
                text run at (0,0) width 136: "Lorem ipsum  dolor"
                text run at (136,0) width 4: " "
                text run at (0,17) width 171: "ABCDEFGHIJKLMNOP"
                text run at (0,34) width 115: "QRSTUVWXYZ"
                text run at (115,34) width 4: " "
                text run at (0,51) width 169: "abcdefghijklmnopqrstuv"
        layer at (417,58) size 217x56 clip at (418,59) size 200x54 scrollHeight 88
          RenderTextControl {TEXTAREA} at (3,31) size 217x56 [bgcolor=#FFFFFF] [border: (1px solid #000000)]
            RenderBlock {DIV} at (11,11) size 180x68
              RenderText {#text} at (0,0) size 171x68
                text run at (0,0) width 136: "Lorem ipsum  dolor"
                text run at (136,0) width 4: " "
                text run at (0,17) width 171: "ABCDEFGHIJKLMNOP"
                text run at (0,34) width 115: "QRSTUVWXYZ"
                text run at (115,34) width 4: " "
                text run at (0,51) width 169: "abcdefghijklmnopqrstuv"
        layer at (3,171) size 197x36 clip at (4,172) size 180x34 scrollHeight 68
          RenderTextControl {TEXTAREA} at (3,31) size 197x36 [bgcolor=#FFFFFF] [border: (1px solid #000000)]
            RenderBlock {DIV} at (1,1) size 180x68
              RenderText {#text} at (0,0) size 171x68
                text run at (0,0) width 136: "Lorem ipsum  dolor"
                text run at (136,0) width 4: " "
                text run at (0,17) width 171: "ABCDEFGHIJKLMNOP"
                text run at (0,34) width 115: "QRSTUVWXYZ"
                text run at (115,34) width 4: " "
                text run at (0,51) width 169: "abcdefghijklmnopqrstuv"
        layer at (214,159) size 201x40 clip at (215,160) size 184x38 scrollHeight 72
          RenderTextControl {TEXTAREA} at (11,39) size 201x40 [bgcolor=#FFFFFF] [border: (1px solid #000000)]
            RenderBlock {DIV} at (3,3) size 180x68
              RenderText {#text} at (0,0) size 171x68
                text run at (0,0) width 136: "Lorem ipsum  dolor"
                text run at (136,0) width 4: " "
                text run at (0,17) width 171: "ABCDEFGHIJKLMNOP"
                text run at (0,34) width 115: "QRSTUVWXYZ"
                text run at (115,34) width 4: " "
                text run at (0,51) width 169: "abcdefghijklmnopqrstuv"
        layer at (427,169) size 201x40 clip at (428,170) size 184x38 scrollHeight 72
          RenderTextControl {TEXTAREA} at (1,29) size 201x40 [bgcolor=#FFFFFF] [border: (1px solid #000000)]
            RenderBlock {DIV} at (3,3) size 180x68
              RenderText {#text} at (0,0) size 171x68
                text run at (0,0) width 136: "Lorem ipsum  dolor"
                text run at (136,0) width 4: " "
                text run at (0,17) width 171: "ABCDEFGHIJKLMNOP"
                text run at (0,34) width 115: "QRSTUVWXYZ"
                text run at (115,34) width 4: " "
                text run at (0,51) width 169: "abcdefghijklmnopqrstuv"
        layer at (630,167) size 66x40 clip at (631,168) size 49x38 scrollHeight 259
          RenderTextControl {TEXTAREA} at (1,31) size 66x40 [bgcolor=#FFFFFF] [border: (1px solid #000000)]
            RenderBlock {DIV} at (3,3) size 45x255
              RenderText {#text} at (0,0) size 45x255
                text run at (0,0) width 45: "Lorem"
                text run at (45,0) width 0: " "
                text run at (0,17) width 43: "ipsum"
                text run at (43,17) width 2: "  "
                text run at (0,34) width 36: "dolor"
                text run at (36,34) width 4: " "
                text run at (0,51) width 34: "ABC"
                text run at (0,68) width 45: "DEFG"
                text run at (0,85) width 44: "HIJKL"
                text run at (0,102) width 37: "MNO"
                text run at (0,119) width 35: "PQR"
                text run at (0,136) width 44: "STUV"
                text run at (0,153) width 37: "WXY"
                text run at (0,170) width 10: "Z"
                text run at (10,170) width 4: " "
                text run at (0,187) width 44: "abcde"
                text run at (0,204) width 42: "fghijkl"
                text run at (0,221) width 40: "mnop"
                text run at (0,238) width 43: "qrstuv"
        layer at (1,258) size 102x76 clip at (2,259) size 85x74 scrollHeight 295
          RenderTextControl {TEXTAREA} at (1,45) size 102x76 [bgcolor=#FFFFFF] [border: (1px solid #000000)]
            RenderBlock {DIV} at (21,21) size 45x255
              RenderText {#text} at (0,0) size 45x255
                text run at (0,0) width 45: "Lorem"
                text run at (45,0) width 0: " "
                text run at (0,17) width 43: "ipsum"
                text run at (43,17) width 2: "  "
                text run at (0,34) width 36: "dolor"
                text run at (36,34) width 4: " "
                text run at (0,51) width 34: "ABC"
                text run at (0,68) width 45: "DEFG"
                text run at (0,85) width 44: "HIJKL"
                text run at (0,102) width 37: "MNO"
                text run at (0,119) width 35: "PQR"
                text run at (0,136) width 44: "STUV"
                text run at (0,153) width 37: "WXY"
                text run at (0,170) width 10: "Z"
                text run at (10,170) width 4: " "
                text run at (0,187) width 44: "abcde"
                text run at (0,204) width 42: "fghijkl"
                text run at (0,221) width 40: "mnop"
                text run at (0,238) width 43: "qrstuv"
        layer at (105,298) size 62x36 clip at (106,299) size 45x34 scrollHeight 255
          RenderTextControl {TEXTAREA} at (1,45) size 62x36 [bgcolor=#FFFFFF] [border: (1px solid #000000)]
            RenderBlock {DIV} at (1,1) size 45x255
              RenderText {#text} at (0,0) size 45x255
                text run at (0,0) width 45: "Lorem"
                text run at (45,0) width 0: " "
                text run at (0,17) width 43: "ipsum"
                text run at (43,17) width 2: "  "
                text run at (0,34) width 36: "dolor"
                text run at (36,34) width 4: " "
                text run at (0,51) width 34: "ABC"
                text run at (0,68) width 45: "DEFG"
                text run at (0,85) width 44: "HIJKL"
                text run at (0,102) width 37: "MNO"
                text run at (0,119) width 35: "PQR"
                text run at (0,136) width 44: "STUV"
                text run at (0,153) width 37: "WXY"
                text run at (0,170) width 10: "Z"
                text run at (10,170) width 4: " "
                text run at (0,187) width 44: "abcde"
                text run at (0,204) width 42: "fghijkl"
                text run at (0,221) width 40: "mnop"
                text run at (0,238) width 43: "qrstuv"
        layer at (189,270) size 201x66 clip at (190,271) size 184x64 scrollHeight 72
          RenderTextControl {TEXTAREA} at (3,29) size 201x66 [bgcolor=#FFFFFF] [border: (1px solid #000000)]
            RenderBlock {DIV} at (3,3) size 180x68
              RenderText {#text} at (0,0) size 171x68
                text run at (0,0) width 136: "Lorem ipsum  dolor"
                text run at (136,0) width 4: " "
                text run at (0,17) width 171: "ABCDEFGHIJKLMNOP"
                text run at (0,34) width 115: "QRSTUVWXYZ"
                text run at (115,34) width 4: " "
                text run at (0,51) width 169: "abcdefghijklmnopqrstuv"
        layer at (394,270) size 66x66 clip at (395,271) size 49x64 scrollHeight 259
          RenderTextControl {TEXTAREA} at (1,43) size 66x66 [bgcolor=#FFFFFF] [border: (1px solid #000000)]
            RenderBlock {DIV} at (3,3) size 45x255
              RenderText {#text} at (0,0) size 45x255
                text run at (0,0) width 45: "Lorem"
                text run at (45,0) width 0: " "
                text run at (0,17) width 43: "ipsum"
                text run at (43,17) width 2: "  "
                text run at (0,34) width 36: "dolor"
                text run at (36,34) width 4: " "
                text run at (0,51) width 34: "ABC"
                text run at (0,68) width 45: "DEFG"
                text run at (0,85) width 44: "HIJKL"
                text run at (0,102) width 37: "MNO"
                text run at (0,119) width 35: "PQR"
                text run at (0,136) width 44: "STUV"
                text run at (0,153) width 37: "WXY"
                text run at (0,170) width 10: "Z"
                text run at (10,170) width 4: " "
                text run at (0,187) width 44: "abcde"
                text run at (0,204) width 42: "fghijkl"
                text run at (0,221) width 40: "mnop"
                text run at (0,238) width 43: "qrstuv"
        layer at (478,294) size 201x40 clip at (479,295) size 199x38 scrollHeight 72
          RenderTextControl {TEXTAREA} at (3,31) size 201x40 [bgcolor=#FFFFFF] [border: (1px solid #000000)]
            RenderBlock {DIV} at (3,3) size 195x68
              RenderText {#text} at (0,0) size 195x68
                text run at (0,0) width 136: "Lorem ipsum  dolor"
                text run at (136,0) width 4: " "
                text run at (0,17) width 195: "ABCDEFGHIJKLMNOPQR"
                text run at (0,34) width 91: "STUVWXYZ"
                text run at (91,34) width 4: " "
                text run at (0,51) width 169: "abcdefghijklmnopqrstuv"
        layer at (3,406) size 201x55 clip at (4,407) size 184x38 scrollHeight 72
          RenderTextControl {TEXTAREA} at (3,31) size 201x55 [bgcolor=#FFFFFF] [border: (1px solid #000000)]
            RenderBlock {DIV} at (3,3) size 180x68
              RenderText {#text} at (0,0) size 171x68
                text run at (0,0) width 136: "Lorem ipsum  dolor"
                text run at (136,0) width 4: " "
                text run at (0,17) width 171: "ABCDEFGHIJKLMNOP"
                text run at (0,34) width 115: "QRSTUVWXYZ"
                text run at (115,34) width 4: " "
                text run at (0,51) width 169: "abcdefghijklmnopqrstuv"
        layer at (208,397) size 66x66 clip at (209,398) size 64x64 scrollHeight 191
          RenderTextControl {TEXTAREA} at (1,57) size 66x66 [bgcolor=#FFFFFF] [border: (1px solid #000000)]
            RenderBlock {DIV} at (3,3) size 60x187
              RenderText {#text} at (0,0) size 60x187
                text run at (0,0) width 45: "Lorem"
                text run at (45,0) width 4: " "
                text run at (0,17) width 43: "ipsum"
                text run at (43,17) width 8: "  "
                text run at (0,34) width 36: "dolor"
                text run at (36,34) width 4: " "
                text run at (0,51) width 57: "ABCDE"
                text run at (0,68) width 57: "FGHIJK"
                text run at (0,85) width 57: "LMNOP"
                text run at (0,102) width 57: "QRSTU"
                text run at (0,119) width 58: "VWXYZ"
                text run at (58,119) width 2: " "
                text run at (0,136) width 57: "abcdefg"
                text run at (0,153) width 60: "hijklmno"
                text run at (0,170) width 52: "pqrstuv"
        layer at (290,397) size 66x66 clip at (291,398) size 49x49 scrollHeight 259
          RenderTextControl {TEXTAREA} at (1,57) size 66x66 [bgcolor=#FFFFFF] [border: (1px solid #000000)]
            RenderBlock {DIV} at (3,3) size 45x255
              RenderText {#text} at (0,0) size 45x255
                text run at (0,0) width 45: "Lorem"
                text run at (45,0) width 0: " "
                text run at (0,17) width 43: "ipsum"
                text run at (43,17) width 2: "  "
                text run at (0,34) width 36: "dolor"
                text run at (36,34) width 4: " "
                text run at (0,51) width 34: "ABC"
                text run at (0,68) width 45: "DEFG"
                text run at (0,85) width 44: "HIJKL"
                text run at (0,102) width 37: "MNO"
                text run at (0,119) width 35: "PQR"
                text run at (0,136) width 44: "STUV"
                text run at (0,153) width 37: "WXY"
                text run at (0,170) width 10: "Z"
                text run at (10,170) width 4: " "
                text run at (0,187) width 44: "abcde"
                text run at (0,204) width 42: "fghijkl"
                text run at (0,221) width 40: "mnop"
                text run at (0,238) width 43: "qrstuv"
        layer at (372,397) size 66x66 clip at (373,398) size 49x64 scrollHeight 259
          RenderTextControl {TEXTAREA} at (1,43) size 66x66 [bgcolor=#FFFFFF] [border: (1px solid #000000)]
            RenderBlock {DIV} at (3,3) size 45x255
              RenderText {#text} at (0,0) size 45x255
                text run at (0,0) width 45: "Lorem"
                text run at (45,0) width 0: " "
                text run at (0,17) width 43: "ipsum"
                text run at (43,17) width 2: "  "
                text run at (0,34) width 36: "dolor"
                text run at (36,34) width 4: " "
                text run at (0,51) width 34: "ABC"
                text run at (0,68) width 45: "DEFG"
                text run at (0,85) width 44: "HIJKL"
                text run at (0,102) width 37: "MNO"
                text run at (0,119) width 35: "PQR"
                text run at (0,136) width 44: "STUV"
                text run at (0,153) width 37: "WXY"
                text run at (0,170) width 10: "Z"
                text run at (10,170) width 4: " "
                text run at (0,187) width 44: "abcde"
                text run at (0,204) width 42: "fghijkl"
                text run at (0,221) width 40: "mnop"
                text run at (0,238) width 43: "qrstuv"
        layer at (454,397) size 66x66 clip at (455,398) size 49x64 scrollHeight 259
          RenderTextControl {TEXTAREA} at (1,43) size 66x66 [bgcolor=#FFFFFF] [border: (1px solid #000000)]
            RenderBlock {DIV} at (3,3) size 45x255
              RenderText {#text} at (0,0) size 45x255
                text run at (0,0) width 45: "Lorem"
                text run at (45,0) width 0: " "
                text run at (0,17) width 43: "ipsum"
                text run at (43,17) width 2: "  "
                text run at (0,34) width 36: "dolor"
                text run at (36,34) width 4: " "
                text run at (0,51) width 34: "ABC"
                text run at (0,68) width 45: "DEFG"
                text run at (0,85) width 44: "HIJKL"
                text run at (0,102) width 37: "MNO"
                text run at (0,119) width 35: "PQR"
                text run at (0,136) width 44: "STUV"
                text run at (0,153) width 37: "WXY"
                text run at (0,170) width 10: "Z"
                text run at (10,170) width 4: " "
                text run at (0,187) width 44: "abcde"
                text run at (0,204) width 42: "fghijkl"
                text run at (0,221) width 40: "mnop"
                text run at (0,238) width 43: "qrstuv"
        layer at (536,397) size 66x66 clip at (537,398) size 49x64 scrollHeight 259
          RenderTextControl {TEXTAREA} at (1,57) size 66x66 [bgcolor=#FFFFFF] [border: (1px solid #000000)]
            RenderBlock {DIV} at (3,3) size 45x255
              RenderText {#text} at (0,0) size 45x255
                text run at (0,0) width 45: "Lorem"
                text run at (45,0) width 0: " "
                text run at (0,17) width 43: "ipsum"
                text run at (43,17) width 2: "  "
                text run at (0,34) width 36: "dolor"
                text run at (36,34) width 4: " "
                text run at (0,51) width 34: "ABC"
                text run at (0,68) width 45: "DEFG"
                text run at (0,85) width 44: "HIJKL"
                text run at (0,102) width 37: "MNO"
                text run at (0,119) width 35: "PQR"
                text run at (0,136) width 44: "STUV"
                text run at (0,153) width 37: "WXY"
                text run at (0,170) width 10: "Z"
                text run at (10,170) width 4: " "
                text run at (0,187) width 44: "abcde"
                text run at (0,204) width 42: "fghijkl"
                text run at (0,221) width 40: "mnop"
                text run at (0,238) width 43: "qrstuv"
        layer at (620,421) size 48x40 clip at (621,422) size 31x38 scrollHeight 446
          RenderTextControl {TEXTAREA} at (3,17) size 48x40 [bgcolor=#FFFFFF] [border: (1px solid #000000)]
            RenderBlock {DIV} at (3,3) size 27x442
              RenderText {#text} at (0,0) size 27x442
                text run at (0,0) width 23: "Lor"
                text run at (0,17) width 22: "em"
                text run at (22,17) width 4: " "
                text run at (0,34) width 21: "ips"
                text run at (0,51) width 22: "um"
                text run at (22,51) width 5: "  "
                text run at (0,68) width 22: "dol"
                text run at (0,85) width 14: "or"
                text run at (14,85) width 4: " "
                text run at (0,102) width 22: "AB"
                text run at (0,119) width 24: "CD"
                text run at (0,136) width 21: "EF"
                text run at (0,153) width 24: "GH"
                text run at (0,170) width 23: "IJK"
                text run at (0,187) width 22: "LM"
                text run at (0,204) width 24: "NO"
                text run at (0,221) width 23: "PQ"
                text run at (0,238) width 23: "RS"
                text run at (0,255) width 22: "TU"
                text run at (0,272) width 26: "VW"
                text run at (0,289) width 22: "XY"
                text run at (0,306) width 10: "Z"
                text run at (10,306) width 4: " "
                text run at (0,323) width 26: "abc"
                text run at (0,340) width 22: "def"
                text run at (0,357) width 26: "ghij"
                text run at (0,374) width 25: "klm"
                text run at (0,391) width 27: "nop"
                text run at (0,408) width 26: "qrst"
                text run at (0,425) width 17: "uv"
        layer at (3,552) size 201x57 clip at (4,553) size 184x55 scrollHeight 72
          RenderTextControl {TEXTAREA} at (3,17) size 201x57 [bgcolor=#FFFFFF] [border: (1px solid #000000)]
            RenderBlock {DIV} at (3,3) size 180x68
              RenderText {#text} at (0,0) size 171x68
                text run at (0,0) width 136: "Lorem ipsum  dolor"
                text run at (136,0) width 4: " "
                text run at (0,17) width 171: "ABCDEFGHIJKLMNOP"
                text run at (0,34) width 115: "QRSTUVWXYZ"
                text run at (115,34) width 4: " "
                text run at (0,51) width 169: "abcdefghijklmnopqrstuv"
        layer at (210,569) size 84x40 clip at (211,570) size 67x38 scrollHeight 191
          RenderTextControl {TEXTAREA} at (3,17) size 84x40 [bgcolor=#FFFFFF] [border: (1px solid #000000)]
            RenderBlock {DIV} at (3,3) size 63x187
              RenderText {#text} at (0,0) size 62x187
                text run at (0,0) width 45: "Lorem"
                text run at (45,0) width 4: " "
                text run at (0,17) width 43: "ipsum"
                text run at (43,17) width 8: "  "
                text run at (0,34) width 36: "dolor"
                text run at (36,34) width 4: " "
                text run at (0,51) width 57: "ABCDE"
                text run at (0,68) width 57: "FGHIJK"
                text run at (0,85) width 57: "LMNOP"
                text run at (0,102) width 57: "QRSTU"
                text run at (0,119) width 58: "VWXYZ"
                text run at (58,119) width 4: " "
                text run at (0,136) width 57: "abcdefg"
                text run at (0,153) width 60: "hijklmno"
                text run at (0,170) width 52: "pqrstuv"
        layer at (300,484) size 201x125 clip at (301,485) size 199x123
          RenderTextControl {TEXTAREA} at (3,17) size 201x125 [bgcolor=#FFFFFF] [border: (1px solid #000000)]
            RenderBlock {DIV} at (3,3) size 195x68
              RenderText {#text} at (0,0) size 195x68
                text run at (0,0) width 136: "Lorem ipsum  dolor"
                text run at (136,0) width 4: " "
                text run at (0,17) width 195: "ABCDEFGHIJKLMNOPQR"
                text run at (0,34) width 91: "STUVWXYZ"
                text run at (91,34) width 4: " "
                text run at (0,51) width 169: "abcdefghijklmnopqrstuv"
        layer at (507,535) size 66x74 clip at (508,536) size 49x72 scrollHeight 259
          RenderTextControl {TEXTAREA} at (3,31) size 66x74 [bgcolor=#FFFFFF] [border: (1px solid #000000)]
            RenderBlock {DIV} at (3,3) size 45x255
              RenderText {#text} at (0,0) size 45x255
                text run at (0,0) width 45: "Lorem"
                text run at (45,0) width 0: " "
                text run at (0,17) width 43: "ipsum"
                text run at (43,17) width 2: "  "
                text run at (0,34) width 36: "dolor"
                text run at (36,34) width 4: " "
                text run at (0,51) width 34: "ABC"
                text run at (0,68) width 45: "DEFG"
                text run at (0,85) width 44: "HIJKL"
                text run at (0,102) width 37: "MNO"
                text run at (0,119) width 35: "PQR"
                text run at (0,136) width 44: "STUV"
                text run at (0,153) width 37: "WXY"
                text run at (0,170) width 10: "Z"
                text run at (10,170) width 4: " "
                text run at (0,187) width 44: "abcde"
                text run at (0,204) width 42: "fghijkl"
                text run at (0,221) width 40: "mnop"
                text run at (0,238) width 43: "qrstuv"
        layer at (3,632) size 201x55 clip at (4,633) size 199x38 scrollWidth 601
          RenderTextControl {TEXTAREA} at (3,17) size 201x55 [bgcolor=#FFFFFF] [border: (1px solid #000000)]
            RenderBlock {DIV} at (3,3) size 195x17
              RenderText {#text} at (0,0) size 599x17
                text run at (0,0) width 599: "Lorem ipsum  dolor ABCDEFGHIJKLMNOPQRSTUVWXYZ abcdefghijklmnopqrstuv"
        layer at (210,647) size 201x40 clip at (211,648) size 184x38 scrollHeight 72
          RenderTextControl {TEXTAREA} at (3,17) size 201x40 [bgcolor=#FFFFFF] [border: (1px solid #000000)]
            RenderBlock {DIV} at (3,3) size 180x68
              RenderText {#text} at (0,0) size 171x68
                text run at (0,0) width 136: "Lorem ipsum  dolor"
                text run at (136,0) width 4: " "
                text run at (0,17) width 171: "ABCDEFGHIJKLMNOP"
                text run at (0,34) width 115: "QRSTUVWXYZ"
                text run at (115,34) width 4: " "
                text run at (0,51) width 169: "abcdefghijklmnopqrstuv"
        layer at (417,647) size 201x40 clip at (418,648) size 184x38 scrollHeight 72
          RenderTextControl {TEXTAREA} at (3,17) size 201x40 [bgcolor=#FFFFFF] [border: (1px solid #000000)]
            RenderBlock {DIV} at (3,3) size 180x68
              RenderText {#text} at (0,0) size 171x68
                text run at (0,0) width 136: "Lorem ipsum  dolor"
                text run at (136,0) width 4: " "
                text run at (0,17) width 171: "ABCDEFGHIJKLMNOP"
                text run at (0,34) width 115: "QRSTUVWXYZ"
                text run at (115,34) width 4: " "
                text run at (0,51) width 169: "abcdefghijklmnopqrstuv"
        layer at (3,724) size 201x40 clip at (4,725) size 184x38 scrollHeight 72
          RenderTextControl {TEXTAREA} at (3,31) size 201x40 [bgcolor=#FFFFFF] [border: (1px solid #000000)]
            RenderBlock {DIV} at (3,3) size 180x68
              RenderText {#text} at (0,0) size 171x68
                text run at (0,0) width 96: "Lorem ipsum "
                text run at (96,0) width 36: "dolor"
                text run at (0,17) width 171: "ABCDEFGHIJKLMNOP"
                text run at (0,34) width 115: "QRSTUVWXYZ"
                text run at (0,51) width 169: "abcdefghijklmnopqrstuv"
        layer at (210,724) size 201x40 clip at (211,725) size 184x38 scrollHeight 72
          RenderTextControl {TEXTAREA} at (3,31) size 201x40 [bgcolor=#FFFFFF] [border: (1px solid #000000)]
            RenderBlock {DIV} at (3,3) size 180x68
              RenderText {#text} at (0,0) size 174x68
                text run at (0,0) width 174: "Lorem ipsum  dolor ABC"
                text run at (0,17) width 172: "DEFGHIJKLMNOPQRS"
                text run at (0,34) width 170: "TUVWXYZ abcdefghijkl"
                text run at (0,51) width 83: "mnopqrstuv"
        layer at (417,724) size 201x40 clip at (418,725) size 184x38 scrollHeight 72
          RenderTextControl {TEXTAREA} at (3,31) size 201x40 [bgcolor=#FFFFFF] [border: (1px solid #000000)]
            RenderBlock {DIV} at (3,3) size 180x68
              RenderText {#text} at (0,0) size 171x68
                text run at (0,0) width 136: "Lorem ipsum  dolor"
                text run at (136,0) width 4: " "
                text run at (0,17) width 171: "ABCDEFGHIJKLMNOP"
                text run at (0,34) width 115: "QRSTUVWXYZ"
                text run at (115,34) width 4: " "
                text run at (0,51) width 169: "abcdefghijklmnopqrstuv"
        layer at (3,816) size 201x40 clip at (4,817) size 199x23 scrollWidth 597
          RenderTextControl {TEXTAREA} at (3,31) size 201x40 [bgcolor=#FFFFFF] [border: (1px solid #000000)]
            RenderBlock {DIV} at (3,3) size 195x17
              RenderText {#text} at (0,0) size 595x17
                text run at (0,0) width 96: "Lorem ipsum "
                text run at (96,0) width 499: "dolor ABCDEFGHIJKLMNOPQRSTUVWXYZ abcdefghijklmnopqrstuv"
        layer at (210,816) size 201x40 clip at (211,817) size 184x38 scrollHeight 72
          RenderTextControl {TEXTAREA} at (3,31) size 201x40 [bgcolor=#FFFFFF] [border: (1px solid #000000)]
            RenderBlock {DIV} at (3,3) size 180x68
              RenderText {#text} at (0,0) size 171x68
                text run at (0,0) width 96: "Lorem ipsum "
                text run at (96,0) width 36: "dolor"
                text run at (0,17) width 171: "ABCDEFGHIJKLMNOP"
                text run at (0,34) width 115: "QRSTUVWXYZ"
                text run at (0,51) width 169: "abcdefghijklmnopqrstuv"
        layer at (417,801) size 201x55 clip at (418,802) size 184x38 scrollWidth 288 scrollHeight 55
          RenderTextControl {TEXTAREA} at (3,31) size 201x55 [bgcolor=#FFFFFF] [border: (1px solid #000000)]
            RenderBlock {DIV} at (3,3) size 180x51
              RenderText {#text} at (0,0) size 286x51
                text run at (0,0) width 136: "Lorem ipsum  dolor"
                text run at (136,0) width 4: " "
                text run at (0,17) width 286: "ABCDEFGHIJKLMNOPQRSTUVWXYZ"
                text run at (0,34) width 173: " abcdefghijklmnopqrstuv"
        layer at (3,907) size 201x55 clip at (4,908) size 184x38 scrollWidth 288 scrollHeight 55
          RenderTextControl {TEXTAREA} at (3,45) size 201x55 [bgcolor=#FFFFFF] [border: (1px solid #000000)]
            RenderBlock {DIV} at (3,3) size 180x51
              RenderText {#text} at (0,0) size 286x51
                text run at (0,0) width 136: "Lorem ipsum  dolor"
                text run at (136,0) width 4: " "
                text run at (0,17) width 286: "ABCDEFGHIJKLMNOPQRSTUVWXYZ"
                text run at (0,34) width 173: " abcdefghijklmnopqrstuv"
      RenderIFrame {IFRAME} at (0,968) size 785x935
        layer at (0,0) size 785x935
          RenderView at (0,0) size 785x935
        layer at (0,0) size 785x935
          RenderBlock {HTML} at (0,0) size 785x935
            RenderBody {BODY} at (0,5) size 785x930
              RenderBlock {DIV} at (0,0) size 785x17
                RenderText {#text} at (0,0) size 193x17
                  text run at (0,0) width 193: "CompatMode: BackCompat"
              RenderBlock (anonymous) at (0,22) size 785x908
                RenderBlock {DIV} at (0,44) size 207x46 [border: (1px solid #0000FF)]
                  RenderBlock {SPAN} at (1,1) size 80x0
                  RenderBR {BR} at (81,1) size 0x0
                RenderBlock {DIV} at (207,30) size 207x60 [border: (1px solid #0000FF)]
                  RenderBlock {SPAN} at (1,1) size 80x14
                    RenderText {#text} at (0,0) size 76x14
                      text run at (0,0) width 76: "disabled: \"true\","
                  RenderBR {BR} at (81,12) size 0x0
                RenderBlock {DIV} at (414,0) size 223x90 [border: (1px solid #0000FF)]
                  RenderBlock {SPAN} at (1,1) size 80x28
                    RenderText {#text} at (0,0) size 78x28
                      text run at (0,0) width 25: "style:"
                      text run at (0,14) width 78: "\"padding:10px\","
                  RenderBR {BR} at (81,26) size 0x0
                RenderBlock {DIV} at (0,110) size 203x70 [border: (1px solid #0000FF)]
                  RenderBlock {SPAN} at (1,1) size 80x28
                    RenderText {#text} at (0,0) size 72x28
                      text run at (0,0) width 25: "style:"
                      text run at (0,14) width 72: "\"padding:0px\","
                  RenderBR {BR} at (81,26) size 0x0
                RenderBlock {DIV} at (203,90) size 223x90 [border: (1px solid #0000FF)]
                  RenderBlock {SPAN} at (1,1) size 80x28
                    RenderText {#text} at (0,0) size 73x28
                      text run at (0,0) width 25: "style:"
                      text run at (0,14) width 73: "\"margin:10px\","
                  RenderBR {BR} at (81,26) size 0x0
                RenderBlock {DIV} at (426,110) size 203x70 [border: (1px solid #0000FF)]
                  RenderBlock {SPAN} at (1,1) size 80x28
                    RenderText {#text} at (0,0) size 67x28
                      text run at (0,0) width 25: "style:"
                      text run at (0,14) width 67: "\"margin:0px\","
                  RenderBR {BR} at (81,26) size 0x0
                RenderBlock {DIV} at (629,106) size 82x74 [border: (1px solid #0000FF)]
                  RenderBlock {SPAN} at (1,1) size 80x28
                    RenderText {#text} at (0,0) size 67x28
                      text run at (0,0) width 25: "style:"
                      text run at (0,14) width 67: "\"width:60px\","
                  RenderBR {BR} at (81,26) size 0x0
                RenderBlock {DIV} at (0,180) size 82x124 [border: (1px solid #0000FF)]
                  RenderBlock {SPAN} at (1,1) size 80x42
                    RenderText {#text} at (0,0) size 73x42
                      text run at (0,0) width 25: "style:"
                      text run at (0,14) width 62: "\"width:60px;"
                      text run at (0,28) width 73: "padding:20px\","
                  RenderBR {BR} at (81,40) size 0x0
                RenderBlock {DIV} at (82,220) size 82x84 [border: (1px solid #0000FF)]
                  RenderBlock {SPAN} at (1,1) size 80x42
                    RenderText {#text} at (0,0) size 62x42
                      text run at (0,0) width 25: "style:"
                      text run at (0,14) width 62: "\"width:60px;"
                      text run at (0,28) width 55: "padding:0\","
                  RenderBR {BR} at (81,40) size 0x0
                RenderBlock {DIV} at (164,214) size 207x90 [border: (1px solid #0000FF)]
                  RenderBlock {SPAN} at (1,1) size 80x28
                    RenderText {#text} at (0,0) size 69x28
                      text run at (0,0) width 25: "style:"
                      text run at (0,14) width 69: "\"height:60px\","
                  RenderBR {BR} at (81,26) size 0x0
                RenderBlock {DIV} at (371,200) size 82x104 [border: (1px solid #0000FF)]
                  RenderBlock {SPAN} at (1,1) size 80x42
                    RenderText {#text} at (0,0) size 64x42
                      text run at (0,0) width 25: "style:"
                      text run at (0,14) width 62: "\"width:60px;"
                      text run at (0,28) width 64: "height:60px\","
                  RenderBR {BR} at (81,40) size 0x0
                RenderBlock {DIV} at (453,230) size 207x74 [border: (1px solid #0000FF)]
                  RenderBlock {SPAN} at (1,1) size 80x28
                    RenderText {#text} at (0,0) size 91x28
                      text run at (0,0) width 25: "style:"
                      text run at (0,14) width 91: "\"overflow:hidden\","
                  RenderBR {BR} at (81,26) size 0x0
                RenderBlock {DIV} at (0,333) size 207x89 [border: (1px solid #0000FF)]
                  RenderBlock {SPAN} at (1,1) size 80x28
                    RenderText {#text} at (0,0) size 85x28
                      text run at (0,0) width 25: "style:"
                      text run at (0,14) width 85: "\"overflow:scroll\","
                  RenderBR {BR} at (81,26) size 0x0
                RenderBlock {DIV} at (207,304) size 82x118 [border: (1px solid #0000FF)]
                  RenderBlock {SPAN} at (1,1) size 80x56
                    RenderText {#text} at (0,0) size 86x56
                      text run at (0,0) width 25: "style:"
                      text run at (0,14) width 86: "\"overflow:hidden;"
                      text run at (0,28) width 57: "width:60px;"
                      text run at (0,42) width 64: "height:60px\","
                  RenderBR {BR} at (81,54) size 0x0
                RenderBlock {DIV} at (289,304) size 82x118 [border: (1px solid #0000FF)]
                  RenderBlock {SPAN} at (1,1) size 80x56
                    RenderText {#text} at (0,0) size 80x56
                      text run at (0,0) width 25: "style:"
                      text run at (0,14) width 80: "\"overflow:scroll;"
                      text run at (0,28) width 57: "width:60px;"
                      text run at (0,42) width 64: "height:60px\","
                  RenderBR {BR} at (81,54) size 0x0
                RenderBlock {DIV} at (371,318) size 82x104 [border: (1px solid #0000FF)]
                  RenderBlock {SPAN} at (1,1) size 80x42
                    RenderText {#text} at (0,0) size 72x42
                      text run at (0,0) width 72: "cols: \"5\", style:"
                      text run at (0,14) width 62: "\"width:60px;"
                      text run at (0,28) width 64: "height:60px\","
                  RenderBR {BR} at (81,40) size 0x0
                RenderBlock {DIV} at (453,318) size 82x104 [border: (1px solid #0000FF)]
                  RenderBlock {SPAN} at (1,1) size 80x42
                    RenderText {#text} at (0,0) size 77x42
                      text run at (0,0) width 77: "rows: \"4\", style:"
                      text run at (0,14) width 62: "\"width:60px;"
                      text run at (0,28) width 64: "height:60px\","
                  RenderBR {BR} at (81,40) size 0x0
                RenderBlock {DIV} at (535,304) size 82x118 [border: (1px solid #0000FF)]
                  RenderBlock {SPAN} at (1,1) size 80x56
                    RenderText {#text} at (0,0) size 74x56
                      text run at (0,0) width 74: "cols: \"5\", rows:"
                      text run at (0,14) width 47: "\"4\", style:"
                      text run at (0,28) width 62: "\"width:60px;"
                      text run at (0,42) width 64: "height:60px\","
                  RenderBR {BR} at (81,54) size 0x0
                RenderBlock {DIV} at (617,362) size 82x60 [border: (1px solid #0000FF)]
                  RenderBlock {SPAN} at (1,1) size 80x14
                    RenderText {#text} at (0,0) size 44x14
                      text run at (0,0) width 44: "cols: \"3\","
                  RenderBR {BR} at (81,12) size 0x0
                RenderBlock {DIV} at (0,490) size 207x77 [border: (1px solid #0000FF)]
                  RenderBlock {SPAN} at (1,1) size 80x14
                    RenderText {#text} at (0,0) size 49x14
                      text run at (0,0) width 49: "rows: \"3\","
                  RenderBR {BR} at (81,12) size 0x0
                RenderBlock {DIV} at (207,507) size 90x60 [border: (1px solid #0000FF)]
                  RenderBlock {SPAN} at (1,1) size 80x14
                    RenderText {#text} at (0,0) size 44x14
                      text run at (0,0) width 44: "cols: \"7\","
                  RenderBR {BR} at (81,12) size 0x0
                RenderBlock {DIV} at (297,422) size 207x145 [border: (1px solid #0000FF)]
                  RenderBlock {SPAN} at (1,1) size 80x14
                    RenderText {#text} at (0,0) size 49x14
                      text run at (0,0) width 49: "rows: \"7\","
                  RenderBR {BR} at (81,12) size 0x0
                RenderBlock {DIV} at (504,459) size 82x108 [border: (1px solid #0000FF)]
                  RenderBlock {SPAN} at (1,1) size 80x28
                    RenderText {#text} at (0,0) size 74x28
                      text run at (0,0) width 74: "cols: \"5\", rows:"
                      text run at (0,14) width 19: "\"4\","
                  RenderBR {BR} at (81,26) size 0x0
                RenderBlock {DIV} at (0,567) size 207x75 [border: (1px solid #0000FF)]
                  RenderBlock {SPAN} at (1,1) size 80x14
                    RenderText {#text} at (0,0) size 57x14
                      text run at (0,0) width 57: "wrap: \"off\","
                  RenderBR {BR} at (81,12) size 0x0
                RenderBlock {DIV} at (207,582) size 207x60 [border: (1px solid #0000FF)]
                  RenderBlock {SPAN} at (1,1) size 80x14
                    RenderText {#text} at (0,0) size 64x14
                      text run at (0,0) width 64: "wrap: \"hard\","
                  RenderBR {BR} at (81,12) size 0x0
                RenderBlock {DIV} at (414,582) size 207x60 [border: (1px solid #0000FF)]
                  RenderBlock {SPAN} at (1,1) size 80x14
                    RenderText {#text} at (0,0) size 61x14
                      text run at (0,0) width 61: "wrap: \"soft\","
                  RenderBR {BR} at (81,12) size 0x0
                RenderBlock {DIV} at (0,642) size 207x74 [border: (1px solid #0000FF)]
                  RenderBlock {SPAN} at (1,1) size 80x28
                    RenderText {#text} at (0,0) size 70x28
                      text run at (0,0) width 63: "style: \"white-"
                      text run at (0,14) width 70: "space:normal\","
                  RenderBR {BR} at (81,26) size 0x0
                RenderBlock {DIV} at (207,642) size 207x74 [border: (1px solid #0000FF)]
                  RenderBlock {SPAN} at (1,1) size 80x28
                    RenderText {#text} at (0,0) size 63x28
                      text run at (0,0) width 63: "style: \"white-"
                      text run at (0,14) width 52: "space:pre\","
                  RenderBR {BR} at (81,26) size 0x0
                RenderBlock {DIV} at (414,642) size 207x74 [border: (1px solid #0000FF)]
                  RenderBlock {SPAN} at (1,1) size 80x28
                    RenderText {#text} at (0,0) size 76x28
                      text run at (0,0) width 63: "style: \"white-"
                      text run at (0,14) width 76: "space:prewrap\","
                  RenderBR {BR} at (81,26) size 0x0
                RenderBlock {DIV} at (0,731) size 207x74 [border: (1px solid #0000FF)]
                  RenderBlock {SPAN} at (1,1) size 80x28
                    RenderText {#text} at (0,0) size 73x28
                      text run at (0,0) width 63: "style: \"white-"
                      text run at (0,14) width 73: "space:nowrap\","
                  RenderBR {BR} at (81,26) size 0x0
                RenderBlock {DIV} at (207,731) size 207x74 [border: (1px solid #0000FF)]
                  RenderBlock {SPAN} at (1,1) size 80x28
                    RenderText {#text} at (0,0) size 73x28
                      text run at (0,0) width 63: "style: \"white-"
                      text run at (0,14) width 73: "space:pre-line\","
                  RenderBR {BR} at (81,26) size 0x0
                RenderBlock {DIV} at (414,716) size 207x89 [border: (1px solid #0000FF)]
                  RenderBlock {SPAN} at (1,1) size 80x28
                    RenderText {#text} at (0,0) size 68x28
                      text run at (0,0) width 62: "style: \"word-"
                      text run at (0,14) width 68: "wrap:normal\","
                  RenderBR {BR} at (81,26) size 0x0
                RenderBlock {DIV} at (0,805) size 207x103 [border: (1px solid #0000FF)]
                  RenderBlock {SPAN} at (1,1) size 80x42
                    RenderText {#text} at (0,0) size 80x42
                      text run at (0,0) width 57: "wrap: \"off\","
                      text run at (0,14) width 63: "style: \"white-"
                      text run at (0,28) width 80: "space:pre-wrap\","
                  RenderBR {BR} at (81,40) size 0x0
        layer at (3,74) size 201x40 clip at (4,75) size 199x38
          RenderTextControl {TEXTAREA} at (3,3) size 201x40 [bgcolor=#FFFFFF] [border: (1px solid #000000)]
            RenderBlock {DIV} at (3,3) size 195x17
              RenderText {#text} at (0,0) size 132x17
                text run at (0,0) width 132: "Lorem ipsum dolor"
        layer at (210,74) size 201x40 clip at (211,75) size 184x38 scrollHeight 72
          RenderTextControl {TEXTAREA} at (3,17) size 201x40 [bgcolor=#FFFFFF] [border: (1px solid #000000)]
            RenderBlock {DIV} at (3,3) size 180x68 [color=#545454]
              RenderText {#text} at (0,0) size 171x68
                text run at (0,0) width 136: "Lorem ipsum  dolor"
                text run at (136,0) width 4: " "
                text run at (0,17) width 171: "ABCDEFGHIJKLMNOP"
                text run at (0,34) width 115: "QRSTUVWXYZ"
                text run at (115,34) width 4: " "
                text run at (0,51) width 169: "abcdefghijklmnopqrstuv"
        layer at (417,58) size 217x56 clip at (418,59) size 200x54 scrollHeight 88
          RenderTextControl {TEXTAREA} at (3,31) size 217x56 [bgcolor=#FFFFFF] [border: (1px solid #000000)]
            RenderBlock {DIV} at (11,11) size 180x68
              RenderText {#text} at (0,0) size 171x68
                text run at (0,0) width 136: "Lorem ipsum  dolor"
                text run at (136,0) width 4: " "
                text run at (0,17) width 171: "ABCDEFGHIJKLMNOP"
                text run at (0,34) width 115: "QRSTUVWXYZ"
                text run at (115,34) width 4: " "
                text run at (0,51) width 169: "abcdefghijklmnopqrstuv"
        layer at (3,168) size 197x36 clip at (4,169) size 180x34 scrollHeight 68
          RenderTextControl {TEXTAREA} at (3,31) size 197x36 [bgcolor=#FFFFFF] [border: (1px solid #000000)]
            RenderBlock {DIV} at (1,1) size 180x68
              RenderText {#text} at (0,0) size 171x68
                text run at (0,0) width 136: "Lorem ipsum  dolor"
                text run at (136,0) width 4: " "
                text run at (0,17) width 171: "ABCDEFGHIJKLMNOP"
                text run at (0,34) width 115: "QRSTUVWXYZ"
                text run at (115,34) width 4: " "
                text run at (0,51) width 169: "abcdefghijklmnopqrstuv"
        layer at (214,156) size 201x40 clip at (215,157) size 184x38 scrollHeight 72
          RenderTextControl {TEXTAREA} at (11,39) size 201x40 [bgcolor=#FFFFFF] [border: (1px solid #000000)]
            RenderBlock {DIV} at (3,3) size 180x68
              RenderText {#text} at (0,0) size 171x68
                text run at (0,0) width 136: "Lorem ipsum  dolor"
                text run at (136,0) width 4: " "
                text run at (0,17) width 171: "ABCDEFGHIJKLMNOP"
                text run at (0,34) width 115: "QRSTUVWXYZ"
                text run at (115,34) width 4: " "
                text run at (0,51) width 169: "abcdefghijklmnopqrstuv"
        layer at (427,166) size 201x40 clip at (428,167) size 184x38 scrollHeight 72
          RenderTextControl {TEXTAREA} at (1,29) size 201x40 [bgcolor=#FFFFFF] [border: (1px solid #000000)]
            RenderBlock {DIV} at (3,3) size 180x68
              RenderText {#text} at (0,0) size 171x68
                text run at (0,0) width 136: "Lorem ipsum  dolor"
                text run at (136,0) width 4: " "
                text run at (0,17) width 171: "ABCDEFGHIJKLMNOP"
                text run at (0,34) width 115: "QRSTUVWXYZ"
                text run at (115,34) width 4: " "
                text run at (0,51) width 169: "abcdefghijklmnopqrstuv"
        layer at (630,164) size 60x40 clip at (631,165) size 43x38 scrollHeight 327
          RenderTextControl {TEXTAREA} at (1,31) size 60x40 [bgcolor=#FFFFFF] [border: (1px solid #000000)]
            RenderBlock {DIV} at (3,3) size 39x323
              RenderText {#text} at (0,0) size 39x323
                text run at (0,0) width 32: "Lore"
                text run at (0,17) width 13: "m"
                text run at (13,17) width 4: " "
                text run at (0,34) width 30: "ipsu"
                text run at (0,51) width 13: "m"
                text run at (13,51) width 8: "  "
                text run at (0,68) width 36: "dolor"
                text run at (36,68) width 3: " "
                text run at (0,85) width 34: "ABC"
                text run at (0,102) width 33: "DEF"
                text run at (0,119) width 36: "GHIJ"
                text run at (0,136) width 33: "KLM"
                text run at (0,153) width 35: "NOP"
                text run at (0,170) width 35: "QRS"
                text run at (0,187) width 33: "TUV"
                text run at (0,204) width 37: "WXY"
                text run at (0,221) width 10: "Z"
                text run at (10,221) width 4: " "
                text run at (0,238) width 35: "abcd"
                text run at (0,255) width 39: "efghij"
                text run at (0,272) width 34: "klmn"
                text run at (0,289) width 32: "opqr"
                text run at (0,306) width 29: "stuv"
        layer at (1,252) size 60x76 clip at (2,253) size 43x74 scrollHeight 1196
          RenderTextControl {TEXTAREA} at (1,45) size 60x76 [bgcolor=#FFFFFF] [border: (1px solid #000000)]
            RenderBlock {DIV} at (21,21) size 3x1156
              RenderText {#text} at (0,0) size 15x1156
                text run at (0,0) width 9: "L"
                text run at (0,17) width 9: "o"
                text run at (0,34) width 5: "r"
                text run at (0,51) width 9: "e"
                text run at (0,68) width 13: "m"
                text run at (0,85) width 3: " "
                text run at (0,102) width 4: "i"
                text run at (0,119) width 9: "p"
                text run at (0,136) width 8: "s"
                text run at (0,153) width 9: "u"
                text run at (0,170) width 13: "m"
                text run at (0,187) width 3: " "
                text run at (0,204) width 3: " "
                text run at (0,221) width 9: "d"
                text run at (0,238) width 9: "o"
                text run at (0,255) width 4: "l"
                text run at (0,272) width 9: "o"
                text run at (0,289) width 5: "r"
                text run at (0,306) width 3: " "
                text run at (0,323) width 11: "A"
                text run at (0,340) width 11: "B"
                text run at (0,357) width 12: "C"
                text run at (0,374) width 12: "D"
                text run at (0,391) width 11: "E"
                text run at (0,408) width 10: "F"
                text run at (0,425) width 12: "G"
                text run at (0,442) width 12: "H"
                text run at (0,459) width 4: "I"
                text run at (0,476) width 8: "J"
                text run at (0,493) width 11: "K"
                text run at (0,510) width 9: "L"
                text run at (0,527) width 13: "M"
                text run at (0,544) width 12: "N"
                text run at (0,561) width 12: "O"
                text run at (0,578) width 11: "P"
                text run at (0,595) width 12: "Q"
                text run at (0,612) width 12: "R"
                text run at (0,629) width 11: "S"
                text run at (0,646) width 10: "T"
                text run at (0,663) width 12: "U"
                text run at (0,680) width 11: "V"
                text run at (0,697) width 15: "W"
                text run at (0,714) width 11: "X"
                text run at (0,731) width 11: "Y"
                text run at (0,748) width 10: "Z"
                text run at (0,765) width 3: " "
                text run at (0,782) width 9: "a"
                text run at (0,799) width 9: "b"
                text run at (0,816) width 8: "c"
                text run at (0,833) width 9: "d"
                text run at (0,850) width 9: "e"
                text run at (0,867) width 4: "f"
                text run at (0,884) width 9: "g"
                text run at (0,901) width 9: "h"
                text run at (0,918) width 4: "i"
                text run at (0,935) width 4: "j"
                text run at (0,952) width 8: "k"
                text run at (0,969) width 4: "l"
                text run at (0,986) width 13: "m"
                text run at (0,1003) width 9: "n"
                text run at (0,1020) width 9: "o"
                text run at (0,1037) width 9: "p"
                text run at (0,1054) width 9: "q"
                text run at (0,1071) width 5: "r"
                text run at (0,1088) width 8: "s"
                text run at (0,1105) width 4: "t"
                text run at (0,1122) width 9: "u"
                text run at (0,1139) width 8: "v"
        layer at (83,292) size 60x36 clip at (84,293) size 43x34 scrollHeight 306
          RenderTextControl {TEXTAREA} at (1,45) size 60x36 [bgcolor=#FFFFFF] [border: (1px solid #000000)]
            RenderBlock {DIV} at (1,1) size 43x306
              RenderText {#text} at (0,0) size 43x306
                text run at (0,0) width 32: "Lore"
                text run at (0,17) width 13: "m"
                text run at (13,17) width 4: " "
                text run at (0,34) width 43: "ipsum"
                text run at (43,34) width 0: "  "
                text run at (0,51) width 36: "dolor"
                text run at (36,51) width 4: " "
                text run at (0,68) width 34: "ABC"
                text run at (0,85) width 33: "DEF"
                text run at (0,102) width 36: "GHIJ"
                text run at (0,119) width 33: "KLM"
                text run at (0,136) width 35: "NOP"
                text run at (0,153) width 35: "QRS"
                text run at (0,170) width 33: "TUV"
                text run at (0,187) width 37: "WXY"
                text run at (0,204) width 10: "Z"
                text run at (10,204) width 4: " "
                text run at (0,221) width 35: "abcd"
                text run at (0,238) width 39: "efghij"
                text run at (0,255) width 43: "klmno"
                text run at (0,272) width 35: "pqrst"
                text run at (0,289) width 17: "uv"
        layer at (167,270) size 201x60 clip at (168,271) size 184x58 scrollHeight 72
          RenderTextControl {TEXTAREA} at (3,29) size 201x60 [bgcolor=#FFFFFF] [border: (1px solid #000000)]
            RenderBlock {DIV} at (3,3) size 180x68
              RenderText {#text} at (0,0) size 171x68
                text run at (0,0) width 136: "Lorem ipsum  dolor"
                text run at (136,0) width 4: " "
                text run at (0,17) width 171: "ABCDEFGHIJKLMNOP"
                text run at (0,34) width 115: "QRSTUVWXYZ"
                text run at (115,34) width 4: " "
                text run at (0,51) width 169: "abcdefghijklmnopqrstuv"
        layer at (372,270) size 60x60 clip at (373,271) size 43x58 scrollHeight 327
          RenderTextControl {TEXTAREA} at (1,43) size 60x60 [bgcolor=#FFFFFF] [border: (1px solid #000000)]
            RenderBlock {DIV} at (3,3) size 39x323
              RenderText {#text} at (0,0) size 39x323
                text run at (0,0) width 32: "Lore"
                text run at (0,17) width 13: "m"
                text run at (13,17) width 4: " "
                text run at (0,34) width 30: "ipsu"
                text run at (0,51) width 13: "m"
                text run at (13,51) width 8: "  "
                text run at (0,68) width 36: "dolor"
                text run at (36,68) width 3: " "
                text run at (0,85) width 34: "ABC"
                text run at (0,102) width 33: "DEF"
                text run at (0,119) width 36: "GHIJ"
                text run at (0,136) width 33: "KLM"
                text run at (0,153) width 35: "NOP"
                text run at (0,170) width 35: "QRS"
                text run at (0,187) width 33: "TUV"
                text run at (0,204) width 37: "WXY"
                text run at (0,221) width 10: "Z"
                text run at (10,221) width 4: " "
                text run at (0,238) width 35: "abcd"
                text run at (0,255) width 39: "efghij"
                text run at (0,272) width 34: "klmn"
                text run at (0,289) width 32: "opqr"
                text run at (0,306) width 29: "stuv"
        layer at (456,288) size 201x40 clip at (457,289) size 199x38 scrollHeight 72
          RenderTextControl {TEXTAREA} at (3,31) size 201x40 [bgcolor=#FFFFFF] [border: (1px solid #000000)]
            RenderBlock {DIV} at (3,3) size 195x68
              RenderText {#text} at (0,0) size 195x68
                text run at (0,0) width 136: "Lorem ipsum  dolor"
                text run at (136,0) width 4: " "
                text run at (0,17) width 195: "ABCDEFGHIJKLMNOPQR"
                text run at (0,34) width 91: "STUVWXYZ"
                text run at (91,34) width 4: " "
                text run at (0,51) width 169: "abcdefghijklmnopqrstuv"
        layer at (3,391) size 201x55 clip at (4,392) size 184x38 scrollHeight 72
          RenderTextControl {TEXTAREA} at (3,31) size 201x55 [bgcolor=#FFFFFF] [border: (1px solid #000000)]
            RenderBlock {DIV} at (3,3) size 180x68
              RenderText {#text} at (0,0) size 171x68
                text run at (0,0) width 136: "Lorem ipsum  dolor"
                text run at (136,0) width 4: " "
                text run at (0,17) width 171: "ABCDEFGHIJKLMNOP"
                text run at (0,34) width 115: "QRSTUVWXYZ"
                text run at (115,34) width 4: " "
                text run at (0,51) width 169: "abcdefghijklmnopqrstuv"
        layer at (208,388) size 60x60 clip at (209,389) size 58x58 scrollHeight 225
          RenderTextControl {TEXTAREA} at (1,57) size 60x60 [bgcolor=#FFFFFF] [border: (1px solid #000000)]
            RenderBlock {DIV} at (3,3) size 54x221
              RenderText {#text} at (0,0) size 53x221
                text run at (0,0) width 45: "Lorem"
                text run at (45,0) width 4: " "
                text run at (0,17) width 43: "ipsum"
                text run at (43,17) width 8: "  "
                text run at (0,34) width 36: "dolor"
                text run at (36,34) width 4: " "
                text run at (0,51) width 46: "ABCD"
                text run at (0,68) width 49: "EFGHI"
                text run at (0,85) width 53: "JKLMN"
                text run at (0,102) width 47: "OPQR"
                text run at (0,119) width 44: "STUV"
                text run at (0,136) width 47: "WXYZ"
                text run at (47,136) width 4: " "
                text run at (0,153) width 48: "abcdef"
                text run at (0,170) width 51: "ghijklm"
                text run at (0,187) width 53: "nopqrst"
                text run at (0,204) width 17: "uv"
        layer at (290,388) size 60x60 clip at (291,389) size 43x43 scrollHeight 327
          RenderTextControl {TEXTAREA} at (1,57) size 60x60 [bgcolor=#FFFFFF] [border: (1px solid #000000)]
            RenderBlock {DIV} at (3,3) size 39x323
              RenderText {#text} at (0,0) size 39x323
                text run at (0,0) width 32: "Lore"
                text run at (0,17) width 13: "m"
                text run at (13,17) width 4: " "
                text run at (0,34) width 30: "ipsu"
                text run at (0,51) width 13: "m"
                text run at (13,51) width 8: "  "
                text run at (0,68) width 36: "dolor"
                text run at (36,68) width 3: " "
                text run at (0,85) width 34: "ABC"
                text run at (0,102) width 33: "DEF"
                text run at (0,119) width 36: "GHIJ"
                text run at (0,136) width 33: "KLM"
                text run at (0,153) width 35: "NOP"
                text run at (0,170) width 35: "QRS"
                text run at (0,187) width 33: "TUV"
                text run at (0,204) width 37: "WXY"
                text run at (0,221) width 10: "Z"
                text run at (10,221) width 4: " "
                text run at (0,238) width 35: "abcd"
                text run at (0,255) width 39: "efghij"
                text run at (0,272) width 34: "klmn"
                text run at (0,289) width 32: "opqr"
                text run at (0,306) width 29: "stuv"
        layer at (372,388) size 60x60 clip at (373,389) size 43x58 scrollHeight 327
          RenderTextControl {TEXTAREA} at (1,43) size 60x60 [bgcolor=#FFFFFF] [border: (1px solid #000000)]
            RenderBlock {DIV} at (3,3) size 39x323
              RenderText {#text} at (0,0) size 39x323
                text run at (0,0) width 32: "Lore"
                text run at (0,17) width 13: "m"
                text run at (13,17) width 4: " "
                text run at (0,34) width 30: "ipsu"
                text run at (0,51) width 13: "m"
                text run at (13,51) width 8: "  "
                text run at (0,68) width 36: "dolor"
                text run at (36,68) width 3: " "
                text run at (0,85) width 34: "ABC"
                text run at (0,102) width 33: "DEF"
                text run at (0,119) width 36: "GHIJ"
                text run at (0,136) width 33: "KLM"
                text run at (0,153) width 35: "NOP"
                text run at (0,170) width 35: "QRS"
                text run at (0,187) width 33: "TUV"
                text run at (0,204) width 37: "WXY"
                text run at (0,221) width 10: "Z"
                text run at (10,221) width 4: " "
                text run at (0,238) width 35: "abcd"
                text run at (0,255) width 39: "efghij"
                text run at (0,272) width 34: "klmn"
                text run at (0,289) width 32: "opqr"
                text run at (0,306) width 29: "stuv"
        layer at (454,388) size 60x60 clip at (455,389) size 43x58 scrollHeight 327
          RenderTextControl {TEXTAREA} at (1,43) size 60x60 [bgcolor=#FFFFFF] [border: (1px solid #000000)]
            RenderBlock {DIV} at (3,3) size 39x323
              RenderText {#text} at (0,0) size 39x323
                text run at (0,0) width 32: "Lore"
                text run at (0,17) width 13: "m"
                text run at (13,17) width 4: " "
                text run at (0,34) width 30: "ipsu"
                text run at (0,51) width 13: "m"
                text run at (13,51) width 8: "  "
                text run at (0,68) width 36: "dolor"
                text run at (36,68) width 3: " "
                text run at (0,85) width 34: "ABC"
                text run at (0,102) width 33: "DEF"
                text run at (0,119) width 36: "GHIJ"
                text run at (0,136) width 33: "KLM"
                text run at (0,153) width 35: "NOP"
                text run at (0,170) width 35: "QRS"
                text run at (0,187) width 33: "TUV"
                text run at (0,204) width 37: "WXY"
                text run at (0,221) width 10: "Z"
                text run at (10,221) width 4: " "
                text run at (0,238) width 35: "abcd"
                text run at (0,255) width 39: "efghij"
                text run at (0,272) width 34: "klmn"
                text run at (0,289) width 32: "opqr"
                text run at (0,306) width 29: "stuv"
        layer at (536,388) size 60x60 clip at (537,389) size 43x58 scrollHeight 327
          RenderTextControl {TEXTAREA} at (1,57) size 60x60 [bgcolor=#FFFFFF] [border: (1px solid #000000)]
            RenderBlock {DIV} at (3,3) size 39x323
              RenderText {#text} at (0,0) size 39x323
                text run at (0,0) width 32: "Lore"
                text run at (0,17) width 13: "m"
                text run at (13,17) width 4: " "
                text run at (0,34) width 30: "ipsu"
                text run at (0,51) width 13: "m"
                text run at (13,51) width 8: "  "
                text run at (0,68) width 36: "dolor"
                text run at (36,68) width 3: " "
                text run at (0,85) width 34: "ABC"
                text run at (0,102) width 33: "DEF"
                text run at (0,119) width 36: "GHIJ"
                text run at (0,136) width 33: "KLM"
                text run at (0,153) width 35: "NOP"
                text run at (0,170) width 35: "QRS"
                text run at (0,187) width 33: "TUV"
                text run at (0,204) width 37: "WXY"
                text run at (0,221) width 10: "Z"
                text run at (10,221) width 4: " "
                text run at (0,238) width 35: "abcd"
                text run at (0,255) width 39: "efghij"
                text run at (0,272) width 34: "klmn"
                text run at (0,289) width 32: "opqr"
                text run at (0,306) width 29: "stuv"
        layer at (620,406) size 48x40 clip at (621,407) size 31x38 scrollHeight 446
          RenderTextControl {TEXTAREA} at (3,17) size 48x40 [bgcolor=#FFFFFF] [border: (1px solid #000000)]
            RenderBlock {DIV} at (3,3) size 27x442
              RenderText {#text} at (0,0) size 27x442
                text run at (0,0) width 23: "Lor"
                text run at (0,17) width 22: "em"
                text run at (22,17) width 4: " "
                text run at (0,34) width 21: "ips"
                text run at (0,51) width 22: "um"
                text run at (22,51) width 5: "  "
                text run at (0,68) width 22: "dol"
                text run at (0,85) width 14: "or"
                text run at (14,85) width 4: " "
                text run at (0,102) width 22: "AB"
                text run at (0,119) width 24: "CD"
                text run at (0,136) width 21: "EF"
                text run at (0,153) width 24: "GH"
                text run at (0,170) width 23: "IJK"
                text run at (0,187) width 22: "LM"
                text run at (0,204) width 24: "NO"
                text run at (0,221) width 23: "PQ"
                text run at (0,238) width 23: "RS"
                text run at (0,255) width 22: "TU"
                text run at (0,272) width 26: "VW"
                text run at (0,289) width 22: "XY"
                text run at (0,306) width 10: "Z"
                text run at (10,306) width 4: " "
                text run at (0,323) width 26: "abc"
                text run at (0,340) width 22: "def"
                text run at (0,357) width 26: "ghij"
                text run at (0,374) width 25: "klm"
                text run at (0,391) width 27: "nop"
                text run at (0,408) width 26: "qrst"
                text run at (0,425) width 17: "uv"
        layer at (3,534) size 201x57 clip at (4,535) size 184x55 scrollHeight 72
          RenderTextControl {TEXTAREA} at (3,17) size 201x57 [bgcolor=#FFFFFF] [border: (1px solid #000000)]
            RenderBlock {DIV} at (3,3) size 180x68
              RenderText {#text} at (0,0) size 171x68
                text run at (0,0) width 136: "Lorem ipsum  dolor"
                text run at (136,0) width 4: " "
                text run at (0,17) width 171: "ABCDEFGHIJKLMNOP"
                text run at (0,34) width 115: "QRSTUVWXYZ"
                text run at (115,34) width 4: " "
                text run at (0,51) width 169: "abcdefghijklmnopqrstuv"
        layer at (210,551) size 84x40 clip at (211,552) size 67x38 scrollHeight 191
          RenderTextControl {TEXTAREA} at (3,17) size 84x40 [bgcolor=#FFFFFF] [border: (1px solid #000000)]
            RenderBlock {DIV} at (3,3) size 63x187
              RenderText {#text} at (0,0) size 62x187
                text run at (0,0) width 45: "Lorem"
                text run at (45,0) width 4: " "
                text run at (0,17) width 43: "ipsum"
                text run at (43,17) width 8: "  "
                text run at (0,34) width 36: "dolor"
                text run at (36,34) width 4: " "
                text run at (0,51) width 57: "ABCDE"
                text run at (0,68) width 57: "FGHIJK"
                text run at (0,85) width 57: "LMNOP"
                text run at (0,102) width 57: "QRSTU"
                text run at (0,119) width 58: "VWXYZ"
                text run at (58,119) width 4: " "
                text run at (0,136) width 57: "abcdefg"
                text run at (0,153) width 60: "hijklmno"
                text run at (0,170) width 52: "pqrstuv"
        layer at (300,466) size 201x125 clip at (301,467) size 199x123
          RenderTextControl {TEXTAREA} at (3,17) size 201x125 [bgcolor=#FFFFFF] [border: (1px solid #000000)]
            RenderBlock {DIV} at (3,3) size 195x68
              RenderText {#text} at (0,0) size 195x68
                text run at (0,0) width 136: "Lorem ipsum  dolor"
                text run at (136,0) width 4: " "
                text run at (0,17) width 195: "ABCDEFGHIJKLMNOPQR"
                text run at (0,34) width 91: "STUVWXYZ"
                text run at (91,34) width 4: " "
                text run at (0,51) width 169: "abcdefghijklmnopqrstuv"
        layer at (507,517) size 66x74 clip at (508,518) size 49x72 scrollHeight 259
          RenderTextControl {TEXTAREA} at (3,31) size 66x74 [bgcolor=#FFFFFF] [border: (1px solid #000000)]
            RenderBlock {DIV} at (3,3) size 45x255
              RenderText {#text} at (0,0) size 45x255
                text run at (0,0) width 45: "Lorem"
                text run at (45,0) width 0: " "
                text run at (0,17) width 43: "ipsum"
                text run at (43,17) width 2: "  "
                text run at (0,34) width 36: "dolor"
                text run at (36,34) width 4: " "
                text run at (0,51) width 34: "ABC"
                text run at (0,68) width 45: "DEFG"
                text run at (0,85) width 44: "HIJKL"
                text run at (0,102) width 37: "MNO"
                text run at (0,119) width 35: "PQR"
                text run at (0,136) width 44: "STUV"
                text run at (0,153) width 37: "WXY"
                text run at (0,170) width 10: "Z"
                text run at (10,170) width 4: " "
                text run at (0,187) width 44: "abcde"
                text run at (0,204) width 42: "fghijkl"
                text run at (0,221) width 40: "mnop"
                text run at (0,238) width 43: "qrstuv"
        layer at (3,611) size 201x55 clip at (4,612) size 199x38 scrollWidth 601
          RenderTextControl {TEXTAREA} at (3,17) size 201x55 [bgcolor=#FFFFFF] [border: (1px solid #000000)]
            RenderBlock {DIV} at (3,3) size 195x17
              RenderText {#text} at (0,0) size 599x17
                text run at (0,0) width 599: "Lorem ipsum  dolor ABCDEFGHIJKLMNOPQRSTUVWXYZ abcdefghijklmnopqrstuv"
        layer at (210,626) size 201x40 clip at (211,627) size 184x38 scrollHeight 72
          RenderTextControl {TEXTAREA} at (3,17) size 201x40 [bgcolor=#FFFFFF] [border: (1px solid #000000)]
            RenderBlock {DIV} at (3,3) size 180x68
              RenderText {#text} at (0,0) size 171x68
                text run at (0,0) width 136: "Lorem ipsum  dolor"
                text run at (136,0) width 4: " "
                text run at (0,17) width 171: "ABCDEFGHIJKLMNOP"
                text run at (0,34) width 115: "QRSTUVWXYZ"
                text run at (115,34) width 4: " "
                text run at (0,51) width 169: "abcdefghijklmnopqrstuv"
        layer at (417,626) size 201x40 clip at (418,627) size 184x38 scrollHeight 72
          RenderTextControl {TEXTAREA} at (3,17) size 201x40 [bgcolor=#FFFFFF] [border: (1px solid #000000)]
            RenderBlock {DIV} at (3,3) size 180x68
              RenderText {#text} at (0,0) size 171x68
                text run at (0,0) width 136: "Lorem ipsum  dolor"
                text run at (136,0) width 4: " "
                text run at (0,17) width 171: "ABCDEFGHIJKLMNOP"
                text run at (0,34) width 115: "QRSTUVWXYZ"
                text run at (115,34) width 4: " "
                text run at (0,51) width 169: "abcdefghijklmnopqrstuv"
        layer at (3,700) size 201x40 clip at (4,701) size 184x38 scrollHeight 72
          RenderTextControl {TEXTAREA} at (3,31) size 201x40 [bgcolor=#FFFFFF] [border: (1px solid #000000)]
            RenderBlock {DIV} at (3,3) size 180x68
              RenderText {#text} at (0,0) size 171x68
                text run at (0,0) width 96: "Lorem ipsum "
                text run at (96,0) width 36: "dolor"
                text run at (0,17) width 171: "ABCDEFGHIJKLMNOP"
                text run at (0,34) width 115: "QRSTUVWXYZ"
                text run at (0,51) width 169: "abcdefghijklmnopqrstuv"
        layer at (210,700) size 201x40 clip at (211,701) size 184x38 scrollHeight 72
          RenderTextControl {TEXTAREA} at (3,31) size 201x40 [bgcolor=#FFFFFF] [border: (1px solid #000000)]
            RenderBlock {DIV} at (3,3) size 180x68
              RenderText {#text} at (0,0) size 174x68
                text run at (0,0) width 174: "Lorem ipsum  dolor ABC"
                text run at (0,17) width 172: "DEFGHIJKLMNOPQRS"
                text run at (0,34) width 170: "TUVWXYZ abcdefghijkl"
                text run at (0,51) width 83: "mnopqrstuv"
        layer at (417,700) size 201x40 clip at (418,701) size 184x38 scrollHeight 72
          RenderTextControl {TEXTAREA} at (3,31) size 201x40 [bgcolor=#FFFFFF] [border: (1px solid #000000)]
            RenderBlock {DIV} at (3,3) size 180x68
              RenderText {#text} at (0,0) size 171x68
                text run at (0,0) width 136: "Lorem ipsum  dolor"
                text run at (136,0) width 4: " "
                text run at (0,17) width 171: "ABCDEFGHIJKLMNOP"
                text run at (0,34) width 115: "QRSTUVWXYZ"
                text run at (115,34) width 4: " "
                text run at (0,51) width 169: "abcdefghijklmnopqrstuv"
        layer at (3,789) size 201x40 clip at (4,790) size 199x23 scrollWidth 597
          RenderTextControl {TEXTAREA} at (3,31) size 201x40 [bgcolor=#FFFFFF] [border: (1px solid #000000)]
            RenderBlock {DIV} at (3,3) size 195x17
              RenderText {#text} at (0,0) size 595x17
                text run at (0,0) width 96: "Lorem ipsum "
                text run at (96,0) width 499: "dolor ABCDEFGHIJKLMNOPQRSTUVWXYZ abcdefghijklmnopqrstuv"
        layer at (210,789) size 201x40 clip at (211,790) size 184x38 scrollHeight 72
          RenderTextControl {TEXTAREA} at (3,31) size 201x40 [bgcolor=#FFFFFF] [border: (1px solid #000000)]
            RenderBlock {DIV} at (3,3) size 180x68
              RenderText {#text} at (0,0) size 171x68
                text run at (0,0) width 96: "Lorem ipsum "
                text run at (96,0) width 36: "dolor"
                text run at (0,17) width 171: "ABCDEFGHIJKLMNOP"
                text run at (0,34) width 115: "QRSTUVWXYZ"
                text run at (0,51) width 169: "abcdefghijklmnopqrstuv"
        layer at (417,774) size 201x55 clip at (418,775) size 184x38 scrollWidth 288 scrollHeight 55
          RenderTextControl {TEXTAREA} at (3,31) size 201x55 [bgcolor=#FFFFFF] [border: (1px solid #000000)]
            RenderBlock {DIV} at (3,3) size 180x51
              RenderText {#text} at (0,0) size 286x51
                text run at (0,0) width 136: "Lorem ipsum  dolor"
                text run at (136,0) width 4: " "
                text run at (0,17) width 286: "ABCDEFGHIJKLMNOPQRSTUVWXYZ"
                text run at (0,34) width 173: " abcdefghijklmnopqrstuv"
        layer at (3,877) size 201x55 clip at (4,878) size 184x38 scrollWidth 288 scrollHeight 55
          RenderTextControl {TEXTAREA} at (3,45) size 201x55 [bgcolor=#FFFFFF] [border: (1px solid #000000)]
            RenderBlock {DIV} at (3,3) size 180x51
              RenderText {#text} at (0,0) size 286x51
                text run at (0,0) width 136: "Lorem ipsum  dolor"
                text run at (136,0) width 4: " "
                text run at (0,17) width 286: "ABCDEFGHIJKLMNOPQRSTUVWXYZ"
                text run at (0,34) width 173: " abcdefghijklmnopqrstuv"
      RenderText {#text} at (0,0) size 0x0
