layer at (0,0) size 800x600
  RenderView at (0,0) size 800x600
layer at (0,0) size 800x600
  RenderBlock {HTML} at (0,0) size 800x600
    RenderBody {BODY} at (8,8) size 784x584
      RenderBlock {P} at (0,0) size 784x17
        RenderText {#text} at (0,0) size 393x17
          text run at (0,0) width 393: "Tests that box shadow is not applied to Aqua-themed controls."
      RenderBlock {P} at (0,33) size 784x17
        RenderText {#text} at (0,0) size 257x17
          text run at (0,0) width 257: "You should not see any red on this page."
      RenderBlock {DIV} at (0,66) size 784x27
        RenderTextControl {INPUT} at (2,2) size 207x23 [bgcolor=#FFFFFF] [border: (2px inset #000000)]
          RenderFlexibleBox {DIV} at (3,3) size 201x17
            RenderBlock {DIV} at (0,8) size 0x0
            RenderBlock {DIV} at (0,0) size 185x17
            RenderBlock {DIV} at (185,0) size 16x17
        RenderText {#text} at (0,0) size 0x0
      RenderBlock {DIV} at (0,93) size 784x27
        RenderTextControl {INPUT} at (2,2) size 223x23 [bgcolor=#FFFFFF] [border: (2px inset #000000)]
          RenderFlexibleBox {DIV} at (3,3) size 217x17
            RenderBlock {DIV} at (0,0) size 16x17
            RenderBlock {DIV} at (16,0) size 185x17
            RenderBlock {DIV} at (201,0) size 16x17
        RenderText {#text} at (0,0) size 0x0
      RenderBlock {DIV} at (0,120) size 784x27
        RenderTextControl {INPUT} at (2,2) size 223x23 [bgcolor=#FFFFFF] [border: (2px inset #000000)]
          RenderFlexibleBox {DIV} at (3,3) size 217x17
            RenderBlock {DIV} at (0,0) size 16x17
            RenderBlock {DIV} at (16,0) size 185x17
            RenderBlock {DIV} at (201,0) size 16x17
        RenderText {#text} at (0,0) size 0x0
      RenderBlock (anonymous) at (0,147) size 784x35
        RenderBlock {INPUT} at (2,10) size 16x16
        RenderText {#text} at (20,10) size 4x17
          text run at (20,10) width 4: " "
        RenderBlock {INPUT} at (26,10) size 16x16
        RenderText {#text} at (44,10) size 4x17
          text run at (44,10) width 4: " "
        RenderSlider {INPUT} at (50,10) size 129x14 [color=#909090] [bgcolor=#FFFFFF]
          RenderFlexibleBox {DIV} at (0,0) size 129x14
            RenderBlock {DIV} at (0,0) size 129x14
              RenderBlock {DIV} at (49,0) size 31x14
        RenderText {#text} at (181,10) size 4x17
          text run at (181,10) width 4: " "
        RenderFileUploadControl {INPUT} at (187,6) size 306x26 "(None)"
          RenderButton {INPUT} at (0,0) size 103x26 [bgcolor=#C0C0C0] [border: (2px outset #C0C0C0)]
            RenderBlock (anonymous) at (8,4) size 87x17
              RenderText at (0,0) size 87x17
                text run at (0,0) width 87: "Choose File"
        RenderText {#text} at (495,10) size 4x17
          text run at (495,10) width 4: " "
        RenderButton {INPUT} at (501,2) size 74x31 [bgcolor=#C0C0C0] [border: (2px outset #C0C0C0)]
          RenderBlock (anonymous) at (8,4) size 58x22
            RenderText at (0,0) size 58x22
              text run at (0,0) width 58: "Button"
        RenderText {#text} at (577,10) size 4x17
          text run at (577,10) width 4: " "
        RenderButton {INPUT} at (583,6) size 62x26 [bgcolor=#C0C0C0] [border: (2px outset #C0C0C0)]
          RenderBlock (anonymous) at (8,4) size 46x17
            RenderText at (0,0) size 46x17
              text run at (0,0) width 46: "Button"
        RenderText {#text} at (647,10) size 4x17
          text run at (647,10) width 4: " "
        RenderButton {INPUT} at (651,15) size 30x15 [bgcolor=#C0C0C0] [border: (2px outset #C0C0C0)]
          RenderBlock (anonymous) at (8,4) size 14x6
            RenderText at (0,0) size 14x6
              text run at (0,0) width 14: "Button"
        RenderText {#text} at (681,10) size 4x17
          text run at (681,10) width 4: " "
        RenderButton {BUTTON} at (687,2) size 74x31 [bgcolor=#C0C0C0] [border: (2px outset #C0C0C0)]
          RenderBlock (anonymous) at (8,4) size 58x22
            RenderText {#text} at (0,0) size 58x22
              text run at (0,0) width 58: "Button"
        RenderText {#text} at (0,0) size 0x0
layer at (13,79) size 185x17
  RenderBlock {DIV} at (0,0) size 185x17
    RenderText {#text} at (0,0) size 51x17
      text run at (0,0) width 51: "Search"
layer at (29,106) size 185x17
  RenderBlock {DIV} at (0,0) size 185x17
layer at (29,133) size 185x17
  RenderBlock {DIV} at (0,0) size 185x17
