layer at (0,0) size 800x600
  RenderView at (0,0) size 800x600
layer at (0,0) size 800x600
  RenderBlock {HTML} at (0,0) size 800x600
    RenderBody {BODY} at (8,8) size 784x584
      RenderBlock {P} at (0,0) size 784x17
        RenderText {#text} at (0,0) size 598x17
          text run at (0,0) width 598: "The following button elements should all be rendered on the left, with their text center justified."
      RenderBlock (anonymous) at (0,33) size 784x120
        RenderButton {BUTTON} at (0,2) size 300x26 [bgcolor=#C0C0C0] [border: (2px outset #C0C0C0)]
          RenderBlock (anonymous) at (8,4) size 284x17
            RenderText {#text} at (26,0) size 232x17
              text run at (26,0) width 232: "This is should be center justified."
        RenderText {#text} at (300,6) size 4x17
          text run at (300,6) width 4: " "
        RenderBR {BR} at (0,0) size 0x0
        RenderButton {BUTTON} at (0,32) size 300x26 [bgcolor=#C0C0C0] [border: (2px outset #C0C0C0)]
          RenderBlock (anonymous) at (8,4) size 284x17
            RenderText {#text} at (26,0) size 232x17
              text run at (26,0) width 232: "This is should be center justified."
        RenderText {#text} at (300,36) size 4x17
          text run at (300,36) width 4: " "
        RenderBR {BR} at (0,0) size 0x0
        RenderButton {BUTTON} at (0,62) size 300x26 [bgcolor=#C0C0C0] [border: (2px outset #C0C0C0)]
          RenderBlock (anonymous) at (8,4) size 284x17
            RenderText {#text} at (26,0) size 232x17
              text run at (26,0) width 232: "This is should be center justified."
        RenderText {#text} at (300,66) size 4x17
          text run at (300,66) width 4: " "
        RenderBR {BR} at (0,0) size 0x0
        RenderButton {BUTTON} at (0,92) size 300x26 [bgcolor=#C0C0C0] [border: (2px outset #C0C0C0)]
          RenderBlock (anonymous) at (8,4) size 284x17
            RenderText {#text} at (26,0) size 232x17
              text run at (26,0) width 232: "This is should be center justified."
        RenderText {#text} at (0,0) size 0x0
        RenderText {#text} at (0,0) size 0x0
      RenderBlock {DIV} at (0,153) size 784x30
        RenderButton {BUTTON} at (0,2) size 300x26 [bgcolor=#C0C0C0] [border: (2px outset #C0C0C0)]
          RenderBlock (anonymous) at (8,4) size 284x17
            RenderText {#text} at (26,0) size 232x17
              text run at (26,0) width 232: "This is should be center justified."
