layer at (0,0) size 785x642
  RenderView at (0,0) size 785x600
layer at (0,0) size 785x642
  RenderBlock {HTML} at (0,0) size 785x643
    RenderBody {BODY} at (8,8) size 769x627
      RenderBlock {H3} at (0,0) size 769x21
        RenderText {#text} at (0,0) size 195x21
          text run at (0,0) width 195: "<input type=\"submit\">"
      RenderBlock {P} at (0,39) size 769x18
        RenderText {#text} at (0,0) size 343x17
          text run at (0,0) width 343: "This button should have the default submit button title:"
      RenderBlock (anonymous) at (0,72) size 769x22
        RenderButton {INPUT} at (0,0) size 80x21 [bgcolor=#008000] [border: (2px outset #C0C0C0)]
          RenderBlock (anonymous) at (8,4) size 64x17
            RenderText at (7,0) size 50x17
              text run at (7,0) width 50: "Submit"
        RenderText {#text} at (0,0) size 0x0
      RenderBlock {P} at (0,109) size 769x18
        RenderText {#text} at (0,0) size 295x17
          text run at (0,0) width 295: "This button should should have the title \"Foo\":"
      RenderBlock (anonymous) at (0,142) size 769x22
        RenderButton {INPUT} at (0,0) size 80x21 [bgcolor=#008000] [border: (2px outset #C0C0C0)]
          RenderBlock (anonymous) at (8,4) size 64x17
            RenderText at (18,0) size 28x17
              text run at (18,0) width 28: "Foo"
        RenderText {#text} at (0,0) size 0x0
      RenderBlock {P} at (0,179) size 769x18
        RenderText {#text} at (0,0) size 308x17
          text run at (0,0) width 308: "This button should have a single space in its title:"
      RenderBlock (anonymous) at (0,212) size 769x22
        RenderButton {INPUT} at (0,0) size 80x21 [bgcolor=#008000] [border: (2px outset #C0C0C0)]
          RenderBlock (anonymous) at (8,4) size 64x17
            RenderText at (30,0) size 4x17
              text run at (30,0) width 4: " "
        RenderText {#text} at (0,0) size 0x0
      RenderBlock {P} at (0,249) size 769x18
        RenderText {#text} at (0,0) size 203x17
          text run at (0,0) width 203: "This button should have no title:"
      RenderBlock (anonymous) at (0,282) size 769x22
        RenderButton {INPUT} at (0,0) size 80x21 [bgcolor=#008000] [border: (2px outset #C0C0C0)]
        RenderText {#text} at (0,0) size 0x0
      RenderBlock {H3} at (0,322) size 769x22
        RenderText {#text} at (0,0) size 176x21
          text run at (0,0) width 176: "<input type=\"reset\">"
      RenderBlock {P} at (0,362) size 769x18
        RenderText {#text} at (0,0) size 330x17
          text run at (0,0) width 330: "This button should have the default reset button title:"
      RenderBlock (anonymous) at (0,395) size 769x22
        RenderButton {INPUT} at (0,0) size 80x21 [bgcolor=#008000] [border: (2px outset #C0C0C0)]
          RenderBlock (anonymous) at (8,4) size 64x17
            RenderText at (11,0) size 42x17
              text run at (11,0) width 42: "Reset"
        RenderText {#text} at (0,0) size 0x0
      RenderBlock {P} at (0,432) size 769x18
        RenderText {#text} at (0,0) size 295x17
          text run at (0,0) width 295: "This button should should have the title \"Foo\":"
      RenderBlock (anonymous) at (0,465) size 769x22
        RenderButton {INPUT} at (0,0) size 80x21 [bgcolor=#008000] [border: (2px outset #C0C0C0)]
          RenderBlock (anonymous) at (8,4) size 64x17
            RenderText at (18,0) size 28x17
              text run at (18,0) width 28: "Foo"
        RenderText {#text} at (0,0) size 0x0
      RenderBlock {P} at (0,502) size 769x18
        RenderText {#text} at (0,0) size 308x17
          text run at (0,0) width 308: "This button should have a single space in its title:"
      RenderBlock (anonymous) at (0,535) size 769x22
        RenderButton {INPUT} at (0,0) size 80x21 [bgcolor=#008000] [border: (2px outset #C0C0C0)]
          RenderBlock (anonymous) at (8,4) size 64x17
            RenderText at (30,0) size 4x17
              text run at (30,0) width 4: " "
        RenderText {#text} at (0,0) size 0x0
      RenderBlock {P} at (0,572) size 769x18
        RenderText {#text} at (0,0) size 203x17
          text run at (0,0) width 203: "This button should have no title:"
      RenderBlock (anonymous) at (0,605) size 769x22
        RenderButton {INPUT} at (0,0) size 80x21 [bgcolor=#008000] [border: (2px outset #C0C0C0)]
        RenderText {#text} at (0,0) size 0x0
