layer at (0,0) size 800x600
  RenderView at (0,0) size 800x600
layer at (0,0) size 800x324
  RenderBlock {HTML} at (0,0) size 800x324
    RenderBody {BODY} at (8,16) size 784x300
      RenderBlock {P} at (0,0) size 784x34
        RenderText {#text} at (0,0) size 314x17
          text run at (0,0) width 292: "This is a test of generated content in <button> "
          text run at (292,0) width 22: "for "
        RenderInline {I} at (0,0) size 767x34
          RenderInline {A} at (0,0) size 348x17 [color=#0000EE]
            RenderText {#text} at (314,0) size 348x17
              text run at (314,0) width 348: "http://bugzilla.opendarwin.org/show_bug.cgi?id=9561"
          RenderText {#text} at (662,0) size 767x34
            text run at (662,0) width 4: " "
            text run at (666,0) width 101: "REGRESSION:"
            text run at (0,17) width 430: "Content property on :before of button causes hang on click or hover"
        RenderText {#text} at (430,17) size 4x17
          text run at (430,17) width 4: "."
      RenderBlock {HR} at (0,50) size 784x2 [border: (1px inset #000000)]
      RenderBlock (anonymous) at (0,60) size 784x240
        RenderButton {BUTTON} at (2,2) size 61x26 [color=#0000FF] [bgcolor=#C0C0C0] [border: (2px outset #C0C0C0)]
          RenderBlock (anonymous) at (8,4) size 45x17
            RenderInline (generated) at (0,0) size 45x17
              RenderText at (0,0) size 45x17
                text run at (0,0) width 45: "before"
        RenderText {#text} at (65,6) size 4x17
          text run at (65,6) width 4: " "
        RenderButton {BUTTON} at (71,2) size 105x26 [color=#0000FF] [bgcolor=#C0C0C0] [border: (2px outset #C0C0C0)]
          RenderBlock (anonymous) at (8,4) size 89x17
            RenderInline (generated) at (0,0) size 45x17
              RenderText at (0,0) size 45x17
                text run at (0,0) width 45: "before"
            RenderText {#text} at (45,0) size 44x17
              text run at (45,0) width 44: "button"
        RenderText {#text} at (178,6) size 4x17
          text run at (178,6) width 4: " "
        RenderBR {BR} at (0,0) size 0x0
        RenderButton {BUTTON} at (2,32) size 47x26 [color=#0000FF] [bgcolor=#C0C0C0] [border: (2px outset #C0C0C0)]
          RenderBlock (anonymous) at (8,4) size 31x17
            RenderInline (generated) at (0,0) size 31x17
              RenderText at (0,0) size 31x17
                text run at (0,0) width 31: "after"
        RenderText {#text} at (51,36) size 4x17
          text run at (51,36) width 4: " "
        RenderButton {BUTTON} at (57,32) size 91x26 [color=#0000FF] [bgcolor=#C0C0C0] [border: (2px outset #C0C0C0)]
          RenderBlock (anonymous) at (8,4) size 75x17
            RenderText {#text} at (0,0) size 44x17
              text run at (0,0) width 44: "button"
            RenderInline (generated) at (0,0) size 31x17
              RenderText at (44,0) size 31x17
                text run at (44,0) width 31: "after"
        RenderText {#text} at (150,36) size 4x17
          text run at (150,36) width 4: " "
        RenderBR {BR} at (0,0) size 0x0
        RenderButton {BUTTON} at (2,76) size 16x9 [bgcolor=#C0C0C0] [border: (2px outset #C0C0C0)]
          RenderBlock (anonymous) at (8,4) size 0x0
        RenderText {#text} at (20,66) size 4x17
          text run at (20,66) width 4: " "
        RenderButton {BUTTON} at (26,62) size 60x26 [bgcolor=#C0C0C0] [border: (2px outset #C0C0C0)]
          RenderBlock (anonymous) at (8,4) size 44x17
            RenderText {#text} at (0,0) size 44x17
              text run at (0,0) width 44: "button"
        RenderText {#text} at (88,66) size 4x17
          text run at (88,66) width 4: " "
        RenderBR {BR} at (0,0) size 0x0
        RenderButton {BUTTON} at (2,106) size 16x9 [bgcolor=#C0C0C0] [border: (2px outset #C0C0C0)]
          RenderBlock (anonymous) at (8,4) size 0x0
        RenderText {#text} at (20,96) size 4x17
          text run at (20,96) width 4: " "
        RenderButton {BUTTON} at (26,92) size 60x26 [bgcolor=#C0C0C0] [border: (2px outset #C0C0C0)]
          RenderBlock (anonymous) at (8,4) size 44x17
            RenderText {#text} at (0,0) size 44x17
              text run at (0,0) width 44: "button"
        RenderText {#text} at (88,96) size 4x17
          text run at (88,96) width 4: " "
        RenderBR {BR} at (0,0) size 0x0
        RenderButton {BUTTON} at (2,122) size 61x26 [bgcolor=#C0C0C0] [border: (2px outset #C0C0C0)]
          RenderBlock (anonymous) at (8,4) size 45x17
            RenderInline (generated) at (0,0) size 45x17
              RenderText at (0,0) size 45x17
                text run at (0,0) width 45: "before"
        RenderText {#text} at (65,126) size 4x17
          text run at (65,126) width 4: " "
        RenderButton {BUTTON} at (71,122) size 105x26 [bgcolor=#C0C0C0] [border: (2px outset #C0C0C0)]
          RenderBlock (anonymous) at (8,4) size 89x17
            RenderInline (generated) at (0,0) size 45x17
              RenderText at (0,0) size 45x17
                text run at (0,0) width 45: "before"
            RenderText {#text} at (45,0) size 44x17
              text run at (45,0) width 44: "button"
        RenderText {#text} at (178,126) size 4x17
          text run at (178,126) width 4: " "
        RenderBR {BR} at (0,0) size 0x0
        RenderButton {BUTTON} at (2,152) size 47x26 [bgcolor=#C0C0C0] [border: (2px outset #C0C0C0)]
          RenderBlock (anonymous) at (8,4) size 31x17
            RenderInline (generated) at (0,0) size 31x17
              RenderText at (0,0) size 31x17
                text run at (0,0) width 31: "after"
        RenderText {#text} at (51,156) size 4x17
          text run at (51,156) width 4: " "
        RenderButton {BUTTON} at (57,152) size 91x26 [bgcolor=#C0C0C0] [border: (2px outset #C0C0C0)]
          RenderBlock (anonymous) at (8,4) size 75x17
            RenderText {#text} at (0,0) size 44x17
              text run at (0,0) width 44: "button"
            RenderInline (generated) at (0,0) size 31x17
              RenderText at (44,0) size 31x17
                text run at (44,0) width 31: "after"
        RenderText {#text} at (150,156) size 4x17
          text run at (150,156) width 4: " "
        RenderBR {BR} at (0,0) size 0x0
        RenderButton {BUTTON} at (2,182) size 61x26 [bgcolor=#C0C0C0] [border: (2px outset #C0C0C0)]
          RenderBlock (anonymous) at (8,4) size 45x17
            RenderInline (generated) at (0,0) size 45x17
              RenderText at (0,0) size 45x17
                text run at (0,0) width 45: "before"
        RenderText {#text} at (65,186) size 4x17
          text run at (65,186) width 4: " "
        RenderButton {BUTTON} at (71,182) size 105x26 [bgcolor=#C0C0C0] [border: (2px outset #C0C0C0)]
          RenderBlock (anonymous) at (8,4) size 89x17
            RenderInline (generated) at (0,0) size 45x17
              RenderText at (0,0) size 45x17
                text run at (0,0) width 45: "before"
            RenderText {#text} at (45,0) size 44x17
              text run at (45,0) width 44: "button"
        RenderText {#text} at (178,186) size 4x17
          text run at (178,186) width 4: " "
        RenderBR {BR} at (0,0) size 0x0
        RenderButton {BUTTON} at (2,212) size 47x26 [bgcolor=#C0C0C0] [border: (2px outset #C0C0C0)]
          RenderBlock (anonymous) at (8,4) size 31x17
            RenderInline (generated) at (0,0) size 31x17
              RenderText at (0,0) size 31x17
                text run at (0,0) width 31: "after"
        RenderText {#text} at (51,216) size 4x17
          text run at (51,216) width 4: " "
        RenderButton {BUTTON} at (57,212) size 91x26 [bgcolor=#C0C0C0] [border: (2px outset #C0C0C0)]
          RenderBlock (anonymous) at (8,4) size 75x17
            RenderText {#text} at (0,0) size 44x17
              text run at (0,0) width 44: "button"
            RenderInline (generated) at (0,0) size 31x17
              RenderText at (44,0) size 31x17
                text run at (44,0) width 31: "after"
        RenderText {#text} at (150,216) size 4x17
          text run at (150,216) width 4: " "
        RenderBR {BR} at (0,0) size 0x0
