layer at (0,0) size 800x600
  RenderView at (0,0) size 800x600
layer at (0,0) size 800x600
  RenderBlock {HTML} at (0,0) size 800x600
    RenderBody {BODY} at (8,8) size 784x584
      RenderBlock (anonymous) at (0,0) size 784x17
        RenderText {#text} at (0,0) size 342x17
          text run at (0,0) width 342: "This tests that buttons don't honor table display styles. "
        RenderBR {BR} at (342,14) size 0x0
      RenderButton {INPUT} at (2,19) size 110x26 [bgcolor=#C0C0C0] [border: (2px outset #C0C0C0)]
        RenderBlock (anonymous) at (8,4) size 94x17
          RenderText at (0,0) size 94x17
            text run at (0,0) width 94: "display: table"
      RenderButton {INPUT} at (2,47) size 110x26 [bgcolor=#C0C0C0] [border: (2px outset #C0C0C0)]
        RenderBlock (anonymous) at (8,4) size 94x17
          RenderText at (0,0) size 94x17
            text run at (0,0) width 94: "display: table"
      RenderBlock (anonymous) at (0,75) size 784x440
        RenderBR {BR} at (0,0) size 0x17
        RenderBR {BR} at (0,17) size 0x17
        RenderButton {INPUT} at (2,36) size 154x26 [bgcolor=#C0C0C0] [border: (2px outset #C0C0C0)]
          RenderBlock (anonymous) at (8,4) size 138x17
            RenderText at (0,0) size 138x17
              text run at (0,0) width 138: "display: inline-table"
        RenderText {#text} at (158,40) size 4x17
          text run at (158,40) width 4: " "
        RenderButton {INPUT} at (164,36) size 154x26 [bgcolor=#C0C0C0] [border: (2px outset #C0C0C0)]
          RenderBlock (anonymous) at (8,4) size 138x17
            RenderText at (0,0) size 138x17
              text run at (0,0) width 138: "display: inline-table"
        RenderText {#text} at (320,40) size 4x17
          text run at (320,40) width 4: " "
        RenderBR {BR} at (324,54) size 0x0
        RenderBR {BR} at (0,64) size 0x17
        RenderButton {INPUT} at (2,83) size 187x26 [bgcolor=#C0C0C0] [border: (2px outset #C0C0C0)]
          RenderBlock (anonymous) at (8,4) size 171x17
            RenderText at (0,0) size 171x17
              text run at (0,0) width 171: "display: table-row-group"
        RenderText {#text} at (191,87) size 4x17
          text run at (191,87) width 4: " "
        RenderButton {INPUT} at (197,83) size 187x26 [bgcolor=#C0C0C0] [border: (2px outset #C0C0C0)]
          RenderBlock (anonymous) at (8,4) size 171x17
            RenderText at (0,0) size 171x17
              text run at (0,0) width 171: "display: table-row-group"
        RenderText {#text} at (386,87) size 4x17
          text run at (386,87) width 4: " "
        RenderBR {BR} at (390,101) size 0x0
        RenderBR {BR} at (0,111) size 0x17
        RenderButton {INPUT} at (2,130) size 211x26 [bgcolor=#C0C0C0] [border: (2px outset #C0C0C0)]
          RenderBlock (anonymous) at (8,4) size 195x17
            RenderText at (0,0) size 195x17
              text run at (0,0) width 195: "display: table-header-group"
        RenderText {#text} at (215,134) size 4x17
          text run at (215,134) width 4: " "
        RenderButton {INPUT} at (221,130) size 211x26 [bgcolor=#C0C0C0] [border: (2px outset #C0C0C0)]
          RenderBlock (anonymous) at (8,4) size 195x17
            RenderText at (0,0) size 195x17
              text run at (0,0) width 195: "display: table-header-group"
        RenderText {#text} at (434,134) size 4x17
          text run at (434,134) width 4: " "
        RenderBR {BR} at (438,148) size 0x0
        RenderBR {BR} at (0,158) size 0x17
        RenderButton {INPUT} at (2,177) size 201x26 [bgcolor=#C0C0C0] [border: (2px outset #C0C0C0)]
          RenderBlock (anonymous) at (8,4) size 185x17
            RenderText at (0,0) size 185x17
              text run at (0,0) width 185: "display: table-footer-group"
        RenderText {#text} at (205,181) size 4x17
          text run at (205,181) width 4: " "
        RenderButton {INPUT} at (211,177) size 201x26 [bgcolor=#C0C0C0] [border: (2px outset #C0C0C0)]
          RenderBlock (anonymous) at (8,4) size 185x17
            RenderText at (0,0) size 185x17
              text run at (0,0) width 185: "display: table-footer-group"
        RenderText {#text} at (414,181) size 4x17
          text run at (414,181) width 4: " "
        RenderBR {BR} at (418,195) size 0x0
        RenderBR {BR} at (0,205) size 0x17
        RenderButton {INPUT} at (2,224) size 141x26 [bgcolor=#C0C0C0] [border: (2px outset #C0C0C0)]
          RenderBlock (anonymous) at (8,4) size 125x17
            RenderText at (0,0) size 125x17
              text run at (0,0) width 125: "display: table-row"
        RenderText {#text} at (145,228) size 4x17
          text run at (145,228) width 4: " "
        RenderButton {INPUT} at (151,224) size 141x26 [bgcolor=#C0C0C0] [border: (2px outset #C0C0C0)]
          RenderBlock (anonymous) at (8,4) size 125x17
            RenderText at (0,0) size 125x17
              text run at (0,0) width 125: "display: table-row"
        RenderText {#text} at (294,228) size 4x17
          text run at (294,228) width 4: " "
        RenderBR {BR} at (298,242) size 0x0
        RenderBR {BR} at (0,252) size 0x17
        RenderButton {INPUT} at (2,271) size 213x26 [bgcolor=#C0C0C0] [border: (2px outset #C0C0C0)]
          RenderBlock (anonymous) at (8,4) size 197x17
            RenderText at (0,0) size 197x17
              text run at (0,0) width 197: "display: table-column-group"
        RenderText {#text} at (217,275) size 4x17
          text run at (217,275) width 4: " "
        RenderButton {INPUT} at (223,271) size 213x26 [bgcolor=#C0C0C0] [border: (2px outset #C0C0C0)]
          RenderBlock (anonymous) at (8,4) size 197x17
            RenderText at (0,0) size 197x17
              text run at (0,0) width 197: "display: table-column-group"
        RenderText {#text} at (438,275) size 4x17
          text run at (438,275) width 4: " "
        RenderBR {BR} at (442,289) size 0x0
        RenderBR {BR} at (0,299) size 0x17
        RenderButton {INPUT} at (2,318) size 167x26 [bgcolor=#C0C0C0] [border: (2px outset #C0C0C0)]
          RenderBlock (anonymous) at (8,4) size 151x17
            RenderText at (0,0) size 151x17
              text run at (0,0) width 151: "display: table-column"
        RenderText {#text} at (171,322) size 4x17
          text run at (171,322) width 4: " "
        RenderButton {INPUT} at (177,318) size 167x26 [bgcolor=#C0C0C0] [border: (2px outset #C0C0C0)]
          RenderBlock (anonymous) at (8,4) size 151x17
            RenderText at (0,0) size 151x17
              text run at (0,0) width 151: "display: table-column"
        RenderText {#text} at (346,322) size 4x17
          text run at (346,322) width 4: " "
        RenderBR {BR} at (350,336) size 0x0
        RenderBR {BR} at (0,346) size 0x17
        RenderButton {INPUT} at (2,365) size 140x26 [bgcolor=#C0C0C0] [border: (2px outset #C0C0C0)]
          RenderBlock (anonymous) at (8,4) size 124x17
            RenderText at (0,0) size 124x17
              text run at (0,0) width 124: "display: table-cell"
        RenderText {#text} at (144,369) size 4x17
          text run at (144,369) width 4: " "
        RenderButton {INPUT} at (150,365) size 140x26 [bgcolor=#C0C0C0] [border: (2px outset #C0C0C0)]
          RenderBlock (anonymous) at (8,4) size 124x17
            RenderText at (0,0) size 124x17
              text run at (0,0) width 124: "display: table-cell"
        RenderText {#text} at (292,369) size 4x17
          text run at (292,369) width 4: " "
        RenderBR {BR} at (296,383) size 0x0
        RenderBR {BR} at (0,393) size 0x17
        RenderButton {INPUT} at (2,412) size 167x26 [bgcolor=#C0C0C0] [border: (2px outset #C0C0C0)]
          RenderBlock (anonymous) at (8,4) size 151x17
            RenderText at (0,0) size 151x17
              text run at (0,0) width 151: "display: table-caption"
        RenderText {#text} at (171,416) size 4x17
          text run at (171,416) width 4: " "
        RenderButton {INPUT} at (177,412) size 167x26 [bgcolor=#C0C0C0] [border: (2px outset #C0C0C0)]
          RenderBlock (anonymous) at (8,4) size 151x17
            RenderText at (0,0) size 151x17
              text run at (0,0) width 151: "display: table-caption"
        RenderText {#text} at (0,0) size 0x0
