layer at (0,0) size 800x600
  RenderView at (0,0) size 800x600
layer at (0,0) size 800x600
  RenderBlock {HTML} at (0,0) size 800x600
    RenderBody {BODY} at (8,8) size 784x576
      RenderBlock {P} at (0,0) size 784x17
        RenderText {#text} at (0,0) size 229x17
          text run at (0,0) width 229: "Tests that buttons clip their contents."
      RenderBlock {P} at (0,33) size 784x34
        RenderText {#text} at (0,0) size 738x34
          text run at (0,0) width 481: "Each button below should have a yellow border and a black dashed outline. "
          text run at (481,0) width 257: "Contents should not overflow the yellow"
          text run at (0,17) width 45: "border."
      RenderBlock {P} at (0,83) size 784x50
        RenderButton {BUTTON} at (0,0) size 100x50 [bgcolor=#C0C0C0] [border: (2px outset #FFFF00)]
          RenderBlock (anonymous) at (12,12) size 76x204
            RenderBlock {DIV} at (0,0) size 74x204 [bgcolor=#008080] [border: (2px solid #800080)]
              RenderBlock (floating) {DIV} at (52,2) size 20x100 [bgcolor=#006400]
              RenderText {#text} at (9,2) size 48x68
                text run at (9,2) width 36: "short"
                text run at (5,19) width 44: "words"
                text run at (12,36) width 30: "only"
                text run at (3,53) width 48: "please"
        RenderText {#text} at (0,0) size 0x0
      RenderButton {BUTTON} at (0,149) size 100x50 [bgcolor=#C0C0C0] [border: (2px outset #FFFF00)]
        RenderBlock (anonymous) at (12,12) size 76x204
          RenderBlock {DIV} at (0,0) size 74x204 [bgcolor=#008080] [border: (2px solid #800080)]
            RenderBlock (floating) {DIV} at (52,2) size 20x100 [bgcolor=#006400]
            RenderText {#text} at (9,2) size 48x68
              text run at (9,2) width 36: "short"
              text run at (5,19) width 44: "words"
              text run at (12,36) width 30: "only"
              text run at (3,53) width 48: "please"
      RenderBlock {P} at (0,215) size 784x0
layer at (8,223) size 100x50
  RenderButton {BUTTON} at (8,223) size 100x50 [bgcolor=#C0C0C0] [border: (2px outset #FFFF00)]
    RenderBlock (anonymous) at (12,12) size 76x204
      RenderBlock {DIV} at (0,0) size 74x204 [bgcolor=#008080] [border: (2px solid #800080)]
        RenderBlock (floating) {DIV} at (52,2) size 20x100 [bgcolor=#006400]
        RenderText {#text} at (9,2) size 48x68
          text run at (9,2) width 36: "short"
          text run at (5,19) width 44: "words"
          text run at (12,36) width 30: "only"
          text run at (3,53) width 48: "please"
