layer at (0,0) size 800x600
  RenderView at (0,0) size 800x600
layer at (0,0) size 800x600
  RenderBlock {HTML} at (0,0) size 800x600
    RenderBody {BODY} at (8,8) size 784x584
      RenderText {#text} at (0,0) size 519x17
        text run at (0,0) width 519: "This tests that we don't honor line-height for controls that have restricted font size. "
      RenderBR {BR} at (0,0) size 0x0
      RenderMenuList {SELECT} at (2,19) size 385x27 [bgcolor=#FFFFFF] [border: (1px solid #000000)]
        RenderBlock (anonymous) at (1,1) size 383x25
          RenderText at (4,4) size 358x17
            text run at (4,4) width 358: "This text should be centered vertically in the button"
      RenderText {#text} at (389,24) size 4x17
        text run at (389,24) width 4: " "
      RenderBR {BR} at (0,0) size 0x0
      RenderButton {INPUT} at (2,50) size 374x26 [bgcolor=#C0C0C0] [border: (2px outset #C0C0C0)]
        RenderBlock (anonymous) at (8,4) size 358x17
          RenderText at (0,0) size 358x17
            text run at (0,0) width 358: "This text should be centered vertically in the button"
      RenderText {#text} at (378,54) size 4x17
        text run at (378,54) width 4: " "
      RenderBR {BR} at (0,0) size 0x0
      RenderTextControl {INPUT} at (2,80) size 207x23 [bgcolor=#FFFFFF] [border: (2px inset #000000)]
        RenderFlexibleBox {DIV} at (3,3) size 201x17
          RenderBlock {DIV} at (0,8) size 0x0
          RenderBlock {DIV} at (0,0) size 185x17
          RenderBlock {DIV} at (185,0) size 16x17
      RenderText {#text} at (0,0) size 0x0
layer at (13,91) size 185x17 scrollWidth 359
  RenderBlock {DIV} at (0,0) size 185x17
    RenderText {#text} at (0,0) size 358x17
      text run at (0,0) width 358: "This text should be centered vertically in the button"
