layer at (0,0) size 785x1431
  RenderView at (0,0) size 785x600
layer at (0,0) size 785x1431
  RenderBlock {HTML} at (0,0) size 785x1431
    RenderBody {BODY} at (8,8) size 769x1408
      RenderBlock {P} at (0,0) size 769x17
        RenderText {#text} at (0,0) size 108x17
          text run at (0,0) width 108: "Legend align test"
      RenderFieldSet {FIELDSET} at (2,33) size 765x62 [border: (2px groove #C0C0C0)]
        RenderBlock {LEGEND} at (14,0) size 102x17
          RenderText {#text} at (2,0) size 98x17
            text run at (2,0) width 98: "My Legend left"
        RenderBlock (anonymous) at (14,22) size 737x28
          RenderTextControl {INPUT} at (2,2) size 191x23 [bgcolor=#FFFFFF] [border: (2px inset #000000)]
          RenderText {#text} at (0,0) size 0x0
      RenderFieldSet {FIELDSET} at (2,94) size 765x63 [border: (2px groove #C0C0C0)]
        RenderBlock {LEGEND} at (322,0) size 121x17
          RenderText {#text} at (2,0) size 116x17
            text run at (2,0) width 116: "My Legend center"
        RenderBlock (anonymous) at (14,22) size 737x28
          RenderTextControl {INPUT} at (2,2) size 191x23 [bgcolor=#FFFFFF] [border: (2px inset #000000)]
          RenderText {#text} at (0,0) size 0x0
      RenderFieldSet {FIELDSET} at (2,156) size 765x62 [border: (2px groove #C0C0C0)]
        RenderBlock {LEGEND} at (640,0) size 111x17
          RenderText {#text} at (2,0) size 107x17
            text run at (2,0) width 107: "My Legend right"
        RenderBlock (anonymous) at (14,22) size 737x28
          RenderTextControl {INPUT} at (2,2) size 191x23 [bgcolor=#FFFFFF] [border: (2px inset #000000)]
          RenderText {#text} at (0,0) size 0x0
      RenderFieldSet {FIELDSET} at (2,217) size 765x63 [border: (2px groove #C0C0C0)]
        RenderBlock {LEGEND} at (14,0) size 125x17
          RenderText {#text} at (2,0) size 121x17
            text run at (2,0) width 121: "My Legend default"
        RenderBlock (anonymous) at (14,22) size 737x28
          RenderTextControl {INPUT} at (2,2) size 191x23 [bgcolor=#FFFFFF] [border: (2px inset #000000)]
          RenderText {#text} at (0,0) size 0x0
      RenderBlock {HR} at (0,287) size 769x3 [border: (1px inset #000000)]
      RenderBlock {P} at (0,305) size 769x18
        RenderText {#text} at (0,0) size 147x17
          text run at (0,0) width 147: "Legend align test, RTL"
      RenderBlock (anonymous) at (0,338) size 769x0
        RenderInline {SPAN} at (0,0) size 0x0
          RenderText {#text} at (0,0) size 0x0
      RenderBlock (anonymous) at (0,338) size 769x247
        RenderFieldSet {FIELDSET} at (2,0) size 765x62 [border: (2px groove #C0C0C0)]
          RenderBlock {LEGEND} at (14,0) size 102x17
            RenderText {#text} at (2,0) size 98x17
              text run at (2,0) width 98: "My Legend left"
          RenderBlock (anonymous) at (14,22) size 737x28
            RenderTextControl {INPUT} at (544,2) size 191x23 [bgcolor=#FFFFFF] [border: (2px inset #000000)]
            RenderText {#text} at (0,0) size 0x0
        RenderFieldSet {FIELDSET} at (2,61) size 765x63 [border: (2px groove #C0C0C0)]
          RenderBlock {LEGEND} at (322,0) size 121x17
            RenderText {#text} at (2,0) size 116x17
              text run at (2,0) width 116: "My Legend center"
          RenderBlock (anonymous) at (14,22) size 737x28
            RenderTextControl {INPUT} at (544,2) size 191x23 [bgcolor=#FFFFFF] [border: (2px inset #000000)]
            RenderText {#text} at (0,0) size 0x0
        RenderFieldSet {FIELDSET} at (2,123) size 765x62 [border: (2px groove #C0C0C0)]
          RenderBlock {LEGEND} at (640,0) size 111x17
            RenderText {#text} at (2,0) size 107x17
              text run at (2,0) width 107: "My Legend right"
          RenderBlock (anonymous) at (14,22) size 737x28
            RenderTextControl {INPUT} at (544,2) size 191x23 [bgcolor=#FFFFFF] [border: (2px inset #000000)]
            RenderText {#text} at (0,0) size 0x0
        RenderFieldSet {FIELDSET} at (2,184) size 765x63 [border: (2px groove #C0C0C0)]
          RenderBlock {LEGEND} at (626,0) size 125x17
            RenderText {#text} at (2,0) size 121x17
              text run at (2,0) width 121: "My Legend default"
          RenderBlock (anonymous) at (14,22) size 737x28
            RenderTextControl {INPUT} at (544,2) size 191x23 [bgcolor=#FFFFFF] [border: (2px inset #000000)]
            RenderText {#text} at (0,0) size 0x0
      RenderBlock (anonymous) at (0,584) size 769x0
        RenderInline {SPAN} at (0,0) size 0x0
        RenderText {#text} at (0,0) size 0x0
      RenderBlock {HR} at (0,592) size 769x3 [border: (1px inset #000000)]
      RenderBlock {P} at (0,610) size 769x18
        RenderText {#text} at (0,0) size 270x17
          text run at (0,0) width 270: "Legend align test with margin and padding"
      RenderFieldSet {FIELDSET} at (15,643) size 739x77 [border: (2px groove #C0C0C0)]
        RenderBlock {LEGEND} at (17,0) size 102x17
          RenderText {#text} at (2,0) size 98x17
            text run at (2,0) width 98: "My Legend left"
        RenderBlock (anonymous) at (17,32) size 705x27
          RenderTextControl {INPUT} at (2,2) size 191x23 [bgcolor=#FFFFFF] [border: (2px inset #000000)]
          RenderText {#text} at (0,0) size 0x0
      RenderFieldSet {FIELDSET} at (15,734) size 739x77 [border: (2px groove #C0C0C0)]
        RenderBlock {LEGEND} at (309,0) size 121x17
          RenderText {#text} at (2,0) size 116x17
            text run at (2,0) width 116: "My Legend center"
        RenderBlock (anonymous) at (17,32) size 705x27
          RenderTextControl {INPUT} at (2,2) size 191x23 [bgcolor=#FFFFFF] [border: (2px inset #000000)]
          RenderText {#text} at (0,0) size 0x0
      RenderFieldSet {FIELDSET} at (15,825) size 739x77 [border: (2px groove #C0C0C0)]
        RenderBlock {LEGEND} at (611,0) size 111x17
          RenderText {#text} at (2,0) size 107x17
            text run at (2,0) width 107: "My Legend right"
        RenderBlock (anonymous) at (17,32) size 705x27
          RenderTextControl {INPUT} at (2,2) size 191x23 [bgcolor=#FFFFFF] [border: (2px inset #000000)]
          RenderText {#text} at (0,0) size 0x0
      RenderFieldSet {FIELDSET} at (15,916) size 739x77 [border: (2px groove #C0C0C0)]
        RenderBlock {LEGEND} at (17,0) size 125x17
          RenderText {#text} at (2,0) size 121x17
            text run at (2,0) width 121: "My Legend default"
        RenderBlock (anonymous) at (17,32) size 705x27
          RenderTextControl {INPUT} at (2,2) size 191x23 [bgcolor=#FFFFFF] [border: (2px inset #000000)]
          RenderText {#text} at (0,0) size 0x0
      RenderBlock {HR} at (0,1007) size 769x3 [border: (1px inset #000000)]
      RenderBlock {P} at (0,1025) size 769x18
        RenderText {#text} at (0,0) size 309x17
          text run at (0,0) width 309: "Legend align test with margin and padding, RTL"
      RenderBlock (anonymous) at (0,1058) size 769x0
        RenderInline {SPAN} at (0,0) size 0x0
          RenderText {#text} at (0,0) size 0x0
      RenderBlock (anonymous) at (0,1058) size 769x350
        RenderFieldSet {FIELDSET} at (15,0) size 739x76 [border: (2px groove #C0C0C0)]
          RenderBlock {LEGEND} at (17,0) size 102x17
            RenderText {#text} at (2,0) size 98x17
              text run at (2,0) width 98: "My Legend left"
          RenderBlock (anonymous) at (17,32) size 705x27
            RenderTextControl {INPUT} at (512,2) size 191x23 [bgcolor=#FFFFFF] [border: (2px inset #000000)]
            RenderText {#text} at (0,0) size 0x0
        RenderFieldSet {FIELDSET} at (15,91) size 739x76 [border: (2px groove #C0C0C0)]
          RenderBlock {LEGEND} at (309,0) size 121x17
            RenderText {#text} at (2,0) size 116x17
              text run at (2,0) width 116: "My Legend center"
          RenderBlock (anonymous) at (17,32) size 705x27
            RenderTextControl {INPUT} at (512,2) size 191x23 [bgcolor=#FFFFFF] [border: (2px inset #000000)]
            RenderText {#text} at (0,0) size 0x0
        RenderFieldSet {FIELDSET} at (15,182) size 739x76 [border: (2px groove #C0C0C0)]
          RenderBlock {LEGEND} at (611,0) size 111x17
            RenderText {#text} at (2,0) size 107x17
              text run at (2,0) width 107: "My Legend right"
          RenderBlock (anonymous) at (17,32) size 705x27
            RenderTextControl {INPUT} at (512,2) size 191x23 [bgcolor=#FFFFFF] [border: (2px inset #000000)]
            RenderText {#text} at (0,0) size 0x0
        RenderFieldSet {FIELDSET} at (15,273) size 739x76 [border: (2px groove #C0C0C0)]
          RenderBlock {LEGEND} at (597,0) size 125x17
            RenderText {#text} at (2,0) size 121x17
              text run at (2,0) width 121: "My Legend default"
          RenderBlock (anonymous) at (17,32) size 705x27
            RenderTextControl {INPUT} at (512,2) size 191x23 [bgcolor=#FFFFFF] [border: (2px inset #000000)]
            RenderText {#text} at (0,0) size 0x0
      RenderBlock (anonymous) at (0,1422) size 769x0
        RenderInline {SPAN} at (0,0) size 0x0
        RenderText {#text} at (0,0) size 0x0
layer at (29,69) size 185x17
  RenderBlock {DIV} at (3,3) size 185x17
layer at (29,130) size 185x17
  RenderBlock {DIV} at (3,3) size 185x17
layer at (29,192) size 185x17
  RenderBlock {DIV} at (3,3) size 185x17
layer at (29,253) size 185x17
  RenderBlock {DIV} at (3,3) size 185x17
layer at (571,374) size 185x17
  RenderBlock {DIV} at (3,3) size 185x17
layer at (571,436) size 185x17
  RenderBlock {DIV} at (3,3) size 185x17
layer at (571,497) size 185x17
  RenderBlock {DIV} at (3,3) size 185x17
layer at (571,559) size 185x17
  RenderBlock {DIV} at (3,3) size 185x17
layer at (45,689) size 185x17
  RenderBlock {DIV} at (3,3) size 185x17
layer at (45,780) size 185x17
  RenderBlock {DIV} at (3,3) size 185x17
layer at (45,871) size 185x17
  RenderBlock {DIV} at (3,3) size 185x17
layer at (45,962) size 185x17
  RenderBlock {DIV} at (3,3) size 185x17
layer at (555,1104) size 185x17
  RenderBlock {DIV} at (3,3) size 185x17
layer at (555,1195) size 185x17
  RenderBlock {DIV} at (3,3) size 185x17
layer at (555,1286) size 185x17
  RenderBlock {DIV} at (3,3) size 185x17
layer at (555,1377) size 185x17
  RenderBlock {DIV} at (3,3) size 185x17
