layer at (0,0) size 800x600
  RenderView at (0,0) size 800x600
layer at (0,0) size 800x600
  RenderBlock {HTML} at (0,0) size 800x600
    RenderBody {BODY} at (8,8) size 784x576
      RenderBlock (anonymous) at (0,0) size 784x17
        RenderText {#text} at (0,0) size 762x17
          text run at (0,0) width 762: "This tests the height attribute of form elements. The only element that should honour this value is the Image type of input."
      RenderBlock {FORM} at (0,17) size 784x305
        RenderText {#text} at (0,5) size 36x17
          text run at (0,5) width 36: "input "
        RenderTextControl {INPUT} at (38,2) size 191x23 [bgcolor=#FFFFFF] [border: (2px inset #000000)]
        RenderText {#text} at (231,5) size 4x17
          text run at (231,5) width 4: " "
        RenderBR {BR} at (235,19) size 0x0
        RenderText {#text} at (0,32) size 27x17
          text run at (0,32) width 27: "text "
        RenderTextControl {INPUT} at (29,29) size 191x23 [bgcolor=#FFFFFF] [border: (2px inset #000000)]
        RenderText {#text} at (222,32) size 4x17
          text run at (222,32) width 4: " "
        RenderBR {BR} at (226,46) size 0x0
        RenderText {#text} at (0,57) size 65x17
          text run at (0,57) width 65: "checkbox "
        RenderBlock {INPUT} at (67,57) size 16x16
        RenderText {#text} at (85,57) size 4x17
          text run at (85,57) width 4: " "
        RenderBR {BR} at (89,71) size 0x0
        RenderText {#text} at (0,82) size 24x17
          text run at (0,82) width 24: "file "
        RenderFileUploadControl {INPUT} at (26,78) size 306x26 "(None)"
          RenderButton {INPUT} at (0,0) size 103x26 [bgcolor=#C0C0C0] [border: (2px outset #C0C0C0)]
            RenderBlock (anonymous) at (8,4) size 87x17
              RenderText at (0,0) size 87x17
                text run at (0,0) width 87: "Choose File"
        RenderText {#text} at (334,82) size 4x17
          text run at (334,82) width 4: " "
        RenderBR {BR} at (338,96) size 0x0
        RenderText {#text} at (0,106) size 42x17
          text run at (0,106) width 42: "image "
        RenderImage {INPUT} at (42,119) size 10x1
        RenderText {#text} at (52,106) size 4x17
          text run at (52,106) width 4: " "
        RenderBR {BR} at (56,120) size 0x0
        RenderText {#text} at (0,126) size 36x17
          text run at (0,126) width 36: "radio "
        RenderBlock {INPUT} at (38,126) size 16x16
        RenderText {#text} at (56,126) size 4x17
          text run at (56,126) width 4: " "
        RenderBR {BR} at (60,140) size 0x0
        RenderText {#text} at (0,147) size 39x17
          text run at (0,147) width 39: "range "
        RenderSlider {INPUT} at (41,147) size 129x14 [color=#909090] [bgcolor=#FFFFFF]
          RenderFlexibleBox {DIV} at (0,0) size 129x14
            RenderBlock {DIV} at (0,0) size 129x14
              RenderBlock {DIV} at (49,0) size 31x14
        RenderText {#text} at (172,147) size 4x17
          text run at (172,147) width 4: " "
        RenderBR {BR} at (176,161) size 0x0
        RenderText {#text} at (0,170) size 33x17
          text run at (0,170) width 33: "reset "
        RenderButton {INPUT} at (35,166) size 58x26 [bgcolor=#C0C0C0] [border: (2px outset #C0C0C0)]
          RenderBlock (anonymous) at (8,4) size 42x17
            RenderText at (0,0) size 42x17
              text run at (0,0) width 42: "Reset"
        RenderText {#text} at (95,170) size 4x17
          text run at (95,170) width 4: " "
        RenderBR {BR} at (99,184) size 0x0
        RenderText {#text} at (0,200) size 46x17
          text run at (0,200) width 46: "submit "
        RenderButton {INPUT} at (48,196) size 66x26 [bgcolor=#C0C0C0] [border: (2px outset #C0C0C0)]
          RenderBlock (anonymous) at (8,4) size 50x17
            RenderText at (0,0) size 50x17
              text run at (0,0) width 50: "Submit"
        RenderText {#text} at (116,200) size 4x17
          text run at (116,200) width 4: " "
        RenderBR {BR} at (120,214) size 0x0
        RenderText {#text} at (0,229) size 49x17
          text run at (0,229) width 49: "isindex "
        RenderTextControl {INPUT} at (51,226) size 191x23 [bgcolor=#FFFFFF] [border: (2px inset #000000)]
        RenderText {#text} at (244,229) size 4x17
          text run at (244,229) width 4: " "
        RenderBR {BR} at (248,243) size 0x0
        RenderText {#text} at (0,256) size 64x17
          text run at (0,256) width 64: "password "
        RenderTextControl {INPUT} at (66,253) size 191x23 [bgcolor=#FFFFFF] [border: (2px inset #000000)]
        RenderText {#text} at (259,256) size 4x17
          text run at (259,256) width 4: " "
        RenderBR {BR} at (263,270) size 0x0
        RenderText {#text} at (0,283) size 44x17
          text run at (0,283) width 44: "search "
        RenderTextControl {INPUT} at (46,280) size 207x23 [bgcolor=#FFFFFF] [border: (2px inset #000000)]
          RenderFlexibleBox {DIV} at (3,3) size 201x17
            RenderBlock {DIV} at (0,8) size 0x0
            RenderBlock {DIV} at (0,0) size 185x17
            RenderBlock {DIV} at (185,0) size 16x17
        RenderText {#text} at (0,0) size 0x0
layer at (49,30) size 185x17
  RenderBlock {DIV} at (3,3) size 185x17
layer at (40,57) size 185x17
  RenderBlock {DIV} at (3,3) size 185x17
layer at (62,254) size 185x17
  RenderBlock {DIV} at (3,3) size 185x17
layer at (77,281) size 185x17
  RenderBlock {DIV} at (3,3) size 185x17
layer at (57,308) size 185x17
  RenderBlock {DIV} at (0,0) size 185x17
