layer at (0,0) size 800x600
  RenderView at (0,0) size 800x600
layer at (0,0) size 800x600
  RenderBlock {HTML} at (0,0) size 800x600
    RenderBody {BODY} at (8,8) size 784x584
      RenderBlock {P} at (0,0) size 784x17
        RenderText {#text} at (0,0) size 579x17
          text run at (0,0) width 579: "The following 4 images should be all be rendered exactly the same, aligned to the right side."
      RenderImage {INPUT} at (767,33) size 17x19
      RenderBlock (anonymous) at (0,33) size 784x102
        RenderBR {BR} at (0,0) size 0x17
        RenderBR {BR} at (0,17) size 0x17
        RenderImage {INPUT} at (767,34) size 17x19
        RenderBR {BR} at (0,34) size 0x17
        RenderBR {BR} at (0,51) size 0x17
        RenderImage {INPUT} at (767,68) size 17x19
        RenderBR {BR} at (0,68) size 0x17
        RenderBR {BR} at (0,85) size 0x17
      RenderBlock {DIV} at (0,135) size 784x0
        RenderImage {INPUT} at (767,0) size 17x19
