layer at (0,0) size 800x600
  RenderView at (0,0) size 800x600
layer at (0,0) size 800x600
  RenderBlock {HTML} at (0,0) size 800x600
    RenderBody {BODY} at (8,8) size 784x576
      RenderBlock (anonymous) at (0,0) size 784x17
        RenderText {#text} at (0,0) size 755x17
          text run at (0,0) width 755: "This test uses the new text field to test focus() and blur() and to make sure that onFocus and onBlur events fire correctly."
      RenderBlock {P} at (0,33) size 784x27
        RenderTextControl {INPUT} at (2,2) size 191x23 [bgcolor=#FFFFFF] [border: (2px inset #000000)]
        RenderText {#text} at (195,5) size 4x17
          text run at (195,5) width 4: " "
        RenderTextControl {INPUT} at (201,2) size 191x23 [bgcolor=#FFFFFF] [border: (2px inset #000000)]
        RenderText {#text} at (0,0) size 0x0
      RenderBlock {DIV} at (0,76) size 784x68
        RenderBR {BR} at (0,0) size 0x17
        RenderText {#text} at (0,17) size 322x17
          text run at (0,17) width 322: "Test Passed. Text field 1's onFocus event has fired."
        RenderBR {BR} at (322,31) size 0x0
        RenderText {#text} at (0,34) size 312x17
          text run at (0,34) width 312: "Test Passed. Text field 1's onBlur event has fired."
        RenderBR {BR} at (312,48) size 0x0
        RenderText {#text} at (0,51) size 322x17
          text run at (0,51) width 322: "Test Passed. Text field 2's onFocus event has fired."
      RenderBlock {P} at (0,160) size 784x0
layer at (13,46) size 185x17
  RenderBlock {DIV} at (3,3) size 185x17
    RenderText {#text} at (0,0) size 109x17
      text run at (0,0) width 109: "My Text Field 1"
layer at (212,46) size 185x17
  RenderBlock {DIV} at (3,3) size 185x17
    RenderText {#text} at (0,0) size 109x17
      text run at (0,0) width 109: "My Text Field 2"
selection start: position 0 of child 0 {#text} of child 0 {DIV} of {#document-fragment} of child 3 {INPUT} of child 1 {P} of body
selection end:   position 15 of child 0 {#text} of child 0 {DIV} of {#document-fragment} of child 3 {INPUT} of child 1 {P} of body
