layer at (0,0) size 800x600
  RenderView at (0,0) size 800x600
layer at (0,0) size 800x600
  RenderBlock {HTML} at (0,0) size 800x600
    RenderBody {BODY} at (8,8) size 784x584
      RenderButton {INPUT} at (0,10) size 41x15 [bgcolor=#C0C0C0] [border: (2px outset #C0C0C0)]
        RenderBlock (anonymous) at (8,4) size 25x6
          RenderText at (0,0) size 25x6
            text run at (0,0) width 25: "Test Button"
      RenderText {#text} at (41,5) size 4x17
        text run at (41,5) width 4: " "
      RenderButton {INPUT} at (45,10) size 47x15 [bgcolor=#C0C0C0] [border: (2px outset #C0C0C0)]
        RenderBlock (anonymous) at (8,4) size 31x6
          RenderText at (0,0) size 31x6
            text run at (0,0) width 31: "Test Button"
      RenderText {#text} at (92,5) size 4x17
        text run at (92,5) width 4: " "
      RenderButton {INPUT} at (96,9) size 53x16 [bgcolor=#C0C0C0] [border: (2px outset #C0C0C0)]
        RenderBlock (anonymous) at (8,4) size 37x7
          RenderText at (0,0) size 37x7
            text run at (0,0) width 37: "Test Button"
      RenderText {#text} at (149,5) size 4x17
        text run at (149,5) width 4: " "
      RenderButton {INPUT} at (153,8) size 54x18 [bgcolor=#C0C0C0] [border: (2px outset #C0C0C0)]
        RenderBlock (anonymous) at (8,4) size 38x9
          RenderText at (0,0) size 38x9
            text run at (0,0) width 38: "Test Button"
      RenderText {#text} at (207,5) size 4x17
        text run at (207,5) width 4: " "
      RenderButton {INPUT} at (211,7) size 65x19 [bgcolor=#C0C0C0] [border: (2px outset #C0C0C0)]
        RenderBlock (anonymous) at (8,4) size 49x10
          RenderText at (0,0) size 49x10
            text run at (0,0) width 49: "Test Button"
      RenderText {#text} at (276,5) size 4x17
        text run at (276,5) width 4: " "
      RenderButton {INPUT} at (280,6) size 70x20 [bgcolor=#C0C0C0] [border: (2px outset #C0C0C0)]
        RenderBlock (anonymous) at (8,4) size 54x11
          RenderText at (0,0) size 54x11
            text run at (0,0) width 54: "Test Button"
      RenderText {#text} at (350,5) size 4x17
        text run at (350,5) width 4: " "
      RenderButton {INPUT} at (356,5) size 72x21 [bgcolor=#C0C0C0] [border: (2px outset #C0C0C0)]
        RenderBlock (anonymous) at (8,4) size 56x12
          RenderText at (0,0) size 56x12
            text run at (0,0) width 56: "Test Button"
      RenderText {#text} at (430,5) size 4x17
        text run at (430,5) width 4: " "
      RenderButton {INPUT} at (436,4) size 77x23 [bgcolor=#C0C0C0] [border: (2px outset #C0C0C0)]
        RenderBlock (anonymous) at (8,4) size 61x14
          RenderText at (0,0) size 61x14
            text run at (0,0) width 61: "Test Button"
      RenderText {#text} at (515,5) size 4x17
        text run at (515,5) width 4: " "
      RenderButton {INPUT} at (521,3) size 84x24 [bgcolor=#C0C0C0] [border: (2px outset #C0C0C0)]
        RenderBlock (anonymous) at (8,4) size 68x15
          RenderText at (0,0) size 68x15
            text run at (0,0) width 68: "Test Button"
      RenderText {#text} at (607,5) size 4x17
        text run at (607,5) width 4: " "
      RenderButton {INPUT} at (613,2) size 89x25 [bgcolor=#C0C0C0] [border: (2px outset #C0C0C0)]
        RenderBlock (anonymous) at (8,4) size 73x16
          RenderText at (0,0) size 73x16
            text run at (0,0) width 73: "Test Button"
      RenderText {#text} at (704,5) size 4x17
        text run at (704,5) width 4: " "
      RenderButton {INPUT} at (2,35) size 91x26 [bgcolor=#C0C0C0] [border: (2px outset #C0C0C0)]
        RenderBlock (anonymous) at (8,4) size 75x17
          RenderText at (0,0) size 75x17
            text run at (0,0) width 75: "Test Button"
      RenderText {#text} at (95,39) size 4x17
        text run at (95,39) width 4: " "
      RenderButton {INPUT} at (101,35) size 97x26 [bgcolor=#C0C0C0] [border: (2px outset #C0C0C0)]
        RenderBlock (anonymous) at (8,4) size 81x17
          RenderText at (0,0) size 81x17
            text run at (0,0) width 81: "Test Button"
      RenderText {#text} at (200,39) size 4x17
        text run at (200,39) width 4: " "
      RenderButton {INPUT} at (206,34) size 102x28 [bgcolor=#C0C0C0] [border: (2px outset #C0C0C0)]
        RenderBlock (anonymous) at (8,4) size 86x19
          RenderText at (0,0) size 86x19
            text run at (0,0) width 86: "Test Button"
      RenderText {#text} at (310,39) size 4x17
        text run at (310,39) width 4: " "
      RenderButton {INPUT} at (316,33) size 108x29 [bgcolor=#C0C0C0] [border: (2px outset #C0C0C0)]
        RenderBlock (anonymous) at (8,4) size 92x20
          RenderText at (0,0) size 92x20
            text run at (0,0) width 92: "Test Button"
      RenderText {#text} at (426,39) size 4x17
        text run at (426,39) width 4: " "
      RenderButton {INPUT} at (432,32) size 115x30 [bgcolor=#C0C0C0] [border: (2px outset #C0C0C0)]
        RenderBlock (anonymous) at (8,4) size 99x21
          RenderText at (0,0) size 99x21
            text run at (0,0) width 99: "Test Button"
      RenderText {#text} at (549,39) size 4x17
        text run at (549,39) width 4: " "
      RenderButton {INPUT} at (555,31) size 119x31 [bgcolor=#C0C0C0] [border: (2px outset #C0C0C0)]
        RenderBlock (anonymous) at (8,4) size 103x22
          RenderText at (0,0) size 103x22
            text run at (0,0) width 103: "Test Button"
      RenderText {#text} at (676,39) size 4x17
        text run at (676,39) width 4: " "
      RenderButton {INPUT} at (2,66) size 126x32 [bgcolor=#C0C0C0] [border: (2px outset #C0C0C0)]
        RenderBlock (anonymous) at (8,4) size 110x23
          RenderText at (0,0) size 110x23
            text run at (0,0) width 110: "Test Button"
      RenderText {#text} at (0,0) size 0x0
