layer at (0,0) size 800x600
  RenderView at (0,0) size 800x600
layer at (0,0) size 800x600
  RenderBlock {HTML} at (0,0) size 800x600
    RenderBody {BODY} at (8,8) size 784x584
      RenderBlock (anonymous) at (0,0) size 784x65
        RenderText {#text} at (0,0) size 663x17
          text run at (0,0) width 663: "This tests that when an option is dynamically added to a menu list, and it is too long for the current width,"
        RenderBR {BR} at (663,14) size 0x0
        RenderText {#text} at (0,17) size 364x17
          text run at (0,17) width 364: "that the select automatically recalculates the correct width."
        RenderBR {BR} at (364,31) size 0x0
        RenderMenuList {SELECT} at (2,36) size 165x27 [bgcolor=#FFFFFF] [border: (1px solid #000000)]
          RenderBlock (anonymous) at (1,1) size 163x25
            RenderText at (4,4) size 38x17
              text run at (4,4) width 38: "Short"
        RenderText {#text} at (0,0) size 0x0
      RenderBlock {DIV} at (0,65) size 784x0
