layer at (0,0) size 800x600
  RenderView at (0,0) size 800x600
layer at (0,0) size 800x600
  RenderBlock {HTML} at (0,0) size 800x600
    RenderBody {BODY} at (8,8) size 784x584
      RenderText {#text} at (0,0) size 702x17
        text run at (0,0) width 702: "This tests that the option text is clipped properly, and doesn't spill over into the arrow part of the popup control. "
      RenderBR {BR} at (702,14) size 0x0
      RenderMenuList {SELECT} at (0,19) size 150x27 [bgcolor=#FFFFFF] [border: (1px solid #000000)]
        RenderBlock (anonymous) at (1,1) size 148x25
          RenderText at (4,4) size 184x17
            text run at (4,4) width 184: "12345 6789 ABCD EFGH"
      RenderText {#text} at (0,0) size 0x0
