layer at (0,0) size 800x600
  RenderView at (0,0) size 800x600
layer at (0,0) size 800x600
  RenderBlock {HTML} at (0,0) size 800x600
    RenderBody {BODY} at (8,8) size 784x584
      RenderText {#text} at (0,0) size 328x17
        text run at (0,0) width 328: "This tests that you can set the placeholder text color."
      RenderBR {BR} at (328,14) size 0x0
      RenderTextControl {INPUT} at (2,19) size 191x23 [bgcolor=#FFFFFF] [border: (2px inset #000000)]
      RenderText {#text} at (195,22) size 4x17
        text run at (195,22) width 4: " "
      RenderTextControl {INPUT} at (201,19) size 207x23 [bgcolor=#FFFFFF] [border: (2px inset #000000)]
        RenderFlexibleBox {DIV} at (3,3) size 201x17
          RenderBlock {DIV} at (0,8) size 0x0
          RenderBlock {DIV} at (0,0) size 185x17
          RenderBlock {DIV} at (185,0) size 16x17
      RenderText {#text} at (410,22) size 4x17
        text run at (410,22) width 4: " "
      RenderTextControl {INPUT} at (416,19) size 191x23 [bgcolor=#FFFFFF] [border: (2px inset #000000)]
      RenderText {#text} at (609,22) size 4x17
        text run at (609,22) width 4: " "
      RenderTextControl {INPUT} at (2,46) size 191x23 [bgcolor=#FFFFFF] [border: (2px inset #000000)]
      RenderText {#text} at (195,49) size 4x17
        text run at (195,49) width 4: " "
      RenderTextControl {INPUT} at (201,46) size 191x23 [bgcolor=#FFFFFF] [border: (2px inset #000000)]
      RenderText {#text} at (394,49) size 4x17
        text run at (394,49) width 4: " "
      RenderTextControl {INPUT} at (400,46) size 191x23 [bgcolor=#FFFFFF] [border: (2px inset #000000)]
      RenderText {#text} at (0,0) size 0x0
layer at (13,30) size 185x17
  RenderBlock {DIV} at (3,3) size 185x17 [color=#640000]
    RenderText {#text} at (0,0) size 25x17
      text run at (0,0) width 25: "text"
layer at (13,30) size 185x17
  RenderBlock {DIV} at (3,3) size 185x17
layer at (212,30) size 185x17
  RenderBlock {DIV} at (3,3) size 185x17 [color=#640000]
    RenderText {#text} at (0,0) size 48x17
      text run at (0,0) width 48: "search"
layer at (212,30) size 185x17
  RenderBlock {DIV} at (0,0) size 185x17
layer at (427,30) size 185x17
  RenderBlock {DIV} at (3,3) size 185x17 [color=#640000]
    RenderText {#text} at (0,0) size 69x17
      text run at (0,0) width 69: "password"
layer at (427,30) size 185x17
  RenderBlock {DIV} at (3,3) size 185x17
layer at (13,57) size 185x17
  RenderBlock {DIV} at (3,3) size 185x17 [color=#640000]
    RenderText {#text} at (0,0) size 90x17
      text run at (0,0) width 90: "disabled text"
layer at (13,57) size 185x17
  RenderBlock {DIV} at (3,3) size 185x17 [color=#545454]
layer at (212,57) size 185x17
  RenderBlock {DIV} at (3,3) size 185x17 [color=#A9A9A9]
    RenderText {#text} at (0,0) size 48x17
      text run at (0,0) width 48: "default"
layer at (212,57) size 185x17
  RenderBlock {DIV} at (3,3) size 185x17
layer at (411,57) size 185x17
  RenderBlock {DIV} at (3,3) size 185x17 [color=#A9A9A9]
    RenderText {#text} at (0,0) size 113x17
      text run at (0,0) width 113: "default disabled"
layer at (411,57) size 185x17
  RenderBlock {DIV} at (3,3) size 185x17
