layer at (0,0) size 800x600
  RenderView at (0,0) size 800x600
layer at (0,0) size 800x600
  RenderBlock {HTML} at (0,0) size 800x600
    RenderBody {BODY} at (8,8) size 784x584
      RenderText {#text} at (0,0) size 499x17
        text run at (0,0) width 499: "This tests that the display:none style will work on a search field's cancel button."
      RenderBR {BR} at (499,14) size 0x0
      RenderTextControl {INPUT} at (2,19) size 207x23 [bgcolor=#FFFFFF] [border: (2px inset #000000)]
        RenderFlexibleBox {DIV} at (3,3) size 201x17
          RenderBlock {DIV} at (0,8) size 0x0
          RenderBlock {DIV} at (0,0) size 201x17
      RenderText {#text} at (0,0) size 0x0
layer at (13,30) size 201x17
  RenderBlock {DIV} at (0,0) size 201x17
    RenderText {#text} at (0,0) size 25x17
      text run at (0,0) width 25: "test"
