layer at (0,0) size 800x600
  RenderView at (0,0) size 800x600
layer at (0,0) size 800x600
  RenderBlock {HTML} at (0,0) size 800x600
    RenderBody {BODY} at (8,8) size 784x584
      RenderText {#text} at (0,0) size 368x17
        text run at (0,0) width 368: "This tests that aqua-style search fields do not honor height."
      RenderBR {BR} at (368,14) size 0x0
      RenderTextControl {INPUT} at (0,120) size 74x6 [bgcolor=#FFFFFF] [border: (2px inset #000000)]
        RenderFlexibleBox {DIV} at (3,0) size 68x6
          RenderBlock {DIV} at (0,3) size 0x0
          RenderBlock {DIV} at (0,0) size 62x6
          RenderBlock {DIV} at (62,0) size 6x6
      RenderText {#text} at (74,112) size 4x17
        text run at (74,112) width 4: " "
      RenderTextControl {INPUT} at (80,101) size 187x40 [bgcolor=#FFFFFF] [border: (2px inset #000000)]
        RenderFlexibleBox {DIV} at (3,3) size 181x34
          RenderBlock {DIV} at (0,17) size 0x0
          RenderBlock {DIV} at (0,8) size 166x18
          RenderBlock {DIV} at (166,9) size 15x16
      RenderText {#text} at (269,112) size 4x17
        text run at (269,112) width 4: " "
      RenderTextControl {INPUT} at (275,17) size 339x200 [bgcolor=#FFFFFF] [border: (2px inset #000000)]
        RenderFlexibleBox {DIV} at (3,3) size 333x194
          RenderBlock {DIV} at (0,97) size 0x0
          RenderBlock {DIV} at (0,82) size 309x30
          RenderBlock {DIV} at (309,85) size 24x24
      RenderText {#text} at (0,0) size 0x0
layer at (11,128) size 62x6
  RenderBlock {DIV} at (0,0) size 62x6
    RenderText {#text} at (0,0) size 10x6
      text run at (0,0) width 10: "mini"
layer at (91,121) size 166x17
  RenderBlock {DIV} at (0,0) size 166x17
    RenderText {#text} at (0,0) size 35x17
      text run at (0,0) width 35: "small"
layer at (286,110) size 309x30
  RenderBlock {DIV} at (0,0) size 309x30
    RenderText {#text} at (0,0) size 84x30
      text run at (0,0) width 84: "regular"
