layer at (0,0) size 800x600
  RenderView at (0,0) size 800x600
layer at (0,0) size 800x600
  RenderBlock {HTML} at (0,0) size 800x600
    RenderBody {BODY} at (8,8) size 784x584
      RenderBlock {P} at (0,0) size 784x17
        RenderText {#text} at (0,0) size 385x17
          text run at (0,0) width 385: "Only the second search field should have a cancel button (\x{D7})."
      RenderBlock (anonymous) at (0,33) size 784x27
        RenderTextControl {INPUT} at (2,2) size 207x23 [bgcolor=#FFFFFF] [border: (2px inset #000000)]
          RenderFlexibleBox {DIV} at (3,3) size 201x17
            RenderBlock {DIV} at (0,8) size 0x0
            RenderBlock {DIV} at (0,0) size 185x17
            RenderBlock {DIV} at (185,0) size 16x17
        RenderText {#text} at (211,5) size 4x17
          text run at (211,5) width 4: " "
        RenderTextControl {INPUT} at (217,2) size 207x23 [bgcolor=#FFFFFF] [border: (2px inset #000000)]
          RenderFlexibleBox {DIV} at (3,3) size 201x17
            RenderBlock {DIV} at (0,8) size 0x0
            RenderBlock {DIV} at (0,0) size 185x17
            RenderBlock {DIV} at (185,0) size 16x17
        RenderText {#text} at (0,0) size 0x0
layer at (13,46) size 185x17
  RenderBlock {DIV} at (0,0) size 185x17
layer at (228,46) size 185x17
  RenderBlock {DIV} at (0,0) size 185x17
    RenderText {#text} at (0,0) size 56x17
      text run at (0,0) width 56: "this one"
