layer at (0,0) size 800x600
  RenderView at (0,0) size 800x600
layer at (0,0) size 800x600
  RenderBlock {HTML} at (0,0) size 800x600
    RenderBody {BODY} at (8,8) size 784x584
      RenderBlock {P} at (0,0) size 784x34
        RenderText {#text} at (0,0) size 67x17
          text run at (0,0) width 67: "Test for "
        RenderInline {I} at (0,0) size 758x34
          RenderInline {A} at (0,0) size 372x17 [color=#0000EE]
            RenderText {#text} at (67,0) size 372x17
              text run at (67,0) width 372: "http://bugs.webkit.org/show_bug.cgi?id=13775"
          RenderText {#text} at (439,0) size 758x34
            text run at (439,0) width 5: " "
            text run at (444,0) width 314: "REGRESSION: Popup button text should"
            text run at (0,17) width 525: "use \"natural\" directionality to match the items in the popup menu"
        RenderText {#text} at (525,17) size 5x17
          text run at (525,17) width 5: "."
      RenderBlock {P} at (0,50) size 784x34
        RenderText {#text} at (0,0) size 767x34
          text run at (0,0) width 650: "In all of the popup buttons below, the letter A should be on the left and the letter "
          text run at (650,0) width 10 RTL: "\x{5D0}"
          text run at (660,0) width 107: " should be on"
          text run at (0,17) width 73: "the right."
      RenderBlock {DIV} at (0,100) size 784x62
        RenderBlock {DIV} at (0,0) size 784x31
          RenderMenuList {SELECT} at (0,2) size 70x27 [bgcolor=#FFFFFF] [border: (1px solid #000000)]
            RenderBlock (anonymous) at (1,1) size 68x25
              RenderText at (4,4) size 21x17
                text run at (4,4) width 10 RTL: "\x{5D0}"
                text run at (14,4) width 11: "A"
          RenderText {#text} at (70,7) size 5x17
            text run at (70,7) width 5: " "
          RenderMenuList {SELECT} at (75,2) size 70x27 [bgcolor=#FFFFFF] [border: (1px solid #000000)]
            RenderBlock (anonymous) at (1,1) size 68x25
              RenderText at (4,4) size 21x17
                text run at (4,4) width 11: "A"
                text run at (15,4) width 10 RTL: "\x{5D0}"
          RenderText {#text} at (145,7) size 5x17
            text run at (145,7) width 5: " "
          RenderMenuList {SELECT} at (150,2) size 70x27 [bgcolor=#FFFFFF] [border: (1px solid #000000)]
            RenderBlock (anonymous) at (1,1) size 68x25
              RenderText at (4,4) size 26x17
                text run at (4,4) width 5: "("
                text run at (9,4) width 10 RTL: "\x{5D0}"
                text run at (19,4) width 11: "A"
          RenderText {#text} at (220,7) size 5x17
            text run at (220,7) width 5: " "
          RenderMenuList {SELECT} at (225,2) size 70x27 [bgcolor=#FFFFFF] [border: (1px solid #000000)]
            RenderBlock (anonymous) at (1,1) size 68x25
              RenderText at (4,4) size 26x17
                text run at (4,4) width 16: "(A"
                text run at (20,4) width 10 RTL: "\x{5D0}"
          RenderText {#text} at (0,0) size 0x0
        RenderBlock {DIV} at (0,31) size 784x31
          RenderMenuList {SELECT} at (489,2) size 70x27 [bgcolor=#FFFFFF] [border: (1px solid #000000)]
            RenderBlock (anonymous) at (1,1) size 68x25
              RenderText at (4,4) size 21x17
                text run at (4,4) width 10 RTL: "\x{5D0}"
                text run at (14,4) width 11: "A"
          RenderText {#text} at (559,7) size 5x17
            text run at (559,7) width 5: " "
          RenderMenuList {SELECT} at (564,2) size 70x27 [bgcolor=#FFFFFF] [border: (1px solid #000000)]
            RenderBlock (anonymous) at (1,1) size 68x25
              RenderText at (4,4) size 21x17
                text run at (4,4) width 11: "A"
                text run at (15,4) width 10 RTL: "\x{5D0}"
          RenderText {#text} at (634,7) size 5x17
            text run at (634,7) width 5: " "
          RenderMenuList {SELECT} at (639,2) size 70x27 [bgcolor=#FFFFFF] [border: (1px solid #000000)]
            RenderBlock (anonymous) at (1,1) size 68x25
              RenderText at (4,4) size 26x17
                text run at (4,4) width 5: "("
                text run at (9,4) width 10 RTL: "\x{5D0}"
                text run at (19,4) width 11: "A"
          RenderText {#text} at (709,7) size 5x17
            text run at (709,7) width 5: " "
          RenderMenuList {SELECT} at (714,2) size 70x27 [bgcolor=#FFFFFF] [border: (1px solid #000000)]
            RenderBlock (anonymous) at (1,1) size 68x25
              RenderText at (4,4) size 26x17
                text run at (4,4) width 16: "(A"
                text run at (20,4) width 10 RTL: "\x{5D0}"
          RenderText {#text} at (0,0) size 0x0
      RenderBlock {DIV} at (0,162) size 784x62
        RenderBlock {DIV} at (0,0) size 784x31
          RenderMenuList {SELECT} at (225,2) size 70x27 [bgcolor=#FFFFFF] [border: (1px solid #000000)]
            RenderBlock (anonymous) at (1,1) size 68x25
              RenderText at (43,4) size 21x17
                text run at (43,4) width 11: "A"
                text run at (54,4) width 10 RTL: "\x{5D0}"
          RenderText {#text} at (220,7) size 5x17
            text run at (220,7) width 5 RTL: " "
          RenderMenuList {SELECT} at (150,2) size 70x27 [bgcolor=#FFFFFF] [border: (1px solid #000000)]
            RenderBlock (anonymous) at (1,1) size 68x25
              RenderText at (43,4) size 21x17
                text run at (43,4) width 10 RTL: "\x{5D0}"
                text run at (53,4) width 11: "A"
          RenderText {#text} at (145,7) size 5x17
            text run at (145,7) width 5 RTL: " "
          RenderMenuList {SELECT} at (75,2) size 70x27 [bgcolor=#FFFFFF] [border: (1px solid #000000)]
            RenderBlock (anonymous) at (1,1) size 68x25
              RenderText at (38,4) size 26x17
                text run at (38,4) width 11: "A"
                text run at (49,4) width 15 RTL: "(\x{5D0}"
          RenderText {#text} at (70,7) size 5x17
            text run at (70,7) width 5 RTL: " "
          RenderMenuList {SELECT} at (0,2) size 70x27 [bgcolor=#FFFFFF] [border: (1px solid #000000)]
            RenderBlock (anonymous) at (1,1) size 68x25
              RenderText at (38,4) size 26x17
                text run at (38,4) width 10 RTL: "\x{5D0}"
                text run at (48,4) width 11: "A"
                text run at (59,4) width 5 RTL: "("
          RenderText {#text} at (0,0) size 0x0
        RenderBlock {DIV} at (0,31) size 784x31
          RenderMenuList {SELECT} at (714,2) size 70x27 [bgcolor=#FFFFFF] [border: (1px solid #000000)]
            RenderBlock (anonymous) at (1,1) size 68x25
              RenderText at (43,4) size 21x17
                text run at (43,4) width 11: "A"
                text run at (54,4) width 10 RTL: "\x{5D0}"
          RenderText {#text} at (709,7) size 5x17
            text run at (709,7) width 5 RTL: " "
          RenderMenuList {SELECT} at (639,2) size 70x27 [bgcolor=#FFFFFF] [border: (1px solid #000000)]
            RenderBlock (anonymous) at (1,1) size 68x25
              RenderText at (43,4) size 21x17
                text run at (43,4) width 10 RTL: "\x{5D0}"
                text run at (53,4) width 11: "A"
          RenderText {#text} at (634,7) size 5x17
            text run at (634,7) width 5 RTL: " "
          RenderMenuList {SELECT} at (564,2) size 70x27 [bgcolor=#FFFFFF] [border: (1px solid #000000)]
            RenderBlock (anonymous) at (1,1) size 68x25
              RenderText at (38,4) size 26x17
                text run at (38,4) width 11: "A"
                text run at (49,4) width 15 RTL: "(\x{5D0}"
          RenderText {#text} at (559,7) size 5x17
            text run at (559,7) width 5 RTL: " "
          RenderMenuList {SELECT} at (489,2) size 70x27 [bgcolor=#FFFFFF] [border: (1px solid #000000)]
            RenderBlock (anonymous) at (1,1) size 68x25
              RenderText at (38,4) size 26x17
                text run at (38,4) width 10 RTL: "\x{5D0}"
                text run at (48,4) width 11: "A"
                text run at (59,4) width 5 RTL: "("
          RenderText {#text} at (0,0) size 0x0
