layer at (0,0) size 800x600
  RenderView at (0,0) size 800x600
layer at (0,0) size 800x600
  RenderBlock {HTML} at (0,0) size 800x600
    RenderBody {BODY} at (8,8) size 784x584
      RenderText {#text} at (0,0) size 554x17
        text run at (0,0) width 250: "This tests that styled popups look right. "
        text run at (250,0) width 304: "(Aqua for now- later, we will honor the styling)."
      RenderBR {BR} at (554,14) size 0x0
      RenderMenuList {SELECT} at (2,19) size 52x27 [bgcolor=#FF0000] [border: (1px solid #000000)]
        RenderBlock (anonymous) at (1,1) size 50x25
          RenderText at (4,4) size 25x17
            text run at (4,4) width 25: "test"
      RenderText {#text} at (56,24) size 4x17
        text run at (56,24) width 4: " "
      RenderBR {BR} at (60,38) size 0x0
      RenderText {#text} at (0,48) size 528x17
        text run at (0,48) width 528: "This tests that background color is white by default regardless of the parent element."
      RenderBR {BR} at (528,62) size 0x0
      RenderInline {SPAN} at (0,0) size 70x27 [bgcolor=#FF0000]
        RenderText {#text} at (0,0) size 0x0
        RenderMenuList {SELECT} at (7,67) size 52x27 [bgcolor=#FFFFFF] [border: (1px solid #000000)]
          RenderBlock (anonymous) at (1,1) size 50x25
            RenderText at (4,4) size 25x17
              text run at (4,4) width 25: "test"
        RenderText {#text} at (61,72) size 4x17
          text run at (61,72) width 4: " "
      RenderText {#text} at (0,0) size 0x0
      RenderBR {BR} at (0,0) size 0x0
      RenderText {#text} at (0,96) size 625x17
        text run at (0,96) width 625: "This tests that background color is inherited from the parent if background-color:inherit is specified."
      RenderBR {BR} at (625,110) size 0x0
      RenderInline {SPAN} at (0,0) size 70x27 [bgcolor=#FF0000]
        RenderText {#text} at (0,0) size 0x0
        RenderMenuList {SELECT} at (7,115) size 52x27 [border: (1px solid #000000)]
          RenderBlock (anonymous) at (1,1) size 50x25
            RenderText at (4,4) size 25x17
              text run at (4,4) width 25: "test"
        RenderText {#text} at (61,120) size 4x17
          text run at (61,120) width 4: " "
      RenderText {#text} at (0,0) size 0x0
      RenderBR {BR} at (0,0) size 0x0
      RenderText {#text} at (0,144) size 637x17
        text run at (0,144) width 637: "This tests that background color is the same as the parent if background-color:transparent is specified."
      RenderBR {BR} at (637,158) size 0x0
      RenderInline {SPAN} at (0,0) size 70x27 [bgcolor=#FF0000]
        RenderText {#text} at (0,0) size 0x0
        RenderMenuList {SELECT} at (7,163) size 52x27 [border: (1px solid #000000)]
          RenderBlock (anonymous) at (1,1) size 50x25
            RenderText at (4,4) size 25x17
              text run at (4,4) width 25: "test"
        RenderText {#text} at (61,168) size 4x17
          text run at (61,168) width 4: " "
      RenderText {#text} at (0,0) size 0x0
      RenderBR {BR} at (0,0) size 0x0
      RenderText {#text} at (0,192) size 498x17
        text run at (0,192) width 498: "This tests that background is white if only background-image:none is specified."
      RenderBR {BR} at (498,206) size 0x0
      RenderMenuList {SELECT} at (2,211) size 52x27 [bgcolor=#FFFFFF] [border: (1px solid #000000)]
        RenderBlock (anonymous) at (1,1) size 50x25
          RenderText at (4,4) size 25x17
            text run at (4,4) width 25: "test"
      RenderText {#text} at (56,216) size 4x17
        text run at (56,216) width 4: " "
      RenderBR {BR} at (60,230) size 0x0
      RenderText {#text} at (0,240) size 418x17
        text run at (0,240) width 418: "This tests that the image specified for background-image is visible."
      RenderBR {BR} at (418,254) size 0x0
      RenderMenuList {SELECT} at (2,259) size 52x27 [bgcolor=#FFFFFF] [border: (1px solid #000000)]
        RenderBlock (anonymous) at (1,1) size 50x25
          RenderText at (4,4) size 25x17
            text run at (4,4) width 25: "test"
      RenderText {#text} at (0,0) size 0x0
