layer at (0,0) size 800x600
  RenderView at (0,0) size 800x600
layer at (0,0) size 800x98
  RenderBlock {HTML} at (0,0) size 800x98
    RenderBody {BODY} at (8,8) size 784x74
      RenderTable {TABLE} at (0,0) size 66x41 [border: (1px outset #808080)]
        RenderTableSection {TBODY} at (1,1) size 64x39
          RenderTableRow {TR} at (0,2) size 64x35
            RenderTableCell {TD} at (2,2) size 60x35 [border: (1px inset #808080)] [r=0 c=0 rs=1 cs=1]
              RenderMenuList {SELECT} at (4,4) size 52x27 [bgcolor=#FFFFFF] [border: (1px solid #000000)]
                RenderBlock (anonymous) at (1,1) size 50x25
                  RenderText at (4,4) size 25x17
                    text run at (4,4) width 25: "test"
      RenderBlock {P} at (0,57) size 784x17
        RenderText {#text} at (0,0) size 447x17
          text run at (0,0) width 447: "The select element in the table above must not spill outside of the table."
