layer at (0,0) size 800x600
  RenderView at (0,0) size 800x600
layer at (0,0) size 800x600
  RenderBlock {HTML} at (0,0) size 800x600
    RenderBody {BODY} at (8,8) size 784x584
      RenderText {#text} at (0,0) size 462x17
        text run at (0,0) width 462: "This tests that empty select controls and buttons have the correct baseline."
      RenderBR {BR} at (462,14) size 0x0
      RenderMenuList {SELECT} at (2,19) size 27x27 [bgcolor=#FFFFFF] [border: (1px solid #000000)]
        RenderBlock (anonymous) at (1,1) size 25x25
          RenderText at (4,4) size 0x17
            text run at (4,4) width 0: " "
      RenderText {#text} at (31,24) size 29x17
        text run at (31,24) width 29: " test "
      RenderMenuList {SELECT} at (62,19) size 52x27 [bgcolor=#FFFFFF] [border: (1px solid #000000)]
        RenderBlock (anonymous) at (1,1) size 50x25
          RenderText at (4,4) size 25x17
            text run at (4,4) width 25: "test"
      RenderText {#text} at (116,24) size 4x17
        text run at (116,24) width 4: " "
      RenderMenuList {SELECT} at (122,19) size 27x27 [color=#00008B] [bgcolor=#ADD8E6] [border: (1px solid #00008B)]
        RenderBlock (anonymous) at (1,1) size 25x25
          RenderText at (4,4) size 0x17
            text run at (4,4) width 0: " "
      RenderText {#text} at (151,24) size 29x17
        text run at (151,24) width 29: " test "
      RenderMenuList {SELECT} at (182,19) size 52x27 [color=#00008B] [bgcolor=#ADD8E6] [border: (1px solid #00008B)]
        RenderBlock (anonymous) at (1,1) size 50x25
          RenderText at (4,4) size 25x17
            text run at (4,4) width 25: "test"
      RenderText {#text} at (236,24) size 4x17
        text run at (236,24) width 4: " "
      RenderButton {BUTTON} at (242,34) size 16x9 [bgcolor=#C0C0C0] [border: (2px outset #C0C0C0)]
      RenderText {#text} at (260,24) size 4x17
        text run at (260,24) width 4: " "
      RenderButton {BUTTON} at (266,20) size 41x26 [bgcolor=#C0C0C0] [border: (2px outset #C0C0C0)]
        RenderBlock (anonymous) at (8,4) size 25x17
          RenderText {#text} at (0,0) size 25x17
            text run at (0,0) width 25: "test"
      RenderText {#text} at (309,24) size 4x17
        text run at (309,24) width 4: " "
      RenderButton {BUTTON} at (315,34) size 16x9 [color=#00008B] [bgcolor=#ADD8E6] [border: (2px outset #C0C0C0)]
      RenderText {#text} at (333,24) size 4x17
        text run at (333,24) width 4: " "
      RenderButton {BUTTON} at (339,20) size 41x26 [color=#00008B] [bgcolor=#ADD8E6] [border: (2px outset #C0C0C0)]
        RenderBlock (anonymous) at (8,4) size 25x17
          RenderText {#text} at (0,0) size 25x17
            text run at (0,0) width 25: "test"
      RenderText {#text} at (0,0) size 0x0
