layer at (0,0) size 800x600
  RenderView at (0,0) size 800x600
layer at (0,0) size 800x600
  RenderBlock {HTML} at (0,0) size 800x600
    RenderBody {BODY} at (8,8) size 784x584
      RenderBlock {P} at (0,0) size 784x17
        RenderText {#text} at (0,0) size 624x17
          text run at (0,0) width 624: "The following textarea elements should all be rendered on the left, with their text aligned to the left."
      RenderBlock (anonymous) at (0,33) size 784x185
        RenderText {#text} at (475,30) size 4x17
          text run at (475,30) width 4: " "
        RenderBR {BR} at (0,0) size 0x0
        RenderText {#text} at (475,77) size 4x17
          text run at (475,77) width 4: " "
        RenderBR {BR} at (0,0) size 0x0
        RenderText {#text} at (475,124) size 4x17
          text run at (475,124) width 4: " "
        RenderBR {BR} at (0,0) size 0x0
        RenderText {#text} at (0,0) size 0x0
        RenderText {#text} at (0,0) size 0x0
      RenderBlock {DIV} at (0,218) size 784x44
layer at (10,43) size 471x40 clip at (11,44) size 469x38
  RenderTextControl {TEXTAREA} at (2,2) size 471x40 [bgcolor=#FFFFFF] [border: (1px solid #000000)]
    RenderBlock {DIV} at (3,3) size 465x17
      RenderText {#text} at (0,0) size 250x17
        text run at (0,0) width 250: "This is should be aligned to the left."
layer at (10,90) size 471x40 clip at (11,91) size 469x38
  RenderTextControl {TEXTAREA} at (2,49) size 471x40 [bgcolor=#FFFFFF] [border: (1px solid #000000)]
    RenderBlock {DIV} at (3,3) size 465x17
      RenderText {#text} at (0,0) size 250x17
        text run at (0,0) width 250: "This is should be aligned to the left."
layer at (10,137) size 471x40 clip at (11,138) size 469x38
  RenderTextControl {TEXTAREA} at (2,96) size 471x40 [bgcolor=#FFFFFF] [border: (1px solid #000000)]
    RenderBlock {DIV} at (3,3) size 465x17
      RenderText {#text} at (0,0) size 250x17
        text run at (0,0) width 250: "This is should be aligned to the left."
layer at (10,184) size 471x40 clip at (11,185) size 469x38
  RenderTextControl {TEXTAREA} at (2,143) size 471x40 [bgcolor=#FFFFFF] [border: (1px solid #000000)]
    RenderBlock {DIV} at (3,3) size 465x17
      RenderText {#text} at (0,0) size 250x17
        text run at (0,0) width 250: "This is should be aligned to the left."
layer at (10,228) size 471x40 clip at (11,229) size 469x38
  RenderTextControl {TEXTAREA} at (2,2) size 471x40 [bgcolor=#FFFFFF] [border: (1px solid #000000)]
    RenderBlock {DIV} at (3,3) size 465x17
      RenderText {#text} at (0,0) size 250x17
        text run at (0,0) width 250: "This is should be aligned to the left."
