layer at (0,0) size 800x600
  RenderView at (0,0) size 800x600
layer at (0,0) size 800x600
  RenderBlock {HTML} at (0,0) size 800x600
    RenderBody {BODY} at (8,8) size 784x584
      RenderBlock (anonymous) at (0,0) size 784x17
        RenderText {#text} at (0,0) size 168x17
          text run at (0,0) width 168: "The text should be default:"
      RenderBlock {FORM} at (0,25) size 784x47
        RenderBlock {HR} at (0,0) size 784x2 [border: (1px inset #000000)]
        RenderBlock (anonymous) at (0,10) size 784x27
          RenderInline {LABEL} at (0,0) size 517x17
            RenderText {#text} at (0,5) size 322x17
              text run at (0,5) width 322: "This is a searchable index. Enter search keywords: "
            RenderTextControl {INPUT} at (324,2) size 191x23 [bgcolor=#FFFFFF] [border: (2px inset #000000)]
        RenderBlock {HR} at (0,45) size 784x2 [border: (1px inset #000000)]
      RenderBlock (anonymous) at (0,88) size 784x17
        RenderText {#text} at (0,0) size 145x17
          text run at (0,0) width 145: "The text should be red:"
      RenderBlock {FORM} at (0,113) size 784x47
        RenderBlock {HR} at (0,0) size 784x2 [border: (1px inset #000000)]
        RenderBlock (anonymous) at (0,10) size 784x27
          RenderInline {LABEL} at (0,0) size 517x17
            RenderText {#text} at (0,5) size 322x17
              text run at (0,5) width 322: "This is a searchable index. Enter search keywords: "
            RenderTextControl {INPUT} at (324,2) size 191x23 [color=#FF0000] [bgcolor=#FFFFFF] [border: (2px inset #FF0000)]
        RenderBlock {HR} at (0,45) size 784x2 [border: (1px inset #000000)]
      RenderBlock (anonymous) at (0,176) size 784x17
        RenderText {#text} at (0,0) size 212x17
          text run at (0,0) width 212: "The text should be gray on green:"
      RenderBlock {FORM} at (0,201) size 784x47
        RenderBlock {HR} at (0,0) size 784x2 [border: (1px inset #000000)]
        RenderBlock (anonymous) at (0,10) size 784x27
          RenderInline {LABEL} at (0,0) size 517x17
            RenderText {#text} at (0,5) size 322x17
              text run at (0,5) width 322: "This is a searchable index. Enter search keywords: "
            RenderTextControl {INPUT} at (324,2) size 191x23 [bgcolor=#008000] [border: (2px inset #000000)]
        RenderBlock {HR} at (0,45) size 784x2 [border: (1px inset #000000)]
      RenderBlock (anonymous) at (0,264) size 784x17
        RenderText {#text} at (0,0) size 208x17
          text run at (0,0) width 208: "The text should be red on Green:"
      RenderBlock {FORM} at (0,289) size 784x47
        RenderBlock {HR} at (0,0) size 784x2 [border: (1px inset #000000)]
        RenderBlock (anonymous) at (0,10) size 784x27
          RenderInline {LABEL} at (0,0) size 517x17
            RenderText {#text} at (0,5) size 322x17
              text run at (0,5) width 322: "This is a searchable index. Enter search keywords: "
            RenderTextControl {INPUT} at (324,2) size 191x23 [color=#FF0000] [bgcolor=#008000] [border: (2px inset #FF0000)]
        RenderBlock {HR} at (0,45) size 784x2 [border: (1px inset #000000)]
      RenderBlock (anonymous) at (0,352) size 784x54
        RenderTextControl {INPUT} at (2,2) size 191x23 [bgcolor=#FFFFFF] [border: (2px inset #000000)]
        RenderText {#text} at (195,5) size 4x17
          text run at (195,5) width 4: " "
        RenderTextControl {INPUT} at (201,2) size 191x23 [color=#FF0000] [bgcolor=#FFFFFF] [border: (2px inset #FF0000)]
        RenderText {#text} at (394,5) size 4x17
          text run at (394,5) width 4: " "
        RenderTextControl {INPUT} at (400,2) size 191x23 [bgcolor=#008000] [border: (2px inset #000000)]
        RenderText {#text} at (593,5) size 4x17
          text run at (593,5) width 4: " "
        RenderTextControl {INPUT} at (2,29) size 191x23 [color=#FF0000] [bgcolor=#008000] [border: (2px inset #FF0000)]
        RenderText {#text} at (0,0) size 0x0
layer at (335,48) size 185x17
  RenderBlock {DIV} at (3,3) size 185x17
    RenderText {#text} at (0,0) size 48x17
      text run at (0,0) width 48: "default"
layer at (335,136) size 185x17
  RenderBlock {DIV} at (3,3) size 185x17
    RenderText {#text} at (0,0) size 23x17
      text run at (0,0) width 23: "red"
layer at (335,224) size 185x17
  RenderBlock {DIV} at (3,3) size 185x17
    RenderText {#text} at (0,0) size 115x17
      text run at (0,0) width 115: "default on green"
layer at (335,312) size 185x17
  RenderBlock {DIV} at (3,3) size 185x17
    RenderText {#text} at (0,0) size 90x17
      text run at (0,0) width 90: "red on green"
layer at (13,365) size 185x17
  RenderBlock {DIV} at (3,3) size 185x17
    RenderText {#text} at (0,0) size 48x17
      text run at (0,0) width 48: "default"
layer at (212,365) size 185x17
  RenderBlock {DIV} at (3,3) size 185x17
    RenderText {#text} at (0,0) size 23x17
      text run at (0,0) width 23: "red"
layer at (411,365) size 185x17
  RenderBlock {DIV} at (3,3) size 185x17
    RenderText {#text} at (0,0) size 115x17
      text run at (0,0) width 115: "default on green"
layer at (13,392) size 185x17
  RenderBlock {DIV} at (3,3) size 185x17
    RenderText {#text} at (0,0) size 90x17
      text run at (0,0) width 90: "red on green"
