layer at (0,0) size 800x600
  RenderView at (0,0) size 800x600
layer at (0,0) size 800x46
  RenderBlock {HTML} at (0,0) size 800x46
    RenderBody {BODY} at (8,8) size 784x30
      RenderBlock {FORM} at (0,0) size 784x30
        RenderTextControl {INPUT} at (2,3) size 191x23 [bgcolor=#FFFFFF] [border: (2px inset #000000)]
        RenderText {#text} at (195,6) size 4x17
          text run at (195,6) width 4: " "
        RenderButton {INPUT} at (201,2) size 66x26 [bgcolor=#C0C0C0] [border: (2px outset #C0C0C0)]
          RenderBlock (anonymous) at (8,4) size 50x17
            RenderText at (0,0) size 50x17
              text run at (0,0) width 50: "Submit"
        RenderText {#text} at (0,0) size 0x0
layer at (13,14) size 185x17
  RenderBlock {DIV} at (3,3) size 185x17
layer at (10,34) size 220x104
  RenderBlock (positioned) zI: 2147483647 {DIV} at (10,34) size 220x104
layer at (10,34) size 220x16 scrollHeight 25
  RenderBlock {DIV} at (0,0) size 220x16
layer at (10,46) size 220x88
  RenderFlexibleBox zI: 2147483644 {DIV} at (0,16) size 220x88 [border: (2px solid #440000)]
    RenderBlock {DIV} at (10,10) size 0x68
    RenderBlock {DIV} at (10,10) size 200x68
      RenderBlock {DIV} at (0,0) size 200x17
        RenderText {#text} at (0,0) size 105x17
          text run at (0,0) width 105: "value missing"
      RenderBlock {DIV} at (0,17) size 200x51
        RenderText {#text} at (0,0) size 166x17
          text run at (0,0) width 166: "Needs at least 8 letters."
        RenderBR {BR} at (166,0) size 0x17
        RenderText {#text} at (0,17) size 196x34
          text run at (0,17) width 196: "Should not be identical with"
          text run at (0,34) width 152: "the current password."
layer at (42,34) size 18x18 backgroundClip at (10,34) size 220x16 clip at (10,34) size 220x16 outlineClip at (10,34) size 220x16
  RenderBlock (relative positioned) zI: 2147483645 {DIV} at (0,0) size 18x18 [bgcolor=#F8ECEC] [border: (2px solid #440000) none (2px solid #440000)]
caret: position 0 of child 0 {DIV} of {#document-fragment} of child 1 {INPUT} of child 0 {FORM} of body
