layer at (0,0) size 800x600
  RenderView at (0,0) size 800x600
layer at (0,0) size 800x600
  RenderBlock {HTML} at (0,0) size 800x600
    RenderBody {BODY} at (8,8) size 784x584
      RenderBlock {P} at (0,0) size 784x20
        RenderText {#text} at (0,0) size 503x19
          text run at (0,0) width 503: "This tests that the AutoFill button renders. It can only be tested in the test tool."
      RenderBlock {DIV} at (0,36) size 784x25
        RenderTextControl {INPUT} at (2,2) size 136x22 [bgcolor=#FFFFFF] [border: (1px solid #4C4C4C)]
          RenderFlexibleBox {DIV} at (6,3) size 123x15
            RenderBlock {DIV} at (0,0) size 107x14
        RenderText {#text} at (139,1) size 5x19
          text run at (139,1) width 5: " "
        RenderTextControl {INPUT} at (145,2) size 136x22 [bgcolor=#FFFFFF] [border: (1px solid #4C4C4C)]
          RenderFlexibleBox {DIV} at (6,3) size 123x15
            RenderBlock {DIV} at (0,0) size 107x14
        RenderText {#text} at (282,1) size 5x19
          text run at (282,1) width 5: " "
        RenderTextControl {INPUT} at (288,2) size 137x22 [bgcolor=#FFFFFF] [border: (1px solid #4C4C4C)]
          RenderFlexibleBox {DIV} at (6,3) size 123x15
            RenderBlock {DIV} at (0,0) size 107x14
        RenderTextControl {INPUT} at (428,2) size 136x22 [bgcolor=#FFFFFF] [border: (1px solid #4C4C4C)]
layer at (17,49) size 106x14
  RenderBlock {DIV} at (0,0) size 107x14
layer at (160,49) size 106x14
  RenderBlock {DIV} at (0,0) size 107x14
layer at (303,49) size 106x14
  RenderBlock {DIV} at (0,0) size 107x14
layer at (443,49) size 122x14
  RenderBlock {DIV} at (6,3) size 123x15
layer at (123,49) size 16x14
  RenderImage {DIV} at (106,0) size 17x14
layer at (266,49) size 16x14
  RenderImage {DIV} at (106,0) size 17x14
layer at (410,49) size 16x14
  RenderImage {DIV} at (106,0) size 17x14
