EDITING DELEGATE: shouldBeginEditingInDOMRange:range from 0 of DIV > BODY > HTML > #document to 1 of DIV > BODY > HTML > #document
EDITING DELEGATE: webViewDidBeginEditing:WebViewDidBeginEditingNotification
EDITING DELEGATE: webViewDidChangeSelection:WebViewDidChangeSelectionNotification
EDITING DELEGATE: shouldChangeSelectedDOMRange:range from 1 of TD > TR > TBODY > TABLE > DIV > BODY > HTML > #document to 0 of TD > TR > TBODY > TABLE > DIV > BODY > HTML > #document toDOMRange:range from 2 of TD > TR > TBODY > TABLE > DIV > BODY > HTML > #document to 2 of TD > TR > TBODY > TABLE > DIV > BODY > HTML > #document affinity:NSSelectionAffinityDownstream stillSelecting:FALSE
EDITING DELEGATE: webViewDidChangeSelection:WebViewDidChangeSelectionNotification
EDITING DELEGATE: webViewDidChange:WebViewDidChangeNotification
layer at (0,0) size 800x600
  RenderView at (0,0) size 800x600
layer at (0,0) size 800x600
  RenderBlock {HTML} at (0,0) size 800x600
    RenderBody {BODY} at (8,8) size 784x584
      RenderBlock {P} at (0,0) size 784x34
        RenderText {#text} at (0,0) size 768x34
          text run at (0,0) width 337: "This tests InsertParagraphSeparator inside table cells. "
          text run at (337,0) width 431: "The first cell should contain 'Cell' and a newline, and the second cell"
          text run at (0,17) width 136: "should contain 'Two'."
      RenderBlock {DIV} at (0,50) size 784x44
        RenderTable {TABLE} at (0,0) size 80x44 [border: (1px outset #808080)]
          RenderTableSection {TBODY} at (1,1) size 78x42
            RenderTableRow {TR} at (0,2) size 78x38
              RenderTableCell {TD} at (2,2) size 34x38 [border: (1px inset #808080)] [r=0 c=0 rs=1 cs=1]
                RenderText {#text} at (2,2) size 30x17
                  text run at (2,2) width 30: "Cell "
                RenderBR {BR} at (32,16) size 0x0
                RenderBR {BR} at (2,19) size 0x17
              RenderTableCell {TD} at (38,10) size 38x22 [border: (1px inset #808080)] [r=0 c=1 rs=1 cs=1]
                RenderText {#text} at (2,2) size 34x18
                  text run at (2,3) width 34: " Two"
caret: position 0 of child 2 {BR} of child 0 {TD} of child 0 {TR} of child 0 {TBODY} of child 0 {TABLE} of child 2 {DIV} of body
