layer at (0,0) size 800x600
  RenderView at (0,0) size 800x600
layer at (0,0) size 800x600
  RenderBlock {HTML} at (0,0) size 800x600
    RenderBody {BODY} at (8,8) size 784x584
      RenderBlock {H3} at (0,0) size 784x23
        RenderText {#text} at (0,0) size 164x22
          text run at (0,0) width 164: "Default Appearance"
      RenderBlock (anonymous) at (0,41) size 784x46
        RenderText {#text} at (0,0) size 457x19
          text run at (0,0) width 457: "List color controls have different appearance if ENABLE(DATALIST)."
        RenderBR {BR} at (456,15) size 1x0
        RenderTextControl {INPUT} at (2,22) size 136x22 [bgcolor=#FFFFFF] [border: (1px solid #4C4C4C)]
        RenderTextControl {INPUT} at (141,22) size 136x22 [bgcolor=#FFFFFF] [border: (1px solid #4C4C4C)]
        RenderText {#text} at (0,0) size 0x0
      RenderBlock {H3} at (0,105) size 784x24
        RenderText {#text} at (0,0) size 162x22
          text run at (0,0) width 162: "Different Font Sizes"
      RenderBlock (anonymous) at (0,147) size 784x82
        RenderText {#text} at (0,0) size 590x19
          text run at (0,0) width 590: "List color controls have different sizes depending on font sizes. Normal color controls don't."
        RenderBR {BR} at (589,15) size 1x0
        RenderTextControl {INPUT} at (2,22) size 221x33 [bgcolor=#FFFFFF] [border: (1px solid #4C4C4C)]
        RenderText {#text} at (224,28) size 5x19
          text run at (224,28) width 5: " "
        RenderTextControl {INPUT} at (230,29) size 136x22 [bgcolor=#FFFFFF] [border: (1px solid #4C4C4C)]
        RenderText {#text} at (367,28) size 5x19
          text run at (367,28) width 5: " "
        RenderTextControl {INPUT} at (371,32) size 100x17 [bgcolor=#FFFFFF] [border: (1px solid #4C4C4C)]
        RenderText {#text} at (470,28) size 5x19
          text run at (470,28) width 5: " "
        RenderTextControl {INPUT} at (476,22) size 221x33 [bgcolor=#FFFFFF] [border: (1px solid #4C4C4C)]
        RenderText {#text} at (698,28) size 5x19
          text run at (698,28) width 5: " "
        RenderTextControl {INPUT} at (2,58) size 136x22 [bgcolor=#FFFFFF] [border: (1px solid #4C4C4C)]
        RenderText {#text} at (139,57) size 5x19
          text run at (139,57) width 5: " "
        RenderTextControl {INPUT} at (143,61) size 100x17 [bgcolor=#FFFFFF] [border: (1px solid #4C4C4C)]
        RenderText {#text} at (0,0) size 0x0
      RenderBlock {H3} at (0,246) size 784x24
        RenderText {#text} at (0,0) size 122x22
          text run at (0,0) width 122: "Various Colors"
      RenderBlock (anonymous) at (0,288) size 784x51
        RenderTextControl {INPUT} at (2,2) size 136x22 [bgcolor=#FFFFFF] [border: (1px solid #4C4C4C)]
        RenderText {#text} at (139,1) size 5x19
          text run at (139,1) width 5: " "
        RenderTextControl {INPUT} at (145,2) size 136x22 [bgcolor=#FFFFFF] [border: (1px solid #4C4C4C)]
        RenderText {#text} at (282,1) size 5x19
          text run at (282,1) width 5: " "
        RenderTextControl {INPUT} at (288,2) size 137x22 [bgcolor=#FFFFFF] [border: (1px solid #4C4C4C)]
        RenderText {#text} at (426,1) size 5x19
          text run at (426,1) width 5: " "
        RenderTextControl {INPUT} at (432,2) size 136x22 [bgcolor=#FFFFFF] [border: (1px solid #4C4C4C)]
        RenderText {#text} at (569,1) size 5x19
          text run at (569,1) width 5: " "
        RenderTextControl {INPUT} at (575,2) size 136x22 [bgcolor=#FFFFFF] [border: (1px solid #4C4C4C)]
        RenderText {#text} at (712,1) size 5x19
          text run at (712,1) width 5: " "
        RenderTextControl {INPUT} at (2,27) size 136x22 [bgcolor=#FFFFFF] [border: (1px solid #4C4C4C)]
        RenderText {#text} at (139,26) size 5x19
          text run at (139,26) width 5: " "
        RenderTextControl {INPUT} at (145,27) size 136x22 [bgcolor=#FFFFFF] [border: (1px solid #4C4C4C)]
        RenderText {#text} at (282,26) size 5x19
          text run at (282,26) width 5: " "
        RenderTextControl {INPUT} at (288,27) size 137x22 [bgcolor=#FFFFFF] [border: (1px solid #4C4C4C)]
        RenderText {#text} at (426,26) size 5x19
          text run at (426,26) width 5: " "
        RenderTextControl {INPUT} at (432,27) size 136x22 [bgcolor=#FFFFFF] [border: (1px solid #4C4C4C)]
        RenderText {#text} at (569,26) size 5x19
          text run at (569,26) width 5: " "
        RenderTextControl {INPUT} at (575,27) size 136x22 [bgcolor=#FFFFFF] [border: (1px solid #4C4C4C)]
        RenderText {#text} at (0,0) size 0x0
      RenderBlock {H3} at (0,357) size 784x24
        RenderText {#text} at (0,0) size 118x22
          text run at (0,0) width 118: "Arbitrary Size"
      RenderBlock (anonymous) at (0,399) size 784x31
        RenderTextControl {INPUT} at (0,0) size 100x30 [bgcolor=#FFFFFF] [border: (1px solid #4C4C4C)]
layer at (17,75) size 122x14
  RenderBlock {DIV} at (6,3) size 123x15
layer at (156,75) size 122x14
  RenderBlock {DIV} at (6,3) size 123x15
layer at (20,182) size 200x22
  RenderBlock {DIV} at (10,4) size 201x23
    RenderText {#text} at (0,0) size 73x22
      text run at (0,0) width 73: "#00FF00"
layer at (245,187) size 122x14
  RenderBlock {DIV} at (6,3) size 123x15
    RenderText {#text} at (0,0) size 45x14
      text run at (0,0) width 45: "#00FF00"
layer at (385,190) size 89x11
  RenderBlock {DIV} at (5,2) size 89x12
    RenderText {#text} at (0,0) size 33x11
      text run at (0,0) width 33: "#00FF00"
layer at (495,182) size 200x22
  RenderBlock {DIV} at (10,4) size 201x23
    RenderText {#text} at (0,0) size 73x22
      text run at (0,0) width 73: "#00FF00"
layer at (17,216) size 122x14
  RenderBlock {DIV} at (6,3) size 123x15
    RenderText {#text} at (0,0) size 45x14
      text run at (0,0) width 45: "#00FF00"
layer at (156,219) size 89x11
  RenderBlock {DIV} at (5,2) size 89x12
    RenderText {#text} at (0,0) size 33x11
      text run at (0,0) width 33: "#00FF00"
layer at (17,302) size 122x14
  RenderBlock {DIV} at (6,3) size 123x15
    RenderText {#text} at (0,0) size 45x14
      text run at (0,0) width 45: "#FF0000"
layer at (160,302) size 122x14
  RenderBlock {DIV} at (6,3) size 123x15
    RenderText {#text} at (0,0) size 45x14
      text run at (0,0) width 45: "#00FF00"
layer at (303,302) size 122x14
  RenderBlock {DIV} at (6,3) size 123x15
    RenderText {#text} at (0,0) size 45x14
      text run at (0,0) width 45: "#0000FF"
layer at (447,302) size 122x14
  RenderBlock {DIV} at (6,3) size 123x15
    RenderText {#text} at (0,0) size 48x14
      text run at (0,0) width 48: "#EC008C"
layer at (590,302) size 122x14
  RenderBlock {DIV} at (6,3) size 123x15
    RenderText {#text} at (0,0) size 43x14
      text run at (0,0) width 43: "#40e0d0"
layer at (17,327) size 122x14
  RenderBlock {DIV} at (6,3) size 123x15
    RenderText {#text} at (0,0) size 45x14
      text run at (0,0) width 45: "#FF0000"
layer at (160,327) size 122x14
  RenderBlock {DIV} at (6,3) size 123x15
    RenderText {#text} at (0,0) size 45x14
      text run at (0,0) width 45: "#00FF00"
layer at (303,327) size 122x14
  RenderBlock {DIV} at (6,3) size 123x15
    RenderText {#text} at (0,0) size 45x14
      text run at (0,0) width 45: "#0000FF"
layer at (447,327) size 122x14
  RenderBlock {DIV} at (6,3) size 123x15
    RenderText {#text} at (0,0) size 48x14
      text run at (0,0) width 48: "#EC008C"
layer at (590,327) size 122x14
  RenderBlock {DIV} at (6,3) size 123x15
    RenderText {#text} at (0,0) size 43x14
      text run at (0,0) width 43: "#40e0d0"
layer at (15,414) size 87x14
  RenderBlock {DIV} at (6,7) size 88x15
    RenderText {#text} at (0,0) size 45x14
      text run at (0,0) width 45: "#FF0000"
