layer at (0,0) size 800x600
  RenderView at (0,0) size 800x600
layer at (0,0) size 800x119
  RenderBlock {HTML} at (0,0) size 800x119
    RenderBody {BODY} at (8,21) size 784x90
      RenderBlock {H1} at (0,0) size 784x38
        RenderText {#text} at (148,1) size 488x36
          text run at (148,1) width 488: "<BODY style=\"text-align: center\">"
      RenderTable {TABLE} at (0,59) size 627x31 [border: (1px outset #808080)]
        RenderTableSection {TBODY} at (1,1) size 625x28
          RenderTableRow {TR} at (0,2) size 625x24
            RenderTableCell {TD} at (2,2) size 621x24 [border: (1px inset #808080)] [r=0 c=0 rs=1 cs=1]
              RenderText {#text} at (161,2) size 299x19
                text run at (161,2) width 299: "The text should be center-aligned not the table"
