layer at (0,0) size 800x600
  RenderView at (0,0) size 800x600
layer at (0,0) size 800x220
  RenderBlock {HTML} at (0,0) size 800x220
    RenderBody {BODY} at (8,8) size 784x204
      RenderTable {TABLE} at (0,0) size 200x82 [border: (1px outset #808080)]
        RenderTableSection {TBODY} at (1,1) size 198x80
          RenderTableRow {TR} at (0,2) size 198x24
            RenderTableCell {TD} at (2,2) size 98x24 [border: (1px inset #808080)] [r=0 c=0 rs=1 cs=1]
              RenderText {#text} at (2,2) size 35x19
                text run at (2,2) width 35: "AAA"
            RenderTableCell {TD} at (102,2) size 94x24 [border: (1px inset #808080)] [r=0 c=1 rs=1 cs=1]
              RenderText {#text} at (2,2) size 33x19
                text run at (2,2) width 33: "BBB"
          RenderTableRow {TR} at (0,28) size 198x24
            RenderTableCell {TD} at (2,28) size 98x24 [border: (1px inset #808080)] [r=1 c=0 rs=1 cs=1]
              RenderText {#text} at (43,2) size 12x19
                text run at (43,2) width 12: "A"
            RenderTableCell {TD} at (102,28) size 94x24 [border: (1px inset #808080)] [r=1 c=1 rs=1 cs=1]
              RenderText {#text} at (41,2) size 12x19
                text run at (41,2) width 12: "B"
          RenderTableRow {TR} at (0,54) size 198x24
            RenderTableCell {TD} at (2,54) size 98x24 [border: (1px inset #808080)] [r=2 c=0 rs=1 cs=1]
              RenderText {#text} at (84,2) size 12x19
                text run at (84,2) width 12: "A"
            RenderTableCell {TD} at (102,54) size 94x24 [border: (1px inset #808080)] [r=2 c=1 rs=1 cs=1]
              RenderText {#text} at (81,2) size 11x19
                text run at (81,2) width 11: "B"
      RenderBlock (anonymous) at (0,82) size 784x20
        RenderBR {BR} at (0,0) size 0x19
      RenderTable {TABLE} at (0,102) size 784x82 [border: (1px outset #808080)]
        RenderTableSection {TBODY} at (1,1) size 782x80
          RenderTableRow {TR} at (0,2) size 782x24
            RenderTableCell {TD} at (2,2) size 367x24 [border: (1px inset #808080)] [r=0 c=0 rs=1 cs=1]
              RenderText {#text} at (2,2) size 28x19
                text run at (2,2) width 28: "<tr>"
            RenderTableCell {TH} at (371,2) size 213x24 [border: (1px inset #808080)] [r=0 c=1 rs=1 cs=1]
              RenderText {#text} at (71,2) size 71x19
                text run at (71,2) width 71: "th: Center"
            RenderTableCell {TD} at (586,2) size 194x24 [border: (1px inset #808080)] [r=0 c=2 rs=1 cs=1]
              RenderText {#text} at (2,2) size 48x19
                text run at (2,2) width 48: "td: Left"
          RenderTableRow {TR} at (0,28) size 782x24
            RenderTableCell {TD} at (2,28) size 367x24 [border: (1px inset #808080)] [r=1 c=0 rs=1 cs=1]
              RenderText {#text} at (2,2) size 108x19
                text run at (2,2) width 108: "<tr align=\"left\">"
            RenderTableCell {TH} at (371,28) size 213x24 [border: (1px inset #808080)] [r=1 c=1 rs=1 cs=1]
              RenderText {#text} at (2,2) size 52x19
                text run at (2,2) width 52: "th: Left"
            RenderTableCell {TD} at (586,28) size 194x24 [border: (1px inset #808080)] [r=1 c=2 rs=1 cs=1]
              RenderText {#text} at (2,2) size 48x19
                text run at (2,2) width 48: "td: Left"
          RenderTableRow {TR} at (0,54) size 782x24
            RenderTableCell {TD} at (2,54) size 367x24 [border: (1px inset #808080)] [r=2 c=0 rs=1 cs=1]
              RenderText {#text} at (2,2) size 125x19
                text run at (2,2) width 125: "<tr align=\"center\">"
            RenderTableCell {TH} at (371,54) size 213x24 [border: (1px inset #808080)] [r=2 c=1 rs=1 cs=1]
              RenderText {#text} at (71,2) size 71x19
                text run at (71,2) width 71: "th: Center"
            RenderTableCell {TD} at (586,54) size 194x24 [border: (1px inset #808080)] [r=2 c=2 rs=1 cs=1]
              RenderText {#text} at (65,2) size 64x19
                text run at (65,2) width 64: "td: Center"
      RenderBlock (anonymous) at (0,184) size 784x20
        RenderBR {BR} at (0,0) size 0x19
