layer at (0,0) size 800x600
  RenderView at (0,0) size 800x600
layer at (0,0) size 800x454
  RenderBlock {HTML} at (0,0) size 800x454
    RenderBody {BODY} at (8,8) size 784x433
      RenderTable {TABLE} at (0,0) size 25x0
        RenderTableSection {TBODY} at (0,0) size 25x0
          RenderTableRow {TR} at (0,0) size 25x0
            RenderTableCell {TD} at (0,0) size 2x0 [r=0 c=0 rs=1 cs=1]
            RenderTableCell {TD} at (2,0) size 1x0 [r=0 c=1 rs=1 cs=1]
            RenderTableCell {TD} at (3,0) size 1x0 [r=0 c=2 rs=1 cs=1]
            RenderTableCell {TD} at (4,0) size 1x0 [r=0 c=3 rs=1 cs=1]
            RenderTableCell {TD} at (5,0) size 1x0 [r=0 c=4 rs=1 cs=1]
            RenderTableCell {TD} at (6,0) size 1x0 [r=0 c=5 rs=1 cs=1]
            RenderTableCell {TD} at (7,0) size 1x0 [r=0 c=6 rs=1 cs=1]
            RenderTableCell {TD} at (8,0) size 1x0 [r=0 c=7 rs=1 cs=1]
            RenderTableCell {TD} at (9,0) size 1x0 [r=0 c=8 rs=1 cs=1]
            RenderTableCell {TD} at (10,0) size 1x0 [r=0 c=9 rs=1 cs=1]
            RenderTableCell {TD} at (11,0) size 1x0 [r=0 c=10 rs=1 cs=1]
            RenderTableCell {TD} at (12,0) size 1x0 [r=0 c=11 rs=1 cs=1]
            RenderTableCell {TD} at (13,0) size 1x0 [r=0 c=12 rs=1 cs=1]
            RenderTableCell {TD} at (14,0) size 1x0 [r=0 c=13 rs=1 cs=1]
            RenderTableCell {TD} at (15,0) size 1x0 [r=0 c=14 rs=1 cs=1]
            RenderTableCell {TD} at (16,0) size 1x0 [r=0 c=15 rs=1 cs=1]
            RenderTableCell {TD} at (17,0) size 8x0 [r=0 c=16 rs=1 cs=1]
      RenderTable {TABLE} at (0,0) size 12x0
        RenderTableSection {TBODY} at (0,0) size 12x0
          RenderTableRow {TR} at (0,0) size 12x0
            RenderTableCell {TD} at (0,0) size 1x0 [r=0 c=0 rs=1 cs=1]
            RenderTableCell {TD} at (1,0) size 1x0 [r=0 c=1 rs=1 cs=1]
            RenderTableCell {TD} at (2,0) size 1x0 [r=0 c=2 rs=1 cs=1]
            RenderTableCell {TD} at (3,0) size 1x0 [r=0 c=3 rs=1 cs=1]
            RenderTableCell {TD} at (4,0) size 8x0 [r=0 c=4 rs=1 cs=1]
      RenderTable {TABLE} at (0,0) size 13x0
        RenderTableSection {TBODY} at (0,0) size 13x0
          RenderTableRow {TR} at (0,0) size 13x0
            RenderTableCell {TD} at (0,0) size 2x0 [r=0 c=0 rs=1 cs=1]
            RenderTableCell {TD} at (2,0) size 1x0 [r=0 c=1 rs=1 cs=1]
            RenderTableCell {TD} at (3,0) size 1x0 [r=0 c=2 rs=1 cs=1]
            RenderTableCell {TD} at (4,0) size 1x0 [r=0 c=3 rs=1 cs=1]
            RenderTableCell {TD} at (5,0) size 8x0 [r=0 c=4 rs=1 cs=1]
      RenderTable {TABLE} at (0,0) size 24x0
        RenderTableSection {TBODY} at (0,0) size 24x0
          RenderTableRow {TR} at (0,0) size 24x0
            RenderTableCell {TD} at (0,0) size 2x0 [r=0 c=0 rs=1 cs=1]
            RenderTableCell {TD} at (2,0) size 2x0 [r=0 c=1 rs=1 cs=1]
            RenderTableCell {TD} at (4,0) size 2x0 [r=0 c=2 rs=1 cs=1]
            RenderTableCell {TD} at (6,0) size 2x0 [r=0 c=3 rs=1 cs=1]
            RenderTableCell {TD} at (8,0) size 16x0 [r=0 c=4 rs=1 cs=1]
      RenderTable {TABLE} at (0,0) size 25x0
        RenderTableSection {TBODY} at (0,0) size 25x0
          RenderTableRow {TR} at (0,0) size 25x0
            RenderTableCell {TD} at (0,0) size 3x0 [r=0 c=0 rs=1 cs=1]
            RenderTableCell {TD} at (3,0) size 2x0 [r=0 c=1 rs=1 cs=1]
            RenderTableCell {TD} at (5,0) size 2x0 [r=0 c=2 rs=1 cs=1]
            RenderTableCell {TD} at (7,0) size 2x0 [r=0 c=3 rs=1 cs=1]
            RenderTableCell {TD} at (9,0) size 16x0 [r=0 c=4 rs=1 cs=1]
      RenderTable {TABLE} at (0,0) size 17x0
        RenderTableSection {TBODY} at (0,0) size 17x0
          RenderTableRow {TR} at (0,0) size 17x0
            RenderTableCell {TD} at (0,0) size 2x0 [r=0 c=0 rs=1 cs=1]
            RenderTableCell {TD} at (2,0) size 2x0 [r=0 c=1 rs=1 cs=1]
            RenderTableCell {TD} at (4,0) size 2x0 [r=0 c=2 rs=1 cs=1]
            RenderTableCell {TD} at (6,0) size 2x0 [r=0 c=3 rs=1 cs=1]
            RenderTableCell {TD} at (8,0) size 2x0 [r=0 c=4 rs=1 cs=1]
            RenderTableCell {TD} at (10,0) size 2x0 [r=0 c=5 rs=1 cs=1]
            RenderTableCell {TD} at (12,0) size 2x0 [r=0 c=6 rs=1 cs=1]
            RenderTableCell {TD} at (14,0) size 1x0 [r=0 c=7 rs=1 cs=1]
            RenderTableCell {TD} at (15,0) size 1x0 [r=0 c=8 rs=1 cs=1]
            RenderTableCell {TD} at (16,0) size 1x0 [r=0 c=9 rs=1 cs=1]
      RenderBlock {PRE} at (0,13) size 784x420
        RenderText {#text} at (0,0) size 211x14
          text run at (0,0) width 211: "Specified table width: 25px"
          text run at (210,0) width 1: " "
        RenderText {#text} at (0,14) size 211x14
          text run at (0,14) width 211: "Actual table width:    25px"
          text run at (210,14) width 1: " "
        RenderText {#text} at (0,28) size 164x14
          text run at (0,28) width 164: "Specified TD widths: "
        RenderText {#text} at (163,28) size 33x14
          text run at (163,28) width 33: "1px "
        RenderText {#text} at (195,28) size 32x14
          text run at (195,28) width 32: "1px "
        RenderText {#text} at (226,28) size 32x14
          text run at (226,28) width 32: "1px "
        RenderText {#text} at (257,28) size 32x14
          text run at (257,28) width 32: "1px "
        RenderText {#text} at (288,28) size 32x14
          text run at (288,28) width 32: "1px "
        RenderText {#text} at (319,28) size 33x14
          text run at (319,28) width 33: "1px "
        RenderText {#text} at (351,28) size 32x14
          text run at (351,28) width 32: "1px "
        RenderText {#text} at (382,28) size 32x14
          text run at (382,28) width 32: "1px "
        RenderText {#text} at (413,28) size 32x14
          text run at (413,28) width 32: "1px "
        RenderText {#text} at (444,28) size 32x14
          text run at (444,28) width 32: "1px "
        RenderText {#text} at (475,28) size 33x14
          text run at (475,28) width 33: "1px "
        RenderText {#text} at (507,28) size 32x14
          text run at (507,28) width 32: "1px "
        RenderText {#text} at (538,28) size 32x14
          text run at (538,28) width 32: "1px "
        RenderText {#text} at (569,28) size 32x14
          text run at (569,28) width 32: "1px "
        RenderText {#text} at (600,28) size 32x14
          text run at (600,28) width 32: "1px "
        RenderText {#text} at (631,28) size 33x14
          text run at (631,28) width 33: "1px "
        RenderText {#text} at (663,28) size 32x14
          text run at (663,28) width 32: "8px "
        RenderText {#text} at (694,28) size 1x14
          text run at (694,28) width 1: " "
        RenderText {#text} at (0,42) size 164x14
          text run at (0,42) width 164: "Actual TD widths:    "
        RenderText {#text} at (163,42) size 33x14
          text run at (163,42) width 33: "2px "
        RenderText {#text} at (195,42) size 32x14
          text run at (195,42) width 32: "1px "
        RenderText {#text} at (226,42) size 32x14
          text run at (226,42) width 32: "1px "
        RenderText {#text} at (257,42) size 32x14
          text run at (257,42) width 32: "1px "
        RenderText {#text} at (288,42) size 32x14
          text run at (288,42) width 32: "1px "
        RenderText {#text} at (319,42) size 33x14
          text run at (319,42) width 33: "1px "
        RenderText {#text} at (351,42) size 32x14
          text run at (351,42) width 32: "1px "
        RenderText {#text} at (382,42) size 32x14
          text run at (382,42) width 32: "1px "
        RenderText {#text} at (413,42) size 32x14
          text run at (413,42) width 32: "1px "
        RenderText {#text} at (444,42) size 32x14
          text run at (444,42) width 32: "1px "
        RenderText {#text} at (475,42) size 33x14
          text run at (475,42) width 33: "1px "
        RenderText {#text} at (507,42) size 32x14
          text run at (507,42) width 32: "1px "
        RenderText {#text} at (538,42) size 32x14
          text run at (538,42) width 32: "1px "
        RenderText {#text} at (569,42) size 32x14
          text run at (569,42) width 32: "1px "
        RenderText {#text} at (600,42) size 32x14
          text run at (600,42) width 32: "1px "
        RenderText {#text} at (631,42) size 33x14
          text run at (631,42) width 33: "1px "
        RenderText {#text} at (663,42) size 32x14
          text run at (663,42) width 32: "8px "
        RenderText {#text} at (694,42) size 695x28
          text run at (694,42) width 1: " "
          text run at (0,56) width 0: " "
        RenderText {#text} at (0,70) size 211x14
          text run at (0,70) width 211: "Specified table width: 12px"
          text run at (210,70) width 1: " "
        RenderText {#text} at (0,84) size 211x14
          text run at (0,84) width 211: "Actual table width:    12px"
          text run at (210,84) width 1: " "
        RenderText {#text} at (0,98) size 164x14
          text run at (0,98) width 164: "Specified TD widths: "
        RenderText {#text} at (163,98) size 33x14
          text run at (163,98) width 33: "1px "
        RenderText {#text} at (195,98) size 32x14
          text run at (195,98) width 32: "1px "
        RenderText {#text} at (226,98) size 32x14
          text run at (226,98) width 32: "1px "
        RenderText {#text} at (257,98) size 32x14
          text run at (257,98) width 32: "1px "
        RenderText {#text} at (288,98) size 32x14
          text run at (288,98) width 32: "8px "
        RenderText {#text} at (319,98) size 1x14
          text run at (319,98) width 1: " "
        RenderText {#text} at (0,112) size 164x14
          text run at (0,112) width 164: "Actual TD widths:    "
        RenderText {#text} at (163,112) size 33x14
          text run at (163,112) width 33: "1px "
        RenderText {#text} at (195,112) size 32x14
          text run at (195,112) width 32: "1px "
        RenderText {#text} at (226,112) size 32x14
          text run at (226,112) width 32: "1px "
        RenderText {#text} at (257,112) size 32x14
          text run at (257,112) width 32: "1px "
        RenderText {#text} at (288,112) size 32x14
          text run at (288,112) width 32: "8px "
        RenderText {#text} at (319,112) size 320x28
          text run at (319,112) width 1: " "
          text run at (0,126) width 0: " "
        RenderText {#text} at (0,140) size 211x14
          text run at (0,140) width 211: "Specified table width: 13px"
          text run at (210,140) width 1: " "
        RenderText {#text} at (0,154) size 211x14
          text run at (0,154) width 211: "Actual table width:    13px"
          text run at (210,154) width 1: " "
        RenderText {#text} at (0,168) size 164x14
          text run at (0,168) width 164: "Specified TD widths: "
        RenderText {#text} at (163,168) size 33x14
          text run at (163,168) width 33: "1px "
        RenderText {#text} at (195,168) size 32x14
          text run at (195,168) width 32: "1px "
        RenderText {#text} at (226,168) size 32x14
          text run at (226,168) width 32: "1px "
        RenderText {#text} at (257,168) size 32x14
          text run at (257,168) width 32: "1px "
        RenderText {#text} at (288,168) size 32x14
          text run at (288,168) width 32: "8px "
        RenderText {#text} at (319,168) size 1x14
          text run at (319,168) width 1: " "
        RenderText {#text} at (0,182) size 164x14
          text run at (0,182) width 164: "Actual TD widths:    "
        RenderText {#text} at (163,182) size 33x14
          text run at (163,182) width 33: "2px "
        RenderText {#text} at (195,182) size 32x14
          text run at (195,182) width 32: "1px "
        RenderText {#text} at (226,182) size 32x14
          text run at (226,182) width 32: "1px "
        RenderText {#text} at (257,182) size 32x14
          text run at (257,182) width 32: "1px "
        RenderText {#text} at (288,182) size 32x14
          text run at (288,182) width 32: "8px "
        RenderText {#text} at (319,182) size 320x28
          text run at (319,182) width 1: " "
          text run at (0,196) width 0: " "
        RenderText {#text} at (0,210) size 211x14
          text run at (0,210) width 211: "Specified table width: 24px"
          text run at (210,210) width 1: " "
        RenderText {#text} at (0,224) size 211x14
          text run at (0,224) width 211: "Actual table width:    24px"
          text run at (210,224) width 1: " "
        RenderText {#text} at (0,238) size 164x14
          text run at (0,238) width 164: "Specified TD widths: "
        RenderText {#text} at (163,238) size 33x14
          text run at (163,238) width 33: "1px "
        RenderText {#text} at (195,238) size 32x14
          text run at (195,238) width 32: "1px "
        RenderText {#text} at (226,238) size 32x14
          text run at (226,238) width 32: "1px "
        RenderText {#text} at (257,238) size 32x14
          text run at (257,238) width 32: "1px "
        RenderText {#text} at (288,238) size 32x14
          text run at (288,238) width 32: "8px "
        RenderText {#text} at (319,238) size 1x14
          text run at (319,238) width 1: " "
        RenderText {#text} at (0,252) size 164x14
          text run at (0,252) width 164: "Actual TD widths:    "
        RenderText {#text} at (163,252) size 33x14
          text run at (163,252) width 33: "2px "
        RenderText {#text} at (195,252) size 32x14
          text run at (195,252) width 32: "2px "
        RenderText {#text} at (226,252) size 32x14
          text run at (226,252) width 32: "2px "
        RenderText {#text} at (257,252) size 32x14
          text run at (257,252) width 32: "2px "
        RenderText {#text} at (288,252) size 40x14
          text run at (288,252) width 40: "16px "
        RenderText {#text} at (327,252) size 328x28
          text run at (327,252) width 1: " "
          text run at (0,266) width 0: " "
        RenderText {#text} at (0,280) size 211x14
          text run at (0,280) width 211: "Specified table width: 25px"
          text run at (210,280) width 1: " "
        RenderText {#text} at (0,294) size 211x14
          text run at (0,294) width 211: "Actual table width:    25px"
          text run at (210,294) width 1: " "
        RenderText {#text} at (0,308) size 164x14
          text run at (0,308) width 164: "Specified TD widths: "
        RenderText {#text} at (163,308) size 33x14
          text run at (163,308) width 33: "1px "
        RenderText {#text} at (195,308) size 32x14
          text run at (195,308) width 32: "1px "
        RenderText {#text} at (226,308) size 32x14
          text run at (226,308) width 32: "1px "
        RenderText {#text} at (257,308) size 32x14
          text run at (257,308) width 32: "1px "
        RenderText {#text} at (288,308) size 32x14
          text run at (288,308) width 32: "8px "
        RenderText {#text} at (319,308) size 1x14
          text run at (319,308) width 1: " "
        RenderText {#text} at (0,322) size 164x14
          text run at (0,322) width 164: "Actual TD widths:    "
        RenderText {#text} at (163,322) size 33x14
          text run at (163,322) width 33: "3px "
        RenderText {#text} at (195,322) size 32x14
          text run at (195,322) width 32: "2px "
        RenderText {#text} at (226,322) size 32x14
          text run at (226,322) width 32: "2px "
        RenderText {#text} at (257,322) size 32x14
          text run at (257,322) width 32: "2px "
        RenderText {#text} at (288,322) size 40x14
          text run at (288,322) width 40: "16px "
        RenderText {#text} at (327,322) size 328x28
          text run at (327,322) width 1: " "
          text run at (0,336) width 0: " "
        RenderText {#text} at (0,350) size 211x14
          text run at (0,350) width 211: "Specified table width: 17px"
          text run at (210,350) width 1: " "
        RenderText {#text} at (0,364) size 211x14
          text run at (0,364) width 211: "Actual table width:    17px"
          text run at (210,364) width 1: " "
        RenderText {#text} at (0,378) size 164x14
          text run at (0,378) width 164: "Specified TD widths: "
        RenderText {#text} at (163,378) size 33x14
          text run at (163,378) width 33: "10% "
        RenderText {#text} at (195,378) size 32x14
          text run at (195,378) width 32: "10% "
        RenderText {#text} at (226,378) size 32x14
          text run at (226,378) width 32: "10% "
        RenderText {#text} at (257,378) size 32x14
          text run at (257,378) width 32: "10% "
        RenderText {#text} at (288,378) size 32x14
          text run at (288,378) width 32: "10% "
        RenderText {#text} at (319,378) size 33x14
          text run at (319,378) width 33: "10% "
        RenderText {#text} at (351,378) size 32x14
          text run at (351,378) width 32: "10% "
        RenderText {#text} at (382,378) size 32x14
          text run at (382,378) width 32: "10% "
        RenderText {#text} at (413,378) size 32x14
          text run at (413,378) width 32: "10% "
        RenderText {#text} at (444,378) size 32x14
          text run at (444,378) width 32: "10% "
        RenderText {#text} at (475,378) size 1x14
          text run at (475,378) width 1: " "
        RenderText {#text} at (0,392) size 164x14
          text run at (0,392) width 164: "Actual TD widths:    "
        RenderText {#text} at (163,392) size 33x14
          text run at (163,392) width 33: "2px "
        RenderText {#text} at (195,392) size 32x14
          text run at (195,392) width 32: "2px "
        RenderText {#text} at (226,392) size 32x14
          text run at (226,392) width 32: "2px "
        RenderText {#text} at (257,392) size 32x14
          text run at (257,392) width 32: "2px "
        RenderText {#text} at (288,392) size 32x14
          text run at (288,392) width 32: "2px "
        RenderText {#text} at (319,392) size 33x14
          text run at (319,392) width 33: "2px "
        RenderText {#text} at (351,392) size 32x14
          text run at (351,392) width 32: "2px "
        RenderText {#text} at (382,392) size 32x14
          text run at (382,392) width 32: "1px "
        RenderText {#text} at (413,392) size 32x14
          text run at (413,392) width 32: "1px "
        RenderText {#text} at (444,392) size 32x14
          text run at (444,392) width 32: "1px "
        RenderText {#text} at (475,392) size 476x28
          text run at (475,392) width 1: " "
          text run at (0,406) width 0: " "
