layer at (0,0) size 800x12134
  RenderView at (0,0) size 800x600
layer at (0,0) size 800x12134
  RenderBlock {HTML} at (0,0) size 800x12134
    RenderBody {BODY} at (8,8) size 784x12118
      RenderTable {TABLE} at (0,0) size 732x12118 [border: (1px outset #808080)]
        RenderTableSection {TBODY} at (1,1) size 730x12116
          RenderTableRow {TR} at (0,2) size 730x12112
            RenderTableCell {TD} at (2,2) size 12x24 [border: (1px inset #808080)] [r=0 c=0 rs=1 cs=1]
              RenderText {#text} at (2,2) size 8x19
                text run at (2,2) width 8: "x"
            RenderTableCell {TD} at (16,2) size 712x12113 [border: (1px inset #808080)] [r=0 c=1 rs=1 cs=1]
              RenderBlock (anonymous) at (2,2) size 708x0
                RenderInline {FONT} at (0,0) size 0x0
                  RenderText {#text} at (0,0) size 0x0
              RenderBlock (anonymous) at (2,2) size 708x56
                RenderTable {TABLE} at (0,0) size 567x56 [border: (1px outset #808080)]
                  RenderTableSection {TBODY} at (1,1) size 565x54
                    RenderTableRow {TR} at (0,2) size 565x24
                      RenderTableCell {TD} at (2,2) size 112x24 [border: (1px inset #808080)] [r=0 c=0 rs=1 cs=1]
                        RenderText {#text} at (2,2) size 5x19
                          text run at (2,2) width 5: " "
                      RenderTableCell {TD} at (116,2) size 447x4 [border: (1px inset #808080)] [r=0 c=1 rs=1 cs=1]
                    RenderTableRow {TR} at (0,28) size 565x24
                      RenderTableCell {TD} at (2,28) size 112x24 [border: (1px inset #808080)] [r=1 c=0 rs=1 cs=1]
                        RenderText {#text} at (2,2) size 108x19
                          text run at (2,2) width 108: "Search again..."
              RenderBlock (anonymous) at (2,58) size 708x16
                RenderInline {FONT} at (0,0) size 708x15
                  RenderText {#text} at (0,0) size 708x15
                    text run at (0,0) width 327: "This text node only exists once in the original document! "
                    text run at (326,0) width 305: "If it were a large collection of inlines, the page would "
                    text run at (630,0) width 78: "hang forever."
                  RenderInline {A} at (0,0) size 0x0
              RenderBlock (anonymous) at (2,90) size 708x12021
                RenderBlock {H2} at (0,0) size 708x25
                  RenderInline {A} at (0,0) size 169x24
                    RenderText {#text} at (0,0) size 169x24
                      text run at (0,0) width 169: "Table of Contents"
                RenderBlock {P} at (0,41) size 708x161
                  RenderInline {B} at (0,0) size 76x15
                    RenderInline {A} at (0,0) size 76x15 [color=#0000EE]
                      RenderText {#text} at (0,0) size 76x15
                        text run at (0,0) width 76: "Introduction"
                  RenderBR {BR} at (75,12) size 1x0
                  RenderBR {BR} at (0,16) size 0x15
                  RenderInline {A} at (0,0) size 159x15 [color=#0000EE]
                    RenderText {#text} at (0,32) size 159x15
                      text run at (0,32) width 159: "Who Should Use This Book"
                  RenderText {#text} at (158,32) size 5x15
                    text run at (158,32) width 5: " "
                  RenderBR {BR} at (162,44) size 1x0
                  RenderInline {A} at (0,0) size 133x15 [color=#0000EE]
                    RenderText {#text} at (0,48) size 133x15
                      text run at (0,48) width 133: "How To Use This Book"
                  RenderText {#text} at (132,48) size 5x15
                    text run at (132,48) width 5: " "
                  RenderBR {BR} at (136,60) size 1x0
                  RenderInline {A} at (0,0) size 165x15 [color=#0000EE]
                    RenderText {#text} at (0,64) size 165x15
                      text run at (0,64) width 165: "How This Book is Structured"
                  RenderText {#text} at (164,64) size 4x15
                    text run at (164,64) width 4: " "
                  RenderBR {BR} at (167,76) size 1x0
                  RenderInline {A} at (0,0) size 200x15 [color=#0000EE]
                    RenderText {#text} at (0,80) size 200x15
                      text run at (0,80) width 200: "How to Read the Syntax Diagrams"
                  RenderText {#text} at (199,80) size 5x15
                    text run at (199,80) width 5: " "
                  RenderBR {BR} at (203,92) size 1x0
                  RenderInline {A} at (0,0) size 195x15 [color=#0000EE]
                    RenderText {#text} at (0,96) size 195x15
                      text run at (0,96) width 195: "Conventions Used in This Manual"
                  RenderText {#text} at (194,96) size 4x15
                    text run at (194,96) width 4: " "
                  RenderBR {BR} at (197,108) size 1x0
                  RenderInline {A} at (0,0) size 94x15 [color=#0000EE]
                    RenderText {#text} at (0,112) size 94x15
                      text run at (0,112) width 94: "Error Conditions"
                  RenderText {#text} at (93,112) size 5x15
                    text run at (93,112) width 5: " "
                  RenderBR {BR} at (97,124) size 1x0
                  RenderInline {A} at (0,0) size 144x15 [color=#0000EE]
                    RenderText {#text} at (0,128) size 144x15
                      text run at (0,128) width 144: "Highlighting Conventions"
                  RenderText {#text} at (143,128) size 5x15
                    text run at (143,128) width 5: " "
                  RenderBR {BR} at (147,140) size 1x0
                  RenderInline {A} at (0,0) size 217x15 [color=#0000EE]
                    RenderText {#text} at (0,144) size 217x15
                      text run at (0,144) width 217: "Related Documentation for This Book"
                  RenderText {#text} at (0,0) size 0x0
                RenderBlock {P} at (0,214) size 708x1057
                  RenderInline {B} at (0,0) size 60x15
                    RenderInline {A} at (0,0) size 60x15 [color=#0000EE]
                      RenderText {#text} at (0,0) size 60x15
                        text run at (0,0) width 60: "Concepts"
                  RenderBR {BR} at (59,12) size 1x0
                  RenderBR {BR} at (0,16) size 0x15
                  RenderInline {A} at (0,0) size 118x15 [color=#0000EE]
                    RenderText {#text} at (0,32) size 118x15
                      text run at (0,32) width 118: "Relational Database"
                  RenderText {#text} at (117,32) size 4x15
                    text run at (117,32) width 4: " "
                  RenderBR {BR} at (120,44) size 1x0
                  RenderInline {A} at (0,0) size 199x15 [color=#0000EE]
                    RenderText {#text} at (0,48) size 199x15
                      text run at (0,48) width 199: "Structured Query Language (SQL)"
                  RenderText {#text} at (198,48) size 5x15
                    text run at (198,48) width 5: " "
                  RenderBR {BR} at (202,60) size 1x0
                  RenderInline {A} at (0,0) size 93x15 [color=#0000EE]
                    RenderText {#text} at (0,64) size 93x15
                      text run at (0,64) width 93: "Embedded SQL"
                  RenderText {#text} at (92,64) size 5x15
                    text run at (92,64) width 5: " "
                  RenderBR {BR} at (96,76) size 1x0
                  RenderInline {A} at (0,0) size 63x15 [color=#0000EE]
                    RenderText {#text} at (0,80) size 63x15
                      text run at (0,80) width 63: "Static SQL"
                  RenderText {#text} at (62,80) size 4x15
                    text run at (62,80) width 4: " "
                  RenderBR {BR} at (65,92) size 1x0
                  RenderInline {A} at (0,0) size 81x15 [color=#0000EE]
                    RenderText {#text} at (0,96) size 81x15
                      text run at (0,96) width 81: "Dynamic SQL"
                  RenderText {#text} at (80,96) size 4x15
                    text run at (80,96) width 4: " "
                  RenderBR {BR} at (83,108) size 1x0
                  RenderInline {A} at (0,0) size 404x15 [color=#0000EE]
                    RenderText {#text} at (0,112) size 404x15
                      text run at (0,112) width 404: "DB2 Call Level Interface (CLI) & Open Database Connectivity (ODBC)"
                  RenderText {#text} at (403,112) size 5x15
                    text run at (403,112) width 5: " "
                  RenderBR {BR} at (407,124) size 1x0
                  RenderInline {A} at (0,0) size 484x15 [color=#0000EE]
                    RenderText {#text} at (0,128) size 484x15
                      text run at (0,128) width 484: "Java Database Connectivity (JDBC) and Embedded SQL for Java (SQLJ) Programs"
                  RenderText {#text} at (483,128) size 4x15
                    text run at (483,128) width 4: " "
                  RenderBR {BR} at (486,140) size 1x0
                  RenderInline {A} at (0,0) size 90x15 [color=#0000EE]
                    RenderText {#text} at (0,144) size 90x15
                      text run at (0,144) width 90: "Interactive SQL"
                  RenderText {#text} at (89,144) size 5x15
                    text run at (89,144) width 5: " "
                  RenderBR {BR} at (93,156) size 1x0
                  RenderInline {A} at (0,0) size 55x15 [color=#0000EE]
                    RenderText {#text} at (0,160) size 55x15
                      text run at (0,160) width 55: "Schemas"
                  RenderText {#text} at (54,160) size 4x15
                    text run at (54,160) width 4: " "
                  RenderBR {BR} at (57,172) size 1x0
                  RenderInline {A} at (0,0) size 162x15 [color=#0000EE]
                    RenderText {#text} at (0,176) size 162x15
                      text run at (0,176) width 162: "Controlling Use of Schemas"
                  RenderText {#text} at (161,176) size 4x15
                    text run at (161,176) width 4: " "
                  RenderBR {BR} at (164,188) size 1x0
                  RenderInline {A} at (0,0) size 40x15 [color=#0000EE]
                    RenderText {#text} at (0,192) size 40x15
                      text run at (0,192) width 40: "Tables"
                  RenderText {#text} at (39,192) size 4x15
                    text run at (39,192) width 4: " "
                  RenderBR {BR} at (42,204) size 1x0
                  RenderInline {A} at (0,0) size 35x15 [color=#0000EE]
                    RenderText {#text} at (0,208) size 35x15
                      text run at (0,208) width 35: "Views"
                  RenderText {#text} at (34,208) size 5x15
                    text run at (34,208) width 5: " "
                  RenderBR {BR} at (38,220) size 1x0
                  RenderInline {A} at (0,0) size 42x15 [color=#0000EE]
                    RenderText {#text} at (0,224) size 42x15
                      text run at (0,224) width 42: "Aliases"
                  RenderText {#text} at (41,224) size 5x15
                    text run at (41,224) width 5: " "
                  RenderBR {BR} at (45,236) size 1x0
                  RenderInline {A} at (0,0) size 46x15 [color=#0000EE]
                    RenderText {#text} at (0,240) size 46x15
                      text run at (0,240) width 46: "Indexes"
                  RenderText {#text} at (45,240) size 5x15
                    text run at (45,240) width 5: " "
                  RenderBR {BR} at (49,252) size 1x0
                  RenderInline {A} at (0,0) size 29x15 [color=#0000EE]
                    RenderText {#text} at (0,256) size 29x15
                      text run at (0,256) width 29: "Keys"
                  RenderText {#text} at (28,256) size 5x15
                    text run at (28,256) width 5: " "
                  RenderBR {BR} at (32,268) size 1x0
                  RenderInline {A} at (0,0) size 74x15 [color=#0000EE]
                    RenderText {#text} at (0,272) size 74x15
                      text run at (0,272) width 74: "Unique Keys"
                  RenderText {#text} at (73,272) size 5x15
                    text run at (73,272) width 5: " "
                  RenderBR {BR} at (77,284) size 1x0
                  RenderInline {A} at (0,0) size 78x15 [color=#0000EE]
                    RenderText {#text} at (0,288) size 78x15
                      text run at (0,288) width 78: "Primary Keys"
                  RenderText {#text} at (77,288) size 4x15
                    text run at (77,288) width 4: " "
                  RenderBR {BR} at (80,300) size 1x0
                  RenderInline {A} at (0,0) size 77x15 [color=#0000EE]
                    RenderText {#text} at (0,304) size 77x15
                      text run at (0,304) width 77: "Foreign Keys"
                  RenderText {#text} at (76,304) size 5x15
                    text run at (76,304) width 5: " "
                  RenderBR {BR} at (80,316) size 1x0
                  RenderInline {A} at (0,0) size 98x15 [color=#0000EE]
                    RenderText {#text} at (0,320) size 98x15
                      text run at (0,320) width 98: "Partitioning Keys"
                  RenderText {#text} at (97,320) size 5x15
                    text run at (97,320) width 5: " "
                  RenderBR {BR} at (101,332) size 1x0
                  RenderInline {A} at (0,0) size 66x15 [color=#0000EE]
                    RenderText {#text} at (0,336) size 66x15
                      text run at (0,336) width 66: "Constraints"
                  RenderText {#text} at (65,336) size 5x15
                    text run at (65,336) width 5: " "
                  RenderBR {BR} at (69,348) size 1x0
                  RenderInline {A} at (0,0) size 111x15 [color=#0000EE]
                    RenderText {#text} at (0,352) size 111x15
                      text run at (0,352) width 111: "Unique Constraints"
                  RenderText {#text} at (110,352) size 5x15
                    text run at (110,352) width 5: " "
                  RenderBR {BR} at (114,364) size 1x0
                  RenderInline {A} at (0,0) size 133x15 [color=#0000EE]
                    RenderText {#text} at (0,368) size 133x15
                      text run at (0,368) width 133: "Referential Constraints"
                  RenderText {#text} at (132,368) size 4x15
                    text run at (132,368) width 4: " "
                  RenderBR {BR} at (135,380) size 1x0
                  RenderInline {A} at (0,0) size 143x15 [color=#0000EE]
                    RenderText {#text} at (0,384) size 143x15
                      text run at (0,384) width 143: "Table Check Constraints"
                  RenderText {#text} at (142,384) size 4x15
                    text run at (142,384) width 4: " "
                  RenderBR {BR} at (145,396) size 1x0
                  RenderInline {A} at (0,0) size 48x15 [color=#0000EE]
                    RenderText {#text} at (0,400) size 48x15
                      text run at (0,400) width 48: "Triggers"
                  RenderText {#text} at (47,400) size 5x15
                    text run at (47,400) width 5: " "
                  RenderBR {BR} at (51,412) size 1x0
                  RenderInline {A} at (0,0) size 87x15 [color=#0000EE]
                    RenderText {#text} at (0,416) size 87x15
                      text run at (0,416) width 87: "Event Monitors"
                  RenderText {#text} at (86,416) size 5x15
                    text run at (86,416) width 5: " "
                  RenderBR {BR} at (90,428) size 1x0
                  RenderInline {A} at (0,0) size 46x15 [color=#0000EE]
                    RenderText {#text} at (0,432) size 46x15
                      text run at (0,432) width 46: "Queries"
                  RenderText {#text} at (45,432) size 5x15
                    text run at (45,432) width 5: " "
                  RenderBR {BR} at (49,444) size 1x0
                  RenderInline {A} at (0,0) size 107x15 [color=#0000EE]
                    RenderText {#text} at (0,448) size 107x15
                      text run at (0,448) width 107: "Table Expressions"
                  RenderText {#text} at (106,448) size 5x15
                    text run at (106,448) width 5: " "
                  RenderBR {BR} at (110,460) size 1x0
                  RenderInline {A} at (0,0) size 164x15 [color=#0000EE]
                    RenderText {#text} at (0,464) size 164x15
                      text run at (0,464) width 164: "Common Table Expressions"
                  RenderText {#text} at (163,464) size 4x15
                    text run at (163,464) width 4: " "
                  RenderBR {BR} at (166,476) size 1x0
                  RenderInline {A} at (0,0) size 58x15 [color=#0000EE]
                    RenderText {#text} at (0,480) size 58x15
                      text run at (0,480) width 58: "Packages"
                  RenderText {#text} at (57,480) size 4x15
                    text run at (57,480) width 4: " "
                  RenderBR {BR} at (60,492) size 1x0
                  RenderInline {A} at (0,0) size 84x15 [color=#0000EE]
                    RenderText {#text} at (0,496) size 84x15
                      text run at (0,496) width 84: "Catalog Views"
                  RenderText {#text} at (83,496) size 4x15
                    text run at (83,496) width 4: " "
                  RenderBR {BR} at (86,508) size 1x0
                  RenderInline {A} at (0,0) size 297x15 [color=#0000EE]
                    RenderText {#text} at (0,512) size 297x15
                      text run at (0,512) width 297: "Application Processes, Concurrency, and Recovery"
                  RenderText {#text} at (296,512) size 4x15
                    text run at (296,512) width 4: " "
                  RenderBR {BR} at (299,524) size 1x0
                  RenderInline {A} at (0,0) size 84x15 [color=#0000EE]
                    RenderText {#text} at (0,528) size 84x15
                      text run at (0,528) width 84: "Isolation Level"
                  RenderText {#text} at (83,528) size 4x15
                    text run at (83,528) width 4: " "
                  RenderBR {BR} at (86,540) size 1x0
                  RenderInline {A} at (0,0) size 133x15 [color=#0000EE]
                    RenderText {#text} at (0,544) size 133x15
                      text run at (0,544) width 133: "Repeatable Read (RR)"
                  RenderText {#text} at (132,544) size 4x15
                    text run at (132,544) width 4: " "
                  RenderBR {BR} at (135,556) size 1x0
                  RenderInline {A} at (0,0) size 111x15 [color=#0000EE]
                    RenderText {#text} at (0,560) size 111x15
                      text run at (0,560) width 111: "Read Stability (RS)"
                  RenderText {#text} at (110,560) size 5x15
                    text run at (110,560) width 5: " "
                  RenderBR {BR} at (114,572) size 1x0
                  RenderInline {A} at (0,0) size 119x15 [color=#0000EE]
                    RenderText {#text} at (0,576) size 119x15
                      text run at (0,576) width 119: "Cursor Stability (CS)"
                  RenderText {#text} at (118,576) size 5x15
                    text run at (118,576) width 5: " "
                  RenderBR {BR} at (122,588) size 1x0
                  RenderInline {A} at (0,0) size 143x15 [color=#0000EE]
                    RenderText {#text} at (0,592) size 143x15
                      text run at (0,592) width 143: "Uncommitted Read (UR)"
                  RenderText {#text} at (142,592) size 4x15
                    text run at (142,592) width 4: " "
                  RenderBR {BR} at (145,604) size 1x0
                  RenderInline {A} at (0,0) size 178x15 [color=#0000EE]
                    RenderText {#text} at (0,608) size 178x15
                      text run at (0,608) width 178: "Comparison of Isolation Levels"
                  RenderText {#text} at (177,608) size 5x15
                    text run at (177,608) width 5: " "
                  RenderBR {BR} at (181,620) size 1x0
                  RenderInline {A} at (0,0) size 183x15 [color=#0000EE]
                    RenderText {#text} at (0,624) size 183x15
                      text run at (0,624) width 183: "Distributed Relational Database"
                  RenderText {#text} at (182,624) size 5x15
                    text run at (182,624) width 5: " "
                  RenderBR {BR} at (186,636) size 1x0
                  RenderInline {A} at (0,0) size 112x15 [color=#0000EE]
                    RenderText {#text} at (0,640) size 112x15
                      text run at (0,640) width 112: "Application Servers"
                  RenderText {#text} at (111,640) size 5x15
                    text run at (111,640) width 5: " "
                  RenderBR {BR} at (115,652) size 1x0
                  RenderInline {A} at (0,0) size 262x15 [color=#0000EE]
                    RenderText {#text} at (0,656) size 262x15
                      text run at (0,656) width 262: "CONNECT (Type 1) and CONNECT (Type 2)"
                  RenderText {#text} at (261,656) size 5x15
                    text run at (261,656) width 5: " "
                  RenderBR {BR} at (265,668) size 1x0
                  RenderInline {A} at (0,0) size 121x15 [color=#0000EE]
                    RenderText {#text} at (0,672) size 121x15
                      text run at (0,672) width 121: "Remote Unit of Work"
                  RenderText {#text} at (120,672) size 5x15
                    text run at (120,672) width 5: " "
                  RenderBR {BR} at (124,684) size 1x0
                  RenderInline {A} at (0,0) size 258x15 [color=#0000EE]
                    RenderText {#text} at (0,688) size 258x15
                      text run at (0,688) width 258: "Application-Directed Distributed Unit of Work"
                  RenderText {#text} at (257,688) size 4x15
                    text run at (257,688) width 4: " "
                  RenderBR {BR} at (260,700) size 1x0
                  RenderInline {A} at (0,0) size 210x15 [color=#0000EE]
                    RenderText {#text} at (0,704) size 210x15
                      text run at (0,704) width 210: "Data Representation Considerations"
                  RenderText {#text} at (209,704) size 5x15
                    text run at (209,704) width 5: " "
                  RenderBR {BR} at (213,716) size 1x0
                  RenderInline {A} at (0,0) size 142x15 [color=#0000EE]
                    RenderText {#text} at (0,720) size 142x15
                      text run at (0,720) width 142: "DB2 Federated Systems"
                  RenderText {#text} at (141,720) size 5x15
                    text run at (141,720) width 5: " "
                  RenderBR {BR} at (145,732) size 1x0
                  RenderInline {A} at (0,0) size 365x15 [color=#0000EE]
                    RenderText {#text} at (0,736) size 365x15
                      text run at (0,736) width 365: "The Federated Server, Federated Database, and Data Sources"
                  RenderText {#text} at (364,736) size 4x15
                    text run at (364,736) width 4: " "
                  RenderBR {BR} at (367,748) size 1x0
                  RenderInline {A} at (0,0) size 263x15 [color=#0000EE]
                    RenderText {#text} at (0,752) size 263x15
                      text run at (0,752) width 263: "Tasks to Perform in a DB2 Federated System"
                  RenderText {#text} at (262,752) size 4x15
                    text run at (262,752) width 4: " "
                  RenderBR {BR} at (265,764) size 1x0
                  RenderInline {A} at (0,0) size 188x15 [color=#0000EE]
                    RenderText {#text} at (0,768) size 188x15
                      text run at (0,768) width 188: "Wrappers and Wrapper Modules"
                  RenderText {#text} at (187,768) size 5x15
                    text run at (187,768) width 5: " "
                  RenderBR {BR} at (191,780) size 1x0
                  RenderInline {A} at (0,0) size 219x15 [color=#0000EE]
                    RenderText {#text} at (0,784) size 219x15
                      text run at (0,784) width 219: "Server Definitions and Server Options"
                  RenderText {#text} at (218,784) size 4x15
                    text run at (218,784) width 4: " "
                  RenderBR {BR} at (221,796) size 1x0
                  RenderInline {A} at (0,0) size 193x15 [color=#0000EE]
                    RenderText {#text} at (0,800) size 193x15
                      text run at (0,800) width 193: "User Mappings and User Options"
                  RenderText {#text} at (192,800) size 4x15
                    text run at (192,800) width 4: " "
                  RenderBR {BR} at (195,812) size 1x0
                  RenderInline {A} at (0,0) size 120x15 [color=#0000EE]
                    RenderText {#text} at (0,816) size 120x15
                      text run at (0,816) width 120: "Data Type Mappings"
                  RenderText {#text} at (119,816) size 5x15
                    text run at (119,816) width 5: " "
                  RenderBR {BR} at (123,828) size 1x0
                  RenderInline {A} at (0,0) size 416x15 [color=#0000EE]
                    RenderText {#text} at (0,832) size 416x15
                      text run at (0,832) width 416: "Function Mappings, Function Templates, and Function Mapping Options"
                  RenderText {#text} at (415,832) size 5x15
                    text run at (415,832) width 5: " "
                  RenderBR {BR} at (419,844) size 1x0
                  RenderInline {A} at (0,0) size 187x15 [color=#0000EE]
                    RenderText {#text} at (0,848) size 187x15
                      text run at (0,848) width 187: "Nicknames and Column Options"
                  RenderText {#text} at (186,848) size 5x15
                    text run at (186,848) width 5: " "
                  RenderBR {BR} at (190,860) size 1x0
                  RenderInline {A} at (0,0) size 116x15 [color=#0000EE]
                    RenderText {#text} at (0,864) size 116x15
                      text run at (0,864) width 116: "Index Specifications"
                  RenderText {#text} at (115,864) size 5x15
                    text run at (115,864) width 5: " "
                  RenderBR {BR} at (119,876) size 1x0
                  RenderInline {A} at (0,0) size 121x15 [color=#0000EE]
                    RenderText {#text} at (0,880) size 121x15
                      text run at (0,880) width 121: "Distributed Requests"
                  RenderText {#text} at (120,880) size 5x15
                    text run at (120,880) width 5: " "
                  RenderBR {BR} at (124,892) size 1x0
                  RenderInline {A} at (0,0) size 84x15 [color=#0000EE]
                    RenderText {#text} at (0,896) size 84x15
                      text run at (0,896) width 84: "Compensation"
                  RenderText {#text} at (83,896) size 5x15
                    text run at (83,896) width 5: " "
                  RenderBR {BR} at (87,908) size 1x0
                  RenderInline {A} at (0,0) size 82x15 [color=#0000EE]
                    RenderText {#text} at (0,912) size 82x15
                      text run at (0,912) width 82: "Pass-Through"
                  RenderText {#text} at (81,912) size 5x15
                    text run at (81,912) width 5: " "
                  RenderBR {BR} at (85,924) size 1x0
                  RenderInline {A} at (0,0) size 127x15 [color=#0000EE]
                    RenderText {#text} at (0,928) size 127x15
                      text run at (0,928) width 127: "Character Conversion"
                  RenderText {#text} at (126,928) size 5x15
                    text run at (126,928) width 5: " "
                  RenderBR {BR} at (130,940) size 1x0
                  RenderInline {A} at (0,0) size 188x15 [color=#0000EE]
                    RenderText {#text} at (0,944) size 188x15
                      text run at (0,944) width 188: "Character Sets and Code Pages"
                  RenderText {#text} at (187,944) size 4x15
                    text run at (187,944) width 4: " "
                  RenderBR {BR} at (190,956) size 1x0
                  RenderInline {A} at (0,0) size 124x15 [color=#0000EE]
                    RenderText {#text} at (0,960) size 124x15
                      text run at (0,960) width 124: "Code Page Attributes"
                  RenderText {#text} at (123,960) size 5x15
                    text run at (123,960) width 5: " "
                  RenderBR {BR} at (127,972) size 1x0
                  RenderInline {A} at (0,0) size 162x15 [color=#0000EE]
                    RenderText {#text} at (0,976) size 162x15
                      text run at (0,976) width 162: "Authorization and Privileges"
                  RenderText {#text} at (161,976) size 4x15
                    text run at (161,976) width 4: " "
                  RenderBR {BR} at (164,988) size 1x0
                  RenderInline {A} at (0,0) size 253x15 [color=#0000EE]
                    RenderText {#text} at (0,992) size 253x15
                      text run at (0,992) width 253: "Table Spaces and Other Storage Structures"
                  RenderText {#text} at (252,992) size 5x15
                    text run at (252,992) width 5: " "
                  RenderBR {BR} at (256,1004) size 1x0
                  RenderInline {A} at (0,0) size 246x15 [color=#0000EE]
                    RenderText {#text} at (0,1008) size 246x15
                      text run at (0,1008) width 246: "Data Partitioning Across Multiple Partitions"
                  RenderText {#text} at (245,1008) size 5x15
                    text run at (245,1008) width 5: " "
                  RenderBR {BR} at (249,1020) size 1x0
                  RenderInline {A} at (0,0) size 101x15 [color=#0000EE]
                    RenderText {#text} at (0,1024) size 101x15
                      text run at (0,1024) width 101: "Partitioning Maps"
                  RenderText {#text} at (100,1024) size 5x15
                    text run at (100,1024) width 5: " "
                  RenderBR {BR} at (104,1036) size 1x0
                  RenderInline {A} at (0,0) size 101x15 [color=#0000EE]
                    RenderText {#text} at (0,1040) size 101x15
                      text run at (0,1040) width 101: "Table Collocation"
                  RenderText {#text} at (0,0) size 0x0
                RenderBlock {P} at (0,1283) size 708x2129
                  RenderInline {B} at (0,0) size 123x15
                    RenderInline {A} at (0,0) size 123x15 [color=#0000EE]
                      RenderText {#text} at (0,0) size 123x15
                        text run at (0,0) width 123: "Language Elements"
                  RenderBR {BR} at (122,12) size 1x0
                  RenderBR {BR} at (0,16) size 0x15
                  RenderInline {A} at (0,0) size 64x15 [color=#0000EE]
                    RenderText {#text} at (0,32) size 64x15
                      text run at (0,32) width 64: "Characters"
                  RenderText {#text} at (63,32) size 5x15
                    text run at (63,32) width 5: " "
                  RenderBR {BR} at (67,44) size 1x0
                  RenderInline {A} at (0,0) size 128x15 [color=#0000EE]
                    RenderText {#text} at (0,48) size 128x15
                      text run at (0,48) width 128: "MBCS Considerations"
                  RenderText {#text} at (127,48) size 5x15
                    text run at (127,48) width 5: " "
                  RenderBR {BR} at (131,60) size 1x0
                  RenderInline {A} at (0,0) size 43x15 [color=#0000EE]
                    RenderText {#text} at (0,64) size 43x15
                      text run at (0,64) width 43: "Tokens"
                  RenderText {#text} at (42,64) size 5x15
                    text run at (42,64) width 5: " "
                  RenderBR {BR} at (46,76) size 1x0
                  RenderInline {A} at (0,0) size 128x15 [color=#0000EE]
                    RenderText {#text} at (0,80) size 128x15
                      text run at (0,80) width 128: "MBCS Considerations"
                  RenderText {#text} at (127,80) size 5x15
                    text run at (127,80) width 5: " "
                  RenderBR {BR} at (131,92) size 1x0
                  RenderInline {A} at (0,0) size 57x15 [color=#0000EE]
                    RenderText {#text} at (0,96) size 57x15
                      text run at (0,96) width 57: "Identifiers"
                  RenderText {#text} at (56,96) size 4x15
                    text run at (56,96) width 4: " "
                  RenderBR {BR} at (59,108) size 1x0
                  RenderInline {A} at (0,0) size 86x15 [color=#0000EE]
                    RenderText {#text} at (0,112) size 86x15
                      text run at (0,112) width 86: "SQL Identifiers"
                  RenderText {#text} at (85,112) size 5x15
                    text run at (85,112) width 5: " "
                  RenderBR {BR} at (89,124) size 1x0
                  RenderInline {A} at (0,0) size 87x15 [color=#0000EE]
                    RenderText {#text} at (0,128) size 87x15
                      text run at (0,128) width 87: "Host Identifiers"
                  RenderText {#text} at (86,128) size 5x15
                    text run at (86,128) width 5: " "
                  RenderBR {BR} at (90,140) size 1x0
                  RenderInline {A} at (0,0) size 352x15 [color=#0000EE]
                    RenderText {#text} at (0,144) size 352x15
                      text run at (0,144) width 352: "Naming Conventions and Implicit Object Name Qualifications"
                  RenderText {#text} at (351,144) size 4x15
                    text run at (351,144) width 4: " "
                  RenderBR {BR} at (354,156) size 1x0
                  RenderInline {A} at (0,0) size 42x15 [color=#0000EE]
                    RenderText {#text} at (0,160) size 42x15
                      text run at (0,160) width 42: "Aliases"
                  RenderText {#text} at (41,160) size 5x15
                    text run at (41,160) width 5: " "
                  RenderBR {BR} at (45,172) size 1x0
                  RenderInline {A} at (0,0) size 246x15 [color=#0000EE]
                    RenderText {#text} at (0,176) size 246x15
                      text run at (0,176) width 246: "Authorization IDs and authorization-names"
                  RenderText {#text} at (245,176) size 5x15
                    text run at (245,176) width 5: " "
                  RenderBR {BR} at (249,188) size 1x0
                  RenderInline {A} at (0,0) size 236x15 [color=#0000EE]
                    RenderText {#text} at (0,192) size 236x15
                      text run at (0,192) width 236: "Dynamic SQL Characteristics at run-time"
                  RenderText {#text} at (235,192) size 5x15
                    text run at (235,192) width 5: " "
                  RenderBR {BR} at (239,204) size 1x0
                  RenderInline {A} at (0,0) size 258x15 [color=#0000EE]
                    RenderText {#text} at (0,208) size 258x15
                      text run at (0,208) width 258: "Authorization IDs and Statement Preparation"
                  RenderText {#text} at (257,208) size 5x15
                    text run at (257,208) width 5: " "
                  RenderBR {BR} at (261,220) size 1x0
                  RenderInline {A} at (0,0) size 67x15 [color=#0000EE]
                    RenderText {#text} at (0,224) size 67x15
                      text run at (0,224) width 67: "Data Types"
                  RenderText {#text} at (66,224) size 5x15
                    text run at (66,224) width 5: " "
                  RenderBR {BR} at (70,236) size 1x0
                  RenderInline {A} at (0,0) size 29x15 [color=#0000EE]
                    RenderText {#text} at (0,240) size 29x15
                      text run at (0,240) width 29: "Nulls"
                  RenderText {#text} at (28,240) size 5x15
                    text run at (28,240) width 5: " "
                  RenderBR {BR} at (32,252) size 1x0
                  RenderInline {A} at (0,0) size 126x15 [color=#0000EE]
                    RenderText {#text} at (0,256) size 126x15
                      text run at (0,256) width 126: "Large Objects (LOBs)"
                  RenderText {#text} at (125,256) size 5x15
                    text run at (125,256) width 5: " "
                  RenderBR {BR} at (129,268) size 1x0
                  RenderInline {A} at (0,0) size 102x15 [color=#0000EE]
                    RenderText {#text} at (0,272) size 102x15
                      text run at (0,272) width 102: "Character Strings"
                  RenderText {#text} at (101,272) size 4x15
                    text run at (101,272) width 4: " "
                  RenderBR {BR} at (104,284) size 1x0
                  RenderInline {A} at (0,0) size 90x15 [color=#0000EE]
                    RenderText {#text} at (0,288) size 90x15
                      text run at (0,288) width 90: "Graphic Strings"
                  RenderText {#text} at (89,288) size 5x15
                    text run at (89,288) width 5: " "
                  RenderBR {BR} at (93,300) size 1x0
                  RenderInline {A} at (0,0) size 75x15 [color=#0000EE]
                    RenderText {#text} at (0,304) size 75x15
                      text run at (0,304) width 75: "Binary String"
                  RenderText {#text} at (74,304) size 5x15
                    text run at (74,304) width 5: " "
                  RenderBR {BR} at (78,316) size 1x0
                  RenderInline {A} at (0,0) size 53x15 [color=#0000EE]
                    RenderText {#text} at (0,320) size 53x15
                      text run at (0,320) width 53: "Numbers"
                  RenderText {#text} at (52,320) size 5x15
                    text run at (52,320) width 5: " "
                  RenderBR {BR} at (56,332) size 1x0
                  RenderInline {A} at (0,0) size 96x15 [color=#0000EE]
                    RenderText {#text} at (0,336) size 96x15
                      text run at (0,336) width 96: "Datetime Values"
                  RenderText {#text} at (95,336) size 4x15
                    text run at (95,336) width 4: " "
                  RenderBR {BR} at (98,348) size 1x0
                  RenderInline {A} at (0,0) size 107x15 [color=#0000EE]
                    RenderText {#text} at (0,352) size 107x15
                      text run at (0,352) width 107: "DATALINK Values"
                  RenderText {#text} at (106,352) size 5x15
                    text run at (106,352) width 5: " "
                  RenderBR {BR} at (110,364) size 1x0
                  RenderInline {A} at (0,0) size 115x15 [color=#0000EE]
                    RenderText {#text} at (0,368) size 115x15
                      text run at (0,368) width 115: "User Defined Types"
                  RenderText {#text} at (114,368) size 5x15
                    text run at (114,368) width 5: " "
                  RenderBR {BR} at (118,380) size 1x0
                  RenderInline {A} at (0,0) size 144x15 [color=#0000EE]
                    RenderText {#text} at (0,384) size 144x15
                      text run at (0,384) width 144: "Promotion of Data Types"
                  RenderText {#text} at (143,384) size 5x15
                    text run at (143,384) width 5: " "
                  RenderBR {BR} at (147,396) size 1x0
                  RenderInline {A} at (0,0) size 169x15 [color=#0000EE]
                    RenderText {#text} at (0,400) size 169x15
                      text run at (0,400) width 169: "Casting Between Data Types"
                  RenderText {#text} at (168,400) size 4x15
                    text run at (168,400) width 4: " "
                  RenderBR {BR} at (171,412) size 1x0
                  RenderInline {A} at (0,0) size 180x15 [color=#0000EE]
                    RenderText {#text} at (0,416) size 180x15
                      text run at (0,416) width 180: "Assignments and Comparisons"
                  RenderText {#text} at (179,416) size 5x15
                    text run at (179,416) width 5: " "
                  RenderBR {BR} at (183,428) size 1x0
                  RenderInline {A} at (0,0) size 127x15 [color=#0000EE]
                    RenderText {#text} at (0,432) size 127x15
                      text run at (0,432) width 127: "Numeric Assignments"
                  RenderText {#text} at (126,432) size 5x15
                    text run at (126,432) width 5: " "
                  RenderBR {BR} at (130,444) size 1x0
                  RenderInline {A} at (0,0) size 112x15 [color=#0000EE]
                    RenderText {#text} at (0,448) size 112x15
                      text run at (0,448) width 112: "String Assignments"
                  RenderText {#text} at (111,448) size 5x15
                    text run at (111,448) width 5: " "
                  RenderBR {BR} at (115,460) size 1x0
                  RenderInline {A} at (0,0) size 131x15 [color=#0000EE]
                    RenderText {#text} at (0,464) size 131x15
                      text run at (0,464) width 131: "Datetime Assignments"
                  RenderText {#text} at (130,464) size 4x15
                    text run at (130,464) width 4: " "
                  RenderBR {BR} at (133,476) size 1x0
                  RenderInline {A} at (0,0) size 142x15 [color=#0000EE]
                    RenderText {#text} at (0,480) size 142x15
                      text run at (0,480) width 142: "DATALINK Assignments"
                  RenderText {#text} at (141,480) size 5x15
                    text run at (141,480) width 5: " "
                  RenderBR {BR} at (145,492) size 1x0
                  RenderInline {A} at (0,0) size 185x15 [color=#0000EE]
                    RenderText {#text} at (0,496) size 185x15
                      text run at (0,496) width 185: "User-defined Type Assignments"
                  RenderText {#text} at (184,496) size 5x15
                    text run at (184,496) width 5: " "
                  RenderBR {BR} at (188,508) size 1x0
                  RenderInline {A} at (0,0) size 171x15 [color=#0000EE]
                    RenderText {#text} at (0,512) size 171x15
                      text run at (0,512) width 171: "Reference Type Assignments"
                  RenderText {#text} at (170,512) size 5x15
                    text run at (170,512) width 5: " "
                  RenderBR {BR} at (174,524) size 1x0
                  RenderInline {A} at (0,0) size 129x15 [color=#0000EE]
                    RenderText {#text} at (0,528) size 129x15
                      text run at (0,528) width 129: "Numeric Comparisons"
                  RenderText {#text} at (128,528) size 5x15
                    text run at (128,528) width 5: " "
                  RenderBR {BR} at (132,540) size 1x0
                  RenderInline {A} at (0,0) size 115x15 [color=#0000EE]
                    RenderText {#text} at (0,544) size 115x15
                      text run at (0,544) width 115: "String Comparisons"
                  RenderText {#text} at (114,544) size 4x15
                    text run at (114,544) width 4: " "
                  RenderBR {BR} at (117,556) size 1x0
                  RenderInline {A} at (0,0) size 133x15 [color=#0000EE]
                    RenderText {#text} at (0,560) size 133x15
                      text run at (0,560) width 133: "Datetime Comparisons"
                  RenderText {#text} at (132,560) size 4x15
                    text run at (132,560) width 4: " "
                  RenderBR {BR} at (135,572) size 1x0
                  RenderInline {A} at (0,0) size 188x15 [color=#0000EE]
                    RenderText {#text} at (0,576) size 188x15
                      text run at (0,576) width 188: "User-defined Type Comparisons"
                  RenderText {#text} at (187,576) size 4x15
                    text run at (187,576) width 4: " "
                  RenderBR {BR} at (190,588) size 1x0
                  RenderInline {A} at (0,0) size 173x15 [color=#0000EE]
                    RenderText {#text} at (0,592) size 173x15
                      text run at (0,592) width 173: "Reference Type Comparisons"
                  RenderText {#text} at (172,592) size 5x15
                    text run at (172,592) width 5: " "
                  RenderBR {BR} at (176,604) size 1x0
                  RenderInline {A} at (0,0) size 163x15 [color=#0000EE]
                    RenderText {#text} at (0,608) size 163x15
                      text run at (0,608) width 163: "Rules for Result Data Types"
                  RenderText {#text} at (162,608) size 5x15
                    text run at (162,608) width 5: " "
                  RenderBR {BR} at (166,620) size 1x0
                  RenderInline {A} at (0,0) size 102x15 [color=#0000EE]
                    RenderText {#text} at (0,624) size 102x15
                      text run at (0,624) width 102: "Character Strings"
                  RenderText {#text} at (101,624) size 4x15
                    text run at (101,624) width 4: " "
                  RenderBR {BR} at (104,636) size 1x0
                  RenderInline {A} at (0,0) size 90x15 [color=#0000EE]
                    RenderText {#text} at (0,640) size 90x15
                      text run at (0,640) width 90: "Graphic Strings"
                  RenderText {#text} at (89,640) size 5x15
                    text run at (89,640) width 5: " "
                  RenderBR {BR} at (93,652) size 1x0
                  RenderInline {A} at (0,0) size 162x15 [color=#0000EE]
                    RenderText {#text} at (0,656) size 162x15
                      text run at (0,656) width 162: "Binary Large Object (BLOB)"
                  RenderText {#text} at (161,656) size 5x15
                    text run at (161,656) width 5: " "
                  RenderBR {BR} at (165,668) size 1x0
                  RenderInline {A} at (0,0) size 49x15 [color=#0000EE]
                    RenderText {#text} at (0,672) size 49x15
                      text run at (0,672) width 49: "Numeric"
                  RenderText {#text} at (48,672) size 5x15
                    text run at (48,672) width 5: " "
                  RenderBR {BR} at (52,684) size 1x0
                  RenderInline {A} at (0,0) size 35x15 [color=#0000EE]
                    RenderText {#text} at (0,688) size 35x15
                      text run at (0,688) width 35: "DATE"
                  RenderText {#text} at (34,688) size 5x15
                    text run at (34,688) width 5: " "
                  RenderBR {BR} at (38,700) size 1x0
                  RenderInline {A} at (0,0) size 32x15 [color=#0000EE]
                    RenderText {#text} at (0,704) size 32x15
                      text run at (0,704) width 32: "TIME"
                  RenderText {#text} at (31,704) size 4x15
                    text run at (31,704) width 4: " "
                  RenderBR {BR} at (34,716) size 1x0
                  RenderInline {A} at (0,0) size 76x15 [color=#0000EE]
                    RenderText {#text} at (0,720) size 76x15
                      text run at (0,720) width 76: "TIMESTAMP"
                  RenderText {#text} at (75,720) size 5x15
                    text run at (75,720) width 5: " "
                  RenderBR {BR} at (79,732) size 1x0
                  RenderInline {A} at (0,0) size 64x15 [color=#0000EE]
                    RenderText {#text} at (0,736) size 64x15
                      text run at (0,736) width 64: "DATALINK"
                  RenderText {#text} at (63,736) size 5x15
                    text run at (63,736) width 5: " "
                  RenderBR {BR} at (67,748) size 1x0
                  RenderInline {A} at (0,0) size 114x15 [color=#0000EE]
                    RenderText {#text} at (0,752) size 114x15
                      text run at (0,752) width 114: "User-defined Types"
                  RenderText {#text} at (113,752) size 5x15
                    text run at (113,752) width 5: " "
                  RenderBR {BR} at (117,764) size 1x0
                  RenderInline {A} at (0,0) size 154x15 [color=#0000EE]
                    RenderText {#text} at (0,768) size 154x15
                      text run at (0,768) width 154: "Nullable Attribute of Result"
                  RenderText {#text} at (153,768) size 5x15
                    text run at (153,768) width 5: " "
                  RenderBR {BR} at (157,780) size 1x0
                  RenderInline {A} at (0,0) size 166x15 [color=#0000EE]
                    RenderText {#text} at (0,784) size 166x15
                      text run at (0,784) width 166: "Rules for String Conversions"
                  RenderText {#text} at (165,784) size 5x15
                    text run at (165,784) width 5: " "
                  RenderBR {BR} at (169,796) size 1x0
                  RenderInline {A} at (0,0) size 126x15 [color=#0000EE]
                    RenderText {#text} at (0,800) size 126x15
                      text run at (0,800) width 126: "Partition Compatibility"
                  RenderText {#text} at (125,800) size 5x15
                    text run at (125,800) width 5: " "
                  RenderBR {BR} at (129,812) size 1x0
                  RenderInline {A} at (0,0) size 59x15 [color=#0000EE]
                    RenderText {#text} at (0,816) size 59x15
                      text run at (0,816) width 59: "Constants"
                  RenderText {#text} at (58,816) size 5x15
                    text run at (58,816) width 5: " "
                  RenderBR {BR} at (62,828) size 1x0
                  RenderInline {A} at (0,0) size 103x15 [color=#0000EE]
                    RenderText {#text} at (0,832) size 103x15
                      text run at (0,832) width 103: "Integer Constants"
                  RenderText {#text} at (102,832) size 5x15
                    text run at (102,832) width 5: " "
                  RenderBR {BR} at (106,844) size 1x0
                  RenderInline {A} at (0,0) size 143x15 [color=#0000EE]
                    RenderText {#text} at (0,848) size 143x15
                      text run at (0,848) width 143: "Floating-Point Constants"
                  RenderText {#text} at (142,848) size 4x15
                    text run at (142,848) width 4: " "
                  RenderBR {BR} at (145,860) size 1x0
                  RenderInline {A} at (0,0) size 110x15 [color=#0000EE]
                    RenderText {#text} at (0,864) size 110x15
                      text run at (0,864) width 110: "Decimal Constants"
                  RenderText {#text} at (109,864) size 4x15
                    text run at (109,864) width 4: " "
                  RenderBR {BR} at (112,876) size 1x0
                  RenderInline {A} at (0,0) size 157x15 [color=#0000EE]
                    RenderText {#text} at (0,880) size 157x15
                      text run at (0,880) width 157: "Character String Constants"
                  RenderText {#text} at (156,880) size 5x15
                    text run at (156,880) width 5: " "
                  RenderBR {BR} at (160,892) size 1x0
                  RenderInline {A} at (0,0) size 138x15 [color=#0000EE]
                    RenderText {#text} at (0,896) size 138x15
                      text run at (0,896) width 138: "Hexadecimal Constants"
                  RenderText {#text} at (137,896) size 4x15
                    text run at (137,896) width 4: " "
                  RenderBR {BR} at (140,908) size 1x0
                  RenderInline {A} at (0,0) size 146x15 [color=#0000EE]
                    RenderText {#text} at (0,912) size 146x15
                      text run at (0,912) width 146: "Graphic String Constants"
                  RenderText {#text} at (145,912) size 4x15
                    text run at (145,912) width 4: " "
                  RenderBR {BR} at (148,924) size 1x0
                  RenderInline {A} at (0,0) size 240x15 [color=#0000EE]
                    RenderText {#text} at (0,928) size 240x15
                      text run at (0,928) width 240: "Using Constants with User-defined Types"
                  RenderText {#text} at (239,928) size 4x15
                    text run at (239,928) width 4: " "
                  RenderBR {BR} at (242,940) size 1x0
                  RenderInline {A} at (0,0) size 102x15 [color=#0000EE]
                    RenderText {#text} at (0,944) size 102x15
                      text run at (0,944) width 102: "Special Registers"
                  RenderText {#text} at (101,944) size 4x15
                    text run at (101,944) width 4: " "
                  RenderBR {BR} at (104,956) size 1x0
                  RenderInline {A} at (0,0) size 102x15 [color=#0000EE]
                    RenderText {#text} at (0,960) size 102x15
                      text run at (0,960) width 102: "CURRENT DATE"
                  RenderText {#text} at (101,960) size 5x15
                    text run at (101,960) width 5: " "
                  RenderBR {BR} at (105,972) size 1x0
                  RenderInline {A} at (0,0) size 264x15 [color=#0000EE]
                    RenderText {#text} at (0,976) size 264x15
                      text run at (0,976) width 264: "CURRENT DEFAULT TRANSFORM GROUP"
                  RenderText {#text} at (263,976) size 5x15
                    text run at (263,976) width 5: " "
                  RenderBR {BR} at (267,988) size 1x0
                  RenderInline {A} at (0,0) size 123x15 [color=#0000EE]
                    RenderText {#text} at (0,992) size 123x15
                      text run at (0,992) width 123: "CURRENT DEGREE"
                  RenderText {#text} at (122,992) size 4x15
                    text run at (122,992) width 4: " "
                  RenderBR {BR} at (125,1004) size 1x0
                  RenderInline {A} at (0,0) size 165x15 [color=#0000EE]
                    RenderText {#text} at (0,1008) size 165x15
                      text run at (0,1008) width 165: "CURRENT EXPLAIN MODE"
                  RenderText {#text} at (164,1008) size 5x15
                    text run at (164,1008) width 5: " "
                  RenderBR {BR} at (168,1020) size 1x0
                  RenderInline {A} at (0,0) size 198x15 [color=#0000EE]
                    RenderText {#text} at (0,1024) size 198x15
                      text run at (0,1024) width 198: "CURRENT EXPLAIN SNAPSHOT"
                  RenderText {#text} at (197,1024) size 4x15
                    text run at (197,1024) width 4: " "
                  RenderBR {BR} at (200,1036) size 1x0
                  RenderInline {A} at (0,0) size 105x15 [color=#0000EE]
                    RenderText {#text} at (0,1040) size 105x15
                      text run at (0,1040) width 105: "CURRENT NODE"
                  RenderText {#text} at (104,1040) size 5x15
                    text run at (104,1040) width 5: " "
                  RenderBR {BR} at (108,1052) size 1x0
                  RenderInline {A} at (0,0) size 102x15 [color=#0000EE]
                    RenderText {#text} at (0,1056) size 102x15
                      text run at (0,1056) width 102: "CURRENT PATH"
                  RenderText {#text} at (101,1056) size 5x15
                    text run at (101,1056) width 5: " "
                  RenderBR {BR} at (105,1068) size 1x0
                  RenderInline {A} at (0,0) size 210x15 [color=#0000EE]
                    RenderText {#text} at (0,1072) size 210x15
                      text run at (0,1072) width 210: "CURRENT QUERY OPTIMIZATION"
                  RenderText {#text} at (209,1072) size 5x15
                    text run at (209,1072) width 5: " "
                  RenderBR {BR} at (213,1084) size 1x0
                  RenderInline {A} at (0,0) size 161x15 [color=#0000EE]
                    RenderText {#text} at (0,1088) size 161x15
                      text run at (0,1088) width 161: "CURRENT REFRESH AGE"
                  RenderText {#text} at (160,1088) size 4x15
                    text run at (160,1088) width 4: " "
                  RenderBR {BR} at (163,1100) size 1x0
                  RenderInline {A} at (0,0) size 123x15 [color=#0000EE]
                    RenderText {#text} at (0,1104) size 123x15
                      text run at (0,1104) width 123: "CURRENT SCHEMA"
                  RenderText {#text} at (122,1104) size 5x15
                    text run at (122,1104) width 5: " "
                  RenderBR {BR} at (126,1116) size 1x0
                  RenderInline {A} at (0,0) size 121x15 [color=#0000EE]
                    RenderText {#text} at (0,1120) size 121x15
                      text run at (0,1120) width 121: "CURRENT SERVER"
                  RenderText {#text} at (120,1120) size 5x15
                    text run at (120,1120) width 5: " "
                  RenderBR {BR} at (124,1132) size 1x0
                  RenderInline {A} at (0,0) size 99x15 [color=#0000EE]
                    RenderText {#text} at (0,1136) size 99x15
                      text run at (0,1136) width 99: "CURRENT TIME"
                  RenderText {#text} at (98,1136) size 4x15
                    text run at (98,1136) width 4: " "
                  RenderBR {BR} at (101,1148) size 1x0
                  RenderInline {A} at (0,0) size 143x15 [color=#0000EE]
                    RenderText {#text} at (0,1152) size 143x15
                      text run at (0,1152) width 143: "CURRENT TIMESTAMP"
                  RenderText {#text} at (143,1152) size 4x15
                    text run at (143,1152) width 4: " "
                  RenderBR {BR} at (146,1164) size 1x0
                  RenderInline {A} at (0,0) size 135x15 [color=#0000EE]
                    RenderText {#text} at (0,1168) size 135x15
                      text run at (0,1168) width 135: "CURRENT TIMEZONE"
                  RenderText {#text} at (134,1168) size 4x15
                    text run at (134,1168) width 4: " "
                  RenderBR {BR} at (137,1180) size 1x0
                  RenderInline {A} at (0,0) size 37x15 [color=#0000EE]
                    RenderText {#text} at (0,1184) size 37x15
                      text run at (0,1184) width 37: "USER"
                  RenderText {#text} at (36,1184) size 4x15
                    text run at (36,1184) width 4: " "
                  RenderBR {BR} at (39,1196) size 1x0
                  RenderInline {A} at (0,0) size 90x15 [color=#0000EE]
                    RenderText {#text} at (0,1200) size 90x15
                      text run at (0,1200) width 90: "Column Names"
                  RenderText {#text} at (89,1200) size 5x15
                    text run at (89,1200) width 5: " "
                  RenderBR {BR} at (93,1212) size 1x0
                  RenderInline {A} at (0,0) size 145x15 [color=#0000EE]
                    RenderText {#text} at (0,1216) size 145x15
                      text run at (0,1216) width 145: "Qualified Column Names"
                  RenderText {#text} at (144,1216) size 5x15
                    text run at (144,1216) width 5: " "
                  RenderBR {BR} at (148,1228) size 1x0
                  RenderInline {A} at (0,0) size 109x15 [color=#0000EE]
                    RenderText {#text} at (0,1232) size 109x15
                      text run at (0,1232) width 109: "Correlation Names"
                  RenderText {#text} at (108,1232) size 4x15
                    text run at (108,1232) width 4: " "
                  RenderBR {BR} at (111,1244) size 1x0
                  RenderInline {A} at (0,0) size 253x15 [color=#0000EE]
                    RenderText {#text} at (0,1248) size 253x15
                      text run at (0,1248) width 253: "Column Name Qualifiers to Avoid Ambiguity"
                  RenderText {#text} at (252,1248) size 5x15
                    text run at (252,1248) width 5: " "
                  RenderBR {BR} at (256,1260) size 1x0
                  RenderInline {A} at (0,0) size 290x15 [color=#0000EE]
                    RenderText {#text} at (0,1264) size 290x15
                      text run at (0,1264) width 290: "Column Name Qualifiers in Correlated References"
                  RenderText {#text} at (289,1264) size 5x15
                    text run at (289,1264) width 5: " "
                  RenderBR {BR} at (293,1276) size 1x0
                  RenderInline {A} at (0,0) size 170x15 [color=#0000EE]
                    RenderText {#text} at (0,1280) size 170x15
                      text run at (0,1280) width 170: "References to Host Variables"
                  RenderText {#text} at (169,1280) size 4x15
                    text run at (169,1280) width 4: " "
                  RenderBR {BR} at (172,1292) size 1x0
                  RenderInline {A} at (0,0) size 183x15 [color=#0000EE]
                    RenderText {#text} at (0,1296) size 183x15
                      text run at (0,1296) width 183: "Host Variables in Dynamic SQL"
                  RenderText {#text} at (182,1296) size 4x15
                    text run at (182,1296) width 4: " "
                  RenderBR {BR} at (185,1308) size 1x0
                  RenderInline {A} at (0,0) size 336x15 [color=#0000EE]
                    RenderText {#text} at (0,1312) size 336x15
                      text run at (0,1312) width 336: "References to BLOB, CLOB, and DBCLOB Host Variables"
                  RenderText {#text} at (335,1312) size 5x15
                    text run at (335,1312) width 5: " "
                  RenderBR {BR} at (339,1324) size 1x0
                  RenderInline {A} at (0,0) size 186x15 [color=#0000EE]
                    RenderText {#text} at (0,1328) size 186x15
                      text run at (0,1328) width 186: "References to Locator Variables"
                  RenderText {#text} at (185,1328) size 5x15
                    text run at (185,1328) width 5: " "
                  RenderBR {BR} at (189,1340) size 1x0
                  RenderInline {A} at (0,0) size 394x15 [color=#0000EE]
                    RenderText {#text} at (0,1344) size 394x15
                      text run at (0,1344) width 394: "References to BLOB, CLOB, and DBCLOB File Reference Variables"
                  RenderText {#text} at (393,1344) size 5x15
                    text run at (393,1344) width 5: " "
                  RenderBR {BR} at (397,1356) size 1x0
                  RenderInline {A} at (0,0) size 266x15 [color=#0000EE]
                    RenderText {#text} at (0,1360) size 266x15
                      text run at (0,1360) width 266: "References to Structured Type Host Variables"
                  RenderText {#text} at (265,1360) size 4x15
                    text run at (265,1360) width 4: " "
                  RenderBR {BR} at (268,1372) size 1x0
                  RenderInline {A} at (0,0) size 57x15 [color=#0000EE]
                    RenderText {#text} at (0,1376) size 57x15
                      text run at (0,1376) width 57: "Functions"
                  RenderText {#text} at (56,1376) size 4x15
                    text run at (56,1376) width 4: " "
                  RenderBR {BR} at (59,1388) size 1x0
                  RenderInline {A} at (0,0) size 299x15 [color=#0000EE]
                    RenderText {#text} at (0,1392) size 299x15
                      text run at (0,1392) width 299: "External, SQL and Sourced User-Defined Functions"
                  RenderText {#text} at (298,1392) size 5x15
                    text run at (298,1392) width 5: " "
                  RenderBR {BR} at (302,1404) size 1x0
                  RenderInline {A} at (0,0) size 324x15 [color=#0000EE]
                    RenderText {#text} at (0,1408) size 324x15
                      text run at (0,1408) width 324: "Scalar, Column, Row and Table User-Defined Functions"
                  RenderText {#text} at (323,1408) size 5x15
                    text run at (323,1408) width 5: " "
                  RenderBR {BR} at (327,1420) size 1x0
                  RenderInline {A} at (0,0) size 114x15 [color=#0000EE]
                    RenderText {#text} at (0,1424) size 114x15
                      text run at (0,1424) width 114: "Function signatures"
                  RenderText {#text} at (113,1424) size 5x15
                    text run at (113,1424) width 5: " "
                  RenderBR {BR} at (117,1436) size 1x0
                  RenderInline {A} at (0,0) size 57x15 [color=#0000EE]
                    RenderText {#text} at (0,1440) size 57x15
                      text run at (0,1440) width 57: "SQL Path"
                  RenderText {#text} at (56,1440) size 4x15
                    text run at (56,1440) width 4: " "
                  RenderBR {BR} at (59,1452) size 1x0
                  RenderInline {A} at (0,0) size 115x15 [color=#0000EE]
                    RenderText {#text} at (0,1456) size 115x15
                      text run at (0,1456) width 115: "Function Resolution"
                  RenderText {#text} at (114,1456) size 5x15
                    text run at (114,1456) width 5: " "
                  RenderBR {BR} at (118,1468) size 1x0
                  RenderInline {A} at (0,0) size 113x15 [color=#0000EE]
                    RenderText {#text} at (0,1472) size 113x15
                      text run at (0,1472) width 113: "Function Invocation"
                  RenderText {#text} at (112,1472) size 5x15
                    text run at (112,1472) width 5: " "
                  RenderBR {BR} at (116,1484) size 1x0
                  RenderInline {A} at (0,0) size 50x15 [color=#0000EE]
                    RenderText {#text} at (0,1488) size 50x15
                      text run at (0,1488) width 50: "Methods"
                  RenderText {#text} at (49,1488) size 5x15
                    text run at (49,1488) width 5: " "
                  RenderBR {BR} at (53,1500) size 1x0
                  RenderInline {A} at (0,0) size 237x15 [color=#0000EE]
                    RenderText {#text} at (0,1504) size 237x15
                      text run at (0,1504) width 237: "External and SQL User-Defined Methods"
                  RenderText {#text} at (236,1504) size 4x15
                    text run at (236,1504) width 4: " "
                  RenderBR {BR} at (239,1516) size 1x0
                  RenderInline {A} at (0,0) size 110x15 [color=#0000EE]
                    RenderText {#text} at (0,1520) size 110x15
                      text run at (0,1520) width 110: "Method Signatures"
                  RenderText {#text} at (109,1520) size 4x15
                    text run at (109,1520) width 4: " "
                  RenderBR {BR} at (112,1532) size 1x0
                  RenderInline {A} at (0,0) size 107x15 [color=#0000EE]
                    RenderText {#text} at (0,1536) size 107x15
                      text run at (0,1536) width 107: "Method Invocation"
                  RenderText {#text} at (106,1536) size 4x15
                    text run at (106,1536) width 4: " "
                  RenderBR {BR} at (109,1548) size 1x0
                  RenderInline {A} at (0,0) size 109x15 [color=#0000EE]
                    RenderText {#text} at (0,1552) size 109x15
                      text run at (0,1552) width 109: "Method Resolution"
                  RenderText {#text} at (108,1552) size 5x15
                    text run at (108,1552) width 5: " "
                  RenderBR {BR} at (112,1564) size 1x0
                  RenderInline {A} at (0,0) size 186x15 [color=#0000EE]
                    RenderText {#text} at (0,1568) size 186x15
                      text run at (0,1568) width 186: "Method of Choosing the Best Fit"
                  RenderText {#text} at (185,1568) size 5x15
                    text run at (185,1568) width 5: " "
                  RenderBR {BR} at (189,1580) size 1x0
                  RenderInline {A} at (0,0) size 178x15 [color=#0000EE]
                    RenderText {#text} at (0,1584) size 178x15
                      text run at (0,1584) width 178: "Example of Method Resolution"
                  RenderText {#text} at (177,1584) size 4x15
                    text run at (177,1584) width 4: " "
                  RenderBR {BR} at (180,1596) size 1x0
                  RenderInline {A} at (0,0) size 107x15 [color=#0000EE]
                    RenderText {#text} at (0,1600) size 107x15
                      text run at (0,1600) width 107: "Method Invocation"
                  RenderText {#text} at (106,1600) size 4x15
                    text run at (106,1600) width 4: " "
                  RenderBR {BR} at (109,1612) size 1x0
                  RenderInline {A} at (0,0) size 188x15 [color=#0000EE]
                    RenderText {#text} at (0,1616) size 188x15
                      text run at (0,1616) width 188: "Conservative Binding Semantics"
                  RenderText {#text} at (187,1616) size 4x15
                    text run at (187,1616) width 4: " "
                  RenderBR {BR} at (190,1628) size 1x0
                  RenderInline {A} at (0,0) size 71x15 [color=#0000EE]
                    RenderText {#text} at (0,1632) size 71x15
                      text run at (0,1632) width 71: "Expressions"
                  RenderText {#text} at (70,1632) size 5x15
                    text run at (70,1632) width 5: " "
                  RenderBR {BR} at (74,1644) size 1x0
                  RenderInline {A} at (0,0) size 106x15 [color=#0000EE]
                    RenderText {#text} at (0,1648) size 106x15
                      text run at (0,1648) width 106: "Without Operators"
                  RenderText {#text} at (105,1648) size 5x15
                    text run at (105,1648) width 5: " "
                  RenderBR {BR} at (109,1660) size 1x0
                  RenderInline {A} at (0,0) size 191x15 [color=#0000EE]
                    RenderText {#text} at (0,1664) size 191x15
                      text run at (0,1664) width 191: "With the Concatenation Operator"
                  RenderText {#text} at (190,1664) size 4x15
                    text run at (190,1664) width 4: " "
                  RenderBR {BR} at (193,1676) size 1x0
                  RenderInline {A} at (0,0) size 149x15 [color=#0000EE]
                    RenderText {#text} at (0,1680) size 149x15
                      text run at (0,1680) width 149: "With Arithmetic Operators"
                  RenderText {#text} at (148,1680) size 5x15
                    text run at (148,1680) width 5: " "
                  RenderBR {BR} at (152,1692) size 1x0
                  RenderInline {A} at (0,0) size 130x15 [color=#0000EE]
                    RenderText {#text} at (0,1696) size 130x15
                      text run at (0,1696) width 130: "Two Integer Operands"
                  RenderText {#text} at (129,1696) size 4x15
                    text run at (129,1696) width 4: " "
                  RenderBR {BR} at (132,1708) size 1x0
                  RenderInline {A} at (0,0) size 178x15 [color=#0000EE]
                    RenderText {#text} at (0,1712) size 178x15
                      text run at (0,1712) width 178: "Integer and Decimal Operands"
                  RenderText {#text} at (177,1712) size 4x15
                    text run at (177,1712) width 4: " "
                  RenderBR {BR} at (180,1724) size 1x0
                  RenderInline {A} at (0,0) size 136x15 [color=#0000EE]
                    RenderText {#text} at (0,1728) size 136x15
                      text run at (0,1728) width 136: "Two Decimal Operands"
                  RenderText {#text} at (135,1728) size 5x15
                    text run at (135,1728) width 5: " "
                  RenderBR {BR} at (139,1740) size 1x0
                  RenderInline {A} at (0,0) size 152x15 [color=#0000EE]
                    RenderText {#text} at (0,1744) size 152x15
                      text run at (0,1744) width 152: "Decimal Arithmetic in SQL"
                  RenderText {#text} at (151,1744) size 5x15
                    text run at (151,1744) width 5: " "
                  RenderBR {BR} at (155,1756) size 1x0
                  RenderInline {A} at (0,0) size 141x15 [color=#0000EE]
                    RenderText {#text} at (0,1760) size 141x15
                      text run at (0,1760) width 141: "Floating-Point Operands"
                  RenderText {#text} at (140,1760) size 5x15
                    text run at (140,1760) width 5: " "
                  RenderBR {BR} at (144,1772) size 1x0
                  RenderInline {A} at (0,0) size 192x15 [color=#0000EE]
                    RenderText {#text} at (0,1776) size 192x15
                      text run at (0,1776) width 192: "User-defined Types as Operands"
                  RenderText {#text} at (191,1776) size 5x15
                    text run at (191,1776) width 5: " "
                  RenderBR {BR} at (195,1788) size 1x0
                  RenderInline {A} at (0,0) size 96x15 [color=#0000EE]
                    RenderText {#text} at (0,1792) size 96x15
                      text run at (0,1792) width 96: "Scalar Fullselect"
                  RenderText {#text} at (95,1792) size 4x15
                    text run at (95,1792) width 4: " "
                  RenderBR {BR} at (98,1804) size 1x0
                  RenderInline {A} at (0,0) size 204x15 [color=#0000EE]
                    RenderText {#text} at (0,1808) size 204x15
                      text run at (0,1808) width 204: "Datetime Operations and Durations"
                  RenderText {#text} at (203,1808) size 5x15
                    text run at (203,1808) width 5: " "
                  RenderBR {BR} at (207,1820) size 1x0
                  RenderInline {A} at (0,0) size 157x15 [color=#0000EE]
                    RenderText {#text} at (0,1824) size 157x15
                      text run at (0,1824) width 157: "Datetime Arithmetic in SQL"
                  RenderText {#text} at (156,1824) size 5x15
                    text run at (156,1824) width 5: " "
                  RenderBR {BR} at (160,1836) size 1x0
                  RenderInline {A} at (0,0) size 152x15 [color=#0000EE]
                    RenderText {#text} at (0,1840) size 152x15
                      text run at (0,1840) width 152: "Precedence of Operations"
                  RenderText {#text} at (151,1840) size 4x15
                    text run at (151,1840) width 4: " "
                  RenderBR {BR} at (154,1852) size 1x0
                  RenderInline {A} at (0,0) size 110x15 [color=#0000EE]
                    RenderText {#text} at (0,1856) size 110x15
                      text run at (0,1856) width 110: "CASE Expressions"
                  RenderText {#text} at (109,1856) size 5x15
                    text run at (109,1856) width 5: " "
                  RenderBR {BR} at (113,1868) size 1x0
                  RenderInline {A} at (0,0) size 119x15 [color=#0000EE]
                    RenderText {#text} at (0,1872) size 119x15
                      text run at (0,1872) width 119: "CAST Specifications"
                  RenderText {#text} at (118,1872) size 5x15
                    text run at (118,1872) width 5: " "
                  RenderBR {BR} at (122,1884) size 1x0
                  RenderInline {A} at (0,0) size 139x15 [color=#0000EE]
                    RenderText {#text} at (0,1888) size 139x15
                      text run at (0,1888) width 139: "Dereference Operations"
                  RenderText {#text} at (138,1888) size 5x15
                    text run at (138,1888) width 5: " "
                  RenderBR {BR} at (142,1900) size 1x0
                  RenderInline {A} at (0,0) size 95x15 [color=#0000EE]
                    RenderText {#text} at (0,1904) size 95x15
                      text run at (0,1904) width 95: "OLAP Functions"
                  RenderText {#text} at (94,1904) size 5x15
                    text run at (94,1904) width 5: " "
                  RenderBR {BR} at (98,1916) size 1x0
                  RenderInline {A} at (0,0) size 107x15 [color=#0000EE]
                    RenderText {#text} at (0,1920) size 107x15
                      text run at (0,1920) width 107: "Method Invocation"
                  RenderText {#text} at (106,1920) size 4x15
                    text run at (106,1920) width 4: " "
                  RenderBR {BR} at (109,1932) size 1x0
                  RenderInline {A} at (0,0) size 111x15 [color=#0000EE]
                    RenderText {#text} at (0,1936) size 111x15
                      text run at (0,1936) width 111: "Subtype Treatment"
                  RenderText {#text} at (110,1936) size 5x15
                    text run at (110,1936) width 5: " "
                  RenderBR {BR} at (114,1948) size 1x0
                  RenderInline {A} at (0,0) size 62x15 [color=#0000EE]
                    RenderText {#text} at (0,1952) size 62x15
                      text run at (0,1952) width 62: "Predicates"
                  RenderText {#text} at (61,1952) size 5x15
                    text run at (61,1952) width 5: " "
                  RenderBR {BR} at (65,1964) size 1x0
                  RenderInline {A} at (0,0) size 91x15 [color=#0000EE]
                    RenderText {#text} at (0,1968) size 91x15
                      text run at (0,1968) width 91: "Basic Predicate"
                  RenderText {#text} at (90,1968) size 4x15
                    text run at (90,1968) width 4: " "
                  RenderBR {BR} at (93,1980) size 1x0
                  RenderInline {A} at (0,0) size 118x15 [color=#0000EE]
                    RenderText {#text} at (0,1984) size 118x15
                      text run at (0,1984) width 118: "Quantified Predicate"
                  RenderText {#text} at (117,1984) size 5x15
                    text run at (117,1984) width 5: " "
                  RenderBR {BR} at (121,1996) size 1x0
                  RenderInline {A} at (0,0) size 123x15 [color=#0000EE]
                    RenderText {#text} at (0,2000) size 123x15
                      text run at (0,2000) width 123: "BETWEEN Predicate"
                  RenderText {#text} at (122,2000) size 5x15
                    text run at (122,2000) width 5: " "
                  RenderBR {BR} at (126,2012) size 1x0
                  RenderInline {A} at (0,0) size 105x15 [color=#0000EE]
                    RenderText {#text} at (0,2016) size 105x15
                      text run at (0,2016) width 105: "EXISTS Predicate"
                  RenderText {#text} at (104,2016) size 5x15
                    text run at (104,2016) width 5: " "
                  RenderBR {BR} at (108,2028) size 1x0
                  RenderInline {A} at (0,0) size 72x15 [color=#0000EE]
                    RenderText {#text} at (0,2032) size 72x15
                      text run at (0,2032) width 72: "IN Predicate"
                  RenderText {#text} at (71,2032) size 5x15
                    text run at (71,2032) width 5: " "
                  RenderBR {BR} at (75,2044) size 1x0
                  RenderInline {A} at (0,0) size 87x15 [color=#0000EE]
                    RenderText {#text} at (0,2048) size 87x15
                      text run at (0,2048) width 87: "LIKE Predicate"
                  RenderText {#text} at (86,2048) size 5x15
                    text run at (86,2048) width 5: " "
                  RenderBR {BR} at (90,2060) size 1x0
                  RenderInline {A} at (0,0) size 92x15 [color=#0000EE]
                    RenderText {#text} at (0,2064) size 92x15
                      text run at (0,2064) width 92: "NULL Predicate"
                  RenderText {#text} at (91,2064) size 5x15
                    text run at (91,2064) width 5: " "
                  RenderBR {BR} at (95,2076) size 1x0
                  RenderInline {A} at (0,0) size 93x15 [color=#0000EE]
                    RenderText {#text} at (0,2080) size 93x15
                      text run at (0,2080) width 93: "TYPE Predicate"
                  RenderText {#text} at (92,2080) size 5x15
                    text run at (92,2080) width 5: " "
                  RenderBR {BR} at (96,2092) size 1x0
                  RenderInline {A} at (0,0) size 107x15 [color=#0000EE]
                    RenderText {#text} at (0,2096) size 107x15
                      text run at (0,2096) width 107: "Search Conditions"
                  RenderText {#text} at (106,2096) size 4x15
                    text run at (106,2096) width 4: " "
                  RenderBR {BR} at (109,2108) size 1x0
                  RenderInline {A} at (0,0) size 58x15 [color=#0000EE]
                    RenderText {#text} at (0,2112) size 58x15
                      text run at (0,2112) width 58: "Examples"
                  RenderText {#text} at (0,0) size 0x0
                RenderBlock {P} at (0,3424) size 708x2065
                  RenderInline {B} at (0,0) size 63x15
                    RenderInline {A} at (0,0) size 63x15 [color=#0000EE]
                      RenderText {#text} at (0,0) size 63x15
                        text run at (0,0) width 63: "Functions"
                  RenderBR {BR} at (62,12) size 1x0
                  RenderBR {BR} at (0,16) size 0x15
                  RenderInline {A} at (0,0) size 105x15 [color=#0000EE]
                    RenderText {#text} at (0,32) size 105x15
                      text run at (0,32) width 105: "Column Functions"
                  RenderText {#text} at (104,32) size 5x15
                    text run at (104,32) width 5: " "
                  RenderBR {BR} at (108,44) size 1x0
                  RenderInline {A} at (0,0) size 28x15 [color=#0000EE]
                    RenderText {#text} at (0,48) size 28x15
                      text run at (0,48) width 28: "AVG"
                  RenderText {#text} at (27,48) size 5x15
                    text run at (27,48) width 5: " "
                  RenderBR {BR} at (31,60) size 1x0
                  RenderInline {A} at (0,0) size 94x15 [color=#0000EE]
                    RenderText {#text} at (0,64) size 94x15
                      text run at (0,64) width 94: "CORRELATION"
                  RenderText {#text} at (93,64) size 5x15
                    text run at (93,64) width 5: " "
                  RenderBR {BR} at (97,76) size 1x0
                  RenderInline {A} at (0,0) size 47x15 [color=#0000EE]
                    RenderText {#text} at (0,80) size 47x15
                      text run at (0,80) width 47: "COUNT"
                  RenderText {#text} at (46,80) size 4x15
                    text run at (46,80) width 4: " "
                  RenderBR {BR} at (49,92) size 1x0
                  RenderInline {A} at (0,0) size 76x15 [color=#0000EE]
                    RenderText {#text} at (0,96) size 76x15
                      text run at (0,96) width 76: "COUNT_BIG"
                  RenderText {#text} at (75,96) size 5x15
                    text run at (75,96) width 5: " "
                  RenderBR {BR} at (79,108) size 1x0
                  RenderInline {A} at (0,0) size 86x15 [color=#0000EE]
                    RenderText {#text} at (0,112) size 86x15
                      text run at (0,112) width 86: "COVARIANCE"
                  RenderText {#text} at (85,112) size 5x15
                    text run at (85,112) width 5: " "
                  RenderBR {BR} at (89,124) size 1x0
                  RenderInline {A} at (0,0) size 71x15 [color=#0000EE]
                    RenderText {#text} at (0,128) size 71x15
                      text run at (0,128) width 71: "GROUPING"
                  RenderText {#text} at (70,128) size 5x15
                    text run at (70,128) width 5: " "
                  RenderBR {BR} at (74,140) size 1x0
                  RenderInline {A} at (0,0) size 29x15 [color=#0000EE]
                    RenderText {#text} at (0,144) size 29x15
                      text run at (0,144) width 29: "MAX"
                  RenderText {#text} at (28,144) size 4x15
                    text run at (28,144) width 4: " "
                  RenderBR {BR} at (31,156) size 1x0
                  RenderInline {A} at (0,0) size 24x15 [color=#0000EE]
                    RenderText {#text} at (0,160) size 24x15
                      text run at (0,160) width 24: "MIN"
                  RenderText {#text} at (23,160) size 5x15
                    text run at (23,160) width 5: " "
                  RenderBR {BR} at (27,172) size 1x0
                  RenderInline {A} at (0,0) size 147x15 [color=#0000EE]
                    RenderText {#text} at (0,176) size 147x15
                      text run at (0,176) width 147: "REGRESSION Functions"
                  RenderText {#text} at (146,176) size 5x15
                    text run at (146,176) width 5: " "
                  RenderBR {BR} at (150,188) size 1x0
                  RenderInline {A} at (0,0) size 53x15 [color=#0000EE]
                    RenderText {#text} at (0,192) size 53x15
                      text run at (0,192) width 53: "STDDEV"
                  RenderText {#text} at (52,192) size 5x15
                    text run at (52,192) width 5: " "
                  RenderBR {BR} at (56,204) size 1x0
                  RenderInline {A} at (0,0) size 29x15 [color=#0000EE]
                    RenderText {#text} at (0,208) size 29x15
                      text run at (0,208) width 29: "SUM"
                  RenderText {#text} at (28,208) size 5x15
                    text run at (28,208) width 5: " "
                  RenderBR {BR} at (32,220) size 1x0
                  RenderInline {A} at (0,0) size 67x15 [color=#0000EE]
                    RenderText {#text} at (0,224) size 67x15
                      text run at (0,224) width 67: "VARIANCE"
                  RenderText {#text} at (66,224) size 5x15
                    text run at (66,224) width 5: " "
                  RenderBR {BR} at (70,236) size 1x0
                  RenderInline {A} at (0,0) size 97x15 [color=#0000EE]
                    RenderText {#text} at (0,240) size 97x15
                      text run at (0,240) width 97: "Scalar Functions"
                  RenderText {#text} at (96,240) size 5x15
                    text run at (96,240) width 5: " "
                  RenderBR {BR} at (100,252) size 1x0
                  RenderInline {A} at (0,0) size 96x15 [color=#0000EE]
                    RenderText {#text} at (0,256) size 96x15
                      text run at (0,256) width 96: "ABS or ABSVAL"
                  RenderText {#text} at (95,256) size 4x15
                    text run at (95,256) width 4: " "
                  RenderBR {BR} at (98,268) size 1x0
                  RenderInline {A} at (0,0) size 37x15 [color=#0000EE]
                    RenderText {#text} at (0,272) size 37x15
                      text run at (0,272) width 37: "ACOS"
                  RenderText {#text} at (36,272) size 5x15
                    text run at (36,272) width 5: " "
                  RenderBR {BR} at (40,284) size 1x0
                  RenderInline {A} at (0,0) size 34x15 [color=#0000EE]
                    RenderText {#text} at (0,288) size 34x15
                      text run at (0,288) width 34: "ASCII"
                  RenderText {#text} at (33,288) size 5x15
                    text run at (33,288) width 5: " "
                  RenderBR {BR} at (37,300) size 1x0
                  RenderInline {A} at (0,0) size 31x15 [color=#0000EE]
                    RenderText {#text} at (0,304) size 31x15
                      text run at (0,304) width 31: "ASIN"
                  RenderText {#text} at (30,304) size 4x15
                    text run at (30,304) width 4: " "
                  RenderBR {BR} at (33,316) size 1x0
                  RenderInline {A} at (0,0) size 35x15 [color=#0000EE]
                    RenderText {#text} at (0,320) size 35x15
                      text run at (0,320) width 35: "ATAN"
                  RenderText {#text} at (34,320) size 5x15
                    text run at (34,320) width 5: " "
                  RenderBR {BR} at (38,332) size 1x0
                  RenderInline {A} at (0,0) size 42x15 [color=#0000EE]
                    RenderText {#text} at (0,336) size 42x15
                      text run at (0,336) width 42: "ATAN2"
                  RenderText {#text} at (41,336) size 5x15
                    text run at (41,336) width 5: " "
                  RenderBR {BR} at (45,348) size 1x0
                  RenderInline {A} at (0,0) size 44x15 [color=#0000EE]
                    RenderText {#text} at (0,352) size 44x15
                      text run at (0,352) width 44: "BIGINT"
                  RenderText {#text} at (43,352) size 4x15
                    text run at (43,352) width 4: " "
                  RenderBR {BR} at (46,364) size 1x0
                  RenderInline {A} at (0,0) size 35x15 [color=#0000EE]
                    RenderText {#text} at (0,368) size 35x15
                      text run at (0,368) width 35: "BLOB"
                  RenderText {#text} at (34,368) size 5x15
                    text run at (34,368) width 5: " "
                  RenderBR {BR} at (38,380) size 1x0
                  RenderInline {A} at (0,0) size 100x15 [color=#0000EE]
                    RenderText {#text} at (0,384) size 100x15
                      text run at (0,384) width 100: "CEILING or CEIL"
                  RenderText {#text} at (99,384) size 5x15
                    text run at (99,384) width 5: " "
                  RenderBR {BR} at (103,396) size 1x0
                  RenderInline {A} at (0,0) size 37x15 [color=#0000EE]
                    RenderText {#text} at (0,400) size 37x15
                      text run at (0,400) width 37: "CHAR"
                  RenderText {#text} at (36,400) size 5x15
                    text run at (36,400) width 5: " "
                  RenderBR {BR} at (40,412) size 1x0
                  RenderInline {A} at (0,0) size 29x15 [color=#0000EE]
                    RenderText {#text} at (0,416) size 29x15
                      text run at (0,416) width 29: "CHR"
                  RenderText {#text} at (28,416) size 4x15
                    text run at (28,416) width 4: " "
                  RenderBR {BR} at (31,428) size 1x0
                  RenderInline {A} at (0,0) size 36x15 [color=#0000EE]
                    RenderText {#text} at (0,432) size 36x15
                      text run at (0,432) width 36: "CLOB"
                  RenderText {#text} at (35,432) size 5x15
                    text run at (35,432) width 5: " "
                  RenderBR {BR} at (39,444) size 1x0
                  RenderInline {A} at (0,0) size 71x15 [color=#0000EE]
                    RenderText {#text} at (0,448) size 71x15
                      text run at (0,448) width 71: "COALESCE"
                  RenderText {#text} at (70,448) size 5x15
                    text run at (70,448) width 5: " "
                  RenderBR {BR} at (74,460) size 1x0
                  RenderInline {A} at (0,0) size 55x15 [color=#0000EE]
                    RenderText {#text} at (0,464) size 55x15
                      text run at (0,464) width 55: "CONCAT"
                  RenderText {#text} at (54,464) size 5x15
                    text run at (54,464) width 5: " "
                  RenderBR {BR} at (58,476) size 1x0
                  RenderInline {A} at (0,0) size 29x15 [color=#0000EE]
                    RenderText {#text} at (0,480) size 29x15
                      text run at (0,480) width 29: "COS"
                  RenderText {#text} at (28,480) size 4x15
                    text run at (28,480) width 4: " "
                  RenderBR {BR} at (31,492) size 1x0
                  RenderInline {A} at (0,0) size 28x15 [color=#0000EE]
                    RenderText {#text} at (0,496) size 28x15
                      text run at (0,496) width 28: "COT"
                  RenderText {#text} at (27,496) size 5x15
                    text run at (27,496) width 5: " "
                  RenderBR {BR} at (31,508) size 1x0
                  RenderInline {A} at (0,0) size 35x15 [color=#0000EE]
                    RenderText {#text} at (0,512) size 35x15
                      text run at (0,512) width 35: "DATE"
                  RenderText {#text} at (34,512) size 5x15
                    text run at (34,512) width 5: " "
                  RenderBR {BR} at (38,524) size 1x0
                  RenderInline {A} at (0,0) size 27x15 [color=#0000EE]
                    RenderText {#text} at (0,528) size 27x15
                      text run at (0,528) width 27: "DAY"
                  RenderText {#text} at (26,528) size 5x15
                    text run at (26,528) width 5: " "
                  RenderBR {BR} at (30,540) size 1x0
                  RenderInline {A} at (0,0) size 65x15 [color=#0000EE]
                    RenderText {#text} at (0,544) size 65x15
                      text run at (0,544) width 65: "DAYNAME"
                  RenderText {#text} at (64,544) size 4x15
                    text run at (64,544) width 4: " "
                  RenderBR {BR} at (67,556) size 1x0
                  RenderInline {A} at (0,0) size 84x15 [color=#0000EE]
                    RenderText {#text} at (0,560) size 84x15
                      text run at (0,560) width 84: "DAYOFWEEK"
                  RenderText {#text} at (83,560) size 4x15
                    text run at (83,560) width 4: " "
                  RenderBR {BR} at (86,572) size 1x0
                  RenderInline {A} at (0,0) size 113x15 [color=#0000EE]
                    RenderText {#text} at (0,576) size 113x15
                      text run at (0,576) width 113: "DAYOFWEEK_ISO"
                  RenderText {#text} at (112,576) size 5x15
                    text run at (112,576) width 5: " "
                  RenderBR {BR} at (116,588) size 1x0
                  RenderInline {A} at (0,0) size 81x15 [color=#0000EE]
                    RenderText {#text} at (0,592) size 81x15
                      text run at (0,592) width 81: "DAYOFYEAR"
                  RenderText {#text} at (80,592) size 4x15
                    text run at (80,592) width 4: " "
                  RenderBR {BR} at (83,604) size 1x0
                  RenderInline {A} at (0,0) size 36x15 [color=#0000EE]
                    RenderText {#text} at (0,608) size 36x15
                      text run at (0,608) width 36: "DAYS"
                  RenderText {#text} at (35,608) size 5x15
                    text run at (35,608) width 5: " "
                  RenderBR {BR} at (39,620) size 1x0
                  RenderInline {A} at (0,0) size 54x15 [color=#0000EE]
                    RenderText {#text} at (0,624) size 54x15
                      text run at (0,624) width 54: "DBCLOB"
                  RenderText {#text} at (53,624) size 5x15
                    text run at (53,624) width 5: " "
                  RenderBR {BR} at (57,636) size 1x0
                  RenderInline {A} at (0,0) size 58x15 [color=#0000EE]
                    RenderText {#text} at (0,640) size 58x15
                      text run at (0,640) width 58: "DECIMAL"
                  RenderText {#text} at (57,640) size 5x15
                    text run at (57,640) width 5: " "
                  RenderBR {BR} at (61,652) size 1x0
                  RenderInline {A} at (0,0) size 64x15 [color=#0000EE]
                    RenderText {#text} at (0,656) size 64x15
                      text run at (0,656) width 64: "DEGREES"
                  RenderText {#text} at (63,656) size 5x15
                    text run at (63,656) width 5: " "
                  RenderBR {BR} at (67,668) size 1x0
                  RenderInline {A} at (0,0) size 45x15 [color=#0000EE]
                    RenderText {#text} at (0,672) size 45x15
                      text run at (0,672) width 45: "DEREF"
                  RenderText {#text} at (44,672) size 4x15
                    text run at (44,672) width 4: " "
                  RenderBR {BR} at (47,684) size 1x0
                  RenderInline {A} at (0,0) size 84x15 [color=#0000EE]
                    RenderText {#text} at (0,688) size 84x15
                      text run at (0,688) width 84: "DIFFERENCE"
                  RenderText {#text} at (83,688) size 4x15
                    text run at (83,688) width 4: " "
                  RenderBR {BR} at (86,700) size 1x0
                  RenderInline {A} at (0,0) size 44x15 [color=#0000EE]
                    RenderText {#text} at (0,704) size 44x15
                      text run at (0,704) width 44: "DIGITS"
                  RenderText {#text} at (43,704) size 4x15
                    text run at (43,704) width 4: " "
                  RenderBR {BR} at (46,716) size 1x0
                  RenderInline {A} at (0,0) size 84x15 [color=#0000EE]
                    RenderText {#text} at (0,720) size 84x15
                      text run at (0,720) width 84: "DLCOMMENT"
                  RenderText {#text} at (83,720) size 5x15
                    text run at (83,720) width 5: " "
                  RenderBR {BR} at (87,732) size 1x0
                  RenderInline {A} at (0,0) size 80x15 [color=#0000EE]
                    RenderText {#text} at (0,736) size 80x15
                      text run at (0,736) width 80: "DLLINKTYPE"
                  RenderText {#text} at (79,736) size 5x15
                    text run at (79,736) width 5: " "
                  RenderBR {BR} at (83,748) size 1x0
                  RenderInline {A} at (0,0) size 115x15 [color=#0000EE]
                    RenderText {#text} at (0,752) size 115x15
                      text run at (0,752) width 115: "DLURLCOMPLETE"
                  RenderText {#text} at (114,752) size 4x15
                    text run at (114,752) width 4: " "
                  RenderBR {BR} at (117,764) size 1x0
                  RenderInline {A} at (0,0) size 78x15 [color=#0000EE]
                    RenderText {#text} at (0,768) size 78x15
                      text run at (0,768) width 78: "DLURLPATH"
                  RenderText {#text} at (77,768) size 4x15
                    text run at (77,768) width 4: " "
                  RenderBR {BR} at (80,780) size 1x0
                  RenderInline {A} at (0,0) size 113x15 [color=#0000EE]
                    RenderText {#text} at (0,784) size 113x15
                      text run at (0,784) width 113: "DLURLPATHONLY"
                  RenderText {#text} at (112,784) size 5x15
                    text run at (112,784) width 5: " "
                  RenderBR {BR} at (116,796) size 1x0
                  RenderInline {A} at (0,0) size 99x15 [color=#0000EE]
                    RenderText {#text} at (0,800) size 99x15
                      text run at (0,800) width 99: "DLURLSCHEME"
                  RenderText {#text} at (98,800) size 4x15
                    text run at (98,800) width 4: " "
                  RenderBR {BR} at (101,812) size 1x0
                  RenderInline {A} at (0,0) size 97x15 [color=#0000EE]
                    RenderText {#text} at (0,816) size 97x15
                      text run at (0,816) width 97: "DLURLSERVER"
                  RenderText {#text} at (96,816) size 4x15
                    text run at (96,816) width 4: " "
                  RenderBR {BR} at (99,828) size 1x0
                  RenderInline {A} at (0,0) size 60x15 [color=#0000EE]
                    RenderText {#text} at (0,832) size 60x15
                      text run at (0,832) width 60: "DLVALUE"
                  RenderText {#text} at (59,832) size 4x15
                    text run at (59,832) width 4: " "
                  RenderBR {BR} at (62,844) size 1x0
                  RenderInline {A} at (0,0) size 54x15 [color=#0000EE]
                    RenderText {#text} at (0,848) size 54x15
                      text run at (0,848) width 54: "DOUBLE"
                  RenderText {#text} at (53,848) size 5x15
                    text run at (53,848) width 5: " "
                  RenderBR {BR} at (57,860) size 1x0
                  RenderInline {A} at (0,0) size 131x15 [color=#0000EE]
                    RenderText {#text} at (0,864) size 131x15
                      text run at (0,864) width 131: "EVENT_MON_STATE"
                  RenderText {#text} at (130,864) size 4x15
                    text run at (130,864) width 4: " "
                  RenderBR {BR} at (133,876) size 1x0
                  RenderInline {A} at (0,0) size 27x15 [color=#0000EE]
                    RenderText {#text} at (0,880) size 27x15
                      text run at (0,880) width 27: "EXP"
                  RenderText {#text} at (26,880) size 4x15
                    text run at (26,880) width 4: " "
                  RenderBR {BR} at (29,892) size 1x0
                  RenderInline {A} at (0,0) size 42x15 [color=#0000EE]
                    RenderText {#text} at (0,896) size 42x15
                      text run at (0,896) width 42: "FLOAT"
                  RenderText {#text} at (41,896) size 5x15
                    text run at (41,896) width 5: " "
                  RenderBR {BR} at (45,908) size 1x0
                  RenderInline {A} at (0,0) size 45x15 [color=#0000EE]
                    RenderText {#text} at (0,912) size 45x15
                      text run at (0,912) width 45: "FLOOR"
                  RenderText {#text} at (44,912) size 5x15
                    text run at (44,912) width 5: " "
                  RenderBR {BR} at (48,924) size 1x0
                  RenderInline {A} at (0,0) size 130x15 [color=#0000EE]
                    RenderText {#text} at (0,928) size 130x15
                      text run at (0,928) width 130: "GENERATE_UNIQUE"
                  RenderText {#text} at (129,928) size 4x15
                    text run at (129,928) width 4: " "
                  RenderBR {BR} at (132,940) size 1x0
                  RenderInline {A} at (0,0) size 60x15 [color=#0000EE]
                    RenderText {#text} at (0,944) size 60x15
                      text run at (0,944) width 60: "GRAPHIC"
                  RenderText {#text} at (59,944) size 4x15
                    text run at (59,944) width 4: " "
                  RenderBR {BR} at (62,956) size 1x0
                  RenderInline {A} at (0,0) size 27x15 [color=#0000EE]
                    RenderText {#text} at (0,960) size 27x15
                      text run at (0,960) width 27: "HEX"
                  RenderText {#text} at (26,960) size 5x15
                    text run at (26,960) width 5: " "
                  RenderBR {BR} at (30,972) size 1x0
                  RenderInline {A} at (0,0) size 39x15 [color=#0000EE]
                    RenderText {#text} at (0,976) size 39x15
                      text run at (0,976) width 39: "HOUR"
                  RenderText {#text} at (38,976) size 4x15
                    text run at (38,976) width 4: " "
                  RenderBR {BR} at (41,988) size 1x0
                  RenderInline {A} at (0,0) size 48x15 [color=#0000EE]
                    RenderText {#text} at (0,992) size 48x15
                      text run at (0,992) width 48: "INSERT"
                  RenderText {#text} at (47,992) size 5x15
                    text run at (47,992) width 5: " "
                  RenderBR {BR} at (51,1004) size 1x0
                  RenderInline {A} at (0,0) size 58x15 [color=#0000EE]
                    RenderText {#text} at (0,1008) size 58x15
                      text run at (0,1008) width 58: "INTEGER"
                  RenderText {#text} at (57,1008) size 5x15
                    text run at (57,1008) width 5: " "
                  RenderBR {BR} at (61,1020) size 1x0
                  RenderInline {A} at (0,0) size 79x15 [color=#0000EE]
                    RenderText {#text} at (0,1024) size 79x15
                      text run at (0,1024) width 79: "JULIAN_DAY"
                  RenderText {#text} at (78,1024) size 5x15
                    text run at (78,1024) width 5: " "
                  RenderBR {BR} at (82,1036) size 1x0
                  RenderInline {A} at (0,0) size 110x15 [color=#0000EE]
                    RenderText {#text} at (0,1040) size 110x15
                      text run at (0,1040) width 110: "LCASE or LOWER"
                  RenderText {#text} at (109,1040) size 4x15
                    text run at (109,1040) width 4: " "
                  RenderBR {BR} at (112,1052) size 1x0
                  RenderInline {A} at (0,0) size 157x15 [color=#0000EE]
                    RenderText {#text} at (0,1056) size 157x15
                      text run at (0,1056) width 157: "LCASE (SYSFUN schema)"
                  RenderText {#text} at (156,1056) size 5x15
                    text run at (156,1056) width 5: " "
                  RenderBR {BR} at (160,1068) size 1x0
                  RenderInline {A} at (0,0) size 32x15 [color=#0000EE]
                    RenderText {#text} at (0,1072) size 32x15
                      text run at (0,1072) width 32: "LEFT"
                  RenderText {#text} at (31,1072) size 5x15
                    text run at (31,1072) width 5: " "
                  RenderBR {BR} at (35,1084) size 1x0
                  RenderInline {A} at (0,0) size 53x15 [color=#0000EE]
                    RenderText {#text} at (0,1088) size 53x15
                      text run at (0,1088) width 53: "LENGTH"
                  RenderText {#text} at (52,1088) size 5x15
                    text run at (52,1088) width 5: " "
                  RenderBR {BR} at (56,1100) size 1x0
                  RenderInline {A} at (0,0) size 17x15 [color=#0000EE]
                    RenderText {#text} at (0,1104) size 17x15
                      text run at (0,1104) width 17: "LN"
                  RenderText {#text} at (16,1104) size 5x15
                    text run at (16,1104) width 5: " "
                  RenderBR {BR} at (20,1116) size 1x0
                  RenderInline {A} at (0,0) size 53x15 [color=#0000EE]
                    RenderText {#text} at (0,1120) size 53x15
                      text run at (0,1120) width 53: "LOCATE"
                  RenderText {#text} at (52,1120) size 4x15
                    text run at (52,1120) width 4: " "
                  RenderBR {BR} at (55,1132) size 1x0
                  RenderInline {A} at (0,0) size 28x15 [color=#0000EE]
                    RenderText {#text} at (0,1136) size 28x15
                      text run at (0,1136) width 28: "LOG"
                  RenderText {#text} at (27,1136) size 5x15
                    text run at (27,1136) width 5: " "
                  RenderBR {BR} at (31,1148) size 1x0
                  RenderInline {A} at (0,0) size 42x15 [color=#0000EE]
                    RenderText {#text} at (0,1152) size 42x15
                      text run at (0,1152) width 42: "LOG10"
                  RenderText {#text} at (41,1152) size 5x15
                    text run at (41,1152) width 5: " "
                  RenderBR {BR} at (45,1164) size 1x0
                  RenderInline {A} at (0,0) size 108x15 [color=#0000EE]
                    RenderText {#text} at (0,1168) size 108x15
                      text run at (0,1168) width 108: "LONG_VARCHAR"
                  RenderText {#text} at (107,1168) size 5x15
                    text run at (107,1168) width 5: " "
                  RenderBR {BR} at (111,1180) size 1x0
                  RenderInline {A} at (0,0) size 131x15 [color=#0000EE]
                    RenderText {#text} at (0,1184) size 131x15
                      text run at (0,1184) width 131: "LONG_VARGRAPHIC"
                  RenderText {#text} at (130,1184) size 4x15
                    text run at (130,1184) width 4: " "
                  RenderBR {BR} at (133,1196) size 1x0
                  RenderInline {A} at (0,0) size 39x15 [color=#0000EE]
                    RenderText {#text} at (0,1200) size 39x15
                      text run at (0,1200) width 39: "LTRIM"
                  RenderText {#text} at (39,1200) size 4x15
                    text run at (39,1200) width 4: " "
                  RenderBR {BR} at (42,1212) size 1x0
                  RenderInline {A} at (0,0) size 154x15 [color=#0000EE]
                    RenderText {#text} at (0,1216) size 154x15
                      text run at (0,1216) width 154: "LTRIM (SYSFUN schema)"
                  RenderText {#text} at (153,1216) size 4x15
                    text run at (153,1216) width 4: " "
                  RenderBR {BR} at (156,1228) size 1x0
                  RenderInline {A} at (0,0) size 99x15 [color=#0000EE]
                    RenderText {#text} at (0,1232) size 99x15
                      text run at (0,1232) width 99: "MICROSECOND"
                  RenderText {#text} at (98,1232) size 5x15
                    text run at (98,1232) width 5: " "
                  RenderBR {BR} at (102,1244) size 1x0
                  RenderInline {A} at (0,0) size 136x15 [color=#0000EE]
                    RenderText {#text} at (0,1248) size 136x15
                      text run at (0,1248) width 136: "MIDNIGHT_SECONDS"
                  RenderText {#text} at (135,1248) size 5x15
                    text run at (135,1248) width 5: " "
                  RenderBR {BR} at (139,1260) size 1x0
                  RenderInline {A} at (0,0) size 50x15 [color=#0000EE]
                    RenderText {#text} at (0,1264) size 50x15
                      text run at (0,1264) width 50: "MINUTE"
                  RenderText {#text} at (49,1264) size 5x15
                    text run at (49,1264) width 5: " "
                  RenderBR {BR} at (53,1276) size 1x0
                  RenderInline {A} at (0,0) size 31x15 [color=#0000EE]
                    RenderText {#text} at (0,1280) size 31x15
                      text run at (0,1280) width 31: "MOD"
                  RenderText {#text} at (30,1280) size 4x15
                    text run at (30,1280) width 4: " "
                  RenderBR {BR} at (33,1292) size 1x0
                  RenderInline {A} at (0,0) size 48x15 [color=#0000EE]
                    RenderText {#text} at (0,1296) size 48x15
                      text run at (0,1296) width 48: "MONTH"
                  RenderText {#text} at (47,1296) size 5x15
                    text run at (47,1296) width 5: " "
                  RenderBR {BR} at (51,1308) size 1x0
                  RenderInline {A} at (0,0) size 86x15 [color=#0000EE]
                    RenderText {#text} at (0,1312) size 86x15
                      text run at (0,1312) width 86: "MONTHNAME"
                  RenderText {#text} at (85,1312) size 4x15
                    text run at (85,1312) width 4: " "
                  RenderBR {BR} at (88,1324) size 1x0
                  RenderInline {A} at (0,0) size 94x15 [color=#0000EE]
                    RenderText {#text} at (0,1328) size 94x15
                      text run at (0,1328) width 94: "NODENUMBER"
                  RenderText {#text} at (93,1328) size 5x15
                    text run at (93,1328) width 5: " "
                  RenderBR {BR} at (97,1340) size 1x0
                  RenderInline {A} at (0,0) size 45x15 [color=#0000EE]
                    RenderText {#text} at (0,1344) size 45x15
                      text run at (0,1344) width 45: "NULLIF"
                  RenderText {#text} at (44,1344) size 5x15
                    text run at (44,1344) width 5: " "
                  RenderBR {BR} at (48,1356) size 1x0
                  RenderInline {A} at (0,0) size 70x15 [color=#0000EE]
                    RenderText {#text} at (0,1360) size 70x15
                      text run at (0,1360) width 70: "PARTITION"
                  RenderText {#text} at (69,1360) size 4x15
                    text run at (69,1360) width 4: " "
                  RenderBR {BR} at (72,1372) size 1x0
                  RenderInline {A} at (0,0) size 54x15 [color=#0000EE]
                    RenderText {#text} at (0,1376) size 54x15
                      text run at (0,1376) width 54: "POSSTR"
                  RenderText {#text} at (53,1376) size 5x15
                    text run at (53,1376) width 5: " "
                  RenderBR {BR} at (57,1388) size 1x0
                  RenderInline {A} at (0,0) size 50x15 [color=#0000EE]
                    RenderText {#text} at (0,1392) size 50x15
                      text run at (0,1392) width 50: "POWER"
                  RenderText {#text} at (49,1392) size 4x15
                    text run at (49,1392) width 4: " "
                  RenderBR {BR} at (52,1404) size 1x0
                  RenderInline {A} at (0,0) size 64x15 [color=#0000EE]
                    RenderText {#text} at (0,1408) size 64x15
                      text run at (0,1408) width 64: "QUARTER"
                  RenderText {#text} at (63,1408) size 5x15
                    text run at (63,1408) width 5: " "
                  RenderBR {BR} at (67,1420) size 1x0
                  RenderInline {A} at (0,0) size 58x15 [color=#0000EE]
                    RenderText {#text} at (0,1424) size 58x15
                      text run at (0,1424) width 58: "RADIANS"
                  RenderText {#text} at (57,1424) size 5x15
                    text run at (57,1424) width 5: " "
                  RenderBR {BR} at (61,1436) size 1x0
                  RenderInline {A} at (0,0) size 94x15 [color=#0000EE]
                    RenderText {#text} at (0,1440) size 94x15
                      text run at (0,1440) width 94: "RAISE_ERROR"
                  RenderText {#text} at (93,1440) size 4x15
                    text run at (93,1440) width 4: " "
                  RenderBR {BR} at (96,1452) size 1x0
                  RenderInline {A} at (0,0) size 37x15 [color=#0000EE]
                    RenderText {#text} at (0,1456) size 37x15
                      text run at (0,1456) width 37: "RAND"
                  RenderText {#text} at (36,1456) size 5x15
                    text run at (36,1456) width 5: " "
                  RenderBR {BR} at (40,1468) size 1x0
                  RenderInline {A} at (0,0) size 34x15 [color=#0000EE]
                    RenderText {#text} at (0,1472) size 34x15
                      text run at (0,1472) width 34: "REAL"
                  RenderText {#text} at (33,1472) size 5x15
                    text run at (33,1472) width 5: " "
                  RenderBR {BR} at (37,1484) size 1x0
                  RenderInline {A} at (0,0) size 53x15 [color=#0000EE]
                    RenderText {#text} at (0,1488) size 53x15
                      text run at (0,1488) width 53: "REPEAT"
                  RenderText {#text} at (52,1488) size 4x15
                    text run at (52,1488) width 4: " "
                  RenderBR {BR} at (55,1500) size 1x0
                  RenderInline {A} at (0,0) size 61x15 [color=#0000EE]
                    RenderText {#text} at (0,1504) size 61x15
                      text run at (0,1504) width 61: "REPLACE"
                  RenderText {#text} at (60,1504) size 5x15
                    text run at (60,1504) width 5: " "
                  RenderBR {BR} at (64,1516) size 1x0
                  RenderInline {A} at (0,0) size 41x15 [color=#0000EE]
                    RenderText {#text} at (0,1520) size 41x15
                      text run at (0,1520) width 41: "RIGHT"
                  RenderText {#text} at (40,1520) size 5x15
                    text run at (40,1520) width 5: " "
                  RenderBR {BR} at (44,1532) size 1x0
                  RenderInline {A} at (0,0) size 48x15 [color=#0000EE]
                    RenderText {#text} at (0,1536) size 48x15
                      text run at (0,1536) width 48: "ROUND"
                  RenderText {#text} at (47,1536) size 5x15
                    text run at (47,1536) width 5: " "
                  RenderBR {BR} at (51,1548) size 1x0
                  RenderInline {A} at (0,0) size 42x15 [color=#0000EE]
                    RenderText {#text} at (0,1552) size 42x15
                      text run at (0,1552) width 42: "RTRIM"
                  RenderText {#text} at (41,1552) size 4x15
                    text run at (41,1552) width 4: " "
                  RenderBR {BR} at (44,1564) size 1x0
                  RenderInline {A} at (0,0) size 156x15 [color=#0000EE]
                    RenderText {#text} at (0,1568) size 156x15
                      text run at (0,1568) width 156: "RTRIM (SYSFUN schema)"
                  RenderText {#text} at (155,1568) size 4x15
                    text run at (155,1568) width 4: " "
                  RenderBR {BR} at (158,1580) size 1x0
                  RenderInline {A} at (0,0) size 56x15 [color=#0000EE]
                    RenderText {#text} at (0,1584) size 56x15
                      text run at (0,1584) width 56: "SECOND"
                  RenderText {#text} at (55,1584) size 5x15
                    text run at (55,1584) width 5: " "
                  RenderBR {BR} at (59,1596) size 1x0
                  RenderInline {A} at (0,0) size 32x15 [color=#0000EE]
                    RenderText {#text} at (0,1600) size 32x15
                      text run at (0,1600) width 32: "SIGN"
                  RenderText {#text} at (31,1600) size 5x15
                    text run at (31,1600) width 5: " "
                  RenderBR {BR} at (35,1612) size 1x0
                  RenderInline {A} at (0,0) size 22x15 [color=#0000EE]
                    RenderText {#text} at (0,1616) size 22x15
                      text run at (0,1616) width 22: "SIN"
                  RenderText {#text} at (21,1616) size 5x15
                    text run at (21,1616) width 5: " "
                  RenderBR {BR} at (25,1628) size 1x0
                  RenderInline {A} at (0,0) size 64x15 [color=#0000EE]
                    RenderText {#text} at (0,1632) size 64x15
                      text run at (0,1632) width 64: "SMALLINT"
                  RenderText {#text} at (63,1632) size 5x15
                    text run at (63,1632) width 5: " "
                  RenderBR {BR} at (67,1644) size 1x0
                  RenderInline {A} at (0,0) size 65x15 [color=#0000EE]
                    RenderText {#text} at (0,1648) size 65x15
                      text run at (0,1648) width 65: "SOUNDEX"
                  RenderText {#text} at (64,1648) size 4x15
                    text run at (64,1648) width 4: " "
                  RenderBR {BR} at (67,1660) size 1x0
                  RenderInline {A} at (0,0) size 45x15 [color=#0000EE]
                    RenderText {#text} at (0,1664) size 45x15
                      text run at (0,1664) width 45: "SPACE"
                  RenderText {#text} at (44,1664) size 4x15
                    text run at (44,1664) width 4: " "
                  RenderBR {BR} at (47,1676) size 1x0
                  RenderInline {A} at (0,0) size 37x15 [color=#0000EE]
                    RenderText {#text} at (0,1680) size 37x15
                      text run at (0,1680) width 37: "SQRT"
                  RenderText {#text} at (36,1680) size 4x15
                    text run at (36,1680) width 4: " "
                  RenderBR {BR} at (39,1692) size 1x0
                  RenderInline {A} at (0,0) size 53x15 [color=#0000EE]
                    RenderText {#text} at (0,1696) size 53x15
                      text run at (0,1696) width 53: "SUBSTR"
                  RenderText {#text} at (52,1696) size 5x15
                    text run at (52,1696) width 5: " "
                  RenderBR {BR} at (56,1708) size 1x0
                  RenderInline {A} at (0,0) size 86x15 [color=#0000EE]
                    RenderText {#text} at (0,1712) size 86x15
                      text run at (0,1712) width 86: "TABLE_NAME"
                  RenderText {#text} at (85,1712) size 5x15
                    text run at (85,1712) width 5: " "
                  RenderBR {BR} at (89,1724) size 1x0
                  RenderInline {A} at (0,0) size 105x15 [color=#0000EE]
                    RenderText {#text} at (0,1728) size 105x15
                      text run at (0,1728) width 105: "TABLE_SCHEMA"
                  RenderText {#text} at (104,1728) size 4x15
                    text run at (104,1728) width 4: " "
                  RenderBR {BR} at (107,1740) size 1x0
                  RenderInline {A} at (0,0) size 26x15 [color=#0000EE]
                    RenderText {#text} at (0,1744) size 26x15
                      text run at (0,1744) width 26: "TAN"
                  RenderText {#text} at (26,1744) size 4x15
                    text run at (26,1744) width 4: " "
                  RenderBR {BR} at (29,1756) size 1x0
                  RenderInline {A} at (0,0) size 32x15 [color=#0000EE]
                    RenderText {#text} at (0,1760) size 32x15
                      text run at (0,1760) width 32: "TIME"
                  RenderText {#text} at (31,1760) size 4x15
                    text run at (31,1760) width 4: " "
                  RenderBR {BR} at (34,1772) size 1x0
                  RenderInline {A} at (0,0) size 76x15 [color=#0000EE]
                    RenderText {#text} at (0,1776) size 76x15
                      text run at (0,1776) width 76: "TIMESTAMP"
                  RenderText {#text} at (75,1776) size 5x15
                    text run at (75,1776) width 5: " "
                  RenderBR {BR} at (79,1788) size 1x0
                  RenderInline {A} at (0,0) size 106x15 [color=#0000EE]
                    RenderText {#text} at (0,1792) size 106x15
                      text run at (0,1792) width 106: "TIMESTAMP_ISO"
                  RenderText {#text} at (105,1792) size 5x15
                    text run at (105,1792) width 5: " "
                  RenderBR {BR} at (109,1804) size 1x0
                  RenderInline {A} at (0,0) size 105x15 [color=#0000EE]
                    RenderText {#text} at (0,1808) size 105x15
                      text run at (0,1808) width 105: "TIMESTAMPDIFF"
                  RenderText {#text} at (104,1808) size 5x15
                    text run at (104,1808) width 5: " "
                  RenderBR {BR} at (108,1820) size 1x0
                  RenderInline {A} at (0,0) size 77x15 [color=#0000EE]
                    RenderText {#text} at (0,1824) size 77x15
                      text run at (0,1824) width 77: "TRANSLATE"
                  RenderText {#text} at (76,1824) size 5x15
                    text run at (76,1824) width 5: " "
                  RenderBR {BR} at (80,1836) size 1x0
                  RenderInline {A} at (0,0) size 136x15 [color=#0000EE]
                    RenderText {#text} at (0,1840) size 136x15
                      text run at (0,1840) width 136: "TRUNCATE or TRUNC"
                  RenderText {#text} at (135,1840) size 4x15
                    text run at (135,1840) width 4: " "
                  RenderBR {BR} at (138,1852) size 1x0
                  RenderInline {A} at (0,0) size 55x15 [color=#0000EE]
                    RenderText {#text} at (0,1856) size 55x15
                      text run at (0,1856) width 55: "TYPE_ID"
                  RenderText {#text} at (54,1856) size 4x15
                    text run at (54,1856) width 4: " "
                  RenderBR {BR} at (57,1868) size 1x0
                  RenderInline {A} at (0,0) size 79x15 [color=#0000EE]
                    RenderText {#text} at (0,1872) size 79x15
                      text run at (0,1872) width 79: "TYPE_NAME"
                  RenderText {#text} at (78,1872) size 5x15
                    text run at (78,1872) width 5: " "
                  RenderBR {BR} at (82,1884) size 1x0
                  RenderInline {A} at (0,0) size 97x15 [color=#0000EE]
                    RenderText {#text} at (0,1888) size 97x15
                      text run at (0,1888) width 97: "TYPE_SCHEMA"
                  RenderText {#text} at (96,1888) size 5x15
                    text run at (96,1888) width 5: " "
                  RenderBR {BR} at (100,1900) size 1x0
                  RenderInline {A} at (0,0) size 109x15 [color=#0000EE]
                    RenderText {#text} at (0,1904) size 109x15
                      text run at (0,1904) width 109: "UCASE or UPPER"
                  RenderText {#text} at (108,1904) size 4x15
                    text run at (108,1904) width 4: " "
                  RenderBR {BR} at (111,1916) size 1x0
                  RenderInline {A} at (0,0) size 43x15 [color=#0000EE]
                    RenderText {#text} at (0,1920) size 43x15
                      text run at (0,1920) width 43: "VALUE"
                  RenderText {#text} at (42,1920) size 5x15
                    text run at (42,1920) width 5: " "
                  RenderBR {BR} at (46,1932) size 1x0
                  RenderInline {A} at (0,0) size 64x15 [color=#0000EE]
                    RenderText {#text} at (0,1936) size 64x15
                      text run at (0,1936) width 64: "VARCHAR"
                  RenderText {#text} at (63,1936) size 5x15
                    text run at (63,1936) width 5: " "
                  RenderBR {BR} at (67,1948) size 1x0
                  RenderInline {A} at (0,0) size 86x15 [color=#0000EE]
                    RenderText {#text} at (0,1952) size 86x15
                      text run at (0,1952) width 86: "VARGRAPHIC"
                  RenderText {#text} at (85,1952) size 5x15
                    text run at (85,1952) width 5: " "
                  RenderBR {BR} at (89,1964) size 1x0
                  RenderInline {A} at (0,0) size 39x15 [color=#0000EE]
                    RenderText {#text} at (0,1968) size 39x15
                      text run at (0,1968) width 39: "WEEK"
                  RenderText {#text} at (38,1968) size 4x15
                    text run at (38,1968) width 4: " "
                  RenderBR {BR} at (41,1980) size 1x0
                  RenderInline {A} at (0,0) size 68x15 [color=#0000EE]
                    RenderText {#text} at (0,1984) size 68x15
                      text run at (0,1984) width 68: "WEEK_ISO"
                  RenderText {#text} at (67,1984) size 5x15
                    text run at (67,1984) width 5: " "
                  RenderBR {BR} at (71,1996) size 1x0
                  RenderInline {A} at (0,0) size 36x15 [color=#0000EE]
                    RenderText {#text} at (0,2000) size 36x15
                      text run at (0,2000) width 36: "YEAR"
                  RenderText {#text} at (35,2000) size 5x15
                    text run at (35,2000) width 5: " "
                  RenderBR {BR} at (39,2012) size 1x0
                  RenderInline {A} at (0,0) size 93x15 [color=#0000EE]
                    RenderText {#text} at (0,2016) size 93x15
                      text run at (0,2016) width 93: "Table Functions"
                  RenderText {#text} at (92,2016) size 5x15
                    text run at (92,2016) width 5: " "
                  RenderBR {BR} at (96,2028) size 1x0
                  RenderInline {A} at (0,0) size 151x15 [color=#0000EE]
                    RenderText {#text} at (0,2032) size 151x15
                      text run at (0,2032) width 151: "SQLCACHE_SNAPSHOT"
                  RenderText {#text} at (150,2032) size 4x15
                    text run at (150,2032) width 4: " "
                  RenderBR {BR} at (153,2044) size 1x0
                  RenderInline {A} at (0,0) size 137x15 [color=#0000EE]
                    RenderText {#text} at (0,2048) size 137x15
                      text run at (0,2048) width 137: "User-Defined Functions"
                  RenderText {#text} at (0,0) size 0x0
                RenderBlock {P} at (0,5501) size 708x369
                  RenderInline {B} at (0,0) size 49x15
                    RenderInline {A} at (0,0) size 49x15 [color=#0000EE]
                      RenderText {#text} at (0,0) size 49x15
                        text run at (0,0) width 49: "Queries"
                  RenderBR {BR} at (48,12) size 1x0
                  RenderBR {BR} at (0,16) size 0x15
                  RenderInline {A} at (0,0) size 55x15 [color=#0000EE]
                    RenderText {#text} at (0,32) size 55x15
                      text run at (0,32) width 55: "subselect"
                  RenderText {#text} at (54,32) size 5x15
                    text run at (54,32) width 5: " "
                  RenderBR {BR} at (58,44) size 1x0
                  RenderInline {A} at (0,0) size 76x15 [color=#0000EE]
                    RenderText {#text} at (0,48) size 76x15
                      text run at (0,48) width 76: "select-clause"
                  RenderText {#text} at (75,48) size 5x15
                    text run at (75,48) width 5: " "
                  RenderBR {BR} at (79,60) size 1x0
                  RenderInline {A} at (0,0) size 68x15 [color=#0000EE]
                    RenderText {#text} at (0,64) size 68x15
                      text run at (0,64) width 68: "from-clause"
                  RenderText {#text} at (67,64) size 5x15
                    text run at (67,64) width 5: " "
                  RenderBR {BR} at (71,76) size 1x0
                  RenderInline {A} at (0,0) size 88x15 [color=#0000EE]
                    RenderText {#text} at (0,80) size 88x15
                      text run at (0,80) width 88: "table-reference"
                  RenderText {#text} at (87,80) size 5x15
                    text run at (87,80) width 5: " "
                  RenderBR {BR} at (91,92) size 1x0
                  RenderInline {A} at (0,0) size 68x15 [color=#0000EE]
                    RenderText {#text} at (0,96) size 68x15
                      text run at (0,96) width 68: "joined-table"
                  RenderText {#text} at (67,96) size 4x15
                    text run at (67,96) width 4: " "
                  RenderBR {BR} at (70,108) size 1x0
                  RenderInline {A} at (0,0) size 78x15 [color=#0000EE]
                    RenderText {#text} at (0,112) size 78x15
                      text run at (0,112) width 78: "where-clause"
                  RenderText {#text} at (77,112) size 4x15
                    text run at (77,112) width 4: " "
                  RenderBR {BR} at (80,124) size 1x0
                  RenderInline {A} at (0,0) size 94x15 [color=#0000EE]
                    RenderText {#text} at (0,128) size 94x15
                      text run at (0,128) width 94: "group-by-clause"
                  RenderText {#text} at (93,128) size 4x15
                    text run at (93,128) width 4: " "
                  RenderBR {BR} at (96,140) size 1x0
                  RenderInline {A} at (0,0) size 81x15 [color=#0000EE]
                    RenderText {#text} at (0,144) size 81x15
                      text run at (0,144) width 81: "having-clause"
                  RenderText {#text} at (80,144) size 4x15
                    text run at (80,144) width 4: " "
                  RenderBR {BR} at (83,156) size 1x0
                  RenderInline {A} at (0,0) size 137x15 [color=#0000EE]
                    RenderText {#text} at (0,160) size 137x15
                      text run at (0,160) width 137: "Examples of subselects"
                  RenderText {#text} at (136,160) size 5x15
                    text run at (136,160) width 5: " "
                  RenderBR {BR} at (140,172) size 1x0
                  RenderInline {A} at (0,0) size 106x15 [color=#0000EE]
                    RenderText {#text} at (0,176) size 106x15
                      text run at (0,176) width 106: "Examples of Joins"
                  RenderText {#text} at (105,176) size 5x15
                    text run at (105,176) width 5: " "
                  RenderBR {BR} at (109,188) size 1x0
                  RenderInline {A} at (0,0) size 266x15 [color=#0000EE]
                    RenderText {#text} at (0,192) size 266x15
                      text run at (0,192) width 266: "Examples of Grouping Sets, Cube, and Rollup"
                  RenderText {#text} at (265,192) size 5x15
                    text run at (265,192) width 5: " "
                  RenderBR {BR} at (269,204) size 1x0
                  RenderInline {A} at (0,0) size 51x15 [color=#0000EE]
                    RenderText {#text} at (0,208) size 51x15
                      text run at (0,208) width 51: "fullselect"
                  RenderText {#text} at (50,208) size 5x15
                    text run at (50,208) width 5: " "
                  RenderBR {BR} at (54,220) size 1x0
                  RenderInline {A} at (0,0) size 137x15 [color=#0000EE]
                    RenderText {#text} at (0,224) size 137x15
                      text run at (0,224) width 137: "Examples of a fullselect"
                  RenderText {#text} at (136,224) size 5x15
                    text run at (136,224) width 5: " "
                  RenderBR {BR} at (140,236) size 1x0
                  RenderInline {A} at (0,0) size 96x15 [color=#0000EE]
                    RenderText {#text} at (0,240) size 96x15
                      text run at (0,240) width 96: "select-statement"
                  RenderText {#text} at (95,240) size 4x15
                    text run at (95,240) width 4: " "
                  RenderBR {BR} at (98,252) size 1x0
                  RenderInline {A} at (0,0) size 150x15 [color=#0000EE]
                    RenderText {#text} at (0,256) size 150x15
                      text run at (0,256) width 150: "common-table-expression"
                  RenderText {#text} at (149,256) size 5x15
                    text run at (149,256) width 5: " "
                  RenderBR {BR} at (153,268) size 1x0
                  RenderInline {A} at (0,0) size 91x15 [color=#0000EE]
                    RenderText {#text} at (0,272) size 91x15
                      text run at (0,272) width 91: "order-by-clause"
                  RenderText {#text} at (90,272) size 4x15
                    text run at (90,272) width 4: " "
                  RenderBR {BR} at (93,284) size 1x0
                  RenderInline {A} at (0,0) size 82x15 [color=#0000EE]
                    RenderText {#text} at (0,288) size 82x15
                      text run at (0,288) width 82: "update-clause"
                  RenderText {#text} at (81,288) size 5x15
                    text run at (81,288) width 5: " "
                  RenderBR {BR} at (85,300) size 1x0
                  RenderInline {A} at (0,0) size 97x15 [color=#0000EE]
                    RenderText {#text} at (0,304) size 97x15
                      text run at (0,304) width 97: "read-only-clause"
                  RenderText {#text} at (96,304) size 4x15
                    text run at (96,304) width 4: " "
                  RenderBR {BR} at (99,316) size 1x0
                  RenderInline {A} at (0,0) size 96x15 [color=#0000EE]
                    RenderText {#text} at (0,320) size 96x15
                      text run at (0,320) width 96: "fetch-first-clause"
                  RenderText {#text} at (95,320) size 4x15
                    text run at (95,320) width 4: " "
                  RenderBR {BR} at (98,332) size 1x0
                  RenderInline {A} at (0,0) size 110x15 [color=#0000EE]
                    RenderText {#text} at (0,336) size 110x15
                      text run at (0,336) width 110: "optimize-for-clause"
                  RenderText {#text} at (109,336) size 5x15
                    text run at (109,336) width 5: " "
                  RenderBR {BR} at (113,348) size 1x0
                  RenderInline {A} at (0,0) size 182x15 [color=#0000EE]
                    RenderText {#text} at (0,352) size 182x15
                      text run at (0,352) width 182: "Examples of a select-statement"
                  RenderText {#text} at (0,0) size 0x0
                RenderBlock {P} at (0,5882) size 708x1889
                  RenderInline {B} at (0,0) size 101x15
                    RenderInline {A} at (0,0) size 101x15 [color=#0000EE]
                      RenderText {#text} at (0,0) size 101x15
                        text run at (0,0) width 101: "SQL Statements"
                  RenderBR {BR} at (100,12) size 1x0
                  RenderBR {BR} at (0,16) size 0x15
                  RenderInline {A} at (0,0) size 198x15 [color=#0000EE]
                    RenderText {#text} at (0,32) size 198x15
                      text run at (0,32) width 198: "How SQL Statements Are Invoked"
                  RenderText {#text} at (197,32) size 5x15
                    text run at (197,32) width 5: " "
                  RenderBR {BR} at (201,44) size 1x0
                  RenderInline {A} at (0,0) size 292x15 [color=#0000EE]
                    RenderText {#text} at (0,48) size 292x15
                      text run at (0,48) width 292: "Embedding a Statement in an Application Program"
                  RenderText {#text} at (291,48) size 5x15
                    text run at (291,48) width 5: " "
                  RenderBR {BR} at (295,60) size 1x0
                  RenderInline {A} at (0,0) size 208x15 [color=#0000EE]
                    RenderText {#text} at (0,64) size 208x15
                      text run at (0,64) width 208: "Dynamic Preparation and Execution"
                  RenderText {#text} at (207,64) size 5x15
                    text run at (207,64) width 5: " "
                  RenderBR {BR} at (211,76) size 1x0
                  RenderInline {A} at (0,0) size 220x15 [color=#0000EE]
                    RenderText {#text} at (0,80) size 220x15
                      text run at (0,80) width 220: "Static Invocation of a select-statement"
                  RenderText {#text} at (219,80) size 5x15
                    text run at (219,80) width 5: " "
                  RenderBR {BR} at (223,92) size 1x0
                  RenderInline {A} at (0,0) size 238x15 [color=#0000EE]
                    RenderText {#text} at (0,96) size 238x15
                      text run at (0,96) width 238: "Dynamic Invocation of a select-statement"
                  RenderText {#text} at (237,96) size 5x15
                    text run at (237,96) width 5: " "
                  RenderBR {BR} at (241,108) size 1x0
                  RenderInline {A} at (0,0) size 123x15 [color=#0000EE]
                    RenderText {#text} at (0,112) size 123x15
                      text run at (0,112) width 123: "Interactive Invocation"
                  RenderText {#text} at (122,112) size 5x15
                    text run at (122,112) width 5: " "
                  RenderBR {BR} at (126,124) size 1x0
                  RenderInline {A} at (0,0) size 110x15 [color=#0000EE]
                    RenderText {#text} at (0,128) size 110x15
                      text run at (0,128) width 110: "SQL Return Codes"
                  RenderText {#text} at (109,128) size 5x15
                    text run at (109,128) width 5: " "
                  RenderBR {BR} at (113,140) size 1x0
                  RenderInline {A} at (0,0) size 64x15 [color=#0000EE]
                    RenderText {#text} at (0,144) size 64x15
                      text run at (0,144) width 64: "SQLCODE"
                  RenderText {#text} at (63,144) size 5x15
                    text run at (63,144) width 5: " "
                  RenderBR {BR} at (67,156) size 1x0
                  RenderInline {A} at (0,0) size 68x15 [color=#0000EE]
                    RenderText {#text} at (0,160) size 68x15
                      text run at (0,160) width 68: "SQLSTATE"
                  RenderText {#text} at (67,160) size 5x15
                    text run at (67,160) width 5: " "
                  RenderBR {BR} at (71,172) size 1x0
                  RenderInline {A} at (0,0) size 93x15 [color=#0000EE]
                    RenderText {#text} at (0,176) size 93x15
                      text run at (0,176) width 93: "SQL Comments"
                  RenderText {#text} at (92,176) size 5x15
                    text run at (92,176) width 5: " "
                  RenderBR {BR} at (96,188) size 1x0
                  RenderInline {A} at (0,0) size 134x15 [color=#0000EE]
                    RenderText {#text} at (0,192) size 134x15
                      text run at (0,192) width 134: "ALTER BUFFERPOOL"
                  RenderText {#text} at (133,192) size 5x15
                    text run at (133,192) width 5: " "
                  RenderBR {BR} at (137,204) size 1x0
                  RenderInline {A} at (0,0) size 115x15 [color=#0000EE]
                    RenderText {#text} at (0,208) size 115x15
                      text run at (0,208) width 115: "ALTER NICKNAME"
                  RenderText {#text} at (114,208) size 4x15
                    text run at (114,208) width 4: " "
                  RenderBR {BR} at (117,220) size 1x0
                  RenderInline {A} at (0,0) size 131x15 [color=#0000EE]
                    RenderText {#text} at (0,224) size 131x15
                      text run at (0,224) width 131: "ALTER NODEGROUP"
                  RenderText {#text} at (130,224) size 5x15
                    text run at (130,224) width 5: " "
                  RenderBR {BR} at (134,236) size 1x0
                  RenderInline {A} at (0,0) size 99x15 [color=#0000EE]
                    RenderText {#text} at (0,240) size 99x15
                      text run at (0,240) width 99: "ALTER SERVER"
                  RenderText {#text} at (98,240) size 5x15
                    text run at (98,240) width 5: " "
                  RenderBR {BR} at (102,252) size 1x0
                  RenderInline {A} at (0,0) size 87x15 [color=#0000EE]
                    RenderText {#text} at (0,256) size 87x15
                      text run at (0,256) width 87: "ALTER TABLE"
                  RenderText {#text} at (86,256) size 5x15
                    text run at (86,256) width 5: " "
                  RenderBR {BR} at (90,268) size 1x0
                  RenderInline {A} at (0,0) size 131x15 [color=#0000EE]
                    RenderText {#text} at (0,272) size 131x15
                      text run at (0,272) width 131: "ALTER TABLESPACE"
                  RenderText {#text} at (130,272) size 5x15
                    text run at (130,272) width 5: " "
                  RenderBR {BR} at (134,284) size 1x0
                  RenderInline {A} at (0,0) size 152x15 [color=#0000EE]
                    RenderText {#text} at (0,288) size 152x15
                      text run at (0,288) width 152: "ALTER TYPE (Structured)"
                  RenderText {#text} at (151,288) size 5x15
                    text run at (151,288) width 5: " "
                  RenderBR {BR} at (155,300) size 1x0
                  RenderInline {A} at (0,0) size 146x15 [color=#0000EE]
                    RenderText {#text} at (0,304) size 146x15
                      text run at (0,304) width 146: "ALTER USER MAPPING"
                  RenderText {#text} at (145,304) size 4x15
                    text run at (145,304) width 4: " "
                  RenderBR {BR} at (148,316) size 1x0
                  RenderInline {A} at (0,0) size 79x15 [color=#0000EE]
                    RenderText {#text} at (0,320) size 79x15
                      text run at (0,320) width 79: "ALTER VIEW"
                  RenderText {#text} at (78,320) size 5x15
                    text run at (78,320) width 5: " "
                  RenderBR {BR} at (82,332) size 1x0
                  RenderInline {A} at (0,0) size 167x15 [color=#0000EE]
                    RenderText {#text} at (0,336) size 167x15
                      text run at (0,336) width 167: "BEGIN DECLARE SECTION"
                  RenderText {#text} at (166,336) size 5x15
                    text run at (166,336) width 5: " "
                  RenderBR {BR} at (170,348) size 1x0
                  RenderInline {A} at (0,0) size 33x15 [color=#0000EE]
                    RenderText {#text} at (0,352) size 33x15
                      text run at (0,352) width 33: "CALL"
                  RenderText {#text} at (32,352) size 5x15
                    text run at (32,352) width 5: " "
                  RenderBR {BR} at (36,364) size 1x0
                  RenderInline {A} at (0,0) size 45x15 [color=#0000EE]
                    RenderText {#text} at (0,368) size 45x15
                      text run at (0,368) width 45: "CLOSE"
                  RenderText {#text} at (44,368) size 4x15
                    text run at (44,368) width 4: " "
                  RenderBR {BR} at (47,380) size 1x0
                  RenderInline {A} at (0,0) size 91x15 [color=#0000EE]
                    RenderText {#text} at (0,384) size 91x15
                      text run at (0,384) width 91: "COMMENT ON"
                  RenderText {#text} at (90,384) size 4x15
                    text run at (90,384) width 4: " "
                  RenderBR {BR} at (93,396) size 1x0
                  RenderInline {A} at (0,0) size 53x15 [color=#0000EE]
                    RenderText {#text} at (0,400) size 53x15
                      text run at (0,400) width 53: "COMMIT"
                  RenderText {#text} at (52,400) size 5x15
                    text run at (52,400) width 5: " "
                  RenderBR {BR} at (56,412) size 1x0
                  RenderInline {A} at (0,0) size 169x15 [color=#0000EE]
                    RenderText {#text} at (0,416) size 169x15
                      text run at (0,416) width 169: "Compound SQL (Embedded)"
                  RenderText {#text} at (168,416) size 4x15
                    text run at (168,416) width 4: " "
                  RenderBR {BR} at (171,428) size 1x0
                  RenderInline {A} at (0,0) size 117x15 [color=#0000EE]
                    RenderText {#text} at (0,432) size 117x15
                      text run at (0,432) width 117: "CONNECT (Type 1)"
                  RenderText {#text} at (116,432) size 4x15
                    text run at (116,432) width 4: " "
                  RenderBR {BR} at (119,444) size 1x0
                  RenderInline {A} at (0,0) size 117x15 [color=#0000EE]
                    RenderText {#text} at (0,448) size 117x15
                      text run at (0,448) width 117: "CONNECT (Type 2)"
                  RenderText {#text} at (116,448) size 4x15
                    text run at (116,448) width 4: " "
                  RenderBR {BR} at (119,460) size 1x0
                  RenderInline {A} at (0,0) size 94x15 [color=#0000EE]
                    RenderText {#text} at (0,464) size 94x15
                      text run at (0,464) width 94: "CREATE ALIAS"
                  RenderText {#text} at (93,464) size 4x15
                    text run at (93,464) width 4: " "
                  RenderBR {BR} at (96,476) size 1x0
                  RenderInline {A} at (0,0) size 145x15 [color=#0000EE]
                    RenderText {#text} at (0,480) size 145x15
                      text run at (0,480) width 145: "CREATE BUFFERPOOL"
                  RenderText {#text} at (144,480) size 5x15
                    text run at (144,480) width 5: " "
                  RenderBR {BR} at (148,492) size 1x0
                  RenderInline {A} at (0,0) size 154x15 [color=#0000EE]
                    RenderText {#text} at (0,496) size 154x15
                      text run at (0,496) width 154: "CREATE DISTINCT TYPE"
                  RenderText {#text} at (153,496) size 5x15
                    text run at (153,496) width 5: " "
                  RenderBR {BR} at (157,508) size 1x0
                  RenderInline {A} at (0,0) size 165x15 [color=#0000EE]
                    RenderText {#text} at (0,512) size 165x15
                      text run at (0,512) width 165: "CREATE EVENT MONITOR"
                  RenderText {#text} at (164,512) size 5x15
                    text run at (164,512) width 5: " "
                  RenderBR {BR} at (168,524) size 1x0
                  RenderInline {A} at (0,0) size 124x15 [color=#0000EE]
                    RenderText {#text} at (0,528) size 124x15
                      text run at (0,528) width 124: "CREATE FUNCTION"
                  RenderText {#text} at (123,528) size 5x15
                    text run at (123,528) width 5: " "
                  RenderBR {BR} at (127,540) size 1x0
                  RenderInline {A} at (0,0) size 224x15 [color=#0000EE]
                    RenderText {#text} at (0,544) size 224x15
                      text run at (0,544) width 224: "CREATE FUNCTION (External Scalar)"
                  RenderText {#text} at (223,544) size 5x15
                    text run at (223,544) width 5: " "
                  RenderBR {BR} at (227,556) size 1x0
                  RenderInline {A} at (0,0) size 220x15 [color=#0000EE]
                    RenderText {#text} at (0,560) size 220x15
                      text run at (0,560) width 220: "CREATE FUNCTION (External Table)"
                  RenderText {#text} at (219,560) size 5x15
                    text run at (219,560) width 5: " "
                  RenderBR {BR} at (223,572) size 1x0
                  RenderInline {A} at (0,0) size 271x15 [color=#0000EE]
                    RenderText {#text} at (0,576) size 271x15
                      text run at (0,576) width 271: "CREATE FUNCTION (OLE DB External Table)"
                  RenderText {#text} at (270,576) size 5x15
                    text run at (270,576) width 5: " "
                  RenderBR {BR} at (274,588) size 1x0
                  RenderInline {A} at (0,0) size 250x15 [color=#0000EE]
                    RenderText {#text} at (0,592) size 250x15
                      text run at (0,592) width 250: "CREATE FUNCTION (Source or Template)"
                  RenderText {#text} at (249,592) size 5x15
                    text run at (249,592) width 5: " "
                  RenderBR {BR} at (253,604) size 1x0
                  RenderInline {A} at (0,0) size 287x15 [color=#0000EE]
                    RenderText {#text} at (0,608) size 287x15
                      text run at (0,608) width 287: "CREATE FUNCTION (SQL Scalar, Table or Row)"
                  RenderText {#text} at (286,608) size 5x15
                    text run at (286,608) width 5: " "
                  RenderBR {BR} at (290,620) size 1x0
                  RenderInline {A} at (0,0) size 188x15 [color=#0000EE]
                    RenderText {#text} at (0,624) size 188x15
                      text run at (0,624) width 188: "CREATE FUNCTION MAPPING"
                  RenderText {#text} at (187,624) size 4x15
                    text run at (187,624) width 4: " "
                  RenderBR {BR} at (190,636) size 1x0
                  RenderInline {A} at (0,0) size 97x15 [color=#0000EE]
                    RenderText {#text} at (0,640) size 97x15
                      text run at (0,640) width 97: "CREATE INDEX"
                  RenderText {#text} at (96,640) size 4x15
                    text run at (96,640) width 4: " "
                  RenderBR {BR} at (99,652) size 1x0
                  RenderInline {A} at (0,0) size 175x15 [color=#0000EE]
                    RenderText {#text} at (0,656) size 175x15
                      text run at (0,656) width 175: "CREATE INDEX EXTENSION"
                  RenderText {#text} at (174,656) size 5x15
                    text run at (174,656) width 5: " "
                  RenderBR {BR} at (178,668) size 1x0
                  RenderInline {A} at (0,0) size 113x15 [color=#0000EE]
                    RenderText {#text} at (0,672) size 113x15
                      text run at (0,672) width 113: "CREATE METHOD"
                  RenderText {#text} at (112,672) size 5x15
                    text run at (112,672) width 5: " "
                  RenderBR {BR} at (116,684) size 1x0
                  RenderInline {A} at (0,0) size 125x15 [color=#0000EE]
                    RenderText {#text} at (0,688) size 125x15
                      text run at (0,688) width 125: "CREATE NICKNAME"
                  RenderText {#text} at (124,688) size 5x15
                    text run at (124,688) width 5: " "
                  RenderBR {BR} at (128,700) size 1x0
                  RenderInline {A} at (0,0) size 142x15 [color=#0000EE]
                    RenderText {#text} at (0,704) size 142x15
                      text run at (0,704) width 142: "CREATE NODEGROUP"
                  RenderText {#text} at (141,704) size 5x15
                    text run at (141,704) width 5: " "
                  RenderBR {BR} at (145,716) size 1x0
                  RenderInline {A} at (0,0) size 140x15 [color=#0000EE]
                    RenderText {#text} at (0,720) size 140x15
                      text run at (0,720) width 140: "CREATE PROCEDURE"
                  RenderText {#text} at (139,720) size 5x15
                    text run at (139,720) width 5: " "
                  RenderBR {BR} at (143,732) size 1x0
                  RenderInline {A} at (0,0) size 112x15 [color=#0000EE]
                    RenderText {#text} at (0,736) size 112x15
                      text run at (0,736) width 112: "CREATE SCHEMA"
                  RenderText {#text} at (111,736) size 5x15
                    text run at (111,736) width 5: " "
                  RenderBR {BR} at (115,748) size 1x0
                  RenderInline {A} at (0,0) size 110x15 [color=#0000EE]
                    RenderText {#text} at (0,752) size 110x15
                      text run at (0,752) width 110: "CREATE SERVER"
                  RenderText {#text} at (109,752) size 5x15
                    text run at (109,752) width 5: " "
                  RenderBR {BR} at (113,764) size 1x0
                  RenderInline {A} at (0,0) size 98x15 [color=#0000EE]
                    RenderText {#text} at (0,768) size 98x15
                      text run at (0,768) width 98: "CREATE TABLE"
                  RenderText {#text} at (97,768) size 5x15
                    text run at (97,768) width 5: " "
                  RenderBR {BR} at (101,780) size 1x0
                  RenderInline {A} at (0,0) size 142x15 [color=#0000EE]
                    RenderText {#text} at (0,784) size 142x15
                      text run at (0,784) width 142: "CREATE TABLESPACE"
                  RenderText {#text} at (141,784) size 5x15
                    text run at (141,784) width 5: " "
                  RenderBR {BR} at (145,796) size 1x0
                  RenderInline {A} at (0,0) size 139x15 [color=#0000EE]
                    RenderText {#text} at (0,800) size 139x15
                      text run at (0,800) width 139: "CREATE TRANSFORM"
                  RenderText {#text} at (138,800) size 5x15
                    text run at (138,800) width 5: " "
                  RenderBR {BR} at (142,812) size 1x0
                  RenderInline {A} at (0,0) size 116x15 [color=#0000EE]
                    RenderText {#text} at (0,816) size 116x15
                      text run at (0,816) width 116: "CREATE TRIGGER"
                  RenderText {#text} at (115,816) size 5x15
                    text run at (115,816) width 5: " "
                  RenderBR {BR} at (119,828) size 1x0
                  RenderInline {A} at (0,0) size 163x15 [color=#0000EE]
                    RenderText {#text} at (0,832) size 163x15
                      text run at (0,832) width 163: "CREATE TYPE (Structured)"
                  RenderText {#text} at (162,832) size 5x15
                    text run at (162,832) width 5: " "
                  RenderBR {BR} at (166,844) size 1x0
                  RenderInline {A} at (0,0) size 154x15 [color=#0000EE]
                    RenderText {#text} at (0,848) size 154x15
                      text run at (0,848) width 154: "CREATE TYPE MAPPING"
                  RenderText {#text} at (153,848) size 5x15
                    text run at (153,848) width 5: " "
                  RenderBR {BR} at (157,860) size 1x0
                  RenderInline {A} at (0,0) size 157x15 [color=#0000EE]
                    RenderText {#text} at (0,864) size 157x15
                      text run at (0,864) width 157: "CREATE USER MAPPING"
                  RenderText {#text} at (156,864) size 4x15
                    text run at (156,864) width 4: " "
                  RenderBR {BR} at (159,876) size 1x0
                  RenderInline {A} at (0,0) size 90x15 [color=#0000EE]
                    RenderText {#text} at (0,880) size 90x15
                      text run at (0,880) width 90: "CREATE VIEW"
                  RenderText {#text} at (89,880) size 5x15
                    text run at (89,880) width 5: " "
                  RenderBR {BR} at (93,892) size 1x0
                  RenderInline {A} at (0,0) size 123x15 [color=#0000EE]
                    RenderText {#text} at (0,896) size 123x15
                      text run at (0,896) width 123: "CREATE WRAPPER"
                  RenderText {#text} at (122,896) size 4x15
                    text run at (122,896) width 4: " "
                  RenderBR {BR} at (125,908) size 1x0
                  RenderInline {A} at (0,0) size 122x15 [color=#0000EE]
                    RenderText {#text} at (0,912) size 122x15
                      text run at (0,912) width 122: "DECLARE CURSOR"
                  RenderText {#text} at (121,912) size 4x15
                    text run at (121,912) width 4: " "
                  RenderBR {BR} at (124,924) size 1x0
                  RenderInline {A} at (0,0) size 248x15 [color=#0000EE]
                    RenderText {#text} at (0,928) size 248x15
                      text run at (0,928) width 248: "DECLARE GLOBAL TEMPORARY TABLE"
                  RenderText {#text} at (247,928) size 5x15
                    text run at (247,928) width 5: " "
                  RenderBR {BR} at (251,940) size 1x0
                  RenderInline {A} at (0,0) size 51x15 [color=#0000EE]
                    RenderText {#text} at (0,944) size 51x15
                      text run at (0,944) width 51: "DELETE"
                  RenderText {#text} at (50,944) size 5x15
                    text run at (50,944) width 5: " "
                  RenderBR {BR} at (54,956) size 1x0
                  RenderInline {A} at (0,0) size 67x15 [color=#0000EE]
                    RenderText {#text} at (0,960) size 67x15
                      text run at (0,960) width 67: "DESCRIBE"
                  RenderText {#text} at (66,960) size 5x15
                    text run at (66,960) width 5: " "
                  RenderBR {BR} at (70,972) size 1x0
                  RenderInline {A} at (0,0) size 86x15 [color=#0000EE]
                    RenderText {#text} at (0,976) size 86x15
                      text run at (0,976) width 86: "DISCONNECT"
                  RenderText {#text} at (85,976) size 5x15
                    text run at (85,976) width 5: " "
                  RenderBR {BR} at (89,988) size 1x0
                  RenderInline {A} at (0,0) size 38x15 [color=#0000EE]
                    RenderText {#text} at (0,992) size 38x15
                      text run at (0,992) width 38: "DROP"
                  RenderText {#text} at (37,992) size 5x15
                    text run at (37,992) width 5: " "
                  RenderBR {BR} at (41,1004) size 1x0
                  RenderInline {A} at (0,0) size 154x15 [color=#0000EE]
                    RenderText {#text} at (0,1008) size 154x15
                      text run at (0,1008) width 154: "END DECLARE SECTION"
                  RenderText {#text} at (153,1008) size 5x15
                    text run at (153,1008) width 5: " "
                  RenderBR {BR} at (157,1020) size 1x0
                  RenderInline {A} at (0,0) size 62x15 [color=#0000EE]
                    RenderText {#text} at (0,1024) size 62x15
                      text run at (0,1024) width 62: "EXECUTE"
                  RenderText {#text} at (61,1024) size 5x15
                    text run at (61,1024) width 5: " "
                  RenderBR {BR} at (65,1036) size 1x0
                  RenderInline {A} at (0,0) size 138x15 [color=#0000EE]
                    RenderText {#text} at (0,1040) size 138x15
                      text run at (0,1040) width 138: "EXECUTE IMMEDIATE"
                  RenderText {#text} at (137,1040) size 4x15
                    text run at (137,1040) width 4: " "
                  RenderBR {BR} at (140,1052) size 1x0
                  RenderInline {A} at (0,0) size 55x15 [color=#0000EE]
                    RenderText {#text} at (0,1056) size 55x15
                      text run at (0,1056) width 55: "EXPLAIN"
                  RenderText {#text} at (54,1056) size 5x15
                    text run at (54,1056) width 5: " "
                  RenderBR {BR} at (58,1068) size 1x0
                  RenderInline {A} at (0,0) size 44x15 [color=#0000EE]
                    RenderText {#text} at (0,1072) size 44x15
                      text run at (0,1072) width 44: "FETCH"
                  RenderText {#text} at (43,1072) size 4x15
                    text run at (43,1072) width 4: " "
                  RenderBR {BR} at (46,1084) size 1x0
                  RenderInline {A} at (0,0) size 155x15 [color=#0000EE]
                    RenderText {#text} at (0,1088) size 155x15
                      text run at (0,1088) width 155: "FLUSH EVENT MONITOR"
                  RenderText {#text} at (154,1088) size 5x15
                    text run at (154,1088) width 5: " "
                  RenderBR {BR} at (158,1100) size 1x0
                  RenderInline {A} at (0,0) size 102x15 [color=#0000EE]
                    RenderText {#text} at (0,1104) size 102x15
                      text run at (0,1104) width 102: "FREE LOCATOR"
                  RenderText {#text} at (101,1104) size 4x15
                    text run at (101,1104) width 4: " "
                  RenderBR {BR} at (104,1116) size 1x0
                  RenderInline {A} at (0,0) size 179x15 [color=#0000EE]
                    RenderText {#text} at (0,1120) size 179x15
                      text run at (0,1120) width 179: "GRANT (Database Authorities)"
                  RenderText {#text} at (178,1120) size 5x15
                    text run at (178,1120) width 5: " "
                  RenderBR {BR} at (182,1132) size 1x0
                  RenderInline {A} at (0,0) size 150x15 [color=#0000EE]
                    RenderText {#text} at (0,1136) size 150x15
                      text run at (0,1136) width 150: "GRANT (Index Privileges)"
                  RenderText {#text} at (149,1136) size 5x15
                    text run at (149,1136) width 5: " "
                  RenderBR {BR} at (153,1148) size 1x0
                  RenderInline {A} at (0,0) size 169x15 [color=#0000EE]
                    RenderText {#text} at (0,1152) size 169x15
                      text run at (0,1152) width 169: "GRANT (Package Privileges)"
                  RenderText {#text} at (168,1152) size 4x15
                    text run at (168,1152) width 4: " "
                  RenderBR {BR} at (171,1164) size 1x0
                  RenderInline {A} at (0,0) size 166x15 [color=#0000EE]
                    RenderText {#text} at (0,1168) size 166x15
                      text run at (0,1168) width 166: "GRANT (Schema Privileges)"
                  RenderText {#text} at (165,1168) size 5x15
                    text run at (165,1168) width 5: " "
                  RenderBR {BR} at (169,1180) size 1x0
                  RenderInline {A} at (0,0) size 157x15 [color=#0000EE]
                    RenderText {#text} at (0,1184) size 157x15
                      text run at (0,1184) width 157: "GRANT (Server Privileges)"
                  RenderText {#text} at (156,1184) size 4x15
                    text run at (156,1184) width 4: " "
                  RenderBR {BR} at (159,1196) size 1x0
                  RenderInline {A} at (0,0) size 266x15 [color=#0000EE]
                    RenderText {#text} at (0,1200) size 266x15
                      text run at (0,1200) width 266: "GRANT (Table, View, or Nickname Privileges)"
                  RenderText {#text} at (265,1200) size 5x15
                    text run at (265,1200) width 5: " "
                  RenderBR {BR} at (269,1212) size 1x0
                  RenderInline {A} at (0,0) size 191x15 [color=#0000EE]
                    RenderText {#text} at (0,1216) size 191x15
                      text run at (0,1216) width 191: "GRANT (Table Space Privileges)"
                  RenderText {#text} at (190,1216) size 5x15
                    text run at (190,1216) width 5: " "
                  RenderBR {BR} at (194,1228) size 1x0
                  RenderInline {A} at (0,0) size 58x15 [color=#0000EE]
                    RenderText {#text} at (0,1232) size 58x15
                      text run at (0,1232) width 58: "INCLUDE"
                  RenderText {#text} at (57,1232) size 4x15
                    text run at (57,1232) width 4: " "
                  RenderBR {BR} at (60,1244) size 1x0
                  RenderInline {A} at (0,0) size 48x15 [color=#0000EE]
                    RenderText {#text} at (0,1248) size 48x15
                      text run at (0,1248) width 48: "INSERT"
                  RenderText {#text} at (47,1248) size 5x15
                    text run at (47,1248) width 5: " "
                  RenderBR {BR} at (51,1260) size 1x0
                  RenderInline {A} at (0,0) size 81x15 [color=#0000EE]
                    RenderText {#text} at (0,1264) size 81x15
                      text run at (0,1264) width 81: "LOCK TABLE"
                  RenderText {#text} at (80,1264) size 4x15
                    text run at (80,1264) width 4: " "
                  RenderBR {BR} at (83,1276) size 1x0
                  RenderInline {A} at (0,0) size 37x15 [color=#0000EE]
                    RenderText {#text} at (0,1280) size 37x15
                      text run at (0,1280) width 37: "OPEN"
                  RenderText {#text} at (36,1280) size 5x15
                    text run at (36,1280) width 5: " "
                  RenderBR {BR} at (40,1292) size 1x0
                  RenderInline {A} at (0,0) size 63x15 [color=#0000EE]
                    RenderText {#text} at (0,1296) size 63x15
                      text run at (0,1296) width 63: "PREPARE"
                  RenderText {#text} at (62,1296) size 4x15
                    text run at (62,1296) width 4: " "
                  RenderBR {BR} at (65,1308) size 1x0
                  RenderInline {A} at (0,0) size 107x15 [color=#0000EE]
                    RenderText {#text} at (0,1312) size 107x15
                      text run at (0,1312) width 107: "REFRESH TABLE"
                  RenderText {#text} at (106,1312) size 5x15
                    text run at (106,1312) width 5: " "
                  RenderBR {BR} at (110,1324) size 1x0
                  RenderInline {A} at (0,0) size 139x15 [color=#0000EE]
                    RenderText {#text} at (0,1328) size 139x15
                      text run at (0,1328) width 139: "RELEASE (Connection)"
                  RenderText {#text} at (138,1328) size 4x15
                    text run at (138,1328) width 4: " "
                  RenderBR {BR} at (141,1340) size 1x0
                  RenderInline {A} at (0,0) size 138x15 [color=#0000EE]
                    RenderText {#text} at (0,1344) size 138x15
                      text run at (0,1344) width 138: "RELEASE SAVEPOINT"
                  RenderText {#text} at (137,1344) size 5x15
                    text run at (137,1344) width 5: " "
                  RenderBR {BR} at (141,1356) size 1x0
                  RenderInline {A} at (0,0) size 101x15 [color=#0000EE]
                    RenderText {#text} at (0,1360) size 101x15
                      text run at (0,1360) width 101: "RENAME TABLE"
                  RenderText {#text} at (100,1360) size 5x15
                    text run at (100,1360) width 5: " "
                  RenderBR {BR} at (104,1372) size 1x0
                  RenderInline {A} at (0,0) size 145x15 [color=#0000EE]
                    RenderText {#text} at (0,1376) size 145x15
                      text run at (0,1376) width 145: "RENAME TABLESPACE"
                  RenderText {#text} at (144,1376) size 5x15
                    text run at (144,1376) width 5: " "
                  RenderBR {BR} at (148,1388) size 1x0
                  RenderInline {A} at (0,0) size 188x15 [color=#0000EE]
                    RenderText {#text} at (0,1392) size 188x15
                      text run at (0,1392) width 188: "REVOKE (Database Authorities)"
                  RenderText {#text} at (187,1392) size 4x15
                    text run at (187,1392) width 4: " "
                  RenderBR {BR} at (190,1404) size 1x0
                  RenderInline {A} at (0,0) size 159x15 [color=#0000EE]
                    RenderText {#text} at (0,1408) size 159x15
                      text run at (0,1408) width 159: "REVOKE (Index Privileges)"
                  RenderText {#text} at (158,1408) size 4x15
                    text run at (158,1408) width 4: " "
                  RenderBR {BR} at (161,1420) size 1x0
                  RenderInline {A} at (0,0) size 178x15 [color=#0000EE]
                    RenderText {#text} at (0,1424) size 178x15
                      text run at (0,1424) width 178: "REVOKE (Package Privileges)"
                  RenderText {#text} at (177,1424) size 4x15
                    text run at (177,1424) width 4: " "
                  RenderBR {BR} at (180,1436) size 1x0
                  RenderInline {A} at (0,0) size 175x15 [color=#0000EE]
                    RenderText {#text} at (0,1440) size 175x15
                      text run at (0,1440) width 175: "REVOKE (Schema Privileges)"
                  RenderText {#text} at (174,1440) size 4x15
                    text run at (174,1440) width 4: " "
                  RenderBR {BR} at (177,1452) size 1x0
                  RenderInline {A} at (0,0) size 165x15 [color=#0000EE]
                    RenderText {#text} at (0,1456) size 165x15
                      text run at (0,1456) width 165: "REVOKE (Server Privileges)"
                  RenderText {#text} at (164,1456) size 5x15
                    text run at (164,1456) width 5: " "
                  RenderBR {BR} at (168,1468) size 1x0
                  RenderInline {A} at (0,0) size 275x15 [color=#0000EE]
                    RenderText {#text} at (0,1472) size 275x15
                      text run at (0,1472) width 275: "REVOKE (Table, View, or Nickname Privileges)"
                  RenderText {#text} at (274,1472) size 5x15
                    text run at (274,1472) width 5: " "
                  RenderBR {BR} at (278,1484) size 1x0
                  RenderInline {A} at (0,0) size 200x15 [color=#0000EE]
                    RenderText {#text} at (0,1488) size 200x15
                      text run at (0,1488) width 200: "REVOKE (Table Space Privileges)"
                  RenderText {#text} at (199,1488) size 5x15
                    text run at (199,1488) width 5: " "
                  RenderBR {BR} at (203,1500) size 1x0
                  RenderInline {A} at (0,0) size 70x15 [color=#0000EE]
                    RenderText {#text} at (0,1504) size 70x15
                      text run at (0,1504) width 70: "ROLLBACK"
                  RenderText {#text} at (69,1504) size 4x15
                    text run at (69,1504) width 4: " "
                  RenderBR {BR} at (72,1516) size 1x0
                  RenderInline {A} at (0,0) size 75x15 [color=#0000EE]
                    RenderText {#text} at (0,1520) size 75x15
                      text run at (0,1520) width 75: "SAVEPOINT"
                  RenderText {#text} at (74,1520) size 5x15
                    text run at (74,1520) width 5: " "
                  RenderBR {BR} at (78,1532) size 1x0
                  RenderInline {A} at (0,0) size 51x15 [color=#0000EE]
                    RenderText {#text} at (0,1536) size 51x15
                      text run at (0,1536) width 51: "SELECT"
                  RenderText {#text} at (50,1536) size 5x15
                    text run at (50,1536) width 5: " "
                  RenderBR {BR} at (54,1548) size 1x0
                  RenderInline {A} at (0,0) size 86x15 [color=#0000EE]
                    RenderText {#text} at (0,1552) size 86x15
                      text run at (0,1552) width 86: "SELECT INTO"
                  RenderText {#text} at (85,1552) size 4x15
                    text run at (85,1552) width 4: " "
                  RenderBR {BR} at (88,1564) size 1x0
                  RenderInline {A} at (0,0) size 117x15 [color=#0000EE]
                    RenderText {#text} at (0,1568) size 117x15
                      text run at (0,1568) width 117: "SET CONNECTION"
                  RenderText {#text} at (116,1568) size 4x15
                    text run at (116,1568) width 4: " "
                  RenderBR {BR} at (119,1580) size 1x0
                  RenderInline {A} at (0,0) size 293x15 [color=#0000EE]
                    RenderText {#text} at (0,1584) size 293x15
                      text run at (0,1584) width 293: "SET CURRENT DEFAULT TRANSFORM GROUP"
                  RenderText {#text} at (292,1584) size 5x15
                    text run at (292,1584) width 5: " "
                  RenderBR {BR} at (296,1596) size 1x0
                  RenderInline {A} at (0,0) size 151x15 [color=#0000EE]
                    RenderText {#text} at (0,1600) size 151x15
                      text run at (0,1600) width 151: "SET CURRENT DEGREE"
                  RenderText {#text} at (150,1600) size 5x15
                    text run at (150,1600) width 5: " "
                  RenderBR {BR} at (154,1612) size 1x0
                  RenderInline {A} at (0,0) size 194x15 [color=#0000EE]
                    RenderText {#text} at (0,1616) size 194x15
                      text run at (0,1616) width 194: "SET CURRENT EXPLAIN MODE"
                  RenderText {#text} at (193,1616) size 5x15
                    text run at (193,1616) width 5: " "
                  RenderBR {BR} at (197,1628) size 1x0
                  RenderInline {A} at (0,0) size 227x15 [color=#0000EE]
                    RenderText {#text} at (0,1632) size 227x15
                      text run at (0,1632) width 227: "SET CURRENT EXPLAIN SNAPSHOT"
                  RenderText {#text} at (226,1632) size 4x15
                    text run at (226,1632) width 4: " "
                  RenderBR {BR} at (229,1644) size 1x0
                  RenderInline {A} at (0,0) size 185x15 [color=#0000EE]
                    RenderText {#text} at (0,1648) size 185x15
                      text run at (0,1648) width 185: "SET CURRENT PACKAGESET"
                  RenderText {#text} at (184,1648) size 4x15
                    text run at (184,1648) width 4: " "
                  RenderBR {BR} at (187,1660) size 1x0
                  RenderInline {A} at (0,0) size 239x15 [color=#0000EE]
                    RenderText {#text} at (0,1664) size 239x15
                      text run at (0,1664) width 239: "SET CURRENT QUERY OPTIMIZATION"
                  RenderText {#text} at (238,1664) size 4x15
                    text run at (238,1664) width 4: " "
                  RenderBR {BR} at (241,1676) size 1x0
                  RenderInline {A} at (0,0) size 190x15 [color=#0000EE]
                    RenderText {#text} at (0,1680) size 190x15
                      text run at (0,1680) width 190: "SET CURRENT REFRESH AGE"
                  RenderText {#text} at (189,1680) size 4x15
                    text run at (189,1680) width 4: " "
                  RenderBR {BR} at (192,1692) size 1x0
                  RenderInline {A} at (0,0) size 183x15 [color=#0000EE]
                    RenderText {#text} at (0,1696) size 183x15
                      text run at (0,1696) width 183: "SET EVENT MONITOR STATE"
                  RenderText {#text} at (182,1696) size 5x15
                    text run at (182,1696) width 5: " "
                  RenderBR {BR} at (186,1708) size 1x0
                  RenderInline {A} at (0,0) size 99x15 [color=#0000EE]
                    RenderText {#text} at (0,1712) size 99x15
                      text run at (0,1712) width 99: "SET INTEGRITY"
                  RenderText {#text} at (98,1712) size 4x15
                    text run at (98,1712) width 4: " "
                  RenderBR {BR} at (101,1724) size 1x0
                  RenderInline {A} at (0,0) size 100x15 [color=#0000EE]
                    RenderText {#text} at (0,1728) size 100x15
                      text run at (0,1728) width 100: "SET PASSTHRU"
                  RenderText {#text} at (99,1728) size 5x15
                    text run at (99,1728) width 5: " "
                  RenderBR {BR} at (103,1740) size 1x0
                  RenderInline {A} at (0,0) size 64x15 [color=#0000EE]
                    RenderText {#text} at (0,1744) size 64x15
                      text run at (0,1744) width 64: "SET PATH"
                  RenderText {#text} at (63,1744) size 5x15
                    text run at (63,1744) width 5: " "
                  RenderBR {BR} at (67,1756) size 1x0
                  RenderInline {A} at (0,0) size 85x15 [color=#0000EE]
                    RenderText {#text} at (0,1760) size 85x15
                      text run at (0,1760) width 85: "SET SCHEMA"
                  RenderText {#text} at (84,1760) size 5x15
                    text run at (84,1760) width 5: " "
                  RenderBR {BR} at (88,1772) size 1x0
                  RenderInline {A} at (0,0) size 136x15 [color=#0000EE]
                    RenderText {#text} at (0,1776) size 136x15
                      text run at (0,1776) width 136: "SET SERVER OPTION"
                  RenderText {#text} at (135,1776) size 5x15
                    text run at (135,1776) width 5: " "
                  RenderBR {BR} at (139,1788) size 1x0
                  RenderInline {A} at (0,0) size 132x15 [color=#0000EE]
                    RenderText {#text} at (0,1792) size 132x15
                      text run at (0,1792) width 132: "SET transition-variable"
                  RenderText {#text} at (131,1792) size 5x15
                    text run at (131,1792) width 5: " "
                  RenderBR {BR} at (135,1804) size 1x0
                  RenderInline {A} at (0,0) size 120x15 [color=#0000EE]
                    RenderText {#text} at (0,1808) size 120x15
                      text run at (0,1808) width 120: "SIGNAL SQLSTATE"
                  RenderText {#text} at (119,1808) size 4x15
                    text run at (119,1808) width 4: " "
                  RenderBR {BR} at (122,1820) size 1x0
                  RenderInline {A} at (0,0) size 53x15 [color=#0000EE]
                    RenderText {#text} at (0,1824) size 53x15
                      text run at (0,1824) width 53: "UPDATE"
                  RenderText {#text} at (52,1824) size 5x15
                    text run at (52,1824) width 5: " "
                  RenderBR {BR} at (56,1836) size 1x0
                  RenderInline {A} at (0,0) size 52x15 [color=#0000EE]
                    RenderText {#text} at (0,1840) size 52x15
                      text run at (0,1840) width 52: "VALUES"
                  RenderText {#text} at (51,1840) size 4x15
                    text run at (51,1840) width 4: " "
                  RenderBR {BR} at (54,1852) size 1x0
                  RenderInline {A} at (0,0) size 86x15 [color=#0000EE]
                    RenderText {#text} at (0,1856) size 86x15
                      text run at (0,1856) width 86: "VALUES INTO"
                  RenderText {#text} at (85,1856) size 5x15
                    text run at (85,1856) width 5: " "
                  RenderBR {BR} at (89,1868) size 1x0
                  RenderInline {A} at (0,0) size 76x15 [color=#0000EE]
                    RenderText {#text} at (0,1872) size 76x15
                      text run at (0,1872) width 76: "WHENEVER"
                  RenderText {#text} at (0,0) size 0x0
                RenderBlock {P} at (0,7783) size 708x321
                  RenderInline {B} at (0,0) size 102x15
                    RenderInline {A} at (0,0) size 102x15 [color=#0000EE]
                      RenderText {#text} at (0,0) size 102x15
                        text run at (0,0) width 102: "SQL Procedures"
                  RenderBR {BR} at (101,12) size 1x0
                  RenderBR {BR} at (0,16) size 0x15
                  RenderInline {A} at (0,0) size 153x15 [color=#0000EE]
                    RenderText {#text} at (0,32) size 153x15
                      text run at (0,32) width 153: "SQL Procedure Statement"
                  RenderText {#text} at (152,32) size 5x15
                    text run at (152,32) width 5: " "
                  RenderBR {BR} at (156,44) size 1x0
                  RenderInline {A} at (0,0) size 191x15 [color=#0000EE]
                    RenderText {#text} at (0,48) size 191x15
                      text run at (0,48) width 191: "ALLOCATE CURSOR Statement"
                  RenderText {#text} at (190,48) size 5x15
                    text run at (190,48) width 5: " "
                  RenderBR {BR} at (194,60) size 1x0
                  RenderInline {A} at (0,0) size 131x15 [color=#0000EE]
                    RenderText {#text} at (0,64) size 131x15
                      text run at (0,64) width 131: "Assignment Statement"
                  RenderText {#text} at (130,64) size 5x15
                    text run at (130,64) width 5: " "
                  RenderBR {BR} at (134,76) size 1x0
                  RenderInline {A} at (0,0) size 213x15 [color=#0000EE]
                    RenderText {#text} at (0,80) size 213x15
                      text run at (0,80) width 213: "ASSOCIATE LOCATORS Statement"
                  RenderText {#text} at (212,80) size 5x15
                    text run at (212,80) width 5: " "
                  RenderBR {BR} at (216,92) size 1x0
                  RenderInline {A} at (0,0) size 99x15 [color=#0000EE]
                    RenderText {#text} at (0,96) size 99x15
                      text run at (0,96) width 99: "CASE Statement"
                  RenderText {#text} at (98,96) size 4x15
                    text run at (98,96) width 4: " "
                  RenderBR {BR} at (101,108) size 1x0
                  RenderInline {A} at (0,0) size 127x15 [color=#0000EE]
                    RenderText {#text} at (0,112) size 127x15
                      text run at (0,112) width 127: "Compound Statement"
                  RenderText {#text} at (126,112) size 5x15
                    text run at (126,112) width 5: " "
                  RenderBR {BR} at (130,124) size 1x0
                  RenderInline {A} at (0,0) size 91x15 [color=#0000EE]
                    RenderText {#text} at (0,128) size 91x15
                      text run at (0,128) width 91: "FOR Statement"
                  RenderText {#text} at (90,128) size 4x15
                    text run at (90,128) width 4: " "
                  RenderBR {BR} at (93,140) size 1x0
                  RenderInline {A} at (0,0) size 183x15 [color=#0000EE]
                    RenderText {#text} at (0,144) size 183x15
                      text run at (0,144) width 183: "GET DIAGNOSTICS Statement"
                  RenderText {#text} at (182,144) size 5x15
                    text run at (182,144) width 5: " "
                  RenderBR {BR} at (186,156) size 1x0
                  RenderInline {A} at (0,0) size 102x15 [color=#0000EE]
                    RenderText {#text} at (0,160) size 102x15
                      text run at (0,160) width 102: "GOTO Statement"
                  RenderText {#text} at (101,160) size 4x15
                    text run at (101,160) width 4: " "
                  RenderBR {BR} at (104,172) size 1x0
                  RenderInline {A} at (0,0) size 75x15 [color=#0000EE]
                    RenderText {#text} at (0,176) size 75x15
                      text run at (0,176) width 75: "IF Statement"
                  RenderText {#text} at (74,176) size 5x15
                    text run at (74,176) width 5: " "
                  RenderBR {BR} at (78,188) size 1x0
                  RenderInline {A} at (0,0) size 118x15 [color=#0000EE]
                    RenderText {#text} at (0,192) size 118x15
                      text run at (0,192) width 118: "ITERATE Statement"
                  RenderText {#text} at (117,192) size 5x15
                    text run at (117,192) width 5: " "
                  RenderBR {BR} at (121,204) size 1x0
                  RenderInline {A} at (0,0) size 105x15 [color=#0000EE]
                    RenderText {#text} at (0,208) size 105x15
                      text run at (0,208) width 105: "LEAVE Statement"
                  RenderText {#text} at (104,208) size 5x15
                    text run at (104,208) width 5: " "
                  RenderBR {BR} at (108,220) size 1x0
                  RenderInline {A} at (0,0) size 99x15 [color=#0000EE]
                    RenderText {#text} at (0,224) size 99x15
                      text run at (0,224) width 99: "LOOP Statement"
                  RenderText {#text} at (98,224) size 5x15
                    text run at (98,224) width 5: " "
                  RenderBR {BR} at (102,236) size 1x0
                  RenderInline {A} at (0,0) size 115x15 [color=#0000EE]
                    RenderText {#text} at (0,240) size 115x15
                      text run at (0,240) width 115: "REPEAT Statement"
                  RenderText {#text} at (114,240) size 5x15
                    text run at (114,240) width 5: " "
                  RenderBR {BR} at (118,252) size 1x0
                  RenderInline {A} at (0,0) size 129x15 [color=#0000EE]
                    RenderText {#text} at (0,256) size 129x15
                      text run at (0,256) width 129: "RESIGNAL Statement"
                  RenderText {#text} at (128,256) size 5x15
                    text run at (128,256) width 5: " "
                  RenderBR {BR} at (132,268) size 1x0
                  RenderInline {A} at (0,0) size 118x15 [color=#0000EE]
                    RenderText {#text} at (0,272) size 118x15
                      text run at (0,272) width 118: "RETURN Statement"
                  RenderText {#text} at (117,272) size 4x15
                    text run at (117,272) width 4: " "
                  RenderBR {BR} at (120,284) size 1x0
                  RenderInline {A} at (0,0) size 111x15 [color=#0000EE]
                    RenderText {#text} at (0,288) size 111x15
                      text run at (0,288) width 111: "SIGNAL Statement"
                  RenderText {#text} at (110,288) size 5x15
                    text run at (110,288) width 5: " "
                  RenderBR {BR} at (114,300) size 1x0
                  RenderInline {A} at (0,0) size 105x15 [color=#0000EE]
                    RenderText {#text} at (0,304) size 105x15
                      text run at (0,304) width 105: "WHILE Statement"
                  RenderText {#text} at (0,0) size 0x0
                RenderBlock {P} at (0,8116) size 708x17
                  RenderInline {B} at (0,0) size 149x15
                    RenderInline {A} at (0,0) size 149x15 [color=#0000EE]
                      RenderText {#text} at (0,0) size 149x15
                        text run at (0,0) width 149: "Appendix A. SQL Limits"
                  RenderBR {BR} at (148,12) size 1x0
                RenderBlock {P} at (0,8145) size 708x97
                  RenderInline {B} at (0,0) size 274x15
                    RenderInline {A} at (0,0) size 274x15 [color=#0000EE]
                      RenderText {#text} at (0,0) size 274x15
                        text run at (0,0) width 274: "Appendix B. SQL Communications (SQLCA)"
                  RenderBR {BR} at (273,12) size 1x0
                  RenderBR {BR} at (0,16) size 0x15
                  RenderInline {A} at (0,0) size 188x15 [color=#0000EE]
                    RenderText {#text} at (0,32) size 188x15
                      text run at (0,32) width 188: "Viewing the SQLCA Interactively"
                  RenderText {#text} at (187,32) size 5x15
                    text run at (187,32) width 5: " "
                  RenderBR {BR} at (191,44) size 1x0
                  RenderInline {A} at (0,0) size 151x15 [color=#0000EE]
                    RenderText {#text} at (0,48) size 151x15
                      text run at (0,48) width 151: "SQLCA Field Descriptions"
                  RenderText {#text} at (150,48) size 5x15
                    text run at (150,48) width 5: " "
                  RenderBR {BR} at (154,60) size 1x0
                  RenderInline {A} at (0,0) size 141x15 [color=#0000EE]
                    RenderText {#text} at (0,64) size 141x15
                      text run at (0,64) width 141: "Order of Error Reporting"
                  RenderText {#text} at (140,64) size 4x15
                    text run at (140,64) width 4: " "
                  RenderBR {BR} at (143,76) size 1x0
                  RenderInline {A} at (0,0) size 324x15 [color=#0000EE]
                    RenderText {#text} at (0,80) size 324x15
                      text run at (0,80) width 324: "DB2 Enterprise - Extended Edition Usage of the SQLCA"
                  RenderText {#text} at (0,0) size 0x0
                RenderBlock {P} at (0,8254) size 708x177
                  RenderInline {B} at (0,0) size 266x15
                    RenderInline {A} at (0,0) size 266x15 [color=#0000EE]
                      RenderText {#text} at (0,0) size 266x15
                        text run at (0,0) width 266: "Appendix C. SQL Descriptor Area (SQLDA)"
                  RenderBR {BR} at (265,12) size 1x0
                  RenderBR {BR} at (0,16) size 0x15
                  RenderInline {A} at (0,0) size 104x15 [color=#0000EE]
                    RenderText {#text} at (0,32) size 104x15
                      text run at (0,32) width 104: "Field Descriptions"
                  RenderText {#text} at (103,32) size 4x15
                    text run at (103,32) width 4: " "
                  RenderBR {BR} at (106,44) size 1x0
                  RenderInline {A} at (0,0) size 165x15 [color=#0000EE]
                    RenderText {#text} at (0,48) size 165x15
                      text run at (0,48) width 165: "Fields in the SQLDA Header"
                  RenderText {#text} at (164,48) size 4x15
                    text run at (164,48) width 4: " "
                  RenderBR {BR} at (167,60) size 1x0
                  RenderInline {A} at (0,0) size 253x15 [color=#0000EE]
                    RenderText {#text} at (0,64) size 253x15
                      text run at (0,64) width 253: "Fields in an Occurrence of a Base SQLVAR"
                  RenderText {#text} at (252,64) size 4x15
                    text run at (252,64) width 4: " "
                  RenderBR {BR} at (255,76) size 1x0
                  RenderInline {A} at (0,0) size 285x15 [color=#0000EE]
                    RenderText {#text} at (0,80) size 285x15
                      text run at (0,80) width 285: "Fields in an Occurrence of a Secondary SQLVAR"
                  RenderText {#text} at (284,80) size 5x15
                    text run at (284,80) width 5: " "
                  RenderBR {BR} at (288,92) size 1x0
                  RenderInline {A} at (0,0) size 206x15 [color=#0000EE]
                    RenderText {#text} at (0,96) size 206x15
                      text run at (0,96) width 206: "Effect of DESCRIBE on the SQLDA"
                  RenderText {#text} at (205,96) size 4x15
                    text run at (205,96) width 4: " "
                  RenderBR {BR} at (208,108) size 1x0
                  RenderInline {A} at (0,0) size 141x15 [color=#0000EE]
                    RenderText {#text} at (0,112) size 141x15
                      text run at (0,112) width 141: "SQLTYPE and SQLLEN"
                  RenderText {#text} at (140,112) size 4x15
                    text run at (140,112) width 4: " "
                  RenderBR {BR} at (143,124) size 1x0
                  RenderInline {A} at (0,0) size 256x15 [color=#0000EE]
                    RenderText {#text} at (0,128) size 256x15
                      text run at (0,128) width 256: "Unrecognized and Unsupported SQLTYPES"
                  RenderText {#text} at (255,128) size 5x15
                    text run at (255,128) width 5: " "
                  RenderBR {BR} at (259,140) size 1x0
                  RenderInline {A} at (0,0) size 151x15 [color=#0000EE]
                    RenderText {#text} at (0,144) size 151x15
                      text run at (0,144) width 151: "Packed Decimal Numbers"
                  RenderText {#text} at (150,144) size 4x15
                    text run at (150,144) width 4: " "
                  RenderBR {BR} at (153,156) size 1x0
                  RenderInline {A} at (0,0) size 153x15 [color=#0000EE]
                    RenderText {#text} at (0,160) size 153x15
                      text run at (0,160) width 153: "SQLLEN Field for Decimal"
                  RenderText {#text} at (0,0) size 0x0
                RenderBlock {P} at (0,8443) size 708x1169
                  RenderInline {B} at (0,0) size 168x15
                    RenderInline {A} at (0,0) size 168x15 [color=#0000EE]
                      RenderText {#text} at (0,0) size 168x15
                        text run at (0,0) width 168: "Appendix D. Catalog Views"
                  RenderBR {BR} at (167,12) size 1x0
                  RenderBR {BR} at (0,16) size 0x15
                  RenderInline {A} at (0,0) size 146x15 [color=#0000EE]
                    RenderText {#text} at (0,32) size 146x15
                      text run at (0,32) width 146: "Updatable Catalog Views"
                  RenderText {#text} at (145,32) size 5x15
                    text run at (145,32) width 5: " "
                  RenderBR {BR} at (149,44) size 1x0
                  RenderInline {A} at (0,0) size 163x15 [color=#0000EE]
                    RenderText {#text} at (0,48) size 163x15
                      text run at (0,48) width 163: "'Roadmap' to Catalog Views"
                  RenderText {#text} at (162,48) size 5x15
                    text run at (162,48) width 5: " "
                  RenderBR {BR} at (166,60) size 1x0
                  RenderInline {A} at (0,0) size 226x15 [color=#0000EE]
                    RenderText {#text} at (0,64) size 226x15
                      text run at (0,64) width 226: "'Roadmap' to Updatable Catalog Views"
                  RenderText {#text} at (225,64) size 4x15
                    text run at (225,64) width 4: " "
                  RenderBR {BR} at (228,76) size 1x0
                  RenderInline {A} at (0,0) size 136x15 [color=#0000EE]
                    RenderText {#text} at (0,80) size 136x15
                      text run at (0,80) width 136: "SYSIBM.SYSDUMMY1"
                  RenderText {#text} at (135,80) size 4x15
                    text run at (135,80) width 4: " "
                  RenderBR {BR} at (138,92) size 1x0
                  RenderInline {A} at (0,0) size 137x15 [color=#0000EE]
                    RenderText {#text} at (0,96) size 137x15
                      text run at (0,96) width 137: "SYSCAT.ATTRIBUTES"
                  RenderText {#text} at (136,96) size 5x15
                    text run at (136,96) width 5: " "
                  RenderBR {BR} at (140,108) size 1x0
                  RenderInline {A} at (0,0) size 190x15 [color=#0000EE]
                    RenderText {#text} at (0,112) size 190x15
                      text run at (0,112) width 190: "SYSCAT.BUFFERPOOLNODES"
                  RenderText {#text} at (189,112) size 5x15
                    text run at (189,112) width 5: " "
                  RenderBR {BR} at (193,124) size 1x0
                  RenderInline {A} at (0,0) size 153x15 [color=#0000EE]
                    RenderText {#text} at (0,128) size 153x15
                      text run at (0,128) width 153: "SYSCAT.BUFFERPOOLS"
                  RenderText {#text} at (152,128) size 5x15
                    text run at (152,128) width 5: " "
                  RenderBR {BR} at (156,140) size 1x0
                  RenderInline {A} at (0,0) size 167x15 [color=#0000EE]
                    RenderText {#text} at (0,144) size 167x15
                      text run at (0,144) width 167: "SYSCAT.CASTFUNCTIONS"
                  RenderText {#text} at (166,144) size 4x15
                    text run at (166,144) width 4: " "
                  RenderBR {BR} at (169,156) size 1x0
                  RenderInline {A} at (0,0) size 110x15 [color=#0000EE]
                    RenderText {#text} at (0,160) size 110x15
                      text run at (0,160) width 110: "SYSCAT.CHECKS"
                  RenderText {#text} at (109,160) size 5x15
                    text run at (109,160) width 5: " "
                  RenderBR {BR} at (113,172) size 1x0
                  RenderInline {A} at (0,0) size 118x15 [color=#0000EE]
                    RenderText {#text} at (0,176) size 118x15
                      text run at (0,176) width 118: "SYSCAT.COLAUTH"
                  RenderText {#text} at (117,176) size 5x15
                    text run at (117,176) width 5: " "
                  RenderBR {BR} at (121,188) size 1x0
                  RenderInline {A} at (0,0) size 137x15 [color=#0000EE]
                    RenderText {#text} at (0,192) size 137x15
                      text run at (0,192) width 137: "SYSCAT.COLCHECKS"
                  RenderText {#text} at (136,192) size 5x15
                    text run at (136,192) width 5: " "
                  RenderBR {BR} at (140,204) size 1x0
                  RenderInline {A} at (0,0) size 112x15 [color=#0000EE]
                    RenderText {#text} at (0,208) size 112x15
                      text run at (0,208) width 112: "SYSCAT.COLDIST"
                  RenderText {#text} at (111,208) size 5x15
                    text run at (111,208) width 5: " "
                  RenderBR {BR} at (115,220) size 1x0
                  RenderInline {A} at (0,0) size 141x15 [color=#0000EE]
                    RenderText {#text} at (0,224) size 141x15
                      text run at (0,224) width 141: "SYSCAT.COLOPTIONS"
                  RenderText {#text} at (140,224) size 5x15
                    text run at (140,224) width 5: " "
                  RenderBR {BR} at (144,236) size 1x0
                  RenderInline {A} at (0,0) size 121x15 [color=#0000EE]
                    RenderText {#text} at (0,240) size 121x15
                      text run at (0,240) width 121: "SYSCAT.COLUMNS"
                  RenderText {#text} at (120,240) size 5x15
                    text run at (120,240) width 5: " "
                  RenderBR {BR} at (124,252) size 1x0
                  RenderInline {A} at (0,0) size 128x15 [color=#0000EE]
                    RenderText {#text} at (0,256) size 128x15
                      text run at (0,256) width 128: "SYSCAT.CONSTDEP"
                  RenderText {#text} at (127,256) size 5x15
                    text run at (127,256) width 5: " "
                  RenderBR {BR} at (131,268) size 1x0
                  RenderInline {A} at (0,0) size 133x15 [color=#0000EE]
                    RenderText {#text} at (0,272) size 133x15
                      text run at (0,272) width 133: "SYSCAT.DATATYPES"
                  RenderText {#text} at (132,272) size 5x15
                    text run at (132,272) width 5: " "
                  RenderBR {BR} at (136,284) size 1x0
                  RenderInline {A} at (0,0) size 110x15 [color=#0000EE]
                    RenderText {#text} at (0,288) size 110x15
                      text run at (0,288) width 110: "SYSCAT.DBAUTH"
                  RenderText {#text} at (109,288) size 4x15
                    text run at (109,288) width 4: " "
                  RenderBR {BR} at (112,300) size 1x0
                  RenderInline {A} at (0,0) size 170x15 [color=#0000EE]
                    RenderText {#text} at (0,304) size 170x15
                      text run at (0,304) width 170: "SYSCAT.EVENTMONITORS"
                  RenderText {#text} at (169,304) size 4x15
                    text run at (169,304) width 4: " "
                  RenderBR {BR} at (172,316) size 1x0
                  RenderInline {A} at (0,0) size 108x15 [color=#0000EE]
                    RenderText {#text} at (0,320) size 108x15
                      text run at (0,320) width 108: "SYSCAT.EVENTS"
                  RenderText {#text} at (107,320) size 5x15
                    text run at (107,320) width 5: " "
                  RenderBR {BR} at (111,332) size 1x0
                  RenderInline {A} at (0,0) size 177x15 [color=#0000EE]
                    RenderText {#text} at (0,336) size 177x15
                      text run at (0,336) width 177: "SYSCAT.FULLHIERARCHIES"
                  RenderText {#text} at (176,336) size 4x15
                    text run at (176,336) width 4: " "
                  RenderBR {BR} at (179,348) size 1x0
                  RenderInline {A} at (0,0) size 119x15 [color=#0000EE]
                    RenderText {#text} at (0,352) size 119x15
                      text run at (0,352) width 119: "SYSCAT.FUNCDEP"
                  RenderText {#text} at (118,352) size 5x15
                    text run at (118,352) width 5: " "
                  RenderBR {BR} at (122,364) size 1x0
                  RenderInline {A} at (0,0) size 179x15 [color=#0000EE]
                    RenderText {#text} at (0,368) size 179x15
                      text run at (0,368) width 179: "SYSCAT.FUNCMAPOPTIONS"
                  RenderText {#text} at (178,368) size 5x15
                    text run at (178,368) width 5: " "
                  RenderBR {BR} at (182,380) size 1x0
                  RenderInline {A} at (0,0) size 216x15 [color=#0000EE]
                    RenderText {#text} at (0,384) size 216x15
                      text run at (0,384) width 216: "SYSCAT.FUNCMAPPARMOPTIONS"
                  RenderText {#text} at (215,384) size 5x15
                    text run at (215,384) width 5: " "
                  RenderBR {BR} at (219,396) size 1x0
                  RenderInline {A} at (0,0) size 161x15 [color=#0000EE]
                    RenderText {#text} at (0,400) size 161x15
                      text run at (0,400) width 161: "SYSCAT.FUNCMAPPINGS"
                  RenderText {#text} at (160,400) size 4x15
                    text run at (160,400) width 4: " "
                  RenderBR {BR} at (163,412) size 1x0
                  RenderInline {A} at (0,0) size 138x15 [color=#0000EE]
                    RenderText {#text} at (0,416) size 138x15
                      text run at (0,416) width 138: "SYSCAT.FUNCPARMS"
                  RenderText {#text} at (137,416) size 5x15
                    text run at (137,416) width 5: " "
                  RenderBR {BR} at (141,428) size 1x0
                  RenderInline {A} at (0,0) size 132x15 [color=#0000EE]
                    RenderText {#text} at (0,432) size 132x15
                      text run at (0,432) width 132: "SYSCAT.FUNCTIONS"
                  RenderText {#text} at (131,432) size 5x15
                    text run at (131,432) width 5: " "
                  RenderBR {BR} at (135,444) size 1x0
                  RenderInline {A} at (0,0) size 145x15 [color=#0000EE]
                    RenderText {#text} at (0,448) size 145x15
                      text run at (0,448) width 145: "SYSCAT.HIERARCHIES"
                  RenderText {#text} at (144,448) size 5x15
                    text run at (144,448) width 5: " "
                  RenderBR {BR} at (148,460) size 1x0
                  RenderInline {A} at (0,0) size 131x15 [color=#0000EE]
                    RenderText {#text} at (0,464) size 131x15
                      text run at (0,464) width 131: "SYSCAT.INDEXAUTH"
                  RenderText {#text} at (130,464) size 5x15
                    text run at (130,464) width 5: " "
                  RenderBR {BR} at (134,476) size 1x0
                  RenderInline {A} at (0,0) size 149x15 [color=#0000EE]
                    RenderText {#text} at (0,480) size 149x15
                      text run at (0,480) width 149: "SYSCAT.INDEXCOLUSE"
                  RenderText {#text} at (148,480) size 5x15
                    text run at (148,480) width 5: " "
                  RenderBR {BR} at (152,492) size 1x0
                  RenderInline {A} at (0,0) size 123x15 [color=#0000EE]
                    RenderText {#text} at (0,496) size 123x15
                      text run at (0,496) width 123: "SYSCAT.INDEXDEP"
                  RenderText {#text} at (122,496) size 4x15
                    text run at (122,496) width 4: " "
                  RenderBR {BR} at (125,508) size 1x0
                  RenderInline {A} at (0,0) size 113x15 [color=#0000EE]
                    RenderText {#text} at (0,512) size 113x15
                      text run at (0,512) width 113: "SYSCAT.INDEXES"
                  RenderText {#text} at (112,512) size 5x15
                    text run at (112,512) width 5: " "
                  RenderBR {BR} at (116,524) size 1x0
                  RenderInline {A} at (0,0) size 154x15 [color=#0000EE]
                    RenderText {#text} at (0,528) size 154x15
                      text run at (0,528) width 154: "SYSCAT.INDEXOPTIONS"
                  RenderText {#text} at (153,528) size 5x15
                    text run at (153,528) width 5: " "
                  RenderBR {BR} at (157,540) size 1x0
                  RenderInline {A} at (0,0) size 136x15 [color=#0000EE]
                    RenderText {#text} at (0,544) size 136x15
                      text run at (0,544) width 136: "SYSCAT.KEYCOLUSE"
                  RenderText {#text} at (135,544) size 4x15
                    text run at (135,544) width 4: " "
                  RenderBR {BR} at (138,556) size 1x0
                  RenderInline {A} at (0,0) size 162x15 [color=#0000EE]
                    RenderText {#text} at (0,560) size 162x15
                      text run at (0,560) width 162: "SYSCAT.NAMEMAPPINGS"
                  RenderText {#text} at (161,560) size 5x15
                    text run at (161,560) width 5: " "
                  RenderBR {BR} at (165,572) size 1x0
                  RenderInline {A} at (0,0) size 167x15 [color=#0000EE]
                    RenderText {#text} at (0,576) size 167x15
                      text run at (0,576) width 167: "SYSCAT.NODEGROUPDEF"
                  RenderText {#text} at (166,576) size 5x15
                    text run at (166,576) width 5: " "
                  RenderBR {BR} at (170,588) size 1x0
                  RenderInline {A} at (0,0) size 150x15 [color=#0000EE]
                    RenderText {#text} at (0,592) size 150x15
                      text run at (0,592) width 150: "SYSCAT.NODEGROUPS"
                  RenderText {#text} at (149,592) size 5x15
                    text run at (149,592) width 5: " "
                  RenderBR {BR} at (153,604) size 1x0
                  RenderInline {A} at (0,0) size 154x15 [color=#0000EE]
                    RenderText {#text} at (0,608) size 154x15
                      text run at (0,608) width 154: "SYSCAT.PACKAGEAUTH"
                  RenderText {#text} at (153,608) size 5x15
                    text run at (153,608) width 5: " "
                  RenderBR {BR} at (157,620) size 1x0
                  RenderInline {A} at (0,0) size 146x15 [color=#0000EE]
                    RenderText {#text} at (0,624) size 146x15
                      text run at (0,624) width 146: "SYSCAT.PACKAGEDEP"
                  RenderText {#text} at (145,624) size 4x15
                    text run at (145,624) width 4: " "
                  RenderBR {BR} at (148,636) size 1x0
                  RenderInline {A} at (0,0) size 128x15 [color=#0000EE]
                    RenderText {#text} at (0,640) size 128x15
                      text run at (0,640) width 128: "SYSCAT.PACKAGES"
                  RenderText {#text} at (127,640) size 4x15
                    text run at (127,640) width 4: " "
                  RenderBR {BR} at (130,652) size 1x0
                  RenderInline {A} at (0,0) size 162x15 [color=#0000EE]
                    RenderText {#text} at (0,656) size 162x15
                      text run at (0,656) width 162: "SYSCAT.PARTITIONMAPS"
                  RenderText {#text} at (161,656) size 5x15
                    text run at (161,656) width 5: " "
                  RenderBR {BR} at (165,668) size 1x0
                  RenderInline {A} at (0,0) size 162x15 [color=#0000EE]
                    RenderText {#text} at (0,672) size 162x15
                      text run at (0,672) width 162: "SYSCAT.PASSTHRUAUTH"
                  RenderText {#text} at (161,672) size 5x15
                    text run at (161,672) width 5: " "
                  RenderBR {BR} at (165,684) size 1x0
                  RenderInline {A} at (0,0) size 148x15 [color=#0000EE]
                    RenderText {#text} at (0,688) size 148x15
                      text run at (0,688) width 148: "SYSCAT.PROCEDURES"
                  RenderText {#text} at (147,688) size 4x15
                    text run at (147,688) width 4: " "
                  RenderBR {BR} at (150,700) size 1x0
                  RenderInline {A} at (0,0) size 152x15 [color=#0000EE]
                    RenderText {#text} at (0,704) size 152x15
                      text run at (0,704) width 152: "SYSCAT.PROCOPTIONS"
                  RenderText {#text} at (151,704) size 5x15
                    text run at (151,704) width 5: " "
                  RenderBR {BR} at (155,716) size 1x0
                  RenderInline {A} at (0,0) size 190x15 [color=#0000EE]
                    RenderText {#text} at (0,720) size 190x15
                      text run at (0,720) width 190: "SYSCAT.PROCPARMOPTIONS"
                  RenderText {#text} at (189,720) size 4x15
                    text run at (189,720) width 4: " "
                  RenderBR {BR} at (192,732) size 1x0
                  RenderInline {A} at (0,0) size 140x15 [color=#0000EE]
                    RenderText {#text} at (0,736) size 140x15
                      text run at (0,736) width 140: "SYSCAT.PROCPARMS"
                  RenderText {#text} at (139,736) size 5x15
                    text run at (139,736) width 5: " "
                  RenderBR {BR} at (143,748) size 1x0
                  RenderInline {A} at (0,0) size 145x15 [color=#0000EE]
                    RenderText {#text} at (0,752) size 145x15
                      text run at (0,752) width 145: "SYSCAT.REFERENCES"
                  RenderText {#text} at (144,752) size 5x15
                    text run at (144,752) width 5: " "
                  RenderBR {BR} at (148,764) size 1x0
                  RenderInline {A} at (0,0) size 185x15 [color=#0000EE]
                    RenderText {#text} at (0,768) size 185x15
                      text run at (0,768) width 185: "SYSCAT.REVTYPEMAPPINGS"
                  RenderText {#text} at (184,768) size 5x15
                    text run at (184,768) width 5: " "
                  RenderBR {BR} at (188,780) size 1x0
                  RenderInline {A} at (0,0) size 147x15 [color=#0000EE]
                    RenderText {#text} at (0,784) size 147x15
                      text run at (0,784) width 147: "SYSCAT.SCHEMAAUTH"
                  RenderText {#text} at (146,784) size 5x15
                    text run at (146,784) width 5: " "
                  RenderBR {BR} at (150,796) size 1x0
                  RenderInline {A} at (0,0) size 128x15 [color=#0000EE]
                    RenderText {#text} at (0,800) size 128x15
                      text run at (0,800) width 128: "SYSCAT.SCHEMATA"
                  RenderText {#text} at (127,800) size 5x15
                    text run at (127,800) width 5: " "
                  RenderBR {BR} at (131,812) size 1x0
                  RenderInline {A} at (0,0) size 168x15 [color=#0000EE]
                    RenderText {#text} at (0,816) size 168x15
                      text run at (0,816) width 168: "SYSCAT.SERVEROPTIONS"
                  RenderText {#text} at (167,816) size 5x15
                    text run at (167,816) width 5: " "
                  RenderBR {BR} at (171,828) size 1x0
                  RenderInline {A} at (0,0) size 118x15 [color=#0000EE]
                    RenderText {#text} at (0,832) size 118x15
                      text run at (0,832) width 118: "SYSCAT.SERVERS"
                  RenderText {#text} at (117,832) size 5x15
                    text run at (117,832) width 5: " "
                  RenderBR {BR} at (121,844) size 1x0
                  RenderInline {A} at (0,0) size 144x15 [color=#0000EE]
                    RenderText {#text} at (0,848) size 144x15
                      text run at (0,848) width 144: "SYSCAT.STATEMENTS"
                  RenderText {#text} at (143,848) size 4x15
                    text run at (143,848) width 4: " "
                  RenderBR {BR} at (146,860) size 1x0
                  RenderInline {A} at (0,0) size 117x15 [color=#0000EE]
                    RenderText {#text} at (0,864) size 117x15
                      text run at (0,864) width 117: "SYSCAT.TABAUTH"
                  RenderText {#text} at (116,864) size 4x15
                    text run at (116,864) width 4: " "
                  RenderBR {BR} at (119,876) size 1x0
                  RenderInline {A} at (0,0) size 127x15 [color=#0000EE]
                    RenderText {#text} at (0,880) size 127x15
                      text run at (0,880) width 127: "SYSCAT.TABCONST"
                  RenderText {#text} at (126,880) size 5x15
                    text run at (126,880) width 5: " "
                  RenderBR {BR} at (130,892) size 1x0
                  RenderInline {A} at (0,0) size 106x15 [color=#0000EE]
                    RenderText {#text} at (0,896) size 106x15
                      text run at (0,896) width 106: "SYSCAT.TABLES"
                  RenderText {#text} at (105,896) size 5x15
                    text run at (105,896) width 5: " "
                  RenderBR {BR} at (109,908) size 1x0
                  RenderInline {A} at (0,0) size 150x15 [color=#0000EE]
                    RenderText {#text} at (0,912) size 150x15
                      text run at (0,912) width 150: "SYSCAT.TABLESPACES"
                  RenderText {#text} at (149,912) size 5x15
                    text run at (149,912) width 5: " "
                  RenderBR {BR} at (153,924) size 1x0
                  RenderInline {A} at (0,0) size 140x15 [color=#0000EE]
                    RenderText {#text} at (0,928) size 140x15
                      text run at (0,928) width 140: "SYSCAT.TABOPTIONS"
                  RenderText {#text} at (139,928) size 5x15
                    text run at (139,928) width 5: " "
                  RenderBR {BR} at (143,940) size 1x0
                  RenderInline {A} at (0,0) size 152x15 [color=#0000EE]
                    RenderText {#text} at (0,944) size 152x15
                      text run at (0,944) width 152: "SYSCAT.TBSPACEAUTH"
                  RenderText {#text} at (151,944) size 5x15
                    text run at (151,944) width 5: " "
                  RenderBR {BR} at (155,956) size 1x0
                  RenderInline {A} at (0,0) size 114x15 [color=#0000EE]
                    RenderText {#text} at (0,960) size 114x15
                      text run at (0,960) width 114: "SYSCAT.TRIGDEP"
                  RenderText {#text} at (113,960) size 5x15
                    text run at (113,960) width 5: " "
                  RenderBR {BR} at (117,972) size 1x0
                  RenderInline {A} at (0,0) size 124x15 [color=#0000EE]
                    RenderText {#text} at (0,976) size 124x15
                      text run at (0,976) width 124: "SYSCAT.TRIGGERS"
                  RenderText {#text} at (123,976) size 5x15
                    text run at (123,976) width 5: " "
                  RenderBR {BR} at (127,988) size 1x0
                  RenderInline {A} at (0,0) size 159x15 [color=#0000EE]
                    RenderText {#text} at (0,992) size 159x15
                      text run at (0,992) width 159: "SYSCAT.TYPEMAPPINGS"
                  RenderText {#text} at (158,992) size 4x15
                    text run at (158,992) width 4: " "
                  RenderBR {BR} at (161,1004) size 1x0
                  RenderInline {A} at (0,0) size 151x15 [color=#0000EE]
                    RenderText {#text} at (0,1008) size 151x15
                      text run at (0,1008) width 151: "SYSCAT.USEROPTIONS"
                  RenderText {#text} at (150,1008) size 4x15
                    text run at (150,1008) width 4: " "
                  RenderBR {BR} at (153,1020) size 1x0
                  RenderInline {A} at (0,0) size 116x15 [color=#0000EE]
                    RenderText {#text} at (0,1024) size 116x15
                      text run at (0,1024) width 116: "SYSCAT.VIEWDEP"
                  RenderText {#text} at (115,1024) size 5x15
                    text run at (115,1024) width 5: " "
                  RenderBR {BR} at (119,1036) size 1x0
                  RenderInline {A} at (0,0) size 98x15 [color=#0000EE]
                    RenderText {#text} at (0,1040) size 98x15
                      text run at (0,1040) width 98: "SYSCAT.VIEWS"
                  RenderText {#text} at (97,1040) size 5x15
                    text run at (97,1040) width 5: " "
                  RenderBR {BR} at (101,1052) size 1x0
                  RenderInline {A} at (0,0) size 154x15 [color=#0000EE]
                    RenderText {#text} at (0,1056) size 154x15
                      text run at (0,1056) width 154: "SYSCAT.WRAPOPTIONS"
                  RenderText {#text} at (153,1056) size 4x15
                    text run at (153,1056) width 4: " "
                  RenderBR {BR} at (156,1068) size 1x0
                  RenderInline {A} at (0,0) size 131x15 [color=#0000EE]
                    RenderText {#text} at (0,1072) size 131x15
                      text run at (0,1072) width 131: "SYSCAT.WRAPPERS"
                  RenderText {#text} at (130,1072) size 4x15
                    text run at (130,1072) width 4: " "
                  RenderBR {BR} at (133,1084) size 1x0
                  RenderInline {A} at (0,0) size 120x15 [color=#0000EE]
                    RenderText {#text} at (0,1088) size 120x15
                      text run at (0,1088) width 120: "SYSSTAT.COLDIST"
                  RenderText {#text} at (119,1088) size 4x15
                    text run at (119,1088) width 4: " "
                  RenderBR {BR} at (122,1100) size 1x0
                  RenderInline {A} at (0,0) size 128x15 [color=#0000EE]
                    RenderText {#text} at (0,1104) size 128x15
                      text run at (0,1104) width 128: "SYSSTAT.COLUMNS"
                  RenderText {#text} at (127,1104) size 5x15
                    text run at (127,1104) width 5: " "
                  RenderBR {BR} at (131,1116) size 1x0
                  RenderInline {A} at (0,0) size 139x15 [color=#0000EE]
                    RenderText {#text} at (0,1120) size 139x15
                      text run at (0,1120) width 139: "SYSSTAT.FUNCTIONS"
                  RenderText {#text} at (138,1120) size 5x15
                    text run at (138,1120) width 5: " "
                  RenderBR {BR} at (142,1132) size 1x0
                  RenderInline {A} at (0,0) size 120x15 [color=#0000EE]
                    RenderText {#text} at (0,1136) size 120x15
                      text run at (0,1136) width 120: "SYSSTAT.INDEXES"
                  RenderText {#text} at (119,1136) size 5x15
                    text run at (119,1136) width 5: " "
                  RenderBR {BR} at (123,1148) size 1x0
                  RenderInline {A} at (0,0) size 113x15 [color=#0000EE]
                    RenderText {#text} at (0,1152) size 113x15
                      text run at (0,1152) width 113: "SYSSTAT.TABLES"
                  RenderText {#text} at (0,0) size 0x0
                RenderBlock {P} at (0,9624) size 708x177
                  RenderInline {B} at (0,0) size 362x15
                    RenderInline {A} at (0,0) size 362x15 [color=#0000EE]
                      RenderText {#text} at (0,0) size 362x15
                        text run at (0,0) width 362: "Appendix E. Catalog Views For Use With Structured Types"
                  RenderBR {BR} at (361,12) size 1x0
                  RenderBR {BR} at (0,16) size 0x15
                  RenderInline {A} at (0,0) size 163x15 [color=#0000EE]
                    RenderText {#text} at (0,32) size 163x15
                      text run at (0,32) width 163: "'Roadmap' to Catalog Views"
                  RenderText {#text} at (162,32) size 5x15
                    text run at (162,32) width 5: " "
                  RenderBR {BR} at (166,44) size 1x0
                  RenderInline {A} at (0,0) size 112x15 [color=#0000EE]
                    RenderText {#text} at (0,48) size 112x15
                      text run at (0,48) width 112: "OBJCAT.INDEXES"
                  RenderText {#text} at (111,48) size 5x15
                    text run at (111,48) width 5: " "
                  RenderBR {BR} at (115,60) size 1x0
                  RenderInline {A} at (0,0) size 193x15 [color=#0000EE]
                    RenderText {#text} at (0,64) size 193x15
                      text run at (0,64) width 193: "OBJCAT.INDEXEXPLOITRULES"
                  RenderText {#text} at (192,64) size 5x15
                    text run at (192,64) width 5: " "
                  RenderBR {BR} at (196,76) size 1x0
                  RenderInline {A} at (0,0) size 197x15 [color=#0000EE]
                    RenderText {#text} at (0,80) size 197x15
                      text run at (0,80) width 197: "OBJCAT.INDEXEXTENSIONDEP"
                  RenderText {#text} at (196,80) size 5x15
                    text run at (196,80) width 5: " "
                  RenderBR {BR} at (200,92) size 1x0
                  RenderInline {A} at (0,0) size 235x15 [color=#0000EE]
                    RenderText {#text} at (0,96) size 235x15
                      text run at (0,96) width 235: "OBJCAT.INDEXEXTENSIONMETHODS"
                  RenderText {#text} at (234,96) size 5x15
                    text run at (234,96) width 5: " "
                  RenderBR {BR} at (238,108) size 1x0
                  RenderInline {A} at (0,0) size 216x15 [color=#0000EE]
                    RenderText {#text} at (0,112) size 216x15
                      text run at (0,112) width 216: "OBJCAT.INDEXEXTENSIONPARMS"
                  RenderText {#text} at (215,112) size 5x15
                    text run at (215,112) width 5: " "
                  RenderBR {BR} at (219,124) size 1x0
                  RenderInline {A} at (0,0) size 179x15 [color=#0000EE]
                    RenderText {#text} at (0,128) size 179x15
                      text run at (0,128) width 179: "OBJCAT.INDEXEXTENSIONS"
                  RenderText {#text} at (178,128) size 5x15
                    text run at (178,128) width 5: " "
                  RenderBR {BR} at (182,140) size 1x0
                  RenderInline {A} at (0,0) size 174x15 [color=#0000EE]
                    RenderText {#text} at (0,144) size 174x15
                      text run at (0,144) width 174: "OBJCAT.PREDICATESPECS"
                  RenderText {#text} at (173,144) size 4x15
                    text run at (173,144) width 4: " "
                  RenderBR {BR} at (176,156) size 1x0
                  RenderInline {A} at (0,0) size 146x15 [color=#0000EE]
                    RenderText {#text} at (0,160) size 146x15
                      text run at (0,160) width 146: "OBJCAT.TRANSFORMS"
                  RenderText {#text} at (0,0) size 0x0
                RenderBlock {P} at (0,9813) size 708x257
                  RenderInline {B} at (0,0) size 198x15
                    RenderInline {A} at (0,0) size 198x15 [color=#0000EE]
                      RenderText {#text} at (0,0) size 198x15
                        text run at (0,0) width 198: "Appendix F. Federated Systems"
                  RenderBR {BR} at (197,12) size 1x0
                  RenderBR {BR} at (0,16) size 0x15
                  RenderInline {A} at (0,0) size 78x15 [color=#0000EE]
                    RenderText {#text} at (0,32) size 78x15
                      text run at (0,32) width 78: "Server Types"
                  RenderText {#text} at (77,32) size 4x15
                    text run at (77,32) width 4: " "
                  RenderBR {BR} at (80,44) size 1x0
                  RenderInline {A} at (0,0) size 210x15 [color=#0000EE]
                    RenderText {#text} at (0,48) size 210x15
                      text run at (0,48) width 210: "SQL Options for Federated Systems"
                  RenderText {#text} at (209,48) size 5x15
                    text run at (209,48) width 5: " "
                  RenderBR {BR} at (213,60) size 1x0
                  RenderInline {A} at (0,0) size 94x15 [color=#0000EE]
                    RenderText {#text} at (0,64) size 94x15
                      text run at (0,64) width 94: "Column Options"
                  RenderText {#text} at (93,64) size 4x15
                    text run at (93,64) width 4: " "
                  RenderBR {BR} at (96,76) size 1x0
                  RenderInline {A} at (0,0) size 152x15 [color=#0000EE]
                    RenderText {#text} at (0,80) size 152x15
                      text run at (0,80) width 152: "Function Mapping Options"
                  RenderText {#text} at (151,80) size 5x15
                    text run at (151,80) width 5: " "
                  RenderBR {BR} at (155,92) size 1x0
                  RenderInline {A} at (0,0) size 87x15 [color=#0000EE]
                    RenderText {#text} at (0,96) size 87x15
                      text run at (0,96) width 87: "Server Options"
                  RenderText {#text} at (86,96) size 5x15
                    text run at (86,96) width 5: " "
                  RenderBR {BR} at (90,108) size 1x0
                  RenderInline {A} at (0,0) size 76x15 [color=#0000EE]
                    RenderText {#text} at (0,112) size 76x15
                      text run at (0,112) width 76: "User Options"
                  RenderText {#text} at (75,112) size 5x15
                    text run at (75,112) width 5: " "
                  RenderBR {BR} at (79,124) size 1x0
                  RenderInline {A} at (0,0) size 165x15 [color=#0000EE]
                    RenderText {#text} at (0,128) size 165x15
                      text run at (0,128) width 165: "Default Data Type Mappings"
                  RenderText {#text} at (164,128) size 5x15
                    text run at (164,128) width 5: " "
                  RenderBR {BR} at (168,140) size 1x0
                  RenderInline {A} at (0,0) size 679x15 [color=#0000EE]
                    RenderText {#text} at (0,144) size 679x15
                      text run at (0,144) width 679: "Default Type Mappings between DB2 and DB2 Universal Database for OS/390 (and DB2 for MVS/ESA) Data Sources"
                  RenderText {#text} at (678,144) size 5x15
                    text run at (678,144) width 5: " "
                  RenderBR {BR} at (682,156) size 1x0
                  RenderInline {A} at (0,0) size 646x15 [color=#0000EE]
                    RenderText {#text} at (0,160) size 646x15
                      text run at (0,160) width 646: "Default Type Mappings between DB2 and 2 Universal Database for AS/400 (and DB2 for OS/400) Data Sources"
                  RenderText {#text} at (645,160) size 4x15
                    text run at (645,160) width 4: " "
                  RenderBR {BR} at (648,172) size 1x0
                  RenderInline {A} at (0,0) size 365x15 [color=#0000EE]
                    RenderText {#text} at (0,176) size 365x15
                      text run at (0,176) width 365: "Default Type Mappings between DB2 and Oracle Data Sources"
                  RenderText {#text} at (364,176) size 5x15
                    text run at (364,176) width 5: " "
                  RenderBR {BR} at (368,188) size 1x0
                  RenderInline {A} at (0,0) size 534x15 [color=#0000EE]
                    RenderText {#text} at (0,192) size 534x15
                      text run at (0,192) width 534: "Default Type Mappings between DB2 and DB2 for VM and VSE (and SQL/DS) Data Sources"
                  RenderText {#text} at (533,192) size 5x15
                    text run at (533,192) width 5: " "
                  RenderBR {BR} at (537,204) size 1x0
                  RenderInline {A} at (0,0) size 194x15 [color=#0000EE]
                    RenderText {#text} at (0,208) size 194x15
                      text run at (0,208) width 194: "Pass-Through Facility Processing"
                  RenderText {#text} at (193,208) size 5x15
                    text run at (193,208) width 5: " "
                  RenderBR {BR} at (197,220) size 1x0
                  RenderInline {A} at (0,0) size 250x15 [color=#0000EE]
                    RenderText {#text} at (0,224) size 250x15
                      text run at (0,224) width 250: "SQL Processing in Pass-Through Sessions"
                  RenderText {#text} at (249,224) size 4x15
                    text run at (249,224) width 4: " "
                  RenderBR {BR} at (252,236) size 1x0
                  RenderInline {A} at (0,0) size 184x15 [color=#0000EE]
                    RenderText {#text} at (0,240) size 184x15
                      text run at (0,240) width 184: "Considerations and Restrictions"
                  RenderText {#text} at (0,0) size 0x0
                RenderBlock {P} at (0,10082) size 708x417
                  RenderInline {B} at (0,0) size 233x15
                    RenderInline {A} at (0,0) size 233x15 [color=#0000EE]
                      RenderText {#text} at (0,0) size 233x15
                        text run at (0,0) width 233: "Appendix G. Sample Database Tables"
                  RenderBR {BR} at (232,12) size 1x0
                  RenderBR {BR} at (0,16) size 0x15
                  RenderInline {A} at (0,0) size 130x15 [color=#0000EE]
                    RenderText {#text} at (0,32) size 130x15
                      text run at (0,32) width 130: "The Sample Database"
                  RenderText {#text} at (129,32) size 4x15
                    text run at (129,32) width 4: " "
                  RenderBR {BR} at (132,44) size 1x0
                  RenderInline {A} at (0,0) size 187x15 [color=#0000EE]
                    RenderText {#text} at (0,48) size 187x15
                      text run at (0,48) width 187: "To Create the Sample Database"
                  RenderText {#text} at (186,48) size 5x15
                    text run at (186,48) width 5: " "
                  RenderBR {BR} at (190,60) size 1x0
                  RenderInline {A} at (0,0) size 182x15 [color=#0000EE]
                    RenderText {#text} at (0,64) size 182x15
                      text run at (0,64) width 182: "To Erase the Sample Database"
                  RenderText {#text} at (181,64) size 4x15
                    text run at (181,64) width 4: " "
                  RenderBR {BR} at (184,76) size 1x0
                  RenderInline {A} at (0,0) size 106x15 [color=#0000EE]
                    RenderText {#text} at (0,80) size 106x15
                      text run at (0,80) width 106: "CL_SCHED Table"
                  RenderText {#text} at (105,80) size 5x15
                    text run at (105,80) width 5: " "
                  RenderBR {BR} at (109,92) size 1x0
                  RenderInline {A} at (0,0) size 126x15 [color=#0000EE]
                    RenderText {#text} at (0,96) size 126x15
                      text run at (0,96) width 126: "DEPARTMENT Table"
                  RenderText {#text} at (125,96) size 5x15
                    text run at (125,96) width 5: " "
                  RenderBR {BR} at (129,108) size 1x0
                  RenderInline {A} at (0,0) size 108x15 [color=#0000EE]
                    RenderText {#text} at (0,112) size 108x15
                      text run at (0,112) width 108: "EMPLOYEE Table"
                  RenderText {#text} at (107,112) size 5x15
                    text run at (107,112) width 5: " "
                  RenderBR {BR} at (111,124) size 1x0
                  RenderInline {A} at (0,0) size 98x15 [color=#0000EE]
                    RenderText {#text} at (0,128) size 98x15
                      text run at (0,128) width 98: "EMP_ACT Table"
                  RenderText {#text} at (97,128) size 5x15
                    text run at (97,128) width 5: " "
                  RenderBR {BR} at (101,140) size 1x0
                  RenderInline {A} at (0,0) size 118x15 [color=#0000EE]
                    RenderText {#text} at (0,144) size 118x15
                      text run at (0,144) width 118: "EMP_PHOTO Table"
                  RenderText {#text} at (117,144) size 5x15
                    text run at (117,144) width 5: " "
                  RenderBR {BR} at (121,156) size 1x0
                  RenderInline {A} at (0,0) size 128x15 [color=#0000EE]
                    RenderText {#text} at (0,160) size 128x15
                      text run at (0,160) width 128: "EMP_RESUME Table"
                  RenderText {#text} at (127,160) size 4x15
                    text run at (127,160) width 4: " "
                  RenderBR {BR} at (130,172) size 1x0
                  RenderInline {A} at (0,0) size 92x15 [color=#0000EE]
                    RenderText {#text} at (0,176) size 92x15
                      text run at (0,176) width 92: "IN_TRAY Table"
                  RenderText {#text} at (91,176) size 4x15
                    text run at (91,176) width 4: " "
                  RenderBR {BR} at (94,188) size 1x0
                  RenderInline {A} at (0,0) size 66x15 [color=#0000EE]
                    RenderText {#text} at (0,192) size 66x15
                      text run at (0,192) width 66: "ORG Table"
                  RenderText {#text} at (65,192) size 5x15
                    text run at (65,192) width 5: " "
                  RenderBR {BR} at (69,204) size 1x0
                  RenderInline {A} at (0,0) size 97x15 [color=#0000EE]
                    RenderText {#text} at (0,208) size 97x15
                      text run at (0,208) width 97: "PROJECT Table"
                  RenderText {#text} at (96,208) size 5x15
                    text run at (96,208) width 5: " "
                  RenderBR {BR} at (100,220) size 1x0
                  RenderInline {A} at (0,0) size 79x15 [color=#0000EE]
                    RenderText {#text} at (0,224) size 79x15
                      text run at (0,224) width 79: "SALES Table"
                  RenderText {#text} at (78,224) size 4x15
                    text run at (78,224) width 4: " "
                  RenderBR {BR} at (81,236) size 1x0
                  RenderInline {A} at (0,0) size 78x15 [color=#0000EE]
                    RenderText {#text} at (0,240) size 78x15
                      text run at (0,240) width 78: "STAFF Table"
                  RenderText {#text} at (77,240) size 4x15
                    text run at (77,240) width 4: " "
                  RenderBR {BR} at (80,252) size 1x0
                  RenderInline {A} at (0,0) size 88x15 [color=#0000EE]
                    RenderText {#text} at (0,256) size 88x15
                      text run at (0,256) width 88: "STAFFG Table"
                  RenderText {#text} at (87,256) size 5x15
                    text run at (87,256) width 5: " "
                  RenderBR {BR} at (91,268) size 1x0
                  RenderInline {A} at (0,0) size 269x15 [color=#0000EE]
                    RenderText {#text} at (0,272) size 269x15
                      text run at (0,272) width 269: "Sample Files with BLOB and CLOB Data Type"
                  RenderText {#text} at (268,272) size 4x15
                    text run at (268,272) width 4: " "
                  RenderBR {BR} at (271,284) size 1x0
                  RenderInline {A} at (0,0) size 91x15 [color=#0000EE]
                    RenderText {#text} at (0,288) size 91x15
                      text run at (0,288) width 91: "Quintana Photo"
                  RenderText {#text} at (90,288) size 4x15
                    text run at (90,288) width 4: " "
                  RenderBR {BR} at (93,300) size 1x0
                  RenderInline {A} at (0,0) size 105x15 [color=#0000EE]
                    RenderText {#text} at (0,304) size 105x15
                      text run at (0,304) width 105: "Quintana Resume"
                  RenderText {#text} at (104,304) size 5x15
                    text run at (104,304) width 5: " "
                  RenderBR {BR} at (108,316) size 1x0
                  RenderInline {A} at (0,0) size 84x15 [color=#0000EE]
                    RenderText {#text} at (0,320) size 84x15
                      text run at (0,320) width 84: "Nicholls Photo"
                  RenderText {#text} at (83,320) size 4x15
                    text run at (83,320) width 4: " "
                  RenderBR {BR} at (86,332) size 1x0
                  RenderInline {A} at (0,0) size 98x15 [color=#0000EE]
                    RenderText {#text} at (0,336) size 98x15
                      text run at (0,336) width 98: "Nicholls Resume"
                  RenderText {#text} at (97,336) size 5x15
                    text run at (97,336) width 5: " "
                  RenderBR {BR} at (101,348) size 1x0
                  RenderInline {A} at (0,0) size 93x15 [color=#0000EE]
                    RenderText {#text} at (0,352) size 93x15
                      text run at (0,352) width 93: "Adamson Photo"
                  RenderText {#text} at (92,352) size 5x15
                    text run at (92,352) width 5: " "
                  RenderBR {BR} at (96,364) size 1x0
                  RenderInline {A} at (0,0) size 107x15 [color=#0000EE]
                    RenderText {#text} at (0,368) size 107x15
                      text run at (0,368) width 107: "Adamson Resume"
                  RenderText {#text} at (106,368) size 5x15
                    text run at (106,368) width 5: " "
                  RenderBR {BR} at (110,380) size 1x0
                  RenderInline {A} at (0,0) size 79x15 [color=#0000EE]
                    RenderText {#text} at (0,384) size 79x15
                      text run at (0,384) width 79: "Walker Photo"
                  RenderText {#text} at (78,384) size 4x15
                    text run at (78,384) width 4: " "
                  RenderBR {BR} at (81,396) size 1x0
                  RenderInline {A} at (0,0) size 93x15 [color=#0000EE]
                    RenderText {#text} at (0,400) size 93x15
                      text run at (0,400) width 93: "Walker Resume"
                  RenderText {#text} at (0,0) size 0x0
                RenderBlock {P} at (0,10511) size 708x97
                  RenderInline {B} at (0,0) size 371x15
                    RenderInline {A} at (0,0) size 371x15 [color=#0000EE]
                      RenderText {#text} at (0,0) size 371x15
                        text run at (0,0) width 371: "Appendix H. Reserved Schema Names and Reserved Words"
                  RenderBR {BR} at (370,12) size 1x0
                  RenderBR {BR} at (0,16) size 0x15
                  RenderInline {A} at (0,0) size 114x15 [color=#0000EE]
                    RenderText {#text} at (0,32) size 114x15
                      text run at (0,32) width 114: "Reserved Schemas"
                  RenderText {#text} at (113,32) size 5x15
                    text run at (113,32) width 5: " "
                  RenderBR {BR} at (117,44) size 1x0
                  RenderInline {A} at (0,0) size 97x15 [color=#0000EE]
                    RenderText {#text} at (0,48) size 97x15
                      text run at (0,48) width 97: "Reserved Words"
                  RenderText {#text} at (96,48) size 5x15
                    text run at (96,48) width 5: " "
                  RenderBR {BR} at (100,60) size 1x0
                  RenderInline {A} at (0,0) size 154x15 [color=#0000EE]
                    RenderText {#text} at (0,64) size 154x15
                      text run at (0,64) width 154: "IBM SQL Reserved Words"
                  RenderText {#text} at (153,64) size 4x15
                    text run at (153,64) width 4: " "
                  RenderBR {BR} at (156,76) size 1x0
                  RenderInline {A} at (0,0) size 198x15 [color=#0000EE]
                    RenderText {#text} at (0,80) size 198x15
                      text run at (0,80) width 198: "ISO/ANS SQL92 Reserved Words"
                  RenderText {#text} at (0,0) size 0x0
                RenderBlock {P} at (0,10620) size 708x17
                  RenderInline {B} at (0,0) size 267x15
                    RenderInline {A} at (0,0) size 267x15 [color=#0000EE]
                      RenderText {#text} at (0,0) size 267x15
                        text run at (0,0) width 267: "Appendix I. Comparison of Isolation Levels"
                  RenderBR {BR} at (266,12) size 1x0
                RenderBlock {P} at (0,10649) size 708x17
                  RenderInline {B} at (0,0) size 318x15
                    RenderInline {A} at (0,0) size 318x15 [color=#0000EE]
                      RenderText {#text} at (0,0) size 318x15
                        text run at (0,0) width 318: "Appendix J. Interaction of Triggers and Constraints"
                  RenderBR {BR} at (317,12) size 1x0
                RenderBlock {P} at (0,10678) size 708x337
                  RenderInline {B} at (0,0) size 268x15
                    RenderInline {A} at (0,0) size 268x15 [color=#0000EE]
                      RenderText {#text} at (0,0) size 268x15
                        text run at (0,0) width 268: "Appendix K. Explain Tables and Definitions"
                  RenderBR {BR} at (267,12) size 1x0
                  RenderBR {BR} at (0,16) size 0x15
                  RenderInline {A} at (0,0) size 173x15 [color=#0000EE]
                    RenderText {#text} at (0,32) size 173x15
                      text run at (0,32) width 173: "EXPLAIN_ARGUMENT Table"
                  RenderText {#text} at (172,32) size 5x15
                    text run at (172,32) width 5: " "
                  RenderBR {BR} at (176,44) size 1x0
                  RenderInline {A} at (0,0) size 165x15 [color=#0000EE]
                    RenderText {#text} at (0,48) size 165x15
                      text run at (0,48) width 165: "EXPLAIN_INSTANCE Table"
                  RenderText {#text} at (164,48) size 4x15
                    text run at (164,48) width 4: " "
                  RenderBR {BR} at (167,60) size 1x0
                  RenderInline {A} at (0,0) size 150x15 [color=#0000EE]
                    RenderText {#text} at (0,64) size 150x15
                      text run at (0,64) width 150: "EXPLAIN_OBJECT Table"
                  RenderText {#text} at (149,64) size 5x15
                    text run at (149,64) width 5: " "
                  RenderBR {BR} at (153,76) size 1x0
                  RenderInline {A} at (0,0) size 172x15 [color=#0000EE]
                    RenderText {#text} at (0,80) size 172x15
                      text run at (0,80) width 172: "EXPLAIN_OPERATOR Table"
                  RenderText {#text} at (171,80) size 4x15
                    text run at (171,80) width 4: " "
                  RenderBR {BR} at (174,92) size 1x0
                  RenderInline {A} at (0,0) size 173x15 [color=#0000EE]
                    RenderText {#text} at (0,96) size 173x15
                      text run at (0,96) width 173: "EXPLAIN_PREDICATE Table"
                  RenderText {#text} at (172,96) size 5x15
                    text run at (172,96) width 5: " "
                  RenderBR {BR} at (176,108) size 1x0
                  RenderInline {A} at (0,0) size 177x15 [color=#0000EE]
                    RenderText {#text} at (0,112) size 177x15
                      text run at (0,112) width 177: "EXPLAIN_STATEMENT Table"
                  RenderText {#text} at (176,112) size 5x15
                    text run at (176,112) width 5: " "
                  RenderBR {BR} at (180,124) size 1x0
                  RenderInline {A} at (0,0) size 153x15 [color=#0000EE]
                    RenderText {#text} at (0,128) size 153x15
                      text run at (0,128) width 153: "EXPLAIN_STREAM Table"
                  RenderText {#text} at (152,128) size 5x15
                    text run at (152,128) width 5: " "
                  RenderBR {BR} at (156,140) size 1x0
                  RenderInline {A} at (0,0) size 131x15 [color=#0000EE]
                    RenderText {#text} at (0,144) size 131x15
                      text run at (0,144) width 131: "ADVISE_INDEX Table"
                  RenderText {#text} at (130,144) size 5x15
                    text run at (130,144) width 5: " "
                  RenderBR {BR} at (134,156) size 1x0
                  RenderInline {A} at (0,0) size 167x15 [color=#0000EE]
                    RenderText {#text} at (0,160) size 167x15
                      text run at (0,160) width 167: "ADVISE_WORKLOAD Table"
                  RenderText {#text} at (166,160) size 5x15
                    text run at (166,160) width 5: " "
                  RenderBR {BR} at (170,172) size 1x0
                  RenderInline {A} at (0,0) size 205x15 [color=#0000EE]
                    RenderText {#text} at (0,176) size 205x15
                      text run at (0,176) width 205: "Table Definitions for Explain Tables"
                  RenderText {#text} at (204,176) size 5x15
                    text run at (204,176) width 5: " "
                  RenderBR {BR} at (208,188) size 1x0
                  RenderInline {A} at (0,0) size 231x15 [color=#0000EE]
                    RenderText {#text} at (0,192) size 231x15
                      text run at (0,192) width 231: "EXPLAIN_ARGUMENT Table Definition"
                  RenderText {#text} at (230,192) size 5x15
                    text run at (230,192) width 5: " "
                  RenderBR {BR} at (234,204) size 1x0
                  RenderInline {A} at (0,0) size 222x15 [color=#0000EE]
                    RenderText {#text} at (0,208) size 222x15
                      text run at (0,208) width 222: "EXPLAIN_INSTANCE Table Definition"
                  RenderText {#text} at (221,208) size 5x15
                    text run at (221,208) width 5: " "
                  RenderBR {BR} at (225,220) size 1x0
                  RenderInline {A} at (0,0) size 208x15 [color=#0000EE]
                    RenderText {#text} at (0,224) size 208x15
                      text run at (0,224) width 208: "EXPLAIN_OBJECT Table Definition"
                  RenderText {#text} at (207,224) size 4x15
                    text run at (207,224) width 4: " "
                  RenderBR {BR} at (210,236) size 1x0
                  RenderInline {A} at (0,0) size 230x15 [color=#0000EE]
                    RenderText {#text} at (0,240) size 230x15
                      text run at (0,240) width 230: "EXPLAIN_OPERATOR Table Definition"
                  RenderText {#text} at (229,240) size 4x15
                    text run at (229,240) width 4: " "
                  RenderBR {BR} at (232,252) size 1x0
                  RenderInline {A} at (0,0) size 231x15 [color=#0000EE]
                    RenderText {#text} at (0,256) size 231x15
                      text run at (0,256) width 231: "EXPLAIN_PREDICATE Table Definition"
                  RenderText {#text} at (230,256) size 5x15
                    text run at (230,256) width 5: " "
                  RenderBR {BR} at (234,268) size 1x0
                  RenderInline {A} at (0,0) size 235x15 [color=#0000EE]
                    RenderText {#text} at (0,272) size 235x15
                      text run at (0,272) width 235: "EXPLAIN_STATEMENT Table Definition"
                  RenderText {#text} at (234,272) size 5x15
                    text run at (234,272) width 5: " "
                  RenderBR {BR} at (238,284) size 1x0
                  RenderInline {A} at (0,0) size 211x15 [color=#0000EE]
                    RenderText {#text} at (0,288) size 211x15
                      text run at (0,288) width 211: "EXPLAIN_STREAM Table Definition"
                  RenderText {#text} at (210,288) size 4x15
                    text run at (210,288) width 4: " "
                  RenderBR {BR} at (213,300) size 1x0
                  RenderInline {A} at (0,0) size 189x15 [color=#0000EE]
                    RenderText {#text} at (0,304) size 189x15
                      text run at (0,304) width 189: "ADVISE_INDEX Table Definition"
                  RenderText {#text} at (188,304) size 5x15
                    text run at (188,304) width 5: " "
                  RenderBR {BR} at (192,316) size 1x0
                  RenderInline {A} at (0,0) size 225x15 [color=#0000EE]
                    RenderText {#text} at (0,320) size 225x15
                      text run at (0,320) width 225: "ADVISE_WORKLOAD Table Definition"
                  RenderText {#text} at (0,0) size 0x0
                RenderBlock {P} at (0,11027) size 708x17
                  RenderInline {B} at (0,0) size 226x15
                    RenderInline {A} at (0,0) size 226x15 [color=#0000EE]
                      RenderText {#text} at (0,0) size 226x15
                        text run at (0,0) width 226: "Appendix L. Explain Register Values"
                  RenderBR {BR} at (225,12) size 1x0
                RenderBlock {P} at (0,11056) size 708x81
                  RenderInline {B} at (0,0) size 306x15
                    RenderInline {A} at (0,0) size 306x15 [color=#0000EE]
                      RenderText {#text} at (0,0) size 306x15
                        text run at (0,0) width 306: "Appendix M. Recursion Example: Bill of Materials"
                  RenderBR {BR} at (305,12) size 1x0
                  RenderBR {BR} at (0,16) size 0x15
                  RenderInline {A} at (0,0) size 200x15 [color=#0000EE]
                    RenderText {#text} at (0,32) size 200x15
                      text run at (0,32) width 200: "Example 1: Single Level Explosion"
                  RenderText {#text} at (199,32) size 5x15
                    text run at (199,32) width 5: " "
                  RenderBR {BR} at (203,44) size 1x0
                  RenderInline {A} at (0,0) size 202x15 [color=#0000EE]
                    RenderText {#text} at (0,48) size 202x15
                      text run at (0,48) width 202: "Example 2: Summarized Explosion"
                  RenderText {#text} at (201,48) size 5x15
                    text run at (201,48) width 5: " "
                  RenderBR {BR} at (205,60) size 1x0
                  RenderInline {A} at (0,0) size 170x15 [color=#0000EE]
                    RenderText {#text} at (0,64) size 170x15
                      text run at (0,64) width 170: "Example 3: Controlling Depth"
                  RenderText {#text} at (0,0) size 0x0
                RenderBlock {P} at (0,11149) size 708x81
                  RenderInline {B} at (0,0) size 187x15
                    RenderInline {A} at (0,0) size 187x15 [color=#0000EE]
                      RenderText {#text} at (0,0) size 187x15
                        text run at (0,0) width 187: "Appendix N. Exception Tables"
                  RenderBR {BR} at (186,12) size 1x0
                  RenderBR {BR} at (0,16) size 0x15
                  RenderInline {A} at (0,0) size 220x15 [color=#0000EE]
                    RenderText {#text} at (0,32) size 220x15
                      text run at (0,32) width 220: "Rules for Creating an Exception Table"
                  RenderText {#text} at (219,32) size 5x15
                    text run at (219,32) width 5: " "
                  RenderBR {BR} at (223,44) size 1x0
                  RenderInline {A} at (0,0) size 227x15 [color=#0000EE]
                    RenderText {#text} at (0,48) size 227x15
                      text run at (0,48) width 227: "Handling Rows in the Exception Tables"
                  RenderText {#text} at (226,48) size 4x15
                    text run at (226,48) width 4: " "
                  RenderBR {BR} at (229,60) size 1x0
                  RenderInline {A} at (0,0) size 178x15 [color=#0000EE]
                    RenderText {#text} at (0,64) size 178x15
                      text run at (0,64) width 178: "Querying the Exception Tables"
                  RenderText {#text} at (0,0) size 0x0
                RenderBlock {P} at (0,11242) size 708x353
                  RenderInline {B} at (0,0) size 421x15
                    RenderInline {A} at (0,0) size 421x15 [color=#0000EE]
                      RenderText {#text} at (0,0) size 421x15
                        text run at (0,0) width 421: "Appendix O. Japanese and Traditional-Chinese EUC Considerations"
                  RenderBR {BR} at (420,12) size 1x0
                  RenderBR {BR} at (0,16) size 0x15
                  RenderInline {A} at (0,0) size 116x15 [color=#0000EE]
                    RenderText {#text} at (0,32) size 116x15
                      text run at (0,32) width 116: "Language Elements"
                  RenderText {#text} at (115,32) size 5x15
                    text run at (115,32) width 5: " "
                  RenderBR {BR} at (119,44) size 1x0
                  RenderInline {A} at (0,0) size 64x15 [color=#0000EE]
                    RenderText {#text} at (0,48) size 64x15
                      text run at (0,48) width 64: "Characters"
                  RenderText {#text} at (63,48) size 5x15
                    text run at (63,48) width 5: " "
                  RenderBR {BR} at (67,60) size 1x0
                  RenderInline {A} at (0,0) size 43x15 [color=#0000EE]
                    RenderText {#text} at (0,64) size 43x15
                      text run at (0,64) width 43: "Tokens"
                  RenderText {#text} at (42,64) size 5x15
                    text run at (42,64) width 5: " "
                  RenderBR {BR} at (46,76) size 1x0
                  RenderInline {A} at (0,0) size 57x15 [color=#0000EE]
                    RenderText {#text} at (0,80) size 57x15
                      text run at (0,80) width 57: "Identifiers"
                  RenderText {#text} at (56,80) size 4x15
                    text run at (56,80) width 4: " "
                  RenderBR {BR} at (59,92) size 1x0
                  RenderInline {A} at (0,0) size 67x15 [color=#0000EE]
                    RenderText {#text} at (0,96) size 67x15
                      text run at (0,96) width 67: "Data Types"
                  RenderText {#text} at (66,96) size 5x15
                    text run at (66,96) width 5: " "
                  RenderBR {BR} at (70,108) size 1x0
                  RenderInline {A} at (0,0) size 180x15 [color=#0000EE]
                    RenderText {#text} at (0,112) size 180x15
                      text run at (0,112) width 180: "Assignments and Comparisons"
                  RenderText {#text} at (179,112) size 5x15
                    text run at (179,112) width 5: " "
                  RenderBR {BR} at (183,124) size 1x0
                  RenderInline {A} at (0,0) size 163x15 [color=#0000EE]
                    RenderText {#text} at (0,128) size 163x15
                      text run at (0,128) width 163: "Rules for Result Data Types"
                  RenderText {#text} at (162,128) size 5x15
                    text run at (162,128) width 5: " "
                  RenderBR {BR} at (166,140) size 1x0
                  RenderInline {A} at (0,0) size 166x15 [color=#0000EE]
                    RenderText {#text} at (0,144) size 166x15
                      text run at (0,144) width 166: "Rules for String Conversions"
                  RenderText {#text} at (165,144) size 5x15
                    text run at (165,144) width 5: " "
                  RenderBR {BR} at (169,156) size 1x0
                  RenderInline {A} at (0,0) size 59x15 [color=#0000EE]
                    RenderText {#text} at (0,160) size 59x15
                      text run at (0,160) width 59: "Constants"
                  RenderText {#text} at (58,160) size 5x15
                    text run at (58,160) width 5: " "
                  RenderBR {BR} at (62,172) size 1x0
                  RenderInline {A} at (0,0) size 57x15 [color=#0000EE]
                    RenderText {#text} at (0,176) size 57x15
                      text run at (0,176) width 57: "Functions"
                  RenderText {#text} at (56,176) size 4x15
                    text run at (56,176) width 4: " "
                  RenderBR {BR} at (59,188) size 1x0
                  RenderInline {A} at (0,0) size 71x15 [color=#0000EE]
                    RenderText {#text} at (0,192) size 71x15
                      text run at (0,192) width 71: "Expressions"
                  RenderText {#text} at (70,192) size 5x15
                    text run at (70,192) width 5: " "
                  RenderBR {BR} at (74,204) size 1x0
                  RenderInline {A} at (0,0) size 62x15 [color=#0000EE]
                    RenderText {#text} at (0,208) size 62x15
                      text run at (0,208) width 62: "Predicates"
                  RenderText {#text} at (61,208) size 5x15
                    text run at (61,208) width 5: " "
                  RenderBR {BR} at (65,220) size 1x0
                  RenderInline {A} at (0,0) size 57x15 [color=#0000EE]
                    RenderText {#text} at (0,224) size 57x15
                      text run at (0,224) width 57: "Functions"
                  RenderText {#text} at (56,224) size 4x15
                    text run at (56,224) width 4: " "
                  RenderBR {BR} at (59,236) size 1x0
                  RenderInline {A} at (0,0) size 53x15 [color=#0000EE]
                    RenderText {#text} at (0,240) size 53x15
                      text run at (0,240) width 53: "LENGTH"
                  RenderText {#text} at (52,240) size 5x15
                    text run at (52,240) width 5: " "
                  RenderBR {BR} at (56,252) size 1x0
                  RenderInline {A} at (0,0) size 53x15 [color=#0000EE]
                    RenderText {#text} at (0,256) size 53x15
                      text run at (0,256) width 53: "SUBSTR"
                  RenderText {#text} at (52,256) size 5x15
                    text run at (52,256) width 5: " "
                  RenderBR {BR} at (56,268) size 1x0
                  RenderInline {A} at (0,0) size 77x15 [color=#0000EE]
                    RenderText {#text} at (0,272) size 77x15
                      text run at (0,272) width 77: "TRANSLATE"
                  RenderText {#text} at (76,272) size 5x15
                    text run at (76,272) width 5: " "
                  RenderBR {BR} at (80,284) size 1x0
                  RenderInline {A} at (0,0) size 86x15 [color=#0000EE]
                    RenderText {#text} at (0,288) size 86x15
                      text run at (0,288) width 86: "VARGRAPHIC"
                  RenderText {#text} at (85,288) size 5x15
                    text run at (85,288) width 5: " "
                  RenderBR {BR} at (89,300) size 1x0
                  RenderInline {A} at (0,0) size 66x15 [color=#0000EE]
                    RenderText {#text} at (0,304) size 66x15
                      text run at (0,304) width 66: "Statements"
                  RenderText {#text} at (65,304) size 5x15
                    text run at (65,304) width 5: " "
                  RenderBR {BR} at (69,316) size 1x0
                  RenderInline {A} at (0,0) size 65x15 [color=#0000EE]
                    RenderText {#text} at (0,320) size 65x15
                      text run at (0,320) width 65: "CONNECT"
                  RenderText {#text} at (64,320) size 4x15
                    text run at (64,320) width 4: " "
                  RenderBR {BR} at (67,332) size 1x0
                  RenderInline {A} at (0,0) size 63x15 [color=#0000EE]
                    RenderText {#text} at (0,336) size 63x15
                      text run at (0,336) width 63: "PREPARE"
                  RenderText {#text} at (0,0) size 0x0
                RenderBlock {P} at (0,11607) size 708x17
                  RenderInline {B} at (0,0) size 296x15
                    RenderInline {A} at (0,0) size 296x15 [color=#0000EE]
                      RenderText {#text} at (0,0) size 296x15
                        text run at (0,0) width 296: "Appendix P. BNF Specifications for DATALINKs"
                  RenderBR {BR} at (295,12) size 1x0
                RenderBlock {P} at (0,11636) size 708x193
                  RenderInline {B} at (0,0) size 217x15
                    RenderInline {A} at (0,0) size 217x15 [color=#0000EE]
                      RenderText {#text} at (0,0) size 217x15
                        text run at (0,0) width 217: "Appendix Q. Using the DB2 Library"
                  RenderBR {BR} at (216,12) size 1x0
                  RenderBR {BR} at (0,16) size 0x15
                  RenderInline {A} at (0,0) size 196x15 [color=#0000EE]
                    RenderText {#text} at (0,32) size 196x15
                      text run at (0,32) width 196: "DB2 PDF Files and Printed Books"
                  RenderText {#text} at (195,32) size 5x15
                    text run at (195,32) width 5: " "
                  RenderBR {BR} at (199,44) size 1x0
                  RenderInline {A} at (0,0) size 94x15 [color=#0000EE]
                    RenderText {#text} at (0,48) size 94x15
                      text run at (0,48) width 94: "DB2 Information"
                  RenderText {#text} at (93,48) size 5x15
                    text run at (93,48) width 5: " "
                  RenderBR {BR} at (97,60) size 1x0
                  RenderInline {A} at (0,0) size 136x15 [color=#0000EE]
                    RenderText {#text} at (0,64) size 136x15
                      text run at (0,64) width 136: "Printing the PDF Books"
                  RenderText {#text} at (135,64) size 4x15
                    text run at (135,64) width 4: " "
                  RenderBR {BR} at (138,76) size 1x0
                  RenderInline {A} at (0,0) size 157x15 [color=#0000EE]
                    RenderText {#text} at (0,80) size 157x15
                      text run at (0,80) width 157: "Ordering the Printed Books"
                  RenderText {#text} at (156,80) size 5x15
                    text run at (156,80) width 5: " "
                  RenderBR {BR} at (160,92) size 1x0
                  RenderInline {A} at (0,0) size 158x15 [color=#0000EE]
                    RenderText {#text} at (0,96) size 158x15
                      text run at (0,96) width 158: "DB2 Online Documentation"
                  RenderText {#text} at (157,96) size 5x15
                    text run at (157,96) width 5: " "
                  RenderBR {BR} at (161,108) size 1x0
                  RenderInline {A} at (0,0) size 131x15 [color=#0000EE]
                    RenderText {#text} at (0,112) size 131x15
                      text run at (0,112) width 131: "Accessing Online Help"
                  RenderText {#text} at (130,112) size 5x15
                    text run at (130,112) width 5: " "
                  RenderBR {BR} at (134,124) size 1x0
                  RenderInline {A} at (0,0) size 156x15 [color=#0000EE]
                    RenderText {#text} at (0,128) size 156x15
                      text run at (0,128) width 156: "Viewing Information Online"
                  RenderText {#text} at (155,128) size 4x15
                    text run at (155,128) width 4: " "
                  RenderBR {BR} at (158,140) size 1x0
                  RenderInline {A} at (0,0) size 113x15 [color=#0000EE]
                    RenderText {#text} at (0,144) size 113x15
                      text run at (0,144) width 113: "Using DB2 Wizards"
                  RenderText {#text} at (112,144) size 5x15
                    text run at (112,144) width 5: " "
                  RenderBR {BR} at (116,156) size 1x0
                  RenderInline {A} at (0,0) size 177x15 [color=#0000EE]
                    RenderText {#text} at (0,160) size 177x15
                      text run at (0,160) width 177: "Setting Up a Document Server"
                  RenderText {#text} at (176,160) size 4x15
                    text run at (176,160) width 4: " "
                  RenderBR {BR} at (179,172) size 1x0
                  RenderInline {A} at (0,0) size 169x15 [color=#0000EE]
                    RenderText {#text} at (0,176) size 169x15
                      text run at (0,176) width 169: "Searching Information Online"
                  RenderText {#text} at (0,0) size 0x0
                RenderBlock {P} at (0,11841) size 708x49
                  RenderInline {B} at (0,0) size 127x15
                    RenderInline {A} at (0,0) size 127x15 [color=#0000EE]
                      RenderText {#text} at (0,0) size 127x15
                        text run at (0,0) width 127: "Appendix R. Notices"
                  RenderBR {BR} at (126,12) size 1x0
                  RenderBR {BR} at (0,16) size 0x15
                  RenderInline {A} at (0,0) size 70x15 [color=#0000EE]
                    RenderText {#text} at (0,32) size 70x15
                      text run at (0,32) width 70: "Trademarks"
                  RenderText {#text} at (0,0) size 0x0
                RenderBlock {P} at (0,11902) size 708x17
                  RenderInline {B} at (0,0) size 34x15
                    RenderInline {A} at (0,0) size 34x15 [color=#0000EE]
                      RenderText {#text} at (0,0) size 34x15
                        text run at (0,0) width 34: "Index"
                  RenderBR {BR} at (33,12) size 1x0
                RenderBlock {P} at (0,11931) size 708x49
                  RenderInline {B} at (0,0) size 96x15
                    RenderInline {A} at (0,0) size 96x15 [color=#0000EE]
                      RenderText {#text} at (0,0) size 96x15
                        text run at (0,0) width 96: "Contacting IBM"
                  RenderBR {BR} at (95,12) size 1x0
                  RenderBR {BR} at (0,16) size 0x15
                  RenderInline {A} at (0,0) size 114x15 [color=#0000EE]
                    RenderText {#text} at (0,32) size 114x15
                      text run at (0,32) width 114: "Product Information"
                  RenderText {#text} at (0,0) size 0x0
                  RenderInline {A} at (0,0) size 0x0
                  RenderText {#text} at (0,0) size 0x0
                RenderTable {TABLE} at (0,11992) size 26x29
                  RenderTableSection {TBODY} at (0,0) size 26x28
                    RenderTableRow {TR} at (0,2) size 26x0
                    RenderTableRow {TR} at (0,4) size 26x22
                      RenderTableCell {TD} at (2,4) size 10x22 [r=1 c=0 rs=1 cs=1]
                        RenderText {#text} at (1,1) size 8x19
                          text run at (1,1) width 8: "x"
                      RenderTableCell {TD} at (14,4) size 10x22 [r=1 c=1 rs=1 cs=1]
                        RenderText {#text} at (1,1) size 8x19
                          text run at (1,1) width 8: "x"
              RenderBlock (anonymous) at (2,12110) size 708x1
                RenderInline {FONT} at (0,0) size 0x0
