layer at (0,0) size 800x600
  RenderView at (0,0) size 800x600
layer at (0,0) size 800x600
  RenderBlock {HTML} at (0,0) size 800x600
    RenderBody {BODY} at (8,8) size 784x584
      RenderTable {TABLE} at (0,0) size 338x37
        RenderTableSection {TBODY} at (0,0) size 338x37
          RenderTableRow {TR} at (0,2) size 338x33
            RenderTableCell {TD} at (2,2) size 334x33 [r=0 c=0 rs=1 cs=1]
              RenderTable {TABLE} at (1,1) size 332x31
                RenderTableSection {TBODY} at (0,0) size 332x31
                  RenderTableRow {TR} at (0,2) size 332x27
                    RenderTableCell {TH} at (2,4) size 62x22 [r=0 c=0 rs=1 cs=1]
                      RenderText {#text} at (1,1) size 60x19
                        text run at (1,1) width 60: "User ID:"
                    RenderTableCell {TD} at (66,2) size 264x27 [r=0 c=1 rs=1 cs=1]
                      RenderTextControl {INPUT} at (3,3) size 258x22 [bgcolor=#FFFFFF] [border: (1px solid #4C4C4C)]
                      RenderText {#text} at (0,0) size 0x0
layer at (87,19) size 244x14
  RenderBlock {DIV} at (6,3) size 246x15
