layer at (0,0) size 800x600
  RenderView at (0,0) size 800x600
layer at (0,0) size 800x600
  RenderBlock {HTML} at (0,0) size 800x600
    RenderBody {BODY} at (8,8) size 784x584
layer at (8,8) size 200x200 clip at (8,8) size 183x200 scrollHeight 833
  RenderBlock {DIV} at (0,0) size 200x200
    RenderText {#text} at (0,0) size 35x17
      text run at (0,0) width 35: "Hello"
    RenderBR {BR} at (35,14) size 0x0
    RenderText {#text} at (0,17) size 35x17
      text run at (0,17) width 35: "Hello"
    RenderBR {BR} at (35,31) size 0x0
    RenderText {#text} at (0,34) size 35x17
      text run at (0,34) width 35: "Hello"
    RenderBR {BR} at (35,48) size 0x0
    RenderText {#text} at (0,51) size 35x17
      text run at (0,51) width 35: "Hello"
    RenderBR {BR} at (35,65) size 0x0
    RenderText {#text} at (0,68) size 35x17
      text run at (0,68) width 35: "Hello"
    RenderBR {BR} at (35,82) size 0x0
    RenderText {#text} at (0,85) size 35x17
      text run at (0,85) width 35: "Hello"
    RenderBR {BR} at (35,99) size 0x0
    RenderText {#text} at (0,102) size 35x17
      text run at (0,102) width 35: "Hello"
    RenderBR {BR} at (35,116) size 0x0
    RenderText {#text} at (0,119) size 35x17
      text run at (0,119) width 35: "Hello"
    RenderBR {BR} at (35,133) size 0x0
    RenderText {#text} at (0,136) size 35x17
      text run at (0,136) width 35: "Hello"
    RenderBR {BR} at (35,150) size 0x0
    RenderText {#text} at (0,153) size 35x17
      text run at (0,153) width 35: "Hello"
    RenderBR {BR} at (35,167) size 0x0
    RenderText {#text} at (0,170) size 35x17
      text run at (0,170) width 35: "Hello"
    RenderBR {BR} at (35,184) size 0x0
    RenderText {#text} at (0,187) size 35x17
      text run at (0,187) width 35: "Hello"
    RenderBR {BR} at (35,201) size 0x0
    RenderText {#text} at (0,204) size 35x17
      text run at (0,204) width 35: "Hello"
    RenderBR {BR} at (35,218) size 0x0
    RenderText {#text} at (0,221) size 35x17
      text run at (0,221) width 35: "Hello"
    RenderBR {BR} at (35,235) size 0x0
    RenderText {#text} at (0,238) size 35x17
      text run at (0,238) width 35: "Hello"
    RenderBR {BR} at (35,252) size 0x0
    RenderText {#text} at (0,255) size 35x17
      text run at (0,255) width 35: "Hello"
    RenderBR {BR} at (35,269) size 0x0
    RenderText {#text} at (0,272) size 35x17
      text run at (0,272) width 35: "Hello"
    RenderBR {BR} at (35,286) size 0x0
    RenderText {#text} at (0,289) size 35x17
      text run at (0,289) width 35: "Hello"
    RenderBR {BR} at (35,303) size 0x0
    RenderText {#text} at (0,306) size 35x17
      text run at (0,306) width 35: "Hello"
    RenderBR {BR} at (35,320) size 0x0
    RenderText {#text} at (0,323) size 35x17
      text run at (0,323) width 35: "Hello"
    RenderBR {BR} at (35,337) size 0x0
    RenderText {#text} at (0,340) size 35x17
      text run at (0,340) width 35: "Hello"
    RenderBR {BR} at (35,354) size 0x0
    RenderText {#text} at (0,357) size 35x17
      text run at (0,357) width 35: "Hello"
    RenderBR {BR} at (35,371) size 0x0
    RenderText {#text} at (0,374) size 35x17
      text run at (0,374) width 35: "Hello"
    RenderBR {BR} at (35,388) size 0x0
    RenderText {#text} at (0,391) size 35x17
      text run at (0,391) width 35: "Hello"
    RenderBR {BR} at (35,405) size 0x0
    RenderText {#text} at (0,408) size 35x17
      text run at (0,408) width 35: "Hello"
    RenderBR {BR} at (35,422) size 0x0
    RenderText {#text} at (0,425) size 35x17
      text run at (0,425) width 35: "Hello"
    RenderBR {BR} at (35,439) size 0x0
    RenderText {#text} at (0,442) size 35x17
      text run at (0,442) width 35: "Hello"
    RenderBR {BR} at (35,456) size 0x0
    RenderText {#text} at (0,459) size 35x17
      text run at (0,459) width 35: "Hello"
    RenderBR {BR} at (35,473) size 0x0
    RenderText {#text} at (0,476) size 35x17
      text run at (0,476) width 35: "Hello"
    RenderBR {BR} at (35,490) size 0x0
    RenderText {#text} at (0,493) size 35x17
      text run at (0,493) width 35: "Hello"
    RenderBR {BR} at (35,507) size 0x0
    RenderText {#text} at (0,510) size 35x17
      text run at (0,510) width 35: "Hello"
    RenderBR {BR} at (35,524) size 0x0
    RenderText {#text} at (0,527) size 35x17
      text run at (0,527) width 35: "Hello"
    RenderBR {BR} at (35,541) size 0x0
    RenderText {#text} at (0,544) size 35x17
      text run at (0,544) width 35: "Hello"
    RenderBR {BR} at (35,558) size 0x0
    RenderText {#text} at (0,561) size 35x17
      text run at (0,561) width 35: "Hello"
    RenderBR {BR} at (35,575) size 0x0
    RenderText {#text} at (0,578) size 35x17
      text run at (0,578) width 35: "Hello"
    RenderBR {BR} at (35,592) size 0x0
    RenderText {#text} at (0,595) size 35x17
      text run at (0,595) width 35: "Hello"
    RenderBR {BR} at (35,609) size 0x0
    RenderText {#text} at (0,612) size 35x17
      text run at (0,612) width 35: "Hello"
    RenderBR {BR} at (35,626) size 0x0
    RenderText {#text} at (0,629) size 35x17
      text run at (0,629) width 35: "Hello"
    RenderBR {BR} at (35,643) size 0x0
    RenderText {#text} at (0,646) size 35x17
      text run at (0,646) width 35: "Hello"
    RenderBR {BR} at (35,660) size 0x0
    RenderText {#text} at (0,663) size 35x17
      text run at (0,663) width 35: "Hello"
    RenderBR {BR} at (35,677) size 0x0
    RenderText {#text} at (0,680) size 35x17
      text run at (0,680) width 35: "Hello"
    RenderBR {BR} at (35,694) size 0x0
    RenderText {#text} at (0,697) size 35x17
      text run at (0,697) width 35: "Hello"
    RenderBR {BR} at (35,711) size 0x0
    RenderText {#text} at (0,714) size 35x17
      text run at (0,714) width 35: "Hello"
    RenderBR {BR} at (35,728) size 0x0
    RenderText {#text} at (0,731) size 35x17
      text run at (0,731) width 35: "Hello"
    RenderBR {BR} at (35,745) size 0x0
    RenderText {#text} at (0,748) size 35x17
      text run at (0,748) width 35: "Hello"
    RenderBR {BR} at (35,762) size 0x0
    RenderText {#text} at (0,765) size 35x17
      text run at (0,765) width 35: "Hello"
    RenderBR {BR} at (35,779) size 0x0
    RenderText {#text} at (0,782) size 35x17
      text run at (0,782) width 35: "Hello"
    RenderBR {BR} at (35,796) size 0x0
    RenderText {#text} at (0,799) size 35x17
      text run at (0,799) width 35: "Hello"
    RenderBR {BR} at (35,813) size 0x0
    RenderText {#text} at (0,816) size 35x17
      text run at (0,816) width 35: "Hello"
    RenderBR {BR} at (35,830) size 0x0
