layer at (0,0) size 787x1407
  RenderView at (0,0) size 787x600
layer at (0,0) size 787x1407
  RenderBlock {HTML} at (0,0) size 787x1407
    RenderBody {BODY} at (8,8) size 771x1386
      RenderBlock {H2} at (0,0) size 771x52
        RenderText {#text} at (0,0) size 737x52
          text run at (0,0) width 737: "It's OK if nothing drawn for a scrollbar (for an outermost frame and an"
          text run at (0,26) width 228: "element with overlow)"
      RenderBlock {P} at (0,71) size 771x18
        RenderText {#text} at (0,0) size 579x17
          text run at (0,0) width 579: "Note that Safari doesn't allow to customize the outermost scdrollbars and just show Cocoa's."
      RenderBlock {PRE} at (0,217) size 771x1169 [bgcolor=#008000]
      RenderBlock {PRE} at (0,1398) size 1542x0 [bgcolor=#008000]
layer at (8,113) size 100x100 clip at (8,113) size 87x87 scrollWidth 1432 scrollHeight 105
  RenderBlock {PRE} at (0,104) size 100x101 [bgcolor=#008000]
    RenderText {#text} at (0,0) size 1432x105
      text run at (0,0) width 1432: "The quick brown fox jumps over the lazy dog. The quick brown fox jumps over the lazy dog. The quick brown fox jumps over the lazy dog. The quick brown fox jumps over the lazy dog."
      text run at (1432,0) width 0: " "
      text run at (0,15) width 1432: "The quick brown fox jumps over the lazy dog. The quick brown fox jumps over the lazy dog. The quick brown fox jumps over the lazy dog. The quick brown fox jumps over the lazy dog."
      text run at (1432,15) width 0: " "
      text run at (0,30) width 1432: "The quick brown fox jumps over the lazy dog. The quick brown fox jumps over the lazy dog. The quick brown fox jumps over the lazy dog. The quick brown fox jumps over the lazy dog."
      text run at (1432,30) width 0: " "
      text run at (0,45) width 1432: "The quick brown fox jumps over the lazy dog. The quick brown fox jumps over the lazy dog. The quick brown fox jumps over the lazy dog. The quick brown fox jumps over the lazy dog."
      text run at (1432,45) width 0: " "
      text run at (0,60) width 1432: "The quick brown fox jumps over the lazy dog. The quick brown fox jumps over the lazy dog. The quick brown fox jumps over the lazy dog. The quick brown fox jumps over the lazy dog."
      text run at (1432,60) width 0: " "
      text run at (0,75) width 1432: "The quick brown fox jumps over the lazy dog. The quick brown fox jumps over the lazy dog. The quick brown fox jumps over the lazy dog. The quick brown fox jumps over the lazy dog."
      text run at (1432,75) width 0: " "
      text run at (0,90) width 1432: "The quick brown fox jumps over the lazy dog. The quick brown fox jumps over the lazy dog. The quick brown fox jumps over the lazy dog. The quick brown fox jumps over the lazy dog."
      text run at (1432,90) width 0: " "
