layer at (0,0) size 785x647
  RenderView at (0,0) size 785x600
layer at (0,0) size 785x647
  RenderBlock {HTML} at (0,0) size 785x647
    RenderBody {BODY} at (8,16) size 769x615
      RenderBlock {P} at (0,0) size 769x51
        RenderText {#text} at (0,0) size 752x51
          text run at (0,0) width 463: "Following table should have 6px solid blue border around cell 3, red 5px "
          text run at (463,0) width 289: "solid border around the rest of table and green"
          text run at (0,17) width 202: "4px solid border between cell 1 "
          text run at (202,17) width 479: "and cell 2. The red border should override the green border around the cells "
          text run at (681,17) width 71: "because it's"
          text run at (0,34) width 412: "thicker and the blue border should override the red border for the "
          text run at (412,34) width 81: "same reason."
      RenderTable {TABLE} at (0,67) size 165x31 [border: (3px solid #FF0000)]
        RenderTableSection {TBODY} at (2,3) size 160x25
          RenderTableRow {TR} at (0,0) size 160x25
            RenderTableCell {TD} at (0,0) size 53x25 [border: (3px solid #008000)] [r=0 c=0 rs=1 cs=1]
              RenderText {#text} at (4,4) size 46x18
                text run at (4,5) width 46: "Cell #1"
            RenderTableCell {TD} at (53,0) size 53x25 [border: (3px solid #008000)] [r=0 c=1 rs=1 cs=1]
              RenderText {#text} at (3,4) size 46x18
                text run at (3,5) width 46: "Cell #2"
            RenderTableCell {TD} at (106,0) size 54x25 [border: (3px solid #0000FF)] [r=0 c=2 rs=1 cs=1]
              RenderText {#text} at (4,4) size 46x17
                text run at (4,4) width 46: "Cell #3"
      RenderBlock {P} at (0,114) size 769x17
        RenderText {#text} at (0,0) size 27x17
          text run at (0,0) width 27: "See "
        RenderInline {A} at (0,0) size 225x17 [color=#0000EE]
          RenderText {#text} at (27,0) size 225x17
            text run at (27,0) width 73: "17.6.2 The "
            text run at (100,0) width 152: "collapsing border model"
        RenderText {#text} at (252,0) size 122x17
          text run at (252,0) width 122: " for following tests:"
      RenderTable {TABLE} at (0,147) size 158x267 [border: (2px solid #FFFF00)]
        RenderTableCol {COLGROUP} at (0,0) size 0x0
          RenderTableCol {COL} at (0,0) size 0x0 [border: (3px solid #000000)]
          RenderTableCol {COL} at (0,0) size 0x0
          RenderTableCol {COL} at (0,0) size 0x0
        RenderTableSection {TBODY} at (2,2) size 153x262
          RenderTableRow {TR} at (0,0) size 153x54
            RenderTableCell {TD} at (0,1) size 52x52 [border: (3px solid #FF0000)] [r=0 c=0 rs=1 cs=1]
              RenderText {#text} at (19,19) size 8x17
                text run at (19,19) width 8: "1"
            RenderTableCell {TD} at (52,0) size 50x54 [border: (3px solid #FF0000)] [r=0 c=1 rs=1 cs=1]
              RenderText {#text} at (18,19) size 8x17
                text run at (18,19) width 8: "2"
            RenderTableCell {TD} at (102,0) size 51x54 [border: (3px solid #FF0000)] [r=0 c=2 rs=1 cs=1]
              RenderText {#text} at (17,19) size 8x17
                text run at (17,19) width 8: "3"
          RenderTableRow {TR} at (0,54) size 153x54
            RenderTableCell {TD} at (0,56) size 52x50 [border: (1px solid #FF0000)] [r=1 c=0 rs=1 cs=1]
              RenderText {#text} at (19,17) size 8x17
                text run at (19,17) width 8: "4"
            RenderTableCell {TD} at (52,54) size 50x54 [border: (3px dashed #0000FF)] [r=1 c=1 rs=1 cs=1]
              RenderText {#text} at (19,19) size 8x17
                text run at (19,19) width 8: "5"
            RenderTableCell {TD} at (102,54) size 51x54 [border: (3px solid #008000)] [r=1 c=2 rs=1 cs=1]
              RenderText {#text} at (19,19) size 8x17
                text run at (19,19) width 8: "6"
          RenderTableRow {TR} at (0,108) size 153x52
            RenderTableCell {TD} at (0,109) size 52x50 [border: (1px solid #FF0000)] [r=2 c=0 rs=1 cs=1]
              RenderText {#text} at (19,17) size 8x17
                text run at (19,17) width 8: "7"
            RenderTableCell {TD} at (52,108) size 50x52 [border: (3px solid #FF0000)] [r=2 c=1 rs=1 cs=1]
              RenderText {#text} at (18,19) size 8x17
                text run at (18,19) width 8: "8"
            RenderTableCell {TD} at (102,108) size 51x52 [border: (3px solid #FF0000)] [r=2 c=2 rs=1 cs=1]
              RenderText {#text} at (17,19) size 8x17
                text run at (17,19) width 8: "9"
          RenderTableRow {TR} at (0,160) size 153x50
            RenderTableCell {TD} at (0,160) size 52x50 [border: (1px solid #FF0000)] [r=3 c=0 rs=1 cs=1]
              RenderText {#text} at (19,17) size 16x17
                text run at (19,17) width 16: "10"
            RenderTableCell {TD} at (52,160) size 50x50 [border: (1px solid #FF0000)] [r=3 c=1 rs=1 cs=1]
              RenderText {#text} at (18,17) size 16x17
                text run at (18,17) width 16: "11"
            RenderTableCell {TD} at (102,160) size 51x50 [border: (1px solid #FF0000)] [r=3 c=2 rs=1 cs=1]
              RenderText {#text} at (17,17) size 16x17
                text run at (17,17) width 16: "12"
          RenderTableRow {TR} at (0,210) size 153x52
            RenderTableCell {TD} at (0,210) size 52x52 [border: (1px solid #FF0000)] [r=4 c=0 rs=1 cs=1]
              RenderText {#text} at (19,17) size 16x17
                text run at (19,17) width 16: "13"
            RenderTableCell {TD} at (52,210) size 50x52 [border: (1px solid #FF0000)] [r=4 c=1 rs=1 cs=1]
              RenderText {#text} at (18,17) size 16x17
                text run at (18,17) width 16: "14"
            RenderTableCell {TD} at (102,210) size 51x52 [border: (1px solid #FF0000)] [r=4 c=2 rs=1 cs=1]
              RenderText {#text} at (17,17) size 16x17
                text run at (17,17) width 16: "15"
      RenderBlock {P} at (0,430) size 769x55
        RenderText {#text} at (0,0) size 357x17
          text run at (0,0) width 357: "This is an example rendering for the previous table from "
        RenderInline {A} at (0,0) size 700x34 [color=#0000EE]
          RenderText {#text} at (357,0) size 700x34
            text run at (357,0) width 343: "http://www.w3.org/TR/REC-CSS2/images/tbl-border-"
            text run at (0,17) width 68: "conflict.gif"
        RenderText {#text} at (68,17) size 8x17
          text run at (68,17) width 8: ": "
        RenderBR {BR} at (0,0) size 0x0
        RenderImage {IMG} at (0,34) size 217x21
        RenderText {#text} at (0,0) size 0x0
      RenderBlock {P} at (0,501) size 769x35
        RenderText {#text} at (0,0) size 755x34
          text run at (0,0) width 493: "Following table should have 2px solid black line between rows. There should "
          text run at (493,0) width 262: "be a total of two lines. There will be three"
          text run at (0,17) width 213: "lines if user agent doesn't support "
        RenderInline {CODE} at (0,0) size 112x15
          RenderText {#text} at (213,20) size 112x15
            text run at (213,20) width 112: "tr:first-child"
        RenderText {#text} at (325,17) size 4x17
          text run at (325,17) width 4: "."
      RenderTable {TABLE} at (0,552) size 150x63 [border: (1px none #808080)]
        RenderTableSection {TBODY} at (0,1) size 150x62
          RenderTableRow {TR} at (0,0) size 150x21 [border: (2px solid #000000) none]
            RenderTableCell {TD} at (0,0) size 50x21 [border: (1px none #000000)] [r=0 c=0 rs=1 cs=1]
              RenderText {#text} at (21,2) size 8x17
                text run at (21,2) width 8: "a"
            RenderTableCell {TD} at (50,0) size 50x21 [border: (1px none #000000)] [r=0 c=1 rs=1 cs=1]
              RenderText {#text} at (20,2) size 10x17
                text run at (20,2) width 10: "b"
            RenderTableCell {TD} at (100,0) size 50x21 [border: (1px none #000000)] [r=0 c=2 rs=1 cs=1]
              RenderText {#text} at (21,2) size 8x17
                text run at (21,2) width 8: "c"
          RenderTableRow {TR} at (0,21) size 150x21 [border: (2px solid #000000) none]
            RenderTableCell {TD} at (0,21) size 50x21 [border: (1px none #000000)] [r=1 c=0 rs=1 cs=1]
              RenderText {#text} at (21,2) size 8x17
                text run at (21,2) width 8: "3"
            RenderTableCell {TD} at (50,21) size 50x21 [border: (1px none #000000)] [r=1 c=1 rs=1 cs=1]
              RenderText {#text} at (21,2) size 8x17
                text run at (21,2) width 8: "4"
            RenderTableCell {TD} at (100,21) size 50x21 [border: (1px none #000000)] [r=1 c=2 rs=1 cs=1]
              RenderText {#text} at (21,2) size 8x17
                text run at (21,2) width 8: "5"
          RenderTableRow {TR} at (0,42) size 150x20 [border: (2px solid #000000) none]
            RenderTableCell {TD} at (0,42) size 50x20 [border: (1px none #000000)] [r=2 c=0 rs=1 cs=1]
              RenderText {#text} at (21,2) size 8x17
                text run at (21,2) width 8: "5"
            RenderTableCell {TD} at (50,42) size 50x20 [border: (1px none #000000)] [r=2 c=1 rs=1 cs=1]
              RenderText {#text} at (17,2) size 16x17
                text run at (17,2) width 16: "12"
            RenderTableCell {TD} at (100,42) size 50x20 [border: (1px none #000000)] [r=2 c=2 rs=1 cs=1]
              RenderText {#text} at (17,2) size 16x17
                text run at (17,2) width 16: "13"
