layer at (0,0) size 800x600
  RenderView at (0,0) size 800x600
layer at (0,0) size 800x600
  RenderBlock {HTML} at (0,0) size 800x600
    RenderBody {BODY} at (8,8) size 784x584
      RenderBlock {P} at (0,0) size 784x40
        RenderText {#text} at (0,0) size 758x39
          text run at (0,0) width 401: "This tests deleting a selection created with a word granularity. "
          text run at (400,0) width 358: "To run it manually, double click on 'bar' and hit forward"
          text run at (0,20) width 47: "delete. "
          text run at (46,20) width 159: "You should see 'foo baz'."
      RenderBlock {DIV} at (0,56) size 784x20
        RenderText {#text} at (0,0) size 34x19
          text run at (0,0) width 34: "foo b"
        RenderInline {SPAN} at (0,0) size 8x19
          RenderText {#text} at (33,0) size 8x19
            text run at (33,0) width 8: "a"
        RenderText {#text} at (40,0) size 32x19
          text run at (40,0) width 32: "r baz"
