layer at (0,0) size 800x600
  RenderView at (0,0) size 800x600
layer at (0,0) size 800x388
  RenderBlock {HTML} at (0,0) size 800x388
    RenderBody {BODY} at (32,32) size 736x324 [bgcolor=#CCCCCC]
layer at (143,32) size 514x146 clip at (144,33) size 512x144 scrollHeight 317
  RenderBlock {DIV} at (111,0) size 514x146 [bgcolor=#FFFFFF] [border: (1px solid #999999)]
    RenderBlock {P} at (17,17) size 480x80
      RenderText {#text} at (0,0) size 225x19
        text run at (0,0) width 225: "This page is to test the behavior of "
      RenderInline {CODE} at (0,0) size 134x14
        RenderText {#text} at (224,5) size 134x14
          text run at (224,5) width 134: "position:absolute"
      RenderText {#text} at (357,0) size 478x39
        text run at (357,0) width 121: " content which is a"
        text run at (0,20) width 269: "child of an overflowed parent object with "
      RenderInline {CODE} at (0,0) size 103x14
        RenderText {#text} at (268,25) size 103x14
          text run at (268,25) width 103: "overflow:auto"
      RenderText {#text} at (370,20) size 469x39
        text run at (370,20) width 99: ", both when the"
        text run at (0,40) width 114: "parent element is "
      RenderInline {CODE} at (0,0) size 118x14
        RenderText {#text} at (113,45) size 118x14
          text run at (113,45) width 118: "position:static"
      RenderText {#text} at (230,40) size 99x19
        text run at (230,40) width 99: " (top case) and "
      RenderInline {CODE} at (0,0) size 133x14
        RenderText {#text} at (328,45) size 133x14
          text run at (328,45) width 133: "position:relative"
      RenderText {#text} at (0,60) size 92x19
        text run at (0,60) width 92: "(bottom case)."
    RenderBlock {P} at (17,113) size 480x176 [color=#999999]
      RenderText {#text} at (0,0) size 477x175
        text run at (0,0) width 449: "Following extra content exists to ensure that the parent box overflows properly. Sed ut"
        text run at (0,16) width 417: "perspiciatis unde omnis iste natus error sit voluptatem accusantium doloremque"
        text run at (0,32) width 435: "laudantium, totam rem aperiam, eaque ipsa quae ab illo inventore veritatis et quasi"
        text run at (0,48) width 477: "architecto beatae vitae dicta sunt explicabo. Nemo enim ipsam voluptatem quia voluptas sit"
        text run at (0,64) width 431: "aspernatur aut odit aut fugit, sed quia consequuntur magni dolores eos qui ratione"
        text run at (0,80) width 456: "voluptatem sequi nesciunt. Neque porro quisquam est, qui dolorem ipsum quia dolor sit"
        text run at (0,96) width 451: "amet, consectetur, adipisci velit, sed quia non numquam eius modi tempora incidunt ut"
        text run at (0,112) width 457: "labore et dolore magnam aliquam quaerat voluptatem. Ut enim ad minima veniam, quis"
        text run at (0,128) width 469: "nostrum exercitationem ullam corporis suscipit laboriosam, nisi ut aliquid ex ea commodi"
        text run at (0,144) width 458: "consequatur? Quis autem vel eum iure reprehenderit qui in ea voluptate velit esse quam"
        text run at (0,160) width 473: "nihil molestiae consequatur, vel illum qui dolorem eum fugiat quo voluptas nulla pariatur?"
layer at (0,0) size 40x36
  RenderBlock (positioned) {P} at (0,0) size 41x36 [bgcolor=#FF0000]
    RenderText {#text} at (8,8) size 25x19
      text run at (8,8) width 25: "hi 1"
layer at (143,210) size 514x146 clip at (144,211) size 512x144 scrollHeight 373
  RenderBlock (relative positioned) {DIV} at (111,178) size 514x146 [bgcolor=#FFFFFF] [border: (1px solid #999999)]
    RenderBlock {P} at (17,17) size 480x40
      RenderText {#text} at (0,0) size 474x39
        text run at (0,0) width 474: "Safari v1.2.2 incorrectly scrolls the 'hi 1' div when its parent is scrolled. If"
        text run at (0,20) width 336: "you resize the page even a little, this bug fixes itself."
    RenderBlock {P} at (17,73) size 480x80
      RenderText {#text} at (0,0) size 410x19
        text run at (0,0) width 410: "Safari v1.2.2 also (really odd) causes the entire second div to be"
      RenderInline {CODE} at (0,0) size 86x14
        RenderText {#text} at (0,25) size 86x14
          text run at (0,25) width 86: "opacity:0.5"
      RenderText {#text} at (85,20) size 479x59
        text run at (85,20) width 394: ", despite the fact that this property is only applied to the child"
        text run at (0,40) width 478: "item. This problem fixes itself if you resize the window and then scroll the"
        text run at (0,60) width 24: "div."
    RenderBlock {P} at (17,169) size 480x176 [color=#999999]
      RenderText {#text} at (0,0) size 477x175
        text run at (0,0) width 449: "Following extra content exists to ensure that the parent box overflows properly. Sed ut"
        text run at (0,16) width 417: "perspiciatis unde omnis iste natus error sit voluptatem accusantium doloremque"
        text run at (0,32) width 435: "laudantium, totam rem aperiam, eaque ipsa quae ab illo inventore veritatis et quasi"
        text run at (0,48) width 477: "architecto beatae vitae dicta sunt explicabo. Nemo enim ipsam voluptatem quia voluptas sit"
        text run at (0,64) width 431: "aspernatur aut odit aut fugit, sed quia consequuntur magni dolores eos qui ratione"
        text run at (0,80) width 456: "voluptatem sequi nesciunt. Neque porro quisquam est, qui dolorem ipsum quia dolor sit"
        text run at (0,96) width 451: "amet, consectetur, adipisci velit, sed quia non numquam eius modi tempora incidunt ut"
        text run at (0,112) width 457: "labore et dolore magnam aliquam quaerat voluptatem. Ut enim ad minima veniam, quis"
        text run at (0,128) width 469: "nostrum exercitationem ullam corporis suscipit laboriosam, nisi ut aliquid ex ea commodi"
        text run at (0,144) width 458: "consequatur? Quis autem vel eum iure reprehenderit qui in ea voluptate velit esse quam"
        text run at (0,160) width 473: "nihil molestiae consequatur, vel illum qui dolorem eum fugiat quo voluptas nulla pariatur?"
layer at (144,211) size 40x36
  RenderBlock (positioned) {P} at (1,1) size 41x36 [bgcolor=#FF0000]
    RenderText {#text} at (8,8) size 25x19
      text run at (8,8) width 25: "hi 2"
