layer at (0,0) size 800x606
  RenderView at (0,0) size 800x600
layer at (0,0) size 800x606
  RenderBlock {HTML} at (0,0) size 800x606
    RenderBody {BODY} at (8,8) size 784x590
      RenderBlock (anonymous) at (0,0) size 784x40
        RenderText {#text} at (0,0) size 755x39
          text run at (0,0) width 755: "Make sure that overflow:auto/hidden/scroll blocks interleave their background and foreground with other overlapping"
          text run at (0,20) width 168: "blocks in the normal flow."
      RenderBlock {DIV} at (0,290) size 300x300 [bgcolor=#FFFF00]
        RenderText {#text} at (0,1) size 175x111
          text run at (0,1) width 170: "This text"
          text run at (0,58) width 175: "overlaps."
layer at (8,48) size 300x300 scrollHeight 940
  RenderBlock {DIV} at (0,40) size 300x300 [bgcolor=#00FF00]
    RenderText {#text} at (0,0) size 77x19
      text run at (0,0) width 77: "Hello world"
    RenderBR {BR} at (76,15) size 1x0
    RenderText {#text} at (0,20) size 77x19
      text run at (0,20) width 77: "Hello world"
    RenderBR {BR} at (76,35) size 1x0
    RenderText {#text} at (0,40) size 77x19
      text run at (0,40) width 77: "Hello world"
    RenderBR {BR} at (76,55) size 1x0
    RenderText {#text} at (0,60) size 77x19
      text run at (0,60) width 77: "Hello world"
    RenderBR {BR} at (76,75) size 1x0
    RenderText {#text} at (0,80) size 77x19
      text run at (0,80) width 77: "Hello world"
    RenderBR {BR} at (76,95) size 1x0
    RenderText {#text} at (0,100) size 77x19
      text run at (0,100) width 77: "Hello world"
    RenderBR {BR} at (76,115) size 1x0
    RenderText {#text} at (0,120) size 77x19
      text run at (0,120) width 77: "Hello world"
    RenderBR {BR} at (76,135) size 1x0
    RenderText {#text} at (0,140) size 77x19
      text run at (0,140) width 77: "Hello world"
    RenderBR {BR} at (76,155) size 1x0
    RenderText {#text} at (0,160) size 77x19
      text run at (0,160) width 77: "Hello world"
    RenderBR {BR} at (76,175) size 1x0
    RenderText {#text} at (0,180) size 77x19
      text run at (0,180) width 77: "Hello world"
    RenderBR {BR} at (76,195) size 1x0
    RenderText {#text} at (0,200) size 77x19
      text run at (0,200) width 77: "Hello world"
    RenderBR {BR} at (76,215) size 1x0
    RenderText {#text} at (0,220) size 77x19
      text run at (0,220) width 77: "Hello world"
    RenderBR {BR} at (76,235) size 1x0
    RenderText {#text} at (0,240) size 77x19
      text run at (0,240) width 77: "Hello world"
    RenderBR {BR} at (76,255) size 1x0
    RenderText {#text} at (0,260) size 77x19
      text run at (0,260) width 77: "Hello world"
    RenderBR {BR} at (76,275) size 1x0
    RenderText {#text} at (0,280) size 77x19
      text run at (0,280) width 77: "Hello world"
    RenderBR {BR} at (76,295) size 1x0
    RenderText {#text} at (0,300) size 77x19
      text run at (0,300) width 77: "Hello world"
    RenderBR {BR} at (76,315) size 1x0
    RenderText {#text} at (0,320) size 77x19
      text run at (0,320) width 77: "Hello world"
    RenderBR {BR} at (76,335) size 1x0
    RenderText {#text} at (0,340) size 77x19
      text run at (0,340) width 77: "Hello world"
    RenderBR {BR} at (76,355) size 1x0
    RenderText {#text} at (0,360) size 77x19
      text run at (0,360) width 77: "Hello world"
    RenderBR {BR} at (76,375) size 1x0
    RenderText {#text} at (0,380) size 77x19
      text run at (0,380) width 77: "Hello world"
    RenderBR {BR} at (76,395) size 1x0
    RenderText {#text} at (0,400) size 77x19
      text run at (0,400) width 77: "Hello world"
    RenderBR {BR} at (76,415) size 1x0
    RenderText {#text} at (0,420) size 77x19
      text run at (0,420) width 77: "Hello world"
    RenderBR {BR} at (76,435) size 1x0
    RenderText {#text} at (0,440) size 77x19
      text run at (0,440) width 77: "Hello world"
    RenderBR {BR} at (76,455) size 1x0
    RenderText {#text} at (0,460) size 77x19
      text run at (0,460) width 77: "Hello world"
    RenderBR {BR} at (76,475) size 1x0
    RenderText {#text} at (0,480) size 77x19
      text run at (0,480) width 77: "Hello world"
    RenderBR {BR} at (76,495) size 1x0
    RenderText {#text} at (0,500) size 77x19
      text run at (0,500) width 77: "Hello world"
    RenderBR {BR} at (76,515) size 1x0
    RenderText {#text} at (0,520) size 77x19
      text run at (0,520) width 77: "Hello world"
    RenderBR {BR} at (76,535) size 1x0
    RenderText {#text} at (0,540) size 77x19
      text run at (0,540) width 77: "Hello world"
    RenderBR {BR} at (76,555) size 1x0
    RenderText {#text} at (0,560) size 77x19
      text run at (0,560) width 77: "Hello world"
    RenderBR {BR} at (76,575) size 1x0
    RenderText {#text} at (0,580) size 77x19
      text run at (0,580) width 77: "Hello world"
    RenderBR {BR} at (76,595) size 1x0
    RenderText {#text} at (0,600) size 77x19
      text run at (0,600) width 77: "Hello world"
    RenderBR {BR} at (76,615) size 1x0
    RenderText {#text} at (0,620) size 77x19
      text run at (0,620) width 77: "Hello world"
    RenderBR {BR} at (76,635) size 1x0
    RenderText {#text} at (0,640) size 77x19
      text run at (0,640) width 77: "Hello world"
    RenderBR {BR} at (76,655) size 1x0
    RenderText {#text} at (0,660) size 77x19
      text run at (0,660) width 77: "Hello world"
    RenderBR {BR} at (76,675) size 1x0
    RenderText {#text} at (0,680) size 77x19
      text run at (0,680) width 77: "Hello world"
    RenderBR {BR} at (76,695) size 1x0
    RenderText {#text} at (0,700) size 77x19
      text run at (0,700) width 77: "Hello world"
    RenderBR {BR} at (76,715) size 1x0
    RenderText {#text} at (0,720) size 77x19
      text run at (0,720) width 77: "Hello world"
    RenderBR {BR} at (76,735) size 1x0
    RenderText {#text} at (0,740) size 77x19
      text run at (0,740) width 77: "Hello world"
    RenderBR {BR} at (76,755) size 1x0
    RenderText {#text} at (0,760) size 77x19
      text run at (0,760) width 77: "Hello world"
    RenderBR {BR} at (76,775) size 1x0
    RenderText {#text} at (0,780) size 77x19
      text run at (0,780) width 77: "Hello world"
    RenderBR {BR} at (76,795) size 1x0
    RenderText {#text} at (0,800) size 77x19
      text run at (0,800) width 77: "Hello world"
    RenderBR {BR} at (76,815) size 1x0
    RenderText {#text} at (0,820) size 77x19
      text run at (0,820) width 77: "Hello world"
    RenderBR {BR} at (76,835) size 1x0
    RenderText {#text} at (0,840) size 77x19
      text run at (0,840) width 77: "Hello world"
    RenderBR {BR} at (76,855) size 1x0
    RenderText {#text} at (0,860) size 77x19
      text run at (0,860) width 77: "Hello world"
    RenderBR {BR} at (76,875) size 1x0
    RenderText {#text} at (0,880) size 77x19
      text run at (0,880) width 77: "Hello world"
    RenderBR {BR} at (76,895) size 1x0
    RenderText {#text} at (0,900) size 77x19
      text run at (0,900) width 77: "Hello world"
    RenderBR {BR} at (76,915) size 1x0
    RenderText {#text} at (0,920) size 77x19
      text run at (0,920) width 77: "Hello world"
    RenderBR {BR} at (76,935) size 1x0
