layer at (0,0) size 800x600
  RenderView at (0,0) size 800x600
layer at (0,0) size 800x600
  RenderBlock {HTML} at (0,0) size 800x600
    RenderBody {BODY} at (8,16) size 784x568
      RenderBlock {DIV} at (16,0) size 400x120
        RenderBlock (floating) at (2,1) size 54x59 [color=#FF0000] [border: (2px solid #FF0000)]
          RenderText {#text} at (3,-22) size 48x96
            text run at (3,-22) width 48: "A"
        RenderText {#text} at (57,20) size 397x99
          text run at (57,20) width 317: "n example of first-letter. This letter should span 3"
          text run at (57,40) width 340: "lines of text, and so it should align itself cleanly with"
          text run at (0,60) width 377: "the cap-height of the A lining up with the cap-height of the"
          text run at (0,80) width 395: "first line, and the baseline of the A lining up with the baseline"
          text run at (0,100) width 104: "of the third line."
      RenderBlock {SPAN} at (0,136) size 784x120
        RenderBlock {DIV} at (368,0) size 400x120
          RenderBlock (floating) at (344,1) size 54x59 [color=#FF0000] [border: (2px solid #FF0000)]
            RenderText {#text} at (3,-22) size 48x96
              text run at (3,-22) width 48: "A"
          RenderText {#text} at (6,20) size 394x99
            text run at (6,20) width 337: "n RTL example of first-letter. This letter should span"
            text run at (24,40) width 319: "3 lines of text, and so it should align itself cleanly"
            text run at (14,60) width 386: "with the cap-height of the A lining up with the cap-height of"
            text run at (38,80) width 362: "the first line, and the baseline of the A lining up with the"
            text run at (240,100) width 5 RTL: "."
            text run at (244,100) width 156: "baseline of the third line"
