layer at (0,0) size 800x600
  RenderView at (0,0) size 800x600
layer at (0,0) size 800x600
  RenderBlock {HTML} at (0,0) size 800x600
    RenderBody {BODY} at (8,16) size 784x568
      RenderBlock {DIV} at (16,0) size 400x120
        RenderBlock (floating) at (2,4) size 48x53
          RenderText {#text} at (0,-25) size 48x96
            text run at (0,-25) width 48: "A"
        RenderText {#text} at (51,20) size 395x99
          text run at (51,20) width 317: "n example of first-letter. This letter should span 3"
          text run at (51,40) width 340: "lines of text, and so it should align itself cleanly with"
          text run at (0,60) width 377: "the cap-height of the A lining up with the cap-height of the"
          text run at (0,80) width 395: "first line, and the baseline of the A lining up with the baseline"
          text run at (0,100) width 104: "of the third line."
      RenderBlock {SPAN} at (0,136) size 784x120
        RenderBlock {DIV} at (368,0) size 400x120
          RenderBlock (floating) at (350,4) size 48x53
            RenderText {#text} at (0,-25) size 48x96
              text run at (0,-25) width 48: "A"
          RenderText {#text} at (0,20) size 400x99
            text run at (0,20) width 349: "n RTL example of first-letter. This letter should span 3"
            text run at (9,40) width 340: "lines of text, and so it should align itself cleanly with"
            text run at (23,60) width 377: "the cap-height of the A lining up with the cap-height of the"
            text run at (5,80) width 395: "first line, and the baseline of the A lining up with the baseline"
            text run at (296,100) width 5 RTL: "."
            text run at (300,100) width 100: "of the third line"
