layer at (0,0) size 800x600
  RenderView at (0,0) size 800x600
layer at (0,0) size 800x600
  RenderBlock {HTML} at (0,0) size 800x600
    RenderBody {BODY} at (8,16) size 784x568
      RenderBlock {DIV} at (16,0) size 400x100
        RenderBlock (floating) at (2,24) size 29x33
          RenderText {#text} at (0,-15) size 29x58
            text run at (0,-15) width 29: "A"
        RenderText {#text} at (32,0) size 393x99
          text run at (32,0) width 351: "n example of first-letter. This letter should span 3 lines"
          text run at (32,20) width 361: "of text, and so it should align itself cleanly with the cap-"
          text run at (32,40) width 356: "height of the A lining up with the cap-height of the first"
          text run at (0,60) width 382: "line, and the baseline of the A lining up with the baseline of"
          text run at (0,80) width 86: "the third line."
      RenderBlock {SPAN} at (0,116) size 784x100
        RenderBlock {DIV} at (368,0) size 400x100
          RenderBlock (floating) at (369,24) size 29x33
            RenderText {#text} at (0,-15) size 29x58
              text run at (0,-15) width 29: "A"
          RenderText {#text} at (18,0) size 396x99
            text run at (18,0) width 350: "n RTL example of first-letter. This letter should span 3"
            text run at (4,20) width 364: "lines of text, and so it should align itself cleanly with the"
            text run at (14,40) width 354: "cap-height of the A lining up with the cap-height of the"
            text run at (5,60) width 395: "first line, and the baseline of the A lining up with the baseline"
            text run at (296,80) width 5 RTL: "."
            text run at (300,80) width 100: "of the third line"
