layer at (0,0) size 800x600
  RenderView at (0,0) size 800x600
layer at (0,0) size 800x600
  RenderBlock {HTML} at (0,0) size 800x600
    RenderBody {BODY} at (8,8) size 784x584
layer at (8,8) size 367x584
  RenderBlock {DIV} at (0,0) size 367x584 [border: (5px solid #0000FF)]
    RenderMultiColumnSet at (5,5) size 357x574
layer at (13,13) size 425x279
  RenderMultiColumnFlowThread at (5,5) size 425x279
    RenderBlock (anonymous) at (0,0) size 357x279
      RenderText {#text} at (0,0) size 17x110
        text run at (0,0) width 110: "This is some text."
      RenderBR {BR} at (3,110) size 0x0
      RenderText {#text} at (17,0) size 17x110
        text run at (17,0) width 110: "This is some text."
      RenderBR {BR} at (20,110) size 0x0
      RenderText {#text} at (34,0) size 17x110
        text run at (34,0) width 110: "This is some text."
      RenderBR {BR} at (37,110) size 0x0
      RenderText {#text} at (51,0) size 17x110
        text run at (51,0) width 110: "This is some text."
      RenderBR {BR} at (54,110) size 0x0
      RenderText {#text} at (68,0) size 17x110
        text run at (68,0) width 110: "This is some text."
      RenderBR {BR} at (71,110) size 0x0
      RenderText {#text} at (85,0) size 17x110
        text run at (85,0) width 110: "This is some text."
      RenderBR {BR} at (88,110) size 0x0
      RenderText {#text} at (102,0) size 17x110
        text run at (102,0) width 110: "This is some text."
      RenderBR {BR} at (105,110) size 0x0
      RenderText {#text} at (119,0) size 17x110
        text run at (119,0) width 110: "This is some text."
      RenderBR {BR} at (122,110) size 0x0
      RenderText {#text} at (136,0) size 17x110
        text run at (136,0) width 110: "This is some text."
      RenderBR {BR} at (139,110) size 0x0
      RenderText {#text} at (153,0) size 17x110
        text run at (153,0) width 110: "This is some text."
      RenderBR {BR} at (156,110) size 0x0
      RenderText {#text} at (170,0) size 17x110
        text run at (170,0) width 110: "This is some text."
      RenderBR {BR} at (173,110) size 0x0
      RenderText {#text} at (187,0) size 17x110
        text run at (187,0) width 110: "This is some text."
      RenderBR {BR} at (190,110) size 0x0
      RenderText {#text} at (204,0) size 17x110
        text run at (204,0) width 110: "This is some text."
      RenderBR {BR} at (207,110) size 0x0
      RenderText {#text} at (221,0) size 17x110
        text run at (221,0) width 110: "This is some text."
      RenderBR {BR} at (224,110) size 0x0
      RenderText {#text} at (238,0) size 17x110
        text run at (238,0) width 110: "This is some text."
      RenderBR {BR} at (241,110) size 0x0
      RenderText {#text} at (255,0) size 17x110
        text run at (255,0) width 110: "This is some text."
      RenderBR {BR} at (258,110) size 0x0
      RenderText {#text} at (272,0) size 17x110
        text run at (272,0) width 110: "This is some text."
      RenderBR {BR} at (275,110) size 0x0
      RenderText {#text} at (289,0) size 17x110
        text run at (289,0) width 110: "This is some text."
      RenderBR {BR} at (292,110) size 0x0
      RenderText {#text} at (306,0) size 17x110
        text run at (306,0) width 110: "This is some text."
      RenderBR {BR} at (309,110) size 0x0
      RenderText {#text} at (323,0) size 17x110
        text run at (323,0) width 110: "This is some text."
      RenderBR {BR} at (326,110) size 0x0
      RenderText {#text} at (340,0) size 17x110
        text run at (340,0) width 110: "This is some text."
      RenderBR {BR} at (343,110) size 0x0
    RenderBlock {DIV} at (357,0) size 68x279
      RenderText {#text} at (0,0) size 17x262
        text run at (0,0) width 262: "This text should be in the second column."
      RenderBR {BR} at (3,262) size 0x0
      RenderText {#text} at (17,0) size 17x262
        text run at (17,0) width 262: "This text should be in the second column."
      RenderBR {BR} at (20,262) size 0x0
      RenderText {#text} at (34,0) size 17x262
        text run at (34,0) width 262: "This text should be in the second column."
      RenderBR {BR} at (37,262) size 0x0
      RenderText {#text} at (51,0) size 17x262
        text run at (51,0) width 262: "This text should be in the second column."
      RenderBR {BR} at (54,262) size 0x0
layer at (391,8) size 367x584
  RenderBlock {DIV} at (383,0) size 367x584 [border: (5px solid #0000FF)]
    RenderMultiColumnSet at (5,5) size 357x574
layer at (396,13) size 714x279 backgroundClip at (0,0) size 800x600 clip at (0,0) size 800x600
  RenderMultiColumnFlowThread at (5,5) size 714x279
    RenderBlock (anonymous) at (0,0) size 68x279
      RenderText {#text} at (0,0) size 17x242
        text run at (0,0) width 242: "This text should be in the first column."
      RenderBR {BR} at (3,242) size 0x0
      RenderText {#text} at (17,0) size 17x242
        text run at (17,0) width 242: "This text should be in the first column."
      RenderBR {BR} at (20,242) size 0x0
      RenderText {#text} at (34,0) size 17x242
        text run at (34,0) width 242: "This text should be in the first column."
      RenderBR {BR} at (37,242) size 0x0
      RenderText {#text} at (51,0) size 17x242
        text run at (51,0) width 242: "This text should be in the first column."
      RenderBR {BR} at (54,242) size 0x0
    RenderBlock {DIV} at (357,0) size 357x279
      RenderText {#text} at (0,0) size 17x110
        text run at (0,0) width 110: "This is some text."
      RenderBR {BR} at (3,110) size 0x0
      RenderText {#text} at (17,0) size 17x110
        text run at (17,0) width 110: "This is some text."
      RenderBR {BR} at (20,110) size 0x0
      RenderText {#text} at (34,0) size 17x110
        text run at (34,0) width 110: "This is some text."
      RenderBR {BR} at (37,110) size 0x0
      RenderText {#text} at (51,0) size 17x110
        text run at (51,0) width 110: "This is some text."
      RenderBR {BR} at (54,110) size 0x0
      RenderText {#text} at (68,0) size 17x110
        text run at (68,0) width 110: "This is some text."
      RenderBR {BR} at (71,110) size 0x0
      RenderText {#text} at (85,0) size 17x110
        text run at (85,0) width 110: "This is some text."
      RenderBR {BR} at (88,110) size 0x0
      RenderText {#text} at (102,0) size 17x110
        text run at (102,0) width 110: "This is some text."
      RenderBR {BR} at (105,110) size 0x0
      RenderText {#text} at (119,0) size 17x110
        text run at (119,0) width 110: "This is some text."
      RenderBR {BR} at (122,110) size 0x0
      RenderText {#text} at (136,0) size 17x110
        text run at (136,0) width 110: "This is some text."
      RenderBR {BR} at (139,110) size 0x0
      RenderText {#text} at (153,0) size 17x110
        text run at (153,0) width 110: "This is some text."
      RenderBR {BR} at (156,110) size 0x0
      RenderText {#text} at (170,0) size 17x110
        text run at (170,0) width 110: "This is some text."
      RenderBR {BR} at (173,110) size 0x0
      RenderText {#text} at (187,0) size 17x110
        text run at (187,0) width 110: "This is some text."
      RenderBR {BR} at (190,110) size 0x0
      RenderText {#text} at (204,0) size 17x110
        text run at (204,0) width 110: "This is some text."
      RenderBR {BR} at (207,110) size 0x0
      RenderText {#text} at (221,0) size 17x110
        text run at (221,0) width 110: "This is some text."
      RenderBR {BR} at (224,110) size 0x0
      RenderText {#text} at (238,0) size 17x110
        text run at (238,0) width 110: "This is some text."
      RenderBR {BR} at (241,110) size 0x0
      RenderText {#text} at (255,0) size 17x110
        text run at (255,0) width 110: "This is some text."
      RenderBR {BR} at (258,110) size 0x0
      RenderText {#text} at (272,0) size 17x110
        text run at (272,0) width 110: "This is some text."
      RenderBR {BR} at (275,110) size 0x0
      RenderText {#text} at (289,0) size 17x110
        text run at (289,0) width 110: "This is some text."
      RenderBR {BR} at (292,110) size 0x0
      RenderText {#text} at (306,0) size 17x110
        text run at (306,0) width 110: "This is some text."
      RenderBR {BR} at (309,110) size 0x0
      RenderText {#text} at (323,0) size 17x110
        text run at (323,0) width 110: "This is some text."
      RenderBR {BR} at (326,110) size 0x0
      RenderText {#text} at (340,0) size 17x110
        text run at (340,0) width 110: "This is some text."
      RenderBR {BR} at (343,110) size 0x0
