layer at (0,0) size 1680x1208
  RenderView at (0,0) size 785x585
layer at (0,0) size 1680x585
  RenderBlock {HTML} at (0,0) size 1680x585
    RenderBody {BODY} at (8,8) size 1664x1200
layer at (8,8) size 404x1200
  RenderBlock {DIV} at (0,0) size 404x1200 [border: (2px solid #000000)]
    RenderMultiColumnSet at (2,2) size 400x1196
layer at (10,10) size 722x388
  RenderMultiColumnFlowThread at (2,2) size 722x388
    RenderBlock (anonymous) at (0,0) size 238x388
      RenderText {#text} at (0,0) size 17x110
        text run at (0,0) width 110: "This is some text."
      RenderBR {BR} at (3,110) size 0x0
      RenderText {#text} at (17,0) size 17x110
        text run at (17,0) width 110: "This is some text."
      RenderBR {BR} at (20,110) size 0x0
      RenderText {#text} at (34,0) size 17x110
        text run at (34,0) width 110: "This is some text."
      RenderBR {BR} at (37,110) size 0x0
      RenderText {#text} at (51,0) size 17x110
        text run at (51,0) width 110: "This is some text."
      RenderBR {BR} at (54,110) size 0x0
      RenderText {#text} at (68,0) size 17x110
        text run at (68,0) width 110: "This is some text."
      RenderBR {BR} at (71,110) size 0x0
      RenderText {#text} at (85,0) size 17x110
        text run at (85,0) width 110: "This is some text."
      RenderBR {BR} at (88,110) size 0x0
      RenderText {#text} at (102,0) size 17x110
        text run at (102,0) width 110: "This is some text."
      RenderBR {BR} at (105,110) size 0x0
      RenderText {#text} at (119,0) size 17x110
        text run at (119,0) width 110: "This is some text."
      RenderBR {BR} at (122,110) size 0x0
      RenderText {#text} at (136,0) size 17x110
        text run at (136,0) width 110: "This is some text."
      RenderBR {BR} at (139,110) size 0x0
      RenderText {#text} at (153,0) size 17x110
        text run at (153,0) width 110: "This is some text."
      RenderBR {BR} at (156,110) size 0x0
      RenderText {#text} at (170,0) size 17x110
        text run at (170,0) width 110: "This is some text."
      RenderBR {BR} at (173,110) size 0x0
      RenderText {#text} at (187,0) size 17x110
        text run at (187,0) width 110: "This is some text."
      RenderBR {BR} at (190,110) size 0x0
      RenderText {#text} at (204,0) size 17x110
        text run at (204,0) width 110: "This is some text."
      RenderBR {BR} at (207,110) size 0x0
      RenderText {#text} at (221,0) size 17x110
        text run at (221,0) width 110: "This is some text."
      RenderBR {BR} at (224,110) size 0x0
    RenderBlock {P} at (254,0) size 452x388
      RenderBlock (floating) {SPAN} at (0,0) size 142x78
        RenderText {#text} at (0,0) size 142x78
          text run at (0,0) width 78: "T"
      RenderText {#text} at (0,78) size 17x100
        text run at (0,78) width 100: "his is some text."
      RenderBR {BR} at (3,178) size 0x0
      RenderText {#text} at (17,78) size 17x110
        text run at (17,78) width 110: "This is some text."
      RenderBR {BR} at (20,188) size 0x0
      RenderText {#text} at (34,78) size 17x110
        text run at (34,78) width 110: "This is some text."
      RenderBR {BR} at (37,188) size 0x0
      RenderText {#text} at (51,78) size 17x110
        text run at (51,78) width 110: "This is some text."
      RenderBR {BR} at (54,188) size 0x0
      RenderText {#text} at (68,78) size 17x110
        text run at (68,78) width 110: "This is some text."
      RenderBR {BR} at (71,188) size 0x0
      RenderText {#text} at (85,78) size 17x110
        text run at (85,78) width 110: "This is some text."
      RenderBR {BR} at (88,188) size 0x0
      RenderText {#text} at (102,78) size 17x110
        text run at (102,78) width 110: "This is some text."
      RenderBR {BR} at (105,188) size 0x0
      RenderText {#text} at (119,78) size 17x110
        text run at (119,78) width 110: "This is some text."
      RenderBR {BR} at (122,188) size 0x0
      RenderText {#text} at (146,0) size 17x110
        text run at (146,0) width 110: "This is some text."
      RenderBR {BR} at (149,110) size 0x0
      RenderText {#text} at (163,0) size 17x110
        text run at (163,0) width 110: "This is some text."
      RenderBR {BR} at (166,110) size 0x0
      RenderText {#text} at (180,0) size 17x110
        text run at (180,0) width 110: "This is some text."
      RenderBR {BR} at (183,110) size 0x0
      RenderText {#text} at (197,0) size 17x110
        text run at (197,0) width 110: "This is some text."
      RenderBR {BR} at (200,110) size 0x0
      RenderText {#text} at (214,0) size 17x110
        text run at (214,0) width 110: "This is some text."
      RenderBR {BR} at (217,110) size 0x0
      RenderText {#text} at (231,0) size 17x110
        text run at (231,0) width 110: "This is some text."
      RenderBR {BR} at (234,110) size 0x0
      RenderText {#text} at (248,0) size 17x110
        text run at (248,0) width 110: "This is some text."
      RenderBR {BR} at (251,110) size 0x0
      RenderText {#text} at (265,0) size 17x110
        text run at (265,0) width 110: "This is some text."
      RenderBR {BR} at (268,110) size 0x0
      RenderText {#text} at (282,0) size 17x110
        text run at (282,0) width 110: "This is some text."
      RenderBR {BR} at (285,110) size 0x0
      RenderText {#text} at (299,0) size 17x110
        text run at (299,0) width 110: "This is some text."
      RenderBR {BR} at (302,110) size 0x0
      RenderText {#text} at (316,0) size 17x110
        text run at (316,0) width 110: "This is some text."
      RenderBR {BR} at (319,110) size 0x0
      RenderText {#text} at (333,0) size 17x110
        text run at (333,0) width 110: "This is some text."
      RenderBR {BR} at (336,110) size 0x0
      RenderText {#text} at (350,0) size 17x110
        text run at (350,0) width 110: "This is some text."
      RenderBR {BR} at (353,110) size 0x0
      RenderText {#text} at (367,0) size 17x110
        text run at (367,0) width 110: "This is some text."
      RenderBR {BR} at (370,110) size 0x0
      RenderText {#text} at (384,0) size 17x110
        text run at (384,0) width 110: "This is some text."
      RenderBR {BR} at (387,110) size 0x0
      RenderText {#text} at (401,0) size 17x110
        text run at (401,0) width 110: "This is some text."
      RenderBR {BR} at (404,110) size 0x0
      RenderText {#text} at (418,0) size 17x110
        text run at (418,0) width 110: "This is some text."
      RenderBR {BR} at (421,110) size 0x0
      RenderText {#text} at (435,0) size 17x110
        text run at (435,0) width 110: "This is some text."
      RenderBR {BR} at (438,110) size 0x0
layer at (428,8) size 404x1200
  RenderBlock {DIV} at (420,0) size 404x1200 [border: (2px solid #000000)]
    RenderMultiColumnSet at (2,2) size 400x1196
layer at (430,10) size 867x388
  RenderMultiColumnFlowThread at (2,2) size 867x388
    RenderBlock (anonymous) at (0,0) size 238x388
      RenderText {#text} at (0,0) size 17x110
        text run at (0,0) width 110: "This is some text."
      RenderBR {BR} at (3,110) size 0x0
      RenderText {#text} at (17,0) size 17x110
        text run at (17,0) width 110: "This is some text."
      RenderBR {BR} at (20,110) size 0x0
      RenderText {#text} at (34,0) size 17x110
        text run at (34,0) width 110: "This is some text."
      RenderBR {BR} at (37,110) size 0x0
      RenderText {#text} at (51,0) size 17x110
        text run at (51,0) width 110: "This is some text."
      RenderBR {BR} at (54,110) size 0x0
      RenderText {#text} at (68,0) size 17x110
        text run at (68,0) width 110: "This is some text."
      RenderBR {BR} at (71,110) size 0x0
      RenderText {#text} at (85,0) size 17x110
        text run at (85,0) width 110: "This is some text."
      RenderBR {BR} at (88,110) size 0x0
      RenderText {#text} at (102,0) size 17x110
        text run at (102,0) width 110: "This is some text."
      RenderBR {BR} at (105,110) size 0x0
      RenderText {#text} at (119,0) size 17x110
        text run at (119,0) width 110: "This is some text."
      RenderBR {BR} at (122,110) size 0x0
      RenderText {#text} at (136,0) size 17x110
        text run at (136,0) width 110: "This is some text."
      RenderBR {BR} at (139,110) size 0x0
      RenderText {#text} at (153,0) size 17x110
        text run at (153,0) width 110: "This is some text."
      RenderBR {BR} at (156,110) size 0x0
      RenderText {#text} at (170,0) size 17x110
        text run at (170,0) width 110: "This is some text."
      RenderBR {BR} at (173,110) size 0x0
      RenderText {#text} at (187,0) size 17x110
        text run at (187,0) width 110: "This is some text."
      RenderBR {BR} at (190,110) size 0x0
      RenderText {#text} at (204,0) size 17x110
        text run at (204,0) width 110: "This is some text."
      RenderBR {BR} at (207,110) size 0x0
      RenderText {#text} at (221,0) size 17x110
        text run at (221,0) width 110: "This is some text."
      RenderBR {BR} at (224,110) size 0x0
    RenderBlock {P} at (254,0) size 597x388
      RenderImage {IMG} at (146,0) size 100x100 [bgcolor=#008000]
      RenderImage {IMG} at (146,288) size 200x100 [bgcolor=#008000]
      RenderText {#text} at (146,100) size 17x106
        text run at (146,100) width 106: "This is some text"
      RenderBR {BR} at (149,206) size 0x0
      RenderText {#text} at (163,100) size 17x110
        text run at (163,100) width 110: "This is some text."
      RenderBR {BR} at (166,210) size 0x0
      RenderText {#text} at (180,100) size 17x110
        text run at (180,100) width 110: "This is some text."
      RenderBR {BR} at (183,210) size 0x0
      RenderText {#text} at (197,100) size 17x110
        text run at (197,100) width 110: "This is some text."
      RenderBR {BR} at (200,210) size 0x0
      RenderText {#text} at (214,100) size 17x110
        text run at (214,100) width 110: "This is some text."
      RenderBR {BR} at (217,210) size 0x0
      RenderText {#text} at (231,100) size 17x110
        text run at (231,100) width 110: "This is some text."
      RenderBR {BR} at (234,210) size 0x0
      RenderText {#text} at (248,0) size 17x110
        text run at (248,0) width 110: "This is some text."
      RenderBR {BR} at (251,110) size 0x0
      RenderText {#text} at (265,0) size 17x110
        text run at (265,0) width 110: "This is some text."
      RenderBR {BR} at (268,110) size 0x0
      RenderText {#text} at (282,0) size 17x110
        text run at (282,0) width 110: "This is some text."
      RenderBR {BR} at (285,110) size 0x0
      RenderText {#text} at (299,0) size 17x110
        text run at (299,0) width 110: "This is some text."
      RenderBR {BR} at (302,110) size 0x0
      RenderText {#text} at (316,0) size 17x110
        text run at (316,0) width 110: "This is some text."
      RenderBR {BR} at (319,110) size 0x0
      RenderText {#text} at (333,0) size 17x110
        text run at (333,0) width 110: "This is some text."
      RenderBR {BR} at (336,110) size 0x0
      RenderText {#text} at (350,0) size 17x110
        text run at (350,0) width 110: "This is some text."
      RenderBR {BR} at (353,110) size 0x0
      RenderText {#text} at (367,0) size 17x110
        text run at (367,0) width 110: "This is some text."
      RenderBR {BR} at (370,110) size 0x0
      RenderText {#text} at (384,0) size 17x110
        text run at (384,0) width 110: "This is some text."
      RenderBR {BR} at (387,110) size 0x0
      RenderText {#text} at (401,0) size 17x110
        text run at (401,0) width 110: "This is some text."
      RenderBR {BR} at (404,110) size 0x0
      RenderText {#text} at (418,0) size 17x110
        text run at (418,0) width 110: "This is some text."
      RenderBR {BR} at (421,110) size 0x0
      RenderText {#text} at (435,0) size 17x110
        text run at (435,0) width 110: "This is some text."
      RenderBR {BR} at (438,110) size 0x0
      RenderText {#text} at (452,0) size 17x110
        text run at (452,0) width 110: "This is some text."
      RenderBR {BR} at (455,110) size 0x0
      RenderText {#text} at (469,0) size 17x110
        text run at (469,0) width 110: "This is some text."
      RenderBR {BR} at (472,110) size 0x0
      RenderText {#text} at (486,0) size 17x110
        text run at (486,0) width 110: "This is some text."
      RenderBR {BR} at (489,110) size 0x0
      RenderText {#text} at (503,0) size 17x110
        text run at (503,0) width 110: "This is some text."
      RenderBR {BR} at (506,110) size 0x0
      RenderText {#text} at (520,0) size 17x110
        text run at (520,0) width 110: "This is some text."
      RenderBR {BR} at (523,110) size 0x0
      RenderText {#text} at (546,0) size 17x110
        text run at (546,0) width 110: "This is some text."
      RenderBR {BR} at (549,110) size 0x0
      RenderText {#text} at (563,0) size 17x110
        text run at (563,0) width 110: "This is some text."
      RenderBR {BR} at (566,110) size 0x0
      RenderText {#text} at (580,0) size 17x110
        text run at (580,0) width 110: "This is some text."
      RenderBR {BR} at (583,110) size 0x0
layer at (848,8) size 404x1200
  RenderBlock {DIV} at (840,0) size 404x1200 [border: (2px solid #000000)]
    RenderMultiColumnSet at (2,2) size 400x1196
layer at (850,10) size 417x388
  RenderMultiColumnFlowThread at (2,2) size 417x388
    RenderImage {IMG} at (0,0) size 390x300 [bgcolor=#008000]
    RenderText {#text} at (0,300) size 417x380
      text run at (0,300) width 73: "Longer text"
      text run at (17,300) width 72: "designed to"
      text run at (34,300) width 80: "test float and"
      text run at (51,300) width 60: "wrapping"
      text run at (68,300) width 59: "behavior."
      text run at (85,300) width 73: "Longer text"
      text run at (102,300) width 72: "designed to"
      text run at (119,300) width 80: "test float and"
      text run at (136,300) width 60: "wrapping"
      text run at (153,300) width 59: "behavior."
      text run at (170,300) width 73: "Longer text"
      text run at (187,300) width 72: "designed to"
      text run at (204,300) width 80: "test float and"
      text run at (221,300) width 60: "wrapping"
      text run at (238,300) width 59: "behavior."
      text run at (255,300) width 73: "Longer text"
      text run at (272,300) width 72: "designed to"
      text run at (289,300) width 80: "test float and"
      text run at (306,300) width 60: "wrapping"
      text run at (323,300) width 59: "behavior."
      text run at (340,300) width 73: "Longer text"
      text run at (357,300) width 72: "designed to"
      text run at (374,300) width 80: "test float and"
      text run at (400,0) width 123: "wrapping behavior."
layer at (1268,8) size 404x1200
  RenderBlock {DIV} at (1260,0) size 404x1200 [border: (2px solid #000000)]
    RenderMultiColumnSet at (2,2) size 400x1196
layer at (1270,10) size 634x388 backgroundClip at (0,0) size 1680x1208 clip at (0,0) size 1680x1208
  RenderMultiColumnFlowThread at (2,2) size 634x388
    RenderImage {IMG} at (0,0) size 380x388 [bgcolor=#0000FF]
    RenderInline {SPAN} at (0,0) size 234x383
      RenderImage {IMG} at (400,0) size 20x100 [bgcolor=#008000]
      RenderText {#text} at (400,100) size 26x211
        text run at (400,100) width 211: "Longer text designed "
      RenderImage {IMG} at (426,288) size 20x100 [bgcolor=#008000]
      RenderText {#text} at (400,311) size 234x383
        text run at (400,311) width 59: "to test"
        text run at (426,0) width 280: "float and wrapping behavior."
        text run at (452,0) width 362: "Longer text designed to test float and"
        text run at (478,0) width 307: "wrapping behavior. Longer text"
        text run at (504,0) width 340: "designed to test float and wrapping"
        text run at (530,0) width 367: "behavior. Longer text designed to test"
        text run at (556,0) width 356: "float and wrapping behavior. Longer"
        text run at (582,0) width 383: "text designed to test float and wrapping"
        text run at (608,0) width 91: "behavior."
    RenderText {#text} at (0,0) size 0x0
