layer at (0,0) size 785x1208
  RenderView at (0,0) size 785x600
layer at (0,0) size 785x600
  RenderBlock {HTML} at (0,0) size 785x600
    RenderBody {BODY} at (8,8) size 769x1200
layer at (8,8) size 404x1200
  RenderBlock {DIV} at (0,0) size 404x1200 [border: (2px solid #000000)]
    RenderMultiColumnSet at (2,2) size 400x1196
layer at (10,10) size 919x388 backgroundClip at (0,0) size 785x1208 clip at (0,0) size 785x1208
  RenderMultiColumnFlowThread at (2,2) size 919x388
    RenderText {#text} at (0,0) size 17x110
      text run at (0,0) width 110: "This is some text."
    RenderBR {BR} at (3,110) size 0x0
    RenderText {#text} at (17,0) size 17x110
      text run at (17,0) width 110: "This is some text."
    RenderBR {BR} at (20,110) size 0x0
    RenderText {#text} at (34,0) size 17x110
      text run at (34,0) width 110: "This is some text."
    RenderBR {BR} at (37,110) size 0x0
    RenderText {#text} at (51,0) size 17x110
      text run at (51,0) width 110: "This is some text."
    RenderBR {BR} at (54,110) size 0x0
    RenderText {#text} at (68,0) size 17x110
      text run at (68,0) width 110: "This is some text."
    RenderBR {BR} at (71,110) size 0x0
    RenderText {#text} at (85,0) size 17x110
      text run at (85,0) width 110: "This is some text."
    RenderBR {BR} at (88,110) size 0x0
    RenderText {#text} at (102,0) size 17x110
      text run at (102,0) width 110: "This is some text."
    RenderBR {BR} at (105,110) size 0x0
    RenderText {#text} at (119,0) size 17x110
      text run at (119,0) width 110: "This is some text."
    RenderBR {BR} at (122,110) size 0x0
    RenderText {#text} at (136,0) size 17x110
      text run at (136,0) width 110: "This is some text."
    RenderBR {BR} at (139,110) size 0x0
    RenderText {#text} at (153,0) size 17x110
      text run at (153,0) width 110: "This is some text."
    RenderBR {BR} at (156,110) size 0x0
    RenderImage {IMG} at (400,0) size 300x250 [bgcolor=#008000]
    RenderText {#text} at (400,250) size 17x110
      text run at (400,250) width 110: "This is some text."
    RenderBR {BR} at (403,360) size 0x0
    RenderText {#text} at (417,250) size 17x110
      text run at (417,250) width 110: "This is some text."
    RenderBR {BR} at (420,360) size 0x0
    RenderText {#text} at (434,250) size 17x110
      text run at (434,250) width 110: "This is some text."
    RenderBR {BR} at (437,360) size 0x0
    RenderText {#text} at (451,250) size 17x110
      text run at (451,250) width 110: "This is some text."
    RenderBR {BR} at (454,360) size 0x0
    RenderText {#text} at (468,250) size 17x110
      text run at (468,250) width 110: "This is some text."
    RenderBR {BR} at (471,360) size 0x0
    RenderText {#text} at (485,250) size 17x110
      text run at (485,250) width 110: "This is some text."
    RenderBR {BR} at (488,360) size 0x0
    RenderText {#text} at (502,250) size 17x110
      text run at (502,250) width 110: "This is some text."
    RenderBR {BR} at (505,360) size 0x0
    RenderText {#text} at (519,250) size 17x110
      text run at (519,250) width 110: "This is some text."
    RenderBR {BR} at (522,360) size 0x0
    RenderText {#text} at (536,250) size 17x110
      text run at (536,250) width 110: "This is some text."
    RenderBR {BR} at (539,360) size 0x0
    RenderText {#text} at (553,250) size 17x110
      text run at (553,250) width 110: "This is some text."
    RenderBR {BR} at (556,360) size 0x0
    RenderText {#text} at (570,250) size 17x110
      text run at (570,250) width 110: "This is some text."
    RenderBR {BR} at (573,360) size 0x0
    RenderText {#text} at (587,250) size 17x110
      text run at (587,250) width 110: "This is some text."
    RenderBR {BR} at (590,360) size 0x0
    RenderText {#text} at (604,250) size 17x110
      text run at (604,250) width 110: "This is some text."
    RenderBR {BR} at (607,360) size 0x0
    RenderText {#text} at (621,250) size 17x110
      text run at (621,250) width 110: "This is some text."
    RenderBR {BR} at (624,360) size 0x0
    RenderText {#text} at (638,250) size 17x110
      text run at (638,250) width 110: "This is some text."
    RenderBR {BR} at (641,360) size 0x0
    RenderText {#text} at (655,250) size 17x110
      text run at (655,250) width 110: "This is some text."
    RenderBR {BR} at (658,360) size 0x0
    RenderText {#text} at (672,250) size 17x110
      text run at (672,250) width 110: "This is some text."
    RenderBR {BR} at (675,360) size 0x0
    RenderText {#text} at (689,250) size 17x110
      text run at (689,250) width 110: "This is some text."
    RenderBR {BR} at (692,360) size 0x0
    RenderText {#text} at (706,0) size 17x110
      text run at (706,0) width 110: "This is some text."
    RenderBR {BR} at (709,110) size 0x0
    RenderText {#text} at (723,0) size 17x110
      text run at (723,0) width 110: "This is some text."
    RenderBR {BR} at (726,110) size 0x0
    RenderText {#text} at (740,0) size 17x110
      text run at (740,0) width 110: "This is some text."
    RenderBR {BR} at (743,110) size 0x0
    RenderText {#text} at (757,0) size 17x110
      text run at (757,0) width 110: "This is some text."
    RenderBR {BR} at (760,110) size 0x0
    RenderText {#text} at (774,0) size 17x110
      text run at (774,0) width 110: "This is some text."
    RenderBR {BR} at (777,110) size 0x0
    RenderText {#text} at (800,0) size 17x110
      text run at (800,0) width 110: "This is some text."
    RenderBR {BR} at (803,110) size 0x0
    RenderText {#text} at (817,0) size 17x110
      text run at (817,0) width 110: "This is some text."
    RenderBR {BR} at (820,110) size 0x0
    RenderText {#text} at (834,0) size 17x110
      text run at (834,0) width 110: "This is some text."
    RenderBR {BR} at (837,110) size 0x0
    RenderText {#text} at (851,0) size 17x110
      text run at (851,0) width 110: "This is some text."
    RenderBR {BR} at (854,110) size 0x0
    RenderText {#text} at (868,0) size 17x110
      text run at (868,0) width 110: "This is some text."
    RenderBR {BR} at (871,110) size 0x0
    RenderText {#text} at (885,0) size 17x110
      text run at (885,0) width 110: "This is some text."
    RenderBR {BR} at (888,110) size 0x0
    RenderText {#text} at (902,0) size 17x110
      text run at (902,0) width 110: "This is some text."
    RenderBR {BR} at (905,110) size 0x0
