layer at (0,0) size 800x600
  RenderView at (0,0) size 800x600
layer at (0,0) size 800x81
  RenderBlock {html} at (0,0) size 800x81
    RenderBody {body} at (8,16) size 784x49
      RenderBlock {p} at (0,0) size 784x49
        RenderButton {button} at (2,2) size 241x22 [color=#7F7F7F] [bgcolor=#00FF00] [border: (2px outset #C0C0C0)]
          RenderBlock (anonymous) at (8,4) size 225x13
            RenderText {#text} at (0,0) size 225x13
              text run at (0,0) width 225: "A button (disabled) with green background"
        RenderText {#text} at (244,3) size 5x18
          text run at (244,3) width 5: " "
        RenderBR {br} at (0,0) size 0x0
        RenderTextControl {input} at (2,28) size 258x19 [bgcolor=#00FF00] [border: (2px inset #000000)]
        RenderText {#text} at (0,0) size 0x0
layer at (13,47) size 252x13
  RenderBlock {div} at (3,3) size 252x13 [color=#545454]
    RenderText {#text} at (0,0) size 235x13
      text run at (0,0) width 235: "a text area (disabled) with green background"
