layer at (0,0) size 800x600
  RenderView at (0,0) size 800x600
layer at (0,0) size 800x79
  RenderBlock {HTML} at (0,0) size 800x79
    RenderBody {BODY} at (8,8) size 784x63
layer at (8,8) size 314x63
  RenderBlock (relative positioned) {DIV} at (0,0) size 314x63 [bgcolor=#FF0000] [border: (2px solid #000000)]
layer at (10,10) size 310x59
  RenderImage {IMG} at (2,2) size 310x59
layer at (15,31) size 300x17
  RenderBlock (relative positioned) zI: 1 {P} at (7,23) size 300x17
    RenderText zI: 1 {#text} at (37,0) size 226x17
      text run at (37,0) width 226: "There should be no red on this page"
