layer at (0,0) size 800x600
  RenderView at (0,0) size 800x600
layer at (0,0) size 800x298
  RenderBlock {HTML} at (0,0) size 800x298
    RenderBody {BODY} at (8,16) size 784x266
      RenderBlock {P} at (0,0) size 784x17
        RenderText {#text} at (0,0) size 393x17
          text run at (0,0) width 393: "These images should all look the same, square not rectangular."
      RenderBlock {P} at (0,33) size 784x67
        RenderImage {IMG} at (0,0) size 64x64
      RenderBlock {P} at (0,116) size 784x67
        RenderImage {IMG} at (0,0) size 64x64
      RenderBlock {P} at (0,199) size 784x67
        RenderImage {IMG} at (0,0) size 64x64
