layer at (0,0) size 800x600
  RenderView at (0,0) size 800x600
layer at (0,0) size 800x600
  RenderBlock {HTML} at (0,0) size 800x600
    RenderBody {BODY} at (8,8) size 784x584
      RenderBlock {DIV} at (0,0) size 10x42
        RenderText {#text} at (0,0) size 25x17
          text run at (0,0) width 25: "Foo"
        RenderImage {IMG} at (0,17) size 25x25
      RenderBlock {DIV} at (0,42) size 10x48
        RenderText {#text} at (0,0) size 25x17
          text run at (0,0) width 25: "Foo"
        RenderMenuList {SELECT} at (2,19) size 57x27 [bgcolor=#FFFFFF] [border: (1px solid #000000)]
          RenderBlock (anonymous) at (1,1) size 55x25
            RenderText at (4,4) size 30x17
              text run at (4,4) width 30: "One"
      RenderBlock {DIV} at (0,90) size 10x44
        RenderText {#text} at (0,0) size 25x17
          text run at (0,0) width 25: "Foo"
        RenderTextControl {INPUT} at (2,19) size 191x23 [bgcolor=#FFFFFF] [border: (2px inset #000000)]
      RenderBlock {DIV} at (0,134) size 10x42
        RenderImage {IMG} at (0,0) size 25x25
        RenderText {#text} at (0,25) size 25x17
          text run at (0,25) width 25: "Foo"
      RenderBlock {DIV} at (0,176) size 10x48
        RenderMenuList {SELECT} at (2,2) size 57x27 [bgcolor=#FFFFFF] [border: (1px solid #000000)]
          RenderBlock (anonymous) at (1,1) size 55x25
            RenderText at (4,4) size 30x17
              text run at (4,4) width 30: "One"
        RenderText {#text} at (0,31) size 25x17
          text run at (0,31) width 25: "Foo"
      RenderBlock {DIV} at (0,224) size 10x44
        RenderTextControl {INPUT} at (2,2) size 191x23 [bgcolor=#FFFFFF] [border: (2px inset #000000)]
        RenderText {#text} at (0,27) size 25x17
          text run at (0,27) width 25: "Foo"
layer at (13,120) size 185x17
  RenderBlock {DIV} at (3,3) size 185x17
layer at (13,237) size 185x17
  RenderBlock {DIV} at (3,3) size 185x17
