layer at (0,0) size 800x600
  RenderView at (0,0) size 800x600
layer at (0,0) size 800x600
  RenderBlock {HTML} at (0,0) size 800x600
    RenderBody {BODY} at (8,8) size 784x584
      RenderBlock (anonymous) at (0,0) size 784x17
        RenderText {#text} at (0,0) size 287x17
          text run at (0,0) width 287: "The popup buttons below should not overlap."
      RenderTable {TABLE} at (0,17) size 784x35
        RenderTableSection {TBODY} at (0,0) size 784x35
          RenderTableRow {TR} at (0,1) size 784x33
            RenderTableCell {TD} at (1,1) size 4x33 [r=0 c=0 rs=1 cs=1]
              RenderMenuList {SELECT} at (1,3) size 2x27 [bgcolor=#FFFFFF] [border: (1px solid #000000)]
                RenderBlock (anonymous) at (1,1) size 25x25
                  RenderText at (4,4) size 27x17
                    text run at (4,4) width 27: "one"
            RenderTableCell {TD} at (6,1) size 4x33 [r=0 c=1 rs=1 cs=1]
              RenderMenuList {SELECT} at (1,3) size 2x27 [bgcolor=#FFFFFF] [border: (1px solid #000000)]
                RenderBlock (anonymous) at (1,1) size 25x25
                  RenderText at (4,4) size 25x17
                    text run at (4,4) width 25: "two"
            RenderTableCell {TD} at (11,1) size 4x33 [r=0 c=2 rs=1 cs=1]
              RenderMenuList {SELECT} at (1,3) size 2x27 [bgcolor=#FFFFFF] [border: (1px solid #000000)]
                RenderBlock (anonymous) at (1,1) size 25x25
                  RenderText at (4,4) size 36x17
                    text run at (4,4) width 36: "three"
            RenderTableCell {TD} at (16,8) size 767x19 [r=0 c=3 rs=1 cs=1]
              RenderText {#text} at (1,1) size 4x17
                text run at (1,1) width 4: " "
