layer at (0,0) size 785x688
  RenderView at (0,0) size 785x600
layer at (0,0) size 785x688
  RenderBlock {HTML} at (0,0) size 785x688
    RenderBody {BODY} at (8,8) size 769x672
      RenderBlock {P} at (0,0) size 769x35
        RenderText {#text} at (0,0) size 219x17
          text run at (0,0) width 219: "This page tests the behavior of the "
        RenderInline {TT} at (0,0) size 72x15
          RenderText {#text} at (219,3) size 72x15
            text run at (219,3) width 72: "scrolling"
        RenderText {#text} at (291,0) size 79x17
          text run at (291,0) width 79: " attribute on "
        RenderInline {TT} at (0,0) size 64x15
          RenderText {#text} at (370,3) size 64x15
            text run at (370,3) width 64: "<iframe>"
        RenderText {#text} at (434,0) size 767x35
          text run at (434,0) width 333: " elements which contain a page large enough to need"
          text run at (0,18) width 88: "to be scrolled."
      RenderBlock (anonymous) at (0,51) size 769x621
        RenderIFrame {IFRAME} at (0,0) size 204x204 [border: (2px inset #000000)]
          layer at (0,0) size 408x483
            RenderView at (0,0) size 185x185
          layer at (0,0) size 185x483
            RenderBlock {HTML} at (0,0) size 185x483
              RenderBody {BODY} at (8,8) size 169x467
                RenderBlock {P} at (0,0) size 169x51
                  RenderText {#text} at (0,0) size 162x51
                    text run at (0,0) width 162: "This page is large enough"
                    text run at (0,17) width 161: "to need to be scrolled in a"
                    text run at (0,34) width 100: "200x200 frame."
                RenderBlock {DIV} at (0,67) size 400x400 [bgcolor=#0000FF]
        RenderText {#text} at (204,190) size 4x17
          text run at (204,190) width 4: " "
        RenderIFrame {IFRAME} at (208,0) size 204x204 [border: (2px inset #000000)]
          layer at (0,0) size 408x483
            RenderView at (0,0) size 185x185
          layer at (0,0) size 185x483
            RenderBlock {HTML} at (0,0) size 185x483
              RenderBody {BODY} at (8,8) size 169x467
                RenderBlock {P} at (0,0) size 169x51
                  RenderText {#text} at (0,0) size 162x51
                    text run at (0,0) width 162: "This page is large enough"
                    text run at (0,17) width 161: "to need to be scrolled in a"
                    text run at (0,34) width 100: "200x200 frame."
                RenderBlock {DIV} at (0,67) size 400x400 [bgcolor=#0000FF]
        RenderText {#text} at (412,190) size 4x17
          text run at (412,190) width 4: " "
        RenderIFrame {IFRAME} at (416,0) size 204x204 [border: (2px inset #000000)]
          layer at (0,0) size 408x483
            RenderView at (0,0) size 185x185
          layer at (0,0) size 185x483
            RenderBlock {HTML} at (0,0) size 185x483
              RenderBody {BODY} at (8,8) size 169x467
                RenderBlock {P} at (0,0) size 169x51
                  RenderText {#text} at (0,0) size 162x51
                    text run at (0,0) width 162: "This page is large enough"
                    text run at (0,17) width 161: "to need to be scrolled in a"
                    text run at (0,34) width 100: "200x200 frame."
                RenderBlock {DIV} at (0,67) size 400x400 [bgcolor=#0000FF]
        RenderText {#text} at (620,190) size 4x17
          text run at (620,190) width 4: " "
        RenderIFrame {IFRAME} at (0,207) size 204x204 [border: (2px inset #000000)]
          layer at (0,0) size 408x483
            RenderView at (0,0) size 185x185
          layer at (0,0) size 185x483
            RenderBlock {HTML} at (0,0) size 185x483
              RenderBody {BODY} at (8,8) size 169x467
                RenderBlock {P} at (0,0) size 169x51
                  RenderText {#text} at (0,0) size 162x51
                    text run at (0,0) width 162: "This page is large enough"
                    text run at (0,17) width 161: "to need to be scrolled in a"
                    text run at (0,34) width 100: "200x200 frame."
                RenderBlock {DIV} at (0,67) size 400x400 [bgcolor=#0000FF]
        RenderText {#text} at (204,397) size 4x17
          text run at (204,397) width 4: " "
        RenderIFrame {IFRAME} at (208,207) size 204x204 [border: (2px inset #000000)]
          layer at (0,0) size 408x483
            RenderView at (0,0) size 185x185
          layer at (0,0) size 185x483
            RenderBlock {HTML} at (0,0) size 185x483
              RenderBody {BODY} at (8,8) size 169x467
                RenderBlock {P} at (0,0) size 169x51
                  RenderText {#text} at (0,0) size 162x51
                    text run at (0,0) width 162: "This page is large enough"
                    text run at (0,17) width 161: "to need to be scrolled in a"
                    text run at (0,34) width 100: "200x200 frame."
                RenderBlock {DIV} at (0,67) size 400x400 [bgcolor=#0000FF]
        RenderText {#text} at (412,397) size 4x17
          text run at (412,397) width 4: " "
        RenderIFrame {IFRAME} at (416,207) size 204x204 [border: (2px inset #000000)]
          layer at (0,0) size 408x483
            RenderView at (0,0) size 200x200
          layer at (0,0) size 200x483
            RenderBlock {HTML} at (0,0) size 200x483
              RenderBody {BODY} at (8,8) size 184x467
                RenderBlock {P} at (0,0) size 184x51
                  RenderText {#text} at (0,0) size 178x51
                    text run at (0,0) width 178: "This page is large enough to"
                    text run at (0,17) width 145: "need to be scrolled in a"
                    text run at (0,34) width 100: "200x200 frame."
                RenderBlock {DIV} at (0,67) size 400x400 [bgcolor=#0000FF]
        RenderText {#text} at (620,397) size 4x17
          text run at (620,397) width 4: " "
        RenderIFrame {IFRAME} at (0,414) size 204x204 [border: (2px inset #000000)]
          layer at (0,0) size 408x483
            RenderView at (0,0) size 185x185
          layer at (0,0) size 185x483
            RenderBlock {HTML} at (0,0) size 185x483
              RenderBody {BODY} at (8,8) size 169x467
                RenderBlock {P} at (0,0) size 169x51
                  RenderText {#text} at (0,0) size 162x51
                    text run at (0,0) width 162: "This page is large enough"
                    text run at (0,17) width 161: "to need to be scrolled in a"
                    text run at (0,34) width 100: "200x200 frame."
                RenderBlock {DIV} at (0,67) size 400x400 [bgcolor=#0000FF]
        RenderText {#text} at (204,604) size 4x17
          text run at (204,604) width 4: " "
        RenderIFrame {IFRAME} at (208,414) size 204x204 [border: (2px inset #000000)]
          layer at (0,0) size 408x483
            RenderView at (0,0) size 185x185
          layer at (0,0) size 185x483
            RenderBlock {HTML} at (0,0) size 185x483
              RenderBody {BODY} at (8,8) size 169x467
                RenderBlock {P} at (0,0) size 169x51
                  RenderText {#text} at (0,0) size 162x51
                    text run at (0,0) width 162: "This page is large enough"
                    text run at (0,17) width 161: "to need to be scrolled in a"
                    text run at (0,34) width 100: "200x200 frame."
                RenderBlock {DIV} at (0,67) size 400x400 [bgcolor=#0000FF]
        RenderText {#text} at (0,0) size 0x0
