layer at (0,0) size 800x600
  RenderView at (0,0) size 800x600
layer at (0,0) size 800x600
  RenderBlock {HTML} at (0,0) size 800x600
    RenderBody {BODY} at (8,8) size 784x584
      RenderText {#text} at (0,0) size 212x17
        text run at (0,0) width 212: "This iframe should have a border."
      RenderBR {BR} at (212,14) size 0x0
      RenderIFrame {IFRAME} at (0,17) size 304x154 [border: (2px inset #000000)]
        layer at (0,0) size 300x150
          RenderView at (0,0) size 300x150
        layer at (0,0) size 300x150
          RenderBlock {HTML} at (0,0) size 300x150
            RenderBody {BODY} at (8,8) size 284x134
      RenderText {#text} at (304,157) size 4x17
        text run at (304,157) width 4: " "
      RenderBR {BR} at (0,0) size 0x0
      RenderText {#text} at (0,174) size 146x17
        text run at (0,174) width 146: "This iframe should not."
      RenderBR {BR} at (146,188) size 0x0
      RenderIFrame {IFRAME} at (0,191) size 300x150
        layer at (0,0) size 300x150
          RenderView at (0,0) size 300x150
        layer at (0,0) size 300x150
          RenderBlock {HTML} at (0,0) size 300x150
            RenderBody {BODY} at (8,8) size 284x134
      RenderText {#text} at (300,327) size 4x17
        text run at (300,327) width 4: " "
      RenderBR {BR} at (304,341) size 0x0
      RenderText {#text} at (0,344) size 216x17
        text run at (0,344) width 216: "This iframe should have a border. "
      RenderBR {BR} at (216,358) size 0x0
      RenderIFrame {IFRAME} at (0,361) size 304x154 [border: (2px inset #000000)]
        layer at (0,0) size 300x150
          RenderView at (0,0) size 300x150
        layer at (0,0) size 300x150
          RenderBlock {HTML} at (0,0) size 300x150
            RenderBody {BODY} at (8,8) size 284x134
      RenderText {#text} at (0,0) size 0x0
