layer at (0,0) size 800x600
  RenderView at (0,0) size 800x600
layer at (0,0) size 800x40
  RenderBlock {HTML} at (0,0) size 800x40
    RenderBody {BODY} at (8,8) size 784x22
      RenderBlock {DIV} at (0,0) size 784x22
        RenderMathMLMath {math} at (0,0) size 784x22 [padding: 0 1 0 1]
          RenderMathMLRow {mrow} at (268,4) size 26x16
            RenderMathMLScripts {mmultiscripts} at (0,0) size 26x16
              Base Wrapper at (8,0) size 9x16 [padding: 2 0 4 0]
                RenderMathMLToken {mi} at (0,2) size 8x9 [padding: 0 1 0 0]
                  RenderMathMLBlock (anonymous, flex) at (0,0) size 7x9
                    RenderBlock (anonymous) at (0,0) size 7x9
                      RenderText {#text} at (0,3) size 7x10
                        text run at (0,3) width 7: "C"
              SubSupPair Wrapper at (16,0) size 10x16
                RenderMathMLBlock (flex) {none} at (0,15) size 0x0
                RenderMathMLToken {mi} at (0,0) size 9x7 [padding: 0 1 0 0]
                  RenderMathMLBlock (anonymous, flex) at (0,0) size 8x7
                    RenderBlock (anonymous) at (0,0) size 8x7
                      RenderText {#text} at (0,2) size 8x8
                        text run at (0,2) width 8: "16"
              RenderMathMLBlock (flex) {mprescripts} at (25,0) size 0x16
              SubSupPair Wrapper at (0,0) size 9x16
                RenderMathMLToken {mi} at (4,8) size 5x8 [padding: 0 1 0 0]
                  RenderMathMLBlock (anonymous, flex) at (0,0) size 4x7
                    RenderBlock (anonymous) at (0,0) size 4x7
                      RenderText {#text} at (0,2) size 4x8
                        text run at (0,2) width 4: "5"
                RenderMathMLToken {mi} at (0,0) size 9x7 [padding: 0 1 0 0]
                  RenderMathMLBlock (anonymous, flex) at (0,0) size 8x7
                    RenderBlock (anonymous) at (0,0) size 8x7
                      RenderText {#text} at (0,2) size 8x8
                        text run at (0,2) width 8: "10"
          RenderMathMLSpace {mspace} at (293,14) size 6x0
          RenderMathMLRow {mrow} at (298,6) size 40x14
            RenderMathMLToken {mn} at (0,0) size 6x9
              RenderMathMLBlock (anonymous, flex) at (0,0) size 6x9
                RenderBlock (anonymous) at (0,0) size 6x9
                  RenderText {#text} at (0,3) size 6x10
                    text run at (0,3) width 6: "2"
            RenderMathMLOperator {mo} at (6,8) size 0x1
              RenderMathMLBlock (anonymous, flex) at (0,0) size 0x1
                RenderBlock (anonymous) at (0,0) size 0x1
                  RenderText at (0,-5) size 0x10
                    text run at (0,-5) width 0: "\x{2062}"
            RenderMathMLScripts {msub} at (6,0) size 11x14
              Base Wrapper at (0,0) size 7x14 [padding: 0 0 4 0]
                RenderMathMLToken {mi} at (0,0) size 7x9
                  RenderMathMLBlock (anonymous, flex) at (0,0) size 7x9
                    RenderBlock (anonymous) at (0,0) size 7x9
                      RenderText {#text} at (0,3) size 7x10
                        text run at (0,3) width 7: "H"
              SubSupPair Wrapper at (7,0) size 4x14
                RenderMathMLToken {mn} at (0,6) size 4x8
                  RenderMathMLBlock (anonymous, flex) at (0,0) size 4x7
                    RenderBlock (anonymous) at (0,0) size 4x7
                      RenderText {#text} at (0,2) size 4x8
                        text run at (0,2) width 4: "2"
            RenderMathMLOperator {mo} at (17,2) size 11x7
              RenderMathMLBlock (anonymous, flex) at (2,0) size 7x7
                RenderBlock (anonymous) at (0,0) size 6x7
                  RenderText at (0,1) size 6x10
                    text run at (0,1) width 6: "+"
            RenderMathMLScripts {msub} at (27,0) size 13x14
              Base Wrapper at (0,0) size 8x14 [padding: 0 0 4 0]
                RenderMathMLToken {mi} at (0,0) size 8x9
                  RenderMathMLBlock (anonymous, flex) at (0,0) size 8x9
                    RenderBlock (anonymous) at (0,0) size 8x9
                      RenderText {#text} at (0,3) size 8x10
                        text run at (0,3) width 8: "O"
              SubSupPair Wrapper at (8,0) size 4x14
                RenderMathMLToken {mn} at (0,6) size 4x8
                  RenderMathMLBlock (anonymous, flex) at (0,0) size 4x7
                    RenderBlock (anonymous) at (0,0) size 4x7
                      RenderText {#text} at (0,2) size 4x8
                        text run at (0,2) width 4: "2"
          RenderMathMLUnderOver {mover} at (338,1) size 22x14
            RenderMathMLOperator {mo} at (0,7) size 22x7
              RenderMathMLBlock (anonymous, flex) at (2,0) size 17x7
                RenderBlock (anonymous) at (0,0) size 10x7
                  RenderText at (0,1) size 10x10
                    text run at (0,1) width 10: "\x{2192}"
            RenderMathMLRow {mrow} at (2,0) size 17x7
              RenderMathMLToken {mi} at (0,0) size 8x6 [padding: 0 1 0 0]
                RenderMathMLBlock (anonymous, flex) at (0,0) size 7x6
                  RenderBlock (anonymous) at (0,0) size 7x6
                    RenderText {#text} at (0,1) size 7x8
                      text run at (0,1) width 7: "m"
              RenderMathMLOperator {mo} at (7,4) size 4x3
                RenderMathMLBlock (anonymous, flex) at (0,0) size 2x3
                  RenderBlock (anonymous) at (0,0) size 2x3
                    RenderText at (0,-3) size 2x8
                      text run at (0,-3) width 2: ","
              RenderMathMLToken {mi} at (11,0) size 5x6 [padding: 0 1 0 0]
                RenderMathMLBlock (anonymous, flex) at (0,0) size 4x6
                  RenderBlock (anonymous) at (0,0) size 4x6
                    RenderText {#text} at (0,1) size 4x8
                      text run at (0,1) width 4: "n"
          RenderMathMLRow {mrow} at (359,6) size 27x14
            RenderMathMLToken {mn} at (0,0) size 6x9
              RenderMathMLBlock (anonymous, flex) at (0,0) size 6x9
                RenderBlock (anonymous) at (0,0) size 6x9
                  RenderText {#text} at (0,3) size 6x10
                    text run at (0,3) width 6: "2"
            RenderMathMLOperator {mo} at (6,8) size 0x1
              RenderMathMLBlock (anonymous, flex) at (0,0) size 0x1
                RenderBlock (anonymous) at (0,0) size 0x1
                  RenderText at (0,-5) size 0x10
                    text run at (0,-5) width 0: "\x{2062}"
            RenderMathMLScripts {msub} at (6,0) size 11x14
              Base Wrapper at (0,0) size 7x14 [padding: 0 0 4 0]
                RenderMathMLToken {mi} at (0,0) size 7x9
                  RenderMathMLBlock (anonymous, flex) at (0,0) size 7x9
                    RenderBlock (anonymous) at (0,0) size 7x9
                      RenderText {#text} at (0,3) size 7x10
                        text run at (0,3) width 7: "H"
              SubSupPair Wrapper at (7,0) size 4x14
                RenderMathMLToken {mn} at (0,6) size 4x8
                  RenderMathMLBlock (anonymous, flex) at (0,0) size 4x7
                    RenderBlock (anonymous) at (0,0) size 4x7
                      RenderText {#text} at (0,2) size 4x8
                        text run at (0,2) width 4: "2"
            RenderMathMLOperator {mo} at (17,8) size 0x1
              RenderMathMLBlock (anonymous, flex) at (0,0) size 0x1
                RenderBlock (anonymous) at (0,0) size 0x1
                  RenderText at (0,-5) size 0x10
                    text run at (0,-5) width 0: "\x{2062}"
            RenderMathMLToken {mi} at (17,0) size 9x9 [padding: 0 1 0 0]
              RenderMathMLBlock (anonymous, flex) at (0,0) size 8x9
                RenderBlock (anonymous) at (0,0) size 8x9
                  RenderText {#text} at (0,3) size 8x10
                    text run at (0,3) width 8: "O"
          RenderMathMLSpace {mspace} at (385,14) size 6x0
          RenderMathMLRow {mrow} at (390,6) size 9x9
            RenderMathMLToken {mi} at (0,0) size 8x9 [padding: 0 1 0 0]
              RenderMathMLBlock (anonymous, flex) at (0,0) size 7x9
                RenderBlock (anonymous) at (0,0) size 7x9
                  RenderText {#text} at (0,3) size 7x10
                    text run at (0,3) width 7: "A"
          RenderMathMLUnderOver {munderover} at (398,3) size 21x19
            RenderMathMLOperator {mo} at (0,6) size 21x6
              RenderMathMLBlock (anonymous, flex) at (2,0) size 16x6
                RenderBlock (anonymous) at (0,0) size 9x6
                  RenderText at (0,0) size 9x10
                    text run at (0,0) width 9: "\x{2194}"
            RenderMathMLToken {mi} at (7,12) size 6x7 [padding: 0 1 0 0]
              RenderMathMLBlock (anonymous, flex) at (0,0) size 4x7
                RenderBlock (anonymous) at (0,0) size 4x7
                  RenderText {#text} at (0,2) size 4x8
                    text run at (0,2) width 4: "b"
            RenderMathMLToken {mn} at (8,0) size 5x6
              RenderMathMLBlock (anonymous, flex) at (0,0) size 4x6
                RenderBlock (anonymous) at (0,0) size 4x6
                  RenderText {#text} at (0,1) size 4x8
                    text run at (0,1) width 4: "a"
          RenderMathMLRow {mrow} at (418,6) size 9x9
            RenderMathMLToken {mi} at (0,0) size 8x9 [padding: 0 1 0 0]
              RenderMathMLBlock (anonymous, flex) at (0,0) size 7x9
                RenderBlock (anonymous) at (0,0) size 7x9
                  RenderText {#text} at (0,3) size 7x10
                    text run at (0,3) width 7: "B"
          RenderMathMLSpace {mspace} at (426,14) size 6x0
          RenderMathMLRow {mrow} at (431,6) size 9x9
            RenderMathMLToken {mi} at (0,0) size 8x9 [padding: 0 1 0 0]
              RenderMathMLBlock (anonymous, flex) at (0,0) size 7x9
                RenderBlock (anonymous) at (0,0) size 7x9
                  RenderText {#text} at (0,3) size 7x10
                    text run at (0,3) width 7: "A"
          RenderMathMLUnderOver {munderover} at (439,1) size 22x21
            RenderMathMLOperator {mo} at (0,6) size 22x8
              RenderMathMLBlock (anonymous, flex) at (2,0) size 17x8
                RenderBlock (anonymous) at (0,0) size 10x8
                  RenderText at (0,2) size 10x10
                    text run at (0,2) width 10: "\x{21C4}"
            RenderMathMLToken {mi} at (8,14) size 5x7 [padding: 0 1 0 0]
              RenderMathMLBlock (anonymous, flex) at (0,0) size 4x7
                RenderBlock (anonymous) at (0,0) size 4x7
                  RenderText {#text} at (0,2) size 4x8
                    text run at (0,2) width 4: "0"
            RenderMathMLToken {mn} at (8,0) size 5x6
              RenderMathMLBlock (anonymous, flex) at (0,0) size 4x6
                RenderBlock (anonymous) at (0,0) size 4x6
                  RenderText {#text} at (0,1) size 4x8
                    text run at (0,1) width 4: "a"
          RenderMathMLRow {mrow} at (460,6) size 9x9
            RenderMathMLToken {mi} at (0,0) size 8x9 [padding: 0 1 0 0]
              RenderMathMLBlock (anonymous, flex) at (0,0) size 7x9
                RenderBlock (anonymous) at (0,0) size 7x9
                  RenderText {#text} at (0,3) size 7x10
                    text run at (0,3) width 7: "B"
          RenderMathMLSpace {mspace} at (468,14) size 6x0
          RenderMathMLRow {mrow} at (473,6) size 9x9
            RenderMathMLToken {mi} at (0,0) size 8x9 [padding: 0 1 0 0]
              RenderMathMLBlock (anonymous, flex) at (0,0) size 7x9
                RenderBlock (anonymous) at (0,0) size 7x9
                  RenderText {#text} at (0,3) size 7x10
                    text run at (0,3) width 7: "A"
          RenderMathMLUnderOver {munderover} at (481,0) size 27x22
            RenderMathMLOperator {mo} at (0,7) size 27x8
              RenderMathMLBlock (anonymous, flex) at (2,0) size 22x8
                RenderBlock (anonymous) at (0,0) size 10x8
                  RenderText at (0,2) size 10x10
                    text run at (0,2) width 10: "\x{21C4}"
            RenderMathMLToken {mn} at (6,15) size 14x7
              RenderMathMLBlock (anonymous, flex) at (0,0) size 13x7
                RenderBlock (anonymous) at (0,0) size 13x7
                  RenderText {#text} at (0,2) size 13x8
                    text run at (0,2) width 13: "0\x{B0}C"
            RenderMathMLToken {mn} at (2,0) size 22x7
              RenderMathMLBlock (anonymous, flex) at (0,0) size 21x7
                RenderBlock (anonymous) at (0,0) size 21x7
                  RenderText {#text} at (0,2) size 21x8
                    text run at (0,2) width 21: "100\x{B0}C"
          RenderMathMLRow {mrow} at (507,6) size 9x9
            RenderMathMLToken {mi} at (0,0) size 8x9 [padding: 0 1 0 0]
              RenderMathMLBlock (anonymous, flex) at (0,0) size 7x9
                RenderBlock (anonymous) at (0,0) size 7x9
                  RenderText {#text} at (0,3) size 7x10
                    text run at (0,3) width 7: "B"
