layer at (0,0) size 800x600
  RenderView at (0,0) size 800x600
layer at (0,0) size 800x600
  RenderBlock {HTML} at (0,0) size 800x600
    RenderBody {BODY} at (8,8) size 784x576
      RenderBlock {P} at (0,0) size 784x17
        RenderText {#text} at (0,0) size 681x17
          text run at (0,0) width 681: "This tests for a bug where hitting return inside an empty paragraph in a non-empty list item would remove it."
      RenderBlock {DIV} at (0,33) size 784x51
        RenderBlock {UL} at (0,0) size 784x51
          RenderListItem {LI} at (40,0) size 744x34
            RenderListMarker at (-17,0) size 7x17: bullet
            RenderText {#text} at (0,0) size 21x17
              text run at (0,0) width 21: "foo"
            RenderBR {BR} at (21,14) size 0x0
            RenderBR {BR} at (0,17) size 0x17
          RenderListItem {LI} at (40,34) size 744x17
            RenderListMarker at (-17,0) size 7x17: bullet
            RenderBR {BR} at (0,0) size 0x17
caret: position 0 of child 0 {BR} of child 1 {LI} of child 1 {UL} of child 2 {DIV} of body
