layer at (0,0) size 800x600
  RenderView at (0,0) size 800x600
layer at (0,0) size 800x67
  RenderBlock {HTML} at (0,0) size 800x67
    RenderBody {BODY} at (8,8) size 784x51
      RenderBlock {DIV} at (0,0) size 784x51
        RenderText {#text} at (0,0) size 771x51
          text run at (0,0) width 711: "This table shows unicode-bidi: isolate behavior (in red) with display: inline-block behavior overlapping in green. "
          text run at (711,0) width 28: "You"
          text run at (0,17) width 186: "should see no red in this test! "
          text run at (186,17) width 585: "Behavior between these two methods should be identical for non-wrapping strings, assuming"
          text run at (0,34) width 392: "unicode-bidi: isolate is implemented and functioning correctly."
layer at (8,59) size 31x400
  RenderBlock (positioned) {DIV} at (0,0) size 31x400 [color=#FF0000]
    RenderMultiColumnSet at (0,0) size 31x400
layer at (8,59) size 31x1872 backgroundClip at (0,0) size 800x600 clip at (0,0) size 800x600
  RenderMultiColumnFlowThread at (0,0) size 31x1872
    RenderBlock {DIV} at (0,0) size 31x17
      RenderText {#text} at (0,0) size 7x17
        text run at (0,0) width 7: "\""
      RenderInline {SPAN} at (0,0) size 5x17
        RenderText {#text} at (7,0) size 5x17
          text run at (7,0) width 5: ")"
      RenderText {#text} at (12,0) size 5x17
        text run at (12,0) width 5: "("
    RenderBlock {DIV} at (0,17) size 31x17
      RenderText {#text} at (0,0) size 7x17
        text run at (0,0) width 7: "\""
      RenderInline {SPAN} at (0,0) size 5x17
        RenderText {#text} at (7,0) size 5x17
          text run at (7,0) width 5: ")"
      RenderText {#text} at (12,0) size 10x17
        text run at (12,0) width 10 RTL: "\x{5D1}"
    RenderBlock {DIV} at (0,34) size 31x17
      RenderText {#text} at (0,0) size 7x17
        text run at (0,0) width 7: "\""
      RenderInline {SPAN} at (0,0) size 5x17
        RenderText {#text} at (7,0) size 5x17
          text run at (7,0) width 5: ")"
      RenderText {#text} at (12,0) size 7x17
        text run at (12,0) width 7: "c"
    RenderBlock {DIV} at (0,51) size 31x17
      RenderText {#text} at (0,0) size 7x17
        text run at (0,0) width 7: "\""
      RenderInline {SPAN} at (0,0) size 7x17
        RenderText {#text} at (7,0) size 7x17
          text run at (7,0) width 7 RTL: "\x{5E0}"
      RenderText {#text} at (14,0) size 5x17
        text run at (14,0) width 5: "("
    RenderBlock {DIV} at (0,68) size 31x17
      RenderText {#text} at (0,0) size 7x17
        text run at (0,0) width 7: "\""
      RenderInline {SPAN} at (0,0) size 7x17
        RenderText {#text} at (7,0) size 7x17
          text run at (7,0) width 7 RTL: "\x{5E0}"
      RenderText {#text} at (14,0) size 10x17
        text run at (14,0) width 10 RTL: "\x{5D1}"
    RenderBlock {DIV} at (0,85) size 31x17
      RenderText {#text} at (0,0) size 7x17
        text run at (0,0) width 7: "\""
      RenderInline {SPAN} at (0,0) size 7x17
        RenderText {#text} at (7,0) size 7x17
          text run at (7,0) width 7 RTL: "\x{5E0}"
      RenderText {#text} at (14,0) size 7x17
        text run at (14,0) width 7: "c"
    RenderBlock {DIV} at (0,102) size 31x17
      RenderText {#text} at (0,0) size 7x17
        text run at (0,0) width 7: "\""
      RenderInline {SPAN} at (0,0) size 8x17
        RenderText {#text} at (7,0) size 8x17
          text run at (7,0) width 8: "b"
      RenderText {#text} at (15,0) size 5x17
        text run at (15,0) width 5: "("
    RenderBlock {DIV} at (0,119) size 31x17
      RenderText {#text} at (0,0) size 7x17
        text run at (0,0) width 7: "\""
      RenderInline {SPAN} at (0,0) size 8x17
        RenderText {#text} at (7,0) size 8x17
          text run at (7,0) width 8: "b"
      RenderText {#text} at (15,0) size 10x17
        text run at (15,0) width 10 RTL: "\x{5D1}"
    RenderBlock {DIV} at (0,136) size 31x17
      RenderText {#text} at (0,0) size 7x17
        text run at (0,0) width 7: "\""
      RenderInline {SPAN} at (0,0) size 8x17
        RenderText {#text} at (7,0) size 8x17
          text run at (7,0) width 8: "b"
      RenderText {#text} at (15,0) size 7x17
        text run at (15,0) width 7: "c"
    RenderBlock {DIV} at (0,153) size 31x17
      RenderText {#text} at (0,0) size 7x17
        text run at (0,0) width 7: "\""
      RenderInline {SPAN} at (0,0) size 5x17
        RenderText {#text} at (7,0) size 5x17
          text run at (7,0) width 5 RTL: ")"
      RenderText {#text} at (12,0) size 5x17
        text run at (12,0) width 5: "("
    RenderBlock {DIV} at (0,170) size 31x17
      RenderText {#text} at (0,0) size 7x17
        text run at (0,0) width 7: "\""
      RenderInline {SPAN} at (0,0) size 5x17
        RenderText {#text} at (7,0) size 5x17
          text run at (7,0) width 5 RTL: ")"
      RenderText {#text} at (12,0) size 10x17
        text run at (12,0) width 10 RTL: "\x{5D1}"
    RenderBlock {DIV} at (0,187) size 31x17
      RenderText {#text} at (0,0) size 7x17
        text run at (0,0) width 7: "\""
      RenderInline {SPAN} at (0,0) size 5x17
        RenderText {#text} at (7,0) size 5x17
          text run at (7,0) width 5 RTL: ")"
      RenderText {#text} at (12,0) size 7x17
        text run at (12,0) width 7: "c"
    RenderBlock {DIV} at (0,204) size 31x17
      RenderText {#text} at (0,0) size 7x17
        text run at (0,0) width 7: "\""
      RenderInline {SPAN} at (0,0) size 7x17
        RenderText {#text} at (7,0) size 7x17
          text run at (7,0) width 7 RTL: "\x{5E0}"
      RenderText {#text} at (14,0) size 5x17
        text run at (14,0) width 5: "("
    RenderBlock {DIV} at (0,221) size 31x17
      RenderText {#text} at (0,0) size 7x17
        text run at (0,0) width 7: "\""
      RenderInline {SPAN} at (0,0) size 7x17
        RenderText {#text} at (7,0) size 7x17
          text run at (7,0) width 7 RTL: "\x{5E0}"
      RenderText {#text} at (14,0) size 10x17
        text run at (14,0) width 10 RTL: "\x{5D1}"
    RenderBlock {DIV} at (0,238) size 31x17
      RenderText {#text} at (0,0) size 7x17
        text run at (0,0) width 7: "\""
      RenderInline {SPAN} at (0,0) size 7x17
        RenderText {#text} at (7,0) size 7x17
          text run at (7,0) width 7 RTL: "\x{5E0}"
      RenderText {#text} at (14,0) size 7x17
        text run at (14,0) width 7: "c"
    RenderBlock {DIV} at (0,255) size 31x17
      RenderText {#text} at (0,0) size 7x17
        text run at (0,0) width 7: "\""
      RenderInline {SPAN} at (0,0) size 8x17
        RenderText {#text} at (7,0) size 8x17
          text run at (7,0) width 8: "b"
      RenderText {#text} at (15,0) size 5x17
        text run at (15,0) width 5: "("
    RenderBlock {DIV} at (0,272) size 31x17
      RenderText {#text} at (0,0) size 7x17
        text run at (0,0) width 7: "\""
      RenderInline {SPAN} at (0,0) size 8x17
        RenderText {#text} at (7,0) size 8x17
          text run at (7,0) width 8: "b"
      RenderText {#text} at (15,0) size 10x17
        text run at (15,0) width 10 RTL: "\x{5D1}"
    RenderBlock {DIV} at (0,289) size 31x17
      RenderText {#text} at (0,0) size 7x17
        text run at (0,0) width 7: "\""
      RenderInline {SPAN} at (0,0) size 8x17
        RenderText {#text} at (7,0) size 8x17
          text run at (7,0) width 8: "b"
      RenderText {#text} at (15,0) size 7x17
        text run at (15,0) width 7: "c"
    RenderBlock {DIV} at (0,306) size 31x17
      RenderText {#text} at (0,0) size 13x17
        text run at (0,0) width 13 RTL: "\x{5E9}"
      RenderInline {SPAN} at (0,0) size 5x17
        RenderText {#text} at (13,0) size 5x17
          text run at (13,0) width 5: ")"
      RenderText {#text} at (18,0) size 5x17
        text run at (18,0) width 5: "("
    RenderBlock {DIV} at (0,323) size 31x17
      RenderText {#text} at (15,0) size 13x17
        text run at (15,0) width 13 RTL: "\x{5E9}"
      RenderInline {SPAN} at (0,0) size 5x17
        RenderText {#text} at (10,0) size 5x17
          text run at (10,0) width 5: ")"
      RenderText {#text} at (0,0) size 10x17
        text run at (0,0) width 10 RTL: "\x{5D1}"
    RenderBlock {DIV} at (0,340) size 31x17
      RenderText {#text} at (0,0) size 13x17
        text run at (0,0) width 13 RTL: "\x{5E9}"
      RenderInline {SPAN} at (0,0) size 5x17
        RenderText {#text} at (13,0) size 5x17
          text run at (13,0) width 5: ")"
      RenderText {#text} at (18,0) size 7x17
        text run at (18,0) width 7: "c"
    RenderBlock {DIV} at (0,357) size 31x17
      RenderText {#text} at (0,0) size 13x17
        text run at (0,0) width 13 RTL: "\x{5E9}"
      RenderInline {SPAN} at (0,0) size 7x17
        RenderText {#text} at (13,0) size 7x17
          text run at (13,0) width 7 RTL: "\x{5E0}"
      RenderText {#text} at (20,0) size 5x17
        text run at (20,0) width 5: "("
    RenderBlock {DIV} at (0,374) size 31x17
      RenderText {#text} at (17,0) size 13x17
        text run at (17,0) width 13 RTL: "\x{5E9}"
      RenderInline {SPAN} at (0,0) size 7x17
        RenderText {#text} at (10,0) size 7x17
          text run at (10,0) width 7 RTL: "\x{5E0}"
      RenderText {#text} at (0,0) size 10x17
        text run at (0,0) width 10 RTL: "\x{5D1}"
    RenderBlock {DIV} at (0,400) size 31x17
      RenderText {#text} at (0,0) size 13x17
        text run at (0,0) width 13 RTL: "\x{5E9}"
      RenderInline {SPAN} at (0,0) size 7x17
        RenderText {#text} at (13,0) size 7x17
          text run at (13,0) width 7 RTL: "\x{5E0}"
      RenderText {#text} at (20,0) size 7x17
        text run at (20,0) width 7: "c"
    RenderBlock {DIV} at (0,417) size 31x17
      RenderText {#text} at (0,0) size 13x17
        text run at (0,0) width 13 RTL: "\x{5E9}"
      RenderInline {SPAN} at (0,0) size 8x17
        RenderText {#text} at (13,0) size 8x17
          text run at (13,0) width 8: "b"
      RenderText {#text} at (21,0) size 5x17
        text run at (21,0) width 5: "("
    RenderBlock {DIV} at (0,434) size 31x17
      RenderText {#text} at (18,0) size 13x17
        text run at (18,0) width 13 RTL: "\x{5E9}"
      RenderInline {SPAN} at (0,0) size 8x17
        RenderText {#text} at (10,0) size 8x17
          text run at (10,0) width 8: "b"
      RenderText {#text} at (0,0) size 10x17
        text run at (0,0) width 10 RTL: "\x{5D1}"
    RenderBlock {DIV} at (0,451) size 31x17
      RenderText {#text} at (0,0) size 13x17
        text run at (0,0) width 13 RTL: "\x{5E9}"
      RenderInline {SPAN} at (0,0) size 8x17
        RenderText {#text} at (13,0) size 8x17
          text run at (13,0) width 8: "b"
      RenderText {#text} at (21,0) size 7x17
        text run at (21,0) width 7: "c"
    RenderBlock {DIV} at (0,468) size 31x17
      RenderText {#text} at (0,0) size 13x17
        text run at (0,0) width 13 RTL: "\x{5E9}"
      RenderInline {SPAN} at (0,0) size 5x17
        RenderText {#text} at (13,0) size 5x17
          text run at (13,0) width 5 RTL: ")"
      RenderText {#text} at (18,0) size 5x17
        text run at (18,0) width 5: "("
    RenderBlock {DIV} at (0,485) size 31x17
      RenderText {#text} at (15,0) size 13x17
        text run at (15,0) width 13 RTL: "\x{5E9}"
      RenderInline {SPAN} at (0,0) size 5x17
        RenderText {#text} at (10,0) size 5x17
          text run at (10,0) width 5 RTL: ")"
      RenderText {#text} at (0,0) size 10x17
        text run at (0,0) width 10 RTL: "\x{5D1}"
    RenderBlock {DIV} at (0,502) size 31x17
      RenderText {#text} at (0,0) size 13x17
        text run at (0,0) width 13 RTL: "\x{5E9}"
      RenderInline {SPAN} at (0,0) size 5x17
        RenderText {#text} at (13,0) size 5x17
          text run at (13,0) width 5 RTL: ")"
      RenderText {#text} at (18,0) size 7x17
        text run at (18,0) width 7: "c"
    RenderBlock {DIV} at (0,519) size 31x17
      RenderText {#text} at (0,0) size 13x17
        text run at (0,0) width 13 RTL: "\x{5E9}"
      RenderInline {SPAN} at (0,0) size 7x17
        RenderText {#text} at (13,0) size 7x17
          text run at (13,0) width 7 RTL: "\x{5E0}"
      RenderText {#text} at (20,0) size 5x17
        text run at (20,0) width 5: "("
    RenderBlock {DIV} at (0,536) size 31x17
      RenderText {#text} at (17,0) size 13x17
        text run at (17,0) width 13 RTL: "\x{5E9}"
      RenderInline {SPAN} at (0,0) size 7x17
        RenderText {#text} at (10,0) size 7x17
          text run at (10,0) width 7 RTL: "\x{5E0}"
      RenderText {#text} at (0,0) size 10x17
        text run at (0,0) width 10 RTL: "\x{5D1}"
    RenderBlock {DIV} at (0,553) size 31x17
      RenderText {#text} at (0,0) size 13x17
        text run at (0,0) width 13 RTL: "\x{5E9}"
      RenderInline {SPAN} at (0,0) size 7x17
        RenderText {#text} at (13,0) size 7x17
          text run at (13,0) width 7 RTL: "\x{5E0}"
      RenderText {#text} at (20,0) size 7x17
        text run at (20,0) width 7: "c"
    RenderBlock {DIV} at (0,570) size 31x17
      RenderText {#text} at (0,0) size 13x17
        text run at (0,0) width 13 RTL: "\x{5E9}"
      RenderInline {SPAN} at (0,0) size 8x17
        RenderText {#text} at (13,0) size 8x17
          text run at (13,0) width 8: "b"
      RenderText {#text} at (21,0) size 5x17
        text run at (21,0) width 5: "("
    RenderBlock {DIV} at (0,587) size 31x17
      RenderText {#text} at (18,0) size 13x17
        text run at (18,0) width 13 RTL: "\x{5E9}"
      RenderInline {SPAN} at (0,0) size 8x17
        RenderText {#text} at (10,0) size 8x17
          text run at (10,0) width 8: "b"
      RenderText {#text} at (0,0) size 10x17
        text run at (0,0) width 10 RTL: "\x{5D1}"
    RenderBlock {DIV} at (0,604) size 31x17
      RenderText {#text} at (0,0) size 13x17
        text run at (0,0) width 13 RTL: "\x{5E9}"
      RenderInline {SPAN} at (0,0) size 8x17
        RenderText {#text} at (13,0) size 8x17
          text run at (13,0) width 8: "b"
      RenderText {#text} at (21,0) size 7x17
        text run at (21,0) width 7: "c"
    RenderBlock {DIV} at (0,621) size 31x17
      RenderText {#text} at (0,0) size 7x17
        text run at (0,0) width 7: "a"
      RenderInline {SPAN} at (0,0) size 5x17
        RenderText {#text} at (7,0) size 5x17
          text run at (7,0) width 5: ")"
      RenderText {#text} at (12,0) size 5x17
        text run at (12,0) width 5: "("
    RenderBlock {DIV} at (0,638) size 31x17
      RenderText {#text} at (0,0) size 7x17
        text run at (0,0) width 7: "a"
      RenderInline {SPAN} at (0,0) size 5x17
        RenderText {#text} at (7,0) size 5x17
          text run at (7,0) width 5: ")"
      RenderText {#text} at (12,0) size 10x17
        text run at (12,0) width 10 RTL: "\x{5D1}"
    RenderBlock {DIV} at (0,655) size 31x17
      RenderText {#text} at (0,0) size 7x17
        text run at (0,0) width 7: "a"
      RenderInline {SPAN} at (0,0) size 5x17
        RenderText {#text} at (7,0) size 5x17
          text run at (7,0) width 5: ")"
      RenderText {#text} at (12,0) size 7x17
        text run at (12,0) width 7: "c"
    RenderBlock {DIV} at (0,672) size 31x17
      RenderText {#text} at (0,0) size 7x17
        text run at (0,0) width 7: "a"
      RenderInline {SPAN} at (0,0) size 7x17
        RenderText {#text} at (7,0) size 7x17
          text run at (7,0) width 7 RTL: "\x{5E0}"
      RenderText {#text} at (14,0) size 5x17
        text run at (14,0) width 5: "("
    RenderBlock {DIV} at (0,689) size 31x17
      RenderText {#text} at (0,0) size 7x17
        text run at (0,0) width 7: "a"
      RenderInline {SPAN} at (0,0) size 7x17
        RenderText {#text} at (7,0) size 7x17
          text run at (7,0) width 7 RTL: "\x{5E0}"
      RenderText {#text} at (14,0) size 10x17
        text run at (14,0) width 10 RTL: "\x{5D1}"
    RenderBlock {DIV} at (0,706) size 31x17
      RenderText {#text} at (0,0) size 7x17
        text run at (0,0) width 7: "a"
      RenderInline {SPAN} at (0,0) size 7x17
        RenderText {#text} at (7,0) size 7x17
          text run at (7,0) width 7 RTL: "\x{5E0}"
      RenderText {#text} at (14,0) size 7x17
        text run at (14,0) width 7: "c"
    RenderBlock {DIV} at (0,723) size 31x17
      RenderText {#text} at (0,0) size 7x17
        text run at (0,0) width 7: "a"
      RenderInline {SPAN} at (0,0) size 8x17
        RenderText {#text} at (7,0) size 8x17
          text run at (7,0) width 8: "b"
      RenderText {#text} at (15,0) size 5x17
        text run at (15,0) width 5: "("
    RenderBlock {DIV} at (0,740) size 31x17
      RenderText {#text} at (0,0) size 7x17
        text run at (0,0) width 7: "a"
      RenderInline {SPAN} at (0,0) size 8x17
        RenderText {#text} at (7,0) size 8x17
          text run at (7,0) width 8: "b"
      RenderText {#text} at (15,0) size 10x17
        text run at (15,0) width 10 RTL: "\x{5D1}"
    RenderBlock {DIV} at (0,757) size 31x17
      RenderText {#text} at (0,0) size 7x17
        text run at (0,0) width 7: "a"
      RenderInline {SPAN} at (0,0) size 8x17
        RenderText {#text} at (7,0) size 8x17
          text run at (7,0) width 8: "b"
      RenderText {#text} at (15,0) size 7x17
        text run at (15,0) width 7: "c"
    RenderBlock {DIV} at (0,774) size 31x17
      RenderText {#text} at (0,0) size 7x17
        text run at (0,0) width 7: "a"
      RenderInline {SPAN} at (0,0) size 5x17
        RenderText {#text} at (7,0) size 5x17
          text run at (7,0) width 5 RTL: ")"
      RenderText {#text} at (12,0) size 5x17
        text run at (12,0) width 5: "("
    RenderBlock {DIV} at (0,800) size 31x17
      RenderText {#text} at (0,0) size 7x17
        text run at (0,0) width 7: "a"
      RenderInline {SPAN} at (0,0) size 5x17
        RenderText {#text} at (7,0) size 5x17
          text run at (7,0) width 5 RTL: ")"
      RenderText {#text} at (12,0) size 10x17
        text run at (12,0) width 10 RTL: "\x{5D1}"
    RenderBlock {DIV} at (0,817) size 31x17
      RenderText {#text} at (0,0) size 7x17
        text run at (0,0) width 7: "a"
      RenderInline {SPAN} at (0,0) size 5x17
        RenderText {#text} at (7,0) size 5x17
          text run at (7,0) width 5 RTL: ")"
      RenderText {#text} at (12,0) size 7x17
        text run at (12,0) width 7: "c"
    RenderBlock {DIV} at (0,834) size 31x17
      RenderText {#text} at (0,0) size 7x17
        text run at (0,0) width 7: "a"
      RenderInline {SPAN} at (0,0) size 7x17
        RenderText {#text} at (7,0) size 7x17
          text run at (7,0) width 7 RTL: "\x{5E0}"
      RenderText {#text} at (14,0) size 5x17
        text run at (14,0) width 5: "("
    RenderBlock {DIV} at (0,851) size 31x17
      RenderText {#text} at (0,0) size 7x17
        text run at (0,0) width 7: "a"
      RenderInline {SPAN} at (0,0) size 7x17
        RenderText {#text} at (7,0) size 7x17
          text run at (7,0) width 7 RTL: "\x{5E0}"
      RenderText {#text} at (14,0) size 10x17
        text run at (14,0) width 10 RTL: "\x{5D1}"
    RenderBlock {DIV} at (0,868) size 31x17
      RenderText {#text} at (0,0) size 7x17
        text run at (0,0) width 7: "a"
      RenderInline {SPAN} at (0,0) size 7x17
        RenderText {#text} at (7,0) size 7x17
          text run at (7,0) width 7 RTL: "\x{5E0}"
      RenderText {#text} at (14,0) size 7x17
        text run at (14,0) width 7: "c"
    RenderBlock {DIV} at (0,885) size 31x17
      RenderText {#text} at (0,0) size 7x17
        text run at (0,0) width 7: "a"
      RenderInline {SPAN} at (0,0) size 8x17
        RenderText {#text} at (7,0) size 8x17
          text run at (7,0) width 8: "b"
      RenderText {#text} at (15,0) size 5x17
        text run at (15,0) width 5: "("
    RenderBlock {DIV} at (0,902) size 31x17
      RenderText {#text} at (0,0) size 7x17
        text run at (0,0) width 7: "a"
      RenderInline {SPAN} at (0,0) size 8x17
        RenderText {#text} at (7,0) size 8x17
          text run at (7,0) width 8: "b"
      RenderText {#text} at (15,0) size 10x17
        text run at (15,0) width 10 RTL: "\x{5D1}"
    RenderBlock {DIV} at (0,919) size 31x17
      RenderText {#text} at (0,0) size 7x17
        text run at (0,0) width 7: "a"
      RenderInline {SPAN} at (0,0) size 8x17
        RenderText {#text} at (7,0) size 8x17
          text run at (7,0) width 8: "b"
      RenderText {#text} at (15,0) size 7x17
        text run at (15,0) width 7: "c"
    RenderBlock {DIV} at (0,936) size 31x17
      RenderText {#text} at (24,0) size 7x17
        text run at (24,0) width 7 RTL: "\""
      RenderInline {SPAN} at (0,0) size 5x17
        RenderText {#text} at (19,0) size 5x17
          text run at (19,0) width 5: ")"
      RenderText {#text} at (14,0) size 5x17
        text run at (14,0) width 5 RTL: "("
    RenderBlock {DIV} at (0,953) size 31x17
      RenderText {#text} at (24,0) size 7x17
        text run at (24,0) width 7 RTL: "\""
      RenderInline {SPAN} at (0,0) size 5x17
        RenderText {#text} at (19,0) size 5x17
          text run at (19,0) width 5: ")"
      RenderText {#text} at (9,0) size 10x17
        text run at (9,0) width 10 RTL: "\x{5D1}"
    RenderBlock {DIV} at (0,970) size 31x17
      RenderText {#text} at (24,0) size 7x17
        text run at (24,0) width 7 RTL: "\""
      RenderInline {SPAN} at (0,0) size 5x17
        RenderText {#text} at (19,0) size 5x17
          text run at (19,0) width 5: ")"
      RenderText {#text} at (12,0) size 7x17
        text run at (12,0) width 7: "c"
    RenderBlock {DIV} at (0,987) size 31x17
      RenderText {#text} at (24,0) size 7x17
        text run at (24,0) width 7 RTL: "\""
      RenderInline {SPAN} at (0,0) size 7x17
        RenderText {#text} at (17,0) size 7x17
          text run at (17,0) width 7 RTL: "\x{5E0}"
      RenderText {#text} at (12,0) size 5x17
        text run at (12,0) width 5 RTL: "("
    RenderBlock {DIV} at (0,1004) size 31x17
      RenderText {#text} at (24,0) size 7x17
        text run at (24,0) width 7 RTL: "\""
      RenderInline {SPAN} at (0,0) size 7x17
        RenderText {#text} at (17,0) size 7x17
          text run at (17,0) width 7 RTL: "\x{5E0}"
      RenderText {#text} at (7,0) size 10x17
        text run at (7,0) width 10 RTL: "\x{5D1}"
    RenderBlock {DIV} at (0,1021) size 31x17
      RenderText {#text} at (24,0) size 7x17
        text run at (24,0) width 7 RTL: "\""
      RenderInline {SPAN} at (0,0) size 7x17
        RenderText {#text} at (17,0) size 7x17
          text run at (17,0) width 7 RTL: "\x{5E0}"
      RenderText {#text} at (10,0) size 7x17
        text run at (10,0) width 7: "c"
    RenderBlock {DIV} at (0,1038) size 31x17
      RenderText {#text} at (24,0) size 7x17
        text run at (24,0) width 7 RTL: "\""
      RenderInline {SPAN} at (0,0) size 8x17
        RenderText {#text} at (16,0) size 8x17
          text run at (16,0) width 8: "b"
      RenderText {#text} at (11,0) size 5x17
        text run at (11,0) width 5 RTL: "("
    RenderBlock {DIV} at (0,1055) size 31x17
      RenderText {#text} at (24,0) size 7x17
        text run at (24,0) width 7 RTL: "\""
      RenderInline {SPAN} at (0,0) size 8x17
        RenderText {#text} at (16,0) size 8x17
          text run at (16,0) width 8: "b"
      RenderText {#text} at (6,0) size 10x17
        text run at (6,0) width 10 RTL: "\x{5D1}"
    RenderBlock {DIV} at (0,1072) size 31x17
      RenderText {#text} at (24,0) size 7x17
        text run at (24,0) width 7 RTL: "\""
      RenderInline {SPAN} at (0,0) size 8x17
        RenderText {#text} at (16,0) size 8x17
          text run at (16,0) width 8: "b"
      RenderText {#text} at (9,0) size 7x17
        text run at (9,0) width 7: "c"
    RenderBlock {DIV} at (0,1089) size 31x17
      RenderText {#text} at (24,0) size 7x17
        text run at (24,0) width 7 RTL: "\""
      RenderInline {SPAN} at (0,0) size 5x17
        RenderText {#text} at (19,0) size 5x17
          text run at (19,0) width 5 RTL: ")"
      RenderText {#text} at (14,0) size 5x17
        text run at (14,0) width 5 RTL: "("
    RenderBlock {DIV} at (0,1106) size 31x17
      RenderText {#text} at (24,0) size 7x17
        text run at (24,0) width 7 RTL: "\""
      RenderInline {SPAN} at (0,0) size 5x17
        RenderText {#text} at (19,0) size 5x17
          text run at (19,0) width 5 RTL: ")"
      RenderText {#text} at (9,0) size 10x17
        text run at (9,0) width 10 RTL: "\x{5D1}"
    RenderBlock {DIV} at (0,1123) size 31x17
      RenderText {#text} at (24,0) size 7x17
        text run at (24,0) width 7 RTL: "\""
      RenderInline {SPAN} at (0,0) size 5x17
        RenderText {#text} at (19,0) size 5x17
          text run at (19,0) width 5 RTL: ")"
      RenderText {#text} at (12,0) size 7x17
        text run at (12,0) width 7: "c"
    RenderBlock {DIV} at (0,1140) size 31x17
      RenderText {#text} at (24,0) size 7x17
        text run at (24,0) width 7 RTL: "\""
      RenderInline {SPAN} at (0,0) size 7x17
        RenderText {#text} at (17,0) size 7x17
          text run at (17,0) width 7 RTL: "\x{5E0}"
      RenderText {#text} at (12,0) size 5x17
        text run at (12,0) width 5 RTL: "("
    RenderBlock {DIV} at (0,1157) size 31x17
      RenderText {#text} at (24,0) size 7x17
        text run at (24,0) width 7 RTL: "\""
      RenderInline {SPAN} at (0,0) size 7x17
        RenderText {#text} at (17,0) size 7x17
          text run at (17,0) width 7 RTL: "\x{5E0}"
      RenderText {#text} at (7,0) size 10x17
        text run at (7,0) width 10 RTL: "\x{5D1}"
    RenderBlock {DIV} at (0,1174) size 31x17
      RenderText {#text} at (24,0) size 7x17
        text run at (24,0) width 7 RTL: "\""
      RenderInline {SPAN} at (0,0) size 7x17
        RenderText {#text} at (17,0) size 7x17
          text run at (17,0) width 7 RTL: "\x{5E0}"
      RenderText {#text} at (10,0) size 7x17
        text run at (10,0) width 7: "c"
    RenderBlock {DIV} at (0,1200) size 31x17
      RenderText {#text} at (24,0) size 7x17
        text run at (24,0) width 7 RTL: "\""
      RenderInline {SPAN} at (0,0) size 8x17
        RenderText {#text} at (16,0) size 8x17
          text run at (16,0) width 8: "b"
      RenderText {#text} at (11,0) size 5x17
        text run at (11,0) width 5 RTL: "("
    RenderBlock {DIV} at (0,1217) size 31x17
      RenderText {#text} at (24,0) size 7x17
        text run at (24,0) width 7 RTL: "\""
      RenderInline {SPAN} at (0,0) size 8x17
        RenderText {#text} at (16,0) size 8x17
          text run at (16,0) width 8: "b"
      RenderText {#text} at (6,0) size 10x17
        text run at (6,0) width 10 RTL: "\x{5D1}"
    RenderBlock {DIV} at (0,1234) size 31x17
      RenderText {#text} at (24,0) size 7x17
        text run at (24,0) width 7 RTL: "\""
      RenderInline {SPAN} at (0,0) size 8x17
        RenderText {#text} at (16,0) size 8x17
          text run at (16,0) width 8: "b"
      RenderText {#text} at (9,0) size 7x17
        text run at (9,0) width 7: "c"
    RenderBlock {DIV} at (0,1251) size 31x17
      RenderText {#text} at (18,0) size 13x17
        text run at (18,0) width 13 RTL: "\x{5E9}"
      RenderInline {SPAN} at (0,0) size 5x17
        RenderText {#text} at (13,0) size 5x17
          text run at (13,0) width 5: ")"
      RenderText {#text} at (8,0) size 5x17
        text run at (8,0) width 5 RTL: "("
    RenderBlock {DIV} at (0,1268) size 31x17
      RenderText {#text} at (18,0) size 13x17
        text run at (18,0) width 13 RTL: "\x{5E9}"
      RenderInline {SPAN} at (0,0) size 5x17
        RenderText {#text} at (13,0) size 5x17
          text run at (13,0) width 5: ")"
      RenderText {#text} at (3,0) size 10x17
        text run at (3,0) width 10 RTL: "\x{5D1}"
    RenderBlock {DIV} at (0,1285) size 31x17
      RenderText {#text} at (18,0) size 13x17
        text run at (18,0) width 13 RTL: "\x{5E9}"
      RenderInline {SPAN} at (0,0) size 5x17
        RenderText {#text} at (13,0) size 5x17
          text run at (13,0) width 5: ")"
      RenderText {#text} at (6,0) size 7x17
        text run at (6,0) width 7: "c"
    RenderBlock {DIV} at (0,1302) size 31x17
      RenderText {#text} at (18,0) size 13x17
        text run at (18,0) width 13 RTL: "\x{5E9}"
      RenderInline {SPAN} at (0,0) size 7x17
        RenderText {#text} at (11,0) size 7x17
          text run at (11,0) width 7 RTL: "\x{5E0}"
      RenderText {#text} at (6,0) size 5x17
        text run at (6,0) width 5 RTL: "("
    RenderBlock {DIV} at (0,1319) size 31x17
      RenderText {#text} at (18,0) size 13x17
        text run at (18,0) width 13 RTL: "\x{5E9}"
      RenderInline {SPAN} at (0,0) size 7x17
        RenderText {#text} at (11,0) size 7x17
          text run at (11,0) width 7 RTL: "\x{5E0}"
      RenderText {#text} at (1,0) size 10x17
        text run at (1,0) width 10 RTL: "\x{5D1}"
    RenderBlock {DIV} at (0,1336) size 31x17
      RenderText {#text} at (18,0) size 13x17
        text run at (18,0) width 13 RTL: "\x{5E9}"
      RenderInline {SPAN} at (0,0) size 7x17
        RenderText {#text} at (11,0) size 7x17
          text run at (11,0) width 7 RTL: "\x{5E0}"
      RenderText {#text} at (4,0) size 7x17
        text run at (4,0) width 7: "c"
    RenderBlock {DIV} at (0,1353) size 31x17
      RenderText {#text} at (18,0) size 13x17
        text run at (18,0) width 13 RTL: "\x{5E9}"
      RenderInline {SPAN} at (0,0) size 8x17
        RenderText {#text} at (10,0) size 8x17
          text run at (10,0) width 8: "b"
      RenderText {#text} at (5,0) size 5x17
        text run at (5,0) width 5 RTL: "("
    RenderBlock {DIV} at (0,1370) size 31x17
      RenderText {#text} at (18,0) size 13x17
        text run at (18,0) width 13 RTL: "\x{5E9}"
      RenderInline {SPAN} at (0,0) size 8x17
        RenderText {#text} at (10,0) size 8x17
          text run at (10,0) width 8: "b"
      RenderText {#text} at (0,0) size 10x17
        text run at (0,0) width 10 RTL: "\x{5D1}"
    RenderBlock {DIV} at (0,1387) size 31x17
      RenderText {#text} at (18,0) size 13x17
        text run at (18,0) width 13 RTL: "\x{5E9}"
      RenderInline {SPAN} at (0,0) size 8x17
        RenderText {#text} at (10,0) size 8x17
          text run at (10,0) width 8: "b"
      RenderText {#text} at (3,0) size 7x17
        text run at (3,0) width 7: "c"
    RenderBlock {DIV} at (0,1404) size 31x17
      RenderText {#text} at (18,0) size 13x17
        text run at (18,0) width 13 RTL: "\x{5E9}"
      RenderInline {SPAN} at (0,0) size 5x17
        RenderText {#text} at (13,0) size 5x17
          text run at (13,0) width 5 RTL: ")"
      RenderText {#text} at (8,0) size 5x17
        text run at (8,0) width 5 RTL: "("
    RenderBlock {DIV} at (0,1421) size 31x17
      RenderText {#text} at (18,0) size 13x17
        text run at (18,0) width 13 RTL: "\x{5E9}"
      RenderInline {SPAN} at (0,0) size 5x17
        RenderText {#text} at (13,0) size 5x17
          text run at (13,0) width 5 RTL: ")"
      RenderText {#text} at (3,0) size 10x17
        text run at (3,0) width 10 RTL: "\x{5D1}"
    RenderBlock {DIV} at (0,1438) size 31x17
      RenderText {#text} at (18,0) size 13x17
        text run at (18,0) width 13 RTL: "\x{5E9}"
      RenderInline {SPAN} at (0,0) size 5x17
        RenderText {#text} at (13,0) size 5x17
          text run at (13,0) width 5 RTL: ")"
      RenderText {#text} at (6,0) size 7x17
        text run at (6,0) width 7: "c"
    RenderBlock {DIV} at (0,1455) size 31x17
      RenderText {#text} at (18,0) size 13x17
        text run at (18,0) width 13 RTL: "\x{5E9}"
      RenderInline {SPAN} at (0,0) size 7x17
        RenderText {#text} at (11,0) size 7x17
          text run at (11,0) width 7 RTL: "\x{5E0}"
      RenderText {#text} at (6,0) size 5x17
        text run at (6,0) width 5 RTL: "("
    RenderBlock {DIV} at (0,1472) size 31x17
      RenderText {#text} at (18,0) size 13x17
        text run at (18,0) width 13 RTL: "\x{5E9}"
      RenderInline {SPAN} at (0,0) size 7x17
        RenderText {#text} at (11,0) size 7x17
          text run at (11,0) width 7 RTL: "\x{5E0}"
      RenderText {#text} at (1,0) size 10x17
        text run at (1,0) width 10 RTL: "\x{5D1}"
    RenderBlock {DIV} at (0,1489) size 31x17
      RenderText {#text} at (18,0) size 13x17
        text run at (18,0) width 13 RTL: "\x{5E9}"
      RenderInline {SPAN} at (0,0) size 7x17
        RenderText {#text} at (11,0) size 7x17
          text run at (11,0) width 7 RTL: "\x{5E0}"
      RenderText {#text} at (4,0) size 7x17
        text run at (4,0) width 7: "c"
    RenderBlock {DIV} at (0,1506) size 31x17
      RenderText {#text} at (18,0) size 13x17
        text run at (18,0) width 13 RTL: "\x{5E9}"
      RenderInline {SPAN} at (0,0) size 8x17
        RenderText {#text} at (10,0) size 8x17
          text run at (10,0) width 8: "b"
      RenderText {#text} at (5,0) size 5x17
        text run at (5,0) width 5 RTL: "("
    RenderBlock {DIV} at (0,1523) size 31x17
      RenderText {#text} at (18,0) size 13x17
        text run at (18,0) width 13 RTL: "\x{5E9}"
      RenderInline {SPAN} at (0,0) size 8x17
        RenderText {#text} at (10,0) size 8x17
          text run at (10,0) width 8: "b"
      RenderText {#text} at (0,0) size 10x17
        text run at (0,0) width 10 RTL: "\x{5D1}"
    RenderBlock {DIV} at (0,1540) size 31x17
      RenderText {#text} at (18,0) size 13x17
        text run at (18,0) width 13 RTL: "\x{5E9}"
      RenderInline {SPAN} at (0,0) size 8x17
        RenderText {#text} at (10,0) size 8x17
          text run at (10,0) width 8: "b"
      RenderText {#text} at (3,0) size 7x17
        text run at (3,0) width 7: "c"
    RenderBlock {DIV} at (0,1557) size 31x17
      RenderText {#text} at (24,0) size 7x17
        text run at (24,0) width 7: "a"
      RenderInline {SPAN} at (0,0) size 5x17
        RenderText {#text} at (19,0) size 5x17
          text run at (19,0) width 5: ")"
      RenderText {#text} at (14,0) size 5x17
        text run at (14,0) width 5 RTL: "("
    RenderBlock {DIV} at (0,1574) size 31x17
      RenderText {#text} at (24,0) size 7x17
        text run at (24,0) width 7: "a"
      RenderInline {SPAN} at (0,0) size 5x17
        RenderText {#text} at (19,0) size 5x17
          text run at (19,0) width 5: ")"
      RenderText {#text} at (9,0) size 10x17
        text run at (9,0) width 10 RTL: "\x{5D1}"
    RenderBlock {DIV} at (0,1600) size 31x17
      RenderText {#text} at (12,0) size 7x17
        text run at (12,0) width 7: "a"
      RenderInline {SPAN} at (0,0) size 5x17
        RenderText {#text} at (19,0) size 5x17
          text run at (19,0) width 5: ")"
      RenderText {#text} at (24,0) size 7x17
        text run at (24,0) width 7: "c"
    RenderBlock {DIV} at (0,1617) size 31x17
      RenderText {#text} at (24,0) size 7x17
        text run at (24,0) width 7: "a"
      RenderInline {SPAN} at (0,0) size 7x17
        RenderText {#text} at (17,0) size 7x17
          text run at (17,0) width 7 RTL: "\x{5E0}"
      RenderText {#text} at (12,0) size 5x17
        text run at (12,0) width 5 RTL: "("
    RenderBlock {DIV} at (0,1634) size 31x17
      RenderText {#text} at (24,0) size 7x17
        text run at (24,0) width 7: "a"
      RenderInline {SPAN} at (0,0) size 7x17
        RenderText {#text} at (17,0) size 7x17
          text run at (17,0) width 7 RTL: "\x{5E0}"
      RenderText {#text} at (7,0) size 10x17
        text run at (7,0) width 10 RTL: "\x{5D1}"
    RenderBlock {DIV} at (0,1651) size 31x17
      RenderText {#text} at (10,0) size 7x17
        text run at (10,0) width 7: "a"
      RenderInline {SPAN} at (0,0) size 7x17
        RenderText {#text} at (17,0) size 7x17
          text run at (17,0) width 7 RTL: "\x{5E0}"
      RenderText {#text} at (24,0) size 7x17
        text run at (24,0) width 7: "c"
    RenderBlock {DIV} at (0,1668) size 31x17
      RenderText {#text} at (24,0) size 7x17
        text run at (24,0) width 7: "a"
      RenderInline {SPAN} at (0,0) size 8x17
        RenderText {#text} at (16,0) size 8x17
          text run at (16,0) width 8: "b"
      RenderText {#text} at (11,0) size 5x17
        text run at (11,0) width 5 RTL: "("
    RenderBlock {DIV} at (0,1685) size 31x17
      RenderText {#text} at (24,0) size 7x17
        text run at (24,0) width 7: "a"
      RenderInline {SPAN} at (0,0) size 8x17
        RenderText {#text} at (16,0) size 8x17
          text run at (16,0) width 8: "b"
      RenderText {#text} at (6,0) size 10x17
        text run at (6,0) width 10 RTL: "\x{5D1}"
    RenderBlock {DIV} at (0,1702) size 31x17
      RenderText {#text} at (9,0) size 7x17
        text run at (9,0) width 7: "a"
      RenderInline {SPAN} at (0,0) size 8x17
        RenderText {#text} at (16,0) size 8x17
          text run at (16,0) width 8: "b"
      RenderText {#text} at (24,0) size 7x17
        text run at (24,0) width 7: "c"
    RenderBlock {DIV} at (0,1719) size 31x17
      RenderText {#text} at (24,0) size 7x17
        text run at (24,0) width 7: "a"
      RenderInline {SPAN} at (0,0) size 5x17
        RenderText {#text} at (19,0) size 5x17
          text run at (19,0) width 5 RTL: ")"
      RenderText {#text} at (14,0) size 5x17
        text run at (14,0) width 5 RTL: "("
    RenderBlock {DIV} at (0,1736) size 31x17
      RenderText {#text} at (24,0) size 7x17
        text run at (24,0) width 7: "a"
      RenderInline {SPAN} at (0,0) size 5x17
        RenderText {#text} at (19,0) size 5x17
          text run at (19,0) width 5 RTL: ")"
      RenderText {#text} at (9,0) size 10x17
        text run at (9,0) width 10 RTL: "\x{5D1}"
    RenderBlock {DIV} at (0,1753) size 31x17
      RenderText {#text} at (12,0) size 7x17
        text run at (12,0) width 7: "a"
      RenderInline {SPAN} at (0,0) size 5x17
        RenderText {#text} at (19,0) size 5x17
          text run at (19,0) width 5 RTL: ")"
      RenderText {#text} at (24,0) size 7x17
        text run at (24,0) width 7: "c"
    RenderBlock {DIV} at (0,1770) size 31x17
      RenderText {#text} at (24,0) size 7x17
        text run at (24,0) width 7: "a"
      RenderInline {SPAN} at (0,0) size 7x17
        RenderText {#text} at (17,0) size 7x17
          text run at (17,0) width 7 RTL: "\x{5E0}"
      RenderText {#text} at (12,0) size 5x17
        text run at (12,0) width 5 RTL: "("
    RenderBlock {DIV} at (0,1787) size 31x17
      RenderText {#text} at (24,0) size 7x17
        text run at (24,0) width 7: "a"
      RenderInline {SPAN} at (0,0) size 7x17
        RenderText {#text} at (17,0) size 7x17
          text run at (17,0) width 7 RTL: "\x{5E0}"
      RenderText {#text} at (7,0) size 10x17
        text run at (7,0) width 10 RTL: "\x{5D1}"
    RenderBlock {DIV} at (0,1804) size 31x17
      RenderText {#text} at (10,0) size 7x17
        text run at (10,0) width 7: "a"
      RenderInline {SPAN} at (0,0) size 7x17
        RenderText {#text} at (17,0) size 7x17
          text run at (17,0) width 7 RTL: "\x{5E0}"
      RenderText {#text} at (24,0) size 7x17
        text run at (24,0) width 7: "c"
    RenderBlock {DIV} at (0,1821) size 31x17
      RenderText {#text} at (24,0) size 7x17
        text run at (24,0) width 7: "a"
      RenderInline {SPAN} at (0,0) size 8x17
        RenderText {#text} at (16,0) size 8x17
          text run at (16,0) width 8: "b"
      RenderText {#text} at (11,0) size 5x17
        text run at (11,0) width 5 RTL: "("
    RenderBlock {DIV} at (0,1838) size 31x17
      RenderText {#text} at (24,0) size 7x17
        text run at (24,0) width 7: "a"
      RenderInline {SPAN} at (0,0) size 8x17
        RenderText {#text} at (16,0) size 8x17
          text run at (16,0) width 8: "b"
      RenderText {#text} at (6,0) size 10x17
        text run at (6,0) width 10 RTL: "\x{5D1}"
    RenderBlock {DIV} at (0,1855) size 31x17
      RenderText {#text} at (9,0) size 7x17
        text run at (9,0) width 7: "a"
      RenderInline {SPAN} at (0,0) size 8x17
        RenderText {#text} at (16,0) size 8x17
          text run at (16,0) width 8: "b"
      RenderText {#text} at (24,0) size 7x17
        text run at (24,0) width 7: "c"
layer at (8,59) size 31x400
  RenderBlock (positioned) {DIV} at (0,0) size 31x400 [color=#008000]
    RenderMultiColumnSet at (0,0) size 31x400
layer at (8,59) size 31x1872 backgroundClip at (0,0) size 800x600 clip at (0,0) size 800x600
  RenderMultiColumnFlowThread at (0,0) size 31x1872
    RenderBlock {DIV} at (0,0) size 31x17
      RenderText {#text} at (0,0) size 7x17
        text run at (0,0) width 7: "\""
      RenderBlock {SPAN} at (7,0) size 5x17
        RenderText {#text} at (0,0) size 5x17
          text run at (0,0) width 5: ")"
      RenderText {#text} at (12,0) size 5x17
        text run at (12,0) width 5: "("
    RenderBlock {DIV} at (0,17) size 31x17
      RenderText {#text} at (0,0) size 7x17
        text run at (0,0) width 7: "\""
      RenderBlock {SPAN} at (7,0) size 5x17
        RenderText {#text} at (0,0) size 5x17
          text run at (0,0) width 5: ")"
      RenderText {#text} at (12,0) size 10x17
        text run at (12,0) width 10 RTL: "\x{5D1}"
    RenderBlock {DIV} at (0,34) size 31x17
      RenderText {#text} at (0,0) size 7x17
        text run at (0,0) width 7: "\""
      RenderBlock {SPAN} at (7,0) size 5x17
        RenderText {#text} at (0,0) size 5x17
          text run at (0,0) width 5: ")"
      RenderText {#text} at (12,0) size 7x17
        text run at (12,0) width 7: "c"
    RenderBlock {DIV} at (0,51) size 31x17
      RenderText {#text} at (0,0) size 7x17
        text run at (0,0) width 7: "\""
      RenderBlock {SPAN} at (7,0) size 7x17
        RenderText {#text} at (0,0) size 7x17
          text run at (0,0) width 7 RTL: "\x{5E0}"
      RenderText {#text} at (14,0) size 5x17
        text run at (14,0) width 5: "("
    RenderBlock {DIV} at (0,68) size 31x17
      RenderText {#text} at (0,0) size 7x17
        text run at (0,0) width 7: "\""
      RenderBlock {SPAN} at (7,0) size 7x17
        RenderText {#text} at (0,0) size 7x17
          text run at (0,0) width 7 RTL: "\x{5E0}"
      RenderText {#text} at (14,0) size 10x17
        text run at (14,0) width 10 RTL: "\x{5D1}"
    RenderBlock {DIV} at (0,85) size 31x17
      RenderText {#text} at (0,0) size 7x17
        text run at (0,0) width 7: "\""
      RenderBlock {SPAN} at (7,0) size 7x17
        RenderText {#text} at (0,0) size 7x17
          text run at (0,0) width 7 RTL: "\x{5E0}"
      RenderText {#text} at (14,0) size 7x17
        text run at (14,0) width 7: "c"
    RenderBlock {DIV} at (0,102) size 31x17
      RenderText {#text} at (0,0) size 7x17
        text run at (0,0) width 7: "\""
      RenderBlock {SPAN} at (7,0) size 8x17
        RenderText {#text} at (0,0) size 8x17
          text run at (0,0) width 8: "b"
      RenderText {#text} at (15,0) size 5x17
        text run at (15,0) width 5: "("
    RenderBlock {DIV} at (0,119) size 31x17
      RenderText {#text} at (0,0) size 7x17
        text run at (0,0) width 7: "\""
      RenderBlock {SPAN} at (7,0) size 8x17
        RenderText {#text} at (0,0) size 8x17
          text run at (0,0) width 8: "b"
      RenderText {#text} at (15,0) size 10x17
        text run at (15,0) width 10 RTL: "\x{5D1}"
    RenderBlock {DIV} at (0,136) size 31x17
      RenderText {#text} at (0,0) size 7x17
        text run at (0,0) width 7: "\""
      RenderBlock {SPAN} at (7,0) size 8x17
        RenderText {#text} at (0,0) size 8x17
          text run at (0,0) width 8: "b"
      RenderText {#text} at (15,0) size 7x17
        text run at (15,0) width 7: "c"
    RenderBlock {DIV} at (0,153) size 31x17
      RenderText {#text} at (0,0) size 7x17
        text run at (0,0) width 7: "\""
      RenderBlock {SPAN} at (7,0) size 5x17
        RenderText {#text} at (0,0) size 5x17
          text run at (0,0) width 5 RTL: ")"
      RenderText {#text} at (12,0) size 5x17
        text run at (12,0) width 5: "("
    RenderBlock {DIV} at (0,170) size 31x17
      RenderText {#text} at (0,0) size 7x17
        text run at (0,0) width 7: "\""
      RenderBlock {SPAN} at (7,0) size 5x17
        RenderText {#text} at (0,0) size 5x17
          text run at (0,0) width 5 RTL: ")"
      RenderText {#text} at (12,0) size 10x17
        text run at (12,0) width 10 RTL: "\x{5D1}"
    RenderBlock {DIV} at (0,187) size 31x17
      RenderText {#text} at (0,0) size 7x17
        text run at (0,0) width 7: "\""
      RenderBlock {SPAN} at (7,0) size 5x17
        RenderText {#text} at (0,0) size 5x17
          text run at (0,0) width 5 RTL: ")"
      RenderText {#text} at (12,0) size 7x17
        text run at (12,0) width 7: "c"
    RenderBlock {DIV} at (0,204) size 31x17
      RenderText {#text} at (0,0) size 7x17
        text run at (0,0) width 7: "\""
      RenderBlock {SPAN} at (7,0) size 7x17
        RenderText {#text} at (0,0) size 7x17
          text run at (0,0) width 7 RTL: "\x{5E0}"
      RenderText {#text} at (14,0) size 5x17
        text run at (14,0) width 5: "("
    RenderBlock {DIV} at (0,221) size 31x17
      RenderText {#text} at (0,0) size 7x17
        text run at (0,0) width 7: "\""
      RenderBlock {SPAN} at (7,0) size 7x17
        RenderText {#text} at (0,0) size 7x17
          text run at (0,0) width 7 RTL: "\x{5E0}"
      RenderText {#text} at (14,0) size 10x17
        text run at (14,0) width 10 RTL: "\x{5D1}"
    RenderBlock {DIV} at (0,238) size 31x17
      RenderText {#text} at (0,0) size 7x17
        text run at (0,0) width 7: "\""
      RenderBlock {SPAN} at (7,0) size 7x17
        RenderText {#text} at (0,0) size 7x17
          text run at (0,0) width 7 RTL: "\x{5E0}"
      RenderText {#text} at (14,0) size 7x17
        text run at (14,0) width 7: "c"
    RenderBlock {DIV} at (0,255) size 31x17
      RenderText {#text} at (0,0) size 7x17
        text run at (0,0) width 7: "\""
      RenderBlock {SPAN} at (7,0) size 8x17
        RenderText {#text} at (0,0) size 8x17
          text run at (0,0) width 8: "b"
      RenderText {#text} at (15,0) size 5x17
        text run at (15,0) width 5: "("
    RenderBlock {DIV} at (0,272) size 31x17
      RenderText {#text} at (0,0) size 7x17
        text run at (0,0) width 7: "\""
      RenderBlock {SPAN} at (7,0) size 8x17
        RenderText {#text} at (0,0) size 8x17
          text run at (0,0) width 8: "b"
      RenderText {#text} at (15,0) size 10x17
        text run at (15,0) width 10 RTL: "\x{5D1}"
    RenderBlock {DIV} at (0,289) size 31x17
      RenderText {#text} at (0,0) size 7x17
        text run at (0,0) width 7: "\""
      RenderBlock {SPAN} at (7,0) size 8x17
        RenderText {#text} at (0,0) size 8x17
          text run at (0,0) width 8: "b"
      RenderText {#text} at (15,0) size 7x17
        text run at (15,0) width 7: "c"
    RenderBlock {DIV} at (0,306) size 31x17
      RenderText {#text} at (0,0) size 13x17
        text run at (0,0) width 13 RTL: "\x{5E9}"
      RenderBlock {SPAN} at (13,0) size 5x17
        RenderText {#text} at (0,0) size 5x17
          text run at (0,0) width 5: ")"
      RenderText {#text} at (18,0) size 5x17
        text run at (18,0) width 5: "("
    RenderBlock {DIV} at (0,323) size 31x17
      RenderText {#text} at (15,0) size 13x17
        text run at (15,0) width 13 RTL: "\x{5E9}"
      RenderBlock {SPAN} at (10,0) size 5x17
        RenderText {#text} at (0,0) size 5x17
          text run at (0,0) width 5: ")"
      RenderText {#text} at (0,0) size 10x17
        text run at (0,0) width 10 RTL: "\x{5D1}"
    RenderBlock {DIV} at (0,340) size 31x17
      RenderText {#text} at (0,0) size 13x17
        text run at (0,0) width 13 RTL: "\x{5E9}"
      RenderBlock {SPAN} at (13,0) size 5x17
        RenderText {#text} at (0,0) size 5x17
          text run at (0,0) width 5: ")"
      RenderText {#text} at (18,0) size 7x17
        text run at (18,0) width 7: "c"
    RenderBlock {DIV} at (0,357) size 31x17
      RenderText {#text} at (0,0) size 13x17
        text run at (0,0) width 13 RTL: "\x{5E9}"
      RenderBlock {SPAN} at (13,0) size 7x17
        RenderText {#text} at (0,0) size 7x17
          text run at (0,0) width 7 RTL: "\x{5E0}"
      RenderText {#text} at (20,0) size 5x17
        text run at (20,0) width 5: "("
    RenderBlock {DIV} at (0,374) size 31x17
      RenderText {#text} at (17,0) size 13x17
        text run at (17,0) width 13 RTL: "\x{5E9}"
      RenderBlock {SPAN} at (10,0) size 7x17
        RenderText {#text} at (0,0) size 7x17
          text run at (0,0) width 7 RTL: "\x{5E0}"
      RenderText {#text} at (0,0) size 10x17
        text run at (0,0) width 10 RTL: "\x{5D1}"
    RenderBlock {DIV} at (0,400) size 31x17
      RenderText {#text} at (0,0) size 13x17
        text run at (0,0) width 13 RTL: "\x{5E9}"
      RenderBlock {SPAN} at (13,0) size 7x17
        RenderText {#text} at (0,0) size 7x17
          text run at (0,0) width 7 RTL: "\x{5E0}"
      RenderText {#text} at (20,0) size 7x17
        text run at (20,0) width 7: "c"
    RenderBlock {DIV} at (0,417) size 31x17
      RenderText {#text} at (0,0) size 13x17
        text run at (0,0) width 13 RTL: "\x{5E9}"
      RenderBlock {SPAN} at (13,0) size 8x17
        RenderText {#text} at (0,0) size 8x17
          text run at (0,0) width 8: "b"
      RenderText {#text} at (21,0) size 5x17
        text run at (21,0) width 5: "("
    RenderBlock {DIV} at (0,434) size 31x17
      RenderText {#text} at (18,0) size 13x17
        text run at (18,0) width 13 RTL: "\x{5E9}"
      RenderBlock {SPAN} at (10,0) size 8x17
        RenderText {#text} at (0,0) size 8x17
          text run at (0,0) width 8: "b"
      RenderText {#text} at (0,0) size 10x17
        text run at (0,0) width 10 RTL: "\x{5D1}"
    RenderBlock {DIV} at (0,451) size 31x17
      RenderText {#text} at (0,0) size 13x17
        text run at (0,0) width 13 RTL: "\x{5E9}"
      RenderBlock {SPAN} at (13,0) size 8x17
        RenderText {#text} at (0,0) size 8x17
          text run at (0,0) width 8: "b"
      RenderText {#text} at (21,0) size 7x17
        text run at (21,0) width 7: "c"
    RenderBlock {DIV} at (0,468) size 31x17
      RenderText {#text} at (0,0) size 13x17
        text run at (0,0) width 13 RTL: "\x{5E9}"
      RenderBlock {SPAN} at (13,0) size 5x17
        RenderText {#text} at (0,0) size 5x17
          text run at (0,0) width 5 RTL: ")"
      RenderText {#text} at (18,0) size 5x17
        text run at (18,0) width 5: "("
    RenderBlock {DIV} at (0,485) size 31x17
      RenderText {#text} at (15,0) size 13x17
        text run at (15,0) width 13 RTL: "\x{5E9}"
      RenderBlock {SPAN} at (10,0) size 5x17
        RenderText {#text} at (0,0) size 5x17
          text run at (0,0) width 5 RTL: ")"
      RenderText {#text} at (0,0) size 10x17
        text run at (0,0) width 10 RTL: "\x{5D1}"
    RenderBlock {DIV} at (0,502) size 31x17
      RenderText {#text} at (0,0) size 13x17
        text run at (0,0) width 13 RTL: "\x{5E9}"
      RenderBlock {SPAN} at (13,0) size 5x17
        RenderText {#text} at (0,0) size 5x17
          text run at (0,0) width 5 RTL: ")"
      RenderText {#text} at (18,0) size 7x17
        text run at (18,0) width 7: "c"
    RenderBlock {DIV} at (0,519) size 31x17
      RenderText {#text} at (0,0) size 13x17
        text run at (0,0) width 13 RTL: "\x{5E9}"
      RenderBlock {SPAN} at (13,0) size 7x17
        RenderText {#text} at (0,0) size 7x17
          text run at (0,0) width 7 RTL: "\x{5E0}"
      RenderText {#text} at (20,0) size 5x17
        text run at (20,0) width 5: "("
    RenderBlock {DIV} at (0,536) size 31x17
      RenderText {#text} at (17,0) size 13x17
        text run at (17,0) width 13 RTL: "\x{5E9}"
      RenderBlock {SPAN} at (10,0) size 7x17
        RenderText {#text} at (0,0) size 7x17
          text run at (0,0) width 7 RTL: "\x{5E0}"
      RenderText {#text} at (0,0) size 10x17
        text run at (0,0) width 10 RTL: "\x{5D1}"
    RenderBlock {DIV} at (0,553) size 31x17
      RenderText {#text} at (0,0) size 13x17
        text run at (0,0) width 13 RTL: "\x{5E9}"
      RenderBlock {SPAN} at (13,0) size 7x17
        RenderText {#text} at (0,0) size 7x17
          text run at (0,0) width 7 RTL: "\x{5E0}"
      RenderText {#text} at (20,0) size 7x17
        text run at (20,0) width 7: "c"
    RenderBlock {DIV} at (0,570) size 31x17
      RenderText {#text} at (0,0) size 13x17
        text run at (0,0) width 13 RTL: "\x{5E9}"
      RenderBlock {SPAN} at (13,0) size 8x17
        RenderText {#text} at (0,0) size 8x17
          text run at (0,0) width 8: "b"
      RenderText {#text} at (21,0) size 5x17
        text run at (21,0) width 5: "("
    RenderBlock {DIV} at (0,587) size 31x17
      RenderText {#text} at (18,0) size 13x17
        text run at (18,0) width 13 RTL: "\x{5E9}"
      RenderBlock {SPAN} at (10,0) size 8x17
        RenderText {#text} at (0,0) size 8x17
          text run at (0,0) width 8: "b"
      RenderText {#text} at (0,0) size 10x17
        text run at (0,0) width 10 RTL: "\x{5D1}"
    RenderBlock {DIV} at (0,604) size 31x17
      RenderText {#text} at (0,0) size 13x17
        text run at (0,0) width 13 RTL: "\x{5E9}"
      RenderBlock {SPAN} at (13,0) size 8x17
        RenderText {#text} at (0,0) size 8x17
          text run at (0,0) width 8: "b"
      RenderText {#text} at (21,0) size 7x17
        text run at (21,0) width 7: "c"
    RenderBlock {DIV} at (0,621) size 31x17
      RenderText {#text} at (0,0) size 7x17
        text run at (0,0) width 7: "a"
      RenderBlock {SPAN} at (7,0) size 5x17
        RenderText {#text} at (0,0) size 5x17
          text run at (0,0) width 5: ")"
      RenderText {#text} at (12,0) size 5x17
        text run at (12,0) width 5: "("
    RenderBlock {DIV} at (0,638) size 31x17
      RenderText {#text} at (0,0) size 7x17
        text run at (0,0) width 7: "a"
      RenderBlock {SPAN} at (7,0) size 5x17
        RenderText {#text} at (0,0) size 5x17
          text run at (0,0) width 5: ")"
      RenderText {#text} at (12,0) size 10x17
        text run at (12,0) width 10 RTL: "\x{5D1}"
    RenderBlock {DIV} at (0,655) size 31x17
      RenderText {#text} at (0,0) size 7x17
        text run at (0,0) width 7: "a"
      RenderBlock {SPAN} at (7,0) size 5x17
        RenderText {#text} at (0,0) size 5x17
          text run at (0,0) width 5: ")"
      RenderText {#text} at (12,0) size 7x17
        text run at (12,0) width 7: "c"
    RenderBlock {DIV} at (0,672) size 31x17
      RenderText {#text} at (0,0) size 7x17
        text run at (0,0) width 7: "a"
      RenderBlock {SPAN} at (7,0) size 7x17
        RenderText {#text} at (0,0) size 7x17
          text run at (0,0) width 7 RTL: "\x{5E0}"
      RenderText {#text} at (14,0) size 5x17
        text run at (14,0) width 5: "("
    RenderBlock {DIV} at (0,689) size 31x17
      RenderText {#text} at (0,0) size 7x17
        text run at (0,0) width 7: "a"
      RenderBlock {SPAN} at (7,0) size 7x17
        RenderText {#text} at (0,0) size 7x17
          text run at (0,0) width 7 RTL: "\x{5E0}"
      RenderText {#text} at (14,0) size 10x17
        text run at (14,0) width 10 RTL: "\x{5D1}"
    RenderBlock {DIV} at (0,706) size 31x17
      RenderText {#text} at (0,0) size 7x17
        text run at (0,0) width 7: "a"
      RenderBlock {SPAN} at (7,0) size 7x17
        RenderText {#text} at (0,0) size 7x17
          text run at (0,0) width 7 RTL: "\x{5E0}"
      RenderText {#text} at (14,0) size 7x17
        text run at (14,0) width 7: "c"
    RenderBlock {DIV} at (0,723) size 31x17
      RenderText {#text} at (0,0) size 7x17
        text run at (0,0) width 7: "a"
      RenderBlock {SPAN} at (7,0) size 8x17
        RenderText {#text} at (0,0) size 8x17
          text run at (0,0) width 8: "b"
      RenderText {#text} at (15,0) size 5x17
        text run at (15,0) width 5: "("
    RenderBlock {DIV} at (0,740) size 31x17
      RenderText {#text} at (0,0) size 7x17
        text run at (0,0) width 7: "a"
      RenderBlock {SPAN} at (7,0) size 8x17
        RenderText {#text} at (0,0) size 8x17
          text run at (0,0) width 8: "b"
      RenderText {#text} at (15,0) size 10x17
        text run at (15,0) width 10 RTL: "\x{5D1}"
    RenderBlock {DIV} at (0,757) size 31x17
      RenderText {#text} at (0,0) size 7x17
        text run at (0,0) width 7: "a"
      RenderBlock {SPAN} at (7,0) size 8x17
        RenderText {#text} at (0,0) size 8x17
          text run at (0,0) width 8: "b"
      RenderText {#text} at (15,0) size 7x17
        text run at (15,0) width 7: "c"
    RenderBlock {DIV} at (0,774) size 31x17
      RenderText {#text} at (0,0) size 7x17
        text run at (0,0) width 7: "a"
      RenderBlock {SPAN} at (7,0) size 5x17
        RenderText {#text} at (0,0) size 5x17
          text run at (0,0) width 5 RTL: ")"
      RenderText {#text} at (12,0) size 5x17
        text run at (12,0) width 5: "("
    RenderBlock {DIV} at (0,800) size 31x17
      RenderText {#text} at (0,0) size 7x17
        text run at (0,0) width 7: "a"
      RenderBlock {SPAN} at (7,0) size 5x17
        RenderText {#text} at (0,0) size 5x17
          text run at (0,0) width 5 RTL: ")"
      RenderText {#text} at (12,0) size 10x17
        text run at (12,0) width 10 RTL: "\x{5D1}"
    RenderBlock {DIV} at (0,817) size 31x17
      RenderText {#text} at (0,0) size 7x17
        text run at (0,0) width 7: "a"
      RenderBlock {SPAN} at (7,0) size 5x17
        RenderText {#text} at (0,0) size 5x17
          text run at (0,0) width 5 RTL: ")"
      RenderText {#text} at (12,0) size 7x17
        text run at (12,0) width 7: "c"
    RenderBlock {DIV} at (0,834) size 31x17
      RenderText {#text} at (0,0) size 7x17
        text run at (0,0) width 7: "a"
      RenderBlock {SPAN} at (7,0) size 7x17
        RenderText {#text} at (0,0) size 7x17
          text run at (0,0) width 7 RTL: "\x{5E0}"
      RenderText {#text} at (14,0) size 5x17
        text run at (14,0) width 5: "("
    RenderBlock {DIV} at (0,851) size 31x17
      RenderText {#text} at (0,0) size 7x17
        text run at (0,0) width 7: "a"
      RenderBlock {SPAN} at (7,0) size 7x17
        RenderText {#text} at (0,0) size 7x17
          text run at (0,0) width 7 RTL: "\x{5E0}"
      RenderText {#text} at (14,0) size 10x17
        text run at (14,0) width 10 RTL: "\x{5D1}"
    RenderBlock {DIV} at (0,868) size 31x17
      RenderText {#text} at (0,0) size 7x17
        text run at (0,0) width 7: "a"
      RenderBlock {SPAN} at (7,0) size 7x17
        RenderText {#text} at (0,0) size 7x17
          text run at (0,0) width 7 RTL: "\x{5E0}"
      RenderText {#text} at (14,0) size 7x17
        text run at (14,0) width 7: "c"
    RenderBlock {DIV} at (0,885) size 31x17
      RenderText {#text} at (0,0) size 7x17
        text run at (0,0) width 7: "a"
      RenderBlock {SPAN} at (7,0) size 8x17
        RenderText {#text} at (0,0) size 8x17
          text run at (0,0) width 8: "b"
      RenderText {#text} at (15,0) size 5x17
        text run at (15,0) width 5: "("
    RenderBlock {DIV} at (0,902) size 31x17
      RenderText {#text} at (0,0) size 7x17
        text run at (0,0) width 7: "a"
      RenderBlock {SPAN} at (7,0) size 8x17
        RenderText {#text} at (0,0) size 8x17
          text run at (0,0) width 8: "b"
      RenderText {#text} at (15,0) size 10x17
        text run at (15,0) width 10 RTL: "\x{5D1}"
    RenderBlock {DIV} at (0,919) size 31x17
      RenderText {#text} at (0,0) size 7x17
        text run at (0,0) width 7: "a"
      RenderBlock {SPAN} at (7,0) size 8x17
        RenderText {#text} at (0,0) size 8x17
          text run at (0,0) width 8: "b"
      RenderText {#text} at (15,0) size 7x17
        text run at (15,0) width 7: "c"
    RenderBlock {DIV} at (0,936) size 31x17
      RenderText {#text} at (24,0) size 7x17
        text run at (24,0) width 7 RTL: "\""
      RenderBlock {SPAN} at (19,0) size 5x17
        RenderText {#text} at (0,0) size 5x17
          text run at (0,0) width 5: ")"
      RenderText {#text} at (14,0) size 5x17
        text run at (14,0) width 5 RTL: "("
    RenderBlock {DIV} at (0,953) size 31x17
      RenderText {#text} at (24,0) size 7x17
        text run at (24,0) width 7 RTL: "\""
      RenderBlock {SPAN} at (19,0) size 5x17
        RenderText {#text} at (0,0) size 5x17
          text run at (0,0) width 5: ")"
      RenderText {#text} at (9,0) size 10x17
        text run at (9,0) width 10 RTL: "\x{5D1}"
    RenderBlock {DIV} at (0,970) size 31x17
      RenderText {#text} at (24,0) size 7x17
        text run at (24,0) width 7 RTL: "\""
      RenderBlock {SPAN} at (19,0) size 5x17
        RenderText {#text} at (0,0) size 5x17
          text run at (0,0) width 5: ")"
      RenderText {#text} at (12,0) size 7x17
        text run at (12,0) width 7: "c"
    RenderBlock {DIV} at (0,987) size 31x17
      RenderText {#text} at (24,0) size 7x17
        text run at (24,0) width 7 RTL: "\""
      RenderBlock {SPAN} at (17,0) size 7x17
        RenderText {#text} at (0,0) size 7x17
          text run at (0,0) width 7 RTL: "\x{5E0}"
      RenderText {#text} at (12,0) size 5x17
        text run at (12,0) width 5 RTL: "("
    RenderBlock {DIV} at (0,1004) size 31x17
      RenderText {#text} at (24,0) size 7x17
        text run at (24,0) width 7 RTL: "\""
      RenderBlock {SPAN} at (17,0) size 7x17
        RenderText {#text} at (0,0) size 7x17
          text run at (0,0) width 7 RTL: "\x{5E0}"
      RenderText {#text} at (7,0) size 10x17
        text run at (7,0) width 10 RTL: "\x{5D1}"
    RenderBlock {DIV} at (0,1021) size 31x17
      RenderText {#text} at (24,0) size 7x17
        text run at (24,0) width 7 RTL: "\""
      RenderBlock {SPAN} at (17,0) size 7x17
        RenderText {#text} at (0,0) size 7x17
          text run at (0,0) width 7 RTL: "\x{5E0}"
      RenderText {#text} at (10,0) size 7x17
        text run at (10,0) width 7: "c"
    RenderBlock {DIV} at (0,1038) size 31x17
      RenderText {#text} at (24,0) size 7x17
        text run at (24,0) width 7 RTL: "\""
      RenderBlock {SPAN} at (16,0) size 8x17
        RenderText {#text} at (0,0) size 8x17
          text run at (0,0) width 8: "b"
      RenderText {#text} at (11,0) size 5x17
        text run at (11,0) width 5 RTL: "("
    RenderBlock {DIV} at (0,1055) size 31x17
      RenderText {#text} at (24,0) size 7x17
        text run at (24,0) width 7 RTL: "\""
      RenderBlock {SPAN} at (16,0) size 8x17
        RenderText {#text} at (0,0) size 8x17
          text run at (0,0) width 8: "b"
      RenderText {#text} at (6,0) size 10x17
        text run at (6,0) width 10 RTL: "\x{5D1}"
    RenderBlock {DIV} at (0,1072) size 31x17
      RenderText {#text} at (24,0) size 7x17
        text run at (24,0) width 7 RTL: "\""
      RenderBlock {SPAN} at (16,0) size 8x17
        RenderText {#text} at (0,0) size 8x17
          text run at (0,0) width 8: "b"
      RenderText {#text} at (9,0) size 7x17
        text run at (9,0) width 7: "c"
    RenderBlock {DIV} at (0,1089) size 31x17
      RenderText {#text} at (24,0) size 7x17
        text run at (24,0) width 7 RTL: "\""
      RenderBlock {SPAN} at (19,0) size 5x17
        RenderText {#text} at (0,0) size 5x17
          text run at (0,0) width 5 RTL: ")"
      RenderText {#text} at (14,0) size 5x17
        text run at (14,0) width 5 RTL: "("
    RenderBlock {DIV} at (0,1106) size 31x17
      RenderText {#text} at (24,0) size 7x17
        text run at (24,0) width 7 RTL: "\""
      RenderBlock {SPAN} at (19,0) size 5x17
        RenderText {#text} at (0,0) size 5x17
          text run at (0,0) width 5 RTL: ")"
      RenderText {#text} at (9,0) size 10x17
        text run at (9,0) width 10 RTL: "\x{5D1}"
    RenderBlock {DIV} at (0,1123) size 31x17
      RenderText {#text} at (24,0) size 7x17
        text run at (24,0) width 7 RTL: "\""
      RenderBlock {SPAN} at (19,0) size 5x17
        RenderText {#text} at (0,0) size 5x17
          text run at (0,0) width 5 RTL: ")"
      RenderText {#text} at (12,0) size 7x17
        text run at (12,0) width 7: "c"
    RenderBlock {DIV} at (0,1140) size 31x17
      RenderText {#text} at (24,0) size 7x17
        text run at (24,0) width 7 RTL: "\""
      RenderBlock {SPAN} at (17,0) size 7x17
        RenderText {#text} at (0,0) size 7x17
          text run at (0,0) width 7 RTL: "\x{5E0}"
      RenderText {#text} at (12,0) size 5x17
        text run at (12,0) width 5 RTL: "("
    RenderBlock {DIV} at (0,1157) size 31x17
      RenderText {#text} at (24,0) size 7x17
        text run at (24,0) width 7 RTL: "\""
      RenderBlock {SPAN} at (17,0) size 7x17
        RenderText {#text} at (0,0) size 7x17
          text run at (0,0) width 7 RTL: "\x{5E0}"
      RenderText {#text} at (7,0) size 10x17
        text run at (7,0) width 10 RTL: "\x{5D1}"
    RenderBlock {DIV} at (0,1174) size 31x17
      RenderText {#text} at (24,0) size 7x17
        text run at (24,0) width 7 RTL: "\""
      RenderBlock {SPAN} at (17,0) size 7x17
        RenderText {#text} at (0,0) size 7x17
          text run at (0,0) width 7 RTL: "\x{5E0}"
      RenderText {#text} at (10,0) size 7x17
        text run at (10,0) width 7: "c"
    RenderBlock {DIV} at (0,1200) size 31x17
      RenderText {#text} at (24,0) size 7x17
        text run at (24,0) width 7 RTL: "\""
      RenderBlock {SPAN} at (16,0) size 8x17
        RenderText {#text} at (0,0) size 8x17
          text run at (0,0) width 8: "b"
      RenderText {#text} at (11,0) size 5x17
        text run at (11,0) width 5 RTL: "("
    RenderBlock {DIV} at (0,1217) size 31x17
      RenderText {#text} at (24,0) size 7x17
        text run at (24,0) width 7 RTL: "\""
      RenderBlock {SPAN} at (16,0) size 8x17
        RenderText {#text} at (0,0) size 8x17
          text run at (0,0) width 8: "b"
      RenderText {#text} at (6,0) size 10x17
        text run at (6,0) width 10 RTL: "\x{5D1}"
    RenderBlock {DIV} at (0,1234) size 31x17
      RenderText {#text} at (24,0) size 7x17
        text run at (24,0) width 7 RTL: "\""
      RenderBlock {SPAN} at (16,0) size 8x17
        RenderText {#text} at (0,0) size 8x17
          text run at (0,0) width 8: "b"
      RenderText {#text} at (9,0) size 7x17
        text run at (9,0) width 7: "c"
    RenderBlock {DIV} at (0,1251) size 31x17
      RenderText {#text} at (18,0) size 13x17
        text run at (18,0) width 13 RTL: "\x{5E9}"
      RenderBlock {SPAN} at (13,0) size 5x17
        RenderText {#text} at (0,0) size 5x17
          text run at (0,0) width 5: ")"
      RenderText {#text} at (8,0) size 5x17
        text run at (8,0) width 5 RTL: "("
    RenderBlock {DIV} at (0,1268) size 31x17
      RenderText {#text} at (18,0) size 13x17
        text run at (18,0) width 13 RTL: "\x{5E9}"
      RenderBlock {SPAN} at (13,0) size 5x17
        RenderText {#text} at (0,0) size 5x17
          text run at (0,0) width 5: ")"
      RenderText {#text} at (3,0) size 10x17
        text run at (3,0) width 10 RTL: "\x{5D1}"
    RenderBlock {DIV} at (0,1285) size 31x17
      RenderText {#text} at (18,0) size 13x17
        text run at (18,0) width 13 RTL: "\x{5E9}"
      RenderBlock {SPAN} at (13,0) size 5x17
        RenderText {#text} at (0,0) size 5x17
          text run at (0,0) width 5: ")"
      RenderText {#text} at (6,0) size 7x17
        text run at (6,0) width 7: "c"
    RenderBlock {DIV} at (0,1302) size 31x17
      RenderText {#text} at (18,0) size 13x17
        text run at (18,0) width 13 RTL: "\x{5E9}"
      RenderBlock {SPAN} at (11,0) size 7x17
        RenderText {#text} at (0,0) size 7x17
          text run at (0,0) width 7 RTL: "\x{5E0}"
      RenderText {#text} at (6,0) size 5x17
        text run at (6,0) width 5 RTL: "("
    RenderBlock {DIV} at (0,1319) size 31x17
      RenderText {#text} at (18,0) size 13x17
        text run at (18,0) width 13 RTL: "\x{5E9}"
      RenderBlock {SPAN} at (11,0) size 7x17
        RenderText {#text} at (0,0) size 7x17
          text run at (0,0) width 7 RTL: "\x{5E0}"
      RenderText {#text} at (1,0) size 10x17
        text run at (1,0) width 10 RTL: "\x{5D1}"
    RenderBlock {DIV} at (0,1336) size 31x17
      RenderText {#text} at (18,0) size 13x17
        text run at (18,0) width 13 RTL: "\x{5E9}"
      RenderBlock {SPAN} at (11,0) size 7x17
        RenderText {#text} at (0,0) size 7x17
          text run at (0,0) width 7 RTL: "\x{5E0}"
      RenderText {#text} at (4,0) size 7x17
        text run at (4,0) width 7: "c"
    RenderBlock {DIV} at (0,1353) size 31x17
      RenderText {#text} at (18,0) size 13x17
        text run at (18,0) width 13 RTL: "\x{5E9}"
      RenderBlock {SPAN} at (10,0) size 8x17
        RenderText {#text} at (0,0) size 8x17
          text run at (0,0) width 8: "b"
      RenderText {#text} at (5,0) size 5x17
        text run at (5,0) width 5 RTL: "("
    RenderBlock {DIV} at (0,1370) size 31x17
      RenderText {#text} at (18,0) size 13x17
        text run at (18,0) width 13 RTL: "\x{5E9}"
      RenderBlock {SPAN} at (10,0) size 8x17
        RenderText {#text} at (0,0) size 8x17
          text run at (0,0) width 8: "b"
      RenderText {#text} at (0,0) size 10x17
        text run at (0,0) width 10 RTL: "\x{5D1}"
    RenderBlock {DIV} at (0,1387) size 31x17
      RenderText {#text} at (18,0) size 13x17
        text run at (18,0) width 13 RTL: "\x{5E9}"
      RenderBlock {SPAN} at (10,0) size 8x17
        RenderText {#text} at (0,0) size 8x17
          text run at (0,0) width 8: "b"
      RenderText {#text} at (3,0) size 7x17
        text run at (3,0) width 7: "c"
    RenderBlock {DIV} at (0,1404) size 31x17
      RenderText {#text} at (18,0) size 13x17
        text run at (18,0) width 13 RTL: "\x{5E9}"
      RenderBlock {SPAN} at (13,0) size 5x17
        RenderText {#text} at (0,0) size 5x17
          text run at (0,0) width 5 RTL: ")"
      RenderText {#text} at (8,0) size 5x17
        text run at (8,0) width 5 RTL: "("
    RenderBlock {DIV} at (0,1421) size 31x17
      RenderText {#text} at (18,0) size 13x17
        text run at (18,0) width 13 RTL: "\x{5E9}"
      RenderBlock {SPAN} at (13,0) size 5x17
        RenderText {#text} at (0,0) size 5x17
          text run at (0,0) width 5 RTL: ")"
      RenderText {#text} at (3,0) size 10x17
        text run at (3,0) width 10 RTL: "\x{5D1}"
    RenderBlock {DIV} at (0,1438) size 31x17
      RenderText {#text} at (18,0) size 13x17
        text run at (18,0) width 13 RTL: "\x{5E9}"
      RenderBlock {SPAN} at (13,0) size 5x17
        RenderText {#text} at (0,0) size 5x17
          text run at (0,0) width 5 RTL: ")"
      RenderText {#text} at (6,0) size 7x17
        text run at (6,0) width 7: "c"
    RenderBlock {DIV} at (0,1455) size 31x17
      RenderText {#text} at (18,0) size 13x17
        text run at (18,0) width 13 RTL: "\x{5E9}"
      RenderBlock {SPAN} at (11,0) size 7x17
        RenderText {#text} at (0,0) size 7x17
          text run at (0,0) width 7 RTL: "\x{5E0}"
      RenderText {#text} at (6,0) size 5x17
        text run at (6,0) width 5 RTL: "("
    RenderBlock {DIV} at (0,1472) size 31x17
      RenderText {#text} at (18,0) size 13x17
        text run at (18,0) width 13 RTL: "\x{5E9}"
      RenderBlock {SPAN} at (11,0) size 7x17
        RenderText {#text} at (0,0) size 7x17
          text run at (0,0) width 7 RTL: "\x{5E0}"
      RenderText {#text} at (1,0) size 10x17
        text run at (1,0) width 10 RTL: "\x{5D1}"
    RenderBlock {DIV} at (0,1489) size 31x17
      RenderText {#text} at (18,0) size 13x17
        text run at (18,0) width 13 RTL: "\x{5E9}"
      RenderBlock {SPAN} at (11,0) size 7x17
        RenderText {#text} at (0,0) size 7x17
          text run at (0,0) width 7 RTL: "\x{5E0}"
      RenderText {#text} at (4,0) size 7x17
        text run at (4,0) width 7: "c"
    RenderBlock {DIV} at (0,1506) size 31x17
      RenderText {#text} at (18,0) size 13x17
        text run at (18,0) width 13 RTL: "\x{5E9}"
      RenderBlock {SPAN} at (10,0) size 8x17
        RenderText {#text} at (0,0) size 8x17
          text run at (0,0) width 8: "b"
      RenderText {#text} at (5,0) size 5x17
        text run at (5,0) width 5 RTL: "("
    RenderBlock {DIV} at (0,1523) size 31x17
      RenderText {#text} at (18,0) size 13x17
        text run at (18,0) width 13 RTL: "\x{5E9}"
      RenderBlock {SPAN} at (10,0) size 8x17
        RenderText {#text} at (0,0) size 8x17
          text run at (0,0) width 8: "b"
      RenderText {#text} at (0,0) size 10x17
        text run at (0,0) width 10 RTL: "\x{5D1}"
    RenderBlock {DIV} at (0,1540) size 31x17
      RenderText {#text} at (18,0) size 13x17
        text run at (18,0) width 13 RTL: "\x{5E9}"
      RenderBlock {SPAN} at (10,0) size 8x17
        RenderText {#text} at (0,0) size 8x17
          text run at (0,0) width 8: "b"
      RenderText {#text} at (3,0) size 7x17
        text run at (3,0) width 7: "c"
    RenderBlock {DIV} at (0,1557) size 31x17
      RenderText {#text} at (24,0) size 7x17
        text run at (24,0) width 7: "a"
      RenderBlock {SPAN} at (19,0) size 5x17
        RenderText {#text} at (0,0) size 5x17
          text run at (0,0) width 5: ")"
      RenderText {#text} at (14,0) size 5x17
        text run at (14,0) width 5 RTL: "("
    RenderBlock {DIV} at (0,1574) size 31x17
      RenderText {#text} at (24,0) size 7x17
        text run at (24,0) width 7: "a"
      RenderBlock {SPAN} at (19,0) size 5x17
        RenderText {#text} at (0,0) size 5x17
          text run at (0,0) width 5: ")"
      RenderText {#text} at (9,0) size 10x17
        text run at (9,0) width 10 RTL: "\x{5D1}"
    RenderBlock {DIV} at (0,1600) size 31x17
      RenderText {#text} at (12,0) size 7x17
        text run at (12,0) width 7: "a"
      RenderBlock {SPAN} at (19,0) size 5x17
        RenderText {#text} at (0,0) size 5x17
          text run at (0,0) width 5: ")"
      RenderText {#text} at (24,0) size 7x17
        text run at (24,0) width 7: "c"
    RenderBlock {DIV} at (0,1617) size 31x17
      RenderText {#text} at (24,0) size 7x17
        text run at (24,0) width 7: "a"
      RenderBlock {SPAN} at (17,0) size 7x17
        RenderText {#text} at (0,0) size 7x17
          text run at (0,0) width 7 RTL: "\x{5E0}"
      RenderText {#text} at (12,0) size 5x17
        text run at (12,0) width 5 RTL: "("
    RenderBlock {DIV} at (0,1634) size 31x17
      RenderText {#text} at (24,0) size 7x17
        text run at (24,0) width 7: "a"
      RenderBlock {SPAN} at (17,0) size 7x17
        RenderText {#text} at (0,0) size 7x17
          text run at (0,0) width 7 RTL: "\x{5E0}"
      RenderText {#text} at (7,0) size 10x17
        text run at (7,0) width 10 RTL: "\x{5D1}"
    RenderBlock {DIV} at (0,1651) size 31x17
      RenderText {#text} at (10,0) size 7x17
        text run at (10,0) width 7: "a"
      RenderBlock {SPAN} at (17,0) size 7x17
        RenderText {#text} at (0,0) size 7x17
          text run at (0,0) width 7 RTL: "\x{5E0}"
      RenderText {#text} at (24,0) size 7x17
        text run at (24,0) width 7: "c"
    RenderBlock {DIV} at (0,1668) size 31x17
      RenderText {#text} at (24,0) size 7x17
        text run at (24,0) width 7: "a"
      RenderBlock {SPAN} at (16,0) size 8x17
        RenderText {#text} at (0,0) size 8x17
          text run at (0,0) width 8: "b"
      RenderText {#text} at (11,0) size 5x17
        text run at (11,0) width 5 RTL: "("
    RenderBlock {DIV} at (0,1685) size 31x17
      RenderText {#text} at (24,0) size 7x17
        text run at (24,0) width 7: "a"
      RenderBlock {SPAN} at (16,0) size 8x17
        RenderText {#text} at (0,0) size 8x17
          text run at (0,0) width 8: "b"
      RenderText {#text} at (6,0) size 10x17
        text run at (6,0) width 10 RTL: "\x{5D1}"
    RenderBlock {DIV} at (0,1702) size 31x17
      RenderText {#text} at (9,0) size 7x17
        text run at (9,0) width 7: "a"
      RenderBlock {SPAN} at (16,0) size 8x17
        RenderText {#text} at (0,0) size 8x17
          text run at (0,0) width 8: "b"
      RenderText {#text} at (24,0) size 7x17
        text run at (24,0) width 7: "c"
    RenderBlock {DIV} at (0,1719) size 31x17
      RenderText {#text} at (24,0) size 7x17
        text run at (24,0) width 7: "a"
      RenderBlock {SPAN} at (19,0) size 5x17
        RenderText {#text} at (0,0) size 5x17
          text run at (0,0) width 5 RTL: ")"
      RenderText {#text} at (14,0) size 5x17
        text run at (14,0) width 5 RTL: "("
    RenderBlock {DIV} at (0,1736) size 31x17
      RenderText {#text} at (24,0) size 7x17
        text run at (24,0) width 7: "a"
      RenderBlock {SPAN} at (19,0) size 5x17
        RenderText {#text} at (0,0) size 5x17
          text run at (0,0) width 5 RTL: ")"
      RenderText {#text} at (9,0) size 10x17
        text run at (9,0) width 10 RTL: "\x{5D1}"
    RenderBlock {DIV} at (0,1753) size 31x17
      RenderText {#text} at (12,0) size 7x17
        text run at (12,0) width 7: "a"
      RenderBlock {SPAN} at (19,0) size 5x17
        RenderText {#text} at (0,0) size 5x17
          text run at (0,0) width 5 RTL: ")"
      RenderText {#text} at (24,0) size 7x17
        text run at (24,0) width 7: "c"
    RenderBlock {DIV} at (0,1770) size 31x17
      RenderText {#text} at (24,0) size 7x17
        text run at (24,0) width 7: "a"
      RenderBlock {SPAN} at (17,0) size 7x17
        RenderText {#text} at (0,0) size 7x17
          text run at (0,0) width 7 RTL: "\x{5E0}"
      RenderText {#text} at (12,0) size 5x17
        text run at (12,0) width 5 RTL: "("
    RenderBlock {DIV} at (0,1787) size 31x17
      RenderText {#text} at (24,0) size 7x17
        text run at (24,0) width 7: "a"
      RenderBlock {SPAN} at (17,0) size 7x17
        RenderText {#text} at (0,0) size 7x17
          text run at (0,0) width 7 RTL: "\x{5E0}"
      RenderText {#text} at (7,0) size 10x17
        text run at (7,0) width 10 RTL: "\x{5D1}"
    RenderBlock {DIV} at (0,1804) size 31x17
      RenderText {#text} at (10,0) size 7x17
        text run at (10,0) width 7: "a"
      RenderBlock {SPAN} at (17,0) size 7x17
        RenderText {#text} at (0,0) size 7x17
          text run at (0,0) width 7 RTL: "\x{5E0}"
      RenderText {#text} at (24,0) size 7x17
        text run at (24,0) width 7: "c"
    RenderBlock {DIV} at (0,1821) size 31x17
      RenderText {#text} at (24,0) size 7x17
        text run at (24,0) width 7: "a"
      RenderBlock {SPAN} at (16,0) size 8x17
        RenderText {#text} at (0,0) size 8x17
          text run at (0,0) width 8: "b"
      RenderText {#text} at (11,0) size 5x17
        text run at (11,0) width 5 RTL: "("
    RenderBlock {DIV} at (0,1838) size 31x17
      RenderText {#text} at (24,0) size 7x17
        text run at (24,0) width 7: "a"
      RenderBlock {SPAN} at (16,0) size 8x17
        RenderText {#text} at (0,0) size 8x17
          text run at (0,0) width 8: "b"
      RenderText {#text} at (6,0) size 10x17
        text run at (6,0) width 10 RTL: "\x{5D1}"
    RenderBlock {DIV} at (0,1855) size 31x17
      RenderText {#text} at (9,0) size 7x17
        text run at (9,0) width 7: "a"
      RenderBlock {SPAN} at (16,0) size 8x17
        RenderText {#text} at (0,0) size 8x17
          text run at (0,0) width 8: "b"
      RenderText {#text} at (24,0) size 7x17
        text run at (24,0) width 7: "c"
