layer at (0,0) size 800x600
  RenderView at (0,0) size 800x600
layer at (0,0) size 800x518
  RenderBlock {HTML} at (0,0) size 800x518 [bgcolor=#FFFFFF]
layer at (173,32) size 454x454
  RenderBody {BODY} at (173,32) size 454x454 [color=#FFFFFF] [bgcolor=#DD6600]
    RenderBlock {DIV} at (0,0) size 454x0
      RenderBlock {DIV} at (0,0) size 454x0
        RenderBlock {DIV} at (0,0) size 454x0
    RenderBlock {DIV} at (0,0) size 454x0
      RenderInline {SPAN} at (0,0) size 0x0
    RenderBlock {DIV} at (0,0) size 454x0
      RenderInline {SPAN} at (0,0) size 0x0
    RenderBlock {DIV} at (0,0) size 454x0
      RenderInline {SPAN} at (0,0) size 0x0
    RenderBlock {DIV} at (0,0) size 454x0
      RenderInline {SPAN} at (0,0) size 0x0
    RenderBlock {DIV} at (0,0) size 454x0
      RenderInline {SPAN} at (0,0) size 0x0
    RenderBlock {DIV} at (0,0) size 454x0
      RenderInline {SPAN} at (0,0) size 0x0
layer at (173,47) size 454x188
  RenderBlock (positioned) {H1} at (0,15) size 454x189 [color=#DD9955]
    RenderInline {SPAN} at (0,0) size 329x181
      RenderText {#text} at (83,3) size 329x181
        text run at (83,3) width 287: "CSS ZEN"
        text run at (62,97) width 329: "GARDEN"
layer at (173,119) size 454x21
  RenderBlock (positioned) {H2} at (0,87) size 454x22 [color=#EEFF00]
    RenderInline {SPAN} at (0,0) size 149x19
      RenderText {#text} at (152,1) size 88x19
        text run at (152,1) width 88: "The Beauty of "
      RenderInline {ACRONYM} at (0,0) size 22x19
        RenderText {#text} at (239,1) size 22x19
          text run at (239,1) width 22: "CSS"
      RenderText {#text} at (260,1) size 41x19
        text run at (260,1) width 41: " Design"
layer at (173,379) size 454x107
  RenderBlock (positioned) {DIV} at (0,347) size 454x107
    RenderInline {P} at (0,0) size 429x28
      RenderInline {SPAN} at (0,0) size 429x28
        RenderText {#text} at (12,0) size 429x28
          text run at (12,0) width 429: "Littering a dark and dreary road lay the past relics of browser-specific tags,"
          text run at (12,14) width 70: "incompatible "
        RenderInline {ACRONYM} at (0,0) size 29x14
          RenderText {#text} at (82,14) size 29x14
            text run at (82,14) width 29: "DOM"
        RenderText {#text} at (111,14) size 77x14
          text run at (111,14) width 77: "s, and broken "
        RenderInline {ACRONYM} at (0,0) size 23x14
          RenderText {#text} at (188,14) size 23x14
            text run at (188,14) width 23: "CSS"
        RenderText {#text} at (211,14) size 48x14
          text run at (211,14) width 48: " support."
    RenderText {#text} at (259,14) size 4x14
      text run at (259,14) width 4: " "
    RenderInline {P} at (0,0) size 429x42
      RenderInline {SPAN} at (0,0) size 429x42
        RenderText {#text} at (263,14) size 429x42
          text run at (263,14) width 178: "Today, we must clear the mind of"
          text run at (12,28) width 429: "past practices. Web enlightenment has been achieved thanks to the tireless efforts of"
          text run at (12,42) width 69: "folk like the "
        RenderInline {ACRONYM} at (0,0) size 27x14
          RenderText {#text} at (81,42) size 27x14
            text run at (81,42) width 27: "W3C"
        RenderText {#text} at (108,42) size 8x14
          text run at (108,42) width 8: ", "
        RenderInline {ACRONYM} at (0,0) size 32x14
          RenderText {#text} at (116,42) size 32x14
            text run at (116,42) width 32: "WaSP"
        RenderText {#text} at (148,42) size 178x14
          text run at (148,42) width 178: " and the major browser creators."
    RenderText {#text} at (326,42) size 5x14
      text run at (326,42) width 5: " "
    RenderInline {P} at (0,0) size 429x56
      RenderInline {SPAN} at (0,0) size 429x56
        RenderText {#text} at (331,42) size 429x56
          text run at (331,42) width 110: "The css Zen Garden"
          text run at (12,56) width 429: "invites you to relax and meditate on the important lessons of the masters. Begin to"
          text run at (12,70) width 429: "see with clarity. Learn to use the (yet to be) time-honored techniques in new and"
          text run at (12,84) width 241: "invigorating fashion. Become one with the web."
    RenderText {#text} at (0,0) size 0x0
layer at (321,235) size 306x80
  RenderBlock (positioned) {H3} at (148,-144) size 306x81 [color=#CCCC77] [bgcolor=#888811] [border: (3px solid #888811) none (3px solid #888811)]
    RenderInline {SPAN} at (0,0) size 223x79
      RenderText {#text} at (88,0) size 223x79
        text run at (88,0) width 187: "The Road to"
        text run at (52,37) width 223: "Enlightenment"
