layer at (0,0) size 800x600
  RenderView at (0,0) size 800x600
layer at (0,0) size 800x600
  RenderBlock {HTML} at (0,0) size 800x600
    RenderBody {BODY} at (8,8) size 784x576
      RenderBlock {P} at (0,0) size 784x17
        RenderText {#text} at (0,0) size 410x17
          text run at (0,0) width 410: "Reflection should not be cropped by being in a composited layer."
      RenderBlock {P} at (0,289) size 784x17
        RenderText {#text} at (0,0) size 240x17
          text run at (0,0) width 240: "This is the next paragraph in the page."
layer at (208,75) size 342x172
  RenderBlock {DIV} at (200,67) size 342x172 [border: (1px solid #000000)]
    RenderBlock {P} at (21,27) size 300x17
      RenderText {#text} at (0,0) size 228x17
        text run at (0,0) width 228: "This element has a composited layer"
layer at (349,116) size 260x69
  RenderBlock (positioned) {DIV} at (141,41) size 260x69 [bgcolor=#DDDDDD]
    RenderBlock {P} at (10,26) size 240x17
      RenderText {#text} at (0,0) size 223x17
        text run at (0,0) width 223: "This is a positioned, reflected child."
