layer at (0,0) size 800x600
  RenderView at (0,0) size 800x600
layer at (0,0) size 800x120
  RenderBlock {test} at (0,0) size 800x120
    RenderBlock {p} at (0,16) size 800x20 [bgcolor=#00FF00]
      RenderText {#text} at (0,0) size 252x19
        text run at (0,0) width 252: "This line should have a green background."
    RenderBlock {p} at (0,52) size 800x26 [bgcolor=#00FF00]
      RenderText {#text} at (0,3) size 661x19
        text run at (0,3) width 661: "UAs may render the following element as a pop up menu. If so, please ensure the menu is unstyled (or green). "
      RenderMenuList {select} at (663,2) size 106x22 [border: (1px solid #000000)]
        RenderBlock (anonymous) at (5,3) size 79x16
          RenderText at (0,0) size 69x16
            text run at (0,0) width 69: "This should"
      RenderText {#text} at (0,0) size 0x0
    RenderTable {table} at (0,94) size 404x26 [bgcolor=#00FF00]
      RenderTableSection (anonymous) at (0,0) size 404x26
        RenderTableRow {tr} at (0,2) size 404x22
          RenderTableCell {td} at (2,2) size 400x22 [r=0 c=0 rs=1 cs=1]
            RenderText {#text} at (1,1) size 398x19
              text run at (1,1) width 398: "This line should have a green background (or it might be unstyled)."
