layer at (0,0) size 800x600
  RenderView at (0,0) size 800x600
layer at (0,0) size 800x94
  RenderBlock {test} at (0,0) size 800x94
    RenderBlock {div} at (0,16) size 800x62
      RenderBlock {p} at (0,0) size 800x20 [color=#00FF00]
        RenderInline {a} at (0,0) size 260x19 [color=#000000]
          RenderText {#text} at (0,0) size 260x19
            text run at (0,0) width 260: "This text should turn green while it is active."
        RenderText {#text} at (0,0) size 0x0
      RenderBlock {p} at (0,36) size 800x26 [color=#00FF00]
        RenderButton {button} at (2,2) size 267x22 [color=#000000] [bgcolor=#F0F0F0] [border: (2px outset #F0F0F0)]
          RenderBlock (anonymous) at (8,3) size 251x16
            RenderText {#text} at (0,0) size 251x16
              text run at (0,0) width 251: "This text should turn green while it is active."
        RenderText {#text} at (0,0) size 0x0
