layer at (0,0) size 800x600
  RenderView at (0,0) size 800x600
layer at (0,0) size 800x84
  RenderBlock {test} at (0,0) size 800x84
    RenderBlock {div} at (0,16) size 800x68
      RenderBlock {p} at (0,0) size 800x20
        RenderText {#text} at (0,0) size 208x19
          text run at (0,0) width 208: "The following bar should be green."
      RenderBlock {div} at (0,36) size 800x0
      RenderBlock {div} at (0,36) size 800x0
      RenderBlock {div} at (0,36) size 800x32
        RenderBlock {div} at (0,0) size 800x32
          RenderBlock {div} at (0,0) size 800x32
            RenderBlock {div} at (0,0) size 800x32 [bgcolor=#FF0000]
