layer at (0,0) size 800x600
  RenderView at (0,0) size 800x600
layer at (0,0) size 800x148
  RenderBlock {test} at (0,0) size 800x148
    RenderBlock {div} at (0,16) size 800x116
      RenderBlock {p} at (0,0) size 800x20
        RenderText {#text} at (0,0) size 241x19
          text run at (0,0) width 241: "The following two bars should be green."
      RenderBlock {div} at (16,36) size 768x32 [bgcolor=#00FF00]
      RenderBlock {div} at (16,84) size 768x32 [bgcolor=#FF0000]
