layer at (0,0) size 800x600
  RenderView at (0,0) size 800x600
layer at (0,0) size 800x8
  RenderBlock {HTML} at (0,0) size 800x8
    RenderBody {BODY} at (8,8) size 784x0
layer at (8,8) size 300x300 scrollHeight 680
  RenderBlock (positioned) {DIV} at (8,8) size 300x300
    RenderText {#text} at (0,0) size 299x680
      text run at (0,0) width 252: "Lorem ipsum dolor sit amet, consectetur"
      text run at (0,17) width 245: "adipisicing elit, sed do eiusmod tempor"
      text run at (0,34) width 293: "incididunt ut labore et dolore magna aliqua. Ut"
      text run at (0,51) width 229: "enim ad minim veniam, quis nostrud"
      text run at (0,68) width 299: "exercitation ullamco laboris nisi ut aliquip ex ea"
      text run at (0,85) width 284: "commodo consequat. Duis aute irure dolor in"
      text run at (0,102) width 265: "reprehenderit in voluptate velit esse cillum"
      text run at (0,119) width 284: "dolore eu fugiat nulla pariatur. Excepteur sint"
      text run at (0,136) width 287: "occaecat cupidatat non proident, sunt in culpa"
      text run at (0,153) width 293: "qui officia deserunt mollit anim id est laborum."
      text run at (0,170) width 252: "Lorem ipsum dolor sit amet, consectetur"
      text run at (0,187) width 245: "adipisicing elit, sed do eiusmod tempor"
      text run at (0,204) width 293: "incididunt ut labore et dolore magna aliqua. Ut"
      text run at (0,221) width 229: "enim ad minim veniam, quis nostrud"
      text run at (0,238) width 299: "exercitation ullamco laboris nisi ut aliquip ex ea"
      text run at (0,255) width 284: "commodo consequat. Duis aute irure dolor in"
      text run at (0,272) width 265: "reprehenderit in voluptate velit esse cillum"
      text run at (0,289) width 284: "dolore eu fugiat nulla pariatur. Excepteur sint"
      text run at (0,306) width 287: "occaecat cupidatat non proident, sunt in culpa"
      text run at (0,323) width 293: "qui officia deserunt mollit anim id est laborum."
      text run at (0,340) width 252: "Lorem ipsum dolor sit amet, consectetur"
      text run at (0,357) width 245: "adipisicing elit, sed do eiusmod tempor"
      text run at (0,374) width 293: "incididunt ut labore et dolore magna aliqua. Ut"
      text run at (0,391) width 229: "enim ad minim veniam, quis nostrud"
      text run at (0,408) width 299: "exercitation ullamco laboris nisi ut aliquip ex ea"
      text run at (0,425) width 284: "commodo consequat. Duis aute irure dolor in"
      text run at (0,442) width 265: "reprehenderit in voluptate velit esse cillum"
      text run at (0,459) width 284: "dolore eu fugiat nulla pariatur. Excepteur sint"
      text run at (0,476) width 287: "occaecat cupidatat non proident, sunt in culpa"
      text run at (0,493) width 233: "qui officia deserunt mollit anim id est"
      text run at (0,510) width 233: "laborum.Lorem ipsum dolor sit amet,"
      text run at (0,527) width 272: "consectetur adipisicing elit, sed do eiusmod"
      text run at (0,544) width 275: "tempor incididunt ut labore et dolore magna"
      text run at (0,561) width 295: "aliqua. Ut enim ad minim veniam, quis nostrud"
      text run at (0,578) width 299: "exercitation ullamco laboris nisi ut aliquip ex ea"
      text run at (0,595) width 284: "commodo consequat. Duis aute irure dolor in"
      text run at (0,612) width 265: "reprehenderit in voluptate velit esse cillum"
      text run at (0,629) width 284: "dolore eu fugiat nulla pariatur. Excepteur sint"
      text run at (0,646) width 287: "occaecat cupidatat non proident, sunt in culpa"
      text run at (0,663) width 293: "qui officia deserunt mollit anim id est laborum."
