layer at (0,0) size 800x600
  RenderView at (0,0) size 800x600
layer at (0,0) size 800x600
  RenderBlock {HTML} at (0,0) size 800x600
    RenderBody {BODY} at (8,8) size 784x576
      RenderBlock {P} at (0,0) size 784x34
        RenderText {#text} at (0,0) size 53x17
          text run at (0,0) width 53: "Test for "
        RenderInline {I} at (0,0) size 759x34
          RenderInline {A} at (0,0) size 301x17 [color=#0000EE]
            RenderText {#text} at (53,0) size 301x17
              text run at (53,0) width 301: "http://bugs.webkit.org/show_bug.cgi?id=13353"
          RenderText {#text} at (354,0) size 759x34
            text run at (354,0) width 4: " "
            text run at (358,0) width 401: "REGRESSION (r20754-20766): Textarea does not resize when"
            text run at (0,17) width 121: "scrollbar is present"
        RenderText {#text} at (121,17) size 4x17
          text run at (121,17) width 4: "."
      RenderBlock {P} at (0,50) size 784x17
        RenderText {#text} at (0,0) size 747x17
          text run at (0,0) width 574: "To test interactively, verify that you can resize each of the boxes below. The automatic test "
          text run at (574,0) width 173: "resizes them to 125 by 125."
      RenderBlock (floating) {DIV} at (0,83) size 125x125 [bgcolor=#FF0000]
      RenderBlock (floating) {DIV} at (135,83) size 125x125 [bgcolor=#FF0000]
      RenderBlock (floating) {DIV} at (270,83) size 125x125 [bgcolor=#FF0000]
      RenderBlock (floating) {DIV} at (405,83) size 125x125 [bgcolor=#FF0000]
layer at (8,91) size 125x125
  RenderBlock {DIV} at (0,0) size 125x125 [bgcolor=#008000]
    RenderBlock {DIV} at (0,0) size 100x100
layer at (143,91) size 125x125 clip at (143,91) size 110x110
  RenderBlock {DIV} at (0,0) size 125x125 [bgcolor=#008000]
    RenderBlock {DIV} at (0,0) size 100x100
layer at (278,91) size 125x125 clip at (278,91) size 110x125
  RenderBlock {DIV} at (0,0) size 125x125 [bgcolor=#008000]
    RenderBlock {DIV} at (0,0) size 100x100
layer at (413,91) size 125x125 clip at (413,91) size 125x110
  RenderBlock {DIV} at (0,0) size 125x125 [bgcolor=#008000]
    RenderBlock {DIV} at (0,0) size 100x100
