layer at (0,0) size 800x600
  RenderView at (0,0) size 800x600
layer at (0,0) size 800x600
  RenderBlock {HTML} at (0,0) size 800x600
    RenderBody {BODY} at (0,0) size 800x584
      RenderBlock {HR} at (0,40) size 800x2 [border: (1px inset #000000)]
      RenderBlock {P} at (0,58) size 800x51
        RenderText {#text} at (0,0) size 207x17
          text run at (0,0) width 207: "This tests for regressions against "
        RenderInline {I} at (0,0) size 789x34
          RenderText {#text} at (207,0) size 789x34
            text run at (207,0) width 448: "http://bugzilla.opendarwin.org/show_bug.cgi?id=5921 Hit-testing text "
            text run at (655,0) width 134: "in overflows does not"
            text run at (0,17) width 167: "take scrolling into account"
        RenderText {#text} at (167,17) size 765x34
          text run at (167,17) width 82: " by scrolling "
          text run at (249,17) width 409: "the above text all the way to the right, clicking the last letter, and "
          text run at (658,17) width 107: "verifying that the"
          text run at (0,34) width 291: "correct caret position is reported to the editing "
          text run at (291,34) width 56: "delegate."
layer at (0,0) size 210x32 clip at (0,0) size 210x17 scrollX 33 scrollWidth 243
  RenderBlock {DIV} at (0,0) size 210x32
    RenderText {#text} at (0,0) size 243x17
      text run at (0,0) width 243: "Seals and caribou live in the arctic, too"
caret: position 40 of child 0 {#text} of child 1 {DIV} of body
