layer at (0,0) size 800x600
  RenderView at (0,0) size 800x600
layer at (0,0) size 800x600
  RenderBlock {HTML} at (0,0) size 800x600
    RenderBody {BODY} at (8,8) size 784x584
      RenderBlock (anonymous) at (0,0) size 784x17
        RenderText {#text} at (0,0) size 507x17
          text run at (0,0) width 507: "The focus ring of the following div should not extend beyond the size of the div."
layer at (8,25) size 500x400 scrollWidth 501 scrollHeight 612
  RenderBlock {DIV} at (0,17) size 500x400
    RenderText {#text} at (0,0) size 500x612
      text run at (0,0) width 500: "............................................................................................................................."
      text run at (0,17) width 500: "............................................................................................................................."
      text run at (0,34) width 500: "............................................................................................................................."
      text run at (0,51) width 500: "............................................................................................................................."
      text run at (0,68) width 500: "............................................................................................................................."
      text run at (0,85) width 500: "............................................................................................................................."
      text run at (0,102) width 500: "............................................................................................................................."
      text run at (0,119) width 500: "............................................................................................................................."
      text run at (0,136) width 500: "............................................................................................................................."
      text run at (0,153) width 500: "............................................................................................................................."
      text run at (0,170) width 500: "............................................................................................................................."
      text run at (0,187) width 500: "............................................................................................................................."
      text run at (0,204) width 500: "............................................................................................................................."
      text run at (0,221) width 500: "............................................................................................................................."
      text run at (0,238) width 500: "............................................................................................................................."
      text run at (0,255) width 500: "............................................................................................................................."
      text run at (0,272) width 500: "............................................................................................................................."
      text run at (0,289) width 500: "............................................................................................................................."
      text run at (0,306) width 500: "............................................................................................................................."
      text run at (0,323) width 500: "............................................................................................................................."
      text run at (0,340) width 500: "............................................................................................................................."
      text run at (0,357) width 500: "............................................................................................................................."
      text run at (0,374) width 500: "............................................................................................................................."
      text run at (0,391) width 500: "............................................................................................................................."
      text run at (0,408) width 500: "............................................................................................................................."
      text run at (0,425) width 500: "............................................................................................................................."
      text run at (0,442) width 500: "............................................................................................................................."
      text run at (0,459) width 500: "............................................................................................................................."
      text run at (0,476) width 500: "............................................................................................................................."
      text run at (0,493) width 500: "............................................................................................................................."
      text run at (0,510) width 500: "............................................................................................................................."
      text run at (0,527) width 500: "............................................................................................................................."
      text run at (0,544) width 500: "............................................................................................................................."
      text run at (0,561) width 500: "............................................................................................................................."
      text run at (0,578) width 500: "............................................................................................................................."
      text run at (0,595) width 212: "....................................................."
caret: position 0 of child 0 {#text} of child 1 {DIV} of body
