layer at (0,0) size 800x600
  RenderView at (0,0) size 800x600
layer at (0,0) size 800x532
  RenderBlock {HTML} at (0,0) size 800x532
    RenderBody {BODY} at (8,20) size 784x496
      RenderBlock {DIV} at (20,0) size 240x200 [bgcolor=#0000807F]
      RenderBlock (anonymous) at (0,220) size 784x243
        RenderText {#text} at (0,0) size 0x0
      RenderBlock {P} at (0,479) size 784x17
        RenderText {#text} at (0,0) size 242x17
          text run at (0,0) width 242: "Top and bottom should look the same."
layer at (28,260) size 240x200
  RenderHTMLCanvas {CANVAS} at (20,20) size 240x200 [bgcolor=#0000807F]
