layer at (0,0) size 800x600
  RenderView at (0,0) size 800x600
layer at (0,0) size 800x600
  RenderBlock {HTML} at (0,0) size 800x600
    RenderBody {BODY} at (8,8) size 784x584 [bgcolor=#CCCCCC]
      RenderBlock {P} at (0,0) size 784x17
        RenderText {#text} at (0,0) size 355x17
          text run at (0,0) width 355: "The style declarations which apply to the text below are:"
      RenderBlock {PRE} at (0,33) size 784x45
        RenderText {#text} at (0,0) size 288x45
          text run at (0,0) width 288: ".one {list-style-position: outside;}"
          text run at (0,15) width 280: ".two {list-style-position: inside;}"
          text run at (0,30) width 0: " "
      RenderBlock {HR} at (0,91) size 784x2 [border: (1px inset #000000)]
      RenderBlock {UL} at (0,109) size 784x34
        RenderListItem {LI} at (40,0) size 744x34
          RenderListMarker at (-17,0) size 7x17: bullet
          RenderText {#text} at (0,0) size 725x34
            text run at (0,0) width 725: "The text in this item should behave as expected; that is, it should line up with itself on the left margin, leaving blank"
            text run at (0,17) width 154: "space beneath the bullet."
      RenderBlock {UL} at (0,159) size 784x34
        RenderListItem {LI} at (40,0) size 744x34
          RenderListMarker at (-1,0) size 7x17: bullet
          RenderText {#text} at (14,0) size 702x34
            text run at (14,0) width 688: "The text in this item should not behave as expected; that is, it should line up with the bullet on the left margin,"
            text run at (0,17) width 263: "leaving no blank space beneath the bullet."
      RenderTable {TABLE} at (0,209) size 784x135 [border: (1px outset #808080)]
        RenderTableSection {TBODY} at (1,1) size 782x133
          RenderTableRow {TR} at (0,0) size 782x25
            RenderTableCell {TD} at (0,0) size 782x25 [bgcolor=#C0C0C0] [border: (1px inset #808080)] [r=0 c=0 rs=1 cs=2]
              RenderInline {STRONG} at (0,0) size 163x17
                RenderText {#text} at (4,4) size 163x17
                  text run at (4,4) width 163: "TABLE Testing Section"
          RenderTableRow {TR} at (0,25) size 782x108
            RenderTableCell {TD} at (0,66) size 12x26 [bgcolor=#C0C0C0] [border: (1px inset #808080)] [r=1 c=0 rs=1 cs=1]
              RenderText {#text} at (4,4) size 4x18
                text run at (4,5) width 4: " "
            RenderTableCell {TD} at (12,25) size 770x108 [border: (1px inset #808080)] [r=1 c=1 rs=1 cs=1]
              RenderBlock {UL} at (4,4) size 762x34
                RenderListItem {LI} at (40,0) size 722x34
                  RenderListMarker at (-17,0) size 7x17: bullet
                  RenderText {#text} at (0,0) size 686x34
                    text run at (0,0) width 686: "The text in this item should behave as expected; that is, it should line up with itself on the left margin, leaving"
                    text run at (0,17) width 193: "blank space beneath the bullet."
              RenderBlock {UL} at (4,54) size 762x34
                RenderListItem {LI} at (40,0) size 722x34
                  RenderListMarker at (-1,0) size 7x17: bullet
                  RenderText {#text} at (14,0) size 702x34
                    text run at (14,0) width 688: "The text in this item should not behave as expected; that is, it should line up with the bullet on the left margin,"
                    text run at (0,17) width 263: "leaving no blank space beneath the bullet."
