layer at (0,0) size 800x600
  RenderView at (0,0) size 800x600
layer at (0,0) size 800x313
  RenderBlock {HTML} at (0,0) size 800x313
    RenderBody {BODY} at (8,16) size 784x281
      RenderBlock {P} at (0,0) size 784x17 [color=#008000]
        RenderText {#text} at (0,0) size 163x17
          text run at (0,0) width 163: "This line should be green."
      RenderBlock {P} at (0,33) size 784x17 [color=#008000]
        RenderText {#text} at (0,0) size 163x17
          text run at (0,0) width 163: "This line should be green."
      RenderBlock {DIV} at (0,66) size 784x17 [color=#008000] [bgcolor=#FFFFFF]
        RenderBlock {P} at (0,0) size 784x17
          RenderText {#text} at (0,0) size 163x17
            text run at (0,0) width 163: "This line should be green."
      RenderBlock {P} at (0,99) size 784x17 [color=#008000]
        RenderText {#text} at (0,0) size 163x17
          text run at (0,0) width 163: "This line should be green."
      RenderBlock {P} at (0,132) size 784x17 [color=#008000]
        RenderText {#text} at (0,0) size 163x17
          text run at (0,0) width 163: "This line should be green."
      RenderBlock {P} at (0,165) size 784x17 [color=#008000]
        RenderText {#text} at (0,0) size 163x17
          text run at (0,0) width 163: "This line should be green."
      RenderBlock {P} at (0,198) size 784x17 [color=#008000]
        RenderText {#text} at (0,0) size 163x17
          text run at (0,0) width 163: "This line should be green."
      RenderBlock {P} at (0,231) size 784x17 [color=#008000]
        RenderText {#text} at (0,0) size 163x17
          text run at (0,0) width 163: "This line should be green."
      RenderBlock {P} at (0,264) size 784x17 [color=#008000]
        RenderText {#text} at (0,0) size 163x17
          text run at (0,0) width 163: "This line should be green."
