layer at (0,0) size 800x600
  RenderView at (0,0) size 800x600
layer at (0,0) size 800x108
  RenderBlock {HTML} at (0,0) size 800x108
    RenderBody {BODY} at (8,16) size 784x84 [color=#0000FF]
      RenderBlock {P} at (0,0) size 784x17
        RenderText {#text} at (0,0) size 650x17
          text run at (0,0) width 650: "There should be three solid bars of colour below, each longer than the last, each of the colour specified."
      RenderBlock {DIV} at (0,33) size 784x17
        RenderText {#text} at (0,0) size 38x17
          text run at (0,0) width 38: "Blue: "
        RenderInline {SPAN} at (0,0) size 15x15
          RenderText {#text} at (38,2) size 15x15
            text run at (38,2) width 15: "X"
        RenderInline {SPAN} at (0,0) size 15x15
          RenderText {#text} at (53,2) size 15x15
            text run at (53,2) width 15: "X"
        RenderImage {IMG} at (68,2) size 15x15 [color=#FF0000]
        RenderText {#text} at (0,0) size 0x0
      RenderBlock {DIV} at (0,50) size 784x17
        RenderText {#text} at (0,0) size 55x17
          text run at (0,0) width 55: "Orange: "
        RenderInline {SPAN} at (0,0) size 15x15 [color=#FFA500]
          RenderText {#text} at (55,2) size 15x15
            text run at (55,2) width 15: "X"
        RenderInline {SPAN} at (0,0) size 15x15 [color=#FFA500]
          RenderText {#text} at (70,2) size 15x15
            text run at (70,2) width 15: "X"
        RenderInline {SPAN} at (0,0) size 15x15 [color=#FFA500]
          RenderText {#text} at (85,2) size 15x15
            text run at (85,2) width 15: "X"
        RenderInline {SPAN} at (0,0) size 15x15 [color=#FFA500]
          RenderText {#text} at (100,2) size 15x15
            text run at (100,2) width 15: "X"
        RenderImage {IMG} at (115,2) size 15x15 [color=#FF0000]
        RenderText {#text} at (0,0) size 0x0
      RenderBlock {DIV} at (0,67) size 784x17
        RenderText {#text} at (0,0) size 41x17
          text run at (0,0) width 41: "Lime: "
        RenderInline {SPAN} at (0,0) size 15x15 [color=#00FF00]
          RenderText {#text} at (41,2) size 15x15
            text run at (41,2) width 15: "X"
        RenderInline {SPAN} at (0,0) size 15x15 [color=#00FF00]
          RenderText {#text} at (56,2) size 15x15
            text run at (56,2) width 15: "X"
        RenderInline {SPAN} at (0,0) size 15x15 [color=#00FF00]
          RenderText {#text} at (71,2) size 15x15
            text run at (71,2) width 15: "X"
        RenderInline {SPAN} at (0,0) size 15x15 [color=#00FF00]
          RenderText {#text} at (86,2) size 15x15
            text run at (86,2) width 15: "X"
        RenderInline {SPAN} at (0,0) size 15x15 [color=#00FF00]
          RenderText {#text} at (101,2) size 15x15
            text run at (101,2) width 15: "X"
        RenderInline {SPAN} at (0,0) size 15x15 [color=#00FF00]
          RenderText {#text} at (116,2) size 15x15
            text run at (116,2) width 15: "X"
        RenderInline {SPAN} at (0,0) size 15x15 [color=#00FF00]
          RenderText {#text} at (131,2) size 15x15
            text run at (131,2) width 15: "X"
        RenderInline {SPAN} at (0,0) size 15x15 [color=#00FF00]
          RenderText {#text} at (146,2) size 15x15
            text run at (146,2) width 15: "X"
        RenderInline {SPAN} at (0,0) size 15x15 [color=#00FF00]
          RenderText {#text} at (161,2) size 15x15
            text run at (161,2) width 15: "X"
        RenderInline {SPAN} at (0,0) size 15x15 [color=#00FF00]
          RenderText {#text} at (176,2) size 15x15
            text run at (176,2) width 15: "X"
        RenderInline {SPAN} at (0,0) size 15x15 [color=#00FF00]
          RenderText {#text} at (191,2) size 15x15
            text run at (191,2) width 15: "X"
        RenderInline {SPAN} at (0,0) size 15x15 [color=#00FF00]
          RenderText {#text} at (206,2) size 15x15
            text run at (206,2) width 15: "X"
        RenderImage {IMG} at (221,2) size 15x15 [color=#FF0000]
        RenderText {#text} at (0,0) size 0x0
