layer at (0,0) size 800x600
  RenderView at (0,0) size 800x600
layer at (0,0) size 800x212
  RenderBlock {HTML} at (0,0) size 800x212
    RenderBody {BODY} at (8,16) size 784x180 [color=#FF0000]
      RenderBlock {P} at (0,0) size 784x17 [color=#008000]
        RenderText {#text} at (0,0) size 194x17
          text run at (0,0) width 194: "This sentence should be green."
      RenderBlock {DIV} at (0,33) size 784x17 [color=#008000]
        RenderBlock {P} at (0,0) size 784x17
          RenderText {#text} at (0,0) size 194x17
            text run at (0,0) width 194: "This sentence should be green."
      RenderBlock {P} at (0,66) size 784x17 [color=#008000]
        RenderText {#text} at (0,0) size 194x17
          text run at (0,0) width 194: "This sentence should be green."
      RenderBlock {P} at (0,99) size 784x17 [color=#008000]
        RenderText {#text} at (0,0) size 194x17
          text run at (0,0) width 194: "This sentence should be green."
      RenderBlock {DIV} at (0,132) size 784x15 [color=#008000]
        RenderBlock {PRE} at (0,0) size 784x15
          RenderText {#text} at (0,0) size 240x15
            text run at (0,0) width 240: "This sentence should be green."
      RenderBlock {DIV} at (0,163) size 784x17 [color=#008000]
        RenderBlock {UL} at (0,0) size 784x17
          RenderListItem {LI} at (40,0) size 744x17
            RenderListMarker at (-17,0) size 7x17: bullet
            RenderText {#text} at (0,0) size 194x17
              text run at (0,0) width 194: "This sentence should be green."
