layer at (0,0) size 800x600
  RenderView at (0,0) size 800x600
layer at (0,0) size 800x437
  RenderBlock {HTML} at (0,0) size 800x437
    RenderBody {BODY} at (8,16) size 784x413 [color=#0000FF]
      RenderBlock {P} at (0,0) size 784x227
        RenderInline (generated) at (0,0) size 88x159 [color=#00FFFF]
          RenderText {#text} at (0,0) size 88x159
            text run at (0,0) width 88: "T"
        RenderText {#text} at (88,85) size 57x53
          text run at (88,85) width 57: "he "
        RenderInline {STRONG} at (0,0) size 205x53
          RenderText {#text} at (145,85) size 205x53
            text run at (145,85) width 205: "first letter"
        RenderText {#text} at (350,85) size 779x91
          text run at (350,85) width 429: " of this paragraph, and"
          text run at (0,159) width 59: "only that "
          text run at (59,159) width 96: "one, should be "
        RenderInline {STRONG} at (0,0) size 87x17
          RenderText {#text} at (155,159) size 87x17
            text run at (155,159) width 87: "600% bigger"
        RenderText {#text} at (242,159) size 513x17
          text run at (242,159) width 133: " than the normal text "
          text run at (375,159) width 380: "(300% bigger than the rest of first line of this paragraph) and"
        RenderInline {STRONG} at (0,0) size 34x17
          RenderText {#text} at (0,176) size 34x17
            text run at (0,176) width 34: "aqua"
        RenderText {#text} at (34,176) size 109x17
          text run at (34,176) width 109: ", while the entire "
        RenderInline {STRONG} at (0,0) size 55x17
          RenderText {#text} at (143,176) size 55x17
            text run at (143,176) width 55: "first line"
        RenderText {#text} at (198,176) size 69x17
          text run at (198,176) width 4: " "
          text run at (202,176) width 65: "should be "
        RenderInline {STRONG} at (0,0) size 87x17
          RenderText {#text} at (267,176) size 87x17
            text run at (267,176) width 87: "300% bigger"
        RenderText {#text} at (354,176) size 110x17
          text run at (354,176) width 110: " than normal and "
        RenderInline {STRONG} at (0,0) size 24x17
          RenderText {#text} at (464,176) size 24x17
            text run at (464,176) width 24: "teal"
        RenderText {#text} at (488,176) size 779x51
          text run at (488,176) width 274: ". If this precise combination does not occur,"
          text run at (0,193) width 410: "then the user agent has failed this test. Remember that in order to "
          text run at (410,193) width 369: "ensure a complete test, the paragraph must be displayed on"
          text run at (0,210) width 36: "more "
          text run at (36,210) width 146: "than one line. (TEST1)"
      RenderBlock {P} at (0,243) size 784x70
        RenderInline (generated) at (0,0) size 33x36 [color=#00FFFF]
          RenderText {#text} at (0,0) size 33x36
            text run at (0,0) width 33: "\"T"
        RenderText {#text} at (33,15) size 98x17
          text run at (33,15) width 98: "est\": The first "
        RenderInline {STRONG} at (0,0) size 108x17
          RenderText {#text} at (131,15) size 108x17
            text run at (131,15) width 108: "two characters"
        RenderText {#text} at (239,15) size 448x17
          text run at (239,15) width 119: " in this paragraph "
          text run at (358,15) width 329: "(a double-quote mark and a capital 'T') should be "
        RenderInline {STRONG} at (0,0) size 88x17
          RenderText {#text} at (687,15) size 88x17
            text run at (687,15) width 44: "200% "
            text run at (731,15) width 44: "bigger"
        RenderText {#text} at (0,36) size 218x17
          text run at (0,36) width 218: "than the rest of the paragraph, and "
        RenderInline {STRONG} at (0,0) size 34x17
          RenderText {#text} at (218,36) size 34x17
            text run at (218,36) width 34: "aqua"
        RenderText {#text} at (252,36) size 146x17
          text run at (252,36) width 146: ". In addition, the entire "
        RenderInline {STRONG} at (0,0) size 55x17
          RenderText {#text} at (398,36) size 55x17
            text run at (398,36) width 31: "first "
            text run at (429,36) width 24: "line"
        RenderText {#text} at (453,36) size 96x17
          text run at (453,36) width 96: " should be in a "
        RenderInline {STRONG} at (0,0) size 159x17
          RenderText {#text} at (549,36) size 159x17
            text run at (549,36) width 135: "small-caps font and "
            text run at (684,36) width 24: "teal"
        RenderText {#text} at (708,36) size 724x34
          text run at (708,36) width 4: "."
          text run at (0,53) width 315: "Remember that in order to ensure a complete test, "
          text run at (315,53) width 409: "the paragraph must be displayed on more than one line. (TEST2)"
      RenderBlock {P} at (0,329) size 784x51
        RenderInline (generated) at (0,0) size 10x17 [color=#00FFFF]
          RenderText {#text} at (0,0) size 10x17
            text run at (0,0) width 10: "T"
        RenderText {#text} at (10,0) size 19x17
          text run at (10,0) width 19: "he "
        RenderInline {STRONG} at (0,0) size 66x17
          RenderText {#text} at (29,0) size 66x17
            text run at (29,0) width 66: "first letter"
        RenderText {#text} at (95,0) size 300x17
          text run at (95,0) width 204: " of this paragraph, and only that "
          text run at (299,0) width 96: "one, should be "
        RenderInline {STRONG} at (0,0) size 34x17
          RenderText {#text} at (395,0) size 34x17
            text run at (395,0) width 34: "aqua"
        RenderText {#text} at (429,0) size 109x17
          text run at (429,0) width 109: ", while the entire "
        RenderInline {STRONG} at (0,0) size 55x17
          RenderText {#text} at (538,0) size 55x17
            text run at (538,0) width 55: "first line"
        RenderText {#text} at (593,0) size 69x17
          text run at (593,0) width 69: " should be "
        RenderInline {STRONG} at (0,0) size 24x17
          RenderText {#text} at (662,0) size 24x17
            text run at (662,0) width 24: "teal"
        RenderText {#text} at (686,0) size 778x51
          text run at (686,0) width 22: ". If "
          text run at (708,0) width 70: "this precise"
          text run at (0,17) width 329: "combination does not occur, then the user agent has "
          text run at (329,17) width 409: "failed this test. Remember that in order to ensure a complete test, "
          text run at (738,17) width 19: "the"
          text run at (0,34) width 386: "paragraph must be displayed on more than one line. (TEST3)"
      RenderBlock {DIV} at (0,396) size 784x17
        RenderText {#text} at (0,0) size 168x17
          text run at (0,0) width 168: "You should see the words "
        RenderInline {STRONG} at (0,0) size 68x17
          RenderText {#text} at (168,0) size 68x17
            text run at (168,0) width 68: "\"TEST1\""
        RenderText {#text} at (236,0) size 8x17
          text run at (236,0) width 8: ", "
        RenderInline {STRONG} at (0,0) size 68x17
          RenderText {#text} at (244,0) size 68x17
            text run at (244,0) width 68: "\"TEST2\""
        RenderText {#text} at (312,0) size 35x17
          text run at (312,0) width 35: ", and "
        RenderInline {STRONG} at (0,0) size 68x17
          RenderText {#text} at (347,0) size 68x17
            text run at (347,0) width 68: "\"TEST3\""
        RenderText {#text} at (415,0) size 236x17
          text run at (415,0) width 86: " at the end of "
          text run at (501,0) width 150: "three paragraphs above."
