layer at (0,0) size 800x600
  RenderView at (0,0) size 800x600
layer at (0,0) size 800x218
  RenderBlock {HTML} at (0,0) size 800x218
    RenderBody {BODY} at (8,16) size 784x186
      RenderBlock {P} at (0,0) size 764x85 [color=#0000FF] [border: none (10px double #0000FF) none]
        RenderText {#text} at (0,0) size 363x17
          text run at (0,0) width 363: "This paragraph should have two blue lines on its right. \x{21E8} "
        RenderInline {SPAN} at (0,0) size 754x85 [color=#C0C0C0]
          RenderText {#text} at (363,0) size 754x85
            text run at (363,0) width 391: "dummy text dummy text dummy text dummy text dummy text"
            text run at (0,17) width 52: "dummy "
            text run at (52,17) width 474: "text dummy text dummy text dummy text dummy text dummy text dummy "
            text run at (526,17) width 181: "text dummy text dummy text"
            text run at (0,34) width 289: "dummy text dummy text dummy text dummy "
            text run at (289,34) width 418: "text dummy text dummy text dummy text dummy text dummy text"
            text run at (0,51) width 52: "dummy "
            text run at (52,51) width 474: "text dummy text dummy text dummy text dummy text dummy text dummy "
            text run at (526,51) width 181: "text dummy text dummy text"
            text run at (0,68) width 154: "dummy text dummy text"
        RenderText {#text} at (0,0) size 0x0
      RenderBlock {P} at (0,101) size 764x85 [color=#0000FF] [border: none (1px solid #0000FF) none]
        RenderText {#text} at (0,0) size 368x17
          text run at (0,0) width 368: "This paragraph should have a thin blue line on its right. \x{21E8} "
        RenderInline {SPAN} at (0,0) size 759x85 [color=#C0C0C0]
          RenderText {#text} at (368,0) size 759x85
            text run at (368,0) width 391: "dummy text dummy text dummy text dummy text dummy text"
            text run at (0,17) width 52: "dummy "
            text run at (52,17) width 474: "text dummy text dummy text dummy text dummy text dummy text dummy "
            text run at (526,17) width 233: "text dummy text dummy text dummy"
            text run at (0,34) width 237: "text dummy text dummy text dummy "
            text run at (237,34) width 474: "text dummy text dummy text dummy text dummy text dummy text dummy "
            text run at (711,34) width 23: "text"
            text run at (0,51) width 447: "dummy text dummy text dummy text dummy text dummy text dummy "
            text run at (447,51) width 312: "text dummy text dummy text dummy text dummy"
            text run at (0,68) width 23: "text"
        RenderText {#text} at (0,0) size 0x0
