layer at (0,0) size 800x600
  RenderView at (0,0) size 800x600
layer at (0,0) size 800x217
  RenderBlock {HTML} at (0,0) size 800x217
    RenderBody {BODY} at (8,16) size 784x117
      RenderBlock {P} at (0,0) size 784x17 [color=#000080]
        RenderText {#text} at (0,0) size 595x17
          text run at (0,0) width 377: "In the following test, the teal squares must be just inside the "
          text run at (377,0) width 218: "top and sides of the blue rectangle."
      RenderBlock {DIV} at (0,33) size 784x84
        RenderBlock {DIV} at (16,0) size 752x84 [color=#0000FF] [bgcolor=#000080] [border: (8px solid #0000FF) none (8px solid #0000FF)]
          RenderImage {IMG} at (8,8) size 160x160 [color=#FFFF00] [bgcolor=#FF0000]
          RenderImage {IMG} at (584,8) size 160x160 [color=#FFFF00] [bgcolor=#FF0000]
          RenderText {#text} at (168,8) size 392x68
            text run at (168,8) width 392: "Blue rectangle. Blue rectangle. Blue rectangle. Blue rectangle."
            text run at (168,25) width 392: "Blue rectangle. Blue rectangle. Blue rectangle. Blue rectangle."
            text run at (168,42) width 392: "Blue rectangle. Blue rectangle. Blue rectangle. Blue rectangle."
            text run at (168,59) width 392: "Blue rectangle. Blue rectangle. Blue rectangle. Blue rectangle."
