layer at (0,0) size 785x750
  RenderView at (0,0) size 785x600
layer at (0,0) size 785x750
  RenderBlock {HTML} at (0,0) size 785x750
    RenderBody {BODY} at (8,32) size 769x686
      RenderBlock {P} at (32,0) size 705x108 [color=#000080]
        RenderText {#text} at (0,0) size 673x108
          text run at (0,0) width 673: "\x{21E9} The following blue box should be exactly half the"
          text run at (0,36) width 81: "width "
          text run at (81,36) width 560: "of the viewport, on the left of the 50% ruler"
          text run at (0,72) width 74: "mark."
      RenderBlock (floating) {DIV} at (0,140) size 385x323 [color=#FFFFFF] [bgcolor=#0000FF]
        RenderText {#text} at (0,0) size 385x323
          text run at (0,0) width 385: "ignore this float text ignore this float text ignore this"
          text run at (0,17) width 43: "float "
          text run at (42,17) width 343: "text ignore this float text ignore this float text"
          text run at (0,34) width 79: "ignore this "
          text run at (78,34) width 307: "float text ignore this float text ignore this"
          text run at (0,51) width 126: "float text ignore "
          text run at (125,51) width 260: "this float text ignore this float text"
          text run at (0,68) width 156: "ignore this float text "
          text run at (155,68) width 230: "ignore this float text ignore this"
          text run at (0,85) width 199: "float text ignore this float "
          text run at (198,85) width 187: "text ignore this float text"
          text run at (0,102) width 235: "ignore this float text ignore this "
          text run at (234,102) width 151: "float text ignore this"
          text run at (0,119) width 283: "float text ignore this float text ignore "
          text run at (282,119) width 103: "this float text"
          text run at (0,136) width 312: "ignore this float text ignore this float text "
          text run at (311,136) width 74: "ignore this"
          text run at (0,153) width 356: "float text ignore this float text ignore this float "
          text run at (355,153) width 30: "text"
          text run at (0,170) width 385: "ignore this float text ignore this float text ignore this"
          text run at (0,187) width 385: "float text ignore this float text ignore this float text"
          text run at (0,204) width 48: "ignore "
          text run at (47,204) width 338: "this float text ignore this float text ignore this"
          text run at (0,221) width 78: "float text "
          text run at (77,221) width 308: "ignore this float text ignore this float text"
          text run at (0,238) width 121: "ignore this float "
          text run at (120,238) width 265: "text ignore this float text ignore this"
          text run at (0,255) width 157: "float text ignore this "
          text run at (156,255) width 229: "float text ignore this float text"
          text run at (0,272) width 204: "ignore this float text ignore "
          text run at (203,272) width 182: "this float text ignore this"
          text run at (0,289) width 234: "float text ignore this float text "
          text run at (234,289) width 151: "ignore this float text"
          text run at (0,306) width 259: "ignore this float text ignore this float"
      RenderBlock {DIV} at (0,140) size 769x442 [color=#C0C0C0]
        RenderText {#text} at (384,0) size 769x442
          text run at (384,0) width 385: "this is some dummy text this is some dummy text this is"
          text run at (384,17) width 98: "some dummy "
          text run at (481,17) width 288: "text this is some dummy text this is some"
          text run at (384,34) width 169: "dummy text this is some "
          text run at (552,34) width 217: "dummy text this is some dummy"
          text run at (384,51) width 230: "text this is some dummy text this is "
          text run at (613,51) width 156: "some dummy text this is"
          text run at (384,68) width 305: "some dummy text this is some dummy text "
          text run at (688,68) width 81: "this is some"
          text run at (384,85) width 385: "dummy text this is some dummy text this is some dummy"
          text run at (384,102) width 385: "text this is some dummy text this is some dummy text this is"
          text run at (384,119) width 42: "some "
          text run at (425,119) width 344: "dummy text this is some dummy text this is some"
          text run at (384,136) width 130: "dummy text this is "
          text run at (513,136) width 256: "some dummy text this is some dummy"
          text run at (384,153) width 189: "text this is some dummy text "
          text run at (572,153) width 197: "this is some dummy text this is"
          text run at (384,170) width 274: "some dummy text this is some dummy "
          text run at (657,170) width 112: "text this is some"
          text run at (384,187) width 337: "dummy text this is some dummy text this is some "
          text run at (721,187) width 48: "dummy"
          text run at (384,204) width 385: "text this is some dummy text this is some dummy text this is"
          text run at (384,221) width 385: "some dummy text this is some dummy text this is some"
          text run at (384,238) width 85: "dummy text "
          text run at (468,238) width 301: "this is some dummy text this is some dummy"
          text run at (384,255) width 161: "text this is some dummy "
          text run at (544,255) width 225: "text this is some dummy text this is"
          text run at (384,272) width 218: "some dummy text this is some "
          text run at (601,272) width 168: "dummy text this is some"
          text run at (384,289) width 298: "dummy text this is some dummy text this is "
          text run at (681,289) width 88: "some dummy"
          text run at (384,306) width 349: "text this is some dummy text this is some dummy text "
          text run at (732,306) width 37: "this is"
          text run at (0,323) width 405: "some dummy text this is some dummy text this is some dummy "
          text run at (404,323) width 365: "text this is some dummy text this is some dummy text this"
          text run at (0,340) width 53: "is some "
          text run at (52,340) width 444: "dummy text this is some dummy text this is some dummy text this is "
          text run at (495,340) width 274: "some dummy text this is some dummy text"
          text run at (0,357) width 161: "this is some dummy text "
          text run at (160,357) width 454: "this is some dummy text this is some dummy text this is some dummy "
          text run at (613,357) width 156: "text this is some dummy"
          text run at (0,374) width 278: "text this is some dummy text this is some "
          text run at (277,374) width 459: "dummy text this is some dummy text this is some dummy text this is "
          text run at (736,374) width 33: "some"
          text run at (0,391) width 407: "dummy text this is some dummy text this is some dummy text "
          text run at (406,391) width 363: "this is some dummy text this is some dummy text this is"
          text run at (0,408) width 90: "some dummy "
          text run at (89,408) width 421: "text this is some dummy text this is some dummy text this is some "
          text run at (509,408) width 260: "dummy text this is some dummy text this"
          text run at (0,425) width 170: "is some dummy text this is "
          text run at (170,425) width 268: "some dummy text this is some dummy text"
      RenderBlock {P} at (32,614) size 705x72 [color=#000080]
        RenderText {#text} at (19,0) size 686x72
          text run at (19,0) width 686: "The above gray text should flow around the blue box."
          text run at (678,36) width 27: "\x{21E7}"
