layer at (0,0) size 800x600
  RenderView at (0,0) size 800x600
layer at (0,0) size 800x132
  RenderBlock {HTML} at (0,0) size 800x132
    RenderBody {BODY} at (8,16) size 784x100
      RenderBlock {P} at (0,0) size 784x17 [color=#000080]
        RenderText {#text} at (0,0) size 542x17
          text run at (0,0) width 542: "In the following test, the blue blocks should be on the given sides of the teal rectangle."
      RenderBlock {DIV} at (0,33) size 784x67
        RenderBlock {DIV} at (16,0) size 752x67 [color=#00FFFF] [bgcolor=#008080]
          RenderBlock (floating) {P} at (8,8) size 176x50 [color=#FFFFFF] [bgcolor=#000080] [border: (4px solid #0000FF)]
            RenderText {#text} at (8,8) size 132x34
              text run at (8,8) width 115: "\x{21E6} This blue block"
              text run at (8,25) width 132: "should be on the left."
          RenderBlock (floating) {P} at (568,8) size 176x50 [color=#FFFFFF] [bgcolor=#000080] [border: (4px solid #0000FF)]
            RenderText {#text} at (8,8) size 141x34
              text run at (8,8) width 115: "\x{21E8} This blue block"
              text run at (8,25) width 141: "should be on the right."
          RenderText {#text} at (184,8) size 384x51
            text run at (184,8) width 384: "Teal rectangle. Teal rectangle. Teal rectangle. Teal rectangle."
            text run at (184,25) width 194: "Teal rectangle. Teal rectangle. "
            text run at (378,25) width 190: "Teal rectangle. Teal rectangle."
            text run at (184,42) width 384: "Teal rectangle. Teal rectangle. Teal rectangle. Teal rectangle."
