layer at (0,0) size 800x600
  RenderView at (0,0) size 800x600
layer at (0,0) size 800x192
  RenderBlock {HTML} at (0,0) size 800x192
    RenderBody {BODY} at (8,16) size 784x160 [color=#000080]
      RenderBlock {P} at (0,0) size 784x17
        RenderText {#text} at (0,0) size 234x17
          text run at (0,0) width 234: "Each bullet should look as described."
      RenderBlock {UL} at (0,33) size 784x60
        RenderListItem {LI} at (40,0) size 744x20
          RenderListMarker at (-24,0) size 17x17
          RenderText {#text} at (0,3) size 85x17
            text run at (0,3) width 85: "purple square"
        RenderListItem {LI} at (40,20) size 744x20
          RenderListMarker at (-24,0) size 17x17
          RenderText {#text} at (0,3) size 85x17
            text run at (0,3) width 85: "purple square"
        RenderListItem {LI} at (40,40) size 744x20
          RenderListMarker at (-24,0) size 17x17
          RenderText {#text} at (0,3) size 85x17
            text run at (0,3) width 85: "purple square"
      RenderBlock {UL} at (0,109) size 784x51
        RenderListItem {LI} at (40,0) size 744x17
          RenderListMarker at (-17,0) size 7x17: bullet
          RenderText {#text} at (0,0) size 25x17
            text run at (0,0) width 25: "disc"
        RenderListItem {LI} at (40,17) size 744x17
          RenderListMarker at (-17,0) size 7x17: bullet
          RenderText {#text} at (0,0) size 25x17
            text run at (0,0) width 25: "disc"
        RenderListItem {LI} at (40,34) size 744x17
          RenderListMarker at (-17,0) size 7x17: bullet
          RenderText {#text} at (0,0) size 25x17
            text run at (0,0) width 25: "disc"
