layer at (0,0) size 800x600
  RenderView at (0,0) size 800x600
layer at (0,0) size 800x428
  RenderBlock {HTML} at (0,0) size 800x428
    RenderBody {BODY} at (8,16) size 784x396
      RenderBlock {P} at (0,0) size 784x17 [color=#000080]
        RenderText {#text} at (0,0) size 203x17
          text run at (0,0) width 203: "This sentence should be normal."
      RenderBlock {P} at (0,33) size 784x17 [color=#000080]
        RenderText {#text} at (0,0) size 300x17
          text run at (0,0) width 300: "This sentence should be bolder than normal."
      RenderBlock {P} at (0,66) size 784x17 [color=#000080]
        RenderText {#text} at (0,0) size 198x17
          text run at (0,0) width 198: "This sentence should be bold."
      RenderBlock {H4} at (0,104) size 784x18 [color=#000080]
        RenderText {#text} at (0,0) size 202x17
          text run at (0,0) width 202: "Whatever this line looks like..."
      RenderBlock {H4} at (0,142) size 784x18 [color=#000080]
        RenderText {#text} at (0,0) size 290x17
          text run at (0,0) width 290: "...this line should look bolder (or the same)."
      RenderBlock {P} at (0,180) size 784x18 [color=#000080]
        RenderInline {B} at (0,0) size 203x17
          RenderText {#text} at (0,0) size 203x17
            text run at (0,0) width 203: "This sentence should be normal."
        RenderText {#text} at (0,0) size 0x0
      RenderBlock {P} at (0,213) size 784x18 [color=#000080]
        RenderText {#text} at (0,0) size 219x17
          text run at (0,0) width 219: "This sentence should be very light."
      RenderBlock {P} at (0,246) size 784x18 [color=#000080]
        RenderText {#text} at (0,0) size 335x17
          text run at (0,0) width 335: "This sentence should be slightly bolder (or the same)."
      RenderBlock {P} at (0,279) size 784x18 [color=#000080]
        RenderText {#text} at (0,0) size 373x17
          text run at (0,0) width 373: "This sentence should be slightly bolder again (or the same)."
      RenderBlock {P} at (0,312) size 784x18 [color=#000080]
        RenderText {#text} at (0,0) size 417x17
          text run at (0,0) width 417: "This sentence should be slightly bolder still (but not the same)."
      RenderBlock {P} at (0,345) size 784x18 [color=#000080]
        RenderText {#text} at (0,0) size 509x17
          text run at (0,0) width 509: "This sentence should be the most bold (and maybe the same as the last one)."
      RenderBlock {P} at (0,378) size 784x18 [color=#000080]
        RenderText {#text} at (0,0) size 202x17
          text run at (0,0) width 202: "This sentence should be bold. "
        RenderInline {SPAN} at (0,0) size 203x17
          RenderText {#text} at (202,0) size 203x17
            text run at (202,0) width 203: "This sentence should be normal."
        RenderText {#text} at (0,0) size 0x0
