layer at (0,0) size 800x600
  RenderView at (0,0) size 800x600
layer at (0,0) size 800x249
  RenderBlock {HTML} at (0,0) size 800x249
    RenderBody {BODY} at (8,8) size 784x233
      RenderBlock {DIV} at (0,0) size 784x100
        RenderBlock {P} at (0,0) size 784x17 [color=#000080]
          RenderText {#text} at (0,0) size 242x17
            text run at (0,0) width 242: "This sentence should be in a serif font."
        RenderBlock {P} at (0,17) size 784x17 [color=#000080]
          RenderText {#text} at (0,0) size 242x17
            text run at (0,0) width 242: "This sentence should be in a serif font."
        RenderBlock {P} at (0,34) size 784x17 [color=#000080]
          RenderText {#text} at (0,0) size 311x17
            text run at (0,0) width 311: "This sentence should be in a sans-serif font."
        RenderBlock {P} at (0,51) size 784x17 [color=#000080]
          RenderText {#text} at (0,0) size 260x17
            text run at (0,0) width 260: "This sentence should be in a cursive font."
        RenderBlock {P} at (0,68) size 784x17 [color=#000080]
          RenderText {#text} at (0,0) size 260x17
            text run at (0,0) width 260: "This sentence should be in a fantasy font."
        RenderBlock {P} at (0,85) size 784x15 [color=#000080]
          RenderText {#text} at (0,0) size 352x15
            text run at (0,0) width 352: "This sentence should be in a monospace font."
      RenderBlock {P} at (0,100) size 784x17 [color=#000080]
        RenderText {#text} at (0,0) size 311x17
          text run at (0,0) width 311: "This sentence should be in a sans-serif font."
      RenderBlock {P} at (0,117) size 784x18 [color=#000080]
        RenderText {#text} at (0,0) size 440x18
          text run at (0,0) width 440: "This sentence should be in a monospace font."
      RenderBlock {DIV} at (0,135) size 784x98
        RenderBlock {P} at (0,0) size 784x15 [color=#000080]
          RenderText {#text} at (0,0) size 352x15
            text run at (0,0) width 352: "This sentence should be in a monospace font."
        RenderBlock {P} at (0,15) size 784x17 [color=#000080]
          RenderText {#text} at (0,0) size 242x17
            text run at (0,0) width 242: "This sentence should be in a serif font."
        RenderBlock {P} at (0,32) size 784x17 [color=#000080]
          RenderText {#text} at (0,0) size 311x17
            text run at (0,0) width 311: "This sentence should be in a sans-serif font."
        RenderBlock {P} at (0,49) size 784x17 [color=#000080]
          RenderText {#text} at (0,0) size 260x17
            text run at (0,0) width 260: "This sentence should be in a cursive font."
        RenderBlock {P} at (0,66) size 784x17 [color=#000080]
          RenderText {#text} at (0,0) size 260x17
            text run at (0,0) width 260: "This sentence should be in a fantasy font."
        RenderBlock {P} at (0,83) size 784x15 [color=#000080]
          RenderText {#text} at (0,0) size 352x15
            text run at (0,0) width 352: "This sentence should be in a monospace font."
