layer at (0,0) size 800x600
  RenderView at (0,0) size 800x600
layer at (0,0) size 800x345
  RenderBlock {HTML} at (0,0) size 800x345
    RenderBody {BODY} at (8,16) size 784x321
      RenderBlock {P} at (0,0) size 784x17
        RenderText {#text} at (0,0) size 708x17
          text run at (0,0) width 708: "There should be a stripy pattern of yellow and aqua below (each vertical stripe should be straight and unbroken)."
      RenderBlock {DIV} at (0,33) size 432x24 [color=#00FFFF] [bgcolor=#FFFF00]
        RenderText {#text} at (0,0) size 360x24
          text run at (0,0) width 360: "x x   x x   x x"
      RenderBlock {DIV} at (0,57) size 432x24 [color=#00FFFF] [bgcolor=#FFFF00]
        RenderText {#text} at (0,0) size 360x24
          text run at (0,0) width 360: "x x   x x   x x"
      RenderBlock {DIV} at (0,81) size 432x24 [color=#00FFFF] [bgcolor=#FFFF00]
        RenderText {#text} at (0,0) size 360x24
          text run at (0,0) width 360: "x x   x x   x x"
      RenderBlock {DIV} at (0,105) size 432x24 [color=#00FFFF] [bgcolor=#FFFF00]
        RenderText {#text} at (0,0) size 384x24
          text run at (0,0) width 384: "xx xx xx"
      RenderBlock {DIV} at (0,129) size 432x24 [color=#00FFFF] [bgcolor=#FFFF00]
        RenderText {#text} at (0,0) size 384x24
          text run at (0,0) width 384: "xx xx xx"
      RenderBlock {DIV} at (0,153) size 432x24 [color=#00FFFF] [bgcolor=#FFFF00]
        RenderText {#text} at (0,0) size 384x24
          text run at (0,0) width 384: "xx xx xx"
      RenderBlock {DIV} at (0,177) size 432x24 [color=#00FFFF] [bgcolor=#FFFF00]
        RenderText {#text} at (0,0) size 384x24
          text run at (0,0) width 384: "xx xx xx"
      RenderBlock {DIV} at (0,201) size 432x24 [color=#00FFFF] [bgcolor=#FFFF00]
        RenderText {#text} at (0,0) size 384x24
          text run at (0,0) width 384: "xx xx xx"
      RenderBlock {DIV} at (0,225) size 432x24 [color=#00FFFF] [bgcolor=#FFFF00]
        RenderText {#text} at (0,0) size 384x24
          text run at (0,0) width 384: "xx xx xx"
      RenderBlock {DIV} at (0,249) size 432x48 [color=#00FFFF] [bgcolor=#FFFF00]
        RenderText {#text} at (0,0) size 277x48
          text run at (0,0) width 277: "xx xx"
          text run at (0,24) width 111: "xx"
      RenderBlock {DIV} at (0,297) size 432x24 [color=#00FFFF] [bgcolor=#FFFF00]
        RenderText {#text} at (0,0) size 384x24
          text run at (0,0) width 384: "xx xx xx"
