layer at (0,0) size 800x600
  RenderView at (0,0) size 800x600
layer at (0,0) size 800x600
  RenderBlock {HTML} at (0,0) size 800x600
    RenderBody {BODY} at (8,8) size 784x576
      RenderBlock {DIV} at (0,0) size 784x215
        RenderBlock {P} at (0,0) size 784x17
          RenderText {#text} at (0,0) size 531x17
            text run at (0,0) width 531: "This test verifies that the text-shadow CSS property works properly for complex text"
        RenderBlock {P} at (0,33) size 784x17
          RenderText {#text} at (0,0) size 274x17
            text run at (0,0) width 274: "The following text should have no shadow:"
        RenderBlock {P} at (0,66) size 784x17
          RenderText {#text} at (0,0) size 365x17
            text run at (0,0) width 365: "A B C D E F G H I J K L M N O P Q R S T U V X Y Z"
        RenderBlock {P} at (0,99) size 784x17
          RenderText {#text} at (0,0) size 338x17
            text run at (0,0) width 338: "The following text should have a green solid shadow:"
        RenderBlock {P} at (0,132) size 784x17
          RenderText {#text} at (0,0) size 365x17
            text run at (0,0) width 365: "A B C D E F G H I J K L M N O P Q R S T U V X Y Z"
        RenderBlock {P} at (0,165) size 784x17
          RenderText {#text} at (0,0) size 523x17
            text run at (0,0) width 523: "The following text should be rendered with a green shadow with a blur radius of 2:"
        RenderBlock {P} at (0,198) size 784x17
          RenderText {#text} at (0,0) size 365x17
            text run at (0,0) width 365: "A B C D E F G H I J K L M N O P Q R S T U V X Y Z"
