layer at (0,0) size 785x4900
  RenderView at (0,0) size 785x600
layer at (0,0) size 785x4900
  RenderBlock {HTML} at (0,0) size 785x4900
    RenderBody {BODY} at (8,8) size 769x4876
      RenderBlock (anonymous) at (0,0) size 769x17
        RenderText {#text} at (0,0) size 342x17
          text run at (0,0) width 342: "This tests font choices and metrics for the cursive font."
      RenderBlock {P} at (0,33) size 769x1615
        RenderInline {FONT} at (0,0) size 60x1615
          RenderText {#text} at (0,0) size 45x17
            text run at (0,0) width 45: "cursive"
          RenderBR {BR} at (45,14) size 0x0
          RenderText {#text} at (0,17) size 16x17
            text run at (0,17) width 16: "    "
          RenderBR {BR} at (16,31) size 0x0
          RenderText {#text} at (0,34) size 20x17
            text run at (0,34) width 20: "!!!!"
          RenderBR {BR} at (20,48) size 0x0
          RenderText {#text} at (0,51) size 28x17
            text run at (0,51) width 28: "\"\"\"\""
          RenderBR {BR} at (28,65) size 0x0
          RenderText {#text} at (0,68) size 32x17
            text run at (0,68) width 32: "####"
          RenderBR {BR} at (32,82) size 0x0
          RenderText {#text} at (0,85) size 32x17
            text run at (0,85) width 32: "$$$$"
          RenderBR {BR} at (32,99) size 0x0
          RenderText {#text} at (0,102) size 52x17
            text run at (0,102) width 52: "%%%%"
          RenderBR {BR} at (52,116) size 0x0
          RenderText {#text} at (0,119) size 48x17
            text run at (0,119) width 48: "&&&&"
          RenderBR {BR} at (48,133) size 0x0
          RenderText {#text} at (0,136) size 12x17
            text run at (0,136) width 12: "''''"
          RenderBR {BR} at (12,150) size 0x0
          RenderText {#text} at (0,153) size 20x17
            text run at (0,153) width 20: "(((("
          RenderBR {BR} at (20,167) size 0x0
          RenderText {#text} at (0,170) size 20x17
            text run at (0,170) width 20: "))))"
          RenderBR {BR} at (20,184) size 0x0
          RenderText {#text} at (0,187) size 32x17
            text run at (0,187) width 32: "****"
          RenderBR {BR} at (32,201) size 0x0
          RenderText {#text} at (0,204) size 36x17
            text run at (0,204) width 36: "++++"
          RenderBR {BR} at (36,218) size 0x0
          RenderText {#text} at (0,221) size 16x17
            text run at (0,221) width 16: ",,,,"
          RenderBR {BR} at (16,235) size 0x0
          RenderText {#text} at (0,238) size 20x17
            text run at (0,238) width 20: "----"
          RenderBR {BR} at (20,252) size 0x0
          RenderText {#text} at (0,255) size 16x17
            text run at (0,255) width 16: "...."
          RenderBR {BR} at (16,269) size 0x0
          RenderText {#text} at (0,272) size 16x17
            text run at (0,272) width 16: "////"
          RenderBR {BR} at (16,286) size 0x0
          RenderText {#text} at (0,289) size 32x17
            text run at (0,289) width 32: "0000"
          RenderBR {BR} at (32,303) size 0x0
          RenderText {#text} at (0,306) size 32x17
            text run at (0,306) width 32: "1111"
          RenderBR {BR} at (32,320) size 0x0
          RenderText {#text} at (0,323) size 32x17
            text run at (0,323) width 32: "2222"
          RenderBR {BR} at (32,337) size 0x0
          RenderText {#text} at (0,340) size 32x17
            text run at (0,340) width 32: "3333"
          RenderBR {BR} at (32,354) size 0x0
          RenderText {#text} at (0,357) size 32x17
            text run at (0,357) width 32: "4444"
          RenderBR {BR} at (32,371) size 0x0
          RenderText {#text} at (0,374) size 32x17
            text run at (0,374) width 32: "5555"
          RenderBR {BR} at (32,388) size 0x0
          RenderText {#text} at (0,391) size 32x17
            text run at (0,391) width 32: "6666"
          RenderBR {BR} at (32,405) size 0x0
          RenderText {#text} at (0,408) size 32x17
            text run at (0,408) width 32: "7777"
          RenderBR {BR} at (32,422) size 0x0
          RenderText {#text} at (0,425) size 32x17
            text run at (0,425) width 32: "8888"
          RenderBR {BR} at (32,439) size 0x0
          RenderText {#text} at (0,442) size 32x17
            text run at (0,442) width 32: "9999"
          RenderBR {BR} at (32,456) size 0x0
          RenderText {#text} at (0,459) size 16x17
            text run at (0,459) width 16: "::::"
          RenderBR {BR} at (16,473) size 0x0
          RenderText {#text} at (0,476) size 16x17
            text run at (0,476) width 16: ";;;;"
          RenderBR {BR} at (16,490) size 0x0
          RenderText {#text} at (0,493) size 36x17
            text run at (0,493) width 36: "<<<<"
          RenderBR {BR} at (36,507) size 0x0
          RenderText {#text} at (0,510) size 36x17
            text run at (0,510) width 36: "===="
          RenderBR {BR} at (36,524) size 0x0
          RenderText {#text} at (0,527) size 36x17
            text run at (0,527) width 36: ">>>>"
          RenderBR {BR} at (36,541) size 0x0
          RenderText {#text} at (0,544) size 28x17
            text run at (0,544) width 28: "????"
          RenderBR {BR} at (28,558) size 0x0
          RenderText {#text} at (0,561) size 60x17
            text run at (0,561) width 60: "@@@@"
          RenderBR {BR} at (60,575) size 0x0
          RenderText {#text} at (0,578) size 48x17
            text run at (0,578) width 48: "AAAA"
          RenderBR {BR} at (48,592) size 0x0
          RenderText {#text} at (0,595) size 44x17
            text run at (0,595) width 44: "BBBB"
          RenderBR {BR} at (44,609) size 0x0
          RenderText {#text} at (0,612) size 44x17
            text run at (0,612) width 44: "CCCC"
          RenderBR {BR} at (44,626) size 0x0
          RenderText {#text} at (0,629) size 48x17
            text run at (0,629) width 48: "DDDD"
          RenderBR {BR} at (48,643) size 0x0
          RenderText {#text} at (0,646) size 40x17
            text run at (0,646) width 40: "EEEE"
          RenderBR {BR} at (40,660) size 0x0
          RenderText {#text} at (0,663) size 36x17
            text run at (0,663) width 36: "FFFF"
          RenderBR {BR} at (36,677) size 0x0
          RenderText {#text} at (0,680) size 48x17
            text run at (0,680) width 48: "GGGG"
          RenderBR {BR} at (48,694) size 0x0
          RenderText {#text} at (0,697) size 48x17
            text run at (0,697) width 48: "HHHH"
          RenderBR {BR} at (48,711) size 0x0
          RenderText {#text} at (0,714) size 20x17
            text run at (0,714) width 20: "IIII"
          RenderBR {BR} at (20,728) size 0x0
          RenderText {#text} at (0,731) size 24x17
            text run at (0,731) width 24: "JJJJ"
          RenderBR {BR} at (24,745) size 0x0
          RenderText {#text} at (0,748) size 48x17
            text run at (0,748) width 48: "KKKK"
          RenderBR {BR} at (48,762) size 0x0
          RenderText {#text} at (0,765) size 40x17
            text run at (0,765) width 40: "LLLL"
          RenderBR {BR} at (40,779) size 0x0
          RenderText {#text} at (0,782) size 56x17
            text run at (0,782) width 56: "MMMM"
          RenderBR {BR} at (56,796) size 0x0
          RenderText {#text} at (0,799) size 48x17
            text run at (0,799) width 48: "NNNN"
          RenderBR {BR} at (48,813) size 0x0
          RenderText {#text} at (0,816) size 48x17
            text run at (0,816) width 48: "OOOO"
          RenderBR {BR} at (48,830) size 0x0
          RenderText {#text} at (0,833) size 36x17
            text run at (0,833) width 36: "PPPP"
          RenderBR {BR} at (36,847) size 0x0
          RenderText {#text} at (0,850) size 48x17
            text run at (0,850) width 48: "QQQQ"
          RenderBR {BR} at (48,864) size 0x0
          RenderText {#text} at (0,867) size 44x17
            text run at (0,867) width 44: "RRRR"
          RenderBR {BR} at (44,881) size 0x0
          RenderText {#text} at (0,884) size 36x17
            text run at (0,884) width 36: "SSSS"
          RenderBR {BR} at (36,898) size 0x0
          RenderText {#text} at (0,901) size 40x17
            text run at (0,901) width 40: "TTTT"
          RenderBR {BR} at (40,915) size 0x0
          RenderText {#text} at (0,918) size 48x17
            text run at (0,918) width 48: "UUUU"
          RenderBR {BR} at (48,932) size 0x0
          RenderText {#text} at (0,935) size 48x17
            text run at (0,935) width 48: "VVVV"
          RenderBR {BR} at (48,949) size 0x0
          RenderText {#text} at (0,952) size 60x17
            text run at (0,952) width 60: "WWWW"
          RenderBR {BR} at (60,966) size 0x0
          RenderText {#text} at (0,969) size 48x17
            text run at (0,969) width 48: "XXXX"
          RenderBR {BR} at (48,983) size 0x0
          RenderText {#text} at (0,986) size 48x17
            text run at (0,986) width 48: "YYYY"
          RenderBR {BR} at (48,1000) size 0x0
          RenderText {#text} at (0,1003) size 40x17
            text run at (0,1003) width 40: "ZZZZ"
          RenderBR {BR} at (40,1017) size 0x0
          RenderText {#text} at (0,1020) size 20x17
            text run at (0,1020) width 20: "[[[["
          RenderBR {BR} at (20,1034) size 0x0
          RenderText {#text} at (0,1037) size 16x17
            text run at (0,1037) width 16: "\\\\\\\\"
          RenderBR {BR} at (16,1051) size 0x0
          RenderText {#text} at (0,1054) size 20x17
            text run at (0,1054) width 20: "]]]]"
          RenderBR {BR} at (20,1068) size 0x0
          RenderText {#text} at (0,1071) size 32x17
            text run at (0,1071) width 32: "^^^^"
          RenderBR {BR} at (32,1085) size 0x0
          RenderText {#text} at (0,1088) size 32x17
            text run at (0,1088) width 32: "____"
          RenderBR {BR} at (32,1102) size 0x0
          RenderText {#text} at (0,1105) size 20x17
            text run at (0,1105) width 20: "````"
          RenderBR {BR} at (20,1119) size 0x0
          RenderText {#text} at (0,1122) size 28x17
            text run at (0,1122) width 28: "aaaa"
          RenderBR {BR} at (28,1136) size 0x0
          RenderText {#text} at (0,1139) size 32x17
            text run at (0,1139) width 32: "bbbb"
          RenderBR {BR} at (32,1153) size 0x0
          RenderText {#text} at (0,1156) size 28x17
            text run at (0,1156) width 28: "cccc"
          RenderBR {BR} at (28,1170) size 0x0
          RenderText {#text} at (0,1173) size 32x17
            text run at (0,1173) width 32: "dddd"
          RenderBR {BR} at (32,1187) size 0x0
          RenderText {#text} at (0,1190) size 28x17
            text run at (0,1190) width 28: "eeee"
          RenderBR {BR} at (28,1204) size 0x0
          RenderText {#text} at (0,1207) size 20x17
            text run at (0,1207) width 20: "ffff"
          RenderBR {BR} at (20,1221) size 0x0
          RenderText {#text} at (0,1224) size 32x17
            text run at (0,1224) width 32: "gggg"
          RenderBR {BR} at (32,1238) size 0x0
          RenderText {#text} at (0,1241) size 32x17
            text run at (0,1241) width 32: "hhhh"
          RenderBR {BR} at (32,1255) size 0x0
          RenderText {#text} at (0,1258) size 16x17
            text run at (0,1258) width 16: "iiii"
          RenderBR {BR} at (16,1272) size 0x0
          RenderText {#text} at (0,1275) size 16x17
            text run at (0,1275) width 16: "jjjj"
          RenderBR {BR} at (16,1289) size 0x0
          RenderText {#text} at (0,1292) size 32x17
            text run at (0,1292) width 32: "kkkk"
          RenderBR {BR} at (32,1306) size 0x0
          RenderText {#text} at (0,1309) size 16x17
            text run at (0,1309) width 16: "llll"
          RenderBR {BR} at (16,1323) size 0x0
          RenderText {#text} at (0,1326) size 48x17
            text run at (0,1326) width 48: "mmmm"
          RenderBR {BR} at (48,1340) size 0x0
          RenderText {#text} at (0,1343) size 32x17
            text run at (0,1343) width 32: "nnnn"
          RenderBR {BR} at (32,1357) size 0x0
          RenderText {#text} at (0,1360) size 32x17
            text run at (0,1360) width 32: "oooo"
          RenderBR {BR} at (32,1374) size 0x0
          RenderText {#text} at (0,1377) size 32x17
            text run at (0,1377) width 32: "pppp"
          RenderBR {BR} at (32,1391) size 0x0
          RenderText {#text} at (0,1394) size 32x17
            text run at (0,1394) width 32: "qqqq"
          RenderBR {BR} at (32,1408) size 0x0
          RenderText {#text} at (0,1411) size 20x17
            text run at (0,1411) width 20: "rrrr"
          RenderBR {BR} at (20,1425) size 0x0
          RenderText {#text} at (0,1428) size 24x17
            text run at (0,1428) width 24: "ssss"
          RenderBR {BR} at (24,1442) size 0x0
          RenderText {#text} at (0,1445) size 16x17
            text run at (0,1445) width 16: "tttt"
          RenderBR {BR} at (16,1459) size 0x0
          RenderText {#text} at (0,1462) size 32x17
            text run at (0,1462) width 32: "uuuu"
          RenderBR {BR} at (32,1476) size 0x0
          RenderText {#text} at (0,1479) size 32x17
            text run at (0,1479) width 32: "vvvv"
          RenderBR {BR} at (32,1493) size 0x0
          RenderText {#text} at (0,1496) size 48x17
            text run at (0,1496) width 48: "wwww"
          RenderBR {BR} at (48,1510) size 0x0
          RenderText {#text} at (0,1513) size 32x17
            text run at (0,1513) width 32: "xxxx"
          RenderBR {BR} at (32,1527) size 0x0
          RenderText {#text} at (0,1530) size 32x17
            text run at (0,1530) width 32: "yyyy"
          RenderBR {BR} at (32,1544) size 0x0
          RenderText {#text} at (0,1547) size 28x17
            text run at (0,1547) width 28: "zzzz"
          RenderBR {BR} at (28,1561) size 0x0
          RenderText {#text} at (0,1564) size 32x17
            text run at (0,1564) width 32: "{{{{"
          RenderBR {BR} at (32,1578) size 0x0
          RenderText {#text} at (0,1581) size 12x17
            text run at (0,1581) width 12: "||||"
          RenderBR {BR} at (12,1595) size 0x0
          RenderText {#text} at (0,1598) size 32x17
            text run at (0,1598) width 32: "}}}}"
          RenderBR {BR} at (32,1612) size 0x0
      RenderBlock {P} at (0,1664) size 769x1598
        RenderInline {FONT} at (0,0) size 64x1598
          RenderText {#text} at (0,0) size 0x0
          RenderInline {B} at (0,0) size 64x1598
            RenderText {#text} at (0,0) size 16x17
              text run at (0,0) width 16: "    "
            RenderBR {BR} at (16,14) size 0x0
            RenderText {#text} at (0,17) size 20x17
              text run at (0,17) width 20: "!!!!"
            RenderBR {BR} at (20,31) size 0x0
            RenderText {#text} at (0,34) size 36x17
              text run at (0,34) width 36: "\"\"\"\""
            RenderBR {BR} at (36,48) size 0x0
            RenderText {#text} at (0,51) size 32x17
              text run at (0,51) width 32: "####"
            RenderBR {BR} at (32,65) size 0x0
            RenderText {#text} at (0,68) size 32x17
              text run at (0,68) width 32: "$$$$"
            RenderBR {BR} at (32,82) size 0x0
            RenderText {#text} at (0,85) size 64x17
              text run at (0,85) width 64: "%%%%"
            RenderBR {BR} at (64,99) size 0x0
            RenderText {#text} at (0,102) size 52x17
              text run at (0,102) width 52: "&&&&"
            RenderBR {BR} at (52,116) size 0x0
            RenderText {#text} at (0,119) size 16x17
              text run at (0,119) width 16: "''''"
            RenderBR {BR} at (16,133) size 0x0
            RenderText {#text} at (0,136) size 20x17
              text run at (0,136) width 20: "(((("
            RenderBR {BR} at (20,150) size 0x0
            RenderText {#text} at (0,153) size 20x17
              text run at (0,153) width 20: "))))"
            RenderBR {BR} at (20,167) size 0x0
            RenderText {#text} at (0,170) size 32x17
              text run at (0,170) width 32: "****"
            RenderBR {BR} at (32,184) size 0x0
            RenderText {#text} at (0,187) size 36x17
              text run at (0,187) width 36: "++++"
            RenderBR {BR} at (36,201) size 0x0
            RenderText {#text} at (0,204) size 16x17
              text run at (0,204) width 16: ",,,,"
            RenderBR {BR} at (16,218) size 0x0
            RenderText {#text} at (0,221) size 20x17
              text run at (0,221) width 20: "----"
            RenderBR {BR} at (20,235) size 0x0
            RenderText {#text} at (0,238) size 16x17
              text run at (0,238) width 16: "...."
            RenderBR {BR} at (16,252) size 0x0
            RenderText {#text} at (0,255) size 16x17
              text run at (0,255) width 16: "////"
            RenderBR {BR} at (16,269) size 0x0
            RenderText {#text} at (0,272) size 32x17
              text run at (0,272) width 32: "0000"
            RenderBR {BR} at (32,286) size 0x0
            RenderText {#text} at (0,289) size 32x17
              text run at (0,289) width 32: "1111"
            RenderBR {BR} at (32,303) size 0x0
            RenderText {#text} at (0,306) size 32x17
              text run at (0,306) width 32: "2222"
            RenderBR {BR} at (32,320) size 0x0
            RenderText {#text} at (0,323) size 32x17
              text run at (0,323) width 32: "3333"
            RenderBR {BR} at (32,337) size 0x0
            RenderText {#text} at (0,340) size 32x17
              text run at (0,340) width 32: "4444"
            RenderBR {BR} at (32,354) size 0x0
            RenderText {#text} at (0,357) size 32x17
              text run at (0,357) width 32: "5555"
            RenderBR {BR} at (32,371) size 0x0
            RenderText {#text} at (0,374) size 32x17
              text run at (0,374) width 32: "6666"
            RenderBR {BR} at (32,388) size 0x0
            RenderText {#text} at (0,391) size 32x17
              text run at (0,391) width 32: "7777"
            RenderBR {BR} at (32,405) size 0x0
            RenderText {#text} at (0,408) size 32x17
              text run at (0,408) width 32: "8888"
            RenderBR {BR} at (32,422) size 0x0
            RenderText {#text} at (0,425) size 32x17
              text run at (0,425) width 32: "9999"
            RenderBR {BR} at (32,439) size 0x0
            RenderText {#text} at (0,442) size 20x17
              text run at (0,442) width 20: "::::"
            RenderBR {BR} at (20,456) size 0x0
            RenderText {#text} at (0,459) size 20x17
              text run at (0,459) width 20: ";;;;"
            RenderBR {BR} at (20,473) size 0x0
            RenderText {#text} at (0,476) size 36x17
              text run at (0,476) width 36: "<<<<"
            RenderBR {BR} at (36,490) size 0x0
            RenderText {#text} at (0,493) size 36x17
              text run at (0,493) width 36: "===="
            RenderBR {BR} at (36,507) size 0x0
            RenderText {#text} at (0,510) size 36x17
              text run at (0,510) width 36: ">>>>"
            RenderBR {BR} at (36,524) size 0x0
            RenderText {#text} at (0,527) size 32x17
              text run at (0,527) width 32: "????"
            RenderBR {BR} at (32,541) size 0x0
            RenderText {#text} at (0,544) size 60x17
              text run at (0,544) width 60: "@@@@"
            RenderBR {BR} at (60,558) size 0x0
            RenderText {#text} at (0,561) size 48x17
              text run at (0,561) width 48: "AAAA"
            RenderBR {BR} at (48,575) size 0x0
            RenderText {#text} at (0,578) size 44x17
              text run at (0,578) width 44: "BBBB"
            RenderBR {BR} at (44,592) size 0x0
            RenderText {#text} at (0,595) size 48x17
              text run at (0,595) width 48: "CCCC"
            RenderBR {BR} at (48,609) size 0x0
            RenderText {#text} at (0,612) size 48x17
              text run at (0,612) width 48: "DDDD"
            RenderBR {BR} at (48,626) size 0x0
            RenderText {#text} at (0,629) size 44x17
              text run at (0,629) width 44: "EEEE"
            RenderBR {BR} at (44,643) size 0x0
            RenderText {#text} at (0,646) size 40x17
              text run at (0,646) width 40: "FFFF"
            RenderBR {BR} at (40,660) size 0x0
            RenderText {#text} at (0,663) size 48x17
              text run at (0,663) width 48: "GGGG"
            RenderBR {BR} at (48,677) size 0x0
            RenderText {#text} at (0,680) size 48x17
              text run at (0,680) width 48: "HHHH"
            RenderBR {BR} at (48,694) size 0x0
            RenderText {#text} at (0,697) size 24x17
              text run at (0,697) width 24: "IIII"
            RenderBR {BR} at (24,711) size 0x0
            RenderText {#text} at (0,714) size 32x17
              text run at (0,714) width 32: "JJJJ"
            RenderBR {BR} at (32,728) size 0x0
            RenderText {#text} at (0,731) size 48x17
              text run at (0,731) width 48: "KKKK"
            RenderBR {BR} at (48,745) size 0x0
            RenderText {#text} at (0,748) size 44x17
              text run at (0,748) width 44: "LLLL"
            RenderBR {BR} at (44,762) size 0x0
            RenderText {#text} at (0,765) size 60x17
              text run at (0,765) width 60: "MMMM"
            RenderBR {BR} at (60,779) size 0x0
            RenderText {#text} at (0,782) size 48x17
              text run at (0,782) width 48: "NNNN"
            RenderBR {BR} at (48,796) size 0x0
            RenderText {#text} at (0,799) size 48x17
              text run at (0,799) width 48: "OOOO"
            RenderBR {BR} at (48,813) size 0x0
            RenderText {#text} at (0,816) size 40x17
              text run at (0,816) width 40: "PPPP"
            RenderBR {BR} at (40,830) size 0x0
            RenderText {#text} at (0,833) size 48x17
              text run at (0,833) width 48: "QQQQ"
            RenderBR {BR} at (48,847) size 0x0
            RenderText {#text} at (0,850) size 48x17
              text run at (0,850) width 48: "RRRR"
            RenderBR {BR} at (48,864) size 0x0
            RenderText {#text} at (0,867) size 36x17
              text run at (0,867) width 36: "SSSS"
            RenderBR {BR} at (36,881) size 0x0
            RenderText {#text} at (0,884) size 44x17
              text run at (0,884) width 44: "TTTT"
            RenderBR {BR} at (44,898) size 0x0
            RenderText {#text} at (0,901) size 48x17
              text run at (0,901) width 48: "UUUU"
            RenderBR {BR} at (48,915) size 0x0
            RenderText {#text} at (0,918) size 48x17
              text run at (0,918) width 48: "VVVV"
            RenderBR {BR} at (48,932) size 0x0
            RenderText {#text} at (0,935) size 64x17
              text run at (0,935) width 64: "WWWW"
            RenderBR {BR} at (64,949) size 0x0
            RenderText {#text} at (0,952) size 48x17
              text run at (0,952) width 48: "XXXX"
            RenderBR {BR} at (48,966) size 0x0
            RenderText {#text} at (0,969) size 48x17
              text run at (0,969) width 48: "YYYY"
            RenderBR {BR} at (48,983) size 0x0
            RenderText {#text} at (0,986) size 44x17
              text run at (0,986) width 44: "ZZZZ"
            RenderBR {BR} at (44,1000) size 0x0
            RenderText {#text} at (0,1003) size 20x17
              text run at (0,1003) width 20: "[[[["
            RenderBR {BR} at (20,1017) size 0x0
            RenderText {#text} at (0,1020) size 16x17
              text run at (0,1020) width 16: "\\\\\\\\"
            RenderBR {BR} at (16,1034) size 0x0
            RenderText {#text} at (0,1037) size 20x17
              text run at (0,1037) width 20: "]]]]"
            RenderBR {BR} at (20,1051) size 0x0
            RenderText {#text} at (0,1054) size 36x17
              text run at (0,1054) width 36: "^^^^"
            RenderBR {BR} at (36,1068) size 0x0
            RenderText {#text} at (0,1071) size 32x17
              text run at (0,1071) width 32: "____"
            RenderBR {BR} at (32,1085) size 0x0
            RenderText {#text} at (0,1088) size 20x17
              text run at (0,1088) width 20: "````"
            RenderBR {BR} at (20,1102) size 0x0
            RenderText {#text} at (0,1105) size 32x17
              text run at (0,1105) width 32: "aaaa"
            RenderBR {BR} at (32,1119) size 0x0
            RenderText {#text} at (0,1122) size 36x17
              text run at (0,1122) width 36: "bbbb"
            RenderBR {BR} at (36,1136) size 0x0
            RenderText {#text} at (0,1139) size 28x17
              text run at (0,1139) width 28: "cccc"
            RenderBR {BR} at (28,1153) size 0x0
            RenderText {#text} at (0,1156) size 36x17
              text run at (0,1156) width 36: "dddd"
            RenderBR {BR} at (36,1170) size 0x0
            RenderText {#text} at (0,1173) size 28x17
              text run at (0,1173) width 28: "eeee"
            RenderBR {BR} at (28,1187) size 0x0
            RenderText {#text} at (0,1190) size 20x17
              text run at (0,1190) width 20: "ffff"
            RenderBR {BR} at (20,1204) size 0x0
            RenderText {#text} at (0,1207) size 32x17
              text run at (0,1207) width 32: "gggg"
            RenderBR {BR} at (32,1221) size 0x0
            RenderText {#text} at (0,1224) size 36x17
              text run at (0,1224) width 36: "hhhh"
            RenderBR {BR} at (36,1238) size 0x0
            RenderText {#text} at (0,1241) size 16x17
              text run at (0,1241) width 16: "iiii"
            RenderBR {BR} at (16,1255) size 0x0
            RenderText {#text} at (0,1258) size 20x17
              text run at (0,1258) width 20: "jjjj"
            RenderBR {BR} at (20,1272) size 0x0
            RenderText {#text} at (0,1275) size 36x17
              text run at (0,1275) width 36: "kkkk"
            RenderBR {BR} at (36,1289) size 0x0
            RenderText {#text} at (0,1292) size 16x17
              text run at (0,1292) width 16: "llll"
            RenderBR {BR} at (16,1306) size 0x0
            RenderText {#text} at (0,1309) size 52x17
              text run at (0,1309) width 52: "mmmm"
            RenderBR {BR} at (52,1323) size 0x0
            RenderText {#text} at (0,1326) size 36x17
              text run at (0,1326) width 36: "nnnn"
            RenderBR {BR} at (36,1340) size 0x0
            RenderText {#text} at (0,1343) size 32x17
              text run at (0,1343) width 32: "oooo"
            RenderBR {BR} at (32,1357) size 0x0
            RenderText {#text} at (0,1360) size 36x17
              text run at (0,1360) width 36: "pppp"
            RenderBR {BR} at (36,1374) size 0x0
            RenderText {#text} at (0,1377) size 36x17
              text run at (0,1377) width 36: "qqqq"
            RenderBR {BR} at (36,1391) size 0x0
            RenderText {#text} at (0,1394) size 28x17
              text run at (0,1394) width 28: "rrrr"
            RenderBR {BR} at (28,1408) size 0x0
            RenderText {#text} at (0,1411) size 24x17
              text run at (0,1411) width 24: "ssss"
            RenderBR {BR} at (24,1425) size 0x0
            RenderText {#text} at (0,1428) size 20x17
              text run at (0,1428) width 20: "tttt"
            RenderBR {BR} at (20,1442) size 0x0
            RenderText {#text} at (0,1445) size 36x17
              text run at (0,1445) width 36: "uuuu"
            RenderBR {BR} at (36,1459) size 0x0
            RenderText {#text} at (0,1462) size 32x17
              text run at (0,1462) width 32: "vvvv"
            RenderBR {BR} at (32,1476) size 0x0
            RenderText {#text} at (0,1479) size 48x17
              text run at (0,1479) width 48: "wwww"
            RenderBR {BR} at (48,1493) size 0x0
            RenderText {#text} at (0,1496) size 32x17
              text run at (0,1496) width 32: "xxxx"
            RenderBR {BR} at (32,1510) size 0x0
            RenderText {#text} at (0,1513) size 32x17
              text run at (0,1513) width 32: "yyyy"
            RenderBR {BR} at (32,1527) size 0x0
            RenderText {#text} at (0,1530) size 28x17
              text run at (0,1530) width 28: "zzzz"
            RenderBR {BR} at (28,1544) size 0x0
            RenderText {#text} at (0,1547) size 24x17
              text run at (0,1547) width 24: "{{{{"
            RenderBR {BR} at (24,1561) size 0x0
            RenderText {#text} at (0,1564) size 16x17
              text run at (0,1564) width 16: "||||"
            RenderBR {BR} at (16,1578) size 0x0
            RenderText {#text} at (0,1581) size 24x17
              text run at (0,1581) width 24: "}}}}"
            RenderBR {BR} at (24,1595) size 0x0
          RenderText {#text} at (0,0) size 0x0
      RenderBlock {P} at (0,3278) size 769x1598
        RenderInline {FONT} at (0,0) size 60x1598
          RenderText {#text} at (0,0) size 0x0
          RenderInline {I} at (0,0) size 60x1598
            RenderText {#text} at (0,0) size 16x17
              text run at (0,0) width 16: "    "
            RenderBR {BR} at (16,14) size 0x0
            RenderText {#text} at (0,17) size 20x17
              text run at (0,17) width 20: "!!!!"
            RenderBR {BR} at (20,31) size 0x0
            RenderText {#text} at (0,34) size 28x17
              text run at (0,34) width 28: "\"\"\"\""
            RenderBR {BR} at (28,48) size 0x0
            RenderText {#text} at (0,51) size 32x17
              text run at (0,51) width 32: "####"
            RenderBR {BR} at (32,65) size 0x0
            RenderText {#text} at (0,68) size 32x17
              text run at (0,68) width 32: "$$$$"
            RenderBR {BR} at (32,82) size 0x0
            RenderText {#text} at (0,85) size 52x17
              text run at (0,85) width 52: "%%%%"
            RenderBR {BR} at (52,99) size 0x0
            RenderText {#text} at (0,102) size 48x17
              text run at (0,102) width 48: "&&&&"
            RenderBR {BR} at (48,116) size 0x0
            RenderText {#text} at (0,119) size 12x17
              text run at (0,119) width 12: "''''"
            RenderBR {BR} at (12,133) size 0x0
            RenderText {#text} at (0,136) size 20x17
              text run at (0,136) width 20: "(((("
            RenderBR {BR} at (20,150) size 0x0
            RenderText {#text} at (0,153) size 20x17
              text run at (0,153) width 20: "))))"
            RenderBR {BR} at (20,167) size 0x0
            RenderText {#text} at (0,170) size 32x17
              text run at (0,170) width 32: "****"
            RenderBR {BR} at (32,184) size 0x0
            RenderText {#text} at (0,187) size 44x17
              text run at (0,187) width 44: "++++"
            RenderBR {BR} at (44,201) size 0x0
            RenderText {#text} at (0,204) size 16x17
              text run at (0,204) width 16: ",,,,"
            RenderBR {BR} at (16,218) size 0x0
            RenderText {#text} at (0,221) size 20x17
              text run at (0,221) width 20: "----"
            RenderBR {BR} at (20,235) size 0x0
            RenderText {#text} at (0,238) size 16x17
              text run at (0,238) width 16: "...."
            RenderBR {BR} at (16,252) size 0x0
            RenderText {#text} at (0,255) size 16x17
              text run at (0,255) width 16: "////"
            RenderBR {BR} at (16,269) size 0x0
            RenderText {#text} at (0,272) size 32x17
              text run at (0,272) width 32: "0000"
            RenderBR {BR} at (32,286) size 0x0
            RenderText {#text} at (0,289) size 32x17
              text run at (0,289) width 32: "1111"
            RenderBR {BR} at (32,303) size 0x0
            RenderText {#text} at (0,306) size 32x17
              text run at (0,306) width 32: "2222"
            RenderBR {BR} at (32,320) size 0x0
            RenderText {#text} at (0,323) size 32x17
              text run at (0,323) width 32: "3333"
            RenderBR {BR} at (32,337) size 0x0
            RenderText {#text} at (0,340) size 32x17
              text run at (0,340) width 32: "4444"
            RenderBR {BR} at (32,354) size 0x0
            RenderText {#text} at (0,357) size 32x17
              text run at (0,357) width 32: "5555"
            RenderBR {BR} at (32,371) size 0x0
            RenderText {#text} at (0,374) size 32x17
              text run at (0,374) width 32: "6666"
            RenderBR {BR} at (32,388) size 0x0
            RenderText {#text} at (0,391) size 32x17
              text run at (0,391) width 32: "7777"
            RenderBR {BR} at (32,405) size 0x0
            RenderText {#text} at (0,408) size 32x17
              text run at (0,408) width 32: "8888"
            RenderBR {BR} at (32,422) size 0x0
            RenderText {#text} at (0,425) size 32x17
              text run at (0,425) width 32: "9999"
            RenderBR {BR} at (32,439) size 0x0
            RenderText {#text} at (0,442) size 20x17
              text run at (0,442) width 20: "::::"
            RenderBR {BR} at (20,456) size 0x0
            RenderText {#text} at (0,459) size 20x17
              text run at (0,459) width 20: ";;;;"
            RenderBR {BR} at (20,473) size 0x0
            RenderText {#text} at (0,476) size 44x17
              text run at (0,476) width 44: "<<<<"
            RenderBR {BR} at (44,490) size 0x0
            RenderText {#text} at (0,493) size 44x17
              text run at (0,493) width 44: "===="
            RenderBR {BR} at (44,507) size 0x0
            RenderText {#text} at (0,510) size 44x17
              text run at (0,510) width 44: ">>>>"
            RenderBR {BR} at (44,524) size 0x0
            RenderText {#text} at (0,527) size 32x17
              text run at (0,527) width 32: "????"
            RenderBR {BR} at (32,541) size 0x0
            RenderText {#text} at (0,544) size 60x17
              text run at (0,544) width 60: "@@@@"
            RenderBR {BR} at (60,558) size 0x0
            RenderText {#text} at (0,561) size 40x17
              text run at (0,561) width 40: "AAAA"
            RenderBR {BR} at (40,575) size 0x0
            RenderText {#text} at (0,578) size 40x17
              text run at (0,578) width 40: "BBBB"
            RenderBR {BR} at (40,592) size 0x0
            RenderText {#text} at (0,595) size 44x17
              text run at (0,595) width 44: "CCCC"
            RenderBR {BR} at (44,609) size 0x0
            RenderText {#text} at (0,612) size 48x17
              text run at (0,612) width 48: "DDDD"
            RenderBR {BR} at (48,626) size 0x0
            RenderText {#text} at (0,629) size 40x17
              text run at (0,629) width 40: "EEEE"
            RenderBR {BR} at (40,643) size 0x0
            RenderText {#text} at (0,646) size 40x17
              text run at (0,646) width 40: "FFFF"
            RenderBR {BR} at (40,660) size 0x0
            RenderText {#text} at (0,663) size 48x17
              text run at (0,663) width 48: "GGGG"
            RenderBR {BR} at (48,677) size 0x0
            RenderText {#text} at (0,680) size 48x17
              text run at (0,680) width 48: "HHHH"
            RenderBR {BR} at (48,694) size 0x0
            RenderText {#text} at (0,697) size 20x17
              text run at (0,697) width 20: "IIII"
            RenderBR {BR} at (20,711) size 0x0
            RenderText {#text} at (0,714) size 28x17
              text run at (0,714) width 28: "JJJJ"
            RenderBR {BR} at (28,728) size 0x0
            RenderText {#text} at (0,731) size 44x17
              text run at (0,731) width 44: "KKKK"
            RenderBR {BR} at (44,745) size 0x0
            RenderText {#text} at (0,748) size 36x17
              text run at (0,748) width 36: "LLLL"
            RenderBR {BR} at (36,762) size 0x0
            RenderText {#text} at (0,765) size 52x17
              text run at (0,765) width 52: "MMMM"
            RenderBR {BR} at (52,779) size 0x0
            RenderText {#text} at (0,782) size 44x17
              text run at (0,782) width 44: "NNNN"
            RenderBR {BR} at (44,796) size 0x0
            RenderText {#text} at (0,799) size 48x17
              text run at (0,799) width 48: "OOOO"
            RenderBR {BR} at (48,813) size 0x0
            RenderText {#text} at (0,816) size 40x17
              text run at (0,816) width 40: "PPPP"
            RenderBR {BR} at (40,830) size 0x0
            RenderText {#text} at (0,833) size 48x17
              text run at (0,833) width 48: "QQQQ"
            RenderBR {BR} at (48,847) size 0x0
            RenderText {#text} at (0,850) size 40x17
              text run at (0,850) width 40: "RRRR"
            RenderBR {BR} at (40,864) size 0x0
            RenderText {#text} at (0,867) size 32x17
              text run at (0,867) width 32: "SSSS"
            RenderBR {BR} at (32,881) size 0x0
            RenderText {#text} at (0,884) size 36x17
              text run at (0,884) width 36: "TTTT"
            RenderBR {BR} at (36,898) size 0x0
            RenderText {#text} at (0,901) size 48x17
              text run at (0,901) width 48: "UUUU"
            RenderBR {BR} at (48,915) size 0x0
            RenderText {#text} at (0,918) size 40x17
              text run at (0,918) width 40: "VVVV"
            RenderBR {BR} at (40,932) size 0x0
            RenderText {#text} at (0,935) size 52x17
              text run at (0,935) width 52: "WWWW"
            RenderBR {BR} at (52,949) size 0x0
            RenderText {#text} at (0,952) size 40x17
              text run at (0,952) width 40: "XXXX"
            RenderBR {BR} at (40,966) size 0x0
            RenderText {#text} at (0,969) size 36x17
              text run at (0,969) width 36: "YYYY"
            RenderBR {BR} at (36,983) size 0x0
            RenderText {#text} at (0,986) size 36x17
              text run at (0,986) width 36: "ZZZZ"
            RenderBR {BR} at (36,1000) size 0x0
            RenderText {#text} at (0,1003) size 24x17
              text run at (0,1003) width 24: "[[[["
            RenderBR {BR} at (24,1017) size 0x0
            RenderText {#text} at (0,1020) size 16x17
              text run at (0,1020) width 16: "\\\\\\\\"
            RenderBR {BR} at (16,1034) size 0x0
            RenderText {#text} at (0,1037) size 24x17
              text run at (0,1037) width 24: "]]]]"
            RenderBR {BR} at (24,1051) size 0x0
            RenderText {#text} at (0,1054) size 28x17
              text run at (0,1054) width 28: "^^^^"
            RenderBR {BR} at (28,1068) size 0x0
            RenderText {#text} at (0,1071) size 32x17
              text run at (0,1071) width 32: "____"
            RenderBR {BR} at (32,1085) size 0x0
            RenderText {#text} at (0,1088) size 20x17
              text run at (0,1088) width 20: "````"
            RenderBR {BR} at (20,1102) size 0x0
            RenderText {#text} at (0,1105) size 32x17
              text run at (0,1105) width 32: "aaaa"
            RenderBR {BR} at (32,1119) size 0x0
            RenderText {#text} at (0,1122) size 32x17
              text run at (0,1122) width 32: "bbbb"
            RenderBR {BR} at (32,1136) size 0x0
            RenderText {#text} at (0,1139) size 28x17
              text run at (0,1139) width 28: "cccc"
            RenderBR {BR} at (28,1153) size 0x0
            RenderText {#text} at (0,1156) size 32x17
              text run at (0,1156) width 32: "dddd"
            RenderBR {BR} at (32,1170) size 0x0
            RenderText {#text} at (0,1173) size 28x17
              text run at (0,1173) width 28: "eeee"
            RenderBR {BR} at (28,1187) size 0x0
            RenderText {#text} at (0,1190) size 16x17
              text run at (0,1190) width 16: "ffff"
            RenderBR {BR} at (16,1204) size 0x0
            RenderText {#text} at (0,1207) size 32x17
              text run at (0,1207) width 32: "gggg"
            RenderBR {BR} at (32,1221) size 0x0
            RenderText {#text} at (0,1224) size 32x17
              text run at (0,1224) width 32: "hhhh"
            RenderBR {BR} at (32,1238) size 0x0
            RenderText {#text} at (0,1241) size 16x17
              text run at (0,1241) width 16: "iiii"
            RenderBR {BR} at (16,1255) size 0x0
            RenderText {#text} at (0,1258) size 16x17
              text run at (0,1258) width 16: "jjjj"
            RenderBR {BR} at (16,1272) size 0x0
            RenderText {#text} at (0,1275) size 28x17
              text run at (0,1275) width 28: "kkkk"
            RenderBR {BR} at (28,1289) size 0x0
            RenderText {#text} at (0,1292) size 16x17
              text run at (0,1292) width 16: "llll"
            RenderBR {BR} at (16,1306) size 0x0
            RenderText {#text} at (0,1309) size 48x17
              text run at (0,1309) width 48: "mmmm"
            RenderBR {BR} at (48,1323) size 0x0
            RenderText {#text} at (0,1326) size 32x17
              text run at (0,1326) width 32: "nnnn"
            RenderBR {BR} at (32,1340) size 0x0
            RenderText {#text} at (0,1343) size 32x17
              text run at (0,1343) width 32: "oooo"
            RenderBR {BR} at (32,1357) size 0x0
            RenderText {#text} at (0,1360) size 32x17
              text run at (0,1360) width 32: "pppp"
            RenderBR {BR} at (32,1374) size 0x0
            RenderText {#text} at (0,1377) size 32x17
              text run at (0,1377) width 32: "qqqq"
            RenderBR {BR} at (32,1391) size 0x0
            RenderText {#text} at (0,1394) size 24x17
              text run at (0,1394) width 24: "rrrr"
            RenderBR {BR} at (24,1408) size 0x0
            RenderText {#text} at (0,1411) size 24x17
              text run at (0,1411) width 24: "ssss"
            RenderBR {BR} at (24,1425) size 0x0
            RenderText {#text} at (0,1428) size 16x17
              text run at (0,1428) width 16: "tttt"
            RenderBR {BR} at (16,1442) size 0x0
            RenderText {#text} at (0,1445) size 32x17
              text run at (0,1445) width 32: "uuuu"
            RenderBR {BR} at (32,1459) size 0x0
            RenderText {#text} at (0,1462) size 28x17
              text run at (0,1462) width 28: "vvvv"
            RenderBR {BR} at (28,1476) size 0x0
            RenderText {#text} at (0,1479) size 44x17
              text run at (0,1479) width 44: "wwww"
            RenderBR {BR} at (44,1493) size 0x0
            RenderText {#text} at (0,1496) size 28x17
              text run at (0,1496) width 28: "xxxx"
            RenderBR {BR} at (28,1510) size 0x0
            RenderText {#text} at (0,1513) size 28x17
              text run at (0,1513) width 28: "yyyy"
            RenderBR {BR} at (28,1527) size 0x0
            RenderText {#text} at (0,1530) size 24x17
              text run at (0,1530) width 24: "zzzz"
            RenderBR {BR} at (24,1544) size 0x0
            RenderText {#text} at (0,1547) size 24x17
              text run at (0,1547) width 24: "{{{{"
            RenderBR {BR} at (24,1561) size 0x0
            RenderText {#text} at (0,1564) size 16x17
              text run at (0,1564) width 16: "||||"
            RenderBR {BR} at (16,1578) size 0x0
            RenderText {#text} at (0,1581) size 24x17
              text run at (0,1581) width 24: "}}}}"
            RenderBR {BR} at (24,1595) size 0x0
          RenderText {#text} at (0,0) size 0x0
        RenderText {#text} at (0,0) size 0x0
