layer at (0,0) size 785x5305
  RenderView at (0,0) size 785x600
layer at (0,0) size 785x5305
  RenderBlock {HTML} at (0,0) size 785x5305
    RenderBody {BODY} at (8,8) size 769x5281
      RenderBlock (anonymous) at (0,0) size 769x17
        RenderText {#text} at (0,0) size 339x17
          text run at (0,0) width 339: "This tests font choices and metrics for sans-serif fonts."
      RenderBlock {P} at (0,33) size 769x119
        RenderInline {FONT} at (0,0) size 769x119
          RenderText {#text} at (0,0) size 67x17
            text run at (0,0) width 67: "Helvetica"
          RenderBR {BR} at (67,14) size 0x0
          RenderText {#text} at (0,17) size 756x34
            text run at (0,17) width 756: "  ! \" # $ % & ' ( ) * + , - . / 0 1 2 3 4 5 6 7 8 9 : ; < = > ? @ A B C D E F G H I J K L M N O P Q R S T U V W X Y"
            text run at (0,34) width 420: "Z [ \\ ] ^ _ ` a b c d e f g h i j k l m n o p q r s t u v w x y z { | } > "
          RenderBR {BR} at (420,48) size 0x0
          RenderInline {B} at (0,0) size 769x34
            RenderText {#text} at (0,51) size 769x34
              text run at (0,51) width 769: "  ! \" # $ % & ' ( ) * + , - . / 0 1 2 3 4 5 6 7 8 9 : ; < = > ? @ A B C D E F G H I J K L M N O P Q R S T U V W X Y"
              text run at (0,68) width 444: "Z [ \\ ] ^ _ ` a b c d e f g h i j k l m n o p q r s t u v w x y z { | } > "
          RenderText {#text} at (0,0) size 0x0
          RenderBR {BR} at (0,0) size 0x0
          RenderInline {I} at (0,0) size 756x34
            RenderText {#text} at (0,85) size 756x34
              text run at (0,85) width 756: "  ! \" # $ % & ' ( ) * + , - . / 0 1 2 3 4 5 6 7 8 9 : ; < = > ? @ A B C D E F G H I J K L M N O P Q R S T U V W X Y"
              text run at (0,102) width 416: "Z [ \\ ] ^ _ ` a b c d e f g h i j k l m n o p q r s t u v w x y z { | } >"
          RenderText {#text} at (0,0) size 0x0
        RenderText {#text} at (0,0) size 0x0
      RenderBlock {P} at (0,168) size 769x119
        RenderInline {FONT} at (0,0) size 769x119
          RenderText {#text} at (0,0) size 105x17
            text run at (0,0) width 105: "Lucida Grande"
          RenderBR {BR} at (105,14) size 0x0
          RenderText {#text} at (0,17) size 756x34
            text run at (0,17) width 756: "  ! \" # $ % & ' ( ) * + , - . / 0 1 2 3 4 5 6 7 8 9 : ; < = > ? @ A B C D E F G H I J K L M N O P Q R S T U V W X Y"
            text run at (0,34) width 420: "Z [ \\ ] ^ _ ` a b c d e f g h i j k l m n o p q r s t u v w x y z { | } > "
          RenderBR {BR} at (420,48) size 0x0
          RenderInline {B} at (0,0) size 769x34
            RenderText {#text} at (0,51) size 769x34
              text run at (0,51) width 769: "  ! \" # $ % & ' ( ) * + , - . / 0 1 2 3 4 5 6 7 8 9 : ; < = > ? @ A B C D E F G H I J K L M N O P Q R S T U V W X Y"
              text run at (0,68) width 444: "Z [ \\ ] ^ _ ` a b c d e f g h i j k l m n o p q r s t u v w x y z { | } > "
          RenderText {#text} at (0,0) size 0x0
          RenderBR {BR} at (0,0) size 0x0
          RenderInline {I} at (0,0) size 756x34
            RenderText {#text} at (0,85) size 756x34
              text run at (0,85) width 756: "  ! \" # $ % & ' ( ) * + , - . / 0 1 2 3 4 5 6 7 8 9 : ; < = > ? @ A B C D E F G H I J K L M N O P Q R S T U V W X Y"
              text run at (0,102) width 416: "Z [ \\ ] ^ _ ` a b c d e f g h i j k l m n o p q r s t u v w x y z { | } >"
          RenderText {#text} at (0,0) size 0x0
        RenderText {#text} at (0,0) size 0x0
      RenderBlock {P} at (0,303) size 769x119
        RenderInline {FONT} at (0,0) size 769x119
          RenderText {#text} at (0,0) size 33x17
            text run at (0,0) width 33: "Arial"
          RenderBR {BR} at (33,14) size 0x0
          RenderText {#text} at (0,17) size 756x34
            text run at (0,17) width 756: "  ! \" # $ % & ' ( ) * + , - . / 0 1 2 3 4 5 6 7 8 9 : ; < = > ? @ A B C D E F G H I J K L M N O P Q R S T U V W X Y"
            text run at (0,34) width 420: "Z [ \\ ] ^ _ ` a b c d e f g h i j k l m n o p q r s t u v w x y z { | } > "
          RenderBR {BR} at (420,48) size 0x0
          RenderInline {B} at (0,0) size 769x34
            RenderText {#text} at (0,51) size 769x34
              text run at (0,51) width 769: "  ! \" # $ % & ' ( ) * + , - . / 0 1 2 3 4 5 6 7 8 9 : ; < = > ? @ A B C D E F G H I J K L M N O P Q R S T U V W X Y"
              text run at (0,68) width 444: "Z [ \\ ] ^ _ ` a b c d e f g h i j k l m n o p q r s t u v w x y z { | } > "
          RenderText {#text} at (0,0) size 0x0
          RenderBR {BR} at (0,0) size 0x0
          RenderInline {I} at (0,0) size 756x34
            RenderText {#text} at (0,85) size 756x34
              text run at (0,85) width 756: "  ! \" # $ % & ' ( ) * + , - . / 0 1 2 3 4 5 6 7 8 9 : ; < = > ? @ A B C D E F G H I J K L M N O P Q R S T U V W X Y"
              text run at (0,102) width 416: "Z [ \\ ] ^ _ ` a b c d e f g h i j k l m n o p q r s t u v w x y z { | } >"
          RenderText {#text} at (0,0) size 0x0
          RenderInline {FONT} at (0,0) size 0x0
            RenderText {#text} at (0,0) size 0x0
      RenderBlock {P} at (0,438) size 769x1615
        RenderInline {FONT} at (0,0) size 69x1615
          RenderInline {FONT} at (0,0) size 69x1615
            RenderText {#text} at (0,0) size 0x0
            RenderInline {FONT} at (0,0) size 69x1615
              RenderText {#text} at (0,0) size 69x17
                text run at (0,0) width 69: "sans-serif"
              RenderBR {BR} at (69,14) size 0x0
              RenderText {#text} at (0,17) size 16x17
                text run at (0,17) width 16: "    "
              RenderBR {BR} at (16,31) size 0x0
              RenderText {#text} at (0,34) size 16x17
                text run at (0,34) width 16: "!!!!"
              RenderBR {BR} at (16,48) size 0x0
              RenderText {#text} at (0,51) size 24x17
                text run at (0,51) width 24: "\"\"\"\""
              RenderBR {BR} at (24,65) size 0x0
              RenderText {#text} at (0,68) size 36x17
                text run at (0,68) width 36: "####"
              RenderBR {BR} at (36,82) size 0x0
              RenderText {#text} at (0,85) size 36x17
                text run at (0,85) width 36: "$$$$"
              RenderBR {BR} at (36,99) size 0x0
              RenderText {#text} at (0,102) size 56x17
                text run at (0,102) width 56: "%%%%"
              RenderBR {BR} at (56,116) size 0x0
              RenderText {#text} at (0,119) size 44x17
                text run at (0,119) width 44: "&&&&"
              RenderBR {BR} at (44,133) size 0x0
              RenderText {#text} at (0,136) size 12x17
                text run at (0,136) width 12: "''''"
              RenderBR {BR} at (12,150) size 0x0
              RenderText {#text} at (0,153) size 20x17
                text run at (0,153) width 20: "(((("
              RenderBR {BR} at (20,167) size 0x0
              RenderText {#text} at (0,170) size 20x17
                text run at (0,170) width 20: "))))"
              RenderBR {BR} at (20,184) size 0x0
              RenderText {#text} at (0,187) size 24x17
                text run at (0,187) width 24: "****"
              RenderBR {BR} at (24,201) size 0x0
              RenderText {#text} at (0,204) size 36x17
                text run at (0,204) width 36: "++++"
              RenderBR {BR} at (36,218) size 0x0
              RenderText {#text} at (0,221) size 16x17
                text run at (0,221) width 16: ",,,,"
              RenderBR {BR} at (16,235) size 0x0
              RenderText {#text} at (0,238) size 20x17
                text run at (0,238) width 20: "----"
              RenderBR {BR} at (20,252) size 0x0
              RenderText {#text} at (0,255) size 16x17
                text run at (0,255) width 16: "...."
              RenderBR {BR} at (16,269) size 0x0
              RenderText {#text} at (0,272) size 16x17
                text run at (0,272) width 16: "////"
              RenderBR {BR} at (16,286) size 0x0
              RenderText {#text} at (0,289) size 36x17
                text run at (0,289) width 36: "0000"
              RenderBR {BR} at (36,303) size 0x0
              RenderText {#text} at (0,306) size 36x17
                text run at (0,306) width 36: "1111"
              RenderBR {BR} at (36,320) size 0x0
              RenderText {#text} at (0,323) size 36x17
                text run at (0,323) width 36: "2222"
              RenderBR {BR} at (36,337) size 0x0
              RenderText {#text} at (0,340) size 36x17
                text run at (0,340) width 36: "3333"
              RenderBR {BR} at (36,354) size 0x0
              RenderText {#text} at (0,357) size 36x17
                text run at (0,357) width 36: "4444"
              RenderBR {BR} at (36,371) size 0x0
              RenderText {#text} at (0,374) size 36x17
                text run at (0,374) width 36: "5555"
              RenderBR {BR} at (36,388) size 0x0
              RenderText {#text} at (0,391) size 36x17
                text run at (0,391) width 36: "6666"
              RenderBR {BR} at (36,405) size 0x0
              RenderText {#text} at (0,408) size 36x17
                text run at (0,408) width 36: "7777"
              RenderBR {BR} at (36,422) size 0x0
              RenderText {#text} at (0,425) size 36x17
                text run at (0,425) width 36: "8888"
              RenderBR {BR} at (36,439) size 0x0
              RenderText {#text} at (0,442) size 36x17
                text run at (0,442) width 36: "9999"
              RenderBR {BR} at (36,456) size 0x0
              RenderText {#text} at (0,459) size 16x17
                text run at (0,459) width 16: "::::"
              RenderBR {BR} at (16,473) size 0x0
              RenderText {#text} at (0,476) size 16x17
                text run at (0,476) width 16: ";;;;"
              RenderBR {BR} at (16,490) size 0x0
              RenderText {#text} at (0,493) size 36x17
                text run at (0,493) width 36: "<<<<"
              RenderBR {BR} at (36,507) size 0x0
              RenderText {#text} at (0,510) size 36x17
                text run at (0,510) width 36: "===="
              RenderBR {BR} at (36,524) size 0x0
              RenderText {#text} at (0,527) size 36x17
                text run at (0,527) width 36: ">>>>"
              RenderBR {BR} at (36,541) size 0x0
              RenderText {#text} at (0,544) size 36x17
                text run at (0,544) width 36: "????"
              RenderBR {BR} at (36,558) size 0x0
              RenderText {#text} at (0,561) size 64x17
                text run at (0,561) width 64: "@@@@"
              RenderBR {BR} at (64,575) size 0x0
              RenderText {#text} at (0,578) size 44x17
                text run at (0,578) width 44: "AAAA"
              RenderBR {BR} at (44,592) size 0x0
              RenderText {#text} at (0,595) size 44x17
                text run at (0,595) width 44: "BBBB"
              RenderBR {BR} at (44,609) size 0x0
              RenderText {#text} at (0,612) size 48x17
                text run at (0,612) width 48: "CCCC"
              RenderBR {BR} at (48,626) size 0x0
              RenderText {#text} at (0,629) size 48x17
                text run at (0,629) width 48: "DDDD"
              RenderBR {BR} at (48,643) size 0x0
              RenderText {#text} at (0,646) size 44x17
                text run at (0,646) width 44: "EEEE"
              RenderBR {BR} at (44,660) size 0x0
              RenderText {#text} at (0,663) size 40x17
                text run at (0,663) width 40: "FFFF"
              RenderBR {BR} at (40,677) size 0x0
              RenderText {#text} at (0,680) size 48x17
                text run at (0,680) width 48: "GGGG"
              RenderBR {BR} at (48,694) size 0x0
              RenderText {#text} at (0,697) size 48x17
                text run at (0,697) width 48: "HHHH"
              RenderBR {BR} at (48,711) size 0x0
              RenderText {#text} at (0,714) size 16x17
                text run at (0,714) width 16: "IIII"
              RenderBR {BR} at (16,728) size 0x0
              RenderText {#text} at (0,731) size 32x17
                text run at (0,731) width 32: "JJJJ"
              RenderBR {BR} at (32,745) size 0x0
              RenderText {#text} at (0,748) size 44x17
                text run at (0,748) width 44: "KKKK"
              RenderBR {BR} at (44,762) size 0x0
              RenderText {#text} at (0,765) size 36x17
                text run at (0,765) width 36: "LLLL"
              RenderBR {BR} at (36,779) size 0x0
              RenderText {#text} at (0,782) size 52x17
                text run at (0,782) width 52: "MMMM"
              RenderBR {BR} at (52,796) size 0x0
              RenderText {#text} at (0,799) size 48x17
                text run at (0,799) width 48: "NNNN"
              RenderBR {BR} at (48,813) size 0x0
              RenderText {#text} at (0,816) size 48x17
                text run at (0,816) width 48: "OOOO"
              RenderBR {BR} at (48,830) size 0x0
              RenderText {#text} at (0,833) size 44x17
                text run at (0,833) width 44: "PPPP"
              RenderBR {BR} at (44,847) size 0x0
              RenderText {#text} at (0,850) size 48x17
                text run at (0,850) width 48: "QQQQ"
              RenderBR {BR} at (48,864) size 0x0
              RenderText {#text} at (0,867) size 48x17
                text run at (0,867) width 48: "RRRR"
              RenderBR {BR} at (48,881) size 0x0
              RenderText {#text} at (0,884) size 44x17
                text run at (0,884) width 44: "SSSS"
              RenderBR {BR} at (44,898) size 0x0
              RenderText {#text} at (0,901) size 40x17
                text run at (0,901) width 40: "TTTT"
              RenderBR {BR} at (40,915) size 0x0
              RenderText {#text} at (0,918) size 48x17
                text run at (0,918) width 48: "UUUU"
              RenderBR {BR} at (48,932) size 0x0
              RenderText {#text} at (0,935) size 44x17
                text run at (0,935) width 44: "VVVV"
              RenderBR {BR} at (44,949) size 0x0
              RenderText {#text} at (0,952) size 60x17
                text run at (0,952) width 60: "WWWW"
              RenderBR {BR} at (60,966) size 0x0
              RenderText {#text} at (0,969) size 44x17
                text run at (0,969) width 44: "XXXX"
              RenderBR {BR} at (44,983) size 0x0
              RenderText {#text} at (0,986) size 44x17
                text run at (0,986) width 44: "YYYY"
              RenderBR {BR} at (44,1000) size 0x0
              RenderText {#text} at (0,1003) size 40x17
                text run at (0,1003) width 40: "ZZZZ"
              RenderBR {BR} at (40,1017) size 0x0
              RenderText {#text} at (0,1020) size 16x17
                text run at (0,1020) width 16: "[[[["
              RenderBR {BR} at (16,1034) size 0x0
              RenderText {#text} at (0,1037) size 16x17
                text run at (0,1037) width 16: "\\\\\\\\"
              RenderBR {BR} at (16,1051) size 0x0
              RenderText {#text} at (0,1054) size 16x17
                text run at (0,1054) width 16: "]]]]"
              RenderBR {BR} at (16,1068) size 0x0
              RenderText {#text} at (0,1071) size 32x17
                text run at (0,1071) width 32: "^^^^"
              RenderBR {BR} at (32,1085) size 0x0
              RenderText {#text} at (0,1088) size 36x17
                text run at (0,1088) width 36: "____"
              RenderBR {BR} at (36,1102) size 0x0
              RenderText {#text} at (0,1105) size 20x17
                text run at (0,1105) width 20: "````"
              RenderBR {BR} at (20,1119) size 0x0
              RenderText {#text} at (0,1122) size 36x17
                text run at (0,1122) width 36: "aaaa"
              RenderBR {BR} at (36,1136) size 0x0
              RenderText {#text} at (0,1139) size 36x17
                text run at (0,1139) width 36: "bbbb"
              RenderBR {BR} at (36,1153) size 0x0
              RenderText {#text} at (0,1156) size 32x17
                text run at (0,1156) width 32: "cccc"
              RenderBR {BR} at (32,1170) size 0x0
              RenderText {#text} at (0,1173) size 36x17
                text run at (0,1173) width 36: "dddd"
              RenderBR {BR} at (36,1187) size 0x0
              RenderText {#text} at (0,1190) size 36x17
                text run at (0,1190) width 36: "eeee"
              RenderBR {BR} at (36,1204) size 0x0
              RenderText {#text} at (0,1207) size 16x17
                text run at (0,1207) width 16: "ffff"
              RenderBR {BR} at (16,1221) size 0x0
              RenderText {#text} at (0,1224) size 36x17
                text run at (0,1224) width 36: "gggg"
              RenderBR {BR} at (36,1238) size 0x0
              RenderText {#text} at (0,1241) size 36x17
                text run at (0,1241) width 36: "hhhh"
              RenderBR {BR} at (36,1255) size 0x0
              RenderText {#text} at (0,1258) size 16x17
                text run at (0,1258) width 16: "iiii"
              RenderBR {BR} at (16,1272) size 0x0
              RenderText {#text} at (0,1275) size 16x17
                text run at (0,1275) width 16: "jjjj"
              RenderBR {BR} at (16,1289) size 0x0
              RenderText {#text} at (0,1292) size 32x17
                text run at (0,1292) width 32: "kkkk"
              RenderBR {BR} at (32,1306) size 0x0
              RenderText {#text} at (0,1309) size 16x17
                text run at (0,1309) width 16: "llll"
              RenderBR {BR} at (16,1323) size 0x0
              RenderText {#text} at (0,1326) size 52x17
                text run at (0,1326) width 52: "mmmm"
              RenderBR {BR} at (52,1340) size 0x0
              RenderText {#text} at (0,1343) size 36x17
                text run at (0,1343) width 36: "nnnn"
              RenderBR {BR} at (36,1357) size 0x0
              RenderText {#text} at (0,1360) size 36x17
                text run at (0,1360) width 36: "oooo"
              RenderBR {BR} at (36,1374) size 0x0
              RenderText {#text} at (0,1377) size 36x17
                text run at (0,1377) width 36: "pppp"
              RenderBR {BR} at (36,1391) size 0x0
              RenderText {#text} at (0,1394) size 36x17
                text run at (0,1394) width 36: "qqqq"
              RenderBR {BR} at (36,1408) size 0x0
              RenderText {#text} at (0,1411) size 20x17
                text run at (0,1411) width 20: "rrrr"
              RenderBR {BR} at (20,1425) size 0x0
              RenderText {#text} at (0,1428) size 32x17
                text run at (0,1428) width 32: "ssss"
              RenderBR {BR} at (32,1442) size 0x0
              RenderText {#text} at (0,1445) size 16x17
                text run at (0,1445) width 16: "tttt"
              RenderBR {BR} at (16,1459) size 0x0
              RenderText {#text} at (0,1462) size 36x17
                text run at (0,1462) width 36: "uuuu"
              RenderBR {BR} at (36,1476) size 0x0
              RenderText {#text} at (0,1479) size 32x17
                text run at (0,1479) width 32: "vvvv"
              RenderBR {BR} at (32,1493) size 0x0
              RenderText {#text} at (0,1496) size 48x17
                text run at (0,1496) width 48: "wwww"
              RenderBR {BR} at (48,1510) size 0x0
              RenderText {#text} at (0,1513) size 32x17
                text run at (0,1513) width 32: "xxxx"
              RenderBR {BR} at (32,1527) size 0x0
              RenderText {#text} at (0,1530) size 32x17
                text run at (0,1530) width 32: "yyyy"
              RenderBR {BR} at (32,1544) size 0x0
              RenderText {#text} at (0,1547) size 32x17
                text run at (0,1547) width 32: "zzzz"
              RenderBR {BR} at (32,1561) size 0x0
              RenderText {#text} at (0,1564) size 20x17
                text run at (0,1564) width 20: "{{{{"
              RenderBR {BR} at (20,1578) size 0x0
              RenderText {#text} at (0,1581) size 16x17
                text run at (0,1581) width 16: "||||"
              RenderBR {BR} at (16,1595) size 0x0
              RenderText {#text} at (0,1598) size 20x17
                text run at (0,1598) width 20: "}}}}"
              RenderBR {BR} at (20,1612) size 0x0
      RenderBlock {P} at (0,2069) size 769x1598
        RenderInline {FONT} at (0,0) size 64x1598
          RenderInline {FONT} at (0,0) size 64x1598
            RenderInline {FONT} at (0,0) size 64x1598
              RenderText {#text} at (0,0) size 0x0
              RenderInline {B} at (0,0) size 64x1598
                RenderText {#text} at (0,0) size 16x17
                  text run at (0,0) width 16: "    "
                RenderBR {BR} at (16,14) size 0x0
                RenderText {#text} at (0,17) size 20x17
                  text run at (0,17) width 20: "!!!!"
                RenderBR {BR} at (20,31) size 0x0
                RenderText {#text} at (0,34) size 32x17
                  text run at (0,34) width 32: "\"\"\"\""
                RenderBR {BR} at (32,48) size 0x0
                RenderText {#text} at (0,51) size 36x17
                  text run at (0,51) width 36: "####"
                RenderBR {BR} at (36,65) size 0x0
                RenderText {#text} at (0,68) size 36x17
                  text run at (0,68) width 36: "$$$$"
                RenderBR {BR} at (36,82) size 0x0
                RenderText {#text} at (0,85) size 56x17
                  text run at (0,85) width 56: "%%%%"
                RenderBR {BR} at (56,99) size 0x0
                RenderText {#text} at (0,102) size 48x17
                  text run at (0,102) width 48: "&&&&"
                RenderBR {BR} at (48,116) size 0x0
                RenderText {#text} at (0,119) size 16x17
                  text run at (0,119) width 16: "''''"
                RenderBR {BR} at (16,133) size 0x0
                RenderText {#text} at (0,136) size 20x17
                  text run at (0,136) width 20: "(((("
                RenderBR {BR} at (20,150) size 0x0
                RenderText {#text} at (0,153) size 20x17
                  text run at (0,153) width 20: "))))"
                RenderBR {BR} at (20,167) size 0x0
                RenderText {#text} at (0,170) size 24x17
                  text run at (0,170) width 24: "****"
                RenderBR {BR} at (24,184) size 0x0
                RenderText {#text} at (0,187) size 36x17
                  text run at (0,187) width 36: "++++"
                RenderBR {BR} at (36,201) size 0x0
                RenderText {#text} at (0,204) size 16x17
                  text run at (0,204) width 16: ",,,,"
                RenderBR {BR} at (16,218) size 0x0
                RenderText {#text} at (0,221) size 20x17
                  text run at (0,221) width 20: "----"
                RenderBR {BR} at (20,235) size 0x0
                RenderText {#text} at (0,238) size 16x17
                  text run at (0,238) width 16: "...."
                RenderBR {BR} at (16,252) size 0x0
                RenderText {#text} at (0,255) size 16x17
                  text run at (0,255) width 16: "////"
                RenderBR {BR} at (16,269) size 0x0
                RenderText {#text} at (0,272) size 36x17
                  text run at (0,272) width 36: "0000"
                RenderBR {BR} at (36,286) size 0x0
                RenderText {#text} at (0,289) size 36x17
                  text run at (0,289) width 36: "1111"
                RenderBR {BR} at (36,303) size 0x0
                RenderText {#text} at (0,306) size 36x17
                  text run at (0,306) width 36: "2222"
                RenderBR {BR} at (36,320) size 0x0
                RenderText {#text} at (0,323) size 36x17
                  text run at (0,323) width 36: "3333"
                RenderBR {BR} at (36,337) size 0x0
                RenderText {#text} at (0,340) size 36x17
                  text run at (0,340) width 36: "4444"
                RenderBR {BR} at (36,354) size 0x0
                RenderText {#text} at (0,357) size 36x17
                  text run at (0,357) width 36: "5555"
                RenderBR {BR} at (36,371) size 0x0
                RenderText {#text} at (0,374) size 36x17
                  text run at (0,374) width 36: "6666"
                RenderBR {BR} at (36,388) size 0x0
                RenderText {#text} at (0,391) size 36x17
                  text run at (0,391) width 36: "7777"
                RenderBR {BR} at (36,405) size 0x0
                RenderText {#text} at (0,408) size 36x17
                  text run at (0,408) width 36: "8888"
                RenderBR {BR} at (36,422) size 0x0
                RenderText {#text} at (0,425) size 36x17
                  text run at (0,425) width 36: "9999"
                RenderBR {BR} at (36,439) size 0x0
                RenderText {#text} at (0,442) size 20x17
                  text run at (0,442) width 20: "::::"
                RenderBR {BR} at (20,456) size 0x0
                RenderText {#text} at (0,459) size 20x17
                  text run at (0,459) width 20: ";;;;"
                RenderBR {BR} at (20,473) size 0x0
                RenderText {#text} at (0,476) size 36x17
                  text run at (0,476) width 36: "<<<<"
                RenderBR {BR} at (36,490) size 0x0
                RenderText {#text} at (0,493) size 36x17
                  text run at (0,493) width 36: "===="
                RenderBR {BR} at (36,507) size 0x0
                RenderText {#text} at (0,510) size 36x17
                  text run at (0,510) width 36: ">>>>"
                RenderBR {BR} at (36,524) size 0x0
                RenderText {#text} at (0,527) size 40x17
                  text run at (0,527) width 40: "????"
                RenderBR {BR} at (40,541) size 0x0
                RenderText {#text} at (0,544) size 64x17
                  text run at (0,544) width 64: "@@@@"
                RenderBR {BR} at (64,558) size 0x0
                RenderText {#text} at (0,561) size 48x17
                  text run at (0,561) width 48: "AAAA"
                RenderBR {BR} at (48,575) size 0x0
                RenderText {#text} at (0,578) size 48x17
                  text run at (0,578) width 48: "BBBB"
                RenderBR {BR} at (48,592) size 0x0
                RenderText {#text} at (0,595) size 48x17
                  text run at (0,595) width 48: "CCCC"
                RenderBR {BR} at (48,609) size 0x0
                RenderText {#text} at (0,612) size 48x17
                  text run at (0,612) width 48: "DDDD"
                RenderBR {BR} at (48,626) size 0x0
                RenderText {#text} at (0,629) size 44x17
                  text run at (0,629) width 44: "EEEE"
                RenderBR {BR} at (44,643) size 0x0
                RenderText {#text} at (0,646) size 40x17
                  text run at (0,646) width 40: "FFFF"
                RenderBR {BR} at (40,660) size 0x0
                RenderText {#text} at (0,663) size 48x17
                  text run at (0,663) width 48: "GGGG"
                RenderBR {BR} at (48,677) size 0x0
                RenderText {#text} at (0,680) size 48x17
                  text run at (0,680) width 48: "HHHH"
                RenderBR {BR} at (48,694) size 0x0
                RenderText {#text} at (0,697) size 16x17
                  text run at (0,697) width 16: "IIII"
                RenderBR {BR} at (16,711) size 0x0
                RenderText {#text} at (0,714) size 36x17
                  text run at (0,714) width 36: "JJJJ"
                RenderBR {BR} at (36,728) size 0x0
                RenderText {#text} at (0,731) size 48x17
                  text run at (0,731) width 48: "KKKK"
                RenderBR {BR} at (48,745) size 0x0
                RenderText {#text} at (0,748) size 40x17
                  text run at (0,748) width 40: "LLLL"
                RenderBR {BR} at (40,762) size 0x0
                RenderText {#text} at (0,765) size 52x17
                  text run at (0,765) width 52: "MMMM"
                RenderBR {BR} at (52,779) size 0x0
                RenderText {#text} at (0,782) size 48x17
                  text run at (0,782) width 48: "NNNN"
                RenderBR {BR} at (48,796) size 0x0
                RenderText {#text} at (0,799) size 48x17
                  text run at (0,799) width 48: "OOOO"
                RenderBR {BR} at (48,813) size 0x0
                RenderText {#text} at (0,816) size 44x17
                  text run at (0,816) width 44: "PPPP"
                RenderBR {BR} at (44,830) size 0x0
                RenderText {#text} at (0,833) size 48x17
                  text run at (0,833) width 48: "QQQQ"
                RenderBR {BR} at (48,847) size 0x0
                RenderText {#text} at (0,850) size 48x17
                  text run at (0,850) width 48: "RRRR"
                RenderBR {BR} at (48,864) size 0x0
                RenderText {#text} at (0,867) size 44x17
                  text run at (0,867) width 44: "SSSS"
                RenderBR {BR} at (44,881) size 0x0
                RenderText {#text} at (0,884) size 40x17
                  text run at (0,884) width 40: "TTTT"
                RenderBR {BR} at (40,898) size 0x0
                RenderText {#text} at (0,901) size 48x17
                  text run at (0,901) width 48: "UUUU"
                RenderBR {BR} at (48,915) size 0x0
                RenderText {#text} at (0,918) size 44x17
                  text run at (0,918) width 44: "VVVV"
                RenderBR {BR} at (44,932) size 0x0
                RenderText {#text} at (0,935) size 60x17
                  text run at (0,935) width 60: "WWWW"
                RenderBR {BR} at (60,949) size 0x0
                RenderText {#text} at (0,952) size 44x17
                  text run at (0,952) width 44: "XXXX"
                RenderBR {BR} at (44,966) size 0x0
                RenderText {#text} at (0,969) size 44x17
                  text run at (0,969) width 44: "YYYY"
                RenderBR {BR} at (44,983) size 0x0
                RenderText {#text} at (0,986) size 40x17
                  text run at (0,986) width 40: "ZZZZ"
                RenderBR {BR} at (40,1000) size 0x0
                RenderText {#text} at (0,1003) size 20x17
                  text run at (0,1003) width 20: "[[[["
                RenderBR {BR} at (20,1017) size 0x0
                RenderText {#text} at (0,1020) size 16x17
                  text run at (0,1020) width 16: "\\\\\\\\"
                RenderBR {BR} at (16,1034) size 0x0
                RenderText {#text} at (0,1037) size 20x17
                  text run at (0,1037) width 20: "]]]]"
                RenderBR {BR} at (20,1051) size 0x0
                RenderText {#text} at (0,1054) size 36x17
                  text run at (0,1054) width 36: "^^^^"
                RenderBR {BR} at (36,1068) size 0x0
                RenderText {#text} at (0,1071) size 36x17
                  text run at (0,1071) width 36: "____"
                RenderBR {BR} at (36,1085) size 0x0
                RenderText {#text} at (0,1088) size 20x17
                  text run at (0,1088) width 20: "````"
                RenderBR {BR} at (20,1102) size 0x0
                RenderText {#text} at (0,1105) size 36x17
                  text run at (0,1105) width 36: "aaaa"
                RenderBR {BR} at (36,1119) size 0x0
                RenderText {#text} at (0,1122) size 40x17
                  text run at (0,1122) width 40: "bbbb"
                RenderBR {BR} at (40,1136) size 0x0
                RenderText {#text} at (0,1139) size 36x17
                  text run at (0,1139) width 36: "cccc"
                RenderBR {BR} at (36,1153) size 0x0
                RenderText {#text} at (0,1156) size 40x17
                  text run at (0,1156) width 40: "dddd"
                RenderBR {BR} at (40,1170) size 0x0
                RenderText {#text} at (0,1173) size 36x17
                  text run at (0,1173) width 36: "eeee"
                RenderBR {BR} at (36,1187) size 0x0
                RenderText {#text} at (0,1190) size 20x17
                  text run at (0,1190) width 20: "ffff"
                RenderBR {BR} at (20,1204) size 0x0
                RenderText {#text} at (0,1207) size 40x17
                  text run at (0,1207) width 40: "gggg"
                RenderBR {BR} at (40,1221) size 0x0
                RenderText {#text} at (0,1224) size 40x17
                  text run at (0,1224) width 40: "hhhh"
                RenderBR {BR} at (40,1238) size 0x0
                RenderText {#text} at (0,1241) size 16x17
                  text run at (0,1241) width 16: "iiii"
                RenderBR {BR} at (16,1255) size 0x0
                RenderText {#text} at (0,1258) size 16x17
                  text run at (0,1258) width 16: "jjjj"
                RenderBR {BR} at (16,1272) size 0x0
                RenderText {#text} at (0,1275) size 36x17
                  text run at (0,1275) width 36: "kkkk"
                RenderBR {BR} at (36,1289) size 0x0
                RenderText {#text} at (0,1292) size 16x17
                  text run at (0,1292) width 16: "llll"
                RenderBR {BR} at (16,1306) size 0x0
                RenderText {#text} at (0,1309) size 56x17
                  text run at (0,1309) width 56: "mmmm"
                RenderBR {BR} at (56,1323) size 0x0
                RenderText {#text} at (0,1326) size 40x17
                  text run at (0,1326) width 40: "nnnn"
                RenderBR {BR} at (40,1340) size 0x0
                RenderText {#text} at (0,1343) size 40x17
                  text run at (0,1343) width 40: "oooo"
                RenderBR {BR} at (40,1357) size 0x0
                RenderText {#text} at (0,1360) size 40x17
                  text run at (0,1360) width 40: "pppp"
                RenderBR {BR} at (40,1374) size 0x0
                RenderText {#text} at (0,1377) size 40x17
                  text run at (0,1377) width 40: "qqqq"
                RenderBR {BR} at (40,1391) size 0x0
                RenderText {#text} at (0,1394) size 24x17
                  text run at (0,1394) width 24: "rrrr"
                RenderBR {BR} at (24,1408) size 0x0
                RenderText {#text} at (0,1411) size 36x17
                  text run at (0,1411) width 36: "ssss"
                RenderBR {BR} at (36,1425) size 0x0
                RenderText {#text} at (0,1428) size 20x17
                  text run at (0,1428) width 20: "tttt"
                RenderBR {BR} at (20,1442) size 0x0
                RenderText {#text} at (0,1445) size 40x17
                  text run at (0,1445) width 40: "uuuu"
                RenderBR {BR} at (40,1459) size 0x0
                RenderText {#text} at (0,1462) size 36x17
                  text run at (0,1462) width 36: "vvvv"
                RenderBR {BR} at (36,1476) size 0x0
                RenderText {#text} at (0,1479) size 48x17
                  text run at (0,1479) width 48: "wwww"
                RenderBR {BR} at (48,1493) size 0x0
                RenderText {#text} at (0,1496) size 36x17
                  text run at (0,1496) width 36: "xxxx"
                RenderBR {BR} at (36,1510) size 0x0
                RenderText {#text} at (0,1513) size 36x17
                  text run at (0,1513) width 36: "yyyy"
                RenderBR {BR} at (36,1527) size 0x0
                RenderText {#text} at (0,1530) size 32x17
                  text run at (0,1530) width 32: "zzzz"
                RenderBR {BR} at (32,1544) size 0x0
                RenderText {#text} at (0,1547) size 24x17
                  text run at (0,1547) width 24: "{{{{"
                RenderBR {BR} at (24,1561) size 0x0
                RenderText {#text} at (0,1564) size 16x17
                  text run at (0,1564) width 16: "||||"
                RenderBR {BR} at (16,1578) size 0x0
                RenderText {#text} at (0,1581) size 24x17
                  text run at (0,1581) width 24: "}}}}"
                RenderBR {BR} at (24,1595) size 0x0
              RenderText {#text} at (0,0) size 0x0
      RenderBlock {P} at (0,3683) size 769x1598
        RenderInline {FONT} at (0,0) size 64x1598
          RenderInline {FONT} at (0,0) size 64x1598
            RenderInline {FONT} at (0,0) size 64x1598
              RenderText {#text} at (0,0) size 0x0
              RenderInline {I} at (0,0) size 64x1598
                RenderText {#text} at (0,0) size 16x17
                  text run at (0,0) width 16: "    "
                RenderBR {BR} at (16,14) size 0x0
                RenderText {#text} at (0,17) size 16x17
                  text run at (0,17) width 16: "!!!!"
                RenderBR {BR} at (16,31) size 0x0
                RenderText {#text} at (0,34) size 24x17
                  text run at (0,34) width 24: "\"\"\"\""
                RenderBR {BR} at (24,48) size 0x0
                RenderText {#text} at (0,51) size 36x17
                  text run at (0,51) width 36: "####"
                RenderBR {BR} at (36,65) size 0x0
                RenderText {#text} at (0,68) size 36x17
                  text run at (0,68) width 36: "$$$$"
                RenderBR {BR} at (36,82) size 0x0
                RenderText {#text} at (0,85) size 56x17
                  text run at (0,85) width 56: "%%%%"
                RenderBR {BR} at (56,99) size 0x0
                RenderText {#text} at (0,102) size 44x17
                  text run at (0,102) width 44: "&&&&"
                RenderBR {BR} at (44,116) size 0x0
                RenderText {#text} at (0,119) size 12x17
                  text run at (0,119) width 12: "''''"
                RenderBR {BR} at (12,133) size 0x0
                RenderText {#text} at (0,136) size 20x17
                  text run at (0,136) width 20: "(((("
                RenderBR {BR} at (20,150) size 0x0
                RenderText {#text} at (0,153) size 20x17
                  text run at (0,153) width 20: "))))"
                RenderBR {BR} at (20,167) size 0x0
                RenderText {#text} at (0,170) size 24x17
                  text run at (0,170) width 24: "****"
                RenderBR {BR} at (24,184) size 0x0
                RenderText {#text} at (0,187) size 36x17
                  text run at (0,187) width 36: "++++"
                RenderBR {BR} at (36,201) size 0x0
                RenderText {#text} at (0,204) size 16x17
                  text run at (0,204) width 16: ",,,,"
                RenderBR {BR} at (16,218) size 0x0
                RenderText {#text} at (0,221) size 20x17
                  text run at (0,221) width 20: "----"
                RenderBR {BR} at (20,235) size 0x0
                RenderText {#text} at (0,238) size 16x17
                  text run at (0,238) width 16: "...."
                RenderBR {BR} at (16,252) size 0x0
                RenderText {#text} at (0,255) size 16x17
                  text run at (0,255) width 16: "////"
                RenderBR {BR} at (16,269) size 0x0
                RenderText {#text} at (0,272) size 36x17
                  text run at (0,272) width 36: "0000"
                RenderBR {BR} at (36,286) size 0x0
                RenderText {#text} at (0,289) size 36x17
                  text run at (0,289) width 36: "1111"
                RenderBR {BR} at (36,303) size 0x0
                RenderText {#text} at (0,306) size 36x17
                  text run at (0,306) width 36: "2222"
                RenderBR {BR} at (36,320) size 0x0
                RenderText {#text} at (0,323) size 36x17
                  text run at (0,323) width 36: "3333"
                RenderBR {BR} at (36,337) size 0x0
                RenderText {#text} at (0,340) size 36x17
                  text run at (0,340) width 36: "4444"
                RenderBR {BR} at (36,354) size 0x0
                RenderText {#text} at (0,357) size 36x17
                  text run at (0,357) width 36: "5555"
                RenderBR {BR} at (36,371) size 0x0
                RenderText {#text} at (0,374) size 36x17
                  text run at (0,374) width 36: "6666"
                RenderBR {BR} at (36,388) size 0x0
                RenderText {#text} at (0,391) size 36x17
                  text run at (0,391) width 36: "7777"
                RenderBR {BR} at (36,405) size 0x0
                RenderText {#text} at (0,408) size 36x17
                  text run at (0,408) width 36: "8888"
                RenderBR {BR} at (36,422) size 0x0
                RenderText {#text} at (0,425) size 36x17
                  text run at (0,425) width 36: "9999"
                RenderBR {BR} at (36,439) size 0x0
                RenderText {#text} at (0,442) size 16x17
                  text run at (0,442) width 16: "::::"
                RenderBR {BR} at (16,456) size 0x0
                RenderText {#text} at (0,459) size 16x17
                  text run at (0,459) width 16: ";;;;"
                RenderBR {BR} at (16,473) size 0x0
                RenderText {#text} at (0,476) size 36x17
                  text run at (0,476) width 36: "<<<<"
                RenderBR {BR} at (36,490) size 0x0
                RenderText {#text} at (0,493) size 36x17
                  text run at (0,493) width 36: "===="
                RenderBR {BR} at (36,507) size 0x0
                RenderText {#text} at (0,510) size 36x17
                  text run at (0,510) width 36: ">>>>"
                RenderBR {BR} at (36,524) size 0x0
                RenderText {#text} at (0,527) size 36x17
                  text run at (0,527) width 36: "????"
                RenderBR {BR} at (36,541) size 0x0
                RenderText {#text} at (0,544) size 64x17
                  text run at (0,544) width 64: "@@@@"
                RenderBR {BR} at (64,558) size 0x0
                RenderText {#text} at (0,561) size 44x17
                  text run at (0,561) width 44: "AAAA"
                RenderBR {BR} at (44,575) size 0x0
                RenderText {#text} at (0,578) size 44x17
                  text run at (0,578) width 44: "BBBB"
                RenderBR {BR} at (44,592) size 0x0
                RenderText {#text} at (0,595) size 48x17
                  text run at (0,595) width 48: "CCCC"
                RenderBR {BR} at (48,609) size 0x0
                RenderText {#text} at (0,612) size 48x17
                  text run at (0,612) width 48: "DDDD"
                RenderBR {BR} at (48,626) size 0x0
                RenderText {#text} at (0,629) size 44x17
                  text run at (0,629) width 44: "EEEE"
                RenderBR {BR} at (44,643) size 0x0
                RenderText {#text} at (0,646) size 40x17
                  text run at (0,646) width 40: "FFFF"
                RenderBR {BR} at (40,660) size 0x0
                RenderText {#text} at (0,663) size 48x17
                  text run at (0,663) width 48: "GGGG"
                RenderBR {BR} at (48,677) size 0x0
                RenderText {#text} at (0,680) size 48x17
                  text run at (0,680) width 48: "HHHH"
                RenderBR {BR} at (48,694) size 0x0
                RenderText {#text} at (0,697) size 16x17
                  text run at (0,697) width 16: "IIII"
                RenderBR {BR} at (16,711) size 0x0
                RenderText {#text} at (0,714) size 32x17
                  text run at (0,714) width 32: "JJJJ"
                RenderBR {BR} at (32,728) size 0x0
                RenderText {#text} at (0,731) size 44x17
                  text run at (0,731) width 44: "KKKK"
                RenderBR {BR} at (44,745) size 0x0
                RenderText {#text} at (0,748) size 36x17
                  text run at (0,748) width 36: "LLLL"
                RenderBR {BR} at (36,762) size 0x0
                RenderText {#text} at (0,765) size 52x17
                  text run at (0,765) width 52: "MMMM"
                RenderBR {BR} at (52,779) size 0x0
                RenderText {#text} at (0,782) size 48x17
                  text run at (0,782) width 48: "NNNN"
                RenderBR {BR} at (48,796) size 0x0
                RenderText {#text} at (0,799) size 48x17
                  text run at (0,799) width 48: "OOOO"
                RenderBR {BR} at (48,813) size 0x0
                RenderText {#text} at (0,816) size 44x17
                  text run at (0,816) width 44: "PPPP"
                RenderBR {BR} at (44,830) size 0x0
                RenderText {#text} at (0,833) size 48x17
                  text run at (0,833) width 48: "QQQQ"
                RenderBR {BR} at (48,847) size 0x0
                RenderText {#text} at (0,850) size 48x17
                  text run at (0,850) width 48: "RRRR"
                RenderBR {BR} at (48,864) size 0x0
                RenderText {#text} at (0,867) size 44x17
                  text run at (0,867) width 44: "SSSS"
                RenderBR {BR} at (44,881) size 0x0
                RenderText {#text} at (0,884) size 40x17
                  text run at (0,884) width 40: "TTTT"
                RenderBR {BR} at (40,898) size 0x0
                RenderText {#text} at (0,901) size 48x17
                  text run at (0,901) width 48: "UUUU"
                RenderBR {BR} at (48,915) size 0x0
                RenderText {#text} at (0,918) size 44x17
                  text run at (0,918) width 44: "VVVV"
                RenderBR {BR} at (44,932) size 0x0
                RenderText {#text} at (0,935) size 60x17
                  text run at (0,935) width 60: "WWWW"
                RenderBR {BR} at (60,949) size 0x0
                RenderText {#text} at (0,952) size 44x17
                  text run at (0,952) width 44: "XXXX"
                RenderBR {BR} at (44,966) size 0x0
                RenderText {#text} at (0,969) size 44x17
                  text run at (0,969) width 44: "YYYY"
                RenderBR {BR} at (44,983) size 0x0
                RenderText {#text} at (0,986) size 40x17
                  text run at (0,986) width 40: "ZZZZ"
                RenderBR {BR} at (40,1000) size 0x0
                RenderText {#text} at (0,1003) size 16x17
                  text run at (0,1003) width 16: "[[[["
                RenderBR {BR} at (16,1017) size 0x0
                RenderText {#text} at (0,1020) size 16x17
                  text run at (0,1020) width 16: "\\\\\\\\"
                RenderBR {BR} at (16,1034) size 0x0
                RenderText {#text} at (0,1037) size 16x17
                  text run at (0,1037) width 16: "]]]]"
                RenderBR {BR} at (16,1051) size 0x0
                RenderText {#text} at (0,1054) size 32x17
                  text run at (0,1054) width 32: "^^^^"
                RenderBR {BR} at (32,1068) size 0x0
                RenderText {#text} at (0,1071) size 36x17
                  text run at (0,1071) width 36: "____"
                RenderBR {BR} at (36,1085) size 0x0
                RenderText {#text} at (0,1088) size 20x17
                  text run at (0,1088) width 20: "````"
                RenderBR {BR} at (20,1102) size 0x0
                RenderText {#text} at (0,1105) size 36x17
                  text run at (0,1105) width 36: "aaaa"
                RenderBR {BR} at (36,1119) size 0x0
                RenderText {#text} at (0,1122) size 36x17
                  text run at (0,1122) width 36: "bbbb"
                RenderBR {BR} at (36,1136) size 0x0
                RenderText {#text} at (0,1139) size 32x17
                  text run at (0,1139) width 32: "cccc"
                RenderBR {BR} at (32,1153) size 0x0
                RenderText {#text} at (0,1156) size 36x17
                  text run at (0,1156) width 36: "dddd"
                RenderBR {BR} at (36,1170) size 0x0
                RenderText {#text} at (0,1173) size 36x17
                  text run at (0,1173) width 36: "eeee"
                RenderBR {BR} at (36,1187) size 0x0
                RenderText {#text} at (0,1190) size 16x17
                  text run at (0,1190) width 16: "ffff"
                RenderBR {BR} at (16,1204) size 0x0
                RenderText {#text} at (0,1207) size 36x17
                  text run at (0,1207) width 36: "gggg"
                RenderBR {BR} at (36,1221) size 0x0
                RenderText {#text} at (0,1224) size 36x17
                  text run at (0,1224) width 36: "hhhh"
                RenderBR {BR} at (36,1238) size 0x0
                RenderText {#text} at (0,1241) size 16x17
                  text run at (0,1241) width 16: "iiii"
                RenderBR {BR} at (16,1255) size 0x0
                RenderText {#text} at (0,1258) size 16x17
                  text run at (0,1258) width 16: "jjjj"
                RenderBR {BR} at (16,1272) size 0x0
                RenderText {#text} at (0,1275) size 32x17
                  text run at (0,1275) width 32: "kkkk"
                RenderBR {BR} at (32,1289) size 0x0
                RenderText {#text} at (0,1292) size 16x17
                  text run at (0,1292) width 16: "llll"
                RenderBR {BR} at (16,1306) size 0x0
                RenderText {#text} at (0,1309) size 52x17
                  text run at (0,1309) width 52: "mmmm"
                RenderBR {BR} at (52,1323) size 0x0
                RenderText {#text} at (0,1326) size 36x17
                  text run at (0,1326) width 36: "nnnn"
                RenderBR {BR} at (36,1340) size 0x0
                RenderText {#text} at (0,1343) size 36x17
                  text run at (0,1343) width 36: "oooo"
                RenderBR {BR} at (36,1357) size 0x0
                RenderText {#text} at (0,1360) size 36x17
                  text run at (0,1360) width 36: "pppp"
                RenderBR {BR} at (36,1374) size 0x0
                RenderText {#text} at (0,1377) size 36x17
                  text run at (0,1377) width 36: "qqqq"
                RenderBR {BR} at (36,1391) size 0x0
                RenderText {#text} at (0,1394) size 20x17
                  text run at (0,1394) width 20: "rrrr"
                RenderBR {BR} at (20,1408) size 0x0
                RenderText {#text} at (0,1411) size 32x17
                  text run at (0,1411) width 32: "ssss"
                RenderBR {BR} at (32,1425) size 0x0
                RenderText {#text} at (0,1428) size 16x17
                  text run at (0,1428) width 16: "tttt"
                RenderBR {BR} at (16,1442) size 0x0
                RenderText {#text} at (0,1445) size 36x17
                  text run at (0,1445) width 36: "uuuu"
                RenderBR {BR} at (36,1459) size 0x0
                RenderText {#text} at (0,1462) size 32x17
                  text run at (0,1462) width 32: "vvvv"
                RenderBR {BR} at (32,1476) size 0x0
                RenderText {#text} at (0,1479) size 48x17
                  text run at (0,1479) width 48: "wwww"
                RenderBR {BR} at (48,1493) size 0x0
                RenderText {#text} at (0,1496) size 32x17
                  text run at (0,1496) width 32: "xxxx"
                RenderBR {BR} at (32,1510) size 0x0
                RenderText {#text} at (0,1513) size 32x17
                  text run at (0,1513) width 32: "yyyy"
                RenderBR {BR} at (32,1527) size 0x0
                RenderText {#text} at (0,1530) size 32x17
                  text run at (0,1530) width 32: "zzzz"
                RenderBR {BR} at (32,1544) size 0x0
                RenderText {#text} at (0,1547) size 20x17
                  text run at (0,1547) width 20: "{{{{"
                RenderBR {BR} at (20,1561) size 0x0
                RenderText {#text} at (0,1564) size 16x17
                  text run at (0,1564) width 16: "||||"
                RenderBR {BR} at (16,1578) size 0x0
                RenderText {#text} at (0,1581) size 20x17
                  text run at (0,1581) width 20: "}}}}"
                RenderBR {BR} at (20,1595) size 0x0
              RenderText {#text} at (0,0) size 0x0
            RenderText {#text} at (0,0) size 0x0
