layer at (0,0) size 800x600
  RenderView at (0,0) size 800x600
layer at (0,0) size 800x600
  RenderBlock {HTML} at (0,0) size 800x600
    RenderBody {BODY} at (8,8) size 784x584 [bgcolor=#FFFFFF]
      RenderTable {TABLE} at (0,0) size 606x221 [border: (1px outset #808080)]
        RenderTableSection {TBODY} at (1,1) size 604x219
          RenderTableRow {TR} at (0,0) size 604x62
            RenderTableCell {TD} at (0,0) size 114x136 [border: (1px inset #808080)] [r=0 c=0 rs=3 cs=1]
              RenderImage {IMG} at (1,1) size 112x134
            RenderTableCell {TD} at (114,0) size 491x62 [border: (1px inset #808080)] [r=0 c=1 rs=1 cs=2]
              RenderImage {IMG} at (21,1) size 469x60
          RenderTableRow {TR} at (0,62) size 604x19
            RenderTableCell {TD} at (114,62) size 491x19 [border: (1px inset #808080)] [r=1 c=1 rs=1 cs=2]
              RenderTable {TABLE} at (1,1) size 488x17
                RenderTableSection {TBODY} at (0,0) size 488x17
                  RenderTableRow {TR} at (0,0) size 488x17
                    RenderTableCell {TD} at (0,0) size 488x17 [r=0 c=0 rs=1 cs=1]
                      RenderText {#text} at (0,0) size 84x17
                        text run at (0,0) width 84: "Top Nav Bar"
          RenderTableRow {TR} at (0,81) size 604x138
            RenderTableCell {TD} at (114,149) size 338x2 [border: (1px inset #808080)] [r=2 c=1 rs=1 cs=1]
            RenderTableCell {TD} at (451,81) size 154x138 [border: (1px inset #808080)] [r=2 c=2 rs=1 cs=1]
              RenderInline {B} at (0,0) size 147x136
                RenderText {#text} at (1,1) size 147x136
                  text run at (1,1) width 124: "\"Freakish animal-"
                  text run at (1,18) width 125: "things, all sporting"
                  text run at (1,35) width 113: "maniacal smiles, "
                  text run at (114,35) width 29: "race"
                  text run at (1,52) width 147: "around a series of ice-"
                  text run at (1,69) width 100: "themed tracks,"
                  text run at (1,86) width 92: "showing their"
                  text run at (1,103) width 78: "malformed "
                  text run at (79,103) width 50: "asses to"
                  text run at (1,120) width 125: "the entire world. \""
              RenderText {#text} at (0,0) size 0x0
