layer at (0,0) size 800x600
  RenderView at (0,0) size 800x600
layer at (0,0) size 800x600
  RenderBlock {HTML} at (0,0) size 800x600
    RenderBody {BODY} at (8,8) size 784x584
      RenderTable {TABLE} at (0,0) size 471x29 [border: (3px solid #0000FF)]
        RenderTableSection {TBODY} at (3,3) size 465x23
          RenderTableRow {TR} at (0,2) size 465x19
            RenderTableCell {TD} at (2,2) size 461x19 [r=0 c=0 rs=1 cs=1]
              RenderText {#text} at (1,1) size 21x17
                text run at (1,1) width 21: "foo"
layer at (114,200) size 480x29
  RenderTable {TABLE} at (114,200) size 480x29 [border: (3px solid #0000FF)]
    RenderTableSection {TBODY} at (3,3) size 474x23
      RenderTableRow {TR} at (0,2) size 474x19
        RenderTableCell {TD} at (2,2) size 470x19 [r=0 c=0 rs=1 cs=1]
          RenderText {#text} at (1,1) size 21x17
            text run at (1,1) width 21: "foo"
layer at (164,150) size 486x23
  RenderBlock (positioned) {DIV} at (164,150) size 486x23 [border: (3px solid #008000)]
    RenderText {#text} at (3,3) size 20x17
      text run at (3,3) width 20: "div"
