layer at (0,0) size 800x600
  RenderView at (0,0) size 800x600
layer at (0,0) size 800x600
  RenderBlock {HTML} at (0,0) size 800x600
    RenderBody {BODY} at (8,8) size 784x576
      RenderBlock {H2} at (0,0) size 784x26
        RenderText {#text} at (0,0) size 365x26
          text run at (0,0) width 365: "SeaMonkey XPInstall Trigger Page"
      RenderBlock {HR} at (0,45) size 784x3 [border: (1px inset #000000)]
      RenderBlock {FORM} at (0,55) size 784x64
        RenderTable {TABLE} at (0,0) size 749x63
          RenderTableSection {TBODY} at (0,0) size 749x63
            RenderTableRow {TR} at (0,2) size 749x29
              RenderTableCell {TD} at (2,7) size 107x19 [r=0 c=0 rs=1 cs=1]
                RenderInline {B} at (0,0) size 96x17
                  RenderText {#text} at (1,1) size 96x17
                    text run at (1,1) width 96: "Trigger URL:"
              RenderTableCell {TD} at (111,2) size 538x29 [r=0 c=1 rs=1 cs=1]
                RenderTextControl {INPUT} at (3,3) size 532x23 [bgcolor=#FFFFFF] [border: (2px inset #000000)]
              RenderTableCell {TD} at (651,2) size 96x29 [r=0 c=2 rs=1 cs=1]
                RenderButton {INPUT} at (3,3) size 59x22 [bgcolor=#C0C0C0]
                  RenderBlock (anonymous) at (6,2) size 47x17
                    RenderText at (0,0) size 47x17
                      text run at (0,0) width 47: "Trigger"
            RenderTableRow {TR} at (0,33) size 749x28
              RenderTableCell {TD} at (2,37) size 107x20 [r=1 c=0 rs=1 cs=1]
                RenderInline {B} at (0,0) size 105x17
                  RenderText {#text} at (1,1) size 105x18
                    text run at (1,2) width 105: "Run Test Case:"
              RenderTableCell {TD} at (111,34) size 538x26 [r=1 c=1 rs=1 cs=1]
                RenderMenuList {SELECT} at (3,3) size 277x19 [bgcolor=#FFFFFF] [border: (1px solid #000000)]
                  RenderBlock (anonymous) at (1,1) size 275x17
                    RenderText at (0,0) size 84x17
                      text run at (0,0) width 84: "a_abortinstall"
                RenderText {#text} at (0,0) size 0x0
              RenderTableCell {TD} at (651,33) size 96x28 [r=1 c=2 rs=1 cs=1]
                RenderButton {INPUT} at (3,3) size 90x22 [bgcolor=#C0C0C0]
                  RenderBlock (anonymous) at (6,2) size 78x17
                    RenderText at (0,0) size 78x17
                      text run at (0,0) width 78: "Trigger case"
layer at (125,72) size 526x17
  RenderBlock {DIV} at (3,3) size 526x17
    RenderText {#text} at (0,0) size 110x17
      text run at (0,0) width 110: "http://jimbob/jars/"
