layer at (0,0) size 785x5856
  RenderView at (0,0) size 785x600
layer at (0,0) size 785x5856
  RenderBlock {HTML} at (0,0) size 785x5856
    RenderBody {BODY} at (8,21) size 769x5819
      RenderBlock {H1} at (0,0) size 769x36
        RenderText {#text} at (0,0) size 486x36
          text run at (0,0) width 486: "Vertical alignment and table height"
      RenderBlock {P} at (0,57) size 769x53
        RenderText {#text} at (0,0) size 269x17
          text run at (0,0) width 269: "The following three tables have heights of "
        RenderInline {CODE} at (0,0) size 32x15
          RenderText {#text} at (269,3) size 32x15
            text run at (269,3) width 32: "auto"
        RenderText {#text} at (301,0) size 8x17
          text run at (301,0) width 8: ", "
        RenderInline {CODE} at (0,0) size 32x15
          RenderText {#text} at (309,3) size 32x15
            text run at (309,3) width 32: "30px"
        RenderText {#text} at (341,0) size 35x17
          text run at (341,0) width 35: ", and "
        RenderInline {CODE} at (0,0) size 40x15
          RenderText {#text} at (376,3) size 40x15
            text run at (376,3) width 40: "500px"
        RenderText {#text} at (416,0) size 767x52
          text run at (416,0) width 8: ". "
          text run at (424,0) width 331: "The first one should have the height of the sum of its"
          text run at (0,18) width 39: "rows. "
          text run at (39,18) width 728: "The second and third can be handled however the browser wants, but there just here to make sure it does something"
          text run at (0,35) width 71: "reasonable."
      RenderTable {TABLE} at (0,125) size 110x141
        RenderTableSection {TBODY} at (0,0) size 110x140
          RenderTableRow {TR} at (0,2) size 110x21
            RenderTableCell {TD} at (2,2) size 34x21 [border: (1px solid #000000)] [r=0 c=0 rs=1 cs=1]
              RenderText {#text} at (2,2) size 30x17
                text run at (2,2) width 30: "Data"
            RenderTableCell {TD} at (38,2) size 34x21 [border: (1px solid #000000)] [r=0 c=1 rs=1 cs=1]
              RenderText {#text} at (2,2) size 30x17
                text run at (2,2) width 30: "Data"
            RenderTableCell {TD} at (74,2) size 34x21 [border: (1px solid #000000)] [r=0 c=2 rs=1 cs=1]
              RenderText {#text} at (2,2) size 30x17
                text run at (2,2) width 30: "Data"
          RenderTableRow {TR} at (0,25) size 110x21
            RenderTableCell {TD} at (2,25) size 34x21 [border: (1px solid #000000)] [r=1 c=0 rs=1 cs=1]
              RenderText {#text} at (2,2) size 30x17
                text run at (2,2) width 30: "Data"
            RenderTableCell {TD} at (38,25) size 34x21 [border: (1px solid #000000)] [r=1 c=1 rs=1 cs=1]
              RenderText {#text} at (2,2) size 30x17
                text run at (2,2) width 30: "Data"
            RenderTableCell {TD} at (74,25) size 34x21 [border: (1px solid #000000)] [r=1 c=2 rs=1 cs=1]
              RenderText {#text} at (2,2) size 30x17
                text run at (2,2) width 30: "Data"
          RenderTableRow {TR} at (0,48) size 110x21
            RenderTableCell {TD} at (2,48) size 34x21 [border: (1px solid #000000)] [r=2 c=0 rs=1 cs=1]
              RenderText {#text} at (2,2) size 30x17
                text run at (2,2) width 30: "Data"
            RenderTableCell {TD} at (38,48) size 34x21 [border: (1px solid #000000)] [r=2 c=1 rs=1 cs=1]
              RenderText {#text} at (2,2) size 30x17
                text run at (2,2) width 30: "Data"
            RenderTableCell {TD} at (74,48) size 34x21 [border: (1px solid #000000)] [r=2 c=2 rs=1 cs=1]
              RenderText {#text} at (2,2) size 30x17
                text run at (2,2) width 30: "Data"
          RenderTableRow {TR} at (0,71) size 110x21
            RenderTableCell {TD} at (2,71) size 34x21 [border: (1px solid #000000)] [r=3 c=0 rs=1 cs=1]
              RenderText {#text} at (2,2) size 30x17
                text run at (2,2) width 30: "Data"
            RenderTableCell {TD} at (38,71) size 34x21 [border: (1px solid #000000)] [r=3 c=1 rs=1 cs=1]
              RenderText {#text} at (2,2) size 30x17
                text run at (2,2) width 30: "Data"
            RenderTableCell {TD} at (74,71) size 34x21 [border: (1px solid #000000)] [r=3 c=2 rs=1 cs=1]
              RenderText {#text} at (2,2) size 30x17
                text run at (2,2) width 30: "Data"
          RenderTableRow {TR} at (0,94) size 110x21
            RenderTableCell {TD} at (2,94) size 34x21 [border: (1px solid #000000)] [r=4 c=0 rs=1 cs=1]
              RenderText {#text} at (2,2) size 30x17
                text run at (2,2) width 30: "Data"
            RenderTableCell {TD} at (38,94) size 34x21 [border: (1px solid #000000)] [r=4 c=1 rs=1 cs=1]
              RenderText {#text} at (2,2) size 30x17
                text run at (2,2) width 30: "Data"
            RenderTableCell {TD} at (74,94) size 34x21 [border: (1px solid #000000)] [r=4 c=2 rs=1 cs=1]
              RenderText {#text} at (2,2) size 30x17
                text run at (2,2) width 30: "Data"
          RenderTableRow {TR} at (0,117) size 110x21
            RenderTableCell {TD} at (2,117) size 34x21 [border: (1px solid #000000)] [r=5 c=0 rs=1 cs=1]
              RenderText {#text} at (2,2) size 30x17
                text run at (2,2) width 30: "Data"
            RenderTableCell {TD} at (38,117) size 34x21 [border: (1px solid #000000)] [r=5 c=1 rs=1 cs=1]
              RenderText {#text} at (2,2) size 30x17
                text run at (2,2) width 30: "Data"
            RenderTableCell {TD} at (74,117) size 34x21 [border: (1px solid #000000)] [r=5 c=2 rs=1 cs=1]
              RenderText {#text} at (2,2) size 30x17
                text run at (2,2) width 30: "Data"
      RenderTable {TABLE} at (0,265) size 110x141
        RenderTableSection {TBODY} at (0,0) size 110x140
          RenderTableRow {TR} at (0,2) size 110x21
            RenderTableCell {TD} at (2,2) size 34x21 [border: (1px solid #000000)] [r=0 c=0 rs=1 cs=1]
              RenderText {#text} at (2,2) size 30x17
                text run at (2,2) width 30: "Data"
            RenderTableCell {TD} at (38,2) size 34x21 [border: (1px solid #000000)] [r=0 c=1 rs=1 cs=1]
              RenderText {#text} at (2,2) size 30x17
                text run at (2,2) width 30: "Data"
            RenderTableCell {TD} at (74,2) size 34x21 [border: (1px solid #000000)] [r=0 c=2 rs=1 cs=1]
              RenderText {#text} at (2,2) size 30x17
                text run at (2,2) width 30: "Data"
          RenderTableRow {TR} at (0,25) size 110x21
            RenderTableCell {TD} at (2,25) size 34x21 [border: (1px solid #000000)] [r=1 c=0 rs=1 cs=1]
              RenderText {#text} at (2,2) size 30x17
                text run at (2,2) width 30: "Data"
            RenderTableCell {TD} at (38,25) size 34x21 [border: (1px solid #000000)] [r=1 c=1 rs=1 cs=1]
              RenderText {#text} at (2,2) size 30x17
                text run at (2,2) width 30: "Data"
            RenderTableCell {TD} at (74,25) size 34x21 [border: (1px solid #000000)] [r=1 c=2 rs=1 cs=1]
              RenderText {#text} at (2,2) size 30x17
                text run at (2,2) width 30: "Data"
          RenderTableRow {TR} at (0,48) size 110x21
            RenderTableCell {TD} at (2,48) size 34x21 [border: (1px solid #000000)] [r=2 c=0 rs=1 cs=1]
              RenderText {#text} at (2,2) size 30x17
                text run at (2,2) width 30: "Data"
            RenderTableCell {TD} at (38,48) size 34x21 [border: (1px solid #000000)] [r=2 c=1 rs=1 cs=1]
              RenderText {#text} at (2,2) size 30x17
                text run at (2,2) width 30: "Data"
            RenderTableCell {TD} at (74,48) size 34x21 [border: (1px solid #000000)] [r=2 c=2 rs=1 cs=1]
              RenderText {#text} at (2,2) size 30x17
                text run at (2,2) width 30: "Data"
          RenderTableRow {TR} at (0,71) size 110x21
            RenderTableCell {TD} at (2,71) size 34x21 [border: (1px solid #000000)] [r=3 c=0 rs=1 cs=1]
              RenderText {#text} at (2,2) size 30x17
                text run at (2,2) width 30: "Data"
            RenderTableCell {TD} at (38,71) size 34x21 [border: (1px solid #000000)] [r=3 c=1 rs=1 cs=1]
              RenderText {#text} at (2,2) size 30x17
                text run at (2,2) width 30: "Data"
            RenderTableCell {TD} at (74,71) size 34x21 [border: (1px solid #000000)] [r=3 c=2 rs=1 cs=1]
              RenderText {#text} at (2,2) size 30x17
                text run at (2,2) width 30: "Data"
          RenderTableRow {TR} at (0,94) size 110x21
            RenderTableCell {TD} at (2,94) size 34x21 [border: (1px solid #000000)] [r=4 c=0 rs=1 cs=1]
              RenderText {#text} at (2,2) size 30x17
                text run at (2,2) width 30: "Data"
            RenderTableCell {TD} at (38,94) size 34x21 [border: (1px solid #000000)] [r=4 c=1 rs=1 cs=1]
              RenderText {#text} at (2,2) size 30x17
                text run at (2,2) width 30: "Data"
            RenderTableCell {TD} at (74,94) size 34x21 [border: (1px solid #000000)] [r=4 c=2 rs=1 cs=1]
              RenderText {#text} at (2,2) size 30x17
                text run at (2,2) width 30: "Data"
          RenderTableRow {TR} at (0,117) size 110x21
            RenderTableCell {TD} at (2,117) size 34x21 [border: (1px solid #000000)] [r=5 c=0 rs=1 cs=1]
              RenderText {#text} at (2,2) size 30x17
                text run at (2,2) width 30: "Data"
            RenderTableCell {TD} at (38,117) size 34x21 [border: (1px solid #000000)] [r=5 c=1 rs=1 cs=1]
              RenderText {#text} at (2,2) size 30x17
                text run at (2,2) width 30: "Data"
            RenderTableCell {TD} at (74,117) size 34x21 [border: (1px solid #000000)] [r=5 c=2 rs=1 cs=1]
              RenderText {#text} at (2,2) size 30x17
                text run at (2,2) width 30: "Data"
      RenderTable {TABLE} at (0,405) size 110x501
        RenderTableSection {TBODY} at (0,0) size 110x500
          RenderTableRow {TR} at (0,2) size 110x81
            RenderTableCell {TD} at (2,32) size 34x21 [border: (1px solid #000000)] [r=0 c=0 rs=1 cs=1]
              RenderText {#text} at (2,2) size 30x17
                text run at (2,2) width 30: "Data"
            RenderTableCell {TD} at (38,32) size 34x21 [border: (1px solid #000000)] [r=0 c=1 rs=1 cs=1]
              RenderText {#text} at (2,2) size 30x17
                text run at (2,2) width 30: "Data"
            RenderTableCell {TD} at (74,32) size 34x21 [border: (1px solid #000000)] [r=0 c=2 rs=1 cs=1]
              RenderText {#text} at (2,2) size 30x17
                text run at (2,2) width 30: "Data"
          RenderTableRow {TR} at (0,85) size 110x81
            RenderTableCell {TD} at (2,115) size 34x21 [border: (1px solid #000000)] [r=1 c=0 rs=1 cs=1]
              RenderText {#text} at (2,2) size 30x17
                text run at (2,2) width 30: "Data"
            RenderTableCell {TD} at (38,115) size 34x21 [border: (1px solid #000000)] [r=1 c=1 rs=1 cs=1]
              RenderText {#text} at (2,2) size 30x17
                text run at (2,2) width 30: "Data"
            RenderTableCell {TD} at (74,115) size 34x21 [border: (1px solid #000000)] [r=1 c=2 rs=1 cs=1]
              RenderText {#text} at (2,2) size 30x17
                text run at (2,2) width 30: "Data"
          RenderTableRow {TR} at (0,168) size 110x81
            RenderTableCell {TD} at (2,198) size 34x21 [border: (1px solid #000000)] [r=2 c=0 rs=1 cs=1]
              RenderText {#text} at (2,2) size 30x17
                text run at (2,2) width 30: "Data"
            RenderTableCell {TD} at (38,198) size 34x21 [border: (1px solid #000000)] [r=2 c=1 rs=1 cs=1]
              RenderText {#text} at (2,2) size 30x17
                text run at (2,2) width 30: "Data"
            RenderTableCell {TD} at (74,198) size 34x21 [border: (1px solid #000000)] [r=2 c=2 rs=1 cs=1]
              RenderText {#text} at (2,2) size 30x17
                text run at (2,2) width 30: "Data"
          RenderTableRow {TR} at (0,251) size 110x81
            RenderTableCell {TD} at (2,281) size 34x21 [border: (1px solid #000000)] [r=3 c=0 rs=1 cs=1]
              RenderText {#text} at (2,2) size 30x17
                text run at (2,2) width 30: "Data"
            RenderTableCell {TD} at (38,281) size 34x21 [border: (1px solid #000000)] [r=3 c=1 rs=1 cs=1]
              RenderText {#text} at (2,2) size 30x17
                text run at (2,2) width 30: "Data"
            RenderTableCell {TD} at (74,281) size 34x21 [border: (1px solid #000000)] [r=3 c=2 rs=1 cs=1]
              RenderText {#text} at (2,2) size 30x17
                text run at (2,2) width 30: "Data"
          RenderTableRow {TR} at (0,334) size 110x81
            RenderTableCell {TD} at (2,364) size 34x21 [border: (1px solid #000000)] [r=4 c=0 rs=1 cs=1]
              RenderText {#text} at (2,2) size 30x17
                text run at (2,2) width 30: "Data"
            RenderTableCell {TD} at (38,364) size 34x21 [border: (1px solid #000000)] [r=4 c=1 rs=1 cs=1]
              RenderText {#text} at (2,2) size 30x17
                text run at (2,2) width 30: "Data"
            RenderTableCell {TD} at (74,364) size 34x21 [border: (1px solid #000000)] [r=4 c=2 rs=1 cs=1]
              RenderText {#text} at (2,2) size 30x17
                text run at (2,2) width 30: "Data"
          RenderTableRow {TR} at (0,417) size 110x81
            RenderTableCell {TD} at (2,447) size 34x21 [border: (1px solid #000000)] [r=5 c=0 rs=1 cs=1]
              RenderText {#text} at (2,2) size 30x17
                text run at (2,2) width 30: "Data"
            RenderTableCell {TD} at (38,447) size 34x21 [border: (1px solid #000000)] [r=5 c=1 rs=1 cs=1]
              RenderText {#text} at (2,2) size 30x17
                text run at (2,2) width 30: "Data"
            RenderTableCell {TD} at (74,447) size 34x21 [border: (1px solid #000000)] [r=5 c=2 rs=1 cs=1]
              RenderText {#text} at (2,2) size 30x17
                text run at (2,2) width 30: "Data"
      RenderBlock {P} at (0,921) size 769x35
        RenderText {#text} at (0,0) size 754x34
          text run at (0,0) width 232: "These tables test percentage heights. "
          text run at (232,0) width 522: "The first should be its natural height; the second should be 50% of the height of the"
          text run at (0,17) width 183: "div (600px), which is 300px."
      RenderTable {TABLE} at (0,971) size 110x141
        RenderTableSection {TBODY} at (0,0) size 110x140
          RenderTableRow {TR} at (0,2) size 110x21
            RenderTableCell {TD} at (2,2) size 34x21 [border: (1px solid #000000)] [r=0 c=0 rs=1 cs=1]
              RenderText {#text} at (2,2) size 30x17
                text run at (2,2) width 30: "Data"
            RenderTableCell {TD} at (38,2) size 34x21 [border: (1px solid #000000)] [r=0 c=1 rs=1 cs=1]
              RenderText {#text} at (2,2) size 30x17
                text run at (2,2) width 30: "Data"
            RenderTableCell {TD} at (74,2) size 34x21 [border: (1px solid #000000)] [r=0 c=2 rs=1 cs=1]
              RenderText {#text} at (2,2) size 30x17
                text run at (2,2) width 30: "Data"
          RenderTableRow {TR} at (0,25) size 110x21
            RenderTableCell {TD} at (2,25) size 34x21 [border: (1px solid #000000)] [r=1 c=0 rs=1 cs=1]
              RenderText {#text} at (2,2) size 30x17
                text run at (2,2) width 30: "Data"
            RenderTableCell {TD} at (38,25) size 34x21 [border: (1px solid #000000)] [r=1 c=1 rs=1 cs=1]
              RenderText {#text} at (2,2) size 30x17
                text run at (2,2) width 30: "Data"
            RenderTableCell {TD} at (74,25) size 34x21 [border: (1px solid #000000)] [r=1 c=2 rs=1 cs=1]
              RenderText {#text} at (2,2) size 30x17
                text run at (2,2) width 30: "Data"
          RenderTableRow {TR} at (0,48) size 110x21
            RenderTableCell {TD} at (2,48) size 34x21 [border: (1px solid #000000)] [r=2 c=0 rs=1 cs=1]
              RenderText {#text} at (2,2) size 30x17
                text run at (2,2) width 30: "Data"
            RenderTableCell {TD} at (38,48) size 34x21 [border: (1px solid #000000)] [r=2 c=1 rs=1 cs=1]
              RenderText {#text} at (2,2) size 30x17
                text run at (2,2) width 30: "Data"
            RenderTableCell {TD} at (74,48) size 34x21 [border: (1px solid #000000)] [r=2 c=2 rs=1 cs=1]
              RenderText {#text} at (2,2) size 30x17
                text run at (2,2) width 30: "Data"
          RenderTableRow {TR} at (0,71) size 110x21
            RenderTableCell {TD} at (2,71) size 34x21 [border: (1px solid #000000)] [r=3 c=0 rs=1 cs=1]
              RenderText {#text} at (2,2) size 30x17
                text run at (2,2) width 30: "Data"
            RenderTableCell {TD} at (38,71) size 34x21 [border: (1px solid #000000)] [r=3 c=1 rs=1 cs=1]
              RenderText {#text} at (2,2) size 30x17
                text run at (2,2) width 30: "Data"
            RenderTableCell {TD} at (74,71) size 34x21 [border: (1px solid #000000)] [r=3 c=2 rs=1 cs=1]
              RenderText {#text} at (2,2) size 30x17
                text run at (2,2) width 30: "Data"
          RenderTableRow {TR} at (0,94) size 110x21
            RenderTableCell {TD} at (2,94) size 34x21 [border: (1px solid #000000)] [r=4 c=0 rs=1 cs=1]
              RenderText {#text} at (2,2) size 30x17
                text run at (2,2) width 30: "Data"
            RenderTableCell {TD} at (38,94) size 34x21 [border: (1px solid #000000)] [r=4 c=1 rs=1 cs=1]
              RenderText {#text} at (2,2) size 30x17
                text run at (2,2) width 30: "Data"
            RenderTableCell {TD} at (74,94) size 34x21 [border: (1px solid #000000)] [r=4 c=2 rs=1 cs=1]
              RenderText {#text} at (2,2) size 30x17
                text run at (2,2) width 30: "Data"
          RenderTableRow {TR} at (0,117) size 110x21
            RenderTableCell {TD} at (2,117) size 34x21 [border: (1px solid #000000)] [r=5 c=0 rs=1 cs=1]
              RenderText {#text} at (2,2) size 30x17
                text run at (2,2) width 30: "Data"
            RenderTableCell {TD} at (38,117) size 34x21 [border: (1px solid #000000)] [r=5 c=1 rs=1 cs=1]
              RenderText {#text} at (2,2) size 30x17
                text run at (2,2) width 30: "Data"
            RenderTableCell {TD} at (74,117) size 34x21 [border: (1px solid #000000)] [r=5 c=2 rs=1 cs=1]
              RenderText {#text} at (2,2) size 30x17
                text run at (2,2) width 30: "Data"
      RenderBlock {DIV} at (0,1111) size 769x607 [border: (3px solid #800080)]
        RenderTable {TABLE} at (3,3) size 110x300
          RenderTableSection {TBODY} at (0,0) size 110x300
            RenderTableRow {TR} at (0,2) size 110x48
              RenderTableCell {TD} at (2,15) size 34x22 [border: (1px solid #000000)] [r=0 c=0 rs=1 cs=1]
                RenderText {#text} at (2,1) size 30x18
                  text run at (2,2) width 30: "Data"
              RenderTableCell {TD} at (38,15) size 34x22 [border: (1px solid #000000)] [r=0 c=1 rs=1 cs=1]
                RenderText {#text} at (2,1) size 30x18
                  text run at (2,2) width 30: "Data"
              RenderTableCell {TD} at (74,15) size 34x22 [border: (1px solid #000000)] [r=0 c=2 rs=1 cs=1]
                RenderText {#text} at (2,1) size 30x18
                  text run at (2,2) width 30: "Data"
            RenderTableRow {TR} at (0,51) size 110x49
              RenderTableCell {TD} at (2,64) size 34x22 [border: (1px solid #000000)] [r=1 c=0 rs=1 cs=1]
                RenderText {#text} at (2,1) size 30x18
                  text run at (2,2) width 30: "Data"
              RenderTableCell {TD} at (38,64) size 34x22 [border: (1px solid #000000)] [r=1 c=1 rs=1 cs=1]
                RenderText {#text} at (2,1) size 30x18
                  text run at (2,2) width 30: "Data"
              RenderTableCell {TD} at (74,64) size 34x22 [border: (1px solid #000000)] [r=1 c=2 rs=1 cs=1]
                RenderText {#text} at (2,1) size 30x18
                  text run at (2,2) width 30: "Data"
            RenderTableRow {TR} at (0,101) size 110x48
              RenderTableCell {TD} at (2,114) size 34x22 [border: (1px solid #000000)] [r=2 c=0 rs=1 cs=1]
                RenderText {#text} at (2,1) size 30x18
                  text run at (2,2) width 30: "Data"
              RenderTableCell {TD} at (38,114) size 34x22 [border: (1px solid #000000)] [r=2 c=1 rs=1 cs=1]
                RenderText {#text} at (2,1) size 30x18
                  text run at (2,2) width 30: "Data"
              RenderTableCell {TD} at (74,114) size 34x22 [border: (1px solid #000000)] [r=2 c=2 rs=1 cs=1]
                RenderText {#text} at (2,1) size 30x18
                  text run at (2,2) width 30: "Data"
            RenderTableRow {TR} at (0,150) size 110x49
              RenderTableCell {TD} at (2,164) size 34x22 [border: (1px solid #000000)] [r=3 c=0 rs=1 cs=1]
                RenderText {#text} at (2,1) size 30x18
                  text run at (2,2) width 30: "Data"
              RenderTableCell {TD} at (38,164) size 34x22 [border: (1px solid #000000)] [r=3 c=1 rs=1 cs=1]
                RenderText {#text} at (2,1) size 30x18
                  text run at (2,2) width 30: "Data"
              RenderTableCell {TD} at (74,164) size 34x22 [border: (1px solid #000000)] [r=3 c=2 rs=1 cs=1]
                RenderText {#text} at (2,1) size 30x18
                  text run at (2,2) width 30: "Data"
            RenderTableRow {TR} at (0,200) size 110x49
              RenderTableCell {TD} at (2,213) size 34x22 [border: (1px solid #000000)] [r=4 c=0 rs=1 cs=1]
                RenderText {#text} at (2,1) size 30x18
                  text run at (2,2) width 30: "Data"
              RenderTableCell {TD} at (38,213) size 34x22 [border: (1px solid #000000)] [r=4 c=1 rs=1 cs=1]
                RenderText {#text} at (2,1) size 30x18
                  text run at (2,2) width 30: "Data"
              RenderTableCell {TD} at (74,213) size 34x22 [border: (1px solid #000000)] [r=4 c=2 rs=1 cs=1]
                RenderText {#text} at (2,1) size 30x18
                  text run at (2,2) width 30: "Data"
            RenderTableRow {TR} at (0,250) size 110x48
              RenderTableCell {TD} at (2,263) size 34x22 [border: (1px solid #000000)] [r=5 c=0 rs=1 cs=1]
                RenderText {#text} at (2,1) size 30x18
                  text run at (2,2) width 30: "Data"
              RenderTableCell {TD} at (38,263) size 34x22 [border: (1px solid #000000)] [r=5 c=1 rs=1 cs=1]
                RenderText {#text} at (2,1) size 30x18
                  text run at (2,2) width 30: "Data"
              RenderTableCell {TD} at (74,263) size 34x22 [border: (1px solid #000000)] [r=5 c=2 rs=1 cs=1]
                RenderText {#text} at (2,1) size 30x18
                  text run at (2,2) width 30: "Data"
      RenderBlock {P} at (0,1733) size 769x53
        RenderText {#text} at (0,0) size 150x17
          text run at (0,0) width 150: "The following tests test "
        RenderInline {CODE} at (0,0) size 48x15
          RenderText {#text} at (150,3) size 48x15
            text run at (150,3) width 48: "height"
        RenderText {#text} at (198,0) size 168x17
          text run at (198,0) width 168: " on table rows. A value of "
        RenderInline {CODE} at (0,0) size 32x15
          RenderText {#text} at (366,3) size 32x15
            text run at (366,3) width 32: "auto"
        RenderText {#text} at (398,0) size 765x52
          text run at (398,0) width 316: " requires the minimum height needed by the cells. "
          text run at (714,0) width 24: "In a"
          text run at (0,18) width 765: "simple case, this is just the height of the tallest cell (excluding the increased padding, of course, since with the padding the"
          text run at (0,35) width 173: "cells have the same height):"
      RenderTable {TABLE} at (0,1801) size 110x43
        RenderTableSection {TBODY} at (0,0) size 110x42
          RenderTableRow {TR} at (0,2) size 110x38
            RenderTableCell {TD} at (2,10) size 34x22 [border: (1px solid #000000)] [r=0 c=0 rs=1 cs=1]
              RenderText {#text} at (2,2) size 30x18
                text run at (2,3) width 30: "Data"
            RenderTableCell {TD} at (38,2) size 34x38 [border: (1px solid #000000)] [r=0 c=1 rs=1 cs=1]
              RenderText {#text} at (2,2) size 30x17
                text run at (2,2) width 30: "Data"
              RenderBR {BR} at (32,2) size 0x17
              RenderText {#text} at (2,19) size 30x17
                text run at (2,19) width 30: "Data"
            RenderTableCell {TD} at (74,10) size 34x22 [border: (1px solid #000000)] [r=0 c=2 rs=1 cs=1]
              RenderText {#text} at (2,2) size 30x18
                text run at (2,3) width 30: "Data"
      RenderBlock {P} at (0,1859) size 769x36
        RenderText {#text} at (0,0) size 214x17
          text run at (0,0) width 214: "However, vertical-align values of "
        RenderInline {CODE} at (0,0) size 64x15
          RenderText {#text} at (214,3) size 64x15
            text run at (214,3) width 64: "baseline"
        RenderText {#text} at (278,0) size 747x35
          text run at (278,0) width 469: " (the default, but could be overridden in a UA stylesheet) can make it taller"
          text run at (0,18) width 58: "than that:"
      RenderTable {TABLE} at (0,1910) size 290x140
        RenderTableSection {TBODY} at (0,0) size 290x139
          RenderTableRow {TR} at (0,2) size 290x135
            RenderTableCell {TD} at (2,45) size 34x21 [border: (1px solid #000000)] [r=0 c=0 rs=1 cs=1]
              RenderText {#text} at (2,2) size 30x17
                text run at (2,2) width 30: "Data"
            RenderTableCell {TD} at (38,2) size 124x92 [border: (1px solid #000000)] [r=0 c=1 rs=1 cs=1]
              RenderInline {SPAN} at (0,0) size 120x71
                RenderText {#text} at (2,2) size 120x71
                  text run at (2,2) width 120: "Data"
              RenderBR {BR} at (122,45) size 0x17
              RenderText {#text} at (2,73) size 30x17
                text run at (2,73) width 30: "Data"
            RenderTableCell {TD} at (164,45) size 124x92 [border: (1px solid #000000)] [r=0 c=2 rs=1 cs=1]
              RenderText {#text} at (2,2) size 30x17
                text run at (2,2) width 30: "Data"
              RenderBR {BR} at (32,2) size 0x17
              RenderInline {SPAN} at (0,0) size 120x71
                RenderText {#text} at (2,19) size 120x71
                  text run at (2,19) width 120: "Data"
      RenderBlock {P} at (0,2065) size 769x18
        RenderText {#text} at (0,0) size 527x17
          text run at (0,0) width 527: "The exact same thing should happen when the given height for the row is too small:"
      RenderTable {TABLE} at (0,2098) size 290x140
        RenderTableSection {TBODY} at (0,0) size 290x139
          RenderTableRow {TR} at (0,2) size 290x135
            RenderTableCell {TD} at (2,45) size 34x21 [border: (1px solid #000000)] [r=0 c=0 rs=1 cs=1]
              RenderText {#text} at (2,2) size 30x17
                text run at (2,2) width 30: "Data"
            RenderTableCell {TD} at (38,2) size 124x92 [border: (1px solid #000000)] [r=0 c=1 rs=1 cs=1]
              RenderInline {SPAN} at (0,0) size 120x71
                RenderText {#text} at (2,2) size 120x71
                  text run at (2,2) width 120: "Data"
              RenderBR {BR} at (122,45) size 0x17
              RenderText {#text} at (2,73) size 30x17
                text run at (2,73) width 30: "Data"
            RenderTableCell {TD} at (164,45) size 124x92 [border: (1px solid #000000)] [r=0 c=2 rs=1 cs=1]
              RenderText {#text} at (2,2) size 30x17
                text run at (2,2) width 30: "Data"
              RenderBR {BR} at (32,2) size 0x17
              RenderInline {SPAN} at (0,0) size 120x71
                RenderText {#text} at (2,19) size 120x71
                  text run at (2,19) width 120: "Data"
      RenderBlock {P} at (0,2253) size 769x35
        RenderText {#text} at (0,0) size 743x34
          text run at (0,0) width 743: "Padding should also be able to increase the height (here the first cell has 20px padding-top and the second has 20px of"
          text run at (0,17) width 109: "padding-bottom):"
      RenderTable {TABLE} at (0,2303) size 110x45
        RenderTableSection {TBODY} at (0,0) size 110x44
          RenderTableRow {TR} at (0,2) size 110x40
            RenderTableCell {TD} at (2,2) size 34x40 [border: (1px solid #000000)] [r=0 c=0 rs=1 cs=1]
              RenderText {#text} at (2,21) size 30x17
                text run at (2,21) width 30: "Data"
            RenderTableCell {TD} at (38,2) size 34x40 [border: (1px solid #000000)] [r=0 c=1 rs=1 cs=1]
              RenderText {#text} at (2,2) size 30x17
                text run at (2,2) width 30: "Data"
            RenderTableCell {TD} at (74,11) size 34x22 [border: (1px solid #000000)] [r=0 c=2 rs=1 cs=1]
              RenderText {#text} at (2,2) size 30x18
                text run at (2,3) width 30: "Data"
      RenderTable {TABLE} at (0,2347) size 110x45
        RenderTableSection {TBODY} at (0,0) size 110x44
          RenderTableRow {TR} at (0,2) size 110x40
            RenderTableCell {TD} at (2,2) size 34x40 [border: (1px solid #000000)] [r=0 c=0 rs=1 cs=1]
              RenderText {#text} at (2,21) size 30x17
                text run at (2,21) width 30: "Data"
            RenderTableCell {TD} at (38,2) size 34x40 [border: (1px solid #000000)] [r=0 c=1 rs=1 cs=1]
              RenderText {#text} at (2,2) size 30x17
                text run at (2,2) width 30: "Data"
            RenderTableCell {TD} at (74,11) size 34x22 [border: (1px solid #000000)] [r=0 c=2 rs=1 cs=1]
              RenderText {#text} at (2,2) size 30x18
                text run at (2,3) width 30: "Data"
      RenderBlock {P} at (0,2407) size 769x35
        RenderText {#text} at (0,0) size 754x34
          text run at (0,0) width 481: "These two tables should be 200px tall, because of a height on the table row. "
          text run at (481,0) width 273: "The second one should have its second and"
          text run at (0,17) width 440: "third cell's contents offset from the middle by 10px (bottom, then top):"
      RenderTable {TABLE} at (0,2457) size 290x205
        RenderTableSection {TBODY} at (0,0) size 290x204
          RenderTableRow {TR} at (0,2) size 290x200
            RenderTableCell {TD} at (2,45) size 34x21 [border: (1px solid #000000)] [r=0 c=0 rs=1 cs=1]
              RenderText {#text} at (2,2) size 30x17
                text run at (2,2) width 30: "Data"
            RenderTableCell {TD} at (38,2) size 124x92 [border: (1px solid #000000)] [r=0 c=1 rs=1 cs=1]
              RenderInline {SPAN} at (0,0) size 120x71
                RenderText {#text} at (2,2) size 120x71
                  text run at (2,2) width 120: "Data"
              RenderBR {BR} at (122,45) size 0x17
              RenderText {#text} at (2,73) size 30x17
                text run at (2,73) width 30: "Data"
            RenderTableCell {TD} at (164,45) size 124x92 [border: (1px solid #000000)] [r=0 c=2 rs=1 cs=1]
              RenderText {#text} at (2,2) size 30x17
                text run at (2,2) width 30: "Data"
              RenderBR {BR} at (32,2) size 0x17
              RenderInline {SPAN} at (0,0) size 120x71
                RenderText {#text} at (2,19) size 120x71
                  text run at (2,19) width 120: "Data"
      RenderTable {TABLE} at (0,2661) size 110x205
        RenderTableSection {TBODY} at (0,0) size 110x204
          RenderTableRow {TR} at (0,2) size 110x200
            RenderTableCell {TD} at (2,82) size 34x40 [border: (1px solid #000000)] [r=0 c=0 rs=1 cs=1]
              RenderText {#text} at (2,21) size 30x17
                text run at (2,21) width 30: "Data"
            RenderTableCell {TD} at (38,82) size 34x40 [border: (1px solid #000000)] [r=0 c=1 rs=1 cs=1]
              RenderText {#text} at (2,2) size 30x17
                text run at (2,2) width 30: "Data"
            RenderTableCell {TD} at (74,91) size 34x22 [border: (1px solid #000000)] [r=0 c=2 rs=1 cs=1]
              RenderText {#text} at (2,2) size 30x18
                text run at (2,3) width 30: "Data"
      RenderBlock {P} at (0,2881) size 769x35
        RenderText {#text} at (0,0) size 722x34
          text run at (0,0) width 518: "The behavior of percentage heights on table-row or table-row-group is undefined. "
          text run at (518,0) width 204: "However, I think they should be"
          text run at (0,17) width 276: "ignored, so these tables should look normal:"
      RenderTable {TABLE} at (0,2931) size 110x72
        RenderTableSection {TBODY} at (0,0) size 110x71
          RenderTableRow {TR} at (0,2) size 110x21
            RenderTableCell {TD} at (2,2) size 34x21 [border: (1px solid #000000)] [r=0 c=0 rs=1 cs=1]
              RenderText {#text} at (2,2) size 30x17
                text run at (2,2) width 30: "Data"
            RenderTableCell {TD} at (38,2) size 34x21 [border: (1px solid #000000)] [r=0 c=1 rs=1 cs=1]
              RenderText {#text} at (2,2) size 30x17
                text run at (2,2) width 30: "Data"
            RenderTableCell {TD} at (74,2) size 34x21 [border: (1px solid #000000)] [r=0 c=2 rs=1 cs=1]
              RenderText {#text} at (2,2) size 30x17
                text run at (2,2) width 30: "Data"
          RenderTableRow {TR} at (0,25) size 110x21
            RenderTableCell {TD} at (2,25) size 34x21 [border: (1px solid #000000)] [r=1 c=0 rs=1 cs=1]
              RenderText {#text} at (2,2) size 30x17
                text run at (2,2) width 30: "Data"
            RenderTableCell {TD} at (38,25) size 34x21 [border: (1px solid #000000)] [r=1 c=1 rs=1 cs=1]
              RenderText {#text} at (2,2) size 30x17
                text run at (2,2) width 30: "Data"
            RenderTableCell {TD} at (74,25) size 34x21 [border: (1px solid #000000)] [r=1 c=2 rs=1 cs=1]
              RenderText {#text} at (2,2) size 30x17
                text run at (2,2) width 30: "Data"
          RenderTableRow {TR} at (0,48) size 110x21
            RenderTableCell {TD} at (2,48) size 34x21 [border: (1px solid #000000)] [r=2 c=0 rs=1 cs=1]
              RenderText {#text} at (2,2) size 30x17
                text run at (2,2) width 30: "Data"
            RenderTableCell {TD} at (38,48) size 34x21 [border: (1px solid #000000)] [r=2 c=1 rs=1 cs=1]
              RenderText {#text} at (2,2) size 30x17
                text run at (2,2) width 30: "Data"
            RenderTableCell {TD} at (74,48) size 34x21 [border: (1px solid #000000)] [r=2 c=2 rs=1 cs=1]
              RenderText {#text} at (2,2) size 30x17
                text run at (2,2) width 30: "Data"
      RenderTable {TABLE} at (0,3002) size 110x72
        RenderTableSection {TBODY} at (0,0) size 110x71
          RenderTableRow {TR} at (0,2) size 110x21
            RenderTableCell {TD} at (2,2) size 34x21 [border: (1px solid #000000)] [r=0 c=0 rs=1 cs=1]
              RenderText {#text} at (2,2) size 30x17
                text run at (2,2) width 30: "Data"
            RenderTableCell {TD} at (38,2) size 34x21 [border: (1px solid #000000)] [r=0 c=1 rs=1 cs=1]
              RenderText {#text} at (2,2) size 30x17
                text run at (2,2) width 30: "Data"
            RenderTableCell {TD} at (74,2) size 34x21 [border: (1px solid #000000)] [r=0 c=2 rs=1 cs=1]
              RenderText {#text} at (2,2) size 30x17
                text run at (2,2) width 30: "Data"
          RenderTableRow {TR} at (0,25) size 110x21
            RenderTableCell {TD} at (2,25) size 34x21 [border: (1px solid #000000)] [r=1 c=0 rs=1 cs=1]
              RenderText {#text} at (2,2) size 30x17
                text run at (2,2) width 30: "Data"
            RenderTableCell {TD} at (38,25) size 34x21 [border: (1px solid #000000)] [r=1 c=1 rs=1 cs=1]
              RenderText {#text} at (2,2) size 30x17
                text run at (2,2) width 30: "Data"
            RenderTableCell {TD} at (74,25) size 34x21 [border: (1px solid #000000)] [r=1 c=2 rs=1 cs=1]
              RenderText {#text} at (2,2) size 30x17
                text run at (2,2) width 30: "Data"
          RenderTableRow {TR} at (0,48) size 110x21
            RenderTableCell {TD} at (2,48) size 34x21 [border: (1px solid #000000)] [r=2 c=0 rs=1 cs=1]
              RenderText {#text} at (2,2) size 30x17
                text run at (2,2) width 30: "Data"
            RenderTableCell {TD} at (38,48) size 34x21 [border: (1px solid #000000)] [r=2 c=1 rs=1 cs=1]
              RenderText {#text} at (2,2) size 30x17
                text run at (2,2) width 30: "Data"
            RenderTableCell {TD} at (74,48) size 34x21 [border: (1px solid #000000)] [r=2 c=2 rs=1 cs=1]
              RenderText {#text} at (2,2) size 30x17
                text run at (2,2) width 30: "Data"
      RenderTable {TABLE} at (0,3073) size 110x164
        RenderTableSection {THEAD} at (0,0) size 110x48
          RenderTableRow {TR} at (0,2) size 110x21
            RenderTableCell {TD} at (2,2) size 34x21 [border: (1px solid #000000)] [r=0 c=0 rs=1 cs=1]
              RenderText {#text} at (2,2) size 30x17
                text run at (2,2) width 30: "Data"
            RenderTableCell {TD} at (38,2) size 34x21 [border: (1px solid #000000)] [r=0 c=1 rs=1 cs=1]
              RenderText {#text} at (2,2) size 30x17
                text run at (2,2) width 30: "Data"
            RenderTableCell {TD} at (74,2) size 34x21 [border: (1px solid #000000)] [r=0 c=2 rs=1 cs=1]
              RenderText {#text} at (2,2) size 30x17
                text run at (2,2) width 30: "Data"
          RenderTableRow {TR} at (0,25) size 110x21
            RenderTableCell {TD} at (2,25) size 34x21 [border: (1px solid #000000)] [r=1 c=0 rs=1 cs=1]
              RenderText {#text} at (2,2) size 30x17
                text run at (2,2) width 30: "Data"
            RenderTableCell {TD} at (38,25) size 34x21 [border: (1px solid #000000)] [r=1 c=1 rs=1 cs=1]
              RenderText {#text} at (2,2) size 30x17
                text run at (2,2) width 30: "Data"
            RenderTableCell {TD} at (74,25) size 34x21 [border: (1px solid #000000)] [r=1 c=2 rs=1 cs=1]
              RenderText {#text} at (2,2) size 30x17
                text run at (2,2) width 30: "Data"
        RenderTableSection {TFOOT} at (0,117) size 110x46
          RenderTableRow {TR} at (0,0) size 110x21
            RenderTableCell {TD} at (2,0) size 34x21 [border: (1px solid #000000)] [r=0 c=0 rs=1 cs=1]
              RenderText {#text} at (2,2) size 30x17
                text run at (2,2) width 30: "Data"
            RenderTableCell {TD} at (38,0) size 34x21 [border: (1px solid #000000)] [r=0 c=1 rs=1 cs=1]
              RenderText {#text} at (2,2) size 30x17
                text run at (2,2) width 30: "Data"
            RenderTableCell {TD} at (74,0) size 34x21 [border: (1px solid #000000)] [r=0 c=2 rs=1 cs=1]
              RenderText {#text} at (2,2) size 30x17
                text run at (2,2) width 30: "Data"
          RenderTableRow {TR} at (0,23) size 110x21
            RenderTableCell {TD} at (2,23) size 34x21 [border: (1px solid #000000)] [r=1 c=0 rs=1 cs=1]
              RenderText {#text} at (2,2) size 30x17
                text run at (2,2) width 30: "Data"
            RenderTableCell {TD} at (38,23) size 34x21 [border: (1px solid #000000)] [r=1 c=1 rs=1 cs=1]
              RenderText {#text} at (2,2) size 30x17
                text run at (2,2) width 30: "Data"
            RenderTableCell {TD} at (74,23) size 34x21 [border: (1px solid #000000)] [r=1 c=2 rs=1 cs=1]
              RenderText {#text} at (2,2) size 30x17
                text run at (2,2) width 30: "Data"
        RenderTableSection {TBODY} at (0,48) size 110x69
          RenderTableRow {TR} at (0,0) size 110x21
            RenderTableCell {TD} at (2,0) size 34x21 [border: (1px solid #000000)] [r=0 c=0 rs=1 cs=1]
              RenderText {#text} at (2,2) size 30x17
                text run at (2,2) width 30: "Data"
            RenderTableCell {TD} at (38,0) size 34x21 [border: (1px solid #000000)] [r=0 c=1 rs=1 cs=1]
              RenderText {#text} at (2,2) size 30x17
                text run at (2,2) width 30: "Data"
            RenderTableCell {TD} at (74,0) size 34x21 [border: (1px solid #000000)] [r=0 c=2 rs=1 cs=1]
              RenderText {#text} at (2,2) size 30x17
                text run at (2,2) width 30: "Data"
          RenderTableRow {TR} at (0,23) size 110x21
            RenderTableCell {TD} at (2,23) size 34x21 [border: (1px solid #000000)] [r=1 c=0 rs=1 cs=1]
              RenderText {#text} at (2,2) size 30x17
                text run at (2,2) width 30: "Data"
            RenderTableCell {TD} at (38,23) size 34x21 [border: (1px solid #000000)] [r=1 c=1 rs=1 cs=1]
              RenderText {#text} at (2,2) size 30x17
                text run at (2,2) width 30: "Data"
            RenderTableCell {TD} at (74,23) size 34x21 [border: (1px solid #000000)] [r=1 c=2 rs=1 cs=1]
              RenderText {#text} at (2,2) size 30x17
                text run at (2,2) width 30: "Data"
          RenderTableRow {TR} at (0,46) size 110x21
            RenderTableCell {TD} at (2,46) size 34x21 [border: (1px solid #000000)] [r=2 c=0 rs=1 cs=1]
              RenderText {#text} at (2,2) size 30x17
                text run at (2,2) width 30: "Data"
            RenderTableCell {TD} at (38,46) size 34x21 [border: (1px solid #000000)] [r=2 c=1 rs=1 cs=1]
              RenderText {#text} at (2,2) size 30x17
                text run at (2,2) width 30: "Data"
            RenderTableCell {TD} at (74,46) size 34x21 [border: (1px solid #000000)] [r=2 c=2 rs=1 cs=1]
              RenderText {#text} at (2,2) size 30x17
                text run at (2,2) width 30: "Data"
      RenderTable {TABLE} at (0,3236) size 110x164
        RenderTableSection {THEAD} at (0,0) size 110x48
          RenderTableRow {TR} at (0,2) size 110x21
            RenderTableCell {TD} at (2,2) size 34x21 [border: (1px solid #000000)] [r=0 c=0 rs=1 cs=1]
              RenderText {#text} at (2,2) size 30x17
                text run at (2,2) width 30: "Data"
            RenderTableCell {TD} at (38,2) size 34x21 [border: (1px solid #000000)] [r=0 c=1 rs=1 cs=1]
              RenderText {#text} at (2,2) size 30x17
                text run at (2,2) width 30: "Data"
            RenderTableCell {TD} at (74,2) size 34x21 [border: (1px solid #000000)] [r=0 c=2 rs=1 cs=1]
              RenderText {#text} at (2,2) size 30x17
                text run at (2,2) width 30: "Data"
          RenderTableRow {TR} at (0,25) size 110x21
            RenderTableCell {TD} at (2,25) size 34x21 [border: (1px solid #000000)] [r=1 c=0 rs=1 cs=1]
              RenderText {#text} at (2,2) size 30x17
                text run at (2,2) width 30: "Data"
            RenderTableCell {TD} at (38,25) size 34x21 [border: (1px solid #000000)] [r=1 c=1 rs=1 cs=1]
              RenderText {#text} at (2,2) size 30x17
                text run at (2,2) width 30: "Data"
            RenderTableCell {TD} at (74,25) size 34x21 [border: (1px solid #000000)] [r=1 c=2 rs=1 cs=1]
              RenderText {#text} at (2,2) size 30x17
                text run at (2,2) width 30: "Data"
        RenderTableSection {TFOOT} at (0,117) size 110x46
          RenderTableRow {TR} at (0,0) size 110x21
            RenderTableCell {TD} at (2,0) size 34x21 [border: (1px solid #000000)] [r=0 c=0 rs=1 cs=1]
              RenderText {#text} at (2,2) size 30x17
                text run at (2,2) width 30: "Data"
            RenderTableCell {TD} at (38,0) size 34x21 [border: (1px solid #000000)] [r=0 c=1 rs=1 cs=1]
              RenderText {#text} at (2,2) size 30x17
                text run at (2,2) width 30: "Data"
            RenderTableCell {TD} at (74,0) size 34x21 [border: (1px solid #000000)] [r=0 c=2 rs=1 cs=1]
              RenderText {#text} at (2,2) size 30x17
                text run at (2,2) width 30: "Data"
          RenderTableRow {TR} at (0,23) size 110x21
            RenderTableCell {TD} at (2,23) size 34x21 [border: (1px solid #000000)] [r=1 c=0 rs=1 cs=1]
              RenderText {#text} at (2,2) size 30x17
                text run at (2,2) width 30: "Data"
            RenderTableCell {TD} at (38,23) size 34x21 [border: (1px solid #000000)] [r=1 c=1 rs=1 cs=1]
              RenderText {#text} at (2,2) size 30x17
                text run at (2,2) width 30: "Data"
            RenderTableCell {TD} at (74,23) size 34x21 [border: (1px solid #000000)] [r=1 c=2 rs=1 cs=1]
              RenderText {#text} at (2,2) size 30x17
                text run at (2,2) width 30: "Data"
        RenderTableSection {TBODY} at (0,48) size 110x69
          RenderTableRow {TR} at (0,0) size 110x21
            RenderTableCell {TD} at (2,0) size 34x21 [border: (1px solid #000000)] [r=0 c=0 rs=1 cs=1]
              RenderText {#text} at (2,2) size 30x17
                text run at (2,2) width 30: "Data"
            RenderTableCell {TD} at (38,0) size 34x21 [border: (1px solid #000000)] [r=0 c=1 rs=1 cs=1]
              RenderText {#text} at (2,2) size 30x17
                text run at (2,2) width 30: "Data"
            RenderTableCell {TD} at (74,0) size 34x21 [border: (1px solid #000000)] [r=0 c=2 rs=1 cs=1]
              RenderText {#text} at (2,2) size 30x17
                text run at (2,2) width 30: "Data"
          RenderTableRow {TR} at (0,23) size 110x21
            RenderTableCell {TD} at (2,23) size 34x21 [border: (1px solid #000000)] [r=1 c=0 rs=1 cs=1]
              RenderText {#text} at (2,2) size 30x17
                text run at (2,2) width 30: "Data"
            RenderTableCell {TD} at (38,23) size 34x21 [border: (1px solid #000000)] [r=1 c=1 rs=1 cs=1]
              RenderText {#text} at (2,2) size 30x17
                text run at (2,2) width 30: "Data"
            RenderTableCell {TD} at (74,23) size 34x21 [border: (1px solid #000000)] [r=1 c=2 rs=1 cs=1]
              RenderText {#text} at (2,2) size 30x17
                text run at (2,2) width 30: "Data"
          RenderTableRow {TR} at (0,46) size 110x21
            RenderTableCell {TD} at (2,46) size 34x21 [border: (1px solid #000000)] [r=2 c=0 rs=1 cs=1]
              RenderText {#text} at (2,2) size 30x17
                text run at (2,2) width 30: "Data"
            RenderTableCell {TD} at (38,46) size 34x21 [border: (1px solid #000000)] [r=2 c=1 rs=1 cs=1]
              RenderText {#text} at (2,2) size 30x17
                text run at (2,2) width 30: "Data"
            RenderTableCell {TD} at (74,46) size 34x21 [border: (1px solid #000000)] [r=2 c=2 rs=1 cs=1]
              RenderText {#text} at (2,2) size 30x17
                text run at (2,2) width 30: "Data"
      RenderBlock {P} at (0,3415) size 769x18
        RenderText {#text} at (0,0) size 487x17
          text run at (0,0) width 487: "The following table should look normal, since very small heights get ignored:"
      RenderTable {TABLE} at (0,3448) size 110x26
        RenderTableSection {TBODY} at (0,0) size 110x25
          RenderTableRow {TR} at (0,2) size 110x21
            RenderTableCell {TD} at (2,2) size 34x21 [border: (1px solid #000000)] [r=0 c=0 rs=1 cs=1]
              RenderText {#text} at (2,2) size 30x17
                text run at (2,2) width 30: "Data"
            RenderTableCell {TD} at (38,2) size 34x21 [border: (1px solid #000000)] [r=0 c=1 rs=1 cs=1]
              RenderText {#text} at (2,2) size 30x17
                text run at (2,2) width 30: "Data"
            RenderTableCell {TD} at (74,2) size 34x21 [border: (1px solid #000000)] [r=0 c=2 rs=1 cs=1]
              RenderText {#text} at (2,2) size 30x17
                text run at (2,2) width 30: "Data"
      RenderBlock {P} at (0,3489) size 769x18
        RenderText {#text} at (0,0) size 252x17
          text run at (0,0) width 252: "So should this one, for auto cell heights:"
      RenderTable {TABLE} at (0,3522) size 110x26
        RenderTableSection {TBODY} at (0,0) size 110x25
          RenderTableRow {TR} at (0,2) size 110x21
            RenderTableCell {TD} at (2,2) size 34x21 [border: (1px solid #000000)] [r=0 c=0 rs=1 cs=1]
              RenderText {#text} at (2,2) size 30x17
                text run at (2,2) width 30: "Data"
            RenderTableCell {TD} at (38,2) size 34x21 [border: (1px solid #000000)] [r=0 c=1 rs=1 cs=1]
              RenderText {#text} at (2,2) size 30x17
                text run at (2,2) width 30: "Data"
            RenderTableCell {TD} at (74,2) size 34x21 [border: (1px solid #000000)] [r=0 c=2 rs=1 cs=1]
              RenderText {#text} at (2,2) size 30x17
                text run at (2,2) width 30: "Data"
      RenderBlock {P} at (0,3563) size 769x18
        RenderText {#text} at (0,0) size 627x17
          text run at (0,0) width 627: "These tables should look the same - all cells should be 100px tall with the text at the top of the cells:"
      RenderTable {TABLE} at (0,3596) size 110x109
        RenderTableSection {TBODY} at (0,0) size 110x108
          RenderTableRow {TR} at (0,2) size 110x104
            RenderTableCell {TD} at (2,2) size 34x21 [border: (1px solid #000000)] [r=0 c=0 rs=1 cs=1]
              RenderText {#text} at (2,2) size 30x17
                text run at (2,2) width 30: "Data"
            RenderTableCell {TD} at (38,2) size 34x21 [border: (1px solid #000000)] [r=0 c=1 rs=1 cs=1]
              RenderText {#text} at (2,2) size 30x17
                text run at (2,2) width 30: "Data"
            RenderTableCell {TD} at (74,2) size 34x21 [border: (1px solid #000000)] [r=0 c=2 rs=1 cs=1]
              RenderText {#text} at (2,2) size 30x17
                text run at (2,2) width 30: "Data"
      RenderTable {TABLE} at (0,3704) size 110x109
        RenderTableSection {TBODY} at (0,0) size 110x108
          RenderTableRow {TR} at (0,2) size 110x104
            RenderTableCell {TD} at (2,43) size 34x22 [border: (1px solid #000000)] [r=0 c=0 rs=1 cs=1]
              RenderText {#text} at (2,2) size 30x18
                text run at (2,3) width 30: "Data"
            RenderTableCell {TD} at (38,43) size 34x22 [border: (1px solid #000000)] [r=0 c=1 rs=1 cs=1]
              RenderText {#text} at (2,2) size 30x18
                text run at (2,3) width 30: "Data"
            RenderTableCell {TD} at (74,43) size 34x22 [border: (1px solid #000000)] [r=0 c=2 rs=1 cs=1]
              RenderText {#text} at (2,2) size 30x18
                text run at (2,3) width 30: "Data"
      RenderTable {TABLE} at (0,3812) size 110x109
        RenderTableSection {TBODY} at (0,0) size 110x108
          RenderTableRow {TR} at (0,2) size 110x104
            RenderTableCell {TD} at (2,2) size 34x21 [border: (1px solid #000000)] [r=0 c=0 rs=1 cs=1]
              RenderText {#text} at (2,2) size 30x17
                text run at (2,2) width 30: "Data"
            RenderTableCell {TD} at (38,2) size 34x21 [border: (1px solid #000000)] [r=0 c=1 rs=1 cs=1]
              RenderText {#text} at (2,2) size 30x17
                text run at (2,2) width 30: "Data"
            RenderTableCell {TD} at (74,2) size 34x21 [border: (1px solid #000000)] [r=0 c=2 rs=1 cs=1]
              RenderText {#text} at (2,2) size 30x17
                text run at (2,2) width 30: "Data"
      RenderTable {TABLE} at (0,3920) size 110x109
        RenderTableSection {TBODY} at (0,0) size 110x108
          RenderTableRow {TR} at (0,2) size 110x104
            RenderTableCell {TD} at (2,2) size 34x21 [border: (1px solid #000000)] [r=0 c=0 rs=1 cs=1]
              RenderText {#text} at (2,2) size 30x17
                text run at (2,2) width 30: "Data"
            RenderTableCell {TD} at (38,2) size 34x21 [border: (1px solid #000000)] [r=0 c=1 rs=1 cs=1]
              RenderText {#text} at (2,2) size 30x17
                text run at (2,2) width 30: "Data"
            RenderTableCell {TD} at (74,2) size 34x21 [border: (1px solid #000000)] [r=0 c=2 rs=1 cs=1]
              RenderText {#text} at (2,2) size 30x17
                text run at (2,2) width 30: "Data"
      RenderBlock {P} at (0,4044) size 769x18
        RenderText {#text} at (0,0) size 715x17
          text run at (0,0) width 715: "In these four tables, the text should be 20px lower each cell, but should otherwise look like the above three tables:"
      RenderTable {TABLE} at (0,4077) size 106x109
        RenderTableSection {TBODY} at (0,0) size 106x108
          RenderTableRow {TR} at (0,2) size 106x104
            RenderTableCell {TD} at (2,2) size 34x21 [border: (1px solid #000000)] [r=0 c=0 rs=1 cs=1]
              RenderText {#text} at (2,2) size 30x17
                text run at (2,2) width 30: "Data"
            RenderTableCell {TD} at (38,2) size 32x59 [border: (1px solid #000000)] [r=0 c=1 rs=1 cs=1]
              RenderText {#text} at (1,21) size 30x17
                text run at (1,21) width 30: "Data"
            RenderTableCell {TD} at (72,2) size 32x99 [border: (1px solid #000000)] [r=0 c=2 rs=1 cs=1]
              RenderText {#text} at (1,41) size 30x17
                text run at (1,41) width 30: "Data"
      RenderTable {TABLE} at (0,4185) size 106x109
        RenderTableSection {TBODY} at (0,0) size 106x108
          RenderTableRow {TR} at (0,2) size 106x104
            RenderTableCell {TD} at (2,2) size 34x21 [border: (1px solid #000000)] [r=0 c=0 rs=1 cs=1]
              RenderText {#text} at (2,2) size 30x17
                text run at (2,2) width 30: "Data"
            RenderTableCell {TD} at (38,2) size 32x39 [border: (1px solid #000000)] [r=0 c=1 rs=1 cs=1]
              RenderText {#text} at (1,21) size 30x17
                text run at (1,21) width 30: "Data"
            RenderTableCell {TD} at (72,2) size 32x59 [border: (1px solid #000000)] [r=0 c=2 rs=1 cs=1]
              RenderText {#text} at (1,41) size 30x17
                text run at (1,41) width 30: "Data"
      RenderTable {TABLE} at (0,4293) size 106x109
        RenderTableSection {TBODY} at (0,0) size 106x108
          RenderTableRow {TR} at (0,2) size 106x104
            RenderTableCell {TD} at (2,43) size 34x22 [border: (1px solid #000000)] [r=0 c=0 rs=1 cs=1]
              RenderText {#text} at (2,2) size 30x18
                text run at (2,3) width 30: "Data"
            RenderTableCell {TD} at (38,24) size 32x60 [border: (1px solid #000000)] [r=0 c=1 rs=1 cs=1]
              RenderText {#text} at (1,21) size 30x18
                text run at (1,22) width 30: "Data"
            RenderTableCell {TD} at (72,4) size 32x100 [border: (1px solid #000000)] [r=0 c=2 rs=1 cs=1]
              RenderText {#text} at (1,41) size 30x18
                text run at (1,42) width 30: "Data"
      RenderTable {TABLE} at (0,4401) size 110x109
        RenderTableSection {TBODY} at (0,0) size 110x108
          RenderTableRow {TR} at (0,2) size 110x104
            RenderTableCell {TD} at (2,43) size 34x22 [border: (1px solid #000000)] [r=0 c=0 rs=1 cs=1]
              RenderText {#text} at (2,2) size 30x18
                text run at (2,3) width 30: "Data"
            RenderTableCell {TD} at (38,43) size 34x22 [border: (1px solid #000000)] [r=0 c=1 rs=1 cs=1]
              RenderText {#text} at (2,2) size 30x18
                text run at (2,3) width 30: "Data"
            RenderTableCell {TD} at (74,43) size 34x22 [border: (1px solid #000000)] [r=0 c=2 rs=1 cs=1]
              RenderText {#text} at (2,2) size 30x18
                text run at (2,3) width 30: "Data"
      RenderBlock {P} at (0,4525) size 769x18
        RenderText {#text} at (0,0) size 370x17
          text run at (0,0) width 370: "These should have the text 40px from the top in every cell:"
      RenderTable {TABLE} at (0,4558) size 106x108
        RenderTableSection {TBODY} at (0,0) size 106x107
          RenderTableRow {TR} at (0,2) size 106x103
            RenderTableCell {TD} at (2,41) size 34x21 [border: (1px solid #000000)] [r=0 c=0 rs=1 cs=1]
              RenderText {#text} at (2,2) size 30x17
                text run at (2,2) width 30: "Data"
            RenderTableCell {TD} at (38,22) size 32x59 [border: (1px solid #000000)] [r=0 c=1 rs=1 cs=1]
              RenderText {#text} at (1,21) size 30x17
                text run at (1,21) width 30: "Data"
            RenderTableCell {TD} at (72,2) size 32x99 [border: (1px solid #000000)] [r=0 c=2 rs=1 cs=1]
              RenderText {#text} at (1,41) size 30x17
                text run at (1,41) width 30: "Data"
      RenderTable {TABLE} at (0,4665) size 106x107
        RenderTableSection {TBODY} at (0,0) size 106x106
          RenderTableRow {TR} at (0,2) size 106x102
            RenderTableCell {TD} at (2,41) size 34x21 [border: (1px solid #000000)] [r=0 c=0 rs=1 cs=1]
              RenderText {#text} at (2,2) size 30x17
                text run at (2,2) width 30: "Data"
            RenderTableCell {TD} at (38,22) size 32x39 [border: (1px solid #000000)] [r=0 c=1 rs=1 cs=1]
              RenderText {#text} at (1,21) size 30x17
                text run at (1,21) width 30: "Data"
            RenderTableCell {TD} at (72,2) size 32x59 [border: (1px solid #000000)] [r=0 c=2 rs=1 cs=1]
              RenderText {#text} at (1,41) size 30x17
                text run at (1,41) width 30: "Data"
      RenderTable {TABLE} at (0,4771) size 106x107
        RenderTableSection {TBODY} at (0,0) size 106x106
          RenderTableRow {TR} at (0,2) size 106x102
            RenderTableCell {TD} at (2,42) size 34x22 [border: (1px solid #000000)] [r=0 c=0 rs=1 cs=1]
              RenderText {#text} at (2,2) size 30x18
                text run at (2,3) width 30: "Data"
            RenderTableCell {TD} at (38,23) size 32x60 [border: (1px solid #000000)] [r=0 c=1 rs=1 cs=1]
              RenderText {#text} at (1,21) size 30x18
                text run at (1,22) width 30: "Data"
            RenderTableCell {TD} at (72,3) size 32x100 [border: (1px solid #000000)] [r=0 c=2 rs=1 cs=1]
              RenderText {#text} at (1,41) size 30x18
                text run at (1,42) width 30: "Data"
      RenderTable {TABLE} at (0,4877) size 106x107
        RenderTableSection {TBODY} at (0,0) size 106x106
          RenderTableRow {TR} at (0,2) size 106x102
            RenderTableCell {TD} at (2,83) size 34x21 [border: (1px solid #000000)] [r=0 c=0 rs=1 cs=1]
              RenderText {#text} at (2,2) size 30x17
                text run at (2,2) width 30: "Data"
            RenderTableCell {TD} at (38,45) size 32x59 [border: (1px solid #000000)] [r=0 c=1 rs=1 cs=1]
              RenderText {#text} at (1,21) size 30x17
                text run at (1,21) width 30: "Data"
            RenderTableCell {TD} at (72,5) size 32x99 [border: (1px solid #000000)] [r=0 c=2 rs=1 cs=1]
              RenderText {#text} at (1,41) size 30x17
                text run at (1,41) width 30: "Data"
      RenderTable {TABLE} at (0,4983) size 106x69
        RenderTableSection {TBODY} at (0,0) size 106x68
          RenderTableRow {TR} at (0,2) size 106x64
            RenderTableCell {TD} at (2,45) size 34x21 [border: (1px solid #000000)] [r=0 c=0 rs=1 cs=1]
              RenderText {#text} at (2,2) size 30x17
                text run at (2,2) width 30: "Data"
            RenderTableCell {TD} at (38,27) size 32x39 [border: (1px solid #000000)] [r=0 c=1 rs=1 cs=1]
              RenderText {#text} at (1,1) size 30x17
                text run at (1,1) width 30: "Data"
            RenderTableCell {TD} at (72,7) size 32x59 [border: (1px solid #000000)] [r=0 c=2 rs=1 cs=1]
              RenderText {#text} at (1,1) size 30x17
                text run at (1,1) width 30: "Data"
      RenderBlock {P} at (0,5067) size 769x35
        RenderText {#text} at (0,0) size 749x34
          text run at (0,0) width 749: "In each of the following tables, three of the cells should have the same baseline of the first line, and the three so marked"
          text run at (0,17) width 269: "should be aligned top, middle, and bottom:"
      RenderTable {TABLE} at (0,5117) size 458x116
        RenderTableSection {TBODY} at (0,0) size 458x115
          RenderTableRow {TR} at (0,2) size 458x111
            RenderTableCell {TD} at (2,74) size 34x21 [border: (1px solid #000000)] [r=0 c=0 rs=1 cs=1]
              RenderText {#text} at (2,2) size 30x17
                text run at (2,2) width 30: "Data"
            RenderTableCell {TD} at (38,45) size 94x57 [border: (1px solid #000000)] [r=0 c=1 rs=1 cs=1]
              RenderText {#text} at (2,2) size 90x53
                text run at (2,2) width 90: "Data"
            RenderTableCell {TD} at (134,2) size 186x111 [border: (1px solid #000000)] [r=0 c=2 rs=1 cs=1]
              RenderText {#text} at (2,2) size 182x107
                text run at (2,2) width 182: "Data"
            RenderTableCell {TD} at (322,2) size 30x21 [border: (1px solid #000000)] [r=0 c=3 rs=1 cs=1]
              RenderText {#text} at (2,2) size 26x17
                text run at (2,2) width 26: "Top"
            RenderTableCell {TD} at (354,47) size 49x21 [border: (1px solid #000000)] [r=0 c=4 rs=1 cs=1]
              RenderText {#text} at (2,2) size 45x17
                text run at (2,2) width 45: "Middle"
            RenderTableCell {TD} at (405,92) size 51x21 [border: (1px solid #000000)] [r=0 c=5 rs=1 cs=1]
              RenderText {#text} at (2,2) size 47x17
                text run at (2,2) width 47: "Bottom"
      RenderTable {TABLE} at (0,5232) size 458x116
        RenderTableSection {TBODY} at (0,0) size 458x115
          RenderTableRow {TR} at (0,2) size 458x111
            RenderTableCell {TD} at (2,2) size 30x21 [border: (1px solid #000000)] [r=0 c=0 rs=1 cs=1]
              RenderText {#text} at (2,2) size 26x17
                text run at (2,2) width 26: "Top"
            RenderTableCell {TD} at (34,47) size 49x21 [border: (1px solid #000000)] [r=0 c=1 rs=1 cs=1]
              RenderText {#text} at (2,2) size 45x17
                text run at (2,2) width 45: "Middle"
            RenderTableCell {TD} at (85,92) size 51x21 [border: (1px solid #000000)] [r=0 c=2 rs=1 cs=1]
              RenderText {#text} at (2,2) size 47x17
                text run at (2,2) width 47: "Bottom"
            RenderTableCell {TD} at (138,2) size 186x111 [border: (1px solid #000000)] [r=0 c=3 rs=1 cs=1]
              RenderText {#text} at (2,2) size 182x107
                text run at (2,2) width 182: "Data"
            RenderTableCell {TD} at (326,74) size 34x21 [border: (1px solid #000000)] [r=0 c=4 rs=1 cs=1]
              RenderText {#text} at (2,2) size 30x17
                text run at (2,2) width 30: "Data"
            RenderTableCell {TD} at (362,45) size 94x57 [border: (1px solid #000000)] [r=0 c=5 rs=1 cs=1]
              RenderText {#text} at (2,2) size 90x53
                text run at (2,2) width 90: "Data"
      RenderTable {TABLE} at (0,5347) size 458x116
        RenderTableSection {TBODY} at (0,0) size 458x115
          RenderTableRow {TR} at (0,2) size 458x111
            RenderTableCell {TD} at (2,2) size 186x111 [border: (1px solid #000000)] [r=0 c=0 rs=1 cs=1]
              RenderText {#text} at (2,2) size 182x107
                text run at (2,2) width 182: "Data"
            RenderTableCell {TD} at (190,2) size 30x21 [border: (1px solid #000000)] [r=0 c=1 rs=1 cs=1]
              RenderText {#text} at (2,2) size 26x17
                text run at (2,2) width 26: "Top"
            RenderTableCell {TD} at (222,47) size 49x21 [border: (1px solid #000000)] [r=0 c=2 rs=1 cs=1]
              RenderText {#text} at (2,2) size 45x17
                text run at (2,2) width 45: "Middle"
            RenderTableCell {TD} at (273,74) size 34x21 [border: (1px solid #000000)] [r=0 c=3 rs=1 cs=1]
              RenderText {#text} at (2,2) size 30x17
                text run at (2,2) width 30: "Data"
            RenderTableCell {TD} at (309,92) size 51x21 [border: (1px solid #000000)] [r=0 c=4 rs=1 cs=1]
              RenderText {#text} at (2,2) size 47x17
                text run at (2,2) width 47: "Bottom"
            RenderTableCell {TD} at (362,45) size 94x57 [border: (1px solid #000000)] [r=0 c=5 rs=1 cs=1]
              RenderText {#text} at (2,2) size 90x53
                text run at (2,2) width 90: "Data"
      RenderTable {TABLE} at (0,5462) size 458x116
        RenderTableSection {TBODY} at (0,0) size 458x115
          RenderTableRow {TR} at (0,2) size 458x111
            RenderTableCell {TD} at (2,2) size 30x21 [border: (1px solid #000000)] [r=0 c=0 rs=1 cs=1]
              RenderText {#text} at (2,2) size 26x17
                text run at (2,2) width 26: "Top"
            RenderTableCell {TD} at (34,74) size 34x21 [border: (1px solid #000000)] [r=0 c=1 rs=1 cs=1]
              RenderText {#text} at (2,2) size 30x17
                text run at (2,2) width 30: "Data"
            RenderTableCell {TD} at (70,45) size 94x57 [border: (1px solid #000000)] [r=0 c=2 rs=1 cs=1]
              RenderText {#text} at (2,2) size 90x53
                text run at (2,2) width 90: "Data"
            RenderTableCell {TD} at (166,47) size 49x21 [border: (1px solid #000000)] [r=0 c=3 rs=1 cs=1]
              RenderText {#text} at (2,2) size 45x17
                text run at (2,2) width 45: "Middle"
            RenderTableCell {TD} at (217,92) size 51x21 [border: (1px solid #000000)] [r=0 c=4 rs=1 cs=1]
              RenderText {#text} at (2,2) size 47x17
                text run at (2,2) width 47: "Bottom"
            RenderTableCell {TD} at (270,2) size 186x111 [border: (1px solid #000000)] [r=0 c=5 rs=1 cs=1]
              RenderText {#text} at (2,2) size 182x107
                text run at (2,2) width 182: "Data"
      RenderTable {TABLE} at (0,5577) size 458x116
        RenderTableSection {TBODY} at (0,0) size 458x115
          RenderTableRow {TR} at (0,2) size 458x111
            RenderTableCell {TD} at (2,2) size 30x21 [border: (1px solid #000000)] [r=0 c=0 rs=1 cs=1]
              RenderText {#text} at (2,2) size 26x17
                text run at (2,2) width 26: "Top"
            RenderTableCell {TD} at (34,45) size 94x57 [border: (1px solid #000000)] [r=0 c=1 rs=1 cs=1]
              RenderText {#text} at (2,2) size 90x53
                text run at (2,2) width 90: "Data"
            RenderTableCell {TD} at (130,92) size 51x21 [border: (1px solid #000000)] [r=0 c=2 rs=1 cs=1]
              RenderText {#text} at (2,2) size 47x17
                text run at (2,2) width 47: "Bottom"
            RenderTableCell {TD} at (183,74) size 34x21 [border: (1px solid #000000)] [r=0 c=3 rs=1 cs=1]
              RenderText {#text} at (2,2) size 30x17
                text run at (2,2) width 30: "Data"
            RenderTableCell {TD} at (219,2) size 186x111 [border: (1px solid #000000)] [r=0 c=4 rs=1 cs=1]
              RenderText {#text} at (2,2) size 182x107
                text run at (2,2) width 182: "Data"
            RenderTableCell {TD} at (407,47) size 49x21 [border: (1px solid #000000)] [r=0 c=5 rs=1 cs=1]
              RenderText {#text} at (2,2) size 45x17
                text run at (2,2) width 45: "Middle"
      RenderBlock {HR} at (0,5700) size 769x3 [border: (1px inset #000000)]
      RenderBlock {P} at (0,5718) size 769x35
        RenderInline {A} at (0,0) size 88x17 [color=#0000EE]
          RenderImage {IMG} at (0,0) size 88x31
      RenderBlock {P} at (0,5768) size 769x18
        RenderText {#text} at (0,0) size 58x17
          text run at (0,0) width 58: "(Back to "
        RenderInline {A} at (0,0) size 158x17 [color=#0000EE]
          RenderText {#text} at (58,0) size 158x17
            text run at (58,0) width 158: "CSS Testing Information"
        RenderText {#text} at (216,0) size 8x17
          text run at (216,0) width 8: ", "
        RenderInline {A} at (0,0) size 82x17 [color=#0000EE]
          RenderText {#text} at (224,0) size 82x17
            text run at (224,0) width 82: "David Baron"
        RenderText {#text} at (306,0) size 5x17
          text run at (306,0) width 5: ")"
      RenderBlock {P} at (0,5801) size 769x18
        RenderInline {A} at (0,0) size 33x17 [color=#0000EE]
          RenderText {#text} at (0,0) size 33x17
            text run at (0,0) width 33: "LDB"
        RenderText {#text} at (33,0) size 8x17
          text run at (33,0) width 8: ", "
        RenderInline {A} at (0,0) size 156x17 [color=#0000EE]
          RenderText {#text} at (41,0) size 156x17
            text run at (41,0) width 156: "dbaron@fas.harvard.edu"
