layer at (0,0) size 800x600
  RenderView at (0,0) size 800x600
layer at (0,0) size 800x600
  RenderBlock {HTML} at (0,0) size 800x600
    RenderBody {BODY} at (8,8) size 784x584
      RenderBlock (anonymous) at (0,0) size 784x34
        RenderText {#text} at (0,0) size 262x17
          text run at (0,0) width 262: "Tables: both lines should be 1 pixel thick."
        RenderBR {BR} at (262,14) size 0x0
        RenderBR {BR} at (0,17) size 0x17
      RenderTable {TABLE} at (0,34) size 37x5
        RenderTableSection {TBODY} at (0,0) size 37x5
          RenderTableRow {TR} at (0,2) size 37x1
            RenderTableCell {TD} at (2,2) size 31x1 [bgcolor=#FF0000] [r=0 c=0 rs=1 cs=1]
              RenderImage {IMG} at (0,0) size 30x1
            RenderTableCell {TD} at (35,2) size 0x0 [r=0 c=1 rs=1 cs=1]
      RenderBlock (anonymous) at (0,39) size 784x17
        RenderBR {BR} at (0,0) size 0x17
      RenderTable {TABLE} at (0,56) size 34x5
        RenderTableSection {TBODY} at (0,0) size 34x5
          RenderTableRow {TR} at (0,2) size 34x1
            RenderTableCell {TD} at (2,2) size 30x1 [bgcolor=#FF0000] [r=0 c=0 rs=1 cs=1]
              RenderImage {IMG} at (0,0) size 30x1
      RenderBlock (anonymous) at (0,61) size 784x163
        RenderBR {BR} at (0,0) size 0x17
        RenderBR {BR} at (0,17) size 0x17
        RenderBR {BR} at (0,34) size 0x17
        RenderText {#text} at (0,51) size 397x17
          text run at (0,51) width 222: "2 texts, FACE=\"Arial, Helvetica\", "
          text run at (222,51) width 175: "1st at size=0, 2nd at size=-4"
        RenderBR {BR} at (397,65) size 0x0
        RenderBR {BR} at (0,68) size 0x17
        RenderInline {FONT} at (0,0) size 104x22
          RenderText {#text} at (0,85) size 104x11
            text run at (0,85) width 104: "Detonator 3.53 Drivers"
          RenderBR {BR} at (104,94) size 0x0
          RenderText {#text} at (0,96) size 75x11
            text run at (0,96) width 75: "Available NOW! "
        RenderBR {BR} at (75,105) size 0x0
        RenderBR {BR} at (0,107) size 0x17
        RenderInline {FONT} at (0,0) size 104x22
          RenderText {#text} at (0,124) size 104x11
            text run at (0,124) width 104: "Detonator 3.53 Drivers"
          RenderBR {BR} at (104,133) size 0x0
          RenderText {#text} at (0,135) size 75x11
            text run at (0,135) width 75: "Available NOW! "
        RenderBR {BR} at (75,144) size 0x0
        RenderBR {BR} at (0,146) size 0x17
