layer at (0,0) size 785x870
  RenderView at (0,0) size 785x600
layer at (0,0) size 785x870
  RenderBlock {HTML} at (0,0) size 785x870
    RenderBody {BODY} at (8,8) size 769x854
      RenderBlock {DIV} at (0,0) size 769x165
        RenderBlock {HR} at (0,0) size 769x2 [border: (1px inset #000000)]
        RenderBlock {P} at (0,18) size 769x17
          RenderInline {B} at (0,0) size 331x17
            RenderText {#text} at (219,0) size 331x17
              text run at (219,0) width 331: "Tables I, II, III, IV (cellpadding=0 cellspacing=5)"
        RenderTable {TABLE} at (91,51) size 587x114 [bgcolor=#FFCC00] [border: (1px outset #808080)]
          RenderTableSection {TBODY} at (1,1) size 585x112
            RenderTableRow {TR} at (0,2) size 585x108
              RenderTableCell {TD} at (2,2) size 154x108 [border: (1px inset #808080)] [r=0 c=0 rs=1 cs=1]
                RenderTable {TABLE} at (6,6) size 142x96 [bgcolor=#FFFFFF] [border: (1px outset #808080)]
                  RenderBlock {CAPTION} at (0,0) size 142x17
                    RenderInline {NOBR} at (0,0) size 46x17
                      RenderText {#text} at (48,0) size 46x17
                        text run at (48,0) width 46: "Table I"
                  RenderTableSection {TBODY} at (1,18) size 140x77
                    RenderTableRow {TR} at (0,5) size 140x19
                      RenderTableCell {TD} at (5,5) size 22x19 [border: (1px inset #808080)] [r=0 c=0 rs=1 cs=1]
                        RenderText {#text} at (1,1) size 20x17
                          text run at (1,1) width 20: "1,1"
                      RenderTableCell {TD} at (32,5) size 22x19 [border: (1px inset #808080)] [r=0 c=1 rs=1 cs=1]
                        RenderText {#text} at (1,1) size 20x17
                          text run at (1,1) width 20: "1,2"
                      RenderTableCell {TD} at (59,5) size 22x19 [border: (1px inset #808080)] [r=0 c=2 rs=1 cs=1]
                        RenderText {#text} at (1,1) size 20x17
                          text run at (1,1) width 20: "1,3"
                      RenderTableCell {TD} at (86,5) size 22x19 [border: (1px inset #808080)] [r=0 c=3 rs=1 cs=1]
                        RenderText {#text} at (1,1) size 20x17
                          text run at (1,1) width 20: "1,4"
                      RenderTableCell {TD} at (113,5) size 22x19 [border: (1px inset #808080)] [r=0 c=4 rs=1 cs=1]
                        RenderText {#text} at (1,1) size 20x17
                          text run at (1,1) width 20: "1,5"
                    RenderTableRow {TR} at (0,29) size 140x19
                      RenderTableCell {TD} at (5,29) size 22x19 [border: (1px inset #808080)] [r=1 c=0 rs=1 cs=1]
                        RenderText {#text} at (1,1) size 20x17
                          text run at (1,1) width 20: "2,1"
                      RenderTableCell {TD} at (32,29) size 22x19 [border: (1px inset #808080)] [r=1 c=1 rs=1 cs=1]
                        RenderText {#text} at (1,1) size 20x17
                          text run at (1,1) width 20: "2,2"
                      RenderTableCell {TD} at (59,29) size 22x19 [border: (1px inset #808080)] [r=1 c=2 rs=1 cs=1]
                        RenderText {#text} at (1,1) size 20x17
                          text run at (1,1) width 20: "2,3"
                      RenderTableCell {TD} at (86,29) size 22x19 [border: (1px inset #808080)] [r=1 c=3 rs=1 cs=1]
                        RenderText {#text} at (1,1) size 20x17
                          text run at (1,1) width 20: "2,4"
                      RenderTableCell {TD} at (113,29) size 22x19 [border: (1px inset #808080)] [r=1 c=4 rs=1 cs=1]
                        RenderText {#text} at (1,1) size 20x17
                          text run at (1,1) width 20: "2,5"
                    RenderTableRow {TR} at (0,53) size 140x19
                      RenderTableCell {TD} at (5,53) size 22x19 [border: (1px inset #808080)] [r=2 c=0 rs=1 cs=1]
                        RenderText {#text} at (1,1) size 20x17
                          text run at (1,1) width 20: "3,1"
                      RenderTableCell {TD} at (32,53) size 22x19 [bgcolor=#FFFF66] [border: (1px inset #808080)] [r=2 c=1 rs=1 cs=1]
                        RenderText {#text} at (1,1) size 20x17
                          text run at (1,1) width 20: "3,2"
                      RenderTableCell {TD} at (59,53) size 22x19 [bgcolor=#FFFF66] [border: (1px inset #808080)] [r=2 c=2 rs=1 cs=1]
                        RenderText {#text} at (1,1) size 20x17
                          text run at (1,1) width 20: "3,3"
                      RenderTableCell {TD} at (86,53) size 22x19 [bgcolor=#FFFF66] [border: (1px inset #808080)] [r=2 c=3 rs=1 cs=1]
                        RenderText {#text} at (1,1) size 20x17
                          text run at (1,1) width 20: "3,4"
                      RenderTableCell {TD} at (113,53) size 22x19 [border: (1px inset #808080)] [r=2 c=4 rs=1 cs=1]
                        RenderText {#text} at (1,1) size 20x17
                          text run at (1,1) width 20: "3,5"
              RenderTableCell {TD} at (158,2) size 154x108 [border: (1px inset #808080)] [r=0 c=1 rs=1 cs=1]
                RenderTable {TABLE} at (6,6) size 142x96 [bgcolor=#FFFFFF] [border: (1px outset #808080)]
                  RenderBlock {CAPTION} at (0,0) size 142x17
                    RenderInline {NOBR} at (0,0) size 50x17
                      RenderText {#text} at (46,0) size 50x17
                        text run at (46,0) width 50: "Table II"
                  RenderTableSection {TBODY} at (1,18) size 140x77
                    RenderTableRow {TR} at (0,5) size 140x19
                      RenderTableCell {TD} at (5,5) size 22x19 [border: (1px inset #808080)] [r=0 c=0 rs=1 cs=1]
                        RenderText {#text} at (1,1) size 20x17
                          text run at (1,1) width 20: "1,1"
                      RenderTableCell {TD} at (32,5) size 49x19 [border: (1px inset #808080)] [r=0 c=1 rs=1 cs=2]
                        RenderText {#text} at (1,1) size 20x17
                          text run at (1,1) width 20: "1,2"
                      RenderTableCell {TD} at (86,5) size 22x19 [border: (1px inset #808080)] [r=0 c=3 rs=1 cs=1]
                        RenderText {#text} at (1,1) size 20x17
                          text run at (1,1) width 20: "1,4"
                      RenderTableCell {TD} at (113,5) size 22x19 [border: (1px inset #808080)] [r=0 c=4 rs=1 cs=1]
                        RenderText {#text} at (1,1) size 20x17
                          text run at (1,1) width 20: "1,5"
                    RenderTableRow {TR} at (0,29) size 140x19
                      RenderTableCell {TD} at (5,29) size 22x19 [border: (1px inset #808080)] [r=1 c=0 rs=1 cs=1]
                        RenderText {#text} at (1,1) size 20x17
                          text run at (1,1) width 20: "2,1"
                      RenderTableCell {TD} at (32,29) size 22x19 [border: (1px inset #808080)] [r=1 c=1 rs=1 cs=1]
                        RenderText {#text} at (1,1) size 20x17
                          text run at (1,1) width 20: "2,2"
                      RenderTableCell {TD} at (59,29) size 49x19 [border: (1px inset #808080)] [r=1 c=2 rs=1 cs=2]
                        RenderText {#text} at (1,1) size 20x17
                          text run at (1,1) width 20: "2,3"
                      RenderTableCell {TD} at (113,29) size 22x19 [border: (1px inset #808080)] [r=1 c=4 rs=1 cs=1]
                        RenderText {#text} at (1,1) size 20x17
                          text run at (1,1) width 20: "2,5"
                    RenderTableRow {TR} at (0,53) size 140x19
                      RenderTableCell {TD} at (5,53) size 22x19 [border: (1px inset #808080)] [r=2 c=0 rs=1 cs=1]
                        RenderText {#text} at (1,1) size 20x17
                          text run at (1,1) width 20: "3,1"
                      RenderTableCell {TD} at (32,53) size 22x19 [bgcolor=#FFFF66] [border: (1px inset #808080)] [r=2 c=1 rs=1 cs=1]
                        RenderText {#text} at (1,1) size 20x17
                          text run at (1,1) width 20: "3,2"
                      RenderTableCell {TD} at (59,53) size 22x19 [bgcolor=#FFFF66] [border: (1px inset #808080)] [r=2 c=2 rs=1 cs=1]
                        RenderText {#text} at (1,1) size 20x17
                          text run at (1,1) width 20: "3,3"
                      RenderTableCell {TD} at (86,53) size 22x19 [bgcolor=#FFFF66] [border: (1px inset #808080)] [r=2 c=3 rs=1 cs=1]
                        RenderText {#text} at (1,1) size 20x17
                          text run at (1,1) width 20: "3,4"
                      RenderTableCell {TD} at (113,53) size 22x19 [border: (1px inset #808080)] [r=2 c=4 rs=1 cs=1]
                        RenderText {#text} at (1,1) size 20x17
                          text run at (1,1) width 20: "3,5"
              RenderTableCell {TD} at (314,2) size 134x108 [border: (1px inset #808080)] [r=0 c=2 rs=1 cs=1]
                RenderTable {TABLE} at (6,6) size 122x96 [bgcolor=#FFFFFF] [border: (1px outset #808080)]
                  RenderBlock {CAPTION} at (0,0) size 122x17
                    RenderInline {NOBR} at (0,0) size 56x17
                      RenderText {#text} at (33,0) size 56x17
                        text run at (33,0) width 56: "Table III"
                  RenderTableSection {TBODY} at (1,18) size 120x77
                    RenderTableRow {TR} at (0,5) size 120x19
                      RenderTableCell {TD} at (5,5) size 22x19 [border: (1px inset #808080)] [r=0 c=0 rs=1 cs=1]
                        RenderText {#text} at (1,1) size 20x17
                          text run at (1,1) width 20: "1,1"
                      RenderTableCell {TD} at (32,5) size 29x19 [border: (1px inset #808080)] [r=0 c=1 rs=1 cs=2]
                        RenderText {#text} at (1,1) size 20x17
                          text run at (1,1) width 20: "1,2"
                      RenderTableCell {TD} at (66,5) size 22x19 [border: (1px inset #808080)] [r=0 c=3 rs=1 cs=1]
                        RenderText {#text} at (1,1) size 20x17
                          text run at (1,1) width 20: "1,4"
                      RenderTableCell {TD} at (93,5) size 22x19 [border: (1px inset #808080)] [r=0 c=4 rs=1 cs=1]
                        RenderText {#text} at (1,1) size 20x17
                          text run at (1,1) width 20: "1,5"
                    RenderTableRow {TR} at (0,29) size 120x19
                      RenderTableCell {TD} at (5,29) size 22x19 [border: (1px inset #808080)] [r=1 c=0 rs=1 cs=1]
                        RenderText {#text} at (1,1) size 20x17
                          text run at (1,1) width 20: "2,1"
                      RenderTableCell {TD} at (32,29) size 22x19 [border: (1px inset #808080)] [r=1 c=1 rs=1 cs=1]
                        RenderText {#text} at (1,1) size 20x17
                          text run at (1,1) width 20: "2,2"
                      RenderTableCell {TD} at (59,29) size 29x19 [border: (1px inset #808080)] [r=1 c=2 rs=1 cs=2]
                        RenderText {#text} at (1,1) size 20x17
                          text run at (1,1) width 20: "2,3"
                      RenderTableCell {TD} at (93,29) size 22x19 [border: (1px inset #808080)] [r=1 c=4 rs=1 cs=1]
                        RenderText {#text} at (1,1) size 20x17
                          text run at (1,1) width 20: "2,5"
                    RenderTableRow {TR} at (0,53) size 120x19
                      RenderTableCell {TD} at (5,53) size 22x19 [border: (1px inset #808080)] [r=2 c=0 rs=1 cs=1]
                        RenderText {#text} at (1,1) size 20x17
                          text run at (1,1) width 20: "3,1"
                      RenderTableCell {TD} at (32,61) size 22x3 [bgcolor=#FFFF66] [border: (1px inset #808080)] [r=2 c=1 rs=1 cs=1]
                      RenderTableCell {TD} at (59,61) size 2x3 [bgcolor=#FFFF66] [border: (1px inset #808080)] [r=2 c=2 rs=1 cs=1]
                      RenderTableCell {TD} at (66,61) size 22x3 [bgcolor=#FFFF66] [border: (1px inset #808080)] [r=2 c=3 rs=1 cs=1]
                      RenderTableCell {TD} at (93,53) size 22x19 [border: (1px inset #808080)] [r=2 c=4 rs=1 cs=1]
                        RenderText {#text} at (1,1) size 20x17
                          text run at (1,1) width 20: "3,5"
              RenderTableCell {TD} at (450,2) size 133x84 [border: (1px inset #808080)] [r=0 c=3 rs=1 cs=1]
                RenderTable {TABLE} at (6,6) size 121x72 [bgcolor=#FFFFFF] [border: (1px outset #808080)]
                  RenderBlock {CAPTION} at (0,0) size 121x17
                    RenderInline {NOBR} at (0,0) size 57x17
                      RenderText {#text} at (32,0) size 57x17
                        text run at (32,0) width 57: "Table IV"
                  RenderTableSection {TBODY} at (1,18) size 119x53
                    RenderTableRow {TR} at (0,5) size 119x19
                      RenderTableCell {TD} at (5,5) size 22x19 [border: (1px inset #808080)] [r=0 c=0 rs=1 cs=1]
                        RenderText {#text} at (1,1) size 20x17
                          text run at (1,1) width 20: "1,1"
                      RenderTableCell {TD} at (32,5) size 28x19 [border: (1px inset #808080)] [r=0 c=1 rs=1 cs=2]
                        RenderText {#text} at (1,1) size 20x17
                          text run at (1,1) width 20: "1,2"
                      RenderTableCell {TD} at (65,5) size 22x19 [border: (1px inset #808080)] [r=0 c=3 rs=1 cs=1]
                        RenderText {#text} at (1,1) size 20x17
                          text run at (1,1) width 20: "1,4"
                      RenderTableCell {TD} at (92,5) size 22x19 [border: (1px inset #808080)] [r=0 c=4 rs=1 cs=1]
                        RenderText {#text} at (1,1) size 20x17
                          text run at (1,1) width 20: "1,5"
                    RenderTableRow {TR} at (0,29) size 119x19
                      RenderTableCell {TD} at (5,29) size 22x19 [border: (1px inset #808080)] [r=1 c=0 rs=1 cs=1]
                        RenderText {#text} at (1,1) size 20x17
                          text run at (1,1) width 20: "2,1"
                      RenderTableCell {TD} at (32,29) size 22x19 [border: (1px inset #808080)] [r=1 c=1 rs=1 cs=1]
                        RenderText {#text} at (1,1) size 20x17
                          text run at (1,1) width 20: "2,2"
                      RenderTableCell {TD} at (59,29) size 28x19 [border: (1px inset #808080)] [r=1 c=2 rs=1 cs=2]
                        RenderText {#text} at (1,1) size 20x17
                          text run at (1,1) width 20: "2,3"
                      RenderTableCell {TD} at (92,29) size 22x19 [border: (1px inset #808080)] [r=1 c=4 rs=1 cs=1]
                        RenderText {#text} at (1,1) size 20x17
                          text run at (1,1) width 20: "2,5"
      RenderBlock (anonymous) at (0,165) size 769x17
        RenderBR {BR} at (0,0) size 0x17
      RenderBlock {P} at (0,198) size 769x85
        RenderText {#text} at (0,0) size 754x85
          text run at (0,0) width 319: "This is a table colspan counting problem (IMHO). "
          text run at (319,0) width 388: "The oversize <TABLE> has two rows: one has *two* <TD>"
          text run at (0,17) width 744: "\"requesting\" total of 3 columns to span; second row has *one* <TD> \"requesting\" total of 3 columns to span. In other"
          text run at (0,34) width 555: "words, it's asking for one more column than the max number of 'real' elements in a row. "
          text run at (555,34) width 199: "Here's the simple case (first one"
          text run at (0,51) width 256: "shows the problem; the other adjusts the "
          text run at (256,51) width 472: "colspan values and it works) (Dec 19 Nightly Win 95): All the elements in "
          text run at (728,51) width 19: "the"
          text run at (0,68) width 422: "two tables below are width=auto (i.e., no width attribute specified)."
      RenderBlock (anonymous) at (0,299) size 769x17
        RenderBR {BR} at (0,0) size 0x17
      RenderTable {TABLE} at (0,316) size 647x52 [border: (1px outset #808080)]
        RenderTableSection {TBODY} at (1,1) size 645x50
          RenderTableRow {TR} at (0,0) size 645x25
            RenderTableCell {TD} at (0,0) size 241x25 [border: (1px inset #808080)] [r=0 c=0 rs=1 cs=2]
              RenderBlock {P} at (4,4) size 233x17
                RenderInline {B} at (0,0) size 116x17
                  RenderText {#text} at (0,0) size 116x17
                    text run at (0,0) width 116: "This is colspan=2"
            RenderTableCell {TD} at (240,0) size 406x25 [border: (1px inset #808080)] [r=0 c=2 rs=1 cs=1]
              RenderText {#text} at (4,4) size 200x17
                text run at (4,4) width 200: "Blah Blah Blah Blah Blah Blah"
          RenderTableRow {TR} at (0,25) size 645x25
            RenderTableCell {TD} at (0,25) size 646x25 [border: (1px inset #808080)] [r=1 c=0 rs=1 cs=3]
              RenderBlock {P} at (4,4) size 638x17
                RenderInline {B} at (0,0) size 116x17
                  RenderText {#text} at (0,0) size 116x17
                    text run at (0,0) width 116: "This is colspan=3"
                RenderText {#text} at (116,0) size 521x17
                  text run at (116,0) width 159: " blah blah blah blah blah "
                  text run at (275,0) width 362: "--- why doesn't this cell span the table (5.0 win95 jun17)?"
      RenderBlock (anonymous) at (0,368) size 769x34
        RenderBR {BR} at (0,0) size 0x17
        RenderBR {BR} at (0,17) size 0x17
      RenderTable {TABLE} at (0,402) size 511x52 [border: (1px outset #808080)]
        RenderTableSection {TBODY} at (1,1) size 509x50
          RenderTableRow {TR} at (0,0) size 509x25
            RenderTableCell {TD} at (0,0) size 191x25 [border: (1px inset #808080)] [r=0 c=0 rs=1 cs=1]
              RenderBlock {P} at (4,4) size 183x17
                RenderInline {B} at (0,0) size 116x17
                  RenderText {#text} at (0,0) size 116x17
                    text run at (0,0) width 116: "This is colspan=1"
            RenderTableCell {TD} at (190,0) size 320x25 [border: (1px inset #808080)] [r=0 c=1 rs=1 cs=1]
              RenderText {#text} at (4,4) size 200x17
                text run at (4,4) width 200: "Blah Blah Blah Blah Blah Blah"
          RenderTableRow {TR} at (0,25) size 509x25
            RenderTableCell {TD} at (0,25) size 510x25 [border: (1px inset #808080)] [r=1 c=0 rs=1 cs=2]
              RenderBlock {P} at (4,4) size 502x17
                RenderInline {B} at (0,0) size 116x17
                  RenderText {#text} at (0,0) size 116x17
                    text run at (0,0) width 116: "This is colspan=2"
                RenderText {#text} at (116,0) size 385x17
                  text run at (116,0) width 159: " blah blah blah blah blah "
                  text run at (275,0) width 226: "--- this cell spans the table correctly."
      RenderBlock (anonymous) at (0,454) size 769x17
        RenderBR {BR} at (0,0) size 0x17
      RenderBlock {P} at (0,487) size 769x17
        RenderText {#text} at (0,0) size 229x17
          text run at (0,0) width 229: "Here's the test case from bug #2645."
      RenderBlock {P} at (0,520) size 769x51
        RenderText {#text} at (0,0) size 765x51
          text run at (0,0) width 542: "This test case (below) is derived from home.netscape.com (although not much is left). "
          text run at (542,0) width 199: "[This was the table structure for"
          text run at (0,17) width 765: "\"Autos ... Local ...\" and the right-hand column (\"ABCNews.com...\"); added an extra column to differentiate this example"
          text run at (0,34) width 198: "a bit more from the one above]."
      RenderBlock {P} at (0,587) size 769x68
        RenderText {#text} at (0,0) size 758x68
          text run at (0,0) width 485: "The basic problem is \"competing colspan requests\". The table has two rows, "
          text run at (485,0) width 260: "both of which have COLSPAN requests."
          text run at (0,17) width 273: "They are both asking for one more column "
          text run at (273,17) width 485: "than the max number of 'real' elements in either row (i.e., both ask for total of"
          text run at (0,34) width 506: "5 but the maximum number of TD in either row is 4). This seems to confuse the "
          text run at (506,34) width 214: "algorithm. ;) (Note: all the column"
          text run at (0,51) width 504: "elements in these two tables are width=fixed except the TD with colspan=(4|3))."
      RenderTable {TABLE} at (0,671) size 680x50 [border: (1px outset #808080)]
        RenderTableSection {TBODY} at (1,1) size 678x48
          RenderTableRow {TR} at (0,2) size 678x21
            RenderTableCell {TD} at (2,2) size 84x21 [border: (1px inset #808080)] [r=0 c=0 rs=1 cs=1]
              RenderText {#text} at (2,2) size 8x17
                text run at (2,2) width 8: "x"
            RenderTableCell {TD} at (88,2) size 351x21 [border: (1px inset #808080)] [r=0 c=1 rs=1 cs=2]
              RenderText {#text} at (2,2) size 101x17
                text run at (2,2) width 101: "this (colspan=2)"
            RenderTableCell {TD} at (441,2) size 31x21 [bgcolor=#99CCCC] [border: (1px inset #808080)] [r=0 c=3 rs=1 cs=1]
              RenderText {#text} at (2,2) size 27x17
                text run at (2,2) width 27: "blue"
            RenderTableCell {TD} at (474,2) size 202x21 [border: (1px inset #808080)] [r=0 c=4 rs=1 cs=1]
              RenderText {#text} at (2,2) size 23x17
                text run at (2,2) width 23: "that"
          RenderTableRow {TR} at (0,25) size 678x21
            RenderTableCell {TD} at (2,25) size 84x21 [border: (1px inset #808080)] [r=1 c=0 rs=1 cs=1]
              RenderText {#text} at (2,2) size 8x17
                text run at (2,2) width 8: "x"
            RenderTableCell {TD} at (88,25) size 588x21 [bgcolor=#99CCCC] [border: (1px inset #808080)] [r=1 c=1 rs=1 cs=4]
              RenderText {#text} at (2,2) size 324x17
                text run at (2,2) width 324: "blue (colspan=4) --- doesn't span (5.0 win95 jun17)"
      RenderBlock (anonymous) at (0,721) size 769x17
        RenderBR {BR} at (0,0) size 0x17
      RenderBlock {P} at (0,754) size 769x17
        RenderText {#text} at (0,0) size 428x17
          text run at (0,0) width 428: "Here's the same table but the 'colspan' values have been normalized."
      RenderTable {TABLE} at (0,787) size 680x50 [border: (1px outset #808080)]
        RenderTableSection {TBODY} at (1,1) size 678x48
          RenderTableRow {TR} at (0,2) size 678x21
            RenderTableCell {TD} at (2,2) size 78x21 [border: (1px inset #808080)] [r=0 c=0 rs=1 cs=1]
              RenderText {#text} at (2,2) size 8x17
                text run at (2,2) width 8: "x"
            RenderTableCell {TD} at (81,2) size 375x21 [border: (1px inset #808080)] [r=0 c=1 rs=1 cs=1]
              RenderText {#text} at (2,2) size 101x17
                text run at (2,2) width 101: "this (colspan=1)"
            RenderTableCell {TD} at (457,2) size 32x21 [bgcolor=#99CCCC] [border: (1px inset #808080)] [r=0 c=2 rs=1 cs=1]
              RenderText {#text} at (2,2) size 27x17
                text run at (2,2) width 27: "blue"
            RenderTableCell {TD} at (490,2) size 187x21 [border: (1px inset #808080)] [r=0 c=3 rs=1 cs=1]
              RenderText {#text} at (2,2) size 23x17
                text run at (2,2) width 23: "that"
          RenderTableRow {TR} at (0,25) size 678x21
            RenderTableCell {TD} at (2,25) size 78x21 [border: (1px inset #808080)] [r=1 c=0 rs=1 cs=1]
              RenderText {#text} at (2,2) size 8x17
                text run at (2,2) width 8: "x"
            RenderTableCell {TD} at (81,25) size 596x21 [bgcolor=#99CCCC] [border: (1px inset #808080)] [r=1 c=1 rs=1 cs=3]
              RenderText {#text} at (2,2) size 223x17
                text run at (2,2) width 223: "blue (colspan=3) --- spans correctly"
      RenderBlock (anonymous) at (0,837) size 769x17
        RenderBR {BR} at (0,0) size 0x17
