layer at (0,0) size 785x605
  RenderView at (0,0) size 785x600
layer at (0,0) size 785x605
  RenderBlock {HTML} at (0,0) size 785x605
    RenderBody {BODY} at (8,8) size 769x589
      RenderBlock (anonymous) at (0,0) size 769x17
        RenderText {#text} at (0,0) size 285x17
          text run at (0,0) width 285: "border=\"0\" cellspacing=\"0\" cellpadding=\"0\""
      RenderTable {TABLE} at (0,17) size 769x44 [bgcolor=#DDDD33]
        RenderTableSection {TBODY} at (0,0) size 769x44
          RenderTableRow {TR} at (0,0) size 769x44
            RenderTableCell {TD} at (0,22) size 12x0 [r=0 c=0 rs=1 cs=1]
            RenderTableCell {TD} at (12,0) size 745x44 [r=0 c=1 rs=1 cs=1]
            RenderTableCell {TD} at (757,22) size 12x0 [r=0 c=2 rs=1 cs=1]
      RenderBlock (anonymous) at (0,61) size 769x17
        RenderText {#text} at (0,0) size 209x17
          text run at (0,0) width 209: "cellspacing=\"0\" cellpadding=\"0\""
      RenderTable {TABLE} at (0,78) size 769x44 [bgcolor=#CCCCFF]
        RenderTableSection {TBODY} at (0,0) size 769x44
          RenderTableRow {TR} at (0,0) size 769x44
            RenderTableCell {TD} at (0,22) size 12x0 [r=0 c=0 rs=1 cs=1]
            RenderTableCell {TD} at (12,0) size 745x44 [r=0 c=1 rs=1 cs=1]
            RenderTableCell {TD} at (757,22) size 12x0 [r=0 c=2 rs=1 cs=1]
      RenderBlock (anonymous) at (0,122) size 769x17
        RenderText {#text} at (0,0) size 104x17
          text run at (0,0) width 104: "cellpadding=\"0\""
      RenderTable {TABLE} at (0,139) size 769x48 [bgcolor=#FF9999]
        RenderTableSection {TBODY} at (0,0) size 769x48
          RenderTableRow {TR} at (0,2) size 769x44
            RenderTableCell {TD} at (2,24) size 12x0 [r=0 c=0 rs=1 cs=1]
            RenderTableCell {TD} at (16,2) size 737x44 [r=0 c=1 rs=1 cs=1]
            RenderTableCell {TD} at (755,24) size 12x0 [r=0 c=2 rs=1 cs=1]
      RenderBlock (anonymous) at (0,187) size 769x17
        RenderText {#text} at (0,0) size 180x17
          text run at (0,0) width 180: "border=\"0\" cellpadding=\"0\""
      RenderTable {TABLE} at (0,204) size 769x48 [bgcolor=#AAEEBB]
        RenderTableSection {TBODY} at (0,0) size 769x48
          RenderTableRow {TR} at (0,2) size 769x44
            RenderTableCell {TD} at (2,24) size 12x0 [r=0 c=0 rs=1 cs=1]
            RenderTableCell {TD} at (16,2) size 737x44 [r=0 c=1 rs=1 cs=1]
            RenderTableCell {TD} at (755,24) size 12x0 [r=0 c=2 rs=1 cs=1]
      RenderBlock (anonymous) at (0,252) size 769x17
        RenderInline {FONT} at (0,0) size 29x17 [color=#0000FF]
          RenderText {#text} at (0,0) size 29x17
            text run at (0,0) width 29: "right"
        RenderText {#text} at (29,0) size 76x17
          text run at (29,0) width 76: " border=\"0\""
      RenderTable {TABLE} at (0,269) size 769x50 [bgcolor=#FFCCEE]
        RenderTableSection {TBODY} at (0,0) size 769x50
          RenderTableRow {TR} at (0,2) size 769x46
            RenderTableCell {TD} at (2,24) size 14x2 [r=0 c=0 rs=1 cs=1]
            RenderTableCell {TD} at (18,2) size 733x46 [r=0 c=1 rs=1 cs=1]
            RenderTableCell {TD} at (753,24) size 14x2 [r=0 c=2 rs=1 cs=1]
      RenderBlock (anonymous) at (0,319) size 769x17
        RenderInline {FONT} at (0,0) size 29x17 [color=#0000FF]
          RenderText {#text} at (0,0) size 29x17
            text run at (0,0) width 29: "right"
        RenderText {#text} at (29,0) size 108x17
          text run at (29,0) width 108: " cellpadding=\"1\""
      RenderTable {TABLE} at (0,336) size 769x50 [bgcolor=#66DDFF]
        RenderTableSection {TBODY} at (0,0) size 769x50
          RenderTableRow {TR} at (0,2) size 769x46
            RenderTableCell {TD} at (2,24) size 14x2 [r=0 c=0 rs=1 cs=1]
            RenderTableCell {TD} at (18,2) size 733x46 [r=0 c=1 rs=1 cs=1]
            RenderTableCell {TD} at (753,24) size 14x2 [r=0 c=2 rs=1 cs=1]
      RenderBlock (anonymous) at (0,386) size 769x17
        RenderInline {FONT} at (0,0) size 29x17 [color=#0000FF]
          RenderText {#text} at (0,0) size 29x17
            text run at (0,0) width 29: "right"
        RenderText {#text} at (29,0) size 289x17
          text run at (29,0) width 289: " border=\"1\" cellspacing=\"0\" cellpadding=\"0\""
      RenderTable {TABLE} at (0,403) size 769x48 [bgcolor=#EEEEEE] [border: (1px outset #808080)]
        RenderTableSection {TBODY} at (1,1) size 767x46
          RenderTableRow {TR} at (0,0) size 767x46
            RenderTableCell {TD} at (0,22) size 14x2 [border: (1px inset #808080)] [r=0 c=0 rs=1 cs=1]
            RenderTableCell {TD} at (14,0) size 739x46 [border: (1px inset #808080)] [r=0 c=1 rs=1 cs=1]
            RenderTableCell {TD} at (753,22) size 14x2 [border: (1px inset #808080)] [r=0 c=2 rs=1 cs=1]
      RenderBlock (anonymous) at (0,451) size 769x17
        RenderInline {FONT} at (0,0) size 29x17 [color=#0000FF]
          RenderText {#text} at (0,0) size 29x17
            text run at (0,0) width 29: "right"
        RenderText {#text} at (29,0) size 181x17
          text run at (29,0) width 181: " border=\"1\" cellspacing=\"0\""
      RenderTable {TABLE} at (0,468) size 769x50 [bgcolor=#FFCC66] [border: (1px outset #808080)]
        RenderTableSection {TBODY} at (1,1) size 767x48
          RenderTableRow {TR} at (0,0) size 767x48
            RenderTableCell {TD} at (0,22) size 16x4 [border: (1px inset #808080)] [r=0 c=0 rs=1 cs=1]
            RenderTableCell {TD} at (16,0) size 735x48 [border: (1px inset #808080)] [r=0 c=1 rs=1 cs=1]
            RenderTableCell {TD} at (751,22) size 16x4 [border: (1px inset #808080)] [r=0 c=2 rs=1 cs=1]
      RenderBlock (anonymous) at (0,518) size 769x17
        RenderInline {FONT} at (0,0) size 29x17 [color=#0000FF]
          RenderText {#text} at (0,0) size 29x17
            text run at (0,0) width 29: "right"
        RenderText {#text} at (29,0) size 76x17
          text run at (29,0) width 76: " border=\"1\""
      RenderTable {TABLE} at (0,535) size 769x54 [bgcolor=#CCFF33] [border: (1px outset #808080)]
        RenderTableSection {TBODY} at (1,1) size 767x52
          RenderTableRow {TR} at (0,2) size 767x48
            RenderTableCell {TD} at (2,24) size 16x4 [border: (1px inset #808080)] [r=0 c=0 rs=1 cs=1]
            RenderTableCell {TD} at (20,2) size 727x48 [border: (1px inset #808080)] [r=0 c=1 rs=1 cs=1]
            RenderTableCell {TD} at (749,24) size 16x4 [border: (1px inset #808080)] [r=0 c=2 rs=1 cs=1]
layer at (20,27) size 745x40 clip at (21,28) size 743x38
  RenderTextControl {TEXTAREA} at (0,2) size 745x40 [bgcolor=#FFFFFF] [border: (1px solid #000000)]
    RenderBlock {DIV} at (3,3) size 739x17
      RenderText {#text} at (0,0) size 21x17
        text run at (0,0) width 21: "test"
layer at (20,88) size 745x40 clip at (21,89) size 743x38
  RenderTextControl {TEXTAREA} at (0,2) size 745x40 [bgcolor=#FFFFFF] [border: (1px solid #000000)]
    RenderBlock {DIV} at (3,3) size 739x17
      RenderText {#text} at (0,0) size 21x17
        text run at (0,0) width 21: "test"
layer at (24,151) size 737x40 clip at (25,152) size 735x38
  RenderTextControl {TEXTAREA} at (0,2) size 737x40 [bgcolor=#FFFFFF] [border: (1px solid #000000)]
    RenderBlock {DIV} at (3,3) size 731x17
      RenderText {#text} at (0,0) size 21x17
        text run at (0,0) width 21: "test"
layer at (24,216) size 737x40 clip at (25,217) size 735x38
  RenderTextControl {TEXTAREA} at (0,2) size 737x40 [bgcolor=#FFFFFF] [border: (1px solid #000000)]
    RenderBlock {DIV} at (3,3) size 731x17
      RenderText {#text} at (0,0) size 21x17
        text run at (0,0) width 21: "test"
layer at (27,282) size 731x40 clip at (28,283) size 729x38
  RenderTextControl {TEXTAREA} at (1,3) size 731x40 [bgcolor=#FFFFFF] [border: (1px solid #000000)]
    RenderBlock {DIV} at (3,3) size 725x17
      RenderText {#text} at (0,0) size 21x17
        text run at (0,0) width 21: "test"
layer at (27,349) size 731x40 clip at (28,350) size 729x38
  RenderTextControl {TEXTAREA} at (1,3) size 731x40 [bgcolor=#FFFFFF] [border: (1px solid #000000)]
    RenderBlock {DIV} at (3,3) size 725x17
      RenderText {#text} at (0,0) size 21x17
        text run at (0,0) width 21: "test"
layer at (24,415) size 737x40 clip at (25,416) size 735x38
  RenderTextControl {TEXTAREA} at (1,3) size 737x40 [bgcolor=#FFFFFF] [border: (1px solid #000000)]
    RenderBlock {DIV} at (3,3) size 731x17
      RenderText {#text} at (0,0) size 21x17
        text run at (0,0) width 21: "test"
layer at (27,481) size 731x40 clip at (28,482) size 729x38
  RenderTextControl {TEXTAREA} at (2,4) size 731x40 [bgcolor=#FFFFFF] [border: (1px solid #000000)]
    RenderBlock {DIV} at (3,3) size 725x17
      RenderText {#text} at (0,0) size 21x17
        text run at (0,0) width 21: "test"
layer at (31,550) size 723x40 clip at (32,551) size 721x38
  RenderTextControl {TEXTAREA} at (2,4) size 723x40 [bgcolor=#FFFFFF] [border: (1px solid #000000)]
    RenderBlock {DIV} at (3,3) size 717x17
      RenderText {#text} at (0,0) size 21x17
        text run at (0,0) width 21: "test"
