layer at (0,0) size 800x600
  RenderView at (0,0) size 800x600
layer at (0,0) size 800x600
  RenderBlock {HTML} at (0,0) size 800x600
    RenderBody {BODY} at (8,8) size 784x584 [bgcolor=#FFFFFF]
      RenderBlock {H4} at (0,0) size 784x17
        RenderText {#text} at (0,0) size 154x17
          text run at (0,0) width 154: "Testcase distilled from "
        RenderInline {A} at (0,0) size 502x17 [color=#0000EE]
          RenderText {#text} at (154,0) size 502x17
            text run at (154,0) width 502: "http://www.download.com/pc/list/0,339,0-b-0-0-a-1,00.html?st.dl.fd.ag.new"
      RenderBlock {H4} at (0,38) size 784x18
        RenderText {#text} at (0,0) size 515x17
          text run at (0,0) width 515: "Resize the width of the window and watch the Buy and Pick columns below."
      RenderTable {TABLE} at (0,76) size 784x62
        RenderTableSection {TBODY} at (0,0) size 784x61
          RenderTableRow {TR} at (0,2) size 784x19 [bgcolor=#CCCCCC]
            RenderTableCell {TD} at (2,2) size 705x19 [r=0 c=0 rs=1 cs=1]
              RenderText {#text} at (1,1) size 99x17
                text run at (1,1) width 99: "Re-sort by Title"
            RenderTableCell {TD} at (709,2) size 33x19 [r=0 c=1 rs=1 cs=1]
              RenderInline {SPAN} at (0,0) size 27x17
                RenderText {#text} at (1,1) size 27x17
                  text run at (1,1) width 27: "Buy"
              RenderText {#text} at (28,1) size 4x17
                text run at (28,1) width 4: " "
            RenderTableCell {TD} at (744,2) size 38x19 [r=0 c=2 rs=1 cs=1]
              RenderText {#text} at (1,1) size 4x17
                text run at (1,1) width 4: " "
              RenderInline {SPAN} at (0,0) size 28x17
                RenderText {#text} at (5,1) size 28x17
                  text run at (5,1) width 28: "Pick"
              RenderText {#text} at (33,1) size 4x17
                text run at (33,1) width 4: " "
          RenderTableRow {TR} at (0,23) size 784x36
            RenderTableCell {TD} at (2,23) size 705x36 [r=1 c=0 rs=1 cs=1]
              RenderText {#text} at (1,1) size 678x34
                text run at (1,1) width 445: "Norton AntiVirus Definitions Update 10/21/99 Update your NAV for "
                text run at (446,1) width 233: "Windows 95/98/NT, Lotus Notes, or"
                text run at (1,18) width 263: "Exchange with the latest virus definitions."
            RenderTableCell {TD} at (709,31) size 33x20 [r=1 c=1 rs=1 cs=1]
              RenderText {#text} at (1,1) size 4x18
                text run at (1,2) width 4: " "
            RenderTableCell {TD} at (744,31) size 38x20 [r=1 c=2 rs=1 cs=1]
              RenderText {#text} at (1,1) size 4x18
                text run at (1,2) width 4: " "
      RenderBlock (anonymous) at (0,137) size 784x18
        RenderBR {BR} at (0,0) size 0x17
      RenderBlock {H4} at (0,175) size 784x18
        RenderText {#text} at (0,0) size 481x17
          text run at (0,0) width 481: "This is the same table as above but with all <SPAN> elements removed."
      RenderTable {TABLE} at (0,214) size 784x62
        RenderTableSection {TBODY} at (0,0) size 784x61
          RenderTableRow {TR} at (0,2) size 784x19 [bgcolor=#CCCCCC]
            RenderTableCell {TD} at (2,2) size 705x19 [r=0 c=0 rs=1 cs=1]
              RenderText {#text} at (1,1) size 99x17
                text run at (1,1) width 99: "Re-sort by Title"
            RenderTableCell {TD} at (709,2) size 33x19 [r=0 c=1 rs=1 cs=1]
              RenderText {#text} at (1,1) size 31x17
                text run at (1,1) width 31: "Buy "
            RenderTableCell {TD} at (744,2) size 38x19 [r=0 c=2 rs=1 cs=1]
              RenderText {#text} at (1,1) size 36x17
                text run at (1,1) width 36: " Pick "
          RenderTableRow {TR} at (0,23) size 784x36
            RenderTableCell {TD} at (2,23) size 705x36 [r=1 c=0 rs=1 cs=1]
              RenderText {#text} at (1,1) size 678x34
                text run at (1,1) width 445: "Norton AntiVirus Definitions Update 10/21/99 Update your NAV for "
                text run at (446,1) width 233: "Windows 95/98/NT, Lotus Notes, or"
                text run at (1,18) width 263: "Exchange with the latest virus definitions."
            RenderTableCell {TD} at (709,31) size 33x20 [r=1 c=1 rs=1 cs=1]
              RenderText {#text} at (1,1) size 4x18
                text run at (1,2) width 4: " "
            RenderTableCell {TD} at (744,31) size 38x20 [r=1 c=2 rs=1 cs=1]
              RenderText {#text} at (1,1) size 4x18
                text run at (1,2) width 4: " "
