layer at (0,0) size 800x600
  RenderView at (0,0) size 800x600
layer at (0,0) size 800x600
  RenderBlock {HTML} at (0,0) size 800x600
    RenderBody {BODY} at (8,8) size 784x584
      RenderBlock (anonymous) at (0,0) size 784x17
        RenderText {#text} at (0,0) size 4x17
          text run at (0,0) width 4: " "
      RenderTable {TABLE} at (0,17) size 230x79 [border: (1px outset #808080)]
        RenderTableSection {TBODY} at (1,1) size 228x77
          RenderTableRow {TR} at (0,2) size 228x23
            RenderTableCell {TD} at (2,2) size 14x23 [border: (1px inset #808080)] [r=0 c=0 rs=1 cs=1]
              RenderText {#text} at (3,3) size 8x17
                text run at (3,3) width 8: "1"
            RenderTableCell {TD} at (18,14) size 136x24 [border: (1px inset #808080)] [r=0 c=1 rs=2 cs=3]
              RenderText {#text} at (3,3) size 130x18
                text run at (3,4) width 130: "colspan 3 rowspan 2"
            RenderTableCell {TD} at (156,2) size 22x23 [border: (1px inset #808080)] [r=0 c=4 rs=1 cs=1]
              RenderText {#text} at (3,3) size 8x17
                text run at (3,3) width 8: "3"
          RenderTableRow {TR} at (0,27) size 228x23
            RenderTableCell {TD} at (2,27) size 14x23 [border: (1px inset #808080)] [r=1 c=0 rs=1 cs=1]
              RenderText {#text} at (3,3) size 8x17
                text run at (3,3) width 8: "4"
            RenderTableCell {TD} at (156,27) size 22x23 [border: (1px inset #808080)] [r=1 c=4 rs=1 cs=1]
              RenderText {#text} at (3,3) size 8x17
                text run at (3,3) width 8: "5"
            RenderTableCell {TD} at (180,27) size 14x23 [border: (1px inset #808080)] [r=1 c=5 rs=1 cs=1]
              RenderText {#text} at (3,3) size 8x17
                text run at (3,3) width 8: "6"
            RenderTableCell {TD} at (196,27) size 14x23 [border: (1px inset #808080)] [r=1 c=6 rs=1 cs=1]
              RenderText {#text} at (3,3) size 8x17
                text run at (3,3) width 8: "7"
            RenderTableCell {TD} at (212,27) size 14x23 [border: (1px inset #808080)] [r=1 c=7 rs=1 cs=1]
              RenderText {#text} at (3,3) size 8x17
                text run at (3,3) width 8: "8"
          RenderTableRow {TR} at (0,52) size 228x23
            RenderTableCell {TD} at (2,52) size 14x23 [border: (1px inset #808080)] [r=2 c=0 rs=1 cs=1]
              RenderText {#text} at (3,3) size 8x17
                text run at (3,3) width 8: "9"
            RenderTableCell {TD} at (18,52) size 44x23 [border: (1px inset #808080)] [r=2 c=1 rs=1 cs=1]
              RenderText {#text} at (3,3) size 16x17
                text run at (3,3) width 16: "10"
            RenderTableCell {TD} at (64,52) size 44x23 [border: (1px inset #808080)] [r=2 c=2 rs=1 cs=1]
              RenderText {#text} at (3,3) size 16x17
                text run at (3,3) width 16: "11"
            RenderTableCell {TD} at (110,52) size 44x23 [border: (1px inset #808080)] [r=2 c=3 rs=1 cs=1]
              RenderText {#text} at (3,3) size 16x17
                text run at (3,3) width 16: "12"
            RenderTableCell {TD} at (156,52) size 22x23 [border: (1px inset #808080)] [r=2 c=4 rs=1 cs=1]
              RenderText {#text} at (3,3) size 16x17
                text run at (3,3) width 16: "13"
