layer at (0,0) size 800x600
  RenderView at (0,0) size 800x600
layer at (0,0) size 800x600
  RenderBlock {HTML} at (0,0) size 800x600
    RenderBody {BODY} at (8,8) size 784x584 [bgcolor=#FFFFFF]
      RenderTable {TABLE} at (0,0) size 604x48 [border: (1px outset #808080)]
        RenderTableSection {TBODY} at (1,1) size 602x46
          RenderTableRow {TR} at (0,0) size 602x27
            RenderTableCell {TD} at (0,0) size 602x27 [border: (1px inset #808080)] [r=0 c=0 rs=1 cs=3]
              RenderTable {TABLE} at (1,1) size 600x25 [border: (1px outset #808080)]
                RenderTableSection {TBODY} at (1,1) size 598x23
                  RenderTableRow {TR} at (0,0) size 598x23
                    RenderTableCell {TD} at (0,0) size 598x23 [border: (1px inset #808080)] [r=0 c=0 rs=1 cs=1]
                      RenderTable {TABLE} at (1,1) size 596x21 [border: (1px outset #808080)]
                        RenderTableSection {TBODY} at (1,1) size 594x19
                          RenderTableRow {TR} at (0,0) size 594x19 [bgcolor=#FF0000]
                            RenderTableCell {TD} at (0,0) size 594x19 [border: (1px inset #808080)] [r=0 c=0 rs=1 cs=1]
                              RenderText {#text} at (1,1) size 52x17
                                text run at (1,1) width 52: "cell data"
                              RenderText {#text} at (0,0) size 0x0
          RenderTableRow {TR} at (0,27) size 602x19
            RenderTableCell {TD} at (0,27) size 602x19 [border: (1px inset #808080)] [r=1 c=0 rs=1 cs=1]
              RenderText {#text} at (1,1) size 64x17
                text run at (1,1) width 64: "cell data 2"
