layer at (0,0) size 800x600
  RenderView at (0,0) size 800x600
layer at (0,0) size 800x546
  RenderBlock {HTML} at (0,0) size 800x546 [bgcolor=#00FF99]
    RenderBody {BODY} at (57,64) size 686x418 [bgcolor=#99FFCC] [border: (3px solid #000000)]
      RenderBlock {P} at (3,3) size 680x64
        RenderText {#text} at (0,7) size 680x49
          text run at (0,7) width 513: "These links are in an element with display table-row, and the li elements "
          text run at (513,7) width 167: "have display: table-cell."
          text run at (0,39) width 115: "They disappear:"
      RenderTable at (3,67) size 264x17
        RenderTableSection (anonymous) at (0,0) size 264x17
          RenderTableRow {UL} at (0,0) size 264x17 [bgcolor=#00CC99]
            RenderTableCell {LI} at (0,0) size 66x17 [r=0 c=0 rs=1 cs=1]
              RenderInline {A} at (0,0) size 50x17 [color=#0000EE]
                RenderText {#text} at (8,0) size 50x17
                  text run at (8,0) width 50: "people"
            RenderTableCell {LI} at (66,0) size 66x17 [r=0 c=1 rs=1 cs=1]
              RenderInline {A} at (0,0) size 48x17 [color=#0000EE]
                RenderText {#text} at (9,0) size 48x17
                  text run at (9,0) width 48: "places"
            RenderTableCell {LI} at (132,0) size 66x17 [r=0 c=2 rs=1 cs=1]
              RenderInline {A} at (0,0) size 66x17 [color=#0000EE]
                RenderText {#text} at (0,0) size 66x17
                  text run at (0,0) width 66: "members"
            RenderTableCell {LI} at (198,0) size 66x17 [r=0 c=3 rs=1 cs=1]
              RenderInline {A} at (0,0) size 34x17 [color=#0000EE]
                RenderText {#text} at (16,0) size 34x17
                  text run at (16,0) width 34: "links"
      RenderBlock {DIV} at (3,84) size 680x331
        RenderBlock (anonymous) at (16,16) size 648x17
          RenderText {#text} at (0,0) size 434x17
            text run at (0,0) width 188: "This text is not in the form. "
            text run at (188,0) width 246: "The form should be indented 40px."
        RenderBlock {FORM} at (96,33) size 568x282
          RenderBlock {P} at (0,0) size 568x64
            RenderText {#text} at (0,7) size 556x49
              text run at (0,7) width 162: "This is text in the form. "
              text run at (162,7) width 195: "It should be indented 40px. "
              text run at (357,7) width 199: "The form itself has the same"
              text run at (0,39) width 222: "table-row/table-cell problem as "
              text run at (222,39) width 48: "above."
          RenderBlock {P} at (0,64) size 568x62
            RenderTable {SPAN} at (0,2) size 159x60
              RenderTableSection (anonymous) at (0,0) size 159x60
                RenderTableRow {SPAN} at (0,0) size 159x28
                  RenderTableCell (anonymous) at (0,0) size 159x28 [r=0 c=0 rs=1 cs=1]
                    RenderText {#text} at (0,6) size 137x16
                      text run at (0,6) width 137: "First Name (required)"
                RenderTableRow (anonymous) at (0,28) size 159x32
                  RenderTableCell (anonymous) at (0,28) size 159x32 [r=1 c=0 rs=1 cs=1]
                    RenderTextControl {INPUT} at (2,4) size 155x23 [bgcolor=#FFFFFF] [border: (2px inset #000000)]
            RenderText {#text} at (159,7) size 4x17
              text run at (159,7) width 4: " "
            RenderTable {SPAN} at (163,2) size 159x60
              RenderTableSection (anonymous) at (0,0) size 159x60
                RenderTableRow {SPAN} at (0,0) size 159x28
                  RenderTableCell (anonymous) at (0,0) size 159x28 [r=0 c=0 rs=1 cs=1]
                    RenderText {#text} at (0,6) size 136x16
                      text run at (0,6) width 136: "Last Name (required)"
                RenderTableRow (anonymous) at (0,28) size 159x32
                  RenderTableCell (anonymous) at (0,28) size 159x32 [r=1 c=0 rs=1 cs=1]
                    RenderTextControl {INPUT} at (2,4) size 155x23 [bgcolor=#FFFFFF] [border: (2px inset #000000)]
            RenderText {#text} at (0,0) size 0x0
          RenderBlock {P} at (0,126) size 568x62
            RenderTable {SPAN} at (0,2) size 375x60
              RenderTableSection (anonymous) at (0,0) size 375x60
                RenderTableRow {SPAN} at (0,0) size 375x28
                  RenderTableCell (anonymous) at (0,0) size 375x28 [r=0 c=0 rs=1 cs=1]
                    RenderText {#text} at (0,6) size 91x16
                      text run at (0,6) width 91: "Email Address"
                RenderTableRow (anonymous) at (0,28) size 375x32
                  RenderTableCell (anonymous) at (0,28) size 375x32 [r=1 c=0 rs=1 cs=1]
                    RenderTextControl {INPUT} at (2,4) size 371x23 [bgcolor=#FFFFFF] [border: (2px inset #000000)]
            RenderText {#text} at (0,0) size 0x0
          RenderBlock {P} at (0,188) size 568x62
            RenderTable {SPAN} at (0,2) size 159x60
              RenderTableSection (anonymous) at (0,0) size 159x60
                RenderTableRow {SPAN} at (0,0) size 159x28
                  RenderTableCell (anonymous) at (0,0) size 159x28 [r=0 c=0 rs=1 cs=1]
                    RenderText {#text} at (0,6) size 103x16
                      text run at (0,6) width 103: "Company Name"
                RenderTableRow (anonymous) at (0,28) size 159x32
                  RenderTableCell (anonymous) at (0,28) size 159x32 [r=1 c=0 rs=1 cs=1]
                    RenderTextControl {INPUT} at (2,4) size 155x23 [bgcolor=#FFFFFF] [border: (2px inset #000000)]
            RenderText {#text} at (159,7) size 4x17
              text run at (159,7) width 4: " "
            RenderTable {SPAN} at (163,2) size 159x60
              RenderTableSection (anonymous) at (0,0) size 159x60
                RenderTableRow {SPAN} at (0,0) size 159x28
                  RenderTableCell (anonymous) at (0,0) size 159x28 [r=0 c=0 rs=1 cs=1]
                    RenderText {#text} at (0,6) size 27x16
                      text run at (0,6) width 27: "Title"
                RenderTableRow (anonymous) at (0,28) size 159x32
                  RenderTableCell (anonymous) at (0,28) size 159x32 [r=1 c=0 rs=1 cs=1]
                    RenderTextControl {INPUT} at (2,4) size 155x23 [bgcolor=#FFFFFF] [border: (2px inset #000000)]
            RenderText {#text} at (0,0) size 0x0
          RenderBlock {P} at (0,250) size 568x32
            RenderButton {INPUT} at (2,5) size 66x22 [bgcolor=#C0C0C0]
              RenderBlock (anonymous) at (6,2) size 54x17
                RenderText at (0,0) size 54x17
                  text run at (0,0) width 54: "Submit!"
            RenderText {#text} at (70,7) size 4x17
              text run at (70,7) width 4: " "
            RenderButton {INPUT} at (76,5) size 92x22 [bgcolor=#C0C0C0]
              RenderBlock (anonymous) at (6,2) size 80x17
                RenderText at (0,0) size 80x17
                  text run at (0,0) width 80: "Clear Form"
            RenderText {#text} at (0,0) size 0x0
layer at (161,282) size 149x17
  RenderBlock {DIV} at (3,3) size 149x17
layer at (324,282) size 149x17
  RenderBlock {DIV} at (3,3) size 149x17
layer at (161,344) size 365x17
  RenderBlock {DIV} at (3,3) size 365x17
layer at (161,406) size 149x17
  RenderBlock {DIV} at (3,3) size 149x17
layer at (324,406) size 149x17
  RenderBlock {DIV} at (3,3) size 149x17
