layer at (0,0) size 785x2545
  RenderView at (0,0) size 785x600
layer at (0,0) size 785x2545
  RenderBlock {HTML} at (0,0) size 785x2546
    RenderBody {BODY} at (8,21) size 769x2509 [bgcolor=#FFFFFF]
      RenderBlock {H1} at (0,0) size 769x36
        RenderText {#text} at (0,0) size 365x36
          text run at (0,0) width 365: "Table Inheritance Tests - 1"
      RenderBlock {P} at (0,57) size 769x18
        RenderText {#text} at (0,0) size 387x17
          text run at (0,0) width 387: "If you have any comments to make regarding this test, e-mail "
        RenderInline {A} at (0,0) size 182x17 [color=#0000EE]
          RenderText {#text} at (387,0) size 182x17
            text run at (387,0) width 182: "py8ieh=eviltests@bath.ac.uk"
        RenderText {#text} at (569,0) size 4x17
          text run at (569,0) width 4: "."
      RenderBlock {DL} at (0,90) size 769x35
        RenderBlock {DT} at (0,0) size 769x17
          RenderText {#text} at (0,0) size 80x17
            text run at (0,0) width 80: "Prerequisites"
        RenderBlock {DD} at (40,17) size 729x17
          RenderText {#text} at (0,0) size 550x17
            text run at (0,0) width 550: "Browsers that are subjected to this test should support CSS1 and the CSS2 table model."
      RenderBlock {H2} at (0,144) size 769x27
        RenderText {#text} at (0,0) size 104x26
          text run at (0,0) width 104: "0. Control"
      RenderBlock {P} at (0,190) size 769x18
        RenderText {#text} at (0,0) size 401x17
          text run at (0,0) width 401: "The following four tests should look identical, namely, like this:"
      RenderBlock {DIV} at (0,223) size 769x73 [color=#FFFFFF] [bgcolor=#000000]
        RenderText {#text} at (0,0) size 716x72
          text run at (0,0) width 716: "This text should be white on black, bold, twice"
          text run at (0,36) width 587: "the size of normal text, and sans serif."
      RenderBlock {P} at (0,311) size 769x69
        RenderText {#text} at (0,0) size 754x68
          text run at (0,0) width 744: "There are some minor exceptions, however. The x.1 tests should fill the viewport width, the other tests need not. Also,"
          text run at (0,17) width 750: "browsers attempting to have backwards compatability with the buggy behaviour of legacy browsers may omit to inherit"
          text run at (0,34) width 754: "the color and font-size in 1.1, which will make 1.1 (but only 1.1) unreadable. That is the problem with not following the"
          text run at (0,51) width 38: "specs."
      RenderBlock {H2} at (0,399) size 769x27
        RenderText {#text} at (0,0) size 172x26
          text run at (0,0) width 172: "1. HTML Tables"
      RenderBlock {H3} at (0,445) size 769x22
        RenderText {#text} at (0,0) size 250x21
          text run at (0,0) width 250: "1.1 Inheritance through a DIV"
      RenderBlock {DIV} at (0,484) size 769x79 [color=#FFFFFF] [bgcolor=#000000]
        RenderTable {TABLE} at (0,0) size 769x78
          RenderTableSection {TBODY} at (0,0) size 769x78
            RenderTableRow {TR} at (0,2) size 769x74
              RenderTableCell {TD} at (2,2) size 765x74 [r=0 c=0 rs=1 cs=1]
                RenderText {#text} at (1,1) size 716x72
                  text run at (1,1) width 716: "This text should be white on black, bold, twice"
                  text run at (1,37) width 587: "the size of normal text, and sans serif."
      RenderBlock {H3} at (0,581) size 769x22
        RenderText {#text} at (0,0) size 266x21
          text run at (0,0) width 266: "1.2 Styles set directly on TABLE"
      RenderTable {TABLE} at (0,621) size 769x79 [color=#FFFFFF] [bgcolor=#000000]
        RenderTableSection {TBODY} at (0,0) size 769x78
          RenderTableRow {TR} at (0,2) size 769x74
            RenderTableCell {TD} at (2,2) size 765x74 [r=0 c=0 rs=1 cs=1]
              RenderText {#text} at (1,1) size 716x72
                text run at (1,1) width 716: "This text should be white on black, bold, twice"
                text run at (1,37) width 587: "the size of normal text, and sans serif."
      RenderBlock {H2} at (0,719) size 769x27
        RenderText {#text} at (0,0) size 228x26
          text run at (0,0) width 228: "2. Explicit CSS Tables"
      RenderBlock {H3} at (0,765) size 769x22
        RenderText {#text} at (0,0) size 250x21
          text run at (0,0) width 250: "2.1 Inheritance through a DIV"
      RenderBlock {DIV} at (0,804) size 769x73 [color=#FFFFFF] [bgcolor=#000000]
        RenderTable {DIV} at (0,0) size 769x72
          RenderTableSection (anonymous) at (0,0) size 769x72
            RenderTableRow {DIV} at (0,0) size 769x72
              RenderTableCell {DIV} at (0,0) size 769x72 [r=0 c=0 rs=1 cs=1]
                RenderText {#text} at (0,0) size 716x72
                  text run at (0,0) width 716: "This text should be white on black, bold, twice"
                  text run at (0,36) width 587: "the size of normal text, and sans serif."
      RenderBlock {H3} at (0,895) size 769x22
        RenderText {#text} at (0,0) size 266x21
          text run at (0,0) width 266: "2.2 Styles set directly on TABLE"
      RenderTable {DIV} at (0,935) size 769x73 [color=#FFFFFF] [bgcolor=#000000]
        RenderTableSection (anonymous) at (0,0) size 769x72
          RenderTableRow {DIV} at (0,0) size 769x72
            RenderTableCell {DIV} at (0,0) size 769x72 [r=0 c=0 rs=1 cs=1]
              RenderText {#text} at (0,0) size 716x72
                text run at (0,0) width 716: "This text should be white on black, bold, twice"
                text run at (0,36) width 587: "the size of normal text, and sans serif."
      RenderBlock {H3} at (0,1025) size 769x22
        RenderText {#text} at (0,0) size 248x21
          text run at (0,0) width 248: "2.3 Styles set directly on ROW"
      RenderTable {DIV} at (0,1065) size 769x73
        RenderTableSection (anonymous) at (0,0) size 769x72
          RenderTableRow {DIV} at (0,0) size 769x72 [color=#FFFFFF] [bgcolor=#000000]
            RenderTableCell {DIV} at (0,0) size 769x72 [r=0 c=0 rs=1 cs=1]
              RenderText {#text} at (0,0) size 716x72
                text run at (0,0) width 716: "This text should be white on black, bold, twice"
                text run at (0,36) width 587: "the size of normal text, and sans serif."
      RenderBlock {H3} at (0,1156) size 769x22
        RenderText {#text} at (0,0) size 253x21
          text run at (0,0) width 253: "2.4 Styles set directly on CELL"
      RenderTable {DIV} at (0,1196) size 769x73
        RenderTableSection (anonymous) at (0,0) size 769x72
          RenderTableRow {DIV} at (0,0) size 769x72
            RenderTableCell {DIV} at (0,0) size 769x72 [color=#FFFFFF] [bgcolor=#000000] [r=0 c=0 rs=1 cs=1]
              RenderText {#text} at (0,0) size 716x72
                text run at (0,0) width 716: "This text should be white on black, bold, twice"
                text run at (0,36) width 587: "the size of normal text, and sans serif."
      RenderBlock {H2} at (0,1287) size 769x27
        RenderText {#text} at (0,0) size 384x26
          text run at (0,0) width 384: "3. Implicit CSS Tables (table explicit)"
      RenderBlock {H3} at (0,1333) size 769x22
        RenderText {#text} at (0,0) size 250x21
          text run at (0,0) width 250: "3.1 Inheritance through a DIV"
      RenderBlock {DIV} at (0,1373) size 769x73 [color=#FFFFFF] [bgcolor=#000000]
        RenderTable {DIV} at (0,0) size 769x72
          RenderTableSection (anonymous) at (0,0) size 769x72
            RenderTableRow (anonymous) at (0,0) size 769x72
              RenderTableCell (anonymous) at (0,0) size 769x72 [r=0 c=0 rs=1 cs=1]
                RenderText {#text} at (0,0) size 716x72
                  text run at (0,0) width 716: "This text should be white on black, bold, twice"
                  text run at (0,36) width 587: "the size of normal text, and sans serif."
      RenderBlock {H3} at (0,1464) size 769x22
        RenderText {#text} at (0,0) size 266x21
          text run at (0,0) width 266: "3.2 Styles set directly on TABLE"
      RenderTable {DIV} at (0,1504) size 769x73 [color=#FFFFFF] [bgcolor=#000000]
        RenderTableSection (anonymous) at (0,0) size 769x72
          RenderTableRow (anonymous) at (0,0) size 769x72
            RenderTableCell (anonymous) at (0,0) size 769x72 [r=0 c=0 rs=1 cs=1]
              RenderText {#text} at (0,0) size 716x72
                text run at (0,0) width 716: "This text should be white on black, bold, twice"
                text run at (0,36) width 587: "the size of normal text, and sans serif."
      RenderBlock {H2} at (0,1595) size 769x27
        RenderText {#text} at (0,0) size 373x26
          text run at (0,0) width 373: "4. Implicit CSS Tables (row explicit)"
      RenderBlock {H3} at (0,1641) size 769x22
        RenderText {#text} at (0,0) size 250x21
          text run at (0,0) width 250: "4.1 Inheritance through a DIV"
      RenderBlock {DIV} at (0,1681) size 769x73 [color=#FFFFFF] [bgcolor=#000000]
        RenderTable at (0,0) size 769x72
          RenderTableSection (anonymous) at (0,0) size 769x72
            RenderTableRow {DIV} at (0,0) size 769x72
              RenderTableCell (anonymous) at (0,0) size 769x72 [r=0 c=0 rs=1 cs=1]
                RenderText {#text} at (0,0) size 716x72
                  text run at (0,0) width 716: "This text should be white on black, bold, twice"
                  text run at (0,36) width 587: "the size of normal text, and sans serif."
      RenderBlock {H3} at (0,1772) size 769x22
        RenderText {#text} at (0,0) size 248x21
          text run at (0,0) width 248: "4.2 Styles set directly on ROW"
      RenderTable at (0,1812) size 769x72
        RenderTableSection (anonymous) at (0,0) size 769x72
          RenderTableRow {DIV} at (0,0) size 769x72 [color=#FFFFFF] [bgcolor=#000000]
            RenderTableCell (anonymous) at (0,0) size 769x72 [r=0 c=0 rs=1 cs=1]
              RenderText {#text} at (0,0) size 716x72
                text run at (0,0) width 716: "This text should be white on black, bold, twice"
                text run at (0,36) width 587: "the size of normal text, and sans serif."
      RenderBlock {H2} at (0,1903) size 769x27
        RenderText {#text} at (0,0) size 369x26
          text run at (0,0) width 369: "5. Implicit CSS Tables (cell explicit)"
      RenderBlock {H3} at (0,1949) size 769x22
        RenderText {#text} at (0,0) size 250x21
          text run at (0,0) width 250: "5.1 Inheritance through a DIV"
      RenderBlock {DIV} at (0,1989) size 769x73 [color=#FFFFFF] [bgcolor=#000000]
        RenderTable at (0,0) size 769x72
          RenderTableSection (anonymous) at (0,0) size 769x72
            RenderTableRow (anonymous) at (0,0) size 769x72
              RenderTableCell {DIV} at (0,0) size 769x72 [r=0 c=0 rs=1 cs=1]
                RenderText {#text} at (0,0) size 716x72
                  text run at (0,0) width 716: "This text should be white on black, bold, twice"
                  text run at (0,36) width 587: "the size of normal text, and sans serif."
      RenderBlock {H3} at (0,2080) size 769x22
        RenderText {#text} at (0,0) size 253x21
          text run at (0,0) width 253: "5.2 Styles set directly on CELL"
      RenderTable at (0,2119) size 769x73
        RenderTableSection (anonymous) at (0,0) size 769x72
          RenderTableRow (anonymous) at (0,0) size 769x72
            RenderTableCell {DIV} at (0,0) size 769x72 [color=#FFFFFF] [bgcolor=#000000] [r=0 c=0 rs=1 cs=1]
              RenderText {#text} at (0,0) size 716x72
                text run at (0,0) width 716: "This text should be white on black, bold, twice"
                text run at (0,36) width 587: "the size of normal text, and sans serif."
      RenderBlock {H2} at (0,2211) size 769x27
        RenderText {#text} at (0,0) size 154x26
          text run at (0,0) width 154: "Submit Results"
      RenderBlock {FORM} at (0,2257) size 769x68
        RenderBlock {P} at (0,0) size 769x67
          RenderText {#text} at (0,0) size 259x17
            text run at (0,0) width 259: "How does your browser fare on this test?"
          RenderMenuList {SELECT} at (2,19) size 523x19 [bgcolor=#FFFFFF] [border: (1px solid #000000)]
            RenderBlock (anonymous) at (1,1) size 521x17
              RenderText at (0,0) size 521x17
                text run at (0,0) width 521: "The tests all render identically, and this browser may or may not grok CSS2 tables."
          RenderText {#text} at (527,20) size 4x17
            text run at (527,20) width 4: " "
          RenderInline {LABEL} at (0,0) size 601x42
            RenderText {#text} at (531,20) size 70x17
              text run at (531,20) width 70: "Comment: "
            RenderTextControl {INPUT} at (2,42) size 172x23 [bgcolor=#FFFFFF] [border: (2px inset #000000)]
          RenderText {#text} at (176,45) size 4x17
            text run at (176,45) width 4: " "
          RenderButton {INPUT} at (182,43) size 57x22 [bgcolor=#C0C0C0]
            RenderBlock (anonymous) at (6,2) size 45x17
              RenderText at (0,0) size 45x17
                text run at (0,0) width 45: "Submit"
          RenderText {#text} at (0,0) size 0x0
      RenderBlock {HR} at (0,2340) size 769x3 [border: (1px inset #000000)]
      RenderBlock {P} at (0,2358) size 769x18
        RenderText {#text} at (0,0) size 63x17
          text run at (0,0) width 63: "Up to the "
        RenderInline {A} at (0,0) size 73x17 [color=#0000EE]
          RenderText {#text} at (63,0) size 73x17
            text run at (63,0) width 73: "Table Tests"
        RenderText {#text} at (136,0) size 4x17
          text run at (136,0) width 4: "."
      RenderBlock {P} at (0,2391) size 769x18
        RenderText {#text} at (0,0) size 63x17
          text run at (0,0) width 63: "Up to the "
        RenderInline {A} at (0,0) size 98x17 [color=#0000EE]
          RenderText {#text} at (63,0) size 98x17
            text run at (63,0) width 98: "Evil Tests Page"
        RenderText {#text} at (161,0) size 4x17
          text run at (161,0) width 4: "."
      RenderBlock {P} at (0,2424) size 769x18
        RenderText {#text} at (0,0) size 61x17
          text run at (0,0) width 61: "Bugzilla: "
        RenderInline {A} at (0,0) size 63x17 [color=#0000EE]
          RenderText {#text} at (61,0) size 63x17
            text run at (61,0) width 63: "Bug 1044"
      RenderBlock {P} at (0,2457) size 769x18
        RenderText {#text} at (0,0) size 173x17
          text run at (0,0) width 173: "This page is maintained by "
        RenderInline {A} at (0,0) size 77x17 [color=#0000EE]
          RenderText {#text} at (173,0) size 77x17
            text run at (173,0) width 77: "Ian Hickson"
        RenderText {#text} at (250,0) size 9x17
          text run at (250,0) width 9: " ("
        RenderInline {A} at (0,0) size 123x17 [color=#0000EE]
          RenderText {#text} at (259,0) size 123x17
            text run at (259,0) width 123: "py8ieh@bath.ac.uk"
        RenderText {#text} at (382,0) size 9x17
          text run at (382,0) width 9: ")."
      RenderBlock {P} at (0,2490) size 769x18
        RenderText {#text} at (0,0) size 182x17
          text run at (0,0) width 182: "Last updated in March 1999."
layer at (13,2324) size 166x17
  RenderBlock {DIV} at (3,3) size 166x17
