layer at (0,0) size 785x911
  RenderView at (0,0) size 785x600
layer at (0,0) size 785x911
  RenderBlock {HTML} at (0,0) size 785x911
    RenderBody {BODY} at (8,8) size 769x895
      RenderTable {TABLE} at (0,0) size 600x256 [border: (1px outset #808080)]
        RenderTableSection {TBODY} at (1,1) size 598x254
          RenderTableRow {TR} at (0,2) size 598x77
            RenderTableCell {TD} at (2,2) size 594x77 [border: (1px inset #808080)] [r=0 c=0 rs=1 cs=3]
              RenderImage {IMG} at (2,2) size 590x73
              RenderText {#text} at (0,0) size 0x0
          RenderTableRow {TR} at (0,81) size 598x87
            RenderTableCell {TD} at (2,81) size 114x38 [bgcolor=#94BD73] [border: (1px inset #808080)] [r=1 c=0 rs=1 cs=1]
              RenderText {#text} at (2,2) size 73x34
                text run at (2,2) width 73: "LH column"
                text run at (2,19) width 38: "image"
            RenderTableCell {TD} at (118,81) size 20x21 [border: (1px inset #808080)] [r=1 c=1 rs=1 cs=1]
              RenderText {#text} at (2,2) size 16x17
                text run at (2,2) width 16: "    "
            RenderTableCell {TD} at (140,81) size 456x87 [border: (1px inset #808080)] [r=1 c=2 rs=1 cs=1]
              RenderBlock {P} at (2,2) size 452x17
                RenderText {#text} at (0,0) size 223x17
                  text run at (0,0) width 223: "HP Peripherals Developer Program"
              RenderBlock {P} at (2,35) size 452x17
                RenderText {#text} at (0,0) size 162x17
                  text run at (0,0) width 162: "PROGRAM SERVICES"
              RenderBlock {P} at (2,68) size 452x17
                RenderText {#text} at (0,0) size 68x17
                  text run at (0,0) width 68: "etc., etc. ..."
          RenderTableRow {TR} at (0,170) size 598x37
            RenderTableCell {TD} at (2,170) size 594x37 [border: (1px inset #808080)] [r=2 c=0 rs=1 cs=3]
              RenderImage {IMG} at (2,2) size 589x33
              RenderText {#text} at (0,0) size 0x0
          RenderTableRow {TR} at (0,209) size 598x43
            RenderTableCell {TD} at (2,209) size 114x43 [border: (1px inset #808080)] [r=3 c=0 rs=1 cs=1]
              RenderImage {IMG} at (2,2) size 110x39
              RenderText {#text} at (0,0) size 0x0
            RenderTableCell {TH} at (118,220) size 478x21 [border: (1px inset #808080)] [r=3 c=1 rs=1 cs=2]
              RenderText {#text} at (208,2) size 62x17
                text run at (208,2) width 62: "text links"
      RenderBlock {HR} at (0,264) size 769x2 [border: (1px inset #000000)]
      RenderBlock {P} at (0,282) size 769x17
        RenderInline {B} at (0,0) size 471x17
          RenderText {#text} at (0,0) size 471x17
            text run at (0,0) width 471: "Now, nuke the IMG (two of which are colspan=3) -- the table lines up."
      RenderTable {TABLE} at (0,315) size 590x174 [border: (1px outset #808080)]
        RenderTableSection {TBODY} at (1,1) size 588x172
          RenderTableRow {TR} at (0,2) size 588x21
            RenderTableCell {TD} at (2,2) size 585x21 [border: (1px inset #808080)] [r=0 c=0 rs=1 cs=3]
              RenderText {#text} at (2,2) size 127x17
                text run at (2,2) width 127: "IMG in a colspan=3"
          RenderTableRow {TR} at (0,25) size 588x87
            RenderTableCell {TD} at (2,25) size 111x38 [bgcolor=#94BD73] [border: (1px inset #808080)] [r=1 c=0 rs=1 cs=1]
              RenderText {#text} at (2,2) size 73x34
                text run at (2,2) width 73: "LH column"
                text run at (2,19) width 38: "image"
            RenderTableCell {TD} at (114,25) size 21x21 [border: (1px inset #808080)] [r=1 c=1 rs=1 cs=1]
              RenderText {#text} at (2,2) size 16x17
                text run at (2,2) width 16: "    "
            RenderTableCell {TD} at (136,25) size 451x87 [border: (1px inset #808080)] [r=1 c=2 rs=1 cs=1]
              RenderBlock {P} at (2,2) size 446x17
                RenderText {#text} at (0,0) size 223x17
                  text run at (0,0) width 223: "HP Peripherals Developer Program"
              RenderBlock {P} at (2,35) size 446x17
                RenderText {#text} at (0,0) size 162x17
                  text run at (0,0) width 162: "PROGRAM SERVICES"
              RenderBlock {P} at (2,68) size 446x17
                RenderText {#text} at (0,0) size 68x17
                  text run at (0,0) width 68: "etc., etc. ..."
          RenderTableRow {TR} at (0,114) size 588x33
            RenderTableCell {TD} at (2,120) size 585x21 [border: (1px inset #808080)] [r=2 c=0 rs=1 cs=3]
              RenderText {#text} at (2,2) size 127x17
                text run at (2,2) width 127: "IMG in a colspan=3"
          RenderTableRow {TR} at (0,149) size 588x21
            RenderTableCell {TD} at (2,149) size 111x21 [border: (1px inset #808080)] [r=3 c=0 rs=1 cs=1]
              RenderText {#text} at (2,2) size 76x17
                text run at (2,2) width 76: "just an IMG"
            RenderTableCell {TH} at (114,149) size 473x21 [border: (1px inset #808080)] [r=3 c=1 rs=1 cs=2]
              RenderText {#text} at (205,2) size 62x17
                text run at (205,2) width 62: "text links"
      RenderBlock {HR} at (0,497) size 769x2 [border: (1px inset #000000)]
      RenderBlock {P} at (0,515) size 769x17
        RenderInline {B} at (0,0) size 502x17
          RenderText {#text} at (0,0) size 502x17
            text run at (0,0) width 502: "Simpler comparison -- two rows, first is IMG in colspan=3 -- tables not OK"
      RenderTable {TABLE} at (0,548) size 600x172 [border: (1px outset #808080)]
        RenderTableSection {TBODY} at (1,1) size 598x170
          RenderTableRow {TR} at (0,2) size 598x77
            RenderTableCell {TD} at (2,2) size 595x77 [border: (1px inset #808080)] [r=0 c=0 rs=1 cs=3]
              RenderImage {IMG} at (2,2) size 590x73
              RenderText {#text} at (0,0) size 0x0
          RenderTableRow {TR} at (0,81) size 598x87
            RenderTableCell {TD} at (2,81) size 112x38 [bgcolor=#94BD73] [border: (1px inset #808080)] [r=1 c=0 rs=1 cs=1]
              RenderText {#text} at (2,2) size 73x34
                text run at (2,2) width 73: "LH column"
                text run at (2,19) width 38: "image"
            RenderTableCell {TD} at (115,81) size 21x21 [border: (1px inset #808080)] [r=1 c=1 rs=1 cs=1]
              RenderText {#text} at (2,2) size 16x17
                text run at (2,2) width 16: "    "
            RenderTableCell {TD} at (137,81) size 460x87 [border: (1px inset #808080)] [r=1 c=2 rs=1 cs=1]
              RenderBlock {P} at (2,2) size 455x17
                RenderText {#text} at (0,0) size 223x17
                  text run at (0,0) width 223: "HP Peripherals Developer Program"
              RenderBlock {P} at (2,35) size 455x17
                RenderText {#text} at (0,0) size 162x17
                  text run at (0,0) width 162: "PROGRAM SERVICES"
              RenderBlock {P} at (2,68) size 455x17
                RenderText {#text} at (0,0) size 68x17
                  text run at (0,0) width 68: "etc., etc. ..."
      RenderBlock {HR} at (0,728) size 769x2 [border: (1px inset #000000)]
      RenderBlock {P} at (0,746) size 769x17
        RenderInline {B} at (0,0) size 520x17
          RenderText {#text} at (0,0) size 520x17
            text run at (0,0) width 520: "Simpler comparison -- nuke the IMG (replace with text) -- tables line up now."
      RenderTable {TABLE} at (0,779) size 590x116 [border: (1px outset #808080)]
        RenderTableSection {TBODY} at (1,1) size 588x114
          RenderTableRow {TR} at (0,2) size 588x21
            RenderTableCell {TD} at (2,2) size 585x21 [border: (1px inset #808080)] [r=0 c=0 rs=1 cs=3]
              RenderText {#text} at (2,2) size 208x17
                text run at (2,2) width 208: "text instead of IMG in colspan=3"
          RenderTableRow {TR} at (0,25) size 588x87
            RenderTableCell {TD} at (2,25) size 111x38 [bgcolor=#94BD73] [border: (1px inset #808080)] [r=1 c=0 rs=1 cs=1]
              RenderText {#text} at (2,2) size 73x34
                text run at (2,2) width 73: "LH column"
                text run at (2,19) width 38: "image"
            RenderTableCell {TD} at (114,25) size 21x21 [border: (1px inset #808080)] [r=1 c=1 rs=1 cs=1]
              RenderText {#text} at (2,2) size 16x17
                text run at (2,2) width 16: "    "
            RenderTableCell {TD} at (136,25) size 451x87 [border: (1px inset #808080)] [r=1 c=2 rs=1 cs=1]
              RenderBlock {P} at (2,2) size 446x17
                RenderText {#text} at (0,0) size 223x17
                  text run at (0,0) width 223: "HP Peripherals Developer Program"
              RenderBlock {P} at (2,35) size 446x17
                RenderText {#text} at (0,0) size 162x17
                  text run at (0,0) width 162: "PROGRAM SERVICES"
              RenderBlock {P} at (2,68) size 446x17
                RenderText {#text} at (0,0) size 68x17
                  text run at (0,0) width 68: "etc., etc. ..."
