layer at (0,0) size 800x600
  RenderView at (0,0) size 800x600
layer at (0,0) size 800x600
  RenderBlock {HTML} at (0,0) size 800x600
    RenderBody {BODY} at (8,8) size 784x584
      RenderTable {TABLE} at (0,0) size 118x46 [border: (3px outset #808080)]
        RenderTableSection {TBODY} at (3,3) size 112x40
          RenderTableRow {TR} at (0,0) size 112x40
            RenderTableCell {TD} at (0,0) size 112x40 [border: (1px inset #808080)] [r=0 c=0 rs=1 cs=1]
              RenderBlock (anonymous) at (1,1) size 110x17
                RenderText {#text} at (0,0) size 110x17
                  text run at (0,0) width 110: "Family Essentials"
              RenderTable {TABLE} at (1,18) size 25x21 [border: (1px outset #808080)]
                RenderTableSection {TBODY} at (1,1) size 23x19
                  RenderTableRow {TR} at (0,0) size 23x19
                    RenderTableCell {TD} at (0,0) size 23x19 [border: (1px inset #808080)] [r=0 c=0 rs=1 cs=1]
                      RenderText {#text} at (1,1) size 21x17
                        text run at (1,1) width 21: "foo"
