layer at (0,0) size 800x600
  RenderView at (0,0) size 800x600
layer at (0,0) size 800x600
  RenderBlock {HTML} at (0,0) size 800x600
    RenderBody {BODY} at (8,8) size 784x584
      RenderTable {TABLE} at (0,0) size 300x27 [border: (1px outset #808080)]
        RenderTableSection {TBODY} at (1,1) size 298x25
          RenderTableRow {TR} at (0,2) size 298x21
            RenderTableCell {TD} at (2,2) size 140x21 [border: (1px inset #808080)] [r=0 c=0 rs=1 cs=1]
              RenderText {#text} at (56,2) size 28x17
                text run at (56,2) width 28: "One"
            RenderTableCell {TD} at (143,2) size 154x21 [border: (1px inset #808080)] [r=0 c=1 rs=1 cs=1]
              RenderText {#text} at (61,2) size 31x17
                text run at (61,2) width 31: "Two"
      RenderTable {TABLE} at (0,27) size 300x27 [border: (1px outset #808080)]
        RenderTableSection {TBODY} at (1,1) size 298x25
          RenderTableRow {TR} at (0,2) size 298x21
            RenderTableCell {TD} at (2,2) size 140x21 [border: (1px inset #808080)] [r=0 c=0 rs=1 cs=1]
              RenderText {#text} at (110,2) size 28x17
                text run at (110,2) width 28: "One"
            RenderTableCell {TD} at (143,2) size 154x21 [border: (1px inset #808080)] [r=0 c=1 rs=1 cs=1]
              RenderText {#text} at (120,2) size 31x17
                text run at (120,2) width 31: "Two"
      RenderTable {TABLE} at (0,54) size 369x50 [border: (1px outset #808080)]
        RenderTableSection {TBODY} at (1,1) size 367x48
          RenderTableRow {TR} at (0,2) size 367x21
            RenderTableCell {TD} at (2,2) size 179x21 [border: (1px inset #808080)] [r=0 c=0 rs=1 cs=1]
              RenderText {#text} at (76,2) size 27x17
                text run at (76,2) width 27: "One"
            RenderTableCell {TD} at (183,2) size 182x21 [border: (1px inset #808080)] [r=0 c=1 rs=1 cs=1]
              RenderText {#text} at (76,2) size 30x17
                text run at (76,2) width 30: "Two"
          RenderTableRow {TR} at (0,25) size 367x21
            RenderTableCell {TD} at (2,25) size 179x21 [border: (1px inset #808080)] [r=1 c=0 rs=1 cs=1]
              RenderText {#text} at (2,2) size 175x17
                text run at (2,2) width 175: "----------Long One------------"
            RenderTableCell {TD} at (183,25) size 182x21 [border: (1px inset #808080)] [r=1 c=1 rs=1 cs=1]
              RenderText {#text} at (2,2) size 178x17
                text run at (2,2) width 178: "----------Long Two------------"
      RenderTable {TABLE} at (0,104) size 784x27 [border: (1px outset #808080)]
        RenderTableSection {TBODY} at (1,1) size 782x25
          RenderTableRow {TR} at (0,2) size 782x21
            RenderTableCell {TD} at (2,2) size 371x21 [border: (1px inset #808080)] [r=0 c=0 rs=1 cs=1]
              RenderText {#text} at (171,2) size 28x17
                text run at (171,2) width 28: "One"
            RenderTableCell {TD} at (374,2) size 407x21 [border: (1px inset #808080)] [r=0 c=1 rs=1 cs=1]
              RenderText {#text} at (187,2) size 31x17
                text run at (187,2) width 31: "Two"
