layer at (0,0) size 800x600
  RenderView at (0,0) size 800x600
layer at (0,0) size 800x600
  RenderBlock {HTML} at (0,0) size 800x600
    RenderBody {BODY} at (8,8) size 784x576
      RenderBlock (anonymous) at (0,0) size 784x17
        RenderText {#text} at (0,0) size 264x17
          text run at (0,0) width 264: "The select should not contain blank items "
        RenderBR {BR} at (264,14) size 0x0
      RenderBlock {FORM} at (0,17) size 784x27
        RenderInline {B} at (0,0) size 47x17
          RenderText {#text} at (0,5) size 47x17
            text run at (0,5) width 47: "Search"
        RenderText {#text} at (47,5) size 4x17
          text run at (47,5) width 4: " "
        RenderTextControl {INPUT} at (53,2) size 156x23 [bgcolor=#FFFFFF] [border: (2px inset #000000)]
        RenderText {#text} at (211,5) size 4x17
          text run at (211,5) width 4: " "
        RenderMenuList {SELECT} at (217,4) size 56x19 [bgcolor=#FFFFFF] [border: (1px solid #000000)]
          RenderBlock (anonymous) at (1,1) size 54x17
            RenderText at (0,0) size 40x17
              text run at (0,0) width 40: "Excite"
        RenderText {#text} at (0,0) size 0x0
      RenderBlock (anonymous) at (0,60) size 784x34
        RenderBR {BR} at (0,0) size 0x17
        RenderText {#text} at (0,17) size 264x17
          text run at (0,17) width 264: "The select should not contain blank items "
        RenderBR {BR} at (264,31) size 0x0
      RenderBlock {FORM} at (0,94) size 784x23
        RenderMenuList {SELECT} at (2,2) size 230x19 [bgcolor=#FFFFFF] [border: (1px solid #000000)]
          RenderBlock (anonymous) at (1,1) size 228x17
            RenderText at (0,0) size 73x17
              text run at (0,0) width 73: "Quick Link"
layer at (64,30) size 150x17
  RenderBlock {DIV} at (3,3) size 150x17
