layer at (0,0) size 785x610
  RenderView at (0,0) size 785x600
layer at (0,0) size 785x610
  RenderBlock {HTML} at (0,0) size 785x610
    RenderBody {BODY} at (8,8) size 769x594 [bgcolor=#FFFFFF]
      RenderTable {TABLE} at (0,0) size 308x50 [border: (1px outset #808080)]
        RenderTableCol {COLGROUP} at (0,0) size 0x0
          RenderTableCol {COL} at (0,0) size 0x0
          RenderTableCol {COL} at (0,0) size 0x0
        RenderTableSection {TBODY} at (1,1) size 306x48
          RenderTableRow {TR} at (0,2) size 306x21
          RenderTableRow {TR} at (0,25) size 306x21
      RenderTable {TABLE} at (0,50) size 308x50 [border: (1px outset #808080)]
        RenderTableCol {COLGROUP} at (0,0) size 0x0
          RenderTableCol {COL} at (0,0) size 0x0
          RenderTableCol {COL} at (0,0) size 0x0
        RenderTableSection {TBODY} at (1,1) size 306x48
          RenderTableRow {TR} at (0,2) size 306x21
          RenderTableRow {TR} at (0,25) size 306x21
      RenderTable {TABLE} at (0,100) size 300x50 [border: (1px outset #808080)]
        RenderTableSection {TBODY} at (1,1) size 298x48
          RenderTableRow {TR} at (0,2) size 298x21
          RenderTableRow {TR} at (0,25) size 298x21
      RenderTable {TABLE} at (0,150) size 300x50 [border: (1px outset #808080)]
        RenderTableSection {TBODY} at (1,1) size 298x48
          RenderTableRow {TR} at (0,2) size 298x21
          RenderTableRow {TR} at (0,25) size 298x21
      RenderTable {TABLE} at (0,200) size 300x63 [border: (1px outset #808080)]
        RenderTableSection {TBODY} at (1,1) size 298x61
          RenderTableRow {TR} at (0,2) size 298x34
          RenderTableRow {TR} at (0,38) size 298x21
      RenderTable {TABLE} at (0,263) size 300x63 [border: (1px outset #808080)]
        RenderTableSection {TBODY} at (1,1) size 298x61
          RenderTableRow {TR} at (0,2) size 298x34
          RenderTableRow {TR} at (0,38) size 298x21
      RenderTable {TABLE} at (0,326) size 300x92 [border: (1px outset #808080)]
        RenderTableSection {TBODY} at (1,1) size 298x90
          RenderTableRow {TR} at (0,2) size 298x45
          RenderTableRow {TR} at (0,49) size 298x39
      RenderTable {TABLE} at (0,506) size 300x88 [border: (1px outset #808080)]
        RenderTableSection {TBODY} at (1,1) size 298x86
          RenderTableRow {TR} at (0,2) size 298x59
          RenderTableRow {TR} at (0,63) size 298x21
layer at (11,11) size 200x21 clip at (12,12) size 198x19
  RenderTableCell {TD} at (2,2) size 200x21 [bgcolor=#0000FF] [border: (1px inset #808080)] [r=0 c=0 rs=1 cs=1]
    RenderText {#text} at (2,2) size 4x17
      text run at (2,2) width 4: " "
layer at (213,11) size 100x21 clip at (214,12) size 98x19
  RenderTableCell {TD} at (204,2) size 100x21 [bgcolor=#0000FF] [border: (1px inset #808080)] [r=0 c=1 rs=1 cs=1]
    RenderText {#text} at (2,2) size 4x17
      text run at (2,2) width 4: " "
layer at (11,34) size 200x21 clip at (12,35) size 198x19
  RenderTableCell {TD} at (2,25) size 200x21 [bgcolor=#0000FF] [border: (1px inset #808080)] [r=1 c=0 rs=1 cs=1]
    RenderText {#text} at (2,2) size 4x17
      text run at (2,2) width 4: " "
layer at (213,34) size 100x21 clip at (214,35) size 98x19
  RenderTableCell {TD} at (204,25) size 100x21 [bgcolor=#0000FF] [border: (1px inset #808080)] [r=1 c=1 rs=1 cs=1]
    RenderText {#text} at (2,2) size 4x17
      text run at (2,2) width 4: " "
layer at (11,61) size 200x21 clip at (12,62) size 198x19
  RenderTableCell {TD} at (2,2) size 200x21 [bgcolor=#0000FF] [border: (1px inset #808080)] [r=0 c=0 rs=1 cs=1]
    RenderText {#text} at (2,2) size 4x17
      text run at (2,2) width 4: " "
layer at (213,61) size 100x21 clip at (214,62) size 98x19
  RenderTableCell {TD} at (204,2) size 100x21 [bgcolor=#0000FF] [border: (1px inset #808080)] [r=0 c=1 rs=1 cs=1]
    RenderText {#text} at (2,2) size 4x17
      text run at (2,2) width 4: " "
layer at (11,84) size 200x21 clip at (12,85) size 198x19
  RenderTableCell {TD} at (2,25) size 200x21 [bgcolor=#0000FF] [border: (1px inset #808080)] [r=1 c=0 rs=1 cs=1]
    RenderText {#text} at (2,2) size 4x17
      text run at (2,2) width 4: " "
layer at (213,84) size 100x21 clip at (214,85) size 98x19
  RenderTableCell {TD} at (204,25) size 100x21 [bgcolor=#0000FF] [border: (1px inset #808080)] [r=1 c=1 rs=1 cs=1]
    RenderText {#text} at (2,2) size 4x17
      text run at (2,2) width 4: " "
layer at (11,111) size 234x21 clip at (12,112) size 232x19
  RenderTableCell {TD} at (2,2) size 234x21 [bgcolor=#0000FF] [border: (1px inset #808080)] [r=0 c=0 rs=1 cs=1]
    RenderText {#text} at (2,2) size 4x17
      text run at (2,2) width 4: " "
layer at (247,111) size 58x21 clip at (248,112) size 56x19
  RenderTableCell {TD} at (237,2) size 59x21 [bgcolor=#0000FF] [border: (1px inset #808080)] [r=0 c=1 rs=1 cs=1]
    RenderText {#text} at (2,2) size 4x17
      text run at (2,2) width 4: " "
layer at (11,134) size 234x21 clip at (12,135) size 232x19
  RenderTableCell {TD} at (2,25) size 234x21 [bgcolor=#0000FF] [border: (1px inset #808080)] [r=1 c=0 rs=1 cs=1]
    RenderText {#text} at (2,2) size 4x17
      text run at (2,2) width 4: " "
layer at (247,134) size 58x21 clip at (248,135) size 56x19
  RenderTableCell {TD} at (237,25) size 59x21 [bgcolor=#0000FF] [border: (1px inset #808080)] [r=1 c=1 rs=1 cs=1]
    RenderText {#text} at (2,2) size 4x17
      text run at (2,2) width 4: " "
layer at (11,161) size 154x21 clip at (12,162) size 152x19
  RenderTableCell {TD} at (2,2) size 154x21 [bgcolor=#0000FF] [border: (1px inset #808080)] [r=0 c=0 rs=1 cs=1]
    RenderText {#text} at (2,2) size 4x17
      text run at (2,2) width 4: " "
layer at (167,161) size 138x21 clip at (168,162) size 136x19
  RenderTableCell {TD} at (158,2) size 138x21 [bgcolor=#0000FF] [border: (1px inset #808080)] [r=0 c=1 rs=1 cs=1]
    RenderText {#text} at (2,2) size 4x17
      text run at (2,2) width 4: " "
layer at (11,184) size 154x21 clip at (12,185) size 152x19
  RenderTableCell {TD} at (2,25) size 154x21 [bgcolor=#0000FF] [border: (1px inset #808080)] [r=1 c=0 rs=1 cs=1]
    RenderText {#text} at (2,2) size 4x17
      text run at (2,2) width 4: " "
layer at (167,184) size 138x21 clip at (168,185) size 136x19
  RenderTableCell {TD} at (158,25) size 138x21 [bgcolor=#0000FF] [border: (1px inset #808080)] [r=1 c=1 rs=1 cs=1]
    RenderText {#text} at (2,2) size 4x17
      text run at (2,2) width 4: " "
layer at (11,211) size 154x34 clip at (12,212) size 152x32 scrollWidth 201
  RenderTableCell {TD} at (2,2) size 154x34 [bgcolor=#0000FF] [border: (1px inset #808080)] [r=0 c=0 rs=1 cs=1]
    RenderBlock {FORM} at (2,2) size 150x30
      RenderButton {BUTTON} at (0,2) size 200x26 [bgcolor=#C0C0C0] [border: (2px outset #C0C0C0)]
        RenderBlock (anonymous) at (8,4) size 184x17
          RenderText {#text} at (72,0) size 40x17
            text run at (72,0) width 40: "button"
layer at (167,211) size 138x34 clip at (168,212) size 136x32
  RenderTableCell {TD} at (158,8) size 138x22 [bgcolor=#0000FF] [border: (1px inset #808080)] [r=0 c=1 rs=1 cs=1]
    RenderText {#text} at (2,2) size 4x18
      text run at (2,3) width 4: " "
layer at (11,247) size 154x21 clip at (12,248) size 152x19
  RenderTableCell {TD} at (2,38) size 154x21 [bgcolor=#0000FF] [border: (1px inset #808080)] [r=1 c=0 rs=1 cs=1]
    RenderText {#text} at (2,2) size 4x17
      text run at (2,2) width 4: " "
layer at (167,247) size 138x21 clip at (168,248) size 136x19
  RenderTableCell {TD} at (158,38) size 138x21 [bgcolor=#0000FF] [border: (1px inset #808080)] [r=1 c=1 rs=1 cs=1]
    RenderText {#text} at (2,2) size 4x17
      text run at (2,2) width 4: " "
layer at (11,274) size 281x34 clip at (12,275) size 279x32
  RenderTableCell {TD} at (2,2) size 281x34 [bgcolor=#0000FF] [border: (1px inset #808080)] [r=0 c=0 rs=1 cs=1]
    RenderBlock {FORM} at (2,2) size 277x30
      RenderButton {BUTTON} at (0,2) size 200x26 [bgcolor=#C0C0C0] [border: (2px outset #C0C0C0)]
        RenderBlock (anonymous) at (8,4) size 184x17
          RenderText {#text} at (72,0) size 40x17
            text run at (72,0) width 40: "button"
layer at (294,274) size 11x34 clip at (295,275) size 9x32
  RenderTableCell {TD} at (284,8) size 13x22 [bgcolor=#0000FF] [border: (1px inset #808080)] [r=0 c=1 rs=1 cs=1]
    RenderText {#text} at (2,2) size 4x18
      text run at (2,3) width 4: " "
layer at (11,310) size 281x21 clip at (12,311) size 279x19
  RenderTableCell {TD} at (2,38) size 281x21 [bgcolor=#0000FF] [border: (1px inset #808080)] [r=1 c=0 rs=1 cs=1]
    RenderText {#text} at (2,2) size 4x17
      text run at (2,2) width 4: " "
layer at (294,310) size 11x21 clip at (295,311) size 9x19
  RenderTableCell {TD} at (284,38) size 13x21 [bgcolor=#0000FF] [border: (1px inset #808080)] [r=1 c=1 rs=1 cs=1]
    RenderText {#text} at (2,2) size 4x17
      text run at (2,2) width 4: " "
layer at (11,337) size 172x45 clip at (12,338) size 170x43 scrollWidth 216
  RenderTableCell {TD} at (2,2) size 172x45 [bgcolor=#0000FF] [border: (1px inset #808080)] [r=0 c=0 rs=1 cs=1]
    RenderBlock {DIV} at (11,11) size 206x23 [border: (3px solid #000000)]
      RenderText {#text} at (3,3) size 20x17
        text run at (3,3) width 20: "div"
layer at (185,337) size 120x45 clip at (186,338) size 118x43
  RenderTableCell {TD} at (176,5) size 120x39 [bgcolor=#0000FF] [border: (1px inset #808080)] [r=0 c=1 rs=1 cs=1]
    RenderText {#text} at (11,11) size 4x17
      text run at (11,11) width 4: " "
layer at (11,384) size 172x39 clip at (12,385) size 170x37
  RenderTableCell {TD} at (2,49) size 172x39 [bgcolor=#0000FF] [border: (1px inset #808080)] [r=1 c=0 rs=1 cs=1]
    RenderText {#text} at (11,11) size 4x17
      text run at (11,11) width 4: " "
layer at (185,384) size 120x39 clip at (186,385) size 118x37
  RenderTableCell {TD} at (176,49) size 120x39 [bgcolor=#0000FF] [border: (1px inset #808080)] [r=1 c=1 rs=1 cs=1]
    RenderText {#text} at (11,11) size 4x17
      text run at (11,11) width 4: " "
layer at (8,426) size 300x88 clip at (9,427) size 298x86
  RenderTable {TABLE} at (0,418) size 300x88 [border: (1px outset #808080)]
    RenderTableSection {TBODY} at (1,1) size 298x86
      RenderTableRow {TR} at (0,2) size 298x59
      RenderTableRow {TR} at (0,63) size 298x21
layer at (11,429) size 154x59 clip at (12,430) size 152x57 scrollWidth 207
  RenderTableCell {TD} at (2,2) size 154x59 [bgcolor=#0000FF] [border: (1px inset #808080)] [r=0 c=0 rs=1 cs=1]
    RenderBlock {P} at (2,18) size 206x23 [border: (3px solid #000000)]
      RenderText {#text} at (3,3) size 27x17
        text run at (3,3) width 27: "para"
layer at (167,429) size 138x59 clip at (168,430) size 136x57
  RenderTableCell {TD} at (158,21) size 138x21 [bgcolor=#0000FF] [border: (1px inset #808080)] [r=0 c=1 rs=1 cs=1]
    RenderText {#text} at (2,2) size 4x17
      text run at (2,2) width 4: " "
layer at (11,490) size 154x21 clip at (12,491) size 152x19
  RenderTableCell {TD} at (2,63) size 154x21 [bgcolor=#0000FF] [border: (1px inset #808080)] [r=1 c=0 rs=1 cs=1]
    RenderText {#text} at (2,2) size 4x17
      text run at (2,2) width 4: " "
layer at (167,490) size 138x21 clip at (168,491) size 136x19
  RenderTableCell {TD} at (158,63) size 138x21 [bgcolor=#0000FF] [border: (1px inset #808080)] [r=1 c=1 rs=1 cs=1]
    RenderText {#text} at (2,2) size 4x17
      text run at (2,2) width 4: " "
layer at (11,517) size 254x59 clip at (12,518) size 252x57
  RenderTableCell {TD} at (2,2) size 254x59 [bgcolor=#0000FF] [border: (1px inset #808080)] [r=0 c=0 rs=1 cs=1]
    RenderBlock {P} at (2,18) size 206x23 [border: (3px solid #000000)]
      RenderText {#text} at (3,3) size 27x17
        text run at (3,3) width 27: "para"
layer at (267,517) size 38x59 clip at (268,518) size 36x57
  RenderTableCell {TD} at (258,21) size 38x21 [bgcolor=#0000FF] [border: (1px inset #808080)] [r=0 c=1 rs=1 cs=1]
    RenderText {#text} at (2,2) size 4x17
      text run at (2,2) width 4: " "
layer at (11,578) size 254x21 clip at (12,579) size 252x19
  RenderTableCell {TD} at (2,63) size 254x21 [bgcolor=#0000FF] [border: (1px inset #808080)] [r=1 c=0 rs=1 cs=1]
    RenderText {#text} at (2,2) size 4x17
      text run at (2,2) width 4: " "
layer at (267,578) size 38x21 clip at (268,579) size 36x19
  RenderTableCell {TD} at (258,63) size 38x21 [bgcolor=#0000FF] [border: (1px inset #808080)] [r=1 c=1 rs=1 cs=1]
    RenderText {#text} at (2,2) size 4x17
      text run at (2,2) width 4: " "
