layer at (0,0) size 800x600
  RenderView at (0,0) size 800x600
layer at (0,0) size 800x600
  RenderBlock {HTML} at (0,0) size 800x600
    RenderBody {BODY} at (8,8) size 784x584 [bgcolor=#FFFFFF]
      RenderBlock {P} at (0,0) size 784x17
        RenderText {#text} at (0,0) size 144x17
          text run at (0,0) width 144: "A 101 pixel wide table"
      RenderTable {TABLE} at (0,33) size 101x37
        RenderTableSection {TBODY} at (0,0) size 101x37
          RenderTableRow {TR} at (0,1) size 101x17
            RenderTableCell {TD} at (1,1) size 24x17 [bgcolor=#000000] [r=0 c=0 rs=1 cs=1]
              RenderText {#text} at (0,0) size 4x17
                text run at (0,0) width 4: " "
            RenderTableCell {TD} at (26,1) size 24x17 [bgcolor=#000000] [r=0 c=1 rs=1 cs=1]
              RenderText {#text} at (0,0) size 4x17
                text run at (0,0) width 4: " "
            RenderTableCell {TD} at (51,1) size 24x17 [bgcolor=#000000] [r=0 c=2 rs=1 cs=1]
              RenderText {#text} at (0,0) size 4x17
                text run at (0,0) width 4: " "
            RenderTableCell {TD} at (76,1) size 24x17 [bgcolor=#000000] [r=0 c=3 rs=1 cs=1]
              RenderText {#text} at (0,0) size 4x17
                text run at (0,0) width 4: " "
          RenderTableRow {TR} at (0,19) size 101x17
            RenderTableCell {TD} at (1,19) size 49x17 [bgcolor=#000000] [r=1 c=0 rs=1 cs=2]
              RenderText {#text} at (0,0) size 4x17
                text run at (0,0) width 4: " "
            RenderTableCell {TD} at (51,19) size 49x17 [bgcolor=#000000] [r=1 c=2 rs=1 cs=2]
              RenderText {#text} at (0,0) size 4x17
                text run at (0,0) width 4: " "
      RenderBlock {P} at (0,86) size 784x17
        RenderText {#text} at (0,0) size 144x17
          text run at (0,0) width 144: "A 102 pixel wide table"
      RenderTable {TABLE} at (0,119) size 102x37
        RenderTableSection {TBODY} at (0,0) size 102x37
          RenderTableRow {TR} at (0,1) size 102x17
            RenderTableCell {TD} at (1,1) size 25x17 [bgcolor=#000000] [r=0 c=0 rs=1 cs=1]
              RenderText {#text} at (0,0) size 4x17
                text run at (0,0) width 4: " "
            RenderTableCell {TD} at (26,1) size 25x17 [bgcolor=#000000] [r=0 c=1 rs=1 cs=1]
              RenderText {#text} at (0,0) size 4x17
                text run at (0,0) width 4: " "
            RenderTableCell {TD} at (51,1) size 25x17 [bgcolor=#000000] [r=0 c=2 rs=1 cs=1]
              RenderText {#text} at (0,0) size 4x17
                text run at (0,0) width 4: " "
            RenderTableCell {TD} at (76,1) size 25x17 [bgcolor=#000000] [r=0 c=3 rs=1 cs=1]
              RenderText {#text} at (0,0) size 4x17
                text run at (0,0) width 4: " "
          RenderTableRow {TR} at (0,19) size 102x17
            RenderTableCell {TD} at (1,19) size 50x17 [bgcolor=#000000] [r=1 c=0 rs=1 cs=2]
              RenderText {#text} at (0,0) size 4x17
                text run at (0,0) width 4: " "
            RenderTableCell {TD} at (51,19) size 50x17 [bgcolor=#000000] [r=1 c=2 rs=1 cs=2]
              RenderText {#text} at (0,0) size 4x17
                text run at (0,0) width 4: " "
      RenderBlock {P} at (0,172) size 784x17
        RenderText {#text} at (0,0) size 144x17
          text run at (0,0) width 144: "A 103 pixel wide table"
      RenderTable {TABLE} at (0,205) size 103x37
        RenderTableSection {TBODY} at (0,0) size 103x37
          RenderTableRow {TR} at (0,1) size 103x17
            RenderTableCell {TD} at (1,1) size 25x17 [bgcolor=#000000] [r=0 c=0 rs=1 cs=1]
              RenderText {#text} at (0,0) size 4x17
                text run at (0,0) width 4: " "
            RenderTableCell {TD} at (26,1) size 25x17 [bgcolor=#000000] [r=0 c=1 rs=1 cs=1]
              RenderText {#text} at (0,0) size 4x17
                text run at (0,0) width 4: " "
            RenderTableCell {TD} at (52,1) size 25x17 [bgcolor=#000000] [r=0 c=2 rs=1 cs=1]
              RenderText {#text} at (0,0) size 4x17
                text run at (0,0) width 4: " "
            RenderTableCell {TD} at (77,1) size 25x17 [bgcolor=#000000] [r=0 c=3 rs=1 cs=1]
              RenderText {#text} at (0,0) size 4x17
                text run at (0,0) width 4: " "
          RenderTableRow {TR} at (0,19) size 103x17
            RenderTableCell {TD} at (1,19) size 50x17 [bgcolor=#000000] [r=1 c=0 rs=1 cs=2]
              RenderText {#text} at (0,0) size 4x17
                text run at (0,0) width 4: " "
            RenderTableCell {TD} at (52,19) size 50x17 [bgcolor=#000000] [r=1 c=2 rs=1 cs=2]
              RenderText {#text} at (0,0) size 4x17
                text run at (0,0) width 4: " "
      RenderBlock {P} at (0,258) size 784x17
        RenderText {#text} at (0,0) size 144x17
          text run at (0,0) width 144: "A 104 pixel wide table"
      RenderTable {TABLE} at (0,291) size 104x37
        RenderTableSection {TBODY} at (0,0) size 104x37
          RenderTableRow {TR} at (0,1) size 104x17
            RenderTableCell {TD} at (1,1) size 25x17 [bgcolor=#000000] [r=0 c=0 rs=1 cs=1]
              RenderText {#text} at (0,0) size 4x17
                text run at (0,0) width 4: " "
            RenderTableCell {TD} at (26,1) size 26x17 [bgcolor=#000000] [r=0 c=1 rs=1 cs=1]
              RenderText {#text} at (0,0) size 4x17
                text run at (0,0) width 4: " "
            RenderTableCell {TD} at (52,1) size 26x17 [bgcolor=#000000] [r=0 c=2 rs=1 cs=1]
              RenderText {#text} at (0,0) size 4x17
                text run at (0,0) width 4: " "
            RenderTableCell {TD} at (78,1) size 25x17 [bgcolor=#000000] [r=0 c=3 rs=1 cs=1]
              RenderText {#text} at (0,0) size 4x17
                text run at (0,0) width 4: " "
          RenderTableRow {TR} at (0,19) size 104x17
            RenderTableCell {TD} at (1,19) size 51x17 [bgcolor=#000000] [r=1 c=0 rs=1 cs=2]
              RenderText {#text} at (0,0) size 4x17
                text run at (0,0) width 4: " "
            RenderTableCell {TD} at (52,19) size 51x17 [bgcolor=#000000] [r=1 c=2 rs=1 cs=2]
              RenderText {#text} at (0,0) size 4x17
                text run at (0,0) width 4: " "
