layer at (0,0) size 800x600
  RenderView at (0,0) size 800x600
layer at (0,0) size 800x600
  RenderBlock {HTML} at (0,0) size 800x600
    RenderBody {BODY} at (8,8) size 784x584
      RenderBlock (anonymous) at (0,0) size 784x34
        RenderText {#text} at (0,0) size 765x34
          text run at (0,0) width 765: "the following is not the bug but is related. Nav put's the images in the 2nd cell on the same line. Border widths of cells are"
          text run at (0,17) width 81: "suspect here."
      RenderTable {TABLE} at (0,34) size 28x6 [border: (1px outset #808080)]
        RenderTableSection {TBODY} at (1,1) size 26x4
          RenderTableRow {TR} at (0,0) size 26x4
            RenderTableCell {TD} at (0,0) size 4x4 [border: (1px inset #808080)] [r=0 c=0 rs=1 cs=1]
              RenderImage {IMG} at (1,1) size 2x2
            RenderTableCell {TD} at (4,0) size 22x4 [border: (1px inset #808080)] [r=0 c=1 rs=1 cs=1]
              RenderImage {IMG} at (1,1) size 10x2
              RenderImage {IMG} at (11,1) size 10x2
      RenderBlock (anonymous) at (0,40) size 784x34
        RenderBR {BR} at (0,0) size 0x17
        RenderText {#text} at (0,17) size 649x17
          text run at (0,17) width 649: "the following is related to the bug. Nav put's the images in the last cell of the last table on the same line."
      RenderTable {TABLE} at (0,74) size 700x32
        RenderTableSection {TBODY} at (0,0) size 700x32
          RenderTableRow {TR} at (0,0) size 700x32
            RenderTableCell {TD} at (0,0) size 175x32 [r=0 c=0 rs=1 cs=1]
              RenderTable {TABLE} at (0,0) size 175x32
                RenderTableSection {TBODY} at (0,0) size 175x32
                  RenderTableRow {TR} at (0,0) size 175x2
                    RenderTableCell {TD} at (0,0) size 175x2 [r=0 c=0 rs=1 cs=1]
                      RenderImage {IMG} at (0,0) size 7x2
                  RenderTableRow {TR} at (0,2) size 175x29
                    RenderTableCell {TD} at (0,2) size 175x29 [r=1 c=0 rs=1 cs=8]
                      RenderInline {A} at (0,0) size 156x17 [color=#0000EE]
                        RenderImage {IMG} at (0,0) size 156x29
                      RenderImage {IMG} at (156,0) size 19x29
                  RenderTableRow {TR} at (0,31) size 175x1
                    RenderTableCell {TD} at (0,31) size 175x1 [r=2 c=0 rs=1 cs=3]
                      RenderImage {IMG} at (0,0) size 156x1
            RenderTableCell {TD} at (175,0) size 525x23 [r=0 c=1 rs=1 cs=1]
              RenderTable {TABLE} at (0,0) size 525x23
                RenderTableSection {TBODY} at (0,0) size 525x23
                  RenderTableRow {TR} at (0,0) size 525x2
                    RenderTableCell {TD} at (0,0) size 20x2 [bgcolor=#FFFFFF] [r=0 c=0 rs=1 cs=1]
                      RenderImage {IMG} at (0,0) size 20x2
                    RenderTableCell {TD} at (20,0) size 20x2 [bgcolor=#FFFFFF] [r=0 c=1 rs=1 cs=1]
                      RenderImage {IMG} at (0,0) size 20x2
                    RenderTableCell {TD} at (40,0) size 20x2 [bgcolor=#FFFFFF] [r=0 c=2 rs=1 cs=1]
                      RenderImage {IMG} at (0,0) size 20x2
                    RenderTableCell {TD} at (60,0) size 20x2 [bgcolor=#FFFFFF] [r=0 c=3 rs=1 cs=1]
                      RenderImage {IMG} at (0,0) size 20x2
                    RenderTableCell {TD} at (80,0) size 67x2 [bgcolor=#FFFFFF] [r=0 c=4 rs=1 cs=1]
                      RenderImage {IMG} at (0,0) size 67x2
                    RenderTableCell {TD} at (147,0) size 81x2 [bgcolor=#FFFFFF] [r=0 c=5 rs=1 cs=1]
                      RenderImage {IMG} at (0,0) size 81x2
                    RenderTableCell {TD} at (228,0) size 77x2 [bgcolor=#FFFFFF] [r=0 c=6 rs=1 cs=1]
                      RenderImage {IMG} at (0,0) size 77x2
                    RenderTableCell {TD} at (305,0) size 63x2 [bgcolor=#FFFFFF] [r=0 c=7 rs=1 cs=1]
                      RenderImage {IMG} at (0,0) size 63x2
                    RenderTableCell {TD} at (368,0) size 20x2 [bgcolor=#FFFFFF] [r=0 c=8 rs=1 cs=1]
                      RenderImage {IMG} at (0,0) size 20x2
                    RenderTableCell {TD} at (388,0) size 19x2 [bgcolor=#FFFFFF] [r=0 c=9 rs=1 cs=1]
                      RenderImage {IMG} at (0,0) size 19x2
                    RenderTableCell {TD} at (407,0) size 101x2 [bgcolor=#FFFFFF] [r=0 c=10 rs=1 cs=1]
                      RenderImage {IMG} at (0,0) size 101x2
                    RenderTableCell {TD} at (508,0) size 17x2 [r=0 c=11 rs=1 cs=1]
                      RenderImage {IMG} at (0,0) size 15x2
                      RenderImage {IMG} at (15,0) size 2x2
                  RenderTableRow {TR} at (0,2) size 525x21
                    RenderTableCell {TD} at (0,2) size 525x21 [r=1 c=0 rs=1 cs=12]
                      RenderImage {IMG} at (0,0) size 525x18
                      RenderBR {BR} at (525,18) size 0x0
                      RenderImage {IMG} at (0,18) size 525x1
                      RenderBR {BR} at (525,19) size 0x0
                      RenderImage {IMG} at (0,19) size 525x2
      RenderBlock (anonymous) at (0,106) size 784x17
        RenderBR {BR} at (0,0) size 0x17
      RenderTable {TABLE} at (0,123) size 427x189 [bgcolor=#CCCCCC] [border: (1px outset #808080)]
        RenderTableSection {TBODY} at (1,1) size 425x187
          RenderTableRow {TR} at (0,1) size 425x72
            RenderTableCell {TD} at (1,1) size 20x21 [border: (1px inset #808080)] [r=0 c=0 rs=1 cs=1]
              RenderText {#text} at (2,2) size 16x17
                text run at (2,2) width 16: "1. "
            RenderTableCell {TD} at (22,1) size 230x72 [border: (1px inset #808080)] [r=0 c=1 rs=1 cs=1]
              RenderText {#text} at (2,2) size 67x17
                text run at (2,2) width 67: "Some One"
              RenderBR {BR} at (69,16) size 0x0
              RenderText {#text} at (2,19) size 71x17
                text run at (2,19) width 71: "Joe Banker"
              RenderBR {BR} at (73,33) size 0x0
              RenderText {#text} at (2,36) size 131x17
                text run at (2,36) width 131: "4633 Ocean Avenue"
              RenderBR {BR} at (133,50) size 0x0
              RenderText {#text} at (2,53) size 176x17
                text run at (2,53) width 101: "San Francisco,  "
                text run at (103,53) width 31: "CA  "
                text run at (134,53) width 44: "94132 "
              RenderBR {BR} at (178,67) size 0x0
            RenderTableCell {TD} at (252,1) size 25x5 [border: (1px inset #808080)] [r=0 c=2 rs=1 cs=1]
              RenderImage {IMG} at (2,2) size 20x1
            RenderTableCell {TD} at (277,1) size 148x38 [border: (1px inset #808080)] [r=0 c=3 rs=1 cs=1]
              RenderImage {IMG} at (6,2) size 39x34
              RenderImage {IMG} at (44,35) size 13x1
              RenderImage {IMG} at (56,2) size 39x34
              RenderImage {IMG} at (94,35) size 13x1
              RenderImage {IMG} at (106,2) size 39x34
          RenderTableRow {TR} at (0,74) size 425x22
            RenderTableCell {TD} at (1,83) size 20x4 [border: (1px inset #808080)] [r=1 c=0 rs=1 cs=1]
            RenderTableCell {TD} at (22,74) size 403x22 [border: (1px inset #808080)] [r=1 c=1 rs=1 cs=3]
              RenderImage {IMG} at (2,2) size 398x1
              RenderBR {BR} at (400,3) size 0x0
              RenderText {#text} at (2,3) size 4x17
                text run at (2,3) width 4: " "
          RenderTableRow {TR} at (0,97) size 425x89
            RenderTableCell {TD} at (1,97) size 20x21 [border: (1px inset #808080)] [r=2 c=0 rs=1 cs=1]
              RenderText {#text} at (2,2) size 16x17
                text run at (2,2) width 16: "2. "
            RenderTableCell {TD} at (22,97) size 230x89 [border: (1px inset #808080)] [r=2 c=1 rs=1 cs=1]
              RenderText {#text} at (2,2) size 175x34
                text run at (2,2) width 166: "FORECLOSURES AAA"
                text run at (2,19) width 175: "HOMES UP TO 50% OFF"
              RenderBR {BR} at (177,33) size 0x0
              RenderText {#text} at (2,36) size 128x17
                text run at (2,36) width 128: "Real Estate Services"
              RenderBR {BR} at (130,50) size 0x0
              RenderText {#text} at (2,53) size 75x17
                text run at (2,53) width 31: "CA  "
                text run at (33,53) width 44: "00000 "
              RenderBR {BR} at (77,67) size 0x0
              RenderText {#text} at (2,70) size 99x17
                text run at (2,70) width 99: "(000) 000-0000"
            RenderTableCell {TD} at (252,97) size 25x5 [border: (1px inset #808080)] [r=2 c=2 rs=1 cs=1]
              RenderImage {IMG} at (2,2) size 20x1
            RenderTableCell {TD} at (277,97) size 148x38 [border: (1px inset #808080)] [r=2 c=3 rs=1 cs=1]
              RenderImage {IMG} at (6,2) size 39x34
              RenderImage {IMG} at (44,35) size 13x1
              RenderImage {IMG} at (56,2) size 39x34
              RenderImage {IMG} at (94,35) size 13x1
              RenderImage {IMG} at (106,2) size 39x34
