layer at (0,0) size 800x600
  RenderView at (0,0) size 800x600
layer at (0,0) size 800x218
  RenderBlock {HTML} at (0,0) size 800x218
    RenderBody {BODY} at (8,8) size 784x202
      RenderTable {TABLE} at (0,0) size 700x50 [border: (1px outset #808080)]
        RenderTableSection {TBODY} at (1,1) size 698x48
          RenderTableRow {TR} at (0,2) size 698x21
            RenderTableCell {TD} at (2,2) size 695x21 [border: (1px inset #808080)] [r=0 c=0 rs=1 cs=3]
              RenderText {#text} at (2,2) size 578x17
                text run at (2,2) width 578: "lots of text goes here even more and more and more and more and more and more and more"
          RenderTableRow {TR} at (0,25) size 698x21
            RenderTableCell {TD} at (2,25) size 682x21 [border: (1px inset #808080)] [r=1 c=0 rs=1 cs=2]
              RenderText {#text} at (2,2) size 510x17
                text run at (2,2) width 510: "aaaaaaaaaaaa bbbbbbbbbbbbbbb cccccccccccccccccccccccccc dddddddddddddd"
            RenderTableCell {TD} at (685,25) size 12x21 [border: (1px inset #808080)] [r=1 c=2 rs=1 cs=1]
              RenderText {#text} at (2,2) size 4x17
                text run at (2,2) width 4: " "
      RenderBlock {P} at (0,66) size 784x0
      RenderTable {TABLE} at (0,66) size 700x50 [border: (1px outset #808080)]
        RenderTableSection {TBODY} at (1,1) size 698x48
          RenderTableRow {TR} at (0,2) size 698x21
            RenderTableCell {TD} at (2,2) size 695x21 [border: (1px inset #808080)] [r=0 c=0 rs=1 cs=3]
              RenderText {#text} at (2,2) size 188x17
                text run at (2,2) width 188: "lots of text goes here even mo"
          RenderTableRow {TR} at (0,25) size 698x21
            RenderTableCell {TD} at (2,25) size 682x21 [border: (1px inset #808080)] [r=1 c=0 rs=1 cs=2]
              RenderText {#text} at (2,2) size 510x17
                text run at (2,2) width 510: "aaaaaaaaaaaa bbbbbbbbbbbbbbb cccccccccccccccccccccccccc dddddddddddddd"
            RenderTableCell {TD} at (685,25) size 12x21 [border: (1px inset #808080)] [r=1 c=2 rs=1 cs=1]
              RenderText {#text} at (2,2) size 4x17
                text run at (2,2) width 4: " "
      RenderBlock {P} at (0,132) size 784x0
      RenderTable {TABLE} at (0,132) size 700x50 [border: (1px outset #808080)]
        RenderTableSection {TBODY} at (1,1) size 698x48
          RenderTableRow {TR} at (0,2) size 698x21
            RenderTableCell {TD} at (2,2) size 695x21 [border: (1px inset #808080)] [r=0 c=0 rs=1 cs=3]
              RenderText {#text} at (2,2) size 180x17
                text run at (2,2) width 180: "lots of text goes here even m"
          RenderTableRow {TR} at (0,25) size 698x21
            RenderTableCell {TD} at (2,25) size 682x21 [border: (1px inset #808080)] [r=1 c=0 rs=1 cs=2]
              RenderText {#text} at (2,2) size 510x17
                text run at (2,2) width 510: "aaaaaaaaaaaa bbbbbbbbbbbbbbb cccccccccccccccccccccccccc dddddddddddddd"
            RenderTableCell {TD} at (685,25) size 12x21 [border: (1px inset #808080)] [r=1 c=2 rs=1 cs=1]
              RenderText {#text} at (2,2) size 4x17
                text run at (2,2) width 4: " "
      RenderBlock {HR} at (0,190) size 182x2 [border: (1px inset #000000)]
      RenderBlock {HR} at (0,200) size 520x2 [border: (1px inset #000000)]
