layer at (0,0) size 800x600
  RenderView at (0,0) size 800x600
layer at (0,0) size 800x600
  RenderBlock {HTML} at (0,0) size 800x600
    RenderBody {BODY} at (8,8) size 784x584
      RenderBlock {H4} at (0,0) size 784x17
        RenderText {#text} at (0,0) size 556x17
          text run at (0,0) width 556: "Try resizing the window horizantally - the red cell should be 195 pixels at all times."
      RenderTable {TABLE} at (0,38) size 404x75 [bgcolor=#FFFF00] [border: (1px outset #808080)]
        RenderTableSection {TBODY} at (1,1) size 402x72
          RenderTableRow {TR} at (0,0) size 402x19
            RenderTableCell {TD} at (0,8) size 202x3 [border: (1px inset #808080)] [r=0 c=0 rs=1 cs=1]
            RenderTableCell {TD} at (202,8) size 102x3 [border: (1px inset #808080)] [r=0 c=1 rs=1 cs=1]
            RenderTableCell {TD} at (304,0) size 98x19 [border: (1px inset #808080)] [r=0 c=2 rs=1 cs=1]
              RenderText {#text} at (1,1) size 96x17
                text run at (1,1) width 96: "xxxxxxxxxxxx"
          RenderTableRow {TR} at (0,19) size 402x53
            RenderTableCell {TD} at (0,36) size 202x19 [border: (1px inset #808080)] [r=1 c=0 rs=1 cs=1]
              RenderText {#text} at (1,1) size 4x17
                text run at (1,1) width 4: " "
            RenderTableCell {TD} at (202,19) size 200x53 [bgcolor=#FF0000] [border: (1px inset #808080)] [r=1 c=1 rs=1 cs=2]
              RenderText {#text} at (1,1) size 182x51
                text run at (1,1) width 182: "Now you can vote forTLJ as"
                text run at (1,18) width 109: "game of the year "
                text run at (110,18) width 53: "at Game"
                text run at (1,35) width 64: "Rankings."
      RenderBlock {HR} at (0,120) size 204x3 [border: (1px inset #000000)]
      RenderBlock {HR} at (0,130) size 385x3 [border: (1px inset #000000)]
      RenderBlock (anonymous) at (0,140) size 784x18
        RenderText {#text} at (0,0) size 513x17
          text run at (0,0) width 513: "200*150 =3000twips 100*150=1500twips 180*150=1200twips sum: 5700 twips"
