layer at (0,0) size 800x600
  RenderView at (0,0) size 800x600
layer at (0,0) size 800x600
  RenderBlock {HTML} at (0,0) size 800x600
    RenderBody {BODY} at (8,8) size 784x584
      RenderTable {TABLE} at (0,0) size 324x35 [border: (5px outset #808080)]
        RenderTableSection {TBODY} at (5,5) size 314x25
          RenderTableRow {TR} at (0,2) size 314x21
            RenderTableCell {TD} at (2,2) size 154x21 [border: (1px inset #808080)] [r=0 c=0 rs=1 cs=1]
              RenderText {#text} at (2,2) size 150x17
                text run at (2,2) width 150: "almaalmaalmaalmaalma"
            RenderTableCell {TD} at (158,2) size 154x21 [border: (1px inset #808080)] [r=0 c=1 rs=1 cs=1]
              RenderText {#text} at (2,2) size 8x17
                text run at (2,2) width 8: "x"
      RenderBlock (anonymous) at (0,35) size 784x17
        RenderBR {BR} at (0,0) size 0x17
      RenderTable {TABLE} at (0,52) size 324x35 [border: (5px outset #808080)]
        RenderTableSection {TBODY} at (5,5) size 314x25
          RenderTableRow {TR} at (0,2) size 314x21
            RenderTableCell {TD} at (2,2) size 154x21 [border: (1px inset #808080)] [r=0 c=0 rs=1 cs=1]
              RenderText {#text} at (2,2) size 150x17
                text run at (2,2) width 150: "almaalmaalmaalmaalma"
            RenderTableCell {TD} at (158,2) size 154x21 [border: (1px inset #808080)] [r=0 c=1 rs=1 cs=1]
              RenderText {#text} at (2,2) size 8x17
                text run at (2,2) width 8: "x"
      RenderBlock (anonymous) at (0,87) size 784x17
        RenderBR {BR} at (0,0) size 0x17
      RenderBlock {P} at (0,120) size 784x34
        RenderText {#text} at (0,0) size 352x17
          text run at (0,0) width 352: "In this table, the second and the third cell are given 40%"
        RenderBR {BR} at (352,14) size 0x0
        RenderText {#text} at (0,17) size 255x17
          text run at (0,17) width 255: "The cells are competing with each other."
        RenderBR {BR} at (255,31) size 0x0
      RenderTable {TABLE} at (0,170) size 338x35 [border: (5px outset #808080)]
        RenderTableSection {TBODY} at (5,5) size 328x25
          RenderTableRow {TR} at (0,2) size 328x21
            RenderTableCell {TD} at (2,2) size 64x21 [border: (1px inset #808080)] [r=0 c=0 rs=1 cs=1]
              RenderText {#text} at (2,2) size 60x17
                text run at (2,2) width 60: "some text"
            RenderTableCell {TD} at (68,2) size 128x21 [border: (1px inset #808080)] [r=0 c=1 rs=1 cs=1]
              RenderText {#text} at (2,2) size 8x17
                text run at (2,2) width 8: "x"
            RenderTableCell {TD} at (198,2) size 128x21 [border: (1px inset #808080)] [r=0 c=2 rs=1 cs=1]
              RenderText {#text} at (2,2) size 8x17
                text run at (2,2) width 8: "x"
      RenderBlock {P} at (0,221) size 784x51
        RenderText {#text} at (0,0) size 352x17
          text run at (0,0) width 352: "In this table, the second and the third cell are given 50%"
        RenderBR {BR} at (352,14) size 0x0
        RenderText {#text} at (0,17) size 444x17
          text run at (0,17) width 444: "The cells are competing again but their percentage can not be satisfied."
        RenderBR {BR} at (444,31) size 0x0
        RenderText {#text} at (0,34) size 475x17
          text run at (0,34) width 475: "The table grows as large as it can and the first cell gets to its minimal width."
      RenderTable {TABLE} at (0,288) size 784x52 [border: (5px outset #808080)]
        RenderTableSection {TBODY} at (5,5) size 774x42
          RenderTableRow {TR} at (0,2) size 774x38
            RenderTableCell {TD} at (2,2) size 37x38 [border: (1px inset #808080)] [r=0 c=0 rs=1 cs=1]
              RenderText {#text} at (2,2) size 33x34
                text run at (2,2) width 33: "some"
                text run at (2,19) width 23: "text"
            RenderTableCell {TD} at (41,10) size 365x22 [border: (1px inset #808080)] [r=0 c=1 rs=1 cs=1]
              RenderText {#text} at (2,2) size 8x18
                text run at (2,3) width 8: "x"
            RenderTableCell {TD} at (407,10) size 365x22 [border: (1px inset #808080)] [r=0 c=2 rs=1 cs=1]
              RenderText {#text} at (2,2) size 8x18
                text run at (2,3) width 8: "x"
