layer at (0,0) size 800x600
  RenderView at (0,0) size 800x600
layer at (0,0) size 800x296
  RenderBlock {HTML} at (0,0) size 800x296
    RenderBody {BODY} at (8,8) size 784x280 [bgcolor=#FFFFFF]
      RenderTable {TABLE} at (0,0) size 180x280
        RenderTableSection {TBODY} at (0,0) size 180x280
          RenderTableRow {TR} at (0,0) size 180x35
            RenderTableCell {TD} at (0,0) size 45x35 [border: (1px solid #000000)] [r=0 c=0 rs=1 cs=1]
              RenderText {#text} at (9,9) size 27x17
                text run at (9,9) width 27: "blah"
            RenderTableCell {TD} at (45,0) size 45x35 [border: (1px solid #000000)] [r=0 c=1 rs=1 cs=1]
              RenderText {#text} at (9,9) size 27x17
                text run at (9,9) width 27: "blah"
            RenderTableCell {TD} at (90,0) size 45x35 [border: (1px solid #000000)] [r=0 c=2 rs=1 cs=1]
              RenderText {#text} at (9,9) size 27x17
                text run at (9,9) width 27: "blah"
            RenderTableCell {TD} at (135,0) size 45x35 [border: (1px solid #000000)] [r=0 c=3 rs=1 cs=1]
              RenderText {#text} at (9,9) size 27x17
                text run at (9,9) width 27: "blah"
          RenderTableRow {TR} at (0,35) size 180x35
            RenderTableCell {TD} at (0,35) size 45x35 [border: (1px solid #000000)] [r=1 c=0 rs=1 cs=1]
              RenderText {#text} at (9,9) size 27x17
                text run at (9,9) width 27: "blah"
            RenderTableCell {TD} at (45,35) size 45x35 [border: (1px solid #000000)] [r=1 c=1 rs=1 cs=1]
              RenderText {#text} at (9,9) size 27x17
                text run at (9,9) width 27: "blah"
            RenderTableCell {TD} at (90,35) size 45x35 [border: (1px solid #000000)] [r=1 c=2 rs=1 cs=1]
              RenderText {#text} at (9,9) size 27x17
                text run at (9,9) width 27: "blah"
            RenderTableCell {TD} at (135,35) size 45x35 [border: (1px solid #000000)] [r=1 c=3 rs=1 cs=1]
              RenderText {#text} at (9,9) size 27x17
                text run at (9,9) width 27: "blah"
          RenderTableRow {TR} at (0,70) size 180x35
            RenderTableCell {TD} at (0,70) size 45x35 [border: (1px solid #000000)] [r=2 c=0 rs=1 cs=1]
              RenderText {#text} at (9,9) size 27x17
                text run at (9,9) width 27: "blah"
            RenderTableCell {TD} at (45,70) size 45x35 [border: (1px solid #000000)] [r=2 c=1 rs=1 cs=1]
              RenderText {#text} at (9,9) size 27x17
                text run at (9,9) width 27: "blah"
            RenderTableCell {TD} at (90,70) size 45x35 [border: (1px solid #000000)] [r=2 c=2 rs=1 cs=1]
              RenderText {#text} at (9,9) size 27x17
                text run at (9,9) width 27: "blah"
            RenderTableCell {TD} at (135,70) size 45x35 [border: (1px solid #000000)] [r=2 c=3 rs=1 cs=1]
              RenderText {#text} at (9,9) size 27x17
                text run at (9,9) width 27: "blah"
          RenderTableRow {TR} at (0,105) size 180x35
            RenderTableCell {TD} at (0,105) size 45x35 [border: (1px solid #000000)] [r=3 c=0 rs=1 cs=1]
              RenderText {#text} at (9,9) size 27x17
                text run at (9,9) width 27: "blah"
            RenderTableCell {TD} at (45,105) size 45x35 [border: (1px solid #000000)] [r=3 c=1 rs=1 cs=1]
              RenderText {#text} at (9,9) size 27x17
                text run at (9,9) width 27: "blah"
            RenderTableCell {TD} at (90,105) size 45x35 [border: (1px solid #000000)] [r=3 c=2 rs=1 cs=1]
              RenderText {#text} at (9,9) size 27x17
                text run at (9,9) width 27: "blah"
            RenderTableCell {TD} at (135,105) size 45x35 [border: (1px solid #000000)] [r=3 c=3 rs=1 cs=1]
              RenderText {#text} at (9,9) size 27x17
                text run at (9,9) width 27: "blah"
          RenderTableRow {TR} at (0,140) size 180x35
            RenderTableCell {TD} at (0,140) size 45x35 [border: (1px solid #000000)] [r=4 c=0 rs=1 cs=1]
              RenderText {#text} at (9,9) size 27x17
                text run at (9,9) width 27: "blah"
            RenderTableCell {TD} at (45,140) size 45x35 [border: (1px solid #000000)] [r=4 c=1 rs=1 cs=1]
              RenderText {#text} at (9,9) size 27x17
                text run at (9,9) width 27: "blah"
            RenderTableCell {TD} at (90,140) size 45x35 [border: (1px solid #000000)] [r=4 c=2 rs=1 cs=1]
              RenderText {#text} at (9,9) size 27x17
                text run at (9,9) width 27: "blah"
            RenderTableCell {TD} at (135,140) size 45x35 [border: (1px solid #000000)] [r=4 c=3 rs=1 cs=1]
              RenderText {#text} at (9,9) size 27x17
                text run at (9,9) width 27: "blah"
          RenderTableRow {TR} at (0,175) size 180x35
            RenderTableCell {TD} at (0,175) size 45x35 [border: (1px solid #000000)] [r=5 c=0 rs=1 cs=1]
              RenderText {#text} at (9,9) size 27x17
                text run at (9,9) width 27: "blah"
            RenderTableCell {TD} at (45,175) size 45x35 [border: (1px solid #000000)] [r=5 c=1 rs=1 cs=1]
              RenderText {#text} at (9,9) size 27x17
                text run at (9,9) width 27: "blah"
            RenderTableCell {TD} at (90,175) size 45x35 [border: (1px solid #000000)] [r=5 c=2 rs=1 cs=1]
              RenderText {#text} at (9,9) size 27x17
                text run at (9,9) width 27: "blah"
            RenderTableCell {TD} at (135,175) size 45x35 [border: (1px solid #000000)] [r=5 c=3 rs=1 cs=1]
              RenderText {#text} at (9,9) size 27x17
                text run at (9,9) width 27: "blah"
          RenderTableRow {TR} at (0,210) size 180x35
            RenderTableCell {TD} at (0,210) size 45x35 [border: (1px solid #000000)] [r=6 c=0 rs=1 cs=1]
              RenderText {#text} at (9,9) size 27x17
                text run at (9,9) width 27: "blah"
            RenderTableCell {TD} at (45,210) size 45x35 [border: (1px solid #000000)] [r=6 c=1 rs=1 cs=1]
              RenderText {#text} at (9,9) size 27x17
                text run at (9,9) width 27: "blah"
            RenderTableCell {TD} at (90,210) size 45x35 [border: (1px solid #000000)] [r=6 c=2 rs=1 cs=1]
              RenderText {#text} at (9,9) size 27x17
                text run at (9,9) width 27: "blah"
            RenderTableCell {TD} at (135,210) size 45x35 [border: (1px solid #000000)] [r=6 c=3 rs=1 cs=1]
              RenderText {#text} at (9,9) size 27x17
                text run at (9,9) width 27: "blah"
          RenderTableRow {TR} at (0,245) size 180x35
            RenderTableCell {TD} at (0,245) size 45x35 [border: (1px solid #000000)] [r=7 c=0 rs=1 cs=1]
              RenderText {#text} at (9,9) size 27x17
                text run at (9,9) width 27: "blah"
            RenderTableCell {TD} at (45,245) size 45x35 [border: (1px solid #000000)] [r=7 c=1 rs=1 cs=1]
              RenderText {#text} at (9,9) size 27x17
                text run at (9,9) width 27: "blah"
            RenderTableCell {TD} at (90,245) size 45x35 [border: (1px solid #000000)] [r=7 c=2 rs=1 cs=1]
              RenderText {#text} at (9,9) size 27x17
                text run at (9,9) width 27: "blah"
            RenderTableCell {TD} at (135,245) size 45x35 [border: (1px solid #000000)] [r=7 c=3 rs=1 cs=1]
              RenderText {#text} at (9,9) size 27x17
                text run at (9,9) width 27: "blah"
