layer at (0,0) size 800x600
  RenderView at (0,0) size 800x600
layer at (0,0) size 800x116
  RenderBlock {HTML} at (0,0) size 800x116
    RenderBody {BODY} at (8,8) size 784x100
      RenderBlock {FORM} at (0,0) size 784x46
        RenderButton {INPUT} at (2,0) size 298x22 [bgcolor=#C0C0C0]
          RenderBlock (anonymous) at (6,2) size 286x17
            RenderText at (0,0) size 286x17
              text run at (0,0) width 286: "[Step 1] Set cell width to 60px (nothing seen)"
        RenderButton {INPUT} at (2,24) size 300x22 [bgcolor=#C0C0C0]
          RenderBlock (anonymous) at (6,2) size 288x17
            RenderText at (0,0) size 288x17
              text run at (0,0) width 288: "[Step 2] Set cell width to 20px (garbage seen)"
      RenderTable {TABLE} at (0,48) size 34x52
        RenderTableSection {TBODY} at (0,0) size 34x52
          RenderTableRow {TR} at (0,2) size 34x23
            RenderTableCell {TD} at (2,2) size 14x23 [border: (2px solid #000000)] [r=0 c=0 rs=1 cs=1]
              RenderText {#text} at (3,3) size 8x17
                text run at (3,3) width 8: "1"
            RenderTableCell {TD} at (18,2) size 14x23 [border: (2px solid #000000)] [r=0 c=1 rs=1 cs=1]
              RenderText {#text} at (3,3) size 8x17
                text run at (3,3) width 8: "2"
          RenderTableRow {TR} at (0,27) size 34x23
            RenderTableCell {TD} at (2,27) size 14x23 [border: (2px solid #000000)] [r=1 c=0 rs=1 cs=1]
              RenderText {#text} at (3,3) size 8x17
                text run at (3,3) width 8: "2"
            RenderTableCell {TD} at (18,27) size 14x23 [border: (2px solid #000000)] [r=1 c=1 rs=1 cs=1]
              RenderText {#text} at (3,3) size 8x17
                text run at (3,3) width 8: "2"
