layer at (0,0) size 800x600
  RenderView at (0,0) size 800x600
layer at (0,0) size 800x600
  RenderBlock {HTML} at (0,0) size 800x600
    RenderBody {BODY} at (8,8) size 784x576
      RenderBlock (anonymous) at (0,0) size 784x17
        RenderText {#text} at (0,0) size 240x17
          text run at (0,0) width 240: "The tables left position should be 250."
      RenderBlock {P} at (0,33) size 784x27
        RenderText {#text} at (0,5) size 34x17
          text run at (0,5) width 34: "Left: "
        RenderTextControl {INPUT} at (36,2) size 172x23 [bgcolor=#FFFFFF] [border: (2px inset #000000)]
      RenderBlock {P} at (0,76) size 784x27
        RenderText {#text} at (0,5) size 34x17
          text run at (0,5) width 34: "Top: "
        RenderTextControl {INPUT} at (36,2) size 172x23 [bgcolor=#FFFFFF] [border: (2px inset #000000)]
      RenderBlock {P} at (0,119) size 784x26
        RenderButton {INPUT} at (2,2) size 49x22 [bgcolor=#C0C0C0]
          RenderBlock (anonymous) at (6,2) size 37x17
            RenderText at (0,0) size 37x17
              text run at (0,0) width 37: "Move"
layer at (47,46) size 166x17
  RenderBlock {DIV} at (3,3) size 166x17
    RenderText {#text} at (0,0) size 40x17
      text run at (0,0) width 40: "120px"
layer at (47,89) size 166x17
  RenderBlock {DIV} at (3,3) size 166x17
    RenderText {#text} at (0,0) size 40x17
      text run at (0,0) width 40: "120px"
layer at (250,120) size 29x46
  RenderTable {TABLE} at (250,120) size 29x46 [border: (1px outset #808080)]
    RenderTableSection {TBODY} at (1,1) size 27x44
      RenderTableRow {TR} at (0,2) size 27x19
        RenderTableCell {TD} at (2,2) size 23x19 [border: (1px inset #808080)] [r=0 c=0 rs=1 cs=1]
          RenderText {#text} at (1,1) size 21x17
            text run at (1,1) width 21: "foo"
      RenderTableRow {TR} at (0,23) size 27x19
        RenderTableCell {TD} at (2,23) size 23x19 [border: (1px inset #808080)] [r=1 c=0 rs=1 cs=1]
          RenderText {#text} at (1,1) size 20x17
            text run at (1,1) width 20: "bar"
