layer at (0,0) size 800x600
  RenderView at (0,0) size 800x600
layer at (0,0) size 800x600
  RenderBlock {HTML} at (0,0) size 800x600
    RenderBody {BODY} at (8,8) size 784x576
      RenderTable {TABLE} at (0,0) size 378x27 [border: (3px outset #808080)]
        RenderTableSection {TBODY} at (3,3) size 372x21
          RenderTableRow {TR} at (0,0) size 372x21
            RenderTableCell {TD} at (0,0) size 68x21 [border: (1px inset #808080)] [r=0 c=0 rs=1 cs=1]
              RenderText {#text} at (2,2) size 64x17
                text run at (2,2) width 64: "fieldLabel"
            RenderTableCell {TD} at (68,0) size 304x21 [border: (1px inset #808080)] [r=0 c=1 rs=1 cs=1]
              RenderText {#text} at (2,2) size 106x17
                text run at (2,2) width 106: "   InspectionText"
      RenderBlock {FORM} at (0,27) size 784x26
        RenderButton {INPUT} at (2,2) size 97x22 [bgcolor=#C0C0C0]
          RenderBlock (anonymous) at (6,2) size 85x17
            RenderText at (0,0) size 85x17
              text run at (0,0) width 85: "change width"
        RenderText {#text} at (101,4) size 4x17
          text run at (101,4) width 4: " "
        RenderButton {INPUT} at (107,2) size 208x22 [bgcolor=#C0C0C0]
          RenderBlock (anonymous) at (6,2) size 196x17
            RenderText at (0,0) size 196x17
              text run at (0,0) width 196: "change width with table reflow"
        RenderText {#text} at (0,0) size 0x0
