layer at (0,0) size 800x600
  RenderView at (0,0) size 800x600
layer at (0,0) size 800x600
  RenderBlock {HTML} at (0,0) size 800x600
    RenderBody {BODY} at (8,8) size 784x584
      RenderBlock {P} at (0,0) size 784x70
        RenderText {#text} at (0,0) size 763x51
          text run at (0,0) width 763: "In this table (modeled after mozilla.org template) the cells in column two are requesting colspans of (2,3,2,6) respectively."
          text run at (0,17) width 757: "Notice that they all want to span more than one column (which means, in the case of this table, all rows are requesting to"
          text run at (0,34) width 282: "span more columns than the number of 'real' "
        RenderInline {CODE} at (0,0) size 32x15
          RenderText {#text} at (282,37) size 32x15
            text run at (282,37) width 32: "<TD>"
        RenderText {#text} at (314,34) size 772x35
          text run at (314,34) width 458: " in any single rows [i.e., all rows in the top table want to span 9 cells, but"
          text run at (0,52) width 159: "the maximum number of "
        RenderInline {CODE} at (0,0) size 32x15
          RenderText {#text} at (159,55) size 32x15
            text run at (159,55) width 32: "<TD>"
        RenderText {#text} at (191,52) size 107x17
          text run at (191,52) width 107: " in any row is 8]."
      RenderBlock {P} at (0,86) size 784x17
        RenderText {#text} at (0,0) size 484x17
          text run at (0,0) width 484: "This condition leads to the 'white gap' (in builds of 5.0 for jun04 and before)."
      RenderTable {TABLE} at (0,119) size 784x78 [border: (1px outset #808080)]
        RenderTableSection {TBODY} at (1,1) size 782x76
          RenderTableRow {TR} at (0,0) size 782x19
            RenderTableCell {TD} at (0,0) size 98x19 [bgcolor=#999999] [border: (1px inset #808080)] [r=0 c=0 rs=1 cs=1]
              RenderText {#text} at (1,1) size 8x17
                text run at (1,1) width 8: "1"
            RenderTableCell {TD} at (97,0) size 99x19 [bgcolor=#DDDDDD] [border: (1px inset #808080)] [r=0 c=1 rs=1 cs=2]
              RenderText {#text} at (1,1) size 8x17
                text run at (1,1) width 8: "2"
            RenderTableCell {TD} at (195,0) size 99x19 [bgcolor=#DDDDDD] [border: (1px inset #808080)] [r=0 c=3 rs=1 cs=1]
              RenderText {#text} at (1,1) size 8x17
                text run at (1,1) width 8: "4"
            RenderTableCell {TD} at (293,0) size 98x19 [bgcolor=#999999] [border: (1px inset #808080)] [r=0 c=4 rs=1 cs=1]
              RenderText {#text} at (1,1) size 8x17
                text run at (1,1) width 8: "5"
            RenderTableCell {TD} at (391,0) size 98x19 [border: (1px inset #808080)] [r=0 c=5 rs=1 cs=1]
              RenderText {#text} at (1,1) size 8x17
                text run at (1,1) width 8: "6"
            RenderTableCell {TD} at (488,0) size 99x19 [border: (1px inset #808080)] [r=0 c=6 rs=1 cs=1]
              RenderText {#text} at (1,1) size 8x17
                text run at (1,1) width 8: "7"
            RenderTableCell {TD} at (586,0) size 99x19 [border: (1px inset #808080)] [r=0 c=7 rs=1 cs=1]
              RenderText {#text} at (1,1) size 8x17
                text run at (1,1) width 8: "8"
            RenderTableCell {TD} at (684,0) size 98x19 [bgcolor=#999999] [border: (1px inset #808080)] [r=0 c=8 rs=1 cs=1]
              RenderText {#text} at (1,1) size 8x17
                text run at (1,1) width 8: "9"
          RenderTableRow {TR} at (0,19) size 782x19
            RenderTableCell {TD} at (0,19) size 98x19 [bgcolor=#999999] [border: (1px inset #808080)] [r=1 c=0 rs=1 cs=1]
              RenderText {#text} at (1,1) size 8x17
                text run at (1,1) width 8: "1"
            RenderTableCell {TD} at (97,19) size 197x19 [bgcolor=#DDDDDD] [border: (1px inset #808080)] [r=1 c=1 rs=1 cs=3]
              RenderText {#text} at (1,1) size 8x17
                text run at (1,1) width 8: "2"
            RenderTableCell {TD} at (293,19) size 98x19 [bgcolor=#999999] [border: (1px inset #808080)] [r=1 c=4 rs=1 cs=1]
              RenderText {#text} at (1,1) size 8x17
                text run at (1,1) width 8: "5"
            RenderTableCell {TD} at (391,19) size 98x19 [border: (1px inset #808080)] [r=1 c=5 rs=1 cs=1]
              RenderText {#text} at (1,1) size 8x17
                text run at (1,1) width 8: "6"
            RenderTableCell {TD} at (488,19) size 99x19 [border: (1px inset #808080)] [r=1 c=6 rs=1 cs=1]
              RenderText {#text} at (1,1) size 8x17
                text run at (1,1) width 8: "7"
            RenderTableCell {TD} at (586,19) size 99x19 [border: (1px inset #808080)] [r=1 c=7 rs=1 cs=1]
              RenderText {#text} at (1,1) size 8x17
                text run at (1,1) width 8: "8"
            RenderTableCell {TD} at (684,19) size 98x19 [bgcolor=#999999] [border: (1px inset #808080)] [r=1 c=8 rs=1 cs=1]
              RenderText {#text} at (1,1) size 8x17
                text run at (1,1) width 8: "9"
          RenderTableRow {TR} at (0,38) size 782x19
            RenderTableCell {TD} at (0,38) size 98x19 [bgcolor=#999999] [border: (1px inset #808080)] [r=2 c=0 rs=1 cs=1]
              RenderText {#text} at (1,1) size 8x17
                text run at (1,1) width 8: "1"
            RenderTableCell {TD} at (97,38) size 99x19 [bgcolor=#DDDDDD] [border: (1px inset #808080)] [r=2 c=1 rs=1 cs=2]
              RenderText {#text} at (1,1) size 8x17
                text run at (1,1) width 8: "2"
            RenderTableCell {TD} at (195,38) size 99x19 [bgcolor=#DDDDDD] [border: (1px inset #808080)] [r=2 c=3 rs=1 cs=1]
              RenderText {#text} at (1,1) size 8x17
                text run at (1,1) width 8: "4"
            RenderTableCell {TD} at (293,38) size 98x19 [bgcolor=#999999] [border: (1px inset #808080)] [r=2 c=4 rs=1 cs=1]
              RenderText {#text} at (1,1) size 8x17
                text run at (1,1) width 8: "5"
            RenderTableCell {TD} at (391,38) size 196x19 [border: (1px inset #808080)] [r=2 c=5 rs=1 cs=2]
              RenderText {#text} at (1,1) size 8x17
                text run at (1,1) width 8: "6"
            RenderTableCell {TD} at (586,38) size 99x19 [border: (1px inset #808080)] [r=2 c=7 rs=1 cs=1]
              RenderText {#text} at (1,1) size 8x17
                text run at (1,1) width 8: "8"
            RenderTableCell {TD} at (684,38) size 98x19 [bgcolor=#999999] [border: (1px inset #808080)] [r=2 c=8 rs=1 cs=1]
              RenderText {#text} at (1,1) size 8x17
                text run at (1,1) width 8: "9"
          RenderTableRow {TR} at (0,57) size 782x19
            RenderTableCell {TD} at (0,57) size 489x19 [bgcolor=#999999] [border: (1px inset #808080)] [r=3 c=0 rs=1 cs=6]
              RenderText {#text} at (1,1) size 8x17
                text run at (1,1) width 8: "1"
            RenderTableCell {TD} at (488,57) size 99x19 [bgcolor=#999999] [border: (1px inset #808080)] [r=3 c=6 rs=1 cs=1]
              RenderText {#text} at (1,1) size 8x17
                text run at (1,1) width 8: "7"
            RenderTableCell {TD} at (586,57) size 196x19 [bgcolor=#999999] [border: (1px inset #808080)] [r=3 c=7 rs=1 cs=2]
              RenderText {#text} at (1,1) size 8x17
                text run at (1,1) width 8: "8"
      RenderBlock {P} at (0,213) size 784x34
        RenderText {#text} at (0,0) size 756x34
          text run at (0,0) width 424: "This is the same table as above, but instead the cells in column two "
          text run at (424,0) width 332: "are requesting colspans of (1,2,1,5) respectively (i.e.,"
          text run at (0,17) width 478: "excess requests have been 'normalized' away). There is no more 'white gap'."
      RenderTable {TABLE} at (0,263) size 784x78 [border: (1px outset #808080)]
        RenderTableSection {TBODY} at (1,1) size 782x76
          RenderTableRow {TR} at (0,0) size 782x19
            RenderTableCell {TD} at (0,0) size 98x19 [bgcolor=#999999] [border: (1px inset #808080)] [r=0 c=0 rs=1 cs=1]
              RenderText {#text} at (1,1) size 8x17
                text run at (1,1) width 8: "1"
            RenderTableCell {TD} at (97,0) size 99x19 [bgcolor=#DDDDDD] [border: (1px inset #808080)] [r=0 c=1 rs=1 cs=1]
              RenderText {#text} at (1,1) size 8x17
                text run at (1,1) width 8: "2"
            RenderTableCell {TD} at (195,0) size 99x19 [bgcolor=#DDDDDD] [border: (1px inset #808080)] [r=0 c=2 rs=1 cs=1]
              RenderText {#text} at (1,1) size 8x17
                text run at (1,1) width 8: "3"
            RenderTableCell {TD} at (293,0) size 98x19 [bgcolor=#999999] [border: (1px inset #808080)] [r=0 c=3 rs=1 cs=1]
              RenderText {#text} at (1,1) size 8x17
                text run at (1,1) width 8: "4"
            RenderTableCell {TD} at (391,0) size 98x19 [border: (1px inset #808080)] [r=0 c=4 rs=1 cs=1]
              RenderText {#text} at (1,1) size 8x17
                text run at (1,1) width 8: "5"
            RenderTableCell {TD} at (488,0) size 99x19 [border: (1px inset #808080)] [r=0 c=5 rs=1 cs=1]
              RenderText {#text} at (1,1) size 8x17
                text run at (1,1) width 8: "6"
            RenderTableCell {TD} at (586,0) size 99x19 [border: (1px inset #808080)] [r=0 c=6 rs=1 cs=1]
              RenderText {#text} at (1,1) size 8x17
                text run at (1,1) width 8: "7"
            RenderTableCell {TD} at (684,0) size 98x19 [bgcolor=#999999] [border: (1px inset #808080)] [r=0 c=7 rs=1 cs=1]
              RenderText {#text} at (1,1) size 8x17
                text run at (1,1) width 8: "8"
          RenderTableRow {TR} at (0,19) size 782x19
            RenderTableCell {TD} at (0,19) size 98x19 [bgcolor=#999999] [border: (1px inset #808080)] [r=1 c=0 rs=1 cs=1]
              RenderText {#text} at (1,1) size 8x17
                text run at (1,1) width 8: "1"
            RenderTableCell {TD} at (97,19) size 197x19 [bgcolor=#DDDDDD] [border: (1px inset #808080)] [r=1 c=1 rs=1 cs=2]
              RenderText {#text} at (1,1) size 8x17
                text run at (1,1) width 8: "2"
            RenderTableCell {TD} at (293,19) size 98x19 [bgcolor=#999999] [border: (1px inset #808080)] [r=1 c=3 rs=1 cs=1]
              RenderText {#text} at (1,1) size 8x17
                text run at (1,1) width 8: "4"
            RenderTableCell {TD} at (391,19) size 98x19 [border: (1px inset #808080)] [r=1 c=4 rs=1 cs=1]
              RenderText {#text} at (1,1) size 8x17
                text run at (1,1) width 8: "5"
            RenderTableCell {TD} at (488,19) size 99x19 [border: (1px inset #808080)] [r=1 c=5 rs=1 cs=1]
              RenderText {#text} at (1,1) size 8x17
                text run at (1,1) width 8: "6"
            RenderTableCell {TD} at (586,19) size 99x19 [border: (1px inset #808080)] [r=1 c=6 rs=1 cs=1]
              RenderText {#text} at (1,1) size 8x17
                text run at (1,1) width 8: "7"
            RenderTableCell {TD} at (684,19) size 98x19 [bgcolor=#999999] [border: (1px inset #808080)] [r=1 c=7 rs=1 cs=1]
              RenderText {#text} at (1,1) size 8x17
                text run at (1,1) width 8: "8"
          RenderTableRow {TR} at (0,38) size 782x19
            RenderTableCell {TD} at (0,38) size 98x19 [bgcolor=#999999] [border: (1px inset #808080)] [r=2 c=0 rs=1 cs=1]
              RenderText {#text} at (1,1) size 8x17
                text run at (1,1) width 8: "1"
            RenderTableCell {TD} at (97,38) size 99x19 [bgcolor=#DDDDDD] [border: (1px inset #808080)] [r=2 c=1 rs=1 cs=1]
              RenderText {#text} at (1,1) size 8x17
                text run at (1,1) width 8: "2"
            RenderTableCell {TD} at (195,38) size 99x19 [bgcolor=#DDDDDD] [border: (1px inset #808080)] [r=2 c=2 rs=1 cs=1]
              RenderText {#text} at (1,1) size 8x17
                text run at (1,1) width 8: "3"
            RenderTableCell {TD} at (293,38) size 98x19 [bgcolor=#999999] [border: (1px inset #808080)] [r=2 c=3 rs=1 cs=1]
              RenderText {#text} at (1,1) size 8x17
                text run at (1,1) width 8: "4"
            RenderTableCell {TD} at (391,38) size 196x19 [border: (1px inset #808080)] [r=2 c=4 rs=1 cs=2]
              RenderText {#text} at (1,1) size 8x17
                text run at (1,1) width 8: "5"
            RenderTableCell {TD} at (586,38) size 99x19 [border: (1px inset #808080)] [r=2 c=6 rs=1 cs=1]
              RenderText {#text} at (1,1) size 8x17
                text run at (1,1) width 8: "7"
            RenderTableCell {TD} at (684,38) size 98x19 [bgcolor=#999999] [border: (1px inset #808080)] [r=2 c=7 rs=1 cs=1]
              RenderText {#text} at (1,1) size 8x17
                text run at (1,1) width 8: "8"
          RenderTableRow {TR} at (0,57) size 782x19
            RenderTableCell {TD} at (0,57) size 489x19 [bgcolor=#999999] [border: (1px inset #808080)] [r=3 c=0 rs=1 cs=5]
              RenderText {#text} at (1,1) size 8x17
                text run at (1,1) width 8: "1"
            RenderTableCell {TD} at (488,57) size 99x19 [bgcolor=#999999] [border: (1px inset #808080)] [r=3 c=5 rs=1 cs=1]
              RenderText {#text} at (1,1) size 8x17
                text run at (1,1) width 8: "6"
            RenderTableCell {TD} at (586,57) size 196x19 [bgcolor=#999999] [border: (1px inset #808080)] [r=3 c=6 rs=1 cs=2]
              RenderText {#text} at (1,1) size 8x17
                text run at (1,1) width 8: "7"
