layer at (0,0) size 800x600
  RenderView at (0,0) size 800x600
layer at (0,0) size 800x600
  RenderBlock {HTML} at (0,0) size 800x600
    RenderBody {BODY} at (8,8) size 784x576 [bgcolor=#FFFFFF]
      RenderBlock {P} at (0,0) size 784x34
        RenderText {#text} at (0,0) size 761x34
          text run at (0,0) width 433: "Click on a link on the left hand column. Also note the overlap of the "
          text run at (433,0) width 328: "text box with the submit button. (And, removing the"
          text run at (0,17) width 152: "font tag that is wrapped "
          text run at (152,17) width 234: "around the text box clears up layout)."
      RenderBlock (anonymous) at (0,50) size 784x17
        RenderBR {BR} at (0,0) size 0x17
      RenderBlock {FORM} at (0,67) size 784x136
        RenderBlock {CENTER} at (0,0) size 784x136
          RenderTable {TABLE} at (92,0) size 600x136 [bgcolor=#EEEEEE] [border: (1px outset #808080)]
            RenderTableSection {TBODY} at (1,1) size 598x134
              RenderTableRow {TR} at (0,3) size 598x128
                RenderTableCell {TD} at (3,3) size 123x128 [border: (1px inset #808080)] [r=0 c=0 rs=1 cs=1]
                  RenderTable {TABLE} at (4,4) size 115x120 [bgcolor=#FFFFFF] [border: (1px outset #808080)]
                    RenderTableSection {TBODY} at (1,1) size 113x118
                      RenderTableRow {TR} at (0,2) size 113x28
                        RenderTableCell {TD} at (2,4) size 109x24 [bgcolor=#CCCCCC] [border: (1px inset #808080)] [r=0 c=0 rs=1 cs=1]
                          RenderInline {A} at (0,0) size 61x17 [color=#660099]
                            RenderInline {B} at (0,0) size 61x17
                              RenderText {#text} at (3,2) size 61x18
                                text run at (3,3) width 61: "Netscape"
                          RenderText {#text} at (0,0) size 0x0
                      RenderTableRow {TR} at (0,31) size 113x28
                        RenderTableCell {TD} at (2,33) size 109x24 [bgcolor=#FFFFFF] [border: (1px inset #808080)] [r=1 c=0 rs=1 cs=1]
                          RenderInline {A} at (0,0) size 57x17 [color=#660099]
                            RenderInline {B} at (0,0) size 57x17
                              RenderText {#text} at (3,2) size 57x18
                                text run at (3,3) width 57: "Infoseek"
                          RenderText {#text} at (0,0) size 0x0
                      RenderTableRow {TR} at (0,61) size 113x28
                        RenderTableCell {TD} at (2,63) size 109x24 [bgcolor=#FFFFFF] [border: (1px inset #808080)] [r=2 c=0 rs=1 cs=1]
                          RenderInline {A} at (0,0) size 78x17 [color=#660099]
                            RenderInline {B} at (0,0) size 78x17
                              RenderText {#text} at (3,2) size 78x18
                                text run at (3,3) width 78: "LookSmart"
                          RenderText {#text} at (0,0) size 0x0
                      RenderTableRow {TR} at (0,90) size 113x26
                        RenderTableCell {TD} at (2,91) size 109x24 [bgcolor=#FFFFFF] [border: (1px inset #808080)] [r=3 c=0 rs=1 cs=1]
                          RenderInline {A} at (0,0) size 65x17 [color=#660099]
                            RenderInline {B} at (0,0) size 65x17
                              RenderText {#text} at (3,2) size 65x18
                                text run at (3,3) width 65: "Directory"
                          RenderText {#text} at (0,0) size 0x0
                RenderTableCell {TD} at (128,24) size 468x86 [bgcolor=#CCCCCC] [border: (1px inset #808080)] [r=0 c=1 rs=1 cs=1]
                  RenderTable {TABLE} at (4,4) size 459x77 [border: (1px outset #808080)]
                    RenderTableSection {TBODY} at (1,1) size 457x75
                      RenderTableRow {TR} at (0,4) size 457x36
                        RenderTableCell {TD} at (4,4) size 349x35 [border: (1px inset #808080)] [r=0 c=0 rs=1 cs=3]
                          RenderInline {FONT} at (0,0) size 302x15
                            RenderText {#text} at (0,0) size 0x0
                            RenderTextControl {INPUT} at (7,7) size 298x21 [bgcolor=#FFFFFF] [border: (2px inset #000000)]
                            RenderText {#text} at (0,0) size 0x0
                          RenderText {#text} at (0,0) size 0x0
                        RenderTableCell {TD} at (356,4) size 97x36 [border: (1px inset #808080)] [r=0 c=3 rs=1 cs=1]
                          RenderButton {INPUT} at (7,7) size 55x22 [bgcolor=#C0C0C0]
                            RenderBlock (anonymous) at (6,2) size 43x17
                              RenderText at (0,0) size 43x17
                                text run at (0,0) width 43: "Search"
                          RenderText {#text} at (0,0) size 0x0
                      RenderTableRow {TR} at (0,44) size 457x27
                        RenderTableCell {TD} at (4,44) size 114x27 [border: (1px inset #808080)] [r=1 c=0 rs=1 cs=1]
                          RenderText {#text} at (5,5) size 26x17
                            text run at (5,5) width 26: "asdf"
                        RenderTableCell {TD} at (121,44) size 114x27 [border: (1px inset #808080)] [r=1 c=1 rs=1 cs=1]
                          RenderText {#text} at (5,5) size 26x17
                            text run at (5,5) width 26: "asdf"
                        RenderTableCell {TD} at (238,44) size 115x27 [border: (1px inset #808080)] [r=1 c=2 rs=1 cs=1]
                          RenderText {#text} at (5,5) size 26x17
                            text run at (5,5) width 26: "asdf"
                        RenderTableCell {TD} at (356,44) size 97x27 [border: (1px inset #808080)] [r=1 c=3 rs=1 cs=1]
                          RenderText {#text} at (5,5) size 26x17
                            text run at (5,5) width 26: "asdf"
layer at (249,120) size 292x15
  RenderBlock {DIV} at (3,3) size 292x15
