layer at (0,0) size 800x600
  RenderView at (0,0) size 800x600
layer at (0,0) size 800x600
  RenderBlock {HTML} at (0,0) size 800x600
    RenderBody {BODY} at (8,8) size 784x584
      RenderTable {TABLE} at (0,0) size 784x73
        RenderTableSection {TBODY} at (0,0) size 784x73
          RenderTableRow {TR} at (0,2) size 784x25
            RenderTableCell {TD} at (2,2) size 780x25 [r=0 c=0 rs=1 cs=1]
              RenderTable {TABLE} at (1,1) size 778x23
                RenderTableSection {TBODY} at (0,0) size 778x23
                  RenderTableRow {TR} at (0,2) size 778x19
                    RenderTableCell {TD} at (2,2) size 774x19 [r=0 c=0 rs=1 cs=1]
                      RenderText {#text} at (1,1) size 236x17
                        text run at (1,1) width 236: "text below cant break out of this table"
          RenderTableRow {TR} at (0,29) size 784x42
            RenderTableCell {TD} at (2,29) size 780x42 [r=1 c=0 rs=1 cs=1]
              RenderTable {TABLE} at (1,1) size 778x40
                RenderTableSection {TBODY} at (0,0) size 778x40
                  RenderTableRow {TR} at (0,2) size 778x36
                    RenderTableCell {TD} at (2,2) size 774x36 [r=0 c=0 rs=1 cs=1]
                      RenderText {#text} at (1,1) size 755x34
                        text run at (1,1) width 561: "Text Text Text Text Text Text Text Text Text Text Text Text Text Text Text Text Text "
                        text run at (562,1) width 194: "Text Text Text Text Text Text"
                        text run at (1,18) width 359: "Text Text Text Text Text Text Text Text Text Text Text"
