layer at (0,0) size 800x600
  RenderView at (0,0) size 800x600
layer at (0,0) size 800x600
  RenderBlock {HTML} at (0,0) size 800x600
    RenderBody {BODY} at (0,0) size 800x600
      RenderBlock {P} at (0,0) size 800x34
        RenderText {#text} at (20,0) size 729x34
          text run at (20,0) width 480: "Here's the same two row table, but the second instance reverses the order of "
          text run at (500,0) width 249: "the rows: note that it is the first row that"
          text run at (20,17) width 204: "defines the width (which would "
          text run at (224,17) width 258: "be right if this were table-layout: fixed ;-)"
      RenderTable {TABLE} at (0,50) size 800x38 [border: (1px outset #808080)]
        RenderTableSection {TBODY} at (1,1) size 798x36
          RenderTableRow {TR} at (0,0) size 798x17
            RenderTableCell {TD} at (0,7) size 17x3 [bgcolor=#666666] [border: (1px inset #808080)] [r=0 c=0 rs=1 cs=1]
              RenderImage {IMG} at (1,1) size 15x1
            RenderTableCell {TD} at (17,0) size 764x17 [border: (1px inset #808080)] [r=0 c=1 rs=1 cs=1]
              RenderImage {IMG} at (1,1) size 110x15
            RenderTableCell {TD} at (781,7) size 17x3 [bgcolor=#666666] [border: (1px inset #808080)] [r=0 c=2 rs=1 cs=1]
              RenderImage {IMG} at (1,1) size 15x1
          RenderTableRow {TR} at (0,17) size 798x19
            RenderTableCell {TD} at (0,25) size 17x3 [bgcolor=#666666] [border: (1px inset #808080)] [r=1 c=0 rs=1 cs=1]
              RenderImage {IMG} at (1,1) size 15x1
            RenderTableCell {TD} at (17,17) size 764x19 [border: (1px inset #808080)] [r=1 c=1 rs=1 cs=1]
              RenderText {#text} at (1,1) size 23x17
                text run at (1,1) width 23: "that"
            RenderTableCell {TD} at (781,25) size 17x3 [bgcolor=#666666] [border: (1px inset #808080)] [r=1 c=2 rs=1 cs=1]
              RenderImage {IMG} at (1,1) size 15x1
      RenderBlock (anonymous) at (0,88) size 800x17
        RenderBR {BR} at (0,0) size 0x17
      RenderTable {TABLE} at (0,105) size 800x38 [border: (1px outset #808080)]
        RenderTableSection {TBODY} at (1,1) size 798x36
          RenderTableRow {TR} at (0,0) size 798x19
            RenderTableCell {TD} at (0,8) size 17x3 [bgcolor=#666666] [border: (1px inset #808080)] [r=0 c=0 rs=1 cs=1]
              RenderImage {IMG} at (1,1) size 15x1
            RenderTableCell {TD} at (17,0) size 764x19 [border: (1px inset #808080)] [r=0 c=1 rs=1 cs=1]
              RenderText {#text} at (1,1) size 23x17
                text run at (1,1) width 23: "that"
            RenderTableCell {TD} at (781,8) size 17x3 [bgcolor=#666666] [border: (1px inset #808080)] [r=0 c=2 rs=1 cs=1]
              RenderImage {IMG} at (1,1) size 15x1
          RenderTableRow {TR} at (0,19) size 798x17
            RenderTableCell {TD} at (0,26) size 17x3 [bgcolor=#666666] [border: (1px inset #808080)] [r=1 c=0 rs=1 cs=1]
              RenderImage {IMG} at (1,1) size 15x1
            RenderTableCell {TD} at (17,19) size 764x17 [border: (1px inset #808080)] [r=1 c=1 rs=1 cs=1]
              RenderImage {IMG} at (1,1) size 110x15
            RenderTableCell {TD} at (781,26) size 17x3 [bgcolor=#666666] [border: (1px inset #808080)] [r=1 c=2 rs=1 cs=1]
              RenderImage {IMG} at (1,1) size 15x1
