layer at (0,0) size 1045x585
  RenderView at (0,0) size 800x585
layer at (0,0) size 800x585
  RenderBlock {HTML} at (0,0) size 800x585
    RenderBody {BODY} at (8,8) size 784x569
      RenderTable {TABLE} at (0,0) size 1037x150 [border: (2px solid #0000FF)]
        RenderTableSection {TBODY} at (2,2) size 1033x146
          RenderTableRow {TR} at (0,2) size 1033x142
            RenderTableCell {TD} at (2,2) size 253x142 [border: (1px solid #C0C0C0)] [r=0 c=0 rs=1 cs=1]
              RenderTable {TABLE} at (2,2) size 249x138 [border: (2px solid #008000)]
                RenderTableSection {TBODY} at (2,2) size 245x134
                  RenderTableRow {TR} at (0,2) size 245x89
                    RenderTableCell {TD} at (2,2) size 241x89 [border: (1px solid #C0C0C0)] [r=0 c=0 rs=1 cs=1]
                      RenderTable {TABLE} at (2,2) size 188x39 [border: (2px solid #FF0000)]
                        RenderTableSection {TBODY} at (2,2) size 184x35
                          RenderTableRow {TR} at (0,2) size 184x31
                            RenderTableCell {TD} at (2,2) size 180x31 [border: (1px solid #C0C0C0)] [r=0 c=0 rs=1 cs=1]
                              RenderTextControl {INPUT} at (4,4) size 172x23 [bgcolor=#FFFFFF] [border: (2px inset #000000)]
                              RenderText {#text} at (0,0) size 0x0
                      RenderTable {TABLE} at (2,41) size 237x46 [border: (2px solid #FF0000)]
                        RenderTableSection {TBODY} at (2,2) size 233x42
                          RenderTableRow {TR} at (0,2) size 233x38
                            RenderTableCell {TD} at (2,2) size 229x38 [border: (1px solid #C0C0C0)] [r=0 c=0 rs=1 cs=1]
                              RenderText {#text} at (2,2) size 201x34
                                text run at (2,2) width 201: "THIS TABLE NEEDS TO BE"
                                text run at (2,19) width 43: "HERE"
                  RenderTableRow {TR} at (0,93) size 245x39
                    RenderTableCell {TD} at (2,93) size 241x39 [border: (1px solid #C0C0C0)] [r=1 c=0 rs=1 cs=1]
                      RenderTable {TABLE} at (2,2) size 237x35 [border: (2px solid #FF0000)]
                        RenderTableSection {TBODY} at (2,2) size 233x31
                          RenderTableRow {TR} at (0,2) size 233x27
                            RenderTableCell {TD} at (2,2) size 229x27 [border: (1px solid #C0C0C0)] [r=0 c=0 rs=1 cs=1]
                              RenderMenuList {SELECT} at (4,4) size 221x19 [bgcolor=#FFFFFF] [border: (1px solid #000000)]
                                RenderBlock (anonymous) at (1,1) size 219x17
                                  RenderText at (0,0) size 219x17
                                    text run at (0,0) width 219: "USE THIS JAVASCRIPT HERE"
                              RenderText {#text} at (0,0) size 0x0
            RenderTableCell {TD} at (257,2) size 774x38 [border: (1px solid #C0C0C0)] [r=0 c=1 rs=1 cs=1]
              RenderText {#text} at (2,2) size 770x34
                text run at (2,2) width 770: "KEEPoTHEoTEXToHEREoASoLONGoASoPOSSIBLEooKEEPoTHEoTEXToHEREoASoLONGoASoPOSSIBLE"
                text run at (2,19) width 618: "THIS SIMULATES THE PROBLEM ON THE WWW.MAPBLAST.COM/ \"CREATE MAP\""
layer at (31,31) size 166x17 scrollWidth 194
  RenderBlock {DIV} at (3,3) size 166x17
    RenderText {#text} at (0,0) size 193x17
      text run at (0,0) width 193: "THIS NEEDS THIS VALUE"
