layer at (0,0) size 800x600
  RenderView at (0,0) size 800x600
layer at (0,0) size 800x600
  RenderBlock {HTML} at (0,0) size 800x600
    RenderBody {BODY} at (8,8) size 784x576
      RenderBlock {FORM} at (0,0) size 784x92
        RenderTable {TABLE} at (0,0) size 342x92 [border: (1px outset #808080)]
          RenderTableSection {TBODY} at (1,1) size 340x90
            RenderTableRow {TR} at (0,2) size 340x86
              RenderTableCell {TD} at (2,2) size 336x86 [border: (1px inset #808080)] [r=0 c=0 rs=1 cs=1]
                RenderTable {TABLE} at (2,2) size 332x82 [border: (2px outset #808080)]
                  RenderTableSection {TBODY} at (2,2) size 328x78
                    RenderTableRow {TR} at (0,2) size 328x40
                      RenderTableCell {TD} at (2,2) size 94x40 [border: (1px inset #808080)] [r=0 c=0 rs=1 cs=1]
                        RenderText {#text} at (2,2) size 56x35
                          text run at (2,2) width 53: "Member"
                          text run at (2,20) width 56: "Number:"
                      RenderTableCell {TD} at (97,6) size 224x32 [border: (1px inset #808080)] [r=0 c=1 rs=1 cs=1]
                        RenderTextControl {INPUT} at (4,4) size 191x24 [bgcolor=#FFFFFF] [border: (2px inset #000000)]
                        RenderText {#text} at (0,0) size 0x0
                    RenderTableRow {TR} at (0,44) size 328x32
                      RenderTableCell {TD} at (2,49) size 94x22 [border: (1px inset #808080)] [r=1 c=0 rs=1 cs=1]
                        RenderText {#text} at (2,2) size 30x17
                          text run at (2,2) width 30: "PIN:"
                      RenderTableCell {TD} at (97,44) size 224x32 [border: (1px inset #808080)] [r=1 c=1 rs=1 cs=1]
                        RenderTextControl {INPUT} at (4,4) size 191x24 [bgcolor=#FFFFFF] [border: (2px inset #000000)]
                          RenderFlexibleBox {DIV} at (3,3) size 185x18
                            RenderBlock {DIV} at (0,0) size 185x18
                        RenderText {#text} at (0,0) size 0x0
                      RenderTableCell {TD} at (322,58) size 5x4 [border: (1px inset #808080)] [r=1 c=2 rs=1 cs=1]
layer at (120,28) size 185x18
  RenderBlock {DIV} at (3,3) size 185x18
layer at (120,66) size 185x18
  RenderBlock {DIV} at (0,0) size 185x18
