layer at (0,0) size 800x600
  RenderView at (0,0) size 800x600
layer at (0,0) size 800x116
  RenderBlock {HTML} at (0,0) size 800x116
    RenderBody {BODY} at (8,8) size 784x88
      RenderBlock (anonymous) at (0,0) size 784x68
        RenderText {#text} at (0,0) size 640x17
          text run at (0,0) width 640: "This test checks that the text-overflow: ellipsis property is handled correctly when using an SVG font."
        RenderBR {BR} at (640,0) size 0x17
        RenderBR {BR} at (0,17) size 0x17
        RenderText {#text} at (0,34) size 517x17
          text run at (0,34) width 517: "Pass if some text is shown followed by an ellipsis (NOT just the ellipsis by itself). "
        RenderBR {BR} at (517,34) size 0x17
        RenderBR {BR} at (0,51) size 0x17
layer at (8,76) size 182x20 clip at (9,77) size 180x18 scrollWidth 335
  RenderBlock {DIV} at (0,68) size 182x20 [border: (1px solid #000000)]
    RenderText {#text} at (1,1) size 335x17
      text run at (1,1) width 335: "abc abc abc abc abc abc abc abc abc abc"
