layer at (0,0) size 1562x1010
  RenderView at (0,0) size 785x585
layer at (0,0) size 785x1010
  RenderBlock {HTML} at (0,0) size 785x1010
    RenderBody {BODY} at (8,8) size 769x994
      RenderBlock {HR} at (0,358) size 769x2 [border: (1px inset #000000)]
      RenderBlock {HR} at (0,676) size 769x2 [border: (1px inset #000000)]
layer at (8,8) size 769x350
  RenderBlock {DIV} at (0,0) size 769x350
    RenderMultiColumnSet at (0,0) size 769x350
layer at (8,8) size 377x1179 backgroundClip at (0,0) size 1562x1010 clip at (0,0) size 1562x1010
  RenderMultiColumnFlowThread at (0,0) size 377x1179
    RenderTable {TABLE} at (0,0) size 377x1179 [border: (1px outset #808080)]
      RenderTableSection {TBODY} at (1,1) size 375x1177
        RenderTableRow {TR} at (0,0) size 375x1177
          RenderTableCell {TD} at (0,44) size 143x1133 [border: (1px inset #808080)] [r=0 c=0 rs=1 cs=1]
            RenderText {#text} at (11,11) size 108x36
              text run at (11,11) width 108: "This cell has lots"
              text run at (11,29) width 46: "of text."
            RenderBR {BR} at (56,43) size 1x0
            RenderText {#text} at (11,47) size 108x36
              text run at (11,47) width 108: "This cell has lots"
              text run at (11,65) width 46: "of text."
            RenderBR {BR} at (56,79) size 1x0
            RenderText {#text} at (11,83) size 108x36
              text run at (11,83) width 108: "This cell has lots"
              text run at (11,101) width 46: "of text."
            RenderBR {BR} at (56,115) size 1x0
            RenderText {#text} at (11,119) size 108x36
              text run at (11,119) width 108: "This cell has lots"
              text run at (11,137) width 46: "of text."
            RenderBR {BR} at (56,151) size 1x0
            RenderText {#text} at (11,155) size 108x36
              text run at (11,155) width 108: "This cell has lots"
              text run at (11,173) width 46: "of text."
            RenderBR {BR} at (56,187) size 1x0
            RenderText {#text} at (11,191) size 108x36
              text run at (11,191) width 108: "This cell has lots"
              text run at (11,209) width 46: "of text."
            RenderBR {BR} at (56,223) size 1x0
            RenderText {#text} at (11,227) size 108x36
              text run at (11,227) width 108: "This cell has lots"
              text run at (11,245) width 46: "of text."
            RenderBR {BR} at (56,259) size 1x0
            RenderText {#text} at (11,263) size 108x36
              text run at (11,263) width 108: "This cell has lots"
              text run at (11,281) width 46: "of text."
            RenderBR {BR} at (56,295) size 1x0
            RenderText {#text} at (11,305) size 108x36
              text run at (11,305) width 108: "This cell has lots"
              text run at (11,323) width 46: "of text."
            RenderBR {BR} at (56,337) size 1x0
            RenderText {#text} at (11,341) size 108x36
              text run at (11,341) width 108: "This cell has lots"
              text run at (11,359) width 46: "of text."
            RenderBR {BR} at (56,373) size 1x0
            RenderText {#text} at (11,377) size 108x36
              text run at (11,377) width 108: "This cell has lots"
              text run at (11,395) width 46: "of text."
            RenderBR {BR} at (56,409) size 1x0
            RenderText {#text} at (11,413) size 108x36
              text run at (11,413) width 108: "This cell has lots"
              text run at (11,431) width 46: "of text."
            RenderBR {BR} at (56,445) size 1x0
            RenderText {#text} at (11,449) size 108x36
              text run at (11,449) width 108: "This cell has lots"
              text run at (11,467) width 46: "of text."
            RenderBR {BR} at (56,481) size 1x0
            RenderText {#text} at (11,485) size 108x36
              text run at (11,485) width 108: "This cell has lots"
              text run at (11,503) width 46: "of text."
            RenderBR {BR} at (56,517) size 1x0
            RenderText {#text} at (11,521) size 108x36
              text run at (11,521) width 108: "This cell has lots"
              text run at (11,539) width 46: "of text."
            RenderBR {BR} at (56,553) size 1x0
            RenderText {#text} at (11,557) size 108x36
              text run at (11,557) width 108: "This cell has lots"
              text run at (11,575) width 46: "of text."
            RenderBR {BR} at (56,589) size 1x0
            RenderText {#text} at (11,593) size 108x36
              text run at (11,593) width 108: "This cell has lots"
              text run at (11,611) width 46: "of text."
            RenderBR {BR} at (56,625) size 1x0
            RenderText {#text} at (11,629) size 108x44
              text run at (11,629) width 108: "This cell has lots"
              text run at (11,655) width 46: "of text."
            RenderBR {BR} at (56,669) size 1x0
            RenderText {#text} at (11,673) size 108x36
              text run at (11,673) width 108: "This cell has lots"
              text run at (11,691) width 46: "of text."
            RenderBR {BR} at (56,705) size 1x0
            RenderText {#text} at (11,709) size 108x36
              text run at (11,709) width 108: "This cell has lots"
              text run at (11,727) width 46: "of text."
            RenderBR {BR} at (56,741) size 1x0
            RenderText {#text} at (11,745) size 108x36
              text run at (11,745) width 108: "This cell has lots"
              text run at (11,763) width 46: "of text."
            RenderBR {BR} at (56,777) size 1x0
            RenderText {#text} at (11,781) size 108x36
              text run at (11,781) width 108: "This cell has lots"
              text run at (11,799) width 46: "of text."
            RenderBR {BR} at (56,813) size 1x0
            RenderText {#text} at (11,817) size 108x36
              text run at (11,817) width 108: "This cell has lots"
              text run at (11,835) width 46: "of text."
            RenderBR {BR} at (56,849) size 1x0
            RenderText {#text} at (11,853) size 108x36
              text run at (11,853) width 108: "This cell has lots"
              text run at (11,871) width 46: "of text."
            RenderBR {BR} at (56,885) size 1x0
            RenderText {#text} at (11,889) size 108x36
              text run at (11,889) width 108: "This cell has lots"
              text run at (11,907) width 46: "of text."
            RenderBR {BR} at (56,921) size 1x0
            RenderText {#text} at (11,925) size 108x36
              text run at (11,925) width 108: "This cell has lots"
              text run at (11,943) width 46: "of text."
            RenderBR {BR} at (56,957) size 1x0
            RenderText {#text} at (11,961) size 108x36
              text run at (11,961) width 108: "This cell has lots"
              text run at (11,979) width 46: "of text."
            RenderBR {BR} at (56,993) size 1x0
            RenderText {#text} at (11,1005) size 108x36
              text run at (11,1005) width 108: "This cell has lots"
              text run at (11,1023) width 46: "of text."
            RenderBR {BR} at (56,1037) size 1x0
            RenderText {#text} at (11,1041) size 108x36
              text run at (11,1041) width 108: "This cell has lots"
              text run at (11,1059) width 46: "of text."
            RenderBR {BR} at (56,1073) size 1x0
            RenderText {#text} at (11,1077) size 108x36
              text run at (11,1077) width 108: "This cell has lots"
              text run at (11,1095) width 46: "of text."
            RenderBR {BR} at (56,1109) size 1x0
          RenderTableCell {TD} at (142,0) size 233x170 [border: (1px inset #808080)] [r=0 c=1 rs=1 cs=1]
            RenderInline {SPAN} at (0,0) size 146x148
              RenderText {#text} at (11,11) size 146x148
                text run at (11,11) width 146: "Other"
                text run at (11,85) width 109: "cell."
layer at (8,376) size 769x300
  RenderBlock {DIV} at (0,368) size 769x300
    RenderMultiColumnSet at (0,0) size 769x300
layer at (8,376) size 377x1166 backgroundClip at (0,0) size 1562x1010 clip at (0,0) size 1562x1010
  RenderMultiColumnFlowThread at (0,0) size 377x1166
    RenderTable {TABLE} at (0,0) size 377x1166 [border: (1px outset #808080)]
      RenderTableSection {TBODY} at (1,1) size 375x1164
        RenderTableRow {TR} at (0,0) size 375x1164
          RenderTableCell {TD} at (0,0) size 143x1164 [border: (1px inset #808080)] [r=0 c=0 rs=1 cs=1]
            RenderText {#text} at (11,11) size 108x36
              text run at (11,11) width 108: "This cell has lots"
              text run at (11,29) width 46: "of text."
            RenderBR {BR} at (56,43) size 1x0
            RenderText {#text} at (11,47) size 108x36
              text run at (11,47) width 108: "This cell has lots"
              text run at (11,65) width 46: "of text."
            RenderBR {BR} at (56,79) size 1x0
            RenderText {#text} at (11,83) size 108x36
              text run at (11,83) width 108: "This cell has lots"
              text run at (11,101) width 46: "of text."
            RenderBR {BR} at (56,115) size 1x0
            RenderText {#text} at (11,119) size 108x36
              text run at (11,119) width 108: "This cell has lots"
              text run at (11,137) width 46: "of text."
            RenderBR {BR} at (56,151) size 1x0
            RenderText {#text} at (11,155) size 108x36
              text run at (11,155) width 108: "This cell has lots"
              text run at (11,173) width 46: "of text."
            RenderBR {BR} at (56,187) size 1x0
            RenderText {#text} at (11,191) size 108x36
              text run at (11,191) width 108: "This cell has lots"
              text run at (11,209) width 46: "of text."
            RenderBR {BR} at (56,223) size 1x0
            RenderText {#text} at (11,227) size 108x36
              text run at (11,227) width 108: "This cell has lots"
              text run at (11,245) width 46: "of text."
            RenderBR {BR} at (56,259) size 1x0
            RenderText {#text} at (11,263) size 108x36
              text run at (11,263) width 108: "This cell has lots"
              text run at (11,281) width 46: "of text."
            RenderBR {BR} at (56,295) size 1x0
            RenderText {#text} at (11,299) size 108x36
              text run at (11,299) width 108: "This cell has lots"
              text run at (11,317) width 46: "of text."
            RenderBR {BR} at (56,331) size 1x0
            RenderText {#text} at (11,335) size 108x36
              text run at (11,335) width 108: "This cell has lots"
              text run at (11,353) width 46: "of text."
            RenderBR {BR} at (56,367) size 1x0
            RenderText {#text} at (11,371) size 108x36
              text run at (11,371) width 108: "This cell has lots"
              text run at (11,389) width 46: "of text."
            RenderBR {BR} at (56,403) size 1x0
            RenderText {#text} at (11,407) size 108x36
              text run at (11,407) width 108: "This cell has lots"
              text run at (11,425) width 46: "of text."
            RenderBR {BR} at (56,439) size 1x0
            RenderText {#text} at (11,443) size 108x36
              text run at (11,443) width 108: "This cell has lots"
              text run at (11,461) width 46: "of text."
            RenderBR {BR} at (56,475) size 1x0
            RenderText {#text} at (11,479) size 108x36
              text run at (11,479) width 108: "This cell has lots"
              text run at (11,497) width 46: "of text."
            RenderBR {BR} at (56,511) size 1x0
            RenderText {#text} at (11,515) size 108x36
              text run at (11,515) width 108: "This cell has lots"
              text run at (11,533) width 46: "of text."
            RenderBR {BR} at (56,547) size 1x0
            RenderText {#text} at (11,551) size 108x36
              text run at (11,551) width 108: "This cell has lots"
              text run at (11,569) width 46: "of text."
            RenderBR {BR} at (56,583) size 1x0
            RenderText {#text} at (11,599) size 108x36
              text run at (11,599) width 108: "This cell has lots"
              text run at (11,617) width 46: "of text."
            RenderBR {BR} at (56,631) size 1x0
            RenderText {#text} at (11,635) size 108x36
              text run at (11,635) width 108: "This cell has lots"
              text run at (11,653) width 46: "of text."
            RenderBR {BR} at (56,667) size 1x0
            RenderText {#text} at (11,671) size 108x36
              text run at (11,671) width 108: "This cell has lots"
              text run at (11,689) width 46: "of text."
            RenderBR {BR} at (56,703) size 1x0
            RenderText {#text} at (11,707) size 108x36
              text run at (11,707) width 108: "This cell has lots"
              text run at (11,725) width 46: "of text."
            RenderBR {BR} at (56,739) size 1x0
            RenderText {#text} at (11,743) size 108x36
              text run at (11,743) width 108: "This cell has lots"
              text run at (11,761) width 46: "of text."
            RenderBR {BR} at (56,775) size 1x0
            RenderText {#text} at (11,779) size 108x36
              text run at (11,779) width 108: "This cell has lots"
              text run at (11,797) width 46: "of text."
            RenderBR {BR} at (56,811) size 1x0
            RenderText {#text} at (11,815) size 108x36
              text run at (11,815) width 108: "This cell has lots"
              text run at (11,833) width 46: "of text."
            RenderBR {BR} at (56,847) size 1x0
            RenderText {#text} at (11,851) size 108x36
              text run at (11,851) width 108: "This cell has lots"
              text run at (11,869) width 46: "of text."
            RenderBR {BR} at (56,883) size 1x0
            RenderText {#text} at (11,899) size 108x36
              text run at (11,899) width 108: "This cell has lots"
              text run at (11,917) width 46: "of text."
            RenderBR {BR} at (56,931) size 1x0
            RenderText {#text} at (11,935) size 108x36
              text run at (11,935) width 108: "This cell has lots"
              text run at (11,953) width 46: "of text."
            RenderBR {BR} at (56,967) size 1x0
            RenderText {#text} at (11,971) size 108x36
              text run at (11,971) width 108: "This cell has lots"
              text run at (11,989) width 46: "of text."
            RenderBR {BR} at (56,1003) size 1x0
            RenderText {#text} at (11,1007) size 108x36
              text run at (11,1007) width 108: "This cell has lots"
              text run at (11,1025) width 46: "of text."
            RenderBR {BR} at (56,1039) size 1x0
            RenderText {#text} at (11,1043) size 108x36
              text run at (11,1043) width 108: "This cell has lots"
              text run at (11,1061) width 46: "of text."
            RenderBR {BR} at (56,1075) size 1x0
            RenderText {#text} at (11,1079) size 108x36
              text run at (11,1079) width 108: "This cell has lots"
              text run at (11,1097) width 46: "of text."
            RenderBR {BR} at (56,1111) size 1x0
          RenderTableCell {TD} at (142,478) size 233x207 [border: (1px inset #808080)] [r=0 c=1 rs=1 cs=1]
            RenderInline {SPAN} at (0,0) size 146x183
              RenderText {#text} at (11,10) size 146x185
                text run at (11,11) width 146: "Other"
                text run at (11,121) width 109: "cell."
layer at (8,702) size 769x300
  RenderBlock {DIV} at (0,694) size 769x300
    RenderMultiColumnSet at (0,0) size 769x300
layer at (8,702) size 377x1129 backgroundClip at (0,0) size 1562x1010 clip at (0,0) size 1562x1010
  RenderMultiColumnFlowThread at (0,0) size 377x1129
    RenderTable {TABLE} at (0,0) size 377x1129 [border: (1px outset #808080)]
      RenderTableSection {TBODY} at (1,1) size 375x1127
        RenderTableRow {TR} at (0,0) size 375x1127
          RenderTableCell {TD} at (0,0) size 143x1127 [border: (1px inset #808080)] [r=0 c=0 rs=1 cs=1]
            RenderText {#text} at (11,11) size 108x36
              text run at (11,11) width 108: "This cell has lots"
              text run at (11,29) width 46: "of text."
            RenderBR {BR} at (56,43) size 1x0
            RenderText {#text} at (11,47) size 108x36
              text run at (11,47) width 108: "This cell has lots"
              text run at (11,65) width 46: "of text."
            RenderBR {BR} at (56,79) size 1x0
            RenderText {#text} at (11,83) size 108x36
              text run at (11,83) width 108: "This cell has lots"
              text run at (11,101) width 46: "of text."
            RenderBR {BR} at (56,115) size 1x0
            RenderText {#text} at (11,119) size 108x36
              text run at (11,119) width 108: "This cell has lots"
              text run at (11,137) width 46: "of text."
            RenderBR {BR} at (56,151) size 1x0
            RenderText {#text} at (11,155) size 108x36
              text run at (11,155) width 108: "This cell has lots"
              text run at (11,173) width 46: "of text."
            RenderBR {BR} at (56,187) size 1x0
            RenderText {#text} at (11,191) size 108x36
              text run at (11,191) width 108: "This cell has lots"
              text run at (11,209) width 46: "of text."
            RenderBR {BR} at (56,223) size 1x0
            RenderText {#text} at (11,227) size 108x36
              text run at (11,227) width 108: "This cell has lots"
              text run at (11,245) width 46: "of text."
            RenderBR {BR} at (56,259) size 1x0
            RenderText {#text} at (11,263) size 108x36
              text run at (11,263) width 108: "This cell has lots"
              text run at (11,281) width 46: "of text."
            RenderBR {BR} at (56,295) size 1x0
            RenderText {#text} at (11,299) size 108x36
              text run at (11,299) width 108: "This cell has lots"
              text run at (11,317) width 46: "of text."
            RenderBR {BR} at (56,331) size 1x0
            RenderText {#text} at (11,335) size 108x36
              text run at (11,335) width 108: "This cell has lots"
              text run at (11,353) width 46: "of text."
            RenderBR {BR} at (56,367) size 1x0
            RenderText {#text} at (11,371) size 108x36
              text run at (11,371) width 108: "This cell has lots"
              text run at (11,389) width 46: "of text."
            RenderBR {BR} at (56,403) size 1x0
            RenderText {#text} at (11,407) size 108x36
              text run at (11,407) width 108: "This cell has lots"
              text run at (11,425) width 46: "of text."
            RenderBR {BR} at (56,439) size 1x0
            RenderText {#text} at (11,443) size 108x36
              text run at (11,443) width 108: "This cell has lots"
              text run at (11,461) width 46: "of text."
            RenderBR {BR} at (56,475) size 1x0
            RenderText {#text} at (11,479) size 108x36
              text run at (11,479) width 108: "This cell has lots"
              text run at (11,497) width 46: "of text."
            RenderBR {BR} at (56,511) size 1x0
            RenderText {#text} at (11,515) size 108x36
              text run at (11,515) width 108: "This cell has lots"
              text run at (11,533) width 46: "of text."
            RenderBR {BR} at (56,547) size 1x0
            RenderText {#text} at (11,551) size 108x36
              text run at (11,551) width 108: "This cell has lots"
              text run at (11,569) width 46: "of text."
            RenderBR {BR} at (56,583) size 1x0
            RenderText {#text} at (11,599) size 108x36
              text run at (11,599) width 108: "This cell has lots"
              text run at (11,617) width 46: "of text."
            RenderBR {BR} at (56,631) size 1x0
            RenderText {#text} at (11,635) size 108x36
              text run at (11,635) width 108: "This cell has lots"
              text run at (11,653) width 46: "of text."
            RenderBR {BR} at (56,667) size 1x0
            RenderText {#text} at (11,671) size 108x36
              text run at (11,671) width 108: "This cell has lots"
              text run at (11,689) width 46: "of text."
            RenderBR {BR} at (56,703) size 1x0
            RenderText {#text} at (11,707) size 108x36
              text run at (11,707) width 108: "This cell has lots"
              text run at (11,725) width 46: "of text."
            RenderBR {BR} at (56,739) size 1x0
            RenderText {#text} at (11,743) size 108x36
              text run at (11,743) width 108: "This cell has lots"
              text run at (11,761) width 46: "of text."
            RenderBR {BR} at (56,775) size 1x0
            RenderText {#text} at (11,779) size 108x36
              text run at (11,779) width 108: "This cell has lots"
              text run at (11,797) width 46: "of text."
            RenderBR {BR} at (56,811) size 1x0
            RenderText {#text} at (11,815) size 108x36
              text run at (11,815) width 108: "This cell has lots"
              text run at (11,833) width 46: "of text."
            RenderBR {BR} at (56,847) size 1x0
            RenderText {#text} at (11,851) size 108x36
              text run at (11,851) width 108: "This cell has lots"
              text run at (11,869) width 46: "of text."
            RenderBR {BR} at (56,883) size 1x0
            RenderText {#text} at (11,899) size 108x36
              text run at (11,899) width 108: "This cell has lots"
              text run at (11,917) width 46: "of text."
            RenderBR {BR} at (56,931) size 1x0
            RenderText {#text} at (11,935) size 108x36
              text run at (11,935) width 108: "This cell has lots"
              text run at (11,953) width 46: "of text."
            RenderBR {BR} at (56,967) size 1x0
            RenderText {#text} at (11,971) size 108x36
              text run at (11,971) width 108: "This cell has lots"
              text run at (11,989) width 46: "of text."
            RenderBR {BR} at (56,1003) size 1x0
            RenderText {#text} at (11,1007) size 108x36
              text run at (11,1007) width 108: "This cell has lots"
              text run at (11,1025) width 46: "of text."
            RenderBR {BR} at (56,1039) size 1x0
            RenderText {#text} at (11,1043) size 108x36
              text run at (11,1043) width 108: "This cell has lots"
              text run at (11,1061) width 46: "of text."
            RenderBR {BR} at (56,1075) size 1x0
            RenderText {#text} at (11,1079) size 108x36
              text run at (11,1079) width 108: "This cell has lots"
              text run at (11,1097) width 46: "of text."
            RenderBR {BR} at (56,1111) size 1x0
          RenderTableCell {TD} at (142,957) size 233x170 [border: (1px inset #808080)] [r=0 c=1 rs=1 cs=1]
            RenderInline {SPAN} at (0,0) size 146x148
              RenderText {#text} at (11,11) size 146x148
                text run at (11,11) width 146: "Other"
                text run at (11,85) width 109: "cell."
