layer at (0,0) size 800x600
  RenderView at (0,0) size 800x600
layer at (0,0) size 800x600
  RenderBlock {HTML} at (0,0) size 800x600
    RenderBody {BODY} at (8,8) size 784x584
      RenderBlock {H3} at (0,0) size 784x22
        RenderText {#text} at (0,0) size 164x22
          text run at (0,0) width 164: "Default Appearance"
      RenderBlock (anonymous) at (0,40) size 784x42
        RenderText {#text} at (0,0) size 457x18
          text run at (0,0) width 457: "List color controls have different appearance if ENABLE(DATALIST)."
        RenderBR {BR} at (456,14) size 1x0
        RenderTextControl {INPUT} at (2,20) size 146x19 [bgcolor=#FFFFFF] [border: (2px inset #000000)]
        RenderTextControl {INPUT} at (151,20) size 147x19 [bgcolor=#FFFFFF] [border: (2px inset #000000)]
        RenderText {#text} at (0,0) size 0x0
      RenderBlock {H3} at (0,100) size 784x23
        RenderText {#text} at (0,0) size 162x22
          text run at (0,0) width 162: "Different Font Sizes"
      RenderBlock (anonymous) at (0,141) size 784x73
        RenderText {#text} at (0,0) size 590x18
          text run at (0,0) width 590: "List color controls have different sizes depending on font sizes. Normal color controls don't."
        RenderBR {BR} at (589,14) size 1x0
        RenderTextControl {INPUT} at (2,20) size 225x27 [bgcolor=#FFFFFF] [border: (2px inset #000000)]
        RenderText {#text} at (228,26) size 5x18
          text run at (228,26) width 5: " "
        RenderTextControl {INPUT} at (234,26) size 147x19 [bgcolor=#FFFFFF] [border: (2px inset #000000)]
        RenderText {#text} at (382,26) size 5x18
          text run at (382,26) width 5: " "
        RenderTextControl {INPUT} at (386,29) size 111x16 [bgcolor=#FFFFFF] [border: (2px inset #000000)]
        RenderText {#text} at (496,26) size 5x18
          text run at (496,26) width 5: " "
        RenderTextControl {INPUT} at (502,20) size 226x27 [bgcolor=#FFFFFF] [border: (2px inset #000000)]
        RenderText {#text} at (729,26) size 5x18
          text run at (729,26) width 5: " "
        RenderTextControl {INPUT} at (2,51) size 146x19 [bgcolor=#FFFFFF] [border: (2px inset #000000)]
        RenderText {#text} at (149,51) size 5x18
          text run at (149,51) width 5: " "
        RenderTextControl {INPUT} at (153,54) size 112x16 [bgcolor=#FFFFFF] [border: (2px inset #000000)]
        RenderText {#text} at (0,0) size 0x0
      RenderBlock {H3} at (0,231) size 784x23
        RenderText {#text} at (0,0) size 122x22
          text run at (0,0) width 122: "Various Colors"
      RenderBlock (anonymous) at (0,272) size 784x47
        RenderTextControl {INPUT} at (2,2) size 146x19 [bgcolor=#FFFFFF] [border: (2px inset #000000)]
        RenderText {#text} at (149,2) size 5x18
          text run at (149,2) width 5: " "
        RenderTextControl {INPUT} at (155,2) size 147x19 [bgcolor=#FFFFFF] [border: (2px inset #000000)]
        RenderText {#text} at (303,2) size 5x18
          text run at (303,2) width 5: " "
        RenderTextControl {INPUT} at (309,2) size 147x19 [bgcolor=#FFFFFF] [border: (2px inset #000000)]
        RenderText {#text} at (457,2) size 5x18
          text run at (457,2) width 5: " "
        RenderTextControl {INPUT} at (463,2) size 147x19 [bgcolor=#FFFFFF] [border: (2px inset #000000)]
        RenderText {#text} at (611,2) size 5x18
          text run at (611,2) width 5: " "
        RenderTextControl {INPUT} at (617,2) size 147x19 [bgcolor=#FFFFFF] [border: (2px inset #000000)]
        RenderText {#text} at (765,2) size 5x18
          text run at (765,2) width 5: " "
        RenderTextControl {INPUT} at (2,25) size 146x19 [bgcolor=#FFFFFF] [border: (2px inset #000000)]
        RenderText {#text} at (149,25) size 5x18
          text run at (149,25) width 5: " "
        RenderTextControl {INPUT} at (155,25) size 147x19 [bgcolor=#FFFFFF] [border: (2px inset #000000)]
        RenderText {#text} at (303,25) size 5x18
          text run at (303,25) width 5: " "
        RenderTextControl {INPUT} at (309,25) size 147x19 [bgcolor=#FFFFFF] [border: (2px inset #000000)]
        RenderText {#text} at (457,25) size 5x18
          text run at (457,25) width 5: " "
        RenderTextControl {INPUT} at (463,25) size 147x19 [bgcolor=#FFFFFF] [border: (2px inset #000000)]
        RenderText {#text} at (611,25) size 5x18
          text run at (611,25) width 5: " "
        RenderTextControl {INPUT} at (617,25) size 147x19 [bgcolor=#FFFFFF] [border: (2px inset #000000)]
        RenderText {#text} at (0,0) size 0x0
      RenderBlock {H3} at (0,337) size 784x23
        RenderText {#text} at (0,0) size 118x22
          text run at (0,0) width 118: "Arbitrary Size"
      RenderBlock (anonymous) at (0,378) size 784x31
        RenderTextControl {INPUT} at (0,0) size 100x30 [bgcolor=#FFFFFF] [border: (2px inset #000000)]
layer at (13,72) size 140x13
  RenderBlock {DIV} at (3,3) size 140x13
layer at (163,72) size 140x13
  RenderBlock {DIV} at (3,3) size 140x13
layer at (13,172) size 218x21
  RenderBlock {DIV} at (3,3) size 219x21
    RenderText {#text} at (0,0) size 75x21
      text run at (0,0) width 75: "#00FF00"
layer at (245,178) size 140x13
  RenderBlock {DIV} at (3,3) size 140x13
    RenderText {#text} at (0,0) size 48x13
      text run at (0,0) width 48: "#00FF00"
layer at (397,181) size 105x10
  RenderBlock {DIV} at (3,3) size 105x10
    RenderText {#text} at (0,0) size 36x10
      text run at (0,0) width 36: "#00FF00"
layer at (514,172) size 218x21
  RenderBlock {DIV} at (3,3) size 219x21
    RenderText {#text} at (0,0) size 75x21
      text run at (0,0) width 75: "#00FF00"
layer at (13,203) size 140x13
  RenderBlock {DIV} at (3,3) size 140x13
    RenderText {#text} at (0,0) size 48x13
      text run at (0,0) width 48: "#00FF00"
layer at (165,206) size 105x10
  RenderBlock {DIV} at (3,3) size 105x10
    RenderText {#text} at (0,0) size 36x10
      text run at (0,0) width 36: "#00FF00"
layer at (13,286) size 140x13
  RenderBlock {DIV} at (3,3) size 140x13
    RenderText {#text} at (0,0) size 48x13
      text run at (0,0) width 48: "#FF0000"
layer at (167,286) size 140x13
  RenderBlock {DIV} at (3,3) size 140x13
    RenderText {#text} at (0,0) size 48x13
      text run at (0,0) width 48: "#00FF00"
layer at (321,286) size 140x13
  RenderBlock {DIV} at (3,3) size 140x13
    RenderText {#text} at (0,0) size 48x13
      text run at (0,0) width 48: "#0000FF"
layer at (475,286) size 140x13
  RenderBlock {DIV} at (3,3) size 140x13
    RenderText {#text} at (0,0) size 51x13
      text run at (0,0) width 51: "#EC008C"
layer at (629,286) size 140x13 backgroundClip at (629,286) size 139x13 clip at (629,286) size 139x13
  RenderBlock {DIV} at (3,3) size 140x13
    RenderText {#text} at (0,0) size 49x13
      text run at (0,0) width 49: "#40e0d0"
layer at (13,309) size 140x13
  RenderBlock {DIV} at (3,3) size 140x13
    RenderText {#text} at (0,0) size 48x13
      text run at (0,0) width 48: "#FF0000"
layer at (167,309) size 140x13
  RenderBlock {DIV} at (3,3) size 140x13
    RenderText {#text} at (0,0) size 48x13
      text run at (0,0) width 48: "#00FF00"
layer at (321,309) size 140x13
  RenderBlock {DIV} at (3,3) size 140x13
    RenderText {#text} at (0,0) size 48x13
      text run at (0,0) width 48: "#0000FF"
layer at (475,309) size 140x13
  RenderBlock {DIV} at (3,3) size 140x13
    RenderText {#text} at (0,0) size 51x13
      text run at (0,0) width 51: "#EC008C"
layer at (629,309) size 140x13 backgroundClip at (629,309) size 139x13 clip at (629,309) size 139x13
  RenderBlock {DIV} at (3,3) size 140x13
    RenderText {#text} at (0,0) size 49x13
      text run at (0,0) width 49: "#40e0d0"
layer at (11,395) size 94x13
  RenderBlock {DIV} at (3,8) size 94x14
    RenderText {#text} at (0,0) size 48x13
      text run at (0,0) width 48: "#FF0000"
