layer at (0,0) size 800x600
  RenderView at (0,0) size 800x600
layer at (0,0) size 800x135
  RenderBlock {html} at (0,0) size 800x135
    RenderBody {body} at (8,16) size 784x111
      RenderBlock {p} at (0,0) size 784x17
        RenderText {#text} at (0,0) size 479x17
          text run at (0,0) width 402: "There should be no rules between any rows and columns in the "
          text run at (402,0) width 77: "table below."
      RenderTable {table} at (0,33) size 182x78 [border: none]
        RenderTableCol {colgroup} at (0,0) size 0x0
          RenderTableCol {col} at (0,0) size 0x0
        RenderTableCol {colgroup} at (0,0) size 0x0
          RenderTableCol {col} at (0,0) size 0x0
        RenderTableCol {colgroup} at (0,0) size 0x0
          RenderTableCol {col} at (0,0) size 0x0
        RenderTableSection {thead} at (0,0) size 181x20
          RenderTableRow {tr} at (0,0) size 181x20
            RenderTableCell {th} at (0,0) size 61x20 [border: (1px none #000000)] [r=0 c=0 rs=1 cs=1]
              RenderText {#text} at (2,2) size 58x17
                text run at (2,2) width 58: "THEAD"
            RenderTableCell {th} at (61,0) size 60x20 [border: (1px none #000000)] [r=0 c=1 rs=1 cs=1]
              RenderText {#text} at (1,2) size 58x17
                text run at (1,2) width 58: "THEAD"
            RenderTableCell {th} at (121,0) size 60x20 [border: (1px none #000000)] [r=0 c=2 rs=1 cs=1]
              RenderText {#text} at (1,2) size 58x17
                text run at (1,2) width 58: "THEAD"
        RenderTableSection {tfoot} at (0,58) size 181x19
          RenderTableRow {tr} at (0,0) size 181x19
            RenderTableCell {td} at (0,0) size 61x19 [border: none] [r=0 c=0 rs=1 cs=1]
              RenderText {#text} at (2,1) size 53x17
                text run at (2,1) width 53: "TFOOT"
            RenderTableCell {td} at (61,0) size 60x19 [r=0 c=1 rs=1 cs=1]
              RenderText {#text} at (1,1) size 53x17
                text run at (1,1) width 53: "TFOOT"
            RenderTableCell {td} at (121,0) size 60x19 [r=0 c=2 rs=1 cs=1]
              RenderText {#text} at (1,1) size 53x17
                text run at (1,1) width 53: "TFOOT"
        RenderTableSection {tbody} at (0,20) size 181x38
          RenderTableRow {tr} at (0,0) size 181x19
            RenderTableCell {td} at (0,0) size 61x19 [border: none] [r=0 c=0 rs=1 cs=1]
              RenderText {#text} at (2,1) size 57x17
                text run at (2,1) width 57: "TBODY"
            RenderTableCell {td} at (61,0) size 60x19 [r=0 c=1 rs=1 cs=1]
              RenderText {#text} at (1,1) size 57x17
                text run at (1,1) width 57: "TBODY"
            RenderTableCell {td} at (121,0) size 60x19 [r=0 c=2 rs=1 cs=1]
              RenderText {#text} at (1,1) size 57x17
                text run at (1,1) width 57: "TBODY"
          RenderTableRow {tr} at (0,19) size 181x19
            RenderTableCell {td} at (0,19) size 61x19 [border: none] [r=1 c=0 rs=1 cs=1]
              RenderText {#text} at (2,1) size 57x17
                text run at (2,1) width 57: "TBODY"
            RenderTableCell {td} at (61,19) size 60x19 [r=1 c=1 rs=1 cs=1]
              RenderText {#text} at (1,1) size 57x17
                text run at (1,1) width 57: "TBODY"
            RenderTableCell {td} at (121,19) size 60x19 [r=1 c=2 rs=1 cs=1]
              RenderText {#text} at (1,1) size 57x17
                text run at (1,1) width 57: "TBODY"
