layer at (0,0) size 800x600
  RenderView at (0,0) size 800x600
layer at (0,0) size 800x270
  RenderBlock {html} at (0,0) size 800x270
    RenderBody {body} at (8,16) size 784x246
      RenderBlock {p} at (0,0) size 784x17
        RenderText {#text} at (0,0) size 167x17
          text run at (0,0) width 167: "TD VALIGN=BOTTOM"
      RenderTable {table} at (0,33) size 784x213 [border: (1px outset #808080)]
        RenderTableSection (anonymous) at (1,1) size 782x211
          RenderTableRow {tr} at (0,2) size 782x207
            RenderTableCell {td} at (2,2) size 204x207 [border: (1px inset #808080)] [r=0 c=0 rs=1 cs=1]
              RenderImage {img} at (2,2) size 200x200
            RenderTableCell {td} at (208,154) size 572x55 [border: (1px inset #808080)] [r=0 c=1 rs=1 cs=1]
              RenderText {#text} at (2,2) size 561x51
                text run at (2,2) width 274: "The bottom of this text should be vertically "
                text run at (276,2) width 287: "aligned to the bottom of the image. x-fill x-fill"
                text run at (2,19) width 68: "x-fill x-fill "
                text run at (70,19) width 306: "x-fill x-fill x-fill x-fill x-fill x-fill x-fill x-fill x-fill "
                text run at (376,19) width 183: "x-fill x-fill x-fill x-fill x-fill x-"
                text run at (2,36) width 123: "fill x-fill x-fill x-fill "
                text run at (125,36) width 200: "x-fill x-fill x-fill x-fill x-fill x-fill"
