layer at (0,0) size 800x600
  RenderView at (0,0) size 800x600
layer at (0,0) size 800x250
  RenderBlock {html} at (0,0) size 800x250
    RenderBody {body} at (8,16) size 784x226
      RenderBlock {p} at (0,0) size 784x17
        RenderText {#text} at (0,0) size 137x17
          text run at (0,0) width 137: "TEST: td align=\"left\""
      RenderBlock {p} at (0,33) size 784x34
        RenderInline {b} at (0,0) size 76x17
          RenderText {#text} at (0,0) size 76x17
            text run at (0,0) width 76: "Example 1."
        RenderBR {br} at (76,0) size 0x17
        RenderText {#text} at (0,17) size 122x17
          text run at (0,17) width 122: "Table width=100%"
      RenderTable {table} at (0,83) size 784x27 [border: (1px outset #808080)]
        RenderTableSection (anonymous) at (1,1) size 782x25
          RenderTableRow {tr} at (0,2) size 782x21
            RenderTableCell {td} at (2,2) size 778x21 [border: (1px inset #808080)] [r=0 c=0 rs=1 cs=1]
              RenderText {#text} at (2,2) size 192x17
                text run at (2,2) width 192: "Cell text should be left aligned"
      RenderBlock {p} at (0,126) size 784x34
        RenderInline {b} at (0,0) size 76x17
          RenderText {#text} at (0,0) size 76x17
            text run at (0,0) width 76: "Example 2."
        RenderBR {br} at (76,0) size 0x17
        RenderText {#text} at (0,17) size 424x17
          text run at (0,17) width 399: "No specific table width; text in second row exceeds text in first "
          text run at (399,17) width 25: "row"
      RenderTable {table} at (0,176) size 566x50 [border: (1px outset #808080)]
        RenderTableSection (anonymous) at (1,1) size 564x48
          RenderTableRow {tr} at (0,2) size 564x21
            RenderTableCell {td} at (2,2) size 560x21 [border: (1px inset #808080)] [r=0 c=0 rs=1 cs=1]
              RenderText {#text} at (2,2) size 192x17
                text run at (2,2) width 192: "Cell text should be left aligned"
          RenderTableRow {tr} at (0,25) size 564x21
            RenderTableCell {td} at (2,25) size 560x21 [border: (1px inset #808080)] [r=1 c=0 rs=1 cs=1]
              RenderText {#text} at (2,2) size 556x17
                text run at (2,2) width 448: "xxx xxx xxx xxx xxx xxx xxx xxx xxx xxx xxx xxx xxx xxx xxx xxx "
                text run at (450,2) width 108: "xxx xxx xxx xxx"
