layer at (0,0) size 800x600
  RenderView at (0,0) size 800x600
layer at (0,0) size 800x270
  RenderBlock {html} at (0,0) size 800x270
    RenderBody {body} at (8,8) size 784x254
      RenderTable {table} at (0,0) size 110x61 [border: (1px outset #808080)]
        RenderTableSection (anonymous) at (1,1) size 108x59
          RenderTableRow {tr} at (0,2) size 108x55
            RenderTableCell {td} at (2,2) size 104x55 [border: (1px inset #808080)] [r=0 c=0 rs=1 cs=1]
              RenderText {#text} at (2,2) size 94x51
                text run at (2,2) width 82: "The width of"
                text run at (2,19) width 94: "this cell should"
                text run at (2,36) width 84: "be 100 pixels"
      RenderBlock (anonymous) at (0,61) size 784x17
        RenderBR {br} at (0,0) size 0x17
      RenderTable {table} at (0,78) size 210x44 [border: (1px outset #808080)]
        RenderTableSection (anonymous) at (1,1) size 208x42
          RenderTableRow {tr} at (0,2) size 208x38
            RenderTableCell {td} at (2,2) size 204x38 [border: (1px inset #808080)] [r=0 c=0 rs=1 cs=1]
              RenderText {#text} at (2,2) size 199x34
                text run at (2,2) width 199: "The width of this cell should be"
                text run at (2,19) width 65: "200 pixels"
      RenderBlock (anonymous) at (0,122) size 784x17
        RenderBR {br} at (0,0) size 0x17
      RenderTable {table} at (0,139) size 310x27 [border: (1px outset #808080)]
        RenderTableSection (anonymous) at (1,1) size 308x25
          RenderTableRow {tr} at (0,2) size 308x21
            RenderTableCell {td} at (2,2) size 304x21 [border: (1px inset #808080)] [r=0 c=0 rs=1 cs=1]
              RenderText {#text} at (2,2) size 268x17
                text run at (2,2) width 268: "The width of this cell should be 300 pixels"
      RenderBlock (anonymous) at (0,166) size 784x17
        RenderBR {br} at (0,0) size 0x17
      RenderTable {table} at (0,183) size 410x27 [border: (1px outset #808080)]
        RenderTableSection (anonymous) at (1,1) size 408x25
          RenderTableRow {tr} at (0,2) size 408x21
            RenderTableCell {td} at (2,2) size 404x21 [border: (1px inset #808080)] [r=0 c=0 rs=1 cs=1]
              RenderText {#text} at (2,2) size 268x17
                text run at (2,2) width 268: "The width of this cell should be 400 pixels"
      RenderBlock (anonymous) at (0,210) size 784x17
        RenderBR {br} at (0,0) size 0x17
      RenderTable {table} at (0,227) size 510x27 [border: (1px outset #808080)]
        RenderTableSection (anonymous) at (1,1) size 508x25
          RenderTableRow {tr} at (0,2) size 508x21
            RenderTableCell {td} at (2,2) size 504x21 [border: (1px inset #808080)] [r=0 c=0 rs=1 cs=1]
              RenderText {#text} at (2,2) size 268x17
                text run at (2,2) width 268: "The width of this cell should be 500 pixels"
