layer at (0,0) size 800x600
  RenderView at (0,0) size 800x600
layer at (0,0) size 800x341
  RenderBlock {HTML} at (0,0) size 800x341
    RenderBody {BODY} at (8,8) size 784x325
      RenderBlock (anonymous) at (0,0) size 784x245
        RenderText {#text} at (0,0) size 0x0
      RenderBlock {DIV} at (0,245) size 784x80
        RenderText {#text} at (0,0) size 272x19
          text run at (0,0) width 272: "Rendering horizontal line-positioned cues."
        RenderBR {BR} at (271,0) size 1x19
        RenderText {#text} at (0,20) size 163x19
          text run at (0,20) width 163: "EVENT(canplaythrough)"
        RenderBR {BR} at (162,20) size 1x19
        RenderText {#text} at (0,40) size 107x19
          text run at (0,40) width 107: "EVENT(seeked)"
        RenderBR {BR} at (106,40) size 1x19
        RenderText {#text} at (0,60) size 100x19
          text run at (0,60) width 100: "END OF TEST"
        RenderBR {BR} at (99,60) size 1x19
layer at (8,8) size 320x240
  RenderVideo {VIDEO} at (0,0) size 320x240
layer at (8,8) size 320x240 scrollHeight 290
  RenderFlexibleBox {DIV} at (0,0) size 320x240
layer at (8,8) size 320x240
  RenderBlock (relative positioned) {DIV} at (0,0) size 320x240 [color=#FFFFFF]
layer at (8,8) size 320x15
  RenderBlock (positioned) {DIV} at (0,0) size 320x15
    RenderBlock {DIV} at (24,0) size 272x15
      RenderInline {SPAN} at (0,0) size 271x15 [bgcolor=#000000CC]
        RenderText {#text} at (0,0) size 271x15
          text run at (0,0) width 271: "Cue 1: should be positioned at the top of the video."
layer at (8,23) size 320x15
  RenderBlock (positioned) {DIV} at (0,15) size 320x15
    RenderBlock {DIV} at (11,0) size 298x15
      RenderInline {SPAN} at (0,0) size 298x15 [bgcolor=#000000CC]
        RenderText {#text} at (0,0) size 298x15
          text run at (0,0) width 298: "Cue 2: should be the second cue and not overlap cue 1."
layer at (8,38) size 320x15
  RenderBlock (positioned) {DIV} at (0,30) size 320x15
    RenderBlock {DIV} at (13,0) size 294x15
      RenderInline {SPAN} at (0,0) size 293x15 [bgcolor=#000000CC]
        RenderText {#text} at (0,0) size 293x15
          text run at (0,0) width 293: "Cue 3: should become the third line from top to bottom."
layer at (8,83) size 320x15
  RenderBlock (positioned) {DIV} at (0,75) size 320x15
    RenderBlock {DIV} at (19,0) size 282x15
      RenderInline {SPAN} at (0,0) size 281x15 [bgcolor=#000000CC]
        RenderText {#text} at (0,0) size 281x15
          text run at (0,0) width 281: "Cue 4: should be fixed positioned around the middle."
layer at (8,233) size 320x15
  RenderBlock (positioned) {DIV} at (0,225) size 320x15
    RenderBlock {DIV} at (16,0) size 288x15
      RenderInline {SPAN} at (0,0) size 287x15 [bgcolor=#000000CC]
        RenderText {#text} at (0,0) size 287x15
          text run at (0,0) width 287: "Cue 5: should be displayed at the bottom of the video."
layer at (8,218) size 320x15
  RenderBlock (positioned) {DIV} at (0,210) size 320x15
    RenderBlock {DIV} at (22,0) size 276x15
      RenderInline {SPAN} at (0,0) size 275x15 [bgcolor=#000000CC]
        RenderText {#text} at (0,0) size 275x15
          text run at (0,0) width 275: "Cue 6: should be on top of bottom positioned cue 5."
