layer at (0,0) size 800x600
  RenderView at (0,0) size 800x600
layer at (0,0) size 800x341
  RenderBlock {HTML} at (0,0) size 800x341
    RenderBody {BODY} at (8,8) size 784x325
      RenderBlock (anonymous) at (0,0) size 784x245
        RenderText {#text} at (0,0) size 0x0
      RenderBlock {DIV} at (0,245) size 784x80
        RenderText {#text} at (0,0) size 377x19
          text run at (0,0) width 377: "Rendering vertical line-positioned cues with Japanese text."
        RenderBR {BR} at (376,0) size 1x19
        RenderText {#text} at (0,20) size 163x19
          text run at (0,20) width 163: "EVENT(canplaythrough)"
        RenderBR {BR} at (162,20) size 1x19
        RenderText {#text} at (0,40) size 107x19
          text run at (0,40) width 107: "EVENT(seeked)"
        RenderBR {BR} at (106,40) size 1x19
        RenderText {#text} at (0,60) size 100x19
          text run at (0,60) width 100: "END OF TEST"
        RenderBR {BR} at (99,60) size 1x19
layer at (8,8) size 320x240
  RenderVideo {VIDEO} at (0,0) size 320x240
layer at (8,8) size 320x240 scrollHeight 290
  RenderFlexibleBox {DIV} at (0,0) size 320x240
layer at (8,8) size 320x240
  RenderBlock (relative positioned) {DIV} at (0,0) size 320x240 [color=#FFFFFF]
layer at (305,8) size 19x240
  RenderBlock (positioned) {DIV} at (297,0) size 19x240
    RenderBlock {DIV} at (4,64) size 15x112
      RenderInline {SPAN} at (0,0) size 15x111 [bgcolor=#000000CC]
        RenderText {#text} at (0,0) size 15x111
          text run at (0,0) width 111: "Cue 1: \x{79C1}\x{306F}\x{7ACB}\x{6D3E}\x{306A}\x{4EBA}"
layer at (275,8) size 19x240
  RenderBlock (positioned) {DIV} at (267,0) size 19x240
    RenderBlock {DIV} at (4,64) size 15x112
      RenderInline {SPAN} at (0,0) size 15x111 [bgcolor=#000000CC]
        RenderText {#text} at (0,0) size 15x111
          text run at (0,0) width 111: "Cue 2: \x{79C1}\x{306F}\x{7ACB}\x{6D3E}\x{306A}\x{4EBA}"
layer at (250,8) size 19x240
  RenderBlock (positioned) {DIV} at (242,0) size 19x240
    RenderBlock {DIV} at (4,64) size 15x112
      RenderInline {SPAN} at (0,0) size 15x111 [bgcolor=#000000CC]
        RenderText {#text} at (0,0) size 15x111
          text run at (0,0) width 111: "Cue 3: \x{79C1}\x{306F}\x{7ACB}\x{6D3E}\x{306A}\x{4EBA}"
layer at (220,8) size 19x240
  RenderBlock (positioned) {DIV} at (212,0) size 19x240
    RenderBlock {DIV} at (4,64) size 15x112
      RenderInline {SPAN} at (0,0) size 15x111 [bgcolor=#000000CC]
        RenderText {#text} at (0,0) size 15x111
          text run at (0,0) width 111: "Cue 4: \x{79C1}\x{306F}\x{7ACB}\x{6D3E}\x{306A}\x{4EBA}"
layer at (13,8) size 19x240
  RenderBlock (positioned) {DIV} at (5,0) size 19x240
    RenderBlock {DIV} at (0,64) size 15x112
      RenderInline {SPAN} at (0,0) size 15x111 [bgcolor=#000000CC]
        RenderText {#text} at (0,0) size 15x111
          text run at (0,0) width 111: "Cue 5: \x{79C1}\x{306F}\x{7ACB}\x{6D3E}\x{306A}\x{4EBA}"
layer at (43,8) size 19x240
  RenderBlock (positioned) {DIV} at (35,0) size 19x240
    RenderBlock {DIV} at (0,64) size 15x112
      RenderInline {SPAN} at (0,0) size 15x111 [bgcolor=#000000CC]
        RenderText {#text} at (0,0) size 15x111
          text run at (0,0) width 111: "Cue 6: \x{79C1}\x{306F}\x{7ACB}\x{6D3E}\x{306A}\x{4EBA}"
