layer at (0,0) size 800x600
  RenderView at (0,0) size 800x600
layer at (0,0) size 800x356
  RenderBlock {HTML} at (0,0) size 800x356
    RenderBody {BODY} at (8,16) size 784x332
      RenderBlock {P} at (0,0) size 784x18
        RenderText {#text} at (0,0) size 548x18
          text run at (0,0) width 548: "This tests if media controls play button is properly updated accroding to mouse clicks"
      RenderBlock (anonymous) at (0,34) size 784x244
        RenderText {#text} at (0,0) size 0x0
        RenderText {#text} at (0,0) size 0x0
        RenderText {#text} at (0,0) size 0x0
        RenderText {#text} at (0,0) size 0x0
      RenderBlock {DIV} at (0,278) size 784x54
        RenderText {#text} at (0,0) size 163x18
          text run at (0,0) width 163: "EVENT(canplaythrough)"
        RenderBR {BR} at (162,0) size 1x18
        RenderText {#text} at (0,18) size 112x18
          text run at (0,18) width 112: "EVENT(playing)"
        RenderBR {BR} at (111,18) size 1x18
        RenderText {#text} at (0,36) size 100x18
          text run at (0,36) width 100: "EVENT(pause)"
        RenderBR {BR} at (99,36) size 1x18
layer at (8,50) size 320x240 isolatesBlending
  RenderVideo {VIDEO} at (0,0) size 320x240
layer at (8,50) size 320x240
  RenderFlexibleBox {DIV} at (0,0) size 320x240
layer at (8,245) size 320x45
  RenderFlexibleBox {DIV} at (0,195) size 320x45
layer at (8,245) size 320x45 isolatesBlending
  RenderBlock (positioned) {DIV} at (0,0) size 320x45
layer at (8,245) size 320x45
  RenderBlock (positioned) {DIV} at (0,0) size 320x45 [bgcolor=#1E1E1E73]
layer at (8,245) size 320x45 blendMode: lighten
  RenderBlock (positioned) {DIV} at (0,0) size 320x45 [bgcolor=#292929]
layer at (16,270) size 12x15 blendMode: plus-lighter
  RenderButton {BUTTON} at (8,25) size 12x15 [color=#FFFFFF]
layer at (44,270) size 16x15 blendMode: plus-lighter
  RenderButton {BUTTON} at (36,24) size 16x16 [color=#FFFFFF]
layer at (68,269) size 234x17
  RenderFlexibleBox {DIV} at (60,24) size 234x17
layer at (76,271) size 32x13 blendMode: plus-lighter
  RenderFlexibleBox {DIV} at (8,2) size 32x13 [color=#FFFFFF]
    RenderBlock (anonymous) at (0,0) size 32x13
      RenderText {#text} at (0,0) size 32x13
        text run at (0,0) width 32: "00:00"
layer at (118,269) size 129x17
  RenderFlexibleBox {DIV} at (50,0) size 129x17
layer at (118,269) size 129x17 blendMode: plus-lighter
  RenderSlider {INPUT} at (0,0) size 129x17 [color=#909090]
    RenderFlexibleBox {DIV} at (0,0) size 129x17
      RenderBlock {DIV} at (0,1) size 129x15
        RenderBlock {DIV} at (0,0) size 3x15
layer at (257,271) size 37x13 scrollWidth 38 blendMode: plus-lighter
  RenderFlexibleBox {DIV} at (189,2) size 37x13 [color=#FFFFFF]
    RenderBlock (anonymous) at (0,0) size 38x13
      RenderText {#text} at (0,0) size 38x13
        text run at (0,0) width 38: "-00:06"
layer at (310,265) size 14x25
  RenderFlexibleBox {DIV} at (302,20) size 14x25
layer at (310,270) size 14x15 blendMode: plus-lighter
  RenderButton {BUTTON} at (0,5) size 14x15 [color=#FFFFFF]
layer at (340,270) size 14x15 blendMode: plus-lighter
  RenderButton {BUTTON} at (332,25) size 14x15 [color=#FFFFFF]
