layer at (0,0) size 800x600
  RenderView at (0,0) size 800x600
layer at (0,0) size 800x600
  RenderBlock {HTML} at (0,0) size 800x600
    RenderBody {BODY} at (8,8) size 784x584
      RenderBlock {P} at (0,0) size 784x40
        RenderText {#text} at (0,0) size 592x19
          text run at (0,0) width 592: "This tests that bidirectional text is correctly rendered when using ATSUI in list box controls."
        RenderBR {BR} at (591,15) size 1x0
        RenderText {#text} at (0,20) size 578x19
          text run at (0,20) width 578: "The order of the text below each list box should match the order of the select's option text."
      RenderBlock (anonymous) at (0,56) size 784x44
        RenderText {#text} at (0,0) size 102x19
          text run at (0,0) width 102: "1) direction: rtl;"
        RenderBR {BR} at (101,15) size 1x0
        RenderMenuList {SELECT} at (2,22) size 86x20 [bgcolor=#FFFFFF02] [border: (1px solid #4C4C4C)]
          RenderBlock (anonymous) at (6,3) size 74x14
            RenderText at (74,0) size 0x14
              text run at (74,0) width 0 RTL: " "
        RenderBR {BR} at (90,36) size 0x0
      RenderBlock {DIV} at (0,100) size 100x20
        RenderText {#text} at (31,0) size 69x19
          text run at (31,0) width 47 RTL: "\x{5D0}\x{5E4}\x{5E8}\x{5E1}\x{5DE}\x{5D5}\x{5DF}"
          text run at (77,0) width 23: "a\x{300}bc"
      RenderBlock (anonymous) at (0,120) size 784x64
        RenderBR {BR} at (0,0) size 0x19
        RenderText {#text} at (0,20) size 102x19
          text run at (0,20) width 102: "2) direction: ltr;"
        RenderBR {BR} at (101,35) size 1x0
        RenderMenuList {SELECT} at (2,42) size 86x20 [bgcolor=#FFFFFF02] [border: (1px solid #4C4C4C)]
          RenderBlock (anonymous) at (6,3) size 74x14
            RenderText at (0,0) size 0x14
              text run at (0,0) width 0: " "
        RenderBR {BR} at (90,56) size 0x0
      RenderBlock {DIV} at (0,184) size 100x20
        RenderText {#text} at (0,0) size 69x19
          text run at (0,0) width 23: "a\x{300}bc"
          text run at (22,0) width 47 RTL: "\x{5D0}\x{5E4}\x{5E8}\x{5E1}\x{5DE}\x{5D5}\x{5DF}"
      RenderBlock (anonymous) at (0,204) size 784x64
        RenderBR {BR} at (0,0) size 0x19
        RenderText {#text} at (0,20) size 72x19
          text run at (0,20) width 72: "3) No style"
        RenderBR {BR} at (71,35) size 1x0
        RenderMenuList {SELECT} at (2,42) size 86x20 [bgcolor=#FFFFFF02] [border: (1px solid #4C4C4C)]
          RenderBlock (anonymous) at (6,3) size 74x14
            RenderText at (0,0) size 0x14
              text run at (0,0) width 0: " "
        RenderBR {BR} at (90,56) size 0x0
      RenderBlock {DIV} at (0,268) size 100x20
        RenderText {#text} at (0,0) size 69x19
          text run at (0,0) width 23: "a\x{300}bc"
          text run at (22,0) width 47 RTL: "\x{5D0}\x{5E4}\x{5E8}\x{5E1}\x{5DE}\x{5D5}\x{5DF}"
      RenderBlock (anonymous) at (0,288) size 784x20
        RenderBR {BR} at (0,0) size 0x19
