layer at (0,0) size 785x969
  RenderView at (0,0) size 785x600
layer at (0,0) size 785x969
  RenderBlock {HTML} at (0,0) size 785x969
    RenderBody {BODY} at (8,8) size 769x953 [bgcolor=#CCCCCC]
      RenderBlock {P} at (0,0) size 769x20
        RenderText {#text} at (0,0) size 337x19
          text run at (0,0) width 337: "The style declarations which apply to the text below are:"
      RenderBlock {PRE} at (0,36) size 769x176
        RenderText {#text} at (0,0) size 232x176
          text run at (0,0) width 216: ".one {word-spacing: 0.3in;}"
          text run at (0,16) width 216: ".two {word-spacing: 0.5cm;}"
          text run at (0,32) width 216: ".three {word-spacing: 5mm;}"
          text run at (0,48) width 208: ".four {word-spacing: 3pt;}"
          text run at (0,64) width 232: ".five {word-spacing: 0.25pc;}"
          text run at (0,80) width 200: ".six {word-spacing: 1em;}"
          text run at (0,96) width 216: ".seven {word-spacing: 1ex;}"
          text run at (0,112) width 216: ".eight {word-spacing: 5px;}"
          text run at (0,128) width 232: ".nine {word-spacing: normal;}"
          text run at (0,144) width 224: ".ten {word-spacing: -0.2em;}"
          text run at (0,160) width 0: " "
      RenderBlock {HR} at (0,225) size 769x2 [border: (1px inset #000000)]
      RenderBlock {P} at (0,243) size 769x20
        RenderText {#text} at (0,0) size 689x19
          text run at (0,0) width 689: "This words in this sentence should have extra space between them."
      RenderBlock {P} at (0,279) size 769x20
        RenderText {#text} at (0,0) size 590x19
          text run at (0,0) width 590: "This words in this sentence should have extra space between them."
      RenderBlock {P} at (0,315) size 769x20
        RenderText {#text} at (0,0) size 590x19
          text run at (0,0) width 590: "This words in this sentence should have extra space between them."
      RenderBlock {P} at (0,351) size 769x20
        RenderText {#text} at (0,0) size 441x19
          text run at (0,0) width 441: "This words in this sentence should have extra space between them."
      RenderBlock {P} at (0,387) size 769x20
        RenderText {#text} at (0,0) size 441x19
          text run at (0,0) width 441: "This words in this sentence should have extra space between them."
      RenderBlock {P} at (0,423) size 769x20
        RenderText {#text} at (0,0) size 561x19
          text run at (0,0) width 561: "This words in this sentence should have extra space between them."
      RenderBlock {P} at (0,459) size 769x20
        RenderText {#text} at (0,0) size 471x19
          text run at (0,0) width 471: "This words in this sentence should have extra space between them."
      RenderBlock {P} at (0,495) size 769x40
        RenderText {#text} at (0,0) size 729x19
          text run at (0,0) width 729: "This words in this sentence should have extra space between them, but the last few words in the sentence "
        RenderInline {SPAN} at (0,0) size 768x39
          RenderText {#text} at (729,0) size 768x39
            text run at (729,0) width 39: "should"
            text run at (0,20) width 122: "have normal spacing"
        RenderText {#text} at (122,20) size 4x19
          text run at (122,20) width 4: "."
      RenderBlock {P} at (0,551) size 769x20
        RenderText {#text} at (0,0) size 668x19
          text run at (0,0) width 668: "This words in this sentence should have reduced space between them, since negative values are allowed on this property."
      RenderTable {TABLE} at (0,587) size 769x366 [border: (1px outset #808080)]
        RenderTableSection {TBODY} at (1,1) size 767x364
          RenderTableRow {TR} at (0,0) size 767x28
            RenderTableCell {TD} at (0,0) size 767x28 [bgcolor=#C0C0C0] [border: (1px inset #808080)] [r=0 c=0 rs=1 cs=2]
              RenderInline {STRONG} at (0,0) size 159x19
                RenderText {#text} at (4,4) size 159x19
                  text run at (4,4) width 159: "TABLE Testing Section"
          RenderTableRow {TR} at (0,28) size 767x336
            RenderTableCell {TD} at (0,182) size 12x28 [bgcolor=#C0C0C0] [border: (1px inset #808080)] [r=1 c=0 rs=1 cs=1]
              RenderText {#text} at (4,4) size 4x19
                text run at (4,4) width 4: " "
            RenderTableCell {TD} at (12,28) size 755x336 [border: (1px inset #808080)] [r=1 c=1 rs=1 cs=1]
              RenderBlock {P} at (4,4) size 747x20
                RenderText {#text} at (0,0) size 689x19
                  text run at (0,0) width 689: "This words in this sentence should have extra space between them."
              RenderBlock {P} at (4,40) size 747x20
                RenderText {#text} at (0,0) size 590x19
                  text run at (0,0) width 590: "This words in this sentence should have extra space between them."
              RenderBlock {P} at (4,76) size 747x20
                RenderText {#text} at (0,0) size 590x19
                  text run at (0,0) width 590: "This words in this sentence should have extra space between them."
              RenderBlock {P} at (4,112) size 747x20
                RenderText {#text} at (0,0) size 441x19
                  text run at (0,0) width 441: "This words in this sentence should have extra space between them."
              RenderBlock {P} at (4,148) size 747x20
                RenderText {#text} at (0,0) size 441x19
                  text run at (0,0) width 441: "This words in this sentence should have extra space between them."
              RenderBlock {P} at (4,184) size 747x20
                RenderText {#text} at (0,0) size 561x19
                  text run at (0,0) width 561: "This words in this sentence should have extra space between them."
              RenderBlock {P} at (4,220) size 747x20
                RenderText {#text} at (0,0) size 471x19
                  text run at (0,0) width 471: "This words in this sentence should have extra space between them."
              RenderBlock {P} at (4,256) size 747x40
                RenderText {#text} at (0,0) size 720x19
                  text run at (0,0) width 720: "This words in this sentence should have extra space between them, but the last few words in the sentence"
                RenderInline {SPAN} at (0,0) size 165x19
                  RenderText {#text} at (0,20) size 165x19
                    text run at (0,20) width 165: "should have normal spacing"
                RenderText {#text} at (165,20) size 4x19
                  text run at (165,20) width 4: "."
              RenderBlock {P} at (4,312) size 747x20
                RenderText {#text} at (0,0) size 668x19
                  text run at (0,0) width 668: "This words in this sentence should have reduced space between them, since negative values are allowed on this property."
