layer at (0,0) size 800x600
  RenderView at (0,0) size 800x600
layer at (0,0) size 800x600
  RenderBlock {HTML} at (0,0) size 800x600
    RenderBody {BODY} at (8,8) size 784x584
      RenderBlock {P} at (0,0) size 784x40
        RenderInline {A} at (0,0) size 291x19 [color=#0000EE]
          RenderText {#text} at (0,0) size 291x19
            text run at (0,0) width 291: "https://bugs.webkit.org/show_bug.cgi?id=25066"
        RenderBR {BR} at (291,15) size 0x0
        RenderText {#text} at (0,20) size 396x19
          text run at (0,20) width 396: "controls should not be misplaced when video gets a RenderLayer."
      RenderBlock (anonymous) at (0,56) size 784x252
        RenderText {#text} at (0,0) size 0x0
        RenderText {#text} at (0,0) size 0x0
layer at (58,114) size 302x152
  RenderVideo {VIDEO} at (50,50) size 302x152 [border: (1px solid #000000)]
layer at (59,115) size 300x150
  RenderFlexibleBox {DIV} at (1,1) size 300x150
layer at (59,220) size 300x45
  RenderFlexibleBox {DIV} at (0,105) size 300x45
layer at (59,220) size 300x45
  RenderBlock (positioned) {DIV} at (0,0) size 300x45
layer at (59,220) size 300x45
  RenderBlock (positioned) {DIV} at (0,0) size 300x45 [bgcolor=#1E1E1E73]
layer at (59,220) size 300x45
  RenderBlock (positioned) {DIV} at (0,0) size 300x45 [bgcolor=#292929]
layer at (67,245) size 12x15
  RenderButton {BUTTON} at (8,25) size 12x15 [color=#FFFFFF]
layer at (95,245) size 16x15
  RenderButton {BUTTON} at (36,24) size 16x16 [color=#FFFFFF]
layer at (220,244) size 77x17
  RenderFlexibleBox {DIV} at (161,24) size 77x17
layer at (222,244) size 73x17
  RenderFlexibleBox {DIV} at (2,0) size 73x17
layer at (305,240) size 14x25
  RenderFlexibleBox {DIV} at (246,20) size 14x25
layer at (305,245) size 14x15
  RenderButton {BUTTON} at (0,5) size 14x15 [color=#FFFFFF]
layer at (335,245) size 16x15
  RenderButton {BUTTON} at (276,25) size 16x15 [color=#FFFFFF]
