layer at (0,0) size 785x1432
  RenderView at (0,0) size 785x600
layer at (0,0) size 785x1432
  RenderBlock {HTML} at (0,0) size 785x1432
    RenderBody {BODY} at (8,8) size 769x1416
      RenderBlock {DIV} at (0,0) size 769x200
        RenderBlock (floating) {DIV} at (569,0) size 200x200 [bgcolor=#FF0000]
        RenderTable {TABLE} at (0,0) size 569x44 [border: (2px solid #008000)]
          RenderTableSection {TBODY} at (2,2) size 565x40
            RenderTableRow {TR} at (0,2) size 565x36
              RenderTableCell {TD} at (2,2) size 561x36 [r=0 c=0 rs=1 cs=1]
                RenderText {#text} at (8,1) size 552x34
                  text run at (8,1) width 552: "This is a table. It should sit on the same line as the float and wrap as needed to fit within"
                  text run at (403,18) width 4 RTL: "."
                  text run at (407,18) width 153: "the remaining line width"
      RenderBlock {DIV} at (0,200) size 769x200
        RenderBlock (floating) {DIV} at (569,0) size 200x200 [bgcolor=#FF0000]
      RenderBlock {DIV} at (0,408) size 769x200
        RenderBlock (floating) {DIV} at (569,0) size 200x200 [bgcolor=#FF0000]
        RenderBlock {HR} at (0,0) size 569x2 [border: (1px inset #000000)]
      RenderBlock {DIV} at (0,608) size 769x200
        RenderBlock (floating) {DIV} at (569,0) size 200x200 [bgcolor=#FF0000]
        RenderTable {TABLE} at (184,0) size 385x44 [border: (2px solid #008000)]
          RenderTableSection {TBODY} at (2,2) size 381x40
            RenderTableRow {TR} at (0,2) size 381x36
              RenderTableCell {TD} at (2,2) size 377x36 [r=0 c=0 rs=1 cs=1]
                RenderText {#text} at (2,1) size 374x34
                  text run at (2,1) width 374: "This is a table. It should sit on the same line as the float and"
                  text run at (39,18) width 5 RTL: "."
                  text run at (43,18) width 333: "wrap as needed to fit within the remaining line width"
      RenderBlock {DIV} at (0,808) size 769x200
        RenderBlock (floating) {DIV} at (569,0) size 200x200 [bgcolor=#FF0000]
      RenderBlock {DIV} at (0,1016) size 769x200
        RenderBlock (floating) {DIV} at (569,0) size 200x200 [bgcolor=#FF0000]
        RenderBlock {HR} at (182,0) size 387x2 [border: (1px inset #000000)]
      RenderBlock {DIV} at (0,1216) size 769x200
        RenderBlock (floating) {DIV} at (569,0) size 200x200 [bgcolor=#FF0000]
        RenderImage {IMG} at (184,0) size 385x50 [bgcolor=#008000]
layer at (8,208) size 569x53 clip at (25,210) size 550x34
  RenderBlock {DIV} at (0,0) size 569x53 [border: (2px solid #0000FF)]
    RenderText {#text} at (24,2) size 543x34
      text run at (24,2) width 543: "This is an overflow:scroll region. It should sit on the same line as the float and wrap as"
      text run at (284,19) width 4 RTL: "."
      text run at (288,19) width 279: "needed to fit within the remaining line width"
layer at (189,816) size 388x70 clip at (206,818) size 369x51
  RenderBlock {DIV} at (180,0) size 389x70 [border: (2px solid #0000FF)]
    RenderText {#text} at (22,2) size 365x51
      text run at (22,2) width 365: "This is an overflow:scroll region. It should sit on the same"
      text run at (62,19) width 325: "line as the float and wrap as needed to fit within the"
      text run at (252,36) width 5 RTL: "."
      text run at (256,36) width 131: "remaining line width"
