layer at (0,0) size 800x600
  RenderView at (0,0) size 800x600
layer at (0,0) size 800x600
  RenderBlock {HTML} at (0,0) size 800x600
    RenderBody {BODY} at (8,8) size 784x584
      RenderBlock {P} at (0,0) size 784x17
        RenderText {#text} at (0,0) size 253x17
          text run at (0,0) width 253: "Text should not overlap the blue square."
      RenderBlock {DIV} at (0,33) size 406x180 [border: (3px solid #800000)]
        RenderText {#text} at (5,5) size 399x68
          text run at (5,5) width 359: "Fusce at ante. In hac habitasse platea dictumst. Maecenas"
          text run at (364,5) width 4: " "
          text run at (5,22) width 381: "iaculis nonummy magna. Vivamus a tortor vitae enim ornare"
          text run at (386,22) width 4: " "
          text run at (5,39) width 345: "consectetuer. Lorem ipsum dolor sit amet, consectetuer"
          text run at (350,39) width 4: " "
          text run at (5,56) width 399: "adipiscing elit. Etiam et ipsum. Nam consectetuer mi eget velit. "
        RenderBlock (floating) {DIV} at (337,73) size 64x64 [bgcolor=#ADD8E6]
        RenderText {#text} at (404,56) size 399x119
          text run at (404,56) width 0: " "
          text run at (5,73) width 330: "Sed nec risus vitae felis auctor ultricies. Pellentesque"
          text run at (335,73) width 2: " "
          text run at (5,90) width 280: "aliquet quam ac lorem. Duis interdum, elit in"
          text run at (285,90) width 4: " "
          text run at (5,107) width 302: "ultricies auctor, erat pede sollicitudin libero, non"
          text run at (307,107) width 4: " "
          text run at (5,124) width 298: "ultrices odio elit in augue. Ut egestas bibendum"
          text run at (303,124) width 4: " "
          text run at (5,141) width 348: "lectus. Class aptent taciti sociosqu ad litora torquent per"
          text run at (353,141) width 4: " "
          text run at (5,158) width 255: "conubia nostra, per inceptos hymenaeos."
