layer at (0,0) size 800x600
  RenderView at (0,0) size 800x600
layer at (0,0) size 800x254
  RenderBlock {HTML} at (0,0) size 800x254
    RenderBody {BODY} at (8,8) size 784x238
      RenderBlock {DIV} at (0,0) size 202x119 [border: (1px solid #000000)]
        RenderBlock (floating) {DIV} at (1,1) size 100x50 [bgcolor=#008000]
        RenderBlock (floating) {DIV} at (201,1) size 0x30
        RenderBlock (floating) {DIV} at (181,31) size 20x50 [bgcolor=#008000]
        RenderBlock {DIV} at (1,1) size 200x117
          RenderBlock {DIV} at (30,50) size 101x30 [bgcolor=#00FFFF]
          RenderText {#text} at (131,66) size 4x17
            text run at (131,66) width 4: " "
          RenderText {#text} at (0,0) size 0x0
          RenderBlock (floating) {DIV} at (0,50) size 30x30 [bgcolor=#0000FF]
          RenderText {#text} at (135,66) size 194x51
            text run at (135,66) width 36: "Some"
            text run at (0,83) width 194: "text that should not overlap the"
            text run at (0,100) width 38: "floats."
      RenderBlock {DIV} at (0,119) size 202x119 [border: (1px solid #000000)]
        RenderBlock (floating) {DIV} at (101,1) size 100x50 [bgcolor=#008000]
        RenderBlock (floating) {DIV} at (1,1) size 0x30
        RenderBlock (floating) {DIV} at (1,31) size 20x50 [bgcolor=#008000]
        RenderBlock {DIV} at (1,1) size 200x117
          RenderBlock {DIV} at (20,50) size 101x30 [bgcolor=#00FFFF]
          RenderText {#text} at (121,66) size 4x17
            text run at (121,66) width 4: " "
          RenderText {#text} at (0,0) size 0x0
          RenderBlock (floating) {DIV} at (170,50) size 30x30 [bgcolor=#0000FF]
          RenderText {#text} at (125,66) size 194x51
            text run at (125,66) width 36: "Some"
            text run at (0,83) width 194: "text that should not overlap the"
            text run at (0,100) width 38: "floats."
