layer at (0,0) size 800x600
  RenderView at (0,0) size 800x600
layer at (0,0) size 800x86
  RenderBlock {HTML} at (0,0) size 800x86
    RenderBody {BODY} at (8,8) size 784x70
      RenderBlock {DIV} at (0,0) size 202x70 [border: (1px solid #000000)]
        RenderBlock (floating) {DIV} at (151,1) size 50x50 [bgcolor=#008000]
        RenderText {#text} at (15,1) size 194x68
          text run at (15,1) width 36: "Some"
          text run at (31,18) width 120: "text that should not"
          text run at (7,35) width 144: "overlap the edge of the"
          text run at (139,52) width 4 RTL: "."
          text run at (143,52) width 58: "container"
