layer at (0,0) size 800x600
  RenderView at (0,0) size 800x600
layer at (0,0) size 800x600
  RenderBlock {HTML} at (0,0) size 800x600
    RenderBody {BODY} at (8,8) size 784x584
      RenderBlock (floating) {P} at (252,16) size 532x17
        RenderText {#text} at (0,0) size 532x17
          text run at (0,0) width 532: "The 'hr' below should span the width of the page, not just to the left edge of this text."
      RenderBlock {HR} at (0,49) size 784x2 [border: (1px inset #000000)]
      RenderBlock (floating) {P} at (241,75) size 543x17
        RenderText {#text} at (0,0) size 543x17
          text run at (0,0) width 543: "The table below should span the width of the page, not just to the left edge of this text."
      RenderTable {TABLE} at (0,108) size 784x62 [border: (10px outset #808080)]
        RenderTableSection {TBODY} at (10,10) size 764x42
          RenderTableRow {TR} at (0,2) size 764x38
            RenderTableCell {TD} at (2,2) size 760x38 [border: (1px inset #808080)] [r=0 c=0 rs=1 cs=1]
              RenderText {#text} at (2,2) size 720x34
                text run at (2,2) width 365: "This is a table that should fill the entire width of the page. "
                text run at (367,2) width 355: "It should clear the float and then take up the width of the"
                text run at (2,19) width 203: "page. If it doesn't then it's a bug."
      RenderBlock (floating) {P} at (356,186) size 428x17
        RenderText {#text} at (0,0) size 428x17
          text run at (0,0) width 428: "The overflow auto section below should span the width of the page."
layer at (8,227) size 784x34
  RenderBlock {DIV} at (0,219) size 784x34
    RenderText {#text} at (0,0) size 774x34
      text run at (0,0) width 355: "This is a div that should fill the entire width of the page. "
      text run at (355,0) width 419: "It should clear the float and then take up the width of the page. If it"
      text run at (0,17) width 139: "doesn't then it's a bug."
