layer at (0,0) size 785x688
  RenderView at (0,0) size 785x600
layer at (0,0) size 785x477
  RenderBlock {HTML} at (0,0) size 785x477
    RenderBody {BODY} at (8,8) size 769x461
      RenderTable {TABLE} at (0,0) size 200x461 [border: (1px outset #808080)]
        RenderBlock {CAPTION} at (0,0) size 200x206 [border: (3px solid #FFA500)]
          RenderText {#text} at (78,3) size 44x36
            text run at (78,3) width 44: "cap"
        RenderTableSection {TBODY} at (1,207) size 198x113
          RenderTableRow {TR} at (0,30) size 198x53
            RenderTableCell {TD} at (30,47) size 54x19 [border: (1px inset #808080)] [r=0 c=0 rs=1 cs=1]
              RenderText {#text} at (1,1) size 21x17
                text run at (1,1) width 21: "foo"
            RenderTableCell {TD} at (114,30) size 54x53 [border: (1px inset #808080)] [r=0 c=1 rs=1 cs=1]
              RenderText {#text} at (1,1) size 20x17
                text run at (1,1) width 20: "bar"
              RenderBR {BR} at (21,1) size 0x17
              RenderText {#text} at (1,18) size 22x17
                text run at (1,18) width 22: "baz"
              RenderBR {BR} at (23,18) size 0x17
              RenderText {#text} at (1,35) size 22x17
                text run at (1,35) width 22: "zap"
        RenderTableSection {TBODY} at (1,320) size 198x140
          RenderTableRow {TR} at (0,0) size 198x110
            RenderTableCell {TD} at (30,0) size 54x110 [border: (1px inset #808080)] [r=0 c=0 rs=1 cs=1]
              RenderText {#text} at (1,1) size 44x108
                text run at (1,1) width 43: "foo"
                text run at (1,37) width 41: "bar"
                text run at (1,73) width 44: "baz"
            RenderTableCell {TD} at (114,56) size 54x54 [border: (1px inset #808080)] [r=0 c=1 rs=1 cs=1]
              RenderBlock {DIV} at (1,1) size 52x52 [border: (1px solid #008000)]
                RenderBlock {DIV} at (1,1) size 402x302 [border: (1px solid #FF0000)]
                  RenderText {#text} at (1,1) size 16x36
                    text run at (1,1) width 16: "d"
