layer at (0,0) size 785x725
  RenderView at (0,0) size 785x600
layer at (0,0) size 785x529
  RenderBlock {HTML} at (0,0) size 785x529
    RenderBody {BODY} at (8,8) size 769x513
      RenderTable {TABLE} at (0,0) size 229x513 [border: (1px outset #808080)]
        RenderBlock {CAPTION} at (0,0) size 229x206 [border: (3px solid #FFA500)]
          RenderText {#text} at (103,3) size 23x17
            text run at (103,3) width 23: "cap"
        RenderTableSection {TBODY} at (1,207) size 227x305
          RenderTableRow {TR} at (0,30) size 227x83
            RenderTableCell {TD} at (30,47) size 53x49 [border: (1px inset #808080)] [r=0 c=0 rs=1 cs=1]
              RenderText {#text} at (16,16) size 21x17
                text run at (16,16) width 21: "foo"
            RenderTableCell {TD} at (113,30) size 84x83 [border: (1px inset #808080)] [r=0 c=1 rs=1 cs=1]
              RenderText {#text} at (16,16) size 20x17
                text run at (16,16) width 20: "bar"
              RenderBR {BR} at (36,16) size 0x17
              RenderText {#text} at (16,33) size 22x17
                text run at (16,33) width 22: "baz"
              RenderBR {BR} at (38,33) size 0x17
              RenderText {#text} at (16,50) size 22x17
                text run at (16,50) width 22: "zap"
          RenderTableRow {TR} at (0,143) size 227x132
            RenderTableCell {TD} at (30,184) size 53x50 [border: (1px inset #808080)] [r=1 c=0 rs=1 cs=1]
              RenderText {#text} at (16,16) size 21x18
                text run at (16,17) width 21: "foo"
            RenderTableCell {TD} at (113,191) size 84x84 [border: (1px inset #808080)] [r=1 c=1 rs=1 cs=1]
              RenderBlock {DIV} at (16,16) size 52x52 [border: (1px solid #008000)]
                RenderBlock {DIV} at (1,1) size 402x302 [border: (1px solid #FF0000)]
                  RenderText {#text} at (1,1) size 8x17
                    text run at (1,1) width 8: "d"
