layer at (0,0) size 800x600
  RenderView at (0,0) size 800x600
layer at (0,0) size 800x138
  RenderBlock {html} at (0,0) size 800x138
    RenderBody {body} at (8,16) size 784x114
      RenderBlock {p} at (0,0) size 784x17
        RenderText {#text} at (0,0) size 471x17
          text run at (0,0) width 394: "There should be rules between all rows (and only rows) in the "
          text run at (394,0) width 77: "table below."
      RenderTable {table} at (0,33) size 182x81 [border: none]
        RenderTableCol {colgroup} at (0,0) size 0x0
          RenderTableCol {col} at (0,0) size 0x0
        RenderTableCol {colgroup} at (0,0) size 0x0
          RenderTableCol {col} at (0,0) size 0x0
        RenderTableCol {colgroup} at (0,0) size 0x0
          RenderTableCol {col} at (0,0) size 0x0
        RenderTableSection {thead} at (0,0) size 181x20
          RenderTableRow {tr} at (0,0) size 181x20
            RenderTableCell {th} at (0,0) size 61x20 [border: (1px solid #808080) none none (1px none #808080)] [r=0 c=0 rs=1 cs=1]
              RenderText {#text} at (2,2) size 58x17
                text run at (2,2) width 58: "THEAD"
            RenderTableCell {th} at (61,0) size 60x20 [border: (1px solid #808080) none none none] [r=0 c=1 rs=1 cs=1]
              RenderText {#text} at (1,2) size 58x17
                text run at (1,2) width 58: "THEAD"
            RenderTableCell {th} at (121,0) size 60x20 [border: (1px solid #808080) none none none] [r=0 c=2 rs=1 cs=1]
              RenderText {#text} at (1,2) size 58x17
                text run at (1,2) width 58: "THEAD"
        RenderTableSection {tfoot} at (0,60) size 181x20
          RenderTableRow {tr} at (0,0) size 181x20
            RenderTableCell {td} at (0,0) size 61x20 [border: (1px solid #808080) none none (1px none #808080)] [r=0 c=0 rs=1 cs=1]
              RenderText {#text} at (2,2) size 53x17
                text run at (2,2) width 53: "TFOOT"
            RenderTableCell {td} at (61,0) size 60x20 [border: (1px solid #808080) none none none] [r=0 c=1 rs=1 cs=1]
              RenderText {#text} at (1,2) size 53x17
                text run at (1,2) width 53: "TFOOT"
            RenderTableCell {td} at (121,0) size 60x20 [border: (1px solid #808080) none none none] [r=0 c=2 rs=1 cs=1]
              RenderText {#text} at (1,2) size 53x17
                text run at (1,2) width 53: "TFOOT"
        RenderTableSection {tbody} at (0,20) size 181x40
          RenderTableRow {tr} at (0,0) size 181x20
            RenderTableCell {td} at (0,0) size 61x20 [border: (1px solid #808080) none none (1px none #808080)] [r=0 c=0 rs=1 cs=1]
              RenderText {#text} at (2,2) size 57x17
                text run at (2,2) width 57: "TBODY"
            RenderTableCell {td} at (61,0) size 60x20 [border: (1px solid #808080) none none none] [r=0 c=1 rs=1 cs=1]
              RenderText {#text} at (1,2) size 57x17
                text run at (1,2) width 57: "TBODY"
            RenderTableCell {td} at (121,0) size 60x20 [border: (1px solid #808080) none none none] [r=0 c=2 rs=1 cs=1]
              RenderText {#text} at (1,2) size 57x17
                text run at (1,2) width 57: "TBODY"
          RenderTableRow {tr} at (0,20) size 181x20
            RenderTableCell {td} at (0,20) size 61x20 [border: (1px solid #808080) none none (1px none #808080)] [r=1 c=0 rs=1 cs=1]
              RenderText {#text} at (2,2) size 57x17
                text run at (2,2) width 57: "TBODY"
            RenderTableCell {td} at (61,20) size 60x20 [border: (1px solid #808080) none none none] [r=1 c=1 rs=1 cs=1]
              RenderText {#text} at (1,2) size 57x17
                text run at (1,2) width 57: "TBODY"
            RenderTableCell {td} at (121,20) size 60x20 [border: (1px solid #808080) none none none] [r=1 c=2 rs=1 cs=1]
              RenderText {#text} at (1,2) size 57x17
                text run at (1,2) width 57: "TBODY"
