layer at (0,0) size 800x600
  RenderView at (0,0) size 800x600
layer at (0,0) size 800x135
  RenderBlock {html} at (0,0) size 800x135
    RenderBody {body} at (8,16) size 784x111
      RenderBlock {p} at (0,0) size 784x17
        RenderText {#text} at (0,0) size 515x17
          text run at (0,0) width 415: "There should be rules between all columns (and only columns) in "
          text run at (415,0) width 100: "the table below."
      RenderTable {table} at (0,33) size 184x78 [border: none]
        RenderTableCol {colgroup} at (0,0) size 0x0
          RenderTableCol {col} at (0,0) size 0x0
        RenderTableCol {colgroup} at (0,0) size 0x0
          RenderTableCol {col} at (0,0) size 0x0
        RenderTableCol {colgroup} at (0,0) size 0x0
          RenderTableCol {col} at (0,0) size 0x0
        RenderTableSection {thead} at (0,0) size 183x20
          RenderTableRow {tr} at (0,0) size 183x20
            RenderTableCell {th} at (0,0) size 61x20 [border: (1px none #808080) none none (1px solid #808080)] [r=0 c=0 rs=1 cs=1]
              RenderText {#text} at (2,2) size 58x17
                text run at (2,2) width 58: "THEAD"
            RenderTableCell {th} at (61,0) size 61x20 [border: (1px none #808080) none none (1px solid #808080)] [r=0 c=1 rs=1 cs=1]
              RenderText {#text} at (2,2) size 58x17
                text run at (2,2) width 58: "THEAD"
            RenderTableCell {th} at (122,0) size 61x20 [border: (1px none #808080) none none (1px solid #808080)] [r=0 c=2 rs=1 cs=1]
              RenderText {#text} at (2,2) size 58x17
                text run at (2,2) width 58: "THEAD"
        RenderTableSection {tfoot} at (0,58) size 183x19
          RenderTableRow {tr} at (0,0) size 183x19
            RenderTableCell {td} at (0,0) size 61x19 [border: none none none (1px solid #808080)] [r=0 c=0 rs=1 cs=1]
              RenderText {#text} at (2,1) size 53x17
                text run at (2,1) width 53: "TFOOT"
            RenderTableCell {td} at (61,0) size 61x19 [border: none none none (1px solid #808080)] [r=0 c=1 rs=1 cs=1]
              RenderText {#text} at (2,1) size 53x17
                text run at (2,1) width 53: "TFOOT"
            RenderTableCell {td} at (122,0) size 61x19 [border: none none none (1px solid #808080)] [r=0 c=2 rs=1 cs=1]
              RenderText {#text} at (2,1) size 53x17
                text run at (2,1) width 53: "TFOOT"
        RenderTableSection {tbody} at (0,20) size 183x38
          RenderTableRow {tr} at (0,0) size 183x19
            RenderTableCell {td} at (0,0) size 61x19 [border: none none none (1px solid #808080)] [r=0 c=0 rs=1 cs=1]
              RenderText {#text} at (2,1) size 57x17
                text run at (2,1) width 57: "TBODY"
            RenderTableCell {td} at (61,0) size 61x19 [border: none none none (1px solid #808080)] [r=0 c=1 rs=1 cs=1]
              RenderText {#text} at (2,1) size 57x17
                text run at (2,1) width 57: "TBODY"
            RenderTableCell {td} at (122,0) size 61x19 [border: none none none (1px solid #808080)] [r=0 c=2 rs=1 cs=1]
              RenderText {#text} at (2,1) size 57x17
                text run at (2,1) width 57: "TBODY"
          RenderTableRow {tr} at (0,19) size 183x19
            RenderTableCell {td} at (0,19) size 61x19 [border: none none none (1px solid #808080)] [r=1 c=0 rs=1 cs=1]
              RenderText {#text} at (2,1) size 57x17
                text run at (2,1) width 57: "TBODY"
            RenderTableCell {td} at (61,19) size 61x19 [border: none none none (1px solid #808080)] [r=1 c=1 rs=1 cs=1]
              RenderText {#text} at (2,1) size 57x17
                text run at (2,1) width 57: "TBODY"
            RenderTableCell {td} at (122,19) size 61x19 [border: none none none (1px solid #808080)] [r=1 c=2 rs=1 cs=1]
              RenderText {#text} at (2,1) size 57x17
                text run at (2,1) width 57: "TBODY"
