layer at (0,0) size 800x600
  RenderView at (0,0) size 800x600
layer at (0,0) size 800x600
  RenderBlock {HTML} at (0,0) size 800x600
    RenderBody {BODY} at (8,8) size 784x584
      RenderTable {TABLE} at (0,0) size 212x312 [border: (2px outset #808080)]
        RenderTableSection {TBODY} at (2,2) size 208x308
          RenderTableRow {TR} at (0,2) size 208x304
            RenderTableCell {TD} at (2,2) size 204x304 [border: (1px inset #808080)] [r=0 c=0 rs=1 cs=1]
layer at (14,14) size 200x300 clip at (14,14) size 185x300 scrollHeight 408
  RenderBlock {DIV} at (2,2) size 200x300
    RenderText {#text} at (0,0) size 137x17
      text run at (0,0) width 137: "Lots of overflow text."
    RenderBR {BR} at (137,14) size 0x0
    RenderText {#text} at (0,17) size 137x17
      text run at (0,17) width 137: "Lots of overflow text."
    RenderBR {BR} at (137,31) size 0x0
    RenderText {#text} at (0,34) size 137x17
      text run at (0,34) width 137: "Lots of overflow text."
    RenderBR {BR} at (137,48) size 0x0
    RenderText {#text} at (0,51) size 137x17
      text run at (0,51) width 137: "Lots of overflow text."
    RenderBR {BR} at (137,65) size 0x0
    RenderText {#text} at (0,68) size 137x17
      text run at (0,68) width 137: "Lots of overflow text."
    RenderBR {BR} at (137,82) size 0x0
    RenderText {#text} at (0,85) size 137x17
      text run at (0,85) width 137: "Lots of overflow text."
    RenderBR {BR} at (137,99) size 0x0
    RenderText {#text} at (0,102) size 137x17
      text run at (0,102) width 137: "Lots of overflow text."
    RenderBR {BR} at (137,116) size 0x0
    RenderText {#text} at (0,119) size 137x17
      text run at (0,119) width 137: "Lots of overflow text."
    RenderBR {BR} at (137,133) size 0x0
    RenderText {#text} at (0,136) size 137x17
      text run at (0,136) width 137: "Lots of overflow text."
    RenderBR {BR} at (137,150) size 0x0
    RenderText {#text} at (0,153) size 137x17
      text run at (0,153) width 137: "Lots of overflow text."
    RenderBR {BR} at (137,167) size 0x0
    RenderText {#text} at (0,170) size 137x17
      text run at (0,170) width 137: "Lots of overflow text."
    RenderBR {BR} at (137,184) size 0x0
    RenderText {#text} at (0,187) size 137x17
      text run at (0,187) width 137: "Lots of overflow text."
    RenderBR {BR} at (137,201) size 0x0
    RenderText {#text} at (0,204) size 137x17
      text run at (0,204) width 137: "Lots of overflow text."
    RenderBR {BR} at (137,218) size 0x0
    RenderText {#text} at (0,221) size 137x17
      text run at (0,221) width 137: "Lots of overflow text."
    RenderBR {BR} at (137,235) size 0x0
    RenderText {#text} at (0,238) size 137x17
      text run at (0,238) width 137: "Lots of overflow text."
    RenderBR {BR} at (137,252) size 0x0
    RenderText {#text} at (0,255) size 137x17
      text run at (0,255) width 137: "Lots of overflow text."
    RenderBR {BR} at (137,269) size 0x0
    RenderText {#text} at (0,272) size 137x17
      text run at (0,272) width 137: "Lots of overflow text."
    RenderBR {BR} at (137,286) size 0x0
    RenderText {#text} at (0,289) size 137x17
      text run at (0,289) width 137: "Lots of overflow text."
    RenderBR {BR} at (137,303) size 0x0
    RenderText {#text} at (0,306) size 137x17
      text run at (0,306) width 137: "Lots of overflow text."
    RenderBR {BR} at (137,320) size 0x0
    RenderText {#text} at (0,323) size 137x17
      text run at (0,323) width 137: "Lots of overflow text."
    RenderBR {BR} at (137,337) size 0x0
    RenderText {#text} at (0,340) size 137x17
      text run at (0,340) width 137: "Lots of overflow text."
    RenderBR {BR} at (137,354) size 0x0
    RenderText {#text} at (0,357) size 137x17
      text run at (0,357) width 137: "Lots of overflow text."
    RenderBR {BR} at (137,371) size 0x0
    RenderText {#text} at (0,374) size 137x17
      text run at (0,374) width 137: "Lots of overflow text."
    RenderBR {BR} at (137,388) size 0x0
    RenderText {#text} at (0,391) size 137x17
      text run at (0,391) width 137: "Lots of overflow text."
    RenderBR {BR} at (137,405) size 0x0
