layer at (0,0) size 785x935
  RenderView at (0,0) size 785x585
layer at (0,0) size 785x585
  RenderBlock {HTML} at (0,0) size 785x585
    RenderBody {BODY} at (0,0) size 785x585
      RenderText {#text} at (0,0) size 420x17
        text run at (0,0) width 420: "ffffffffffffffffffffffffffffffffffffffffffffffffffffffffffffffffffffffffffffffffffff"
      RenderBR {BR} at (420,14) size 0x0
      RenderText {#text} at (0,17) size 420x17
        text run at (0,17) width 420: "ffffffffffffffffffffffffffffffffffffffffffffffffffffffffffffffffffffffffffffffffffff"
      RenderBR {BR} at (420,31) size 0x0
      RenderText {#text} at (0,34) size 420x17
        text run at (0,34) width 420: "ffffffffffffffffffffffffffffffffffffffffffffffffffffffffffffffffffffffffffffffffffff"
      RenderBR {BR} at (420,48) size 0x0
      RenderText {#text} at (0,51) size 420x17
        text run at (0,51) width 420: "ffffffffffffffffffffffffffffffffffffffffffffffffffffffffffffffffffffffffffffffffffff"
      RenderBR {BR} at (420,65) size 0x0
      RenderText {#text} at (0,68) size 420x17
        text run at (0,68) width 420: "ffffffffffffffffffffffffffffffffffffffffffffffffffffffffffffffffffffffffffffffffffff"
      RenderBR {BR} at (420,82) size 0x0
      RenderText {#text} at (0,85) size 420x17
        text run at (0,85) width 420: "ffffffffffffffffffffffffffffffffffffffffffffffffffffffffffffffffffffffffffffffffffff"
      RenderBR {BR} at (420,99) size 0x0
      RenderText {#text} at (0,102) size 420x17
        text run at (0,102) width 420: "ffffffffffffffffffffffffffffffffffffffffffffffffffffffffffffffffffffffffffffffffffff"
      RenderBR {BR} at (420,116) size 0x0
      RenderText {#text} at (0,119) size 420x17
        text run at (0,119) width 420: "ffffffffffffffffffffffffffffffffffffffffffffffffffffffffffffffffffffffffffffffffffff"
      RenderBR {BR} at (420,133) size 0x0
      RenderText {#text} at (0,136) size 420x17
        text run at (0,136) width 420: "ffffffffffffffffffffffffffffffffffffffffffffffffffffffffffffffffffffffffffffffffffff"
      RenderBR {BR} at (420,150) size 0x0
      RenderText {#text} at (0,153) size 420x17
        text run at (0,153) width 420: "ffffffffffffffffffffffffffffffffffffffffffffffffffffffffffffffffffffffffffffffffffff"
      RenderBR {BR} at (420,167) size 0x0
      RenderText {#text} at (0,170) size 420x17
        text run at (0,170) width 420: "ffffffffffffffffffffffffffffffffffffffffffffffffffffffffffffffffffffffffffffffffffff"
      RenderBR {BR} at (420,184) size 0x0
      RenderText {#text} at (0,187) size 420x17
        text run at (0,187) width 420: "ffffffffffffffffffffffffffffffffffffffffffffffffffffffffffffffffffffffffffffffffffff"
      RenderBR {BR} at (420,201) size 0x0
      RenderText {#text} at (0,204) size 420x17
        text run at (0,204) width 420: "ffffffffffffffffffffffffffffffffffffffffffffffffffffffffffffffffffffffffffffffffffff"
      RenderBR {BR} at (420,218) size 0x0
      RenderText {#text} at (0,221) size 420x17
        text run at (0,221) width 420: "ffffffffffffffffffffffffffffffffffffffffffffffffffffffffffffffffffffffffffffffffffff"
      RenderBR {BR} at (420,235) size 0x0
      RenderText {#text} at (0,238) size 420x17
        text run at (0,238) width 420: "ffffffffffffffffffffffffffffffffffffffffffffffffffffffffffffffffffffffffffffffffffff"
      RenderBR {BR} at (420,252) size 0x0
      RenderText {#text} at (0,255) size 420x17
        text run at (0,255) width 420: "ffffffffffffffffffffffffffffffffffffffffffffffffffffffffffffffffffffffffffffffffffff"
      RenderBR {BR} at (420,269) size 0x0
      RenderText {#text} at (0,272) size 420x17
        text run at (0,272) width 420: "ffffffffffffffffffffffffffffffffffffffffffffffffffffffffffffffffffffffffffffffffffff"
      RenderBR {BR} at (420,286) size 0x0
      RenderText {#text} at (0,289) size 420x17
        text run at (0,289) width 420: "ffffffffffffffffffffffffffffffffffffffffffffffffffffffffffffffffffffffffffffffffffff"
      RenderBR {BR} at (420,303) size 0x0
      RenderText {#text} at (0,306) size 420x17
        text run at (0,306) width 420: "ffffffffffffffffffffffffffffffffffffffffffffffffffffffffffffffffffffffffffffffffffff"
      RenderBR {BR} at (420,320) size 0x0
      RenderText {#text} at (0,323) size 420x17
        text run at (0,323) width 420: "ffffffffffffffffffffffffffffffffffffffffffffffffffffffffffffffffffffffffffffffffffff"
      RenderBR {BR} at (420,337) size 0x0
      RenderText {#text} at (0,340) size 420x17
        text run at (0,340) width 420: "ffffffffffffffffffffffffffffffffffffffffffffffffffffffffffffffffffffffffffffffffffff"
      RenderBR {BR} at (420,354) size 0x0
      RenderText {#text} at (0,357) size 420x17
        text run at (0,357) width 420: "ffffffffffffffffffffffffffffffffffffffffffffffffffffffffffffffffffffffffffffffffffff"
      RenderBR {BR} at (420,371) size 0x0
      RenderText {#text} at (0,374) size 420x17
        text run at (0,374) width 420: "ffffffffffffffffffffffffffffffffffffffffffffffffffffffffffffffffffffffffffffffffffff"
      RenderBR {BR} at (420,388) size 0x0
      RenderText {#text} at (0,391) size 420x17
        text run at (0,391) width 420: "ffffffffffffffffffffffffffffffffffffffffffffffffffffffffffffffffffffffffffffffffffff"
      RenderBR {BR} at (420,405) size 0x0
      RenderText {#text} at (0,408) size 420x17
        text run at (0,408) width 420: "ffffffffffffffffffffffffffffffffffffffffffffffffffffffffffffffffffffffffffffffffffff"
      RenderBR {BR} at (420,422) size 0x0
      RenderText {#text} at (0,425) size 420x17
        text run at (0,425) width 420: "ffffffffffffffffffffffffffffffffffffffffffffffffffffffffffffffffffffffffffffffffffff"
      RenderBR {BR} at (420,439) size 0x0
      RenderText {#text} at (0,442) size 420x17
        text run at (0,442) width 420: "ffffffffffffffffffffffffffffffffffffffffffffffffffffffffffffffffffffffffffffffffffff"
      RenderBR {BR} at (420,456) size 0x0
      RenderText {#text} at (0,459) size 420x17
        text run at (0,459) width 420: "ffffffffffffffffffffffffffffffffffffffffffffffffffffffffffffffffffffffffffffffffffff"
      RenderBR {BR} at (420,473) size 0x0
      RenderText {#text} at (0,476) size 420x17
        text run at (0,476) width 420: "ffffffffffffffffffffffffffffffffffffffffffffffffffffffffffffffffffffffffffffffffffff"
      RenderBR {BR} at (420,490) size 0x0
      RenderText {#text} at (0,493) size 420x17
        text run at (0,493) width 420: "ffffffffffffffffffffffffffffffffffffffffffffffffffffffffffffffffffffffffffffffffffff"
      RenderBR {BR} at (420,507) size 0x0
      RenderText {#text} at (0,510) size 420x17
        text run at (0,510) width 420: "ffffffffffffffffffffffffffffffffffffffffffffffffffffffffffffffffffffffffffffffffffff"
      RenderBR {BR} at (420,524) size 0x0
      RenderText {#text} at (0,527) size 420x17
        text run at (0,527) width 420: "ffffffffffffffffffffffffffffffffffffffffffffffffffffffffffffffffffffffffffffffffffff"
      RenderBR {BR} at (420,541) size 0x0
      RenderText {#text} at (0,544) size 420x17
        text run at (0,544) width 420: "ffffffffffffffffffffffffffffffffffffffffffffffffffffffffffffffffffffffffffffffffffff"
      RenderBR {BR} at (420,558) size 0x0
      RenderText {#text} at (0,561) size 420x17
        text run at (0,561) width 420: "ffffffffffffffffffffffffffffffffffffffffffffffffffffffffffffffffffffffffffffffffffff"
      RenderBR {BR} at (420,575) size 0x0
      RenderText {#text} at (0,578) size 420x17
        text run at (0,578) width 420: "ffffffffffffffffffffffffffffffffffffffffffffffffffffffffffffffffffffffffffffffffffff"
      RenderBR {BR} at (420,592) size 0x0
      RenderText {#text} at (0,595) size 420x17
        text run at (0,595) width 420: "ffffffffffffffffffffffffffffffffffffffffffffffffffffffffffffffffffffffffffffffffffff"
      RenderBR {BR} at (420,609) size 0x0
      RenderText {#text} at (0,612) size 420x17
        text run at (0,612) width 420: "ffffffffffffffffffffffffffffffffffffffffffffffffffffffffffffffffffffffffffffffffffff"
      RenderBR {BR} at (420,626) size 0x0
      RenderText {#text} at (0,629) size 420x17
        text run at (0,629) width 420: "ffffffffffffffffffffffffffffffffffffffffffffffffffffffffffffffffffffffffffffffffffff"
      RenderBR {BR} at (420,643) size 0x0
      RenderText {#text} at (0,646) size 420x17
        text run at (0,646) width 420: "ffffffffffffffffffffffffffffffffffffffffffffffffffffffffffffffffffffffffffffffffffff"
      RenderBR {BR} at (420,660) size 0x0
      RenderText {#text} at (0,663) size 420x17
        text run at (0,663) width 420: "ffffffffffffffffffffffffffffffffffffffffffffffffffffffffffffffffffffffffffffffffffff"
      RenderBR {BR} at (420,677) size 0x0
      RenderText {#text} at (0,680) size 420x17
        text run at (0,680) width 420: "ffffffffffffffffffffffffffffffffffffffffffffffffffffffffffffffffffffffffffffffffffff"
      RenderBR {BR} at (420,694) size 0x0
      RenderText {#text} at (0,697) size 420x17
        text run at (0,697) width 420: "ffffffffffffffffffffffffffffffffffffffffffffffffffffffffffffffffffffffffffffffffffff"
      RenderBR {BR} at (420,711) size 0x0
      RenderText {#text} at (0,714) size 420x17
        text run at (0,714) width 420: "ffffffffffffffffffffffffffffffffffffffffffffffffffffffffffffffffffffffffffffffffffff"
      RenderBR {BR} at (420,728) size 0x0
      RenderText {#text} at (0,731) size 420x17
        text run at (0,731) width 420: "ffffffffffffffffffffffffffffffffffffffffffffffffffffffffffffffffffffffffffffffffffff"
      RenderBR {BR} at (420,745) size 0x0
      RenderText {#text} at (0,748) size 420x17
        text run at (0,748) width 420: "ffffffffffffffffffffffffffffffffffffffffffffffffffffffffffffffffffffffffffffffffffff"
      RenderBR {BR} at (420,762) size 0x0
      RenderText {#text} at (0,765) size 420x17
        text run at (0,765) width 420: "ffffffffffffffffffffffffffffffffffffffffffffffffffffffffffffffffffffffffffffffffffff"
      RenderBR {BR} at (420,779) size 0x0
      RenderText {#text} at (0,782) size 420x17
        text run at (0,782) width 420: "ffffffffffffffffffffffffffffffffffffffffffffffffffffffffffffffffffffffffffffffffffff"
      RenderBR {BR} at (420,796) size 0x0
      RenderText {#text} at (0,799) size 420x17
        text run at (0,799) width 420: "ffffffffffffffffffffffffffffffffffffffffffffffffffffffffffffffffffffffffffffffffffff"
      RenderBR {BR} at (420,813) size 0x0
      RenderText {#text} at (0,816) size 420x17
        text run at (0,816) width 420: "ffffffffffffffffffffffffffffffffffffffffffffffffffffffffffffffffffffffffffffffffffff"
      RenderBR {BR} at (420,830) size 0x0
      RenderText {#text} at (0,833) size 420x17
        text run at (0,833) width 420: "ffffffffffffffffffffffffffffffffffffffffffffffffffffffffffffffffffffffffffffffffffff"
      RenderBR {BR} at (420,847) size 0x0
      RenderText {#text} at (0,850) size 420x17
        text run at (0,850) width 420: "ffffffffffffffffffffffffffffffffffffffffffffffffffffffffffffffffffffffffffffffffffff"
      RenderBR {BR} at (420,864) size 0x0
      RenderText {#text} at (0,867) size 420x17
        text run at (0,867) width 420: "ffffffffffffffffffffffffffffffffffffffffffffffffffffffffffffffffffffffffffffffffffff"
      RenderBR {BR} at (420,881) size 0x0
      RenderText {#text} at (0,884) size 420x17
        text run at (0,884) width 420: "ffffffffffffffffffffffffffffffffffffffffffffffffffffffffffffffffffffffffffffffffffff"
      RenderBR {BR} at (420,898) size 0x0
      RenderText {#text} at (0,901) size 420x17
        text run at (0,901) width 420: "ffffffffffffffffffffffffffffffffffffffffffffffffffffffffffffffffffffffffffffffffffff"
      RenderBR {BR} at (420,915) size 0x0
      RenderText {#text} at (0,918) size 420x17
        text run at (0,918) width 420: "ffffffffffffffffffffffffffffffffffffffffffffffffffffffffffffffffffffffffffffffffffff"
      RenderBR {BR} at (420,932) size 0x0
