layer at (0,0) size 800x600
  RenderView at (0,0) size 800x600
layer at (0,0) size 800x600
  RenderBlock {HTML} at (0,0) size 800x600
    RenderBody {BODY} at (8,8) size 784x584
      RenderBlock (anonymous) at (0,0) size 784x34
        RenderText {#text} at (0,0) size 784x34
          text run at (0,0) width 784: "Make sure that overflow:auto/hidden/scroll blocks interleave their background and foreground with other overlapping blocks"
          text run at (0,17) width 120: "in the normal flow."
      RenderBlock {DIV} at (0,284) size 300x300 [bgcolor=#FFFF00]
        RenderText {#text} at (0,0) size 174x106
          text run at (0,0) width 168: "This text"
          text run at (0,53) width 174: "overlaps."
layer at (8,42) size 300x300 clip at (8,42) size 285x300 scrollHeight 799
  RenderBlock {DIV} at (0,34) size 300x300 [bgcolor=#00FF00]
    RenderText {#text} at (0,0) size 76x17
      text run at (0,0) width 76: "Hello world"
    RenderBR {BR} at (76,14) size 0x0
    RenderText {#text} at (0,17) size 76x17
      text run at (0,17) width 76: "Hello world"
    RenderBR {BR} at (76,31) size 0x0
    RenderText {#text} at (0,34) size 76x17
      text run at (0,34) width 76: "Hello world"
    RenderBR {BR} at (76,48) size 0x0
    RenderText {#text} at (0,51) size 76x17
      text run at (0,51) width 76: "Hello world"
    RenderBR {BR} at (76,65) size 0x0
    RenderText {#text} at (0,68) size 76x17
      text run at (0,68) width 76: "Hello world"
    RenderBR {BR} at (76,82) size 0x0
    RenderText {#text} at (0,85) size 76x17
      text run at (0,85) width 76: "Hello world"
    RenderBR {BR} at (76,99) size 0x0
    RenderText {#text} at (0,102) size 76x17
      text run at (0,102) width 76: "Hello world"
    RenderBR {BR} at (76,116) size 0x0
    RenderText {#text} at (0,119) size 76x17
      text run at (0,119) width 76: "Hello world"
    RenderBR {BR} at (76,133) size 0x0
    RenderText {#text} at (0,136) size 76x17
      text run at (0,136) width 76: "Hello world"
    RenderBR {BR} at (76,150) size 0x0
    RenderText {#text} at (0,153) size 76x17
      text run at (0,153) width 76: "Hello world"
    RenderBR {BR} at (76,167) size 0x0
    RenderText {#text} at (0,170) size 76x17
      text run at (0,170) width 76: "Hello world"
    RenderBR {BR} at (76,184) size 0x0
    RenderText {#text} at (0,187) size 76x17
      text run at (0,187) width 76: "Hello world"
    RenderBR {BR} at (76,201) size 0x0
    RenderText {#text} at (0,204) size 76x17
      text run at (0,204) width 76: "Hello world"
    RenderBR {BR} at (76,218) size 0x0
    RenderText {#text} at (0,221) size 76x17
      text run at (0,221) width 76: "Hello world"
    RenderBR {BR} at (76,235) size 0x0
    RenderText {#text} at (0,238) size 76x17
      text run at (0,238) width 76: "Hello world"
    RenderBR {BR} at (76,252) size 0x0
    RenderText {#text} at (0,255) size 76x17
      text run at (0,255) width 76: "Hello world"
    RenderBR {BR} at (76,269) size 0x0
    RenderText {#text} at (0,272) size 76x17
      text run at (0,272) width 76: "Hello world"
    RenderBR {BR} at (76,286) size 0x0
    RenderText {#text} at (0,289) size 76x17
      text run at (0,289) width 76: "Hello world"
    RenderBR {BR} at (76,303) size 0x0
    RenderText {#text} at (0,306) size 76x17
      text run at (0,306) width 76: "Hello world"
    RenderBR {BR} at (76,320) size 0x0
    RenderText {#text} at (0,323) size 76x17
      text run at (0,323) width 76: "Hello world"
    RenderBR {BR} at (76,337) size 0x0
    RenderText {#text} at (0,340) size 76x17
      text run at (0,340) width 76: "Hello world"
    RenderBR {BR} at (76,354) size 0x0
    RenderText {#text} at (0,357) size 76x17
      text run at (0,357) width 76: "Hello world"
    RenderBR {BR} at (76,371) size 0x0
    RenderText {#text} at (0,374) size 76x17
      text run at (0,374) width 76: "Hello world"
    RenderBR {BR} at (76,388) size 0x0
    RenderText {#text} at (0,391) size 76x17
      text run at (0,391) width 76: "Hello world"
    RenderBR {BR} at (76,405) size 0x0
    RenderText {#text} at (0,408) size 76x17
      text run at (0,408) width 76: "Hello world"
    RenderBR {BR} at (76,422) size 0x0
    RenderText {#text} at (0,425) size 76x17
      text run at (0,425) width 76: "Hello world"
    RenderBR {BR} at (76,439) size 0x0
    RenderText {#text} at (0,442) size 76x17
      text run at (0,442) width 76: "Hello world"
    RenderBR {BR} at (76,456) size 0x0
    RenderText {#text} at (0,459) size 76x17
      text run at (0,459) width 76: "Hello world"
    RenderBR {BR} at (76,473) size 0x0
    RenderText {#text} at (0,476) size 76x17
      text run at (0,476) width 76: "Hello world"
    RenderBR {BR} at (76,490) size 0x0
    RenderText {#text} at (0,493) size 76x17
      text run at (0,493) width 76: "Hello world"
    RenderBR {BR} at (76,507) size 0x0
    RenderText {#text} at (0,510) size 76x17
      text run at (0,510) width 76: "Hello world"
    RenderBR {BR} at (76,524) size 0x0
    RenderText {#text} at (0,527) size 76x17
      text run at (0,527) width 76: "Hello world"
    RenderBR {BR} at (76,541) size 0x0
    RenderText {#text} at (0,544) size 76x17
      text run at (0,544) width 76: "Hello world"
    RenderBR {BR} at (76,558) size 0x0
    RenderText {#text} at (0,561) size 76x17
      text run at (0,561) width 76: "Hello world"
    RenderBR {BR} at (76,575) size 0x0
    RenderText {#text} at (0,578) size 76x17
      text run at (0,578) width 76: "Hello world"
    RenderBR {BR} at (76,592) size 0x0
    RenderText {#text} at (0,595) size 76x17
      text run at (0,595) width 76: "Hello world"
    RenderBR {BR} at (76,609) size 0x0
    RenderText {#text} at (0,612) size 76x17
      text run at (0,612) width 76: "Hello world"
    RenderBR {BR} at (76,626) size 0x0
    RenderText {#text} at (0,629) size 76x17
      text run at (0,629) width 76: "Hello world"
    RenderBR {BR} at (76,643) size 0x0
    RenderText {#text} at (0,646) size 76x17
      text run at (0,646) width 76: "Hello world"
    RenderBR {BR} at (76,660) size 0x0
    RenderText {#text} at (0,663) size 76x17
      text run at (0,663) width 76: "Hello world"
    RenderBR {BR} at (76,677) size 0x0
    RenderText {#text} at (0,680) size 76x17
      text run at (0,680) width 76: "Hello world"
    RenderBR {BR} at (76,694) size 0x0
    RenderText {#text} at (0,697) size 76x17
      text run at (0,697) width 76: "Hello world"
    RenderBR {BR} at (76,711) size 0x0
    RenderText {#text} at (0,714) size 76x17
      text run at (0,714) width 76: "Hello world"
    RenderBR {BR} at (76,728) size 0x0
    RenderText {#text} at (0,731) size 76x17
      text run at (0,731) width 76: "Hello world"
    RenderBR {BR} at (76,745) size 0x0
    RenderText {#text} at (0,748) size 76x17
      text run at (0,748) width 76: "Hello world"
    RenderBR {BR} at (76,762) size 0x0
    RenderText {#text} at (0,765) size 76x17
      text run at (0,765) width 76: "Hello world"
    RenderBR {BR} at (76,779) size 0x0
    RenderText {#text} at (0,782) size 76x17
      text run at (0,782) width 76: "Hello world"
    RenderBR {BR} at (76,796) size 0x0
