layer at (0,0) size 785x600
  RenderView at (0,0) size 785x600
layer at (0,0) size 785x600
  RenderBlock {HTML} at (0,0) size 785x600
    RenderBody {BODY} at (8,8) size 769x584
      RenderBlock (anonymous) at (0,0) size 769x17
        RenderText {#text} at (0,0) size 312x17
          text run at (0,0) width 312: "The body should always have a vertical scrollbar."
      RenderBlock (anonymous) at (0,217) size 769x62
        RenderText {#text} at (205,45) size 4x17
          text run at (205,45) width 4: " "
        RenderText {#text} at (0,0) size 0x0
layer at (8,25) size 300x100 clip at (8,25) size 285x100 scrollHeight 306
  RenderBlock {DIV} at (0,17) size 300x100
    RenderText {#text} at (0,0) size 50x17
      text run at (0,0) width 50: "Y scroll"
    RenderBR {BR} at (50,14) size 0x0
    RenderText {#text} at (0,17) size 50x17
      text run at (0,17) width 50: "Y scroll"
    RenderBR {BR} at (50,31) size 0x0
    RenderText {#text} at (0,34) size 50x17
      text run at (0,34) width 50: "Y scroll"
    RenderBR {BR} at (50,48) size 0x0
    RenderText {#text} at (0,51) size 50x17
      text run at (0,51) width 50: "Y scroll"
    RenderBR {BR} at (50,65) size 0x0
    RenderText {#text} at (0,68) size 50x17
      text run at (0,68) width 50: "Y scroll"
    RenderBR {BR} at (50,82) size 0x0
    RenderText {#text} at (0,85) size 50x17
      text run at (0,85) width 50: "Y scroll"
    RenderBR {BR} at (50,99) size 0x0
    RenderText {#text} at (0,102) size 50x17
      text run at (0,102) width 50: "Y scroll"
    RenderBR {BR} at (50,116) size 0x0
    RenderText {#text} at (0,119) size 50x17
      text run at (0,119) width 50: "Y scroll"
    RenderBR {BR} at (50,133) size 0x0
    RenderText {#text} at (0,136) size 50x17
      text run at (0,136) width 50: "Y scroll"
    RenderBR {BR} at (50,150) size 0x0
    RenderText {#text} at (0,153) size 50x17
      text run at (0,153) width 50: "Y scroll"
    RenderBR {BR} at (50,167) size 0x0
    RenderText {#text} at (0,170) size 50x17
      text run at (0,170) width 50: "Y scroll"
    RenderBR {BR} at (50,184) size 0x0
    RenderText {#text} at (0,187) size 50x17
      text run at (0,187) width 50: "Y scroll"
    RenderBR {BR} at (50,201) size 0x0
    RenderText {#text} at (0,204) size 50x17
      text run at (0,204) width 50: "Y scroll"
    RenderBR {BR} at (50,218) size 0x0
    RenderText {#text} at (0,221) size 50x17
      text run at (0,221) width 50: "Y scroll"
    RenderBR {BR} at (50,235) size 0x0
    RenderText {#text} at (0,238) size 50x17
      text run at (0,238) width 50: "Y scroll"
    RenderBR {BR} at (50,252) size 0x0
    RenderText {#text} at (0,255) size 50x17
      text run at (0,255) width 50: "Y scroll"
    RenderBR {BR} at (50,269) size 0x0
    RenderText {#text} at (0,272) size 50x17
      text run at (0,272) width 50: "Y scroll"
    RenderBR {BR} at (50,286) size 0x0
    RenderText {#text} at (0,289) size 50x17
      text run at (0,289) width 50: "Y scroll"
    RenderBR {BR} at (50,303) size 0x0
layer at (8,125) size 300x100 clip at (8,125) size 300x85 scrollWidth 1184
  RenderBlock {DIV} at (0,117) size 300x100
    RenderText {#text} at (0,0) size 1184x17
      text run at (0,0) width 486: "X scroll X scroll X scroll X scroll X scroll X scroll X scroll X scroll X scroll "
      text run at (486,0) width 324: "X scroll X scroll X scroll X scroll X scroll X scroll "
      text run at (810,0) width 374: "X scroll X scroll X scroll X scroll X scroll X scroll X scroll"
layer at (10,242) size 201x40 clip at (11,243) size 184x38
  RenderTextControl {TEXTAREA} at (2,17) size 201x40 [bgcolor=#FFFFFF] [border: (1px solid #000000)]
    RenderBlock {DIV} at (3,3) size 180x17
      RenderText {#text} at (0,0) size 118x17
        text run at (0,0) width 118: "Textarea y-scroll"
layer at (219,227) size 201x55 clip at (220,228) size 199x38
  RenderTextControl {TEXTAREA} at (211,2) size 201x55 [bgcolor=#FFFFFF] [border: (1px solid #000000)]
    RenderBlock {DIV} at (3,3) size 195x17
      RenderText {#text} at (0,0) size 118x17
        text run at (0,0) width 118: "Textarea x-scroll"
