layer at (0,0) size 800x600
  RenderView at (0,0) size 800x600
layer at (0,0) size 800x600
  RenderBlock {HTML} at (0,0) size 800x600
    RenderBody {BODY} at (8,8) size 784x584
layer at (8,8) size 404x404 clip at (10,10) size 400x400 scrollHeight 2480
  RenderBlock {DIV} at (0,0) size 404x404 [border: (2px solid #000000)]
    RenderMultiColumnSet at (2,2) size 400x400
layer at (10,10) size 400x2085 backgroundClip at (10,10) size 400x400 clip at (10,10) size 400x400
  RenderMultiColumnFlowThread at (2,2) size 400x2085
    RenderText {#text} at (0,0) size 399x2085
      text run at (0,0) width 347: "Lorem ipsum dolor sit amet, consectetur adipiscing elit."
      text run at (0,17) width 388: "Maecenas lacinia massa in lectus pretium vulputate. Curabitur"
      text run at (0,34) width 398: "viverra augue in leo faucibus congue. Vestibulum ligula neque,"
      text run at (0,51) width 366: "commodo eget blandit sit amet, facilisis vitae mi. Vivamus"
      text run at (0,68) width 360: "pretium lorem a quam imperdiet in placerat purus sagittis."
      text run at (0,85) width 370: "Aliquam ut dui nibh. Cras faucibus imperdiet pellentesque."
      text run at (0,102) width 378: "Curabitur vel tortor quam, ut pharetra eros. Mauris euismod,"
      text run at (0,119) width 372: "justo in mattis ultricies, risus velit pretium ligula, eu sodales"
      text run at (0,136) width 352: "libero dolor et massa. Phasellus eros quam, faucibus sed"
      text run at (0,153) width 378: "consectetur et, elementum ut erat. Morbi fringilla, lorem non"
      text run at (0,170) width 355: "fermentum vulputate, quam metus ullamcorper quam, eu"
      text run at (0,187) width 362: "porttitor diam metus eget augue. Donec non lorem et arcu"
      text run at (0,204) width 391: "adipiscing suscipit. Donec porta euismod magna a fermentum."
      text run at (0,221) width 382: "Suspendisse vestibulum rhoncus bibendum. Nam in nisi eget"
      text run at (0,238) width 397: "nulla vestibulum rutrum. Aenean eu libero turpis. Lorem ipsum"
      text run at (0,255) width 371: "dolor sit amet, consectetur adipiscing elit. Maecenas lacinia"
      text run at (0,272) width 382: "massa in lectus pretium vulputate. Curabitur viverra augue in"
      text run at (0,289) width 389: "leo faucibus congue. Vestibulum ligula neque, commodo eget"
      text run at (0,306) width 372: "blandit sit amet, facilisis vitae mi. Vivamus pretium lorem a"
      text run at (0,323) width 392: "quam imperdiet in placerat purus sagittis. Aliquam ut dui nibh."
      text run at (0,340) width 360: "Cras faucibus imperdiet pellentesque. Curabitur vel tortor"
      text run at (0,357) width 344: "quam, ut pharetra eros. Mauris euismod, justo in mattis"
      text run at (0,374) width 373: "ultricies, risus velit pretium ligula, eu sodales libero dolor et"
      text run at (0,400) width 354: "massa. Phasellus eros quam, faucibus sed consectetur et,"
      text run at (0,417) width 356: "elementum ut erat. Morbi fringilla, lorem non fermentum"
      text run at (0,434) width 372: "vulputate, quam metus ullamcorper quam, eu porttitor diam"
      text run at (0,451) width 396: "metus eget augue. Donec non lorem et arcu adipiscing suscipit."
      text run at (0,468) width 349: "Donec porta euismod magna a fermentum. Suspendisse"
      text run at (0,485) width 336: "vestibulum rhoncus bibendum. Nam in nisi eget nulla"
      text run at (0,502) width 399: "vestibulum rutrum. Aenean eu libero turpis. Lorem ipsum dolor"
      text run at (0,519) width 392: "sit amet, consectetur adipiscing elit. Maecenas lacinia massa in"
      text run at (0,536) width 347: "lectus pretium vulputate. Curabitur viverra augue in leo"
      text run at (0,553) width 366: "faucibus congue. Vestibulum ligula neque, commodo eget"
      text run at (0,570) width 372: "blandit sit amet, facilisis vitae mi. Vivamus pretium lorem a"
      text run at (0,587) width 392: "quam imperdiet in placerat purus sagittis. Aliquam ut dui nibh."
      text run at (0,604) width 360: "Cras faucibus imperdiet pellentesque. Curabitur vel tortor"
      text run at (0,621) width 344: "quam, ut pharetra eros. Mauris euismod, justo in mattis"
      text run at (0,638) width 373: "ultricies, risus velit pretium ligula, eu sodales libero dolor et"
      text run at (0,655) width 354: "massa. Phasellus eros quam, faucibus sed consectetur et,"
      text run at (0,672) width 356: "elementum ut erat. Morbi fringilla, lorem non fermentum"
      text run at (0,689) width 372: "vulputate, quam metus ullamcorper quam, eu porttitor diam"
      text run at (0,706) width 396: "metus eget augue. Donec non lorem et arcu adipiscing suscipit."
      text run at (0,723) width 349: "Donec porta euismod magna a fermentum. Suspendisse"
      text run at (0,740) width 336: "vestibulum rhoncus bibendum. Nam in nisi eget nulla"
      text run at (0,757) width 399: "vestibulum rutrum. Aenean eu libero turpis. Lorem ipsum dolor"
      text run at (0,774) width 392: "sit amet, consectetur adipiscing elit. Maecenas lacinia massa in"
      text run at (0,800) width 347: "lectus pretium vulputate. Curabitur viverra augue in leo"
      text run at (0,817) width 366: "faucibus congue. Vestibulum ligula neque, commodo eget"
      text run at (0,834) width 372: "blandit sit amet, facilisis vitae mi. Vivamus pretium lorem a"
      text run at (0,851) width 392: "quam imperdiet in placerat purus sagittis. Aliquam ut dui nibh."
      text run at (0,868) width 360: "Cras faucibus imperdiet pellentesque. Curabitur vel tortor"
      text run at (0,885) width 344: "quam, ut pharetra eros. Mauris euismod, justo in mattis"
      text run at (0,902) width 373: "ultricies, risus velit pretium ligula, eu sodales libero dolor et"
      text run at (0,919) width 354: "massa. Phasellus eros quam, faucibus sed consectetur et,"
      text run at (0,936) width 356: "elementum ut erat. Morbi fringilla, lorem non fermentum"
      text run at (0,953) width 372: "vulputate, quam metus ullamcorper quam, eu porttitor diam"
      text run at (0,970) width 396: "metus eget augue. Donec non lorem et arcu adipiscing suscipit."
      text run at (0,987) width 349: "Donec porta euismod magna a fermentum. Suspendisse"
      text run at (0,1004) width 336: "vestibulum rhoncus bibendum. Nam in nisi eget nulla"
      text run at (0,1021) width 399: "vestibulum rutrum. Aenean eu libero turpis. Lorem ipsum dolor"
      text run at (0,1038) width 392: "sit amet, consectetur adipiscing elit. Maecenas lacinia massa in"
      text run at (0,1055) width 347: "lectus pretium vulputate. Curabitur viverra augue in leo"
      text run at (0,1072) width 366: "faucibus congue. Vestibulum ligula neque, commodo eget"
      text run at (0,1089) width 372: "blandit sit amet, facilisis vitae mi. Vivamus pretium lorem a"
      text run at (0,1106) width 392: "quam imperdiet in placerat purus sagittis. Aliquam ut dui nibh."
      text run at (0,1123) width 360: "Cras faucibus imperdiet pellentesque. Curabitur vel tortor"
      text run at (0,1140) width 344: "quam, ut pharetra eros. Mauris euismod, justo in mattis"
      text run at (0,1157) width 373: "ultricies, risus velit pretium ligula, eu sodales libero dolor et"
      text run at (0,1174) width 354: "massa. Phasellus eros quam, faucibus sed consectetur et,"
      text run at (0,1200) width 356: "elementum ut erat. Morbi fringilla, lorem non fermentum"
      text run at (0,1217) width 372: "vulputate, quam metus ullamcorper quam, eu porttitor diam"
      text run at (0,1234) width 396: "metus eget augue. Donec non lorem et arcu adipiscing suscipit."
      text run at (0,1251) width 349: "Donec porta euismod magna a fermentum. Suspendisse"
      text run at (0,1268) width 336: "vestibulum rhoncus bibendum. Nam in nisi eget nulla"
      text run at (0,1285) width 399: "vestibulum rutrum. Aenean eu libero turpis. Lorem ipsum dolor"
      text run at (0,1302) width 392: "sit amet, consectetur adipiscing elit. Maecenas lacinia massa in"
      text run at (0,1319) width 347: "lectus pretium vulputate. Curabitur viverra augue in leo"
      text run at (0,1336) width 366: "faucibus congue. Vestibulum ligula neque, commodo eget"
      text run at (0,1353) width 372: "blandit sit amet, facilisis vitae mi. Vivamus pretium lorem a"
      text run at (0,1370) width 392: "quam imperdiet in placerat purus sagittis. Aliquam ut dui nibh."
      text run at (0,1387) width 360: "Cras faucibus imperdiet pellentesque. Curabitur vel tortor"
      text run at (0,1404) width 344: "quam, ut pharetra eros. Mauris euismod, justo in mattis"
      text run at (0,1421) width 373: "ultricies, risus velit pretium ligula, eu sodales libero dolor et"
      text run at (0,1438) width 354: "massa. Phasellus eros quam, faucibus sed consectetur et,"
      text run at (0,1455) width 356: "elementum ut erat. Morbi fringilla, lorem non fermentum"
      text run at (0,1472) width 372: "vulputate, quam metus ullamcorper quam, eu porttitor diam"
      text run at (0,1489) width 396: "metus eget augue. Donec non lorem et arcu adipiscing suscipit."
      text run at (0,1506) width 349: "Donec porta euismod magna a fermentum. Suspendisse"
      text run at (0,1523) width 336: "vestibulum rhoncus bibendum. Nam in nisi eget nulla"
      text run at (0,1540) width 399: "vestibulum rutrum. Aenean eu libero turpis. Lorem ipsum dolor"
      text run at (0,1557) width 392: "sit amet, consectetur adipiscing elit. Maecenas lacinia massa in"
      text run at (0,1574) width 347: "lectus pretium vulputate. Curabitur viverra augue in leo"
      text run at (0,1600) width 366: "faucibus congue. Vestibulum ligula neque, commodo eget"
      text run at (0,1617) width 372: "blandit sit amet, facilisis vitae mi. Vivamus pretium lorem a"
      text run at (0,1634) width 392: "quam imperdiet in placerat purus sagittis. Aliquam ut dui nibh."
      text run at (0,1651) width 360: "Cras faucibus imperdiet pellentesque. Curabitur vel tortor"
      text run at (0,1668) width 344: "quam, ut pharetra eros. Mauris euismod, justo in mattis"
      text run at (0,1685) width 373: "ultricies, risus velit pretium ligula, eu sodales libero dolor et"
      text run at (0,1702) width 354: "massa. Phasellus eros quam, faucibus sed consectetur et,"
      text run at (0,1719) width 356: "elementum ut erat. Morbi fringilla, lorem non fermentum"
      text run at (0,1736) width 372: "vulputate, quam metus ullamcorper quam, eu porttitor diam"
      text run at (0,1753) width 396: "metus eget augue. Donec non lorem et arcu adipiscing suscipit."
      text run at (0,1770) width 349: "Donec porta euismod magna a fermentum. Suspendisse"
      text run at (0,1787) width 336: "vestibulum rhoncus bibendum. Nam in nisi eget nulla"
      text run at (0,1804) width 399: "vestibulum rutrum. Aenean eu libero turpis. Lorem ipsum dolor"
      text run at (0,1821) width 392: "sit amet, consectetur adipiscing elit. Maecenas lacinia massa in"
      text run at (0,1838) width 347: "lectus pretium vulputate. Curabitur viverra augue in leo"
      text run at (0,1855) width 366: "faucibus congue. Vestibulum ligula neque, commodo eget"
      text run at (0,1872) width 372: "blandit sit amet, facilisis vitae mi. Vivamus pretium lorem a"
      text run at (0,1889) width 392: "quam imperdiet in placerat purus sagittis. Aliquam ut dui nibh."
      text run at (0,1906) width 360: "Cras faucibus imperdiet pellentesque. Curabitur vel tortor"
      text run at (0,1923) width 344: "quam, ut pharetra eros. Mauris euismod, justo in mattis"
      text run at (0,1940) width 373: "ultricies, risus velit pretium ligula, eu sodales libero dolor et"
      text run at (0,1957) width 354: "massa. Phasellus eros quam, faucibus sed consectetur et,"
      text run at (0,1974) width 356: "elementum ut erat. Morbi fringilla, lorem non fermentum"
      text run at (0,2000) width 372: "vulputate, quam metus ullamcorper quam, eu porttitor diam"
      text run at (0,2017) width 396: "metus eget augue. Donec non lorem et arcu adipiscing suscipit."
      text run at (0,2034) width 349: "Donec porta euismod magna a fermentum. Suspendisse"
      text run at (0,2051) width 336: "vestibulum rhoncus bibendum. Nam in nisi eget nulla"
      text run at (0,2068) width 274: "vestibulum rutrum. Aenean eu libero turpis."
