layer at (0,0) size 800x600
  RenderView at (0,0) size 800x600
layer at (0,0) size 800x600
  RenderBlock {HTML} at (0,0) size 800x600
    RenderBody {BODY} at (8,8) size 784x584
layer at (8,8) size 404x404 clip at (10,10) size 400x385 scrollWidth 2480
  RenderBlock {DIV} at (0,0) size 404x404 [border: (2px solid #000000)]
    RenderMultiColumnSet at (2,2) size 400x385
layer at (10,10) size 400x2095 backgroundClip at (10,10) size 400x385 clip at (10,10) size 400x385
  RenderMultiColumnFlowThread at (2,2) size 400x2095
    RenderText {#text} at (0,0) size 399x2095
      text run at (0,0) width 347: "Lorem ipsum dolor sit amet, consectetur adipiscing elit."
      text run at (0,17) width 388: "Maecenas lacinia massa in lectus pretium vulputate. Curabitur"
      text run at (0,34) width 398: "viverra augue in leo faucibus congue. Vestibulum ligula neque,"
      text run at (0,51) width 366: "commodo eget blandit sit amet, facilisis vitae mi. Vivamus"
      text run at (0,68) width 360: "pretium lorem a quam imperdiet in placerat purus sagittis."
      text run at (0,85) width 370: "Aliquam ut dui nibh. Cras faucibus imperdiet pellentesque."
      text run at (0,102) width 378: "Curabitur vel tortor quam, ut pharetra eros. Mauris euismod,"
      text run at (0,119) width 372: "justo in mattis ultricies, risus velit pretium ligula, eu sodales"
      text run at (0,136) width 352: "libero dolor et massa. Phasellus eros quam, faucibus sed"
      text run at (0,153) width 378: "consectetur et, elementum ut erat. Morbi fringilla, lorem non"
      text run at (0,170) width 355: "fermentum vulputate, quam metus ullamcorper quam, eu"
      text run at (0,187) width 362: "porttitor diam metus eget augue. Donec non lorem et arcu"
      text run at (0,204) width 391: "adipiscing suscipit. Donec porta euismod magna a fermentum."
      text run at (0,221) width 382: "Suspendisse vestibulum rhoncus bibendum. Nam in nisi eget"
      text run at (0,238) width 397: "nulla vestibulum rutrum. Aenean eu libero turpis. Lorem ipsum"
      text run at (0,255) width 371: "dolor sit amet, consectetur adipiscing elit. Maecenas lacinia"
      text run at (0,272) width 382: "massa in lectus pretium vulputate. Curabitur viverra augue in"
      text run at (0,289) width 389: "leo faucibus congue. Vestibulum ligula neque, commodo eget"
      text run at (0,306) width 372: "blandit sit amet, facilisis vitae mi. Vivamus pretium lorem a"
      text run at (0,323) width 392: "quam imperdiet in placerat purus sagittis. Aliquam ut dui nibh."
      text run at (0,340) width 360: "Cras faucibus imperdiet pellentesque. Curabitur vel tortor"
      text run at (0,357) width 344: "quam, ut pharetra eros. Mauris euismod, justo in mattis"
      text run at (0,385) width 373: "ultricies, risus velit pretium ligula, eu sodales libero dolor et"
      text run at (0,402) width 354: "massa. Phasellus eros quam, faucibus sed consectetur et,"
      text run at (0,419) width 356: "elementum ut erat. Morbi fringilla, lorem non fermentum"
      text run at (0,436) width 372: "vulputate, quam metus ullamcorper quam, eu porttitor diam"
      text run at (0,453) width 396: "metus eget augue. Donec non lorem et arcu adipiscing suscipit."
      text run at (0,470) width 349: "Donec porta euismod magna a fermentum. Suspendisse"
      text run at (0,487) width 336: "vestibulum rhoncus bibendum. Nam in nisi eget nulla"
      text run at (0,504) width 399: "vestibulum rutrum. Aenean eu libero turpis. Lorem ipsum dolor"
      text run at (0,521) width 392: "sit amet, consectetur adipiscing elit. Maecenas lacinia massa in"
      text run at (0,538) width 347: "lectus pretium vulputate. Curabitur viverra augue in leo"
      text run at (0,555) width 366: "faucibus congue. Vestibulum ligula neque, commodo eget"
      text run at (0,572) width 372: "blandit sit amet, facilisis vitae mi. Vivamus pretium lorem a"
      text run at (0,589) width 392: "quam imperdiet in placerat purus sagittis. Aliquam ut dui nibh."
      text run at (0,606) width 360: "Cras faucibus imperdiet pellentesque. Curabitur vel tortor"
      text run at (0,623) width 344: "quam, ut pharetra eros. Mauris euismod, justo in mattis"
      text run at (0,640) width 373: "ultricies, risus velit pretium ligula, eu sodales libero dolor et"
      text run at (0,657) width 354: "massa. Phasellus eros quam, faucibus sed consectetur et,"
      text run at (0,674) width 356: "elementum ut erat. Morbi fringilla, lorem non fermentum"
      text run at (0,691) width 372: "vulputate, quam metus ullamcorper quam, eu porttitor diam"
      text run at (0,708) width 396: "metus eget augue. Donec non lorem et arcu adipiscing suscipit."
      text run at (0,725) width 349: "Donec porta euismod magna a fermentum. Suspendisse"
      text run at (0,742) width 336: "vestibulum rhoncus bibendum. Nam in nisi eget nulla"
      text run at (0,770) width 399: "vestibulum rutrum. Aenean eu libero turpis. Lorem ipsum dolor"
      text run at (0,787) width 392: "sit amet, consectetur adipiscing elit. Maecenas lacinia massa in"
      text run at (0,804) width 347: "lectus pretium vulputate. Curabitur viverra augue in leo"
      text run at (0,821) width 366: "faucibus congue. Vestibulum ligula neque, commodo eget"
      text run at (0,838) width 372: "blandit sit amet, facilisis vitae mi. Vivamus pretium lorem a"
      text run at (0,855) width 392: "quam imperdiet in placerat purus sagittis. Aliquam ut dui nibh."
      text run at (0,872) width 360: "Cras faucibus imperdiet pellentesque. Curabitur vel tortor"
      text run at (0,889) width 344: "quam, ut pharetra eros. Mauris euismod, justo in mattis"
      text run at (0,906) width 373: "ultricies, risus velit pretium ligula, eu sodales libero dolor et"
      text run at (0,923) width 354: "massa. Phasellus eros quam, faucibus sed consectetur et,"
      text run at (0,940) width 356: "elementum ut erat. Morbi fringilla, lorem non fermentum"
      text run at (0,957) width 372: "vulputate, quam metus ullamcorper quam, eu porttitor diam"
      text run at (0,974) width 396: "metus eget augue. Donec non lorem et arcu adipiscing suscipit."
      text run at (0,991) width 349: "Donec porta euismod magna a fermentum. Suspendisse"
      text run at (0,1008) width 336: "vestibulum rhoncus bibendum. Nam in nisi eget nulla"
      text run at (0,1025) width 399: "vestibulum rutrum. Aenean eu libero turpis. Lorem ipsum dolor"
      text run at (0,1042) width 392: "sit amet, consectetur adipiscing elit. Maecenas lacinia massa in"
      text run at (0,1059) width 347: "lectus pretium vulputate. Curabitur viverra augue in leo"
      text run at (0,1076) width 366: "faucibus congue. Vestibulum ligula neque, commodo eget"
      text run at (0,1093) width 372: "blandit sit amet, facilisis vitae mi. Vivamus pretium lorem a"
      text run at (0,1110) width 392: "quam imperdiet in placerat purus sagittis. Aliquam ut dui nibh."
      text run at (0,1127) width 360: "Cras faucibus imperdiet pellentesque. Curabitur vel tortor"
      text run at (0,1155) width 344: "quam, ut pharetra eros. Mauris euismod, justo in mattis"
      text run at (0,1172) width 373: "ultricies, risus velit pretium ligula, eu sodales libero dolor et"
      text run at (0,1189) width 354: "massa. Phasellus eros quam, faucibus sed consectetur et,"
      text run at (0,1206) width 356: "elementum ut erat. Morbi fringilla, lorem non fermentum"
      text run at (0,1223) width 372: "vulputate, quam metus ullamcorper quam, eu porttitor diam"
      text run at (0,1240) width 396: "metus eget augue. Donec non lorem et arcu adipiscing suscipit."
      text run at (0,1257) width 349: "Donec porta euismod magna a fermentum. Suspendisse"
      text run at (0,1274) width 336: "vestibulum rhoncus bibendum. Nam in nisi eget nulla"
      text run at (0,1291) width 399: "vestibulum rutrum. Aenean eu libero turpis. Lorem ipsum dolor"
      text run at (0,1308) width 392: "sit amet, consectetur adipiscing elit. Maecenas lacinia massa in"
      text run at (0,1325) width 347: "lectus pretium vulputate. Curabitur viverra augue in leo"
      text run at (0,1342) width 366: "faucibus congue. Vestibulum ligula neque, commodo eget"
      text run at (0,1359) width 372: "blandit sit amet, facilisis vitae mi. Vivamus pretium lorem a"
      text run at (0,1376) width 392: "quam imperdiet in placerat purus sagittis. Aliquam ut dui nibh."
      text run at (0,1393) width 360: "Cras faucibus imperdiet pellentesque. Curabitur vel tortor"
      text run at (0,1410) width 344: "quam, ut pharetra eros. Mauris euismod, justo in mattis"
      text run at (0,1427) width 373: "ultricies, risus velit pretium ligula, eu sodales libero dolor et"
      text run at (0,1444) width 354: "massa. Phasellus eros quam, faucibus sed consectetur et,"
      text run at (0,1461) width 356: "elementum ut erat. Morbi fringilla, lorem non fermentum"
      text run at (0,1478) width 372: "vulputate, quam metus ullamcorper quam, eu porttitor diam"
      text run at (0,1495) width 396: "metus eget augue. Donec non lorem et arcu adipiscing suscipit."
      text run at (0,1512) width 349: "Donec porta euismod magna a fermentum. Suspendisse"
      text run at (0,1540) width 336: "vestibulum rhoncus bibendum. Nam in nisi eget nulla"
      text run at (0,1557) width 399: "vestibulum rutrum. Aenean eu libero turpis. Lorem ipsum dolor"
      text run at (0,1574) width 392: "sit amet, consectetur adipiscing elit. Maecenas lacinia massa in"
      text run at (0,1591) width 347: "lectus pretium vulputate. Curabitur viverra augue in leo"
      text run at (0,1608) width 366: "faucibus congue. Vestibulum ligula neque, commodo eget"
      text run at (0,1625) width 372: "blandit sit amet, facilisis vitae mi. Vivamus pretium lorem a"
      text run at (0,1642) width 392: "quam imperdiet in placerat purus sagittis. Aliquam ut dui nibh."
      text run at (0,1659) width 360: "Cras faucibus imperdiet pellentesque. Curabitur vel tortor"
      text run at (0,1676) width 344: "quam, ut pharetra eros. Mauris euismod, justo in mattis"
      text run at (0,1693) width 373: "ultricies, risus velit pretium ligula, eu sodales libero dolor et"
      text run at (0,1710) width 354: "massa. Phasellus eros quam, faucibus sed consectetur et,"
      text run at (0,1727) width 356: "elementum ut erat. Morbi fringilla, lorem non fermentum"
      text run at (0,1744) width 372: "vulputate, quam metus ullamcorper quam, eu porttitor diam"
      text run at (0,1761) width 396: "metus eget augue. Donec non lorem et arcu adipiscing suscipit."
      text run at (0,1778) width 349: "Donec porta euismod magna a fermentum. Suspendisse"
      text run at (0,1795) width 336: "vestibulum rhoncus bibendum. Nam in nisi eget nulla"
      text run at (0,1812) width 399: "vestibulum rutrum. Aenean eu libero turpis. Lorem ipsum dolor"
      text run at (0,1829) width 392: "sit amet, consectetur adipiscing elit. Maecenas lacinia massa in"
      text run at (0,1846) width 347: "lectus pretium vulputate. Curabitur viverra augue in leo"
      text run at (0,1863) width 366: "faucibus congue. Vestibulum ligula neque, commodo eget"
      text run at (0,1880) width 372: "blandit sit amet, facilisis vitae mi. Vivamus pretium lorem a"
      text run at (0,1897) width 392: "quam imperdiet in placerat purus sagittis. Aliquam ut dui nibh."
      text run at (0,1925) width 360: "Cras faucibus imperdiet pellentesque. Curabitur vel tortor"
      text run at (0,1942) width 344: "quam, ut pharetra eros. Mauris euismod, justo in mattis"
      text run at (0,1959) width 373: "ultricies, risus velit pretium ligula, eu sodales libero dolor et"
      text run at (0,1976) width 354: "massa. Phasellus eros quam, faucibus sed consectetur et,"
      text run at (0,1993) width 356: "elementum ut erat. Morbi fringilla, lorem non fermentum"
      text run at (0,2010) width 372: "vulputate, quam metus ullamcorper quam, eu porttitor diam"
      text run at (0,2027) width 396: "metus eget augue. Donec non lorem et arcu adipiscing suscipit."
      text run at (0,2044) width 349: "Donec porta euismod magna a fermentum. Suspendisse"
      text run at (0,2061) width 336: "vestibulum rhoncus bibendum. Nam in nisi eget nulla"
      text run at (0,2078) width 274: "vestibulum rutrum. Aenean eu libero turpis."
