layer at (0,0) size 800x600
  RenderView at (0,0) size 800x600
layer at (0,0) size 800x600
  RenderBlock {HTML} at (0,0) size 800x600
    RenderBody {BODY} at (8,8) size 784x584
      RenderTable {TABLE} at (0,0) size 106x106
        RenderTableSection {TBODY} at (0,0) size 106x106
          RenderTableRow {TR} at (0,2) size 106x102
            RenderTableCell {TD} at (2,2) size 102x102 [bgcolor=#CCCCCC] [r=0 c=0 rs=1 cs=1]
      RenderBlock (anonymous) at (0,106) size 784x119
        RenderText {#text} at (0,0) size 764x34
          text run at (0,0) width 764: "Here it is: a gray, one-cell, no-width-specified table, with a 100x100 scrolling (overflow:auto) div inside. In this div, there"
          text run at (0,17) width 367: "are floating (float: left) span tags with content inside (text)."
        RenderBR {BR} at (367,31) size 0x0
        RenderBR {BR} at (0,34) size 0x17
        RenderText {#text} at (0,51) size 746x34
          text run at (0,51) width 746: "You would expect that the table would expand to fit the defined width of the div tag. But in Safari and Shiira, the table"
          text run at (0,68) width 195: "expands to fit the height of the "
        RenderInline {I} at (0,0) size 133x17
          RenderText {#text} at (195,68) size 133x17
            text run at (195,68) width 133: "content inside the div"
        RenderText {#text} at (328,68) size 777x34
          text run at (328,68) width 449: ", not the height of the div. This behavior does not occur if the content is"
          text run at (0,85) width 71: "not floated."
        RenderBR {BR} at (71,99) size 0x0
        RenderBR {BR} at (0,102) size 0x17
layer at (11,11) size 100x100 clip at (11,11) size 85x100 scrollHeight 204
  RenderBlock {DIV} at (1,1) size 100x100
    RenderBlock (floating) {SPAN} at (0,0) size 28x17
      RenderText {#text} at (0,0) size 28x17
        text run at (0,0) width 28: "stuff"
    RenderBlock (floating) {SPAN} at (28,0) size 28x17
      RenderText {#text} at (0,0) size 28x17
        text run at (0,0) width 28: "stuff"
    RenderBlock (floating) {SPAN} at (56,0) size 28x17
      RenderText {#text} at (0,0) size 28x17
        text run at (0,0) width 28: "stuff"
    RenderBlock (floating) {SPAN} at (0,17) size 28x17
      RenderText {#text} at (0,0) size 28x17
        text run at (0,0) width 28: "stuff"
    RenderBlock (floating) {SPAN} at (28,17) size 28x17
      RenderText {#text} at (0,0) size 28x17
        text run at (0,0) width 28: "stuff"
    RenderBlock (floating) {SPAN} at (56,17) size 28x17
      RenderText {#text} at (0,0) size 28x17
        text run at (0,0) width 28: "stuff"
    RenderBlock (floating) {SPAN} at (0,34) size 28x17
      RenderText {#text} at (0,0) size 28x17
        text run at (0,0) width 28: "stuff"
    RenderBlock (floating) {SPAN} at (28,34) size 28x17
      RenderText {#text} at (0,0) size 28x17
        text run at (0,0) width 28: "stuff"
    RenderBlock (floating) {SPAN} at (56,34) size 28x17
      RenderText {#text} at (0,0) size 28x17
        text run at (0,0) width 28: "stuff"
    RenderBlock (floating) {SPAN} at (0,51) size 28x17
      RenderText {#text} at (0,0) size 28x17
        text run at (0,0) width 28: "stuff"
    RenderBlock (floating) {SPAN} at (28,51) size 28x17
      RenderText {#text} at (0,0) size 28x17
        text run at (0,0) width 28: "stuff"
    RenderBlock (floating) {SPAN} at (56,51) size 28x17
      RenderText {#text} at (0,0) size 28x17
        text run at (0,0) width 28: "stuff"
    RenderBlock (floating) {SPAN} at (0,68) size 28x17
      RenderText {#text} at (0,0) size 28x17
        text run at (0,0) width 28: "stuff"
    RenderBlock (floating) {SPAN} at (28,68) size 28x17
      RenderText {#text} at (0,0) size 28x17
        text run at (0,0) width 28: "stuff"
    RenderBlock (floating) {SPAN} at (56,68) size 28x17
      RenderText {#text} at (0,0) size 28x17
        text run at (0,0) width 28: "stuff"
    RenderBlock (floating) {SPAN} at (0,85) size 28x17
      RenderText {#text} at (0,0) size 28x17
        text run at (0,0) width 28: "stuff"
    RenderBlock (floating) {SPAN} at (28,85) size 28x17
      RenderText {#text} at (0,0) size 28x17
        text run at (0,0) width 28: "stuff"
    RenderBlock (floating) {SPAN} at (56,85) size 28x17
      RenderText {#text} at (0,0) size 28x17
        text run at (0,0) width 28: "stuff"
    RenderBlock (floating) {SPAN} at (0,102) size 28x17
      RenderText {#text} at (0,0) size 28x17
        text run at (0,0) width 28: "stuff"
    RenderBlock (floating) {SPAN} at (28,102) size 28x17
      RenderText {#text} at (0,0) size 28x17
        text run at (0,0) width 28: "stuff"
    RenderBlock (floating) {SPAN} at (56,102) size 28x17
      RenderText {#text} at (0,0) size 28x17
        text run at (0,0) width 28: "stuff"
    RenderBlock (floating) {SPAN} at (0,119) size 28x17
      RenderText {#text} at (0,0) size 28x17
        text run at (0,0) width 28: "stuff"
    RenderBlock (floating) {SPAN} at (28,119) size 28x17
      RenderText {#text} at (0,0) size 28x17
        text run at (0,0) width 28: "stuff"
    RenderBlock (floating) {SPAN} at (56,119) size 28x17
      RenderText {#text} at (0,0) size 28x17
        text run at (0,0) width 28: "stuff"
    RenderBlock (floating) {SPAN} at (0,136) size 28x17
      RenderText {#text} at (0,0) size 28x17
        text run at (0,0) width 28: "stuff"
    RenderBlock (floating) {SPAN} at (28,136) size 28x17
      RenderText {#text} at (0,0) size 28x17
        text run at (0,0) width 28: "stuff"
    RenderBlock (floating) {SPAN} at (56,136) size 28x17
      RenderText {#text} at (0,0) size 28x17
        text run at (0,0) width 28: "stuff"
    RenderBlock (floating) {SPAN} at (0,153) size 28x17
      RenderText {#text} at (0,0) size 28x17
        text run at (0,0) width 28: "stuff"
    RenderBlock (floating) {SPAN} at (28,153) size 28x17
      RenderText {#text} at (0,0) size 28x17
        text run at (0,0) width 28: "stuff"
    RenderBlock (floating) {SPAN} at (56,153) size 28x17
      RenderText {#text} at (0,0) size 28x17
        text run at (0,0) width 28: "stuff"
    RenderBlock (floating) {SPAN} at (0,170) size 28x17
      RenderText {#text} at (0,0) size 28x17
        text run at (0,0) width 28: "stuff"
    RenderBlock (floating) {SPAN} at (28,170) size 28x17
      RenderText {#text} at (0,0) size 28x17
        text run at (0,0) width 28: "stuff"
    RenderBlock (floating) {SPAN} at (56,170) size 28x17
      RenderText {#text} at (0,0) size 28x17
        text run at (0,0) width 28: "stuff"
    RenderBlock (floating) {SPAN} at (0,187) size 28x17
      RenderText {#text} at (0,0) size 28x17
        text run at (0,0) width 28: "stuff"
