layer at (0,0) size 800x600
  RenderView at (0,0) size 800x600
layer at (0,0) size 800x600
  RenderBlock {HTML} at (0,0) size 800x600
    RenderBody {BODY} at (8,8) size 784x576
      RenderBlock {P} at (0,0) size 784x27
        RenderText {#text} at (0,0) size 366x26
          text run at (0,0) width 366: "The following lines should be identical."
      RenderBlock {P} at (0,43) size 784x27
        RenderInline {SPAN} at (0,0) size 17x26 [color=#008000]
          RenderText {#text} at (0,0) size 17x26
            text run at (0,0) width 17: "A"
        RenderText {#text} at (16,0) size 23x26
          text run at (16,0) width 23: "-Z"
      RenderBlock {P} at (0,86) size 784x27
        RenderInline (generated) at (0,0) size 17x26 [color=#008000]
          RenderText {#text} at (0,0) size 17x26
            text run at (0,0) width 17: "A"
        RenderText {#text} at (16,0) size 23x26
          text run at (16,0) width 23: "-Z"
      RenderBlock {P} at (0,129) size 784x27
        RenderBlock (floating) at (0,0) size 17x27 [color=#008000]
          RenderText {#text} at (0,0) size 17x26
            text run at (0,0) width 17: "A"
        RenderText {#text} at (16,0) size 23x26
          text run at (16,0) width 23: "-Z"
