layer at (0,0) size 785x1061
  RenderView at (0,0) size 785x600
layer at (0,0) size 785x1061
  RenderBlock {HTML} at (0,0) size 785x1061
    RenderBody {BODY} at (8,8) size 769x1045
      RenderTable {TABLE} at (0,0) size 769x601 [border: (1px outset #808080)]
        RenderBlock {CAPTION} at (0,0) size 769x17
          RenderInline {NOBR} at (0,0) size 613x17
            RenderText {#text} at (78,0) size 613x17
              text run at (78,0) width 356: "caption is considered part of % width, not so in Nav4.6, "
              text run at (433,0) width 258: "caption is not considered part of %height"
          RenderText {#text} at (0,0) size 0x0
        RenderTableSection {TBODY} at (1,18) size 767x582
          RenderTableRow {TR} at (0,2) size 767x578
            RenderTableCell {TD} at (2,271) size 763x40 [border: (1px inset #808080)] [r=0 c=0 rs=1 cs=1]
              RenderText {#text} at (11,11) size 33x18
                text run at (11,12) width 33: "FOO"
      RenderBlock (anonymous) at (0,601) size 769x17
        RenderBR {BR} at (0,0) size 0x17
      RenderTable {TABLE} at (0,618) size 524x44 [border: (1px outset #808080)]
        RenderBlock {CAPTION} at (0,0) size 524x17
          RenderText {#text} at (231,0) size 62x17
            text run at (231,0) width 62: "top center"
        RenderTableSection {TBODY} at (1,18) size 522x25
          RenderTableRow {TR} at (0,2) size 522x21
            RenderTableCell {TD} at (2,2) size 518x21 [border: (1px inset #808080)] [r=0 c=0 rs=1 cs=1]
              RenderText {#text} at (2,2) size 514x17
                text run at (2,2) width 514: "FOO FOO FOO FOO FOO FOO FOO FOO FOO FOO FOO FOO FOO FOO"
      RenderBlock (anonymous) at (0,662) size 769x17
        RenderBR {BR} at (0,0) size 0x17
      RenderTable {TABLE} at (0,679) size 524x44 [border: (1px outset #808080)]
        RenderBlock {CAPTION} at (0,0) size 524x17
          RenderText {#text} at (471,0) size 53x17
            text run at (471,0) width 53: "top right"
        RenderTableSection {TBODY} at (1,18) size 522x25
          RenderTableRow {TR} at (0,2) size 522x21
            RenderTableCell {TD} at (2,2) size 518x21 [border: (1px inset #808080)] [r=0 c=0 rs=1 cs=1]
              RenderText {#text} at (2,2) size 514x17
                text run at (2,2) width 514: "FOO FOO FOO FOO FOO FOO FOO FOO FOO FOO FOO FOO FOO FOO"
      RenderBlock (anonymous) at (0,723) size 769x17
        RenderBR {BR} at (0,0) size 0x17
      RenderTable {TABLE} at (0,740) size 524x44 [border: (1px outset #808080)]
        RenderBlock {CAPTION} at (0,27) size 524x17
          RenderText {#text} at (219,0) size 86x17
            text run at (219,0) width 86: "bottom center"
        RenderTableSection {TBODY} at (1,1) size 522x25
          RenderTableRow {TR} at (0,2) size 522x21
            RenderTableCell {TD} at (2,2) size 518x21 [border: (1px inset #808080)] [r=0 c=0 rs=1 cs=1]
              RenderText {#text} at (2,2) size 514x17
                text run at (2,2) width 514: "FOO FOO FOO FOO FOO FOO FOO FOO FOO FOO FOO FOO FOO FOO"
      RenderBlock (anonymous) at (0,784) size 769x17
        RenderBR {BR} at (0,0) size 0x17
      RenderTable {TABLE} at (0,801) size 524x44 [border: (1px outset #808080)]
        RenderBlock {CAPTION} at (0,27) size 524x17
          RenderText {#text} at (0,0) size 68x17
            text run at (0,0) width 68: "bottom left"
        RenderTableSection {TBODY} at (1,1) size 522x25
          RenderTableRow {TR} at (0,2) size 522x21
            RenderTableCell {TD} at (2,2) size 518x21 [border: (1px inset #808080)] [r=0 c=0 rs=1 cs=1]
              RenderText {#text} at (2,2) size 514x17
                text run at (2,2) width 514: "FOO FOO FOO FOO FOO FOO FOO FOO FOO FOO FOO FOO FOO FOO"
      RenderBlock (anonymous) at (0,845) size 769x17
        RenderBR {BR} at (0,0) size 0x17
      RenderTable {TABLE} at (0,862) size 524x44 [border: (1px outset #808080)]
        RenderBlock {CAPTION} at (0,0) size 524x17
          RenderText {#text} at (231,0) size 62x17
            text run at (231,0) width 62: "top center"
        RenderTableSection {TBODY} at (1,18) size 522x25
          RenderTableRow {TR} at (0,2) size 522x21
            RenderTableCell {TD} at (2,2) size 518x21 [border: (1px inset #808080)] [r=0 c=0 rs=1 cs=1]
              RenderText {#text} at (2,2) size 514x17
                text run at (2,2) width 514: "FOO FOO FOO FOO FOO FOO FOO FOO FOO FOO FOO FOO FOO FOO"
      RenderBlock (anonymous) at (0,906) size 769x17
        RenderBR {BR} at (0,0) size 0x17
      RenderTable {TABLE} at (0,923) size 524x44 [border: (1px outset #808080)]
        RenderBlock {CAPTION} at (0,27) size 524x17
          RenderText {#text} at (219,0) size 86x17
            text run at (219,0) width 86: "bottom center"
        RenderTableSection {TBODY} at (1,1) size 522x25
          RenderTableRow {TR} at (0,2) size 522x21
            RenderTableCell {TD} at (2,2) size 518x21 [border: (1px inset #808080)] [r=0 c=0 rs=1 cs=1]
              RenderText {#text} at (2,2) size 514x17
                text run at (2,2) width 514: "FOO FOO FOO FOO FOO FOO FOO FOO FOO FOO FOO FOO FOO FOO"
      RenderBlock (anonymous) at (0,967) size 769x17
        RenderBR {BR} at (0,0) size 0x17
      RenderTable {TABLE} at (0,984) size 524x44 [border: (1px outset #808080)]
        RenderBlock {CAPTION} at (0,0) size 524x17
          RenderText {#text} at (231,0) size 62x17
            text run at (231,0) width 62: "top center"
        RenderTableSection {TBODY} at (1,18) size 522x25
          RenderTableRow {TR} at (0,2) size 522x21
            RenderTableCell {TD} at (2,2) size 518x21 [border: (1px inset #808080)] [r=0 c=0 rs=1 cs=1]
              RenderText {#text} at (2,2) size 514x17
                text run at (2,2) width 514: "FOO FOO FOO FOO FOO FOO FOO FOO FOO FOO FOO FOO FOO FOO"
      RenderBlock (anonymous) at (0,1028) size 769x17
        RenderBR {BR} at (0,0) size 0x17
