layer at (0,0) size 800x600
  RenderView at (0,0) size 800x600
layer at (0,0) size 800x600
  RenderBlock {HTML} at (0,0) size 800x600
    RenderBody {BODY} at (8,8) size 784x584
      RenderTable {TABLE} at (0,0) size 784x50 [border: (1px outset #808080)]
        RenderTableSection {TBODY} at (1,1) size 782x48
          RenderTableRow {TR} at (0,2) size 782x21
            RenderTableCell {TD} at (2,2) size 81x21 [bgcolor=#FF0000] [border: (1px inset #808080)] [r=0 c=0 rs=1 cs=1]
              RenderText {#text} at (2,2) size 77x17
                text run at (2,2) width 77: "fooooooooo"
            RenderTableCell {TD} at (85,2) size 81x21 [bgcolor=#008000] [border: (1px inset #808080)] [r=0 c=1 rs=1 cs=1]
              RenderText {#text} at (2,2) size 77x17
                text run at (2,2) width 77: "fooooooooo"
            RenderTableCell {TD} at (168,2) size 309x21 [bgcolor=#FFA500] [border: (1px inset #808080)] [r=0 c=2 rs=1 cs=2]
              RenderText {#text} at (2,2) size 96x17
                text run at (2,2) width 96: "foo foo foo foo"
            RenderTableCell {TD} at (478,2) size 303x21 [bgcolor=#0000FF] [border: (1px inset #808080)] [r=0 c=4 rs=1 cs=1]
              RenderText {#text} at (2,2) size 96x17
                text run at (2,2) width 96: "foo foo foo foo"
          RenderTableRow {TR} at (0,25) size 782x21
            RenderTableCell {TD} at (2,25) size 81x21 [bgcolor=#FF0000] [border: (1px inset #808080)] [r=1 c=0 rs=1 cs=1]
              RenderText {#text} at (2,2) size 77x17
                text run at (2,2) width 77: "fooooooooo"
            RenderTableCell {TD} at (85,25) size 81x21 [bgcolor=#008000] [border: (1px inset #808080)] [r=1 c=1 rs=1 cs=1]
              RenderText {#text} at (2,2) size 77x17
                text run at (2,2) width 77: "fooooooooo"
            RenderTableCell {TD} at (168,25) size 154x21 [bgcolor=#FFA500] [border: (1px inset #808080)] [r=1 c=2 rs=1 cs=1]
              RenderText {#text} at (2,2) size 96x17
                text run at (2,2) width 96: "foo foo foo foo"
            RenderTableCell {TD} at (323,25) size 154x21 [bgcolor=#FFA500] [border: (1px inset #808080)] [r=1 c=3 rs=1 cs=1]
              RenderText {#text} at (2,2) size 96x17
                text run at (2,2) width 96: "foo foo foo foo"
            RenderTableCell {TD} at (478,25) size 303x21 [bgcolor=#0000FF] [border: (1px inset #808080)] [r=1 c=4 rs=1 cs=1]
              RenderText {#text} at (2,2) size 96x17
                text run at (2,2) width 96: "foo foo foo foo"
      RenderBlock (anonymous) at (0,50) size 784x17
        RenderBR {BR} at (0,0) size 0x17
      RenderTable {TABLE} at (0,67) size 270x27 [border: (1px outset #808080)]
        RenderTableSection {TBODY} at (1,1) size 268x25
          RenderTableRow {TR} at (0,2) size 268x21
            RenderTableCell {TD} at (2,2) size 208x21 [border: (1px inset #808080)] [r=0 c=0 rs=1 cs=1]
              RenderText {#text} at (2,2) size 21x17
                text run at (2,2) width 21: "foo"
            RenderTableCell {TD} at (212,2) size 26x21 [border: (1px inset #808080)] [r=0 c=1 rs=1 cs=1]
              RenderText {#text} at (2,2) size 20x17
                text run at (2,2) width 20: "bar"
            RenderTableCell {TD} at (240,2) size 26x21 [border: (1px inset #808080)] [r=0 c=2 rs=1 cs=1]
              RenderText {#text} at (2,2) size 22x17
                text run at (2,2) width 22: "zap"
