layer at (0,0) size 785x691
  RenderView at (0,0) size 785x600
layer at (0,0) size 785x691
  RenderBlock {HTML} at (0,0) size 785x691
    RenderBody {BODY} at (8,8) size 769x675
      RenderTable {TABLE} at (0,0) size 150x27 [bgcolor=#00FF00] [border: (1px outset #808080)]
        RenderTableSection {TBODY} at (1,1) size 148x25
          RenderTableRow {TR} at (0,2) size 148x21
            RenderTableCell {TD} at (2,2) size 67x21 [border: (1px inset #808080)] [r=0 c=0 rs=1 cs=1]
              RenderText {#text} at (2,2) size 24x17
                text run at (2,2) width 24: "200"
            RenderTableCell {TD} at (70,2) size 77x21 [border: (1px inset #808080)] [r=0 c=1 rs=1 cs=1]
              RenderText {#text} at (2,2) size 63x17
                text run at (2,2) width 63: "one_hund"
      RenderBlock (anonymous) at (0,27) size 769x17
        RenderBR {BR} at (0,0) size 0x17
      RenderTable {TABLE} at (0,44) size 500x27 [border: (1px outset #808080)]
        RenderTableSection {TBODY} at (1,1) size 498x25
          RenderTableRow {TR} at (0,2) size 498x21
            RenderTableCell {TD} at (2,2) size 175x21 [bgcolor=#FF0000] [border: (1px inset #808080)] [r=0 c=0 rs=1 cs=1]
              RenderText {#text} at (2,2) size 77x17
                text run at (2,2) width 77: "fooooooooo"
            RenderTableCell {TD} at (178,2) size 175x21 [bgcolor=#008000] [border: (1px inset #808080)] [r=0 c=1 rs=1 cs=1]
              RenderText {#text} at (2,2) size 77x17
                text run at (2,2) width 77: "fooooooooo"
            RenderTableCell {TD} at (354,2) size 143x21 [bgcolor=#FFA500] [border: (1px inset #808080)] [r=0 c=2 rs=1 cs=1]
              RenderText {#text} at (2,2) size 96x17
                text run at (2,2) width 96: "foo foo foo foo"
      RenderBlock (anonymous) at (0,71) size 769x34
        RenderBR {BR} at (0,0) size 0x17
        RenderText {#text} at (0,17) size 365x17
          text run at (0,17) width 365: "fixed table - fixed cells are increased based on fixed width"
      RenderTable {TABLE} at (0,105) size 400x44 [border: (1px outset #808080)]
        RenderTableSection {TBODY} at (1,1) size 398x42
          RenderTableRow {TR} at (0,2) size 398x38
            RenderTableCell {TD} at (2,10) size 260x22 [border: (1px inset #808080)] [r=0 c=0 rs=1 cs=1]
              RenderText {#text} at (2,2) size 21x18
                text run at (2,3) width 21: "foo"
            RenderTableCell {TD} at (263,2) size 134x38 [border: (1px inset #808080)] [r=0 c=1 rs=1 cs=1]
              RenderText {#text} at (2,2) size 121x34
                text run at (2,2) width 121: "foo foo foo foo foo"
                text run at (2,19) width 71: "foo foo foo"
      RenderBlock (anonymous) at (0,149) size 769x51
        RenderBR {BR} at (0,0) size 0x17
        RenderBR {BR} at (0,17) size 0x17
        RenderText {#text} at (0,34) size 375x17
          text run at (0,34) width 375: "excess above min allocated based on fixed widths (not min)"
      RenderTable {TABLE} at (0,200) size 100x44 [border: (1px outset #808080)]
        RenderTableSection {TBODY} at (1,1) size 98x42
          RenderTableRow {TR} at (0,2) size 98x38
            RenderTableCell {TD} at (2,2) size 35x38 [border: (1px inset #808080)] [r=0 c=0 rs=1 cs=1]
              RenderText {#text} at (2,2) size 21x34
                text run at (2,2) width 21: "foo"
                text run at (2,19) width 21: "foo"
            RenderTableCell {TD} at (38,10) size 59x22 [border: (1px inset #808080)] [r=0 c=1 rs=1 cs=1]
              RenderText {#text} at (2,2) size 21x18
                text run at (2,3) width 21: "foo"
      RenderBlock (anonymous) at (0,244) size 769x34
        RenderBR {BR} at (0,0) size 0x17
        RenderText {#text} at (0,17) size 375x17
          text run at (0,17) width 375: "excess above min allocated based on fixed widths (not min)"
      RenderTable {TABLE} at (0,278) size 100x44 [border: (1px outset #808080)]
        RenderTableSection {TBODY} at (1,1) size 98x42
          RenderTableRow {TR} at (0,2) size 98x38
            RenderTableCell {TD} at (2,2) size 25x38 [border: (1px inset #808080)] [r=0 c=0 rs=1 cs=1]
              RenderText {#text} at (2,2) size 21x34
                text run at (2,2) width 21: "foo"
                text run at (2,19) width 21: "foo"
            RenderTableCell {TD} at (29,10) size 67x22 [border: (1px inset #808080)] [r=0 c=1 rs=1 cs=1]
              RenderText {#text} at (2,2) size 21x18
                text run at (2,3) width 21: "foo"
      RenderBlock (anonymous) at (0,322) size 769x17
        RenderBR {BR} at (0,0) size 0x17
      RenderTable {TABLE} at (0,339) size 600x27 [border: (1px outset #808080)]
        RenderTableSection {TBODY} at (1,1) size 598x25
          RenderTableRow {TR} at (0,2) size 598x21
            RenderTableCell {TD} at (2,2) size 25x21 [border: (1px inset #808080)] [r=0 c=0 rs=1 cs=1]
              RenderText {#text} at (2,2) size 21x17
                text run at (2,2) width 21: "foo"
            RenderTableCell {TD} at (29,2) size 567x21 [border: (1px inset #808080)] [r=0 c=1 rs=1 cs=1]
              RenderText {#text} at (2,2) size 21x17
                text run at (2,2) width 21: "foo"
      RenderBlock (anonymous) at (0,366) size 769x17
        RenderBR {BR} at (0,0) size 0x17
      RenderTable {TABLE} at (0,383) size 40x27 [border: (1px outset #808080)]
        RenderTableSection {TBODY} at (1,1) size 38x25
          RenderTableRow {TR} at (0,2) size 38x21
            RenderTableCell {TD} at (2,2) size 34x21 [border: (1px inset #808080)] [r=0 c=0 rs=1 cs=1]
              RenderText {#text} at (2,2) size 21x17
                text run at (2,2) width 21: "foo"
      RenderBlock (anonymous) at (0,410) size 769x34
        RenderBR {BR} at (0,0) size 0x17
        RenderText {#text} at (0,17) size 337x17
          text run at (0,17) width 337: "auto table - fixed width cell does not exceed viewport"
      RenderTable {TABLE} at (0,444) size 769x27 [border: (1px outset #808080)]
        RenderTableSection {TBODY} at (1,1) size 767x25
          RenderTableRow {TR} at (0,2) size 767x21
            RenderTableCell {TD} at (2,2) size 763x21 [border: (1px inset #808080)] [r=0 c=0 rs=1 cs=1]
              RenderText {#text} at (2,2) size 21x17
                text run at (2,2) width 21: "foo"
      RenderBlock (anonymous) at (0,471) size 769x34
        RenderBR {BR} at (0,0) size 0x17
        RenderText {#text} at (0,17) size 292x17
          text run at (0,17) width 292: "auto table - fixed cells cannot exceed viewport"
      RenderTable {TABLE} at (0,505) size 769x27 [border: (1px outset #808080)]
        RenderTableSection {TBODY} at (1,1) size 767x25
          RenderTableRow {TR} at (0,2) size 767x21
            RenderTableCell {TD} at (2,2) size 151x21 [border: (1px inset #808080)] [r=0 c=0 rs=1 cs=1]
              RenderText {#text} at (2,2) size 40x17
                text run at (2,2) width 40: "200px"
            RenderTableCell {TD} at (155,2) size 151x21 [border: (1px inset #808080)] [r=0 c=1 rs=1 cs=1]
              RenderText {#text} at (2,2) size 40x17
                text run at (2,2) width 40: "200px"
            RenderTableCell {TD} at (308,2) size 151x21 [border: (1px inset #808080)] [r=0 c=2 rs=1 cs=1]
              RenderText {#text} at (2,2) size 40x17
                text run at (2,2) width 40: "200px"
            RenderTableCell {TD} at (461,2) size 151x21 [border: (1px inset #808080)] [r=0 c=3 rs=1 cs=1]
              RenderText {#text} at (2,2) size 40x17
                text run at (2,2) width 40: "200px"
            RenderTableCell {TD} at (614,2) size 151x21 [border: (1px inset #808080)] [r=0 c=4 rs=1 cs=1]
              RenderText {#text} at (2,2) size 40x17
                text run at (2,2) width 40: "200px"
      RenderBlock (anonymous) at (0,532) size 769x34
        RenderBR {BR} at (0,0) size 0x17
        RenderText {#text} at (0,17) size 298x17
          text run at (0,17) width 298: "auto table - cell width does not include padding"
      RenderTable {TABLE} at (0,566) size 148x65 [border: (1px outset #808080)]
        RenderTableSection {TBODY} at (1,1) size 146x63
          RenderTableRow {TR} at (0,2) size 146x59
            RenderTableCell {TD} at (2,2) size 142x59 [border: (1px inset #808080)] [r=0 c=0 rs=1 cs=1]
              RenderText {#text} at (21,21) size 71x17
                text run at (21,21) width 71: "cell=100px"
      RenderBlock (anonymous) at (0,631) size 769x17
        RenderBR {BR} at (0,0) size 0x17
      RenderTable {TABLE} at (0,648) size 110x27 [border: (1px outset #808080)]
        RenderTableSection {TBODY} at (1,1) size 108x25
          RenderTableRow {TR} at (0,2) size 108x21
            RenderTableCell {TD} at (2,2) size 104x21 [border: (1px inset #808080)] [r=0 c=0 rs=1 cs=1]
              RenderText {#text} at (2,2) size 71x17
                text run at (2,2) width 71: "cell=100px"
