layer at (0,0) size 800x600
  RenderView at (0,0) size 800x600
layer at (0,0) size 800x600
  RenderBlock {HTML} at (0,0) size 800x600
    RenderBody {BODY} at (8,8) size 784x584
      RenderBlock (anonymous) at (0,0) size 784x17
        RenderText {#text} at (0,0) size 187x17
          text run at (0,0) width 187: "outer width=400 align=center"
      RenderTable {TABLE} at (192,17) size 400x49 [border: (1px outset #808080)]
        RenderTableSection {TBODY} at (1,1) size 398x47
          RenderTableRow {TR} at (0,2) size 398x43
            RenderTableCell {TD} at (2,2) size 394x43 [border: (1px inset #808080)] [r=0 c=0 rs=1 cs=1]
              RenderBlock {FORM} at (2,2) size 390x23
                RenderMenuList {SELECT} at (2,2) size 29x19 [bgcolor=#FFFFFF] [border: (1px solid #000000)]
                  RenderBlock (anonymous) at (1,1) size 27x17
                    RenderText at (0,0) size 27x17
                      text run at (0,0) width 27: "Test"
                RenderText {#text} at (0,0) size 0x0
      RenderBlock (anonymous) at (0,66) size 784x17
        RenderText {#text} at (0,0) size 296x17
          text run at (0,0) width 296: "outer width=400 inner width=200 align=center"
      RenderTable {TABLE} at (0,83) size 400x39 [border: (2px outset #808080)]
        RenderTableSection {TBODY} at (2,2) size 396x35
          RenderTableRow {TR} at (0,2) size 396x31
            RenderTableCell {TD} at (2,2) size 392x31 [border: (1px inset #808080)] [r=0 c=0 rs=1 cs=1]
              RenderTable {TABLE} at (96,2) size 200x27 [border: (1px outset #808080)]
                RenderTableSection {TBODY} at (1,1) size 198x25
                  RenderTableRow {TR} at (0,2) size 198x21
                    RenderTableCell {TD} at (2,2) size 194x21 [border: (1px inset #808080)] [r=0 c=0 rs=1 cs=1]
                      RenderText {#text} at (2,2) size 21x17
                        text run at (2,2) width 21: "foo"
      RenderBlock (anonymous) at (0,122) size 784x17
        RenderText {#text} at (0,0) size 181x17
          text run at (0,0) width 181: "outer auto inner align=center"
      RenderTable {TABLE} at (0,139) size 43x39 [border: (2px outset #808080)]
        RenderTableSection {TBODY} at (2,2) size 39x35
          RenderTableRow {TR} at (0,2) size 39x31
            RenderTableCell {TD} at (2,2) size 35x31 [border: (1px inset #808080)] [r=0 c=0 rs=1 cs=1]
              RenderTable {TABLE} at (2,2) size 31x27 [border: (1px outset #808080)]
                RenderTableSection {TBODY} at (1,1) size 29x25
                  RenderTableRow {TR} at (0,2) size 29x21
                    RenderTableCell {TD} at (2,2) size 25x21 [border: (1px inset #808080)] [r=0 c=0 rs=1 cs=1]
                      RenderText {#text} at (2,2) size 21x17
                        text run at (2,2) width 21: "foo"
      RenderBlock (anonymous) at (0,178) size 784x17
        RenderText {#text} at (0,0) size 215x17
          text run at (0,0) width 215: "outer width=50 inner align=center"
      RenderTable {TABLE} at (0,195) size 43x39 [border: (2px outset #808080)]
        RenderTableSection {TBODY} at (2,2) size 39x35
          RenderTableRow {TR} at (0,2) size 39x31
            RenderTableCell {TD} at (2,2) size 35x31 [border: (1px inset #808080)] [r=0 c=0 rs=1 cs=1]
              RenderTable {TABLE} at (2,2) size 31x27 [border: (1px outset #808080)]
                RenderTableSection {TBODY} at (1,1) size 29x25
                  RenderTableRow {TR} at (0,2) size 29x21
                    RenderTableCell {TD} at (2,2) size 25x21 [border: (1px inset #808080)] [r=0 c=0 rs=1 cs=1]
                      RenderText {#text} at (2,2) size 21x17
                        text run at (2,2) width 21: "foo"
      RenderBlock (anonymous) at (0,234) size 784x17
        RenderText {#text} at (0,0) size 226x17
          text run at (0,0) width 226: "outer width=50 inner margin-left:50"
      RenderTable {TABLE} at (0,251) size 93x39 [border: (2px outset #808080)]
        RenderTableSection {TBODY} at (2,2) size 89x35
          RenderTableRow {TR} at (0,2) size 89x31
            RenderTableCell {TD} at (2,2) size 85x31 [border: (1px inset #808080)] [r=0 c=0 rs=1 cs=1]
              RenderTable {TABLE} at (52,2) size 31x27 [border: (1px outset #808080)]
                RenderTableSection {TBODY} at (1,1) size 29x25
                  RenderTableRow {TR} at (0,2) size 29x21
                    RenderTableCell {TD} at (2,2) size 25x21 [border: (1px inset #808080)] [r=0 c=0 rs=1 cs=1]
                      RenderText {#text} at (2,2) size 21x17
                        text run at (2,2) width 21: "foo"
      RenderBlock (anonymous) at (0,290) size 784x17
        RenderText {#text} at (0,0) size 223x17
          text run at (0,0) width 223: "outer width=400 inner align=center"
      RenderTable {TABLE} at (0,307) size 400x39 [border: (2px outset #808080)]
        RenderTableSection {TBODY} at (2,2) size 396x35
          RenderTableRow {TR} at (0,2) size 396x31
            RenderTableCell {TD} at (2,2) size 115x31 [border: (1px inset #808080)] [r=0 c=0 rs=1 cs=1]
              RenderTable {TABLE} at (41,2) size 32x27 [border: (1px outset #808080)]
                RenderTableSection {TBODY} at (1,1) size 29x25
                  RenderTableRow {TR} at (0,2) size 29x21
                    RenderTableCell {TD} at (2,2) size 25x21 [border: (1px inset #808080)] [r=0 c=0 rs=1 cs=1]
                      RenderText {#text} at (2,2) size 21x17
                        text run at (2,2) width 21: "foo"
            RenderTableCell {TD} at (118,7) size 277x21 [border: (1px inset #808080)] [r=0 c=1 rs=1 cs=1]
              RenderText {#text} at (2,2) size 80x17
                text run at (2,2) width 80: "x x x x x x x"
      RenderBlock (anonymous) at (0,346) size 784x17
        RenderText {#text} at (0,0) size 223x17
          text run at (0,0) width 223: "outer width=400 inner align=center"
      RenderTable {TABLE} at (0,363) size 400x39 [border: (2px outset #808080)]
        RenderTableSection {TBODY} at (2,2) size 396x35
          RenderTableRow {TR} at (0,2) size 396x31
            RenderTableCell {TD} at (2,2) size 169x31 [border: (1px inset #808080)] [r=0 c=0 rs=1 cs=1]
              RenderTable {TABLE} at (54,2) size 61x27 [border: (1px outset #808080)]
                RenderTableSection {TBODY} at (1,1) size 58x25
                  RenderTableRow {TR} at (0,2) size 58x21
                    RenderTableCell {TD} at (2,2) size 54x21 [border: (1px inset #808080)] [r=0 c=0 rs=1 cs=1]
                      RenderText {#text} at (2,2) size 16x17
                        text run at (2,2) width 16: "50"
            RenderTableCell {TD} at (172,7) size 223x21 [border: (1px inset #808080)] [r=0 c=1 rs=1 cs=1]
              RenderText {#text} at (2,2) size 80x17
                text run at (2,2) width 80: "x x x x x x x"
      RenderBlock (anonymous) at (0,402) size 784x17
        RenderText {#text} at (0,0) size 19x17
          text run at (0,0) width 19: "-->"
