layer at (0,0) size 785x4332
  RenderView at (0,0) size 785x600
layer at (0,0) size 785x4332
  RenderBlock {HTML} at (0,0) size 785x4332
    RenderBody {BODY} at (8,8) size 769x4316
      RenderBlock {DIV} at (0,0) size 769x4301
        RenderBlock (anonymous) at (0,0) size 769x17
          RenderText {#text} at (0,0) size 4x17
            text run at (0,0) width 4: " "
        RenderTable {TABLE} at (67,17) size 474x4239
          RenderTableSection {TBODY} at (0,0) size 473x4239
            RenderTableRow {TR} at (0,0) size 473x20
              RenderTableCell {TD} at (0,0) size 473x20 [r=0 c=0 rs=1 cs=4]
                RenderBlock {P} at (7,0) size 459x0
                  RenderInline {B} at (0,0) size 0x0
                    RenderInline {SPAN} at (0,0) size 0x0
                      RenderInline {O:P} at (0,0) size 0x0
                RenderBlock {P} at (7,0) size 459x20
                  RenderInline {B} at (0,0) size 405x15
                    RenderInline {SPAN} at (0,0) size 405x15
                      RenderInline {FONT} at (0,0) size 405x20 [color=#008080]
                        RenderText {#text} at (27,0) size 405x20
                          text run at (27,0) width 190: "Radio Channel usage at "
                          text run at (216,0) width 216: "Bayside.    Rev date 6-25-01"
                RenderBlock {P} at (7,20) size 459x0
                  RenderInline {B} at (0,0) size 0x0
                    RenderInline {SPAN} at (0,0) size 0x0
                      RenderInline {O:P} at (0,0) size 0x0
            RenderTableRow {TR} at (0,20) size 473x32
              RenderTableCell {TD} at (0,20) size 99x32 [r=1 c=0 rs=1 cs=1]
                RenderInline {B} at (0,0) size 55x33
                  RenderInline {SPAN} at (0,0) size 55x32
                    RenderText {#text} at (22,0) size 55x32
                      text run at (22,0) width 55: "Channel"
                      text run at (23,16) width 52: "number"
                RenderText {#text} at (0,0) size 0x0
              RenderTableCell {TD} at (98,20) size 171x16 [r=1 c=1 rs=1 cs=1]
                RenderInline {B} at (0,0) size 97x17
                  RenderInline {SPAN} at (0,0) size 97x16
                    RenderText {#text} at (37,0) size 97x16
                      text run at (37,0) width 97: "Member name"
                RenderText {#text} at (0,0) size 0x0
              RenderTableCell {TD} at (268,20) size 100x32 [r=1 c=2 rs=1 cs=1]
                RenderBlock {P} at (7,0) size 85x16
                  RenderInline {B} at (0,0) size 47x15
                    RenderInline {SPAN} at (0,0) size 47x16
                      RenderText {#text} at (19,0) size 47x16
                        text run at (19,0) width 47: "Proper"
                      RenderInline {SPAN} at (0,0) size 1x16
                        RenderInline {O:P} at (0,0) size 1x16
                RenderBlock {P} at (7,16) size 85x16
                  RenderInline {B} at (0,0) size 37x15
                    RenderInline {SPAN} at (0,0) size 37x16
                      RenderText {#text} at (24,0) size 37x16
                        text run at (24,0) width 37: "Plane"
              RenderTableCell {TD} at (367,20) size 106x32 [r=1 c=3 rs=1 cs=1]
                RenderBlock {P} at (7,0) size 91x16
                  RenderInline {B} at (0,0) size 70x15
                    RenderInline {SPAN} at (0,0) size 70x16
                      RenderText {#text} at (10,0) size 70x16
                        text run at (10,0) width 70: "Helicopter"
                      RenderInline {SPAN} at (0,0) size 1x16
                        RenderInline {O:P} at (0,0) size 1x16
                RenderBlock {P} at (7,16) size 91x16
                  RenderInline {B} at (0,0) size 51x15
                    RenderInline {SPAN} at (0,0) size 51x16
                      RenderText {#text} at (20,0) size 51x16
                        text run at (20,0) width 51: "thingy.-"
            RenderTableRow {TR} at (0,52) size 473x30
              RenderTableCell {TD} at (0,52) size 99x15 [r=2 c=0 rs=1 cs=1]
                RenderBlock {P} at (7,0) size 84x15
                  RenderText {#text} at (34,0) size 15x15
                    text run at (34,0) width 15: "00"
                  RenderInline {SPAN} at (0,0) size 1x15
                    RenderInline {O:P} at (0,0) size 1x15
              RenderTableCell {TD} at (98,52) size 171x30 [r=2 c=1 rs=1 cs=1]
                RenderBlock {P} at (7,0) size 157x15
                  RenderText {#text} at (0,0) size 55x15
                    text run at (0,0) width 55: "Paul Scott"
                RenderBlock {P} at (7,15) size 157x15
                  RenderText {#text} at (0,0) size 93x15
                    text run at (0,0) width 93: "Donald Carvalho"
                  RenderInline {SPAN} at (0,0) size 0x15
                    RenderInline {O:P} at (0,0) size 0x15
              RenderTableCell {TD} at (268,52) size 100x15 [r=2 c=2 rs=1 cs=1]
                RenderBlock {P} at (7,0) size 85x15
                  RenderText {#text} at (34,0) size 17x15
                    text run at (34,0) width 17: "No"
                  RenderInline {SPAN} at (0,0) size 1x15
                    RenderInline {O:P} at (0,0) size 1x15
              RenderTableCell {TD} at (367,52) size 106x15 [r=2 c=3 rs=1 cs=1]
                RenderBlock {P} at (7,0) size 91x15
                  RenderText {#text} at (35,0) size 21x15
                    text run at (35,0) width 21: "Yes"
                  RenderInline {SPAN} at (0,0) size 1x15
                    RenderInline {O:P} at (0,0) size 1x15
            RenderTableRow {TR} at (0,82) size 473x15
              RenderTableCell {TD} at (0,82) size 99x15 [r=3 c=0 rs=1 cs=1]
                RenderBlock {P} at (7,0) size 84x15
                  RenderText {#text} at (34,0) size 15x15
                    text run at (34,0) width 15: "01"
                  RenderInline {SPAN} at (0,0) size 1x15
                    RenderInline {O:P} at (0,0) size 1x15
              RenderTableCell {TD} at (98,82) size 171x15 [r=3 c=1 rs=1 cs=1]
                RenderBlock {P} at (7,0) size 157x15
                  RenderText {#text} at (0,0) size 55x15
                    text run at (0,0) width 55: "Paul Scott"
                  RenderInline {SPAN} at (0,0) size 0x15
                    RenderInline {O:P} at (0,0) size 0x15
              RenderTableCell {TD} at (268,82) size 100x15 [r=3 c=2 rs=1 cs=1]
                RenderBlock {P} at (7,0) size 85x15
                  RenderText {#text} at (34,0) size 17x15
                    text run at (34,0) width 17: "No"
                  RenderInline {SPAN} at (0,0) size 1x15
                    RenderInline {O:P} at (0,0) size 1x15
              RenderTableCell {TD} at (367,82) size 106x15 [r=3 c=3 rs=1 cs=1]
                RenderBlock {P} at (7,0) size 91x15
                  RenderText {#text} at (35,0) size 21x15
                    text run at (35,0) width 21: "Yes"
                  RenderInline {SPAN} at (0,0) size 1x15
                    RenderInline {O:P} at (0,0) size 1x15
            RenderTableRow {TR} at (0,97) size 473x17
              RenderTableCell {TD} at (0,97) size 99x15 [r=4 c=0 rs=1 cs=1]
                RenderBlock {P} at (7,0) size 84x15
                  RenderInline {FONT} at (0,0) size 15x15
                    RenderText {#text} at (34,0) size 15x15
                      text run at (34,0) width 15: "02"
                  RenderText {#text} at (0,0) size 0x0
              RenderTableCell {TD} at (98,97) size 171x15 [r=4 c=1 rs=1 cs=1]
                RenderInline {FONT} at (0,0) size 57x15
                  RenderText {#text} at (7,0) size 57x15
                    text run at (7,0) width 57: "Don Coon"
                RenderText {#text} at (0,0) size 0x0
              RenderTableCell {TD} at (268,97) size 100x17 [r=4 c=2 rs=1 cs=1]
                RenderText {#text} at (7,0) size 5x17
                  text run at (7,0) width 5: " "
              RenderTableCell {TD} at (367,97) size 106x17 [r=4 c=3 rs=1 cs=1]
                RenderText {#text} at (7,0) size 5x17
                  text run at (7,0) width 5: " "
            RenderTableRow {TR} at (0,114) size 473x30
              RenderTableCell {TD} at (0,114) size 99x15 [r=5 c=0 rs=1 cs=1]
                RenderInline {FONT} at (0,0) size 15x15
                  RenderText {#text} at (42,0) size 15x15
                    text run at (42,0) width 15: "05"
                RenderText {#text} at (0,0) size 0x0
              RenderTableCell {TD} at (98,114) size 171x30 [r=5 c=1 rs=1 cs=1]
                RenderBlock {P} at (7,0) size 157x15
                  RenderInline {FONT} at (0,0) size 55x15
                    RenderText {#text} at (0,0) size 55x15
                      text run at (0,0) width 55: "Paul Scott"
                RenderBlock {P} at (7,15) size 157x15
                  RenderInline {FONT} at (0,0) size 51x15
                    RenderText {#text} at (0,0) size 51x15
                      text run at (0,0) width 51: "Bill Hunt"
                    RenderInline {SPAN} at (0,0) size 0x15
                      RenderInline {O:P} at (0,0) size 0x15
              RenderTableCell {TD} at (268,114) size 100x15 [r=5 c=2 rs=1 cs=1]
                RenderBlock {P} at (7,0) size 85x15
                  RenderInline {FONT} at (0,0) size 17x15
                    RenderText {#text} at (34,0) size 17x15
                      text run at (34,0) width 17: "No"
                    RenderInline {SPAN} at (0,0) size 1x15
                      RenderInline {O:P} at (0,0) size 1x15
              RenderTableCell {TD} at (367,114) size 106x15 [r=5 c=3 rs=1 cs=1]
                RenderBlock {P} at (7,0) size 91x15
                  RenderInline {FONT} at (0,0) size 21x15
                    RenderText {#text} at (35,0) size 21x15
                      text run at (35,0) width 21: "Yes"
                    RenderInline {SPAN} at (0,0) size 1x15
                      RenderInline {O:P} at (0,0) size 1x15
            RenderTableRow {TR} at (0,144) size 473x30
              RenderTableCell {TD} at (0,144) size 99x15 [r=6 c=0 rs=1 cs=1]
                RenderInline {FONT} at (0,0) size 15x15
                  RenderText {#text} at (42,0) size 15x15
                    text run at (42,0) width 15: "06"
                RenderText {#text} at (0,0) size 0x0
              RenderTableCell {TD} at (98,144) size 171x30 [r=6 c=1 rs=1 cs=1]
                RenderInline {FONT} at (0,0) size 131x30
                  RenderText {#text} at (7,0) size 131x30
                    text run at (7,0) width 131: "Gene Pheiffer                   "
                    text run at (7,15) width 83: "Alberto Lanzas"
                RenderText {#text} at (0,0) size 0x0
              RenderTableCell {TD} at (268,144) size 100x30 [r=6 c=2 rs=1 cs=1]
                RenderBlock {P} at (7,0) size 85x15
                  RenderText {#text} at (32,0) size 21x15
                    text run at (32,0) width 21: "Yes"
                RenderBlock {P} at (7,15) size 85x15
                  RenderText {#text} at (32,0) size 21x15
                    text run at (32,0) width 21: "Yes"
              RenderTableCell {TD} at (367,144) size 106x30 [r=6 c=3 rs=1 cs=1]
                RenderBlock (anonymous) at (7,0) size 91x15
                  RenderInline {SPAN} at (0,0) size 17x17
                    RenderInline {FONT} at (0,0) size 17x15
                      RenderText {#text} at (37,0) size 17x15
                        text run at (37,0) width 17: "No"
                  RenderText {#text} at (0,0) size 0x0
                RenderBlock {P} at (7,15) size 91x15
                  RenderText {#text} at (35,0) size 21x15
                    text run at (35,0) width 21: "Yes"
            RenderTableRow {TR} at (0,174) size 473x15
              RenderTableCell {TD} at (0,174) size 99x15 [r=7 c=0 rs=1 cs=1]
                RenderBlock {P} at (7,0) size 84x15
                  RenderInline {FONT} at (0,0) size 15x15
                    RenderText {#text} at (34,0) size 15x15
                      text run at (34,0) width 15: "07"
                  RenderText {#text} at (0,0) size 0x0
              RenderTableCell {TD} at (98,174) size 171x15 [r=7 c=1 rs=1 cs=1]
                RenderInline {FONT} at (0,0) size 52x15
                  RenderText {#text} at (7,0) size 52x15
                    text run at (7,0) width 52: "Phil Cole"
                RenderText {#text} at (0,0) size 0x0
              RenderTableCell {TD} at (268,174) size 100x15 [r=7 c=2 rs=1 cs=1]
                RenderBlock {P} at (7,0) size 85x15
                  RenderInline {FONT} at (0,0) size 21x15
                    RenderText {#text} at (32,0) size 21x15
                      text run at (32,0) width 21: "Yes"
                  RenderText {#text} at (0,0) size 0x0
              RenderTableCell {TD} at (367,174) size 106x15 [r=7 c=3 rs=1 cs=1]
                RenderBlock {P} at (7,0) size 91x15
                  RenderInline {FONT} at (0,0) size 21x15
                    RenderText {#text} at (35,0) size 21x15
                      text run at (35,0) width 21: "Yes"
                  RenderText {#text} at (0,0) size 0x0
            RenderTableRow {TR} at (0,189) size 473x30
              RenderTableCell {TD} at (0,189) size 99x15 [r=8 c=0 rs=1 cs=1]
                RenderBlock {P} at (7,0) size 84x15
                  RenderText {#text} at (34,0) size 15x15
                    text run at (34,0) width 15: "08"
                  RenderInline {SPAN} at (0,0) size 1x15
                    RenderInline {O:P} at (0,0) size 1x15
              RenderTableCell {TD} at (98,189) size 171x30 [r=8 c=1 rs=1 cs=1]
                RenderBlock {P} at (7,0) size 157x15
                  RenderText {#text} at (0,0) size 55x15
                    text run at (0,0) width 55: "Paul Scott"
                RenderBlock {P} at (7,15) size 157x15
                  RenderText {#text} at (0,0) size 73x15
                    text run at (0,0) width 73: "Gene Pheiffer"
                  RenderInline {SPAN} at (0,0) size 0x15
                    RenderInline {O:P} at (0,0) size 0x15
              RenderTableCell {TD} at (268,189) size 100x30 [r=8 c=2 rs=1 cs=1]
                RenderBlock {P} at (7,0) size 85x15
                  RenderText {#text} at (34,0) size 17x15
                    text run at (34,0) width 17: "No"
                RenderBlock {P} at (7,15) size 85x15
                  RenderText {#text} at (32,0) size 21x15
                    text run at (32,0) width 21: "Yes"
                  RenderInline {SPAN} at (0,0) size 1x15
                    RenderInline {O:P} at (0,0) size 1x15
              RenderTableCell {TD} at (367,189) size 106x30 [r=8 c=3 rs=1 cs=1]
                RenderBlock {P} at (7,0) size 91x15
                  RenderText {#text} at (35,0) size 21x15
                    text run at (35,0) width 21: "Yes"
                RenderBlock {P} at (7,15) size 91x15
                  RenderText {#text} at (37,0) size 17x15
                    text run at (37,0) width 17: "No"
                  RenderInline {SPAN} at (0,0) size 1x15
                    RenderInline {O:P} at (0,0) size 1x15
            RenderTableRow {TR} at (0,219) size 473x45
              RenderTableCell {TD} at (0,219) size 99x15 [r=9 c=0 rs=1 cs=1]
                RenderBlock {P} at (7,0) size 84x15
                  RenderText {#text} at (2,0) size 79x15
                    text run at (2,0) width 79: "Programmable"
                  RenderInline {SPAN} at (0,0) size 1x15
                    RenderInline {O:P} at (0,0) size 1x15
              RenderTableCell {TD} at (98,219) size 171x45 [r=9 c=1 rs=1 cs=1]
                RenderBlock {P} at (7,0) size 157x15
                  RenderText {#text} at (0,0) size 104x15
                    text run at (0,0) width 104: "Richard Pevehouse"
                  RenderInline {SPAN} at (0,0) size 0x15
                    RenderInline {O:P} at (0,0) size 0x15
                RenderBlock {P} at (7,15) size 157x15
                  RenderText {#text} at (0,0) size 61x15
                    text run at (0,0) width 61: "Gary Heath"
                RenderBlock {P} at (7,30) size 157x15
                  RenderText {#text} at (0,0) size 62x15
                    text run at (0,0) width 62: "Scott Hersh"
                  RenderInline {SPAN} at (0,0) size 0x15
                    RenderInline {O:P} at (0,0) size 0x15
              RenderTableCell {TD} at (268,219) size 100x30 [r=9 c=2 rs=1 cs=1]
                RenderBlock {P} at (7,0) size 85x15
                  RenderText {#text} at (32,0) size 21x15
                    text run at (32,0) width 21: "Yes"
                  RenderInline {SPAN} at (0,0) size 1x15
                    RenderInline {O:P} at (0,0) size 1x15
                RenderBlock {P} at (7,15) size 85x15
                  RenderText {#text} at (34,0) size 17x15
                    text run at (34,0) width 17: "No"
                  RenderInline {SPAN} at (0,0) size 1x15
                    RenderInline {O:P} at (0,0) size 1x15
              RenderTableCell {TD} at (367,219) size 106x30 [r=9 c=3 rs=1 cs=1]
                RenderBlock {P} at (7,0) size 91x15
                  RenderText {#text} at (37,0) size 17x15
                    text run at (37,0) width 17: "No"
                  RenderInline {SPAN} at (0,0) size 1x15
                    RenderInline {O:P} at (0,0) size 1x15
                RenderBlock {P} at (7,15) size 91x15
                  RenderText {#text} at (35,0) size 21x15
                    text run at (35,0) width 21: "Yes"
                  RenderInline {SPAN} at (0,0) size 1x15
                    RenderInline {O:P} at (0,0) size 1x15
            RenderTableRow {TR} at (0,264) size 473x105
              RenderTableCell {TD} at (0,264) size 99x15 [r=10 c=0 rs=1 cs=1]
                RenderBlock {P} at (7,0) size 84x15
                  RenderText {#text} at (34,0) size 15x15
                    text run at (34,0) width 15: "11"
                  RenderInline {SPAN} at (0,0) size 1x15
                    RenderInline {O:P} at (0,0) size 1x15
              RenderTableCell {TD} at (98,264) size 171x105 [r=10 c=1 rs=1 cs=1]
                RenderBlock {P} at (7,0) size 157x15
                  RenderText {#text} at (0,0) size 80x15
                    text run at (0,0) width 80: "George Cowan"
                  RenderInline {SPAN} at (0,0) size 0x15
                    RenderInline {O:P} at (0,0) size 0x15
                RenderBlock {P} at (7,15) size 157x15
                  RenderText {#text} at (0,0) size 75x15
                    text run at (0,0) width 75: "Rick Klement"
                  RenderInline {SPAN} at (0,0) size 0x15
                    RenderInline {O:P} at (0,0) size 0x15
                RenderBlock {P} at (7,30) size 157x15
                  RenderText {#text} at (0,0) size 78x15
                    text run at (0,0) width 78: "John Mathews"
                RenderBlock {P} at (7,45) size 157x15
                  RenderText {#text} at (0,0) size 55x15
                    text run at (0,0) width 55: "Ed Cypret"
                RenderBlock {P} at (7,60) size 157x15
                  RenderText {#text} at (0,0) size 83x15
                    text run at (0,0) width 83: "John Chamorro"
                RenderBlock {P} at (7,75) size 157x15
                  RenderText {#text} at (0,0) size 84x15
                    text run at (0,0) width 84: "John Yearwood"
                RenderBlock {P} at (7,90) size 157x15
                  RenderText {#text} at (0,0) size 85x15
                    text run at (0,0) width 85: "Jason Anderson"
                  RenderInline {SPAN} at (0,0) size 0x15
                    RenderInline {O:P} at (0,0) size 0x15
              RenderTableCell {TD} at (268,264) size 100x105 [r=10 c=2 rs=1 cs=1]
                RenderBlock {P} at (7,0) size 85x15
                  RenderText {#text} at (32,0) size 21x15
                    text run at (32,0) width 21: "Yes"
                  RenderInline {SPAN} at (0,0) size 1x15
                    RenderInline {O:P} at (0,0) size 1x15
                RenderBlock {P} at (7,15) size 85x15
                  RenderText {#text} at (32,0) size 21x15
                    text run at (32,0) width 21: "Yes"
                  RenderInline {SPAN} at (0,0) size 1x15
                    RenderInline {O:P} at (0,0) size 1x15
                RenderBlock {P} at (7,30) size 85x15
                  RenderText {#text} at (32,0) size 21x15
                    text run at (32,0) width 21: "Yes"
                RenderBlock {P} at (7,45) size 85x15
                  RenderText {#text} at (40,0) size 4x15
                    text run at (40,0) width 4: " "
                RenderBlock {P} at (7,60) size 85x15
                  RenderText {#text} at (40,0) size 4x15
                    text run at (40,0) width 4: " "
                RenderBlock {P} at (7,75) size 85x15
                  RenderText {#text} at (32,0) size 21x15
                    text run at (32,0) width 21: "Yes"
                RenderBlock {P} at (7,90) size 85x15
                  RenderText {#text} at (32,0) size 21x15
                    text run at (32,0) width 21: "Yes"
                  RenderInline {SPAN} at (0,0) size 1x15
                    RenderInline {O:P} at (0,0) size 1x15
              RenderTableCell {TD} at (367,264) size 106x105 [r=10 c=3 rs=1 cs=1]
                RenderBlock {P} at (7,0) size 91x15
                  RenderText {#text} at (37,0) size 17x15
                    text run at (37,0) width 17: "No"
                  RenderInline {SPAN} at (0,0) size 1x15
                    RenderInline {O:P} at (0,0) size 1x15
                RenderBlock {P} at (7,15) size 91x15
                  RenderText {#text} at (35,0) size 21x15
                    text run at (35,0) width 21: "Yes"
                  RenderInline {SPAN} at (0,0) size 1x15
                    RenderInline {O:P} at (0,0) size 1x15
                RenderBlock {P} at (7,30) size 91x15
                  RenderText {#text} at (37,0) size 17x15
                    text run at (37,0) width 17: "No"
                RenderBlock {P} at (7,45) size 91x15
                  RenderText {#text} at (43,0) size 4x15
                    text run at (43,0) width 4: " "
                RenderBlock {P} at (7,60) size 91x15
                  RenderText {#text} at (43,0) size 4x15
                    text run at (43,0) width 4: " "
                RenderBlock {P} at (7,75) size 91x15
                  RenderText {#text} at (37,0) size 17x15
                    text run at (37,0) width 17: "No"
                RenderBlock {P} at (7,90) size 91x15
                  RenderText {#text} at (37,0) size 17x15
                    text run at (37,0) width 17: "No"
                  RenderInline {SPAN} at (0,0) size 1x15
                    RenderInline {O:P} at (0,0) size 1x15
            RenderTableRow {TR} at (0,369) size 473x75
              RenderTableCell {TD} at (0,369) size 99x15 [r=11 c=0 rs=1 cs=1]
                RenderBlock {P} at (7,0) size 84x15
                  RenderText {#text} at (34,0) size 15x15
                    text run at (34,0) width 15: "12"
                  RenderInline {SPAN} at (0,0) size 1x15
                    RenderInline {O:P} at (0,0) size 1x15
              RenderTableCell {TD} at (98,369) size 171x75 [r=11 c=1 rs=1 cs=1]
                RenderBlock {P} at (7,0) size 157x15
                  RenderText {#text} at (0,0) size 75x15
                    text run at (0,0) width 75: "Rick Klement"
                RenderBlock {P} at (7,15) size 157x15
                  RenderText {#text} at (0,0) size 84x15
                    text run at (0,0) width 84: "George Coward"
                RenderBlock {P} at (7,30) size 157x15
                  RenderText {#text} at (0,0) size 86x15
                    text run at (0,0) width 86: "Gerald Cardinal"
                RenderBlock {P} at (7,45) size 157x15
                  RenderText {#text} at (0,0) size 72x15
                    text run at (0,0) width 72: "Brock Brown"
                RenderBlock {P} at (7,60) size 157x15
                  RenderText {#text} at (0,0) size 98x15
                    text run at (0,0) width 98: "Ellsworth Crowell"
              RenderTableCell {TD} at (268,369) size 100x75 [r=11 c=2 rs=1 cs=1]
                RenderBlock {P} at (7,0) size 85x15
                  RenderText {#text} at (32,0) size 21x15
                    text run at (32,0) width 21: "Yes"
                RenderBlock {P} at (7,15) size 85x15
                  RenderText {#text} at (32,0) size 21x15
                    text run at (32,0) width 21: "Yes"
                RenderBlock {P} at (7,30) size 85x15
                  RenderText {#text} at (40,0) size 4x15
                    text run at (40,0) width 4: " "
                RenderBlock {P} at (7,45) size 85x15
                  RenderText {#text} at (32,0) size 21x15
                    text run at (32,0) width 21: "Yes"
                RenderBlock {P} at (7,60) size 85x15
                  RenderText {#text} at (32,0) size 21x15
                    text run at (32,0) width 21: "Yes"
                  RenderInline {SPAN} at (0,0) size 1x15
                    RenderInline {O:P} at (0,0) size 1x15
              RenderTableCell {TD} at (367,369) size 106x75 [r=11 c=3 rs=1 cs=1]
                RenderBlock {P} at (7,0) size 91x15
                  RenderText {#text} at (35,0) size 21x15
                    text run at (35,0) width 21: "Yes"
                RenderBlock {P} at (7,15) size 91x15
                  RenderText {#text} at (37,0) size 17x15
                    text run at (37,0) width 17: "No"
                RenderBlock {P} at (7,30) size 91x15
                  RenderText {#text} at (43,0) size 4x15
                    text run at (43,0) width 4: " "
                RenderBlock {P} at (7,45) size 91x15
                  RenderText {#text} at (37,0) size 17x15
                    text run at (37,0) width 17: "No"
                RenderBlock {P} at (7,60) size 91x15
                  RenderText {#text} at (37,0) size 17x15
                    text run at (37,0) width 17: "No"
                  RenderInline {SPAN} at (0,0) size 1x15
                    RenderInline {O:P} at (0,0) size 1x15
            RenderTableRow {TR} at (0,444) size 473x60
              RenderTableCell {TD} at (0,444) size 99x15 [r=12 c=0 rs=1 cs=1]
                RenderBlock {P} at (7,0) size 84x15
                  RenderText {#text} at (34,0) size 15x15
                    text run at (34,0) width 15: "13"
                  RenderInline {SPAN} at (0,0) size 1x15
                    RenderInline {O:P} at (0,0) size 1x15
              RenderTableCell {TD} at (98,444) size 171x60 [r=12 c=1 rs=1 cs=1]
                RenderBlock {P} at (7,0) size 157x15
                  RenderText {#text} at (0,0) size 65x15
                    text run at (0,0) width 65: " Oliver Baer"
                RenderBlock {P} at (7,15) size 157x15
                  RenderText {#text} at (0,0) size 58x15
                    text run at (0,0) width 58: "Joe Araujo"
                RenderBlock {P} at (7,30) size 157x15
                  RenderText {#text} at (0,0) size 74x15
                    text run at (0,0) width 74: "Jim Mirowski"
                RenderBlock {P} at (7,45) size 157x15
                  RenderText {#text} at (0,0) size 62x15
                    text run at (0,0) width 62: "Scott Hersh"
                  RenderInline {SPAN} at (0,0) size 0x15
                    RenderInline {O:P} at (0,0) size 0x15
              RenderTableCell {TD} at (268,444) size 100x60 [r=12 c=2 rs=1 cs=1]
                RenderBlock {P} at (7,0) size 85x15
                  RenderText {#text} at (30,0) size 24x15
                    text run at (30,0) width 24: " Yes"
                RenderBlock {P} at (7,15) size 85x15
                  RenderText {#text} at (40,0) size 4x15
                    text run at (40,0) width 4: " "
                RenderBlock {P} at (7,30) size 85x15
                  RenderText {#text} at (40,0) size 4x15
                    text run at (40,0) width 4: " "
                RenderBlock {P} at (7,45) size 85x15
                  RenderText {#text} at (32,0) size 21x15
                    text run at (32,0) width 21: "Yes"
                  RenderInline {SPAN} at (0,0) size 1x15
                    RenderInline {O:P} at (0,0) size 1x15
              RenderTableCell {TD} at (367,444) size 106x60 [r=12 c=3 rs=1 cs=1]
                RenderBlock {P} at (7,0) size 91x15
                  RenderText {#text} at (35,0) size 20x15
                    text run at (35,0) width 20: " No"
                RenderBlock {P} at (7,15) size 91x15
                  RenderText {#text} at (43,0) size 4x15
                    text run at (43,0) width 4: " "
                RenderBlock {P} at (7,30) size 91x15
                  RenderText {#text} at (43,0) size 4x15
                    text run at (43,0) width 4: " "
                RenderBlock {P} at (7,45) size 91x15
                  RenderText {#text} at (37,0) size 17x15
                    text run at (37,0) width 17: "No"
                  RenderInline {SPAN} at (0,0) size 1x15
                    RenderInline {O:P} at (0,0) size 1x15
            RenderTableRow {TR} at (0,504) size 473x45
              RenderTableCell {TD} at (0,504) size 99x15 [r=13 c=0 rs=1 cs=1]
                RenderBlock {P} at (7,0) size 84x15
                  RenderText {#text} at (34,0) size 15x15
                    text run at (34,0) width 15: "14"
                  RenderInline {SPAN} at (0,0) size 1x15
                    RenderInline {O:P} at (0,0) size 1x15
              RenderTableCell {TD} at (98,504) size 171x45 [r=13 c=1 rs=1 cs=1]
                RenderBlock {P} at (7,0) size 157x15
                  RenderText {#text} at (0,0) size 61x15
                    text run at (0,0) width 61: " Joe Araujo"
                RenderBlock {P} at (7,15) size 157x15
                  RenderText {#text} at (0,0) size 71x15
                    text run at (0,0) width 71: "Steve Gilbert"
                RenderBlock {P} at (7,30) size 157x15
                  RenderText {#text} at (0,0) size 78x15
                    text run at (0,0) width 78: "Gary Williams"
                  RenderInline {SPAN} at (0,0) size 0x15
                    RenderInline {O:P} at (0,0) size 0x15
              RenderTableCell {TD} at (268,504) size 100x30 [r=13 c=2 rs=1 cs=1]
                RenderBlock {P} at (7,0) size 85x15
                  RenderText {#text} at (40,0) size 4x15
                    text run at (40,0) width 4: " "
                RenderBlock {P} at (7,15) size 85x15
                  RenderText {#text} at (32,0) size 21x15
                    text run at (32,0) width 21: "Yes"
                  RenderInline {SPAN} at (0,0) size 1x15
                    RenderInline {O:P} at (0,0) size 1x15
              RenderTableCell {TD} at (367,504) size 106x30 [r=13 c=3 rs=1 cs=1]
                RenderBlock {P} at (7,0) size 91x15
                  RenderText {#text} at (43,0) size 4x15
                    text run at (43,0) width 4: " "
                RenderBlock {P} at (7,15) size 91x15
                  RenderText {#text} at (37,0) size 17x15
                    text run at (37,0) width 17: "No"
                  RenderInline {SPAN} at (0,0) size 1x15
                    RenderInline {O:P} at (0,0) size 1x15
            RenderTableRow {TR} at (0,549) size 473x75
              RenderTableCell {TD} at (0,549) size 99x15 [r=14 c=0 rs=1 cs=1]
                RenderBlock {P} at (7,0) size 84x15
                  RenderText {#text} at (34,0) size 15x15
                    text run at (34,0) width 15: "15"
                  RenderInline {SPAN} at (0,0) size 1x15
                    RenderInline {O:P} at (0,0) size 1x15
              RenderTableCell {TD} at (98,549) size 171x75 [r=14 c=1 rs=1 cs=1]
                RenderBlock {P} at (7,0) size 157x15
                  RenderText {#text} at (0,0) size 65x15
                    text run at (0,0) width 65: " Oliver Baer"
                RenderBlock {P} at (7,15) size 157x15
                  RenderText {#text} at (0,0) size 53x15
                    text run at (0,0) width 53: "Joe Smith"
                RenderBlock {P} at (7,30) size 157x15
                  RenderText {#text} at (0,0) size 55x15
                    text run at (0,0) width 55: "John Paye"
                RenderBlock {P} at (7,45) size 157x15
                  RenderText {#text} at (0,0) size 84x15
                    text run at (0,0) width 84: "John Yearwood"
                RenderBlock {P} at (7,60) size 157x15
                  RenderText {#text} at (0,0) size 70x15
                    text run at (0,0) width 70: "Harald Close"
                  RenderInline {SPAN} at (0,0) size 0x15
                    RenderInline {O:P} at (0,0) size 0x15
              RenderTableCell {TD} at (268,549) size 100x75 [r=14 c=2 rs=1 cs=1]
                RenderBlock {P} at (7,0) size 85x15
                  RenderText {#text} at (30,0) size 24x15
                    text run at (30,0) width 24: " Yes"
                RenderBlock {P} at (7,15) size 85x15
                  RenderText {#text} at (40,0) size 4x15
                    text run at (40,0) width 4: " "
                RenderBlock {P} at (7,30) size 85x15
                  RenderText {#text} at (40,0) size 4x15
                    text run at (40,0) width 4: " "
                RenderBlock {P} at (7,45) size 85x15
                  RenderText {#text} at (32,0) size 21x15
                    text run at (32,0) width 21: "Yes"
                RenderBlock {P} at (7,60) size 85x15
                  RenderText {#text} at (32,0) size 21x15
                    text run at (32,0) width 21: "Yes"
                  RenderInline {SPAN} at (0,0) size 1x15
                    RenderInline {O:P} at (0,0) size 1x15
              RenderTableCell {TD} at (367,549) size 106x75 [r=14 c=3 rs=1 cs=1]
                RenderBlock {P} at (7,0) size 91x15
                  RenderText {#text} at (35,0) size 20x15
                    text run at (35,0) width 20: " No"
                RenderBlock {P} at (7,15) size 91x15
                  RenderText {#text} at (43,0) size 4x15
                    text run at (43,0) width 4: " "
                RenderBlock {P} at (7,30) size 91x15
                  RenderText {#text} at (43,0) size 4x15
                    text run at (43,0) width 4: " "
                RenderBlock {P} at (7,45) size 91x15
                  RenderText {#text} at (37,0) size 17x15
                    text run at (37,0) width 17: "No"
                RenderBlock {P} at (7,60) size 91x15
                  RenderText {#text} at (37,0) size 17x15
                    text run at (37,0) width 17: "No"
                  RenderInline {SPAN} at (0,0) size 1x15
                    RenderInline {O:P} at (0,0) size 1x15
            RenderTableRow {TR} at (0,624) size 473x30
              RenderTableCell {TD} at (0,624) size 99x15 [r=15 c=0 rs=1 cs=1]
                RenderBlock {P} at (7,0) size 84x15
                  RenderText {#text} at (34,0) size 15x15
                    text run at (34,0) width 15: "16"
                  RenderInline {SPAN} at (0,0) size 1x15
                    RenderInline {O:P} at (0,0) size 1x15
              RenderTableCell {TD} at (98,624) size 171x30 [r=15 c=1 rs=1 cs=1]
                RenderBlock {P} at (7,0) size 157x15
                  RenderText {#text} at (0,0) size 82x15
                    text run at (0,0) width 82: " James Haladus"
                RenderBlock {P} at (7,15) size 157x15
                  RenderText {#text} at (0,0) size 53x15
                    text run at (0,0) width 53: "Joe Smith"
                  RenderInline {SPAN} at (0,0) size 0x15
                    RenderInline {O:P} at (0,0) size 0x15
              RenderTableCell {TD} at (268,624) size 100x15 [r=15 c=2 rs=1 cs=1]
                RenderBlock {P} at (7,0) size 85x15
                  RenderText {#text} at (30,0) size 24x15
                    text run at (30,0) width 24: " Yes"
                  RenderInline {SPAN} at (0,0) size 1x15
                    RenderInline {O:P} at (0,0) size 1x15
              RenderTableCell {TD} at (367,624) size 106x15 [r=15 c=3 rs=1 cs=1]
                RenderBlock {P} at (7,0) size 91x15
                  RenderText {#text} at (35,0) size 20x15
                    text run at (35,0) width 20: " No"
                  RenderInline {SPAN} at (0,0) size 1x15
                    RenderInline {O:P} at (0,0) size 1x15
            RenderTableRow {TR} at (0,654) size 473x75
              RenderTableCell {TD} at (0,654) size 99x15 [r=16 c=0 rs=1 cs=1]
                RenderBlock {P} at (7,0) size 84x15
                  RenderText {#text} at (34,0) size 15x15
                    text run at (34,0) width 15: "17"
                  RenderInline {SPAN} at (0,0) size 1x15
                    RenderInline {O:P} at (0,0) size 1x15
              RenderTableCell {TD} at (98,654) size 171x75 [r=16 c=1 rs=1 cs=1]
                RenderBlock {P} at (7,0) size 157x15
                  RenderText {#text} at (0,0) size 61x15
                    text run at (0,0) width 61: "Doug Field"
                  RenderInline {SPAN} at (0,0) size 0x15
                    RenderInline {O:P} at (0,0) size 0x15
                RenderBlock {P} at (7,15) size 157x15
                  RenderText {#text} at (0,0) size 64x15
                    text run at (0,0) width 64: "Dave Neves"
                RenderBlock {P} at (7,30) size 157x15
                  RenderText {#text} at (0,0) size 62x15
                    text run at (0,0) width 62: "Oliver Baer"
                RenderBlock {P} at (7,45) size 157x15
                  RenderText {#text} at (0,0) size 58x15
                    text run at (0,0) width 58: "John Todd"
                RenderBlock {P} at (7,60) size 157x15
                  RenderText {#text} at (0,0) size 99x15
                    text run at (0,0) width 99: "Dave Christiansen"
                  RenderInline {SPAN} at (0,0) size 0x15
                    RenderInline {O:P} at (0,0) size 0x15
              RenderTableCell {TD} at (268,654) size 100x75 [r=16 c=2 rs=1 cs=1]
                RenderBlock {P} at (7,0) size 85x15
                  RenderText {#text} at (32,0) size 21x15
                    text run at (32,0) width 21: "Yes"
                  RenderInline {SPAN} at (0,0) size 1x15
                    RenderInline {O:P} at (0,0) size 1x15
                RenderBlock {P} at (7,15) size 85x15
                  RenderText {#text} at (32,0) size 21x15
                    text run at (32,0) width 21: "Yes"
                RenderBlock {P} at (7,30) size 85x15
                  RenderText {#text} at (32,0) size 21x15
                    text run at (32,0) width 21: "Yes"
                RenderBlock {P} at (7,45) size 85x15
                  RenderText {#text} at (40,0) size 4x15
                    text run at (40,0) width 4: " "
                RenderBlock {P} at (7,60) size 85x15
                  RenderText {#text} at (32,0) size 21x15
                    text run at (32,0) width 21: "Yes"
                  RenderInline {SPAN} at (0,0) size 1x15
                    RenderInline {O:P} at (0,0) size 1x15
              RenderTableCell {TD} at (367,654) size 106x75 [r=16 c=3 rs=1 cs=1]
                RenderBlock {P} at (7,0) size 91x15
                  RenderText {#text} at (37,0) size 17x15
                    text run at (37,0) width 17: "No"
                  RenderInline {SPAN} at (0,0) size 1x15
                    RenderInline {O:P} at (0,0) size 1x15
                RenderBlock {P} at (7,15) size 91x15
                  RenderText {#text} at (35,0) size 21x15
                    text run at (35,0) width 21: "Yes"
                RenderBlock {P} at (7,30) size 91x15
                  RenderText {#text} at (37,0) size 17x15
                    text run at (37,0) width 17: "No"
                RenderBlock {P} at (7,45) size 91x15
                  RenderText {#text} at (43,0) size 4x15
                    text run at (43,0) width 4: " "
                RenderBlock {P} at (7,60) size 91x15
                  RenderText {#text} at (37,0) size 17x15
                    text run at (37,0) width 17: "No"
                  RenderInline {SPAN} at (0,0) size 1x15
                    RenderInline {O:P} at (0,0) size 1x15
            RenderTableRow {TR} at (0,729) size 473x105
              RenderTableCell {TD} at (0,729) size 99x15 [r=17 c=0 rs=1 cs=1]
                RenderBlock {P} at (7,0) size 84x15
                  RenderText {#text} at (34,0) size 15x15
                    text run at (34,0) width 15: "18"
                  RenderInline {SPAN} at (0,0) size 1x15
                    RenderInline {O:P} at (0,0) size 1x15
              RenderTableCell {TD} at (98,729) size 171x105 [r=17 c=1 rs=1 cs=1]
                RenderBlock {P} at (7,0) size 157x15
                  RenderText {#text} at (0,0) size 80x15
                    text run at (0,0) width 80: "Robert Barnett"
                RenderBlock {P} at (7,15) size 157x15
                  RenderText {#text} at (0,0) size 74x15
                    text run at (0,0) width 74: "Jim Mahoney"
                RenderBlock {P} at (7,30) size 157x15
                  RenderText {#text} at (0,0) size 79x15
                    text run at (0,0) width 79: "Dave Marshall"
                RenderBlock {P} at (7,45) size 157x15
                  RenderText {#text} at (0,0) size 86x15
                    text run at (0,0) width 86: "Gerald Cardinal"
                RenderBlock {P} at (7,60) size 157x15
                  RenderText {#text} at (0,0) size 103x15
                    text run at (0,0) width 103: "Dan & Will Sievert"
                RenderBlock {P} at (7,75) size 157x15
                  RenderText {#text} at (0,0) size 98x15
                    text run at (0,0) width 98: "Ellsworth Crowell"
                RenderBlock {P} at (7,90) size 157x15
                  RenderText {#text} at (0,0) size 60x15
                    text run at (0,0) width 60: "Jim Colvin"
                  RenderInline {SPAN} at (0,0) size 0x15
                    RenderInline {O:P} at (0,0) size 0x15
              RenderTableCell {TD} at (268,729) size 100x90 [r=17 c=2 rs=1 cs=1]
                RenderBlock {P} at (7,0) size 85x15
                  RenderText {#text} at (32,0) size 21x15
                    text run at (32,0) width 21: "Yes"
                RenderBlock {P} at (7,15) size 85x15
                  RenderText {#text} at (32,0) size 21x15
                    text run at (32,0) width 21: "Yes"
                RenderBlock {P} at (7,30) size 85x15
                  RenderText {#text} at (32,0) size 21x15
                    text run at (32,0) width 21: "Yes"
                RenderBlock {P} at (7,45) size 85x15
                  RenderText {#text} at (40,0) size 4x15
                    text run at (40,0) width 4: " "
                RenderBlock {P} at (7,60) size 85x15
                  RenderText {#text} at (32,0) size 21x15
                    text run at (32,0) width 21: "Yes"
                RenderBlock {P} at (7,75) size 85x15
                  RenderText {#text} at (32,0) size 21x15
                    text run at (32,0) width 21: "Yes"
                  RenderInline {SPAN} at (0,0) size 1x15
                    RenderInline {O:P} at (0,0) size 1x15
              RenderTableCell {TD} at (367,729) size 106x90 [r=17 c=3 rs=1 cs=1]
                RenderBlock {P} at (7,0) size 91x15
                  RenderText {#text} at (37,0) size 17x15
                    text run at (37,0) width 17: "No"
                RenderBlock {P} at (7,15) size 91x15
                  RenderText {#text} at (35,0) size 21x15
                    text run at (35,0) width 21: "Yes"
                RenderBlock {P} at (7,30) size 91x15
                  RenderText {#text} at (37,0) size 17x15
                    text run at (37,0) width 17: "No"
                RenderBlock {P} at (7,45) size 91x15
                  RenderText {#text} at (43,0) size 4x15
                    text run at (43,0) width 4: " "
                RenderBlock {P} at (7,60) size 91x15
                  RenderText {#text} at (37,0) size 17x15
                    text run at (37,0) width 17: "No"
                RenderBlock {P} at (7,75) size 91x15
                  RenderText {#text} at (37,0) size 17x15
                    text run at (37,0) width 17: "No"
                  RenderInline {SPAN} at (0,0) size 1x15
                    RenderInline {O:P} at (0,0) size 1x15
            RenderTableRow {TR} at (0,834) size 473x60
              RenderTableCell {TD} at (0,834) size 99x15 [r=18 c=0 rs=1 cs=1]
                RenderBlock {P} at (7,0) size 84x15
                  RenderText {#text} at (34,0) size 15x15
                    text run at (34,0) width 15: "19"
                  RenderInline {SPAN} at (0,0) size 1x15
                    RenderInline {O:P} at (0,0) size 1x15
              RenderTableCell {TD} at (98,834) size 171x60 [r=18 c=1 rs=1 cs=1]
                RenderBlock {P} at (7,0) size 157x15
                  RenderInline {SPAN} at (0,0) size 66x15
                    RenderText {#text} at (0,0) size 66x15
                      text run at (0,0) width 40: "Noriya "
                      text run at (40,0) width 26: "Kato"
                RenderBlock {P} at (7,15) size 157x15
                  RenderText {#text} at (0,0) size 58x15
                    text run at (0,0) width 58: "John Todd"
                RenderBlock {P} at (7,30) size 157x15
                  RenderText {#text} at (0,0) size 71x15
                    text run at (0,0) width 71: "James Brown"
                RenderBlock {P} at (7,45) size 157x15
                  RenderText {#text} at (0,0) size 84x15
                    text run at (0,0) width 84: "Mike Anderson"
                  RenderInline {SPAN} at (0,0) size 0x15
                    RenderInline {O:P} at (0,0) size 0x15
              RenderTableCell {TD} at (268,834) size 100x60 [r=18 c=2 rs=1 cs=1]
                RenderBlock {P} at (7,0) size 85x15
                  RenderInline {SPAN} at (0,0) size 21x15
                    RenderText {#text} at (32,0) size 21x15
                      text run at (32,0) width 21: "Yes"
                RenderBlock {P} at (7,15) size 85x15
                  RenderText {#text} at (40,0) size 4x15
                    text run at (40,0) width 4: " "
                RenderBlock {P} at (7,30) size 85x15
                  RenderInline {SPAN} at (0,0) size 21x15
                    RenderText {#text} at (32,0) size 21x15
                      text run at (32,0) width 21: "Yes"
                RenderBlock {P} at (7,45) size 85x15
                  RenderInline {SPAN} at (0,0) size 21x15
                    RenderText {#text} at (32,0) size 21x15
                      text run at (32,0) width 21: "Yes"
                  RenderInline {SPAN} at (0,0) size 1x15
                    RenderInline {O:P} at (0,0) size 1x15
              RenderTableCell {TD} at (367,834) size 106x60 [r=18 c=3 rs=1 cs=1]
                RenderBlock {P} at (7,0) size 91x15
                  RenderInline {SPAN} at (0,0) size 17x15
                    RenderText {#text} at (37,0) size 17x15
                      text run at (37,0) width 17: "No"
                RenderBlock {P} at (7,15) size 91x15
                  RenderText {#text} at (43,0) size 4x15
                    text run at (43,0) width 4: " "
                RenderBlock {P} at (7,30) size 91x15
                  RenderInline {SPAN} at (0,0) size 17x15
                    RenderText {#text} at (37,0) size 17x15
                      text run at (37,0) width 17: "No"
                RenderBlock {P} at (7,45) size 91x15
                  RenderInline {SPAN} at (0,0) size 17x15
                    RenderText {#text} at (37,0) size 17x15
                      text run at (37,0) width 17: "No"
                  RenderInline {SPAN} at (0,0) size 1x15
                    RenderInline {O:P} at (0,0) size 1x15
            RenderTableRow {TR} at (0,894) size 473x45
              RenderTableCell {TD} at (0,894) size 99x15 [r=19 c=0 rs=1 cs=1]
                RenderBlock {P} at (7,0) size 84x15
                  RenderText {#text} at (34,0) size 15x15
                    text run at (34,0) width 15: "20"
                  RenderInline {SPAN} at (0,0) size 1x15
                    RenderInline {O:P} at (0,0) size 1x15
              RenderTableCell {TD} at (98,894) size 171x45 [r=19 c=1 rs=1 cs=1]
                RenderBlock {P} at (7,0) size 157x15
                  RenderText {#text} at (0,0) size 69x15
                    text run at (0,0) width 69: "Bill Johnson"
                RenderBlock {P} at (7,15) size 157x15
                  RenderText {#text} at (0,0) size 89x15
                    text run at (0,0) width 89: "Dominic Bayani"
                RenderBlock {P} at (7,30) size 157x15
                  RenderText {#text} at (0,0) size 70x15
                    text run at (0,0) width 70: "Rick Latham"
                  RenderInline {SPAN} at (0,0) size 0x15
                    RenderInline {O:P} at (0,0) size 0x15
              RenderTableCell {TD} at (268,894) size 100x45 [r=19 c=2 rs=1 cs=1]
                RenderBlock {P} at (7,0) size 85x15
                  RenderText {#text} at (32,0) size 21x15
                    text run at (32,0) width 21: "Yes"
                RenderBlock {P} at (7,15) size 85x15
                  RenderText {#text} at (40,0) size 4x15
                    text run at (40,0) width 4: " "
                RenderBlock {P} at (7,30) size 85x15
                  RenderText {#text} at (32,0) size 21x15
                    text run at (32,0) width 21: "Yes"
                  RenderInline {SPAN} at (0,0) size 1x15
                    RenderInline {O:P} at (0,0) size 1x15
              RenderTableCell {TD} at (367,894) size 106x45 [r=19 c=3 rs=1 cs=1]
                RenderBlock {P} at (7,0) size 91x15
                  RenderText {#text} at (37,0) size 17x15
                    text run at (37,0) width 17: "No"
                RenderBlock {P} at (7,15) size 91x15
                  RenderText {#text} at (43,0) size 4x15
                    text run at (43,0) width 4: " "
                RenderBlock {P} at (7,30) size 91x15
                  RenderText {#text} at (37,0) size 17x15
                    text run at (37,0) width 17: "No"
                  RenderInline {SPAN} at (0,0) size 1x15
                    RenderInline {O:P} at (0,0) size 1x15
            RenderTableRow {TR} at (0,939) size 473x15
              RenderTableCell {TD} at (0,939) size 99x15 [r=20 c=0 rs=1 cs=1]
                RenderBlock {P} at (7,0) size 84x15
                  RenderText {#text} at (34,0) size 15x15
                    text run at (34,0) width 15: "21"
                  RenderInline {SPAN} at (0,0) size 1x15
                    RenderInline {O:P} at (0,0) size 1x15
              RenderTableCell {TD} at (98,939) size 171x15 [r=20 c=1 rs=1 cs=1]
                RenderBlock {P} at (7,0) size 157x15
                  RenderText {#text} at (0,0) size 65x15
                    text run at (0,0) width 65: " Simon Tam"
                  RenderInline {SPAN} at (0,0) size 0x15
                    RenderInline {O:P} at (0,0) size 0x15
              RenderTableCell {TD} at (268,939) size 100x15 [r=20 c=2 rs=1 cs=1]
                RenderBlock {P} at (7,0) size 85x15
                  RenderText {#text} at (40,0) size 4x15
                    text run at (40,0) width 4: " "
                  RenderInline {SPAN} at (0,0) size 1x15
                    RenderInline {O:P} at (0,0) size 1x15
              RenderTableCell {TD} at (367,939) size 106x15 [r=20 c=3 rs=1 cs=1]
                RenderBlock {P} at (7,0) size 91x15
                  RenderText {#text} at (43,0) size 4x15
                    text run at (43,0) width 4: " "
                  RenderInline {SPAN} at (0,0) size 1x15
                    RenderInline {O:P} at (0,0) size 1x15
            RenderTableRow {TR} at (0,954) size 473x75
              RenderTableCell {TD} at (0,954) size 99x15 [r=21 c=0 rs=1 cs=1]
                RenderBlock {P} at (7,0) size 84x15
                  RenderText {#text} at (34,0) size 15x15
                    text run at (34,0) width 15: "22"
                  RenderInline {SPAN} at (0,0) size 1x15
                    RenderInline {O:P} at (0,0) size 1x15
              RenderTableCell {TD} at (98,954) size 171x75 [r=21 c=1 rs=1 cs=1]
                RenderBlock {P} at (7,0) size 157x15
                  RenderText {#text} at (0,0) size 64x15
                    text run at (0,0) width 64: "Dave Neves"
                  RenderInline {SPAN} at (0,0) size 0x15
                    RenderInline {O:P} at (0,0) size 0x15
                RenderBlock {P} at (7,15) size 157x15
                  RenderText {#text} at (0,0) size 89x15
                    text run at (0,0) width 89: "Grant Sanderson"
                  RenderInline {SPAN} at (0,0) size 0x15
                    RenderInline {O:P} at (0,0) size 0x15
                RenderBlock {P} at (7,30) size 157x15
                  RenderText {#text} at (0,0) size 86x15
                    text run at (0,0) width 86: "Maurice Burton"
                RenderBlock {P} at (7,45) size 157x15
                  RenderText {#text} at (0,0) size 117x15
                    text run at (0,0) width 117: "Mike Gilmartin ?????"
                RenderBlock {P} at (7,60) size 157x15
                  RenderText {#text} at (0,0) size 66x15
                    text run at (0,0) width 66: "Chris Walsh"
                  RenderInline {SPAN} at (0,0) size 0x15
                    RenderInline {O:P} at (0,0) size 0x15
              RenderTableCell {TD} at (268,954) size 100x75 [r=21 c=2 rs=1 cs=1]
                RenderBlock {P} at (7,0) size 85x15
                  RenderText {#text} at (32,0) size 21x15
                    text run at (32,0) width 21: "Yes"
                  RenderInline {SPAN} at (0,0) size 1x15
                    RenderInline {O:P} at (0,0) size 1x15
                RenderBlock {P} at (7,15) size 85x15
                  RenderText {#text} at (32,0) size 21x15
                    text run at (32,0) width 21: "Yes"
                  RenderInline {SPAN} at (0,0) size 1x15
                    RenderInline {O:P} at (0,0) size 1x15
                RenderBlock {P} at (7,30) size 85x15
                  RenderText {#text} at (32,0) size 21x15
                    text run at (32,0) width 21: "Yes"
                RenderBlock {P} at (7,45) size 85x15
                  RenderText {#text} at (32,0) size 21x15
                    text run at (32,0) width 21: "Yes"
                RenderBlock {P} at (7,60) size 85x15
                  RenderText {#text} at (32,0) size 21x15
                    text run at (32,0) width 21: "Yes"
                  RenderInline {SPAN} at (0,0) size 1x15
                    RenderInline {O:P} at (0,0) size 1x15
              RenderTableCell {TD} at (367,954) size 106x75 [r=21 c=3 rs=1 cs=1]
                RenderBlock {P} at (7,0) size 91x15
                  RenderText {#text} at (35,0) size 21x15
                    text run at (35,0) width 21: "Yes"
                  RenderInline {SPAN} at (0,0) size 1x15
                    RenderInline {O:P} at (0,0) size 1x15
                RenderBlock {P} at (7,15) size 91x15
                  RenderText {#text} at (37,0) size 17x15
                    text run at (37,0) width 17: "No"
                  RenderInline {SPAN} at (0,0) size 1x15
                    RenderInline {O:P} at (0,0) size 1x15
                RenderBlock {P} at (7,30) size 91x15
                  RenderText {#text} at (37,0) size 17x15
                    text run at (37,0) width 17: "No"
                RenderBlock {P} at (7,45) size 91x15
                  RenderText {#text} at (35,0) size 21x15
                    text run at (35,0) width 21: "Yes"
                RenderBlock {P} at (7,60) size 91x15
                  RenderText {#text} at (37,0) size 17x15
                    text run at (37,0) width 17: "No"
                  RenderInline {SPAN} at (0,0) size 1x15
                    RenderInline {O:P} at (0,0) size 1x15
            RenderTableRow {TR} at (0,1029) size 473x75
              RenderTableCell {TD} at (0,1029) size 99x15 [r=22 c=0 rs=1 cs=1]
                RenderBlock {P} at (7,0) size 84x15
                  RenderText {#text} at (34,0) size 15x15
                    text run at (34,0) width 15: "23"
                  RenderInline {SPAN} at (0,0) size 1x15
                    RenderInline {O:P} at (0,0) size 1x15
              RenderTableCell {TD} at (98,1029) size 171x75 [r=22 c=1 rs=1 cs=1]
                RenderBlock {P} at (7,0) size 157x15
                  RenderText {#text} at (0,0) size 64x15
                    text run at (0,0) width 64: "Dave Neves"
                  RenderInline {SPAN} at (0,0) size 0x15
                    RenderInline {O:P} at (0,0) size 0x15
                RenderBlock {P} at (7,15) size 157x15
                  RenderText {#text} at (0,0) size 86x15
                    text run at (0,0) width 86: "Maurice Burton"
                RenderBlock {P} at (7,30) size 157x15
                  RenderText {#text} at (0,0) size 62x15
                    text run at (0,0) width 62: "Oliver Baer"
                RenderBlock {P} at (7,45) size 157x15
                  RenderText {#text} at (0,0) size 58x15
                    text run at (0,0) width 58: "John Todd"
                RenderBlock {P} at (7,60) size 157x15
                  RenderText {#text} at (0,0) size 66x15
                    text run at (0,0) width 66: "Rich Saunef"
                  RenderInline {SPAN} at (0,0) size 0x15
                    RenderInline {O:P} at (0,0) size 0x15
              RenderTableCell {TD} at (268,1029) size 100x75 [r=22 c=2 rs=1 cs=1]
                RenderBlock {P} at (7,0) size 85x15
                  RenderText {#text} at (32,0) size 21x15
                    text run at (32,0) width 21: "Yes"
                  RenderInline {SPAN} at (0,0) size 1x15
                    RenderInline {O:P} at (0,0) size 1x15
                RenderBlock {P} at (7,15) size 85x15
                  RenderText {#text} at (32,0) size 21x15
                    text run at (32,0) width 21: "Yes"
                RenderBlock {P} at (7,30) size 85x15
                  RenderText {#text} at (32,0) size 21x15
                    text run at (32,0) width 21: "Yes"
                RenderBlock {P} at (7,45) size 85x15
                  RenderText {#text} at (40,0) size 4x15
                    text run at (40,0) width 4: " "
                RenderBlock {P} at (7,60) size 85x15
                  RenderText {#text} at (32,0) size 21x15
                    text run at (32,0) width 21: "Yes"
                  RenderInline {SPAN} at (0,0) size 1x15
                    RenderInline {O:P} at (0,0) size 1x15
              RenderTableCell {TD} at (367,1029) size 106x75 [r=22 c=3 rs=1 cs=1]
                RenderBlock {P} at (7,0) size 91x15
                  RenderText {#text} at (35,0) size 21x15
                    text run at (35,0) width 21: "Yes"
                  RenderInline {SPAN} at (0,0) size 1x15
                    RenderInline {O:P} at (0,0) size 1x15
                RenderBlock {P} at (7,15) size 91x15
                  RenderText {#text} at (37,0) size 17x15
                    text run at (37,0) width 17: "No"
                RenderBlock {P} at (7,30) size 91x15
                  RenderText {#text} at (37,0) size 17x15
                    text run at (37,0) width 17: "No"
                RenderBlock {P} at (7,45) size 91x15
                  RenderText {#text} at (43,0) size 4x15
                    text run at (43,0) width 4: " "
                RenderBlock {P} at (7,60) size 91x15
                  RenderText {#text} at (37,0) size 17x15
                    text run at (37,0) width 17: "No"
                  RenderInline {SPAN} at (0,0) size 1x15
                    RenderInline {O:P} at (0,0) size 1x15
            RenderTableRow {TR} at (0,1104) size 473x75
              RenderTableCell {TD} at (0,1104) size 99x15 [r=23 c=0 rs=1 cs=1]
                RenderBlock {P} at (7,0) size 84x15
                  RenderText {#text} at (34,0) size 15x15
                    text run at (34,0) width 15: "24"
                  RenderInline {SPAN} at (0,0) size 1x15
                    RenderInline {O:P} at (0,0) size 1x15
              RenderTableCell {TD} at (98,1104) size 171x75 [r=23 c=1 rs=1 cs=1]
                RenderBlock {P} at (7,0) size 157x15
                  RenderText {#text} at (0,0) size 66x15
                    text run at (0,0) width 66: " Dan Sievert"
                RenderBlock {P} at (7,15) size 157x15
                  RenderText {#text} at (0,0) size 60x15
                    text run at (0,0) width 60: "Jerry Davis"
                RenderBlock {P} at (7,30) size 157x15
                  RenderText {#text} at (0,0) size 62x15
                    text run at (0,0) width 62: "Scott Hersh"
                RenderBlock {P} at (7,45) size 157x15
                  RenderText {#text} at (0,0) size 52x15
                    text run at (0,0) width 52: "Rick Bell"
                RenderBlock {P} at (7,60) size 157x15
                  RenderText {#text} at (0,0) size 56x15
                    text run at (0,0) width 56: "Eric Shum"
                  RenderInline {SPAN} at (0,0) size 0x15
                    RenderInline {O:P} at (0,0) size 0x15
              RenderTableCell {TD} at (268,1104) size 100x75 [r=23 c=2 rs=1 cs=1]
                RenderBlock {P} at (7,0) size 85x15
                  RenderText {#text} at (30,0) size 24x15
                    text run at (30,0) width 24: " Yes"
                RenderBlock {P} at (7,15) size 85x15
                  RenderText {#text} at (32,0) size 21x15
                    text run at (32,0) width 21: "Yes"
                RenderBlock {P} at (7,30) size 85x15
                  RenderText {#text} at (32,0) size 21x15
                    text run at (32,0) width 21: "Yes"
                RenderBlock {P} at (7,45) size 85x15
                  RenderText {#text} at (32,0) size 21x15
                    text run at (32,0) width 21: "Yes"
                RenderBlock {P} at (7,60) size 85x15
                  RenderText {#text} at (32,0) size 21x15
                    text run at (32,0) width 21: "Yes"
                  RenderInline {SPAN} at (0,0) size 1x15
                    RenderInline {O:P} at (0,0) size 1x15
              RenderTableCell {TD} at (367,1104) size 106x75 [r=23 c=3 rs=1 cs=1]
                RenderBlock {P} at (7,0) size 91x15
                  RenderText {#text} at (35,0) size 20x15
                    text run at (35,0) width 20: " No"
                RenderBlock {P} at (7,15) size 91x15
                  RenderText {#text} at (37,0) size 17x15
                    text run at (37,0) width 17: "No"
                RenderBlock {P} at (7,30) size 91x15
                  RenderText {#text} at (37,0) size 17x15
                    text run at (37,0) width 17: "No"
                RenderBlock {P} at (7,45) size 91x15
                  RenderText {#text} at (37,0) size 17x15
                    text run at (37,0) width 17: "No"
                RenderBlock {P} at (7,60) size 91x15
                  RenderText {#text} at (37,0) size 17x15
                    text run at (37,0) width 17: "No"
                  RenderInline {SPAN} at (0,0) size 1x15
                    RenderInline {O:P} at (0,0) size 1x15
            RenderTableRow {TR} at (0,1179) size 473x30
              RenderTableCell {TD} at (0,1179) size 99x15 [r=24 c=0 rs=1 cs=1]
                RenderBlock {P} at (7,0) size 84x15
                  RenderText {#text} at (34,0) size 15x15
                    text run at (34,0) width 15: "25"
                  RenderInline {SPAN} at (0,0) size 1x15
                    RenderInline {O:P} at (0,0) size 1x15
              RenderTableCell {TD} at (98,1179) size 171x30 [r=24 c=1 rs=1 cs=1]
                RenderBlock {P} at (7,0) size 157x15
                  RenderText {#text} at (0,0) size 70x15
                    text run at (0,0) width 70: "James Davey"
                RenderBlock {P} at (7,15) size 157x15
                  RenderText {#text} at (0,0) size 93x15
                    text run at (0,0) width 93: "Ruenjoe (Joe) Lu"
                  RenderInline {SPAN} at (0,0) size 0x15
                    RenderInline {O:P} at (0,0) size 0x15
              RenderTableCell {TD} at (268,1179) size 100x15 [r=24 c=2 rs=1 cs=1]
                RenderBlock {P} at (7,0) size 85x15
                  RenderText {#text} at (32,0) size 21x15
                    text run at (32,0) width 21: "Yes"
                  RenderInline {SPAN} at (0,0) size 1x15
                    RenderInline {O:P} at (0,0) size 1x15
              RenderTableCell {TD} at (367,1179) size 106x15 [r=24 c=3 rs=1 cs=1]
                RenderBlock {P} at (7,0) size 91x15
                  RenderText {#text} at (35,0) size 21x15
                    text run at (35,0) width 21: "Yes"
                  RenderInline {SPAN} at (0,0) size 1x15
                    RenderInline {O:P} at (0,0) size 1x15
            RenderTableRow {TR} at (0,1209) size 473x150
              RenderTableCell {TD} at (0,1209) size 99x15 [r=25 c=0 rs=1 cs=1]
                RenderBlock {P} at (7,0) size 84x15
                  RenderText {#text} at (34,0) size 15x15
                    text run at (34,0) width 15: "26"
                  RenderInline {SPAN} at (0,0) size 1x15
                    RenderInline {O:P} at (0,0) size 1x15
              RenderTableCell {TD} at (98,1209) size 171x150 [r=25 c=1 rs=1 cs=1]
                RenderBlock {P} at (7,0) size 157x15
                  RenderText {#text} at (0,0) size 89x15
                    text run at (0,0) width 89: "Alan Littlewood"
                  RenderInline {SPAN} at (0,0) size 0x15
                    RenderInline {O:P} at (0,0) size 0x15
                RenderBlock {P} at (7,15) size 157x15
                  RenderText {#text} at (0,0) size 72x15
                    text run at (0,0) width 72: "Darren Braun"
                  RenderInline {SPAN} at (0,0) size 0x15
                    RenderInline {O:P} at (0,0) size 0x15
                RenderBlock {P} at (7,30) size 157x15
                  RenderText {#text} at (0,0) size 62x15
                    text run at (0,0) width 62: "Simon Tam"
                RenderBlock {P} at (7,45) size 157x15
                  RenderText {#text} at (0,0) size 78x15
                    text run at (0,0) width 78: "Chuck Pringle"
                RenderBlock {P} at (7,60) size 157x15
                  RenderText {#text} at (0,0) size 88x15
                    text run at (0,0) width 88: "Gary Pendergras"
                RenderBlock {P} at (7,75) size 157x15
                  RenderText {#text} at (0,0) size 79x15
                    text run at (0,0) width 79: "Peter Mazanec"
                RenderBlock {P} at (7,90) size 157x15
                  RenderText {#text} at (0,0) size 80x15
                    text run at (0,0) width 80: "Harry Imamura"
                RenderBlock {P} at (7,105) size 157x15
                  RenderText {#text} at (0,0) size 58x15
                    text run at (0,0) width 58: "Joe Araujo"
                RenderBlock {P} at (7,120) size 157x15
                  RenderText {#text} at (0,0) size 78x15
                    text run at (0,0) width 78: "Gary Williams"
                RenderBlock {P} at (7,135) size 157x15
                  RenderText {#text} at (0,0) size 89x15
                    text run at (0,0) width 89: "Jack Goodfriend"
                  RenderInline {SPAN} at (0,0) size 0x15
                    RenderInline {O:P} at (0,0) size 0x15
              RenderTableCell {TD} at (268,1209) size 100x105 [r=25 c=2 rs=1 cs=1]
                RenderBlock {P} at (7,0) size 85x15
                  RenderText {#text} at (32,0) size 21x15
                    text run at (32,0) width 21: "Yes"
                  RenderInline {SPAN} at (0,0) size 1x15
                    RenderInline {O:P} at (0,0) size 1x15
                RenderBlock {P} at (7,15) size 85x15
                  RenderText {#text} at (32,0) size 21x15
                    text run at (32,0) width 21: "Yes"
                  RenderInline {SPAN} at (0,0) size 1x15
                    RenderInline {O:P} at (0,0) size 1x15
                RenderBlock {P} at (7,30) size 85x15
                  RenderText {#text} at (32,0) size 21x15
                    text run at (32,0) width 21: "Yes"
                RenderBlock {P} at (7,45) size 85x15
                  RenderText {#text} at (32,0) size 21x15
                    text run at (32,0) width 21: "Yes"
                RenderBlock {P} at (7,60) size 85x15
                  RenderText {#text} at (32,0) size 21x15
                    text run at (32,0) width 21: "Yes"
                RenderBlock {P} at (7,75) size 85x15
                  RenderText {#text} at (32,0) size 21x15
                    text run at (32,0) width 21: "Yes"
                RenderBlock {P} at (7,90) size 85x15
                  RenderText {#text} at (34,0) size 17x15
                    text run at (34,0) width 17: "No"
                  RenderInline {SPAN} at (0,0) size 1x15
                    RenderInline {O:P} at (0,0) size 1x15
              RenderTableCell {TD} at (367,1209) size 106x105 [r=25 c=3 rs=1 cs=1]
                RenderBlock {P} at (7,0) size 91x15
                  RenderText {#text} at (37,0) size 17x15
                    text run at (37,0) width 17: "No"
                  RenderInline {SPAN} at (0,0) size 1x15
                    RenderInline {O:P} at (0,0) size 1x15
                RenderBlock {P} at (7,15) size 91x15
                  RenderText {#text} at (37,0) size 17x15
                    text run at (37,0) width 17: "No"
                  RenderInline {SPAN} at (0,0) size 1x15
                    RenderInline {O:P} at (0,0) size 1x15
                RenderBlock {P} at (7,30) size 91x15
                  RenderText {#text} at (37,0) size 17x15
                    text run at (37,0) width 17: "No"
                RenderBlock {P} at (7,45) size 91x15
                  RenderText {#text} at (37,0) size 17x15
                    text run at (37,0) width 17: "No"
                RenderBlock {P} at (7,60) size 91x15
                  RenderText {#text} at (37,0) size 17x15
                    text run at (37,0) width 17: "No"
                RenderBlock {P} at (7,75) size 91x15
                  RenderText {#text} at (37,0) size 17x15
                    text run at (37,0) width 17: "No"
                RenderBlock {P} at (7,90) size 91x15
                  RenderText {#text} at (35,0) size 21x15
                    text run at (35,0) width 21: "Yes"
                  RenderInline {SPAN} at (0,0) size 1x15
                    RenderInline {O:P} at (0,0) size 1x15
            RenderTableRow {TR} at (0,1359) size 473x90
              RenderTableCell {TD} at (0,1359) size 99x15 [r=26 c=0 rs=1 cs=1]
                RenderBlock {P} at (7,0) size 84x15
                  RenderText {#text} at (34,0) size 15x15
                    text run at (34,0) width 15: "27"
                  RenderInline {SPAN} at (0,0) size 1x15
                    RenderInline {O:P} at (0,0) size 1x15
              RenderTableCell {TD} at (98,1359) size 171x90 [r=26 c=1 rs=1 cs=1]
                RenderBlock {P} at (7,0) size 157x15
                  RenderText {#text} at (0,0) size 72x15
                    text run at (0,0) width 72: "Darren Braun"
                  RenderInline {SPAN} at (0,0) size 0x15
                    RenderInline {O:P} at (0,0) size 0x15
                RenderBlock {P} at (7,15) size 157x15
                  RenderText {#text} at (0,0) size 92x15
                    text run at (0,0) width 92: "Ian + Brad Carter"
                  RenderInline {SPAN} at (0,0) size 0x15
                    RenderInline {O:P} at (0,0) size 0x15
                RenderBlock {P} at (7,30) size 157x15
                  RenderText {#text} at (0,0) size 72x15
                    text run at (0,0) width 72: "Pete Peterson"
                RenderBlock {P} at (7,45) size 157x15
                  RenderText {#text} at (0,0) size 83x15
                    text run at (0,0) width 83: "John Chamorro"
                RenderBlock {P} at (7,60) size 157x15
                  RenderText {#text} at (0,0) size 69x15
                    text run at (0,0) width 69: "Ali Erdengiz"
                RenderBlock {P} at (7,75) size 157x15
                  RenderText {#text} at (0,0) size 57x15
                    text run at (0,0) width 57: "Saibal Sen"
                  RenderInline {SPAN} at (0,0) size 0x15
                    RenderInline {O:P} at (0,0) size 0x15
              RenderTableCell {TD} at (268,1359) size 100x90 [r=26 c=2 rs=1 cs=1]
                RenderBlock {P} at (7,0) size 85x15
                  RenderText {#text} at (32,0) size 21x15
                    text run at (32,0) width 21: "Yes"
                  RenderInline {SPAN} at (0,0) size 1x15
                    RenderInline {O:P} at (0,0) size 1x15
                RenderBlock {P} at (7,15) size 85x15
                  RenderText {#text} at (32,0) size 21x15
                    text run at (32,0) width 21: "Yes"
                  RenderInline {SPAN} at (0,0) size 1x15
                    RenderInline {O:P} at (0,0) size 1x15
                RenderBlock {P} at (7,30) size 85x15
                  RenderText {#text} at (32,0) size 21x15
                    text run at (32,0) width 21: "Yes"
                RenderBlock {P} at (7,45) size 85x15
                  RenderText {#text} at (40,0) size 4x15
                    text run at (40,0) width 4: " "
                RenderBlock {P} at (7,60) size 85x15
                  RenderText {#text} at (40,0) size 4x15
                    text run at (40,0) width 4: " "
                RenderBlock {P} at (7,75) size 85x15
                  RenderText {#text} at (32,0) size 21x15
                    text run at (32,0) width 21: "Yes"
                  RenderInline {SPAN} at (0,0) size 1x15
                    RenderInline {O:P} at (0,0) size 1x15
              RenderTableCell {TD} at (367,1359) size 106x90 [r=26 c=3 rs=1 cs=1]
                RenderBlock {P} at (7,0) size 91x15
                  RenderText {#text} at (37,0) size 17x15
                    text run at (37,0) width 17: "No"
                  RenderInline {SPAN} at (0,0) size 1x15
                    RenderInline {O:P} at (0,0) size 1x15
                RenderBlock {P} at (7,15) size 91x15
                  RenderText {#text} at (37,0) size 17x15
                    text run at (37,0) width 17: "No"
                  RenderInline {SPAN} at (0,0) size 1x15
                    RenderInline {O:P} at (0,0) size 1x15
                RenderBlock {P} at (7,30) size 91x15
                  RenderText {#text} at (37,0) size 17x15
                    text run at (37,0) width 17: "No"
                RenderBlock {P} at (7,45) size 91x15
                  RenderText {#text} at (43,0) size 4x15
                    text run at (43,0) width 4: " "
                RenderBlock {P} at (7,60) size 91x15
                  RenderText {#text} at (43,0) size 4x15
                    text run at (43,0) width 4: " "
                RenderBlock {P} at (7,75) size 91x15
                  RenderText {#text} at (37,0) size 17x15
                    text run at (37,0) width 17: "No"
                  RenderInline {SPAN} at (0,0) size 1x15
                    RenderInline {O:P} at (0,0) size 1x15
            RenderTableRow {TR} at (0,1449) size 473x135
              RenderTableCell {TD} at (0,1449) size 99x15 [r=27 c=0 rs=1 cs=1]
                RenderBlock {P} at (7,0) size 84x15
                  RenderText {#text} at (34,0) size 15x15
                    text run at (34,0) width 15: "28"
                  RenderInline {SPAN} at (0,0) size 1x15
                    RenderInline {O:P} at (0,0) size 1x15
              RenderTableCell {TD} at (98,1449) size 171x135 [r=27 c=1 rs=1 cs=1]
                RenderBlock {P} at (7,0) size 157x15
                  RenderText {#text} at (0,0) size 93x15
                    text run at (0,0) width 93: "Zak + Mike West"
                  RenderInline {SPAN} at (0,0) size 0x15
                    RenderInline {O:P} at (0,0) size 0x15
                RenderBlock {P} at (7,15) size 157x15
                  RenderText {#text} at (0,0) size 64x15
                    text run at (0,0) width 64: "Dave Neves"
                  RenderInline {SPAN} at (0,0) size 0x15
                    RenderInline {O:P} at (0,0) size 0x15
                RenderBlock {P} at (7,30) size 157x15
                  RenderText {#text} at (0,0) size 78x15
                    text run at (0,0) width 78: "Richard Green"
                  RenderInline {SPAN} at (0,0) size 0x15
                    RenderInline {O:P} at (0,0) size 0x15
                RenderBlock {P} at (7,45) size 157x15
                  RenderText {#text} at (0,0) size 68x15
                    text run at (0,0) width 68: "Javier Flores"
                RenderBlock {P} at (7,60) size 157x15
                  RenderText {#text} at (0,0) size 86x15
                    text run at (0,0) width 86: "Gerald Cardinal"
                RenderBlock {P} at (7,75) size 157x15
                  RenderText {#text} at (0,0) size 63x15
                    text run at (0,0) width 63: "Dan Sievert"
                RenderBlock {P} at (7,90) size 157x15
                  RenderText {#text} at (0,0) size 69x15
                    text run at (0,0) width 69: "Ali Erdengiz"
                RenderBlock {P} at (7,105) size 157x15
                  RenderText {#text} at (0,0) size 63x15
                    text run at (0,0) width 63: "Paul Walter"
                RenderBlock {P} at (7,120) size 157x15
                  RenderText {#text} at (0,0) size 60x15
                    text run at (0,0) width 60: "Jerry Davis"
                  RenderInline {SPAN} at (0,0) size 0x15
                    RenderInline {O:P} at (0,0) size 0x15
              RenderTableCell {TD} at (268,1449) size 100x135 [r=27 c=2 rs=1 cs=1]
                RenderBlock {P} at (7,0) size 85x15
                  RenderText {#text} at (32,0) size 21x15
                    text run at (32,0) width 21: "Yes"
                  RenderInline {SPAN} at (0,0) size 1x15
                    RenderInline {O:P} at (0,0) size 1x15
                RenderBlock {P} at (7,15) size 85x15
                  RenderText {#text} at (32,0) size 21x15
                    text run at (32,0) width 21: "Yes"
                  RenderInline {SPAN} at (0,0) size 1x15
                    RenderInline {O:P} at (0,0) size 1x15
                RenderBlock {P} at (7,30) size 85x15
                  RenderText {#text} at (32,0) size 21x15
                    text run at (32,0) width 21: "Yes"
                  RenderInline {SPAN} at (0,0) size 1x15
                    RenderInline {O:P} at (0,0) size 1x15
                RenderBlock {P} at (7,45) size 85x15
                  RenderText {#text} at (32,0) size 21x15
                    text run at (32,0) width 21: "Yes"
                RenderBlock {P} at (7,60) size 85x15
                  RenderText {#text} at (40,0) size 4x15
                    text run at (40,0) width 4: " "
                RenderBlock {P} at (7,75) size 85x15
                  RenderText {#text} at (32,0) size 21x15
                    text run at (32,0) width 21: "Yes"
                RenderBlock {P} at (7,90) size 85x15
                  RenderText {#text} at (40,0) size 4x15
                    text run at (40,0) width 4: " "
                RenderBlock {P} at (7,105) size 85x15
                  RenderText {#text} at (40,0) size 4x15
                    text run at (40,0) width 4: " "
                RenderBlock {P} at (7,120) size 85x15
                  RenderText {#text} at (32,0) size 21x15
                    text run at (32,0) width 21: "Yes"
                  RenderInline {SPAN} at (0,0) size 1x15
                    RenderInline {O:P} at (0,0) size 1x15
              RenderTableCell {TD} at (367,1449) size 106x135 [r=27 c=3 rs=1 cs=1]
                RenderBlock {P} at (7,0) size 91x15
                  RenderText {#text} at (35,0) size 21x15
                    text run at (35,0) width 21: "Yes"
                  RenderInline {SPAN} at (0,0) size 1x15
                    RenderInline {O:P} at (0,0) size 1x15
                RenderBlock {P} at (7,15) size 91x15
                  RenderText {#text} at (35,0) size 21x15
                    text run at (35,0) width 21: "Yes"
                  RenderInline {SPAN} at (0,0) size 1x15
                    RenderInline {O:P} at (0,0) size 1x15
                RenderBlock {P} at (7,30) size 91x15
                  RenderText {#text} at (37,0) size 17x15
                    text run at (37,0) width 17: "No"
                  RenderInline {SPAN} at (0,0) size 1x15
                    RenderInline {O:P} at (0,0) size 1x15
                RenderBlock {P} at (7,45) size 91x15
                  RenderText {#text} at (37,0) size 17x15
                    text run at (37,0) width 17: "No"
                RenderBlock {P} at (7,60) size 91x15
                  RenderText {#text} at (43,0) size 4x15
                    text run at (43,0) width 4: " "
                RenderBlock {P} at (7,75) size 91x15
                  RenderText {#text} at (37,0) size 17x15
                    text run at (37,0) width 17: "No"
                RenderBlock {P} at (7,90) size 91x15
                  RenderText {#text} at (43,0) size 4x15
                    text run at (43,0) width 4: " "
                RenderBlock {P} at (7,105) size 91x15
                  RenderText {#text} at (43,0) size 4x15
                    text run at (43,0) width 4: " "
                RenderBlock {P} at (7,120) size 91x15
                  RenderText {#text} at (37,0) size 17x15
                    text run at (37,0) width 17: "No"
                  RenderInline {SPAN} at (0,0) size 1x15
                    RenderInline {O:P} at (0,0) size 1x15
            RenderTableRow {TR} at (0,1584) size 473x45
              RenderTableCell {TD} at (0,1584) size 99x15 [r=28 c=0 rs=1 cs=1]
                RenderBlock {P} at (7,0) size 84x15
                  RenderText {#text} at (34,0) size 15x15
                    text run at (34,0) width 15: "29"
                  RenderInline {SPAN} at (0,0) size 1x15
                    RenderInline {O:P} at (0,0) size 1x15
              RenderTableCell {TD} at (98,1584) size 171x45 [r=28 c=1 rs=1 cs=1]
                RenderBlock {P} at (7,0) size 157x15
                  RenderText {#text} at (0,0) size 68x15
                    text run at (0,0) width 68: "Javier Flores"
                  RenderInline {SPAN} at (0,0) size 0x15
                    RenderInline {O:P} at (0,0) size 0x15
                RenderBlock {P} at (7,15) size 157x15
                  RenderText {#text} at (0,0) size 69x15
                    text run at (0,0) width 69: "Bill Johnson"
                RenderBlock {P} at (7,30) size 157x15
                  RenderText {#text} at (0,0) size 58x15
                    text run at (0,0) width 58: "John Todd"
                  RenderInline {SPAN} at (0,0) size 0x15
                    RenderInline {O:P} at (0,0) size 0x15
              RenderTableCell {TD} at (268,1584) size 100x30 [r=28 c=2 rs=1 cs=1]
                RenderBlock {P} at (7,0) size 85x15
                  RenderText {#text} at (32,0) size 21x15
                    text run at (32,0) width 21: "Yes"
                  RenderInline {SPAN} at (0,0) size 1x15
                    RenderInline {O:P} at (0,0) size 1x15
                RenderBlock {P} at (7,15) size 85x15
                  RenderText {#text} at (32,0) size 21x15
                    text run at (32,0) width 21: "Yes"
                  RenderInline {SPAN} at (0,0) size 1x15
                    RenderInline {O:P} at (0,0) size 1x15
              RenderTableCell {TD} at (367,1584) size 106x30 [r=28 c=3 rs=1 cs=1]
                RenderBlock {P} at (7,0) size 91x15
                  RenderText {#text} at (37,0) size 17x15
                    text run at (37,0) width 17: "No"
                  RenderInline {SPAN} at (0,0) size 1x15
                    RenderInline {O:P} at (0,0) size 1x15
                RenderBlock {P} at (7,15) size 91x15
                  RenderText {#text} at (37,0) size 17x15
                    text run at (37,0) width 17: "No"
                  RenderInline {SPAN} at (0,0) size 1x15
                    RenderInline {O:P} at (0,0) size 1x15
            RenderTableRow {TR} at (0,1629) size 473x105
              RenderTableCell {TD} at (0,1629) size 99x15 [r=29 c=0 rs=1 cs=1]
                RenderBlock {P} at (7,0) size 84x15
                  RenderText {#text} at (34,0) size 15x15
                    text run at (34,0) width 15: "30"
                  RenderInline {SPAN} at (0,0) size 1x15
                    RenderInline {O:P} at (0,0) size 1x15
              RenderTableCell {TD} at (98,1629) size 171x105 [r=29 c=1 rs=1 cs=1]
                RenderBlock {P} at (7,0) size 157x15
                  RenderText {#text} at (0,0) size 89x15
                    text run at (0,0) width 89: "Alan Littlewood"
                  RenderInline {SPAN} at (0,0) size 0x15
                    RenderInline {O:P} at (0,0) size 0x15
                RenderBlock {P} at (7,15) size 157x15
                  RenderText {#text} at (0,0) size 84x15
                    text run at (0,0) width 84: "George Coward"
                  RenderInline {SPAN} at (0,0) size 0x15
                    RenderInline {O:P} at (0,0) size 0x15
                RenderBlock {P} at (7,30) size 157x15
                  RenderText {#text} at (0,0) size 86x15
                    text run at (0,0) width 86: "Maurice Burton"
                RenderBlock {P} at (7,45) size 157x15
                  RenderText {#text} at (0,0) size 63x15
                    text run at (0,0) width 63: "Dan Sievert"
                RenderBlock {P} at (7,60) size 157x15
                  RenderText {#text} at (0,0) size 114x15
                    text run at (0,0) width 114: "Michael DeGiovanni"
                RenderBlock {P} at (7,75) size 157x15
                  RenderText {#text} at (0,0) size 89x15
                    text run at (0,0) width 89: "Jack Goodfriend"
                RenderBlock {P} at (7,90) size 157x15
                  RenderText {#text} at (0,0) size 91x15
                    text run at (0,0) width 91: "Richard Sanchez"
                  RenderInline {SPAN} at (0,0) size 0x15
                    RenderInline {O:P} at (0,0) size 0x15
              RenderTableCell {TD} at (268,1629) size 100x105 [r=29 c=2 rs=1 cs=1]
                RenderBlock {P} at (7,0) size 85x15
                  RenderText {#text} at (32,0) size 21x15
                    text run at (32,0) width 21: "Yes"
                  RenderInline {SPAN} at (0,0) size 1x15
                    RenderInline {O:P} at (0,0) size 1x15
                RenderBlock {P} at (7,15) size 85x15
                  RenderText {#text} at (32,0) size 21x15
                    text run at (32,0) width 21: "Yes"
                  RenderInline {SPAN} at (0,0) size 1x15
                    RenderInline {O:P} at (0,0) size 1x15
                RenderBlock {P} at (7,30) size 85x15
                  RenderText {#text} at (32,0) size 21x15
                    text run at (32,0) width 21: "Yes"
                RenderBlock {P} at (7,45) size 85x15
                  RenderText {#text} at (32,0) size 21x15
                    text run at (32,0) width 21: "Yes"
                RenderBlock {P} at (7,60) size 85x15
                  RenderText {#text} at (40,0) size 4x15
                    text run at (40,0) width 4: " "
                RenderBlock {P} at (7,75) size 85x15
                  RenderText {#text} at (40,0) size 4x15
                    text run at (40,0) width 4: " "
                RenderBlock {P} at (7,90) size 85x15
                  RenderText {#text} at (34,0) size 17x15
                    text run at (34,0) width 17: "No"
                  RenderInline {SPAN} at (0,0) size 1x15
                    RenderInline {O:P} at (0,0) size 1x15
              RenderTableCell {TD} at (367,1629) size 106x105 [r=29 c=3 rs=1 cs=1]
                RenderBlock {P} at (7,0) size 91x15
                  RenderText {#text} at (37,0) size 17x15
                    text run at (37,0) width 17: "No"
                  RenderInline {SPAN} at (0,0) size 1x15
                    RenderInline {O:P} at (0,0) size 1x15
                RenderBlock {P} at (7,15) size 91x15
                  RenderText {#text} at (37,0) size 17x15
                    text run at (37,0) width 17: "No"
                  RenderInline {SPAN} at (0,0) size 1x15
                    RenderInline {O:P} at (0,0) size 1x15
                RenderBlock {P} at (7,30) size 91x15
                  RenderText {#text} at (37,0) size 17x15
                    text run at (37,0) width 17: "No"
                RenderBlock {P} at (7,45) size 91x15
                  RenderText {#text} at (37,0) size 17x15
                    text run at (37,0) width 17: "No"
                RenderBlock {P} at (7,60) size 91x15
                  RenderText {#text} at (43,0) size 4x15
                    text run at (43,0) width 4: " "
                RenderBlock {P} at (7,75) size 91x15
                  RenderText {#text} at (43,0) size 4x15
                    text run at (43,0) width 4: " "
                RenderBlock {P} at (7,90) size 91x15
                  RenderText {#text} at (35,0) size 21x15
                    text run at (35,0) width 21: "Yes"
                  RenderInline {SPAN} at (0,0) size 1x15
                    RenderInline {O:P} at (0,0) size 1x15
            RenderTableRow {TR} at (0,1734) size 473x45
              RenderTableCell {TD} at (0,1734) size 99x15 [r=30 c=0 rs=1 cs=1]
                RenderBlock {P} at (7,0) size 84x15
                  RenderText {#text} at (34,0) size 15x15
                    text run at (34,0) width 15: "31"
                  RenderInline {SPAN} at (0,0) size 1x15
                    RenderInline {O:P} at (0,0) size 1x15
              RenderTableCell {TD} at (98,1734) size 171x45 [r=30 c=1 rs=1 cs=1]
                RenderBlock {P} at (7,0) size 157x15
                  RenderText {#text} at (0,0) size 64x15
                    text run at (0,0) width 64: "Dave Neves"
                RenderBlock {P} at (7,15) size 157x15
                  RenderText {#text} at (0,0) size 79x15
                    text run at (0,0) width 79: "James Haladus"
                RenderBlock {P} at (7,30) size 157x15
                  RenderText {#text} at (0,0) size 65x15
                    text run at (0,0) width 65: "Randy Reid"
                  RenderInline {SPAN} at (0,0) size 0x15
                    RenderInline {O:P} at (0,0) size 0x15
              RenderTableCell {TD} at (268,1734) size 100x30 [r=30 c=2 rs=1 cs=1]
                RenderBlock {P} at (7,0) size 85x15
                  RenderText {#text} at (32,0) size 21x15
                    text run at (32,0) width 21: "Yes"
                RenderBlock {P} at (7,15) size 85x15
                  RenderText {#text} at (32,0) size 21x15
                    text run at (32,0) width 21: "Yes"
                  RenderInline {SPAN} at (0,0) size 1x15
                    RenderInline {O:P} at (0,0) size 1x15
              RenderTableCell {TD} at (367,1734) size 106x30 [r=30 c=3 rs=1 cs=1]
                RenderBlock {P} at (7,0) size 91x15
                  RenderText {#text} at (35,0) size 21x15
                    text run at (35,0) width 21: "Yes"
                RenderBlock {P} at (7,15) size 91x15
                  RenderText {#text} at (37,0) size 17x15
                    text run at (37,0) width 17: "No"
                  RenderInline {SPAN} at (0,0) size 1x15
                    RenderInline {O:P} at (0,0) size 1x15
            RenderTableRow {TR} at (0,1779) size 473x60
              RenderTableCell {TD} at (0,1779) size 99x15 [r=31 c=0 rs=1 cs=1]
                RenderBlock {P} at (7,0) size 84x15
                  RenderText {#text} at (34,0) size 15x15
                    text run at (34,0) width 15: "32"
                  RenderInline {SPAN} at (0,0) size 1x15
                    RenderInline {O:P} at (0,0) size 1x15
              RenderTableCell {TD} at (98,1779) size 171x60 [r=31 c=1 rs=1 cs=1]
                RenderBlock {P} at (7,0) size 157x15
                  RenderText {#text} at (0,0) size 65x15
                    text run at (0,0) width 65: " Oliver Baer"
                RenderBlock {P} at (7,15) size 157x15
                  RenderText {#text} at (0,0) size 68x15
                    text run at (0,0) width 68: "Dale Barnett"
                RenderBlock {P} at (7,30) size 157x15
                  RenderText {#text} at (0,0) size 58x15
                    text run at (0,0) width 58: "John Todd"
                RenderBlock {P} at (7,45) size 157x15
                  RenderText {#text} at (0,0) size 89x15
                    text run at (0,0) width 89: "Dominic Bayani"
                  RenderInline {SPAN} at (0,0) size 0x15
                    RenderInline {O:P} at (0,0) size 0x15
              RenderTableCell {TD} at (268,1779) size 100x30 [r=31 c=2 rs=1 cs=1]
                RenderBlock {P} at (7,0) size 85x15
                  RenderText {#text} at (30,0) size 24x15
                    text run at (30,0) width 24: " Yes"
                RenderBlock {P} at (7,15) size 85x15
                  RenderText {#text} at (32,0) size 21x15
                    text run at (32,0) width 21: "Yes"
                  RenderInline {SPAN} at (0,0) size 1x15
                    RenderInline {O:P} at (0,0) size 1x15
              RenderTableCell {TD} at (367,1779) size 106x30 [r=31 c=3 rs=1 cs=1]
                RenderBlock {P} at (7,0) size 91x15
                  RenderText {#text} at (35,0) size 20x15
                    text run at (35,0) width 20: " No"
                RenderBlock {P} at (7,15) size 91x15
                  RenderText {#text} at (37,0) size 17x15
                    text run at (37,0) width 17: "No"
                  RenderInline {SPAN} at (0,0) size 1x15
                    RenderInline {O:P} at (0,0) size 1x15
            RenderTableRow {TR} at (0,1839) size 473x135
              RenderTableCell {TD} at (0,1839) size 99x15 [r=32 c=0 rs=1 cs=1]
                RenderBlock {P} at (7,0) size 84x15
                  RenderText {#text} at (34,0) size 15x15
                    text run at (34,0) width 15: "33"
                  RenderInline {SPAN} at (0,0) size 1x15
                    RenderInline {O:P} at (0,0) size 1x15
              RenderTableCell {TD} at (98,1839) size 171x135 [r=32 c=1 rs=1 cs=1]
                RenderBlock {P} at (7,0) size 157x15
                  RenderText {#text} at (0,0) size 70x15
                    text run at (0,0) width 70: "Tom Wagner"
                  RenderInline {SPAN} at (0,0) size 0x15
                    RenderInline {O:P} at (0,0) size 0x15
                RenderBlock {P} at (7,15) size 157x15
                  RenderText {#text} at (0,0) size 76x15
                    text run at (0,0) width 76: "Gene Langley"
                RenderBlock {P} at (7,30) size 157x15
                  RenderText {#text} at (0,0) size 79x15
                    text run at (0,0) width 79: "James Haladus"
                RenderBlock {P} at (7,45) size 157x15
                  RenderText {#text} at (0,0) size 85x15
                    text run at (0,0) width 85: "Daniel Buckley"
                RenderBlock {P} at (7,60) size 157x15
                  RenderText {#text} at (0,0) size 68x15
                    text run at (0,0) width 68: "Chris Larsen"
                RenderBlock {P} at (7,75) size 157x15
                  RenderText {#text} at (0,0) size 73x15
                    text run at (0,0) width 73: "Mike Chansu"
                RenderBlock {P} at (7,90) size 157x15
                  RenderText {#text} at (0,0) size 71x15
                    text run at (0,0) width 71: "James Brown"
                RenderBlock {P} at (7,105) size 157x15
                  RenderText {#text} at (0,0) size 65x15
                    text run at (0,0) width 65: "Will Sievert"
                RenderBlock {P} at (7,120) size 157x15
                  RenderText {#text} at (0,0) size 69x15
                    text run at (0,0) width 69: "Terry Chong"
                  RenderInline {SPAN} at (0,0) size 0x15
                    RenderInline {O:P} at (0,0) size 0x15
              RenderTableCell {TD} at (268,1839) size 100x135 [r=32 c=2 rs=1 cs=1]
                RenderBlock {P} at (7,0) size 85x15
                  RenderText {#text} at (32,0) size 21x15
                    text run at (32,0) width 21: "Yes"
                  RenderInline {SPAN} at (0,0) size 1x15
                    RenderInline {O:P} at (0,0) size 1x15
                RenderBlock {P} at (7,15) size 85x15
                  RenderText {#text} at (32,0) size 21x15
                    text run at (32,0) width 21: "Yes"
                RenderBlock {P} at (7,30) size 85x15
                  RenderText {#text} at (32,0) size 21x15
                    text run at (32,0) width 21: "Yes"
                RenderBlock {P} at (7,45) size 85x15
                  RenderText {#text} at (32,0) size 21x15
                    text run at (32,0) width 21: "Yes"
                RenderBlock {P} at (7,60) size 85x15
                  RenderText {#text} at (40,0) size 4x15
                    text run at (40,0) width 4: " "
                RenderBlock {P} at (7,75) size 85x15
                  RenderText {#text} at (32,0) size 21x15
                    text run at (32,0) width 21: "Yes"
                RenderBlock {P} at (7,90) size 85x15
                  RenderText {#text} at (32,0) size 21x15
                    text run at (32,0) width 21: "Yes"
                RenderBlock {P} at (7,105) size 85x15
                  RenderText {#text} at (32,0) size 21x15
                    text run at (32,0) width 21: "Yes"
                RenderBlock {P} at (7,120) size 85x15
                  RenderText {#text} at (32,0) size 21x15
                    text run at (32,0) width 21: "Yes"
                  RenderInline {SPAN} at (0,0) size 1x15
                    RenderInline {O:P} at (0,0) size 1x15
              RenderTableCell {TD} at (367,1839) size 106x135 [r=32 c=3 rs=1 cs=1]
                RenderBlock {P} at (7,0) size 91x15
                  RenderText {#text} at (37,0) size 17x15
                    text run at (37,0) width 17: "No"
                  RenderInline {SPAN} at (0,0) size 1x15
                    RenderInline {O:P} at (0,0) size 1x15
                RenderBlock {P} at (7,15) size 91x15
                  RenderText {#text} at (6,0) size 79x15
                    text run at (6,0) width 79: "Gyro wannabe"
                RenderBlock {P} at (7,30) size 91x15
                  RenderText {#text} at (37,0) size 17x15
                    text run at (37,0) width 17: "No"
                RenderBlock {P} at (7,45) size 91x15
                  RenderText {#text} at (37,0) size 17x15
                    text run at (37,0) width 17: "No"
                RenderBlock {P} at (7,60) size 91x15
                  RenderText {#text} at (43,0) size 4x15
                    text run at (43,0) width 4: " "
                RenderBlock {P} at (7,75) size 91x15
                  RenderText {#text} at (37,0) size 17x15
                    text run at (37,0) width 17: "No"
                RenderBlock {P} at (7,90) size 91x15
                  RenderText {#text} at (37,0) size 17x15
                    text run at (37,0) width 17: "No"
                RenderBlock {P} at (7,105) size 91x15
                  RenderText {#text} at (37,0) size 17x15
                    text run at (37,0) width 17: "No"
                RenderBlock {P} at (7,120) size 91x15
                  RenderText {#text} at (37,0) size 17x15
                    text run at (37,0) width 17: "No"
                  RenderInline {SPAN} at (0,0) size 1x15
                    RenderInline {O:P} at (0,0) size 1x15
            RenderTableRow {TR} at (0,1974) size 473x120
              RenderTableCell {TD} at (0,1974) size 99x15 [r=33 c=0 rs=1 cs=1]
                RenderBlock {P} at (7,0) size 84x15
                  RenderText {#text} at (34,0) size 15x15
                    text run at (34,0) width 15: "34"
                  RenderInline {SPAN} at (0,0) size 1x15
                    RenderInline {O:P} at (0,0) size 1x15
              RenderTableCell {TD} at (98,1974) size 171x120 [r=33 c=1 rs=1 cs=1]
                RenderBlock {P} at (7,0) size 157x15
                  RenderText {#text} at (0,0) size 57x15
                    text run at (0,0) width 57: "Jay Ribera"
                RenderBlock {P} at (7,15) size 157x15
                  RenderText {#text} at (0,0) size 86x15
                    text run at (0,0) width 86: "Gerald Cardinal"
                RenderBlock {P} at (7,30) size 157x15
                  RenderText {#text} at (0,0) size 68x15
                    text run at (0,0) width 68: "Dale Barnett"
                RenderBlock {P} at (7,45) size 157x15
                  RenderText {#text} at (0,0) size 63x15
                    text run at (0,0) width 63: "Paul Walter"
                RenderBlock {P} at (7,60) size 157x15
                  RenderText {#text} at (0,0) size 89x15
                    text run at (0,0) width 89: "Dominic Bayani"
                RenderBlock {P} at (7,75) size 157x15
                  RenderText {#text} at (0,0) size 93x15
                    text run at (0,0) width 93: "Donald Carvalho"
                RenderBlock {P} at (7,90) size 157x15
                  RenderText {#text} at (0,0) size 73x15
                    text run at (0,0) width 73: "Jack Peterson"
                RenderBlock {P} at (7,105) size 157x15
                  RenderText {#text} at (0,0) size 62x15
                    text run at (0,0) width 62: "Scott Hersh"
                  RenderInline {SPAN} at (0,0) size 0x15
                    RenderInline {O:P} at (0,0) size 0x15
              RenderTableCell {TD} at (268,1974) size 100x120 [r=33 c=2 rs=1 cs=1]
                RenderBlock {P} at (7,0) size 85x15
                  RenderText {#text} at (32,0) size 21x15
                    text run at (32,0) width 21: "Yes"
                RenderBlock {P} at (7,15) size 85x15
                  RenderText {#text} at (40,0) size 4x15
                    text run at (40,0) width 4: " "
                RenderBlock {P} at (7,30) size 85x15
                  RenderText {#text} at (32,0) size 21x15
                    text run at (32,0) width 21: "Yes"
                RenderBlock {P} at (7,45) size 85x15
                  RenderText {#text} at (40,0) size 4x15
                    text run at (40,0) width 4: " "
                RenderBlock {P} at (7,60) size 85x15
                  RenderText {#text} at (40,0) size 4x15
                    text run at (40,0) width 4: " "
                RenderBlock {P} at (7,75) size 85x15
                  RenderText {#text} at (40,0) size 4x15
                    text run at (40,0) width 4: " "
                RenderBlock {P} at (7,90) size 85x15
                  RenderText {#text} at (40,0) size 4x15
                    text run at (40,0) width 4: " "
                RenderBlock {P} at (7,105) size 85x15
                  RenderText {#text} at (32,0) size 21x15
                    text run at (32,0) width 21: "Yes"
                  RenderInline {SPAN} at (0,0) size 1x15
                    RenderInline {O:P} at (0,0) size 1x15
              RenderTableCell {TD} at (367,1974) size 106x120 [r=33 c=3 rs=1 cs=1]
                RenderBlock {P} at (7,0) size 91x15
                  RenderText {#text} at (37,0) size 17x15
                    text run at (37,0) width 17: "No"
                RenderBlock {P} at (7,15) size 91x15
                  RenderText {#text} at (43,0) size 4x15
                    text run at (43,0) width 4: " "
                RenderBlock {P} at (7,30) size 91x15
                  RenderText {#text} at (37,0) size 17x15
                    text run at (37,0) width 17: "No"
                RenderBlock {P} at (7,45) size 91x15
                  RenderText {#text} at (43,0) size 4x15
                    text run at (43,0) width 4: " "
                RenderBlock {P} at (7,60) size 91x15
                  RenderText {#text} at (43,0) size 4x15
                    text run at (43,0) width 4: " "
                RenderBlock {P} at (7,75) size 91x15
                  RenderText {#text} at (43,0) size 4x15
                    text run at (43,0) width 4: " "
                RenderBlock {P} at (7,90) size 91x15
                  RenderText {#text} at (43,0) size 4x15
                    text run at (43,0) width 4: " "
                RenderBlock {P} at (7,105) size 91x15
                  RenderText {#text} at (37,0) size 17x15
                    text run at (37,0) width 17: "No"
                  RenderInline {SPAN} at (0,0) size 1x15
                    RenderInline {O:P} at (0,0) size 1x15
            RenderTableRow {TR} at (0,2094) size 473x75
              RenderTableCell {TD} at (0,2094) size 99x15 [r=34 c=0 rs=1 cs=1]
                RenderBlock {P} at (7,0) size 84x15
                  RenderText {#text} at (34,0) size 15x15
                    text run at (34,0) width 15: "35"
                  RenderInline {SPAN} at (0,0) size 1x15
                    RenderInline {O:P} at (0,0) size 1x15
              RenderTableCell {TD} at (98,2094) size 171x75 [r=34 c=1 rs=1 cs=1]
                RenderBlock {P} at (7,0) size 157x15
                  RenderText {#text} at (0,0) size 81x15
                    text run at (0,0) width 81: " Richard Green"
                RenderBlock {P} at (7,15) size 157x15
                  RenderText {#text} at (0,0) size 66x15
                    text run at (0,0) width 66: "David Allen"
                RenderBlock {P} at (7,30) size 157x15
                  RenderText {#text} at (0,0) size 60x15
                    text run at (0,0) width 60: "Jim Colvin"
                RenderBlock {P} at (7,45) size 157x15
                  RenderText {#text} at (0,0) size 70x15
                    text run at (0,0) width 70: "Harald Close"
                RenderBlock {P} at (7,60) size 157x15
                  RenderText {#text} at (0,0) size 62x15
                    text run at (0,0) width 62: "Oliver Baer"
                  RenderInline {SPAN} at (0,0) size 0x15
                    RenderInline {O:P} at (0,0) size 0x15
              RenderTableCell {TD} at (268,2094) size 100x75 [r=34 c=2 rs=1 cs=1]
                RenderBlock {P} at (7,0) size 85x15
                  RenderText {#text} at (40,0) size 4x15
                    text run at (40,0) width 4: " "
                RenderBlock {P} at (7,15) size 85x15
                  RenderText {#text} at (40,0) size 4x15
                    text run at (40,0) width 4: " "
                RenderBlock {P} at (7,30) size 85x15
                  RenderText {#text} at (40,0) size 4x15
                    text run at (40,0) width 4: " "
                RenderBlock {P} at (7,45) size 85x15
                  RenderText {#text} at (32,0) size 21x15
                    text run at (32,0) width 21: "Yes"
                RenderBlock {P} at (7,60) size 85x15
                  RenderText {#text} at (32,0) size 21x15
                    text run at (32,0) width 21: "Yes"
                  RenderInline {SPAN} at (0,0) size 1x15
                    RenderInline {O:P} at (0,0) size 1x15
              RenderTableCell {TD} at (367,2094) size 106x75 [r=34 c=3 rs=1 cs=1]
                RenderBlock {P} at (7,0) size 91x15
                  RenderText {#text} at (43,0) size 4x15
                    text run at (43,0) width 4: " "
                RenderBlock {P} at (7,15) size 91x15
                  RenderText {#text} at (43,0) size 4x15
                    text run at (43,0) width 4: " "
                RenderBlock {P} at (7,30) size 91x15
                  RenderText {#text} at (43,0) size 4x15
                    text run at (43,0) width 4: " "
                RenderBlock {P} at (7,45) size 91x15
                  RenderText {#text} at (35,0) size 21x15
                    text run at (35,0) width 21: "Yes"
                RenderBlock {P} at (7,60) size 91x15
                  RenderText {#text} at (37,0) size 17x15
                    text run at (37,0) width 17: "No"
                  RenderInline {SPAN} at (0,0) size 1x15
                    RenderInline {O:P} at (0,0) size 1x15
            RenderTableRow {TR} at (0,2169) size 473x75
              RenderTableCell {TD} at (0,2169) size 99x15 [r=35 c=0 rs=1 cs=1]
                RenderBlock {P} at (7,0) size 84x15
                  RenderText {#text} at (34,0) size 15x15
                    text run at (34,0) width 15: "36"
                  RenderInline {SPAN} at (0,0) size 1x15
                    RenderInline {O:P} at (0,0) size 1x15
              RenderTableCell {TD} at (98,2169) size 171x75 [r=35 c=1 rs=1 cs=1]
                RenderBlock {P} at (7,0) size 157x15
                  RenderText {#text} at (0,0) size 71x15
                    text run at (0,0) width 71: "Jason Beehm"
                RenderBlock {P} at (7,15) size 157x15
                  RenderText {#text} at (0,0) size 93x15
                    text run at (0,0) width 93: "Darrell Carpenter"
                RenderBlock {P} at (7,30) size 157x15
                  RenderText {#text} at (0,0) size 82x15
                    text run at (0,0) width 82: "Stefan Kiritzov"
                RenderBlock {P} at (7,45) size 157x15
                  RenderText {#text} at (0,0) size 68x15
                    text run at (0,0) width 68: "Dale Barnett"
                RenderBlock {P} at (7,60) size 157x15
                  RenderText {#text} at (0,0) size 63x15
                    text run at (0,0) width 63: "Dan Sievert"
                  RenderInline {SPAN} at (0,0) size 0x15
                    RenderInline {O:P} at (0,0) size 0x15
              RenderTableCell {TD} at (268,2169) size 100x75 [r=35 c=2 rs=1 cs=1]
                RenderBlock {P} at (7,0) size 85x15
                  RenderText {#text} at (32,0) size 21x15
                    text run at (32,0) width 21: "Yes"
                RenderBlock {P} at (7,15) size 85x15
                  RenderText {#text} at (32,0) size 21x15
                    text run at (32,0) width 21: "Yes"
                RenderBlock {P} at (7,30) size 85x15
                  RenderText {#text} at (32,0) size 21x15
                    text run at (32,0) width 21: "Yes"
                RenderBlock {P} at (7,45) size 85x15
                  RenderText {#text} at (32,0) size 21x15
                    text run at (32,0) width 21: "Yes"
                RenderBlock {P} at (7,60) size 85x15
                  RenderText {#text} at (32,0) size 21x15
                    text run at (32,0) width 21: "Yes"
                  RenderInline {SPAN} at (0,0) size 1x15
                    RenderInline {O:P} at (0,0) size 1x15
              RenderTableCell {TD} at (367,2169) size 106x75 [r=35 c=3 rs=1 cs=1]
                RenderBlock {P} at (7,0) size 91x15
                  RenderText {#text} at (37,0) size 17x15
                    text run at (37,0) width 17: "No"
                RenderBlock {P} at (7,15) size 91x15
                  RenderText {#text} at (37,0) size 17x15
                    text run at (37,0) width 17: "No"
                RenderBlock {P} at (7,30) size 91x15
                  RenderText {#text} at (35,0) size 21x15
                    text run at (35,0) width 21: "Yes"
                RenderBlock {P} at (7,45) size 91x15
                  RenderText {#text} at (37,0) size 17x15
                    text run at (37,0) width 17: "No"
                RenderBlock {P} at (7,60) size 91x15
                  RenderText {#text} at (37,0) size 17x15
                    text run at (37,0) width 17: "No"
                  RenderInline {SPAN} at (0,0) size 1x15
                    RenderInline {O:P} at (0,0) size 1x15
            RenderTableRow {TR} at (0,2244) size 473x60
              RenderTableCell {TD} at (0,2244) size 99x15 [r=36 c=0 rs=1 cs=1]
                RenderBlock {P} at (7,0) size 84x15
                  RenderText {#text} at (34,0) size 15x15
                    text run at (34,0) width 15: "37"
                  RenderInline {SPAN} at (0,0) size 1x15
                    RenderInline {O:P} at (0,0) size 1x15
              RenderTableCell {TD} at (98,2244) size 171x60 [r=36 c=1 rs=1 cs=1]
                RenderBlock {P} at (7,0) size 157x15
                  RenderText {#text} at (0,0) size 96x15
                    text run at (0,0) width 96: "Dominic Civiletti"
                RenderBlock {P} at (7,15) size 157x15
                  RenderText {#text} at (0,0) size 83x15
                    text run at (0,0) width 83: "John Chamorro"
                RenderBlock {P} at (7,30) size 157x15
                  RenderText {#text} at (0,0) size 74x15
                    text run at (0,0) width 74: "Jim Mirowski"
                RenderBlock {P} at (7,45) size 157x15
                  RenderText {#text} at (0,0) size 78x15
                    text run at (0,0) width 78: "Soohong  Kim"
                  RenderInline {SPAN} at (0,0) size 0x15
                    RenderInline {O:P} at (0,0) size 0x15
              RenderTableCell {TD} at (268,2244) size 100x60 [r=36 c=2 rs=1 cs=1]
                RenderBlock {P} at (7,0) size 85x15
                  RenderText {#text} at (32,0) size 21x15
                    text run at (32,0) width 21: "Yes"
                RenderBlock {P} at (7,15) size 85x15
                  RenderText {#text} at (40,0) size 4x15
                    text run at (40,0) width 4: " "
                RenderBlock {P} at (7,30) size 85x15
                  RenderText {#text} at (40,0) size 4x15
                    text run at (40,0) width 4: " "
                RenderBlock {P} at (7,45) size 85x15
                  RenderText {#text} at (32,0) size 21x15
                    text run at (32,0) width 21: "Yes"
                  RenderInline {SPAN} at (0,0) size 1x15
                    RenderInline {O:P} at (0,0) size 1x15
              RenderTableCell {TD} at (367,2244) size 106x60 [r=36 c=3 rs=1 cs=1]
                RenderBlock {P} at (7,0) size 91x15
                  RenderText {#text} at (37,0) size 17x15
                    text run at (37,0) width 17: "No"
                RenderBlock {P} at (7,15) size 91x15
                  RenderText {#text} at (43,0) size 4x15
                    text run at (43,0) width 4: " "
                RenderBlock {P} at (7,30) size 91x15
                  RenderText {#text} at (43,0) size 4x15
                    text run at (43,0) width 4: " "
                RenderBlock {P} at (7,45) size 91x15
                  RenderText {#text} at (37,0) size 17x15
                    text run at (37,0) width 17: "No"
                  RenderInline {SPAN} at (0,0) size 1x15
                    RenderInline {O:P} at (0,0) size 1x15
            RenderTableRow {TR} at (0,2304) size 473x90
              RenderTableCell {TD} at (0,2304) size 99x15 [r=37 c=0 rs=1 cs=1]
                RenderBlock {P} at (7,0) size 84x15
                  RenderText {#text} at (34,0) size 15x15
                    text run at (34,0) width 15: "38"
                  RenderInline {SPAN} at (0,0) size 1x15
                    RenderInline {O:P} at (0,0) size 1x15
              RenderTableCell {TD} at (98,2304) size 171x90 [r=37 c=1 rs=1 cs=1]
                RenderBlock {P} at (7,0) size 157x15
                  RenderText {#text} at (0,0) size 101x15
                    text run at (0,0) width 101: "Karl Allmendinger"
                  RenderInline {SPAN} at (0,0) size 0x15
                    RenderInline {O:P} at (0,0) size 0x15
                RenderBlock {P} at (7,15) size 157x15
                  RenderText {#text} at (0,0) size 65x15
                    text run at (0,0) width 65: "John Bernal"
                  RenderInline {SPAN} at (0,0) size 0x15
                    RenderInline {O:P} at (0,0) size 0x15
                RenderBlock {P} at (7,30) size 157x15
                  RenderText {#text} at (0,0) size 76x15
                    text run at (0,0) width 76: "Gene Langley"
                RenderBlock {P} at (7,45) size 157x15
                  RenderText {#text} at (0,0) size 78x15
                    text run at (0,0) width 78: "Chuck Pringle"
                RenderBlock {P} at (7,60) size 157x15
                  RenderText {#text} at (0,0) size 57x15
                    text run at (0,0) width 57: "Jimmy Lei"
                RenderBlock {P} at (7,75) size 157x15
                  RenderText {#text} at (0,0) size 93x15
                    text run at (0,0) width 93: "Ruenjoe (Joe) Lu"
                  RenderInline {SPAN} at (0,0) size 0x15
                    RenderInline {O:P} at (0,0) size 0x15
              RenderTableCell {TD} at (268,2304) size 100x60 [r=37 c=2 rs=1 cs=1]
                RenderBlock {P} at (7,0) size 85x15
                  RenderText {#text} at (32,0) size 21x15
                    text run at (32,0) width 21: "Yes"
                  RenderInline {SPAN} at (0,0) size 1x15
                    RenderInline {O:P} at (0,0) size 1x15
                RenderBlock {P} at (7,15) size 85x15
                  RenderText {#text} at (32,0) size 21x15
                    text run at (32,0) width 21: "Yes"
                  RenderInline {SPAN} at (0,0) size 1x15
                    RenderInline {O:P} at (0,0) size 1x15
                RenderBlock {P} at (7,30) size 85x15
                  RenderText {#text} at (32,0) size 21x15
                    text run at (32,0) width 21: "Yes"
                RenderBlock {P} at (7,45) size 85x15
                  RenderText {#text} at (32,0) size 21x15
                    text run at (32,0) width 21: "Yes"
                  RenderInline {SPAN} at (0,0) size 1x15
                    RenderInline {O:P} at (0,0) size 1x15
              RenderTableCell {TD} at (367,2304) size 106x60 [r=37 c=3 rs=1 cs=1]
                RenderBlock {P} at (7,0) size 91x15
                  RenderText {#text} at (37,0) size 17x15
                    text run at (37,0) width 17: "No"
                  RenderInline {SPAN} at (0,0) size 1x15
                    RenderInline {O:P} at (0,0) size 1x15
                RenderBlock {P} at (7,15) size 91x15
                  RenderText {#text} at (37,0) size 17x15
                    text run at (37,0) width 17: "No"
                  RenderInline {SPAN} at (0,0) size 1x15
                    RenderInline {O:P} at (0,0) size 1x15
                RenderBlock {P} at (7,30) size 91x15
                  RenderText {#text} at (6,0) size 79x15
                    text run at (6,0) width 79: "Gyro wannabe"
                RenderBlock {P} at (7,45) size 91x15
                  RenderText {#text} at (37,0) size 17x15
                    text run at (37,0) width 17: "No"
                  RenderInline {SPAN} at (0,0) size 1x15
                    RenderInline {O:P} at (0,0) size 1x15
            RenderTableRow {TR} at (0,2394) size 473x45
              RenderTableCell {TD} at (0,2394) size 99x15 [r=38 c=0 rs=1 cs=1]
                RenderBlock {P} at (7,0) size 84x15
                  RenderText {#text} at (34,0) size 15x15
                    text run at (34,0) width 15: "39"
                  RenderInline {SPAN} at (0,0) size 1x15
                    RenderInline {O:P} at (0,0) size 1x15
              RenderTableCell {TD} at (98,2394) size 171x45 [r=38 c=1 rs=1 cs=1]
                RenderBlock {P} at (7,0) size 157x15
                  RenderText {#text} at (0,0) size 70x15
                    text run at (0,0) width 70: "Tom Wagner"
                RenderBlock {P} at (7,15) size 157x15
                  RenderText {#text} at (0,0) size 62x15
                    text run at (0,0) width 62: "Oliver Baer"
                RenderBlock {P} at (7,30) size 157x15
                  RenderText {#text} at (0,0) size 65x15
                    text run at (0,0) width 65: "Will Sievert"
                  RenderInline {SPAN} at (0,0) size 0x15
                    RenderInline {O:P} at (0,0) size 0x15
              RenderTableCell {TD} at (268,2394) size 100x45 [r=38 c=2 rs=1 cs=1]
                RenderBlock {P} at (7,0) size 85x15
                  RenderText {#text} at (32,0) size 21x15
                    text run at (32,0) width 21: "Yes"
                RenderBlock {P} at (7,15) size 85x15
                  RenderText {#text} at (32,0) size 21x15
                    text run at (32,0) width 21: "Yes"
                RenderBlock {P} at (7,30) size 85x15
                  RenderText {#text} at (32,0) size 21x15
                    text run at (32,0) width 21: "Yes"
                  RenderInline {SPAN} at (0,0) size 1x15
                    RenderInline {O:P} at (0,0) size 1x15
              RenderTableCell {TD} at (367,2394) size 106x45 [r=38 c=3 rs=1 cs=1]
                RenderBlock {P} at (7,0) size 91x15
                  RenderText {#text} at (37,0) size 17x15
                    text run at (37,0) width 17: "No"
                RenderBlock {P} at (7,15) size 91x15
                  RenderText {#text} at (37,0) size 17x15
                    text run at (37,0) width 17: "No"
                RenderBlock {P} at (7,30) size 91x15
                  RenderText {#text} at (37,0) size 17x15
                    text run at (37,0) width 17: "No"
                  RenderInline {SPAN} at (0,0) size 1x15
                    RenderInline {O:P} at (0,0) size 1x15
            RenderTableRow {TR} at (0,2439) size 473x120
              RenderTableCell {TD} at (0,2439) size 99x15 [r=39 c=0 rs=1 cs=1]
                RenderBlock {P} at (7,0) size 84x15
                  RenderText {#text} at (34,0) size 15x15
                    text run at (34,0) width 15: "40"
                  RenderInline {SPAN} at (0,0) size 1x15
                    RenderInline {O:P} at (0,0) size 1x15
              RenderTableCell {TD} at (98,2439) size 171x120 [r=39 c=1 rs=1 cs=1]
                RenderBlock {P} at (7,0) size 157x15
                  RenderText {#text} at (0,0) size 82x15
                    text run at (0,0) width 82: "Alberto Lanzas"
                  RenderInline {SPAN} at (0,0) size 0x15
                    RenderInline {O:P} at (0,0) size 0x15
                RenderBlock {P} at (7,15) size 157x15
                  RenderText {#text} at (0,0) size 93x15
                    text run at (0,0) width 93: "Zak + Mike West"
                  RenderInline {SPAN} at (0,0) size 0x15
                    RenderInline {O:P} at (0,0) size 0x15
                RenderBlock {P} at (7,30) size 157x15
                  RenderText {#text} at (0,0) size 68x15
                    text run at (0,0) width 68: "Javier Flores"
                  RenderInline {SPAN} at (0,0) size 0x15
                    RenderInline {O:P} at (0,0) size 0x15
                RenderBlock {P} at (7,45) size 157x15
                  RenderText {#text} at (0,0) size 69x15
                    text run at (0,0) width 69: "Bill Johnson"
                  RenderInline {SPAN} at (0,0) size 0x15
                    RenderInline {O:P} at (0,0) size 0x15
                RenderBlock {P} at (7,60) size 157x15
                  RenderText {#text} at (0,0) size 76x15
                    text run at (0,0) width 76: "Gene Langley"
                RenderBlock {P} at (7,75) size 157x15
                  RenderText {#text} at (0,0) size 70x15
                    text run at (0,0) width 70: "Rich Burnett"
                RenderBlock {P} at (7,90) size 157x15
                  RenderText {#text} at (0,0) size 89x15
                    text run at (0,0) width 89: "Jack Goodfriend"
                RenderBlock {P} at (7,105) size 157x15
                  RenderText {#text} at (0,0) size 70x15
                    text run at (0,0) width 70: "Harald Close"
                  RenderInline {SPAN} at (0,0) size 0x15
                    RenderInline {O:P} at (0,0) size 0x15
              RenderTableCell {TD} at (268,2439) size 100x120 [r=39 c=2 rs=1 cs=1]
                RenderBlock {P} at (7,0) size 85x15
                  RenderText {#text} at (32,0) size 21x15
                    text run at (32,0) width 21: "Yes"
                  RenderInline {SPAN} at (0,0) size 1x15
                    RenderInline {O:P} at (0,0) size 1x15
                RenderBlock {P} at (7,15) size 85x15
                  RenderText {#text} at (32,0) size 21x15
                    text run at (32,0) width 21: "Yes"
                  RenderInline {SPAN} at (0,0) size 1x15
                    RenderInline {O:P} at (0,0) size 1x15
                RenderBlock {P} at (7,30) size 85x15
                  RenderText {#text} at (32,0) size 21x15
                    text run at (32,0) width 21: "Yes"
                  RenderInline {SPAN} at (0,0) size 1x15
                    RenderInline {O:P} at (0,0) size 1x15
                RenderBlock {P} at (7,45) size 85x15
                  RenderText {#text} at (32,0) size 21x15
                    text run at (32,0) width 21: "Yes"
                  RenderInline {SPAN} at (0,0) size 1x15
                    RenderInline {O:P} at (0,0) size 1x15
                RenderBlock {P} at (7,60) size 85x15
                  RenderText {#text} at (32,0) size 21x15
                    text run at (32,0) width 21: "Yes"
                RenderBlock {P} at (7,75) size 85x15
                  RenderText {#text} at (40,0) size 4x15
                    text run at (40,0) width 4: " "
                RenderBlock {P} at (7,90) size 85x15
                  RenderText {#text} at (40,0) size 4x15
                    text run at (40,0) width 4: " "
                RenderBlock {P} at (7,105) size 85x15
                  RenderText {#text} at (32,0) size 21x15
                    text run at (32,0) width 21: "Yes"
                  RenderInline {SPAN} at (0,0) size 1x15
                    RenderInline {O:P} at (0,0) size 1x15
              RenderTableCell {TD} at (367,2439) size 106x120 [r=39 c=3 rs=1 cs=1]
                RenderBlock {P} at (7,0) size 91x15
                  RenderText {#text} at (35,0) size 21x15
                    text run at (35,0) width 21: "Yes"
                  RenderInline {SPAN} at (0,0) size 1x15
                    RenderInline {O:P} at (0,0) size 1x15
                RenderBlock {P} at (7,15) size 91x15
                  RenderText {#text} at (35,0) size 21x15
                    text run at (35,0) width 21: "Yes"
                  RenderInline {SPAN} at (0,0) size 1x15
                    RenderInline {O:P} at (0,0) size 1x15
                RenderBlock {P} at (7,30) size 91x15
                  RenderText {#text} at (37,0) size 17x15
                    text run at (37,0) width 17: "No"
                  RenderInline {SPAN} at (0,0) size 1x15
                    RenderInline {O:P} at (0,0) size 1x15
                RenderBlock {P} at (7,45) size 91x15
                  RenderText {#text} at (37,0) size 17x15
                    text run at (37,0) width 17: "No"
                  RenderInline {SPAN} at (0,0) size 1x15
                    RenderInline {O:P} at (0,0) size 1x15
                RenderBlock {P} at (7,60) size 91x15
                  RenderText {#text} at (28,0) size 35x15
                    text run at (28,0) width 35: "Glider"
                RenderBlock {P} at (7,75) size 91x15
                  RenderText {#text} at (43,0) size 4x15
                    text run at (43,0) width 4: " "
                RenderBlock {P} at (7,90) size 91x15
                  RenderText {#text} at (43,0) size 4x15
                    text run at (43,0) width 4: " "
                RenderBlock {P} at (7,105) size 91x15
                  RenderText {#text} at (37,0) size 17x15
                    text run at (37,0) width 17: "No"
                  RenderInline {SPAN} at (0,0) size 1x15
                    RenderInline {O:P} at (0,0) size 1x15
            RenderTableRow {TR} at (0,2559) size 473x120
              RenderTableCell {TD} at (0,2559) size 99x15 [r=40 c=0 rs=1 cs=1]
                RenderBlock {P} at (7,0) size 84x15
                  RenderText {#text} at (34,0) size 15x15
                    text run at (34,0) width 15: "41"
                  RenderInline {SPAN} at (0,0) size 1x15
                    RenderInline {O:P} at (0,0) size 1x15
              RenderTableCell {TD} at (98,2559) size 171x120 [r=40 c=1 rs=1 cs=1]
                RenderBlock {P} at (7,0) size 157x15
                  RenderText {#text} at (0,0) size 96x15
                    text run at (0,0) width 96: "Dominic Civiletti"
                  RenderInline {SPAN} at (0,0) size 0x15
                    RenderInline {O:P} at (0,0) size 0x15
                RenderBlock {P} at (7,15) size 157x15
                  RenderText {#text} at (0,0) size 105x15
                    text run at (0,0) width 105: "Corbin Christensen"
                  RenderInline {SPAN} at (0,0) size 0x15
                    RenderInline {O:P} at (0,0) size 0x15
                RenderBlock {P} at (7,30) size 157x15
                  RenderText {#text} at (0,0) size 57x15
                    text run at (0,0) width 57: "Hal Hirsch"
                  RenderInline {SPAN} at (0,0) size 0x15
                    RenderInline {O:P} at (0,0) size 0x15
                RenderBlock {P} at (7,45) size 157x15
                  RenderText {#text} at (0,0) size 91x15
                    text run at (0,0) width 91: "Richard Sanchez"
                RenderBlock {P} at (7,60) size 157x15
                  RenderText {#text} at (0,0) size 65x15
                    text run at (0,0) width 65: "John Bernal"
                RenderBlock {P} at (7,75) size 157x15
                  RenderText {#text} at (0,0) size 70x15
                    text run at (0,0) width 70: "Rich Burnett"
                RenderBlock {P} at (7,90) size 157x15
                  RenderText {#text} at (0,0) size 72x15
                    text run at (0,0) width 72: "Brock Brown"
                RenderBlock {P} at (7,105) size 157x15
                  RenderText {#text} at (0,0) size 55x15
                    text run at (0,0) width 55: "John Paye"
                  RenderInline {SPAN} at (0,0) size 0x15
                    RenderInline {O:P} at (0,0) size 0x15
              RenderTableCell {TD} at (268,2559) size 100x105 [r=40 c=2 rs=1 cs=1]
                RenderBlock {P} at (7,0) size 85x15
                  RenderText {#text} at (32,0) size 21x15
                    text run at (32,0) width 21: "Yes"
                  RenderInline {SPAN} at (0,0) size 1x15
                    RenderInline {O:P} at (0,0) size 1x15
                RenderBlock {P} at (7,15) size 85x15
                  RenderText {#text} at (32,0) size 21x15
                    text run at (32,0) width 21: "Yes"
                  RenderInline {SPAN} at (0,0) size 1x15
                    RenderInline {O:P} at (0,0) size 1x15
                RenderBlock {P} at (7,30) size 85x15
                  RenderText {#text} at (32,0) size 21x15
                    text run at (32,0) width 21: "Yes"
                  RenderInline {SPAN} at (0,0) size 1x15
                    RenderInline {O:P} at (0,0) size 1x15
                RenderBlock {P} at (7,45) size 85x15
                  RenderText {#text} at (34,0) size 17x15
                    text run at (34,0) width 17: "No"
                RenderBlock {P} at (7,60) size 85x15
                  RenderText {#text} at (32,0) size 21x15
                    text run at (32,0) width 21: "Yes"
                RenderBlock {P} at (7,75) size 85x15
                  RenderText {#text} at (40,0) size 4x15
                    text run at (40,0) width 4: " "
                RenderBlock {P} at (7,90) size 85x15
                  RenderText {#text} at (32,0) size 21x15
                    text run at (32,0) width 21: "Yes"
                  RenderInline {SPAN} at (0,0) size 1x15
                    RenderInline {O:P} at (0,0) size 1x15
              RenderTableCell {TD} at (367,2559) size 106x105 [r=40 c=3 rs=1 cs=1]
                RenderBlock {P} at (7,0) size 91x15
                  RenderText {#text} at (37,0) size 17x15
                    text run at (37,0) width 17: "No"
                  RenderInline {SPAN} at (0,0) size 1x15
                    RenderInline {O:P} at (0,0) size 1x15
                RenderBlock {P} at (7,15) size 91x15
                  RenderText {#text} at (37,0) size 17x15
                    text run at (37,0) width 17: "No"
                  RenderInline {SPAN} at (0,0) size 1x15
                    RenderInline {O:P} at (0,0) size 1x15
                RenderBlock {P} at (7,30) size 91x15
                  RenderText {#text} at (37,0) size 17x15
                    text run at (37,0) width 17: "No"
                  RenderInline {SPAN} at (0,0) size 1x15
                    RenderInline {O:P} at (0,0) size 1x15
                RenderBlock {P} at (7,45) size 91x15
                  RenderText {#text} at (35,0) size 21x15
                    text run at (35,0) width 21: "Yes"
                RenderBlock {P} at (7,60) size 91x15
                  RenderText {#text} at (37,0) size 17x15
                    text run at (37,0) width 17: "No"
                RenderBlock {P} at (7,75) size 91x15
                  RenderText {#text} at (43,0) size 4x15
                    text run at (43,0) width 4: " "
                RenderBlock {P} at (7,90) size 91x15
                  RenderText {#text} at (37,0) size 17x15
                    text run at (37,0) width 17: "No"
                  RenderInline {SPAN} at (0,0) size 1x15
                    RenderInline {O:P} at (0,0) size 1x15
            RenderTableRow {TR} at (0,2679) size 473x120
              RenderTableCell {TD} at (0,2679) size 99x15 [r=41 c=0 rs=1 cs=1]
                RenderBlock {P} at (7,0) size 84x15
                  RenderText {#text} at (34,0) size 15x15
                    text run at (34,0) width 15: "42"
                  RenderInline {SPAN} at (0,0) size 1x15
                    RenderInline {O:P} at (0,0) size 1x15
              RenderTableCell {TD} at (98,2679) size 171x120 [r=41 c=1 rs=1 cs=1]
                RenderBlock {P} at (7,0) size 157x15
                  RenderText {#text} at (0,0) size 48x15
                    text run at (0,0) width 48: "Tony Yu"
                  RenderInline {SPAN} at (0,0) size 0x15
                    RenderInline {O:P} at (0,0) size 0x15
                RenderBlock {P} at (7,15) size 157x15
                  RenderText {#text} at (0,0) size 67x15
                    text run at (0,0) width 67: "Jason Miller"
                  RenderInline {SPAN} at (0,0) size 0x15
                    RenderInline {O:P} at (0,0) size 0x15
                RenderBlock {P} at (7,30) size 157x15
                  RenderText {#text} at (0,0) size 86x15
                    text run at (0,0) width 86: "Maurice Burton"
                RenderBlock {P} at (7,45) size 157x15
                  RenderText {#text} at (0,0) size 63x15
                    text run at (0,0) width 63: "Dan Sievert"
                RenderBlock {P} at (7,60) size 157x15
                  RenderText {#text} at (0,0) size 60x15
                    text run at (0,0) width 60: "Jerry Davis"
                RenderBlock {P} at (7,75) size 157x15
                  RenderText {#text} at (0,0) size 55x15
                    text run at (0,0) width 55: "John Paye"
                RenderBlock {P} at (7,90) size 157x15
                  RenderText {#text} at (0,0) size 71x15
                    text run at (0,0) width 71: "Gordon Frost"
                RenderBlock {P} at (7,105) size 157x15
                  RenderText {#text} at (0,0) size 66x15
                    text run at (0,0) width 66: "Chris Walsh"
                  RenderInline {SPAN} at (0,0) size 0x15
                    RenderInline {O:P} at (0,0) size 0x15
              RenderTableCell {TD} at (268,2679) size 100x75 [r=41 c=2 rs=1 cs=1]
                RenderBlock {P} at (7,0) size 85x15
                  RenderText {#text} at (32,0) size 21x15
                    text run at (32,0) width 21: "Yes"
                  RenderInline {SPAN} at (0,0) size 1x15
                    RenderInline {O:P} at (0,0) size 1x15
                RenderBlock {P} at (7,15) size 85x15
                  RenderText {#text} at (32,0) size 21x15
                    text run at (32,0) width 21: "Yes"
                  RenderInline {SPAN} at (0,0) size 1x15
                    RenderInline {O:P} at (0,0) size 1x15
                RenderBlock {P} at (7,30) size 85x15
                  RenderText {#text} at (32,0) size 21x15
                    text run at (32,0) width 21: "Yes"
                RenderBlock {P} at (7,45) size 85x15
                  RenderText {#text} at (32,0) size 21x15
                    text run at (32,0) width 21: "Yes"
                RenderBlock {P} at (7,60) size 85x15
                  RenderText {#text} at (32,0) size 21x15
                    text run at (32,0) width 21: "Yes"
                  RenderInline {SPAN} at (0,0) size 1x15
                    RenderInline {O:P} at (0,0) size 1x15
              RenderTableCell {TD} at (367,2679) size 106x75 [r=41 c=3 rs=1 cs=1]
                RenderBlock {P} at (7,0) size 91x15
                  RenderText {#text} at (37,0) size 17x15
                    text run at (37,0) width 17: "No"
                  RenderInline {SPAN} at (0,0) size 1x15
                    RenderInline {O:P} at (0,0) size 1x15
                RenderBlock {P} at (7,15) size 91x15
                  RenderText {#text} at (37,0) size 17x15
                    text run at (37,0) width 17: "No"
                  RenderInline {SPAN} at (0,0) size 1x15
                    RenderInline {O:P} at (0,0) size 1x15
                RenderBlock {P} at (7,30) size 91x15
                  RenderText {#text} at (37,0) size 17x15
                    text run at (37,0) width 17: "No"
                RenderBlock {P} at (7,45) size 91x15
                  RenderText {#text} at (37,0) size 17x15
                    text run at (37,0) width 17: "No"
                RenderBlock {P} at (7,60) size 91x15
                  RenderText {#text} at (37,0) size 17x15
                    text run at (37,0) width 17: "No"
                  RenderInline {SPAN} at (0,0) size 1x15
                    RenderInline {O:P} at (0,0) size 1x15
            RenderTableRow {TR} at (0,2799) size 473x105
              RenderTableCell {TD} at (0,2799) size 99x15 [r=42 c=0 rs=1 cs=1]
                RenderBlock {P} at (7,0) size 84x15
                  RenderText {#text} at (34,0) size 15x15
                    text run at (34,0) width 15: "43"
                  RenderInline {SPAN} at (0,0) size 1x15
                    RenderInline {O:P} at (0,0) size 1x15
              RenderTableCell {TD} at (98,2799) size 171x105 [r=42 c=1 rs=1 cs=1]
                RenderBlock {P} at (7,0) size 157x15
                  RenderText {#text} at (0,0) size 96x15
                    text run at (0,0) width 96: "Dominic Civiletti"
                  RenderInline {SPAN} at (0,0) size 0x15
                    RenderInline {O:P} at (0,0) size 0x15
                RenderBlock {P} at (7,15) size 157x15
                  RenderText {#text} at (0,0) size 67x15
                    text run at (0,0) width 67: "Ken Gullion"
                  RenderInline {SPAN} at (0,0) size 0x15
                    RenderInline {O:P} at (0,0) size 0x15
                RenderBlock {P} at (7,30) size 157x15
                  RenderText {#text} at (0,0) size 65x15
                    text run at (0,0) width 65: "Will Sievert"
                RenderBlock {P} at (7,45) size 157x15
                  RenderText {#text} at (0,0) size 74x15
                    text run at (0,0) width 74: "Jim Mahoney"
                RenderBlock {P} at (7,60) size 157x15
                  RenderText {#text} at (0,0) size 67x15
                    text run at (0,0) width 67: "Ken Manuel"
                RenderBlock {P} at (7,75) size 157x15
                  RenderText {#text} at (0,0) size 58x15
                    text run at (0,0) width 58: "John Todd"
                RenderBlock {P} at (7,90) size 157x15
                  RenderText {#text} at (0,0) size 89x15
                    text run at (0,0) width 89: "Rick Rasmussen"
                  RenderInline {SPAN} at (0,0) size 0x15
                    RenderInline {O:P} at (0,0) size 0x15
              RenderTableCell {TD} at (268,2799) size 100x75 [r=42 c=2 rs=1 cs=1]
                RenderBlock {P} at (7,0) size 85x15
                  RenderText {#text} at (32,0) size 21x15
                    text run at (32,0) width 21: "Yes"
                  RenderInline {SPAN} at (0,0) size 1x15
                    RenderInline {O:P} at (0,0) size 1x15
                RenderBlock {P} at (7,15) size 85x15
                  RenderText {#text} at (32,0) size 21x15
                    text run at (32,0) width 21: "Yes"
                  RenderInline {SPAN} at (0,0) size 1x15
                    RenderInline {O:P} at (0,0) size 1x15
                RenderBlock {P} at (7,30) size 85x15
                  RenderText {#text} at (32,0) size 21x15
                    text run at (32,0) width 21: "Yes"
                RenderBlock {P} at (7,45) size 85x15
                  RenderText {#text} at (32,0) size 21x15
                    text run at (32,0) width 21: "Yes"
                RenderBlock {P} at (7,60) size 85x15
                  RenderText {#text} at (32,0) size 21x15
                    text run at (32,0) width 21: "Yes"
                  RenderInline {SPAN} at (0,0) size 1x15
                    RenderInline {O:P} at (0,0) size 1x15
              RenderTableCell {TD} at (367,2799) size 106x75 [r=42 c=3 rs=1 cs=1]
                RenderBlock {P} at (7,0) size 91x15
                  RenderText {#text} at (37,0) size 17x15
                    text run at (37,0) width 17: "No"
                  RenderInline {SPAN} at (0,0) size 1x15
                    RenderInline {O:P} at (0,0) size 1x15
                RenderBlock {P} at (7,15) size 91x15
                  RenderText {#text} at (37,0) size 17x15
                    text run at (37,0) width 17: "No"
                  RenderInline {SPAN} at (0,0) size 1x15
                    RenderInline {O:P} at (0,0) size 1x15
                RenderBlock {P} at (7,30) size 91x15
                  RenderText {#text} at (20,0) size 51x15
                    text run at (20,0) width 51: "Someday"
                RenderBlock {P} at (7,45) size 91x15
                  RenderText {#text} at (35,0) size 21x15
                    text run at (35,0) width 21: "Yes"
                RenderBlock {P} at (7,60) size 91x15
                  RenderText {#text} at (37,0) size 17x15
                    text run at (37,0) width 17: "No"
                  RenderInline {SPAN} at (0,0) size 1x15
                    RenderInline {O:P} at (0,0) size 1x15
            RenderTableRow {TR} at (0,2904) size 473x60
              RenderTableCell {TD} at (0,2904) size 99x15 [r=43 c=0 rs=1 cs=1]
                RenderBlock {P} at (7,0) size 84x15
                  RenderText {#text} at (34,0) size 15x15
                    text run at (34,0) width 15: "44"
                  RenderInline {SPAN} at (0,0) size 1x15
                    RenderInline {O:P} at (0,0) size 1x15
              RenderTableCell {TD} at (98,2904) size 171x60 [r=43 c=1 rs=1 cs=1]
                RenderBlock {P} at (7,0) size 157x15
                  RenderText {#text} at (0,0) size 61x15
                    text run at (0,0) width 61: "Gary Heath"
                  RenderInline {SPAN} at (0,0) size 0x15
                    RenderInline {O:P} at (0,0) size 0x15
                RenderBlock {P} at (7,15) size 157x15
                  RenderText {#text} at (0,0) size 81x15
                    text run at (0,0) width 81: "Quinn Chuong"
                RenderBlock {P} at (7,30) size 157x15
                  RenderText {#text} at (0,0) size 63x15
                    text run at (0,0) width 63: "Dan Sievert"
                RenderBlock {P} at (7,45) size 157x15
                  RenderText {#text} at (0,0) size 85x15
                    text run at (0,0) width 85: "Alexander Wert"
                  RenderInline {SPAN} at (0,0) size 0x15
                    RenderInline {O:P} at (0,0) size 0x15
              RenderTableCell {TD} at (268,2904) size 100x60 [r=43 c=2 rs=1 cs=1]
                RenderBlock {P} at (7,0) size 85x15
                  RenderText {#text} at (34,0) size 17x15
                    text run at (34,0) width 17: "No"
                  RenderInline {SPAN} at (0,0) size 1x15
                    RenderInline {O:P} at (0,0) size 1x15
                RenderBlock {P} at (7,15) size 85x15
                  RenderText {#text} at (32,0) size 21x15
                    text run at (32,0) width 21: "Yes"
                RenderBlock {P} at (7,30) size 85x15
                  RenderText {#text} at (32,0) size 21x15
                    text run at (32,0) width 21: "Yes"
                RenderBlock {P} at (7,45) size 85x15
                  RenderText {#text} at (34,0) size 17x15
                    text run at (34,0) width 17: "No"
                  RenderInline {SPAN} at (0,0) size 1x15
                    RenderInline {O:P} at (0,0) size 1x15
              RenderTableCell {TD} at (367,2904) size 106x60 [r=43 c=3 rs=1 cs=1]
                RenderBlock {P} at (7,0) size 91x15
                  RenderText {#text} at (35,0) size 21x15
                    text run at (35,0) width 21: "Yes"
                  RenderInline {SPAN} at (0,0) size 1x15
                    RenderInline {O:P} at (0,0) size 1x15
                RenderBlock {P} at (7,15) size 91x15
                  RenderText {#text} at (35,0) size 21x15
                    text run at (35,0) width 21: "Yes"
                RenderBlock {P} at (7,30) size 91x15
                  RenderText {#text} at (37,0) size 17x15
                    text run at (37,0) width 17: "No"
                RenderBlock {P} at (7,45) size 91x15
                  RenderText {#text} at (35,0) size 21x15
                    text run at (35,0) width 21: "Yes"
                  RenderInline {SPAN} at (0,0) size 1x15
                    RenderInline {O:P} at (0,0) size 1x15
            RenderTableRow {TR} at (0,2964) size 473x45
              RenderTableCell {TD} at (0,2964) size 99x15 [r=44 c=0 rs=1 cs=1]
                RenderBlock {P} at (7,0) size 84x15
                  RenderText {#text} at (34,0) size 15x15
                    text run at (34,0) width 15: "45"
                  RenderInline {SPAN} at (0,0) size 1x15
                    RenderInline {O:P} at (0,0) size 1x15
              RenderTableCell {TD} at (98,2964) size 171x45 [r=44 c=1 rs=1 cs=1]
                RenderBlock {P} at (7,0) size 157x15
                  RenderText {#text} at (0,0) size 81x15
                    text run at (0,0) width 81: "James Holaduz"
                RenderBlock {P} at (7,15) size 157x15
                  RenderInline {FONT} at (0,0) size 56x15
                    RenderText {#text} at (0,0) size 56x15
                      text run at (0,0) width 56: "Don Coon"
                RenderBlock {P} at (7,30) size 157x15
                  RenderText {#text} at (0,0) size 84x15
                    text run at (0,0) width 84: "John Yearwood"
                  RenderInline {SPAN} at (0,0) size 0x15
                    RenderInline {O:P} at (0,0) size 0x15
              RenderTableCell {TD} at (268,2964) size 100x45 [r=44 c=2 rs=1 cs=1]
                RenderBlock {P} at (7,0) size 85x15
                  RenderText {#text} at (32,0) size 21x15
                    text run at (32,0) width 21: "Yes"
                RenderBlock {P} at (7,15) size 85x15
                  RenderText {#text} at (40,0) size 4x15
                    text run at (40,0) width 4: " "
                RenderBlock {P} at (7,30) size 85x15
                  RenderText {#text} at (32,0) size 21x15
                    text run at (32,0) width 21: "Yes"
                  RenderInline {SPAN} at (0,0) size 1x15
                    RenderInline {O:P} at (0,0) size 1x15
              RenderTableCell {TD} at (367,2964) size 106x45 [r=44 c=3 rs=1 cs=1]
                RenderBlock {P} at (7,0) size 91x15
                  RenderText {#text} at (37,0) size 17x15
                    text run at (37,0) width 17: "No"
                RenderBlock {P} at (7,15) size 91x15
                  RenderText {#text} at (43,0) size 4x15
                    text run at (43,0) width 4: " "
                RenderBlock {P} at (7,30) size 91x15
                  RenderText {#text} at (37,0) size 17x15
                    text run at (37,0) width 17: "No"
                  RenderInline {SPAN} at (0,0) size 1x15
                    RenderInline {O:P} at (0,0) size 1x15
            RenderTableRow {TR} at (0,3009) size 473x120
              RenderTableCell {TD} at (0,3009) size 99x15 [r=45 c=0 rs=1 cs=1]
                RenderBlock {P} at (7,0) size 84x15
                  RenderText {#text} at (34,0) size 15x15
                    text run at (34,0) width 15: "46"
                  RenderInline {SPAN} at (0,0) size 1x15
                    RenderInline {O:P} at (0,0) size 1x15
              RenderTableCell {TD} at (98,3009) size 171x120 [r=45 c=1 rs=1 cs=1]
                RenderBlock {P} at (7,0) size 157x15
                  RenderText {#text} at (0,0) size 51x15
                    text run at (0,0) width 51: "Zak West"
                  RenderInline {SPAN} at (0,0) size 0x15
                    RenderInline {O:P} at (0,0) size 0x15
                RenderBlock {P} at (7,15) size 157x15
                  RenderText {#text} at (0,0) size 101x15
                    text run at (0,0) width 101: "Karl Allmendinger"
                RenderBlock {P} at (7,30) size 157x15
                  RenderText {#text} at (0,0) size 84x15
                    text run at (0,0) width 84: "John Espectzde"
                RenderBlock {P} at (7,45) size 157x15
                  RenderText {#text} at (0,0) size 73x15
                    text run at (0,0) width 73: "Gene Pheiffer"
                RenderBlock {P} at (7,60) size 157x15
                  RenderText {#text} at (0,0) size 69x15
                    text run at (0,0) width 69: "Harold Todd"
                RenderBlock {P} at (7,75) size 157x15
                  RenderText {#text} at (0,0) size 86x15
                    text run at (0,0) width 86: "Gerald Cardinal"
                RenderBlock {P} at (7,90) size 157x15
                  RenderText {#text} at (0,0) size 69x15
                    text run at (0,0) width 69: "Ali Erdengiz"
                RenderBlock {P} at (7,105) size 157x15
                  RenderText {#text} at (0,0) size 85x15
                    text run at (0,0) width 85: "Jason Anderson"
                  RenderInline {SPAN} at (0,0) size 0x15
                    RenderInline {O:P} at (0,0) size 0x15
              RenderTableCell {TD} at (268,3009) size 100x120 [r=45 c=2 rs=1 cs=1]
                RenderBlock {P} at (7,0) size 85x15
                  RenderText {#text} at (32,0) size 21x15
                    text run at (32,0) width 21: "Yes"
                  RenderInline {SPAN} at (0,0) size 1x15
                    RenderInline {O:P} at (0,0) size 1x15
                RenderBlock {P} at (7,15) size 85x15
                  RenderText {#text} at (32,0) size 21x15
                    text run at (32,0) width 21: "Yes"
                RenderBlock {P} at (7,30) size 85x15
                  RenderText {#text} at (40,0) size 4x15
                    text run at (40,0) width 4: " "
                RenderBlock {P} at (7,45) size 85x15
                  RenderText {#text} at (32,0) size 21x15
                    text run at (32,0) width 21: "Yes"
                RenderBlock {P} at (7,60) size 85x15
                  RenderText {#text} at (40,0) size 4x15
                    text run at (40,0) width 4: " "
                RenderBlock {P} at (7,75) size 85x15
                  RenderText {#text} at (40,0) size 4x15
                    text run at (40,0) width 4: " "
                RenderBlock {P} at (7,90) size 85x15
                  RenderText {#text} at (40,0) size 4x15
                    text run at (40,0) width 4: " "
                RenderBlock {P} at (7,105) size 85x15
                  RenderText {#text} at (32,0) size 21x15
                    text run at (32,0) width 21: "Yes"
                  RenderInline {SPAN} at (0,0) size 1x15
                    RenderInline {O:P} at (0,0) size 1x15
              RenderTableCell {TD} at (367,3009) size 106x120 [r=45 c=3 rs=1 cs=1]
                RenderBlock {P} at (7,0) size 91x15
                  RenderText {#text} at (35,0) size 21x15
                    text run at (35,0) width 21: "Yes"
                  RenderInline {SPAN} at (0,0) size 1x15
                    RenderInline {O:P} at (0,0) size 1x15
                RenderBlock {P} at (7,15) size 91x15
                  RenderText {#text} at (37,0) size 17x15
                    text run at (37,0) width 17: "No"
                RenderBlock {P} at (7,30) size 91x15
                  RenderText {#text} at (43,0) size 4x15
                    text run at (43,0) width 4: " "
                RenderBlock {P} at (7,45) size 91x15
                  RenderText {#text} at (37,0) size 17x15
                    text run at (37,0) width 17: "No"
                RenderBlock {P} at (7,60) size 91x15
                  RenderText {#text} at (43,0) size 4x15
                    text run at (43,0) width 4: " "
                RenderBlock {P} at (7,75) size 91x15
                  RenderText {#text} at (43,0) size 4x15
                    text run at (43,0) width 4: " "
                RenderBlock {P} at (7,90) size 91x15
                  RenderText {#text} at (43,0) size 4x15
                    text run at (43,0) width 4: " "
                RenderBlock {P} at (7,105) size 91x15
                  RenderText {#text} at (37,0) size 17x15
                    text run at (37,0) width 17: "No"
                  RenderInline {SPAN} at (0,0) size 1x15
                    RenderInline {O:P} at (0,0) size 1x15
            RenderTableRow {TR} at (0,3129) size 473x165
              RenderTableCell {TD} at (0,3129) size 99x15 [r=46 c=0 rs=1 cs=1]
                RenderBlock {P} at (7,0) size 84x15
                  RenderText {#text} at (34,0) size 15x15
                    text run at (34,0) width 15: "47"
                  RenderInline {SPAN} at (0,0) size 1x15
                    RenderInline {O:P} at (0,0) size 1x15
              RenderTableCell {TD} at (98,3129) size 171x165 [r=46 c=1 rs=1 cs=1]
                RenderBlock {P} at (7,0) size 157x15
                  RenderText {#text} at (0,0) size 81x15
                    text run at (0,0) width 81: "James Holaduz"
                  RenderInline {SPAN} at (0,0) size 0x15
                    RenderInline {O:P} at (0,0) size 0x15
                RenderBlock {P} at (7,15) size 157x15
                  RenderText {#text} at (0,0) size 48x15
                    text run at (0,0) width 48: "Tony Yu"
                  RenderInline {SPAN} at (0,0) size 0x15
                    RenderInline {O:P} at (0,0) size 0x15
                RenderBlock {P} at (7,30) size 157x15
                  RenderText {#text} at (0,0) size 82x15
                    text run at (0,0) width 82: "Quang Nguyen"
                  RenderInline {SPAN} at (0,0) size 0x15
                    RenderInline {O:P} at (0,0) size 0x15
                RenderBlock {P} at (7,45) size 157x15
                  RenderText {#text} at (0,0) size 75x15
                    text run at (0,0) width 75: "Rick Klement"
                  RenderInline {SPAN} at (0,0) size 0x15
                    RenderInline {O:P} at (0,0) size 0x15
                RenderBlock {P} at (7,60) size 157x15
                  RenderText {#text} at (0,0) size 83x15
                    text run at (0,0) width 83: "Mark Glanville"
                  RenderInline {SPAN} at (0,0) size 0x15
                    RenderInline {O:P} at (0,0) size 0x15
                RenderBlock {P} at (7,75) size 157x15
                  RenderText {#text} at (0,0) size 89x15
                    text run at (0,0) width 89: "Michael Chansu"
                RenderBlock {P} at (7,90) size 157x15
                  RenderText {#text} at (0,0) size 69x15
                    text run at (0,0) width 69: "Harold Todd"
                RenderBlock {P} at (7,105) size 157x15
                  RenderInline {FONT} at (0,0) size 56x15
                    RenderText {#text} at (0,0) size 56x15
                      text run at (0,0) width 56: "Don Coon"
                RenderBlock {P} at (7,120) size 157x15
                  RenderText {#text} at (0,0) size 55x15
                    text run at (0,0) width 55: "John Paye"
                RenderBlock {P} at (7,135) size 157x15
                  RenderText {#text} at (0,0) size 66x15
                    text run at (0,0) width 66: "David Allen"
                RenderBlock {P} at (7,150) size 157x15
                  RenderText {#text} at (0,0) size 108x15
                    text run at (0,0) width 108: "Raymund Leonardo"
                  RenderInline {SPAN} at (0,0) size 0x15
                    RenderInline {O:P} at (0,0) size 0x15
              RenderTableCell {TD} at (268,3129) size 100x165 [r=46 c=2 rs=1 cs=1]
                RenderBlock {P} at (7,0) size 85x15
                  RenderText {#text} at (32,0) size 21x15
                    text run at (32,0) width 21: "Yes"
                  RenderInline {SPAN} at (0,0) size 1x15
                    RenderInline {O:P} at (0,0) size 1x15
                RenderBlock {P} at (7,15) size 85x15
                  RenderText {#text} at (32,0) size 21x15
                    text run at (32,0) width 21: "Yes"
                  RenderInline {SPAN} at (0,0) size 1x15
                    RenderInline {O:P} at (0,0) size 1x15
                RenderBlock {P} at (7,30) size 85x15
                  RenderText {#text} at (32,0) size 21x15
                    text run at (32,0) width 21: "Yes"
                  RenderInline {SPAN} at (0,0) size 1x15
                    RenderInline {O:P} at (0,0) size 1x15
                RenderBlock {P} at (7,45) size 85x15
                  RenderText {#text} at (32,0) size 21x15
                    text run at (32,0) width 21: "Yes"
                  RenderInline {SPAN} at (0,0) size 1x15
                    RenderInline {O:P} at (0,0) size 1x15
                RenderBlock {P} at (7,60) size 85x15
                  RenderText {#text} at (32,0) size 21x15
                    text run at (32,0) width 21: "Yes"
                  RenderInline {SPAN} at (0,0) size 1x15
                    RenderInline {O:P} at (0,0) size 1x15
                RenderBlock {P} at (7,75) size 85x15
                  RenderText {#text} at (32,0) size 21x15
                    text run at (32,0) width 21: "Yes"
                RenderBlock {P} at (7,90) size 85x15
                  RenderText {#text} at (40,0) size 4x15
                    text run at (40,0) width 4: " "
                RenderBlock {P} at (7,105) size 85x15
                  RenderText {#text} at (40,0) size 4x15
                    text run at (40,0) width 4: " "
                RenderBlock {P} at (7,120) size 85x15
                  RenderText {#text} at (40,0) size 4x15
                    text run at (40,0) width 4: " "
                RenderBlock {P} at (7,135) size 85x15
                  RenderText {#text} at (40,0) size 4x15
                    text run at (40,0) width 4: " "
                RenderBlock {P} at (7,150) size 85x15
                  RenderText {#text} at (34,0) size 17x15
                    text run at (34,0) width 17: "No"
                  RenderInline {SPAN} at (0,0) size 1x15
                    RenderInline {O:P} at (0,0) size 1x15
              RenderTableCell {TD} at (367,3129) size 106x165 [r=46 c=3 rs=1 cs=1]
                RenderBlock {P} at (7,0) size 91x15
                  RenderText {#text} at (37,0) size 17x15
                    text run at (37,0) width 17: "No"
                  RenderInline {SPAN} at (0,0) size 1x15
                    RenderInline {O:P} at (0,0) size 1x15
                RenderBlock {P} at (7,15) size 91x15
                  RenderText {#text} at (37,0) size 17x15
                    text run at (37,0) width 17: "No"
                  RenderInline {SPAN} at (0,0) size 1x15
                    RenderInline {O:P} at (0,0) size 1x15
                RenderBlock {P} at (7,30) size 91x15
                  RenderText {#text} at (37,0) size 17x15
                    text run at (37,0) width 17: "No"
                  RenderInline {SPAN} at (0,0) size 1x15
                    RenderInline {O:P} at (0,0) size 1x15
                RenderBlock {P} at (7,45) size 91x15
                  RenderText {#text} at (35,0) size 21x15
                    text run at (35,0) width 21: "Yes"
                  RenderInline {SPAN} at (0,0) size 1x15
                    RenderInline {O:P} at (0,0) size 1x15
                RenderBlock {P} at (7,60) size 91x15
                  RenderText {#text} at (37,0) size 17x15
                    text run at (37,0) width 17: "No"
                  RenderInline {SPAN} at (0,0) size 1x15
                    RenderInline {O:P} at (0,0) size 1x15
                RenderBlock {P} at (7,75) size 91x15
                  RenderText {#text} at (37,0) size 17x15
                    text run at (37,0) width 17: "No"
                RenderBlock {P} at (7,90) size 91x15
                  RenderText {#text} at (43,0) size 4x15
                    text run at (43,0) width 4: " "
                RenderBlock {P} at (7,105) size 91x15
                  RenderText {#text} at (43,0) size 4x15
                    text run at (43,0) width 4: " "
                RenderBlock {P} at (7,120) size 91x15
                  RenderText {#text} at (43,0) size 4x15
                    text run at (43,0) width 4: " "
                RenderBlock {P} at (7,135) size 91x15
                  RenderText {#text} at (43,0) size 4x15
                    text run at (43,0) width 4: " "
                RenderBlock {P} at (7,150) size 91x15
                  RenderText {#text} at (35,0) size 21x15
                    text run at (35,0) width 21: "Yes"
                  RenderInline {SPAN} at (0,0) size 1x15
                    RenderInline {O:P} at (0,0) size 1x15
            RenderTableRow {TR} at (0,3294) size 473x135
              RenderTableCell {TD} at (0,3294) size 99x15 [r=47 c=0 rs=1 cs=1]
                RenderBlock {P} at (7,0) size 84x15
                  RenderText {#text} at (34,0) size 15x15
                    text run at (34,0) width 15: "48"
                  RenderInline {SPAN} at (0,0) size 1x15
                    RenderInline {O:P} at (0,0) size 1x15
              RenderTableCell {TD} at (98,3294) size 171x135 [r=47 c=1 rs=1 cs=1]
                RenderBlock {P} at (7,0) size 157x15
                  RenderText {#text} at (0,0) size 83x15
                    text run at (0,0) width 83: "Mark Glanville"
                  RenderInline {SPAN} at (0,0) size 0x15
                    RenderInline {O:P} at (0,0) size 0x15
                RenderBlock {P} at (7,15) size 157x15
                  RenderText {#text} at (0,0) size 92x15
                    text run at (0,0) width 92: "Ian + Brad Carter"
                RenderBlock {P} at (7,30) size 157x15
                  RenderText {#text} at (0,0) size 82x15
                    text run at (0,0) width 82: "Stefan Kiritzov"
                RenderBlock {P} at (7,45) size 157x15
                  RenderText {#text} at (0,0) size 58x15
                    text run at (0,0) width 58: "Joe Araujo"
                RenderBlock {P} at (7,60) size 157x15
                  RenderText {#text} at (0,0) size 69x15
                    text run at (0,0) width 69: "Harold Todd"
                RenderBlock {P} at (7,75) size 157x15
                  RenderText {#text} at (0,0) size 71x15
                    text run at (0,0) width 71: "Steve Gilbert"
                RenderBlock {P} at (7,90) size 157x15
                  RenderText {#text} at (0,0) size 55x15
                    text run at (0,0) width 55: "Mark Diel"
                RenderBlock {P} at (7,105) size 157x15
                  RenderText {#text} at (0,0) size 89x15
                    text run at (0,0) width 89: "Jack Goodfriend"
                RenderBlock {P} at (7,120) size 157x15
                  RenderText {#text} at (0,0) size 93x15
                    text run at (0,0) width 93: "Ruenjoe (Joe) Lu"
                  RenderInline {SPAN} at (0,0) size 0x15
                    RenderInline {O:P} at (0,0) size 0x15
              RenderTableCell {TD} at (268,3294) size 100x90 [r=47 c=2 rs=1 cs=1]
                RenderBlock {P} at (7,0) size 85x15
                  RenderText {#text} at (32,0) size 21x15
                    text run at (32,0) width 21: "Yes"
                  RenderInline {SPAN} at (0,0) size 1x15
                    RenderInline {O:P} at (0,0) size 1x15
                RenderBlock {P} at (7,15) size 85x15
                  RenderText {#text} at (32,0) size 21x15
                    text run at (32,0) width 21: "Yes"
                RenderBlock {P} at (7,30) size 85x15
                  RenderText {#text} at (32,0) size 21x15
                    text run at (32,0) width 21: "Yes"
                RenderBlock {P} at (7,45) size 85x15
                  RenderText {#text} at (40,0) size 4x15
                    text run at (40,0) width 4: " "
                RenderBlock {P} at (7,60) size 85x15
                  RenderText {#text} at (40,0) size 4x15
                    text run at (40,0) width 4: " "
                RenderBlock {P} at (7,75) size 85x15
                  RenderText {#text} at (32,0) size 21x15
                    text run at (32,0) width 21: "Yes"
                  RenderInline {SPAN} at (0,0) size 1x15
                    RenderInline {O:P} at (0,0) size 1x15
              RenderTableCell {TD} at (367,3294) size 106x90 [r=47 c=3 rs=1 cs=1]
                RenderBlock {P} at (7,0) size 91x15
                  RenderText {#text} at (37,0) size 17x15
                    text run at (37,0) width 17: "No"
                  RenderInline {SPAN} at (0,0) size 1x15
                    RenderInline {O:P} at (0,0) size 1x15
                RenderBlock {P} at (7,15) size 91x15
                  RenderText {#text} at (37,0) size 17x15
                    text run at (37,0) width 17: "No"
                RenderBlock {P} at (7,30) size 91x15
                  RenderText {#text} at (35,0) size 21x15
                    text run at (35,0) width 21: "Yes"
                RenderBlock {P} at (7,45) size 91x15
                  RenderText {#text} at (43,0) size 4x15
                    text run at (43,0) width 4: " "
                RenderBlock {P} at (7,60) size 91x15
                  RenderText {#text} at (43,0) size 4x15
                    text run at (43,0) width 4: " "
                RenderBlock {P} at (7,75) size 91x15
                  RenderText {#text} at (37,0) size 17x15
                    text run at (37,0) width 17: "No"
                  RenderInline {SPAN} at (0,0) size 1x15
                    RenderInline {O:P} at (0,0) size 1x15
            RenderTableRow {TR} at (0,3429) size 473x60
              RenderTableCell {TD} at (0,3429) size 99x15 [r=48 c=0 rs=1 cs=1]
                RenderBlock {P} at (7,0) size 84x15
                  RenderText {#text} at (34,0) size 15x15
                    text run at (34,0) width 15: "49"
                  RenderInline {SPAN} at (0,0) size 1x15
                    RenderInline {O:P} at (0,0) size 1x15
              RenderTableCell {TD} at (98,3429) size 171x60 [r=48 c=1 rs=1 cs=1]
                RenderBlock {P} at (7,0) size 157x15
                  RenderText {#text} at (0,0) size 69x15
                    text run at (0,0) width 69: "Ali Erdengiz"
                RenderBlock {P} at (7,15) size 157x15
                  RenderText {#text} at (0,0) size 66x15
                    text run at (0,0) width 66: "David Allen"
                RenderBlock {P} at (7,30) size 157x15
                  RenderInline {SPAN} at (0,0) size 74x15
                    RenderInline {O:P} at (0,0) size 0x0
                    RenderText {#text} at (0,0) size 74x15
                      text run at (0,0) width 74: "Narayen Raju"
                RenderBlock {P} at (7,45) size 157x15
                  RenderInline {SPAN} at (0,0) size 85x15
                    RenderText {#text} at (0,0) size 85x15
                      text run at (0,0) width 33: "Jason "
                      text run at (33,0) width 52: "Anderson"
              RenderTableCell {TD} at (268,3429) size 100x60 [r=48 c=2 rs=1 cs=1]
                RenderBlock {P} at (7,0) size 85x15
                  RenderText {#text} at (40,0) size 4x15
                    text run at (40,0) width 4: " "
                RenderBlock {P} at (7,15) size 85x15
                  RenderText {#text} at (40,0) size 4x15
                    text run at (40,0) width 4: " "
                RenderBlock {P} at (7,30) size 85x15
                  RenderText {#text} at (40,0) size 4x15
                    text run at (40,0) width 4: " "
                RenderBlock {P} at (7,45) size 85x15
                  RenderText {#text} at (32,0) size 21x15
                    text run at (32,0) width 21: "Yes"
                  RenderInline {SPAN} at (0,0) size 1x15
                    RenderInline {O:P} at (0,0) size 1x15
              RenderTableCell {TD} at (367,3429) size 106x60 [r=48 c=3 rs=1 cs=1]
                RenderBlock {P} at (7,0) size 91x15
                  RenderText {#text} at (43,0) size 4x15
                    text run at (43,0) width 4: " "
                RenderBlock {P} at (7,15) size 91x15
                  RenderText {#text} at (43,0) size 4x15
                    text run at (43,0) width 4: " "
                RenderBlock {P} at (7,30) size 91x15
                  RenderText {#text} at (43,0) size 4x15
                    text run at (43,0) width 4: " "
                RenderBlock {P} at (7,45) size 91x15
                  RenderText {#text} at (37,0) size 17x15
                    text run at (37,0) width 17: "No"
                  RenderInline {SPAN} at (0,0) size 1x15
                    RenderInline {O:P} at (0,0) size 1x15
            RenderTableRow {TR} at (0,3489) size 473x135
              RenderTableCell {TD} at (0,3489) size 99x15 [r=49 c=0 rs=1 cs=1]
                RenderBlock {P} at (7,0) size 84x15
                  RenderText {#text} at (34,0) size 15x15
                    text run at (34,0) width 15: "50"
                  RenderInline {SPAN} at (0,0) size 1x15
                    RenderInline {O:P} at (0,0) size 1x15
              RenderTableCell {TD} at (98,3489) size 171x135 [r=49 c=1 rs=1 cs=1]
                RenderBlock {P} at (7,0) size 157x15
                  RenderText {#text} at (0,0) size 51x15
                    text run at (0,0) width 51: "Zak West"
                  RenderInline {SPAN} at (0,0) size 0x15
                    RenderInline {O:P} at (0,0) size 0x15
                RenderBlock {P} at (7,15) size 157x15
                  RenderText {#text} at (0,0) size 75x15
                    text run at (0,0) width 75: "Rick Klement"
                  RenderInline {SPAN} at (0,0) size 0x15
                    RenderInline {O:P} at (0,0) size 0x15
                RenderBlock {P} at (7,30) size 157x15
                  RenderText {#text} at (0,0) size 58x15
                    text run at (0,0) width 58: "Jim Bernal"
                RenderBlock {P} at (7,45) size 157x15
                  RenderText {#text} at (0,0) size 89x15
                    text run at (0,0) width 89: "Alan Littlewood"
                RenderBlock {P} at (7,60) size 157x15
                  RenderText {#text} at (0,0) size 60x15
                    text run at (0,0) width 60: "Jerry Davis"
                RenderBlock {P} at (7,75) size 157x15
                  RenderText {#text} at (0,0) size 84x15
                    text run at (0,0) width 84: "Lauren Bussard"
                RenderBlock {P} at (7,90) size 157x15
                  RenderText {#text} at (0,0) size 84x15
                    text run at (0,0) width 84: "John Yearwood"
                RenderBlock {P} at (7,105) size 157x15
                  RenderText {#text} at (0,0) size 74x15
                    text run at (0,0) width 74: "Narayan Raju"
                RenderBlock {P} at (7,120) size 157x15
                  RenderText {#text} at (0,0) size 67x15
                    text run at (0,0) width 67: "Ken Manuel"
                  RenderInline {SPAN} at (0,0) size 0x15
                    RenderInline {O:P} at (0,0) size 0x15
              RenderTableCell {TD} at (268,3489) size 100x105 [r=49 c=2 rs=1 cs=1]
                RenderBlock {P} at (7,0) size 85x15
                  RenderText {#text} at (32,0) size 21x15
                    text run at (32,0) width 21: "Yes"
                  RenderInline {SPAN} at (0,0) size 1x15
                    RenderInline {O:P} at (0,0) size 1x15
                RenderBlock {P} at (7,15) size 85x15
                  RenderText {#text} at (32,0) size 21x15
                    text run at (32,0) width 21: "Yes"
                  RenderInline {SPAN} at (0,0) size 1x15
                    RenderInline {O:P} at (0,0) size 1x15
                RenderBlock {P} at (7,30) size 85x15
                  RenderText {#text} at (32,0) size 21x15
                    text run at (32,0) width 21: "Yes"
                RenderBlock {P} at (7,45) size 85x15
                  RenderText {#text} at (32,0) size 21x15
                    text run at (32,0) width 21: "Yes"
                RenderBlock {P} at (7,60) size 85x15
                  RenderText {#text} at (32,0) size 21x15
                    text run at (32,0) width 21: "Yes"
                RenderBlock {P} at (7,75) size 85x15
                  RenderText {#text} at (40,0) size 4x15
                    text run at (40,0) width 4: " "
                RenderBlock {P} at (7,90) size 85x15
                  RenderText {#text} at (32,0) size 21x15
                    text run at (32,0) width 21: "Yes"
                  RenderInline {SPAN} at (0,0) size 1x15
                    RenderInline {O:P} at (0,0) size 1x15
              RenderTableCell {TD} at (367,3489) size 106x105 [r=49 c=3 rs=1 cs=1]
                RenderBlock {P} at (7,0) size 91x15
                  RenderText {#text} at (35,0) size 21x15
                    text run at (35,0) width 21: "Yes"
                  RenderInline {SPAN} at (0,0) size 1x15
                    RenderInline {O:P} at (0,0) size 1x15
                RenderBlock {P} at (7,15) size 91x15
                  RenderText {#text} at (35,0) size 21x15
                    text run at (35,0) width 21: "Yes"
                  RenderInline {SPAN} at (0,0) size 1x15
                    RenderInline {O:P} at (0,0) size 1x15
                RenderBlock {P} at (7,30) size 91x15
                  RenderText {#text} at (37,0) size 17x15
                    text run at (37,0) width 17: "No"
                RenderBlock {P} at (7,45) size 91x15
                  RenderText {#text} at (37,0) size 17x15
                    text run at (37,0) width 17: "No"
                RenderBlock {P} at (7,60) size 91x15
                  RenderText {#text} at (35,0) size 21x15
                    text run at (35,0) width 21: "Yes"
                RenderBlock {P} at (7,75) size 91x15
                  RenderText {#text} at (43,0) size 4x15
                    text run at (43,0) width 4: " "
                RenderBlock {P} at (7,90) size 91x15
                  RenderText {#text} at (37,0) size 17x15
                    text run at (37,0) width 17: "No"
                  RenderInline {SPAN} at (0,0) size 1x15
                    RenderInline {O:P} at (0,0) size 1x15
            RenderTableRow {TR} at (0,3624) size 473x45
              RenderTableCell {TD} at (0,3624) size 99x15 [r=50 c=0 rs=1 cs=1]
                RenderBlock {P} at (7,0) size 84x15
                  RenderText {#text} at (34,0) size 15x15
                    text run at (34,0) width 15: "51"
                  RenderInline {SPAN} at (0,0) size 1x15
                    RenderInline {O:P} at (0,0) size 1x15
              RenderTableCell {TD} at (98,3624) size 171x45 [r=50 c=1 rs=1 cs=1]
                RenderBlock {P} at (7,0) size 157x15
                  RenderText {#text} at (0,0) size 80x15
                    text run at (0,0) width 80: "Robert Barnett"
                RenderBlock {P} at (7,15) size 157x15
                  RenderText {#text} at (0,0) size 74x15
                    text run at (0,0) width 74: "Jim Mahoney"
                RenderBlock {P} at (7,30) size 157x15
                  RenderText {#text} at (0,0) size 85x15
                    text run at (0,0) width 85: "Jason Anderson"
                  RenderInline {SPAN} at (0,0) size 0x15
                    RenderInline {O:P} at (0,0) size 0x15
              RenderTableCell {TD} at (268,3624) size 100x45 [r=50 c=2 rs=1 cs=1]
                RenderBlock {P} at (7,0) size 85x15
                  RenderText {#text} at (32,0) size 21x15
                    text run at (32,0) width 21: "Yes"
                RenderBlock {P} at (7,15) size 85x15
                  RenderText {#text} at (32,0) size 21x15
                    text run at (32,0) width 21: "Yes"
                RenderBlock {P} at (7,30) size 85x15
                  RenderText {#text} at (32,0) size 21x15
                    text run at (32,0) width 21: "Yes"
                  RenderInline {SPAN} at (0,0) size 1x15
                    RenderInline {O:P} at (0,0) size 1x15
              RenderTableCell {TD} at (367,3624) size 106x45 [r=50 c=3 rs=1 cs=1]
                RenderBlock {P} at (7,0) size 91x15
                  RenderInline {SPAN} at (0,0) size 17x15
                    RenderText {#text} at (37,0) size 17x15
                      text run at (37,0) width 17: "No"
                    RenderInline {O:P} at (0,0) size 1x15
                RenderBlock {P} at (7,15) size 91x15
                  RenderInline {SPAN} at (0,0) size 21x15
                    RenderText {#text} at (35,0) size 21x15
                      text run at (35,0) width 21: "Yes"
                RenderBlock {P} at (7,30) size 91x15
                  RenderInline {SPAN} at (0,0) size 17x15
                    RenderText {#text} at (37,0) size 17x15
                      text run at (37,0) width 17: "No"
                  RenderInline {SPAN} at (0,0) size 1x15
                    RenderInline {O:P} at (0,0) size 1x15
            RenderTableRow {TR} at (0,3669) size 473x75
              RenderTableCell {TD} at (0,3669) size 99x15 [r=51 c=0 rs=1 cs=1]
                RenderBlock {P} at (7,0) size 84x15
                  RenderText {#text} at (34,0) size 15x15
                    text run at (34,0) width 15: "52"
                  RenderInline {SPAN} at (0,0) size 1x15
                    RenderInline {O:P} at (0,0) size 1x15
              RenderTableCell {TD} at (98,3669) size 171x75 [r=51 c=1 rs=1 cs=1]
                RenderBlock {P} at (7,0) size 157x15
                  RenderText {#text} at (0,0) size 59x15
                    text run at (0,0) width 59: "Mike West"
                  RenderInline {SPAN} at (0,0) size 0x15
                    RenderInline {O:P} at (0,0) size 0x15
                RenderBlock {P} at (7,15) size 157x15
                  RenderText {#text} at (0,0) size 82x15
                    text run at (0,0) width 82: "Robert Frogner"
                RenderBlock {P} at (7,30) size 157x15
                  RenderText {#text} at (0,0) size 89x15
                    text run at (0,0) width 89: "Chris McDowell"
                RenderBlock {P} at (7,45) size 157x15
                  RenderText {#text} at (0,0) size 55x15
                    text run at (0,0) width 55: "Ed Cypret"
                RenderBlock {P} at (7,60) size 157x15
                  RenderText {#text} at (0,0) size 68x15
                    text run at (0,0) width 68: "Dale Barnett"
                  RenderInline {SPAN} at (0,0) size 0x15
                    RenderInline {O:P} at (0,0) size 0x15
              RenderTableCell {TD} at (268,3669) size 100x75 [r=51 c=2 rs=1 cs=1]
                RenderBlock {P} at (7,0) size 85x15
                  RenderText {#text} at (32,0) size 21x15
                    text run at (32,0) width 21: "Yes"
                  RenderInline {SPAN} at (0,0) size 1x15
                    RenderInline {O:P} at (0,0) size 1x15
                RenderBlock {P} at (7,15) size 85x15
                  RenderText {#text} at (32,0) size 21x15
                    text run at (32,0) width 21: "Yes"
                RenderBlock {P} at (7,30) size 85x15
                  RenderText {#text} at (32,0) size 21x15
                    text run at (32,0) width 21: "Yes"
                RenderBlock {P} at (7,45) size 85x15
                  RenderText {#text} at (40,0) size 4x15
                    text run at (40,0) width 4: " "
                RenderBlock {P} at (7,60) size 85x15
                  RenderText {#text} at (32,0) size 21x15
                    text run at (32,0) width 21: "Yes"
                  RenderInline {SPAN} at (0,0) size 1x15
                    RenderInline {O:P} at (0,0) size 1x15
              RenderTableCell {TD} at (367,3669) size 106x75 [r=51 c=3 rs=1 cs=1]
                RenderBlock {P} at (7,0) size 91x15
                  RenderText {#text} at (35,0) size 21x15
                    text run at (35,0) width 21: "Yes"
                  RenderInline {SPAN} at (0,0) size 1x15
                    RenderInline {O:P} at (0,0) size 1x15
                RenderBlock {P} at (7,15) size 91x15
                  RenderText {#text} at (37,0) size 17x15
                    text run at (37,0) width 17: "No"
                RenderBlock {P} at (7,30) size 91x15
                  RenderText {#text} at (37,0) size 17x15
                    text run at (37,0) width 17: "No"
                RenderBlock {P} at (7,45) size 91x15
                  RenderText {#text} at (43,0) size 4x15
                    text run at (43,0) width 4: " "
                RenderBlock {P} at (7,60) size 91x15
                  RenderText {#text} at (37,0) size 17x15
                    text run at (37,0) width 17: "No"
                  RenderInline {SPAN} at (0,0) size 1x15
                    RenderInline {O:P} at (0,0) size 1x15
            RenderTableRow {TR} at (0,3744) size 473x75
              RenderTableCell {TD} at (0,3744) size 99x15 [r=52 c=0 rs=1 cs=1]
                RenderBlock {P} at (7,0) size 84x15
                  RenderText {#text} at (34,0) size 15x15
                    text run at (34,0) width 15: "53"
                  RenderInline {SPAN} at (0,0) size 1x15
                    RenderInline {O:P} at (0,0) size 1x15
              RenderTableCell {TD} at (98,3744) size 171x75 [r=52 c=1 rs=1 cs=1]
                RenderBlock {P} at (7,0) size 157x15
                  RenderText {#text} at (0,0) size 82x15
                    text run at (0,0) width 82: "Alberto Lanzas"
                  RenderInline {SPAN} at (0,0) size 0x15
                    RenderInline {O:P} at (0,0) size 0x15
                RenderBlock {P} at (7,15) size 157x15
                  RenderText {#text} at (0,0) size 69x15
                    text run at (0,0) width 69: "Bill Johnson"
                RenderBlock {P} at (7,30) size 157x15
                  RenderText {#text} at (0,0) size 42x15
                    text run at (0,0) width 42: "Al Wert"
                RenderBlock {P} at (7,45) size 157x15
                  RenderText {#text} at (0,0) size 68x15
                    text run at (0,0) width 68: "Dale Barnett"
                RenderBlock {P} at (7,60) size 157x15
                  RenderText {#text} at (0,0) size 103x15
                    text run at (0,0) width 103: "Ramin Khoshnevis"
                  RenderInline {SPAN} at (0,0) size 0x15
                    RenderInline {O:P} at (0,0) size 0x15
              RenderTableCell {TD} at (268,3744) size 100x75 [r=52 c=2 rs=1 cs=1]
                RenderBlock {P} at (7,0) size 85x15
                  RenderText {#text} at (32,0) size 21x15
                    text run at (32,0) width 21: "Yes"
                  RenderInline {SPAN} at (0,0) size 1x15
                    RenderInline {O:P} at (0,0) size 1x15
                RenderBlock {P} at (7,15) size 85x15
                  RenderText {#text} at (32,0) size 21x15
                    text run at (32,0) width 21: "Yes"
                RenderBlock {P} at (7,30) size 85x15
                  RenderText {#text} at (34,0) size 17x15
                    text run at (34,0) width 17: "No"
                RenderBlock {P} at (7,45) size 85x15
                  RenderText {#text} at (32,0) size 21x15
                    text run at (32,0) width 21: "Yes"
                RenderBlock {P} at (7,60) size 85x15
                  RenderText {#text} at (32,0) size 21x15
                    text run at (32,0) width 21: "Yes"
                  RenderInline {SPAN} at (0,0) size 1x15
                    RenderInline {O:P} at (0,0) size 1x15
              RenderTableCell {TD} at (367,3744) size 106x75 [r=52 c=3 rs=1 cs=1]
                RenderBlock {P} at (7,0) size 91x15
                  RenderText {#text} at (35,0) size 21x15
                    text run at (35,0) width 21: "Yes"
                  RenderInline {SPAN} at (0,0) size 1x15
                    RenderInline {O:P} at (0,0) size 1x15
                RenderBlock {P} at (7,15) size 91x15
                  RenderText {#text} at (37,0) size 17x15
                    text run at (37,0) width 17: "No"
                RenderBlock {P} at (7,30) size 91x15
                  RenderText {#text} at (35,0) size 21x15
                    text run at (35,0) width 21: "Yes"
                RenderBlock {P} at (7,45) size 91x15
                  RenderText {#text} at (37,0) size 17x15
                    text run at (37,0) width 17: "No"
                RenderBlock {P} at (7,60) size 91x15
                  RenderText {#text} at (37,0) size 17x15
                    text run at (37,0) width 17: "No"
                  RenderInline {SPAN} at (0,0) size 1x15
                    RenderInline {O:P} at (0,0) size 1x15
            RenderTableRow {TR} at (0,3819) size 473x105
              RenderTableCell {TD} at (0,3819) size 99x15 [r=53 c=0 rs=1 cs=1]
                RenderBlock {P} at (7,0) size 84x15
                  RenderText {#text} at (34,0) size 15x15
                    text run at (34,0) width 15: "54"
                  RenderInline {SPAN} at (0,0) size 1x15
                    RenderInline {O:P} at (0,0) size 1x15
              RenderTableCell {TD} at (98,3819) size 171x105 [r=53 c=1 rs=1 cs=1]
                RenderBlock {P} at (7,0) size 157x15
                  RenderText {#text} at (0,0) size 76x15
                    text run at (0,0) width 76: "Gene Langley"
                RenderBlock {P} at (7,15) size 157x15
                  RenderText {#text} at (0,0) size 69x15
                    text run at (0,0) width 69: "Bill Johnson"
                RenderBlock {P} at (7,30) size 157x15
                  RenderText {#text} at (0,0) size 55x15
                    text run at (0,0) width 55: "Mark Diel"
                RenderBlock {P} at (7,45) size 157x15
                  RenderText {#text} at (0,0) size 60x15
                    text run at (0,0) width 60: "Jerry Davis"
                RenderBlock {P} at (7,60) size 157x15
                  RenderText {#text} at (0,0) size 55x15
                    text run at (0,0) width 55: "Peter Starr"
                RenderBlock {P} at (7,75) size 157x15
                  RenderText {#text} at (0,0) size 84x15
                    text run at (0,0) width 84: "John Yearwood"
                RenderBlock {P} at (7,90) size 157x15
                  RenderText {#text} at (0,0) size 62x15
                    text run at (0,0) width 62: "Scott Hersh"
                  RenderInline {SPAN} at (0,0) size 0x15
                    RenderInline {O:P} at (0,0) size 0x15
              RenderTableCell {TD} at (268,3819) size 100x105 [r=53 c=2 rs=1 cs=1]
                RenderBlock {P} at (7,0) size 85x15
                  RenderText {#text} at (32,0) size 21x15
                    text run at (32,0) width 21: "Yes"
                RenderBlock {P} at (7,15) size 85x15
                  RenderText {#text} at (32,0) size 21x15
                    text run at (32,0) width 21: "Yes"
                RenderBlock {P} at (7,30) size 85x15
                  RenderText {#text} at (40,0) size 4x15
                    text run at (40,0) width 4: " "
                RenderBlock {P} at (7,45) size 85x15
                  RenderText {#text} at (32,0) size 21x15
                    text run at (32,0) width 21: "Yes"
                RenderBlock {P} at (7,60) size 85x15
                  RenderText {#text} at (40,0) size 4x15
                    text run at (40,0) width 4: " "
                RenderBlock {P} at (7,75) size 85x15
                  RenderText {#text} at (32,0) size 21x15
                    text run at (32,0) width 21: "Yes"
                RenderBlock {P} at (7,90) size 85x15
                  RenderText {#text} at (32,0) size 21x15
                    text run at (32,0) width 21: "Yes"
                  RenderInline {SPAN} at (0,0) size 1x15
                    RenderInline {O:P} at (0,0) size 1x15
              RenderTableCell {TD} at (367,3819) size 106x105 [r=53 c=3 rs=1 cs=1]
                RenderBlock {P} at (7,0) size 91x15
                  RenderText {#text} at (6,0) size 79x15
                    text run at (6,0) width 79: "Gyro wannabe"
                RenderBlock {P} at (7,15) size 91x15
                  RenderText {#text} at (37,0) size 17x15
                    text run at (37,0) width 17: "No"
                RenderBlock {P} at (7,30) size 91x15
                  RenderText {#text} at (43,0) size 4x15
                    text run at (43,0) width 4: " "
                RenderBlock {P} at (7,45) size 91x15
                  RenderText {#text} at (37,0) size 17x15
                    text run at (37,0) width 17: "No"
                RenderBlock {P} at (7,60) size 91x15
                  RenderText {#text} at (43,0) size 4x15
                    text run at (43,0) width 4: " "
                RenderBlock {P} at (7,75) size 91x15
                  RenderText {#text} at (37,0) size 17x15
                    text run at (37,0) width 17: "No"
                RenderBlock {P} at (7,90) size 91x15
                  RenderText {#text} at (37,0) size 17x15
                    text run at (37,0) width 17: "No"
                  RenderInline {SPAN} at (0,0) size 1x15
                    RenderInline {O:P} at (0,0) size 1x15
            RenderTableRow {TR} at (0,3924) size 473x45
              RenderTableCell {TD} at (0,3924) size 99x15 [r=54 c=0 rs=1 cs=1]
                RenderBlock {P} at (7,0) size 84x15
                  RenderText {#text} at (34,0) size 15x15
                    text run at (34,0) width 15: "55"
                  RenderInline {SPAN} at (0,0) size 1x15
                    RenderInline {O:P} at (0,0) size 1x15
              RenderTableCell {TD} at (98,3924) size 171x45 [r=54 c=1 rs=1 cs=1]
                RenderBlock {P} at (7,0) size 157x15
                  RenderText {#text} at (0,0) size 82x15
                    text run at (0,0) width 82: "Alberto Lanzas"
                  RenderInline {SPAN} at (0,0) size 0x15
                    RenderInline {O:P} at (0,0) size 0x15
                RenderBlock {P} at (7,15) size 157x15
                  RenderText {#text} at (0,0) size 59x15
                    text run at (0,0) width 59: "Bob Roger"
                RenderBlock {P} at (7,30) size 157x15
                  RenderText {#text} at (0,0) size 77x15
                    text run at (0,0) width 77: "Randy StClair"
                  RenderInline {SPAN} at (0,0) size 0x15
                    RenderInline {O:P} at (0,0) size 0x15
              RenderTableCell {TD} at (268,3924) size 100x45 [r=54 c=2 rs=1 cs=1]
                RenderBlock {P} at (7,0) size 85x15
                  RenderText {#text} at (32,0) size 21x15
                    text run at (32,0) width 21: "Yes"
                  RenderInline {SPAN} at (0,0) size 1x15
                    RenderInline {O:P} at (0,0) size 1x15
                RenderBlock {P} at (7,15) size 85x15
                  RenderText {#text} at (32,0) size 21x15
                    text run at (32,0) width 21: "Yes"
                RenderBlock {P} at (7,30) size 85x15
                  RenderText {#text} at (32,0) size 21x15
                    text run at (32,0) width 21: "Yes"
                  RenderInline {SPAN} at (0,0) size 1x15
                    RenderInline {O:P} at (0,0) size 1x15
              RenderTableCell {TD} at (367,3924) size 106x45 [r=54 c=3 rs=1 cs=1]
                RenderBlock {P} at (7,0) size 91x15
                  RenderText {#text} at (35,0) size 21x15
                    text run at (35,0) width 21: "Yes"
                  RenderInline {SPAN} at (0,0) size 1x15
                    RenderInline {O:P} at (0,0) size 1x15
                RenderBlock {P} at (7,15) size 91x15
                  RenderText {#text} at (37,0) size 17x15
                    text run at (37,0) width 17: "No"
                RenderBlock {P} at (7,30) size 91x15
                  RenderText {#text} at (37,0) size 17x15
                    text run at (37,0) width 17: "No"
                  RenderInline {SPAN} at (0,0) size 1x15
                    RenderInline {O:P} at (0,0) size 1x15
            RenderTableRow {TR} at (0,3969) size 473x75
              RenderTableCell {TD} at (0,3969) size 99x15 [r=55 c=0 rs=1 cs=1]
                RenderBlock {P} at (7,0) size 84x15
                  RenderText {#text} at (34,0) size 15x15
                    text run at (34,0) width 15: "56"
                  RenderInline {SPAN} at (0,0) size 1x15
                    RenderInline {O:P} at (0,0) size 1x15
              RenderTableCell {TD} at (98,3969) size 171x75 [r=55 c=1 rs=1 cs=1]
                RenderBlock {P} at (7,0) size 157x15
                  RenderText {#text} at (0,0) size 83x15
                    text run at (0,0) width 83: "Mark Glanville"
                RenderBlock {P} at (7,15) size 157x15
                  RenderText {#text} at (0,0) size 71x15
                    text run at (0,0) width 71: "Steve Gilbert"
                RenderBlock {P} at (7,30) size 157x15
                  RenderText {#text} at (0,0) size 60x15
                    text run at (0,0) width 60: "Jerry Davis"
                RenderBlock {P} at (7,45) size 157x15
                  RenderText {#text} at (0,0) size 66x15
                    text run at (0,0) width 66: "Rich Saunef"
                RenderBlock {P} at (7,60) size 157x15
                  RenderText {#text} at (0,0) size 70x15
                    text run at (0,0) width 70: "Harald Close"
                  RenderInline {SPAN} at (0,0) size 0x15
                    RenderInline {O:P} at (0,0) size 0x15
              RenderTableCell {TD} at (268,3969) size 100x75 [r=55 c=2 rs=1 cs=1]
                RenderBlock {P} at (7,0) size 85x15
                  RenderText {#text} at (32,0) size 21x15
                    text run at (32,0) width 21: "Yes"
                RenderBlock {P} at (7,15) size 85x15
                  RenderText {#text} at (32,0) size 21x15
                    text run at (32,0) width 21: "Yes"
                RenderBlock {P} at (7,30) size 85x15
                  RenderText {#text} at (32,0) size 21x15
                    text run at (32,0) width 21: "Yes"
                RenderBlock {P} at (7,45) size 85x15
                  RenderText {#text} at (32,0) size 21x15
                    text run at (32,0) width 21: "Yes"
                RenderBlock {P} at (7,60) size 85x15
                  RenderText {#text} at (32,0) size 21x15
                    text run at (32,0) width 21: "Yes"
                  RenderInline {SPAN} at (0,0) size 1x15
                    RenderInline {O:P} at (0,0) size 1x15
              RenderTableCell {TD} at (367,3969) size 106x75 [r=55 c=3 rs=1 cs=1]
                RenderBlock {P} at (7,0) size 91x15
                  RenderText {#text} at (37,0) size 17x15
                    text run at (37,0) width 17: "No"
                RenderBlock {P} at (7,15) size 91x15
                  RenderText {#text} at (37,0) size 17x15
                    text run at (37,0) width 17: "No"
                RenderBlock {P} at (7,30) size 91x15
                  RenderText {#text} at (37,0) size 17x15
                    text run at (37,0) width 17: "No"
                RenderBlock {P} at (7,45) size 91x15
                  RenderText {#text} at (37,0) size 17x15
                    text run at (37,0) width 17: "No"
                RenderBlock {P} at (7,60) size 91x15
                  RenderText {#text} at (37,0) size 17x15
                    text run at (37,0) width 17: "No"
                  RenderInline {SPAN} at (0,0) size 1x15
                    RenderInline {O:P} at (0,0) size 1x15
            RenderTableRow {TR} at (0,4044) size 473x45
              RenderTableCell {TD} at (0,4044) size 99x15 [r=56 c=0 rs=1 cs=1]
                RenderBlock {P} at (7,0) size 84x15
                  RenderText {#text} at (34,0) size 15x15
                    text run at (34,0) width 15: "57"
                  RenderInline {SPAN} at (0,0) size 1x15
                    RenderInline {O:P} at (0,0) size 1x15
              RenderTableCell {TD} at (98,4044) size 171x45 [r=56 c=1 rs=1 cs=1]
                RenderBlock {P} at (7,0) size 157x15
                  RenderText {#text} at (0,0) size 59x15
                    text run at (0,0) width 59: "Bob Roger"
                RenderBlock {P} at (7,15) size 157x15
                  RenderText {#text} at (0,0) size 70x15
                    text run at (0,0) width 70: "Rich Burnett"
                RenderBlock {P} at (7,30) size 157x15
                  RenderText {#text} at (0,0) size 66x15
                    text run at (0,0) width 66: "David Dunn"
                  RenderInline {SPAN} at (0,0) size 0x15
                    RenderInline {O:P} at (0,0) size 0x15
              RenderTableCell {TD} at (268,4044) size 100x15 [r=56 c=2 rs=1 cs=1]
                RenderBlock {P} at (7,0) size 85x15
                  RenderText {#text} at (32,0) size 21x15
                    text run at (32,0) width 21: "Yes"
                  RenderInline {SPAN} at (0,0) size 1x15
                    RenderInline {O:P} at (0,0) size 1x15
              RenderTableCell {TD} at (367,4044) size 106x15 [r=56 c=3 rs=1 cs=1]
                RenderBlock {P} at (7,0) size 91x15
                  RenderText {#text} at (37,0) size 17x15
                    text run at (37,0) width 17: "No"
                  RenderInline {SPAN} at (0,0) size 1x15
                    RenderInline {O:P} at (0,0) size 1x15
            RenderTableRow {TR} at (0,4089) size 473x60
              RenderTableCell {TD} at (0,4089) size 99x15 [r=57 c=0 rs=1 cs=1]
                RenderBlock {P} at (7,0) size 84x15
                  RenderText {#text} at (34,0) size 15x15
                    text run at (34,0) width 15: "58"
                  RenderInline {SPAN} at (0,0) size 1x15
                    RenderInline {O:P} at (0,0) size 1x15
              RenderTableCell {TD} at (98,4089) size 171x60 [r=57 c=1 rs=1 cs=1]
                RenderBlock {P} at (7,0) size 157x15
                  RenderText {#text} at (0,0) size 92x15
                    text run at (0,0) width 92: "Ian + Brad Carter"
                  RenderInline {SPAN} at (0,0) size 0x15
                    RenderInline {O:P} at (0,0) size 0x15
                RenderBlock {P} at (7,15) size 157x15
                  RenderText {#text} at (0,0) size 69x15
                    text run at (0,0) width 69: "Bill Johnson"
                RenderBlock {P} at (7,30) size 157x15
                  RenderText {#text} at (0,0) size 78x15
                    text run at (0,0) width 78: "Chuck Pringle"
                RenderBlock {P} at (7,45) size 157x15
                  RenderText {#text} at (0,0) size 66x15
                    text run at (0,0) width 66: "David Dunn"
                  RenderInline {SPAN} at (0,0) size 0x15
                    RenderInline {O:P} at (0,0) size 0x15
              RenderTableCell {TD} at (268,4089) size 100x45 [r=57 c=2 rs=1 cs=1]
                RenderBlock {P} at (7,0) size 85x15
                  RenderText {#text} at (32,0) size 21x15
                    text run at (32,0) width 21: "Yes"
                  RenderInline {SPAN} at (0,0) size 1x15
                    RenderInline {O:P} at (0,0) size 1x15
                RenderBlock {P} at (7,15) size 85x15
                  RenderText {#text} at (32,0) size 21x15
                    text run at (32,0) width 21: "Yes"
                RenderBlock {P} at (7,30) size 85x15
                  RenderText {#text} at (32,0) size 21x15
                    text run at (32,0) width 21: "Yes"
                  RenderInline {SPAN} at (0,0) size 1x15
                    RenderInline {O:P} at (0,0) size 1x15
              RenderTableCell {TD} at (367,4089) size 106x45 [r=57 c=3 rs=1 cs=1]
                RenderBlock {P} at (7,0) size 91x15
                  RenderText {#text} at (37,0) size 17x15
                    text run at (37,0) width 17: "No"
                  RenderInline {SPAN} at (0,0) size 1x15
                    RenderInline {O:P} at (0,0) size 1x15
                RenderBlock {P} at (7,15) size 91x15
                  RenderText {#text} at (37,0) size 17x15
                    text run at (37,0) width 17: "No"
                RenderBlock {P} at (7,30) size 91x15
                  RenderText {#text} at (37,0) size 17x15
                    text run at (37,0) width 17: "No"
                  RenderInline {SPAN} at (0,0) size 1x15
                    RenderInline {O:P} at (0,0) size 1x15
            RenderTableRow {TR} at (0,4149) size 473x30
              RenderTableCell {TD} at (0,4149) size 99x15 [r=58 c=0 rs=1 cs=1]
                RenderBlock {P} at (7,0) size 84x15
                  RenderText {#text} at (34,0) size 15x15
                    text run at (34,0) width 15: "59"
                  RenderInline {SPAN} at (0,0) size 1x15
                    RenderInline {O:P} at (0,0) size 1x15
              RenderTableCell {TD} at (98,4149) size 171x30 [r=58 c=1 rs=1 cs=1]
                RenderBlock {P} at (7,0) size 157x15
                  RenderText {#text} at (0,0) size 59x15
                    text run at (0,0) width 59: "Bob Roger"
                RenderBlock {P} at (7,15) size 157x15
                  RenderText {#text} at (0,0) size 70x15
                    text run at (0,0) width 70: "Rich Burnett"
                  RenderInline {SPAN} at (0,0) size 0x15
                    RenderInline {O:P} at (0,0) size 0x15
              RenderTableCell {TD} at (268,4149) size 100x15 [r=58 c=2 rs=1 cs=1]
                RenderBlock {P} at (7,0) size 85x15
                  RenderText {#text} at (32,0) size 21x15
                    text run at (32,0) width 21: "Yes"
                  RenderInline {SPAN} at (0,0) size 1x15
                    RenderInline {O:P} at (0,0) size 1x15
              RenderTableCell {TD} at (367,4149) size 106x15 [r=58 c=3 rs=1 cs=1]
                RenderBlock {P} at (7,0) size 91x15
                  RenderText {#text} at (37,0) size 17x15
                    text run at (37,0) width 17: "No"
                  RenderInline {SPAN} at (0,0) size 1x15
                    RenderInline {O:P} at (0,0) size 1x15
            RenderTableRow {TR} at (0,4179) size 473x60
              RenderTableCell {TD} at (0,4179) size 99x15 [r=59 c=0 rs=1 cs=1]
                RenderBlock {P} at (7,0) size 84x15
                  RenderText {#text} at (34,0) size 15x15
                    text run at (34,0) width 15: "60"
                  RenderInline {SPAN} at (0,0) size 1x15
                    RenderInline {O:P} at (0,0) size 1x15
              RenderTableCell {TD} at (98,4179) size 171x60 [r=59 c=1 rs=1 cs=1]
                RenderBlock {P} at (7,0) size 157x15
                  RenderText {#text} at (0,0) size 69x15
                    text run at (0,0) width 69: "Bill Johnson"
                RenderBlock {P} at (7,15) size 157x15
                  RenderText {#text} at (0,0) size 96x15
                    text run at (0,0) width 96: "Vladimir Dvorkin"
                RenderBlock {P} at (7,30) size 157x15
                  RenderText {#text} at (0,0) size 52x15
                    text run at (0,0) width 52: "Ken Price"
                RenderBlock {P} at (7,45) size 157x15
                  RenderText {#text} at (0,0) size 89x15
                    text run at (0,0) width 89: "Rick Rasmussen"
                  RenderInline {SPAN} at (0,0) size 0x15
                    RenderInline {O:P} at (0,0) size 0x15
              RenderTableCell {TD} at (268,4179) size 100x30 [r=59 c=2 rs=1 cs=1]
                RenderBlock {P} at (7,0) size 85x15
                  RenderText {#text} at (32,0) size 21x15
                    text run at (32,0) width 21: "Yes"
                RenderBlock {P} at (7,15) size 85x15
                  RenderText {#text} at (34,0) size 17x15
                    text run at (34,0) width 17: "No"
                  RenderInline {SPAN} at (0,0) size 1x15
                    RenderInline {O:P} at (0,0) size 1x15
              RenderTableCell {TD} at (367,4179) size 106x30 [r=59 c=3 rs=1 cs=1]
                RenderBlock {P} at (7,0) size 91x15
                  RenderText {#text} at (37,0) size 17x15
                    text run at (37,0) width 17: "No"
                RenderBlock {P} at (7,15) size 91x15
                  RenderText {#text} at (35,0) size 21x15
                    text run at (35,0) width 21: "Yes"
                  RenderInline {SPAN} at (0,0) size 1x15
                    RenderInline {O:P} at (0,0) size 1x15
        RenderBlock {P} at (0,4256) size 769x15
          RenderInline {SPAN} at (0,0) size 3x15
            RenderText {#text} at (0,0) size 3x15
              text run at (0,0) width 3: " "
        RenderBlock {P} at (0,4271) size 769x15
          RenderText {#text} at (0,0) size 3x15
            text run at (0,0) width 3: " "
        RenderBlock {P} at (0,4286) size 769x15
          RenderText {#text} at (0,0) size 3x15
            text run at (0,0) width 3: " "
      RenderBlock {P} at (0,4301) size 769x15
        RenderText {#text} at (383,0) size 3x15
          text run at (383,0) width 3: " "
