layer at (0,0) size 800x600
  RenderView at (0,0) size 800x600
layer at (0,0) size 800x600
  RenderBlock {HTML} at (0,0) size 800x600
    RenderBody {BODY} at (8,8) size 784x584
      RenderText {#text} at (0,0) size 750x39
        text run at (0,0) width 750: "It is not clear what the right behavior is here. The CSS2.1 draft is currently ambiguous about how to handle overflow"
        text run at (0,20) width 46: "blocks."
      RenderBR {BR} at (45,35) size 1x0
      RenderText {#text} at (104,282) size 4x19
        text run at (104,282) width 4: " "
      RenderText {#text} at (0,0) size 0x0
layer at (8,101) size 104x204 clip at (10,103) size 100x200 scrollHeight 520
  RenderBlock {DIV} at (0,93) size 104x204 [border: (2px solid #800080)]
    RenderText {#text} at (2,2) size 81x39
      text run at (2,2) width 81: "This is some"
      text run at (2,22) width 28: "text."
    RenderBR {BR} at (29,37) size 1x0
    RenderText {#text} at (2,42) size 81x39
      text run at (2,42) width 81: "This is some"
      text run at (2,62) width 28: "text."
    RenderBR {BR} at (29,77) size 1x0
    RenderText {#text} at (2,82) size 81x39
      text run at (2,82) width 81: "This is some"
      text run at (2,102) width 28: "text."
    RenderBR {BR} at (29,117) size 1x0
    RenderText {#text} at (2,122) size 81x39
      text run at (2,122) width 81: "This is some"
      text run at (2,142) width 28: "text."
    RenderBR {BR} at (29,157) size 1x0
    RenderText {#text} at (2,162) size 81x39
      text run at (2,162) width 81: "This is some"
      text run at (2,182) width 28: "text."
    RenderBR {BR} at (29,197) size 1x0
    RenderText {#text} at (2,202) size 81x39
      text run at (2,202) width 81: "This is some"
      text run at (2,222) width 28: "text."
    RenderBR {BR} at (29,237) size 1x0
    RenderText {#text} at (2,242) size 81x39
      text run at (2,242) width 81: "This is some"
      text run at (2,262) width 28: "text."
    RenderBR {BR} at (29,277) size 1x0
    RenderText {#text} at (2,282) size 81x39
      text run at (2,282) width 81: "This is some"
      text run at (2,302) width 28: "text."
    RenderBR {BR} at (29,317) size 1x0
    RenderText {#text} at (2,322) size 81x39
      text run at (2,322) width 81: "This is some"
      text run at (2,342) width 28: "text."
    RenderBR {BR} at (29,357) size 1x0
    RenderText {#text} at (2,362) size 81x39
      text run at (2,362) width 81: "This is some"
      text run at (2,382) width 28: "text."
    RenderBR {BR} at (29,397) size 1x0
    RenderText {#text} at (2,402) size 81x39
      text run at (2,402) width 81: "This is some"
      text run at (2,422) width 28: "text."
    RenderBR {BR} at (29,437) size 1x0
    RenderText {#text} at (2,442) size 81x39
      text run at (2,442) width 81: "This is some"
      text run at (2,462) width 28: "text."
    RenderBR {BR} at (29,477) size 1x0
    RenderText {#text} at (2,482) size 81x39
      text run at (2,482) width 81: "This is some"
      text run at (2,502) width 28: "text."
    RenderBR {BR} at (29,517) size 1x0
layer at (116,48) size 204x404 clip at (118,50) size 200x400
  RenderBlock {DIV} at (108,40) size 204x404 [border: (2px solid #000000)]
    RenderText {#text} at (2,2) size 113x19
      text run at (2,2) width 113: "This is some text."
    RenderBR {BR} at (114,17) size 1x0
    RenderText {#text} at (2,22) size 113x19
      text run at (2,22) width 113: "This is some text."
    RenderBR {BR} at (114,37) size 1x0
    RenderText {#text} at (2,42) size 113x19
      text run at (2,42) width 113: "This is some text."
    RenderBR {BR} at (114,57) size 1x0
    RenderText {#text} at (2,62) size 113x19
      text run at (2,62) width 113: "This is some text."
    RenderBR {BR} at (114,77) size 1x0
    RenderText {#text} at (2,82) size 113x19
      text run at (2,82) width 113: "This is some text."
    RenderBR {BR} at (114,97) size 1x0
    RenderText {#text} at (2,102) size 113x19
      text run at (2,102) width 113: "This is some text."
    RenderBR {BR} at (114,117) size 1x0
    RenderText {#text} at (2,122) size 113x19
      text run at (2,122) width 113: "This is some text."
    RenderBR {BR} at (114,137) size 1x0
    RenderText {#text} at (2,142) size 113x19
      text run at (2,142) width 113: "This is some text."
    RenderBR {BR} at (114,157) size 1x0
    RenderText {#text} at (2,162) size 113x19
      text run at (2,162) width 113: "This is some text."
    RenderBR {BR} at (114,177) size 1x0
    RenderText {#text} at (2,182) size 113x19
      text run at (2,182) width 113: "This is some text."
    RenderBR {BR} at (114,197) size 1x0
    RenderText {#text} at (2,202) size 113x19
      text run at (2,202) width 113: "This is some text."
    RenderBR {BR} at (114,217) size 1x0
    RenderText {#text} at (2,222) size 113x19
      text run at (2,222) width 113: "This is some text."
    RenderBR {BR} at (114,237) size 1x0
    RenderText {#text} at (2,242) size 113x19
      text run at (2,242) width 113: "This is some text."
    RenderBR {BR} at (114,257) size 1x0
