layer at (0,0) size 800x600
  RenderView at (0,0) size 800x600
layer at (0,0) size 800x600
  RenderBlock {HTML} at (0,0) size 800x600
    RenderBody {BODY} at (8,8) size 784x576
      RenderBlock (anonymous) at (0,0) size 784x40
        RenderText {#text} at (0,0) size 762x39
          text run at (0,0) width 493: "This tests whether alt text is shown for image-type form input elements with "
          text run at (492,0) width 270: "no src attribute. You should see \"Success\""
          text run at (0,20) width 229: "twice, followed by a blue rectangle."
      RenderBlock {P} at (0,56) size 784x0
      RenderBlock {FORM} at (0,56) size 784x95
        RenderImage {INPUT} at (0,0) size 46x18
        RenderBR {BR} at (46,18) size 0x0
        RenderImage {INPUT} at (0,18) size 102x52 [border: (1px solid #000000)]
        RenderBR {BR} at (102,70) size 0x0
        RenderImage {INPUT} at (0,70) size 75x25
        RenderBR {BR} at (75,95) size 0x0
