layer at (0,0) size 800x600
  RenderView at (0,0) size 800x600
layer at (0,0) size 800x600
  RenderBlock {HTML} at (0,0) size 800x600
    RenderBody {BODY} at (8,8) size 784x576
      RenderBlock {P} at (0,0) size 784x20
        RenderText {#text} at (0,0) size 55x19
          text run at (0,0) width 55: "Test for "
        RenderInline {I} at (0,0) size 653x19
          RenderInline {A} at (0,0) size 306x19 [color=#0000EE]
            RenderText {#text} at (54,0) size 306x19
              text run at (54,0) width 306: "http://bugs.webkit.org/show_bug.cgi?id=15091"
          RenderText {#text} at (359,0) size 348x19
            text run at (359,0) width 5: " "
            text run at (363,0) width 258: "Crash in RenderBlock::skipWhitespace "
            text run at (620,0) width 87: "during layout"
        RenderText {#text} at (706,0) size 5x19
          text run at (706,0) width 5: "."
      RenderBlock {P} at (0,36) size 784x20
        RenderText {#text} at (0,0) size 612x19
          text run at (0,0) width 612: "If Java is enabled, disable it and reload this page. You should see the word PASS at the bottom."
layer at (8,580) size 38x20
  RenderBlock (positioned) {APPLET} at (8,580) size 39x20
    RenderText {#text} at (0,0) size 39x19
      text run at (0,0) width 39: "PASS"
