layer at (0,0) size 800x600
  RenderView at (0,0) size 800x600
layer at (0,0) size 800x221
  RenderBlock {HTML} at (0,0) size 800x221
    RenderBody {BODY} at (8,16) size 784x197
      RenderBlock {P} at (0,0) size 784x40
        RenderText {#text} at (0,0) size 55x19
          text run at (0,0) width 55: "Test for "
        RenderInline {I} at (0,0) size 736x39
          RenderInline {A} at (0,0) size 157x19 [color=#0000EE]
            RenderText {#text} at (54,0) size 157x19
              text run at (54,0) width 157: "rdar://problem/5862634"
          RenderText {#text} at (210,0) size 736x39
            text run at (210,0) width 5: " "
            text run at (214,0) width 522: "REGRESSION (3.1.1): In iChat, inline image not resizable past current size after"
            text run at (0,20) width 146: "another IM is received"
        RenderText {#text} at (145,20) size 5x19
          text run at (145,20) width 5: "."
      RenderBlock {P} at (0,56) size 784x20
        RenderText {#text} at (0,0) size 319x19
          text run at (0,0) width 319: "The blue square below should be 100\x{D7}100 pixels."
      RenderBlock {DIV} at (0,92) size 200x105
        RenderBlock {DIV} at (0,0) size 100x105
          RenderImage {IMG} at (0,0) size 100x100
          RenderText {#text} at (0,0) size 0x0
        RenderText {#text} at (0,0) size 0x0
