layer at (0,0) size 800x600
  RenderView at (0,0) size 800x600
layer at (0,0) size 800x600
  RenderBlock {HTML} at (0,0) size 800x600
    RenderBody {BODY} at (8,8) size 784x584
      RenderTable {TABLE} at (0,0) size 100x108 [bgcolor=#0000FF] [border: (20px solid #000000)]
        RenderTableSection {TBODY} at (30,30) size 40x48
          RenderTableRow {TR} at (0,2) size 40x21
            RenderTableCell {TD} at (2,2) size 36x21 [border: (1px inset #000000)] [r=0 c=0 rs=1 cs=1]
              RenderText {#text} at (2,2) size 21x17
                text run at (2,2) width 21: "foo"
          RenderTableRow {TR} at (0,25) size 40x21
            RenderTableCell {TD} at (2,25) size 36x21 [border: (1px inset #000000)] [r=1 c=0 rs=1 cs=1]
              RenderText {#text} at (2,2) size 20x17
                text run at (2,2) width 20: "bar"
      RenderBlock (anonymous) at (0,108) size 784x17
        RenderBR {BR} at (0,0) size 0x17
      RenderTable {TABLE} at (0,125) size 100x108 [bgcolor=#0000FF] [border: (20px solid #000000)]
        RenderTableSection {TBODY} at (30,30) size 40x48
          RenderTableRow {TR} at (0,2) size 40x21
            RenderTableCell {TD} at (2,2) size 36x21 [border: (1px inset #000000)] [r=0 c=0 rs=1 cs=1]
              RenderText {#text} at (2,2) size 21x17
                text run at (2,2) width 21: "foo"
          RenderTableRow {TR} at (0,25) size 40x21
            RenderTableCell {TD} at (2,25) size 36x21 [border: (1px inset #000000)] [r=1 c=0 rs=1 cs=1]
              RenderText {#text} at (2,2) size 20x17
                text run at (2,2) width 20: "bar"
      RenderBlock (anonymous) at (0,233) size 784x17
        RenderBR {BR} at (0,0) size 0x17
      RenderTable {TABLE} at (0,250) size 100x108 [bgcolor=#0000FF] [border: (20px solid #000000)]
        RenderTableSection {TBODY} at (30,30) size 40x48
          RenderTableRow {TR} at (0,2) size 40x21
            RenderTableCell {TD} at (2,2) size 36x21 [border: (1px inset #000000)] [r=0 c=0 rs=1 cs=1]
              RenderText {#text} at (2,2) size 21x17
                text run at (2,2) width 21: "foo"
          RenderTableRow {TR} at (0,25) size 40x21
            RenderTableCell {TD} at (2,25) size 36x21 [border: (1px inset #000000)] [r=1 c=0 rs=1 cs=1]
              RenderText {#text} at (2,2) size 20x17
                text run at (2,2) width 20: "bar"
