layer at (0,0) size 800x600
  RenderView at (0,0) size 800x600
layer at (0,0) size 800x600
  RenderBlock {HTML} at (0,0) size 800x600
    RenderBody {BODY} at (8,8) size 784x584
      RenderBlock (anonymous) at (0,0) size 784x17
        RenderText {#text} at (0,0) size 226x17
          text run at (0,0) width 226: "cell split with color (standard mode)"
      RenderTable {TABLE} at (0,17) size 31x27 [border: (1px outset #808080)]
        RenderTableCol {COLGROUP} at (0,0) size 0x0
          RenderTableCol {COL} at (0,0) size 0x0 [bgcolor=#FF0000]
          RenderTableCol {COL} at (0,0) size 0x0 [bgcolor=#0000FF]
        RenderTableSection {TBODY} at (1,1) size 29x25
          RenderTableRow {TR} at (0,2) size 29x21
            RenderTableCell {TD} at (2,2) size 25x21 [border: (1px inset #808080)] [r=0 c=0 rs=1 cs=2]
              RenderText {#text} at (2,2) size 21x17
                text run at (2,2) width 21: "foo"
      RenderBlock (anonymous) at (0,44) size 784x17
        RenderBR {BR} at (0,0) size 0x17
      RenderBlock {HR} at (0,69) size 602x2 [border: (1px inset #000000)]
      RenderBlock (anonymous) at (0,79) size 784x17
        RenderBR {BR} at (0,0) size 0x17
      RenderTable {TABLE} at (0,96) size 600x108
        RenderTableSection {TBODY} at (0,0) size 600x108
          RenderTableRow {TR} at (0,2) size 600x44
            RenderTableCell {TD} at (2,2) size 594x44 [r=0 c=0 rs=1 cs=3]
              RenderImage {IMG} at (7,1) size 580x42
              RenderText {#text} at (0,0) size 0x0
          RenderTableRow {TR} at (0,48) size 600x37
            RenderTableCell {TD} at (2,48) size 242x37 [r=1 c=0 rs=1 cs=1]
              RenderImage {IMG} at (1,1) size 232x35 [border: (1px solid #000000)]
            RenderTableCell {TD} at (246,57) size 142x19 [r=1 c=1 rs=1 cs=1]
              RenderText {#text} at (1,1) size 140x17
                text run at (1,1) width 140: "Hassle-Free Upgrades"
          RenderTableRow {TR} at (0,87) size 600x19
            RenderTableCell {TD} at (2,87) size 596x19 [bgcolor=#99CCCC] [r=2 c=0 rs=1 cs=4]
              RenderText {#text} at (1,1) size 8x17
                text run at (1,1) width 8: "x"
