layer at (0,0) size 800x600
  RenderView at (0,0) size 800x600
layer at (0,0) size 800x600
  RenderBlock {HTML} at (0,0) size 800x600
    RenderBody {BODY} at (8,8) size 784x584
      RenderTable {TABLE} at (0,0) size 67x40 [border: none]
        RenderTableSection {TBODY} at (0,0) size 66x39
          RenderTableRow {TR} at (0,0) size 66x20
            RenderTableCell {TD} at (0,0) size 33x20 [border: (1px none #000000)] [r=0 c=0 rs=1 cs=1]
              RenderText {#text} at (2,2) size 30x17
                text run at (2,2) width 30: "rules"
            RenderTableCell {TD} at (33,0) size 33x20 [border: (1px none #000000)] [r=0 c=1 rs=1 cs=1]
              RenderText {#text} at (1,2) size 31x17
                text run at (1,2) width 31: "none"
          RenderTableRow {TR} at (0,20) size 66x19
            RenderTableCell {TD} at (0,20) size 33x19 [border: none] [r=1 c=0 rs=1 cs=1]
              RenderText {#text} at (2,1) size 30x17
                text run at (2,1) width 30: "rules"
            RenderTableCell {TD} at (33,20) size 33x19 [r=1 c=1 rs=1 cs=1]
              RenderText {#text} at (1,1) size 31x17
                text run at (1,1) width 31: "none"
      RenderBlock (anonymous) at (0,40) size 784x17
        RenderBR {BR} at (0,0) size 0x17
      RenderTable {TABLE} at (0,57) size 114x79 [border: none]
        RenderTableSection {TBODY} at (0,0) size 113x39 [border: (1px solid #808080) none (1px solid #808080) none]
          RenderTableRow {TR} at (0,0) size 113x20
            RenderTableCell {TD} at (0,0) size 33x20 [border: (1px none #000000)] [r=0 c=0 rs=1 cs=1]
              RenderText {#text} at (2,2) size 30x17
                text run at (2,2) width 30: "rules"
            RenderTableCell {TD} at (33,0) size 80x20 [border: (1px none #000000)] [r=0 c=1 rs=1 cs=1]
              RenderText {#text} at (1,2) size 78x17
                text run at (1,2) width 78: "row group 1"
          RenderTableRow {TR} at (0,20) size 113x19
            RenderTableCell {TD} at (0,20) size 33x19 [border: none] [r=1 c=0 rs=1 cs=1]
              RenderText {#text} at (2,1) size 30x17
                text run at (2,1) width 30: "rules"
            RenderTableCell {TD} at (33,20) size 80x19 [r=1 c=1 rs=1 cs=1]
              RenderText {#text} at (1,1) size 78x17
                text run at (1,1) width 78: "row group 1"
        RenderTableSection {TBODY} at (0,39) size 113x39 [border: (1px solid #808080) none (1px solid #808080) none]
          RenderTableRow {TR} at (0,0) size 113x20
            RenderTableCell {TD} at (0,0) size 33x20 [border: (1px none #000000)] [r=0 c=0 rs=1 cs=1]
              RenderText {#text} at (2,2) size 30x17
                text run at (2,2) width 30: "rules"
            RenderTableCell {TD} at (33,0) size 80x20 [border: (1px none #000000)] [r=0 c=1 rs=1 cs=1]
              RenderText {#text} at (1,2) size 78x17
                text run at (1,2) width 78: "row group 2"
          RenderTableRow {TR} at (0,20) size 113x19
            RenderTableCell {TD} at (0,20) size 33x19 [border: none] [r=1 c=0 rs=1 cs=1]
              RenderText {#text} at (2,1) size 30x17
                text run at (2,1) width 30: "rules"
            RenderTableCell {TD} at (33,20) size 80x19 [r=1 c=1 rs=1 cs=1]
              RenderText {#text} at (1,1) size 78x17
                text run at (1,1) width 78: "row group 2"
      RenderBlock (anonymous) at (0,136) size 784x17
        RenderBR {BR} at (0,0) size 0x17
      RenderTable {TABLE} at (0,153) size 215x40 [border: none]
        RenderTableCol {COLGROUP} at (0,0) size 0x0 [border: none (1px solid #000000) none (1px solid #000000)]
          RenderTableCol {COL} at (0,0) size 0x0
          RenderTableCol {COL} at (0,0) size 0x0
        RenderTableCol {COLGROUP} at (0,0) size 0x0 [border: none (1px solid #000000) none (1px solid #000000)]
          RenderTableCol {COL} at (0,0) size 0x0
          RenderTableCol {COL} at (0,0) size 0x0
        RenderTableSection {TBODY} at (0,0) size 214x39 [border: (1px solid #808080) none (1px solid #808080) none]
          RenderTableRow {TR} at (0,0) size 214x20
            RenderTableCell {TD} at (0,0) size 33x20 [border: (1px none #000000)] [r=0 c=0 rs=1 cs=1]
              RenderText {#text} at (2,2) size 30x17
                text run at (2,2) width 30: "rules"
            RenderTableCell {TD} at (33,0) size 74x20 [border: (1px none #000000)] [r=0 c=1 rs=1 cs=1]
              RenderText {#text} at (1,2) size 72x17
                text run at (1,2) width 72: "col group 1"
            RenderTableCell {TD} at (107,0) size 33x20 [border: (1px none #000000)] [r=0 c=2 rs=1 cs=1]
              RenderText {#text} at (2,2) size 30x17
                text run at (2,2) width 30: "rules"
            RenderTableCell {TD} at (140,0) size 74x20 [border: (1px none #000000)] [r=0 c=3 rs=1 cs=1]
              RenderText {#text} at (1,2) size 72x17
                text run at (1,2) width 72: "col group 2"
          RenderTableRow {TR} at (0,20) size 214x19
            RenderTableCell {TD} at (0,20) size 33x19 [border: none] [r=1 c=0 rs=1 cs=1]
              RenderText {#text} at (2,1) size 30x17
                text run at (2,1) width 30: "rules"
            RenderTableCell {TD} at (33,20) size 74x19 [r=1 c=1 rs=1 cs=1]
              RenderText {#text} at (1,1) size 72x17
                text run at (1,1) width 72: "col group 1"
            RenderTableCell {TD} at (107,20) size 33x19 [border: none] [r=1 c=2 rs=1 cs=1]
              RenderText {#text} at (2,1) size 30x17
                text run at (2,1) width 30: "rules"
            RenderTableCell {TD} at (140,20) size 74x19 [r=1 c=3 rs=1 cs=1]
              RenderText {#text} at (1,1) size 72x17
                text run at (1,1) width 72: "col group 2"
      RenderBlock (anonymous) at (0,193) size 784x17
        RenderBR {BR} at (0,0) size 0x17
      RenderTable {TABLE} at (0,210) size 67x41 [border: none]
        RenderTableSection {TBODY} at (0,0) size 66x40
          RenderTableRow {TR} at (0,0) size 66x20
            RenderTableCell {TD} at (0,0) size 33x20 [border: (1px solid #808080) none none (1px none #808080)] [r=0 c=0 rs=1 cs=1]
              RenderText {#text} at (2,2) size 30x17
                text run at (2,2) width 30: "rules"
            RenderTableCell {TD} at (33,0) size 33x20 [border: (1px solid #808080) none none none] [r=0 c=1 rs=1 cs=1]
              RenderText {#text} at (1,2) size 31x17
                text run at (1,2) width 31: "rows"
          RenderTableRow {TR} at (0,20) size 66x20
            RenderTableCell {TD} at (0,20) size 33x20 [border: (1px solid #808080) none none (1px none #808080)] [r=1 c=0 rs=1 cs=1]
              RenderText {#text} at (2,2) size 30x17
                text run at (2,2) width 30: "rules"
            RenderTableCell {TD} at (33,20) size 33x20 [border: (1px solid #808080) none none none] [r=1 c=1 rs=1 cs=1]
              RenderText {#text} at (1,2) size 31x17
                text run at (1,2) width 31: "rows"
      RenderBlock (anonymous) at (0,251) size 784x17
        RenderBR {BR} at (0,0) size 0x17
      RenderTable {TABLE} at (0,268) size 62x40 [border: none]
        RenderTableSection {TBODY} at (0,0) size 61x39
          RenderTableRow {TR} at (0,0) size 61x20
            RenderTableCell {TD} at (0,0) size 33x20 [border: (1px none #808080) none none (1px solid #808080)] [r=0 c=0 rs=1 cs=1]
              RenderText {#text} at (2,2) size 30x17
                text run at (2,2) width 30: "rules"
            RenderTableCell {TD} at (33,0) size 28x20 [border: (1px none #808080) none none (1px solid #808080)] [r=0 c=1 rs=1 cs=1]
              RenderText {#text} at (2,2) size 25x17
                text run at (2,2) width 25: "cols"
          RenderTableRow {TR} at (0,20) size 61x19
            RenderTableCell {TD} at (0,20) size 33x19 [border: none none none (1px solid #808080)] [r=1 c=0 rs=1 cs=1]
              RenderText {#text} at (2,1) size 30x17
                text run at (2,1) width 30: "rules"
            RenderTableCell {TD} at (33,20) size 28x19 [border: none none none (1px solid #808080)] [r=1 c=1 rs=1 cs=1]
              RenderText {#text} at (2,1) size 25x17
                text run at (2,1) width 25: "cols"
      RenderBlock (anonymous) at (0,308) size 784x17
        RenderBR {BR} at (0,0) size 0x17
      RenderTable {TABLE} at (0,325) size 52x41 [border: none]
        RenderTableSection {TBODY} at (0,0) size 51x40
          RenderTableRow {TR} at (0,0) size 51x20
            RenderTableCell {TD} at (0,0) size 33x20 [border: (1px solid #808080)] [r=0 c=0 rs=1 cs=1]
              RenderText {#text} at (2,2) size 30x17
                text run at (2,2) width 30: "rules"
            RenderTableCell {TD} at (33,0) size 18x20 [border: (1px solid #808080)] [r=0 c=1 rs=1 cs=1]
              RenderText {#text} at (2,2) size 15x17
                text run at (2,2) width 15: "all"
          RenderTableRow {TR} at (0,20) size 51x20
            RenderTableCell {TD} at (0,20) size 33x20 [border: (1px solid #808080)] [r=1 c=0 rs=1 cs=1]
              RenderText {#text} at (2,2) size 30x17
                text run at (2,2) width 30: "rules"
            RenderTableCell {TD} at (33,20) size 18x20 [border: (1px solid #808080)] [r=1 c=1 rs=1 cs=1]
              RenderText {#text} at (2,2) size 15x17
                text run at (2,2) width 15: "all"
      RenderBlock (anonymous) at (0,366) size 784x17
        RenderBR {BR} at (0,0) size 0x17
