layer at (0,0) size 785x1129
  RenderView at (0,0) size 785x600
layer at (0,0) size 785x1129
  RenderBlock {HTML} at (0,0) size 785x1129
    RenderBody {BODY} at (8,8) size 769x584
      RenderBlock (floating) {DIV} at (0,0) size 352x969 [border: (1px solid #FF0000)]
        RenderBlock (anonymous) at (1,1) size 350x14
          RenderText {#text} at (0,-1) size 181x15
            text run at (0,-1) width 181: "Plain textarea with little content"
        RenderBlock {DIV} at (1,15) size 352x49 [border: (1px solid #FF0000)]
          RenderText {#text} at (1,33) size 14x15
            text run at (1,33) width 14: "A "
          RenderText {#text} at (220,33) size 13x15
            text run at (220,33) width 13: " B"
        RenderBlock (anonymous) at (1,64) size 350x14
          RenderText {#text} at (0,-1) size 77x15
            text run at (0,-1) width 77: "Plain textarea"
        RenderBlock {DIV} at (1,78) size 352x49 [border: (1px solid #FF0000)]
          RenderText {#text} at (1,33) size 14x15
            text run at (1,33) width 14: "A "
          RenderText {#text} at (220,33) size 13x15
            text run at (220,33) width 13: " B"
        RenderBlock (anonymous) at (1,127) size 350x14
          RenderText {#text} at (0,-1) size 97x15
            text run at (0,-1) width 97: "Disabled textarea"
        RenderBlock {DIV} at (1,141) size 352x49 [border: (1px solid #FF0000)]
          RenderText {#text} at (1,33) size 14x15
            text run at (1,33) width 14: "A "
          RenderText {#text} at (220,33) size 13x15
            text run at (220,33) width 13: " B"
        RenderBlock (anonymous) at (1,190) size 350x14
          RenderText {#text} at (0,-1) size 123x15
            text run at (0,-1) width 123: "style=\"padding:10px\""
        RenderBlock {DIV} at (1,204) size 352x65 [border: (1px solid #FF0000)]
          RenderText {#text} at (1,49) size 14x15
            text run at (1,49) width 14: "A "
          RenderText {#text} at (236,49) size 13x15
            text run at (236,49) width 13: " B"
        RenderBlock (anonymous) at (1,269) size 350x14
          RenderText {#text} at (0,-1) size 116x15
            text run at (0,-1) width 116: "style=\"padding:0px\""
        RenderBlock {DIV} at (1,283) size 352x45 [border: (1px solid #FF0000)]
          RenderText {#text} at (1,29) size 14x15
            text run at (1,29) width 14: "A "
          RenderText {#text} at (216,29) size 13x15
            text run at (216,29) width 13: " B"
        RenderBlock (anonymous) at (1,328) size 350x14
          RenderText {#text} at (0,-1) size 118x15
            text run at (0,-1) width 118: "style=\"margin:10px\""
        RenderBlock {DIV} at (1,342) size 352x65 [border: (1px solid #FF0000)]
          RenderText {#text} at (1,49) size 14x15
            text run at (1,49) width 14: "A "
          RenderText {#text} at (236,49) size 13x15
            text run at (236,49) width 13: " B"
        RenderBlock (anonymous) at (1,407) size 350x14
          RenderText {#text} at (0,-1) size 111x15
            text run at (0,-1) width 111: "style=\"margin:0px\""
        RenderBlock {DIV} at (1,421) size 352x45 [border: (1px solid #FF0000)]
          RenderText {#text} at (1,29) size 14x15
            text run at (1,29) width 14: "A "
          RenderText {#text} at (216,29) size 13x15
            text run at (216,29) width 13: " B"
        RenderBlock (anonymous) at (1,466) size 350x14
          RenderText {#text} at (0,-1) size 37x15
            text run at (0,-1) width 37: "cols=3"
        RenderBlock {DIV} at (1,480) size 352x49 [border: (1px solid #FF0000)]
          RenderText {#text} at (1,33) size 14x15
            text run at (1,33) width 14: "A "
          RenderText {#text} at (67,33) size 13x15
            text run at (67,33) width 13: " B"
        RenderBlock (anonymous) at (1,529) size 350x14
          RenderText {#text} at (0,-1) size 42x15
            text run at (0,-1) width 42: "rows=3"
        RenderBlock {DIV} at (1,543) size 352x66 [border: (1px solid #FF0000)]
          RenderText {#text} at (1,50) size 14x15
            text run at (1,50) width 14: "A "
          RenderText {#text} at (220,50) size 13x15
            text run at (220,50) width 13: " B"
        RenderBlock (anonymous) at (1,609) size 350x14
          RenderText {#text} at (0,-1) size 44x15
            text run at (0,-1) width 44: "cols=10"
        RenderBlock {DIV} at (1,623) size 352x49 [border: (1px solid #FF0000)]
          RenderText {#text} at (1,33) size 14x15
            text run at (1,33) width 14: "A "
          RenderText {#text} at (130,33) size 13x15
            text run at (130,33) width 13: " B"
        RenderBlock (anonymous) at (1,672) size 350x14
          RenderText {#text} at (0,-1) size 49x15
            text run at (0,-1) width 49: "rows=10"
        RenderBlock {DIV} at (1,686) size 352x185 [border: (1px solid #FF0000)]
          RenderText {#text} at (1,169) size 14x15
            text run at (1,169) width 14: "A "
          RenderText {#text} at (220,169) size 13x15
            text run at (220,169) width 13: " B"
        RenderBlock (anonymous) at (1,871) size 350x14
          RenderText {#text} at (0,-1) size 83x15
            text run at (0,-1) width 83: "cols=5 rows=4"
        RenderBlock {DIV} at (1,885) size 352x83 [border: (1px solid #FF0000)]
          RenderText {#text} at (1,67) size 14x15
            text run at (1,67) width 14: "A "
          RenderText {#text} at (85,67) size 13x15
            text run at (85,67) width 13: " B"
      RenderBlock (floating) {DIV} at (352,0) size 352x1121 [border: (1px solid #FF0000)]
        RenderBlock (anonymous) at (1,1) size 350x14
          RenderText {#text} at (0,-1) size 110x15
            text run at (0,-1) width 110: "style=\"width:60px\""
        RenderBlock {DIV} at (1,15) size 352x49 [border: (1px solid #FF0000)]
          RenderText {#text} at (1,33) size 14x15
            text run at (1,33) width 14: "A "
          RenderText {#text} at (75,33) size 13x15
            text run at (75,33) width 13: " B"
        RenderBlock (anonymous) at (1,64) size 350x14
          RenderText {#text} at (0,-1) size 191x15
            text run at (0,-1) width 191: "style=\"width:60px;padding:20px\""
        RenderBlock {DIV} at (1,78) size 352x85 [border: (1px solid #FF0000)]
          RenderText {#text} at (1,69) size 14x15
            text run at (1,69) width 14: "A "
          RenderText {#text} at (75,69) size 13x15
            text run at (75,69) width 13: " B"
        RenderBlock (anonymous) at (1,163) size 350x14
          RenderText {#text} at (0,-1) size 170x15
            text run at (0,-1) width 170: "style=\"width:60px;padding:0\""
        RenderBlock {DIV} at (1,177) size 352x45 [border: (1px solid #FF0000)]
          RenderText {#text} at (1,29) size 14x15
            text run at (1,29) width 14: "A "
          RenderText {#text} at (75,29) size 13x15
            text run at (75,29) width 13: " B"
        RenderBlock (anonymous) at (1,222) size 350x14
          RenderText {#text} at (0,-1) size 113x15
            text run at (0,-1) width 113: "style=\"height:60px\""
        RenderBlock {DIV} at (1,236) size 352x65 [border: (1px solid #FF0000)]
          RenderText {#text} at (1,49) size 14x15
            text run at (1,49) width 14: "A "
          RenderText {#text} at (220,49) size 13x15
            text run at (220,49) width 13: " B"
        RenderBlock (anonymous) at (1,301) size 350x14
          RenderText {#text} at (0,-1) size 181x15
            text run at (0,-1) width 181: "style=\"width:60px;height:60px\""
        RenderBlock {DIV} at (1,315) size 352x65 [border: (1px solid #FF0000)]
          RenderText {#text} at (1,49) size 14x15
            text run at (1,49) width 14: "A "
          RenderText {#text} at (75,49) size 13x15
            text run at (75,49) width 13: " B"
        RenderBlock (anonymous) at (1,380) size 350x14
          RenderText {#text} at (0,-1) size 139x15
            text run at (0,-1) width 139: "style=\"overflow:hidden\""
        RenderBlock {DIV} at (1,394) size 352x49 [border: (1px solid #FF0000)]
          RenderText {#text} at (1,33) size 14x15
            text run at (1,33) width 14: "A "
          RenderText {#text} at (220,33) size 13x15
            text run at (220,33) width 13: " B"
        RenderBlock (anonymous) at (1,443) size 350x14
          RenderText {#text} at (0,-1) size 132x15
            text run at (0,-1) width 132: "style=\"overflow:scroll\""
        RenderBlock {DIV} at (1,457) size 352x64 [border: (1px solid #FF0000)]
          RenderText {#text} at (1,48) size 14x15
            text run at (1,48) width 14: "A "
          RenderText {#text} at (220,48) size 13x15
            text run at (220,48) width 13: " B"
        RenderBlock (anonymous) at (1,521) size 350x14
          RenderText {#text} at (0,-1) size 278x15
            text run at (0,-1) width 278: "style=\"overflow:hidden;width:60px;height:60px\""
        RenderBlock {DIV} at (1,535) size 352x65 [border: (1px solid #FF0000)]
          RenderText {#text} at (1,49) size 14x15
            text run at (1,49) width 14: "A "
          RenderText {#text} at (75,49) size 13x15
            text run at (75,49) width 13: " B"
        RenderBlock (anonymous) at (1,600) size 350x14
          RenderText {#text} at (0,-1) size 271x15
            text run at (0,-1) width 271: "style=\"overflow:scroll;width:60px;height:60px\""
        RenderBlock {DIV} at (1,614) size 352x65 [border: (1px solid #FF0000)]
          RenderText {#text} at (1,49) size 14x15
            text run at (1,49) width 14: "A "
          RenderText {#text} at (75,49) size 13x15
            text run at (75,49) width 13: " B"
        RenderBlock (anonymous) at (1,679) size 350x14
          RenderText {#text} at (0,-1) size 222x15
            text run at (0,-1) width 222: "cols=5 style=\"width:60px;height:60px\""
        RenderBlock {DIV} at (1,693) size 352x65 [border: (1px solid #FF0000)]
          RenderText {#text} at (1,49) size 14x15
            text run at (1,49) width 14: "A "
          RenderText {#text} at (75,49) size 13x15
            text run at (75,49) width 13: " B"
        RenderBlock (anonymous) at (1,758) size 350x14
          RenderText {#text} at (0,-1) size 227x15
            text run at (0,-1) width 227: "rows=4 style=\"width:60px;height:60px\""
        RenderBlock {DIV} at (1,772) size 352x65 [border: (1px solid #FF0000)]
          RenderText {#text} at (1,49) size 14x15
            text run at (1,49) width 14: "A "
          RenderText {#text} at (75,49) size 13x15
            text run at (75,49) width 13: " B"
        RenderBlock (anonymous) at (1,837) size 350x14
          RenderText {#text} at (0,-1) size 268x15
            text run at (0,-1) width 268: "cols=5 rows=4 style=\"width:60px;height:60px\""
        RenderBlock {DIV} at (1,851) size 352x65 [border: (1px solid #FF0000)]
          RenderText {#text} at (1,49) size 14x15
            text run at (1,49) width 14: "A "
          RenderText {#text} at (75,49) size 13x15
            text run at (75,49) width 13: " B"
        RenderBlock (anonymous) at (1,916) size 350x14
          RenderText {#text} at (0,-1) size 65x15
            text run at (0,-1) width 65: "wrap=\"off\""
        RenderBlock {DIV} at (1,930) size 352x64 [border: (1px solid #FF0000)]
          RenderText {#text} at (1,48) size 14x15
            text run at (1,48) width 14: "A "
          RenderText {#text} at (220,48) size 13x15
            text run at (220,48) width 4: " "
            text run at (224,48) width 9: "B"
        RenderBlock (anonymous) at (1,994) size 350x14
          RenderText {#text} at (0,-1) size 73x15
            text run at (0,-1) width 73: "wrap=\"hard\""
        RenderBlock {DIV} at (1,1008) size 352x49 [border: (1px solid #FF0000)]
          RenderText {#text} at (1,33) size 14x15
            text run at (1,33) width 14: "A "
          RenderText {#text} at (220,33) size 13x15
            text run at (220,33) width 4: " "
            text run at (224,33) width 9: "B"
        RenderBlock (anonymous) at (1,1057) size 350x14
          RenderText {#text} at (0,-1) size 69x15
            text run at (0,-1) width 69: "wrap=\"soft\""
        RenderBlock {DIV} at (1,1071) size 352x49 [border: (1px solid #FF0000)]
          RenderText {#text} at (1,33) size 14x15
            text run at (1,33) width 14: "A "
          RenderText {#text} at (220,33) size 13x15
            text run at (220,33) width 4: " "
            text run at (224,33) width 9: "B"
layer at (26,26) size 201x40 clip at (27,27) size 199x38
  RenderTextControl {TEXTAREA} at (17,3) size 201x40 [bgcolor=#FFFFFF] [border: (1px solid #000000)]
    RenderBlock {DIV} at (3,3) size 195x17
      RenderText {#text} at (0,0) size 132x17
        text run at (0,0) width 132: "Lorem ipsum dolor"
layer at (26,89) size 201x40 clip at (27,90) size 184x38 scrollHeight 72
  RenderTextControl {TEXTAREA} at (17,3) size 201x40 [bgcolor=#FFFFFF] [border: (1px solid #000000)]
    RenderBlock {DIV} at (3,3) size 180x68
      RenderText {#text} at (0,0) size 173x68
        text run at (0,0) width 132: "Lorem ipsum dolor"
        text run at (132,0) width 4: " "
        text run at (0,17) width 171: "ABCDEFGHIJKLMNOP"
        text run at (0,34) width 115: "QRSTUVWXYZ"
        text run at (115,34) width 4: " "
        text run at (0,51) width 169: "abcdefghijklmnopqrstuv"
        text run at (169,51) width 4: " "
layer at (26,152) size 201x40 clip at (27,153) size 184x38 scrollHeight 72
  RenderTextControl {TEXTAREA} at (17,3) size 201x40 [bgcolor=#FFFFFF] [border: (1px solid #000000)]
    RenderBlock {DIV} at (3,3) size 180x68 [color=#545454]
      RenderText {#text} at (0,0) size 173x68
        text run at (0,0) width 132: "Lorem ipsum dolor"
        text run at (132,0) width 4: " "
        text run at (0,17) width 171: "ABCDEFGHIJKLMNOP"
        text run at (0,34) width 115: "QRSTUVWXYZ"
        text run at (115,34) width 4: " "
        text run at (0,51) width 169: "abcdefghijklmnopqrstuv"
        text run at (169,51) width 4: " "
layer at (26,215) size 217x56 clip at (27,216) size 200x54 scrollHeight 88
  RenderTextControl {TEXTAREA} at (17,3) size 217x56 [bgcolor=#FFFFFF] [border: (1px solid #000000)]
    RenderBlock {DIV} at (11,11) size 180x68
      RenderText {#text} at (0,0) size 173x68
        text run at (0,0) width 132: "Lorem ipsum dolor"
        text run at (132,0) width 4: " "
        text run at (0,17) width 171: "ABCDEFGHIJKLMNOP"
        text run at (0,34) width 115: "QRSTUVWXYZ"
        text run at (115,34) width 4: " "
        text run at (0,51) width 169: "abcdefghijklmnopqrstuv"
        text run at (169,51) width 4: " "
layer at (26,294) size 197x36 clip at (27,295) size 180x34 scrollHeight 68
  RenderTextControl {TEXTAREA} at (17,3) size 197x36 [bgcolor=#FFFFFF] [border: (1px solid #000000)]
    RenderBlock {DIV} at (1,1) size 180x68
      RenderText {#text} at (0,0) size 173x68
        text run at (0,0) width 132: "Lorem ipsum dolor"
        text run at (132,0) width 4: " "
        text run at (0,17) width 171: "ABCDEFGHIJKLMNOP"
        text run at (0,34) width 115: "QRSTUVWXYZ"
        text run at (115,34) width 4: " "
        text run at (0,51) width 169: "abcdefghijklmnopqrstuv"
        text run at (169,51) width 4: " "
layer at (34,361) size 201x40 clip at (35,362) size 184x38 scrollHeight 72
  RenderTextControl {TEXTAREA} at (25,11) size 201x40 [bgcolor=#FFFFFF] [border: (1px solid #000000)]
    RenderBlock {DIV} at (3,3) size 180x68
      RenderText {#text} at (0,0) size 173x68
        text run at (0,0) width 132: "Lorem ipsum dolor"
        text run at (132,0) width 4: " "
        text run at (0,17) width 171: "ABCDEFGHIJKLMNOP"
        text run at (0,34) width 115: "QRSTUVWXYZ"
        text run at (115,34) width 4: " "
        text run at (0,51) width 169: "abcdefghijklmnopqrstuv"
        text run at (169,51) width 4: " "
layer at (24,430) size 201x40 clip at (25,431) size 184x38 scrollHeight 72
  RenderTextControl {TEXTAREA} at (15,1) size 201x40 [bgcolor=#FFFFFF] [border: (1px solid #000000)]
    RenderBlock {DIV} at (3,3) size 180x68
      RenderText {#text} at (0,0) size 173x68
        text run at (0,0) width 132: "Lorem ipsum dolor"
        text run at (132,0) width 4: " "
        text run at (0,17) width 171: "ABCDEFGHIJKLMNOP"
        text run at (0,34) width 115: "QRSTUVWXYZ"
        text run at (115,34) width 4: " "
        text run at (0,51) width 169: "abcdefghijklmnopqrstuv"
        text run at (169,51) width 4: " "
layer at (26,491) size 48x40 clip at (27,492) size 31x38 scrollHeight 446
  RenderTextControl {TEXTAREA} at (17,3) size 48x40 [bgcolor=#FFFFFF] [border: (1px solid #000000)]
    RenderBlock {DIV} at (3,3) size 27x442
      RenderText {#text} at (0,0) size 27x442
        text run at (0,0) width 23: "Lor"
        text run at (0,17) width 22: "em"
        text run at (22,17) width 4: " "
        text run at (0,34) width 21: "ips"
        text run at (0,51) width 22: "um"
        text run at (22,51) width 4: " "
        text run at (0,68) width 22: "dol"
        text run at (0,85) width 14: "or"
        text run at (14,85) width 4: " "
        text run at (0,102) width 22: "AB"
        text run at (0,119) width 24: "CD"
        text run at (0,136) width 21: "EF"
        text run at (0,153) width 24: "GH"
        text run at (0,170) width 23: "IJK"
        text run at (0,187) width 22: "LM"
        text run at (0,204) width 24: "NO"
        text run at (0,221) width 23: "PQ"
        text run at (0,238) width 23: "RS"
        text run at (0,255) width 22: "TU"
        text run at (0,272) width 26: "VW"
        text run at (0,289) width 22: "XY"
        text run at (0,306) width 10: "Z"
        text run at (10,306) width 4: " "
        text run at (0,323) width 26: "abc"
        text run at (0,340) width 22: "def"
        text run at (0,357) width 26: "ghij"
        text run at (0,374) width 25: "klm"
        text run at (0,391) width 27: "nop"
        text run at (0,408) width 26: "qrst"
        text run at (0,425) width 17: "uv"
        text run at (17,425) width 4: " "
layer at (26,554) size 201x57 clip at (27,555) size 184x55 scrollHeight 72
  RenderTextControl {TEXTAREA} at (17,3) size 201x57 [bgcolor=#FFFFFF] [border: (1px solid #000000)]
    RenderBlock {DIV} at (3,3) size 180x68
      RenderText {#text} at (0,0) size 173x68
        text run at (0,0) width 132: "Lorem ipsum dolor"
        text run at (132,0) width 4: " "
        text run at (0,17) width 171: "ABCDEFGHIJKLMNOP"
        text run at (0,34) width 115: "QRSTUVWXYZ"
        text run at (115,34) width 4: " "
        text run at (0,51) width 169: "abcdefghijklmnopqrstuv"
        text run at (169,51) width 4: " "
layer at (26,634) size 111x40 clip at (27,635) size 94x38 scrollHeight 140
  RenderTextControl {TEXTAREA} at (17,3) size 111x40 [bgcolor=#FFFFFF] [border: (1px solid #000000)]
    RenderBlock {DIV} at (3,3) size 90x136
      RenderText {#text} at (0,0) size 87x136
        text run at (0,0) width 45: "Lorem"
        text run at (45,0) width 4: " "
        text run at (0,17) width 83: "ipsum dolor"
        text run at (83,17) width 4: " "
        text run at (0,34) width 79: "ABCDEFG"
        text run at (0,51) width 81: "HIJKLMNO"
        text run at (0,68) width 79: "PQRSTUV"
        text run at (0,85) width 47: "WXYZ"
        text run at (47,85) width 4: " "
        text run at (0,102) width 86: "abcdefghijkl"
        text run at (0,119) width 83: "mnopqrstuv"
        text run at (83,119) width 4: " "
layer at (26,697) size 201x176 clip at (27,698) size 199x174
  RenderTextControl {TEXTAREA} at (17,3) size 201x176 [bgcolor=#FFFFFF] [border: (1px solid #000000)]
    RenderBlock {DIV} at (3,3) size 195x68
      RenderText {#text} at (0,0) size 195x68
        text run at (0,0) width 132: "Lorem ipsum dolor"
        text run at (132,0) width 4: " "
        text run at (0,17) width 195: "ABCDEFGHIJKLMNOPQR"
        text run at (0,34) width 91: "STUVWXYZ"
        text run at (91,34) width 4: " "
        text run at (0,51) width 169: "abcdefghijklmnopqrstuv"
        text run at (169,51) width 4: " "
layer at (26,896) size 66x74 clip at (27,897) size 49x72 scrollHeight 259
  RenderTextControl {TEXTAREA} at (17,3) size 66x74 [bgcolor=#FFFFFF] [border: (1px solid #000000)]
    RenderBlock {DIV} at (3,3) size 45x255
      RenderText {#text} at (0,0) size 45x255
        text run at (0,0) width 45: "Lorem"
        text run at (45,0) width 0: " "
        text run at (0,17) width 43: "ipsum"
        text run at (43,17) width 2: " "
        text run at (0,34) width 36: "dolor"
        text run at (36,34) width 4: " "
        text run at (0,51) width 34: "ABC"
        text run at (0,68) width 45: "DEFG"
        text run at (0,85) width 44: "HIJKL"
        text run at (0,102) width 37: "MNO"
        text run at (0,119) width 35: "PQR"
        text run at (0,136) width 44: "STUV"
        text run at (0,153) width 37: "WXY"
        text run at (0,170) width 10: "Z"
        text run at (10,170) width 4: " "
        text run at (0,187) width 44: "abcde"
        text run at (0,204) width 42: "fghijkl"
        text run at (0,221) width 40: "mnop"
        text run at (0,238) width 43: "qrstuv"
        text run at (43,238) width 2: " "
layer at (376,26) size 60x40 clip at (377,27) size 43x38 scrollHeight 327
  RenderTextControl {TEXTAREA} at (15,3) size 60x40 [bgcolor=#FFFFFF] [border: (1px solid #000000)]
    RenderBlock {DIV} at (3,3) size 39x323
      RenderText {#text} at (0,0) size 39x323
        text run at (0,0) width 32: "Lore"
        text run at (0,17) width 13: "m"
        text run at (13,17) width 4: " "
        text run at (0,34) width 30: "ipsu"
        text run at (0,51) width 13: "m"
        text run at (13,51) width 4: " "
        text run at (0,68) width 36: "dolor"
        text run at (36,68) width 3: " "
        text run at (0,85) width 34: "ABC"
        text run at (0,102) width 33: "DEF"
        text run at (0,119) width 36: "GHIJ"
        text run at (0,136) width 33: "KLM"
        text run at (0,153) width 35: "NOP"
        text run at (0,170) width 35: "QRS"
        text run at (0,187) width 33: "TUV"
        text run at (0,204) width 37: "WXY"
        text run at (0,221) width 10: "Z"
        text run at (10,221) width 4: " "
        text run at (0,238) width 35: "abcd"
        text run at (0,255) width 39: "efghij"
        text run at (0,272) width 34: "klmn"
        text run at (0,289) width 32: "opqr"
        text run at (0,306) width 29: "stuv"
        text run at (29,306) width 4: " "
layer at (376,89) size 60x76 clip at (377,90) size 43x74 scrollHeight 1196
  RenderTextControl {TEXTAREA} at (15,3) size 60x76 [bgcolor=#FFFFFF] [border: (1px solid #000000)]
    RenderBlock {DIV} at (21,21) size 3x1156
      RenderText {#text} at (0,0) size 15x1156
        text run at (0,0) width 9: "L"
        text run at (0,17) width 9: "o"
        text run at (0,34) width 5: "r"
        text run at (0,51) width 9: "e"
        text run at (0,68) width 13: "m"
        text run at (0,85) width 3: " "
        text run at (0,102) width 4: "i"
        text run at (0,119) width 9: "p"
        text run at (0,136) width 8: "s"
        text run at (0,153) width 9: "u"
        text run at (0,170) width 13: "m"
        text run at (0,187) width 3: " "
        text run at (0,204) width 9: "d"
        text run at (0,221) width 9: "o"
        text run at (0,238) width 4: "l"
        text run at (0,255) width 9: "o"
        text run at (0,272) width 5: "r"
        text run at (0,289) width 3: " "
        text run at (0,306) width 11: "A"
        text run at (0,323) width 11: "B"
        text run at (0,340) width 12: "C"
        text run at (0,357) width 12: "D"
        text run at (0,374) width 11: "E"
        text run at (0,391) width 10: "F"
        text run at (0,408) width 12: "G"
        text run at (0,425) width 12: "H"
        text run at (0,442) width 4: "I"
        text run at (0,459) width 8: "J"
        text run at (0,476) width 11: "K"
        text run at (0,493) width 9: "L"
        text run at (0,510) width 13: "M"
        text run at (0,527) width 12: "N"
        text run at (0,544) width 12: "O"
        text run at (0,561) width 11: "P"
        text run at (0,578) width 12: "Q"
        text run at (0,595) width 12: "R"
        text run at (0,612) width 11: "S"
        text run at (0,629) width 10: "T"
        text run at (0,646) width 12: "U"
        text run at (0,663) width 11: "V"
        text run at (0,680) width 15: "W"
        text run at (0,697) width 11: "X"
        text run at (0,714) width 11: "Y"
        text run at (0,731) width 10: "Z"
        text run at (0,748) width 3: " "
        text run at (0,765) width 9: "a"
        text run at (0,782) width 9: "b"
        text run at (0,799) width 8: "c"
        text run at (0,816) width 9: "d"
        text run at (0,833) width 9: "e"
        text run at (0,850) width 4: "f"
        text run at (0,867) width 9: "g"
        text run at (0,884) width 9: "h"
        text run at (0,901) width 4: "i"
        text run at (0,918) width 4: "j"
        text run at (0,935) width 8: "k"
        text run at (0,952) width 4: "l"
        text run at (0,969) width 13: "m"
        text run at (0,986) width 9: "n"
        text run at (0,1003) width 9: "o"
        text run at (0,1020) width 9: "p"
        text run at (0,1037) width 9: "q"
        text run at (0,1054) width 5: "r"
        text run at (0,1071) width 8: "s"
        text run at (0,1088) width 4: "t"
        text run at (0,1105) width 9: "u"
        text run at (0,1122) width 8: "v"
        text run at (0,1139) width 3: " "
layer at (376,188) size 60x36 clip at (377,189) size 43x34 scrollHeight 306
  RenderTextControl {TEXTAREA} at (15,3) size 60x36 [bgcolor=#FFFFFF] [border: (1px solid #000000)]
    RenderBlock {DIV} at (1,1) size 43x306
      RenderText {#text} at (0,0) size 43x306
        text run at (0,0) width 32: "Lore"
        text run at (0,17) width 13: "m"
        text run at (13,17) width 4: " "
        text run at (0,34) width 43: "ipsum"
        text run at (43,34) width 0: " "
        text run at (0,51) width 36: "dolor"
        text run at (36,51) width 4: " "
        text run at (0,68) width 34: "ABC"
        text run at (0,85) width 33: "DEF"
        text run at (0,102) width 36: "GHIJ"
        text run at (0,119) width 33: "KLM"
        text run at (0,136) width 35: "NOP"
        text run at (0,153) width 35: "QRS"
        text run at (0,170) width 33: "TUV"
        text run at (0,187) width 37: "WXY"
        text run at (0,204) width 10: "Z"
        text run at (10,204) width 4: " "
        text run at (0,221) width 35: "abcd"
        text run at (0,238) width 39: "efghij"
        text run at (0,255) width 43: "klmno"
        text run at (0,272) width 35: "pqrst"
        text run at (0,289) width 17: "uv"
        text run at (17,289) width 4: " "
layer at (378,245) size 201x60 clip at (379,246) size 184x58 scrollHeight 72
  RenderTextControl {TEXTAREA} at (17,1) size 201x60 [bgcolor=#FFFFFF] [border: (1px solid #000000)]
    RenderBlock {DIV} at (3,3) size 180x68
      RenderText {#text} at (0,0) size 173x68
        text run at (0,0) width 132: "Lorem ipsum dolor"
        text run at (132,0) width 4: " "
        text run at (0,17) width 171: "ABCDEFGHIJKLMNOP"
        text run at (0,34) width 115: "QRSTUVWXYZ"
        text run at (115,34) width 4: " "
        text run at (0,51) width 169: "abcdefghijklmnopqrstuv"
        text run at (169,51) width 4: " "
layer at (376,324) size 60x60 clip at (377,325) size 43x58 scrollHeight 327
  RenderTextControl {TEXTAREA} at (15,1) size 60x60 [bgcolor=#FFFFFF] [border: (1px solid #000000)]
    RenderBlock {DIV} at (3,3) size 39x323
      RenderText {#text} at (0,0) size 39x323
        text run at (0,0) width 32: "Lore"
        text run at (0,17) width 13: "m"
        text run at (13,17) width 4: " "
        text run at (0,34) width 30: "ipsu"
        text run at (0,51) width 13: "m"
        text run at (13,51) width 4: " "
        text run at (0,68) width 36: "dolor"
        text run at (36,68) width 3: " "
        text run at (0,85) width 34: "ABC"
        text run at (0,102) width 33: "DEF"
        text run at (0,119) width 36: "GHIJ"
        text run at (0,136) width 33: "KLM"
        text run at (0,153) width 35: "NOP"
        text run at (0,170) width 35: "QRS"
        text run at (0,187) width 33: "TUV"
        text run at (0,204) width 37: "WXY"
        text run at (0,221) width 10: "Z"
        text run at (10,221) width 4: " "
        text run at (0,238) width 35: "abcd"
        text run at (0,255) width 39: "efghij"
        text run at (0,272) width 34: "klmn"
        text run at (0,289) width 32: "opqr"
        text run at (0,306) width 29: "stuv"
        text run at (29,306) width 4: " "
layer at (378,405) size 201x40 clip at (379,406) size 199x38 scrollHeight 72
  RenderTextControl {TEXTAREA} at (17,3) size 201x40 [bgcolor=#FFFFFF] [border: (1px solid #000000)]
    RenderBlock {DIV} at (3,3) size 195x68
      RenderText {#text} at (0,0) size 195x68
        text run at (0,0) width 132: "Lorem ipsum dolor"
        text run at (132,0) width 4: " "
        text run at (0,17) width 195: "ABCDEFGHIJKLMNOPQR"
        text run at (0,34) width 91: "STUVWXYZ"
        text run at (91,34) width 4: " "
        text run at (0,51) width 169: "abcdefghijklmnopqrstuv"
        text run at (169,51) width 4: " "
layer at (378,468) size 201x55 clip at (379,469) size 184x38 scrollHeight 72
  RenderTextControl {TEXTAREA} at (17,3) size 201x55 [bgcolor=#FFFFFF] [border: (1px solid #000000)]
    RenderBlock {DIV} at (3,3) size 180x68
      RenderText {#text} at (0,0) size 173x68
        text run at (0,0) width 132: "Lorem ipsum dolor"
        text run at (132,0) width 4: " "
        text run at (0,17) width 171: "ABCDEFGHIJKLMNOP"
        text run at (0,34) width 115: "QRSTUVWXYZ"
        text run at (115,34) width 4: " "
        text run at (0,51) width 169: "abcdefghijklmnopqrstuv"
        text run at (169,51) width 4: " "
layer at (376,544) size 60x60 clip at (377,545) size 58x58 scrollHeight 225
  RenderTextControl {TEXTAREA} at (15,1) size 60x60 [bgcolor=#FFFFFF] [border: (1px solid #000000)]
    RenderBlock {DIV} at (3,3) size 54x221
      RenderText {#text} at (0,0) size 53x221
        text run at (0,0) width 45: "Lorem"
        text run at (45,0) width 4: " "
        text run at (0,17) width 43: "ipsum"
        text run at (43,17) width 4: " "
        text run at (0,34) width 36: "dolor"
        text run at (36,34) width 4: " "
        text run at (0,51) width 46: "ABCD"
        text run at (0,68) width 49: "EFGHI"
        text run at (0,85) width 53: "JKLMN"
        text run at (0,102) width 47: "OPQR"
        text run at (0,119) width 44: "STUV"
        text run at (0,136) width 47: "WXYZ"
        text run at (47,136) width 4: " "
        text run at (0,153) width 48: "abcdef"
        text run at (0,170) width 51: "ghijklm"
        text run at (0,187) width 53: "nopqrst"
        text run at (0,204) width 17: "uv"
        text run at (17,204) width 4: " "
layer at (376,623) size 60x60 clip at (377,624) size 43x43 scrollHeight 327
  RenderTextControl {TEXTAREA} at (15,1) size 60x60 [bgcolor=#FFFFFF] [border: (1px solid #000000)]
    RenderBlock {DIV} at (3,3) size 39x323
      RenderText {#text} at (0,0) size 39x323
        text run at (0,0) width 32: "Lore"
        text run at (0,17) width 13: "m"
        text run at (13,17) width 4: " "
        text run at (0,34) width 30: "ipsu"
        text run at (0,51) width 13: "m"
        text run at (13,51) width 4: " "
        text run at (0,68) width 36: "dolor"
        text run at (36,68) width 3: " "
        text run at (0,85) width 34: "ABC"
        text run at (0,102) width 33: "DEF"
        text run at (0,119) width 36: "GHIJ"
        text run at (0,136) width 33: "KLM"
        text run at (0,153) width 35: "NOP"
        text run at (0,170) width 35: "QRS"
        text run at (0,187) width 33: "TUV"
        text run at (0,204) width 37: "WXY"
        text run at (0,221) width 10: "Z"
        text run at (10,221) width 4: " "
        text run at (0,238) width 35: "abcd"
        text run at (0,255) width 39: "efghij"
        text run at (0,272) width 34: "klmn"
        text run at (0,289) width 32: "opqr"
        text run at (0,306) width 29: "stuv"
        text run at (29,306) width 4: " "
layer at (376,702) size 60x60 clip at (377,703) size 43x58 scrollHeight 327
  RenderTextControl {TEXTAREA} at (15,1) size 60x60 [bgcolor=#FFFFFF] [border: (1px solid #000000)]
    RenderBlock {DIV} at (3,3) size 39x323
      RenderText {#text} at (0,0) size 39x323
        text run at (0,0) width 32: "Lore"
        text run at (0,17) width 13: "m"
        text run at (13,17) width 4: " "
        text run at (0,34) width 30: "ipsu"
        text run at (0,51) width 13: "m"
        text run at (13,51) width 4: " "
        text run at (0,68) width 36: "dolor"
        text run at (36,68) width 3: " "
        text run at (0,85) width 34: "ABC"
        text run at (0,102) width 33: "DEF"
        text run at (0,119) width 36: "GHIJ"
        text run at (0,136) width 33: "KLM"
        text run at (0,153) width 35: "NOP"
        text run at (0,170) width 35: "QRS"
        text run at (0,187) width 33: "TUV"
        text run at (0,204) width 37: "WXY"
        text run at (0,221) width 10: "Z"
        text run at (10,221) width 4: " "
        text run at (0,238) width 35: "abcd"
        text run at (0,255) width 39: "efghij"
        text run at (0,272) width 34: "klmn"
        text run at (0,289) width 32: "opqr"
        text run at (0,306) width 29: "stuv"
        text run at (29,306) width 4: " "
layer at (376,781) size 60x60 clip at (377,782) size 43x58 scrollHeight 327
  RenderTextControl {TEXTAREA} at (15,1) size 60x60 [bgcolor=#FFFFFF] [border: (1px solid #000000)]
    RenderBlock {DIV} at (3,3) size 39x323
      RenderText {#text} at (0,0) size 39x323
        text run at (0,0) width 32: "Lore"
        text run at (0,17) width 13: "m"
        text run at (13,17) width 4: " "
        text run at (0,34) width 30: "ipsu"
        text run at (0,51) width 13: "m"
        text run at (13,51) width 4: " "
        text run at (0,68) width 36: "dolor"
        text run at (36,68) width 3: " "
        text run at (0,85) width 34: "ABC"
        text run at (0,102) width 33: "DEF"
        text run at (0,119) width 36: "GHIJ"
        text run at (0,136) width 33: "KLM"
        text run at (0,153) width 35: "NOP"
        text run at (0,170) width 35: "QRS"
        text run at (0,187) width 33: "TUV"
        text run at (0,204) width 37: "WXY"
        text run at (0,221) width 10: "Z"
        text run at (10,221) width 4: " "
        text run at (0,238) width 35: "abcd"
        text run at (0,255) width 39: "efghij"
        text run at (0,272) width 34: "klmn"
        text run at (0,289) width 32: "opqr"
        text run at (0,306) width 29: "stuv"
        text run at (29,306) width 4: " "
layer at (376,860) size 60x60 clip at (377,861) size 43x58 scrollHeight 327
  RenderTextControl {TEXTAREA} at (15,1) size 60x60 [bgcolor=#FFFFFF] [border: (1px solid #000000)]
    RenderBlock {DIV} at (3,3) size 39x323
      RenderText {#text} at (0,0) size 39x323
        text run at (0,0) width 32: "Lore"
        text run at (0,17) width 13: "m"
        text run at (13,17) width 4: " "
        text run at (0,34) width 30: "ipsu"
        text run at (0,51) width 13: "m"
        text run at (13,51) width 4: " "
        text run at (0,68) width 36: "dolor"
        text run at (36,68) width 3: " "
        text run at (0,85) width 34: "ABC"
        text run at (0,102) width 33: "DEF"
        text run at (0,119) width 36: "GHIJ"
        text run at (0,136) width 33: "KLM"
        text run at (0,153) width 35: "NOP"
        text run at (0,170) width 35: "QRS"
        text run at (0,187) width 33: "TUV"
        text run at (0,204) width 37: "WXY"
        text run at (0,221) width 10: "Z"
        text run at (10,221) width 4: " "
        text run at (0,238) width 35: "abcd"
        text run at (0,255) width 39: "efghij"
        text run at (0,272) width 34: "klmn"
        text run at (0,289) width 32: "opqr"
        text run at (0,306) width 29: "stuv"
        text run at (29,306) width 4: " "
layer at (378,941) size 201x55 clip at (379,942) size 184x38 scrollWidth 245 scrollHeight 276
  RenderTextControl {TEXTAREA} at (17,3) size 201x55 [bgcolor=#FFFFFF] [border: (1px solid #000000)]
    RenderBlock {DIV} at (3,3) size 180x272
      RenderText {#text} at (0,0) size 243x255
        text run at (0,0) width 4: " "
        text run at (4,0) width 0: " "
        text run at (0,17) width 243: "This is a text area with wrap=\"soft\""
        text run at (243,17) width 0: " "
        text run at (0,34) width 243: "This is a text area with wrap=\"soft\""
        text run at (243,34) width 0: " "
        text run at (0,51) width 243: "This is a text area with wrap=\"soft\""
        text run at (243,51) width 0: " "
        text run at (0,68) width 243: "This is a text area with wrap=\"soft\""
        text run at (243,68) width 0: " "
        text run at (0,85) width 243: "This is a text area with wrap=\"soft\""
        text run at (243,85) width 0: " "
        text run at (0,102) width 243: "This is a text area with wrap=\"soft\""
        text run at (243,102) width 0: " "
        text run at (0,119) width 243: "This is a text area with wrap=\"soft\""
        text run at (243,119) width 0: " "
        text run at (0,136) width 243: "This is a text area with wrap=\"soft\""
        text run at (243,136) width 0: " "
        text run at (0,153) width 243: "This is a text area with wrap=\"soft\""
        text run at (243,153) width 0: " "
        text run at (0,170) width 243: "This is a text area with wrap=\"soft\""
        text run at (243,170) width 0: " "
        text run at (0,187) width 243: "This is a text area with wrap=\"soft\""
        text run at (243,187) width 0: " "
        text run at (0,204) width 243: "This is a text area with wrap=\"soft\""
        text run at (243,204) width 0: " "
        text run at (0,221) width 243: "This is a text area with wrap=\"soft\""
        text run at (243,221) width 0: " "
        text run at (0,238) width 243: "This is a text area with wrap=\"soft\""
        text run at (243,238) width 0: " "
      RenderBR {BR} at (0,255) size 0x17
layer at (378,1019) size 201x40 clip at (379,1020) size 184x38 scrollHeight 514
  RenderTextControl {TEXTAREA} at (17,3) size 201x40 [bgcolor=#FFFFFF] [border: (1px solid #000000)]
    RenderBlock {DIV} at (3,3) size 180x510
      RenderText {#text} at (0,0) size 162x493
        text run at (0,0) width 4: " "
        text run at (4,0) width 0: " "
        text run at (0,17) width 158: "This is a text area with"
        text run at (158,17) width 4: " "
        text run at (0,34) width 81: "wrap=\"soft\""
        text run at (81,34) width 0: " "
        text run at (0,51) width 158: "This is a text area with"
        text run at (158,51) width 4: " "
        text run at (0,68) width 81: "wrap=\"soft\""
        text run at (81,68) width 0: " "
        text run at (0,85) width 158: "This is a text area with"
        text run at (158,85) width 4: " "
        text run at (0,102) width 81: "wrap=\"soft\""
        text run at (81,102) width 0: " "
        text run at (0,119) width 158: "This is a text area with"
        text run at (158,119) width 4: " "
        text run at (0,136) width 81: "wrap=\"soft\""
        text run at (81,136) width 0: " "
        text run at (0,153) width 158: "This is a text area with"
        text run at (158,153) width 4: " "
        text run at (0,170) width 81: "wrap=\"soft\""
        text run at (81,170) width 0: " "
        text run at (0,187) width 158: "This is a text area with"
        text run at (158,187) width 4: " "
        text run at (0,204) width 81: "wrap=\"soft\""
        text run at (81,204) width 0: " "
        text run at (0,221) width 158: "This is a text area with"
        text run at (158,221) width 4: " "
        text run at (0,238) width 81: "wrap=\"soft\""
        text run at (81,238) width 0: " "
        text run at (0,255) width 158: "This is a text area with"
        text run at (158,255) width 4: " "
        text run at (0,272) width 81: "wrap=\"soft\""
        text run at (81,272) width 0: " "
        text run at (0,289) width 158: "This is a text area with"
        text run at (158,289) width 4: " "
        text run at (0,306) width 81: "wrap=\"soft\""
        text run at (81,306) width 0: " "
        text run at (0,323) width 158: "This is a text area with"
        text run at (158,323) width 4: " "
        text run at (0,340) width 81: "wrap=\"soft\""
        text run at (81,340) width 0: " "
        text run at (0,357) width 158: "This is a text area with"
        text run at (158,357) width 4: " "
        text run at (0,374) width 81: "wrap=\"soft\""
        text run at (81,374) width 0: " "
        text run at (0,391) width 158: "This is a text area with"
        text run at (158,391) width 4: " "
        text run at (0,408) width 81: "wrap=\"soft\""
        text run at (81,408) width 0: " "
        text run at (0,425) width 158: "This is a text area with"
        text run at (158,425) width 4: " "
        text run at (0,442) width 81: "wrap=\"soft\""
        text run at (81,442) width 0: " "
        text run at (0,459) width 158: "This is a text area with"
        text run at (158,459) width 4: " "
        text run at (0,476) width 81: "wrap=\"soft\""
        text run at (81,476) width 0: " "
      RenderBR {BR} at (0,493) size 0x17
layer at (378,1082) size 201x40 clip at (379,1083) size 184x38 scrollHeight 514
  RenderTextControl {TEXTAREA} at (17,3) size 201x40 [bgcolor=#FFFFFF] [border: (1px solid #000000)]
    RenderBlock {DIV} at (3,3) size 180x510
      RenderText {#text} at (0,0) size 162x493
        text run at (0,0) width 4: " "
        text run at (4,0) width 0: " "
        text run at (0,17) width 158: "This is a text area with"
        text run at (158,17) width 4: " "
        text run at (0,34) width 81: "wrap=\"soft\""
        text run at (81,34) width 0: " "
        text run at (0,51) width 158: "This is a text area with"
        text run at (158,51) width 4: " "
        text run at (0,68) width 81: "wrap=\"soft\""
        text run at (81,68) width 0: " "
        text run at (0,85) width 158: "This is a text area with"
        text run at (158,85) width 4: " "
        text run at (0,102) width 81: "wrap=\"soft\""
        text run at (81,102) width 0: " "
        text run at (0,119) width 158: "This is a text area with"
        text run at (158,119) width 4: " "
        text run at (0,136) width 81: "wrap=\"soft\""
        text run at (81,136) width 0: " "
        text run at (0,153) width 158: "This is a text area with"
        text run at (158,153) width 4: " "
        text run at (0,170) width 81: "wrap=\"soft\""
        text run at (81,170) width 0: " "
        text run at (0,187) width 158: "This is a text area with"
        text run at (158,187) width 4: " "
        text run at (0,204) width 81: "wrap=\"soft\""
        text run at (81,204) width 0: " "
        text run at (0,221) width 158: "This is a text area with"
        text run at (158,221) width 4: " "
        text run at (0,238) width 81: "wrap=\"soft\""
        text run at (81,238) width 0: " "
        text run at (0,255) width 158: "This is a text area with"
        text run at (158,255) width 4: " "
        text run at (0,272) width 81: "wrap=\"soft\""
        text run at (81,272) width 0: " "
        text run at (0,289) width 158: "This is a text area with"
        text run at (158,289) width 4: " "
        text run at (0,306) width 81: "wrap=\"soft\""
        text run at (81,306) width 0: " "
        text run at (0,323) width 158: "This is a text area with"
        text run at (158,323) width 4: " "
        text run at (0,340) width 81: "wrap=\"soft\""
        text run at (81,340) width 0: " "
        text run at (0,357) width 158: "This is a text area with"
        text run at (158,357) width 4: " "
        text run at (0,374) width 81: "wrap=\"soft\""
        text run at (81,374) width 0: " "
        text run at (0,391) width 158: "This is a text area with"
        text run at (158,391) width 4: " "
        text run at (0,408) width 81: "wrap=\"soft\""
        text run at (81,408) width 0: " "
        text run at (0,425) width 158: "This is a text area with"
        text run at (158,425) width 4: " "
        text run at (0,442) width 81: "wrap=\"soft\""
        text run at (81,442) width 0: " "
        text run at (0,459) width 158: "This is a text area with"
        text run at (158,459) width 4: " "
        text run at (0,476) width 81: "wrap=\"soft\""
        text run at (81,476) width 0: " "
      RenderBR {BR} at (0,493) size 0x17
