layer at (0,0) size 785x671
  RenderView at (0,0) size 785x600
layer at (0,0) size 785x671
  RenderBlock {HTML} at (0,0) size 785x671
    RenderBody {BODY} at (8,8) size 769x655
      RenderBlock {DIV} at (0,0) size 769x655 [border: (1px solid #FF0000)]
        RenderText {#text} at (1,9) size 164x17
          text run at (1,9) width 164: "Whitespace in option text:"
        RenderMenuList {SELECT} at (167,3) size 66x29 [color=#2E3436] [bgcolor=#FFFFFF] [border: (1px solid #2E3436)]
          RenderBlock (anonymous) at (1,1) size 64x27
            RenderText at (9,5) size 30x17
              text run at (9,5) width 30: "f o o"
        RenderText {#text} at (235,9) size 7x17
          text run at (235,9) width 7: "a"
        RenderMenuList {SELECT} at (244,3) size 66x29 [color=#2E3436] [bgcolor=#FFFFFF] [border: (1px solid #2E3436)]
          RenderBlock (anonymous) at (1,1) size 64x27
            RenderText at (9,5) size 30x17
              text run at (9,5) width 30: "f o o"
        RenderText {#text} at (312,9) size 8x17
          text run at (312,9) width 8: "b"
        RenderBR {BR} at (320,9) size 0x17
        RenderBR {BR} at (1,33) size 0x17
        RenderText {#text} at (1,58) size 135x17
          text run at (1,58) width 135: "Simple select control:"
        RenderMenuList {SELECT} at (138,52) size 59x29 [color=#2E3436] [bgcolor=#FFFFFF] [border: (1px solid #2E3436)]
          RenderBlock (anonymous) at (1,1) size 57x27
            RenderText at (9,5) size 22x17
              text run at (9,5) width 22: "foo"
        RenderText {#text} at (199,58) size 7x17
          text run at (199,58) width 7: "a"
        RenderMenuList {SELECT} at (208,52) size 59x29 [color=#8B8E8F] [bgcolor=#FFFFFF] [border: (1px solid #8B8E8F)]
          RenderBlock (anonymous) at (1,1) size 57x27
            RenderText at (9,5) size 22x17
              text run at (9,5) width 22: "foo"
        RenderText {#text} at (269,58) size 8x17
          text run at (269,58) width 8: "b"
        RenderBR {BR} at (277,58) size 0x17
        RenderBR {BR} at (1,82) size 0x17
        RenderText {#text} at (1,107) size 194x17
          text run at (1,107) width 194: "Line-height should be ignored:"
        RenderMenuList {SELECT} at (197,101) size 58x29 [color=#2E3436] [bgcolor=#FFFFFF] [border: (1px solid #2E3436)]
          RenderBlock (anonymous) at (1,1) size 56x27
            RenderText at (9,5) size 22x17
              text run at (9,5) width 22: "foo"
        RenderText {#text} at (257,107) size 7x17
          text run at (257,107) width 7: "a"
        RenderMenuList {SELECT} at (266,101) size 59x29 [color=#8B8E8F] [bgcolor=#FFFFFF] [border: (1px solid #8B8E8F)]
          RenderBlock (anonymous) at (1,1) size 57x27
            RenderText at (9,5) size 23x17
              text run at (9,5) width 23: "bar"
        RenderText {#text} at (327,107) size 8x17
          text run at (327,107) width 8: "b"
        RenderBR {BR} at (335,107) size 0x17
        RenderBR {BR} at (1,131) size 0x17
        RenderText {#text} at (1,160) size 434x17
          text run at (1,160) width 434: "Padding should be respected, the arrow button shouldn't change size:"
        RenderMenuList {SELECT} at (437,150) size 66x37 [color=#2E3436] [bgcolor=#FFFFFF] [border: (1px solid #2E3436)]
          RenderBlock (anonymous) at (5,5) size 56x27
            RenderText at (9,5) size 22x17
              text run at (9,5) width 22: "foo"
        RenderText {#text} at (505,160) size 7x17
          text run at (505,160) width 7: "a"
        RenderMenuList {SELECT} at (514,150) size 66x37 [color=#8B8E8F] [bgcolor=#FFFFFF] [border: (1px solid #8B8E8F)]
          RenderBlock (anonymous) at (5,5) size 56x27
            RenderText at (9,5) size 22x17
              text run at (9,5) width 22: "foo"
        RenderText {#text} at (582,160) size 8x17
          text run at (582,160) width 8: "b"
        RenderBR {BR} at (590,160) size 0x17
        RenderBR {BR} at (1,188) size 0x17
        RenderText {#text} at (1,220) size 176x17
          text run at (1,220) width 176: "Border should be respected:"
        RenderMenuList {SELECT} at (179,207) size 72x43 [color=#2E3436] [bgcolor=#FFFFFF] [border: (8px solid #33CCFF)]
          RenderBlock (anonymous) at (8,8) size 56x27
            RenderText at (9,5) size 22x17
              text run at (9,5) width 22: "foo"
        RenderText {#text} at (253,220) size 7x17
          text run at (253,220) width 7: "a"
        RenderMenuList {SELECT} at (262,207) size 72x43 [color=#8B8E8F] [bgcolor=#FFFFFF] [border: (8px solid #33CCFF)]
          RenderBlock (anonymous) at (8,8) size 56x27
            RenderText at (9,5) size 22x17
              text run at (9,5) width 22: "foo"
        RenderText {#text} at (336,220) size 8x17
          text run at (336,220) width 8: "b"
        RenderBR {BR} at (344,220) size 0x17
        RenderBR {BR} at (1,251) size 0x17
        RenderText {#text} at (1,284) size 116x17
          text run at (1,284) width 116: "Border + padding:"
        RenderMenuList {SELECT} at (119,270) size 74x45 [color=#2E3436] [bgcolor=#FFFFFF] [border: (4px solid #33CCFF)]
          RenderBlock (anonymous) at (9,9) size 56x27
            RenderText at (9,5) size 22x17
              text run at (9,5) width 22: "foo"
        RenderText {#text} at (195,284) size 7x17
          text run at (195,284) width 7: "a"
        RenderMenuList {SELECT} at (204,270) size 74x45 [color=#8B8E8F] [bgcolor=#FFFFFF] [border: (4px solid #33CCFF)]
          RenderBlock (anonymous) at (9,9) size 56x27
            RenderText at (9,5) size 22x17
              text run at (9,5) width 22: "foo"
        RenderText {#text} at (280,284) size 8x17
          text run at (280,284) width 8: "b"
        RenderBR {BR} at (288,284) size 0x17
        RenderBR {BR} at (1,316) size 0x17
        RenderText {#text} at (1,339) size 481x17
          text run at (1,339) width 481: "Height larger than font-size, button should grow, text baseline should center:"
        RenderMenuList {SELECT} at (484,333) size 58x30 [color=#2E3436] [bgcolor=#FFFFFF] [border: (1px solid #2E3436)]
          RenderBlock (anonymous) at (1,1) size 56x28
            RenderText at (9,5) size 22x17
              text run at (9,5) width 22: "foo"
        RenderText {#text} at (544,339) size 7x17
          text run at (544,339) width 7: "a"
        RenderMenuList {SELECT} at (553,333) size 58x30 [color=#8B8E8F] [bgcolor=#FFFFFF] [border: (1px solid #8B8E8F)]
          RenderBlock (anonymous) at (1,1) size 56x28
            RenderText at (9,5) size 22x17
              text run at (9,5) width 22: "foo"
        RenderText {#text} at (613,339) size 8x17
          text run at (613,339) width 8: "b"
        RenderBR {BR} at (621,339) size 0x17
        RenderBR {BR} at (1,362) size 0x17
        RenderText {#text} at (1,385) size 502x17
          text run at (1,385) width 502: "Heigh smaller than font-size, whole select shrinks and is baselined with the text:"
        RenderMenuList {SELECT} at (505,379) size 59x3 [color=#2E3436] [bgcolor=#FFFFFF] [border: (1px solid #2E3436)]
          RenderBlock (anonymous) at (1,1) size 57x27
            RenderText at (9,5) size 22x17
              text run at (9,5) width 22: "foo"
        RenderText {#text} at (566,385) size 7x17
          text run at (566,385) width 7: "a"
        RenderMenuList {SELECT} at (575,379) size 59x3 [color=#2E3436] [bgcolor=#FFFFFF] [border: (1px solid #2E3436)]
          RenderBlock (anonymous) at (1,1) size 57x27
            RenderText at (9,5) size 23x17
              text run at (9,5) width 23: "bar"
        RenderText {#text} at (636,385) size 8x17
          text run at (636,385) width 8: "b"
        RenderBR {BR} at (644,385) size 0x17
        RenderBR {BR} at (1,401) size 0x17
        RenderText {#text} at (1,417) size 168x17
          text run at (1,417) width 168: "select control with size=0: "
        RenderBR {BR} at (169,417) size 0x17
        RenderMenuList {SELECT} at (3,436) size 260x29 [color=#2E3436] [bgcolor=#FFFFFF] [border: (1px solid #2E3436)]
          RenderBlock (anonymous) at (1,1) size 258x27
            RenderText at (9,5) size 96x17
              text run at (9,5) width 96: "Future Series"
        RenderText {#text} at (265,442) size 4x17
          text run at (265,442) width 4: " "
        RenderBR {BR} at (0,0) size 0x0
        RenderText {#text} at (1,466) size 168x17
          text run at (1,466) width 168: "select control with size=1: "
        RenderBR {BR} at (169,466) size 0x17
        RenderMenuList {SELECT} at (3,485) size 260x29 [color=#2E3436] [bgcolor=#FFFFFF] [border: (1px solid #2E3436)]
          RenderBlock (anonymous) at (1,1) size 258x27
            RenderText at (9,5) size 96x17
              text run at (9,5) width 96: "Future Series"
        RenderText {#text} at (265,491) size 4x17
          text run at (265,491) width 4: " "
        RenderBR {BR} at (0,0) size 0x0
        RenderText {#text} at (1,515) size 165x17
          text run at (1,515) width 165: "Non-styled select control: "
        RenderBR {BR} at (166,515) size 0x17
        RenderMenuList {SELECT} at (3,534) size 280x49 [color=#2E3436] [bgcolor=#FFFFFF] [border: (1px solid #2E3436)]
          RenderBlock (anonymous) at (11,11) size 258x27
            RenderText at (9,5) size 96x17
              text run at (9,5) width 96: "Future Series"
        RenderText {#text} at (285,550) size 4x17
          text run at (285,550) width 4: " "
        RenderBR {BR} at (0,0) size 0x0
        RenderText {#text} at (1,584) size 290x17
          text run at (1,584) width 290: "Styled select control with large border-radius: "
        RenderBR {BR} at (291,584) size 0x17
        RenderMenuList {SELECT} at (3,603) size 280x49 [color=#2E3436] [bgcolor=#33CCFF] [border: (1px solid #2E3436)]
          RenderBlock (anonymous) at (11,11) size 258x27
            RenderText at (9,5) size 96x17
              text run at (9,5) width 96: "Future Series"
        RenderText {#text} at (285,619) size 4x17
          text run at (285,619) width 4: " "
        RenderBR {BR} at (0,0) size 0x0
