layer at (0,0) size 800x600
  RenderView at (0,0) size 800x600
layer at (0,0) size 800x600
  RenderBlock {HTML} at (0,0) size 800x600
    RenderBody {BODY} at (8,8) size 784x584
      RenderMenuList {SELECT} at (2,2) size 80x29 [color=#8B8E8F] [bgcolor=#FFFFFF] [border: (1px solid #8B8E8F)]
        RenderBlock (anonymous) at (1,1) size 78x27
          RenderText at (9,5) size 44x17
            text run at (9,5) width 44: "PASS"
      RenderBR {BR} at (84,22) size 0x0
      RenderMenuList {SELECT} at (2,35) size 80x29 [color=#8B8E8F] [bgcolor=#FFFFFF] [border: (1px solid #8B8E8F)]
        RenderBlock (anonymous) at (1,1) size 78x27
          RenderText at (9,5) size 44x17
            text run at (9,5) width 44: "PASS"
      RenderBR {BR} at (84,55) size 0x0
      RenderMenuList {SELECT} at (2,68) size 80x29 [color=#2E3436] [bgcolor=#FFFFFF] [border: (1px solid #2E3436)]
        RenderBlock (anonymous) at (1,1) size 78x27
          RenderText at (9,5) size 44x17
            text run at (9,5) width 44: "PASS"
      RenderBR {BR} at (84,88) size 0x0
      RenderMenuList {SELECT} at (2,101) size 80x29 [color=#2E3436] [bgcolor=#FFFFFF] [border: (1px solid #2E3436)]
        RenderBlock (anonymous) at (1,1) size 78x27
          RenderText at (9,5) size 44x17
            text run at (9,5) width 44: "PASS"
      RenderBR {BR} at (84,121) size 0x0
      RenderListBox {SELECT} at (2,134) size 65x73 [color=#808080] [bgcolor=#FFFFFF] [border: (1px inset #808080)]
      RenderBR {BR} at (69,202) size 0x0
      RenderListBox {SELECT} at (2,211) size 65x73 [color=#808080] [bgcolor=#FFFFFF] [border: (1px inset #808080)]
      RenderBR {BR} at (69,279) size 0x0
      RenderListBox {SELECT} at (2,288) size 65x73 [bgcolor=#FFFFFF] [border: (1px inset #808080)]
      RenderBR {BR} at (69,356) size 0x0
      RenderListBox {SELECT} at (2,365) size 65x73 [bgcolor=#FFFFFF] [border: (1px inset #808080)]
      RenderBR {BR} at (69,433) size 0x0
      RenderText {#text} at (0,440) size 486x17
        text run at (0,440) width 486: "PASS: sel1 correctly set to selectedIndex 1 by sel1.options[1].selected = true."
      RenderBR {BR} at (486,454) size 0x0
      RenderText {#text} at (0,457) size 438x17
        text run at (0,457) width 438: "PASS: sel2 correctly set to selectedIndex 1 by sel2.selectedIndex = 1."
      RenderBR {BR} at (438,471) size 0x0
      RenderText {#text} at (0,474) size 486x17
        text run at (0,474) width 486: "PASS: sel3 correctly set to selectedIndex 1 by sel3.options[1].selected = true."
      RenderBR {BR} at (486,488) size 0x0
      RenderText {#text} at (0,491) size 438x17
        text run at (0,491) width 438: "PASS: sel4 correctly set to selectedIndex 1 by sel4.selectedIndex = 1."
      RenderBR {BR} at (438,505) size 0x0
      RenderText {#text} at (0,508) size 486x17
        text run at (0,508) width 486: "PASS: sel5 correctly set to selectedIndex 1 by sel5.options[1].selected = true."
      RenderBR {BR} at (486,522) size 0x0
      RenderText {#text} at (0,525) size 438x17
        text run at (0,525) width 438: "PASS: sel6 correctly set to selectedIndex 1 by sel6.selectedIndex = 1."
      RenderBR {BR} at (438,539) size 0x0
      RenderText {#text} at (0,542) size 486x17
        text run at (0,542) width 486: "PASS: sel7 correctly set to selectedIndex 1 by sel7.options[1].selected = true."
      RenderBR {BR} at (486,556) size 0x0
      RenderText {#text} at (0,559) size 438x17
        text run at (0,559) width 438: "PASS: sel8 correctly set to selectedIndex 1 by sel8.selectedIndex = 1."
      RenderBR {BR} at (438,573) size 0x0
