layer at (0,0) size 800x600
  RenderView at (0,0) size 800x600
layer at (0,0) size 800x600
  RenderBlock {HTML} at (0,0) size 800x600
    RenderBody {BODY} at (8,8) size 784x584
      RenderText {#text} at (0,0) size 455x17
        text run at (0,0) width 455: "This tests that the border of a readonly text field should appear dimmed. "
      RenderBR {BR} at (455,14) size 0x0
      RenderTextControl {INPUT} at (2,19) size 191x23 [bgcolor=#FFFFFF] [border: (2px inset #000000)]
      RenderText {#text} at (0,0) size 0x0
layer at (13,30) size 185x17 scrollWidth 216
  RenderBlock {DIV} at (3,3) size 185x17
    RenderText {#text} at (0,0) size 216x17
      text run at (0,0) width 216: "This border should be dimmed"
