layer at (0,0) size 800x600
  RenderView at (0,0) size 800x600
layer at (0,0) size 800x545
  RenderBlock {HTML} at (0,0) size 800x545
    RenderBody {BODY} at (8,16) size 784x521
      RenderBlock {P} at (0,0) size 784x17
        RenderText {#text} at (0,0) size 414x17
          text run at (0,0) width 325: "The top table was resized while the field\x{2019}s contents "
          text run at (325,0) width 89: "were selected."
      RenderTable {TABLE} at (0,33) size 239x244
        RenderTableSection {TBODY} at (0,0) size 239x244
          RenderTableRow {TR} at (0,2) size 239x240
            RenderTableCell {TD} at (2,88) size 235x68 [bgcolor=#90EE90] [r=0 c=0 rs=1 cs=1]
              RenderTextControl {INPUT} at (22,22) size 191x23 [bgcolor=#FFFFFF] [border: (2px inset #000000)]
              RenderText {#text} at (0,0) size 0x0
      RenderTable {TABLE} at (0,277) size 239x244
        RenderTableSection {TBODY} at (0,0) size 239x244
          RenderTableRow {TR} at (0,2) size 239x240
            RenderTableCell {TD} at (2,88) size 235x68 [bgcolor=#90EE90] [r=0 c=0 rs=1 cs=1]
              RenderTextControl {INPUT} at (22,22) size 191x23 [bgcolor=#FFFFFF] [border: (2px inset #000000)]
              RenderText {#text} at (0,0) size 0x0
layer at (35,163) size 185x17
  RenderBlock {DIV} at (3,3) size 185x17
    RenderText {#text} at (0,0) size 49x17
      text run at (0,0) width 49: "foo bar"
layer at (35,407) size 185x17
  RenderBlock {DIV} at (3,3) size 185x17
    RenderText {#text} at (0,0) size 49x17
      text run at (0,0) width 49: "foo bar"
selection start: position 0 of child 0 {#text} of child 0 {DIV} of {#document-fragment} of child 1 {INPUT} of child 1 {TD} of child 0 {TR} of child 1 {TBODY} of child 3 {TABLE} of body
selection end:   position 7 of child 0 {#text} of child 0 {DIV} of {#document-fragment} of child 1 {INPUT} of child 1 {TD} of child 0 {TR} of child 1 {TBODY} of child 3 {TABLE} of body
