layer at (0,0) size 800x600
  RenderView at (0,0) size 800x600
layer at (0,0) size 800x600
  RenderBlock {HTML} at (0,0) size 800x600
    RenderBody {BODY} at (8,8) size 784x584
      RenderText {#text} at (0,0) size 344x17
        text run at (0,0) width 344: "This tests that the new text fields use the correct width."
      RenderBR {BR} at (344,14) size 0x0
      RenderTextControl {INPUT} at (2,19) size 191x23 [bgcolor=#FFFFFF] [border: (2px inset #000000)]
      RenderBR {BR} at (195,36) size 0x0
      RenderTextControl {INPUT} at (0,46) size 200x23 [bgcolor=#FFFFFF] [border: (2px inset #000000)]
      RenderBR {BR} at (200,63) size 0x0
      RenderTextControl {INPUT} at (2,73) size 461x23 [bgcolor=#FFFFFF] [border: (2px inset #000000)]
      RenderBR {BR} at (465,90) size 0x0
      RenderTextControl {INPUT} at (0,100) size 200x23 [bgcolor=#FFFFFF] [border: (2px inset #000000)]
      RenderBR {BR} at (200,117) size 0x0
      RenderTextControl {INPUT} at (2,127) size 101x23 [bgcolor=#FFFFFF] [border: (2px inset #000000)]
      RenderBR {BR} at (105,144) size 0x0
layer at (13,30) size 185x17
  RenderBlock {DIV} at (3,3) size 185x17
layer at (11,57) size 194x17
  RenderBlock {DIV} at (3,3) size 194x17
    RenderText {#text} at (0,0) size 132x17
      text run at (0,0) width 132: "styled width 200px"
layer at (13,84) size 455x17
  RenderBlock {DIV} at (3,3) size 455x17
    RenderText {#text} at (0,0) size 51x17
      text run at (0,0) width 51: "size 50"
layer at (11,111) size 194x17 scrollWidth 208
  RenderBlock {DIV} at (3,3) size 194x17
    RenderText {#text} at (0,0) size 207x17
      text run at (0,0) width 207: "styled width 200px & size=10"
layer at (13,138) size 95x17
  RenderBlock {DIV} at (3,3) size 95x17
    RenderText {#text} at (0,0) size 51x17
      text run at (0,0) width 51: "size 10"
