layer at (0,0) size 800x600
  RenderView at (0,0) size 800x600
layer at (0,0) size 800x600
  RenderBlock {HTML} at (0,0) size 800x600
    RenderBody {BODY} at (8,8) size 784x576
      RenderBlock (anonymous) at (0,0) size 784x17
        RenderText {#text} at (0,0) size 762x17
          text run at (0,0) width 762: "This tests the height attribute of form elements. The only element that should honour this value is the Image type of input."
      RenderBlock {FORM} at (0,17) size 784x326
        RenderText {#text} at (0,5) size 36x17
          text run at (0,5) width 36: "input "
        RenderTextControl {INPUT} at (38,2) size 191x23 [bgcolor=#FFFFFF] [border: (2px inset #000000)]
        RenderText {#text} at (231,5) size 4x17
          text run at (231,5) width 4: " "
        RenderBR {BR} at (235,19) size 0x0
        RenderText {#text} at (0,32) size 27x17
          text run at (0,32) width 27: "text "
        RenderTextControl {INPUT} at (29,29) size 191x23 [bgcolor=#FFFFFF] [border: (2px inset #000000)]
        RenderText {#text} at (222,32) size 4x17
          text run at (222,32) width 4: " "
        RenderBR {BR} at (226,46) size 0x0
        RenderText {#text} at (0,57) size 65x17
          text run at (0,57) width 65: "checkbox "
        RenderBlock {INPUT} at (67,57) size 24x16
        RenderText {#text} at (93,57) size 4x17
          text run at (93,57) width 4: " "
        RenderBR {BR} at (97,71) size 0x0
        RenderText {#text} at (0,82) size 24x17
          text run at (0,82) width 24: "file "
        RenderFileUploadControl {INPUT} at (26,78) size 306x26 "no file selected"
          RenderButton {INPUT} at (0,0) size 103x26 [color=#2E3436] [bgcolor=#C0C0C0] [border: (2px outset #C0C0C0)]
            RenderBlock (anonymous) at (8,4) size 87x17
              RenderText at (0,0) size 87x17
                text run at (0,0) width 87: "Choose File"
        RenderText {#text} at (334,82) size 4x17
          text run at (334,82) width 4: " "
        RenderBR {BR} at (338,96) size 0x0
        RenderText {#text} at (0,106) size 42x17
          text run at (0,106) width 42: "image "
        RenderImage {INPUT} at (42,119) size 10x1
        RenderText {#text} at (52,106) size 4x17
          text run at (52,106) width 4: " "
        RenderBR {BR} at (56,120) size 0x0
        RenderText {#text} at (0,126) size 36x17
          text run at (0,126) width 36: "radio "
        RenderBlock {INPUT} at (38,126) size 24x16
        RenderText {#text} at (64,126) size 4x17
          text run at (64,126) width 4: " "
        RenderBR {BR} at (68,140) size 0x0
        RenderText {#text} at (0,167) size 39x17
          text run at (0,167) width 39: "range "
        RenderSlider {INPUT} at (41,147) size 129x34 [color=#909090] [bgcolor=#FFFFFF]
          RenderFlexibleBox {DIV} at (0,0) size 129x34
            RenderBlock {DIV} at (0,0) size 129x34
              RenderBlock {DIV} at (47,0) size 35x34
        RenderText {#text} at (172,167) size 4x17
          text run at (172,167) width 4: " "
        RenderBR {BR} at (176,181) size 0x0
        RenderText {#text} at (0,190) size 33x17
          text run at (0,190) width 33: "reset "
        RenderButton {INPUT} at (35,186) size 58x26 [color=#2E3436] [bgcolor=#C0C0C0] [border: (2px outset #C0C0C0)]
          RenderBlock (anonymous) at (8,4) size 42x17
            RenderText at (0,0) size 42x17
              text run at (0,0) width 42: "Reset"
        RenderText {#text} at (95,190) size 4x17
          text run at (95,190) width 4: " "
        RenderBR {BR} at (99,204) size 0x0
        RenderText {#text} at (0,220) size 46x17
          text run at (0,220) width 46: "submit "
        RenderButton {INPUT} at (48,216) size 66x26 [color=#2E3436] [bgcolor=#C0C0C0] [border: (2px outset #C0C0C0)]
          RenderBlock (anonymous) at (8,4) size 50x17
            RenderText at (0,0) size 50x17
              text run at (0,0) width 50: "Submit"
        RenderText {#text} at (116,220) size 4x17
          text run at (116,220) width 4: " "
        RenderBR {BR} at (120,234) size 0x0
        RenderText {#text} at (0,249) size 49x17
          text run at (0,249) width 49: "isindex "
        RenderTextControl {INPUT} at (51,246) size 191x23 [bgcolor=#FFFFFF] [border: (2px inset #000000)]
        RenderText {#text} at (244,249) size 4x17
          text run at (244,249) width 4: " "
        RenderBR {BR} at (248,263) size 0x0
        RenderText {#text} at (0,276) size 64x17
          text run at (0,276) width 64: "password "
        RenderTextControl {INPUT} at (66,273) size 191x23 [bgcolor=#FFFFFF] [border: (2px inset #000000)]
          RenderFlexibleBox {DIV} at (3,3) size 185x17
            RenderBlock {DIV} at (0,0) size 185x17
        RenderText {#text} at (259,276) size 4x17
          text run at (259,276) width 4: " "
        RenderBR {BR} at (263,290) size 0x0
        RenderText {#text} at (0,303) size 44x17
          text run at (0,303) width 44: "search "
        RenderTextControl {INPUT} at (46,300) size 222x24 [bgcolor=#FFFFFF] [border: (2px inset #000000)]
          RenderFlexibleBox {DIV} at (3,3) size 216x18
            RenderBlock {DIV} at (0,9) size 0x0
            RenderBlock {DIV} at (0,0) size 185x18
            RenderBlock {DIV} at (185,0) size 31x18
        RenderText {#text} at (0,0) size 0x0
layer at (49,30) size 185x17
  RenderBlock {DIV} at (3,3) size 185x17
layer at (40,57) size 185x17
  RenderBlock {DIV} at (3,3) size 185x17
layer at (62,274) size 185x17
  RenderBlock {DIV} at (3,3) size 185x17
layer at (77,301) size 185x17
  RenderBlock {DIV} at (0,0) size 185x17
layer at (57,329) size 185x17
  RenderBlock {DIV} at (0,0) size 185x17
