layer at (0,0) size 800x600
  RenderView at (0,0) size 800x600
layer at (0,0) size 800x600
  RenderBlock {HTML} at (0,0) size 800x600
    RenderBody {BODY} at (8,8) size 784x584
      RenderMenuList {SELECT} at (0,0) size 262x23 [color=#2E3436] [bgcolor=#FFFFFF] [border: (1px solid #2E3436)]
        RenderBlock (anonymous) at (1,1) size 260x21
          RenderText at (9,5) size 226x11
            text run at (9,5) width 226: "No overflow should be allowed on popup menus!"
      RenderText {#text} at (0,0) size 0x0
