layer at (0,0) size 800x600
  RenderView at (0,0) size 800x600
layer at (0,0) size 800x600
  RenderBlock {HTML} at (0,0) size 800x600
    RenderBody {BODY} at (8,8) size 784x584
      RenderBlock {P} at (0,0) size 784x17
        RenderText {#text} at (0,0) size 403x17
          text run at (0,0) width 403: "All of these selects should have the same amount of whitespace."
      RenderBlock (anonymous) at (0,33) size 784x321
        RenderText {#text} at (0,56) size 71x17
          text run at (0,56) width 71: "Five Tabs: "
        RenderListBox {SELECT} at (73,2) size 92x73 [bgcolor=#FFFFFF] [border: (1px inset #808080)]
        RenderBR {BR} at (167,70) size 0x0
        RenderBR {BR} at (0,77) size 0x17
        RenderText {#text} at (0,150) size 84x17
          text run at (0,150) width 84: "Five Spaces: "
        RenderListBox {SELECT} at (86,96) size 92x73 [bgcolor=#FFFFFF] [border: (1px inset #808080)]
        RenderBR {BR} at (180,164) size 0x0
        RenderBR {BR} at (0,171) size 0x17
        RenderText {#text} at (0,196) size 298x17
          text run at (0,196) width 298: "Five Spaces (with leading/trailing whitespace): "
        RenderMenuList {SELECT} at (300,190) size 125x29 [color=#2E3436] [bgcolor=#FFFFFF] [border: (1px solid #2E3436)]
          RenderBlock (anonymous) at (1,1) size 123x27
            RenderText at (9,5) size 89x17
              text run at (9,5) width 89: "Five Spaces"
        RenderBR {BR} at (427,210) size 0x0
        RenderBR {BR} at (0,221) size 0x17
        RenderText {#text} at (0,246) size 285x17
          text run at (0,246) width 285: "Five Tabs (with leading/trailing whitespace): "
        RenderMenuList {SELECT} at (287,240) size 107x29 [color=#2E3436] [bgcolor=#FFFFFF] [border: (1px solid #2E3436)]
          RenderBlock (anonymous) at (1,1) size 105x27
            RenderText at (9,5) size 71x17
              text run at (9,5) width 71: "Five Tabs"
        RenderBR {BR} at (396,260) size 0x0
        RenderBR {BR} at (0,271) size 0x17
        RenderText {#text} at (0,296) size 126x17
          text run at (0,296) width 126: "Mixed Whitespace: "
        RenderMenuList {SELECT} at (128,290) size 107x29 [color=#2E3436] [bgcolor=#FFFFFF] [border: (1px solid #2E3436)]
          RenderBlock (anonymous) at (1,1) size 105x27
            RenderText at (9,5) size 71x17
              text run at (9,5) width 71: "Five Tabs"
        RenderText {#text} at (0,0) size 0x0
