layer at (0,0) size 800x600
  RenderView at (0,0) size 800x600
layer at (0,0) size 800x600
  RenderBlock {HTML} at (0,0) size 800x600
    RenderBody {BODY} at (8,8) size 784x584
      RenderTextControl {INPUT} at (2,2) size 222x24 [bgcolor=#FFFFFF] [border: (2px inset #000000)]
        RenderFlexibleBox {DIV} at (3,3) size 216x18
          RenderBlock {DIV} at (0,9) size 0x0
          RenderBlock {DIV} at (0,0) size 185x18
          RenderBlock {DIV} at (185,0) size 31x18
      RenderBR {BR} at (226,19) size 0x0
      RenderTextControl {INPUT} at (2,30) size 191x23 [bgcolor=#FFFFFF] [border: (2px inset #000000)]
      RenderBR {BR} at (195,47) size 0x0
      RenderTextControl {INPUT} at (2,57) size 222x24 [bgcolor=#FFFFFF] [border: (2px inset #000000)]
        RenderFlexibleBox {DIV} at (3,3) size 216x18
          RenderBlock {DIV} at (216,9) size 0x0
          RenderBlock {DIV} at (31,0) size 185x18
          RenderBlock {DIV} at (0,0) size 31x18
      RenderBR {BR} at (226,74) size 0x0
      RenderTextControl {INPUT} at (2,85) size 253x24 [bgcolor=#FFFFFF] [border: (2px inset #000000)]
        RenderFlexibleBox {DIV} at (3,3) size 247x18
          RenderBlock {DIV} at (0,0) size 31x18
          RenderBlock {DIV} at (31,0) size 185x18
          RenderBlock {DIV} at (216,0) size 31x18
      RenderBR {BR} at (257,102) size 0x0
      RenderBR {BR} at (205,155) size 0x0
      RenderTextControl {INPUT} at (2,157) size 191x37 [bgcolor=#FFFFFF] [border: (2px inset #000000)]
      RenderBR {BR} at (195,174) size 0x0
      RenderBR {BR} at (205,253) size 0x0
      RenderTextControl {INPUT} at (5,258) size 178x29 [bgcolor=#FFFFFF] [border: (5px solid #000000)]
      RenderBR {BR} at (188,278) size 0x0
      RenderTextControl {INPUT} at (2,294) size 191x31 [bgcolor=#FFFFFF] [border: (2px inset #000000)]
      RenderText {#text} at (195,301) size 4x17
        text run at (195,301) width 4: " "
      RenderTextControl {INPUT} at (201,294) size 191x31 [bgcolor=#FFFFFF] [border: (2px inset #000000)]
      RenderText {#text} at (394,301) size 4x17
        text run at (394,301) width 4: " "
      RenderBR {BR} at (398,315) size 0x0
      RenderTextControl {INPUT} at (2,329) size 191x23 [bgcolor=#FFFFFF] [border: (2px inset #000000)]
      RenderText {#text} at (195,332) size 4x17
        text run at (195,332) width 4: " "
      RenderTextControl {INPUT} at (201,329) size 191x23 [bgcolor=#FFFFFF] [border: (2px inset #000000)]
      RenderText {#text} at (394,332) size 4x17
        text run at (394,332) width 4: " "
      RenderTextControl {INPUT} at (400,329) size 191x23 [bgcolor=#FFFFFF] [border: (2px inset #000000)]
      RenderText {#text} at (593,332) size 4x17
        text run at (593,332) width 4: " "
      RenderBR {BR} at (597,346) size 0x0
      RenderBR {BR} at (195,387) size 0x0
layer at (13,14) size 185x17
  RenderBlock {DIV} at (3,3) size 185x18 [color=#A9A9A9]
    RenderText {#text} at (0,0) size 84x17
      text run at (0,0) width 84: "placeholder"
layer at (13,14) size 185x17
  RenderBlock {DIV} at (0,0) size 185x17
layer at (13,41) size 185x17
  RenderBlock {DIV} at (3,3) size 185x17 [color=#A9A9A9]
    RenderText {#text} at (0,0) size 84x17
      text run at (0,0) width 84: "placeholder"
layer at (13,41) size 185x17
  RenderBlock {DIV} at (3,3) size 185x17
layer at (44,69) size 185x17
  RenderBlock {DIV} at (34,3) size 185x18 [color=#A9A9A9]
    RenderText {#text} at (101,0) size 84x17
      text run at (101,0) width 84: "placeholder"
layer at (44,69) size 185x17
  RenderBlock {DIV} at (0,0) size 185x17
layer at (44,97) size 185x17
  RenderBlock {DIV} at (34,3) size 185x18 [color=#A9A9A9]
    RenderText {#text} at (0,0) size 84x17
      text run at (0,0) width 84: "placeholder"
layer at (44,97) size 185x17
  RenderBlock {DIV} at (0,0) size 185x17
layer at (10,121) size 201x40 clip at (11,122) size 199x38
  RenderTextControl {TEXTAREA} at (2,113) size 201x40 [bgcolor=#FFFFFF] [border: (1px solid #000000)]
    RenderBlock {DIV} at (3,3) size 195x17
    RenderBlock {DIV} at (3,3) size 195x17 [color=#A9A9A9]
      RenderText {#text} at (0,0) size 84x17
        text run at (0,0) width 84: "placeholder"
layer at (13,168) size 185x17
  RenderBlock {DIV} at (3,3) size 185x17 [color=#A9A9A9]
    RenderText {#text} at (0,0) size 84x17
      text run at (0,0) width 84: "placeholder"
layer at (13,168) size 185x17
  RenderBlock {DIV} at (3,3) size 185x17
layer at (10,206) size 201x53 clip at (11,207) size 199x51
  RenderTextControl {TEXTAREA} at (2,198) size 201x53 [bgcolor=#FFFFFF] [border: (1px solid #000000)]
    RenderBlock {DIV} at (3,16) size 195x17
    RenderBlock {DIV} at (3,16) size 195x17 [color=#A9A9A9]
      RenderText {#text} at (0,0) size 84x17
        text run at (0,0) width 84: "placeholder"
layer at (19,272) size 166x17
  RenderBlock {DIV} at (6,6) size 166x17 [color=#A9A9A9]
    RenderText {#text} at (0,0) size 75x17
      text run at (0,0) width 75: "placeholder"
layer at (19,272) size 166x17
  RenderBlock {DIV} at (6,6) size 166x17
layer at (13,305) size 185x25
  RenderBlock {DIV} at (3,3) size 185x25
    RenderText {#text} at (0,4) size 42x17
      text run at (0,4) width 42: "Value"
layer at (212,305) size 185x25
  RenderBlock {DIV} at (3,3) size 185x25 [color=#A9A9A9]
    RenderText {#text} at (0,4) size 84x17
      text run at (0,4) width 84: "placeholder"
layer at (212,305) size 185x25
  RenderBlock {DIV} at (3,3) size 185x25
layer at (13,340) size 185x17
  RenderBlock {DIV} at (3,3) size 185x17
    RenderText {#text} at (71,0) size 43x17
      text run at (71,0) width 43: "Value"
layer at (212,340) size 185x17
  RenderBlock {DIV} at (3,3) size 185x17 [color=#A9A9A9]
    RenderText {#text} at (50,0) size 85x17
      text run at (50,0) width 85: "placeholder"
layer at (212,340) size 185x17
  RenderBlock {DIV} at (3,3) size 185x17
layer at (411,340) size 185x17
  RenderBlock {DIV} at (3,3) size 185x17 [color=#A9A9A9]
    RenderText {#text} at (50,0) size 85x17
      text run at (50,0) width 85: "placeholder"
layer at (411,340) size 185x17
  RenderBlock {DIV} at (3,3) size 185x17
layer at (10,364) size 191x37
  RenderTextControl {INPUT} at (2,356) size 191x37 [bgcolor=#FFFFFF] [border: (2px inset #000000)]
layer at (13,381) size 185x17
  RenderBlock {DIV} at (3,17) size 185x17 [color=#A9A9A9]
    RenderText {#text} at (0,0) size 84x17
      text run at (0,0) width 84: "placeholder"
layer at (13,381) size 185x17
  RenderBlock {DIV} at (3,17) size 185x17
