layer at (0,0) size 800x600
  RenderView at (0,0) size 800x600
layer at (0,0) size 800x600
  RenderBlock {HTML} at (0,0) size 800x600
    RenderBody {BODY} at (8,8) size 784x584
      RenderText {#text} at (0,0) size 328x17
        text run at (0,0) width 328: "This tests that you can set the placeholder text color."
      RenderBR {BR} at (328,14) size 0x0
      RenderTextControl {INPUT} at (2,19) size 191x23 [bgcolor=#FFFFFF] [border: (2px inset #000000)]
      RenderText {#text} at (195,22) size 4x17
        text run at (195,22) width 4: " "
      RenderTextControl {INPUT} at (201,19) size 222x24 [bgcolor=#FFFFFF] [border: (2px inset #000000)]
        RenderFlexibleBox {DIV} at (3,3) size 216x18
          RenderBlock {DIV} at (0,9) size 0x0
          RenderBlock {DIV} at (0,0) size 185x18
          RenderBlock {DIV} at (185,0) size 31x18
      RenderText {#text} at (425,22) size 4x17
        text run at (425,22) width 4: " "
      RenderTextControl {INPUT} at (431,19) size 191x23 [bgcolor=#FFFFFF] [border: (2px inset #000000)]
        RenderFlexibleBox {DIV} at (3,3) size 185x17
          RenderBlock {DIV} at (0,0) size 185x17
      RenderText {#text} at (624,22) size 4x17
        text run at (624,22) width 4: " "
      RenderTextControl {INPUT} at (2,47) size 191x23 [bgcolor=#FFFFFF] [border: (2px inset #000000)]
      RenderText {#text} at (195,50) size 4x17
        text run at (195,50) width 4: " "
      RenderTextControl {INPUT} at (201,47) size 191x23 [bgcolor=#FFFFFF] [border: (2px inset #000000)]
      RenderText {#text} at (394,50) size 4x17
        text run at (394,50) width 4: " "
      RenderTextControl {INPUT} at (400,47) size 191x23 [bgcolor=#FFFFFF] [border: (2px inset #000000)]
      RenderText {#text} at (0,0) size 0x0
layer at (13,30) size 185x17
  RenderBlock {DIV} at (3,3) size 185x17 [color=#640000]
    RenderText {#text} at (0,0) size 25x17
      text run at (0,0) width 25: "text"
layer at (13,30) size 185x17
  RenderBlock {DIV} at (3,3) size 185x17
layer at (212,31) size 185x17
  RenderBlock {DIV} at (3,3) size 185x18 [color=#640000]
    RenderText {#text} at (0,0) size 48x17
      text run at (0,0) width 48: "search"
layer at (212,31) size 185x17
  RenderBlock {DIV} at (0,0) size 185x17
layer at (442,30) size 185x17
  RenderBlock {DIV} at (3,3) size 185x17 [color=#640000]
    RenderText {#text} at (0,0) size 69x17
      text run at (0,0) width 69: "password"
layer at (442,30) size 185x17
  RenderBlock {DIV} at (0,0) size 185x17
layer at (13,58) size 185x17
  RenderBlock {DIV} at (3,3) size 185x17 [color=#640000]
    RenderText {#text} at (0,0) size 90x17
      text run at (0,0) width 90: "disabled text"
layer at (13,58) size 185x17
  RenderBlock {DIV} at (3,3) size 185x17 [color=#545454]
layer at (212,58) size 185x17
  RenderBlock {DIV} at (3,3) size 185x17 [color=#A9A9A9]
    RenderText {#text} at (0,0) size 48x17
      text run at (0,0) width 48: "default"
layer at (212,58) size 185x17
  RenderBlock {DIV} at (3,3) size 185x17
layer at (411,58) size 185x17
  RenderBlock {DIV} at (3,3) size 185x17 [color=#A9A9A9]
    RenderText {#text} at (0,0) size 113x17
      text run at (0,0) width 113: "default disabled"
layer at (411,58) size 185x17
  RenderBlock {DIV} at (3,3) size 185x17
