layer at (0,0) size 800x600
  RenderView at (0,0) size 800x600
layer at (0,0) size 800x49
  RenderBlock {HTML} at (0,0) size 800x49
    RenderBody {BODY} at (8,8) size 784x33
      RenderMenuList {SELECT} at (2,2) size 36x29 [color=#2E3436] [bgcolor=#FFFFFF] [border: (1px solid #2E3436)]
        RenderBlock (anonymous) at (1,1) size 34x27
          RenderText at (9,5) size 0x17
            text run at (9,5) width 0: " "
      RenderText {#text} at (0,0) size 0x0
