layer at (0,0) size 800x600
  RenderView at (0,0) size 800x600
layer at (0,0) size 800x600
  RenderBlock {HTML} at (0,0) size 800x600
    RenderBody {BODY} at (8,8) size 784x584
      RenderBlock {P} at (0,0) size 784x17
        RenderText {#text} at (0,0) size 575x17
          text run at (0,0) width 575: "The following select elements should all be rendered on the left, with their text left justified."
      RenderBlock (anonymous) at (0,33) size 784x165
        RenderMenuList {SELECT} at (0,2) size 300x29 [color=#2E3436] [bgcolor=#FFFFFF] [border: (1px solid #2E3436)]
          RenderBlock (anonymous) at (1,1) size 298x27
            RenderText at (9,5) size 209x17
              text run at (9,5) width 209: "This is should be left justified."
        RenderText {#text} at (300,8) size 4x17
          text run at (300,8) width 4: " "
        RenderBR {BR} at (0,0) size 0x0
        RenderMenuList {SELECT} at (0,35) size 300x29 [color=#2E3436] [bgcolor=#FFFFFF] [border: (1px solid #2E3436)]
          RenderBlock (anonymous) at (1,1) size 298x27
            RenderText at (9,5) size 209x17
              text run at (9,5) width 209: "This is should be left justified."
        RenderText {#text} at (300,41) size 4x17
          text run at (300,41) width 4: " "
        RenderBR {BR} at (0,0) size 0x0
        RenderMenuList {SELECT} at (0,68) size 300x29 [color=#2E3436] [bgcolor=#FFFFFF] [border: (1px solid #2E3436)]
          RenderBlock (anonymous) at (1,1) size 298x27
            RenderText at (9,5) size 209x17
              text run at (9,5) width 209: "This is should be left justified."
        RenderText {#text} at (300,74) size 4x17
          text run at (300,74) width 4: " "
        RenderBR {BR} at (0,0) size 0x0
        RenderMenuList {SELECT} at (0,101) size 300x29 [color=#2E3436] [bgcolor=#FFFFFF] [border: (1px solid #2E3436)]
          RenderBlock (anonymous) at (1,1) size 298x27
            RenderText at (9,5) size 209x17
              text run at (9,5) width 209: "This is should be left justified."
        RenderText {#text} at (300,107) size 4x17
          text run at (300,107) width 4: " "
        RenderBR {BR} at (0,0) size 0x0
        RenderMenuList {SELECT} at (0,134) size 300x29 [color=#2E3436] [bgcolor=#FFFFFF] [border: (1px solid #2E3436)]
          RenderBlock (anonymous) at (1,1) size 298x27
            RenderText at (9,5) size 209x17
              text run at (9,5) width 209: "This is should be left justified."
        RenderText {#text} at (0,0) size 0x0
        RenderText {#text} at (0,0) size 0x0
      RenderBlock {DIV} at (0,198) size 784x33
        RenderMenuList {SELECT} at (0,2) size 300x29 [color=#2E3436] [bgcolor=#FFFFFF] [border: (1px solid #2E3436)]
          RenderBlock (anonymous) at (1,1) size 298x27
            RenderText at (9,5) size 209x17
              text run at (9,5) width 209: "This is should be left justified."
