layer at (0,0) size 800x600
  RenderView at (0,0) size 800x600
layer at (0,0) size 800x600
  RenderBlock {HTML} at (0,0) size 800x600
    RenderBody {BODY} at (8,8) size 784x584
      RenderText {#text} at (0,0) size 93x17
        text run at (0,0) width 93: "initial selected:"
      RenderBR {BR} at (93,14) size 0x0
      RenderListBox {SELECT} at (2,19) size 184x73 [bgcolor=#FFFFFF] [border: (1px inset #808080)]
      RenderText {#text} at (188,73) size 4x17
        text run at (188,73) width 4: " "
      RenderBR {BR} at (192,87) size 0x0
      RenderText {#text} at (0,94) size 161x17
        text run at (0,94) width 161: "dynamic selected change:"
      RenderBR {BR} at (161,108) size 0x0
      RenderListBox {SELECT} at (2,113) size 184x73 [bgcolor=#FFFFFF] [border: (1px inset #808080)]
      RenderText {#text} at (188,167) size 4x17
        text run at (188,167) width 4: " "
      RenderText {#text} at (0,0) size 0x0
      RenderBR {BR} at (0,0) size 0x0
      RenderText {#text} at (0,188) size 211x17
        text run at (0,188) width 211: "dynamic insert of selected option:"
      RenderBR {BR} at (211,202) size 0x0
      RenderListBox {SELECT} at (2,207) size 184x73 [bgcolor=#FFFFFF] [border: (1px inset #808080)]
      RenderText {#text} at (188,261) size 4x17
        text run at (188,261) width 4: " "
      RenderBR {BR} at (192,275) size 0x0
      RenderText {#text} at (0,282) size 93x17
        text run at (0,282) width 93: "initial selected:"
      RenderBR {BR} at (93,296) size 0x0
      RenderMenuList {SELECT} at (2,301) size 199x29 [color=#2E3436] [bgcolor=#FFFFFF] [border: (1px solid #2E3436)]
        RenderBlock (anonymous) at (1,1) size 197x27
          RenderText at (9,5) size 163x17
            text run at (9,5) width 163: "this should be selected"
      RenderText {#text} at (203,307) size 4x17
        text run at (203,307) width 4: " "
      RenderBR {BR} at (207,321) size 0x0
      RenderText {#text} at (0,332) size 161x17
        text run at (0,332) width 161: "dynamic selected change:"
      RenderBR {BR} at (161,346) size 0x0
      RenderMenuList {SELECT} at (2,351) size 199x29 [color=#2E3436] [bgcolor=#FFFFFF] [border: (1px solid #2E3436)]
        RenderBlock (anonymous) at (1,1) size 197x27
          RenderText at (9,5) size 163x17
            text run at (9,5) width 163: "this should be selected"
      RenderText {#text} at (203,357) size 4x17
        text run at (203,357) width 4: " "
      RenderText {#text} at (0,0) size 0x0
      RenderBR {BR} at (0,0) size 0x0
      RenderText {#text} at (0,382) size 211x17
        text run at (0,382) width 211: "dynamic insert of selected option:"
      RenderBR {BR} at (211,396) size 0x0
      RenderMenuList {SELECT} at (2,401) size 199x29 [color=#2E3436] [bgcolor=#FFFFFF] [border: (1px solid #2E3436)]
        RenderBlock (anonymous) at (1,1) size 197x27
          RenderText at (9,5) size 163x17
            text run at (9,5) width 163: "this should be selected"
      RenderText {#text} at (0,0) size 0x0
