layer at (0,0) size 800x600
  RenderView at (0,0) size 800x600
layer at (0,0) size 800x100
  RenderBlock {HTML} at (0,0) size 800x100
    RenderBody {BODY} at (8,8) size 784x76
      RenderTable {TABLE} at (0,0) size 75x43 [border: (1px outset #808080)]
        RenderTableSection {TBODY} at (1,1) size 73x41
          RenderTableRow {TR} at (0,2) size 73x37
            RenderTableCell {TD} at (2,2) size 69x37 [border: (1px inset #808080)] [r=0 c=0 rs=1 cs=1]
              RenderMenuList {SELECT} at (4,4) size 61x29 [color=#2E3436] [bgcolor=#FFFFFF] [border: (1px solid #2E3436)]
                RenderBlock (anonymous) at (1,1) size 59x27
                  RenderText at (9,5) size 25x17
                    text run at (9,5) width 25: "test"
      RenderBlock {P} at (0,59) size 784x17
        RenderText {#text} at (0,0) size 447x17
          text run at (0,0) width 447: "The select element in the table above must not spill outside of the table."
