layer at (0,0) size 800x600
  RenderView at (0,0) size 800x600
layer at (0,0) size 800x600
  RenderBlock {HTML} at (0,0) size 800x600
    RenderBody {BODY} at (8,8) size 784x584
      RenderBlock {P} at (0,0) size 784x34
        RenderText {#text} at (0,0) size 67x17
          text run at (0,0) width 67: "Test for "
        RenderInline {I} at (0,0) size 758x34
          RenderInline {A} at (0,0) size 372x17 [color=#0000EE]
            RenderText {#text} at (67,0) size 372x17
              text run at (67,0) width 372: "http://bugs.webkit.org/show_bug.cgi?id=13775"
          RenderText {#text} at (439,0) size 758x34
            text run at (439,0) width 5: " "
            text run at (444,0) width 314: "REGRESSION: Popup button text should"
            text run at (0,17) width 525: "use \"natural\" directionality to match the items in the popup menu"
        RenderText {#text} at (525,17) size 5x17
          text run at (525,17) width 5: "."
      RenderBlock {DIV} at (0,50) size 784x66
        RenderBlock {DIV} at (0,0) size 784x33
          RenderMenuList {SELECT} at (0,2) size 70x29 [color=#2E3436] [bgcolor=#FFFFFF] [border: (1px solid #2E3436)]
            RenderBlock (anonymous) at (1,1) size 68x27
              RenderText at (9,5) size 21x17
                text run at (9,5) width 10 RTL: "\x{5D0}"
                text run at (19,5) width 11: "A"
          RenderText {#text} at (70,8) size 5x17
            text run at (70,8) width 5: " "
          RenderMenuList {SELECT} at (75,2) size 70x29 [color=#2E3436] [bgcolor=#FFFFFF] [border: (1px solid #2E3436)]
            RenderBlock (anonymous) at (1,1) size 68x27
              RenderText at (9,5) size 21x17
                text run at (9,5) width 11: "A"
                text run at (20,5) width 10 RTL: "\x{5D0}"
          RenderText {#text} at (145,8) size 5x17
            text run at (145,8) width 5: " "
          RenderMenuList {SELECT} at (150,2) size 70x29 [color=#2E3436] [bgcolor=#FFFFFF] [border: (1px solid #2E3436)]
            RenderBlock (anonymous) at (1,1) size 68x27
              RenderText at (9,5) size 26x17
                text run at (9,5) width 5: "("
                text run at (14,5) width 10 RTL: "\x{5D0}"
                text run at (24,5) width 11: "A"
          RenderText {#text} at (220,8) size 5x17
            text run at (220,8) width 5: " "
          RenderMenuList {SELECT} at (225,2) size 70x29 [color=#2E3436] [bgcolor=#FFFFFF] [border: (1px solid #2E3436)]
            RenderBlock (anonymous) at (1,1) size 68x27
              RenderText at (9,5) size 26x17
                text run at (9,5) width 16: "(A"
                text run at (25,5) width 10 RTL: "\x{5D0}"
          RenderText {#text} at (0,0) size 0x0
        RenderBlock {DIV} at (0,33) size 784x33
          RenderMenuList {SELECT} at (489,2) size 70x29 [color=#2E3436] [bgcolor=#FFFFFF] [border: (1px solid #2E3436)]
            RenderBlock (anonymous) at (1,1) size 68x27
              RenderText at (9,5) size 21x17
                text run at (9,5) width 10 RTL: "\x{5D0}"
                text run at (19,5) width 11: "A"
          RenderText {#text} at (559,8) size 5x17
            text run at (559,8) width 5: " "
          RenderMenuList {SELECT} at (564,2) size 70x29 [color=#2E3436] [bgcolor=#FFFFFF] [border: (1px solid #2E3436)]
            RenderBlock (anonymous) at (1,1) size 68x27
              RenderText at (9,5) size 21x17
                text run at (9,5) width 11: "A"
                text run at (20,5) width 10 RTL: "\x{5D0}"
          RenderText {#text} at (634,8) size 5x17
            text run at (634,8) width 5: " "
          RenderMenuList {SELECT} at (639,2) size 70x29 [color=#2E3436] [bgcolor=#FFFFFF] [border: (1px solid #2E3436)]
            RenderBlock (anonymous) at (1,1) size 68x27
              RenderText at (9,5) size 26x17
                text run at (9,5) width 5: "("
                text run at (14,5) width 10 RTL: "\x{5D0}"
                text run at (24,5) width 11: "A"
          RenderText {#text} at (709,8) size 5x17
            text run at (709,8) width 5: " "
          RenderMenuList {SELECT} at (714,2) size 70x29 [color=#2E3436] [bgcolor=#FFFFFF] [border: (1px solid #2E3436)]
            RenderBlock (anonymous) at (1,1) size 68x27
              RenderText at (9,5) size 26x17
                text run at (9,5) width 16: "(A"
                text run at (25,5) width 10 RTL: "\x{5D0}"
          RenderText {#text} at (0,0) size 0x0
      RenderBlock {DIV} at (0,116) size 784x66
        RenderBlock {DIV} at (0,0) size 784x33
          RenderMenuList {SELECT} at (225,2) size 70x29 [color=#2E3436] [bgcolor=#FFFFFF] [border: (1px solid #2E3436)]
            RenderBlock (anonymous) at (1,1) size 68x27
              RenderText at (38,5) size 21x17
                text run at (38,5) width 11: "A"
                text run at (49,5) width 10 RTL: "\x{5D0}"
          RenderText {#text} at (220,8) size 5x17
            text run at (220,8) width 5 RTL: " "
          RenderMenuList {SELECT} at (150,2) size 70x29 [color=#2E3436] [bgcolor=#FFFFFF] [border: (1px solid #2E3436)]
            RenderBlock (anonymous) at (1,1) size 68x27
              RenderText at (38,5) size 21x17
                text run at (38,5) width 10 RTL: "\x{5D0}"
                text run at (48,5) width 11: "A"
          RenderText {#text} at (145,8) size 5x17
            text run at (145,8) width 5 RTL: " "
          RenderMenuList {SELECT} at (75,2) size 70x29 [color=#2E3436] [bgcolor=#FFFFFF] [border: (1px solid #2E3436)]
            RenderBlock (anonymous) at (1,1) size 68x27
              RenderText at (33,5) size 26x17
                text run at (33,5) width 11: "A"
                text run at (44,5) width 15 RTL: "(\x{5D0}"
          RenderText {#text} at (70,8) size 5x17
            text run at (70,8) width 5 RTL: " "
          RenderMenuList {SELECT} at (0,2) size 70x29 [color=#2E3436] [bgcolor=#FFFFFF] [border: (1px solid #2E3436)]
            RenderBlock (anonymous) at (1,1) size 68x27
              RenderText at (33,5) size 26x17
                text run at (33,5) width 10 RTL: "\x{5D0}"
                text run at (43,5) width 11: "A"
                text run at (54,5) width 5 RTL: "("
          RenderText {#text} at (0,0) size 0x0
        RenderBlock {DIV} at (0,33) size 784x33
          RenderMenuList {SELECT} at (714,2) size 70x29 [color=#2E3436] [bgcolor=#FFFFFF] [border: (1px solid #2E3436)]
            RenderBlock (anonymous) at (1,1) size 68x27
              RenderText at (38,5) size 21x17
                text run at (38,5) width 11: "A"
                text run at (49,5) width 10 RTL: "\x{5D0}"
          RenderText {#text} at (709,8) size 5x17
            text run at (709,8) width 5 RTL: " "
          RenderMenuList {SELECT} at (639,2) size 70x29 [color=#2E3436] [bgcolor=#FFFFFF] [border: (1px solid #2E3436)]
            RenderBlock (anonymous) at (1,1) size 68x27
              RenderText at (38,5) size 21x17
                text run at (38,5) width 10 RTL: "\x{5D0}"
                text run at (48,5) width 11: "A"
          RenderText {#text} at (634,8) size 5x17
            text run at (634,8) width 5 RTL: " "
          RenderMenuList {SELECT} at (564,2) size 70x29 [color=#2E3436] [bgcolor=#FFFFFF] [border: (1px solid #2E3436)]
            RenderBlock (anonymous) at (1,1) size 68x27
              RenderText at (33,5) size 26x17
                text run at (33,5) width 11: "A"
                text run at (44,5) width 15 RTL: "(\x{5D0}"
          RenderText {#text} at (559,8) size 5x17
            text run at (559,8) width 5 RTL: " "
          RenderMenuList {SELECT} at (489,2) size 70x29 [color=#2E3436] [bgcolor=#FFFFFF] [border: (1px solid #2E3436)]
            RenderBlock (anonymous) at (1,1) size 68x27
              RenderText at (33,5) size 26x17
                text run at (33,5) width 10 RTL: "\x{5D0}"
                text run at (43,5) width 11: "A"
                text run at (54,5) width 5 RTL: "("
          RenderText {#text} at (0,0) size 0x0
