layer at (0,0) size 800x600
  RenderView at (0,0) size 800x600
layer at (0,0) size 800x600
  RenderBlock {HTML} at (0,0) size 800x600
    RenderBody {BODY} at (8,8) size 784x584
      RenderText {#text} at (200,186) size 4x17
        text run at (200,186) width 4: " "
      RenderText {#text} at (204,186) size 52x17
        text run at (204,186) width 52: "183 412"
layer at (8,8) size 200x200 clip at (9,9) size 183x198 scrollHeight 412
  RenderTextControl {TEXTAREA} at (0,0) size 200x200 [bgcolor=#FFFFFF] [border: (1px solid #000000)]
    RenderBlock {DIV} at (3,3) size 179x408
      RenderText {#text} at (0,0) size 107x391
        text run at (0,0) width 107: "Lots of content."
        text run at (0,17) width 107: "Lots of content."
        text run at (0,34) width 107: "Lots of content."
        text run at (0,51) width 107: "Lots of content."
        text run at (0,68) width 0: " "
        text run at (0,85) width 107: "Lots of content."
        text run at (0,102) width 107: "Lots of content."
        text run at (0,119) width 0: " "
        text run at (0,136) width 107: "Lots of content."
        text run at (0,153) width 107: "Lots of content."
        text run at (0,170) width 0: " "
        text run at (0,187) width 107: "Lots of content."
        text run at (0,204) width 107: "Lots of content."
        text run at (0,221) width 0: " "
        text run at (0,238) width 107: "Lots of content."
        text run at (0,255) width 107: "Lots of content."
        text run at (0,272) width 0: " "
        text run at (0,289) width 107: "Lots of content."
        text run at (0,306) width 107: "Lots of content."
        text run at (0,323) width 0: " "
        text run at (0,340) width 107: "Lots of content."
        text run at (0,357) width 107: "Lots of content."
        text run at (0,374) width 0: " "
      RenderBR {BR} at (0,391) size 0x17
