layer at (0,0) size 800x600
  RenderView at (0,0) size 800x600
layer at (0,0) size 800x600
  RenderBlock {HTML} at (0,0) size 800x600
    RenderBody {BODY} at (8,8) size 784x584
      RenderText {#text} at (0,0) size 442x17
        text run at (0,0) width 442: "This tests that a scrollbar will appear when text overflows the textarea "
      RenderBR {BR} at (442,14) size 0x0
      RenderText {#text} at (0,0) size 0x0
layer at (10,27) size 201x108 clip at (11,28) size 184x106 scrollHeight 157
  RenderTextControl {TEXTAREA} at (2,19) size 201x108 [bgcolor=#FFFFFF] [border: (1px solid #000000)]
    RenderBlock {DIV} at (3,3) size 180x153
      RenderText {#text} at (0,0) size 9x68
        text run at (0,0) width 9: "1"
        text run at (9,0) width 0: " "
        text run at (0,17) width 9: "2"
        text run at (9,17) width 0: " "
        text run at (0,34) width 9: "3"
        text run at (9,34) width 0: " "
        text run at (0,51) width 9: "4"
        text run at (9,51) width 0: " "
      RenderText {#text} at (0,68) size 9x17
        text run at (0,68) width 9: "5"
      RenderText {#text} at (9,68) size 0x17
        text run at (9,68) width 0: " "
      RenderText {#text} at (0,85) size 9x17
        text run at (0,85) width 9: "6"
      RenderText {#text} at (9,85) size 0x17
        text run at (9,85) width 0: " "
      RenderText {#text} at (0,102) size 9x17
        text run at (0,102) width 9: "7"
      RenderText {#text} at (9,102) size 0x17
        text run at (9,102) width 0: " "
      RenderText {#text} at (0,119) size 9x17
        text run at (0,119) width 9: "8"
      RenderText {#text} at (9,119) size 0x17
        text run at (9,119) width 0: " "
      RenderText {#text} at (0,136) size 0x17
        text run at (0,136) width 0: " "
caret: position 0 of child 9 {#text} of child 0 {DIV} of {#document-fragment} of child 3 {TEXTAREA} of body
