layer at (0,0) size 785x1206
  RenderView at (0,0) size 785x600
layer at (0,0) size 785x1206
  RenderBlock {HTML} at (0,0) size 785x1207
    RenderBody {BODY} at (8,8) size 769x1183
      RenderBlock (anonymous) at (0,0) size 769x17
        RenderText {#text} at (0,0) size 269x17
          text run at (0,0) width 269: "line-height settings not reflected in textarea"
        RenderBR {BR} at (269,0) size 0x17
      RenderBlock {P} at (0,33) size 769x260
        RenderText {#text} at (0,0) size 87x17
          text run at (0,0) width 87: "TEXTAREA"
        RenderBR {BR} at (87,0) size 0x17
        RenderText {#text} at (406,209) size 4x17
          text run at (406,209) width 4: " "
        RenderBR {BR} at (0,0) size 0x0
        RenderBR {BR} at (0,226) size 0x17
        RenderText {#text} at (0,243) size 152x17
          text run at (0,243) width 152: "PARAGRAPH - works"
      RenderBlock {P} at (0,309) size 402x202 [border: (1px dotted #C0C0C0)]
        RenderText {#text} at (1,20) size 347x68
          text run at (1,20) width 347: "Demo text here that wraps a bit and should demonstrate the"
          text run at (1,73) width 134: "goodness of line-height"
      RenderBlock (anonymous) at (0,524) size 769x35
        RenderBR {BR} at (0,0) size 0x17
        RenderText {#text} at (0,17) size 81x17
          text run at (0,17) width 81: "DIV - works"
        RenderBR {BR} at (81,17) size 0x17
      RenderBlock {DIV} at (0,558) size 402x203 [border: (1px dotted #C0C0C0)]
        RenderText {#text} at (1,20) size 347x68
          text run at (1,20) width 347: "Demo text here that wraps a bit and should demonstrate the"
          text run at (1,73) width 134: "goodness of line-height"
      RenderBlock (anonymous) at (0,760) size 769x423
        RenderBR {BR} at (0,0) size 0x17
        RenderBR {BR} at (0,17) size 0x17
        RenderText {#text} at (0,34) size 124x17
          text run at (0,34) width 124: "Un-Styled Textarea"
        RenderBR {BR} at (124,34) size 0x17
        RenderText {#text} at (205,81) size 4x17
          text run at (205,81) width 4: " "
        RenderBR {BR} at (0,0) size 0x0
        RenderBR {BR} at (0,98) size 0x17
        RenderText {#text} at (0,115) size 215x17
          text run at (0,115) width 215: "Totally Blank Un-Styled Textarea"
        RenderBR {BR} at (215,115) size 0x17
        RenderText {#text} at (205,162) size 4x17
          text run at (205,162) width 4: " "
        RenderBR {BR} at (0,0) size 0x0
        RenderBR {BR} at (0,179) size 0x17
        RenderText {#text} at (0,196) size 213x17
          text run at (0,196) width 213: "Totally Blank STYLED Textarea"
        RenderBR {BR} at (213,196) size 0x17
        RenderText {#text} at (0,0) size 0x0
      RenderBlock {P} at (0,1198) size 769x0
layer at (8,58) size 406x206 clip at (9,59) size 404x204
  RenderTextControl {TEXTAREA} at (0,17) size 406x206 [bgcolor=#FFFFFF] [border: (1px dotted #C0C0C0)]
    RenderBlock {DIV} at (3,3) size 400x106
      RenderText {#text} at (0,19) size 351x68
        text run at (0,19) width 347: "Demo text here that wraps a bit and should demonstrate the"
        text run at (347,19) width 4: " "
        text run at (0,72) width 134: "goodness of line-height"
layer at (10,821) size 201x40 clip at (11,822) size 184x38 scrollHeight 72
  RenderTextControl {TEXTAREA} at (2,53) size 201x40 [bgcolor=#FFFFFF] [border: (1px solid #000000)]
    RenderBlock {DIV} at (3,3) size 180x68
      RenderText {#text} at (0,0) size 166x68
        text run at (0,0) width 138: "Demo text here that"
        text run at (138,0) width 4: " "
        text run at (0,17) width 160: "wraps a bit and should"
        text run at (160,17) width 4: " "
        text run at (0,34) width 114: "demonstrate the"
        text run at (114,34) width 4: " "
        text run at (0,51) width 166: "goodness of line-height"
layer at (10,902) size 201x40 clip at (11,903) size 199x38
  RenderTextControl {TEXTAREA} at (2,134) size 201x40 [bgcolor=#FFFFFF] [border: (1px solid #000000)]
    RenderBlock {DIV} at (3,3) size 195x17
layer at (8,981) size 406x206 clip at (9,982) size 404x204
  RenderTextControl {TEXTAREA} at (0,213) size 406x206 [bgcolor=#FFFFFF] [border: (1px dotted #C0C0C0)]
    RenderBlock {DIV} at (3,3) size 400x53
