layer at (0,0) size 800x600
  RenderView at (0,0) size 800x600
layer at (0,0) size 800x600
  RenderBlock {HTML} at (0,0) size 800x600
    RenderBody {BODY} at (8,8) size 784x584
      RenderBlock {P} at (0,0) size 784x17
        RenderText {#text} at (0,0) size 382x17
          text run at (0,0) width 382: "Focus field with a placeholder, then type, then delete all text."
      RenderBlock {DIV} at (0,33) size 784x44
        RenderText {#text} at (0,0) size 0x0
        RenderText {#text} at (0,0) size 0x0
layer at (10,43) size 201x40 clip at (11,44) size 199x38
  RenderTextControl {TEXTAREA} at (2,2) size 201x40 [bgcolor=#FFFFFF] [border: (1px solid #000000)]
    RenderBlock {DIV} at (3,3) size 195x17
      RenderBR {BR} at (0,0) size 0x17
    RenderBlock {DIV} at (3,3) size 195x17 [color=#A9A9A9]
      RenderText {#text} at (0,0) size 86x17
        text run at (0,0) width 86: "Placeholder"
caret: position 0 of child 0 {BR} of child 0 {DIV} of {#document-fragment} of child 1 {TEXTAREA} of child 3 {DIV} of body
