layer at (0,0) size 800x600
  RenderView at (0,0) size 800x600
layer at (382,0) size 418x600
  RenderBlock {HTML} at (0,0) size 418x600
    RenderBody {BODY} at (8,8) size 402x584
      RenderBlock {DIV} at (0,0) size 217x584 [border: (10px dotted #0000FF)]
        RenderTable {TABLE} at (10,10) size 197x322 [border: (5px solid #FF0000)]
          RenderTableSection {TBODY} at (5,5) size 167x312
            RenderTableRow {TR} at (0,0) size 39x312
              RenderTableCell {TD} at (0,0) size 39x312 [border: (5px solid #008000)] [r=0 c=0 rs=1 cs=1]
                RenderText {#text} at (6,6) size 17x35
                  text run at (6,6) width 35: "Hello"
            RenderTableRow {TR} at (0,39) size 59x312
              RenderTableCell {TD} at (39,0) size 59x312 [border: (15px solid #0000FF)] [r=1 c=0 rs=1 cs=1]
                RenderText {#text} at (16,16) size 17x59
                  text run at (16,16) width 59: "Goodbye"
            RenderTableRow {TR} at (0,98) size 69x312
              RenderTableCell {TD} at (98,0) size 69x312 [border: (25px solid #FF0000)] [r=2 c=0 rs=1 cs=1]
                RenderText {#text} at (26,26) size 17x59
                  text run at (26,26) width 59: "Goodbye"
      RenderBlock {DIV} at (377,0) size 25x584 [border: (1px solid #008000)]
        RenderTable {TABLE} at (1,1) size 23x33 [border: (1px none #808080)]
          RenderTableSection {TBODY} at (1,1) size 21x31
            RenderTableRow {TR} at (0,0) size 21x31
              RenderTableCell {TD} at (0,0) size 21x31 [border: (1px solid #000000)] [r=0 c=0 rs=1 cs=1]
                RenderText {#text} at (2,2) size 17x27
                  text run at (2,2) width 27: "Test"
