layer at (0,0) size 800x600
  RenderView at (0,0) size 800x600
layer at (0,0) size 800x600
  RenderBlock {HTML} at (0,0) size 800x600
    RenderBody {BODY} at (8,8) size 784x584
      RenderBlock {DIV} at (0,0) size 784x80
        RenderText {#text} at (0,0) size 782x39
          text run at (0,0) width 782: "PASS - \"listStyleImage\" property for \"box\" element at 2.5s saw something close to: -webkit-cross-fade(url(blue-100.png),"
          text run at (0,20) width 164: "url(green-100.png), 50%)"
        RenderBR {BR} at (163,35) size 1x0
        RenderText {#text} at (0,40) size 687x19
          text run at (0,40) width 687: "PASS - \"listStyleImage\" property for \"box\" and \"boxStatic\" elements at 2.5s are close enough to each other"
        RenderBR {BR} at (686,55) size 1x0
        RenderText {#text} at (0,60) size 753x19
          text run at (0,60) width 753: "PASS - \"listStyleImage\" property for \"boxShorthand\" and \"boxStatic\" elements at 2.5s are close enough to each other"
        RenderBR {BR} at (752,75) size 1x0
layer at (100,116) size 140x100
  RenderBlock (positioned) {UL} at (100,116) size 140x100
    RenderListItem {LI} at (40,0) size 100x105
      RenderListMarker at (-107,0) size 100x100
      RenderText {#text} at (0,85) size 24x19
        text run at (0,85) width 24: "one"
    RenderListItem {LI} at (40,105) size 100x105
      RenderListMarker at (-107,0) size 100x100
      RenderText {#text} at (0,85) size 24x19
        text run at (0,85) width 24: "two"
layer at (100,366) size 140x100
  RenderBlock (positioned) {UL} at (100,366) size 140x100
    RenderListItem {LI} at (40,0) size 100x105
      RenderListMarker at (-107,0) size 100x100
      RenderText {#text} at (0,85) size 24x19
        text run at (0,85) width 24: "one"
    RenderListItem {LI} at (40,105) size 100x105
      RenderListMarker at (-107,0) size 100x100
      RenderText {#text} at (0,85) size 24x19
        text run at (0,85) width 24: "two"
layer at (400,116) size 140x100
  RenderBlock (positioned) {UL} at (400,116) size 140x100
    RenderListItem {LI} at (40,0) size 100x105
      RenderListMarker at (-107,0) size 100x100
      RenderText {#text} at (0,85) size 24x19
        text run at (0,85) width 24: "one"
    RenderListItem {LI} at (40,105) size 100x105
      RenderListMarker at (-107,0) size 100x100
      RenderText {#text} at (0,85) size 24x19
        text run at (0,85) width 24: "two"
