layer at (0,0) size 800x600
  RenderView at (0,0) size 800x600
layer at (0,0) size 800x162
  RenderBlock {HTML} at (0,0) size 800x162
    RenderBody {BODY} at (8,8) size 784x146
      RenderBlock (anonymous) at (0,0) size 784x34
        RenderText {#text} at (0,0) size 783x34
          text run at (0,0) width 783: "This test makes sure that rendering Arabic with Georgia (which doesn't support Arabic) has a sensible result (e.g. not .notdef"
          text run at (0,17) width 42: "boxes)"
      RenderBlock {DIV} at (0,34) size 784x56
        RenderText {#text} at (0,0) size 260x56
          text run at (0,0) width 260 RTL: "\x{62F}\x{64A}\x{645}\x{648}\x{63A}\x{631}\x{627}\x{641}\x{64A}\x{627}\x{62A}"
      RenderBlock {DIV} at (0,90) size 784x56
        RenderText {#text} at (0,0) size 260x56
          text run at (0,0) width 260 RTL: "\x{62F}\x{64A}\x{645}\x{648}\x{63A}\x{631}\x{627}\x{641}\x{64A}\x{627}\x{62A}"
