layer at (0,0) size 800x600
  RenderView at (0,0) size 800x600
layer at (0,0) size 800x600
  RenderBlock {HTML} at (0,0) size 800x600
    RenderBody {BODY} at (8,8) size 784x584
      RenderBlock {DIV} at (0,0) size 226x327 [border: (3px solid #000000)]
        RenderText {#text} at (3,3) size 220x321
          text run at (3,3) width 220: "decli" + hyphen string "\x{2010}"
          text run at (3,110) width 123: "na" + hyphen string "\x{2010}"
          text run at (3,217) width 150: "tion"
