layer at (0,0) size 800x600
  RenderView at (0,0) size 800x600
layer at (0,0) size 800x600
  RenderBlock {HTML} at (0,0) size 800x600
    RenderBody {BODY} at (8,8) size 784x584
      RenderBlock (floating) {DIV} at (4,0) size 344x264
        RenderBlock {P} at (0,16) size 344x18
          RenderInline {TT} at (0,0) size 120x15
            RenderText {#text} at (0,3) size 120x15
              text run at (0,3) width 120: "hyphens: manual"
          RenderText {#text} at (120,0) size 136x17
            text run at (120,0) width 136: " without soft hyphens"
        RenderBlock {DIV} at (0,50) size 344x214 [border: (3px solid #000000)]
          RenderBlock (floating) {DIV} at (262,7) size 75x90 [bgcolor=#F0F8FF]
          RenderText {#text} at (7,7) size 330x200
            text run at (7,7) width 245: "The chief difficulty Alice found"
            text run at (7,27) width 245: "at first was in managing her"
            text run at (7,47) width 245: "flamingo: she succeeded in"
            text run at (7,67) width 245: "getting its body tucked away,"
            text run at (7,87) width 245: "comfortably enough, under her"
            text run at (7,107) width 307: "arm, with its legs hanging down, "
            text run at (314,107) width 23: "but"
            text run at (7,127) width 330: "generally, just as she had got its neck nicely"
            text run at (7,147) width 96: "straightened "
            text run at (102,147) width 235: "out, and was going to give the"
            text run at (7,167) width 285: "hedgehog a blow with its head, it "
            text run at (292,167) width 45: "would"
            text run at (7,187) width 314: "twist itself round and look up in her face\x{2026}"
      RenderBlock (floating) {DIV} at (356,0) size 344x264
        RenderBlock {P} at (0,16) size 344x18
          RenderInline {TT} at (0,0) size 104x15
            RenderText {#text} at (0,3) size 104x15
              text run at (0,3) width 104: "hyphens: none"
          RenderText {#text} at (104,0) size 116x17
            text run at (104,0) width 116: " with soft hyphens"
        RenderBlock {DIV} at (0,50) size 344x214 [border: (3px solid #000000)]
          RenderBlock (floating) {DIV} at (262,7) size 75x90 [bgcolor=#F0F8FF]
          RenderText {#text} at (7,7) size 330x200
            text run at (7,7) width 245: "The chief difficulty Alice found"
            text run at (7,27) width 245: "at first was in managing her"
            text run at (7,47) width 245: "flamingo: she succeeded in"
            text run at (7,67) width 245: "get\x{AD}ting its body tucked away,"
            text run at (7,87) width 245: "com\x{AD}fortably enough, under her"
            text run at (7,107) width 307: "arm, with its legs hanging down, "
            text run at (314,107) width 23: "but"
            text run at (7,127) width 330: "generally, just as she had got its neck nicely"
            text run at (7,147) width 96: "straight\x{AD}ened "
            text run at (102,147) width 235: "out, and was going to give the"
            text run at (7,167) width 285: "hedge\x{AD}hog a blow with its head, it "
            text run at (292,167) width 45: "would"
            text run at (7,187) width 314: "twist itself round and look up in her face\x{2026}"
      RenderBlock (floating) {DIV} at (4,264) size 344x264
        RenderBlock {P} at (0,16) size 344x18
          RenderInline {TT} at (0,0) size 120x15
            RenderText {#text} at (0,3) size 120x15
              text run at (0,3) width 120: "hyphens: manual"
          RenderText {#text} at (120,0) size 116x17
            text run at (120,0) width 116: " with soft hyphens"
        RenderBlock {DIV} at (0,50) size 344x214 [border: (3px solid #000000)]
          RenderBlock (floating) {DIV} at (262,7) size 75x90 [bgcolor=#F0F8FF]
          RenderText {#text} at (7,7) size 330x200
            text run at (7,7) width 245: "The chief difficulty Alice found"
            text run at (7,27) width 245: "at first was in managing her"
            text run at (7,47) width 245: "flamingo: she succeeded in get\x{AD}" + hyphen string "\x{2010}"
            text run at (7,67) width 208: "ting its body tucked away, "
            text run at (215,67) width 37: "com\x{AD}" + hyphen string "\x{2010}"
            text run at (7,87) width 245: "fortably enough, under her arm,"
            text run at (7,107) width 226: "with its legs hanging down, "
            text run at (233,107) width 104: "but generally,"
            text run at (7,127) width 330: "just as she had got its neck nicely straight\x{AD}" + hyphen string "\x{2010}"
            text run at (7,147) width 42: "ened "
            text run at (48,147) width 289: "out, and was going to give the hedge\x{AD}" + hyphen string "\x{2010}"
            text run at (7,167) width 204: "hog a blow with its head, it "
            text run at (211,167) width 126: "would twist itself"
            text run at (7,187) width 233: "round and look up in her face\x{2026}"
      RenderBlock (floating) {DIV} at (356,264) size 344x264
        RenderBlock {P} at (0,16) size 344x18
          RenderInline {TT} at (0,0) size 104x15
            RenderText {#text} at (0,3) size 104x15
              text run at (0,3) width 104: "hyphens: auto"
          RenderText {#text} at (104,0) size 136x17
            text run at (104,0) width 136: " without soft hyphens"
        RenderBlock {DIV} at (0,50) size 344x214 [border: (3px solid #000000)]
          RenderBlock (floating) {DIV} at (262,7) size 75x90 [bgcolor=#F0F8FF]
          RenderText {#text} at (7,7) size 330x200
            text run at (7,7) width 245: "The chief difficulty Alice found"
            text run at (7,27) width 245: "at first was in managing her"
            text run at (7,47) width 245: "flamingo: she succeeded in get" + hyphen string "\x{2010}"
            text run at (7,67) width 208: "ting its body tucked away, "
            text run at (215,67) width 37: "com" + hyphen string "\x{2010}"
            text run at (7,87) width 245: "fortably enough, under her arm,"
            text run at (7,107) width 226: "with its legs hanging down, "
            text run at (233,107) width 104: "but generally,"
            text run at (7,127) width 330: "just as she had got its neck nicely straight" + hyphen string "\x{2010}"
            text run at (7,147) width 42: "ened "
            text run at (48,147) width 289: "out, and was going to give the hedge" + hyphen string "\x{2010}"
            text run at (7,167) width 204: "hog a blow with its head, it "
            text run at (211,167) width 126: "would twist itself"
            text run at (7,187) width 233: "round and look up in her face\x{2026}"
