layer at (0,0) size 800x600
  RenderView at (0,0) size 800x600
layer at (0,0) size 800x600
  RenderBlock {HTML} at (0,0) size 800x600
    RenderBody {BODY} at (8,8) size 784x584
      RenderBlock {P} at (0,0) size 784x34
        RenderText {#text} at (0,0) size 172x17
          text run at (0,0) width 172: "This is a regression test for "
        RenderInline {I} at (0,0) size 712x34
          RenderInline {A} at (0,0) size 348x17 [color=#0000EE]
            RenderText {#text} at (172,0) size 348x17
              text run at (172,0) width 348: "http://bugzilla.opendarwin.org/show_bug.cgi?id=8485"
          RenderText {#text} at (520,0) size 712x34
            text run at (520,0) width 4: " "
            text run at (524,0) width 188: "iExploder(#11705): Freeze in"
            text run at (0,17) width 141: "RenderBlock::layout()"
        RenderText {#text} at (141,17) size 4x17
          text run at (141,17) width 4: "."
      RenderBlock {HR} at (0,50) size 784x2 [border: (1px inset #000000)]
      RenderBlock {DIV} at (0,60) size 30x266
        RenderText {#text} at (0,0) size 87x266
          text run at (0,0) width 0: " "
          text run at (0,133) width 87: "A"
