layer at (0,0) size 800x600
  RenderView at (0,0) size 800x600
layer at (0,0) size 800x600
  RenderBlock {HTML} at (0,0) size 800x600
    RenderBody {BODY} at (8,8) size 784x576
      RenderBlock {P} at (0,0) size 784x34
        RenderText {#text} at (0,0) size 67x17
          text run at (0,0) width 67: "Test for "
        RenderInline {I} at (0,0) size 775x34
          RenderInline {A} at (0,0) size 372x17 [color=#0000EE]
            RenderText {#text} at (67,0) size 372x17
              text run at (67,0) width 372: "http://bugs.webkit.org/show_bug.cgi?id=13156"
          RenderText {#text} at (439,0) size 775x34
            text run at (439,0) width 5: " "
            text run at (444,0) width 331: "REGRESSION (r19621): Pasting breakable"
            text run at (0,17) width 736: "content where wrapped line is too long to fit in a textarea fails to draw a horizontal scrollbar"
        RenderText {#text} at (736,17) size 5x17
          text run at (736,17) width 5: "."
      RenderBlock {P} at (0,50) size 784x51
        RenderText {#text} at (0,0) size 771x51
          text run at (0,0) width 761: "This tests that a line break will occur in the middle of the first word on a line if it\x{2019}s too long to fit"
          text run at (0,17) width 771: "on the line. The behavior is tested after breakable characters (question mark and hyphen), after"
          text run at (0,34) width 260: "a space and after a soft hyphen."
      RenderBlock {P} at (0,117) size 784x17
        RenderText {#text} at (0,0) size 320x17
          text run at (0,0) width 320: "The following blocks should be identical."
      RenderBlock (floating) {DIV} at (4,154) size 300x187 [bgcolor=#FFFFE0]
        RenderText {#text} at (0,0) size 300x187
          text run at (0,0) width 238: "Curabiturpretium,quamquiss?"
          text run at (0,17) width 299: "empermalesuada,estliberofeugiatlibe"
          text run at (0,34) width 252: "ro,velfringillaorcinibhsedneque-"
          text run at (0,51) width 285: "Quisqueeunullanonnisimolestieaccu"
          text run at (0,68) width 291: "msan.Etiamtellusurna,laoreetac,laor"
          text run at (0,85) width 56: "eetnon"
          text run at (0,102) width 294: "suscipitsed,sapien.Phasellusvehicula,"
          text run at (0,119) width 300: "sematposuerevehicula,auguenibhmol"
          text run at (0,136) width 69: "estienisl\x{AD}" + hyphen string "\x{2010}"
          text run at (0,153) width 298: "necullamcorperlacusantevulputatepe"
          text run at (0,170) width 202: "de.Nasceturridiculusmus."
      RenderBlock (floating) {DIV} at (312,154) size 300x221 [bgcolor=#FFFFE0]
        RenderText {#text} at (0,0) size 238x17
          text run at (0,0) width 238: "Curabiturpretium,quamquiss?"
        RenderBR {BR} at (238,14) size 0x0
        RenderText {#text} at (0,17) size 299x34
          text run at (0,17) width 299: "empermalesuada,estliberofeugiatlibe"
          text run at (0,34) width 86: "ro,velfringi"
        RenderBR {BR} at (86,48) size 0x0
        RenderText {#text} at (0,51) size 166x17
          text run at (0,51) width 166: "llaorcinibhsedneque-"
        RenderBR {BR} at (166,65) size 0x0
        RenderText {#text} at (0,68) size 285x34
          text run at (0,68) width 285: "Quisqueeunullanonnisimolestieaccu"
          text run at (0,85) width 95: "msan.Etiam"
        RenderBR {BR} at (95,99) size 0x0
        RenderText {#text} at (0,102) size 252x17
          text run at (0,102) width 252: "tellusurna,laoreetac,laoreetnon"
        RenderBR {BR} at (252,116) size 0x0
        RenderText {#text} at (0,119) size 294x34
          text run at (0,119) width 294: "suscipitsed,sapien.Phasellusvehicula,"
          text run at (0,136) width 88: "sematposu"
        RenderBR {BR} at (88,150) size 0x0
        RenderText {#text} at (0,153) size 282x17
          text run at (0,153) width 282: "erevehicula,auguenibhmolestienisl-"
        RenderBR {BR} at (282,167) size 0x0
        RenderText {#text} at (0,170) size 298x34
          text run at (0,170) width 298: "necullamcorperlacusantevulputatepe"
          text run at (0,187) width 90: "de.Nascetu"
        RenderBR {BR} at (90,201) size 0x0
        RenderText {#text} at (0,204) size 112x17
          text run at (0,204) width 112: "rridiculusmus."
