layer at (0,0) size 800x600
  RenderView at (0,0) size 800x600
layer at (0,0) size 800x600
  RenderBlock {HTML} at (0,0) size 800x600
    RenderBody {BODY} at (8,8) size 784x584
      RenderBlock {DIV} at (0,0) size 784x265 [color=#0000007F]
        RenderBlock {DIV} at (0,0) size 784x53
          RenderText {#text} at (0,0) size 273x53
            text run at (0,0) width 273: "Text shadow"
        RenderBlock {DIV} at (0,53) size 784x53
          RenderText {#text} at (0,0) size 273x53
            text run at (0,0) width 273: "Text shadow"
        RenderBlock {DIV} at (0,106) size 784x53
          RenderText {#text} at (0,0) size 273x53
            text run at (0,0) width 273: "Text shadow"
        RenderBlock {DIV} at (0,159) size 784x53
          RenderText {#text} at (0,0) size 273x53
            text run at (0,0) width 273: "Text shadow"
        RenderBlock {DIV} at (0,212) size 784x53
          RenderText {#text} at (0,0) size 273x53
            text run at (0,0) width 273: "Text shadow"
