layer at (0,0) size 785x963
  RenderView at (0,0) size 785x600
layer at (0,0) size 785x963
  RenderBlock {HTML} at (0,0) size 785x963
    RenderBody {BODY} at (8,16) size 769x931
      RenderBlock {P} at (0,0) size 769x17
        RenderText {#text} at (0,0) size 429x17
          text run at (0,0) width 429: "In all of the following, there should not be a hyphen before \x{201C}lorem\x{201D}."
      RenderBlock {P} at (0,33) size 769x17
        RenderText {#text} at (0,0) size 20x17
          text run at (0,0) width 20: "Do"
        RenderBlock (floating) {SPAN} at (755,0) size 14x19 [border: (1px solid #FF0000)]
          RenderText {#text} at (1,1) size 12x17
            text run at (1,1) width 12: "X"
        RenderText {#text} at (20,0) size 78x17
          text run at (20,0) width 78: "\x{AD}lorem ipsum"
      RenderBlock {P} at (0,66) size 769x17
        RenderBlock (floating) {SPAN} at (755,0) size 14x19 [border: (1px solid #FF0000)]
          RenderText {#text} at (1,1) size 12x17
            text run at (1,1) width 12: "X"
        RenderText {#text} at (0,0) size 78x17
          text run at (0,0) width 78: "lorem ipsum"
      RenderBlock {P} at (0,99) size 769x19
        RenderText {#text} at (0,1) size 20x17
          text run at (0,1) width 20: "Do"
        RenderText {#text} at (34,1) size 78x17
          text run at (34,1) width 78: "\x{AD}lorem ipsum"
      RenderBlock {P} at (0,134) size 769x17
        RenderText {#text} at (0,0) size 20x17
          text run at (0,0) width 20: "Do"
        RenderText {#text} at (20,0) size 78x17
          text run at (20,0) width 78: "\x{AD}lorem ipsum"
      RenderBlock (anonymous) at (0,167) size 769x17
        RenderText {#text} at (0,0) size 20x17
          text run at (0,0) width 20: "Do"
      RenderBlock {P} at (0,200) size 769x17
        RenderText {#text} at (0,0) size 78x17
          text run at (0,0) width 78: "lorem ipsum"
      RenderBlock {P} at (0,233) size 769x34
        RenderText {#text} at (0,0) size 20x17
          text run at (0,0) width 20: "Do"
        RenderBR {BR} at (20,14) size 0x0
        RenderText {#text} at (0,17) size 78x17
          text run at (0,17) width 78: "lorem ipsum"
      RenderBlock {P} at (0,283) size 769x17
        RenderText {#text} at (0,0) size 20x17
          text run at (0,0) width 20: "Do"
        RenderInline {SPAN} at (0,0) size 36x17
          RenderText {#text} at (20,0) size 36x17
            text run at (20,0) width 36: "\x{AD}lorem"
        RenderText {#text} at (56,0) size 42x17
          text run at (56,0) width 42: " ipsum"
      RenderBlock {P} at (0,316) size 769x17
        RenderText {#text} at (0,0) size 12x17
          text run at (0,0) width 12: "D"
        RenderInline {SPAN} at (0,0) size 8x17
          RenderText {#text} at (12,0) size 8x17
            text run at (12,0) width 8: "o"
        RenderText {#text} at (20,0) size 78x17
          text run at (20,0) width 78: "\x{AD}lorem ipsum"
      RenderBlock {P} at (0,349) size 769x17
        RenderText {#text} at (0,0) size 24x17
          text run at (0,0) width 24: "Do "
        RenderInline {SPAN} at (0,0) size 36x17
          RenderText {#text} at (24,0) size 36x17
            text run at (24,0) width 36: "\x{AD}lorem"
        RenderText {#text} at (60,0) size 42x17
          text run at (60,0) width 42: " ipsum"
      RenderBlock {P} at (0,382) size 769x17
        RenderText {#text} at (0,0) size 12x17
          text run at (0,0) width 12: "D"
        RenderInline {SPAN} at (0,0) size 12x17
          RenderText {#text} at (12,0) size 12x17
            text run at (12,0) width 12: "o "
        RenderText {#text} at (24,0) size 78x17
          text run at (24,0) width 78: "\x{AD}lorem ipsum"
      RenderBlock {P} at (0,415) size 769x17
        RenderText {#text} at (0,0) size 24x17
          text run at (0,0) width 24: "Do "
        RenderInline {SPAN} at (0,0) size 36x17
          RenderText {#text} at (24,0) size 36x17
            text run at (24,0) width 36: "\x{AD}lorem"
        RenderText {#text} at (60,0) size 42x17
          text run at (60,0) width 42: " ipsum"
      RenderBlock {P} at (0,448) size 769x17
        RenderText {#text} at (0,0) size 12x17
          text run at (0,0) width 12: "D"
        RenderInline {SPAN} at (0,0) size 12x17
          RenderText {#text} at (12,0) size 12x17
            text run at (12,0) width 12: "o "
        RenderText {#text} at (24,0) size 78x17
          text run at (24,0) width 78: "\x{AD}lorem ipsum"
      RenderBlock {P} at (0,481) size 769x17
        RenderText {#text} at (0,0) size 64x17
          text run at (0,0) width 64: "Do \x{AD} lorem"
      RenderBlock {P} at (0,514) size 769x17
        RenderText {#text} at (0,0) size 60x17
          text run at (0,0) width 60: "Do\x{AD} \x{AD}lorem"
      RenderBlock {P} at (0,547) size 769x17
        RenderText {#text} at (0,0) size 60x17
          text run at (0,0) width 24: "Do "
          text run at (24,0) width 36: "\x{AD}lorem"
      RenderBlock {P} at (0,580) size 769x17
        RenderText {#text} at (0,0) size 60x17
          text run at (0,0) width 24: "Do\x{AD} "
          text run at (24,0) width 36: "lorem"
      RenderBlock {P} at (0,613) size 769x17
        RenderText {#text} at (0,0) size 64x17
          text run at (0,0) width 28: "Do \x{AD} "
          text run at (28,0) width 36: "lorem"
      RenderBlock {P} at (0,646) size 769x17
        RenderText {#text} at (0,0) size 64x17
          text run at (0,0) width 24: "Do "
          text run at (24,0) width 40: "\x{AD} lorem"
      RenderBlock {P} at (0,679) size 769x17
        RenderText {#text} at (0,0) size 20x17
          text run at (0,0) width 20: "Do"
        RenderInline {SPAN} at (0,0) size 0x17
        RenderText {#text} at (20,0) size 78x17
          text run at (20,0) width 78: "\x{AD}lorem ipsum"
      RenderBlock {P} at (0,712) size 769x17
        RenderText {#text} at (0,0) size 98x17
          text run at (0,0) width 98: "Do\x{AD}\x{AD}lorem ipsum"
      RenderBlock {P} at (0,745) size 769x17
        RenderInline {SPAN} at (0,0) size 20x17
          RenderText {#text} at (0,0) size 20x17
            text run at (0,0) width 20: "Do\x{AD}"
        RenderText {#text} at (20,0) size 78x17
          text run at (20,0) width 78: "\x{AD}lorem ipsum"
      RenderBlock {P} at (0,778) size 769x17
        RenderText {#text} at (0,0) size 20x17
          text run at (0,0) width 20: "Do\x{AD}"
        RenderInline {SPAN} at (0,0) size 78x17
          RenderText {#text} at (20,0) size 78x17
            text run at (20,0) width 78: "\x{AD}lorem ipsum"
      RenderBlock {P} at (0,811) size 769x17
        RenderInline {SPAN} at (0,0) size 20x17
          RenderText {#text} at (0,0) size 20x17
            text run at (0,0) width 20: "Do\x{AD}\x{AD}"
        RenderText {#text} at (20,0) size 78x17
          text run at (20,0) width 78: "lorem ipsum"
      RenderBlock {P} at (0,844) size 769x17
        RenderText {#text} at (0,0) size 246x17
          text run at (0,0) width 246: "The following pair should be the same:"
      RenderBlock {P} at (0,877) size 769x19
        RenderText {#text} at (0,1) size 15x17
          text run at (0,1) width 15: "W"
        RenderBlock {SPAN} at (15,0) size 14x19 [border: (1px solid #FF0000)]
          RenderText {#text} at (1,1) size 12x17
            text run at (1,1) width 12: "X"
        RenderText {#text} at (29,1) size 12x17
          text run at (29,1) width 12: "Y"
      RenderBlock {P} at (0,912) size 769x19
        RenderText {#text} at (0,1) size 15x17
          text run at (0,1) width 15: "W"
        RenderBlock {SPAN} at (15,0) size 14x19 [border: (1px solid #FF0000)]
          RenderText {#text} at (1,1) size 12x17
            text run at (1,1) width 12: "X"
        RenderText {#text} at (29,1) size 12x17
          text run at (29,1) width 12: "Y"
layer at (28,115) size 14x19
  RenderBlock (relative positioned) {SPAN} at (20,0) size 14x19 [border: (1px solid #FF0000)]
    RenderText {#text} at (1,1) size 12x17
      text run at (1,1) width 12: "X"
layer at (771,150) size 14x19
  RenderBlock (positioned) {SPAN} at (771,150) size 14x19 [border: (1px solid #FF0000)]
    RenderText {#text} at (1,1) size 12x17
      text run at (1,1) width 12: "X"
