layer at (0,0) size 785x759
  RenderView at (0,0) size 785x600
layer at (0,0) size 785x759
  RenderBlock {HTML} at (0,0) size 785x759
    RenderBody {BODY} at (8,8) size 769x741
      RenderBlock {P} at (0,0) size 769x17
        RenderText {#text} at (0,0) size 174x17
          text run at (0,0) width 174: "Two words with no spaces."
      RenderBlock {DIV} at (0,33) size 302x19 [border: (1px solid #0000FF)]
        RenderText {#text} at (1,1) size 480x17
          text run at (1,1) width 480: "aaaaaaaaaaaaaaaaaaaaaaaaaaaaaaaabbbbbbbbbbbbbbbbbbbbbbbbbbbbbbbb"
      RenderTable {TABLE} at (0,62) size 769x19
        RenderTableSection {TBODY} at (0,0) size 769x19
          RenderTableRow {TR} at (0,0) size 769x19
            RenderTableCell {TD} at (0,0) size 482x19 [border: (1px solid #008000)] [r=0 c=0 rs=1 cs=1]
              RenderText {#text} at (1,1) size 480x17
                text run at (1,1) width 480: "aaaaaaaaaaaaaaaaaaaaaaaaaaaaaaaabbbbbbbbbbbbbbbbbbbbbbbbbbbbbbbb"
            RenderTableCell {TD} at (482,9) size 287x0 [r=0 c=1 rs=1 cs=1]
      RenderBlock {P} at (0,97) size 769x17
        RenderText {#text} at (0,0) size 187x17
          text run at (0,0) width 187: "Using <wbr> to break words."
      RenderBlock {DIV} at (0,130) size 302x36 [border: (1px solid #0000FF)]
        RenderText {#text} at (1,1) size 224x17
          text run at (1,1) width 224: "aaaaaaaaaaaaaaaaaaaaaaaaaaaaaaaa"
        RenderWordBreak {WBR} at (0,0) size 0x0
        RenderText {#text} at (1,18) size 256x17
          text run at (1,18) width 256: "bbbbbbbbbbbbbbbbbbbbbbbbbbbbbbbb"
      RenderTable {TABLE} at (0,176) size 769x36
        RenderTableSection {TBODY} at (0,0) size 769x36
          RenderTableRow {TR} at (0,0) size 769x36
            RenderTableCell {TD} at (0,0) size 258x36 [border: (1px solid #008000)] [r=0 c=0 rs=1 cs=1]
              RenderText {#text} at (1,1) size 224x17
                text run at (1,1) width 224: "aaaaaaaaaaaaaaaaaaaaaaaaaaaaaaaa"
              RenderWordBreak {WBR} at (0,0) size 0x0
              RenderText {#text} at (1,18) size 256x17
                text run at (1,18) width 256: "bbbbbbbbbbbbbbbbbbbbbbbbbbbbbbbb"
            RenderTableCell {TD} at (258,18) size 511x0 [r=0 c=1 rs=1 cs=1]
      RenderBlock {P} at (0,228) size 769x17
        RenderText {#text} at (0,0) size 282x17
          text run at (0,0) width 282: "Using <wbr> within <nobr> to break words."
      RenderBlock {DIV} at (0,261) size 302x36 [border: (1px solid #0000FF)]
        RenderInline {NOBR} at (0,0) size 256x34
          RenderText {#text} at (1,1) size 224x17
            text run at (1,1) width 224: "aaaaaaaaaaaaaaaaaaaaaaaaaaaaaaaa"
          RenderWordBreak {WBR} at (0,0) size 0x0
          RenderText {#text} at (1,18) size 256x17
            text run at (1,18) width 256: "bbbbbbbbbbbbbbbbbbbbbbbbbbbbbbbb"
      RenderTable {TABLE} at (0,307) size 769x36
        RenderTableSection {TBODY} at (0,0) size 769x36
          RenderTableRow {TR} at (0,0) size 769x36
            RenderTableCell {TD} at (0,0) size 258x36 [border: (1px solid #008000)] [r=0 c=0 rs=1 cs=1]
              RenderInline {NOBR} at (0,0) size 256x34
                RenderText {#text} at (1,1) size 224x17
                  text run at (1,1) width 224: "aaaaaaaaaaaaaaaaaaaaaaaaaaaaaaaa"
                RenderWordBreak {WBR} at (0,0) size 0x0
                RenderText {#text} at (1,18) size 256x17
                  text run at (1,18) width 256: "bbbbbbbbbbbbbbbbbbbbbbbbbbbbbbbb"
            RenderTableCell {TD} at (258,18) size 511x0 [r=0 c=1 rs=1 cs=1]
      RenderBlock {P} at (0,359) size 769x17
        RenderText {#text} at (0,0) size 222x17
          text run at (0,0) width 222: "Using <wbr> to break three words."
      RenderBlock {DIV} at (0,392) size 302x53 [border: (1px solid #0000FF)]
        RenderText {#text} at (1,1) size 168x17
          text run at (1,1) width 168: "aaaaaaaaaaaaaaaaaaaaaaaa"
        RenderWordBreak {WBR} at (0,0) size 0x0
        RenderText {#text} at (1,18) size 192x17
          text run at (1,18) width 192: "bbbbbbbbbbbbbbbbbbbbbbbb"
        RenderWordBreak {WBR} at (0,0) size 0x0
        RenderText {#text} at (1,35) size 168x17
          text run at (1,35) width 168: "cccccccccccccccccccccccc"
      RenderTable {TABLE} at (0,455) size 769x53
        RenderTableSection {TBODY} at (0,0) size 769x53
          RenderTableRow {TR} at (0,0) size 769x53
            RenderTableCell {TD} at (0,0) size 194x53 [border: (1px solid #008000)] [r=0 c=0 rs=1 cs=1]
              RenderText {#text} at (1,1) size 168x17
                text run at (1,1) width 168: "aaaaaaaaaaaaaaaaaaaaaaaa"
              RenderWordBreak {WBR} at (0,0) size 0x0
              RenderText {#text} at (1,18) size 192x17
                text run at (1,18) width 192: "bbbbbbbbbbbbbbbbbbbbbbbb"
              RenderWordBreak {WBR} at (0,0) size 0x0
              RenderText {#text} at (1,35) size 168x17
                text run at (1,35) width 168: "cccccccccccccccccccccccc"
            RenderTableCell {TD} at (194,26) size 575x0 [r=0 c=1 rs=1 cs=1]
      RenderBlock {P} at (0,524) size 769x17
        RenderText {#text} at (0,0) size 317x17
          text run at (0,0) width 317: "Using <wbr> within <nobr> to break three words."
      RenderBlock {DIV} at (0,557) size 302x53 [border: (1px solid #0000FF)]
        RenderInline {NOBR} at (0,0) size 192x51
          RenderText {#text} at (1,1) size 168x17
            text run at (1,1) width 168: "aaaaaaaaaaaaaaaaaaaaaaaa"
          RenderWordBreak {WBR} at (0,0) size 0x0
          RenderText {#text} at (1,18) size 192x17
            text run at (1,18) width 192: "bbbbbbbbbbbbbbbbbbbbbbbb"
          RenderWordBreak {WBR} at (0,0) size 0x0
          RenderText {#text} at (1,35) size 168x17
            text run at (1,35) width 168: "cccccccccccccccccccccccc"
      RenderTable {TABLE} at (0,620) size 769x53
        RenderTableSection {TBODY} at (0,0) size 769x53
          RenderTableRow {TR} at (0,0) size 769x53
            RenderTableCell {TD} at (0,0) size 194x53 [border: (1px solid #008000)] [r=0 c=0 rs=1 cs=1]
              RenderInline {NOBR} at (0,0) size 192x51
                RenderText {#text} at (1,1) size 168x17
                  text run at (1,1) width 168: "aaaaaaaaaaaaaaaaaaaaaaaa"
                RenderWordBreak {WBR} at (0,0) size 0x0
                RenderText {#text} at (1,18) size 192x17
                  text run at (1,18) width 192: "bbbbbbbbbbbbbbbbbbbbbbbb"
                RenderWordBreak {WBR} at (0,0) size 0x0
                RenderText {#text} at (1,35) size 168x17
                  text run at (1,35) width 168: "cccccccccccccccccccccccc"
            RenderTableCell {TD} at (194,26) size 575x0 [r=0 c=1 rs=1 cs=1]
      RenderBlock {P} at (0,689) size 769x17
        RenderText {#text} at (0,0) size 436x17
          text run at (0,0) width 436: "Spaces both before and after <wbr> to check for collapsing behavior."
      RenderBlock {DIV} at (0,722) size 302x19 [border: (1px solid #0000FF)]
        RenderText {#text} at (1,1) size 25x17
          text run at (1,1) width 25: "aaa "
        RenderWordBreak {WBR} at (0,0) size 0x0
        RenderText {#text} at (26,1) size 24x17
          text run at (26,1) width 24: "bbb"
