layer at (0,0) size 785x998
  RenderView at (0,0) size 785x600
layer at (0,0) size 785x998
  RenderBlock {HTML} at (0,0) size 785x998
    RenderBody {BODY} at (8,8) size 769x982
      RenderBlock (anonymous) at (0,0) size 769x17
        RenderText {#text} at (0,0) size 683x17
          text run at (0,0) width 683: "This example tests that word-break properly shrinks a cell to one character per line when it is set to break-all."
      RenderTable {TABLE} at (0,17) size 769x104 [border: (1px outset #808080)]
        RenderTableSection {TBODY} at (1,1) size 767x102
          RenderTableRow {TR} at (0,0) size 767x102
            RenderTableCell {TD} at (0,0) size 20x102 [border: (1px inset #808080)] [r=0 c=0 rs=1 cs=1]
              RenderText {#text} at (6,6) size 8x90
                text run at (6,6) width 8: "N"
                text run at (6,21) width 8: "a"
                text run at (6,36) width 8: "r"
                text run at (6,51) width 8: "r"
                text run at (6,66) width 8: "o"
                text run at (6,81) width 8: "w"
            RenderTableCell {TD} at (20,37) size 747x28 [border: (1px inset #808080)] [r=0 c=1 rs=1 cs=1]
              RenderText {#text} at (6,6) size 168x16
                text run at (6,7) width 168: "This cell should grow"
      RenderBlock (anonymous) at (0,121) size 769x34
        RenderBR {BR} at (0,0) size 0x17
        RenderText {#text} at (0,17) size 430x17
          text run at (0,17) width 430: "This test checks that word-break is ignored when white-space is pre."
      RenderBlock {PRE} at (0,168) size 110x25 [border: (5px solid #000000)]
        RenderText {#text} at (5,5) size 448x15
          text run at (5,5) width 448: "Thislongwordshouldnotgetbrokenbutshouldstickoutofthepre."
      RenderBlock (anonymous) at (0,206) size 769x68
        RenderBR {BR} at (0,0) size 0x17
        RenderText {#text} at (0,17) size 760x51
          text run at (0,17) width 468: "The next two examples test our custom break-word value for word-break. "
          text run at (468,17) width 292: "We should get the same results as break-all for"
          text run at (0,34) width 751: "the first test, but we should break up the word in the second test (since our behavior matches word-wrap: break-word in"
          text run at (0,51) width 63: "that case)."
      RenderTable {TABLE} at (0,274) size 769x104 [border: (1px outset #808080)]
        RenderTableSection {TBODY} at (1,1) size 767x102
          RenderTableRow {TR} at (0,0) size 767x102
            RenderTableCell {TD} at (0,0) size 20x102 [border: (1px inset #808080)] [r=0 c=0 rs=1 cs=1]
              RenderText {#text} at (6,6) size 8x90
                text run at (6,6) width 8: "N"
                text run at (6,21) width 8: "a"
                text run at (6,36) width 8: "r"
                text run at (6,51) width 8: "r"
                text run at (6,66) width 8: "o"
                text run at (6,81) width 8: "w"
            RenderTableCell {TD} at (20,37) size 747x28 [border: (1px inset #808080)] [r=0 c=1 rs=1 cs=1]
              RenderText {#text} at (6,6) size 168x16
                text run at (6,7) width 168: "This cell should grow"
      RenderBlock (anonymous) at (0,378) size 769x17
        RenderBR {BR} at (0,0) size 0x17
      RenderBlock {PRE} at (0,408) size 110x85 [border: (5px solid #000000)]
        RenderText {#text} at (5,5) size 96x75
          text run at (5,5) width 96: "Thislongword"
          text run at (5,20) width 96: "shouldnotget"
          text run at (5,35) width 96: "brokenbutsho"
          text run at (5,50) width 96: "uldstickouto"
          text run at (5,65) width 64: "fthepre."
      RenderBlock (anonymous) at (0,506) size 769x68
        RenderBR {BR} at (0,0) size 0x17
        RenderText {#text} at (0,17) size 764x51
          text run at (0,17) width 626: "This test makes sure floating and positioned elements do the right thing with word-break: break-all. "
          text run at (626,17) width 129: "The minimum width"
          text run at (0,34) width 299: "should be less than the containing block width. "
          text run at (299,34) width 465: "The breaking should be \"dumb\" and just occur when the end of the line is"
          text run at (0,51) width 20: "hit."
      RenderBlock {DIV} at (0,574) size 304x49 [border: (2px solid #000000)]
        RenderBlock (floating) {DIV} at (2,2) size 300x45
          RenderText {#text} at (0,0) size 296x45
            text run at (0,0) width 296: "Eventhoughthishasareallylongword itsh"
            text run at (0,15) width 296: "ouldnotstick out oftheenclosing300pxb"
            text run at (0,30) width 40: "lock."
        RenderBR {BR} at (302,2) size 0x15
      RenderBlock (anonymous) at (0,623) size 769x17
        RenderBR {BR} at (0,0) size 0x17
      RenderBlock (anonymous) at (0,744) size 769x68
        RenderBR {BR} at (0,0) size 0x17
        RenderText {#text} at (0,17) size 735x51
          text run at (0,17) width 644: "This test makes sure floating and positioned elements do the right thing with word-break: break-word. "
          text run at (644,17) width 89: "The minimum"
          text run at (0,34) width 339: "width should be less than the containing block width. "
          text run at (339,34) width 396: "The breaking should be \"smart\" and be like word-wrap: break-"
          text run at (0,51) width 569: "word, with words preferring to wrap first before allowing break opportunities within them."
      RenderBlock {DIV} at (0,812) size 304x49 [border: (2px solid #000000)]
        RenderBlock (floating) {DIV} at (2,2) size 300x45
          RenderText {#text} at (0,0) size 256x45
            text run at (0,0) width 256: "Eventhoughthishasareallylongword"
            text run at (0,15) width 160: "itshouldnotstick out"
            text run at (0,30) width 200: "oftheenclosing300pxblock."
        RenderBR {BR} at (302,2) size 0x15
      RenderBlock (anonymous) at (0,861) size 769x17
        RenderBR {BR} at (0,0) size 0x17
layer at (8,648) size 304x104
  RenderBlock (relative positioned) {DIV} at (0,640) size 304x104 [border: (2px solid #000000)]
layer at (10,650) size 300x45
  RenderBlock (positioned) {DIV} at (2,2) size 300x45
    RenderText {#text} at (0,0) size 296x45
      text run at (0,0) width 296: "Eventhoughthishasareallylongword itsh"
      text run at (0,15) width 296: "ouldnotstick out oftheenclosing300pxb"
      text run at (0,30) width 40: "lock."
layer at (8,886) size 304x104
  RenderBlock (relative positioned) {DIV} at (0,878) size 304x104 [border: (2px solid #000000)]
layer at (10,888) size 300x45
  RenderBlock (positioned) {DIV} at (2,2) size 300x45
    RenderText {#text} at (0,0) size 256x45
      text run at (0,0) width 256: "Eventhoughthishasareallylongword"
      text run at (0,15) width 160: "itshouldnotstick out"
      text run at (0,30) width 200: "oftheenclosing300pxblock."
