layer at (0,0) size 800x600
  RenderView at (0,0) size 800x600
layer at (0,0) size 800x600
  RenderBlock {HTML} at (0,0) size 800x600
    RenderBody {BODY} at (8,8) size 784x576
      RenderBlock {DIV} at (0,0) size 784x100
      RenderBlock (anonymous) at (0,100) size 784x17
        RenderText {#text} at (0,0) size 488x17
          text run at (0,0) width 299: "This file has a doc type with an internal subset. "
          text run at (299,0) width 189: "We should be in quirks mode."
      RenderBlock {UL} at (0,133) size 784x34
        RenderListItem {LI} at (40,0) size 744x34
          RenderBlock (anonymous) at (0,0) size 744x17
            RenderListMarker at (-17,0) size 7x17: bullet
          RenderBlock {UL} at (0,17) size 744x17
            RenderListItem {LI} at (40,0) size 704x17
              RenderListMarker at (-17,0) size 7x17: white bullet
              RenderText {#text} at (0,0) size 253x17
                text run at (0,0) width 253: "Both bullets should be on separate lines."
layer at (10,10) size 80x80
  RenderBlock (positioned) {DIV} at (10,10) size 80x80 [bgcolor=#008000]
