layer at (0,0) size 800x600
  RenderView at (0,0) size 800x600
layer at (0,0) size 800x400
  RenderBlock {HTML} at (0,0) size 800x400
    RenderBody {BODY} at (8,16) size 784x368
      RenderBlock {P} at (0,0) size 784x32
        RenderTextControl {INPUT} at (590,2) size 192x28 [bgcolor=#FFFFFF]
          RenderFlexibleBox {DIV} at (4,6) size 185x18
            RenderBlock {DIV} at (17,0) size 168x18
        RenderText {#text} at (0,0) size 0x0
      RenderBlock {P} at (0,48) size 784x32
        RenderTextControl {INPUT} at (590,2) size 192x28 [bgcolor=#FFFFFF]
          RenderFlexibleBox {DIV} at (4,6) size 185x18
            RenderBlock {DIV} at (17,0) size 168x18
        RenderText {#text} at (0,0) size 0x0
      RenderBlock {P} at (0,96) size 784x32
        RenderTextControl {INPUT} at (2,2) size 192x28 [bgcolor=#FFFFFF]
          RenderFlexibleBox {DIV} at (4,6) size 185x18
            RenderBlock {DIV} at (17,0) size 168x18
        RenderText {#text} at (0,0) size 0x0
      RenderBlock {P} at (0,144) size 784x32
        RenderTextControl {INPUT} at (2,2) size 192x28 [bgcolor=#FFFFFF]
          RenderFlexibleBox {DIV} at (4,6) size 185x18
            RenderBlock {DIV} at (17,0) size 168x18
        RenderText {#text} at (0,0) size 0x0
        RenderText {#text} at (0,0) size 0x0
      RenderBlock {P} at (0,192) size 784x32
        RenderTextControl {INPUT} at (2,2) size 192x28 [bgcolor=#FFFFFF]
          RenderFlexibleBox {DIV} at (4,6) size 185x18
            RenderBlock {DIV} at (0,0) size 168x18
        RenderText {#text} at (0,0) size 0x0
      RenderBlock {P} at (0,240) size 784x32
        RenderTextControl {INPUT} at (2,2) size 192x28 [bgcolor=#FFFFFF]
          RenderFlexibleBox {DIV} at (4,6) size 185x18
            RenderBlock {DIV} at (0,0) size 168x18
        RenderText {#text} at (0,0) size 0x0
        RenderText {#text} at (0,0) size 0x0
      RenderBlock {P} at (0,288) size 784x32
        RenderTextControl {INPUT} at (2,2) size 192x28 [bgcolor=#FFFFFF]
          RenderFlexibleBox {DIV} at (4,6) size 185x18
            RenderBlock {DIV} at (17,0) size 168x18
        RenderText {#text} at (0,0) size 0x0
      RenderBlock {P} at (0,336) size 784x32
        RenderTextControl {INPUT} at (2,2) size 192x28 [bgcolor=#FFFFFF]
          RenderFlexibleBox {DIV} at (4,6) size 185x18
            RenderBlock {DIV} at (17,0) size 168x18
        RenderText {#text} at (0,0) size 0x0
        RenderText {#text} at (0,0) size 0x0
layer at (619,24) size 168x18
  RenderBlock {DIV} at (0,0) size 168x18
    RenderText {#text} at (159,0) size 9x17
      text run at (159,0) width 9: "1"
layer at (619,72) size 168x18
  RenderBlock {DIV} at (0,0) size 168x18
    RenderText {#text} at (159,0) size 9x17
      text run at (159,0) width 9: "2"
layer at (31,120) size 168x18
  RenderBlock {DIV} at (0,0) size 168x18
    RenderText {#text} at (159,0) size 9x17
      text run at (159,0) width 9: "3"
layer at (31,168) size 168x18
  RenderBlock {DIV} at (0,0) size 168x18
    RenderText {#text} at (132,0) size 36x17
      text run at (132,0) width 36: "1234"
layer at (14,216) size 168x18
  RenderBlock {DIV} at (0,0) size 168x18
    RenderText {#text} at (0,0) size 9x17
      text run at (0,0) width 9: "5"
layer at (14,264) size 168x18
  RenderBlock {DIV} at (0,0) size 168x18
    RenderText {#text} at (0,0) size 9x17
      text run at (0,0) width 9: "6"
layer at (31,312) size 168x18
  RenderBlock {DIV} at (0,0) size 168x18
    RenderText {#text} at (159,0) size 9x17
      text run at (159,0) width 9: "7"
layer at (31,360) size 168x18
  RenderBlock {DIV} at (0,0) size 168x18
    RenderText {#text} at (159,0) size 9x17
      text run at (159,0) width 9: "8"
layer at (598,18) size 17x28
  RenderBlock (relative positioned) {DIV} at (-4,-6) size 17x28
layer at (598,66) size 17x28
  RenderBlock (relative positioned) {DIV} at (-4,-6) size 17x28
layer at (10,114) size 17x28
  RenderBlock (relative positioned) {DIV} at (-4,-6) size 17x28
layer at (10,162) size 17x28
  RenderBlock (relative positioned) {DIV} at (-4,-6) size 17x28
layer at (185,210) size 17x28
  RenderBlock (relative positioned) {DIV} at (171,-6) size 17x28
layer at (185,258) size 17x28
  RenderBlock (relative positioned) {DIV} at (171,-6) size 17x28
layer at (10,306) size 17x28
  RenderBlock (relative positioned) {DIV} at (-4,-6) size 17x28
layer at (10,354) size 17x28
  RenderBlock (relative positioned) {DIV} at (-4,-6) size 17x28
caret: position 4 of child 0 {#text} of child 0 {DIV} of child 0 {DIV} of child 0 {DIV} of {#document-fragment} of child 0 {INPUT} of child 6 {P} of body
