layer at (0,0) size 800x600
  RenderView at (0,0) size 800x600
layer at (0,0) size 800x80
  RenderBlock {HTML} at (0,0) size 800x80
    RenderBody {BODY} at (8,8) size 784x64
      RenderBR {BR} at (196,8) size 0x17
      RenderTextControl {INPUT} at (2,34) size 192x28 [bgcolor=#FFFFFF]
        RenderFlexibleBox {DIV} at (4,6) size 185x18
          RenderBlock {DIV} at (0,0) size 168x18
      RenderText {#text} at (0,0) size 0x0
layer at (14,48) size 168x18
  RenderBlock {DIV} at (0,0) size 168x18
    RenderText {#text} at (0,0) size 18x17
      text run at (0,0) width 18: "10"
layer at (10,10) size 192x28
  RenderTextControl {INPUT} at (2,2) size 192x28 [bgcolor=#FFFFFF]
    RenderFlexibleBox {DIV} at (4,6) size 185x18
      RenderBlock {DIV} at (0,0) size 168x18
layer at (14,16) size 168x18
  RenderBlock {DIV} at (0,0) size 168x18
    RenderText {#text} at (0,0) size 18x17
      text run at (0,0) width 18: "10"
layer at (185,10) size 17x28
  RenderBlock (relative positioned) {DIV} at (171,-6) size 17x28
layer at (185,42) size 17x28
  RenderBlock (relative positioned) {DIV} at (171,-6) size 17x28
