layer at (0,0) size 800x600
  RenderView at (0,0) size 800x600
layer at (0,0) size 800x600
  RenderBlock {HTML} at (0,0) size 800x600
    RenderBody {BODY} at (8,8) size 784x584
      RenderBlock {P} at (0,0) size 784x18
        RenderText {#text} at (0,0) size 783x17
          text run at (0,0) width 783: "Test appearances of spin buttons. Disabled state and read-only state should have appearances different from the normal state."
      RenderBlock {DIV} at (0,34) size 784x37
        RenderInline {LABEL} at (0,0) size 322x17
          RenderTextControl {INPUT} at (2,2) size 234x33 [bgcolor=#FFFFFF]
            RenderFlexibleBox {DIV} at (4,6) size 227x23
              RenderBlock {DIV} at (0,0) size 210x23
          RenderText {#text} at (238,12) size 84x17
            text run at (238,12) width 84: " Normal state"
      RenderBlock {DIV} at (0,71) size 784x37
        RenderInline {LABEL} at (0,0) size 330x17
          RenderTextControl {INPUT} at (2,2) size 234x33 [bgcolor=#FFFFFF]
            RenderFlexibleBox {DIV} at (4,6) size 227x23
              RenderBlock {DIV} at (0,0) size 210x23
          RenderText {#text} at (238,12) size 92x17
            text run at (238,12) width 92: " Disabled state"
      RenderBlock {DIV} at (0,108) size 784x37
        RenderInline {LABEL} at (0,0) size 340x17
          RenderTextControl {INPUT} at (2,2) size 234x33 [bgcolor=#FFFFFF]
            RenderFlexibleBox {DIV} at (4,6) size 227x23
              RenderBlock {DIV} at (0,0) size 210x23
          RenderText {#text} at (238,12) size 102x17
            text run at (238,12) width 102: " Read-only state"
layer at (14,50) size 210x23
  RenderBlock {DIV} at (0,0) size 210x23
    RenderText {#text} at (0,0) size 11x22
      text run at (0,0) width 11: "0"
layer at (14,87) size 210x23
  RenderBlock {DIV} at (0,0) size 210x23 [color=#545454]
    RenderText {#text} at (0,0) size 11x22
      text run at (0,0) width 11: "0"
layer at (14,124) size 210x23
  RenderBlock {DIV} at (0,0) size 210x23
    RenderText {#text} at (0,0) size 11x22
      text run at (0,0) width 11: "0"
layer at (227,44) size 17x33
  RenderBlock (relative positioned) {DIV} at (213,-6) size 17x33
layer at (227,81) size 17x33
  RenderBlock (relative positioned) {DIV} at (213,-6) size 17x33
layer at (227,118) size 17x33
  RenderBlock (relative positioned) {DIV} at (213,-6) size 17x33
