layer at (0,0) size 785x618
  RenderView at (0,0) size 785x600
layer at (0,0) size 785x618
  RenderBlock {HTML} at (0,0) size 785x618
    RenderBody {BODY} at (8,8) size 769x602
      RenderBlock {DIV} at (0,0) size 769x28
        RenderText {#text} at (0,1) size 144x26
          text run at (0,1) width 144: "\x{653B}\x{6BBB}\x{2307}\x{30FC}\x{FF1C}\x{FF1D}4"
      RenderBlock {DIV} at (0,28) size 112x198
        RenderBlock {DIV} at (0,10) size 28x178
          RenderText {#text} at (1,0) size 26x165
            text run at (1,0) width 165: "\x{653B}\x{6BBB}\x{2307}\x{30FC}\x{FF1C}\x{FF1D}4"
        RenderBlock {DIV} at (28,10) size 28x178 [color=#0000FF]
          RenderText {#text} at (1,0) size 26x178
            text run at (1,0) width 178: "\x{653B}\x{6BBB}\x{2307}\x{30FC}\x{FF1C}\x{FF1D}4"
        RenderBlock {DIV} at (56,10) size 28x178 [color=#008080]
          RenderText {#text} at (1,0) size 26x144
            text run at (1,0) width 144: "\x{653B}\x{6BBB}\x{2307}\x{30FC}\x{FF1C}\x{FF1D}4"
        RenderBlock {DIV} at (84,10) size 28x178 [color=#A52A2A]
          RenderText {#text} at (1,0) size 26x144
            text run at (1,0) width 144: "\x{653B}\x{6BBB}\x{2307}\x{30FC}\x{FF1C}\x{FF1D}4"
      RenderBlock {DIV} at (0,226) size 112x198
        RenderBlock {DIV} at (0,10) size 28x178
          RenderText {#text} at (1,0) size 26x165
            text run at (1,0) width 165: "\x{653B}\x{6BBB}\x{2307}\x{30FC}\x{FF1C}\x{FF1D}4"
        RenderBlock {DIV} at (28,10) size 28x178 [color=#0000FF]
          RenderText {#text} at (1,0) size 26x178
            text run at (1,0) width 178: "\x{653B}\x{6BBB}\x{2307}\x{30FC}\x{FF1C}\x{FF1D}4"
        RenderBlock {DIV} at (56,10) size 28x178 [color=#008080]
          RenderText {#text} at (1,0) size 26x144
            text run at (1,0) width 144: "\x{653B}\x{6BBB}\x{2307}\x{30FC}\x{FF1C}\x{FF1D}4"
        RenderBlock {DIV} at (84,10) size 28x178 [color=#A52A2A]
          RenderText {#text} at (1,0) size 26x144
            text run at (1,0) width 144: "\x{653B}\x{6BBB}\x{2307}\x{30FC}\x{FF1C}\x{FF1D}4"
      RenderBlock {DIV} at (0,424) size 112x178
        RenderBlock {DIV} at (0,0) size 28x178
          RenderText {#text} at (1,0) size 26x165
            text run at (1,0) width 165: "\x{653B}\x{6BBB}\x{2307}\x{30FC}\x{FF1C}\x{FF1D}4"
        RenderBlock {DIV} at (28,0) size 28x178 [color=#0000FF]
          RenderText {#text} at (1,0) size 26x178
            text run at (1,0) width 178: "\x{653B}\x{6BBB}\x{2307}\x{30FC}\x{FF1C}\x{FF1D}4"
        RenderBlock {DIV} at (56,0) size 28x178 [color=#008080]
          RenderText {#text} at (1,0) size 26x144
            text run at (1,0) width 144: "\x{653B}\x{6BBB}\x{2307}\x{30FC}\x{FF1C}\x{FF1D}4"
        RenderBlock {DIV} at (84,0) size 28x178 [color=#A52A2A]
          RenderText {#text} at (1,0) size 26x165
            text run at (1,0) width 165: "\x{653B}\x{6BBB}\x{2307}\x{30FC}\x{FF1C}\x{FF1D}4"
