layer at (0,0) size 800x600
  RenderView at (0,0) size 800x600
layer at (0,0) size 800x157
  RenderBlock {HTML} at (0,0) size 800x157
    RenderBody {BODY} at (8,8) size 784x133
      RenderBlock {DIV} at (0,0) size 784x17
        RenderText {#text} at (0,0) size 193x17
          text run at (0,0) width 193: "There should be no red below."
layer at (8,41) size 100x100
  RenderBlock (relative positioned) {P} at (0,33) size 100x100
layer at (44,41) size 64x32
  RenderBlock (positioned) {SPAN} at (36,0) size 64x32 [bgcolor=#FFFFFF]
