layer at (0,0) size 800x600
  RenderView at (0,0) size 800x600
layer at (0,0) size 800x418
  RenderBlock {HTML} at (0,0) size 800x418
    RenderBody {BODY} at (8,8) size 784x402
      RenderBlock {DIV} at (0,0) size 784x217 [border: (10px dotted #0000FF)]
        RenderTable {TABLE} at (10,10) size 322x197 [border: (5px solid #FF0000)]
          RenderTableSection {TBODY} at (5,5) size 312x167
            RenderTableRow {TR} at (0,0) size 312x39
              RenderTableCell {TD} at (0,0) size 312x39 [border: (5px solid #008000)] [r=0 c=0 rs=1 cs=1]
                RenderText {#text} at (6,6) size 35x17
                  text run at (6,6) width 35: "Hello"
            RenderTableRow {TR} at (0,39) size 312x59
              RenderTableCell {TD} at (0,39) size 312x59 [border: (15px solid #0000FF)] [r=1 c=0 rs=1 cs=1]
                RenderText {#text} at (16,16) size 59x17
                  text run at (16,16) width 59: "Goodbye"
            RenderTableRow {TR} at (0,98) size 312x69
              RenderTableCell {TD} at (0,98) size 312x69 [border: (25px solid #FF0000)] [r=2 c=0 rs=1 cs=1]
                RenderText {#text} at (26,26) size 59x17
                  text run at (26,26) width 59: "Goodbye"
      RenderBlock {DIV} at (0,377) size 784x25 [border: (1px solid #008000)]
        RenderTable {TABLE} at (1,1) size 33x23 [border: (1px none #808080)]
          RenderTableSection {TBODY} at (1,1) size 31x21
            RenderTableRow {TR} at (0,0) size 31x21
              RenderTableCell {TD} at (0,0) size 31x21 [border: (1px solid #000000)] [r=0 c=0 rs=1 cs=1]
                RenderText {#text} at (2,2) size 27x17
                  text run at (2,2) width 27: "Test"
