layer at (0,0) size 1436x897
  RenderView at (0,0) size 785x585
layer at (0,0) size 785x897
  RenderBlock {HTML} at (0,0) size 785x897
    RenderBody {BODY} at (8,21) size 769x868
      RenderBlock {H1} at (0,0) size 769x36
        RenderText {#text} at (0,0) size 290x36
          text run at (0,0) width 290: "Table Border Models"
      RenderBlock {P} at (0,57) size 769x18
        RenderText {#text} at (0,0) size 117x17
          text run at (0,0) width 117: "This tests tests the "
        RenderInline {A} at (0,0) size 208x17 [color=#0000EE]
          RenderText {#text} at (117,0) size 208x17
            text run at (117,0) width 208: "CSS2 spec rules on table borders"
        RenderText {#text} at (325,0) size 180x17
          text run at (325,0) width 8: ". "
          text run at (333,0) width 172: "The styles applied here are:"
      RenderBlock {PRE} at (0,90) size 769x181
        RenderText {#text} at (0,0) size 688x180
          text run at (0,0) width 408: "TABLE   { margin: 1em; border: medium solid blue; }"
          text run at (408,0) width 0: " "
          text run at (0,15) width 376: "TD  { border: thin solid green; padding: 5px; }"
          text run at (376,15) width 0: " "
          text run at (0,30) width 392: "TH { border: medium solid purple; padding: 5px; }"
          text run at (392,30) width 0: " "
          text run at (0,45) width 360: "TABLE.one, TABLE.two { border-spacing: 1em; }"
          text run at (360,45) width 0: " "
          text run at (0,60) width 320: "TABLE.one { border-collapse: collapse; }"
          text run at (320,60) width 0: " "
          text run at (0,75) width 320: "TABLE.two { border-collapse: separate; }"
          text run at (320,75) width 0: " "
          text run at (0,90) width 536: "TABLE.three { border-collapse: separate; border-spacing: 0 0.5em; }"
          text run at (536,90) width 0: " "
          text run at (0,105) width 528: "TABLE.four { border-collapse: separate; border-spacing: 0.5em 0; }"
          text run at (528,105) width 0: " "
          text run at (0,120) width 328: "TABLE.five { border-collapse: separate; }"
          text run at (328,120) width 0: " "
          text run at (0,135) width 464: "TABLE.five, TABLE.five TD, TABLE.five TH { border: none; }"
          text run at (464,135) width 0: " "
          text run at (0,150) width 688: "TABLE.five TR, TABLE.five COL, TABLE.five COLGROUP, TABLE.five TBODY, TABLE.five THEAD"
          text run at (688,150) width 0: " "
          text run at (0,165) width 264: "    { border: medium solid red; }"
          text run at (264,165) width 0: " "
      RenderBlock {DIV} at (0,283) size 1428x585
        RenderTable {TABLE} at (16,16) size 227x552 [border: (1px solid #0000FF)]
          RenderTableSection {TBODY} at (1,1) size 224x549
            RenderTableRow {TR} at (0,0) size 30x549
              RenderTableCell {TH} at (0,0) size 30x184 [border: (2px solid #800080)] [r=0 c=0 rs=1 cs=1]
                RenderText {#text} at (6,51) size 17x83
                  text run at (6,51) width 82: "Header One"
              RenderTableCell {TH} at (0,184) size 30x173 [border: (2px solid #800080)] [r=0 c=1 rs=1 cs=1]
                RenderText {#text} at (6,44) size 17x86
                  text run at (6,44) width 85: "Header Two"
              RenderTableCell {TH} at (0,357) size 30x192 [border: (2px solid #800080)] [r=0 c=2 rs=1 cs=1]
                RenderText {#text} at (6,49) size 17x95
                  text run at (6,49) width 95: "Header Three"
            RenderTableRow {TR} at (0,30) size 97x549
              RenderTableCell {TD} at (30,25) size 97x133 [border: (2px solid #008000)] [r=1 c=0 rs=1 cs=1]
                RenderText {#text} at (31,-18) size 34x157
                  text run at (31,-18) width 116: "This table uses the"
                  text run at (48,-18) width 157: "collapsed borders model."
              RenderTableCell {TD} at (30,201) size 97x139 [border: (1px solid #008000)] [r=1 c=1 rs=1 cs=1]
                RenderText {#text} at (23,-11) size 51x158
                  text run at (23,-11) width 158: "This means that elements"
                  text run at (40,-11) width 143: "within the cell have no"
                  text run at (57,-11) width 98: "border-spacing."
              RenderTableCell {TD} at (30,357) size 97x192 [border: (1px solid #008000)] [r=1 c=2 rs=1 cs=1]
                RenderText {#text} at (6,6) size 85x168
                  text run at (6,6) width 135: "Since it has collapsed"
                  text run at (23,6) width 168: "borders, the borders on the"
                  text run at (40,6) width 82: "header cells, "
                  text run at (40,88) width 74: "on all sides,"
                  text run at (57,6) width 150: "should be medium solid"
                  text run at (74,6) width 44: "purple."
            RenderTableRow {TR} at (0,127) size 97x549
              RenderTableCell {TD} at (127,0) size 97x184 [border: (2px solid #008000)] [r=2 c=0 rs=1 cs=1]
                RenderText {#text} at (5,7) size 85x153
                  text run at (5,7) width 144: "The border of the table"
                  text run at (22,7) width 150: "itself should be medium"
                  text run at (39,7) width 114: "solid blue, except "
                  text run at (39,121) width 39: "where"
                  text run at (56,7) width 153: "header cells override the"
                  text run at (73,7) width 45: "border."
              RenderTableCell {TD} at (127,184) size 97x173 [border: (1px solid #008000)] [r=2 c=1 rs=1 cs=1]
                RenderText {#text} at (5,6) size 85x161
                  text run at (5,6) width 161: "The borders that I haven't"
                  text run at (22,6) width 140: "already mentioned (all"
                  text run at (39,6) width 110: "the other internal "
                  text run at (39,116) width 34: "ones)"
                  text run at (56,6) width 123: "should be thin solid"
                  text run at (73,6) width 39: "green."
              RenderTableCell {TD} at (127,357) size 97x192 [border: (1px solid #008000)] [r=2 c=2 rs=1 cs=1]
                RenderText {#text} at (5,6) size 68x153
                  text run at (5,6) width 153: "This table should have a"
                  text run at (22,6) width 142: "1em margin around all"
                  text run at (39,6) width 44: "edges. "
                  text run at (39,50) width 80: "This margin "
                  text run at (39,130) width 10: "is"
                  text run at (56,6) width 121: "measured from the "
                RenderInline {EM} at (0,0) size 17x43
                  RenderText {#text} at (56,127) size 17x43
                    text run at (56,127) width 43: "middle"
                RenderText {#text} at (73,6) size 17x80
                  text run at (73,6) width 80: "of its border."
        RenderTable {TABLE} at (259,16) size 280x552 [border: (3px solid #0000FF)]
          RenderTableSection {TBODY} at (3,3) size 274x546
            RenderTableRow {TR} at (0,16) size 33x546
              RenderTableCell {TH} at (16,16) size 33x117 [border: (3px solid #800080)] [r=0 c=0 rs=1 cs=1]
                RenderText {#text} at (8,17) size 17x83
                  text run at (8,17) width 82: "Header One"
              RenderTableCell {TH} at (16,149) size 33x139 [border: (3px solid #800080)] [r=0 c=1 rs=1 cs=1]
                RenderText {#text} at (8,27) size 17x85
                  text run at (8,27) width 85: "Header Two"
              RenderTableCell {TH} at (16,304) size 33x226 [border: (3px solid #800080)] [r=0 c=2 rs=1 cs=1]
                RenderText {#text} at (8,65) size 17x96
                  text run at (8,65) width 95: "Header Three"
            RenderTableRow {TR} at (0,65) size 80x546
              RenderTableCell {TD} at (65,24) size 80x100 [border: (1px solid #008000)] [r=1 c=0 rs=1 cs=1]
                RenderText {#text} at (14,-2) size 51x94
                  text run at (14,-2) width 93: "This table uses"
                  text run at (31,-2) width 82: "the separated"
                  text run at (48,-2) width 94: "borders model."
              RenderTableCell {TD} at (65,149) size 80x139 [border: (1px solid #008000)] [r=1 c=1 rs=1 cs=1]
                RenderText {#text} at (6,6) size 68x122
                  text run at (6,6) width 99: "This means that"
                  text run at (23,6) width 122: "elements within the"
                  text run at (40,6) width 106: "cell have border-"
                  text run at (57,6) width 100: "spacing of 1em."
              RenderTableCell {TD} at (65,312) size 80x209 [border: (1px solid #008000)] [r=1 c=2 rs=1 cs=1]
                RenderText {#text} at (14,-2) size 51x201
                  text run at (14,-2) width 201: "The borders on the header cells,"
                  text run at (31,-2) width 194: "on all sides, should be medium"
                  text run at (48,-2) width 78: "solid purple."
            RenderTableRow {TR} at (0,161) size 97x546
              RenderTableCell {TD} at (161,16) size 97x117 [border: (1px solid #008000)] [r=2 c=0 rs=1 cs=1]
                RenderText {#text} at (6,6) size 85x87
                  text run at (6,6) width 87: "The border of"
                  text run at (23,6) width 87: "the table itself"
                  text run at (40,6) width 61: "should be"
                  text run at (57,6) width 85: "medium solid"
                  text run at (74,6) width 31: "blue."
              RenderTableCell {TD} at (161,166) size 97x105 [border: (1px solid #008000)] [r=2 c=1 rs=1 cs=1]
                RenderText {#text} at (23,-11) size 51x120
                  text run at (23,-11) width 93: "The borders of"
                  text run at (40,-11) width 110: "other cells should"
                  text run at (57,-11) width 120: "be thin solid green."
              RenderTableCell {TD} at (161,312) size 97x209 [border: (1px solid #008000)] [r=2 c=2 rs=1 cs=1]
                RenderText {#text} at (14,-2) size 51x187
                  text run at (14,-2) width 184: "This table should have a 1em"
                  text run at (31,-2) width 159: "margin around all edges. "
                  text run at (31,157) width 28: "This"
                  text run at (48,-2) width 48: "margin "
                  text run at (48,46) width 131: "is measured from the"
                RenderInline {EM} at (0,0) size 17x67
                  RenderText {#text} at (65,-2) size 17x67
                    text run at (65,-2) width 67: "outer edge"
                RenderText {#text} at (65,65) size 17x84
                  text run at (65,65) width 84: " of its border."
        RenderTable {TABLE} at (555,16) size 299x552 [border: (3px solid #0000FF)]
          RenderTableSection {TBODY} at (3,3) size 293x546
            RenderTableRow {TR} at (0,8) size 33x546
              RenderTableCell {TH} at (8,0) size 33x141 [border: (3px solid #800080)] [r=0 c=0 rs=1 cs=1]
                RenderText {#text} at (8,29) size 17x83
                  text run at (8,29) width 82: "Header One"
              RenderTableCell {TH} at (8,141) size 33x199 [border: (3px solid #800080)] [r=0 c=1 rs=1 cs=1]
                RenderText {#text} at (8,57) size 17x85
                  text run at (8,57) width 85: "Header Two"
              RenderTableCell {TH} at (8,340) size 33x206 [border: (3px solid #800080)] [r=0 c=2 rs=1 cs=1]
                RenderText {#text} at (8,55) size 17x96
                  text run at (8,55) width 95: "Header Three"
            RenderTableRow {TR} at (0,49) size 114x546
              RenderTableCell {TD} at (49,25) size 114x90 [border: (1px solid #008000)] [r=1 c=0 rs=1 cs=1]
                RenderText {#text} at (31,-19) size 51x116
                  text run at (31,-19) width 116: "This table uses the"
                  text run at (48,-19) width 110: "separated borders"
                  text run at (65,-19) width 43: "model."
              RenderTableCell {TD} at (49,141) size 114x199 [border: (1px solid #008000)] [r=1 c=1 rs=1 cs=1]
                RenderText {#text} at (6,6) size 102x185
                  text run at (6,6) width 185: "Elements within the cell have"
                  text run at (23,6) width 161: "horizontal border-spacing"
                  text run at (40,6) width 89: "(i.e., width of "
                  text run at (40,95) width 84: "vertical lines)"
                  text run at (57,6) width 106: "of 0 and vertical "
                  text run at (57,112) width 46: "border-"
                  text run at (74,6) width 140: "spacing (i.e., height of"
                  text run at (91,6) width 165: "horizontal lines) of 0.5em."
              RenderTableCell {TD} at (49,365) size 114x155 [border: (1px solid #008000)] [r=1 c=2 rs=1 cs=1]
                RenderText {#text} at (31,-19) size 51x175
                  text run at (31,-19) width 165: "The borders on the header"
                  text run at (48,-19) width 36: "cells, "
                  text run at (48,17) width 139: "on all sides, should be"
                  text run at (65,-19) width 133: "medium solid purple."
            RenderTableRow {TR} at (0,171) size 114x546
              RenderTableCell {TD} at (171,0) size 114x141 [border: (1px solid #008000)] [r=2 c=0 rs=1 cs=1]
                RenderText {#text} at (6,6) size 102x129
                  text run at (6,6) width 110: "The border of the"
                  text run at (23,6) width 129: "table itself should be"
                  text run at (40,6) width 120: "medium solid blue."
                  text run at (57,6) width 129: "The borders of other"
                  text run at (74,6) width 121: "cells should be thin"
                  text run at (91,6) width 73: "solid green."
              RenderTableCell {TD} at (171,158) size 114x165 [border: (1px solid #008000)] [r=2 c=1 rs=1 cs=1]
                RenderText {#text} at (23,-11) size 51x187
                  text run at (23,-11) width 184: "This table should have a 1em"
                  text run at (40,-11) width 159: "margin around all edges. "
                  text run at (40,148) width 28: "This"
                  text run at (57,-11) width 48: "margin "
                  text run at (57,37) width 131: "is measured from the"
                RenderInline {EM} at (0,0) size 17x67
                  RenderText {#text} at (74,-11) size 17x67
                    text run at (74,-11) width 67: "outer edge"
                RenderText {#text} at (74,56) size 17x84
                  text run at (74,56) width 84: " of its border."
              RenderTableCell {TD} at (171,340) size 114x206 [border: (1px solid #008000)] [r=2 c=2 rs=1 cs=1]
                RenderText {#text} at (6,6) size 102x192
                  text run at (6,6) width 188: "The table should not be wider"
                  text run at (23,6) width 181: "than the room available for it"
                  text run at (40,6) width 43: "unless "
                  text run at (40,49) width 149: "that space is very small."
                  text run at (57,6) width 169: "Because of its margins, the"
                  text run at (74,6) width 80: "width of the "
                  text run at (74,86) width 95: "table should be"
                  text run at (91,6) width 99: "less than 100%."
        RenderTable {TABLE} at (870,16) size 267x552 [border: (3px solid #0000FF)]
          RenderTableSection {TBODY} at (3,3) size 261x546
            RenderTableRow {TR} at (0,0) size 33x546
              RenderTableCell {TH} at (0,8) size 33x148 [border: (3px solid #800080)] [r=0 c=0 rs=1 cs=1]
                RenderText {#text} at (8,33) size 17x82
                  text run at (8,33) width 82: "Header One"
              RenderTableCell {TH} at (0,164) size 33x150 [border: (3px solid #800080)] [r=0 c=1 rs=1 cs=1]
                RenderText {#text} at (8,32) size 17x86
                  text run at (8,32) width 85: "Header Two"
              RenderTableCell {TH} at (0,322) size 33x216 [border: (3px solid #800080)] [r=0 c=2 rs=1 cs=1]
                RenderText {#text} at (8,60) size 17x96
                  text run at (8,60) width 95: "Header Three"
            RenderTableRow {TR} at (0,33) size 97x546
              RenderTableCell {TD} at (33,25) size 97x114 [border: (1px solid #008000)] [r=1 c=0 rs=1 cs=1]
                RenderText {#text} at (23,-11) size 51x116
                  text run at (23,-11) width 116: "This table uses the"
                  text run at (40,-11) width 110: "separated borders"
                  text run at (57,-11) width 43: "model."
              RenderTableCell {TD} at (33,164) size 97x150 [border: (1px solid #008000)] [r=1 c=1 rs=1 cs=1]
                RenderText {#text} at (6,6) size 85x127
                  text run at (6,6) width 125: "Elements within the"
                  text run at (23,6) width 123: "cell have horizontal"
                  text run at (40,6) width 111: "border-spacing of"
                  text run at (57,6) width 116: "0.5em and vertical"
                  text run at (74,6) width 127: "border-spacing of 0."
              RenderTableCell {TD} at (33,339) size 97x182 [border: (1px solid #008000)] [r=1 c=2 rs=1 cs=1]
                RenderText {#text} at (23,-11) size 51x201
                  text run at (23,-11) width 201: "The borders on the header cells,"
                  text run at (40,-11) width 194: "on all sides, should be medium"
                  text run at (57,-11) width 78: "solid purple."
            RenderTableRow {TR} at (0,130) size 131x546
              RenderTableCell {TD} at (130,16) size 131x131 [border: (1px solid #008000)] [r=2 c=0 rs=1 cs=1]
                RenderText {#text} at (14,-2) size 102x129
                  text run at (14,-2) width 110: "The border of the"
                  text run at (31,-2) width 129: "table itself should be"
                  text run at (48,-2) width 120: "medium solid blue."
                  text run at (65,-2) width 129: "The borders of other"
                  text run at (82,-2) width 121: "cells should be thin"
                  text run at (99,-2) width 73: "solid green."
              RenderTableCell {TD} at (130,164) size 131x150 [border: (1px solid #008000)] [r=2 c=1 rs=1 cs=1]
                RenderText {#text} at (6,6) size 85x120
                  text run at (6,6) width 108: "This table should"
                  text run at (23,6) width 120: "have a 1em margin"
                  text run at (40,6) width 107: "around all edges."
                  text run at (57,6) width 80: "This margin "
                  text run at (57,86) width 10: "is"
                  text run at (74,6) width 117: "measured from the"
                RenderInline {EM} at (0,0) size 17x67
                  RenderText {#text} at (91,6) size 17x67
                    text run at (91,6) width 67: "outer edge"
                RenderText {#text} at (91,73) size 34x102
                  text run at (91,73) width 35: " of its"
                  text run at (108,6) width 45: "border."
              RenderTableCell {TD} at (130,330) size 131x199 [border: (1px solid #008000)] [r=2 c=2 rs=1 cs=1]
                RenderText {#text} at (14,-2) size 102x202
                  text run at (14,-2) width 188: "The table should not be wider"
                  text run at (31,-2) width 181: "than the room available for it"
                  text run at (48,-2) width 43: "unless "
                  text run at (48,41) width 149: "that space is very small."
                  text run at (65,-2) width 169: "Because of its margins, the"
                  text run at (82,-2) width 80: "width of the "
                  text run at (82,78) width 122: "table should be less"
                  text run at (99,-2) width 72: "than 100%."
        RenderTable {TABLE} at (1153,16) size 259x552
          RenderBlock {CAPTION} at (0,0) size 17x552
            RenderText {#text} at (0,216) size 17x120
              text run at (0,216) width 119: "This is the caption."
          RenderTableCol {COLGROUP} at (0,0) size 0x0 [border: (3px solid #FF0000)]
            RenderTableCol {COL} at (0,0) size 0x0 [border: (3px solid #FF0000)]
          RenderTableCol {COLGROUP} at (0,0) size 0x0 [border: (3px solid #FF0000)]
            RenderTableCol {COL} at (0,0) size 0x0 [border: (3px solid #FF0000)]
            RenderTableCol {COL} at (0,0) size 0x0 [border: (3px solid #FF0000)]
          RenderTableSection {THEAD} at (17,0) size 48x552 [border: (3px solid #FF0000)]
            RenderTableRow {TR} at (0,2) size 44x552 [border: (3px solid #FF0000)]
              RenderTableCell {TH} at (2,2) size 44x89 [r=0 c=0 rs=1 cs=1]
                RenderText {#text} at (5,19) size 34x51
                  text run at (5,19) width 50: "Header"
                  text run at (22,30) width 28: "One"
              RenderTableCell {TH} at (2,101) size 44x222 [r=0 c=1 rs=1 cs=1]
                RenderText {#text} at (13,69) size 17x85
                  text run at (13,69) width 85: "Header Two"
              RenderTableCell {TH} at (2,342) size 44x199 [r=0 c=2 rs=1 cs=1]
                RenderText {#text} at (13,52) size 17x96
                  text run at (13,52) width 95: "Header Three"
          RenderTableSection {TBODY} at (65,0) size 194x552 [border: (3px solid #FF0000)]
            RenderTableRow {TR} at (0,0) size 95x552 [border: (3px solid #FF0000)]
              RenderTableCell {TD} at (0,2) size 95x89 [r=0 c=0 rs=1 cs=1]
                RenderText {#text} at (5,5) size 85x62
                  text run at (5,5) width 62: "This table"
                  text run at (22,5) width 50: "uses the"
                  text run at (39,5) width 59: "separated"
                  text run at (56,5) width 47: "borders"
                  text run at (73,5) width 43: "model."
              RenderTableCell {TD} at (0,110) size 95x205 [r=0 c=1 rs=1 cs=1]
                RenderText {#text} at (22,-12) size 51x227
                  text run at (22,-12) width 227: "This means that borders are allowed"
                  text run at (39,-12) width 196: "only on table elements or table "
                  text run at (39,184) width 22: "cell"
                  text run at (56,-12) width 59: "elements."
              RenderTableCell {TD} at (0,342) size 95x199 [r=0 c=2 rs=1 cs=1]
                RenderText {#text} at (13,-3) size 68x182
                  text run at (13,-3) width 154: "They are not allowed on"
                  text run at (30,-3) width 182: "elements that represent rows,"
                  text run at (47,-3) width 155: "row-groups, columns, or"
                  text run at (64,-3) width 99: "column-groups."
            RenderTableRow {TR} at (0,97) size 95x552 [border: (3px solid #FF0000)]
              RenderTableCell {TD} at (97,2) size 95x89 [r=1 c=0 rs=1 cs=1]
                RenderText {#text} at (5,5) size 85x76
                  text run at (5,5) width 37: "There"
                  text run at (22,5) width 61: "should be"
                  text run at (39,5) width 67: "no borders"
                  text run at (56,5) width 76: "at all on this"
                  text run at (73,5) width 35: "table!"
              RenderTableCell {TD} at (97,101) size 95x222 [r=1 c=1 rs=1 cs=1]
                RenderText {#text} at (13,-3) size 68x219
                  text run at (13,-3) width 219: "If there are any borders shown that"
                  text run at (30,-3) width 195: "are not medium solid red, then "
                  text run at (30,192) width 19: "the"
                  text run at (47,-3) width 202: "problem is something other than"
                  text run at (64,-3) width 145: "what this test is testing."
              RenderTableCell {TD} at (97,342) size 95x199 [r=1 c=2 rs=1 cs=1]
                RenderText {#text} at (13,-3) size 51x187
                  text run at (13,-3) width 184: "This table should have a 1em"
                  text run at (30,-3) width 159: "margin around all edges. "
                  text run at (30,156) width 28: "This"
                  text run at (47,-3) width 48: "margin "
                  text run at (47,45) width 131: "is measured from the"
                RenderInline {EM} at (0,0) size 17x67
                  RenderText {#text} at (64,-3) size 17x67
                    text run at (64,-3) width 67: "outer edge"
                RenderText {#text} at (64,64) size 17x84
                  text run at (64,64) width 84: " of its border."
