layer at (0,0) size 800x600
  RenderView at (0,0) size 800x600
layer at (0,0) size 800x69
  RenderBlock {HTML} at (0,0) size 800x69
    RenderBody {BODY} at (8,8) size 784x53
      RenderBlock {DIV} at (0,0) size 784x34
        RenderText {#text} at (0,0) size 769x34
          text run at (0,0) width 769: "When the caret reaches the edge of the input box or content editable div, on the next input if must jump to the center of the"
          text run at (0,17) width 48: "control."
layer at (8,42) size 82x19 clip at (9,43) size 80x17 scrollX 42 scrollWidth 337
  RenderBlock {DIV} at (0,34) size 82x19 [border: (1px solid #000000)]
    RenderText {#text} at (1,1) size 336x17
      text run at (1,1) width 336: "012345678901012345678901234567890123456789"
caret: position 12 of child 0 {#text} of child 5 {DIV} of body
