layer at (0,0) size 800x600
  RenderView at (0,0) size 800x600
layer at (0,0) size 800x205
  RenderBlock {HTML} at (0,0) size 800x205
    RenderBody {BODY} at (8,8) size 784x189
      RenderBlock {DIV} at (0,0) size 784x17
        RenderText {#text} at (0,0) size 595x17
          text run at (0,0) width 595: "When the caret is scrolled out, on starting typing it must be brought to the center of the control."
layer at (8,25) size 784x172 clip at (9,26) size 767x155 scrollY 238 scrollHeight 527
  RenderBlock {DIV} at (0,17) size 784x172 [border: (1px solid #000000)]
    RenderText {#text} at (1,1) size 16x17
      text run at (1,1) width 16: "00"
    RenderBR {BR} at (17,1) size 0x17
    RenderText {#text} at (1,18) size 16x17
      text run at (1,18) width 16: "01"
    RenderBR {BR} at (17,18) size 0x17
    RenderText {#text} at (1,35) size 16x17
      text run at (1,35) width 16: "02"
    RenderBR {BR} at (17,35) size 0x17
    RenderText {#text} at (1,52) size 16x17
      text run at (1,52) width 16: "03"
    RenderBR {BR} at (17,52) size 0x17
    RenderText {#text} at (1,69) size 16x17
      text run at (1,69) width 16: "04"
    RenderBR {BR} at (17,69) size 0x17
    RenderText {#text} at (1,86) size 16x17
      text run at (1,86) width 16: "05"
    RenderBR {BR} at (17,86) size 0x17
    RenderText {#text} at (1,103) size 16x17
      text run at (1,103) width 16: "06"
    RenderBR {BR} at (17,103) size 0x17
    RenderText {#text} at (1,120) size 16x17
      text run at (1,120) width 16: "07"
    RenderBR {BR} at (17,120) size 0x17
    RenderText {#text} at (1,137) size 16x17
      text run at (1,137) width 16: "08"
    RenderBR {BR} at (17,137) size 0x17
    RenderText {#text} at (1,154) size 16x17
      text run at (1,154) width 16: "09"
    RenderBR {BR} at (17,154) size 0x17
    RenderText {#text} at (1,171) size 16x17
      text run at (1,171) width 16: "10"
    RenderBR {BR} at (17,171) size 0x17
    RenderText {#text} at (1,188) size 16x17
      text run at (1,188) width 16: "11"
    RenderBR {BR} at (17,188) size 0x17
    RenderText {#text} at (1,205) size 16x17
      text run at (1,205) width 16: "12"
    RenderBR {BR} at (17,205) size 0x17
    RenderText {#text} at (1,222) size 16x17
      text run at (1,222) width 16: "13"
    RenderBR {BR} at (17,222) size 0x17
    RenderText {#text} at (1,239) size 16x17
      text run at (1,239) width 16: "14"
    RenderBR {BR} at (17,239) size 0x17
    RenderText {#text} at (1,256) size 16x17
      text run at (1,256) width 16: "15"
    RenderBR {BR} at (17,256) size 0x17
    RenderText {#text} at (1,273) size 16x17
      text run at (1,273) width 16: "16"
    RenderBR {BR} at (17,273) size 0x17
    RenderText {#text} at (1,290) size 16x17
      text run at (1,290) width 16: "17"
    RenderBR {BR} at (17,290) size 0x17
    RenderText {#text} at (1,307) size 25x17
      text run at (1,307) width 25: ">18"
    RenderBR {BR} at (26,307) size 0x17
    RenderText {#text} at (1,324) size 16x17
      text run at (1,324) width 16: "19"
    RenderBR {BR} at (17,324) size 0x17
    RenderText {#text} at (1,341) size 16x17
      text run at (1,341) width 16: "20"
    RenderBR {BR} at (17,341) size 0x17
    RenderText {#text} at (1,358) size 16x17
      text run at (1,358) width 16: "21"
    RenderBR {BR} at (17,358) size 0x17
    RenderText {#text} at (1,375) size 16x17
      text run at (1,375) width 16: "22"
    RenderBR {BR} at (17,375) size 0x17
    RenderText {#text} at (1,392) size 16x17
      text run at (1,392) width 16: "23"
    RenderBR {BR} at (17,392) size 0x17
    RenderText {#text} at (1,409) size 16x17
      text run at (1,409) width 16: "24"
    RenderBR {BR} at (17,409) size 0x17
    RenderText {#text} at (1,426) size 16x17
      text run at (1,426) width 16: "25"
    RenderBR {BR} at (17,426) size 0x17
    RenderText {#text} at (1,443) size 16x17
      text run at (1,443) width 16: "26"
    RenderBR {BR} at (17,443) size 0x17
    RenderText {#text} at (1,460) size 16x17
      text run at (1,460) width 16: "27"
    RenderBR {BR} at (17,460) size 0x17
    RenderText {#text} at (1,477) size 16x17
      text run at (1,477) width 16: "28"
    RenderBR {BR} at (17,477) size 0x17
    RenderText {#text} at (1,494) size 16x17
      text run at (1,494) width 16: "29"
    RenderBR {BR} at (17,494) size 0x17
    RenderText {#text} at (1,511) size 16x17
      text run at (1,511) width 16: "30"
    RenderBR {BR} at (17,511) size 0x17
caret: position 1 of child 36 {#text} of child 5 {DIV} of body
