layer at (0,0) size 800x600
  RenderView at (0,0) size 800x600
layer at (0,0) size 800x600
  RenderBlock {HTML} at (0,0) size 800x600
    RenderBody {BODY} at (8,8) size 784x584
      RenderText {#text} at (0,0) size 336x19
        text run at (0,0) width 336: "This tests that you can set the placeholder text color."
      RenderBR {BR} at (335,15) size 1x0
      RenderText {#text} at (139,43) size 4x19
        text run at (139,43) width 4: " "
      RenderText {#text} at (282,43) size 4x19
        text run at (282,43) width 4: " "
      RenderText {#text} at (425,43) size 4x19
        text run at (425,43) width 4: " "
      RenderText {#text} at (0,0) size 0x0
layer at (10,30) size 135x34 clip at (11,31) size 133x32
  RenderTextControl {TEXTAREA} at (2,22) size 135x34 [bgcolor=#FFFFFF] [border: (1px solid #4C4C4C)]
    RenderBlock {DIV} at (3,3) size 129x14
    RenderBlock {DIV} at (3,3) size 129x14 [color=#640000]
      RenderText {#text} at (2,0) size 18x14
        text run at (2,0) width 18: "text"
layer at (296,30) size 135x34 clip at (297,31) size 133x32
  RenderTextControl {TEXTAREA} at (288,22) size 135x34 [bgcolor=#FFFFFF] [border: (1px solid #4C4C4C)]
    RenderBlock {DIV} at (3,3) size 129x14
    RenderBlock {DIV} at (3,3) size 129x14 [color=#A9A9A9]
      RenderText {#text} at (2,0) size 34x14
        text run at (2,0) width 34: "default"
layer at (153,30) size 135x34 clip at (154,31) size 133x32
  RenderTextControl {TEXTAREA} at (145,22) size 135x34 [bgcolor=#FFFFFF] [border: (1px solid #4C4C4C)]
    RenderBlock {DIV} at (3,3) size 129x14 [color=#545454]
    RenderBlock {DIV} at (3,3) size 129x14 [color=#640000]
      RenderText {#text} at (2,0) size 62x14
        text run at (2,0) width 62: "disabled text"
layer at (439,30) size 135x34 clip at (440,31) size 133x32
  RenderTextControl {TEXTAREA} at (431,22) size 135x34 [bgcolor=#FFFFFF] [border: (1px solid #4C4C4C)]
    RenderBlock {DIV} at (3,3) size 129x14 [color=#545454]
    RenderBlock {DIV} at (3,3) size 129x14 [color=#A9A9A9]
      RenderText {#text} at (2,0) size 78x14
        text run at (2,0) width 78: "default disabled"
