layer at (0,0) size 800x600
  RenderView at (0,0) size 800x600
layer at (0,0) size 800x600
  RenderBlock {HTML} at (0,0) size 800x600
    RenderBody {BODY} at (8,8) size 784x584
      RenderBlock (anonymous) at (0,0) size 784x133
        RenderText {#text} at (0,0) size 515x19
          text run at (0,0) width 515: "This tests that typing in a scrolled textarea does not cause unnecessary scrolling."
        RenderBR {BR} at (514,15) size 1x0
        RenderText {#text} at (139,113) size 4x19
          text run at (139,113) width 4: " "
        RenderBR {BR} at (143,128) size 0x0
      RenderBlock {DIV} at (0,133) size 784x0
layer at (10,30) size 135x104 clip at (11,31) size 133x102 scrollY 196 scrollHeight 298
  RenderTextControl {TEXTAREA} at (2,22) size 135x104 [bgcolor=#FFFFFF] [border: (1px solid #4C4C4C)]
    RenderBlock {DIV} at (3,3) size 129x294
      RenderText {#text} at (3,0) size 40x280
        text run at (3,0) width 7: "1"
        text run at (9,0) width 1: " "
        text run at (3,14) width 7: "2"
        text run at (9,14) width 1: " "
        text run at (3,28) width 7: "3"
        text run at (9,28) width 1: " "
        text run at (3,42) width 7: "4"
        text run at (9,42) width 1: " "
        text run at (3,56) width 7: "5"
        text run at (9,56) width 1: " "
        text run at (3,70) width 7: "6"
        text run at (9,70) width 1: " "
        text run at (3,84) width 7: "7"
        text run at (9,84) width 1: " "
        text run at (3,98) width 7: "8"
        text run at (9,98) width 1: " "
        text run at (3,112) width 7: "9"
        text run at (9,112) width 1: " "
        text run at (3,126) width 13: "10"
        text run at (15,126) width 1: " "
        text run at (3,140) width 12: "11"
        text run at (14,140) width 1: " "
        text run at (3,154) width 13: "12"
        text run at (15,154) width 1: " "
        text run at (3,168) width 13: "13"
        text run at (15,168) width 1: " "
        text run at (3,182) width 13: "14"
        text run at (15,182) width 1: " "
        text run at (3,196) width 13: "15"
        text run at (15,196) width 1: " "
        text run at (3,210) width 13: "16"
        text run at (15,210) width 1: " "
        text run at (3,224) width 13: "17"
        text run at (15,224) width 1: " "
        text run at (3,238) width 40: "18 Pass"
        text run at (42,238) width 1: " "
        text run at (3,252) width 13: "19"
        text run at (15,252) width 1: " "
        text run at (3,266) width 13: "20"
        text run at (15,266) width 1: " "
      RenderBR {BR} at (3,280) size 0x14
caret: position 49 of child 0 {#text} of child 0 {DIV} of {#document-fragment} of child 3 {TEXTAREA} of body
