layer at (0,0) size 800x600
  RenderView at (0,0) size 800x600
layer at (0,0) size 800x111
  RenderBlock {HTML} at (0,0) size 800x111
    RenderBody {BODY} at (8,16) size 784x87
      RenderBlock {P} at (0,0) size 784x17
        RenderText {#text} at (0,0) size 512x17
          text run at (0,0) width 512: "Test passes if there are two pairs of black and blue 'Filler Text' instances on page."
      RenderBlock {DIV} at (0,33) size 784x27
        RenderText {#text} at (678,0) size 106x27
          text run at (678,0) width 106: "Filler Text"
      RenderBlock {DIV} at (0,60) size 784x27
        RenderText {#text} at (678,0) size 106x27
          text run at (678,0) width 106: "Filler Text"
