layer at (0,0) size 800x600
  RenderView at (0,0) size 800x600
layer at (0,0) size 800x255
  RenderBlock {HTML} at (0,0) size 800x255
    RenderBody {BODY} at (8,16) size 784x231
      RenderBlock {P} at (0,0) size 784x17
        RenderText {#text} at (0,0) size 303x17
          text run at (0,0) width 303: "Test passes if there is no red visible on the page."
      RenderBlock {DIV} at (0,33) size 784x198
        RenderBlock (anonymous) at (0,0) size 784x66
          RenderText {#text} at (0,0) size 242x66
            text run at (0,0) width 242: "FillerText"
        RenderBlock {DIV} at (0,66) size 784x66
          RenderText {#text} at (0,0) size 242x66
            text run at (0,0) width 242: "FillerText"
        RenderBlock (anonymous) at (0,132) size 784x66
          RenderText {#text} at (0,0) size 242x66
            text run at (0,0) width 242: "FillerText"
