layer at (0,0) size 800x600
  RenderView at (0,0) size 800x600
layer at (0,0) size 800x600
  RenderBlock {HTML} at (0,0) size 800x600
    RenderBody {BODY} at (8,8) size 784x584
      RenderBlock (floating) {P} at (0,16) size 649x21 [border: (2px solid #008000)]
        RenderText {#text} at (2,2) size 645x17
          text run at (2,2) width 645: "There should be 30px of word spacing between each word."
      RenderBlock {DIV} at (0,0) size 784x100
      RenderTable {TABLE} at (0,100) size 100x123
        RenderTableSection {TBODY} at (0,0) size 100x123
          RenderTableRow {TR} at (0,0) size 100x123
            RenderTableCell {TD} at (0,0) size 100x123 [r=0 c=0 rs=1 cs=1]
              RenderBlock {P} at (0,0) size 100x123 [border: (2px solid #008000)]
                RenderText {#text} at (2,2) size 85x119
                  text run at (2,2) width 37: "There"
                  text run at (2,19) width 76: "should be"
                  text run at (2,36) width 64: "15px of"
                  text run at (2,53) width 33: "word"
                  text run at (2,70) width 48: "spacing"
                  text run at (2,87) width 53: "between"
                  text run at (2,104) width 85: "each word."
