layer at (0,0) size 800x600
  RenderView at (0,0) size 800x600
layer at (0,0) size 800x600
  RenderBlock {HTML} at (0,0) size 800x600
    RenderBody {BODY} at (8,8) size 784x576
      RenderBlock (anonymous) at (0,0) size 784x51
        RenderText {#text} at (0,0) size 774x51
          text run at (0,0) width 508: "In this test, you should see three blocks that are aligned right within a black box. "
          text run at (508,0) width 266: "They should be stacked vertically with the"
          text run at (0,17) width 248: "green box in between two olive boxes. "
          text run at (248,17) width 502: "The olive boxes and the green box should be 100x100, and there should be 100"
          text run at (0,34) width 313: "pixels of padding on the left side of the box stack."
layer at (8,75) size 784x34
  RenderBlock (relative positioned) {DIV} at (0,67) size 784x34
    RenderText {#text} at (5,0) size 779x34
      text run at (5,0) width 779: "The black box's top should be aligned with the end of the last line in this parargaph and its right side should begin right after"
      text run at (633,17) width 4 RTL: "."
      text run at (637,17) width 147: "the end of this sentence"
    RenderText {#text} at (0,0) size 0x0
layer at (401,92) size 240x340
  RenderBlock (positioned) {SPAN} at (393,17) size 240x340 [border: (20px solid #000000)]
layer at (521,212) size 100x100
  RenderBlock (positioned) {DIV} at (120,120) size 100x100 [bgcolor=#008000]
layer at (521,112) size 100x100
  RenderBlock (positioned) {DIV} at (120,20) size 100x100 [bgcolor=#808000]
layer at (521,312) size 100x100
  RenderBlock (positioned) {DIV} at (120,220) size 100x100 [bgcolor=#808000]
