layer at (0,0) size 1000x269
  RenderView at (0,0) size 1000x269
layer at (0,0) size 1000x269
  RenderBlock {HTML} at (0,0) size 1000x269
    RenderBody {BODY} at (8,16) size 984x243
      RenderBlock {P} at (0,0) size 984x17
        RenderText {#text} at (0,0) size 445x17
          text run at (0,0) width 445: "You should see two green squares below on screen, and when printed."
      RenderBlock {DIV} at (10,33) size 100x100 [bgcolor=#008000]
layer at (18,159) size 100x100
  RenderBlock {DIV} at (10,143) size 100x100 [bgcolor=#008000]
