layer at (0,0) size 1000x323
  RenderView at (0,0) size 1000x323
layer at (0,0) size 1000x323
  RenderBlock {HTML} at (0,0) size 1000x323
    RenderBody {BODY} at (8,8) size 984x307
      RenderIFrame {IFRAME} at (0,200) size 304x104 [border: (2px inset #000000)]
        layer at (0,0) size 300x100
          RenderView at (0,0) size 300x100
        layer at (0,0) size 300x33
          RenderBlock {HTML} at (0,0) size 300x33
            RenderBody {BODY} at (8,8) size 284x17
              RenderText {#text} at (0,0) size 242x17
                text run at (0,0) width 242: "You should see this text when printed."
      RenderText {#text} at (304,290) size 4x17
        text run at (304,290) width 4: " "
      RenderIFrame {IFRAME} at (308,0) size 304x304 [border: (2px inset #000000)]
        layer at (0,0) size 300x300
          RenderView at (0,0) size 300x300
        layer at (43,0) size 257x300
          RenderBlock {HTML} at (0,0) size 257x300
            RenderBody {BODY} at (8,8) size 241x284
              RenderText {#text} at (0,0) size 17x246
                text run at (0,0) width 246: "You should see this text when printed. "
              RenderBR {BR} at (0,246) size 17x0
              RenderText {#text} at (17,0) size 17x161
                text run at (17,0) width 161: "Vertical text on the right. "
              RenderBR {BR} at (17,161) size 17x0
              RenderIFrame {IFRAME} at (34,0) size 204x154 [border: (2px inset #000000)]
                layer at (0,0) size 200x150
                  RenderView at (0,0) size 200x150
                layer at (0,0) size 200x50
                  RenderBlock {HTML} at (0,0) size 200x50
                    RenderBody {BODY} at (8,8) size 184x34
                      RenderText {#text} at (0,0) size 151x34
                        text run at (0,0) width 151: "You should see this text"
                        text run at (0,17) width 87: "when printed."
              RenderText {#text} at (0,0) size 0x0
      RenderText {#text} at (0,0) size 0x0
