layer at (0,0) size 1000x65
  RenderView at (0,0) size 1000x65
layer at (1,1) size 998x63
  RenderBlock {HTML} at (1,1) size 998x63
    RenderBody {BODY} at (1,1) size 996x61
      RenderBlock {DIV} at (1,0) size 994x61 [border: (1px solid #000000)]
        RenderBlock (anonymous) at (1,1) size 992x17
          RenderText {#text} at (0,0) size 41x17
            text run at (0,0) width 41: "DIV 1"
        RenderBlock {DIV} at (2,19) size 990x40 [border: (1px solid #000000)]
          RenderBlock (anonymous) at (1,1) size 988x17
            RenderText {#text} at (0,0) size 41x17
              text run at (0,0) width 41: "DIV 2"
          RenderBlock {DIV} at (2,19) size 986x19 [border: (1px solid #000000)]
            RenderText {#text} at (1,1) size 320x17
              text run at (1,1) width 320: "The margins of divs should remain 1px in printing."
