layer at (0,0) size 800x600
  RenderView at (0,0) size 800x600
layer at (0,0) size 800x600
  RenderBlock {HTML} at (0,0) size 800x600
    RenderBody {BODY} at (8,8) size 784x584
      RenderBlock {DETAILS} at (0,0) size 784x34
        RenderBlock {SUMMARY} at (0,0) size 784x17
          RenderDetailsMarker {DIV} at (0,4) size 11x11: down
          RenderText {#text} at (16,0) size 59x17
            text run at (16,0) width 59: "summary"
        RenderBlock (anonymous) at (0,17) size 784x17
          RenderInline {B} at (0,0) size 142x17
            RenderText {#text} at (0,0) size 142x17
              text run at (0,0) width 142: "should have bold test"
