layer at (0,0) size 785x1463
  RenderView at (0,0) size 785x600
layer at (0,0) size 785x1463
  RenderBlock {HTML} at (0,0) size 785x1463
    RenderBody {BODY} at (8,8) size 769x1447
      RenderTable {TABLE} at (0,0) size 612x349 [border: (1px outset #808080)]
        RenderTableSection {TBODY} at (1,1) size 610x347
          RenderTableRow {TR} at (0,2) size 610x29
            RenderTableCell {TH} at (2,2) size 606x29 [border: (1px inset #808080)] [r=0 c=0 rs=1 cs=6]
              RenderText {#text} at (227,6) size 152x17
                text run at (227,6) width 152: "text-align not specified"
          RenderTableRow {TR} at (0,33) size 610x29
            RenderTableCell {TH} at (2,48) size 102x30 [border: (1px inset #808080)] [r=1 c=0 rs=2 cs=2]
              RenderText {#text} at (49,6) size 4x18
                text run at (49,7) width 4: " "
            RenderTableCell {TH} at (106,33) size 502x29 [border: (1px inset #808080)] [r=1 c=2 rs=1 cs=4]
              RenderText {#text} at (177,6) size 148x17
                text run at (177,6) width 148: "-webkit-writing-mode"
          RenderTableRow {TR} at (0,64) size 610x29
            RenderTableCell {TH} at (106,64) size 124x29 [border: (1px inset #808080)] [r=2 c=2 rs=1 cs=1]
              RenderText {#text} at (18,6) size 88x17
                text run at (18,6) width 88: "horizontal-tb"
            RenderTableCell {TH} at (232,64) size 124x29 [border: (1px inset #808080)] [r=2 c=3 rs=1 cs=1]
              RenderText {#text} at (18,6) size 88x17
                text run at (18,6) width 88: "horizontal-bt"
            RenderTableCell {TH} at (358,64) size 124x29 [border: (1px inset #808080)] [r=2 c=4 rs=1 cs=1]
              RenderText {#text} at (29,6) size 66x17
                text run at (29,6) width 66: "vertical-lr"
            RenderTableCell {TH} at (484,64) size 124x29 [border: (1px inset #808080)] [r=2 c=5 rs=1 cs=1]
              RenderText {#text} at (29,6) size 66x17
                text run at (29,6) width 66: "vertical-rl"
          RenderTableRow {TR} at (0,95) size 610x124
            RenderTableCell {TH} at (2,205) size 72x30 [border: (1px inset #808080)] [r=3 c=0 rs=4 cs=1]
              RenderText {#text} at (6,6) size 60x18
                text run at (6,7) width 60: "direction"
            RenderTableCell {TH} at (76,142) size 28x30 [border: (1px inset #808080)] [r=3 c=1 rs=1 cs=1]
              RenderText {#text} at (6,6) size 16x18
                text run at (6,7) width 16: "ltr"
            RenderTableCell {TD} at (106,95) size 124x124 [border: (1px solid #000000)] [r=3 c=2 rs=1 cs=1]
              RenderBlock {DIV} at (2,2) size 120x120
                RenderBlock {DETAILS} at (0,0) size 120x17
                  RenderBlock {SUMMARY} at (0,0) size 120x17
                    RenderDetailsMarker {DIV} at (0,4) size 11x11: right
                    RenderText {#text} at (16,0) size 59x17
                      text run at (16,0) width 59: "summary"
                RenderBlock {DETAILS} at (0,17) size 120x17
                  RenderBlock {SUMMARY} at (0,0) size 120x17
                    RenderDetailsMarker {DIV} at (0,4) size 11x11: down
                    RenderText {#text} at (16,0) size 59x17
                      text run at (16,0) width 59: "summary"
            RenderTableCell {TD} at (232,95) size 124x124 [border: (1px solid #000000)] [r=3 c=3 rs=1 cs=1]
              RenderBlock {DIV} at (2,2) size 120x120
                RenderBlock {DETAILS} at (0,0) size 120x17
                  RenderBlock {SUMMARY} at (0,0) size 120x17
                    RenderDetailsMarker {DIV} at (0,2) size 11x11: right
                    RenderText {#text} at (16,0) size 59x17
                      text run at (16,0) width 59: "summary"
                RenderBlock {DETAILS} at (0,17) size 120x17
                  RenderBlock {SUMMARY} at (0,0) size 120x17
                    RenderDetailsMarker {DIV} at (0,2) size 11x11: up
                    RenderText {#text} at (16,0) size 59x17
                      text run at (16,0) width 59: "summary"
            RenderTableCell {TD} at (358,95) size 124x124 [border: (1px solid #000000)] [r=3 c=4 rs=1 cs=1]
              RenderBlock {DIV} at (2,2) size 120x120
                RenderBlock {DETAILS} at (0,0) size 19x120
                  RenderBlock {SUMMARY} at (0,0) size 19x120
                    RenderDetailsMarker {DIV} at (2,0) size 11x11: down
                    RenderText {#text} at (0,10) size 17x59
                      text run at (0,10) width 58: "summary"
                RenderBlock {DETAILS} at (19,0) size 19x120
                  RenderBlock {SUMMARY} at (0,0) size 19x120
                    RenderDetailsMarker {DIV} at (2,0) size 11x11: right
                    RenderText {#text} at (0,10) size 17x59
                      text run at (0,10) width 58: "summary"
            RenderTableCell {TD} at (484,95) size 124x124 [border: (1px solid #000000)] [r=3 c=5 rs=1 cs=1]
              RenderBlock {DIV} at (2,2) size 120x120
                RenderBlock {DETAILS} at (0,0) size 19x120
                  RenderBlock {SUMMARY} at (0,0) size 19x120
                    RenderDetailsMarker {DIV} at (6,0) size 11x11: down
                    RenderText {#text} at (2,10) size 17x59
                      text run at (2,10) width 58: "summary"
                RenderBlock {DETAILS} at (19,0) size 19x120
                  RenderBlock {SUMMARY} at (0,0) size 19x120
                    RenderDetailsMarker {DIV} at (6,0) size 11x11: left
                    RenderText {#text} at (2,10) size 17x59
                      text run at (2,10) width 58: "summary"
          RenderTableRow {TR} at (0,221) size 610x124
            RenderTableCell {TH} at (76,268) size 28x30 [border: (1px inset #808080)] [r=4 c=1 rs=1 cs=1]
              RenderText {#text} at (6,6) size 16x18
                text run at (6,7) width 16: "rtl"
            RenderTableCell {TD} at (106,221) size 124x124 [border: (1px solid #000000)] [r=4 c=2 rs=1 cs=1]
              RenderBlock {DIV} at (2,2) size 120x120
                RenderBlock {DETAILS} at (0,0) size 120x17
                  RenderBlock {SUMMARY} at (0,0) size 120x17
                    RenderDetailsMarker {DIV} at (103,4) size 11x11: left
                    RenderText {#text} at (45,0) size 59x17
                      text run at (45,0) width 59: "summary"
                RenderBlock {DETAILS} at (0,17) size 120x17
                  RenderBlock {SUMMARY} at (0,0) size 120x17
                    RenderDetailsMarker {DIV} at (103,4) size 11x11: down
                    RenderText {#text} at (45,0) size 59x17
                      text run at (45,0) width 59: "summary"
            RenderTableCell {TD} at (232,221) size 124x124 [border: (1px solid #000000)] [r=4 c=3 rs=1 cs=1]
              RenderBlock {DIV} at (2,2) size 120x120
                RenderBlock {DETAILS} at (0,0) size 120x17
                  RenderBlock {SUMMARY} at (0,0) size 120x17
                    RenderDetailsMarker {DIV} at (103,2) size 11x11: left
                    RenderText {#text} at (45,0) size 59x17
                      text run at (45,0) width 59: "summary"
                RenderBlock {DETAILS} at (0,17) size 120x17
                  RenderBlock {SUMMARY} at (0,0) size 120x17
                    RenderDetailsMarker {DIV} at (103,2) size 11x11: up
                    RenderText {#text} at (45,0) size 59x17
                      text run at (45,0) width 59: "summary"
            RenderTableCell {TD} at (358,221) size 124x124 [border: (1px solid #000000)] [r=4 c=4 rs=1 cs=1]
              RenderBlock {DIV} at (2,2) size 120x120
                RenderBlock {DETAILS} at (0,0) size 19x120
                  RenderBlock {SUMMARY} at (0,0) size 19x120
                    RenderDetailsMarker {DIV} at (2,109) size 11x11: up
                    RenderText {#text} at (0,51) size 17x59
                      text run at (0,51) width 58: "summary"
                RenderBlock {DETAILS} at (19,0) size 19x120
                  RenderBlock {SUMMARY} at (0,0) size 19x120
                    RenderDetailsMarker {DIV} at (2,109) size 11x11: right
                    RenderText {#text} at (0,51) size 17x59
                      text run at (0,51) width 58: "summary"
            RenderTableCell {TD} at (484,221) size 124x124 [border: (1px solid #000000)] [r=4 c=5 rs=1 cs=1]
              RenderBlock {DIV} at (2,2) size 120x120
                RenderBlock {DETAILS} at (0,0) size 19x120
                  RenderBlock {SUMMARY} at (0,0) size 19x120
                    RenderDetailsMarker {DIV} at (6,109) size 11x11: up
                    RenderText {#text} at (2,51) size 17x59
                      text run at (2,51) width 58: "summary"
                RenderBlock {DETAILS} at (19,0) size 19x120
                  RenderBlock {SUMMARY} at (0,0) size 19x120
                    RenderDetailsMarker {DIV} at (6,109) size 11x11: left
                    RenderText {#text} at (2,51) size 17x59
                      text run at (2,51) width 58: "summary"
      RenderBlock (anonymous) at (0,349) size 769x17
        RenderBR {BR} at (0,0) size 0x17
      RenderTable {TABLE} at (0,366) size 612x349 [border: (1px outset #808080)]
        RenderTableSection {TBODY} at (1,1) size 610x347
          RenderTableRow {TR} at (0,2) size 610x29
            RenderTableCell {TH} at (2,2) size 606x29 [border: (1px inset #808080)] [r=0 c=0 rs=1 cs=6]
              RenderText {#text} at (256,6) size 94x17
                text run at (256,6) width 94: "text-align: left"
          RenderTableRow {TR} at (0,33) size 610x29
            RenderTableCell {TH} at (2,48) size 102x30 [border: (1px inset #808080)] [r=1 c=0 rs=2 cs=2]
              RenderText {#text} at (49,6) size 4x18
                text run at (49,7) width 4: " "
            RenderTableCell {TH} at (106,33) size 502x29 [border: (1px inset #808080)] [r=1 c=2 rs=1 cs=4]
              RenderText {#text} at (177,6) size 148x17
                text run at (177,6) width 148: "-webkit-writing-mode"
          RenderTableRow {TR} at (0,64) size 610x29
            RenderTableCell {TH} at (106,64) size 124x29 [border: (1px inset #808080)] [r=2 c=2 rs=1 cs=1]
              RenderText {#text} at (18,6) size 88x17
                text run at (18,6) width 88: "horizontal-tb"
            RenderTableCell {TH} at (232,64) size 124x29 [border: (1px inset #808080)] [r=2 c=3 rs=1 cs=1]
              RenderText {#text} at (18,6) size 88x17
                text run at (18,6) width 88: "horizontal-bt"
            RenderTableCell {TH} at (358,64) size 124x29 [border: (1px inset #808080)] [r=2 c=4 rs=1 cs=1]
              RenderText {#text} at (29,6) size 66x17
                text run at (29,6) width 66: "vertical-lr"
            RenderTableCell {TH} at (484,64) size 124x29 [border: (1px inset #808080)] [r=2 c=5 rs=1 cs=1]
              RenderText {#text} at (29,6) size 66x17
                text run at (29,6) width 66: "vertical-rl"
          RenderTableRow {TR} at (0,95) size 610x124
            RenderTableCell {TH} at (2,205) size 72x30 [border: (1px inset #808080)] [r=3 c=0 rs=4 cs=1]
              RenderText {#text} at (6,6) size 60x18
                text run at (6,7) width 60: "direction"
            RenderTableCell {TH} at (76,142) size 28x30 [border: (1px inset #808080)] [r=3 c=1 rs=1 cs=1]
              RenderText {#text} at (6,6) size 16x18
                text run at (6,7) width 16: "ltr"
            RenderTableCell {TD} at (106,95) size 124x124 [border: (1px solid #000000)] [r=3 c=2 rs=1 cs=1]
              RenderBlock {DIV} at (2,2) size 120x120
                RenderBlock {DETAILS} at (0,0) size 120x17
                  RenderBlock {SUMMARY} at (0,0) size 120x17
                    RenderDetailsMarker {DIV} at (0,4) size 11x11: right
                    RenderText {#text} at (16,0) size 59x17
                      text run at (16,0) width 59: "summary"
                RenderBlock {DETAILS} at (0,17) size 120x17
                  RenderBlock {SUMMARY} at (0,0) size 120x17
                    RenderDetailsMarker {DIV} at (0,4) size 11x11: down
                    RenderText {#text} at (16,0) size 59x17
                      text run at (16,0) width 59: "summary"
            RenderTableCell {TD} at (232,95) size 124x124 [border: (1px solid #000000)] [r=3 c=3 rs=1 cs=1]
              RenderBlock {DIV} at (2,2) size 120x120
                RenderBlock {DETAILS} at (0,0) size 120x17
                  RenderBlock {SUMMARY} at (0,0) size 120x17
                    RenderDetailsMarker {DIV} at (0,2) size 11x11: right
                    RenderText {#text} at (16,0) size 59x17
                      text run at (16,0) width 59: "summary"
                RenderBlock {DETAILS} at (0,17) size 120x17
                  RenderBlock {SUMMARY} at (0,0) size 120x17
                    RenderDetailsMarker {DIV} at (0,2) size 11x11: up
                    RenderText {#text} at (16,0) size 59x17
                      text run at (16,0) width 59: "summary"
            RenderTableCell {TD} at (358,95) size 124x124 [border: (1px solid #000000)] [r=3 c=4 rs=1 cs=1]
              RenderBlock {DIV} at (2,2) size 120x120
                RenderBlock {DETAILS} at (0,0) size 19x120
                  RenderBlock {SUMMARY} at (0,0) size 19x120
                    RenderDetailsMarker {DIV} at (2,0) size 11x11: down
                    RenderText {#text} at (0,10) size 17x59
                      text run at (0,10) width 58: "summary"
                RenderBlock {DETAILS} at (19,0) size 19x120
                  RenderBlock {SUMMARY} at (0,0) size 19x120
                    RenderDetailsMarker {DIV} at (2,0) size 11x11: right
                    RenderText {#text} at (0,10) size 17x59
                      text run at (0,10) width 58: "summary"
            RenderTableCell {TD} at (484,95) size 124x124 [border: (1px solid #000000)] [r=3 c=5 rs=1 cs=1]
              RenderBlock {DIV} at (2,2) size 120x120
                RenderBlock {DETAILS} at (0,0) size 19x120
                  RenderBlock {SUMMARY} at (0,0) size 19x120
                    RenderDetailsMarker {DIV} at (6,0) size 11x11: down
                    RenderText {#text} at (2,10) size 17x59
                      text run at (2,10) width 58: "summary"
                RenderBlock {DETAILS} at (19,0) size 19x120
                  RenderBlock {SUMMARY} at (0,0) size 19x120
                    RenderDetailsMarker {DIV} at (6,0) size 11x11: left
                    RenderText {#text} at (2,10) size 17x59
                      text run at (2,10) width 58: "summary"
          RenderTableRow {TR} at (0,221) size 610x124
            RenderTableCell {TH} at (76,268) size 28x30 [border: (1px inset #808080)] [r=4 c=1 rs=1 cs=1]
              RenderText {#text} at (6,6) size 16x18
                text run at (6,7) width 16: "rtl"
            RenderTableCell {TD} at (106,221) size 124x124 [border: (1px solid #000000)] [r=4 c=2 rs=1 cs=1]
              RenderBlock {DIV} at (2,2) size 120x120
                RenderBlock {DETAILS} at (0,0) size 120x17
                  RenderBlock {SUMMARY} at (0,0) size 120x17
                    RenderDetailsMarker {DIV} at (58,4) size 11x11: left
                    RenderText {#text} at (0,0) size 58x17
                      text run at (0,0) width 58: "summary"
                RenderBlock {DETAILS} at (0,17) size 120x17
                  RenderBlock {SUMMARY} at (0,0) size 120x17
                    RenderDetailsMarker {DIV} at (58,4) size 11x11: down
                    RenderText {#text} at (0,0) size 58x17
                      text run at (0,0) width 58: "summary"
            RenderTableCell {TD} at (232,221) size 124x124 [border: (1px solid #000000)] [r=4 c=3 rs=1 cs=1]
              RenderBlock {DIV} at (2,2) size 120x120
                RenderBlock {DETAILS} at (0,0) size 120x17
                  RenderBlock {SUMMARY} at (0,0) size 120x17
                    RenderDetailsMarker {DIV} at (58,2) size 11x11: left
                    RenderText {#text} at (0,0) size 58x17
                      text run at (0,0) width 58: "summary"
                RenderBlock {DETAILS} at (0,17) size 120x17
                  RenderBlock {SUMMARY} at (0,0) size 120x17
                    RenderDetailsMarker {DIV} at (58,2) size 11x11: up
                    RenderText {#text} at (0,0) size 58x17
                      text run at (0,0) width 58: "summary"
            RenderTableCell {TD} at (358,221) size 124x124 [border: (1px solid #000000)] [r=4 c=4 rs=1 cs=1]
              RenderBlock {DIV} at (2,2) size 120x120
                RenderBlock {DETAILS} at (0,0) size 19x120
                  RenderBlock {SUMMARY} at (0,0) size 19x120
                    RenderDetailsMarker {DIV} at (2,58) size 11x11: up
                    RenderText {#text} at (0,0) size 17x58
                      text run at (0,0) width 58: "summary"
                RenderBlock {DETAILS} at (19,0) size 19x120
                  RenderBlock {SUMMARY} at (0,0) size 19x120
                    RenderDetailsMarker {DIV} at (2,58) size 11x11: right
                    RenderText {#text} at (0,0) size 17x58
                      text run at (0,0) width 58: "summary"
            RenderTableCell {TD} at (484,221) size 124x124 [border: (1px solid #000000)] [r=4 c=5 rs=1 cs=1]
              RenderBlock {DIV} at (2,2) size 120x120
                RenderBlock {DETAILS} at (0,0) size 19x120
                  RenderBlock {SUMMARY} at (0,0) size 19x120
                    RenderDetailsMarker {DIV} at (6,58) size 11x11: up
                    RenderText {#text} at (2,0) size 17x58
                      text run at (2,0) width 58: "summary"
                RenderBlock {DETAILS} at (19,0) size 19x120
                  RenderBlock {SUMMARY} at (0,0) size 19x120
                    RenderDetailsMarker {DIV} at (6,58) size 11x11: left
                    RenderText {#text} at (2,0) size 17x58
                      text run at (2,0) width 58: "summary"
      RenderBlock (anonymous) at (0,715) size 769x17
        RenderBR {BR} at (0,0) size 0x17
      RenderTable {TABLE} at (0,732) size 612x349 [border: (1px outset #808080)]
        RenderTableSection {TBODY} at (1,1) size 610x347
          RenderTableRow {TR} at (0,2) size 610x29
            RenderTableCell {TH} at (2,2) size 606x29 [border: (1px inset #808080)] [r=0 c=0 rs=1 cs=6]
              RenderText {#text} at (246,6) size 114x17
                text run at (246,6) width 114: "text-align: center"
          RenderTableRow {TR} at (0,33) size 610x29
            RenderTableCell {TH} at (2,48) size 102x30 [border: (1px inset #808080)] [r=1 c=0 rs=2 cs=2]
              RenderText {#text} at (49,6) size 4x18
                text run at (49,7) width 4: " "
            RenderTableCell {TH} at (106,33) size 502x29 [border: (1px inset #808080)] [r=1 c=2 rs=1 cs=4]
              RenderText {#text} at (177,6) size 148x17
                text run at (177,6) width 148: "-webkit-writing-mode"
          RenderTableRow {TR} at (0,64) size 610x29
            RenderTableCell {TH} at (106,64) size 124x29 [border: (1px inset #808080)] [r=2 c=2 rs=1 cs=1]
              RenderText {#text} at (18,6) size 88x17
                text run at (18,6) width 88: "horizontal-tb"
            RenderTableCell {TH} at (232,64) size 124x29 [border: (1px inset #808080)] [r=2 c=3 rs=1 cs=1]
              RenderText {#text} at (18,6) size 88x17
                text run at (18,6) width 88: "horizontal-bt"
            RenderTableCell {TH} at (358,64) size 124x29 [border: (1px inset #808080)] [r=2 c=4 rs=1 cs=1]
              RenderText {#text} at (29,6) size 66x17
                text run at (29,6) width 66: "vertical-lr"
            RenderTableCell {TH} at (484,64) size 124x29 [border: (1px inset #808080)] [r=2 c=5 rs=1 cs=1]
              RenderText {#text} at (29,6) size 66x17
                text run at (29,6) width 66: "vertical-rl"
          RenderTableRow {TR} at (0,95) size 610x124
            RenderTableCell {TH} at (2,205) size 72x30 [border: (1px inset #808080)] [r=3 c=0 rs=4 cs=1]
              RenderText {#text} at (6,6) size 60x18
                text run at (6,7) width 60: "direction"
            RenderTableCell {TH} at (76,142) size 28x30 [border: (1px inset #808080)] [r=3 c=1 rs=1 cs=1]
              RenderText {#text} at (6,6) size 16x18
                text run at (6,7) width 16: "ltr"
            RenderTableCell {TD} at (106,95) size 124x124 [border: (1px solid #000000)] [r=3 c=2 rs=1 cs=1]
              RenderBlock {DIV} at (2,2) size 120x120
                RenderBlock {DETAILS} at (0,0) size 120x17
                  RenderBlock {SUMMARY} at (0,0) size 120x17
                    RenderDetailsMarker {DIV} at (22,4) size 12x11: right
                    RenderText {#text} at (39,0) size 59x17
                      text run at (39,0) width 59: "summary"
                RenderBlock {DETAILS} at (0,17) size 120x17
                  RenderBlock {SUMMARY} at (0,0) size 120x17
                    RenderDetailsMarker {DIV} at (22,4) size 12x11: down
                    RenderText {#text} at (39,0) size 59x17
                      text run at (39,0) width 59: "summary"
            RenderTableCell {TD} at (232,95) size 124x124 [border: (1px solid #000000)] [r=3 c=3 rs=1 cs=1]
              RenderBlock {DIV} at (2,2) size 120x120
                RenderBlock {DETAILS} at (0,0) size 120x17
                  RenderBlock {SUMMARY} at (0,0) size 120x17
                    RenderDetailsMarker {DIV} at (22,2) size 12x11: right
                    RenderText {#text} at (39,0) size 59x17
                      text run at (39,0) width 59: "summary"
                RenderBlock {DETAILS} at (0,17) size 120x17
                  RenderBlock {SUMMARY} at (0,0) size 120x17
                    RenderDetailsMarker {DIV} at (22,2) size 12x11: up
                    RenderText {#text} at (39,0) size 59x17
                      text run at (39,0) width 59: "summary"
            RenderTableCell {TD} at (358,95) size 124x124 [border: (1px solid #000000)] [r=3 c=4 rs=1 cs=1]
              RenderBlock {DIV} at (2,2) size 120x120
                RenderBlock {DETAILS} at (0,0) size 19x120
                  RenderBlock {SUMMARY} at (0,0) size 19x120
                    RenderDetailsMarker {DIV} at (2,25) size 11x12: down
                    RenderText {#text} at (0,36) size 17x59
                      text run at (0,36) width 58: "summary"
                RenderBlock {DETAILS} at (19,0) size 19x120
                  RenderBlock {SUMMARY} at (0,0) size 19x120
                    RenderDetailsMarker {DIV} at (2,25) size 11x12: right
                    RenderText {#text} at (0,36) size 17x59
                      text run at (0,36) width 58: "summary"
            RenderTableCell {TD} at (484,95) size 124x124 [border: (1px solid #000000)] [r=3 c=5 rs=1 cs=1]
              RenderBlock {DIV} at (2,2) size 120x120
                RenderBlock {DETAILS} at (0,0) size 19x120
                  RenderBlock {SUMMARY} at (0,0) size 19x120
                    RenderDetailsMarker {DIV} at (6,25) size 11x12: down
                    RenderText {#text} at (2,36) size 17x59
                      text run at (2,36) width 58: "summary"
                RenderBlock {DETAILS} at (19,0) size 19x120
                  RenderBlock {SUMMARY} at (0,0) size 19x120
                    RenderDetailsMarker {DIV} at (6,25) size 11x12: left
                    RenderText {#text} at (2,36) size 17x59
                      text run at (2,36) width 58: "summary"
          RenderTableRow {TR} at (0,221) size 610x124
            RenderTableCell {TH} at (76,268) size 28x30 [border: (1px inset #808080)] [r=4 c=1 rs=1 cs=1]
              RenderText {#text} at (6,6) size 16x18
                text run at (6,7) width 16: "rtl"
            RenderTableCell {TD} at (106,221) size 124x124 [border: (1px solid #000000)] [r=4 c=2 rs=1 cs=1]
              RenderBlock {DIV} at (2,2) size 120x120
                RenderBlock {DETAILS} at (0,0) size 120x17
                  RenderBlock {SUMMARY} at (0,0) size 120x17
                    RenderDetailsMarker {DIV} at (80,4) size 12x11: left
                    RenderText {#text} at (22,0) size 59x17
                      text run at (22,0) width 59: "summary"
                RenderBlock {DETAILS} at (0,17) size 120x17
                  RenderBlock {SUMMARY} at (0,0) size 120x17
                    RenderDetailsMarker {DIV} at (80,4) size 12x11: down
                    RenderText {#text} at (22,0) size 59x17
                      text run at (22,0) width 59: "summary"
            RenderTableCell {TD} at (232,221) size 124x124 [border: (1px solid #000000)] [r=4 c=3 rs=1 cs=1]
              RenderBlock {DIV} at (2,2) size 120x120
                RenderBlock {DETAILS} at (0,0) size 120x17
                  RenderBlock {SUMMARY} at (0,0) size 120x17
                    RenderDetailsMarker {DIV} at (80,2) size 12x11: left
                    RenderText {#text} at (22,0) size 59x17
                      text run at (22,0) width 59: "summary"
                RenderBlock {DETAILS} at (0,17) size 120x17
                  RenderBlock {SUMMARY} at (0,0) size 120x17
                    RenderDetailsMarker {DIV} at (80,2) size 12x11: up
                    RenderText {#text} at (22,0) size 59x17
                      text run at (22,0) width 59: "summary"
            RenderTableCell {TD} at (358,221) size 124x124 [border: (1px solid #000000)] [r=4 c=4 rs=1 cs=1]
              RenderBlock {DIV} at (2,2) size 120x120
                RenderBlock {DETAILS} at (0,0) size 19x120
                  RenderBlock {SUMMARY} at (0,0) size 19x120
                    RenderDetailsMarker {DIV} at (2,83) size 11x12: up
                    RenderText {#text} at (0,25) size 17x59
                      text run at (0,25) width 58: "summary"
                RenderBlock {DETAILS} at (19,0) size 19x120
                  RenderBlock {SUMMARY} at (0,0) size 19x120
                    RenderDetailsMarker {DIV} at (2,83) size 11x12: right
                    RenderText {#text} at (0,25) size 17x59
                      text run at (0,25) width 58: "summary"
            RenderTableCell {TD} at (484,221) size 124x124 [border: (1px solid #000000)] [r=4 c=5 rs=1 cs=1]
              RenderBlock {DIV} at (2,2) size 120x120
                RenderBlock {DETAILS} at (0,0) size 19x120
                  RenderBlock {SUMMARY} at (0,0) size 19x120
                    RenderDetailsMarker {DIV} at (6,83) size 11x12: up
                    RenderText {#text} at (2,25) size 17x59
                      text run at (2,25) width 58: "summary"
                RenderBlock {DETAILS} at (19,0) size 19x120
                  RenderBlock {SUMMARY} at (0,0) size 19x120
                    RenderDetailsMarker {DIV} at (6,83) size 11x12: left
                    RenderText {#text} at (2,25) size 17x59
                      text run at (2,25) width 58: "summary"
      RenderBlock (anonymous) at (0,1081) size 769x17
        RenderBR {BR} at (0,0) size 0x17
      RenderTable {TABLE} at (0,1098) size 612x349 [border: (1px outset #808080)]
        RenderTableSection {TBODY} at (1,1) size 610x347
          RenderTableRow {TR} at (0,2) size 610x29
            RenderTableCell {TH} at (2,2) size 606x29 [border: (1px inset #808080)] [r=0 c=0 rs=1 cs=6]
              RenderText {#text} at (250,6) size 106x17
                text run at (250,6) width 106: "text-align: right"
          RenderTableRow {TR} at (0,33) size 610x29
            RenderTableCell {TH} at (2,48) size 102x30 [border: (1px inset #808080)] [r=1 c=0 rs=2 cs=2]
              RenderText {#text} at (49,6) size 4x18
                text run at (49,7) width 4: " "
            RenderTableCell {TH} at (106,33) size 502x29 [border: (1px inset #808080)] [r=1 c=2 rs=1 cs=4]
              RenderText {#text} at (177,6) size 148x17
                text run at (177,6) width 148: "-webkit-writing-mode"
          RenderTableRow {TR} at (0,64) size 610x29
            RenderTableCell {TH} at (106,64) size 124x29 [border: (1px inset #808080)] [r=2 c=2 rs=1 cs=1]
              RenderText {#text} at (18,6) size 88x17
                text run at (18,6) width 88: "horizontal-tb"
            RenderTableCell {TH} at (232,64) size 124x29 [border: (1px inset #808080)] [r=2 c=3 rs=1 cs=1]
              RenderText {#text} at (18,6) size 88x17
                text run at (18,6) width 88: "horizontal-bt"
            RenderTableCell {TH} at (358,64) size 124x29 [border: (1px inset #808080)] [r=2 c=4 rs=1 cs=1]
              RenderText {#text} at (29,6) size 66x17
                text run at (29,6) width 66: "vertical-lr"
            RenderTableCell {TH} at (484,64) size 124x29 [border: (1px inset #808080)] [r=2 c=5 rs=1 cs=1]
              RenderText {#text} at (29,6) size 66x17
                text run at (29,6) width 66: "vertical-rl"
          RenderTableRow {TR} at (0,95) size 610x124
            RenderTableCell {TH} at (2,205) size 72x30 [border: (1px inset #808080)] [r=3 c=0 rs=4 cs=1]
              RenderText {#text} at (6,6) size 60x18
                text run at (6,7) width 60: "direction"
            RenderTableCell {TH} at (76,142) size 28x30 [border: (1px inset #808080)] [r=3 c=1 rs=1 cs=1]
              RenderText {#text} at (6,6) size 16x18
                text run at (6,7) width 16: "ltr"
            RenderTableCell {TD} at (106,95) size 124x124 [border: (1px solid #000000)] [r=3 c=2 rs=1 cs=1]
              RenderBlock {DIV} at (2,2) size 120x120
                RenderBlock {DETAILS} at (0,0) size 120x17
                  RenderBlock {SUMMARY} at (0,0) size 120x17
                    RenderDetailsMarker {DIV} at (45,4) size 11x11: right
                    RenderText {#text} at (62,0) size 58x17
                      text run at (62,0) width 58: "summary"
                RenderBlock {DETAILS} at (0,17) size 120x17
                  RenderBlock {SUMMARY} at (0,0) size 120x17
                    RenderDetailsMarker {DIV} at (45,4) size 11x11: down
                    RenderText {#text} at (62,0) size 58x17
                      text run at (62,0) width 58: "summary"
            RenderTableCell {TD} at (232,95) size 124x124 [border: (1px solid #000000)] [r=3 c=3 rs=1 cs=1]
              RenderBlock {DIV} at (2,2) size 120x120
                RenderBlock {DETAILS} at (0,0) size 120x17
                  RenderBlock {SUMMARY} at (0,0) size 120x17
                    RenderDetailsMarker {DIV} at (45,2) size 11x11: right
                    RenderText {#text} at (62,0) size 58x17
                      text run at (62,0) width 58: "summary"
                RenderBlock {DETAILS} at (0,17) size 120x17
                  RenderBlock {SUMMARY} at (0,0) size 120x17
                    RenderDetailsMarker {DIV} at (45,2) size 11x11: up
                    RenderText {#text} at (62,0) size 58x17
                      text run at (62,0) width 58: "summary"
            RenderTableCell {TD} at (358,95) size 124x124 [border: (1px solid #000000)] [r=3 c=4 rs=1 cs=1]
              RenderBlock {DIV} at (2,2) size 120x120
                RenderBlock {DETAILS} at (0,0) size 19x120
                  RenderBlock {SUMMARY} at (0,0) size 19x120
                    RenderDetailsMarker {DIV} at (2,51) size 11x11: down
                    RenderText {#text} at (0,62) size 17x58
                      text run at (0,62) width 58: "summary"
                RenderBlock {DETAILS} at (19,0) size 19x120
                  RenderBlock {SUMMARY} at (0,0) size 19x120
                    RenderDetailsMarker {DIV} at (2,51) size 11x11: right
                    RenderText {#text} at (0,62) size 17x58
                      text run at (0,62) width 58: "summary"
            RenderTableCell {TD} at (484,95) size 124x124 [border: (1px solid #000000)] [r=3 c=5 rs=1 cs=1]
              RenderBlock {DIV} at (2,2) size 120x120
                RenderBlock {DETAILS} at (0,0) size 19x120
                  RenderBlock {SUMMARY} at (0,0) size 19x120
                    RenderDetailsMarker {DIV} at (6,51) size 11x11: down
                    RenderText {#text} at (2,62) size 17x58
                      text run at (2,62) width 58: "summary"
                RenderBlock {DETAILS} at (19,0) size 19x120
                  RenderBlock {SUMMARY} at (0,0) size 19x120
                    RenderDetailsMarker {DIV} at (6,51) size 11x11: left
                    RenderText {#text} at (2,62) size 17x58
                      text run at (2,62) width 58: "summary"
          RenderTableRow {TR} at (0,221) size 610x124
            RenderTableCell {TH} at (76,268) size 28x30 [border: (1px inset #808080)] [r=4 c=1 rs=1 cs=1]
              RenderText {#text} at (6,6) size 16x18
                text run at (6,7) width 16: "rtl"
            RenderTableCell {TD} at (106,221) size 124x124 [border: (1px solid #000000)] [r=4 c=2 rs=1 cs=1]
              RenderBlock {DIV} at (2,2) size 120x120
                RenderBlock {DETAILS} at (0,0) size 120x17
                  RenderBlock {SUMMARY} at (0,0) size 120x17
                    RenderDetailsMarker {DIV} at (103,4) size 11x11: left
                    RenderText {#text} at (45,0) size 59x17
                      text run at (45,0) width 59: "summary"
                RenderBlock {DETAILS} at (0,17) size 120x17
                  RenderBlock {SUMMARY} at (0,0) size 120x17
                    RenderDetailsMarker {DIV} at (103,4) size 11x11: down
                    RenderText {#text} at (45,0) size 59x17
                      text run at (45,0) width 59: "summary"
            RenderTableCell {TD} at (232,221) size 124x124 [border: (1px solid #000000)] [r=4 c=3 rs=1 cs=1]
              RenderBlock {DIV} at (2,2) size 120x120
                RenderBlock {DETAILS} at (0,0) size 120x17
                  RenderBlock {SUMMARY} at (0,0) size 120x17
                    RenderDetailsMarker {DIV} at (103,2) size 11x11: left
                    RenderText {#text} at (45,0) size 59x17
                      text run at (45,0) width 59: "summary"
                RenderBlock {DETAILS} at (0,17) size 120x17
                  RenderBlock {SUMMARY} at (0,0) size 120x17
                    RenderDetailsMarker {DIV} at (103,2) size 11x11: up
                    RenderText {#text} at (45,0) size 59x17
                      text run at (45,0) width 59: "summary"
            RenderTableCell {TD} at (358,221) size 124x124 [border: (1px solid #000000)] [r=4 c=4 rs=1 cs=1]
              RenderBlock {DIV} at (2,2) size 120x120
                RenderBlock {DETAILS} at (0,0) size 19x120
                  RenderBlock {SUMMARY} at (0,0) size 19x120
                    RenderDetailsMarker {DIV} at (2,109) size 11x11: up
                    RenderText {#text} at (0,51) size 17x59
                      text run at (0,51) width 58: "summary"
                RenderBlock {DETAILS} at (19,0) size 19x120
                  RenderBlock {SUMMARY} at (0,0) size 19x120
                    RenderDetailsMarker {DIV} at (2,109) size 11x11: right
                    RenderText {#text} at (0,51) size 17x59
                      text run at (0,51) width 58: "summary"
            RenderTableCell {TD} at (484,221) size 124x124 [border: (1px solid #000000)] [r=4 c=5 rs=1 cs=1]
              RenderBlock {DIV} at (2,2) size 120x120
                RenderBlock {DETAILS} at (0,0) size 19x120
                  RenderBlock {SUMMARY} at (0,0) size 19x120
                    RenderDetailsMarker {DIV} at (6,109) size 11x11: up
                    RenderText {#text} at (2,51) size 17x59
                      text run at (2,51) width 58: "summary"
                RenderBlock {DETAILS} at (19,0) size 19x120
                  RenderBlock {SUMMARY} at (0,0) size 19x120
                    RenderDetailsMarker {DIV} at (6,109) size 11x11: left
                    RenderText {#text} at (2,51) size 17x59
                      text run at (2,51) width 58: "summary"
