layer at (0,0) size 800x600
  RenderView at (0,0) size 800x600
layer at (0,0) size 800x600
  RenderBlock {HTML} at (0,0) size 800x600
    RenderBody {BODY} at (0,0) size 800x600
      RenderBlock {DETAILS} at (0,0) size 800x34
        RenderBlock {SUMMARY} at (0,0) size 800x17
          RenderDetailsMarker {DIV} at (0,4) size 11x11: down
          RenderText {#text} at (16,0) size 40x17
            text run at (16,0) width 40: "new 1"
        RenderBlock {SUMMARY} at (0,17) size 800x17
          RenderText {#text} at (0,0) size 58x17
            text run at (0,0) width 58: "summary"
caret: position 0 of child 0 {DIV} of {#document-fragment} of child 1 {SUMMARY} of child 1 {DETAILS} of body
