layer at (0,0) size 800x600
  RenderView at (0,0) size 800x600
layer at (0,0) size 800x600
  RenderBlock {HTML} at (0,0) size 800x600
    RenderBody {BODY} at (8,8) size 784x584
      RenderBlock {DETAILS} at (0,0) size 784x132 [border: (8px solid #555599)]
        RenderBlock {SUMMARY} at (8,8) size 768x33 [border: (8px solid #9999CC)]
          RenderDetailsMarker {DIV} at (8,12) size 11x11: down
          RenderText {#text} at (24,8) size 63x17
            text run at (24,8) width 5: " "
            text run at (28,8) width 59: "summary"
        RenderBlock {DETAILS} at (8,41) size 768x66 [border: (8px solid #995555)]
          RenderBlock {SUMMARY} at (8,8) size 752x33 [border: (8px solid #CC9999)]
            RenderDetailsMarker {DIV} at (8,12) size 11x11: down
            RenderText {#text} at (24,8) size 265x17
              text run at (24,8) width 5: " "
              text run at (28,8) width 261: "nested summary (details-deails-summary)"
          RenderBlock (anonymous) at (8,41) size 752x17
            RenderText {#text} at (0,0) size 179x17
              text run at (0,0) width 179: "nested details (details-deails)"
        RenderBlock (anonymous) at (8,107) size 768x17
          RenderText {#text} at (0,0) size 40x17
            text run at (0,0) width 40: "details"
