layer at (0,0) size 800x600
  RenderView at (0,0) size 800x600
layer at (0,0) size 800x453
  RenderBlock {HTML} at (0,0) size 800x453
    RenderBody {BODY} at (8,8) size 784x437
      RenderBlock {DIV} at (0,0) size 784x84
        RenderBlock {DETAILS} at (0,0) size 784x84
          RenderBlock {SUMMARY} at (0,0) size 784x84
            RenderDetailsMarker {DIV} at (0,0) size 112x80 [border: (8px solid #00FF00) (16px solid #00FF00) (24px solid #00FF00) (32px solid #00FF00)]: right
            RenderText {#text} at (121,58) size 95x26
              text run at (121,58) width 95: "Summary"
      RenderBlock {DIV} at (0,84) size 126x174
        RenderBlock {DETAILS} at (0,0) size 126x174
          RenderBlock {SUMMARY} at (0,0) size 126x174
            RenderDetailsMarker {DIV} at (9,0) size 113x80 [border: (8px solid #00FF00) (16px solid #00FF00) (24px solid #00FF00) (32px solid #00FF00)]: down
            RenderText {#text} at (100,79) size 26x95
              text run at (100,79) width 94: "Summary"
      RenderBlock {DIV} at (0,257) size 784x46
        RenderBlock {DETAILS} at (0,0) size 784x45
          RenderBlock {SUMMARY} at (0,0) size 784x45
            RenderDetailsMarker {DIV} at (0,0) size 64x40 [border: (8px solid #00FF00)]: right
            RenderText {#text} at (73,19) size 95x26
              text run at (73,19) width 95: "Summary"
      RenderBlock {DIV} at (0,302) size 78x135
        RenderBlock {DETAILS} at (0,0) size 78x134
          RenderBlock {SUMMARY} at (0,0) size 78x134
            RenderDetailsMarker {DIV} at (9,0) size 65x40 [border: (8px solid #00FF00)]: down
            RenderText {#text} at (52,40) size 26x94
              text run at (52,40) width 94: "Summary"
