layer at (0,0) size 785x1208
  RenderView at (0,0) size 785x600
layer at (0,0) size 785x600
  RenderBlock {HTML} at (0,0) size 785x600
    RenderBody {BODY} at (8,8) size 769x1200
layer at (373,8) size 404x1200
  RenderBlock {DIV} at (0,0) size 404x1200 [border: (2px solid #000000)]
    RenderMultiColumnSet at (2,2) size 400x1196
layer at (-144,10) size 919x388 backgroundClip at (0,0) size 785x1208 clip at (0,0) size 785x1208
  RenderMultiColumnFlowThread at (2,2) size 919x388
    RenderText {#text} at (0,0) size 17x110
      text run at (0,0) width 110: "This is some text."
    RenderBR {BR} at (14,110) size 0x0
    RenderText {#text} at (17,0) size 17x110
      text run at (17,0) width 110: "This is some text."
    RenderBR {BR} at (31,110) size 0x0
    RenderText {#text} at (34,0) size 17x110
      text run at (34,0) width 110: "This is some text."
    RenderBR {BR} at (48,110) size 0x0
    RenderText {#text} at (51,0) size 17x110
      text run at (51,0) width 110: "This is some text."
    RenderBR {BR} at (65,110) size 0x0
    RenderText {#text} at (68,0) size 17x110
      text run at (68,0) width 110: "This is some text."
    RenderBR {BR} at (82,110) size 0x0
    RenderText {#text} at (85,0) size 17x110
      text run at (85,0) width 110: "This is some text."
    RenderBR {BR} at (99,110) size 0x0
    RenderText {#text} at (102,0) size 17x110
      text run at (102,0) width 110: "This is some text."
    RenderBR {BR} at (116,110) size 0x0
    RenderText {#text} at (119,0) size 17x110
      text run at (119,0) width 110: "This is some text."
    RenderBR {BR} at (133,110) size 0x0
    RenderText {#text} at (136,0) size 17x110
      text run at (136,0) width 110: "This is some text."
    RenderBR {BR} at (150,110) size 0x0
    RenderText {#text} at (153,0) size 17x110
      text run at (153,0) width 110: "This is some text."
    RenderBR {BR} at (167,110) size 0x0
    RenderImage {IMG} at (400,0) size 300x250 [bgcolor=#008000]
    RenderText {#text} at (400,250) size 17x110
      text run at (400,250) width 110: "This is some text."
    RenderBR {BR} at (414,360) size 0x0
    RenderText {#text} at (417,250) size 17x110
      text run at (417,250) width 110: "This is some text."
    RenderBR {BR} at (431,360) size 0x0
    RenderText {#text} at (434,250) size 17x110
      text run at (434,250) width 110: "This is some text."
    RenderBR {BR} at (448,360) size 0x0
    RenderText {#text} at (451,250) size 17x110
      text run at (451,250) width 110: "This is some text."
    RenderBR {BR} at (465,360) size 0x0
    RenderText {#text} at (468,250) size 17x110
      text run at (468,250) width 110: "This is some text."
    RenderBR {BR} at (482,360) size 0x0
    RenderText {#text} at (485,250) size 17x110
      text run at (485,250) width 110: "This is some text."
    RenderBR {BR} at (499,360) size 0x0
    RenderText {#text} at (502,250) size 17x110
      text run at (502,250) width 110: "This is some text."
    RenderBR {BR} at (516,360) size 0x0
    RenderText {#text} at (519,250) size 17x110
      text run at (519,250) width 110: "This is some text."
    RenderBR {BR} at (533,360) size 0x0
    RenderText {#text} at (536,250) size 17x110
      text run at (536,250) width 110: "This is some text."
    RenderBR {BR} at (550,360) size 0x0
    RenderText {#text} at (553,250) size 17x110
      text run at (553,250) width 110: "This is some text."
    RenderBR {BR} at (567,360) size 0x0
    RenderText {#text} at (570,250) size 17x110
      text run at (570,250) width 110: "This is some text."
    RenderBR {BR} at (584,360) size 0x0
    RenderText {#text} at (587,250) size 17x110
      text run at (587,250) width 110: "This is some text."
    RenderBR {BR} at (601,360) size 0x0
    RenderText {#text} at (604,250) size 17x110
      text run at (604,250) width 110: "This is some text."
    RenderBR {BR} at (618,360) size 0x0
    RenderText {#text} at (621,250) size 17x110
      text run at (621,250) width 110: "This is some text."
    RenderBR {BR} at (635,360) size 0x0
    RenderText {#text} at (638,250) size 17x110
      text run at (638,250) width 110: "This is some text."
    RenderBR {BR} at (652,360) size 0x0
    RenderText {#text} at (655,250) size 17x110
      text run at (655,250) width 110: "This is some text."
    RenderBR {BR} at (669,360) size 0x0
    RenderText {#text} at (672,250) size 17x110
      text run at (672,250) width 110: "This is some text."
    RenderBR {BR} at (686,360) size 0x0
    RenderText {#text} at (689,250) size 17x110
      text run at (689,250) width 110: "This is some text."
    RenderBR {BR} at (703,360) size 0x0
    RenderText {#text} at (706,0) size 17x110
      text run at (706,0) width 110: "This is some text."
    RenderBR {BR} at (720,110) size 0x0
    RenderText {#text} at (723,0) size 17x110
      text run at (723,0) width 110: "This is some text."
    RenderBR {BR} at (737,110) size 0x0
    RenderText {#text} at (740,0) size 17x110
      text run at (740,0) width 110: "This is some text."
    RenderBR {BR} at (754,110) size 0x0
    RenderText {#text} at (757,0) size 17x110
      text run at (757,0) width 110: "This is some text."
    RenderBR {BR} at (771,110) size 0x0
    RenderText {#text} at (774,0) size 17x110
      text run at (774,0) width 110: "This is some text."
    RenderBR {BR} at (788,110) size 0x0
    RenderText {#text} at (800,0) size 17x110
      text run at (800,0) width 110: "This is some text."
    RenderBR {BR} at (814,110) size 0x0
    RenderText {#text} at (817,0) size 17x110
      text run at (817,0) width 110: "This is some text."
    RenderBR {BR} at (831,110) size 0x0
    RenderText {#text} at (834,0) size 17x110
      text run at (834,0) width 110: "This is some text."
    RenderBR {BR} at (848,110) size 0x0
    RenderText {#text} at (851,0) size 17x110
      text run at (851,0) width 110: "This is some text."
    RenderBR {BR} at (865,110) size 0x0
    RenderText {#text} at (868,0) size 17x110
      text run at (868,0) width 110: "This is some text."
    RenderBR {BR} at (882,110) size 0x0
    RenderText {#text} at (885,0) size 17x110
      text run at (885,0) width 110: "This is some text."
    RenderBR {BR} at (899,110) size 0x0
    RenderText {#text} at (902,0) size 17x110
      text run at (902,0) width 110: "This is some text."
    RenderBR {BR} at (916,110) size 0x0
