layer at (0,0) size 785x1441
  RenderView at (0,0) size 785x600
layer at (0,0) size 785x1441
  RenderBlock {HTML} at (0,0) size 785x1441
    RenderBody {BODY} at (0,0) size 785x1441
      RenderIFrame {IFRAME} at (0,0) size 785x737
        layer at (0,0) size 785x737
          RenderView at (0,0) size 785x737
        layer at (0,0) size 785x737
          RenderBlock {HTML} at (0,0) size 785x737
            RenderBody {BODY} at (0,5) size 785x732
              RenderBlock {DIV} at (0,0) size 785x18
                RenderText {#text} at (0,0) size 196x18
                  text run at (0,0) width 196: "CompatMode: CSS1Compat"
              RenderBlock (anonymous) at (0,23) size 785x709
                RenderBlock {DIV} at (0,30) size 158x55 [border: (1px solid #0000FF)]
                  RenderBlock {SPAN} at (1,12) size 80x0
                  RenderBR {BR} at (81,1) size 0x14
                RenderBlock {DIV} at (158,30) size 158x55 [border: (1px solid #0000FF)]
                  RenderBlock {SPAN} at (1,1) size 80x14
                    RenderText {#text} at (0,0) size 78x14
                      text run at (0,0) width 78: "disabled: \"true\","
                  RenderBR {BR} at (81,1) size 0x14
                RenderBlock {DIV} at (316,0) size 174x85 [border: (1px solid #0000FF)]
                  RenderBlock {SPAN} at (1,1) size 80x28
                    RenderText {#text} at (0,0) size 79x28
                      text run at (0,0) width 26: "style:"
                      text run at (0,14) width 79: "\"padding:10px\","
                  RenderBR {BR} at (81,15) size 0x14
                RenderBlock {DIV} at (490,20) size 154x65 [border: (1px solid #0000FF)]
                  RenderBlock {SPAN} at (1,1) size 80x28
                    RenderText {#text} at (0,0) size 73x28
                      text run at (0,0) width 26: "style:"
                      text run at (0,14) width 73: "\"padding:0px\","
                  RenderBR {BR} at (81,15) size 0x14
                RenderBlock {DIV} at (0,119) size 174x85 [border: (1px solid #0000FF)]
                  RenderBlock {SPAN} at (1,1) size 80x28
                    RenderText {#text} at (0,0) size 74x28
                      text run at (0,0) width 26: "style:"
                      text run at (0,14) width 74: "\"margin:10px\","
                  RenderBR {BR} at (81,15) size 0x14
                RenderBlock {DIV} at (174,139) size 154x65 [border: (1px solid #0000FF)]
                  RenderBlock {SPAN} at (1,1) size 80x28
                    RenderText {#text} at (0,0) size 68x28
                      text run at (0,0) width 26: "style:"
                      text run at (0,14) width 68: "\"margin:0px\","
                  RenderBR {BR} at (81,15) size 0x14
                RenderBlock {DIV} at (328,135) size 82x69 [border: (1px solid #0000FF)]
                  RenderBlock {SPAN} at (1,1) size 80x28
                    RenderText {#text} at (0,0) size 68x28
                      text run at (0,0) width 26: "style:"
                      text run at (0,14) width 68: "\"width:60px\","
                  RenderBR {BR} at (81,15) size 0x14
                RenderBlock {DIV} at (410,85) size 104x119 [border: (1px solid #0000FF)]
                  RenderBlock {SPAN} at (1,1) size 80x42
                    RenderText {#text} at (0,0) size 74x42
                      text run at (0,0) width 26: "style:"
                      text run at (0,14) width 63: "\"width:60px;"
                      text run at (0,28) width 74: "padding:20px\","
                  RenderBR {BR} at (81,29) size 0x14
                RenderBlock {DIV} at (514,125) size 82x79 [border: (1px solid #0000FF)]
                  RenderBlock {SPAN} at (1,1) size 80x42
                    RenderText {#text} at (0,0) size 63x42
                      text run at (0,0) width 26: "style:"
                      text run at (0,14) width 63: "\"width:60px;"
                      text run at (0,28) width 56: "padding:0\","
                  RenderBR {BR} at (81,29) size 0x14
                RenderBlock {DIV} at (596,105) size 158x99 [border: (1px solid #0000FF)]
                  RenderBlock {SPAN} at (1,1) size 80x28
                    RenderText {#text} at (0,0) size 71x28
                      text run at (0,0) width 26: "style:"
                      text run at (0,14) width 71: "\"height:60px\","
                  RenderBR {BR} at (81,15) size 0x14
                RenderBlock {DIV} at (0,218) size 82x113 [border: (1px solid #0000FF)]
                  RenderBlock {SPAN} at (1,1) size 80x42
                    RenderText {#text} at (0,0) size 66x42
                      text run at (0,0) width 26: "style:"
                      text run at (0,14) width 63: "\"width:60px;"
                      text run at (0,28) width 66: "height:60px\","
                  RenderBR {BR} at (81,29) size 0x14
                RenderBlock {DIV} at (82,262) size 158x69 [border: (1px solid #0000FF)]
                  RenderBlock {SPAN} at (1,1) size 80x28
                    RenderText {#text} at (0,0) size 92x28
                      text run at (0,0) width 26: "style:"
                      text run at (0,14) width 92: "\"overflow:hidden\","
                  RenderBR {BR} at (81,15) size 0x14
                RenderBlock {DIV} at (240,247) size 158x84 [border: (1px solid #0000FF)]
                  RenderBlock {SPAN} at (1,1) size 80x28
                    RenderText {#text} at (0,0) size 86x28
                      text run at (0,0) width 26: "style:"
                      text run at (0,14) width 86: "\"overflow:scroll\","
                  RenderBR {BR} at (81,15) size 0x14
                RenderBlock {DIV} at (398,204) size 82x127 [border: (1px solid #0000FF)]
                  RenderBlock {SPAN} at (1,1) size 80x56
                    RenderText {#text} at (0,0) size 87x56
                      text run at (0,0) width 26: "style:"
                      text run at (0,14) width 87: "\"overflow:hidden;"
                      text run at (0,28) width 59: "width:60px;"
                      text run at (0,42) width 66: "height:60px\","
                  RenderBR {BR} at (81,43) size 0x14
                RenderBlock {DIV} at (480,204) size 82x127 [border: (1px solid #0000FF)]
                  RenderBlock {SPAN} at (1,1) size 80x56
                    RenderText {#text} at (0,0) size 81x56
                      text run at (0,0) width 26: "style:"
                      text run at (0,14) width 81: "\"overflow:scroll;"
                      text run at (0,28) width 59: "width:60px;"
                      text run at (0,42) width 66: "height:60px\","
                  RenderBR {BR} at (81,43) size 0x14
                RenderBlock {DIV} at (562,218) size 82x113 [border: (1px solid #0000FF)]
                  RenderBlock {SPAN} at (1,1) size 80x42
                    RenderText {#text} at (0,0) size 74x42
                      text run at (0,0) width 74: "cols: \"5\", style:"
                      text run at (0,14) width 63: "\"width:60px;"
                      text run at (0,28) width 66: "height:60px\","
                  RenderBR {BR} at (81,29) size 0x14
                RenderBlock {DIV} at (644,218) size 82x113 [border: (1px solid #0000FF)]
                  RenderBlock {SPAN} at (1,1) size 80x42
                    RenderText {#text} at (0,0) size 78x42
                      text run at (0,0) width 78: "rows: \"4\", style:"
                      text run at (0,14) width 63: "\"width:60px;"
                      text run at (0,28) width 66: "height:60px\","
                  RenderBR {BR} at (81,29) size 0x14
                RenderBlock {DIV} at (0,331) size 82x127 [border: (1px solid #0000FF)]
                  RenderBlock {SPAN} at (1,1) size 80x56
                    RenderText {#text} at (0,0) size 75x56
                      text run at (0,0) width 75: "cols: \"5\", rows:"
                      text run at (0,14) width 48: "\"4\", style:"
                      text run at (0,28) width 63: "\"width:60px;"
                      text run at (0,42) width 66: "height:60px\","
                  RenderBR {BR} at (81,43) size 0x14
                RenderBlock {DIV} at (82,403) size 82x55 [border: (1px solid #0000FF)]
                  RenderBlock {SPAN} at (1,1) size 80x14
                    RenderText {#text} at (0,0) size 45x14
                      text run at (0,0) width 45: "cols: \"3\","
                  RenderBR {BR} at (81,1) size 0x14
                RenderBlock {DIV} at (164,390) size 158x68 [border: (1px solid #0000FF)]
                  RenderBlock {SPAN} at (1,1) size 80x14
                    RenderText {#text} at (0,0) size 49x14
                      text run at (0,0) width 49: "rows: \"3\","
                  RenderBR {BR} at (81,1) size 0x14
                RenderBlock {DIV} at (322,403) size 82x55 [border: (1px solid #0000FF)]
                  RenderBlock {SPAN} at (1,1) size 80x14
                    RenderText {#text} at (0,0) size 45x14
                      text run at (0,0) width 45: "cols: \"7\","
                  RenderBR {BR} at (81,1) size 0x14
                RenderBlock {DIV} at (404,338) size 158x120 [border: (1px solid #0000FF)]
                  RenderBlock {SPAN} at (1,1) size 80x14
                    RenderText {#text} at (0,0) size 49x14
                      text run at (0,0) width 49: "rows: \"7\","
                  RenderBR {BR} at (81,1) size 0x14
                RenderBlock {DIV} at (562,363) size 82x95 [border: (1px solid #0000FF)]
                  RenderBlock {SPAN} at (1,1) size 80x28
                    RenderText {#text} at (0,0) size 75x28
                      text run at (0,0) width 75: "cols: \"5\", rows:"
                      text run at (0,14) width 19: "\"4\","
                  RenderBR {BR} at (81,15) size 0x14
                RenderBlock {DIV} at (0,458) size 158x70 [border: (1px solid #0000FF)]
                  RenderBlock {SPAN} at (1,1) size 80x14
                    RenderText {#text} at (0,0) size 57x14
                      text run at (0,0) width 57: "wrap: \"off\","
                  RenderBR {BR} at (81,1) size 0x14
                RenderBlock {DIV} at (158,473) size 158x55 [border: (1px solid #0000FF)]
                  RenderBlock {SPAN} at (1,1) size 80x14
                    RenderText {#text} at (0,0) size 65x14
                      text run at (0,0) width 65: "wrap: \"hard\","
                  RenderBR {BR} at (81,1) size 0x14
                RenderBlock {DIV} at (316,473) size 158x55 [border: (1px solid #0000FF)]
                  RenderBlock {SPAN} at (1,1) size 80x14
                    RenderText {#text} at (0,0) size 62x14
                      text run at (0,0) width 62: "wrap: \"soft\","
                  RenderBR {BR} at (81,1) size 0x14
                RenderBlock {DIV} at (474,459) size 158x69 [border: (1px solid #0000FF)]
                  RenderBlock {SPAN} at (1,1) size 80x28
                    RenderText {#text} at (0,0) size 72x28
                      text run at (0,0) width 65: "style: \"white-"
                      text run at (0,14) width 72: "space:normal\","
                  RenderBR {BR} at (81,15) size 0x14
                RenderBlock {DIV} at (0,528) size 158x69 [border: (1px solid #0000FF)]
                  RenderBlock {SPAN} at (1,1) size 80x28
                    RenderText {#text} at (0,0) size 65x28
                      text run at (0,0) width 65: "style: \"white-"
                      text run at (0,14) width 54: "space:pre\","
                  RenderBR {BR} at (81,15) size 0x14
                RenderBlock {DIV} at (158,528) size 158x69 [border: (1px solid #0000FF)]
                  RenderBlock {SPAN} at (1,1) size 80x28
                    RenderText {#text} at (0,0) size 78x28
                      text run at (0,0) width 65: "style: \"white-"
                      text run at (0,14) width 78: "space:prewrap\","
                  RenderBR {BR} at (81,15) size 0x14
                RenderBlock {DIV} at (316,528) size 158x69 [border: (1px solid #0000FF)]
                  RenderBlock {SPAN} at (1,1) size 80x28
                    RenderText {#text} at (0,0) size 74x28
                      text run at (0,0) width 65: "style: \"white-"
                      text run at (0,14) width 74: "space:nowrap\","
                  RenderBR {BR} at (81,15) size 0x14
                RenderBlock {DIV} at (474,528) size 158x69 [border: (1px solid #0000FF)]
                  RenderBlock {SPAN} at (1,1) size 80x28
                    RenderText {#text} at (0,0) size 76x28
                      text run at (0,0) width 65: "style: \"white-"
                      text run at (0,14) width 76: "space:pre-line\","
                  RenderBR {BR} at (81,15) size 0x14
                RenderBlock {DIV} at (0,625) size 158x84 [border: (1px solid #0000FF)]
                  RenderBlock {SPAN} at (1,1) size 80x28
                    RenderText {#text} at (0,0) size 70x28
                      text run at (0,0) width 63: "style: \"word-"
                      text run at (0,14) width 70: "wrap:normal\","
                  RenderBR {BR} at (81,15) size 0x14
                RenderBlock {DIV} at (158,597) size 158x112 [border: (1px solid #0000FF)]
                  RenderBlock {SPAN} at (1,1) size 80x56
                    RenderText {#text} at (0,0) size 65x56
                      text run at (0,0) width 57: "wrap: \"off\","
                      text run at (0,14) width 65: "style: \"white-"
                      text run at (0,28) width 50: "space:pre-"
                      text run at (0,42) width 32: "wrap\","
                  RenderBR {BR} at (81,43) size 0x14
        layer at (3,75) size 152x32 clip at (4,76) size 150x30
          RenderTextControl {TEXTAREA} at (3,17) size 152x32 [bgcolor=#FFFFFF] [border: (1px solid #000000)]
            RenderBlock {DIV} at (3,3) size 146x13
              RenderText {#text} at (0,0) size 100x13
                text run at (0,0) width 100: "Lorem ipsum dolor"
        layer at (161,75) size 152x32 clip at (162,76) size 135x30 scrollHeight 56
          RenderTextControl {TEXTAREA} at (3,17) size 152x32 [bgcolor=#FFFFFF] [border: (1px solid #000000)]
            RenderBlock {DIV} at (3,3) size 131x52 [color=#545454]
              RenderText {#text} at (0,0) size 131x52
                text run at (0,0) width 103: "Lorem ipsum  dolor"
                text run at (102,0) width 4: " "
                text run at (0,13) width 131: "ABCDEFGHIJKLMNOPQ"
                text run at (0,26) width 71: "RSTUVWXYZ"
                text run at (70,26) width 4: " "
                text run at (0,39) width 128: "abcdefghijklmnopqrstuv"
        layer at (319,59) size 168x48 clip at (320,60) size 151x46 scrollHeight 72
          RenderTextControl {TEXTAREA} at (3,31) size 168x48 [bgcolor=#FFFFFF] [border: (1px solid #000000)]
            RenderBlock {DIV} at (11,11) size 131x52
              RenderText {#text} at (0,0) size 131x52
                text run at (0,0) width 103: "Lorem ipsum  dolor"
                text run at (102,0) width 4: " "
                text run at (0,13) width 131: "ABCDEFGHIJKLMNOPQ"
                text run at (0,26) width 71: "RSTUVWXYZ"
                text run at (70,26) width 4: " "
                text run at (0,39) width 128: "abcdefghijklmnopqrstuv"
        layer at (493,79) size 148x28 clip at (494,80) size 131x26 scrollHeight 52
          RenderTextControl {TEXTAREA} at (3,31) size 148x28 [bgcolor=#FFFFFF] [border: (1px solid #000000)]
            RenderBlock {DIV} at (1,1) size 131x52
              RenderText {#text} at (0,0) size 131x52
                text run at (0,0) width 103: "Lorem ipsum  dolor"
                text run at (102,0) width 4: " "
                text run at (0,13) width 131: "ABCDEFGHIJKLMNOPQ"
                text run at (0,26) width 71: "RSTUVWXYZ"
                text run at (70,26) width 4: " "
                text run at (0,39) width 128: "abcdefghijklmnopqrstuv"
        layer at (11,186) size 152x32 clip at (12,187) size 135x30 scrollHeight 56
          RenderTextControl {TEXTAREA} at (11,39) size 152x32 [bgcolor=#FFFFFF] [border: (1px solid #000000)]
            RenderBlock {DIV} at (3,3) size 131x52
              RenderText {#text} at (0,0) size 131x52
                text run at (0,0) width 103: "Lorem ipsum  dolor"
                text run at (102,0) width 4: " "
                text run at (0,13) width 131: "ABCDEFGHIJKLMNOPQ"
                text run at (0,26) width 71: "RSTUVWXYZ"
                text run at (70,26) width 4: " "
                text run at (0,39) width 128: "abcdefghijklmnopqrstuv"
        layer at (175,196) size 152x32 clip at (176,197) size 135x30 scrollHeight 56
          RenderTextControl {TEXTAREA} at (1,29) size 152x32 [bgcolor=#FFFFFF] [border: (1px solid #000000)]
            RenderBlock {DIV} at (3,3) size 131x52
              RenderText {#text} at (0,0) size 131x52
                text run at (0,0) width 103: "Lorem ipsum  dolor"
                text run at (102,0) width 4: " "
                text run at (0,13) width 131: "ABCDEFGHIJKLMNOPQ"
                text run at (0,26) width 71: "RSTUVWXYZ"
                text run at (70,26) width 4: " "
                text run at (0,39) width 128: "abcdefghijklmnopqrstuv"
        layer at (329,194) size 66x32 clip at (330,195) size 49x30 scrollHeight 147
          RenderTextControl {TEXTAREA} at (1,31) size 66x32 [bgcolor=#FFFFFF] [border: (1px solid #000000)]
            RenderBlock {DIV} at (3,3) size 45x143
              RenderText {#text} at (0,0) size 45x143
                text run at (0,0) width 34: "Lorem"
                text run at (33,0) width 4: " "
                text run at (0,13) width 32: "ipsum"
                text run at (31,13) width 8: "  "
                text run at (0,26) width 28: "dolor"
                text run at (27,26) width 4: " "
                text run at (0,39) width 40: "ABCDE"
                text run at (0,52) width 41: "FGHIJK"
                text run at (0,65) width 42: "LMNOP"
                text run at (0,78) width 40: "QRSTU"
                text run at (0,91) width 40: "VWXYZ"
                text run at (39,91) width 5: " "
                text run at (0,104) width 44: "abcdefg"
                text run at (0,117) width 45: "hijklmno"
                text run at (0,130) width 41: "pqrstuv"
        layer at (411,158) size 102x68 clip at (412,159) size 85x66 scrollHeight 183
          RenderTextControl {TEXTAREA} at (1,45) size 102x68 [bgcolor=#FFFFFF] [border: (1px solid #000000)]
            RenderBlock {DIV} at (21,21) size 45x143
              RenderText {#text} at (0,0) size 45x143
                text run at (0,0) width 34: "Lorem"
                text run at (33,0) width 4: " "
                text run at (0,13) width 32: "ipsum"
                text run at (31,13) width 8: "  "
                text run at (0,26) width 28: "dolor"
                text run at (27,26) width 4: " "
                text run at (0,39) width 40: "ABCDE"
                text run at (0,52) width 41: "FGHIJK"
                text run at (0,65) width 42: "LMNOP"
                text run at (0,78) width 40: "QRSTU"
                text run at (0,91) width 40: "VWXYZ"
                text run at (39,91) width 5: " "
                text run at (0,104) width 44: "abcdefg"
                text run at (0,117) width 45: "hijklmno"
                text run at (0,130) width 41: "pqrstuv"
        layer at (515,198) size 62x28 clip at (516,199) size 45x26 scrollHeight 143
          RenderTextControl {TEXTAREA} at (1,45) size 62x28 [bgcolor=#FFFFFF] [border: (1px solid #000000)]
            RenderBlock {DIV} at (1,1) size 45x143
              RenderText {#text} at (0,0) size 45x143
                text run at (0,0) width 34: "Lorem"
                text run at (33,0) width 4: " "
                text run at (0,13) width 32: "ipsum"
                text run at (31,13) width 8: "  "
                text run at (0,26) width 28: "dolor"
                text run at (27,26) width 4: " "
                text run at (0,39) width 40: "ABCDE"
                text run at (0,52) width 41: "FGHIJK"
                text run at (0,65) width 42: "LMNOP"
                text run at (0,78) width 40: "QRSTU"
                text run at (0,91) width 40: "VWXYZ"
                text run at (39,91) width 5: " "
                text run at (0,104) width 44: "abcdefg"
                text run at (0,117) width 45: "hijklmno"
                text run at (0,130) width 41: "pqrstuv"
        layer at (599,162) size 152x66 clip at (600,163) size 150x64
          RenderTextControl {TEXTAREA} at (3,29) size 152x66 [bgcolor=#FFFFFF] [border: (1px solid #000000)]
            RenderBlock {DIV} at (3,3) size 146x52
              RenderText {#text} at (0,0) size 146x52
                text run at (0,0) width 103: "Lorem ipsum  dolor"
                text run at (102,0) width 4: " "
                text run at (0,13) width 146: "ABCDEFGHIJKLMNOPQRS"
                text run at (0,26) width 55: "TUVWXYZ"
                text run at (54,26) width 5: " "
                text run at (0,39) width 128: "abcdefghijklmnopqrstuv"
        layer at (1,289) size 66x66 clip at (2,290) size 49x64 scrollHeight 147
          RenderTextControl {TEXTAREA} at (1,43) size 66x66 [bgcolor=#FFFFFF] [border: (1px solid #000000)]
            RenderBlock {DIV} at (3,3) size 45x143
              RenderText {#text} at (0,0) size 45x143
                text run at (0,0) width 34: "Lorem"
                text run at (33,0) width 4: " "
                text run at (0,13) width 32: "ipsum"
                text run at (31,13) width 8: "  "
                text run at (0,26) width 28: "dolor"
                text run at (27,26) width 4: " "
                text run at (0,39) width 40: "ABCDE"
                text run at (0,52) width 41: "FGHIJK"
                text run at (0,65) width 42: "LMNOP"
                text run at (0,78) width 40: "QRSTU"
                text run at (0,91) width 40: "VWXYZ"
                text run at (39,91) width 5: " "
                text run at (0,104) width 44: "abcdefg"
                text run at (0,117) width 45: "hijklmno"
                text run at (0,130) width 41: "pqrstuv"
        layer at (85,321) size 152x32 clip at (86,322) size 150x30 scrollHeight 56
          RenderTextControl {TEXTAREA} at (3,31) size 152x32 [bgcolor=#FFFFFF] [border: (1px solid #000000)]
            RenderBlock {DIV} at (3,3) size 146x52
              RenderText {#text} at (0,0) size 146x52
                text run at (0,0) width 103: "Lorem ipsum  dolor"
                text run at (102,0) width 4: " "
                text run at (0,13) width 146: "ABCDEFGHIJKLMNOPQRS"
                text run at (0,26) width 55: "TUVWXYZ"
                text run at (54,26) width 5: " "
                text run at (0,39) width 128: "abcdefghijklmnopqrstuv"
        layer at (243,306) size 152x47 clip at (244,307) size 135x30 scrollHeight 56
          RenderTextControl {TEXTAREA} at (3,31) size 152x47 [bgcolor=#FFFFFF] [border: (1px solid #000000)]
            RenderBlock {DIV} at (3,3) size 131x52
              RenderText {#text} at (0,0) size 131x52
                text run at (0,0) width 103: "Lorem ipsum  dolor"
                text run at (102,0) width 4: " "
                text run at (0,13) width 131: "ABCDEFGHIJKLMNOPQ"
                text run at (0,26) width 71: "RSTUVWXYZ"
                text run at (70,26) width 4: " "
                text run at (0,39) width 128: "abcdefghijklmnopqrstuv"
        layer at (399,289) size 66x66 clip at (400,290) size 64x64 scrollHeight 134
          RenderTextControl {TEXTAREA} at (1,57) size 66x66 [bgcolor=#FFFFFF] [border: (1px solid #000000)]
            RenderBlock {DIV} at (3,3) size 60x130
              RenderText {#text} at (0,0) size 60x130
                text run at (0,0) width 34: "Lorem"
                text run at (33,0) width 4: " "
                text run at (0,13) width 32: "ipsum"
                text run at (31,13) width 8: "  "
                text run at (0,26) width 28: "dolor"
                text run at (27,26) width 4: " "
                text run at (0,39) width 55: "ABCDEFG"
                text run at (0,52) width 60: "HIJKLMNO"
                text run at (0,65) width 55: "PQRSTUV"
                text run at (0,78) width 33: "WXYZ"
                text run at (32,78) width 4: " "
                text run at (0,91) width 56: "abcdefghij"
                text run at (0,104) width 60: "klmnopqrst"
                text run at (0,117) width 13: "uv"
        layer at (481,289) size 66x66 clip at (482,290) size 49x49 scrollHeight 147
          RenderTextControl {TEXTAREA} at (1,57) size 66x66 [bgcolor=#FFFFFF] [border: (1px solid #000000)]
            RenderBlock {DIV} at (3,3) size 45x143
              RenderText {#text} at (0,0) size 45x143
                text run at (0,0) width 34: "Lorem"
                text run at (33,0) width 4: " "
                text run at (0,13) width 32: "ipsum"
                text run at (31,13) width 8: "  "
                text run at (0,26) width 28: "dolor"
                text run at (27,26) width 4: " "
                text run at (0,39) width 40: "ABCDE"
                text run at (0,52) width 41: "FGHIJK"
                text run at (0,65) width 42: "LMNOP"
                text run at (0,78) width 40: "QRSTU"
                text run at (0,91) width 40: "VWXYZ"
                text run at (39,91) width 5: " "
                text run at (0,104) width 44: "abcdefg"
                text run at (0,117) width 45: "hijklmno"
                text run at (0,130) width 41: "pqrstuv"
        layer at (563,289) size 66x66 clip at (564,290) size 49x64 scrollHeight 147
          RenderTextControl {TEXTAREA} at (1,43) size 66x66 [bgcolor=#FFFFFF] [border: (1px solid #000000)]
            RenderBlock {DIV} at (3,3) size 45x143
              RenderText {#text} at (0,0) size 45x143
                text run at (0,0) width 34: "Lorem"
                text run at (33,0) width 4: " "
                text run at (0,13) width 32: "ipsum"
                text run at (31,13) width 8: "  "
                text run at (0,26) width 28: "dolor"
                text run at (27,26) width 4: " "
                text run at (0,39) width 40: "ABCDE"
                text run at (0,52) width 41: "FGHIJK"
                text run at (0,65) width 42: "LMNOP"
                text run at (0,78) width 40: "QRSTU"
                text run at (0,91) width 40: "VWXYZ"
                text run at (39,91) width 5: " "
                text run at (0,104) width 44: "abcdefg"
                text run at (0,117) width 45: "hijklmno"
                text run at (0,130) width 41: "pqrstuv"
        layer at (645,289) size 66x66 clip at (646,290) size 49x64 scrollHeight 147
          RenderTextControl {TEXTAREA} at (1,43) size 66x66 [bgcolor=#FFFFFF] [border: (1px solid #000000)]
            RenderBlock {DIV} at (3,3) size 45x143
              RenderText {#text} at (0,0) size 45x143
                text run at (0,0) width 34: "Lorem"
                text run at (33,0) width 4: " "
                text run at (0,13) width 32: "ipsum"
                text run at (31,13) width 8: "  "
                text run at (0,26) width 28: "dolor"
                text run at (27,26) width 4: " "
                text run at (0,39) width 40: "ABCDE"
                text run at (0,52) width 41: "FGHIJK"
                text run at (0,65) width 42: "LMNOP"
                text run at (0,78) width 40: "QRSTU"
                text run at (0,91) width 40: "VWXYZ"
                text run at (39,91) width 5: " "
                text run at (0,104) width 44: "abcdefg"
                text run at (0,117) width 45: "hijklmno"
                text run at (0,130) width 41: "pqrstuv"
        layer at (1,416) size 66x66 clip at (2,417) size 49x64 scrollHeight 147
          RenderTextControl {TEXTAREA} at (1,57) size 66x66 [bgcolor=#FFFFFF] [border: (1px solid #000000)]
            RenderBlock {DIV} at (3,3) size 45x143
              RenderText {#text} at (0,0) size 45x143
                text run at (0,0) width 34: "Lorem"
                text run at (33,0) width 4: " "
                text run at (0,13) width 32: "ipsum"
                text run at (31,13) width 8: "  "
                text run at (0,26) width 28: "dolor"
                text run at (27,26) width 4: " "
                text run at (0,39) width 40: "ABCDE"
                text run at (0,52) width 41: "FGHIJK"
                text run at (0,65) width 42: "LMNOP"
                text run at (0,78) width 40: "QRSTU"
                text run at (0,91) width 40: "VWXYZ"
                text run at (39,91) width 5: " "
                text run at (0,104) width 44: "abcdefg"
                text run at (0,117) width 45: "hijklmno"
                text run at (0,130) width 41: "pqrstuv"
        layer at (85,448) size 41x32 clip at (86,449) size 24x30 scrollHeight 355
          RenderTextControl {TEXTAREA} at (3,17) size 41x32 [bgcolor=#FFFFFF] [border: (1px solid #000000)]
            RenderBlock {DIV} at (3,3) size 20x351
              RenderText {#text} at (0,0) size 20x351
                text run at (0,0) width 18: "Lor"
                text run at (0,13) width 17: "em"
                text run at (16,13) width 4: " "
                text run at (0,26) width 16: "ips"
                text run at (0,39) width 17: "um"
                text run at (16,39) width 4: "  "
                text run at (0,52) width 17: "dol"
                text run at (0,65) width 11: "or"
                text run at (10,65) width 5: " "
                text run at (0,78) width 16: "AB"
                text run at (0,91) width 17: "CD"
                text run at (0,104) width 14: "EF"
                text run at (0,117) width 18: "GH"
                text run at (0,130) width 18: "IJK"
                text run at (0,143) width 17: "LM"
                text run at (0,156) width 18: "NO"
                text run at (0,169) width 17: "PQ"
                text run at (0,182) width 16: "RS"
                text run at (0,195) width 16: "TU"
                text run at (0,208) width 18: "VW"
                text run at (0,221) width 15: "XY"
                text run at (0,234) width 8: "Z"
                text run at (7,234) width 4: " "
                text run at (0,247) width 20: "abc"
                text run at (0,260) width 17: "def"
                text run at (0,273) width 19: "ghij"
                text run at (0,286) width 19: "klm"
                text run at (0,299) width 14: "no"
                text run at (0,312) width 18: "pqr"
                text run at (0,325) width 17: "stu"
                text run at (0,338) width 6: "v"
        layer at (167,435) size 152x45 clip at (168,436) size 135x43 scrollHeight 56
          RenderTextControl {TEXTAREA} at (3,17) size 152x45 [bgcolor=#FFFFFF] [border: (1px solid #000000)]
            RenderBlock {DIV} at (3,3) size 131x52
              RenderText {#text} at (0,0) size 131x52
                text run at (0,0) width 103: "Lorem ipsum  dolor"
                text run at (102,0) width 4: " "
                text run at (0,13) width 131: "ABCDEFGHIJKLMNOPQ"
                text run at (0,26) width 71: "RSTUVWXYZ"
                text run at (70,26) width 4: " "
                text run at (0,39) width 128: "abcdefghijklmnopqrstuv"
        layer at (325,448) size 67x32 clip at (326,449) size 50x30 scrollHeight 147
          RenderTextControl {TEXTAREA} at (3,17) size 67x32 [bgcolor=#FFFFFF] [border: (1px solid #000000)]
            RenderBlock {DIV} at (3,3) size 46x143
              RenderText {#text} at (0,0) size 46x143
                text run at (0,0) width 34: "Lorem"
                text run at (33,0) width 4: " "
                text run at (0,13) width 32: "ipsum"
                text run at (31,13) width 8: "  "
                text run at (0,26) width 28: "dolor"
                text run at (27,26) width 4: " "
                text run at (0,39) width 46: "ABCDEF"
                text run at (0,52) width 41: "GHIJKL"
                text run at (0,65) width 44: "MNOPQ"
                text run at (0,78) width 38: "RSTUV"
                text run at (0,91) width 33: "WXYZ"
                text run at (32,91) width 4: " "
                text run at (0,104) width 44: "abcdefg"
                text run at (0,117) width 45: "hijklmno"
                text run at (0,130) width 41: "pqrstuv"
        layer at (407,383) size 152x97 clip at (408,384) size 150x95
          RenderTextControl {TEXTAREA} at (3,17) size 152x97 [bgcolor=#FFFFFF] [border: (1px solid #000000)]
            RenderBlock {DIV} at (3,3) size 146x52
              RenderText {#text} at (0,0) size 146x52
                text run at (0,0) width 103: "Lorem ipsum  dolor"
                text run at (102,0) width 4: " "
                text run at (0,13) width 146: "ABCDEFGHIJKLMNOPQRS"
                text run at (0,26) width 55: "TUVWXYZ"
                text run at (54,26) width 5: " "
                text run at (0,39) width 128: "abcdefghijklmnopqrstuv"
        layer at (565,422) size 54x58 clip at (566,423) size 37x56 scrollHeight 212
          RenderTextControl {TEXTAREA} at (3,31) size 54x58 [bgcolor=#FFFFFF] [border: (1px solid #000000)]
            RenderBlock {DIV} at (3,3) size 33x208
              RenderText {#text} at (0,0) size 33x208
                text run at (0,0) width 24: "Lore"
                text run at (0,13) width 10: "m"
                text run at (9,13) width 5: " "
                text run at (0,26) width 32: "ipsum"
                text run at (31,26) width 2: "  "
                text run at (0,39) width 28: "dolor"
                text run at (27,39) width 4: " "
                text run at (0,52) width 33: "ABCD"
                text run at (0,65) width 32: "EFGH"
                text run at (0,78) width 24: "IJKL"
                text run at (0,91) width 28: "MNO"
                text run at (0,104) width 32: "PQRS"
                text run at (0,117) width 33: "TUVW"
                text run at (0,130) width 22: "XYZ"
                text run at (21,130) width 5: " "
                text run at (0,143) width 33: "abcde"
                text run at (0,156) width 32: "fghijkl"
                text run at (0,169) width 31: "mnop"
                text run at (0,182) width 28: "qrstu"
                text run at (0,195) width 6: "v"
        layer at (3,503) size 152x47 clip at (4,504) size 150x30 scrollWidth 439
          RenderTextControl {TEXTAREA} at (3,17) size 152x47 [bgcolor=#FFFFFF] [border: (1px solid #000000)]
            RenderBlock {DIV} at (3,3) size 146x13
              RenderText {#text} at (0,0) size 437x13
                text run at (0,0) width 437: "Lorem ipsum  dolor ABCDEFGHIJKLMNOPQRSTUVWXYZ abcdefghijklmnopqrstuv"
        layer at (161,518) size 152x32 clip at (162,519) size 135x30 scrollHeight 56
          RenderTextControl {TEXTAREA} at (3,17) size 152x32 [bgcolor=#FFFFFF] [border: (1px solid #000000)]
            RenderBlock {DIV} at (3,3) size 131x52
              RenderText {#text} at (0,0) size 131x52
                text run at (0,0) width 103: "Lorem ipsum  dolor"
                text run at (102,0) width 4: " "
                text run at (0,13) width 131: "ABCDEFGHIJKLMNOPQ"
                text run at (0,26) width 71: "RSTUVWXYZ"
                text run at (70,26) width 4: " "
                text run at (0,39) width 128: "abcdefghijklmnopqrstuv"
        layer at (319,518) size 152x32 clip at (320,519) size 135x30 scrollHeight 56
          RenderTextControl {TEXTAREA} at (3,17) size 152x32 [bgcolor=#FFFFFF] [border: (1px solid #000000)]
            RenderBlock {DIV} at (3,3) size 131x52
              RenderText {#text} at (0,0) size 131x52
                text run at (0,0) width 103: "Lorem ipsum  dolor"
                text run at (102,0) width 4: " "
                text run at (0,13) width 131: "ABCDEFGHIJKLMNOPQ"
                text run at (0,26) width 71: "RSTUVWXYZ"
                text run at (70,26) width 4: " "
                text run at (0,39) width 128: "abcdefghijklmnopqrstuv"
        layer at (477,518) size 152x32 clip at (478,519) size 135x30 scrollHeight 56
          RenderTextControl {TEXTAREA} at (3,31) size 152x32 [bgcolor=#FFFFFF] [border: (1px solid #000000)]
            RenderBlock {DIV} at (3,3) size 131x52
              RenderText {#text} at (0,0) size 131x52
                text run at (0,0) width 72: "Lorem ipsum "
                text run at (71,0) width 29: "dolor"
                text run at (0,13) width 131: "ABCDEFGHIJKLMNOPQ"
                text run at (0,26) width 71: "RSTUVWXYZ"
                text run at (0,39) width 128: "abcdefghijklmnopqrstuv"
        layer at (3,587) size 152x32 clip at (4,588) size 135x30 scrollHeight 56
          RenderTextControl {TEXTAREA} at (3,31) size 152x32 [bgcolor=#FFFFFF] [border: (1px solid #000000)]
            RenderBlock {DIV} at (3,3) size 131x52
              RenderText {#text} at (0,0) size 130x52
                text run at (0,0) width 130: "Lorem ipsum  dolor ABC"
                text run at (0,13) width 129: "DEFGHIJKLMNOPQRST"
                text run at (0,26) width 126: "UVWXYZ abcdefghijklm"
                text run at (0,39) width 54: "nopqrstuv"
        layer at (161,587) size 152x32 clip at (162,588) size 135x30 scrollHeight 56
          RenderTextControl {TEXTAREA} at (3,31) size 152x32 [bgcolor=#FFFFFF] [border: (1px solid #000000)]
            RenderBlock {DIV} at (3,3) size 131x52
              RenderText {#text} at (0,0) size 131x52
                text run at (0,0) width 103: "Lorem ipsum  dolor"
                text run at (102,0) width 4: " "
                text run at (0,13) width 131: "ABCDEFGHIJKLMNOPQ"
                text run at (0,26) width 71: "RSTUVWXYZ"
                text run at (70,26) width 4: " "
                text run at (0,39) width 128: "abcdefghijklmnopqrstuv"
        layer at (319,587) size 152x32 clip at (320,588) size 135x15 scrollWidth 436 scrollHeight 17
          RenderTextControl {TEXTAREA} at (3,31) size 152x32 [bgcolor=#FFFFFF] [border: (1px solid #000000)]
            RenderBlock {DIV} at (3,3) size 146x13
              RenderText {#text} at (0,0) size 434x13
                text run at (0,0) width 72: "Lorem ipsum "
                text run at (71,0) width 363: "dolor ABCDEFGHIJKLMNOPQRSTUVWXYZ abcdefghijklmnopqrstuv"
        layer at (477,587) size 152x32 clip at (478,588) size 135x30 scrollHeight 56
          RenderTextControl {TEXTAREA} at (3,31) size 152x32 [bgcolor=#FFFFFF] [border: (1px solid #000000)]
            RenderBlock {DIV} at (3,3) size 131x52
              RenderText {#text} at (0,0) size 131x52
                text run at (0,0) width 72: "Lorem ipsum "
                text run at (71,0) width 29: "dolor"
                text run at (0,13) width 131: "ABCDEFGHIJKLMNOPQ"
                text run at (0,26) width 71: "RSTUVWXYZ"
                text run at (0,39) width 128: "abcdefghijklmnopqrstuv"
        layer at (3,684) size 152x47 clip at (4,685) size 135x30 scrollWidth 202 scrollHeight 43
          RenderTextControl {TEXTAREA} at (3,31) size 152x47 [bgcolor=#FFFFFF] [border: (1px solid #000000)]
            RenderBlock {DIV} at (3,3) size 146x39
              RenderText {#text} at (0,0) size 201x39
                text run at (0,0) width 103: "Lorem ipsum  dolor"
                text run at (102,0) width 4: " "
                text run at (0,13) width 201: "ABCDEFGHIJKLMNOPQRSTUVWXYZ"
                text run at (0,26) width 131: " abcdefghijklmnopqrstuv"
        layer at (161,684) size 152x47 clip at (162,685) size 135x30 scrollWidth 202 scrollHeight 43
          RenderTextControl {TEXTAREA} at (3,59) size 152x47 [bgcolor=#FFFFFF] [border: (1px solid #000000)]
            RenderBlock {DIV} at (3,3) size 146x39
              RenderText {#text} at (0,0) size 201x39
                text run at (0,0) width 103: "Lorem ipsum  dolor"
                text run at (102,0) width 4: " "
                text run at (0,13) width 201: "ABCDEFGHIJKLMNOPQRSTUVWXYZ"
                text run at (0,26) width 131: " abcdefghijklmnopqrstuv"
      RenderIFrame {IFRAME} at (0,737) size 785x704
        layer at (0,0) size 785x704
          RenderView at (0,0) size 785x704
        layer at (0,0) size 785x704
          RenderBlock {HTML} at (0,0) size 785x704
            RenderBody {BODY} at (0,5) size 785x699
              RenderBlock {DIV} at (0,0) size 785x18
                RenderText {#text} at (0,0) size 194x18
                  text run at (0,0) width 194: "CompatMode: BackCompat"
              RenderBlock (anonymous) at (0,23) size 785x676
                RenderBlock {DIV} at (0,44) size 158x38 [border: (1px solid #0000FF)]
                  RenderBlock {SPAN} at (1,1) size 80x0
                  RenderBR {BR} at (81,1) size 0x0
                RenderBlock {DIV} at (158,30) size 158x52 [border: (1px solid #0000FF)]
                  RenderBlock {SPAN} at (1,1) size 80x14
                    RenderText {#text} at (0,0) size 78x14
                      text run at (0,0) width 78: "disabled: \"true\","
                  RenderBR {BR} at (81,12) size 0x0
                RenderBlock {DIV} at (316,0) size 174x82 [border: (1px solid #0000FF)]
                  RenderBlock {SPAN} at (1,1) size 80x28
                    RenderText {#text} at (0,0) size 79x28
                      text run at (0,0) width 26: "style:"
                      text run at (0,14) width 79: "\"padding:10px\","
                  RenderBR {BR} at (81,26) size 0x0
                RenderBlock {DIV} at (490,20) size 154x62 [border: (1px solid #0000FF)]
                  RenderBlock {SPAN} at (1,1) size 80x28
                    RenderText {#text} at (0,0) size 73x28
                      text run at (0,0) width 26: "style:"
                      text run at (0,14) width 73: "\"padding:0px\","
                  RenderBR {BR} at (81,26) size 0x0
                RenderBlock {DIV} at (0,116) size 174x82 [border: (1px solid #0000FF)]
                  RenderBlock {SPAN} at (1,1) size 80x28
                    RenderText {#text} at (0,0) size 74x28
                      text run at (0,0) width 26: "style:"
                      text run at (0,14) width 74: "\"margin:10px\","
                  RenderBR {BR} at (81,26) size 0x0
                RenderBlock {DIV} at (174,136) size 154x62 [border: (1px solid #0000FF)]
                  RenderBlock {SPAN} at (1,1) size 80x28
                    RenderText {#text} at (0,0) size 68x28
                      text run at (0,0) width 26: "style:"
                      text run at (0,14) width 68: "\"margin:0px\","
                  RenderBR {BR} at (81,26) size 0x0
                RenderBlock {DIV} at (328,132) size 82x66 [border: (1px solid #0000FF)]
                  RenderBlock {SPAN} at (1,1) size 80x28
                    RenderText {#text} at (0,0) size 68x28
                      text run at (0,0) width 26: "style:"
                      text run at (0,14) width 68: "\"width:60px\","
                  RenderBR {BR} at (81,26) size 0x0
                RenderBlock {DIV} at (410,82) size 82x116 [border: (1px solid #0000FF)]
                  RenderBlock {SPAN} at (1,1) size 80x42
                    RenderText {#text} at (0,0) size 74x42
                      text run at (0,0) width 26: "style:"
                      text run at (0,14) width 63: "\"width:60px;"
                      text run at (0,28) width 74: "padding:20px\","
                  RenderBR {BR} at (81,40) size 0x0
                RenderBlock {DIV} at (492,122) size 82x76 [border: (1px solid #0000FF)]
                  RenderBlock {SPAN} at (1,1) size 80x42
                    RenderText {#text} at (0,0) size 63x42
                      text run at (0,0) width 26: "style:"
                      text run at (0,14) width 63: "\"width:60px;"
                      text run at (0,28) width 56: "padding:0\","
                  RenderBR {BR} at (81,40) size 0x0
                RenderBlock {DIV} at (574,108) size 158x90 [border: (1px solid #0000FF)]
                  RenderBlock {SPAN} at (1,1) size 80x28
                    RenderText {#text} at (0,0) size 71x28
                      text run at (0,0) width 26: "style:"
                      text run at (0,14) width 71: "\"height:60px\","
                  RenderBR {BR} at (81,26) size 0x0
                RenderBlock {DIV} at (0,212) size 82x104 [border: (1px solid #0000FF)]
                  RenderBlock {SPAN} at (1,1) size 80x42
                    RenderText {#text} at (0,0) size 66x42
                      text run at (0,0) width 26: "style:"
                      text run at (0,14) width 63: "\"width:60px;"
                      text run at (0,28) width 66: "height:60px\","
                  RenderBR {BR} at (81,40) size 0x0
                RenderBlock {DIV} at (82,250) size 158x66 [border: (1px solid #0000FF)]
                  RenderBlock {SPAN} at (1,1) size 80x28
                    RenderText {#text} at (0,0) size 92x28
                      text run at (0,0) width 26: "style:"
                      text run at (0,14) width 92: "\"overflow:hidden\","
                  RenderBR {BR} at (81,26) size 0x0
                RenderBlock {DIV} at (240,235) size 158x81 [border: (1px solid #0000FF)]
                  RenderBlock {SPAN} at (1,1) size 80x28
                    RenderText {#text} at (0,0) size 86x28
                      text run at (0,0) width 26: "style:"
                      text run at (0,14) width 86: "\"overflow:scroll\","
                  RenderBR {BR} at (81,26) size 0x0
                RenderBlock {DIV} at (398,198) size 82x118 [border: (1px solid #0000FF)]
                  RenderBlock {SPAN} at (1,1) size 80x56
                    RenderText {#text} at (0,0) size 87x56
                      text run at (0,0) width 26: "style:"
                      text run at (0,14) width 87: "\"overflow:hidden;"
                      text run at (0,28) width 59: "width:60px;"
                      text run at (0,42) width 66: "height:60px\","
                  RenderBR {BR} at (81,54) size 0x0
                RenderBlock {DIV} at (480,198) size 82x118 [border: (1px solid #0000FF)]
                  RenderBlock {SPAN} at (1,1) size 80x56
                    RenderText {#text} at (0,0) size 81x56
                      text run at (0,0) width 26: "style:"
                      text run at (0,14) width 81: "\"overflow:scroll;"
                      text run at (0,28) width 59: "width:60px;"
                      text run at (0,42) width 66: "height:60px\","
                  RenderBR {BR} at (81,54) size 0x0
                RenderBlock {DIV} at (562,212) size 82x104 [border: (1px solid #0000FF)]
                  RenderBlock {SPAN} at (1,1) size 80x42
                    RenderText {#text} at (0,0) size 74x42
                      text run at (0,0) width 74: "cols: \"5\", style:"
                      text run at (0,14) width 63: "\"width:60px;"
                      text run at (0,28) width 66: "height:60px\","
                  RenderBR {BR} at (81,40) size 0x0
                RenderBlock {DIV} at (644,212) size 82x104 [border: (1px solid #0000FF)]
                  RenderBlock {SPAN} at (1,1) size 80x42
                    RenderText {#text} at (0,0) size 78x42
                      text run at (0,0) width 78: "rows: \"4\", style:"
                      text run at (0,14) width 63: "\"width:60px;"
                      text run at (0,28) width 66: "height:60px\","
                  RenderBR {BR} at (81,40) size 0x0
                RenderBlock {DIV} at (0,316) size 82x118 [border: (1px solid #0000FF)]
                  RenderBlock {SPAN} at (1,1) size 80x56
                    RenderText {#text} at (0,0) size 75x56
                      text run at (0,0) width 75: "cols: \"5\", rows:"
                      text run at (0,14) width 48: "\"4\", style:"
                      text run at (0,28) width 63: "\"width:60px;"
                      text run at (0,42) width 66: "height:60px\","
                  RenderBR {BR} at (81,54) size 0x0
                RenderBlock {DIV} at (82,382) size 82x52 [border: (1px solid #0000FF)]
                  RenderBlock {SPAN} at (1,1) size 80x14
                    RenderText {#text} at (0,0) size 45x14
                      text run at (0,0) width 45: "cols: \"3\","
                  RenderBR {BR} at (81,12) size 0x0
                RenderBlock {DIV} at (164,369) size 158x65 [border: (1px solid #0000FF)]
                  RenderBlock {SPAN} at (1,1) size 80x14
                    RenderText {#text} at (0,0) size 49x14
                      text run at (0,0) width 49: "rows: \"3\","
                  RenderBR {BR} at (81,12) size 0x0
                RenderBlock {DIV} at (322,382) size 82x52 [border: (1px solid #0000FF)]
                  RenderBlock {SPAN} at (1,1) size 80x14
                    RenderText {#text} at (0,0) size 45x14
                      text run at (0,0) width 45: "cols: \"7\","
                  RenderBR {BR} at (81,12) size 0x0
                RenderBlock {DIV} at (404,317) size 158x117 [border: (1px solid #0000FF)]
                  RenderBlock {SPAN} at (1,1) size 80x14
                    RenderText {#text} at (0,0) size 49x14
                      text run at (0,0) width 49: "rows: \"7\","
                  RenderBR {BR} at (81,12) size 0x0
                RenderBlock {DIV} at (562,342) size 82x92 [border: (1px solid #0000FF)]
                  RenderBlock {SPAN} at (1,1) size 80x28
                    RenderText {#text} at (0,0) size 75x28
                      text run at (0,0) width 75: "cols: \"5\", rows:"
                      text run at (0,14) width 19: "\"4\","
                  RenderBR {BR} at (81,26) size 0x0
                RenderBlock {DIV} at (0,434) size 158x67 [border: (1px solid #0000FF)]
                  RenderBlock {SPAN} at (1,1) size 80x14
                    RenderText {#text} at (0,0) size 57x14
                      text run at (0,0) width 57: "wrap: \"off\","
                  RenderBR {BR} at (81,12) size 0x0
                RenderBlock {DIV} at (158,449) size 158x52 [border: (1px solid #0000FF)]
                  RenderBlock {SPAN} at (1,1) size 80x14
                    RenderText {#text} at (0,0) size 65x14
                      text run at (0,0) width 65: "wrap: \"hard\","
                  RenderBR {BR} at (81,12) size 0x0
                RenderBlock {DIV} at (316,449) size 158x52 [border: (1px solid #0000FF)]
                  RenderBlock {SPAN} at (1,1) size 80x14
                    RenderText {#text} at (0,0) size 62x14
                      text run at (0,0) width 62: "wrap: \"soft\","
                  RenderBR {BR} at (81,12) size 0x0
                RenderBlock {DIV} at (474,435) size 158x66 [border: (1px solid #0000FF)]
                  RenderBlock {SPAN} at (1,1) size 80x28
                    RenderText {#text} at (0,0) size 72x28
                      text run at (0,0) width 65: "style: \"white-"
                      text run at (0,14) width 72: "space:normal\","
                  RenderBR {BR} at (81,26) size 0x0
                RenderBlock {DIV} at (0,501) size 158x66 [border: (1px solid #0000FF)]
                  RenderBlock {SPAN} at (1,1) size 80x28
                    RenderText {#text} at (0,0) size 65x28
                      text run at (0,0) width 65: "style: \"white-"
                      text run at (0,14) width 54: "space:pre\","
                  RenderBR {BR} at (81,26) size 0x0
                RenderBlock {DIV} at (158,501) size 158x66 [border: (1px solid #0000FF)]
                  RenderBlock {SPAN} at (1,1) size 80x28
                    RenderText {#text} at (0,0) size 78x28
                      text run at (0,0) width 65: "style: \"white-"
                      text run at (0,14) width 78: "space:prewrap\","
                  RenderBR {BR} at (81,26) size 0x0
                RenderBlock {DIV} at (316,501) size 158x66 [border: (1px solid #0000FF)]
                  RenderBlock {SPAN} at (1,1) size 80x28
                    RenderText {#text} at (0,0) size 74x28
                      text run at (0,0) width 65: "style: \"white-"
                      text run at (0,14) width 74: "space:nowrap\","
                  RenderBR {BR} at (81,26) size 0x0
                RenderBlock {DIV} at (474,501) size 158x66 [border: (1px solid #0000FF)]
                  RenderBlock {SPAN} at (1,1) size 80x28
                    RenderText {#text} at (0,0) size 76x28
                      text run at (0,0) width 65: "style: \"white-"
                      text run at (0,14) width 76: "space:pre-line\","
                  RenderBR {BR} at (81,26) size 0x0
                RenderBlock {DIV} at (0,595) size 158x81 [border: (1px solid #0000FF)]
                  RenderBlock {SPAN} at (1,1) size 80x28
                    RenderText {#text} at (0,0) size 70x28
                      text run at (0,0) width 63: "style: \"word-"
                      text run at (0,14) width 70: "wrap:normal\","
                  RenderBR {BR} at (81,26) size 0x0
                RenderBlock {DIV} at (158,567) size 158x109 [border: (1px solid #0000FF)]
                  RenderBlock {SPAN} at (1,1) size 80x56
                    RenderText {#text} at (0,0) size 65x56
                      text run at (0,0) width 57: "wrap: \"off\","
                      text run at (0,14) width 65: "style: \"white-"
                      text run at (0,28) width 50: "space:pre-"
                      text run at (0,42) width 32: "wrap\","
                  RenderBR {BR} at (81,54) size 0x0
        layer at (3,75) size 152x32 clip at (4,76) size 150x30
          RenderTextControl {TEXTAREA} at (3,3) size 152x32 [bgcolor=#FFFFFF] [border: (1px solid #000000)]
            RenderBlock {DIV} at (3,3) size 146x13
              RenderText {#text} at (0,0) size 100x13
                text run at (0,0) width 100: "Lorem ipsum dolor"
        layer at (161,75) size 152x32 clip at (162,76) size 135x30 scrollHeight 56
          RenderTextControl {TEXTAREA} at (3,17) size 152x32 [bgcolor=#FFFFFF] [border: (1px solid #000000)]
            RenderBlock {DIV} at (3,3) size 131x52 [color=#545454]
              RenderText {#text} at (0,0) size 131x52
                text run at (0,0) width 103: "Lorem ipsum  dolor"
                text run at (102,0) width 4: " "
                text run at (0,13) width 131: "ABCDEFGHIJKLMNOPQ"
                text run at (0,26) width 71: "RSTUVWXYZ"
                text run at (70,26) width 4: " "
                text run at (0,39) width 128: "abcdefghijklmnopqrstuv"
        layer at (319,59) size 168x48 clip at (320,60) size 151x46 scrollHeight 72
          RenderTextControl {TEXTAREA} at (3,31) size 168x48 [bgcolor=#FFFFFF] [border: (1px solid #000000)]
            RenderBlock {DIV} at (11,11) size 131x52
              RenderText {#text} at (0,0) size 131x52
                text run at (0,0) width 103: "Lorem ipsum  dolor"
                text run at (102,0) width 4: " "
                text run at (0,13) width 131: "ABCDEFGHIJKLMNOPQ"
                text run at (0,26) width 71: "RSTUVWXYZ"
                text run at (70,26) width 4: " "
                text run at (0,39) width 128: "abcdefghijklmnopqrstuv"
        layer at (493,79) size 148x28 clip at (494,80) size 131x26 scrollHeight 52
          RenderTextControl {TEXTAREA} at (3,31) size 148x28 [bgcolor=#FFFFFF] [border: (1px solid #000000)]
            RenderBlock {DIV} at (1,1) size 131x52
              RenderText {#text} at (0,0) size 131x52
                text run at (0,0) width 103: "Lorem ipsum  dolor"
                text run at (102,0) width 4: " "
                text run at (0,13) width 131: "ABCDEFGHIJKLMNOPQ"
                text run at (0,26) width 71: "RSTUVWXYZ"
                text run at (70,26) width 4: " "
                text run at (0,39) width 128: "abcdefghijklmnopqrstuv"
        layer at (11,183) size 152x32 clip at (12,184) size 135x30 scrollHeight 56
          RenderTextControl {TEXTAREA} at (11,39) size 152x32 [bgcolor=#FFFFFF] [border: (1px solid #000000)]
            RenderBlock {DIV} at (3,3) size 131x52
              RenderText {#text} at (0,0) size 131x52
                text run at (0,0) width 103: "Lorem ipsum  dolor"
                text run at (102,0) width 4: " "
                text run at (0,13) width 131: "ABCDEFGHIJKLMNOPQ"
                text run at (0,26) width 71: "RSTUVWXYZ"
                text run at (70,26) width 4: " "
                text run at (0,39) width 128: "abcdefghijklmnopqrstuv"
        layer at (175,193) size 152x32 clip at (176,194) size 135x30 scrollHeight 56
          RenderTextControl {TEXTAREA} at (1,29) size 152x32 [bgcolor=#FFFFFF] [border: (1px solid #000000)]
            RenderBlock {DIV} at (3,3) size 131x52
              RenderText {#text} at (0,0) size 131x52
                text run at (0,0) width 103: "Lorem ipsum  dolor"
                text run at (102,0) width 4: " "
                text run at (0,13) width 131: "ABCDEFGHIJKLMNOPQ"
                text run at (0,26) width 71: "RSTUVWXYZ"
                text run at (70,26) width 4: " "
                text run at (0,39) width 128: "abcdefghijklmnopqrstuv"
        layer at (329,191) size 60x32 clip at (330,192) size 43x30 scrollHeight 173
          RenderTextControl {TEXTAREA} at (1,31) size 60x32 [bgcolor=#FFFFFF] [border: (1px solid #000000)]
            RenderBlock {DIV} at (3,3) size 39x169
              RenderText {#text} at (0,0) size 39x169
                text run at (0,0) width 34: "Lorem"
                text run at (33,0) width 4: " "
                text run at (0,13) width 32: "ipsum"
                text run at (31,13) width 8: "  "
                text run at (0,26) width 28: "dolor"
                text run at (27,26) width 4: " "
                text run at (0,39) width 33: "ABCD"
                text run at (0,52) width 35: "EFGHI"
                text run at (0,65) width 39: "JKLMN"
                text run at (0,78) width 34: "OPQR"
                text run at (0,91) width 30: "STUV"
                text run at (0,104) width 33: "WXYZ"
                text run at (32,104) width 4: " "
                text run at (0,117) width 37: "abcdef"
                text run at (0,130) width 38: "ghijklm"
                text run at (0,143) width 38: "nopqrs"
                text run at (0,156) width 17: "tuv"
        layer at (411,155) size 60x68 clip at (412,156) size 43x66 scrollHeight 924
          RenderTextControl {TEXTAREA} at (1,45) size 60x68 [bgcolor=#FFFFFF] [border: (1px solid #000000)]
            RenderBlock {DIV} at (21,21) size 3x884
              RenderText {#text} at (0,0) size 11x884
                text run at (0,0) width 7: "L"
                text run at (0,13) width 7: "o"
                text run at (0,26) width 5: "r"
                text run at (0,39) width 7: "e"
                text run at (0,52) width 10: "m"
                text run at (0,65) width 3: " "
                text run at (0,78) width 3: "i"
                text run at (0,91) width 7: "p"
                text run at (0,104) width 6: "s"
                text run at (0,117) width 7: "u"
                text run at (0,130) width 10: "m"
                text run at (0,143) width 3: " "
                text run at (0,156) width 3: " "
                text run at (0,169) width 7: "d"
                text run at (0,182) width 7: "o"
                text run at (0,195) width 3: "l"
                text run at (0,208) width 7: "o"
                text run at (0,221) width 5: "r"
                text run at (0,234) width 3: " "
                text run at (0,247) width 8: "A"
                text run at (0,260) width 8: "B"
                text run at (0,273) width 9: "C"
                text run at (0,286) width 9: "D"
                text run at (0,299) width 8: "E"
                text run at (0,312) width 7: "F"
                text run at (0,325) width 9: "G"
                text run at (0,338) width 9: "H"
                text run at (0,351) width 4: "I"
                text run at (0,364) width 7: "J"
                text run at (0,377) width 8: "K"
                text run at (0,390) width 7: "L"
                text run at (0,403) width 11: "M"
                text run at (0,416) width 9: "N"
                text run at (0,429) width 9: "O"
                text run at (0,442) width 8: "P"
                text run at (0,455) width 9: "Q"
                text run at (0,468) width 8: "R"
                text run at (0,481) width 8: "S"
                text run at (0,494) width 7: "T"
                text run at (0,507) width 9: "U"
                text run at (0,520) width 8: "V"
                text run at (0,533) width 11: "W"
                text run at (0,546) width 8: "X"
                text run at (0,559) width 8: "Y"
                text run at (0,572) width 8: "Z"
                text run at (0,585) width 3: " "
                text run at (0,598) width 7: "a"
                text run at (0,611) width 7: "b"
                text run at (0,624) width 7: "c"
                text run at (0,637) width 7: "d"
                text run at (0,650) width 7: "e"
                text run at (0,663) width 4: "f"
                text run at (0,676) width 7: "g"
                text run at (0,689) width 7: "h"
                text run at (0,702) width 3: "i"
                text run at (0,715) width 3: "j"
                text run at (0,728) width 7: "k"
                text run at (0,741) width 3: "l"
                text run at (0,754) width 10: "m"
                text run at (0,767) width 7: "n"
                text run at (0,780) width 7: "o"
                text run at (0,793) width 7: "p"
                text run at (0,806) width 7: "q"
                text run at (0,819) width 5: "r"
                text run at (0,832) width 6: "s"
                text run at (0,845) width 4: "t"
                text run at (0,858) width 7: "u"
                text run at (0,871) width 6: "v"
        layer at (493,195) size 60x28 clip at (494,196) size 43x26 scrollHeight 156
          RenderTextControl {TEXTAREA} at (1,45) size 60x28 [bgcolor=#FFFFFF] [border: (1px solid #000000)]
            RenderBlock {DIV} at (1,1) size 43x156
              RenderText {#text} at (0,0) size 43x156
                text run at (0,0) width 34: "Lorem"
                text run at (33,0) width 4: " "
                text run at (0,13) width 32: "ipsum"
                text run at (31,13) width 8: "  "
                text run at (0,26) width 28: "dolor"
                text run at (27,26) width 4: " "
                text run at (0,39) width 40: "ABCDE"
                text run at (0,52) width 41: "FGHIJK"
                text run at (0,65) width 42: "LMNOP"
                text run at (0,78) width 40: "QRSTU"
                text run at (0,91) width 40: "VWXYZ"
                text run at (39,91) width 4: " "
                text run at (0,104) width 37: "abcdef"
                text run at (0,117) width 38: "ghijklm"
                text run at (0,130) width 41: "nopqrst"
                text run at (0,143) width 13: "uv"
        layer at (577,165) size 152x60 clip at (578,166) size 150x58
          RenderTextControl {TEXTAREA} at (3,29) size 152x60 [bgcolor=#FFFFFF] [border: (1px solid #000000)]
            RenderBlock {DIV} at (3,3) size 146x52
              RenderText {#text} at (0,0) size 146x52
                text run at (0,0) width 103: "Lorem ipsum  dolor"
                text run at (102,0) width 4: " "
                text run at (0,13) width 146: "ABCDEFGHIJKLMNOPQRS"
                text run at (0,26) width 55: "TUVWXYZ"
                text run at (54,26) width 5: " "
                text run at (0,39) width 128: "abcdefghijklmnopqrstuv"
        layer at (1,283) size 60x60 clip at (2,284) size 43x58 scrollHeight 173
          RenderTextControl {TEXTAREA} at (1,43) size 60x60 [bgcolor=#FFFFFF] [border: (1px solid #000000)]
            RenderBlock {DIV} at (3,3) size 39x169
              RenderText {#text} at (0,0) size 39x169
                text run at (0,0) width 34: "Lorem"
                text run at (33,0) width 4: " "
                text run at (0,13) width 32: "ipsum"
                text run at (31,13) width 8: "  "
                text run at (0,26) width 28: "dolor"
                text run at (27,26) width 4: " "
                text run at (0,39) width 33: "ABCD"
                text run at (0,52) width 35: "EFGHI"
                text run at (0,65) width 39: "JKLMN"
                text run at (0,78) width 34: "OPQR"
                text run at (0,91) width 30: "STUV"
                text run at (0,104) width 33: "WXYZ"
                text run at (32,104) width 4: " "
                text run at (0,117) width 37: "abcdef"
                text run at (0,130) width 38: "ghijklm"
                text run at (0,143) width 38: "nopqrs"
                text run at (0,156) width 17: "tuv"
        layer at (85,309) size 152x32 clip at (86,310) size 150x30 scrollHeight 56
          RenderTextControl {TEXTAREA} at (3,31) size 152x32 [bgcolor=#FFFFFF] [border: (1px solid #000000)]
            RenderBlock {DIV} at (3,3) size 146x52
              RenderText {#text} at (0,0) size 146x52
                text run at (0,0) width 103: "Lorem ipsum  dolor"
                text run at (102,0) width 4: " "
                text run at (0,13) width 146: "ABCDEFGHIJKLMNOPQRS"
                text run at (0,26) width 55: "TUVWXYZ"
                text run at (54,26) width 5: " "
                text run at (0,39) width 128: "abcdefghijklmnopqrstuv"
        layer at (243,294) size 152x47 clip at (244,295) size 135x30 scrollHeight 56
          RenderTextControl {TEXTAREA} at (3,31) size 152x47 [bgcolor=#FFFFFF] [border: (1px solid #000000)]
            RenderBlock {DIV} at (3,3) size 131x52
              RenderText {#text} at (0,0) size 131x52
                text run at (0,0) width 103: "Lorem ipsum  dolor"
                text run at (102,0) width 4: " "
                text run at (0,13) width 131: "ABCDEFGHIJKLMNOPQ"
                text run at (0,26) width 71: "RSTUVWXYZ"
                text run at (70,26) width 4: " "
                text run at (0,39) width 128: "abcdefghijklmnopqrstuv"
        layer at (399,283) size 60x60 clip at (400,284) size 58x58 scrollHeight 147
          RenderTextControl {TEXTAREA} at (1,57) size 60x60 [bgcolor=#FFFFFF] [border: (1px solid #000000)]
            RenderBlock {DIV} at (3,3) size 54x143
              RenderText {#text} at (0,0) size 53x143
                text run at (0,0) width 34: "Lorem"
                text run at (33,0) width 4: " "
                text run at (0,13) width 32: "ipsum"
                text run at (31,13) width 8: "  "
                text run at (0,26) width 28: "dolor"
                text run at (27,26) width 4: " "
                text run at (0,39) width 46: "ABCDEF"
                text run at (0,52) width 51: "GHIJKLM"
                text run at (0,65) width 50: "NOPQRS"
                text run at (0,78) width 48: "TUVWXY"
                text run at (0,91) width 8: "Z"
                text run at (7,91) width 4: " "
                text run at (0,104) width 53: "abcdefghi"
                text run at (0,117) width 53: "jklmnopqr"
                text run at (0,130) width 23: "stuv"
        layer at (481,283) size 60x60 clip at (482,284) size 43x43 scrollHeight 173
          RenderTextControl {TEXTAREA} at (1,57) size 60x60 [bgcolor=#FFFFFF] [border: (1px solid #000000)]
            RenderBlock {DIV} at (3,3) size 39x169
              RenderText {#text} at (0,0) size 39x169
                text run at (0,0) width 34: "Lorem"
                text run at (33,0) width 4: " "
                text run at (0,13) width 32: "ipsum"
                text run at (31,13) width 8: "  "
                text run at (0,26) width 28: "dolor"
                text run at (27,26) width 4: " "
                text run at (0,39) width 33: "ABCD"
                text run at (0,52) width 35: "EFGHI"
                text run at (0,65) width 39: "JKLMN"
                text run at (0,78) width 34: "OPQR"
                text run at (0,91) width 30: "STUV"
                text run at (0,104) width 33: "WXYZ"
                text run at (32,104) width 4: " "
                text run at (0,117) width 37: "abcdef"
                text run at (0,130) width 38: "ghijklm"
                text run at (0,143) width 38: "nopqrs"
                text run at (0,156) width 17: "tuv"
        layer at (563,283) size 60x60 clip at (564,284) size 43x58 scrollHeight 173
          RenderTextControl {TEXTAREA} at (1,43) size 60x60 [bgcolor=#FFFFFF] [border: (1px solid #000000)]
            RenderBlock {DIV} at (3,3) size 39x169
              RenderText {#text} at (0,0) size 39x169
                text run at (0,0) width 34: "Lorem"
                text run at (33,0) width 4: " "
                text run at (0,13) width 32: "ipsum"
                text run at (31,13) width 8: "  "
                text run at (0,26) width 28: "dolor"
                text run at (27,26) width 4: " "
                text run at (0,39) width 33: "ABCD"
                text run at (0,52) width 35: "EFGHI"
                text run at (0,65) width 39: "JKLMN"
                text run at (0,78) width 34: "OPQR"
                text run at (0,91) width 30: "STUV"
                text run at (0,104) width 33: "WXYZ"
                text run at (32,104) width 4: " "
                text run at (0,117) width 37: "abcdef"
                text run at (0,130) width 38: "ghijklm"
                text run at (0,143) width 38: "nopqrs"
                text run at (0,156) width 17: "tuv"
        layer at (645,283) size 60x60 clip at (646,284) size 43x58 scrollHeight 173
          RenderTextControl {TEXTAREA} at (1,43) size 60x60 [bgcolor=#FFFFFF] [border: (1px solid #000000)]
            RenderBlock {DIV} at (3,3) size 39x169
              RenderText {#text} at (0,0) size 39x169
                text run at (0,0) width 34: "Lorem"
                text run at (33,0) width 4: " "
                text run at (0,13) width 32: "ipsum"
                text run at (31,13) width 8: "  "
                text run at (0,26) width 28: "dolor"
                text run at (27,26) width 4: " "
                text run at (0,39) width 33: "ABCD"
                text run at (0,52) width 35: "EFGHI"
                text run at (0,65) width 39: "JKLMN"
                text run at (0,78) width 34: "OPQR"
                text run at (0,91) width 30: "STUV"
                text run at (0,104) width 33: "WXYZ"
                text run at (32,104) width 4: " "
                text run at (0,117) width 37: "abcdef"
                text run at (0,130) width 38: "ghijklm"
                text run at (0,143) width 38: "nopqrs"
                text run at (0,156) width 17: "tuv"
        layer at (1,401) size 60x60 clip at (2,402) size 43x58 scrollHeight 173
          RenderTextControl {TEXTAREA} at (1,57) size 60x60 [bgcolor=#FFFFFF] [border: (1px solid #000000)]
            RenderBlock {DIV} at (3,3) size 39x169
              RenderText {#text} at (0,0) size 39x169
                text run at (0,0) width 34: "Lorem"
                text run at (33,0) width 4: " "
                text run at (0,13) width 32: "ipsum"
                text run at (31,13) width 8: "  "
                text run at (0,26) width 28: "dolor"
                text run at (27,26) width 4: " "
                text run at (0,39) width 33: "ABCD"
                text run at (0,52) width 35: "EFGHI"
                text run at (0,65) width 39: "JKLMN"
                text run at (0,78) width 34: "OPQR"
                text run at (0,91) width 30: "STUV"
                text run at (0,104) width 33: "WXYZ"
                text run at (32,104) width 4: " "
                text run at (0,117) width 37: "abcdef"
                text run at (0,130) width 38: "ghijklm"
                text run at (0,143) width 38: "nopqrs"
                text run at (0,156) width 17: "tuv"
        layer at (85,427) size 41x32 clip at (86,428) size 24x30 scrollHeight 355
          RenderTextControl {TEXTAREA} at (3,17) size 41x32 [bgcolor=#FFFFFF] [border: (1px solid #000000)]
            RenderBlock {DIV} at (3,3) size 20x351
              RenderText {#text} at (0,0) size 20x351
                text run at (0,0) width 18: "Lor"
                text run at (0,13) width 17: "em"
                text run at (16,13) width 4: " "
                text run at (0,26) width 16: "ips"
                text run at (0,39) width 17: "um"
                text run at (16,39) width 4: "  "
                text run at (0,52) width 17: "dol"
                text run at (0,65) width 11: "or"
                text run at (10,65) width 5: " "
                text run at (0,78) width 16: "AB"
                text run at (0,91) width 17: "CD"
                text run at (0,104) width 14: "EF"
                text run at (0,117) width 18: "GH"
                text run at (0,130) width 18: "IJK"
                text run at (0,143) width 17: "LM"
                text run at (0,156) width 18: "NO"
                text run at (0,169) width 17: "PQ"
                text run at (0,182) width 16: "RS"
                text run at (0,195) width 16: "TU"
                text run at (0,208) width 18: "VW"
                text run at (0,221) width 15: "XY"
                text run at (0,234) width 8: "Z"
                text run at (7,234) width 4: " "
                text run at (0,247) width 20: "abc"
                text run at (0,260) width 17: "def"
                text run at (0,273) width 19: "ghij"
                text run at (0,286) width 19: "klm"
                text run at (0,299) width 14: "no"
                text run at (0,312) width 18: "pqr"
                text run at (0,325) width 17: "stu"
                text run at (0,338) width 6: "v"
        layer at (167,414) size 152x45 clip at (168,415) size 135x43 scrollHeight 56
          RenderTextControl {TEXTAREA} at (3,17) size 152x45 [bgcolor=#FFFFFF] [border: (1px solid #000000)]
            RenderBlock {DIV} at (3,3) size 131x52
              RenderText {#text} at (0,0) size 131x52
                text run at (0,0) width 103: "Lorem ipsum  dolor"
                text run at (102,0) width 4: " "
                text run at (0,13) width 131: "ABCDEFGHIJKLMNOPQ"
                text run at (0,26) width 71: "RSTUVWXYZ"
                text run at (70,26) width 4: " "
                text run at (0,39) width 128: "abcdefghijklmnopqrstuv"
        layer at (325,427) size 67x32 clip at (326,428) size 50x30 scrollHeight 147
          RenderTextControl {TEXTAREA} at (3,17) size 67x32 [bgcolor=#FFFFFF] [border: (1px solid #000000)]
            RenderBlock {DIV} at (3,3) size 46x143
              RenderText {#text} at (0,0) size 46x143
                text run at (0,0) width 34: "Lorem"
                text run at (33,0) width 4: " "
                text run at (0,13) width 32: "ipsum"
                text run at (31,13) width 8: "  "
                text run at (0,26) width 28: "dolor"
                text run at (27,26) width 4: " "
                text run at (0,39) width 46: "ABCDEF"
                text run at (0,52) width 41: "GHIJKL"
                text run at (0,65) width 44: "MNOPQ"
                text run at (0,78) width 38: "RSTUV"
                text run at (0,91) width 33: "WXYZ"
                text run at (32,91) width 4: " "
                text run at (0,104) width 44: "abcdefg"
                text run at (0,117) width 45: "hijklmno"
                text run at (0,130) width 41: "pqrstuv"
        layer at (407,362) size 152x97 clip at (408,363) size 150x95
          RenderTextControl {TEXTAREA} at (3,17) size 152x97 [bgcolor=#FFFFFF] [border: (1px solid #000000)]
            RenderBlock {DIV} at (3,3) size 146x52
              RenderText {#text} at (0,0) size 146x52
                text run at (0,0) width 103: "Lorem ipsum  dolor"
                text run at (102,0) width 4: " "
                text run at (0,13) width 146: "ABCDEFGHIJKLMNOPQRS"
                text run at (0,26) width 55: "TUVWXYZ"
                text run at (54,26) width 5: " "
                text run at (0,39) width 128: "abcdefghijklmnopqrstuv"
        layer at (565,401) size 54x58 clip at (566,402) size 37x56 scrollHeight 212
          RenderTextControl {TEXTAREA} at (3,31) size 54x58 [bgcolor=#FFFFFF] [border: (1px solid #000000)]
            RenderBlock {DIV} at (3,3) size 33x208
              RenderText {#text} at (0,0) size 33x208
                text run at (0,0) width 24: "Lore"
                text run at (0,13) width 10: "m"
                text run at (9,13) width 5: " "
                text run at (0,26) width 32: "ipsum"
                text run at (31,26) width 2: "  "
                text run at (0,39) width 28: "dolor"
                text run at (27,39) width 4: " "
                text run at (0,52) width 33: "ABCD"
                text run at (0,65) width 32: "EFGH"
                text run at (0,78) width 24: "IJKL"
                text run at (0,91) width 28: "MNO"
                text run at (0,104) width 32: "PQRS"
                text run at (0,117) width 33: "TUVW"
                text run at (0,130) width 22: "XYZ"
                text run at (21,130) width 5: " "
                text run at (0,143) width 33: "abcde"
                text run at (0,156) width 32: "fghijkl"
                text run at (0,169) width 31: "mnop"
                text run at (0,182) width 28: "qrstu"
                text run at (0,195) width 6: "v"
        layer at (3,479) size 152x47 clip at (4,480) size 150x30 scrollWidth 439
          RenderTextControl {TEXTAREA} at (3,17) size 152x47 [bgcolor=#FFFFFF] [border: (1px solid #000000)]
            RenderBlock {DIV} at (3,3) size 146x13
              RenderText {#text} at (0,0) size 437x13
                text run at (0,0) width 437: "Lorem ipsum  dolor ABCDEFGHIJKLMNOPQRSTUVWXYZ abcdefghijklmnopqrstuv"
        layer at (161,494) size 152x32 clip at (162,495) size 135x30 scrollHeight 56
          RenderTextControl {TEXTAREA} at (3,17) size 152x32 [bgcolor=#FFFFFF] [border: (1px solid #000000)]
            RenderBlock {DIV} at (3,3) size 131x52
              RenderText {#text} at (0,0) size 131x52
                text run at (0,0) width 103: "Lorem ipsum  dolor"
                text run at (102,0) width 4: " "
                text run at (0,13) width 131: "ABCDEFGHIJKLMNOPQ"
                text run at (0,26) width 71: "RSTUVWXYZ"
                text run at (70,26) width 4: " "
                text run at (0,39) width 128: "abcdefghijklmnopqrstuv"
        layer at (319,494) size 152x32 clip at (320,495) size 135x30 scrollHeight 56
          RenderTextControl {TEXTAREA} at (3,17) size 152x32 [bgcolor=#FFFFFF] [border: (1px solid #000000)]
            RenderBlock {DIV} at (3,3) size 131x52
              RenderText {#text} at (0,0) size 131x52
                text run at (0,0) width 103: "Lorem ipsum  dolor"
                text run at (102,0) width 4: " "
                text run at (0,13) width 131: "ABCDEFGHIJKLMNOPQ"
                text run at (0,26) width 71: "RSTUVWXYZ"
                text run at (70,26) width 4: " "
                text run at (0,39) width 128: "abcdefghijklmnopqrstuv"
        layer at (477,494) size 152x32 clip at (478,495) size 135x30 scrollHeight 56
          RenderTextControl {TEXTAREA} at (3,31) size 152x32 [bgcolor=#FFFFFF] [border: (1px solid #000000)]
            RenderBlock {DIV} at (3,3) size 131x52
              RenderText {#text} at (0,0) size 131x52
                text run at (0,0) width 72: "Lorem ipsum "
                text run at (71,0) width 29: "dolor"
                text run at (0,13) width 131: "ABCDEFGHIJKLMNOPQ"
                text run at (0,26) width 71: "RSTUVWXYZ"
                text run at (0,39) width 128: "abcdefghijklmnopqrstuv"
        layer at (3,560) size 152x32 clip at (4,561) size 135x30 scrollHeight 56
          RenderTextControl {TEXTAREA} at (3,31) size 152x32 [bgcolor=#FFFFFF] [border: (1px solid #000000)]
            RenderBlock {DIV} at (3,3) size 131x52
              RenderText {#text} at (0,0) size 130x52
                text run at (0,0) width 130: "Lorem ipsum  dolor ABC"
                text run at (0,13) width 129: "DEFGHIJKLMNOPQRST"
                text run at (0,26) width 126: "UVWXYZ abcdefghijklm"
                text run at (0,39) width 54: "nopqrstuv"
        layer at (161,560) size 152x32 clip at (162,561) size 135x30 scrollHeight 56
          RenderTextControl {TEXTAREA} at (3,31) size 152x32 [bgcolor=#FFFFFF] [border: (1px solid #000000)]
            RenderBlock {DIV} at (3,3) size 131x52
              RenderText {#text} at (0,0) size 131x52
                text run at (0,0) width 103: "Lorem ipsum  dolor"
                text run at (102,0) width 4: " "
                text run at (0,13) width 131: "ABCDEFGHIJKLMNOPQ"
                text run at (0,26) width 71: "RSTUVWXYZ"
                text run at (70,26) width 4: " "
                text run at (0,39) width 128: "abcdefghijklmnopqrstuv"
        layer at (319,560) size 152x32 clip at (320,561) size 135x15 scrollWidth 436 scrollHeight 17
          RenderTextControl {TEXTAREA} at (3,31) size 152x32 [bgcolor=#FFFFFF] [border: (1px solid #000000)]
            RenderBlock {DIV} at (3,3) size 146x13
              RenderText {#text} at (0,0) size 434x13
                text run at (0,0) width 72: "Lorem ipsum "
                text run at (71,0) width 363: "dolor ABCDEFGHIJKLMNOPQRSTUVWXYZ abcdefghijklmnopqrstuv"
        layer at (477,560) size 152x32 clip at (478,561) size 135x30 scrollHeight 56
          RenderTextControl {TEXTAREA} at (3,31) size 152x32 [bgcolor=#FFFFFF] [border: (1px solid #000000)]
            RenderBlock {DIV} at (3,3) size 131x52
              RenderText {#text} at (0,0) size 131x52
                text run at (0,0) width 72: "Lorem ipsum "
                text run at (71,0) width 29: "dolor"
                text run at (0,13) width 131: "ABCDEFGHIJKLMNOPQ"
                text run at (0,26) width 71: "RSTUVWXYZ"
                text run at (0,39) width 128: "abcdefghijklmnopqrstuv"
        layer at (3,654) size 152x47 clip at (4,655) size 135x30 scrollWidth 202 scrollHeight 43
          RenderTextControl {TEXTAREA} at (3,31) size 152x47 [bgcolor=#FFFFFF] [border: (1px solid #000000)]
            RenderBlock {DIV} at (3,3) size 146x39
              RenderText {#text} at (0,0) size 201x39
                text run at (0,0) width 103: "Lorem ipsum  dolor"
                text run at (102,0) width 4: " "
                text run at (0,13) width 201: "ABCDEFGHIJKLMNOPQRSTUVWXYZ"
                text run at (0,26) width 131: " abcdefghijklmnopqrstuv"
        layer at (161,654) size 152x47 clip at (162,655) size 135x30 scrollWidth 202 scrollHeight 43
          RenderTextControl {TEXTAREA} at (3,59) size 152x47 [bgcolor=#FFFFFF] [border: (1px solid #000000)]
            RenderBlock {DIV} at (3,3) size 146x39
              RenderText {#text} at (0,0) size 201x39
                text run at (0,0) width 103: "Lorem ipsum  dolor"
                text run at (102,0) width 4: " "
                text run at (0,13) width 201: "ABCDEFGHIJKLMNOPQRSTUVWXYZ"
                text run at (0,26) width 131: " abcdefghijklmnopqrstuv"
      RenderText {#text} at (0,0) size 0x0
