layer at (0,0) size 785x1065
  RenderView at (0,0) size 785x600
layer at (0,0) size 785x1065
  RenderBlock {HTML} at (0,0) size 785x1065
    RenderBody {BODY} at (8,8) size 769x584
      RenderBlock (floating) {DIV} at (0,0) size 352x829 [border: (1px solid #FF0000)]
        RenderBlock (anonymous) at (1,1) size 350x14
          RenderText {#text} at (0,-2) size 179x17
            text run at (0,-2) width 179: "Plain textarea with little content"
        RenderBlock {DIV} at (1,15) size 352x41 [border: (1px solid #FF0000)]
          RenderText {#text} at (1,24) size 14x17
            text run at (1,24) width 14: "A "
          RenderText {#text} at (170,24) size 14x17
            text run at (170,24) width 14: " B"
        RenderBlock (anonymous) at (1,56) size 350x14
          RenderText {#text} at (0,-2) size 77x17
            text run at (0,-2) width 77: "Plain textarea"
        RenderBlock {DIV} at (1,70) size 352x41 [border: (1px solid #FF0000)]
          RenderText {#text} at (1,24) size 14x17
            text run at (1,24) width 14: "A "
          RenderText {#text} at (170,24) size 14x17
            text run at (170,24) width 14: " B"
        RenderBlock (anonymous) at (1,111) size 350x14
          RenderText {#text} at (0,-2) size 98x17
            text run at (0,-2) width 98: "Disabled textarea"
        RenderBlock {DIV} at (1,125) size 352x41 [border: (1px solid #FF0000)]
          RenderText {#text} at (1,24) size 14x17
            text run at (1,24) width 14: "A "
          RenderText {#text} at (170,24) size 14x17
            text run at (170,24) width 14: " B"
        RenderBlock (anonymous) at (1,166) size 350x14
          RenderText {#text} at (0,-2) size 123x17
            text run at (0,-2) width 123: "style=\"padding:10px\""
        RenderBlock {DIV} at (1,180) size 352x57 [border: (1px solid #FF0000)]
          RenderText {#text} at (1,40) size 14x17
            text run at (1,40) width 14: "A "
          RenderText {#text} at (186,40) size 14x17
            text run at (186,40) width 14: " B"
        RenderBlock (anonymous) at (1,237) size 350x14
          RenderText {#text} at (0,-2) size 116x17
            text run at (0,-2) width 116: "style=\"padding:0px\""
        RenderBlock {DIV} at (1,251) size 352x37 [border: (1px solid #FF0000)]
          RenderText {#text} at (1,20) size 14x17
            text run at (1,20) width 14: "A "
          RenderText {#text} at (166,20) size 14x17
            text run at (166,20) width 14: " B"
        RenderBlock (anonymous) at (1,288) size 350x14
          RenderText {#text} at (0,-2) size 118x17
            text run at (0,-2) width 118: "style=\"margin:10px\""
        RenderBlock {DIV} at (1,302) size 352x57 [border: (1px solid #FF0000)]
          RenderText {#text} at (1,40) size 14x17
            text run at (1,40) width 14: "A "
          RenderText {#text} at (186,40) size 14x17
            text run at (186,40) width 14: " B"
        RenderBlock (anonymous) at (1,359) size 350x14
          RenderText {#text} at (0,-2) size 111x17
            text run at (0,-2) width 111: "style=\"margin:0px\""
        RenderBlock {DIV} at (1,373) size 352x37 [border: (1px solid #FF0000)]
          RenderText {#text} at (1,20) size 14x17
            text run at (1,20) width 14: "A "
          RenderText {#text} at (166,20) size 14x17
            text run at (166,20) width 14: " B"
        RenderBlock (anonymous) at (1,410) size 350x14
          RenderText {#text} at (0,-2) size 38x17
            text run at (0,-2) width 38: "cols=3"
        RenderBlock {DIV} at (1,424) size 352x41 [border: (1px solid #FF0000)]
          RenderText {#text} at (1,24) size 14x17
            text run at (1,24) width 14: "A "
          RenderText {#text} at (59,24) size 14x17
            text run at (59,24) width 14: " B"
        RenderBlock (anonymous) at (1,465) size 350x14
          RenderText {#text} at (0,-2) size 43x17
            text run at (0,-2) width 43: "rows=3"
        RenderBlock {DIV} at (1,479) size 352x54 [border: (1px solid #FF0000)]
          RenderText {#text} at (1,37) size 14x17
            text run at (1,37) width 14: "A "
          RenderText {#text} at (170,37) size 14x17
            text run at (170,37) width 14: " B"
        RenderBlock (anonymous) at (1,533) size 350x14
          RenderText {#text} at (0,-2) size 45x17
            text run at (0,-2) width 45: "cols=10"
        RenderBlock {DIV} at (1,547) size 352x41 [border: (1px solid #FF0000)]
          RenderText {#text} at (1,24) size 14x17
            text run at (1,24) width 14: "A "
          RenderText {#text} at (105,24) size 14x17
            text run at (105,24) width 14: " B"
        RenderBlock (anonymous) at (1,588) size 350x14
          RenderText {#text} at (0,-2) size 50x17
            text run at (0,-2) width 50: "rows=10"
        RenderBlock {DIV} at (1,602) size 352x145 [border: (1px solid #FF0000)]
          RenderText {#text} at (1,128) size 14x17
            text run at (1,128) width 14: "A "
          RenderText {#text} at (170,128) size 14x17
            text run at (170,128) width 14: " B"
        RenderBlock (anonymous) at (1,747) size 350x14
          RenderText {#text} at (0,-2) size 84x17
            text run at (0,-2) width 84: "cols=5 rows=4"
        RenderBlock {DIV} at (1,761) size 352x67 [border: (1px solid #FF0000)]
          RenderText {#text} at (1,50) size 14x17
            text run at (1,50) width 14: "A "
          RenderText {#text} at (72,50) size 14x17
            text run at (72,50) width 14: " B"
      RenderBlock (floating) {DIV} at (352,0) size 352x1057 [border: (1px solid #FF0000)]
        RenderBlock (anonymous) at (1,1) size 350x14
          RenderText {#text} at (0,-2) size 110x17
            text run at (0,-2) width 110: "style=\"width:60px\""
        RenderBlock {DIV} at (1,15) size 352x41 [border: (1px solid #FF0000)]
          RenderText {#text} at (1,24) size 14x17
            text run at (1,24) width 14: "A "
          RenderText {#text} at (74,24) size 14x17
            text run at (74,24) width 14: " B"
        RenderBlock (anonymous) at (1,56) size 350x14
          RenderText {#text} at (0,-2) size 191x17
            text run at (0,-2) width 191: "style=\"width:60px;padding:20px\""
        RenderBlock {DIV} at (1,70) size 352x77 [border: (1px solid #FF0000)]
          RenderText {#text} at (1,60) size 14x17
            text run at (1,60) width 14: "A "
          RenderText {#text} at (74,60) size 14x17
            text run at (74,60) width 14: " B"
        RenderBlock (anonymous) at (1,147) size 350x14
          RenderText {#text} at (0,-2) size 170x17
            text run at (0,-2) width 170: "style=\"width:60px;padding:0\""
        RenderBlock {DIV} at (1,161) size 352x37 [border: (1px solid #FF0000)]
          RenderText {#text} at (1,20) size 14x17
            text run at (1,20) width 14: "A "
          RenderText {#text} at (74,20) size 14x17
            text run at (74,20) width 14: " B"
        RenderBlock (anonymous) at (1,198) size 350x14
          RenderText {#text} at (0,-2) size 113x17
            text run at (0,-2) width 113: "style=\"height:60px\""
        RenderBlock {DIV} at (1,212) size 352x65 [border: (1px solid #FF0000)]
          RenderText {#text} at (1,48) size 14x17
            text run at (1,48) width 14: "A "
          RenderText {#text} at (170,48) size 14x17
            text run at (170,48) width 14: " B"
        RenderBlock (anonymous) at (1,277) size 350x14
          RenderText {#text} at (0,-2) size 181x17
            text run at (0,-2) width 181: "style=\"width:60px;height:60px\""
        RenderBlock {DIV} at (1,291) size 352x65 [border: (1px solid #FF0000)]
          RenderText {#text} at (1,48) size 14x17
            text run at (1,48) width 14: "A "
          RenderText {#text} at (74,48) size 14x17
            text run at (74,48) width 14: " B"
        RenderBlock (anonymous) at (1,356) size 350x14
          RenderText {#text} at (0,-2) size 138x17
            text run at (0,-2) width 138: "style=\"overflow:hidden\""
        RenderBlock {DIV} at (1,370) size 352x41 [border: (1px solid #FF0000)]
          RenderText {#text} at (1,24) size 14x17
            text run at (1,24) width 14: "A "
          RenderText {#text} at (170,24) size 14x17
            text run at (170,24) width 14: " B"
        RenderBlock (anonymous) at (1,411) size 350x14
          RenderText {#text} at (0,-2) size 131x17
            text run at (0,-2) width 131: "style=\"overflow:scroll\""
        RenderBlock {DIV} at (1,425) size 352x56 [border: (1px solid #FF0000)]
          RenderText {#text} at (1,39) size 14x17
            text run at (1,39) width 14: "A "
          RenderText {#text} at (170,39) size 14x17
            text run at (170,39) width 14: " B"
        RenderBlock (anonymous) at (1,481) size 350x14
          RenderText {#text} at (0,-2) size 276x17
            text run at (0,-2) width 276: "style=\"overflow:hidden;width:60px;height:60px\""
        RenderBlock {DIV} at (1,495) size 352x65 [border: (1px solid #FF0000)]
          RenderText {#text} at (1,48) size 14x17
            text run at (1,48) width 14: "A "
          RenderText {#text} at (74,48) size 14x17
            text run at (74,48) width 14: " B"
        RenderBlock (anonymous) at (1,560) size 350x14
          RenderText {#text} at (0,-2) size 269x17
            text run at (0,-2) width 269: "style=\"overflow:scroll;width:60px;height:60px\""
        RenderBlock {DIV} at (1,574) size 352x65 [border: (1px solid #FF0000)]
          RenderText {#text} at (1,48) size 14x17
            text run at (1,48) width 14: "A "
          RenderText {#text} at (74,48) size 14x17
            text run at (74,48) width 14: " B"
        RenderBlock (anonymous) at (1,639) size 350x14
          RenderText {#text} at (0,-2) size 222x17
            text run at (0,-2) width 222: "cols=5 style=\"width:60px;height:60px\""
        RenderBlock {DIV} at (1,653) size 352x65 [border: (1px solid #FF0000)]
          RenderText {#text} at (1,48) size 14x17
            text run at (1,48) width 14: "A "
          RenderText {#text} at (74,48) size 14x17
            text run at (74,48) width 14: " B"
        RenderBlock (anonymous) at (1,718) size 350x14
          RenderText {#text} at (0,-2) size 226x17
            text run at (0,-2) width 226: "rows=4 style=\"width:60px;height:60px\""
        RenderBlock {DIV} at (1,732) size 352x65 [border: (1px solid #FF0000)]
          RenderText {#text} at (1,48) size 14x17
            text run at (1,48) width 14: "A "
          RenderText {#text} at (74,48) size 14x17
            text run at (74,48) width 14: " B"
        RenderBlock (anonymous) at (1,797) size 350x14
          RenderText {#text} at (0,-2) size 267x17
            text run at (0,-2) width 267: "cols=5 rows=4 style=\"width:60px;height:60px\""
        RenderBlock {DIV} at (1,811) size 352x65 [border: (1px solid #FF0000)]
          RenderText {#text} at (1,48) size 14x17
            text run at (1,48) width 14: "A "
          RenderText {#text} at (74,48) size 14x17
            text run at (74,48) width 14: " B"
        RenderBlock (anonymous) at (1,876) size 350x14
          RenderText {#text} at (0,-2) size 64x17
            text run at (0,-2) width 64: "wrap=\"off\""
        RenderBlock {DIV} at (1,890) size 352x56 [border: (1px solid #FF0000)]
          RenderText {#text} at (1,39) size 14x17
            text run at (1,39) width 14: "A "
          RenderText {#text} at (170,39) size 14x17
            text run at (170,39) width 5: " "
            text run at (174,39) width 10: "B"
        RenderBlock (anonymous) at (1,946) size 350x14
          RenderText {#text} at (0,-2) size 73x17
            text run at (0,-2) width 73: "wrap=\"hard\""
        RenderBlock {DIV} at (1,960) size 352x41 [border: (1px solid #FF0000)]
          RenderText {#text} at (1,24) size 14x17
            text run at (1,24) width 14: "A "
          RenderText {#text} at (170,24) size 14x17
            text run at (170,24) width 5: " "
            text run at (174,24) width 10: "B"
        RenderBlock (anonymous) at (1,1001) size 350x14
          RenderText {#text} at (0,-2) size 69x17
            text run at (0,-2) width 69: "wrap=\"soft\""
        RenderBlock {DIV} at (1,1015) size 352x41 [border: (1px solid #FF0000)]
          RenderText {#text} at (1,24) size 14x17
            text run at (1,24) width 14: "A "
          RenderText {#text} at (170,24) size 14x17
            text run at (170,24) width 5: " "
            text run at (174,24) width 10: "B"
layer at (26,26) size 152x32 clip at (27,27) size 150x30
  RenderTextControl {TEXTAREA} at (16,3) size 153x32 [bgcolor=#FFFFFF] [border: (1px solid #000000)]
    RenderBlock {DIV} at (3,3) size 146x13
      RenderText {#text} at (0,0) size 100x13
        text run at (0,0) width 100: "Lorem ipsum dolor"
layer at (26,81) size 152x32 clip at (27,82) size 135x30 scrollHeight 56
  RenderTextControl {TEXTAREA} at (16,3) size 153x32 [bgcolor=#FFFFFF] [border: (1px solid #000000)]
    RenderBlock {DIV} at (3,3) size 131x52
      RenderText {#text} at (0,0) size 131x52
        text run at (0,0) width 100: "Lorem ipsum dolor"
        text run at (99,0) width 4: " "
        text run at (0,13) width 131: "ABCDEFGHIJKLMNOPQ"
        text run at (0,26) width 71: "RSTUVWXYZ"
        text run at (70,26) width 4: " "
        text run at (0,39) width 128: "abcdefghijklmnopqrstuv"
        text run at (127,39) width 4: " "
layer at (26,136) size 152x32 clip at (27,137) size 135x30 scrollHeight 56
  RenderTextControl {TEXTAREA} at (16,3) size 153x32 [bgcolor=#FFFFFF] [border: (1px solid #000000)]
    RenderBlock {DIV} at (3,3) size 131x52 [color=#545454]
      RenderText {#text} at (0,0) size 131x52
        text run at (0,0) width 100: "Lorem ipsum dolor"
        text run at (99,0) width 4: " "
        text run at (0,13) width 131: "ABCDEFGHIJKLMNOPQ"
        text run at (0,26) width 71: "RSTUVWXYZ"
        text run at (70,26) width 4: " "
        text run at (0,39) width 128: "abcdefghijklmnopqrstuv"
        text run at (127,39) width 4: " "
layer at (26,191) size 168x48 clip at (27,192) size 151x46 scrollHeight 72
  RenderTextControl {TEXTAREA} at (16,3) size 169x48 [bgcolor=#FFFFFF] [border: (1px solid #000000)]
    RenderBlock {DIV} at (11,11) size 131x52
      RenderText {#text} at (0,0) size 131x52
        text run at (0,0) width 100: "Lorem ipsum dolor"
        text run at (99,0) width 4: " "
        text run at (0,13) width 131: "ABCDEFGHIJKLMNOPQ"
        text run at (0,26) width 71: "RSTUVWXYZ"
        text run at (70,26) width 4: " "
        text run at (0,39) width 128: "abcdefghijklmnopqrstuv"
        text run at (127,39) width 4: " "
layer at (26,262) size 148x28 clip at (27,263) size 131x26 scrollHeight 52
  RenderTextControl {TEXTAREA} at (16,3) size 149x28 [bgcolor=#FFFFFF] [border: (1px solid #000000)]
    RenderBlock {DIV} at (1,1) size 131x52
      RenderText {#text} at (0,0) size 131x52
        text run at (0,0) width 100: "Lorem ipsum dolor"
        text run at (99,0) width 4: " "
        text run at (0,13) width 131: "ABCDEFGHIJKLMNOPQ"
        text run at (0,26) width 71: "RSTUVWXYZ"
        text run at (70,26) width 4: " "
        text run at (0,39) width 128: "abcdefghijklmnopqrstuv"
        text run at (127,39) width 4: " "
layer at (34,321) size 152x32 clip at (35,322) size 135x30 scrollHeight 56
  RenderTextControl {TEXTAREA} at (24,11) size 153x32 [bgcolor=#FFFFFF] [border: (1px solid #000000)]
    RenderBlock {DIV} at (3,3) size 131x52
      RenderText {#text} at (0,0) size 131x52
        text run at (0,0) width 100: "Lorem ipsum dolor"
        text run at (99,0) width 4: " "
        text run at (0,13) width 131: "ABCDEFGHIJKLMNOPQ"
        text run at (0,26) width 71: "RSTUVWXYZ"
        text run at (70,26) width 4: " "
        text run at (0,39) width 128: "abcdefghijklmnopqrstuv"
        text run at (127,39) width 4: " "
layer at (24,382) size 152x32 clip at (25,383) size 135x30 scrollHeight 56
  RenderTextControl {TEXTAREA} at (14,1) size 153x32 [bgcolor=#FFFFFF] [border: (1px solid #000000)]
    RenderBlock {DIV} at (3,3) size 131x52
      RenderText {#text} at (0,0) size 131x52
        text run at (0,0) width 100: "Lorem ipsum dolor"
        text run at (99,0) width 4: " "
        text run at (0,13) width 131: "ABCDEFGHIJKLMNOPQ"
        text run at (0,26) width 71: "RSTUVWXYZ"
        text run at (70,26) width 4: " "
        text run at (0,39) width 128: "abcdefghijklmnopqrstuv"
        text run at (127,39) width 4: " "
layer at (26,435) size 41x32 clip at (27,436) size 24x30 scrollHeight 355
  RenderTextControl {TEXTAREA} at (16,3) size 42x32 [bgcolor=#FFFFFF] [border: (1px solid #000000)]
    RenderBlock {DIV} at (3,3) size 20x351
      RenderText {#text} at (0,0) size 20x351
        text run at (0,0) width 18: "Lor"
        text run at (0,13) width 17: "em"
        text run at (16,13) width 4: " "
        text run at (0,26) width 16: "ips"
        text run at (0,39) width 17: "um"
        text run at (16,39) width 4: " "
        text run at (0,52) width 17: "dol"
        text run at (0,65) width 11: "or"
        text run at (10,65) width 5: " "
        text run at (0,78) width 16: "AB"
        text run at (0,91) width 17: "CD"
        text run at (0,104) width 14: "EF"
        text run at (0,117) width 18: "GH"
        text run at (0,130) width 18: "IJK"
        text run at (0,143) width 17: "LM"
        text run at (0,156) width 18: "NO"
        text run at (0,169) width 17: "PQ"
        text run at (0,182) width 16: "RS"
        text run at (0,195) width 16: "TU"
        text run at (0,208) width 18: "VW"
        text run at (0,221) width 15: "XY"
        text run at (0,234) width 8: "Z"
        text run at (7,234) width 4: " "
        text run at (0,247) width 20: "abc"
        text run at (0,260) width 17: "def"
        text run at (0,273) width 19: "ghij"
        text run at (0,286) width 19: "klm"
        text run at (0,299) width 14: "no"
        text run at (0,312) width 18: "pqr"
        text run at (0,325) width 17: "stu"
        text run at (0,338) width 6: "v"
        text run at (5,338) width 5: " "
layer at (26,490) size 152x45 clip at (27,491) size 135x43 scrollHeight 56
  RenderTextControl {TEXTAREA} at (16,3) size 153x45 [bgcolor=#FFFFFF] [border: (1px solid #000000)]
    RenderBlock {DIV} at (3,3) size 131x52
      RenderText {#text} at (0,0) size 131x52
        text run at (0,0) width 100: "Lorem ipsum dolor"
        text run at (99,0) width 4: " "
        text run at (0,13) width 131: "ABCDEFGHIJKLMNOPQ"
        text run at (0,26) width 71: "RSTUVWXYZ"
        text run at (70,26) width 4: " "
        text run at (0,39) width 128: "abcdefghijklmnopqrstuv"
        text run at (127,39) width 4: " "
layer at (26,558) size 87x32 clip at (27,559) size 70x30 scrollHeight 108
  RenderTextControl {TEXTAREA} at (16,3) size 88x32 [bgcolor=#FFFFFF] [border: (1px solid #000000)]
    RenderBlock {DIV} at (3,3) size 66x104
      RenderText {#text} at (0,0) size 66x104
        text run at (0,0) width 34: "Lorem"
        text run at (33,0) width 4: " "
        text run at (0,13) width 63: "ipsum dolor"
        text run at (62,13) width 4: " "
        text run at (0,26) width 64: "ABCDEFGH"
        text run at (0,39) width 59: "IJKLMNOP"
        text run at (0,52) width 65: "QRSTUVWX"
        text run at (0,65) width 15: "YZ"
        text run at (14,65) width 5: " "
        text run at (0,78) width 65: "abcdefghijkl"
        text run at (0,91) width 64: "mnopqrstuv"
        text run at (63,91) width 3: " "
layer at (26,613) size 152x136 clip at (27,614) size 150x134
  RenderTextControl {TEXTAREA} at (16,3) size 153x136 [bgcolor=#FFFFFF] [border: (1px solid #000000)]
    RenderBlock {DIV} at (3,3) size 146x52
      RenderText {#text} at (0,0) size 146x52
        text run at (0,0) width 100: "Lorem ipsum dolor"
        text run at (99,0) width 4: " "
        text run at (0,13) width 146: "ABCDEFGHIJKLMNOPQRS"
        text run at (0,26) width 55: "TUVWXYZ"
        text run at (54,26) width 5: " "
        text run at (0,39) width 128: "abcdefghijklmnopqrstuv"
        text run at (127,39) width 4: " "
layer at (26,772) size 54x58 clip at (27,773) size 37x56 scrollHeight 212
  RenderTextControl {TEXTAREA} at (16,3) size 55x58 [bgcolor=#FFFFFF] [border: (1px solid #000000)]
    RenderBlock {DIV} at (3,3) size 33x208
      RenderText {#text} at (0,0) size 33x208
        text run at (0,0) width 24: "Lore"
        text run at (0,13) width 10: "m"
        text run at (9,13) width 5: " "
        text run at (0,26) width 32: "ipsum"
        text run at (31,26) width 2: " "
        text run at (0,39) width 28: "dolor"
        text run at (27,39) width 4: " "
        text run at (0,52) width 33: "ABCD"
        text run at (0,65) width 32: "EFGH"
        text run at (0,78) width 24: "IJKL"
        text run at (0,91) width 28: "MNO"
        text run at (0,104) width 32: "PQRS"
        text run at (0,117) width 33: "TUVW"
        text run at (0,130) width 22: "XYZ"
        text run at (21,130) width 5: " "
        text run at (0,143) width 33: "abcde"
        text run at (0,156) width 32: "fghijkl"
        text run at (0,169) width 31: "mnop"
        text run at (0,182) width 28: "qrstu"
        text run at (0,195) width 6: "v"
        text run at (5,195) width 5: " "
layer at (376,26) size 60x32 clip at (377,27) size 43x30 scrollHeight 173
  RenderTextControl {TEXTAREA} at (14,3) size 61x32 [bgcolor=#FFFFFF] [border: (1px solid #000000)]
    RenderBlock {DIV} at (3,3) size 39x169
      RenderText {#text} at (0,0) size 39x169
        text run at (0,0) width 34: "Lorem"
        text run at (33,0) width 4: " "
        text run at (0,13) width 32: "ipsum"
        text run at (31,13) width 5: " "
        text run at (0,26) width 28: "dolor"
        text run at (27,26) width 4: " "
        text run at (0,39) width 33: "ABCD"
        text run at (0,52) width 35: "EFGHI"
        text run at (0,65) width 39: "JKLMN"
        text run at (0,78) width 34: "OPQR"
        text run at (0,91) width 30: "STUV"
        text run at (0,104) width 33: "WXYZ"
        text run at (32,104) width 4: " "
        text run at (0,117) width 37: "abcdef"
        text run at (0,130) width 38: "ghijklm"
        text run at (0,143) width 38: "nopqrs"
        text run at (0,156) width 17: "tuv"
        text run at (16,156) width 4: " "
layer at (376,81) size 60x68 clip at (377,82) size 43x66 scrollHeight 924
  RenderTextControl {TEXTAREA} at (14,3) size 61x68 [bgcolor=#FFFFFF] [border: (1px solid #000000)]
    RenderBlock {DIV} at (21,21) size 3x884
      RenderText {#text} at (0,0) size 11x884
        text run at (0,0) width 7: "L"
        text run at (0,13) width 7: "o"
        text run at (0,26) width 5: "r"
        text run at (0,39) width 7: "e"
        text run at (0,52) width 10: "m"
        text run at (0,65) width 3: " "
        text run at (0,78) width 3: "i"
        text run at (0,91) width 7: "p"
        text run at (0,104) width 6: "s"
        text run at (0,117) width 7: "u"
        text run at (0,130) width 10: "m"
        text run at (0,143) width 3: " "
        text run at (0,156) width 7: "d"
        text run at (0,169) width 7: "o"
        text run at (0,182) width 3: "l"
        text run at (0,195) width 7: "o"
        text run at (0,208) width 5: "r"
        text run at (0,221) width 3: " "
        text run at (0,234) width 8: "A"
        text run at (0,247) width 8: "B"
        text run at (0,260) width 9: "C"
        text run at (0,273) width 9: "D"
        text run at (0,286) width 8: "E"
        text run at (0,299) width 7: "F"
        text run at (0,312) width 9: "G"
        text run at (0,325) width 9: "H"
        text run at (0,338) width 4: "I"
        text run at (0,351) width 7: "J"
        text run at (0,364) width 8: "K"
        text run at (0,377) width 7: "L"
        text run at (0,390) width 11: "M"
        text run at (0,403) width 9: "N"
        text run at (0,416) width 9: "O"
        text run at (0,429) width 8: "P"
        text run at (0,442) width 9: "Q"
        text run at (0,455) width 8: "R"
        text run at (0,468) width 8: "S"
        text run at (0,481) width 7: "T"
        text run at (0,494) width 9: "U"
        text run at (0,507) width 8: "V"
        text run at (0,520) width 11: "W"
        text run at (0,533) width 8: "X"
        text run at (0,546) width 8: "Y"
        text run at (0,559) width 8: "Z"
        text run at (0,572) width 3: " "
        text run at (0,585) width 7: "a"
        text run at (0,598) width 7: "b"
        text run at (0,611) width 7: "c"
        text run at (0,624) width 7: "d"
        text run at (0,637) width 7: "e"
        text run at (0,650) width 4: "f"
        text run at (0,663) width 7: "g"
        text run at (0,676) width 7: "h"
        text run at (0,689) width 3: "i"
        text run at (0,702) width 3: "j"
        text run at (0,715) width 7: "k"
        text run at (0,728) width 3: "l"
        text run at (0,741) width 10: "m"
        text run at (0,754) width 7: "n"
        text run at (0,767) width 7: "o"
        text run at (0,780) width 7: "p"
        text run at (0,793) width 7: "q"
        text run at (0,806) width 5: "r"
        text run at (0,819) width 6: "s"
        text run at (0,832) width 4: "t"
        text run at (0,845) width 7: "u"
        text run at (0,858) width 6: "v"
        text run at (0,871) width 3: " "
layer at (376,172) size 60x28 clip at (377,173) size 43x26 scrollHeight 156
  RenderTextControl {TEXTAREA} at (14,3) size 61x28 [bgcolor=#FFFFFF] [border: (1px solid #000000)]
    RenderBlock {DIV} at (1,1) size 43x156
      RenderText {#text} at (0,0) size 43x156
        text run at (0,0) width 34: "Lorem"
        text run at (33,0) width 4: " "
        text run at (0,13) width 32: "ipsum"
        text run at (31,13) width 5: " "
        text run at (0,26) width 28: "dolor"
        text run at (27,26) width 4: " "
        text run at (0,39) width 40: "ABCDE"
        text run at (0,52) width 41: "FGHIJK"
        text run at (0,65) width 42: "LMNOP"
        text run at (0,78) width 40: "QRSTU"
        text run at (0,91) width 40: "VWXYZ"
        text run at (39,91) width 4: " "
        text run at (0,104) width 37: "abcdef"
        text run at (0,117) width 38: "ghijklm"
        text run at (0,130) width 41: "nopqrst"
        text run at (0,143) width 13: "uv"
        text run at (12,143) width 4: " "
layer at (378,221) size 152x60 clip at (379,222) size 150x58
  RenderTextControl {TEXTAREA} at (16,1) size 153x60 [bgcolor=#FFFFFF] [border: (1px solid #000000)]
    RenderBlock {DIV} at (3,3) size 146x52
      RenderText {#text} at (0,0) size 146x52
        text run at (0,0) width 100: "Lorem ipsum dolor"
        text run at (99,0) width 4: " "
        text run at (0,13) width 146: "ABCDEFGHIJKLMNOPQRS"
        text run at (0,26) width 55: "TUVWXYZ"
        text run at (54,26) width 5: " "
        text run at (0,39) width 128: "abcdefghijklmnopqrstuv"
        text run at (127,39) width 4: " "
layer at (376,300) size 60x60 clip at (377,301) size 43x58 scrollHeight 173
  RenderTextControl {TEXTAREA} at (14,1) size 61x60 [bgcolor=#FFFFFF] [border: (1px solid #000000)]
    RenderBlock {DIV} at (3,3) size 39x169
      RenderText {#text} at (0,0) size 39x169
        text run at (0,0) width 34: "Lorem"
        text run at (33,0) width 4: " "
        text run at (0,13) width 32: "ipsum"
        text run at (31,13) width 5: " "
        text run at (0,26) width 28: "dolor"
        text run at (27,26) width 4: " "
        text run at (0,39) width 33: "ABCD"
        text run at (0,52) width 35: "EFGHI"
        text run at (0,65) width 39: "JKLMN"
        text run at (0,78) width 34: "OPQR"
        text run at (0,91) width 30: "STUV"
        text run at (0,104) width 33: "WXYZ"
        text run at (32,104) width 4: " "
        text run at (0,117) width 37: "abcdef"
        text run at (0,130) width 38: "ghijklm"
        text run at (0,143) width 38: "nopqrs"
        text run at (0,156) width 17: "tuv"
        text run at (16,156) width 4: " "
layer at (378,381) size 152x32 clip at (379,382) size 150x30 scrollHeight 56
  RenderTextControl {TEXTAREA} at (16,3) size 153x32 [bgcolor=#FFFFFF] [border: (1px solid #000000)]
    RenderBlock {DIV} at (3,3) size 146x52
      RenderText {#text} at (0,0) size 146x52
        text run at (0,0) width 100: "Lorem ipsum dolor"
        text run at (99,0) width 4: " "
        text run at (0,13) width 146: "ABCDEFGHIJKLMNOPQRS"
        text run at (0,26) width 55: "TUVWXYZ"
        text run at (54,26) width 5: " "
        text run at (0,39) width 128: "abcdefghijklmnopqrstuv"
        text run at (127,39) width 4: " "
layer at (378,436) size 152x47 clip at (379,437) size 135x30 scrollHeight 56
  RenderTextControl {TEXTAREA} at (16,3) size 153x47 [bgcolor=#FFFFFF] [border: (1px solid #000000)]
    RenderBlock {DIV} at (3,3) size 131x52
      RenderText {#text} at (0,0) size 131x52
        text run at (0,0) width 100: "Lorem ipsum dolor"
        text run at (99,0) width 4: " "
        text run at (0,13) width 131: "ABCDEFGHIJKLMNOPQ"
        text run at (0,26) width 71: "RSTUVWXYZ"
        text run at (70,26) width 4: " "
        text run at (0,39) width 128: "abcdefghijklmnopqrstuv"
        text run at (127,39) width 4: " "
layer at (376,504) size 60x60 clip at (377,505) size 58x58 scrollHeight 147
  RenderTextControl {TEXTAREA} at (14,1) size 61x60 [bgcolor=#FFFFFF] [border: (1px solid #000000)]
    RenderBlock {DIV} at (3,3) size 54x143
      RenderText {#text} at (0,0) size 53x143
        text run at (0,0) width 34: "Lorem"
        text run at (33,0) width 4: " "
        text run at (0,13) width 32: "ipsum"
        text run at (31,13) width 5: " "
        text run at (0,26) width 28: "dolor"
        text run at (27,26) width 4: " "
        text run at (0,39) width 46: "ABCDEF"
        text run at (0,52) width 51: "GHIJKLM"
        text run at (0,65) width 50: "NOPQRS"
        text run at (0,78) width 48: "TUVWXY"
        text run at (0,91) width 8: "Z"
        text run at (7,91) width 4: " "
        text run at (0,104) width 53: "abcdefghi"
        text run at (0,117) width 53: "jklmnopqr"
        text run at (0,130) width 23: "stuv"
        text run at (22,130) width 4: " "
layer at (376,583) size 60x60 clip at (377,584) size 43x43 scrollHeight 173
  RenderTextControl {TEXTAREA} at (14,1) size 61x60 [bgcolor=#FFFFFF] [border: (1px solid #000000)]
    RenderBlock {DIV} at (3,3) size 39x169
      RenderText {#text} at (0,0) size 39x169
        text run at (0,0) width 34: "Lorem"
        text run at (33,0) width 4: " "
        text run at (0,13) width 32: "ipsum"
        text run at (31,13) width 5: " "
        text run at (0,26) width 28: "dolor"
        text run at (27,26) width 4: " "
        text run at (0,39) width 33: "ABCD"
        text run at (0,52) width 35: "EFGHI"
        text run at (0,65) width 39: "JKLMN"
        text run at (0,78) width 34: "OPQR"
        text run at (0,91) width 30: "STUV"
        text run at (0,104) width 33: "WXYZ"
        text run at (32,104) width 4: " "
        text run at (0,117) width 37: "abcdef"
        text run at (0,130) width 38: "ghijklm"
        text run at (0,143) width 38: "nopqrs"
        text run at (0,156) width 17: "tuv"
        text run at (16,156) width 4: " "
layer at (376,662) size 60x60 clip at (377,663) size 43x58 scrollHeight 173
  RenderTextControl {TEXTAREA} at (14,1) size 61x60 [bgcolor=#FFFFFF] [border: (1px solid #000000)]
    RenderBlock {DIV} at (3,3) size 39x169
      RenderText {#text} at (0,0) size 39x169
        text run at (0,0) width 34: "Lorem"
        text run at (33,0) width 4: " "
        text run at (0,13) width 32: "ipsum"
        text run at (31,13) width 5: " "
        text run at (0,26) width 28: "dolor"
        text run at (27,26) width 4: " "
        text run at (0,39) width 33: "ABCD"
        text run at (0,52) width 35: "EFGHI"
        text run at (0,65) width 39: "JKLMN"
        text run at (0,78) width 34: "OPQR"
        text run at (0,91) width 30: "STUV"
        text run at (0,104) width 33: "WXYZ"
        text run at (32,104) width 4: " "
        text run at (0,117) width 37: "abcdef"
        text run at (0,130) width 38: "ghijklm"
        text run at (0,143) width 38: "nopqrs"
        text run at (0,156) width 17: "tuv"
        text run at (16,156) width 4: " "
layer at (376,741) size 60x60 clip at (377,742) size 43x58 scrollHeight 173
  RenderTextControl {TEXTAREA} at (14,1) size 61x60 [bgcolor=#FFFFFF] [border: (1px solid #000000)]
    RenderBlock {DIV} at (3,3) size 39x169
      RenderText {#text} at (0,0) size 39x169
        text run at (0,0) width 34: "Lorem"
        text run at (33,0) width 4: " "
        text run at (0,13) width 32: "ipsum"
        text run at (31,13) width 5: " "
        text run at (0,26) width 28: "dolor"
        text run at (27,26) width 4: " "
        text run at (0,39) width 33: "ABCD"
        text run at (0,52) width 35: "EFGHI"
        text run at (0,65) width 39: "JKLMN"
        text run at (0,78) width 34: "OPQR"
        text run at (0,91) width 30: "STUV"
        text run at (0,104) width 33: "WXYZ"
        text run at (32,104) width 4: " "
        text run at (0,117) width 37: "abcdef"
        text run at (0,130) width 38: "ghijklm"
        text run at (0,143) width 38: "nopqrs"
        text run at (0,156) width 17: "tuv"
        text run at (16,156) width 4: " "
layer at (376,820) size 60x60 clip at (377,821) size 43x58 scrollHeight 173
  RenderTextControl {TEXTAREA} at (14,1) size 61x60 [bgcolor=#FFFFFF] [border: (1px solid #000000)]
    RenderBlock {DIV} at (3,3) size 39x169
      RenderText {#text} at (0,0) size 39x169
        text run at (0,0) width 34: "Lorem"
        text run at (33,0) width 4: " "
        text run at (0,13) width 32: "ipsum"
        text run at (31,13) width 5: " "
        text run at (0,26) width 28: "dolor"
        text run at (27,26) width 4: " "
        text run at (0,39) width 33: "ABCD"
        text run at (0,52) width 35: "EFGHI"
        text run at (0,65) width 39: "JKLMN"
        text run at (0,78) width 34: "OPQR"
        text run at (0,91) width 30: "STUV"
        text run at (0,104) width 33: "WXYZ"
        text run at (32,104) width 4: " "
        text run at (0,117) width 37: "abcdef"
        text run at (0,130) width 38: "ghijklm"
        text run at (0,143) width 38: "nopqrs"
        text run at (0,156) width 17: "tuv"
        text run at (16,156) width 4: " "
layer at (378,901) size 152x47 clip at (379,902) size 135x30 scrollWidth 187 scrollHeight 212
  RenderTextControl {TEXTAREA} at (16,3) size 153x47 [bgcolor=#FFFFFF] [border: (1px solid #000000)]
    RenderBlock {DIV} at (3,3) size 131x208
      RenderText {#text} at (0,0) size 186x195
        text run at (0,0) width 4: " "
        text run at (3,0) width 1: " "
        text run at (0,13) width 186: "This is a text area with wrap=\"soft\""
        text run at (185,13) width 1: " "
        text run at (0,26) width 186: "This is a text area with wrap=\"soft\""
        text run at (185,26) width 1: " "
        text run at (0,39) width 186: "This is a text area with wrap=\"soft\""
        text run at (185,39) width 1: " "
        text run at (0,52) width 186: "This is a text area with wrap=\"soft\""
        text run at (185,52) width 1: " "
        text run at (0,65) width 186: "This is a text area with wrap=\"soft\""
        text run at (185,65) width 1: " "
        text run at (0,78) width 186: "This is a text area with wrap=\"soft\""
        text run at (185,78) width 1: " "
        text run at (0,91) width 186: "This is a text area with wrap=\"soft\""
        text run at (185,91) width 1: " "
        text run at (0,104) width 186: "This is a text area with wrap=\"soft\""
        text run at (185,104) width 1: " "
        text run at (0,117) width 186: "This is a text area with wrap=\"soft\""
        text run at (185,117) width 1: " "
        text run at (0,130) width 186: "This is a text area with wrap=\"soft\""
        text run at (185,130) width 1: " "
        text run at (0,143) width 186: "This is a text area with wrap=\"soft\""
        text run at (185,143) width 1: " "
        text run at (0,156) width 186: "This is a text area with wrap=\"soft\""
        text run at (185,156) width 1: " "
        text run at (0,169) width 186: "This is a text area with wrap=\"soft\""
        text run at (185,169) width 1: " "
        text run at (0,182) width 186: "This is a text area with wrap=\"soft\""
        text run at (185,182) width 1: " "
      RenderBR {BR} at (0,195) size 0x13
layer at (378,971) size 152x32 clip at (379,972) size 135x30 scrollHeight 394
  RenderTextControl {TEXTAREA} at (16,3) size 153x32 [bgcolor=#FFFFFF] [border: (1px solid #000000)]
    RenderBlock {DIV} at (3,3) size 131x390
      RenderText {#text} at (0,0) size 123x377
        text run at (0,0) width 4: " "
        text run at (3,0) width 1: " "
        text run at (0,13) width 119: "This is a text area with"
        text run at (118,13) width 5: " "
        text run at (0,26) width 64: "wrap=\"soft\""
        text run at (63,26) width 1: " "
        text run at (0,39) width 119: "This is a text area with"
        text run at (118,39) width 5: " "
        text run at (0,52) width 64: "wrap=\"soft\""
        text run at (63,52) width 1: " "
        text run at (0,65) width 119: "This is a text area with"
        text run at (118,65) width 5: " "
        text run at (0,78) width 64: "wrap=\"soft\""
        text run at (63,78) width 1: " "
        text run at (0,91) width 119: "This is a text area with"
        text run at (118,91) width 5: " "
        text run at (0,104) width 64: "wrap=\"soft\""
        text run at (63,104) width 1: " "
        text run at (0,117) width 119: "This is a text area with"
        text run at (118,117) width 5: " "
        text run at (0,130) width 64: "wrap=\"soft\""
        text run at (63,130) width 1: " "
        text run at (0,143) width 119: "This is a text area with"
        text run at (118,143) width 5: " "
        text run at (0,156) width 64: "wrap=\"soft\""
        text run at (63,156) width 1: " "
        text run at (0,169) width 119: "This is a text area with"
        text run at (118,169) width 5: " "
        text run at (0,182) width 64: "wrap=\"soft\""
        text run at (63,182) width 1: " "
        text run at (0,195) width 119: "This is a text area with"
        text run at (118,195) width 5: " "
        text run at (0,208) width 64: "wrap=\"soft\""
        text run at (63,208) width 1: " "
        text run at (0,221) width 119: "This is a text area with"
        text run at (118,221) width 5: " "
        text run at (0,234) width 64: "wrap=\"soft\""
        text run at (63,234) width 1: " "
        text run at (0,247) width 119: "This is a text area with"
        text run at (118,247) width 5: " "
        text run at (0,260) width 64: "wrap=\"soft\""
        text run at (63,260) width 1: " "
        text run at (0,273) width 119: "This is a text area with"
        text run at (118,273) width 5: " "
        text run at (0,286) width 64: "wrap=\"soft\""
        text run at (63,286) width 1: " "
        text run at (0,299) width 119: "This is a text area with"
        text run at (118,299) width 5: " "
        text run at (0,312) width 64: "wrap=\"soft\""
        text run at (63,312) width 1: " "
        text run at (0,325) width 119: "This is a text area with"
        text run at (118,325) width 5: " "
        text run at (0,338) width 64: "wrap=\"soft\""
        text run at (63,338) width 1: " "
        text run at (0,351) width 119: "This is a text area with"
        text run at (118,351) width 5: " "
        text run at (0,364) width 64: "wrap=\"soft\""
        text run at (63,364) width 1: " "
      RenderBR {BR} at (0,377) size 0x13
layer at (378,1026) size 152x32 clip at (379,1027) size 135x30 scrollHeight 394
  RenderTextControl {TEXTAREA} at (16,3) size 153x32 [bgcolor=#FFFFFF] [border: (1px solid #000000)]
    RenderBlock {DIV} at (3,3) size 131x390
      RenderText {#text} at (0,0) size 123x377
        text run at (0,0) width 4: " "
        text run at (3,0) width 1: " "
        text run at (0,13) width 119: "This is a text area with"
        text run at (118,13) width 5: " "
        text run at (0,26) width 64: "wrap=\"soft\""
        text run at (63,26) width 1: " "
        text run at (0,39) width 119: "This is a text area with"
        text run at (118,39) width 5: " "
        text run at (0,52) width 64: "wrap=\"soft\""
        text run at (63,52) width 1: " "
        text run at (0,65) width 119: "This is a text area with"
        text run at (118,65) width 5: " "
        text run at (0,78) width 64: "wrap=\"soft\""
        text run at (63,78) width 1: " "
        text run at (0,91) width 119: "This is a text area with"
        text run at (118,91) width 5: " "
        text run at (0,104) width 64: "wrap=\"soft\""
        text run at (63,104) width 1: " "
        text run at (0,117) width 119: "This is a text area with"
        text run at (118,117) width 5: " "
        text run at (0,130) width 64: "wrap=\"soft\""
        text run at (63,130) width 1: " "
        text run at (0,143) width 119: "This is a text area with"
        text run at (118,143) width 5: " "
        text run at (0,156) width 64: "wrap=\"soft\""
        text run at (63,156) width 1: " "
        text run at (0,169) width 119: "This is a text area with"
        text run at (118,169) width 5: " "
        text run at (0,182) width 64: "wrap=\"soft\""
        text run at (63,182) width 1: " "
        text run at (0,195) width 119: "This is a text area with"
        text run at (118,195) width 5: " "
        text run at (0,208) width 64: "wrap=\"soft\""
        text run at (63,208) width 1: " "
        text run at (0,221) width 119: "This is a text area with"
        text run at (118,221) width 5: " "
        text run at (0,234) width 64: "wrap=\"soft\""
        text run at (63,234) width 1: " "
        text run at (0,247) width 119: "This is a text area with"
        text run at (118,247) width 5: " "
        text run at (0,260) width 64: "wrap=\"soft\""
        text run at (63,260) width 1: " "
        text run at (0,273) width 119: "This is a text area with"
        text run at (118,273) width 5: " "
        text run at (0,286) width 64: "wrap=\"soft\""
        text run at (63,286) width 1: " "
        text run at (0,299) width 119: "This is a text area with"
        text run at (118,299) width 5: " "
        text run at (0,312) width 64: "wrap=\"soft\""
        text run at (63,312) width 1: " "
        text run at (0,325) width 119: "This is a text area with"
        text run at (118,325) width 5: " "
        text run at (0,338) width 64: "wrap=\"soft\""
        text run at (63,338) width 1: " "
        text run at (0,351) width 119: "This is a text area with"
        text run at (118,351) width 5: " "
        text run at (0,364) width 64: "wrap=\"soft\""
        text run at (63,364) width 1: " "
      RenderBR {BR} at (0,377) size 0x13
