layer at (0,0) size 800x600
  RenderView at (0,0) size 800x600
layer at (0,0) size 800x600
  RenderBlock {HTML} at (0,0) size 800x600
    RenderBody {BODY} at (8,8) size 784x584
      RenderBlock {P} at (0,0) size 784x18
        RenderText {#text} at (0,0) size 399x18
          text run at (0,0) width 399: "Tests that box shadow is not applied to Aqua-themed controls."
      RenderBlock {P} at (0,34) size 784x18
        RenderText {#text} at (0,0) size 259x18
          text run at (0,0) width 259: "You should not see any red on this page."
      RenderBlock {DIV} at (0,68) size 784x23
        RenderTextControl {INPUT} at (2,2) size 164x19 [bgcolor=#FFFFFF] [border: (2px inset #000000)]
          RenderFlexibleBox {DIV} at (3,0) size 158x19
            RenderBlock {DIV} at (0,0) size 8x19
            RenderBlock {DIV} at (8,3) size 131x13
            RenderBlock {DIV} at (138,0) size 20x19
        RenderText {#text} at (0,0) size 0x0
      RenderBlock {DIV} at (0,91) size 784x23
        RenderTextControl {INPUT} at (2,2) size 173x19 [bgcolor=#FFFFFF] [border: (2px inset #000000)]
          RenderFlexibleBox {DIV} at (3,0) size 167x19
            RenderBlock {DIV} at (0,0) size 17x19
            RenderBlock {DIV} at (17,3) size 131x13
            RenderBlock {DIV} at (147,0) size 20x19
        RenderText {#text} at (0,0) size 0x0
      RenderBlock {DIV} at (0,114) size 784x23
        RenderTextControl {INPUT} at (2,2) size 178x19 [bgcolor=#FFFFFF] [border: (2px inset #000000)]
          RenderFlexibleBox {DIV} at (3,0) size 172x19
            RenderBlock {DIV} at (0,0) size 22x19
            RenderBlock {DIV} at (22,3) size 131x13
            RenderBlock {DIV} at (152,0) size 20x19
        RenderText {#text} at (0,0) size 0x0
      RenderBlock (anonymous) at (0,137) size 784x32
        RenderBlock {INPUT} at (2,13) size 12x12
        RenderText {#text} at (16,9) size 4x18
          text run at (16,9) width 4: " "
        RenderBlock {INPUT} at (22,13) size 12x12
        RenderText {#text} at (36,9) size 4x18
          text run at (36,9) width 4: " "
        RenderSlider {INPUT} at (42,8) size 129x15 [color=#909090] [bgcolor=#FFFFFF]
          RenderFlexibleBox {DIV} at (0,0) size 129x15
            RenderBlock {DIV} at (0,0) size 129x15
              RenderBlock {DIV} at (57,0) size 15x15
        RenderText {#text} at (173,9) size 4x18
          text run at (173,9) width 4: " "
        RenderFileUploadControl {INPUT} at (179,10) size 222x18 "no file selected"
          RenderButton {INPUT} at (0,0) size 79x18 [bgcolor=#C0C0C0]
            RenderBlock (anonymous) at (8,2) size 63x13
              RenderText at (0,0) size 63x13
                text run at (0,0) width 63: "Choose File"
        RenderText {#text} at (403,9) size 4x18
          text run at (403,9) width 4: " "
        RenderButton {INPUT} at (409,8) size 58x21 [bgcolor=#C0C0C0]
          RenderBlock (anonymous) at (8,2) size 42x16
            RenderText at (0,0) size 42x16
              text run at (0,0) width 42: "Button"
        RenderText {#text} at (468,9) size 5x18
          text run at (468,9) width 5: " "
        RenderButton {INPUT} at (474,10) size 52x18 [bgcolor=#C0C0C0]
          RenderBlock (anonymous) at (8,2) size 36x13
            RenderText at (0,0) size 36x13
              text run at (0,0) width 36: "Button"
        RenderText {#text} at (527,9) size 5x18
          text run at (527,9) width 5: " "
        RenderButton {INPUT} at (531,12) size 47x15 [bgcolor=#C0C0C0]
          RenderBlock (anonymous) at (8,2) size 30x11
            RenderText at (0,0) size 30x11
              text run at (0,0) width 30: "Button"
        RenderText {#text} at (577,9) size 5x18
          text run at (577,9) width 5: " "
        RenderButton {BUTTON} at (583,2) size 77x28 [bgcolor=#C0C0C0] [border: none (2px outset #C0C0C0) none (2px outset #C0C0C0)]
          RenderBlock (anonymous) at (8,2) size 61x23
            RenderText {#text} at (0,0) size 61x23
              text run at (0,0) width 61: "Button"
        RenderText {#text} at (0,0) size 0x0
layer at (21,81) size 130x13
  RenderBlock {DIV} at (0,0) size 131x13
    RenderText {#text} at (0,0) size 37x13
      text run at (0,0) width 37: "Search"
layer at (30,104) size 130x13
  RenderBlock {DIV} at (0,0) size 131x13
layer at (35,127) size 130x13
  RenderBlock {DIV} at (0,0) size 131x13
