layer at (0,0) size 800x600
  RenderView at (0,0) size 800x600
layer at (0,0) size 800x600
  RenderBlock {HTML} at (0,0) size 800x600
    RenderBody {BODY} at (8,8) size 784x584
      RenderButton {BUTTON} at (0,8) size 47x15 [bgcolor=#C0C0C0] [border: none (2px outset #C0C0C0) none (2px outset #C0C0C0)]
        RenderBlock (anonymous) at (8,4) size 31x6
          RenderText {#text} at (0,0) size 31x6
            text run at (0,0) width 31: "Test Button"
      RenderText {#text} at (46,3) size 5x18
        text run at (46,3) width 5: " "
      RenderButton {BUTTON} at (50,8) size 53x15 [bgcolor=#C0C0C0] [border: none (2px outset #C0C0C0) none (2px outset #C0C0C0)]
        RenderBlock (anonymous) at (8,3) size 37x8
          RenderText {#text} at (0,0) size 37x7
            text run at (0,0) width 37: "Test Button"
      RenderText {#text} at (102,3) size 5x18
        text run at (102,3) width 5: " "
      RenderButton {BUTTON} at (106,7) size 59x15 [bgcolor=#C0C0C0] [border: none (2px outset #C0C0C0) none (2px outset #C0C0C0)]
        RenderBlock (anonymous) at (8,3) size 42x8
          RenderText {#text} at (0,0) size 42x8
            text run at (0,0) width 42: "Test Button"
      RenderText {#text} at (164,3) size 5x18
        text run at (164,3) width 5: " "
      RenderButton {BUTTON} at (168,7) size 63x15 [bgcolor=#C0C0C0] [border: none (2px outset #C0C0C0) none (2px outset #C0C0C0)]
        RenderBlock (anonymous) at (8,2) size 47x10
          RenderText {#text} at (0,0) size 47x10
            text run at (0,0) width 47: "Test Button"
      RenderText {#text} at (230,3) size 5x18
        text run at (230,3) width 5: " "
      RenderButton {BUTTON} at (234,6) size 67x16 [bgcolor=#C0C0C0] [border: none (2px outset #C0C0C0) none (2px outset #C0C0C0)]
        RenderBlock (anonymous) at (8,2) size 51x11
          RenderText {#text} at (0,0) size 51x11
            text run at (0,0) width 51: "Test Button"
      RenderText {#text} at (300,3) size 5x18
        text run at (300,3) width 5: " "
      RenderButton {BUTTON} at (304,5) size 73x17 [bgcolor=#C0C0C0] [border: none (2px outset #C0C0C0) none (2px outset #C0C0C0)]
        RenderBlock (anonymous) at (8,2) size 56x12
          RenderText {#text} at (0,0) size 56x12
            text run at (0,0) width 56: "Test Button"
      RenderText {#text} at (376,3) size 5x18
        text run at (376,3) width 5: " "
      RenderButton {BUTTON} at (382,4) size 77x18 [bgcolor=#C0C0C0] [border: none (2px outset #C0C0C0) none (2px outset #C0C0C0)]
        RenderBlock (anonymous) at (8,2) size 61x13
          RenderText {#text} at (0,0) size 61x13
            text run at (0,0) width 61: "Test Button"
      RenderText {#text} at (460,3) size 5x18
        text run at (460,3) width 5: " "
      RenderButton {INPUT} at (466,4) size 77x18 [bgcolor=#C0C0C0]
        RenderBlock (anonymous) at (8,2) size 61x13
          RenderText at (0,0) size 61x13
            text run at (0,0) width 61: "Test Button"
      RenderText {#text} at (544,3) size 5x18
        text run at (544,3) width 5: " "
      RenderButton {BUTTON} at (550,3) size 82x20 [bgcolor=#C0C0C0] [border: none (2px outset #C0C0C0) none (2px outset #C0C0C0)]
        RenderBlock (anonymous) at (8,2) size 66x15
          RenderText {#text} at (0,0) size 66x15
            text run at (0,0) width 66: "Test Button"
      RenderText {#text} at (633,3) size 5x18
        text run at (633,3) width 5: " "
      RenderButton {BUTTON} at (639,2) size 88x21 [bgcolor=#C0C0C0] [border: none (2px outset #C0C0C0) none (2px outset #C0C0C0)]
        RenderBlock (anonymous) at (8,2) size 71x16
          RenderText {#text} at (0,0) size 71x16
            text run at (0,0) width 71: "Test Button"
      RenderText {#text} at (728,3) size 5x18
        text run at (728,3) width 5: " "
      RenderButton {BUTTON} at (2,32) size 91x22 [bgcolor=#C0C0C0] [border: none (2px outset #C0C0C0) none (2px outset #C0C0C0)]
        RenderBlock (anonymous) at (8,2) size 75x17
          RenderText {#text} at (0,0) size 75x17
            text run at (0,0) width 75: "Test Button"
      RenderText {#text} at (94,34) size 5x18
        text run at (94,34) width 5: " "
      RenderButton {BUTTON} at (100,32) size 97x22 [bgcolor=#C0C0C0] [border: none (2px outset #C0C0C0) none (2px outset #C0C0C0)]
        RenderBlock (anonymous) at (8,2) size 80x17
          RenderText {#text} at (0,0) size 80x17
            text run at (0,0) width 80: "Test Button"
      RenderText {#text} at (198,34) size 5x18
        text run at (198,34) width 5: " "
      RenderButton {BUTTON} at (204,31) size 101x23 [bgcolor=#C0C0C0] [border: none (2px outset #C0C0C0) none (2px outset #C0C0C0)]
        RenderBlock (anonymous) at (8,2) size 85x18
          RenderText {#text} at (0,0) size 85x18
            text run at (0,0) width 85: "Test Button"
      RenderText {#text} at (306,34) size 5x18
        text run at (306,34) width 5: " "
      RenderButton {BUTTON} at (312,30) size 106x25 [bgcolor=#C0C0C0] [border: none (2px outset #C0C0C0) none (2px outset #C0C0C0)]
        RenderBlock (anonymous) at (8,2) size 90x20
          RenderText {#text} at (0,0) size 90x20
            text run at (0,0) width 90: "Test Button"
      RenderText {#text} at (419,34) size 5x18
        text run at (419,34) width 5: " "
      RenderButton {BUTTON} at (425,29) size 110x26 [bgcolor=#C0C0C0] [border: none (2px outset #C0C0C0) none (2px outset #C0C0C0)]
        RenderBlock (anonymous) at (8,2) size 94x21
          RenderText {#text} at (0,0) size 94x21
            text run at (0,0) width 94: "Test Button"
      RenderText {#text} at (536,34) size 5x18
        text run at (536,34) width 5: " "
      RenderButton {BUTTON} at (542,28) size 115x27 [bgcolor=#C0C0C0] [border: none (2px outset #C0C0C0) none (2px outset #C0C0C0)]
        RenderBlock (anonymous) at (8,2) size 98x22
          RenderText {#text} at (0,0) size 98x22
            text run at (0,0) width 98: "Test Button"
      RenderText {#text} at (658,34) size 5x18
        text run at (658,34) width 5: " "
      RenderButton {BUTTON} at (664,27) size 118x28 [bgcolor=#C0C0C0] [border: none (2px outset #C0C0C0) none (2px outset #C0C0C0)]
        RenderBlock (anonymous) at (8,2) size 102x23
          RenderText {#text} at (0,0) size 102x23
            text run at (0,0) width 102: "Test Button"
      RenderText {#text} at (0,0) size 0x0
      RenderButton {BUTTON} at (2,59) size 123x29 [bgcolor=#C0C0C0] [border: none (2px outset #C0C0C0) none (2px outset #C0C0C0)]
        RenderBlock (anonymous) at (8,2) size 107x24
          RenderText {#text} at (0,0) size 107x24
            text run at (0,0) width 107: "Test Button"
      RenderText {#text} at (0,0) size 0x0
