layer at (0,0) size 800x600
  RenderView at (0,0) size 800x600
layer at (0,0) size 800x600
  RenderBlock {HTML} at (0,0) size 800x600
    RenderBody {BODY} at (8,8) size 784x584
      RenderText {#text} at (0,0) size 578x18
        text run at (0,0) width 578: "This tests that background color and background images can be set on the new text fields. "
      RenderBR {BR} at (577,14) size 1x0
      RenderTextControl {INPUT} at (2,20) size 137x19 [bgcolor=#FFC0CB] [border: (2px inset #000000)]
      RenderText {#text} at (140,20) size 5x18
        text run at (140,20) width 5: " "
      RenderBR {BR} at (144,34) size 1x0
      RenderTextControl {INPUT} at (2,43) size 137x19 [bgcolor=#FFFFFF] [border: (2px inset #000000)]
      RenderText {#text} at (0,0) size 0x0
layer at (13,31) size 130x13
  RenderBlock {DIV} at (3,3) size 131x13
    RenderText {#text} at (0,0) size 107x13
      text run at (0,0) width 107: "This should be pink."
layer at (13,54) size 130x13
  RenderBlock {DIV} at (3,3) size 131x13
