layer at (0,0) size 800x600
  RenderView at (0,0) size 800x600
layer at (0,0) size 800x600
  RenderBlock {HTML} at (0,0) size 800x600
    RenderBody {BODY} at (8,8) size 784x584
      RenderText {#text} at (0,0) size 352x18
        text run at (0,0) width 352: "This tests that the new text fields use the correct width."
      RenderBR {BR} at (351,14) size 1x0
      RenderTextControl {INPUT} at (2,20) size 137x19 [bgcolor=#FFFFFF] [border: (2px inset #000000)]
      RenderBR {BR} at (140,34) size 1x0
      RenderTextControl {INPUT} at (0,43) size 200x19 [bgcolor=#FFFFFF] [border: (2px inset #000000)]
      RenderBR {BR} at (200,57) size 0x0
      RenderTextControl {INPUT} at (2,66) size 332x19 [bgcolor=#FFFFFF] [border: (2px inset #000000)]
      RenderBR {BR} at (335,80) size 1x0
      RenderTextControl {INPUT} at (0,89) size 200x19 [bgcolor=#FFFFFF] [border: (2px inset #000000)]
      RenderBR {BR} at (200,103) size 0x0
      RenderTextControl {INPUT} at (2,112) size 72x19 [bgcolor=#FFFFFF] [border: (2px inset #000000)]
      RenderBR {BR} at (75,126) size 1x0
layer at (13,31) size 130x13
  RenderBlock {DIV} at (3,3) size 131x13
layer at (11,54) size 194x13
  RenderBlock {DIV} at (3,3) size 194x13
    RenderText {#text} at (0,0) size 100x13
      text run at (0,0) width 100: "styled width 200px"
layer at (13,77) size 326x13
  RenderBlock {DIV} at (3,3) size 326x13
    RenderText {#text} at (0,0) size 38x13
      text run at (0,0) width 38: "size 50"
layer at (11,100) size 194x13
  RenderBlock {DIV} at (3,3) size 194x13
    RenderText {#text} at (0,0) size 155x13
      text run at (0,0) width 155: "styled width 200px & size=10"
layer at (13,123) size 65x13
  RenderBlock {DIV} at (3,3) size 66x13
    RenderText {#text} at (0,0) size 38x13
      text run at (0,0) width 38: "size 10"
