layer at (0,0) size 800x600
  RenderView at (0,0) size 800x600
layer at (0,0) size 800x600
  RenderBlock {HTML} at (0,0) size 800x600
    RenderBody {BODY} at (8,8) size 784x584
      RenderText {#text} at (0,0) size 521x18
        text run at (0,0) width 521: "This tests that the text color changes appropriately when the text field is disabled."
      RenderBR {BR} at (520,14) size 1x0
      RenderTextControl {INPUT} at (2,20) size 137x19 [bgcolor=#FFFFFF] [border: (2px inset #000000)]
      RenderText {#text} at (140,20) size 5x18
        text run at (140,20) width 5: " "
      RenderTextControl {INPUT} at (146,20) size 137x19 [bgcolor=#FFFFFF] [border: (2px inset #000000)]
      RenderBR {BR} at (284,34) size 1x0
      RenderTextControl {INPUT} at (2,43) size 137x19 [color=#FF0000] [bgcolor=#FFFFFF] [border: (2px inset #FF0000)]
      RenderText {#text} at (140,43) size 5x18
        text run at (140,43) width 5: " "
      RenderTextControl {INPUT} at (146,43) size 137x19 [color=#FF0000] [bgcolor=#FFFFFF] [border: (2px inset #FF0000)]
      RenderBR {BR} at (284,57) size 1x0
      RenderTextControl {INPUT} at (2,66) size 137x19 [bgcolor=#0000FF] [border: (2px inset #000000)]
      RenderText {#text} at (140,66) size 5x18
        text run at (140,66) width 5: " "
      RenderTextControl {INPUT} at (146,66) size 137x19 [bgcolor=#0000FF] [border: (2px inset #000000)]
      RenderBR {BR} at (284,80) size 1x0
      RenderTextControl {INPUT} at (2,89) size 137x19 [color=#FF0000] [bgcolor=#0000FF] [border: (2px inset #FF0000)]
      RenderText {#text} at (140,89) size 5x18
        text run at (140,89) width 5: " "
      RenderTextControl {INPUT} at (146,89) size 137x19 [color=#FF0000] [bgcolor=#0000FF] [border: (2px inset #FF0000)]
      RenderBR {BR} at (284,103) size 1x0
      RenderTextControl {INPUT} at (2,112) size 137x19 [bgcolor=#000000] [border: (2px inset #000000)]
      RenderText {#text} at (140,112) size 5x18
        text run at (140,112) width 5: " "
      RenderTextControl {INPUT} at (146,112) size 137x19 [bgcolor=#000000] [border: (2px inset #000000)]
      RenderBR {BR} at (284,126) size 1x0
      RenderTextControl {INPUT} at (2,135) size 137x19 [color=#FFFFFF] [bgcolor=#000000] [border: (2px inset #FFFFFF)]
      RenderText {#text} at (140,135) size 5x18
        text run at (140,135) width 5: " "
      RenderTextControl {INPUT} at (146,135) size 137x19 [color=#FFFFFF] [bgcolor=#000000] [border: (2px inset #FFFFFF)]
      RenderBR {BR} at (284,149) size 1x0
      RenderTextControl {INPUT} at (2,158) size 137x19 [bgcolor=#808080] [border: (2px inset #000000)]
      RenderText {#text} at (140,158) size 5x18
        text run at (140,158) width 5: " "
      RenderTextControl {INPUT} at (146,158) size 137x19 [bgcolor=#808080] [border: (2px inset #000000)]
      RenderBR {BR} at (284,172) size 1x0
      RenderTextControl {INPUT} at (2,181) size 137x19 [color=#FFFFFF] [bgcolor=#A9A9A9] [border: (2px inset #FFFFFF)]
      RenderText {#text} at (140,181) size 5x18
        text run at (140,181) width 5: " "
      RenderTextControl {INPUT} at (146,181) size 137x19 [color=#FFFFFF] [bgcolor=#A9A9A9] [border: (2px inset #FFFFFF)]
      RenderBR {BR} at (284,195) size 1x0
      RenderTextControl {INPUT} at (2,204) size 137x19 [color=#808080] [bgcolor=#000000] [border: (2px inset #808080)]
      RenderText {#text} at (140,204) size 5x18
        text run at (140,204) width 5: " "
      RenderTextControl {INPUT} at (146,204) size 137x19 [color=#808080] [bgcolor=#000000] [border: (2px inset #808080)]
      RenderBR {BR} at (284,218) size 1x0
      RenderTextControl {INPUT} at (2,227) size 137x19 [color=#FF0000] [bgcolor=#808080] [border: (2px inset #FF0000)]
      RenderText {#text} at (140,227) size 5x18
        text run at (140,227) width 5: " "
      RenderTextControl {INPUT} at (146,227) size 137x19 [color=#FF0000] [bgcolor=#808080] [border: (2px inset #FF0000)]
      RenderBR {BR} at (284,241) size 1x0
      RenderTextControl {INPUT} at (2,250) size 137x19 [color=#808080] [bgcolor=#FF0000] [border: (2px inset #808080)]
      RenderText {#text} at (140,250) size 5x18
        text run at (140,250) width 5: " "
      RenderTextControl {INPUT} at (146,250) size 137x19 [color=#808080] [bgcolor=#FF0000] [border: (2px inset #808080)]
      RenderBR {BR} at (284,264) size 1x0
      RenderTextControl {INPUT} at (2,273) size 137x19 [color=#FF0000] [bgcolor=#FFFFFF] [border: (2px inset #FF0000)]
      RenderText {#text} at (140,273) size 5x18
        text run at (140,273) width 5: " "
      RenderTextControl {INPUT} at (146,273) size 137x19 [color=#FF0000] [bgcolor=#FFFFFF] [border: (2px inset #FF0000)]
      RenderBR {BR} at (284,287) size 1x0
      RenderTextControl {INPUT} at (2,296) size 137x19 [color=#FF0000] [border: (2px inset #FF0000)]
      RenderText {#text} at (140,296) size 5x18
        text run at (140,296) width 5: " "
      RenderTextControl {INPUT} at (146,296) size 137x19 [color=#FF0000] [border: (2px inset #FF0000)]
      RenderBR {BR} at (284,310) size 1x0
layer at (13,31) size 130x13 scrollWidth 347
  RenderBlock {DIV} at (3,3) size 131x13 [color=#545454]
    RenderText {#text} at (0,0) size 347x13
      text run at (0,0) width 347: "The text in this disabled field should displayed as dimmed or grey"
layer at (157,31) size 130x13 scrollWidth 153
  RenderBlock {DIV} at (3,3) size 131x13
    RenderText {#text} at (0,0) size 152x13
      text run at (0,0) width 152: "This text field is not disabled"
layer at (13,54) size 130x13 scrollWidth 347
  RenderBlock {DIV} at (3,3) size 131x13
    RenderText {#text} at (0,0) size 347x13
      text run at (0,0) width 347: "The text in this disabled field should displayed as dimmed or grey"
layer at (157,54) size 130x13 scrollWidth 153
  RenderBlock {DIV} at (3,3) size 131x13
    RenderText {#text} at (0,0) size 152x13
      text run at (0,0) width 152: "This text field is not disabled"
layer at (13,77) size 130x13 scrollWidth 347
  RenderBlock {DIV} at (3,3) size 131x13 [color=#545454]
    RenderText {#text} at (0,0) size 347x13
      text run at (0,0) width 347: "The text in this disabled field should displayed as dimmed or grey"
layer at (157,77) size 130x13 scrollWidth 153
  RenderBlock {DIV} at (3,3) size 131x13
    RenderText {#text} at (0,0) size 152x13
      text run at (0,0) width 152: "This text field is not disabled"
layer at (13,100) size 130x13 scrollWidth 347
  RenderBlock {DIV} at (3,3) size 131x13 [color=#AB0000]
    RenderText {#text} at (0,0) size 347x13
      text run at (0,0) width 347: "The text in this disabled field should displayed as dimmed or grey"
layer at (157,100) size 130x13 scrollWidth 153
  RenderBlock {DIV} at (3,3) size 131x13
    RenderText {#text} at (0,0) size 152x13
      text run at (0,0) width 152: "This text field is not disabled"
layer at (13,123) size 130x13 scrollWidth 347
  RenderBlock {DIV} at (3,3) size 131x13 [color=#545454]
    RenderText {#text} at (0,0) size 347x13
      text run at (0,0) width 347: "The text in this disabled field should displayed as dimmed or grey"
layer at (157,123) size 130x13 scrollWidth 153
  RenderBlock {DIV} at (3,3) size 131x13
    RenderText {#text} at (0,0) size 152x13
      text run at (0,0) width 152: "This text field is not disabled"
layer at (13,146) size 130x13 scrollWidth 347
  RenderBlock {DIV} at (3,3) size 131x13 [color=#ABABAB]
    RenderText {#text} at (0,0) size 347x13
      text run at (0,0) width 347: "The text in this disabled field should displayed as dimmed or grey"
layer at (157,146) size 130x13 scrollWidth 153
  RenderBlock {DIV} at (3,3) size 131x13
    RenderText {#text} at (0,0) size 152x13
      text run at (0,0) width 152: "This text field is not disabled"
layer at (13,169) size 130x13 scrollWidth 347
  RenderBlock {DIV} at (3,3) size 131x13 [color=#545454]
    RenderText {#text} at (0,0) size 347x13
      text run at (0,0) width 347: "The text in this disabled field should displayed as dimmed or grey"
layer at (157,169) size 130x13 scrollWidth 153
  RenderBlock {DIV} at (3,3) size 131x13
    RenderText {#text} at (0,0) size 152x13
      text run at (0,0) width 152: "This text field is not disabled"
layer at (13,192) size 130x13 scrollWidth 347
  RenderBlock {DIV} at (3,3) size 131x13
    RenderText {#text} at (0,0) size 347x13
      text run at (0,0) width 347: "The text in this disabled field should displayed as dimmed or grey"
layer at (157,192) size 130x13 scrollWidth 153
  RenderBlock {DIV} at (3,3) size 131x13
    RenderText {#text} at (0,0) size 152x13
      text run at (0,0) width 152: "This text field is not disabled"
layer at (13,215) size 130x13 scrollWidth 347
  RenderBlock {DIV} at (3,3) size 131x13 [color=#2C2C2C]
    RenderText {#text} at (0,0) size 347x13
      text run at (0,0) width 347: "The text in this disabled field should displayed as dimmed or grey"
layer at (157,215) size 130x13 scrollWidth 153
  RenderBlock {DIV} at (3,3) size 131x13
    RenderText {#text} at (0,0) size 152x13
      text run at (0,0) width 152: "This text field is not disabled"
layer at (13,238) size 130x13 scrollWidth 347
  RenderBlock {DIV} at (3,3) size 131x13
    RenderText {#text} at (0,0) size 347x13
      text run at (0,0) width 347: "The text in this disabled field should displayed as dimmed or grey"
layer at (157,238) size 130x13 scrollWidth 153
  RenderBlock {DIV} at (3,3) size 131x13
    RenderText {#text} at (0,0) size 152x13
      text run at (0,0) width 152: "This text field is not disabled"
layer at (13,261) size 130x13 scrollWidth 347
  RenderBlock {DIV} at (3,3) size 131x13 [color=#2C2C2C]
    RenderText {#text} at (0,0) size 347x13
      text run at (0,0) width 347: "The text in this disabled field should displayed as dimmed or grey"
layer at (157,261) size 130x13 scrollWidth 153
  RenderBlock {DIV} at (3,3) size 131x13
    RenderText {#text} at (0,0) size 152x13
      text run at (0,0) width 152: "This text field is not disabled"
layer at (13,284) size 130x13 scrollWidth 347
  RenderBlock {DIV} at (3,3) size 131x13
    RenderText {#text} at (0,0) size 347x13
      text run at (0,0) width 347: "The text in this disabled field should displayed as dimmed or grey"
layer at (157,284) size 130x13 scrollWidth 153
  RenderBlock {DIV} at (3,3) size 131x13
    RenderText {#text} at (0,0) size 152x13
      text run at (0,0) width 152: "This text field is not disabled"
layer at (13,307) size 130x13 scrollWidth 347
  RenderBlock {DIV} at (3,3) size 131x13
    RenderText {#text} at (0,0) size 347x13
      text run at (0,0) width 347: "The text in this disabled field should displayed as dimmed or grey"
layer at (157,307) size 130x13 scrollWidth 153
  RenderBlock {DIV} at (3,3) size 131x13
    RenderText {#text} at (0,0) size 152x13
      text run at (0,0) width 152: "This text field is not disabled"
