layer at (0,0) size 800x600
  RenderView at (0,0) size 800x600
layer at (0,0) size 800x600
  RenderBlock {HTML} at (0,0) size 800x600
    RenderBody {BODY} at (8,8) size 784x576
      RenderBlock (anonymous) at (0,0) size 784x23
        RenderTextControl {INPUT} at (2,2) size 137x19 [bgcolor=#FFFFFF] [border: (2px inset #000000)]
        RenderText {#text} at (140,2) size 5x18
          text run at (140,2) width 5: " "
        RenderTextControl {INPUT} at (146,2) size 137x19 [bgcolor=#FFFFFF] [border: (2px inset #000000)]
        RenderText {#text} at (284,2) size 5x18
          text run at (284,2) width 5: " "
        RenderTextControl {INPUT} at (290,2) size 138x19 [bgcolor=#FFFFFF] [border: (2px inset #000000)]
        RenderText {#text} at (0,0) size 0x0
      RenderBlock {P} at (0,39) size 784x36
        RenderText {#text} at (0,0) size 765x36
          text run at (0,0) width 765: "Tests scrolling back to the beginning when a text field blurs. The first field should be scrolled to the left, the second and"
          text run at (0,18) width 164: "third scrolled to the right."
layer at (13,13) size 130x13 scrollWidth 308
  RenderBlock {DIV} at (3,3) size 131x13
    RenderText {#text} at (0,0) size 308x13
      text run at (0,0) width 308: "this text field has a lot of text in it so that it needs to scroll"
layer at (157,13) size 130x13 scrollX 177 scrollWidth 307
  RenderBlock {DIV} at (3,3) size 131x13
    RenderText {#text} at (-177,0) size 309x13
      text run at (-177,0) width 308: "this text field has a lot of text in it so that it needs to scroll"
layer at (302,13) size 130x13 scrollX 178 scrollWidth 308
  RenderBlock {DIV} at (3,3) size 131x13
    RenderText {#text} at (0,0) size 308x13
      text run at (0,0) width 308: "this text field has a lot of text in it so that it needs to scroll"
caret: position 66 of child 0 {#text} of child 0 {DIV} of {#document-fragment} of child 4 {INPUT} of body
