layer at (0,0) size 800x600
  RenderView at (0,0) size 800x600
layer at (0,0) size 800x600
  RenderBlock {HTML} at (0,0) size 800x600
    RenderBody {BODY} at (8,8) size 784x584
      RenderBlock {P} at (0,0) size 784x18
        RenderText {#text} at (0,0) size 391x18
          text run at (0,0) width 391: "Only the second search field should have a cancel button (\x{D7})."
      RenderBlock (anonymous) at (0,34) size 784x23
        RenderTextControl {INPUT} at (2,2) size 164x19 [bgcolor=#FFFFFF] [border: (2px inset #000000)]
          RenderFlexibleBox {DIV} at (3,0) size 158x19
            RenderBlock {DIV} at (0,0) size 8x19
            RenderBlock {DIV} at (8,3) size 131x13
            RenderBlock {DIV} at (138,0) size 20x19
        RenderText {#text} at (167,2) size 5x18
          text run at (167,2) width 5: " "
        RenderTextControl {INPUT} at (173,2) size 164x19 [bgcolor=#FFFFFF] [border: (2px inset #000000)]
          RenderFlexibleBox {DIV} at (3,0) size 158x19
            RenderBlock {DIV} at (0,0) size 8x19
            RenderBlock {DIV} at (8,3) size 131x13
            RenderBlock {DIV} at (138,0) size 20x19
        RenderText {#text} at (0,0) size 0x0
layer at (21,47) size 130x13
  RenderBlock {DIV} at (0,0) size 131x13
layer at (192,47) size 130x13
  RenderBlock {DIV} at (0,0) size 131x13
    RenderText {#text} at (0,0) size 42x13
      text run at (0,0) width 42: "this one"
