layer at (0,0) size 800x600
  RenderView at (0,0) size 800x600
layer at (0,0) size 800x62
  RenderBlock {HTML} at (0,0) size 800x62
    RenderBody {BODY} at (8,8) size 784x46
      RenderBlock {DIV} at (0,0) size 784x23
        RenderText {#text} at (620,2) size 164x18
          text run at (620,2) width 9 RTL: ": "
          text run at (628,2) width 156: "right to left search fields"
        RenderTextControl {INPUT} at (454,2) size 165x19 [bgcolor=#FFFFFF] [border: (2px inset #000000)]
          RenderFlexibleBox {DIV} at (3,0) size 158x19
            RenderBlock {DIV} at (149,0) size 9x19
            RenderBlock {DIV} at (19,3) size 131x13
            RenderBlock {DIV} at (0,0) size 19x19
        RenderText {#text} at (448,2) size 5x18
          text run at (448,2) width 5 RTL: " "
        RenderTextControl {INPUT} at (269,2) size 178x19 [bgcolor=#FFFFFF] [border: (2px inset #000000)]
          RenderFlexibleBox {DIV} at (3,0) size 172x19
            RenderBlock {DIV} at (149,0) size 23x19
            RenderBlock {DIV} at (19,3) size 131x13
            RenderBlock {DIV} at (0,0) size 19x19
        RenderText {#text} at (0,0) size 0x0
      RenderBlock {DIV} at (0,23) size 784x23
        RenderText {#text} at (0,2) size 164x18
          text run at (0,2) width 164: "left to right search fields: "
        RenderTextControl {INPUT} at (165,2) size 165x19 [bgcolor=#FFFFFF] [border: (2px inset #000000)]
          RenderFlexibleBox {DIV} at (3,0) size 158x19
            RenderBlock {DIV} at (0,0) size 8x19
            RenderBlock {DIV} at (8,3) size 131x13
            RenderBlock {DIV} at (138,0) size 20x19
        RenderText {#text} at (331,2) size 5x18
          text run at (331,2) width 5: " "
        RenderTextControl {INPUT} at (337,2) size 178x19 [bgcolor=#FFFFFF] [border: (2px inset #000000)]
          RenderFlexibleBox {DIV} at (3,0) size 172x19
            RenderBlock {DIV} at (0,0) size 22x19
            RenderBlock {DIV} at (22,3) size 131x13
            RenderBlock {DIV} at (152,0) size 20x19
        RenderText {#text} at (0,0) size 0x0
layer at (485,13) size 130x13
  RenderBlock {DIV} at (0,0) size 131x13
    RenderText {#text} at (96,0) size 35x13
      text run at (96,0) width 35: "foobar"
layer at (299,13) size 130x13
  RenderBlock {DIV} at (0,0) size 131x13
    RenderText {#text} at (96,0) size 35x13
      text run at (96,0) width 35: "foobar"
layer at (185,36) size 130x13
  RenderBlock {DIV} at (0,0) size 131x13
    RenderText {#text} at (0,0) size 35x13
      text run at (0,0) width 35: "foobar"
layer at (370,36) size 130x13
  RenderBlock {DIV} at (0,0) size 131x13
    RenderText {#text} at (0,0) size 35x13
      text run at (0,0) width 35: "foobar"
