layer at (0,0) size 800x600
  RenderView at (0,0) size 800x600
layer at (0,0) size 800x600
  RenderBlock {HTML} at (0,0) size 800x600
    RenderBody {BODY} at (8,8) size 784x584
      RenderText {#text} at (0,0) size 376x18
        text run at (0,0) width 376: "This tests that aqua-style search fields do not honor height."
      RenderBR {BR} at (375,14) size 1x0
      RenderTextControl {INPUT} at (0,22) size 139x17 [bgcolor=#FFFFFF] [border: (2px inset #000000)]
        RenderFlexibleBox {DIV} at (3,1) size 133x15
          RenderBlock {DIV} at (0,0) size 8x15
          RenderBlock {DIV} at (8,2) size 110x11
          RenderBlock {DIV} at (117,0) size 16x15
      RenderText {#text} at (138,20) size 5x18
        text run at (138,20) width 5: " "
      RenderTextControl {INPUT} at (144,20) size 164x19 [bgcolor=#FFFFFF] [border: (2px inset #000000)]
        RenderFlexibleBox {DIV} at (3,0) size 158x19
          RenderBlock {DIV} at (0,0) size 8x19
          RenderBlock {DIV} at (8,3) size 131x13
          RenderBlock {DIV} at (138,0) size 20x19
      RenderText {#text} at (309,20) size 5x18
        text run at (309,20) width 5: " "
      RenderTextControl {INPUT} at (315,18) size 191x22 [bgcolor=#FFFFFF] [border: (2px inset #000000)]
        RenderFlexibleBox {DIV} at (3,0) size 185x22
          RenderBlock {DIV} at (0,0) size 10x22
          RenderBlock {DIV} at (10,3) size 153x16
          RenderBlock {DIV} at (162,0) size 23x22
      RenderText {#text} at (0,0) size 0x0
layer at (19,33) size 109x11
  RenderBlock {DIV} at (0,0) size 110x11
    RenderText {#text} at (0,0) size 19x11
      text run at (0,0) width 19: "mini"
layer at (163,31) size 130x13
  RenderBlock {DIV} at (0,0) size 131x13
    RenderText {#text} at (0,0) size 28x13
      text run at (0,0) width 28: "small"
layer at (336,29) size 152x16
  RenderBlock {DIV} at (0,0) size 153x16
    RenderText {#text} at (0,0) size 43x16
      text run at (0,0) width 43: "regular"
