layer at (0,0) size 800x600
  RenderView at (0,0) size 800x600
layer at (0,0) size 800x600
  RenderBlock {HTML} at (0,0) size 800x600
    RenderBody {BODY} at (8,8) size 784x584
      RenderText {#text} at (0,0) size 336x18
        text run at (0,0) width 336: "This tests that you can set the placeholder text color."
      RenderBR {BR} at (335,14) size 1x0
      RenderText {#text} at (156,40) size 4x18
        text run at (156,40) width 4: " "
      RenderText {#text} at (316,40) size 4x18
        text run at (316,40) width 4: " "
      RenderText {#text} at (476,40) size 4x18
        text run at (476,40) width 4: " "
      RenderText {#text} at (0,0) size 0x0
layer at (10,28) size 152x32 clip at (11,29) size 150x30
  RenderTextControl {TEXTAREA} at (2,20) size 152x32 [bgcolor=#FFFFFF] [border: (1px solid #000000)]
    RenderBlock {DIV} at (3,3) size 146x13
    RenderBlock {DIV} at (3,3) size 146x13 [color=#640000]
      RenderText {#text} at (0,0) size 21x13
        text run at (0,0) width 21: "text"
layer at (170,28) size 152x32 clip at (171,29) size 150x30
  RenderTextControl {TEXTAREA} at (162,20) size 152x32 [bgcolor=#FFFFFF] [border: (1px solid #000000)]
    RenderBlock {DIV} at (3,3) size 146x13 [color=#545454]
    RenderBlock {DIV} at (3,3) size 146x13 [color=#640000]
      RenderText {#text} at (0,0) size 69x13
        text run at (0,0) width 69: "disabled text"
layer at (330,28) size 152x32 clip at (331,29) size 150x30
  RenderTextControl {TEXTAREA} at (322,20) size 152x32 [bgcolor=#FFFFFF] [border: (1px solid #000000)]
    RenderBlock {DIV} at (3,3) size 146x13
    RenderBlock {DIV} at (3,3) size 146x13 [color=#A9A9A9]
      RenderText {#text} at (0,0) size 37x13
        text run at (0,0) width 37: "default"
layer at (490,28) size 152x32 clip at (491,29) size 150x30
  RenderTextControl {TEXTAREA} at (482,20) size 152x32 [bgcolor=#FFFFFF] [border: (1px solid #000000)]
    RenderBlock {DIV} at (3,3) size 146x13 [color=#545454]
    RenderBlock {DIV} at (3,3) size 146x13 [color=#A9A9A9]
      RenderText {#text} at (0,0) size 85x13
        text run at (0,0) width 85: "default disabled"
