layer at (0,0) size 785x1600
  RenderView at (0,0) size 785x600
layer at (0,0) size 785x600
  RenderBlock {HTML} at (0,0) size 785x600
    RenderBody {BODY} at (8,8) size 769x584
layer at (8,8) size 202x1592
  RenderBlock (positioned) {DIV} at (8,8) size 202x1592
    RenderBlock {P} at (0,72) size 202x80
      RenderInline {A} at (0,0) size 166x80 [color=#0000EE]
        RenderText {#text} at (0,0) size 166x80
          text run at (0,0) width 166: "link 1"
    RenderBlock {P} at (0,224) size 202x80
      RenderInline {A} at (0,0) size 166x80 [color=#0000EE]
        RenderText {#text} at (0,0) size 166x80
          text run at (0,0) width 166: "link 2"
    RenderBlock {P} at (0,376) size 202x80
      RenderInline {A} at (0,0) size 166x80 [color=#0000EE]
        RenderText {#text} at (0,0) size 166x80
          text run at (0,0) width 166: "link 3"
    RenderBlock {P} at (0,528) size 202x80
      RenderInline {A} at (0,0) size 166x80 [color=#0000EE]
        RenderText {#text} at (0,0) size 166x80
          text run at (0,0) width 166: "link 4"
    RenderBlock {P} at (0,680) size 202x80
      RenderInline {A} at (0,0) size 166x80 [color=#0000EE]
        RenderText {#text} at (0,0) size 166x80
          text run at (0,0) width 166: "link 5"
    RenderBlock {P} at (0,832) size 202x80
      RenderInline {A} at (0,0) size 166x80 [color=#0000EE]
        RenderText {#text} at (0,0) size 166x80
          text run at (0,0) width 166: "link 6"
    RenderBlock {P} at (0,984) size 202x80
      RenderInline {A} at (0,0) size 166x80 [color=#0000EE]
        RenderText {#text} at (0,0) size 166x80
          text run at (0,0) width 166: "link 7"
    RenderBlock {P} at (0,1136) size 202x80
      RenderInline {A} at (0,0) size 166x80 [color=#0000EE]
        RenderText {#text} at (0,0) size 166x80
          text run at (0,0) width 166: "link 8"
    RenderBlock {P} at (0,1288) size 202x80
      RenderInline {A} at (0,0) size 166x80 [color=#0000EE]
        RenderText {#text} at (0,0) size 166x80
          text run at (0,0) width 166: "link 9"
    RenderBlock {P} at (0,1440) size 202x80
      RenderInline {A} at (0,0) size 202x80 [color=#0000EE]
        RenderText {#text} at (0,0) size 202x80
          text run at (0,0) width 202: "link 10"
