layer at (0,0) size 800x600
  RenderView at (0,0) size 800x600
layer at (0,0) size 800x600
  RenderBlock {HTML} at (0,0) size 800x600
    RenderBody {BODY} at (8,8) size 784x584
      RenderBlock (anonymous) at (0,0) size 784x20
        RenderText {#text} at (0,0) size 88x19
          text run at (0,0) width 88: "No line break"
      RenderTable {TABLE} at (0,20) size 123x61 [bgcolor=#C0C0C0]
        RenderTableSection {TBODY} at (0,0) size 123x61
          RenderTableRow {TR} at (0,2) size 123x57
            RenderTableCell {TD} at (2,2) size 119x57 [r=0 c=0 rs=1 cs=1]
              RenderImage {IMG} at (1,1) size 20x50 [bgcolor=#ADD8E6]
              RenderText {#text} at (21,36) size 77x19
                text run at (21,36) width 77: "loremipsum"
              RenderImage {IMG} at (97,1) size 21x50 [bgcolor=#ADD8E6]
              RenderText {#text} at (0,0) size 0x0
      RenderBlock {HR} at (0,89) size 784x2 [border: (1px inset #000000)]
      RenderBlock (anonymous) at (0,99) size 784x20
        RenderText {#text} at (0,0) size 88x19
          text run at (0,0) width 88: "No line break"
      RenderTable {TABLE} at (0,119) size 103x61 [bgcolor=#C0C0C0]
        RenderTableSection {TBODY} at (0,0) size 103x61
          RenderTableRow {TR} at (0,2) size 103x57
            RenderTableCell {TD} at (2,2) size 99x57 [r=0 c=0 rs=1 cs=1]
              RenderText {#text} at (1,36) size 77x19
                text run at (1,36) width 77: "loremipsum"
              RenderImage {IMG} at (77,1) size 21x50 [bgcolor=#ADD8E6]
              RenderText {#text} at (0,0) size 0x0
      RenderBlock {HR} at (0,188) size 784x2 [border: (1px inset #000000)]
      RenderBlock (anonymous) at (0,198) size 784x20
        RenderText {#text} at (0,0) size 154x19
          text run at (0,0) width 154: "Line break after the \"a\"."
      RenderTable {TABLE} at (0,218) size 103x81 [bgcolor=#C0C0C0]
        RenderTableSection {TBODY} at (0,0) size 103x81
          RenderTableRow {TR} at (0,2) size 103x77
            RenderTableCell {TD} at (2,2) size 99x77 [r=0 c=0 rs=1 cs=1]
              RenderText {#text} at (1,1) size 77x74
                text run at (1,1) width 8: "a"
                text run at (1,56) width 77: "loremipsum"
              RenderImage {IMG} at (77,21) size 21x50 [bgcolor=#ADD8E6]
              RenderText {#text} at (0,0) size 0x0
      RenderBlock {HR} at (0,307) size 784x2 [border: (1px inset #000000)]
      RenderBlock (anonymous) at (0,317) size 784x20
        RenderText {#text} at (0,0) size 154x19
          text run at (0,0) width 154: "Line break after the \"a\"."
      RenderTable {TABLE} at (0,337) size 123x81 [bgcolor=#C0C0C0]
        RenderTableSection {TBODY} at (0,0) size 123x81
          RenderTableRow {TR} at (0,2) size 123x77
            RenderTableCell {TD} at (2,2) size 119x77 [r=0 c=0 rs=1 cs=1]
              RenderText {#text} at (1,1) size 8x19
                text run at (1,1) width 8: "a"
              RenderImage {IMG} at (1,21) size 20x50 [bgcolor=#ADD8E6]
              RenderText {#text} at (21,56) size 77x19
                text run at (21,56) width 77: "loremipsum"
              RenderImage {IMG} at (97,21) size 21x50 [bgcolor=#ADD8E6]
              RenderText {#text} at (0,0) size 0x0
      RenderBlock {HR} at (0,426) size 784x2 [border: (1px inset #000000)]
      RenderBlock (anonymous) at (0,436) size 784x20
        RenderText {#text} at (0,0) size 188x19
          text run at (0,0) width 188: "Line break after \"wideword\"."
      RenderTable {TABLE} at (0,456) size 123x81 [bgcolor=#C0C0C0]
        RenderTableSection {TBODY} at (0,0) size 123x81
          RenderTableRow {TR} at (0,2) size 123x77
            RenderTableCell {TD} at (2,2) size 119x77 [r=0 c=0 rs=1 cs=1]
              RenderText {#text} at (1,1) size 64x19
                text run at (1,1) width 64: "wideword"
              RenderImage {IMG} at (1,21) size 20x50 [bgcolor=#ADD8E6]
              RenderText {#text} at (21,56) size 77x19
                text run at (21,56) width 77: "loremipsum"
              RenderImage {IMG} at (97,21) size 21x50 [bgcolor=#ADD8E6]
              RenderText {#text} at (0,0) size 0x0
