layer at (0,0) size 800x600
  RenderView at (0,0) size 800x600
layer at (0,0) size 800x600
  RenderBlock {HTML} at (0,0) size 800x600
    RenderBody {BODY} at (8,8) size 784x584
      RenderButton {BUTTON} at (0,8) size 46x15 [bgcolor=#C0C0C0] [border: none (2px outset #C0C0C0) none (2px outset #C0C0C0)]
        RenderBlock (anonymous) at (8,4) size 30x6
          RenderText {#text} at (0,0) size 30x6
            text run at (0,0) width 30: "Test Button"
      RenderText {#text} at (45,3) size 5x18
        text run at (45,3) width 5: " "
      RenderButton {BUTTON} at (49,8) size 52x15 [bgcolor=#C0C0C0] [border: none (2px outset #C0C0C0) none (2px outset #C0C0C0)]
        RenderBlock (anonymous) at (8,3) size 36x8
          RenderText {#text} at (0,0) size 36x7
            text run at (0,0) width 36: "Test Button"
      RenderText {#text} at (100,3) size 5x18
        text run at (100,3) width 5: " "
      RenderButton {BUTTON} at (104,7) size 58x15 [bgcolor=#C0C0C0] [border: none (2px outset #C0C0C0) none (2px outset #C0C0C0)]
        RenderBlock (anonymous) at (8,3) size 41x8
          RenderText {#text} at (0,0) size 41x8
            text run at (0,0) width 41: "Test Button"
      RenderText {#text} at (161,3) size 5x18
        text run at (161,3) width 5: " "
      RenderButton {BUTTON} at (165,7) size 62x15 [bgcolor=#C0C0C0] [border: none (2px outset #C0C0C0) none (2px outset #C0C0C0)]
        RenderBlock (anonymous) at (8,2) size 46x10
          RenderText {#text} at (0,0) size 46x10
            text run at (0,0) width 46: "Test Button"
      RenderText {#text} at (226,3) size 5x18
        text run at (226,3) width 5: " "
      RenderButton {BUTTON} at (230,6) size 68x16 [bgcolor=#C0C0C0] [border: none (2px outset #C0C0C0) none (2px outset #C0C0C0)]
        RenderBlock (anonymous) at (8,2) size 51x11
          RenderText {#text} at (0,0) size 51x11
            text run at (0,0) width 51: "Test Button"
      RenderText {#text} at (297,3) size 5x18
        text run at (297,3) width 5: " "
      RenderButton {BUTTON} at (301,5) size 72x17 [bgcolor=#C0C0C0] [border: none (2px outset #C0C0C0) none (2px outset #C0C0C0)]
        RenderBlock (anonymous) at (8,2) size 56x12
          RenderText {#text} at (0,0) size 56x12
            text run at (0,0) width 56: "Test Button"
      RenderText {#text} at (372,3) size 5x18
        text run at (372,3) width 5: " "
      RenderButton {BUTTON} at (378,4) size 78x18 [bgcolor=#C0C0C0] [border: none (2px outset #C0C0C0) none (2px outset #C0C0C0)]
        RenderBlock (anonymous) at (8,2) size 61x13
          RenderText {#text} at (0,0) size 61x13
            text run at (0,0) width 61: "Test Button"
      RenderText {#text} at (457,3) size 5x18
        text run at (457,3) width 5: " "
      RenderButton {INPUT} at (463,4) size 77x18 [bgcolor=#C0C0C0]
        RenderBlock (anonymous) at (8,2) size 61x13
          RenderText at (0,0) size 61x13
            text run at (0,0) width 61: "Test Button"
      RenderText {#text} at (541,3) size 5x18
        text run at (541,3) width 5: " "
      RenderButton {BUTTON} at (547,3) size 82x20 [bgcolor=#C0C0C0] [border: none (2px outset #C0C0C0) none (2px outset #C0C0C0)]
        RenderBlock (anonymous) at (8,2) size 66x15
          RenderText {#text} at (0,0) size 66x15
            text run at (0,0) width 66: "Test Button"
      RenderText {#text} at (630,3) size 5x18
        text run at (630,3) width 5: " "
      RenderButton {BUTTON} at (636,2) size 87x21 [bgcolor=#C0C0C0] [border: none (2px outset #C0C0C0) none (2px outset #C0C0C0)]
        RenderBlock (anonymous) at (8,2) size 70x16
          RenderText {#text} at (0,0) size 70x16
            text run at (0,0) width 70: "Test Button"
      RenderText {#text} at (724,3) size 5x18
        text run at (724,3) width 5: " "
      RenderButton {BUTTON} at (2,32) size 91x22 [bgcolor=#C0C0C0] [border: none (2px outset #C0C0C0) none (2px outset #C0C0C0)]
        RenderBlock (anonymous) at (8,2) size 75x17
          RenderText {#text} at (0,0) size 75x17
            text run at (0,0) width 75: "Test Button"
      RenderText {#text} at (94,34) size 5x18
        text run at (94,34) width 5: " "
      RenderButton {BUTTON} at (100,31) size 96x23 [bgcolor=#C0C0C0] [border: none (2px outset #C0C0C0) none (2px outset #C0C0C0)]
        RenderBlock (anonymous) at (8,2) size 79x18
          RenderText {#text} at (0,0) size 79x18
            text run at (0,0) width 79: "Test Button"
      RenderText {#text} at (197,34) size 5x18
        text run at (197,34) width 5: " "
      RenderButton {BUTTON} at (203,31) size 100x23 [bgcolor=#C0C0C0] [border: none (2px outset #C0C0C0) none (2px outset #C0C0C0)]
        RenderBlock (anonymous) at (8,2) size 84x18
          RenderText {#text} at (0,0) size 84x18
            text run at (0,0) width 84: "Test Button"
      RenderText {#text} at (304,34) size 5x18
        text run at (304,34) width 5: " "
      RenderButton {BUTTON} at (310,30) size 105x25 [bgcolor=#C0C0C0] [border: none (2px outset #C0C0C0) none (2px outset #C0C0C0)]
        RenderBlock (anonymous) at (8,2) size 88x20
          RenderText {#text} at (0,0) size 88x20
            text run at (0,0) width 88: "Test Button"
      RenderText {#text} at (416,34) size 5x18
        text run at (416,34) width 5: " "
      RenderButton {BUTTON} at (422,29) size 110x26 [bgcolor=#C0C0C0] [border: none (2px outset #C0C0C0) none (2px outset #C0C0C0)]
        RenderBlock (anonymous) at (8,2) size 93x21
          RenderText {#text} at (0,0) size 93x21
            text run at (0,0) width 93: "Test Button"
      RenderText {#text} at (533,34) size 5x18
        text run at (533,34) width 5: " "
      RenderButton {BUTTON} at (539,28) size 115x27 [bgcolor=#C0C0C0] [border: none (2px outset #C0C0C0) none (2px outset #C0C0C0)]
        RenderBlock (anonymous) at (8,2) size 98x22
          RenderText {#text} at (0,0) size 98x22
            text run at (0,0) width 98: "Test Button"
      RenderText {#text} at (655,34) size 5x18
        text run at (655,34) width 5: " "
      RenderButton {BUTTON} at (661,27) size 119x28 [bgcolor=#C0C0C0] [border: none (2px outset #C0C0C0) none (2px outset #C0C0C0)]
        RenderBlock (anonymous) at (8,2) size 103x23
          RenderText {#text} at (0,0) size 103x23
            text run at (0,0) width 103: "Test Button"
      RenderText {#text} at (0,0) size 0x0
      RenderButton {BUTTON} at (2,59) size 123x29 [bgcolor=#C0C0C0] [border: none (2px outset #C0C0C0) none (2px outset #C0C0C0)]
        RenderBlock (anonymous) at (8,2) size 107x24
          RenderText {#text} at (0,0) size 107x24
            text run at (0,0) width 107: "Test Button"
      RenderText {#text} at (0,0) size 0x0
