layer at (0,0) size 800x600
  RenderView at (0,0) size 800x600
layer at (0,0) size 800x600
  RenderBlock {HTML} at (0,0) size 800x600
    RenderBody {BODY} at (8,8) size 784x584
      RenderBlock {P} at (0,0) size 784x18
        RenderText {#text} at (0,0) size 245x18
          text run at (0,0) width 245: "Test appearances of outer-spin-button."
      RenderBlock {DIV} at (0,34) size 784x0
      RenderBlock {DIV} at (0,34) size 784x528
        RenderTable {TABLE} at (0,0) size 509x528
          RenderTableSection {TBODY} at (0,0) size 509x528
            RenderTableRow {TR} at (0,2) size 509x524
              RenderTableCell {TD} at (2,80) size 201x368 [r=0 c=0 rs=1 cs=1]
                RenderBlock {DIV} at (1,1) size 199x35
                  RenderTextControl {INPUT} at (0,3) size 111x16 [bgcolor=#FFFFFF] [border: (2px inset #000000)]
                  RenderText {#text} at (110,0) size 5x18
                    text run at (110,0) width 5: " "
                  RenderBR {BR} at (114,14) size 1x0
                  RenderTextControl {INPUT} at (0,19) size 111x16 [bgcolor=#FFFFFF] [border: (2px inset #000000)]
                    RenderFlexibleBox {DIV} at (3,0) size 105x16
                      RenderBlock {DIV} at (0,2) size 92x11
                RenderBlock {DIV} at (1,36) size 199x36
                  RenderTextControl {INPUT} at (0,2) size 123x17 [bgcolor=#FFFFFF] [border: (2px inset #000000)]
                  RenderText {#text} at (122,0) size 5x18
                    text run at (122,0) width 5: " "
                  RenderBR {BR} at (126,14) size 1x0
                  RenderTextControl {INPUT} at (0,19) size 123x17 [bgcolor=#FFFFFF] [border: (2px inset #000000)]
                    RenderFlexibleBox {DIV} at (3,1) size 117x15
                      RenderBlock {DIV} at (0,2) size 104x11
                RenderBlock {DIV} at (1,72) size 199x37
                  RenderTextControl {INPUT} at (0,1) size 135x18 [bgcolor=#FFFFFF] [border: (2px inset #000000)]
                  RenderText {#text} at (134,0) size 5x18
                    text run at (134,0) width 5: " "
                  RenderBR {BR} at (138,14) size 1x0
                  RenderTextControl {INPUT} at (0,19) size 135x18 [bgcolor=#FFFFFF] [border: (2px inset #000000)]
                    RenderFlexibleBox {DIV} at (3,1) size 129x16
                      RenderBlock {DIV} at (0,1) size 116x13
                RenderBlock {DIV} at (1,109) size 199x46
                  RenderTextControl {INPUT} at (2,2) size 146x19 [bgcolor=#FFFFFF] [border: (2px inset #000000)]
                  RenderText {#text} at (149,2) size 5x18
                    text run at (149,2) width 5: " "
                  RenderBR {BR} at (153,16) size 1x0
                  RenderTextControl {INPUT} at (2,25) size 146x19 [bgcolor=#FFFFFF] [border: (2px inset #000000)]
                    RenderFlexibleBox {DIV} at (3,1) size 140x17
                      RenderBlock {DIV} at (0,1) size 127x14
                RenderBlock {DIV} at (1,155) size 199x50
                  RenderTextControl {INPUT} at (2,2) size 158x21 [bgcolor=#FFFFFF] [border: (2px inset #000000)]
                  RenderText {#text} at (161,3) size 5x18
                    text run at (161,3) width 5: " "
                  RenderBR {BR} at (165,17) size 1x0
                  RenderTextControl {INPUT} at (2,27) size 158x21 [bgcolor=#FFFFFF] [border: (2px inset #000000)]
                    RenderFlexibleBox {DIV} at (3,1) size 152x19
                      RenderBlock {DIV} at (0,1) size 139x16
                RenderBlock {DIV} at (1,205) size 199x52
                  RenderTextControl {INPUT} at (2,2) size 169x22 [bgcolor=#FFFFFF] [border: (2px inset #000000)]
                  RenderText {#text} at (172,4) size 5x18
                    text run at (172,4) width 5: " "
                  RenderBR {BR} at (176,18) size 1x0
                  RenderTextControl {INPUT} at (2,28) size 169x22 [bgcolor=#FFFFFF] [border: (2px inset #000000)]
                    RenderFlexibleBox {DIV} at (3,1) size 163x20
                      RenderBlock {DIV} at (0,1) size 148x17
                RenderBlock {DIV} at (1,257) size 199x54
                  RenderTextControl {INPUT} at (2,2) size 180x23 [bgcolor=#FFFFFF] [border: (2px inset #000000)]
                  RenderText {#text} at (183,5) size 5x18
                    text run at (183,5) width 5: " "
                  RenderBR {BR} at (187,19) size 1x0
                  RenderTextControl {INPUT} at (2,29) size 180x23 [bgcolor=#FFFFFF] [border: (2px inset #000000)]
                    RenderFlexibleBox {DIV} at (3,1) size 174x21
                      RenderBlock {DIV} at (0,2) size 159x17
                RenderBlock {DIV} at (1,311) size 199x56
                  RenderTextControl {INPUT} at (2,2) size 191x24 [bgcolor=#FFFFFF] [border: (2px inset #000000)]
                  RenderText {#text} at (194,6) size 5x18
                    text run at (194,6) width 5: " "
                  RenderBR {BR} at (198,20) size 1x0
                  RenderTextControl {INPUT} at (2,30) size 191x24 [bgcolor=#FFFFFF] [border: (2px inset #000000)]
                    RenderFlexibleBox {DIV} at (3,0) size 185x24
                      RenderBlock {DIV} at (0,2) size 170x19
              RenderTableCell {TD} at (204,2) size 303x524 [r=0 c=1 rs=1 cs=1]
                RenderBlock {DIV} at (1,1) size 300x56
                  RenderTextControl {INPUT} at (2,2) size 202x24 [bgcolor=#FFFFFF] [border: (2px inset #000000)]
                  RenderText {#text} at (205,6) size 5x18
                    text run at (205,6) width 5: " "
                  RenderBR {BR} at (209,20) size 1x0
                  RenderTextControl {INPUT} at (2,30) size 202x24 [bgcolor=#FFFFFF] [border: (2px inset #000000)]
                    RenderFlexibleBox {DIV} at (3,0) size 196x24
                      RenderBlock {DIV} at (0,3) size 181x18
                RenderBlock {DIV} at (1,57) size 300x60
                  RenderTextControl {INPUT} at (2,2) size 213x26 [bgcolor=#FFFFFF] [border: (2px inset #000000)]
                  RenderText {#text} at (216,7) size 5x18
                    text run at (216,7) width 5: " "
                  RenderBR {BR} at (220,21) size 1x0
                  RenderTextControl {INPUT} at (2,32) size 213x26 [bgcolor=#FFFFFF] [border: (2px inset #000000)]
                    RenderFlexibleBox {DIV} at (3,0) size 207x26
                      RenderBlock {DIV} at (0,2) size 192x21
                RenderBlock {DIV} at (1,117) size 300x62
                  RenderTextControl {INPUT} at (2,2) size 225x27 [bgcolor=#FFFFFF] [border: (2px inset #000000)]
                  RenderText {#text} at (228,8) size 5x18
                    text run at (228,8) width 5: " "
                  RenderBR {BR} at (232,22) size 1x0
                  RenderTextControl {INPUT} at (2,33) size 225x27 [bgcolor=#FFFFFF] [border: (2px inset #000000)]
                    RenderFlexibleBox {DIV} at (3,0) size 219x27
                      RenderBlock {DIV} at (0,3) size 200x21
                RenderBlock {DIV} at (1,179) size 300x64
                  RenderTextControl {INPUT} at (2,2) size 236x28 [bgcolor=#FFFFFF] [border: (2px inset #000000)]
                  RenderText {#text} at (239,9) size 5x18
                    text run at (239,9) width 5: " "
                  RenderBR {BR} at (243,23) size 1x0
                  RenderTextControl {INPUT} at (2,34) size 236x28 [bgcolor=#FFFFFF] [border: (2px inset #000000)]
                    RenderFlexibleBox {DIV} at (3,0) size 230x28
                      RenderBlock {DIV} at (0,3) size 211x22
                RenderBlock {DIV} at (1,243) size 300x66
                  RenderTextControl {INPUT} at (2,2) size 256x29 [bgcolor=#FFFFFF] [border: (2px inset #000000)]
                  RenderText {#text} at (259,10) size 5x18
                    text run at (259,10) width 5: " "
                  RenderBR {BR} at (263,24) size 1x0
                  RenderTextControl {INPUT} at (2,35) size 256x29 [bgcolor=#FFFFFF] [border: (2px inset #000000)]
                    RenderFlexibleBox {DIV} at (3,0) size 250x29
                      RenderBlock {DIV} at (0,3) size 231x23
                RenderBlock {DIV} at (1,309) size 300x68
                  RenderTextControl {INPUT} at (2,2) size 268x30 [bgcolor=#FFFFFF] [border: (2px inset #000000)]
                  RenderText {#text} at (271,11) size 5x18
                    text run at (271,11) width 5: " "
                  RenderBR {BR} at (275,25) size 1x0
                  RenderTextControl {INPUT} at (2,36) size 268x30 [bgcolor=#FFFFFF] [border: (2px inset #000000)]
                    RenderFlexibleBox {DIV} at (3,0) size 262x30
                      RenderBlock {DIV} at (0,3) size 243x24
                RenderBlock {DIV} at (1,377) size 300x72
                  RenderTextControl {INPUT} at (2,2) size 280x32 [bgcolor=#FFFFFF] [border: (2px inset #000000)]
                  RenderText {#text} at (283,12) size 5x18
                    text run at (283,12) width 5: " "
                  RenderBR {BR} at (287,26) size 1x0
                  RenderTextControl {INPUT} at (2,38) size 280x32 [bgcolor=#FFFFFF] [border: (2px inset #000000)]
                    RenderFlexibleBox {DIV} at (3,0) size 274x32
                      RenderBlock {DIV} at (0,3) size 255x26
                RenderBlock {DIV} at (1,449) size 300x74
                  RenderTextControl {INPUT} at (2,2) size 292x33 [bgcolor=#FFFFFF] [border: (2px inset #000000)]
                  RenderText {#text} at (295,13) size 5x18
                    text run at (295,13) width 5: " "
                  RenderBR {BR} at (299,27) size 1x0
                  RenderTextControl {INPUT} at (2,39) size 292x33 [bgcolor=#FFFFFF] [border: (2px inset #000000)]
                    RenderFlexibleBox {DIV} at (3,0) size 286x33
                      RenderBlock {DIV} at (0,3) size 267x27
layer at (14,129) size 105x10
  RenderBlock {DIV} at (3,3) size 105x10
layer at (14,145) size 92x10
  RenderBlock {DIV} at (0,0) size 92x10
layer at (14,163) size 117x11
  RenderBlock {DIV} at (3,3) size 117x11
layer at (14,180) size 104x11
  RenderBlock {DIV} at (0,0) size 104x11
layer at (14,198) size 128x12
  RenderBlock {DIV} at (3,3) size 129x12
layer at (14,216) size 115x12
  RenderBlock {DIV} at (0,0) size 116x12
layer at (16,236) size 140x13
  RenderBlock {DIV} at (3,3) size 140x13
layer at (16,259) size 127x13
  RenderBlock {DIV} at (0,0) size 127x13
layer at (16,282) size 151x15
  RenderBlock {DIV} at (3,3) size 152x15
layer at (16,307) size 138x15
  RenderBlock {DIV} at (0,0) size 139x15
layer at (16,332) size 162x16
  RenderBlock {DIV} at (3,3) size 163x16
layer at (16,358) size 147x16
  RenderBlock {DIV} at (0,0) size 148x16
layer at (16,384) size 173x17
  RenderBlock {DIV} at (3,3) size 174x17
layer at (16,411) size 158x17
  RenderBlock {DIV} at (0,0) size 159x17
layer at (16,438) size 184x18
  RenderBlock {DIV} at (3,3) size 185x18
layer at (16,466) size 169x18
  RenderBlock {DIV} at (0,0) size 170x18
layer at (218,50) size 195x18
  RenderBlock {DIV} at (3,3) size 196x18
layer at (218,78) size 180x18
  RenderBlock {DIV} at (0,0) size 181x18
layer at (218,106) size 206x20
  RenderBlock {DIV} at (3,3) size 207x20
layer at (218,136) size 191x20
  RenderBlock {DIV} at (0,0) size 192x20
layer at (218,166) size 218x21
  RenderBlock {DIV} at (3,3) size 219x21
layer at (218,197) size 199x21
  RenderBlock {DIV} at (0,0) size 200x21
layer at (218,228) size 230x22
  RenderBlock {DIV} at (3,3) size 230x22
layer at (218,260) size 211x22
  RenderBlock {DIV} at (0,0) size 211x22
layer at (218,292) size 250x23
  RenderBlock {DIV} at (3,3) size 250x23
layer at (218,325) size 231x23
  RenderBlock {DIV} at (0,0) size 231x23
layer at (218,358) size 262x24
  RenderBlock {DIV} at (3,3) size 262x24
layer at (218,392) size 243x24
  RenderBlock {DIV} at (0,0) size 243x24
layer at (218,426) size 274x26
  RenderBlock {DIV} at (3,3) size 274x26
layer at (218,462) size 255x26
  RenderBlock {DIV} at (0,0) size 255x26
layer at (218,498) size 286x27
  RenderBlock {DIV} at (3,3) size 286x27
layer at (218,535) size 267x27
  RenderBlock {DIV} at (0,0) size 267x27
layer at (106,143) size 13x15
  RenderBlock (relative positioned) {DIV} at (91,0) size 14x15
layer at (118,178) size 13x15
  RenderBlock (relative positioned) {DIV} at (103,0) size 14x15
layer at (129,215) size 13x15
  RenderBlock (relative positioned) {DIV} at (115,0) size 14x15
layer at (143,257) size 13x17
  RenderBlock (relative positioned) {DIV} at (126,0) size 14x17
layer at (154,306) size 13x18
  RenderBlock (relative positioned) {DIV} at (138,0) size 14x18
layer at (163,356) size 15x20
  RenderBlock (relative positioned) {DIV} at (147,0) size 16x20
layer at (174,409) size 15x21
  RenderBlock (relative positioned) {DIV} at (158,0) size 16x21
layer at (185,464) size 15x23
  RenderBlock (relative positioned) {DIV} at (169,0) size 16x23
layer at (399,75) size 15x24
  RenderBlock (relative positioned) {DIV} at (180,0) size 16x24
layer at (410,133) size 15x26
  RenderBlock (relative positioned) {DIV} at (191,0) size 16x26
layer at (417,194) size 19x27
  RenderBlock (relative positioned) {DIV} at (199,0) size 20x27
layer at (429,257) size 19x28
  RenderBlock (relative positioned) {DIV} at (210,-1) size 20x30
layer at (449,322) size 19x30
  RenderBlock (relative positioned) {DIV} at (230,-1) size 20x31
layer at (461,388) size 19x32
  RenderBlock (relative positioned) {DIV} at (242,-1) size 20x32
layer at (473,459) size 19x33
  RenderBlock (relative positioned) {DIV} at (254,-1) size 20x34
layer at (485,531) size 19x35
  RenderBlock (relative positioned) {DIV} at (266,-1) size 20x35
