layer at (0,0) size 800x600
  RenderView at (0,0) size 800x600
layer at (0,0) size 800x600
  RenderBlock {HTML} at (0,0) size 800x600
    RenderBody {BODY} at (8,8) size 784x584
      RenderText {#text} at (0,0) size 344x18
        text run at (0,0) width 109: "TEST PASSED: "
        text run at (108,0) width 236: "If the popup menu only says \"Text\". "
      RenderBR {BR} at (343,14) size 1x0
      RenderText {#text} at (0,18) size 426x18
        text run at (0,18) width 107: "TEST FAILED: "
        text run at (106,18) width 320: "If the popup menu says \"document.write('Text')\". "
      RenderBR {BR} at (425,32) size 1x0
      RenderMenuList {SELECT} at (2,38) size 54x18 [bgcolor=#FFFFFF]
        RenderBlock (anonymous) at (0,0) size 54x18
          RenderText at (8,2) size 23x13
            text run at (8,2) width 23: "Text"
      RenderText {#text} at (0,0) size 0x0
