layer at (0,0) size 800x600
  RenderView at (0,0) size 800x600
layer at (0,0) size 800x108
  RenderBlock {HTML} at (0,0) size 800x108
    RenderBody {BODY} at (8,16) size 784x84
      RenderBlock {P} at (0,0) size 784x18
        RenderText {#text} at (0,0) size 585x18
          text run at (0,0) width 585: "This tests that the Address Book AutoFill button renders. It can only be tested in the test tool."
      RenderBlock {DIV} at (0,34) size 784x50
        RenderTextControl {INPUT} at (2,2) size 149x21 [bgcolor=#FFFFFF] [border: (2px inset #000000)]
          RenderFlexibleBox {DIV} at (2,3) size 145x15
            RenderBlock {DIV} at (0,0) size 118x15
        RenderText {#text} at (153,3) size 4x18
          text run at (153,3) width 4: " "
        RenderTextControl {INPUT} at (159,2) size 149x21 [bgcolor=#FFFFFF] [border: (2px inset #000000)]
          RenderFlexibleBox {DIV} at (2,3) size 145x15
            RenderBlock {DIV} at (0,0) size 118x15
        RenderText {#text} at (310,3) size 4x18
          text run at (310,3) width 4: " "
        RenderTextControl {INPUT} at (316,2) size 149x21 [bgcolor=#FFFFFF] [border: (2px inset #000000)]
          RenderFlexibleBox {DIV} at (2,3) size 145x15
            RenderBlock {DIV} at (0,0) size 118x15
        RenderText {#text} at (467,3) size 4x18
          text run at (467,3) width 4: " "
        RenderTextControl {INPUT} at (473,2) size 149x21 [bgcolor=#FFFFFF] [border: (2px inset #000000)]
          RenderFlexibleBox {DIV} at (2,3) size 145x15
            RenderBlock {DIV} at (0,0) size 118x15
        RenderTextControl {INPUT} at (626,2) size 149x21 [bgcolor=#FFFFFF] [border: (2px inset #000000)]
          RenderFlexibleBox {DIV} at (2,3) size 145x15
            RenderBlock {DIV} at (0,0) size 118x15
        RenderTextControl {INPUT} at (2,27) size 149x21 [bgcolor=#FFFFFF] [border: (2px inset #000000)]
          RenderFlexibleBox {DIV} at (2,3) size 145x15
            RenderBlock {DIV} at (0,0) size 118x15
layer at (12,55) size 118x15
  RenderBlock {DIV} at (0,0) size 118x15
layer at (169,55) size 118x15
  RenderBlock {DIV} at (0,0) size 118x15
layer at (326,55) size 118x15
  RenderBlock {DIV} at (0,0) size 118x15
layer at (483,55) size 118x15
  RenderBlock {DIV} at (0,0) size 118x15
layer at (636,55) size 118x15
  RenderBlock {DIV} at (0,0) size 118x15
layer at (12,80) size 118x15
  RenderBlock {DIV} at (0,0) size 118x15
layer at (133,57) size 22x12
  RenderBlock {DIV} at (121,1) size 22x13 [bgcolor=#000000]
layer at (290,57) size 22x12
  RenderBlock {DIV} at (121,1) size 22x13 [bgcolor=#000000]
layer at (447,57) size 22x12
  RenderBlock {DIV} at (121,1) size 22x13 [bgcolor=#000000]
layer at (604,57) size 22x12
  RenderBlock {DIV} at (121,1) size 22x13 [bgcolor=#000000]
layer at (757,57) size 22x12
  RenderBlock {DIV} at (121,1) size 22x13 [bgcolor=#000000]
layer at (133,82) size 22x12
  RenderBlock {DIV} at (121,1) size 22x13 [bgcolor=#000000]
