layer at (0,0) size 800x600
  RenderView at (0,0) size 800x600
layer at (0,0) size 800x332
  RenderBlock {HTML} at (0,0) size 800x332
    RenderBody {BODY} at (8,8) size 784x316
      RenderBlock (anonymous) at (0,0) size 784x244
        RenderText {#text} at (0,0) size 0x0
      RenderBlock {DIV} at (0,244) size 784x72
        RenderText {#text} at (0,0) size 368x18
          text run at (0,0) width 368: "Rendering vertical line-positioned cues with Japanese text."
        RenderBR {BR} at (368,0) size 0x18
        RenderText {#text} at (0,18) size 162x18
          text run at (0,18) width 162: "EVENT(canplaythrough)"
        RenderBR {BR} at (162,18) size 0x18
        RenderText {#text} at (0,36) size 107x18
          text run at (0,36) width 107: "EVENT(seeked)"
        RenderBR {BR} at (107,36) size 0x18
        RenderText {#text} at (0,54) size 102x18
          text run at (0,54) width 102: "END OF TEST"
        RenderBR {BR} at (102,54) size 0x18
layer at (8,8) size 320x240
  RenderVideo {VIDEO} at (0,0) size 320x240
layer at (8,8) size 320x240
  RenderFlexibleBox {DIV} at (0,0) size 320x240
layer at (8,8) size 320x240
  RenderBlock (relative positioned) {DIV} at (0,0) size 320x240 [color=#FFFFFF]
layer at (8,8) size 14x240
  RenderBlock (positioned) {DIV} at (0,0) size 14x240
    RenderInline {SPAN} at (0,0) size 14x112 [bgcolor=#000000CC]
      RenderText {#text} at (0,64) size 14x112
        text run at (0,64) width 111: "Cue 1: \x{79C1}\x{306F}\x{7ACB}\x{6D3E}\x{306A}\x{4EBA}"
layer at (22,8) size 14x240
  RenderBlock (positioned) {DIV} at (14,0) size 14x240
    RenderInline {SPAN} at (0,0) size 14x112 [bgcolor=#000000CC]
      RenderText {#text} at (0,64) size 14x112
        text run at (0,64) width 111: "Cue 2: \x{79C1}\x{306F}\x{7ACB}\x{6D3E}\x{306A}\x{4EBA}"
layer at (272,8) size 14x240
  RenderBlock (positioned) {DIV} at (264,0) size 14x240
    RenderInline {SPAN} at (0,0) size 14x112 [bgcolor=#000000CC]
      RenderText {#text} at (0,64) size 14x112
        text run at (0,64) width 111: "Cue 3: \x{79C1}\x{306F}\x{7ACB}\x{6D3E}\x{306A}\x{4EBA}"
layer at (258,8) size 14x240
  RenderBlock (positioned) {DIV} at (250,0) size 14x240
    RenderInline {SPAN} at (0,0) size 14x112 [bgcolor=#000000CC]
      RenderText {#text} at (0,64) size 14x112
        text run at (0,64) width 111: "Cue 4: \x{79C1}\x{306F}\x{7ACB}\x{6D3E}\x{306A}\x{4EBA}"
layer at (314,8) size 14x240
  RenderBlock (positioned) {DIV} at (306,0) size 14x240
    RenderInline {SPAN} at (0,0) size 14x112 [bgcolor=#000000CC]
      RenderText {#text} at (0,64) size 14x112
        text run at (0,64) width 111: "Cue 5: \x{79C1}\x{306F}\x{7ACB}\x{6D3E}\x{306A}\x{4EBA}"
layer at (300,8) size 14x240
  RenderBlock (positioned) {DIV} at (292,0) size 14x240
    RenderInline {SPAN} at (0,0) size 14x112 [bgcolor=#000000CC]
      RenderText {#text} at (0,64) size 14x112
        text run at (0,64) width 111: "Cue 6: \x{79C1}\x{306F}\x{7ACB}\x{6D3E}\x{306A}\x{4EBA}"
