layer at (0,0) size 800x600
  RenderView at (0,0) size 800x600
layer at (0,0) size 800x33
  RenderBlock {html} at (0,0) size 800x33
    RenderBody {body} at (8,8) size 784x17
      RenderBlock (anonymous) at (0,0) size 784x17
        RenderText {#text} at (0,0) size 29x17
          text run at (0,0) width 29: "Text"
      RenderTable {table} at (0,17) size 0x0
      RenderTable at (0,17) size 0x0
        RenderTableCol {colgroup} at (0,0) size 0x0
