layer at (0,0) size 800x600
  RenderView at (0,0) size 800x600
layer at (0,0) size 800x167
  RenderBlock {html} at (0,0) size 800x167
    RenderBody {body} at (8,16) size 784x135
      RenderBlock {parsererror} at (16,0) size 752x135 [bgcolor=#FFDDDD] [border: (2px solid #CC7777)]
        RenderBlock {h3} at (18,20) size 716x22
          RenderText {#text} at (0,0) size 324x21
            text run at (0,0) width 324: "This page contains the following errors:"
        RenderBlock {div} at (18,60) size 716x15
          RenderText {#text} at (0,0) size 483x14
            text run at (0,0) width 483: "error on line 1 at column 1: Extra content at the end of the document"
        RenderBlock {h3} at (18,93) size 716x22
          RenderText {#text} at (0,0) size 429x21
            text run at (0,0) width 429: "Below is a rendering of the page up to the first error."
