layer at (0,0) size 800x600
  RenderView at (0,0) size 800x600
layer at (0,0) size 800x600
  RenderBlock {HTML} at (0,0) size 800x600
    RenderBody {BODY} at (8,8) size 784x584
      RenderBlock (anonymous) at (0,0) size 784x34
        RenderText {#text} at (0,0) size 280x17
          text run at (0,0) width 280: "The first two tests should match the last two."
        RenderBR {BR} at (280,14) size 0x0
        RenderBR {BR} at (0,17) size 0x17
      RenderBlock {DIV} at (0,34) size 40x13 [border: (3px none #000000)]
      RenderBlock (anonymous) at (0,47) size 784x17
        RenderBR {BR} at (0,0) size 0x17
      RenderBlock {DIV} at (0,64) size 40x13 [border: (3px none #000000) (7px none #000000) (3px none #000000)]
      RenderBlock (anonymous) at (0,77) size 784x17
        RenderBR {BR} at (0,0) size 0x17
      RenderBlock {DIV} at (0,94) size 40x13 [border: (3px none #000000)]
      RenderBlock (anonymous) at (0,107) size 784x17
        RenderBR {BR} at (0,0) size 0x17
      RenderBlock {DIV} at (0,124) size 40x13 [border: (3px none #000000) (7px none #000000) (3px none #000000)]
      RenderBlock (anonymous) at (0,137) size 784x17
        RenderBR {BR} at (0,0) size 0x17
