layer at (0,0) size 800x600
  RenderView at (0,0) size 800x600
layer at (0,0) size 800x600
  RenderBlock {HTML} at (0,0) size 800x600
    RenderBody {BODY} at (8,16) size 784x566
      RenderBlock {DIV} at (0,0) size 784x17
        RenderText {#text} at (0,0) size 160x17
          text run at (0,0) width 160: "Outline ring painting test."
      RenderBlock {DIV} at (0,33) size 784x93
        RenderBlock (anonymous) at (0,0) size 784x17
        RenderBlock (anonymous) at (0,75) size 784x18
      RenderBlock {DIV} at (0,144) size 784x57
        RenderBlock (anonymous) at (0,0) size 784x0
        RenderBlock (anonymous) at (0,39) size 784x18
      RenderBlock {DIV} at (0,216) size 784x58
        RenderBlock (anonymous) at (0,0) size 784x17
        RenderBlock (anonymous) at (0,75) size 784x0
      RenderBlock {DIV} at (0,292) size 784x22
        RenderBlock (anonymous) at (0,0) size 784x0
        RenderBlock (anonymous) at (0,39) size 784x0
layer at (8,49) size 98x17
  RenderInline (relative positioned) {SPAN} at (0,0) size 98x17
    RenderText {#text} at (0,0) size 98x17
      text run at (0,0) width 98: "Content before."
layer at (8,85) size 784x21
  RenderBlock (anonymous) at (0,35) size 784x22
    RenderBlock {H3} at (0,0) size 784x21
      RenderText {#text} at (0,0) size 150x21
        text run at (0,0) width 150: "Bold with margin."
layer at (8,124) size 82x17
  RenderInline (relative positioned) {SPAN} at (0,0) size 82x17
    RenderText {#text} at (0,0) size 82x17
      text run at (0,0) width 82: "Content after"
layer at (8,160) size 784x21
  RenderBlock (anonymous) at (0,0) size 784x21
    RenderBlock {H3} at (0,0) size 784x21
      RenderText {#text} at (0,0) size 150x21
        text run at (0,0) width 150: "No content before."
layer at (8,200) size 86x17
  RenderInline (relative positioned) {SPAN} at (0,0) size 86x17
    RenderText {#text} at (0,0) size 86x17
      text run at (0,0) width 86: "Content after."
layer at (8,233) size 94x17
  RenderInline (relative positioned) {SPAN} at (0,0) size 94x17
    RenderText {#text} at (0,0) size 94x17
      text run at (0,0) width 94: "Content before"
layer at (8,269) size 784x21
  RenderBlock (anonymous) at (0,35) size 784x22
    RenderBlock {H3} at (0,0) size 784x21
      RenderText {#text} at (0,0) size 177x21
        text run at (0,0) width 177: "But No Content After"
layer at (8,308) size 784x21
  RenderBlock (anonymous) at (0,0) size 784x21
    RenderBlock {H3} at (0,0) size 784x21
      RenderText {#text} at (0,0) size 216x21
        text run at (0,0) width 216: "No content before or after."
