layer at (0,0) size 800x600
  RenderView at (0,0) size 800x600
layer at (0,0) size 800x218
  RenderBlock {HTML} at (0,0) size 800x218
    RenderBody {BODY} at (8,8) size 784x202
layer at (8,8) size 103x202 clip at (9,9) size 86x185 scrollHeight 1394
  RenderBlock {DIV} at (0,0) size 103x202 [border: (1px solid #000000)]
    RenderText {#text} at (1,1) size 86x1394
      text run at (1,1) width 84: "Lorem ipsum"
      text run at (1,18) width 51: "dolor sit"
      text run at (1,35) width 34: "amet,"
      text run at (1,52) width 71: "consectetur"
      text run at (1,69) width 68: "adipisicing"
      text run at (1,86) width 68: "elit, sed do"
      text run at (1,103) width 53: "eiusmod"
      text run at (1,120) width 44: "tempor"
      text run at (1,137) width 79: "incididunt ut"
      text run at (1,154) width 54: "labore et"
      text run at (1,171) width 86: "dolore magna"
      text run at (1,188) width 62: "aliqua. Ut"
      text run at (1,205) width 50: "enim ad"
      text run at (1,222) width 40: "minim"
      text run at (1,239) width 80: "veniam, quis"
      text run at (1,256) width 47: "nostrud"
      text run at (1,273) width 73: "exercitation"
      text run at (1,290) width 50: "ullamco"
      text run at (1,307) width 84: "laboris nisi ut"
      text run at (1,324) width 80: "aliquip ex ea"
      text run at (1,341) width 63: "commodo"
      text run at (1,358) width 67: "consequat."
      text run at (1,375) width 60: "Duis aute"
      text run at (1,392) width 82: "irure dolor in"
      text run at (1,409) width 83: "reprehenderit"
      text run at (1,426) width 74: "in voluptate"
      text run at (1,443) width 57: "velit esse"
      text run at (1,460) width 83: "cillum dolore"
      text run at (1,477) width 55: "eu fugiat"
      text run at (1,494) width 31: "nulla"
      text run at (1,511) width 52: "pariatur."
      text run at (1,528) width 64: "Excepteur"
      text run at (1,545) width 80: "sint occaecat"
      text run at (1,562) width 85: "cupidatat non"
      text run at (1,579) width 86: "proident, sunt"
      text run at (1,596) width 74: "in culpa qui"
      text run at (1,613) width 40: "officia"
      text run at (1,630) width 53: "deserunt"
      text run at (1,647) width 71: "mollit anim"
      text run at (1,664) width 33: "id est"
      text run at (1,681) width 56: "laborum."
      text run at (1,698) width 84: "Lorem ipsum"
      text run at (1,715) width 51: "dolor sit"
      text run at (1,732) width 34: "amet,"
      text run at (1,749) width 71: "consectetur"
      text run at (1,766) width 68: "adipisicing"
      text run at (1,783) width 68: "elit, sed do"
      text run at (1,800) width 53: "eiusmod"
      text run at (1,817) width 44: "tempor"
      text run at (1,834) width 79: "incididunt ut"
      text run at (1,851) width 54: "labore et"
      text run at (1,868) width 86: "dolore magna"
      text run at (1,885) width 62: "aliqua. Ut"
      text run at (1,902) width 50: "enim ad"
      text run at (1,919) width 40: "minim"
      text run at (1,936) width 80: "veniam, quis"
      text run at (1,953) width 47: "nostrud"
      text run at (1,970) width 73: "exercitation"
      text run at (1,987) width 50: "ullamco"
      text run at (1,1004) width 84: "laboris nisi ut"
      text run at (1,1021) width 80: "aliquip ex ea"
      text run at (1,1038) width 63: "commodo"
      text run at (1,1055) width 67: "consequat."
      text run at (1,1072) width 60: "Duis aute"
      text run at (1,1089) width 82: "irure dolor in"
      text run at (1,1106) width 83: "reprehenderit"
      text run at (1,1123) width 74: "in voluptate"
      text run at (1,1140) width 57: "velit esse"
      text run at (1,1157) width 83: "cillum dolore"
      text run at (1,1174) width 55: "eu fugiat"
      text run at (1,1191) width 31: "nulla"
      text run at (1,1208) width 52: "pariatur."
      text run at (1,1225) width 64: "Excepteur"
      text run at (1,1242) width 80: "sint occaecat"
      text run at (1,1259) width 85: "cupidatat non"
      text run at (1,1276) width 86: "proident, sunt"
      text run at (1,1293) width 74: "in culpa qui"
      text run at (1,1310) width 40: "officia"
      text run at (1,1327) width 53: "deserunt"
      text run at (1,1344) width 71: "mollit anim"
      text run at (1,1361) width 33: "id est"
      text run at (1,1378) width 56: "laborum."
