layer at (0,0) size 4281x585
  RenderView at (0,0) size 800x585
layer at (-3481,0) size 4281x585 backgroundClip at (0,0) size 4281x585 clip at (0,0) size 4281x585 outlineClip at (0,0) size 4281x585
  RenderBlock {HTML} at (0,0) size 4282x585
    RenderBody {BODY} at (58,46) size 4165x493
      RenderBlock {H1} at (0,0) size 48x492
        RenderText {#text} at (6,0) size 36x68
          text run at (6,0) width 68: "\x{8349}\x{6795}"
      RenderBlock {H2} at (69,0) size 37x492
        RenderText {#text} at (5,0) size 26x104
          text run at (5,0) width 104: "\x{590F}\x{76EE}\x{6F31}\x{77F3}"
      RenderBlock {DIV} at (125,0) size 4040x492
        RenderBlock (anonymous) at (0,0) size 2289x492
          RenderBR {BR} at (0,0) size 17x0
          RenderBR {BR} at (17,0) size 17x0
          RenderBR {BR} at (34,0) size 17x0
          RenderText {#text} at (51,0) size 17x153
            text run at (51,0) width 153: "\x{3000}\x{3000}\x{3000}\x{3000}\x{3000}\x{3000}\x{3000}\x{3000}\x{4E00}"
          RenderBR {BR} at (51,153) size 17x0
          RenderBR {BR} at (68,0) size 17x0
          RenderText {#text} at (94,0) size 17x17
            text run at (94,0) width 17: "\x{3000}"
          RenderRuby (inline) {RUBY} at (0,0) size 17x34
            RenderRubyRun (anonymous) at (94,16) size 17x36
              RenderRubyText {RT} at (-9,0) size 9x36
                RenderText {#text} at (0,0) size 9x36
                  text run at (0,0) width 36: "\x{3084}\x{307E}\x{307F}\x{3061}"
              RenderRubyBase (anonymous) at (0,0) size 17x36
                RenderInline {RB} at (0,0) size 17x34
                  RenderText {#text} at (0,1) size 17x34
                    text run at (0,1) width 34: "\x{5C71}\x{8DEF}"
          RenderText {#text} at (94,51) size 17x221
            text run at (94,51) width 221: "\x{3092}\x{767B}\x{308A}\x{306A}\x{304C}\x{3089}\x{3001}\x{3053}\x{3046}\x{8003}\x{3048}\x{305F}\x{3002}"
          RenderBR {BR} at (94,272) size 17x0
          RenderText {#text} at (120,0) size 17x17
            text run at (120,0) width 17: "\x{3000}"
          RenderRuby (inline) {RUBY} at (0,0) size 17x17
            RenderRubyRun (anonymous) at (120,17) size 17x17
              RenderRubyText {RT} at (-9,0) size 9x17
                RenderText {#text} at (0,4) size 9x9
                  text run at (0,4) width 9: "\x{3061}"
              RenderRubyBase (anonymous) at (0,0) size 17x17
                RenderInline {RB} at (0,0) size 17x17
                  RenderText {#text} at (0,0) size 17x17
                    text run at (0,0) width 17: "\x{667A}"
          RenderText {#text} at (120,34) size 17x68
            text run at (120,34) width 68: "\x{306B}\x{50CD}\x{3051}\x{3070}"
          RenderRuby (inline) {RUBY} at (0,0) size 17x18
            RenderRubyRun (anonymous) at (120,102) size 17x18
              RenderRubyText {RT} at (-9,0) size 9x18
                RenderText {#text} at (0,0) size 9x18
                  text run at (0,0) width 18: "\x{304B}\x{3069}"
              RenderRubyBase (anonymous) at (0,0) size 17x18
                RenderInline {RB} at (0,0) size 17x18
                  RenderText {#text} at (0,0) size 17x18
                    text run at (0,0) width 17: "\x{89D2}"
          RenderText {#text} at (120,120) size 17x68
            text run at (120,120) width 68: "\x{304C}\x{7ACB}\x{3064}\x{3002}"
          RenderRuby (inline) {RUBY} at (0,0) size 17x19
            RenderRubyRun (anonymous) at (120,184) size 17x27
              RenderRubyText {RT} at (-9,0) size 9x27
                RenderText {#text} at (0,0) size 9x27
                  text run at (0,0) width 27: "\x{3058}\x{3087}\x{3046}"
              RenderRubyBase (anonymous) at (0,0) size 17x27
                RenderInline {RB} at (0,0) size 17x17
                  RenderText {#text} at (0,5) size 17x17
                    text run at (0,5) width 17: "\x{60C5}"
          RenderText {#text} at (120,207) size 17x17
            text run at (120,207) width 17: "\x{306B}"
          RenderRuby (inline) {RUBY} at (0,0) size 17x18
            RenderRubyRun (anonymous) at (120,224) size 17x18
              RenderRubyText {RT} at (-9,0) size 9x18
                RenderText {#text} at (0,0) size 9x18
                  text run at (0,0) width 18: "\x{3055}\x{304A}"
              RenderRubyBase (anonymous) at (0,0) size 17x18
                RenderInline {RB} at (0,0) size 17x18
                  RenderText {#text} at (0,0) size 17x18
                    text run at (0,0) width 17: "\x{68F9}"
          RenderText {#text} at (120,242) size 17x187
            text run at (120,242) width 187: "\x{3055}\x{305B}\x{3070}\x{6D41}\x{3055}\x{308C}\x{308B}\x{3002}\x{610F}\x{5730}\x{3092}"
          RenderRuby (inline) {RUBY} at (0,0) size 17x18
            RenderRubyRun (anonymous) at (120,429) size 17x18
              RenderRubyText {RT} at (-9,0) size 9x18
                RenderText {#text} at (0,0) size 9x18
                  text run at (0,0) width 18: "\x{3068}\x{304A}"
              RenderRubyBase (anonymous) at (0,0) size 17x18
                RenderInline {RB} at (0,0) size 17x18
                  RenderText {#text} at (0,0) size 17x18
                    text run at (0,0) width 17: "\x{901A}"
          RenderText {#text} at (120,447) size 17x34
            text run at (120,447) width 34: "\x{305B}\x{3070}"
          RenderRuby (inline) {RUBY} at (0,0) size 17x41
            RenderRubyRun (anonymous) at (146,0) size 17x45
              RenderRubyText {RT} at (-9,0) size 9x45
                RenderText {#text} at (0,0) size 9x45
                  text run at (0,0) width 45: "\x{304D}\x{3085}\x{3046}\x{304F}\x{3064}"
              RenderRubyBase (anonymous) at (0,0) size 17x45
                RenderInline {RB} at (0,0) size 17x35
                  RenderText {#text} at (0,5) size 17x35
                    text run at (0,5) width 34: "\x{7AAE}\x{5C48}"
          RenderText {#text} at (146,41) size 17x280
            text run at (146,41) width 280: "\x{3060}\x{3002}\x{3068}\x{304B}\x{304F}\x{306B}\x{4EBA}\x{306E}\x{4E16}\x{306F}\x{4F4F}\x{307F}\x{306B}\x{304F}\x{3044}\x{3002}"
          RenderBR {BR} at (146,321) size 17x0
          RenderText {#text} at (172,0) size 17x119
            text run at (172,0) width 119: "\x{3000}\x{4F4F}\x{307F}\x{306B}\x{304F}\x{3055}\x{304C}"
          RenderRuby (inline) {RUBY} at (0,0) size 17x18
            RenderRubyRun (anonymous) at (172,119) size 17x18
              RenderRubyText {RT} at (-9,0) size 9x18
                RenderText {#text} at (0,0) size 9x18
                  text run at (0,0) width 18: "\x{3053}\x{3046}"
              RenderRubyBase (anonymous) at (0,0) size 17x18
                RenderInline {RB} at (0,0) size 17x18
                  RenderText {#text} at (0,0) size 17x18
                    text run at (0,0) width 17: "\x{9AD8}"
          RenderText {#text} at (172,137) size 43x477
            text run at (172,137) width 340: "\x{3058}\x{308B}\x{3068}\x{3001}\x{5B89}\x{3044}\x{6240}\x{3078}\x{5F15}\x{304D}\x{8D8A}\x{3057}\x{305F}\x{304F}\x{306A}\x{308B}\x{3002}\x{3069}\x{3053}\x{3078}"
            text run at (198,0) width 170: "\x{8D8A}\x{3057}\x{3066}\x{3082}\x{4F4F}\x{307F}\x{306B}\x{304F}\x{3044}\x{3068}"
          RenderRuby (inline) {RUBY} at (0,0) size 17x18
            RenderRubyRun (anonymous) at (198,170) size 17x18
              RenderRubyText {RT} at (-9,0) size 9x18
                RenderText {#text} at (0,0) size 9x18
                  text run at (0,0) width 18: "\x{3055}\x{3068}"
              RenderRubyBase (anonymous) at (0,0) size 17x18
                RenderInline {RB} at (0,0) size 17x18
                  RenderText {#text} at (0,0) size 17x18
                    text run at (0,0) width 17: "\x{609F}"
          RenderText {#text} at (198,188) size 17x170
            text run at (198,188) width 170: "\x{3063}\x{305F}\x{6642}\x{3001}\x{8A69}\x{304C}\x{751F}\x{308C}\x{3066}\x{3001}"
          RenderRuby (inline) {RUBY} at (0,0) size 17x17
            RenderRubyRun (anonymous) at (198,358) size 17x17
              RenderRubyText {RT} at (-9,0) size 9x17
                RenderText {#text} at (0,4) size 9x9
                  text run at (0,4) width 9: "\x{3048}"
              RenderRubyBase (anonymous) at (0,0) size 17x17
                RenderInline {RB} at (0,0) size 17x17
                  RenderText {#text} at (0,0) size 17x17
                    text run at (0,0) width 17: "\x{753B}"
          RenderText {#text} at (198,375) size 17x85
            text run at (198,375) width 85: "\x{304C}\x{51FA}\x{6765}\x{308B}\x{3002}"
          RenderBR {BR} at (198,460) size 17x0
          RenderText {#text} at (215,0) size 17x17
            text run at (215,0) width 17: "\x{3000}"
          RenderInline {STRONG} at (0,0) size 17x62
            RenderText {#text} at (215,17) size 17x62
              text run at (215,17) width 62: "\x{4EBA}\x{306E}\x{4E16}"
          RenderText {#text} at (215,79) size 43x478
            text run at (215,79) width 399: "\x{3092}\x{4F5C}\x{3063}\x{305F}\x{3082}\x{306E}\x{306F}\x{795E}\x{3067}\x{3082}\x{306A}\x{3051}\x{308C}\x{3070}\x{9B3C}\x{3067}\x{3082}\x{306A}\x{3044}\x{3002}\x{3084}\x{306F}\x{308A}"
            text run at (241,0) width 68: "\x{5411}\x{3046}\x{4E09}\x{8ED2}"
          RenderRuby (inline) {RUBY} at (0,0) size 17x37
            RenderRubyRun (anonymous) at (241,64) size 17x45
              RenderRubyText {RT} at (-9,0) size 9x45
                RenderText {#text} at (0,0) size 9x45
                  text run at (0,0) width 45: "\x{308A}\x{3087}\x{3046}\x{3069}\x{306A}"
              RenderRubyBase (anonymous) at (0,0) size 17x45
                RenderInline {RB} at (0,0) size 17x35
                  RenderText {#text} at (0,5) size 17x35
                    text run at (0,5) width 34: "\x{4E21}\x{96A3}"
          RenderText {#text} at (241,105) size 34x478
            text run at (241,105) width 373: "\x{308A}\x{306B}\x{3061}\x{3089}\x{3061}\x{3089}\x{3059}\x{308B}\x{305F}\x{3060}\x{306E}\x{4EBA}\x{3067}\x{3042}\x{308B}\x{3002}\x{305F}\x{3060}\x{306E}\x{4EBA}\x{304C}"
            text run at (258,0) width 51: "\x{4F5C}\x{3063}\x{305F}"
          RenderInline {STRONG} at (0,0) size 17x62
            RenderText {#text} at (258,51) size 17x62
              text run at (258,51) width 62: "\x{4EBA}\x{306E}\x{4E16}"
          RenderText {#text} at (258,113) size 34x487
            text run at (258,113) width 374: "\x{304C}\x{4F4F}\x{307F}\x{306B}\x{304F}\x{3044}\x{304B}\x{3089}\x{3068}\x{3066}\x{3001}\x{8D8A}\x{3059}\x{56FD}\x{306F}\x{3042}\x{308B}\x{307E}\x{3044}\x{3002}\x{3042}\x{308C}"
            text run at (275,0) width 17: "\x{3070}"
          RenderInline {STRONG} at (0,0) size 17x72
            RenderText {#text} at (275,17) size 17x72
              text run at (275,17) width 72: "\x{4EBA}\x{3067}\x{306A}\x{3057}"
          RenderText {#text} at (275,89) size 17x178
            text run at (275,89) width 178: "\x{306E}\x{56FD}\x{3078}\x{884C}\x{304F}\x{3070}\x{304B}\x{308A}\x{3060}\x{3002}"
          RenderInline {STRONG} at (0,0) size 17x72
            RenderText {#text} at (275,267) size 17x72
              text run at (275,267) width 72: "\x{4EBA}\x{3067}\x{306A}\x{3057}"
          RenderText {#text} at (275,339) size 17x59
            text run at (275,339) width 59: "\x{306E}\x{56FD}\x{306F}"
          RenderInline {STRONG} at (0,0) size 17x62
            RenderText {#text} at (275,398) size 17x62
              text run at (275,398) width 62: "\x{4EBA}\x{306E}\x{4E16}"
          RenderText {#text} at (275,460) size 34x477
            text run at (275,460) width 17: "\x{3088}"
            text run at (292,0) width 204: "\x{308A}\x{3082}\x{306A}\x{304A}\x{4F4F}\x{307F}\x{306B}\x{304F}\x{304B}\x{308D}\x{3046}\x{3002}"
          RenderBR {BR} at (292,204) size 17x0
          RenderText {#text} at (309,0) size 43x484
            text run at (309,0) width 484: "\x{3000}\x{8D8A}\x{3059}\x{4E8B}\x{306E}\x{306A}\x{3089}\x{306C}\x{4E16}\x{304C}\x{4F4F}\x{307F}\x{306B}\x{304F}\x{3051}\x{308C}\x{3070}\x{3001}\x{4F4F}\x{307F}\x{306B}\x{304F}\x{3044}\x{6240}\x{3092}\x{3069}\x{308C}\x{307B}"
            text run at (335,0) width 51: "\x{3069}\x{304B}\x{3001}"
          RenderRuby (inline) {RUBY} at (0,0) size 17x34
            RenderRubyRun (anonymous) at (335,50) size 17x36
              RenderRubyText {RT} at (-9,0) size 9x36
                RenderText {#text} at (0,0) size 9x36
                  text run at (0,0) width 36: "\x{304F}\x{3064}\x{308D}\x{3052}"
              RenderRubyBase (anonymous) at (0,0) size 17x36
                RenderInline {RB} at (0,0) size 17x34
                  RenderText {#text} at (0,1) size 17x34
                    text run at (0,1) width 34: "\x{5BDB}\x{5BB9}"
          RenderText {#text} at (335,85) size 17x34
            text run at (335,85) width 34: "\x{3066}\x{3001}"
          RenderRuby (inline) {RUBY} at (0,0) size 17x18
            RenderRubyRun (anonymous) at (335,119) size 17x18
              RenderRubyText {RT} at (-9,0) size 9x18
                RenderText {#text} at (0,0) size 9x18
                  text run at (0,0) width 18: "\x{3064}\x{304B}"
              RenderRubyBase (anonymous) at (0,0) size 17x18
                RenderInline {RB} at (0,0) size 17x18
                  RenderText {#text} at (0,0) size 17x18
                    text run at (0,0) width 17: "\x{675F}"
          RenderText {#text} at (335,137) size 17x25
            text run at (335,137) width 25: "\x{306E}"
          RenderRuby (inline) {RUBY} at (0,0) size 17x17
            RenderRubyRun (anonymous) at (335,162) size 17x17
              RenderRubyText {RT} at (-9,0) size 9x17
                RenderText {#text} at (0,4) size 9x9
                  text run at (0,4) width 9: "\x{307E}"
              RenderRubyBase (anonymous) at (0,0) size 17x17
                RenderInline {RB} at (0,0) size 17x17
                  RenderText {#text} at (0,0) size 17x17
                    text run at (0,0) width 17: "\x{9593}"
          RenderText {#text} at (335,179) size 60x484
            text run at (335,179) width 305: "\x{306E}\x{547D}\x{3092}\x{3001}\x{675F}\x{306E}\x{9593}\x{3067}\x{3082}\x{4F4F}\x{307F}\x{3088}\x{304F}\x{305B}\x{306D}\x{3070}\x{306A}"
            text run at (352,0) width 476: "\x{3089}\x{306C}\x{3002}\x{3053}\x{3053}\x{306B}\x{8A69}\x{4EBA}\x{3068}\x{3044}\x{3046}\x{5929}\x{8077}\x{304C}\x{51FA}\x{6765}\x{3066}\x{3001}\x{3053}\x{3053}\x{306B}\x{753B}\x{5BB6}\x{3068}\x{3044}\x{3046}\x{4F7F}\x{547D}"
            text run at (378,0) width 17: "\x{304C}"
          RenderRuby (inline) {RUBY} at (0,0) size 17x18
            RenderRubyRun (anonymous) at (378,17) size 17x18
              RenderRubyText {RT} at (-9,0) size 9x18
                RenderText {#text} at (0,0) size 9x18
                  text run at (0,0) width 18: "\x{304F}\x{3060}"
              RenderRubyBase (anonymous) at (0,0) size 17x18
                RenderInline {RB} at (0,0) size 17x18
                  RenderText {#text} at (0,0) size 17x18
                    text run at (0,0) width 17: "\x{964D}"
          RenderText {#text} at (378,35) size 17x271
            text run at (378,35) width 271: "\x{308B}\x{3002}\x{3042}\x{3089}\x{3086}\x{308B}\x{82B8}\x{8853}\x{306E}\x{58EB}\x{306F}\x{4EBA}\x{306E}\x{4E16}\x{3092}"
          RenderRuby (inline) {RUBY} at (0,0) size 17x34
            RenderRubyRun (anonymous) at (378,306) size 17x34
              RenderRubyText {RT} at (-9,0) size 9x34
                RenderText {#text} at (0,1) size 9x32
                  text run at (0,1) width 31: "\x{306E}\x{3069}\x{304B}"
              RenderRubyBase (anonymous) at (0,0) size 17x34
                RenderInline {RB} at (0,0) size 17x34
                  RenderText {#text} at (0,0) size 17x34
                    text run at (0,0) width 34: "\x{9577}\x{9591}"
          RenderText {#text} at (378,340) size 43x484
            text run at (378,340) width 144: "\x{306B}\x{3057}\x{3001}\x{4EBA}\x{306E}\x{5FC3}\x{3092}\x{8C4A}"
            text run at (404,0) width 85: "\x{304B}\x{306B}\x{3059}\x{308B}\x{304C}"
          RenderRuby (inline) {RUBY} at (0,0) size 17x18
            RenderRubyRun (anonymous) at (404,85) size 17x18
              RenderRubyText {RT} at (-9,0) size 9x18
                RenderText {#text} at (0,0) size 9x18
                  text run at (0,0) width 18: "\x{3086}\x{3048}"
              RenderRubyBase (anonymous) at (0,0) size 17x18
                RenderInline {RB} at (0,0) size 17x18
                  RenderText {#text} at (0,0) size 17x18
                    text run at (0,0) width 17: "\x{6545}"
          RenderText {#text} at (404,103) size 17x17
            text run at (404,103) width 17: "\x{306B}"
          RenderRuby (inline) {RUBY} at (0,0) size 17x18
            RenderRubyRun (anonymous) at (404,120) size 17x18
              RenderRubyText {RT} at (-9,0) size 9x18
                RenderText {#text} at (0,0) size 9x18
                  text run at (0,0) width 18: "\x{305F}\x{3063}"
              RenderRubyBase (anonymous) at (0,0) size 17x18
                RenderInline {RB} at (0,0) size 17x18
                  RenderText {#text} at (0,0) size 17x18
                    text run at (0,0) width 17: "\x{5C0A}"
          RenderText {#text} at (404,138) size 17x51
            text run at (404,138) width 51: "\x{3068}\x{3044}\x{3002}"
          RenderBR {BR} at (404,189) size 17x0
          RenderText {#text} at (430,0) size 17x255
            text run at (430,0) width 255: "\x{3000}\x{4F4F}\x{307F}\x{306B}\x{304F}\x{304D}\x{4E16}\x{304B}\x{3089}\x{3001}\x{4F4F}\x{307F}\x{306B}\x{304F}\x{304D}"
          RenderRuby (inline) {RUBY} at (0,0) size 17x19
            RenderRubyRun (anonymous) at (430,251) size 17x27
              RenderRubyText {RT} at (-9,0) size 9x27
                RenderText {#text} at (0,0) size 9x27
                  text run at (0,0) width 27: "\x{308F}\x{305A}\x{3089}"
              RenderRubyBase (anonymous) at (0,0) size 17x27
                RenderInline {RB} at (0,0) size 17x17
                  RenderText {#text} at (0,5) size 17x17
                    text run at (0,5) width 17: "\x{7169}"
          RenderText {#text} at (430,274) size 43x478
            text run at (430,274) width 204: "\x{3044}\x{3092}\x{5F15}\x{304D}\x{629C}\x{3044}\x{3066}\x{3001}\x{3042}\x{308A}\x{304C}\x{305F}"
            text run at (456,0) width 339: "\x{3044}\x{4E16}\x{754C}\x{3092}\x{307E}\x{306E}\x{3042}\x{305F}\x{308A}\x{306B}\x{5199}\x{3059}\x{306E}\x{304C}\x{8A69}\x{3067}\x{3042}\x{308B}\x{3001}"
          RenderRuby (inline) {RUBY} at (0,0) size 17x17
            RenderRubyRun (anonymous) at (456,339) size 17x17
              RenderRubyText {RT} at (-9,0) size 9x17
                RenderText {#text} at (0,4) size 9x9
                  text run at (0,4) width 9: "\x{3048}"
              RenderRubyBase (anonymous) at (0,0) size 17x17
                RenderInline {RB} at (0,0) size 17x17
                  RenderText {#text} at (0,0) size 17x17
                    text run at (0,0) width 17: "\x{753B}"
          RenderText {#text} at (456,356) size 43x475
            text run at (456,356) width 119: "\x{3067}\x{3042}\x{308B}\x{3002}\x{3042}\x{308B}\x{306F}"
            text run at (482,0) width 221: "\x{97F3}\x{697D}\x{3068}\x{5F6B}\x{523B}\x{3067}\x{3042}\x{308B}\x{3002}\x{3053}\x{307E}\x{304B}\x{306B}"
          RenderRuby (inline) {RUBY} at (0,0) size 17x17
            RenderRubyRun (anonymous) at (482,221) size 17x17
              RenderRubyText {RT} at (-9,0) size 9x17
                RenderText {#text} at (0,4) size 9x9
                  text run at (0,4) width 9: "\x{3044}"
              RenderRubyBase (anonymous) at (0,0) size 17x17
                RenderInline {RB} at (0,0) size 17x17
                  RenderText {#text} at (0,0) size 17x17
                    text run at (0,0) width 17: "\x{4E91}"
          RenderText {#text} at (482,238) size 43x476
            text run at (482,238) width 238: "\x{3048}\x{3070}\x{5199}\x{3055}\x{306A}\x{3044}\x{3067}\x{3082}\x{3088}\x{3044}\x{3002}\x{305F}\x{3060}\x{307E}"
            text run at (508,0) width 331: "\x{306E}\x{3042}\x{305F}\x{308A}\x{306B}\x{898B}\x{308C}\x{3070}\x{3001}\x{305D}\x{3053}\x{306B}\x{8A69}\x{3082}\x{751F}\x{304D}\x{3001}\x{6B4C}\x{3082}"
          RenderRuby (inline) {RUBY} at (0,0) size 17x17
            RenderRubyRun (anonymous) at (508,331) size 17x17
              RenderRubyText {RT} at (-9,0) size 9x17
                RenderText {#text} at (0,4) size 9x9
                  text run at (0,4) width 9: "\x{308F}"
              RenderRubyBase (anonymous) at (0,0) size 17x17
                RenderInline {RB} at (0,0) size 17x17
                  RenderText {#text} at (0,0) size 17x17
                    text run at (0,0) width 17: "\x{6E67}"
          RenderText {#text} at (508,348) size 43x484
            text run at (508,348) width 136: "\x{304F}\x{3002}\x{7740}\x{60F3}\x{3092}\x{7D19}\x{306B}\x{843D}"
            text run at (534,0) width 68: "\x{3055}\x{306C}\x{3068}\x{3082}"
          RenderRuby (inline) {RUBY} at (0,0) size 17x37
            RenderRubyRun (anonymous) at (534,64) size 17x45
              RenderRubyText {RT} at (-9,0) size 9x45
                RenderText {#text} at (0,0) size 9x45
                  text run at (0,0) width 45: "\x{304D}\x{3085}\x{3046}\x{305D}\x{3046}"
              RenderRubyBase (anonymous) at (0,0) size 17x45
                RenderInline {RB} at (0,0) size 17x35
                  RenderText {#text} at (0,5) size 17x18
                    text run at (0,5) width 17: "\x{7486}"
                  RenderText {#text} at (0,22) size 17x18
                    text run at (0,22) width 17: "\x{93D8}"
          RenderText {#text} at (534,105) size 17x25
            text run at (534,105) width 25: "\x{306E}"
          RenderRuby (inline) {RUBY} at (0,0) size 17x18
            RenderRubyRun (anonymous) at (534,130) size 17x18
              RenderRubyText {RT} at (-9,0) size 9x18
                RenderText {#text} at (0,0) size 9x18
                  text run at (0,0) width 18: "\x{304A}\x{3093}"
              RenderRubyBase (anonymous) at (0,0) size 17x18
                RenderInline {RB} at (0,0) size 17x18
                  RenderText {#text} at (0,0) size 17x18
                    text run at (0,0) width 17: "\x{97F3}"
          RenderText {#text} at (534,148) size 17x17
            text run at (534,148) width 17: "\x{306F}"
          RenderRuby (inline) {RUBY} at (0,0) size 17x34
            RenderRubyRun (anonymous) at (534,164) size 17x36
              RenderRubyText {RT} at (-9,0) size 9x36
                RenderText {#text} at (0,0) size 9x36
                  text run at (0,0) width 36: "\x{304D}\x{3087}\x{3046}\x{308A}"
              RenderRubyBase (anonymous) at (0,0) size 17x36
                RenderInline {RB} at (0,0) size 17x34
                  RenderText {#text} at (0,1) size 17x34
                    text run at (0,1) width 34: "\x{80F8}\x{88CF}"
          RenderText {#text} at (534,199) size 17x17
            text run at (534,199) width 17: "\x{306B}"
          RenderRuby (inline) {RUBY} at (0,0) size 17x18
            RenderRubyRun (anonymous) at (534,216) size 17x18
              RenderRubyText {RT} at (-9,0) size 9x18
                RenderText {#text} at (0,0) size 9x18
                  text run at (0,0) width 18: "\x{304A}\x{3053}"
              RenderRubyBase (anonymous) at (0,0) size 17x18
                RenderInline {RB} at (0,0) size 17x18
                  RenderText {#text} at (0,0) size 17x18
                    text run at (0,0) width 17: "\x{8D77}"
          RenderText {#text} at (534,234) size 17x34
            text run at (534,234) width 34: "\x{308B}\x{3002}"
          RenderRuby (inline) {RUBY} at (0,0) size 17x34
            RenderRubyRun (anonymous) at (534,267) size 17x36
              RenderRubyText {RT} at (-9,0) size 9x36
                RenderText {#text} at (0,0) size 9x36
                  text run at (0,0) width 36: "\x{305F}\x{3093}\x{305B}\x{3044}"
              RenderRubyBase (anonymous) at (0,0) size 17x36
                RenderInline {RB} at (0,0) size 17x34
                  RenderText {#text} at (0,1) size 17x34
                    text run at (0,1) width 34: "\x{4E39}\x{9752}"
          RenderText {#text} at (534,302) size 17x17
            text run at (534,302) width 17: "\x{306F}"
          RenderRuby (inline) {RUBY} at (0,0) size 17x34
            RenderRubyRun (anonymous) at (534,319) size 17x34
              RenderRubyText {RT} at (-9,0) size 9x34
                RenderText {#text} at (0,8) size 9x18
                  text run at (0,8) width 18: "\x{304C}\x{304B}"
              RenderRubyBase (anonymous) at (0,0) size 17x34
                RenderInline {RB} at (0,0) size 17x34
                  RenderText {#text} at (0,0) size 17x34
                    text run at (0,0) width 34: "\x{753B}\x{67B6}"
          RenderText {#text} at (534,353) size 17x68
            text run at (534,353) width 68: "\x{306B}\x{5411}\x{3063}\x{3066}"
          RenderRuby (inline) {RUBY} at (0,0) size 17x34
            RenderRubyRun (anonymous) at (534,421) size 17x34
              RenderRubyText {RT} at (-9,0) size 9x34
                RenderText {#text} at (0,3) size 9x28
                  text run at (0,3) width 27: "\x{3068}\x{307E}\x{3064}"
              RenderRubyBase (anonymous) at (0,0) size 17x34
                RenderInline {RB} at (0,0) size 17x34
                  RenderText {#text} at (0,0) size 17x34
                    text run at (0,0) width 34: "\x{5857}\x{62B9}"
          RenderText {#text} at (534,455) size 43x489
            text run at (534,455) width 34: "\x{305B}\x{3093}"
            text run at (560,0) width 34: "\x{3067}\x{3082}"
          RenderRuby (inline) {RUBY} at (0,0) size 17x34
            RenderRubyRun (anonymous) at (560,34) size 17x34
              RenderRubyText {RT} at (-9,0) size 9x34
                RenderText {#text} at (0,3) size 9x28
                  text run at (0,3) width 27: "\x{3054}\x{3055}\x{3044}"
              RenderRubyBase (anonymous) at (0,0) size 17x34
                RenderInline {RB} at (0,0) size 17x34
                  RenderText {#text} at (0,0) size 17x34
                    text run at (0,0) width 34: "\x{4E94}\x{5F69}"
          RenderText {#text} at (560,68) size 17x25
            text run at (560,68) width 25: "\x{306E}"
          RenderRuby (inline) {RUBY} at (0,0) size 17x34
            RenderRubyRun (anonymous) at (560,92) size 17x36
              RenderRubyText {RT} at (-9,0) size 9x36
                RenderText {#text} at (0,0) size 9x36
                  text run at (0,0) width 36: "\x{3051}\x{3093}\x{3089}\x{3093}"
              RenderRubyBase (anonymous) at (0,0) size 17x36
                RenderInline {RB} at (0,0) size 17x34
                  RenderText {#text} at (0,1) size 17x34
                    text run at (0,1) width 34: "\x{7D62}\x{721B}"
          RenderText {#text} at (560,127) size 17x17
            text run at (560,127) width 17: "\x{306F}"
          RenderRuby (inline) {RUBY} at (0,0) size 17x23
            RenderRubyRun (anonymous) at (560,140) size 17x31
              RenderRubyText {RT} at (-9,0) size 9x31
                RenderText {#text} at (0,0) size 9x31
                  text run at (0,0) width 31: "\x{304A}\x{306E}\x{305A}"
              RenderRubyBase (anonymous) at (0,0) size 17x31
                RenderInline {RB} at (0,0) size 17x17
                  RenderText {#text} at (0,7) size 17x17
                    text run at (0,7) width 17: "\x{81EA}"
          RenderText {#text} at (560,167) size 17x34
            text run at (560,167) width 34: "\x{304B}\x{3089}"
          RenderRuby (inline) {RUBY} at (0,0) size 17x34
            RenderRubyRun (anonymous) at (560,200) size 17x36
              RenderRubyText {RT} at (-9,0) size 9x36
                RenderText {#text} at (0,0) size 9x36
                  text run at (0,0) width 36: "\x{3057}\x{3093}\x{304C}\x{3093}"
              RenderRubyBase (anonymous) at (0,0) size 17x36
                RenderInline {RB} at (0,0) size 17x34
                  RenderText {#text} at (0,1) size 17x34
                    text run at (0,1) width 34: "\x{5FC3}\x{773C}"
          RenderText {#text} at (560,235) size 43x481
            text run at (560,235) width 246: "\x{306B}\x{6620}\x{308B}\x{3002}\x{305F}\x{3060}\x{304A}\x{306E}\x{304C}\x{4F4F}\x{3080}\x{4E16}\x{3092}\x{3001}"
            text run at (586,0) width 34: "\x{304B}\x{304F}"
          RenderRuby (inline) {RUBY} at (0,0) size 17x18
            RenderRubyRun (anonymous) at (586,34) size 17x18
              RenderRubyText {RT} at (-9,0) size 9x18
                RenderText {#text} at (0,0) size 9x18
                  text run at (0,0) width 18: "\x{304B}\x{3093}"
              RenderRubyBase (anonymous) at (0,0) size 17x18
                RenderInline {RB} at (0,0) size 17x18
                  RenderText {#text} at (0,0) size 17x18
                    text run at (0,0) width 17: "\x{89B3}"
          RenderText {#text} at (586,52) size 17x68
            text run at (586,52) width 68: "\x{3058}\x{5F97}\x{3066}\x{3001}"
          RenderRuby (inline) {RUBY} at (0,0) size 17x68
            RenderRubyRun (anonymous) at (586,118) size 17x72
              RenderRubyText {RT} at (-9,0) size 9x72
                RenderText {#text} at (0,0) size 9x72
                  text run at (0,0) width 72: "\x{308C}\x{3044}\x{3060}\x{3044}\x{307B}\x{3046}\x{3059}\x{3093}"
              RenderRubyBase (anonymous) at (0,0) size 17x72
                RenderInline {RB} at (0,0) size 17x68
                  RenderText {#text} at (0,2) size 17x68
                    text run at (0,2) width 68: "\x{970A}\x{53F0}\x{65B9}\x{5BF8}"
          RenderText {#text} at (586,188) size 17x93
            text run at (586,188) width 93: "\x{306E}\x{30AB}\x{30E1}\x{30E9}\x{306B}"
          RenderRuby (inline) {RUBY} at (0,0) size 17x68
            RenderRubyRun (anonymous) at (586,279) size 17x72
              RenderRubyText {RT} at (-9,0) size 9x72
                RenderText {#text} at (0,0) size 9x72
                  text run at (0,0) width 72: "\x{304E}\x{3087}\x{3046}\x{304D}\x{3053}\x{3093}\x{3060}\x{304F}"
              RenderRubyBase (anonymous) at (0,0) size 17x72
                RenderInline {RB} at (0,0) size 17x68
                  RenderText {#text} at (0,2) size 17x68
                    text run at (0,2) width 68: "\x{6F86}\x{5B63}\x{6EB7}\x{6FC1}"
          RenderText {#text} at (586,349) size 43x476
            text run at (586,349) width 127: "\x{306E}\x{4FD7}\x{754C}\x{3092}\x{6E05}\x{304F}\x{3046}"
            text run at (612,0) width 102: "\x{3089}\x{3089}\x{304B}\x{306B}\x{53CE}\x{3081}"
          RenderRuby (inline) {RUBY} at (0,0) size 17x17
            RenderRubyRun (anonymous) at (612,102) size 17x17
              RenderRubyText {RT} at (-9,0) size 9x17
                RenderText {#text} at (0,4) size 9x9
                  text run at (0,4) width 9: "\x{3046}"
              RenderRubyBase (anonymous) at (0,0) size 17x17
                RenderInline {RB} at (0,0) size 17x17
                  RenderText {#text} at (0,0) size 17x17
                    text run at (0,0) width 17: "\x{5F97}"
          RenderText {#text} at (612,119) size 17x34
            text run at (612,119) width 34: "\x{308C}\x{3070}"
          RenderRuby (inline) {RUBY} at (0,0) size 17x17
            RenderRubyRun (anonymous) at (612,153) size 17x17
              RenderRubyText {RT} at (-9,0) size 9x17
                RenderText {#text} at (0,4) size 9x9
                  text run at (0,4) width 9: "\x{305F}"
              RenderRubyBase (anonymous) at (0,0) size 17x17
                RenderInline {RB} at (0,0) size 17x17
                  RenderText {#text} at (0,0) size 17x17
                    text run at (0,0) width 17: "\x{8DB3}"
          RenderText {#text} at (612,170) size 17x110
            text run at (612,170) width 110: "\x{308B}\x{3002}\x{3053}\x{306E}\x{6545}\x{306B}"
          RenderRuby (inline) {RUBY} at (0,0) size 17x34
            RenderRubyRun (anonymous) at (612,280) size 17x34
              RenderRubyText {RT} at (-9,0) size 9x34
                RenderText {#text} at (0,3) size 9x28
                  text run at (0,3) width 27: "\x{3080}\x{305B}\x{3044}"
              RenderRubyBase (anonymous) at (0,0) size 17x34
                RenderInline {RB} at (0,0) size 17x34
                  RenderText {#text} at (0,0) size 17x34
                    text run at (0,0) width 34: "\x{7121}\x{58F0}"
          RenderText {#text} at (612,314) size 43x458
            text run at (612,314) width 144: "\x{306E}\x{8A69}\x{4EBA}\x{306B}\x{306F}\x{4E00}\x{53E5}\x{306A}"
            text run at (638,0) width 34: "\x{304F}\x{3001}"
          RenderRuby (inline) {RUBY} at (0,0) size 17x34
            RenderRubyRun (anonymous) at (638,33) size 17x36
              RenderRubyText {RT} at (-9,0) size 9x36
                RenderText {#text} at (0,0) size 9x36
                  text run at (0,0) width 36: "\x{3080}\x{3057}\x{3087}\x{304F}"
              RenderRubyBase (anonymous) at (0,0) size 17x36
                RenderInline {RB} at (0,0) size 17x34
                  RenderText {#text} at (0,1) size 17x34
                    text run at (0,1) width 34: "\x{7121}\x{8272}"
          RenderText {#text} at (638,68) size 17x93
            text run at (638,68) width 93: "\x{306E}\x{753B}\x{5BB6}\x{306B}\x{306F}"
          RenderRuby (inline) {RUBY} at (0,0) size 17x34
            RenderRubyRun (anonymous) at (638,160) size 17x36
              RenderRubyText {RT} at (-9,0) size 9x36
                RenderText {#text} at (0,0) size 9x36
                  text run at (0,0) width 36: "\x{305B}\x{3063}\x{3051}\x{3093}"
              RenderRubyBase (anonymous) at (0,0) size 17x36
                RenderInline {RB} at (0,0) size 17x34
                  RenderText {#text} at (0,1) size 17x34
                    text run at (0,1) width 34: "\x{5C3A}\x{7E11}"
          RenderText {#text} at (638,195) size 17x102
            text run at (638,195) width 102: "\x{306A}\x{304D}\x{3082}\x{3001}\x{304B}\x{304F}"
          RenderRuby (inline) {RUBY} at (0,0) size 17x34
            RenderRubyRun (anonymous) at (638,296) size 17x36
              RenderRubyText {RT} at (-9,0) size 9x36
                RenderText {#text} at (0,0) size 9x36
                  text run at (0,0) width 36: "\x{3058}\x{3093}\x{305B}\x{3044}"
              RenderRubyBase (anonymous) at (0,0) size 17x36
                RenderInline {RB} at (0,0) size 17x34
                  RenderText {#text} at (0,1) size 17x34
                    text run at (0,1) width 34: "\x{4EBA}\x{4E16}"
          RenderText {#text} at (638,331) size 43x475
            text run at (638,331) width 144: "\x{3092}\x{89B3}\x{3058}\x{5F97}\x{308B}\x{306E}\x{70B9}\x{306B}"
            text run at (664,0) width 102: "\x{304A}\x{3044}\x{3066}\x{3001}\x{304B}\x{304F}"
          RenderRuby (inline) {RUBY} at (0,0) size 17x34
            RenderRubyRun (anonymous) at (664,99) size 17x40
              RenderRubyText {RT} at (-9,0) size 9x40
                RenderText {#text} at (0,0) size 9x40
                  text run at (0,0) width 40: "\x{307C}\x{3093}\x{306E}\x{3046}"
              RenderRubyBase (anonymous) at (0,0) size 17x40
                RenderInline {RB} at (0,0) size 17x34
                  RenderText {#text} at (0,3) size 17x34
                    text run at (0,3) width 34: "\x{7169}\x{60A9}"
          RenderText {#text} at (664,136) size 17x17
            text run at (664,136) width 17: "\x{3092}"
          RenderRuby (inline) {RUBY} at (0,0) size 17x34
            RenderRubyRun (anonymous) at (664,153) size 17x34
              RenderRubyText {RT} at (-9,0) size 9x34
                RenderText {#text} at (0,3) size 9x28
                  text run at (0,3) width 27: "\x{3052}\x{3060}\x{3064}"
              RenderRubyBase (anonymous) at (0,0) size 17x34
                RenderInline {RB} at (0,0) size 17x34
                  RenderText {#text} at (0,0) size 17x34
                    text run at (0,0) width 34: "\x{89E3}\x{8131}"
          RenderText {#text} at (664,187) size 17x195
            text run at (664,187) width 195: "\x{3059}\x{308B}\x{306E}\x{70B9}\x{306B}\x{304A}\x{3044}\x{3066}\x{3001}\x{304B}\x{304F}"
          RenderRuby (inline) {RUBY} at (0,0) size 17x64
            RenderRubyRun (anonymous) at (664,378) size 17x72
              RenderRubyText {RT} at (-9,0) size 9x72
                RenderText {#text} at (0,0) size 9x72
                  text run at (0,0) width 72: "\x{3057}\x{3087}\x{3046}\x{3058}\x{3087}\x{3046}\x{304B}\x{3044}"
              RenderRubyBase (anonymous) at (0,0) size 17x72
                RenderInline {RB} at (0,0) size 17x52
                  RenderText {#text} at (0,10) size 17x52
                    text run at (0,10) width 51: "\x{6E05}\x{6D44}\x{754C}"
          RenderText {#text} at (664,446) size 17x17
            text run at (664,446) width 17: "\x{306B}"
          RenderRuby (inline) {RUBY} at (0,0) size 17x50
            RenderRubyRun (anonymous) at (690,0) size 17x54
              RenderRubyText {RT} at (-9,0) size 9x54
                RenderText {#text} at (0,0) size 9x54
                  text run at (0,0) width 54: "\x{3057}\x{3085}\x{3064}\x{306B}\x{3085}\x{3046}"
              RenderRubyBase (anonymous) at (0,0) size 17x54
                RenderInline {RB} at (0,0) size 17x34
                  RenderText {#text} at (0,10) size 17x34
                    text run at (0,10) width 34: "\x{51FA}\x{5165}"
          RenderText {#text} at (690,50) size 17x254
            text run at (690,50) width 254: "\x{3057}\x{5F97}\x{308B}\x{306E}\x{70B9}\x{306B}\x{304A}\x{3044}\x{3066}\x{3001}\x{307E}\x{305F}\x{3053}\x{306E}"
          RenderRuby (inline) {RUBY} at (0,0) size 17x68
            RenderRubyRun (anonymous) at (690,304) size 17x68
              RenderRubyText {RT} at (-9,0) size 9x68
                RenderText {#text} at (0,11) size 9x46
                  text run at (0,11) width 45: "\x{3075}\x{3069}\x{3046}\x{3075}\x{3058}"
              RenderRubyBase (anonymous) at (0,0) size 17x68
                RenderInline {RB} at (0,0) size 17x68
                  RenderText {#text} at (0,0) size 17x68
                    text run at (0,0) width 68: "\x{4E0D}\x{540C}\x{4E0D}\x{4E8C}"
          RenderText {#text} at (690,372) size 17x25
            text run at (690,372) width 25: "\x{306E}"
          RenderRuby (inline) {RUBY} at (0,0) size 17x34
            RenderRubyRun (anonymous) at (690,396) size 17x36
              RenderRubyText {RT} at (-9,0) size 9x36
                RenderText {#text} at (0,0) size 9x36
                  text run at (0,0) width 36: "\x{3051}\x{3093}\x{3053}\x{3093}"
              RenderRubyBase (anonymous) at (0,0) size 17x36
                RenderInline {RB} at (0,0) size 17x34
                  RenderText {#text} at (0,1) size 17x34
                    text run at (0,1) width 34: "\x{4E7E}\x{5764}"
          RenderText {#text} at (690,431) size 17x17
            text run at (690,431) width 17: "\x{3092}"
          RenderRuby (inline) {RUBY} at (0,0) size 17x41
            RenderRubyRun (anonymous) at (690,444) size 17x45
              RenderRubyText {RT} at (-9,0) size 9x45
                RenderText {#text} at (0,0) size 9x45
                  text run at (0,0) width 45: "\x{3053}\x{3093}\x{308A}\x{3085}\x{3046}"
              RenderRubyBase (anonymous) at (0,0) size 17x45
                RenderInline {RB} at (0,0) size 17x35
                  RenderText {#text} at (0,5) size 17x35
                    text run at (0,5) width 34: "\x{5EFA}\x{7ACB}"
          RenderText {#text} at (716,0) size 17x178
            text run at (716,0) width 178: "\x{3057}\x{5F97}\x{308B}\x{306E}\x{70B9}\x{306B}\x{304A}\x{3044}\x{3066}\x{3001}"
          RenderRuby (inline) {RUBY} at (0,0) size 17x68
            RenderRubyRun (anonymous) at (716,178) size 17x68
              RenderRubyText {RT} at (-9,0) size 9x68
                RenderText {#text} at (0,11) size 9x46
                  text run at (0,11) width 45: "\x{304C}\x{308A}\x{3057}\x{3088}\x{304F}"
              RenderRubyBase (anonymous) at (0,0) size 17x68
                RenderInline {RB} at (0,0) size 17x68
                  RenderText {#text} at (0,0) size 17x68
                    text run at (0,0) width 68: "\x{6211}\x{5229}\x{79C1}\x{617E}"
          RenderText {#text} at (716,246) size 17x25
            text run at (716,246) width 25: "\x{306E}"
          RenderRuby (inline) {RUBY} at (0,0) size 17x34
            RenderRubyRun (anonymous) at (716,271) size 17x34
              RenderRubyText {RT} at (-9,0) size 9x34
                RenderText {#text} at (0,3) size 9x28
                  text run at (0,3) width 27: "\x{304D}\x{306F}\x{3093}"
              RenderRubyBase (anonymous) at (0,0) size 17x34
                RenderInline {RB} at (0,0) size 17x34
                  RenderText {#text} at (0,0) size 17x34
                    text run at (0,0) width 34: "\x{898A}\x{7D46}"
          RenderText {#text} at (716,305) size 17x17
            text run at (716,305) width 17: "\x{3092}"
          RenderRuby (inline) {RUBY} at (0,0) size 17x34
            RenderRubyRun (anonymous) at (716,321) size 17x36
              RenderRubyText {RT} at (-9,0) size 9x36
                RenderText {#text} at (0,0) size 9x36
                  text run at (0,0) width 36: "\x{305D}\x{3046}\x{3068}\x{3046}"
              RenderRubyBase (anonymous) at (0,0) size 17x36
                RenderInline {RB} at (0,0) size 17x34
                  RenderText {#text} at (0,1) size 17x34
                    text run at (0,1) width 34: "\x{6383}\x{8569}"
          RenderText {#text} at (716,356) size 43x483
            text run at (716,356) width 127: "\x{3059}\x{308B}\x{306E}\x{70B9}\x{306B}\x{304A}\x{3044}"
            text run at (742,0) width 66: "\x{3066}\x{3001}\x{2015}\x{2015}"
          RenderRuby (inline) {RUBY} at (0,0) size 17x34
            RenderRubyRun (anonymous) at (742,65) size 17x36
              RenderRubyText {RT} at (-9,0) size 9x36
                RenderText {#text} at (0,0) size 9x36
                  text run at (0,0) width 36: "\x{305B}\x{3093}\x{304D}\x{3093}"
              RenderRubyBase (anonymous) at (0,0) size 17x36
                RenderInline {RB} at (0,0) size 17x34
                  RenderText {#text} at (0,1) size 17x34
                    text run at (0,1) width 34: "\x{5343}\x{91D1}"
          RenderText {#text} at (742,100) size 17x110
            text run at (742,100) width 110: "\x{306E}\x{5B50}\x{3088}\x{308A}\x{3082}\x{3001}"
          RenderRuby (inline) {RUBY} at (0,0) size 17x37
            RenderRubyRun (anonymous) at (742,206) size 17x45
              RenderRubyText {RT} at (-9,0) size 9x45
                RenderText {#text} at (0,0) size 9x45
                  text run at (0,0) width 45: "\x{3070}\x{3093}\x{3058}\x{3087}\x{3046}"
              RenderRubyBase (anonymous) at (0,0) size 17x45
                RenderInline {RB} at (0,0) size 17x35
                  RenderText {#text} at (0,5) size 17x35
                    text run at (0,5) width 34: "\x{4E07}\x{4E57}"
          RenderText {#text} at (742,247) size 17x237
            text run at (742,247) width 237: "\x{306E}\x{541B}\x{3088}\x{308A}\x{3082}\x{3001}\x{3042}\x{3089}\x{3086}\x{308B}\x{4FD7}\x{754C}\x{306E}"
          RenderRuby (inline) {RUBY} at (0,0) size 17x35
            RenderRubyRun (anonymous) at (768,0) size 17x36
              RenderRubyText {RT} at (-9,0) size 9x36
                RenderText {#text} at (0,0) size 9x36
                  text run at (0,0) width 36: "\x{3061}\x{3087}\x{3046}\x{3058}"
              RenderRubyBase (anonymous) at (0,0) size 17x36
                RenderInline {RB} at (0,0) size 17x34
                  RenderText {#text} at (0,1) size 17x34
                    text run at (0,1) width 34: "\x{5BF5}\x{5150}"
          RenderText {#text} at (768,35) size 17x153
            text run at (768,35) width 153: "\x{3088}\x{308A}\x{3082}\x{5E78}\x{798F}\x{3067}\x{3042}\x{308B}\x{3002}"
          RenderBR {BR} at (768,188) size 17x0
          RenderText {#text} at (794,0) size 17x289
            text run at (794,0) width 289: "\x{3000}\x{4E16}\x{306B}\x{4F4F}\x{3080}\x{3053}\x{3068}\x{4E8C}\x{5341}\x{5E74}\x{306B}\x{3057}\x{3066}\x{3001}\x{4F4F}\x{3080}\x{306B}"
          RenderRuby (inline) {RUBY} at (0,0) size 17x34
            RenderRubyRun (anonymous) at (794,289) size 17x34
              RenderRubyText {RT} at (-9,0) size 9x34
                RenderText {#text} at (0,8) size 9x18
                  text run at (0,8) width 18: "\x{304B}\x{3044}"
              RenderRubyBase (anonymous) at (0,0) size 17x34
                RenderInline {RB} at (0,0) size 17x34
                  RenderText {#text} at (0,0) size 17x34
                    text run at (0,0) width 34: "\x{7532}\x{6590}"
          RenderText {#text} at (794,323) size 43x476
            text run at (794,323) width 153: "\x{3042}\x{308B}\x{4E16}\x{3068}\x{77E5}\x{3063}\x{305F}\x{3002}\x{4E8C}"
            text run at (820,0) width 153: "\x{5341}\x{4E94}\x{5E74}\x{306B}\x{3057}\x{3066}\x{660E}\x{6697}\x{306F}"
          RenderRuby (inline) {RUBY} at (0,0) size 17x34
            RenderRubyRun (anonymous) at (820,152) size 17x36
              RenderRubyText {RT} at (-9,0) size 9x36
                RenderText {#text} at (0,0) size 9x36
                  text run at (0,0) width 36: "\x{3072}\x{3087}\x{3046}\x{308A}"
              RenderRubyBase (anonymous) at (0,0) size 17x36
                RenderInline {RB} at (0,0) size 17x34
                  RenderText {#text} at (0,1) size 17x34
                    text run at (0,1) width 34: "\x{8868}\x{88CF}"
          RenderText {#text} at (820,187) size 43x475
            text run at (820,187) width 288: "\x{306E}\x{3054}\x{3068}\x{304F}\x{3001}\x{65E5}\x{306E}\x{3042}\x{305F}\x{308B}\x{6240}\x{306B}\x{306F}\x{304D}\x{3063}\x{3068}"
            text run at (846,0) width 212: "\x{5F71}\x{304C}\x{3055}\x{3059}\x{3068}\x{609F}\x{3063}\x{305F}\x{3002}\x{4E09}\x{5341}\x{306E}"
          RenderRuby (inline) {RUBY} at (0,0) size 17x34
            RenderRubyRun (anonymous) at (846,211) size 17x36
              RenderRubyText {RT} at (-9,0) size 9x36
                RenderText {#text} at (0,0) size 9x36
                  text run at (0,0) width 36: "\x{3053}\x{3093}\x{306B}\x{3061}"
              RenderRubyBase (anonymous) at (0,0) size 17x36
                RenderInline {RB} at (0,0) size 17x34
                  RenderText {#text} at (0,1) size 17x34
                    text run at (0,1) width 34: "\x{4ECA}\x{65E5}"
          RenderText {#text} at (846,246) size 43x490
            text run at (846,246) width 244: "\x{306F}\x{3053}\x{3046}\x{601D}\x{3046}\x{3066}\x{3044}\x{308B}\x{3002}\x{2015}\x{2015}\x{559C}\x{3073}\x{306E}"
            text run at (872,0) width 68: "\x{6DF1}\x{304D}\x{3068}\x{304D}"
          RenderRuby (inline) {RUBY} at (0,0) size 17x19
            RenderRubyRun (anonymous) at (872,64) size 17x27
              RenderRubyText {RT} at (-9,0) size 9x27
                RenderText {#text} at (0,0) size 9x27
                  text run at (0,0) width 27: "\x{3046}\x{308C}\x{3044}"
              RenderRubyBase (anonymous) at (0,0) size 17x27
                RenderInline {RB} at (0,0) size 17x17
                  RenderText {#text} at (0,5) size 17x17
                    text run at (0,5) width 17: "\x{6182}"
          RenderText {#text} at (872,87) size 17x119
            text run at (872,87) width 119: "\x{3044}\x{3088}\x{3044}\x{3088}\x{6DF1}\x{304F}\x{3001}"
          RenderRuby (inline) {RUBY} at (0,0) size 17x23
            RenderRubyRun (anonymous) at (872,202) size 17x31
              RenderRubyText {RT} at (-9,0) size 9x31
                RenderText {#text} at (0,0) size 9x31
                  text run at (0,0) width 31: "\x{305F}\x{306E}\x{3057}"
              RenderRubyBase (anonymous) at (0,0) size 17x31
                RenderInline {RB} at (0,0) size 17x17
                  RenderText {#text} at (0,7) size 17x17
                    text run at (0,7) width 17: "\x{697D}"
          RenderText {#text} at (872,229) size 43x475
            text run at (872,229) width 246: "\x{307F}\x{306E}\x{5927}\x{3044}\x{306A}\x{308B}\x{307B}\x{3069}\x{82E6}\x{3057}\x{307F}\x{3082}\x{5927}\x{304D}"
            text run at (898,0) width 340: "\x{3044}\x{3002}\x{3053}\x{308C}\x{3092}\x{5207}\x{308A}\x{653E}\x{305D}\x{3046}\x{3068}\x{3059}\x{308B}\x{3068}\x{8EAB}\x{304C}\x{6301}\x{3066}\x{306C}\x{3002}"
          RenderRuby (inline) {RUBY} at (0,0) size 17x18
            RenderRubyRun (anonymous) at (898,340) size 17x18
              RenderRubyText {RT} at (-9,0) size 9x18
                RenderText {#text} at (0,0) size 9x18
                  text run at (0,0) width 18: "\x{304B}\x{305F}"
              RenderRubyBase (anonymous) at (0,0) size 17x18
                RenderInline {RB} at (0,0) size 17x18
                  RenderText {#text} at (0,0) size 17x18
                    text run at (0,0) width 17: "\x{7247}"
          RenderText {#text} at (898,358) size 43x477
            text run at (898,358) width 119: "\x{3065}\x{3051}\x{3088}\x{3046}\x{3068}\x{3059}\x{308C}"
            text run at (924,0) width 331: "\x{3070}\x{4E16}\x{304C}\x{7ACB}\x{305F}\x{306C}\x{3002}\x{91D1}\x{306F}\x{5927}\x{4E8B}\x{3060}\x{3001}\x{5927}\x{4E8B}\x{306A}\x{3082}\x{306E}\x{304C}"
          RenderRuby (inline) {RUBY} at (0,0) size 17x17
            RenderRubyRun (anonymous) at (924,331) size 17x17
              RenderRubyText {RT} at (-9,0) size 9x17
                RenderText {#text} at (0,4) size 9x9
                  text run at (0,4) width 9: "\x{3075}"
              RenderRubyBase (anonymous) at (0,0) size 17x17
                RenderInline {RB} at (0,0) size 17x17
                  RenderText {#text} at (0,0) size 17x17
                    text run at (0,0) width 17: "\x{6B96}"
          RenderText {#text} at (924,348) size 17x51
            text run at (924,348) width 51: "\x{3048}\x{308C}\x{3070}"
          RenderRuby (inline) {RUBY} at (0,0) size 17x17
            RenderRubyRun (anonymous) at (924,399) size 17x17
              RenderRubyText {RT} at (-9,0) size 9x17
                RenderText {#text} at (0,4) size 9x9
                  text run at (0,4) width 9: "\x{306D}"
              RenderRubyBase (anonymous) at (0,0) size 17x17
                RenderInline {RB} at (0,0) size 17x17
                  RenderText {#text} at (0,0) size 17x17
                    text run at (0,0) width 17: "\x{5BDD}"
          RenderText {#text} at (924,416) size 17x17
            text run at (924,416) width 17: "\x{308B}"
          RenderRuby (inline) {RUBY} at (0,0) size 17x17
            RenderRubyRun (anonymous) at (924,433) size 17x17
              RenderRubyText {RT} at (-9,0) size 9x17
                RenderText {#text} at (0,4) size 9x9
                  text run at (0,4) width 9: "\x{307E}"
              RenderRubyBase (anonymous) at (0,0) size 17x17
                RenderInline {RB} at (0,0) size 17x17
                  RenderText {#text} at (0,0) size 17x17
                    text run at (0,0) width 17: "\x{9593}"
          RenderText {#text} at (924,450) size 60x484
            text run at (924,450) width 34: "\x{3082}\x{5FC3}"
            text run at (941,0) width 476: "\x{914D}\x{3060}\x{308D}\x{3046}\x{3002}\x{604B}\x{306F}\x{3046}\x{308C}\x{3057}\x{3044}\x{3001}\x{5B09}\x{3057}\x{3044}\x{604B}\x{304C}\x{7A4D}\x{3082}\x{308C}\x{3070}\x{3001}\x{604B}\x{3092}\x{305B}\x{306C}\x{6614}\x{304C}"
            text run at (967,0) width 373: "\x{304B}\x{3048}\x{3063}\x{3066}\x{604B}\x{3057}\x{304B}\x{308D}\x{3002}\x{95A3}\x{50DA}\x{306E}\x{80A9}\x{306F}\x{6570}\x{767E}\x{4E07}\x{4EBA}\x{306E}\x{8DB3}\x{3092}"
          RenderRuby (inline) {RUBY} at (0,0) size 17x18
            RenderRubyRun (anonymous) at (967,373) size 17x18
              RenderRubyText {RT} at (-9,0) size 9x18
                RenderText {#text} at (0,0) size 9x18
                  text run at (0,0) width 18: "\x{3055}\x{3055}"
              RenderRubyBase (anonymous) at (0,0) size 17x18
                RenderInline {RB} at (0,0) size 17x18
                  RenderText {#text} at (0,0) size 17x18
                    text run at (0,0) width 17: "\x{652F}"
          RenderText {#text} at (967,391) size 17x85
            text run at (967,391) width 85: "\x{3048}\x{3066}\x{3044}\x{308B}\x{3002}"
          RenderRuby (inline) {RUBY} at (0,0) size 17x34
            RenderRubyRun (anonymous) at (993,0) size 17x34
              RenderRubyText {RT} at (-9,0) size 9x34
                RenderText {#text} at (0,3) size 9x28
                  text run at (0,3) width 27: "\x{305B}\x{306A}\x{304B}"
              RenderRubyBase (anonymous) at (0,0) size 17x34
                RenderInline {RB} at (0,0) size 17x34
                  RenderText {#text} at (0,0) size 17x34
                    text run at (0,0) width 34: "\x{80CC}\x{4E2D}"
          RenderText {#text} at (993,34) size 43x476
            text run at (993,34) width 442: "\x{306B}\x{306F}\x{91CD}\x{3044}\x{5929}\x{4E0B}\x{304C}\x{304A}\x{3076}\x{3055}\x{3063}\x{3066}\x{3044}\x{308B}\x{3002}\x{3046}\x{307E}\x{3044}\x{7269}\x{3082}\x{98DF}\x{308F}\x{306D}\x{3070}\x{60DC}\x{3057}"
            text run at (1019,0) width 119: "\x{3044}\x{3002}\x{5C11}\x{3057}\x{98DF}\x{3048}\x{3070}"
          RenderRuby (inline) {RUBY} at (0,0) size 17x17
            RenderRubyRun (anonymous) at (1019,119) size 17x17
              RenderRubyText {RT} at (-9,0) size 9x17
                RenderText {#text} at (0,4) size 9x9
                  text run at (0,4) width 9: "\x{3042}"
              RenderRubyBase (anonymous) at (0,0) size 17x17
                RenderInline {RB} at (0,0) size 17x17
                  RenderText {#text} at (0,0) size 17x17
                    text run at (0,0) width 17: "\x{98FD}"
          RenderText {#text} at (1019,136) size 17x17
            text run at (1019,136) width 17: "\x{304D}"
          RenderRuby (inline) {RUBY} at (0,0) size 17x17
            RenderRubyRun (anonymous) at (1019,153) size 17x17
              RenderRubyText {RT} at (-9,0) size 9x17
                RenderText {#text} at (0,4) size 9x9
                  text run at (0,4) width 9: "\x{305F}"
              RenderRubyBase (anonymous) at (0,0) size 17x17
                RenderInline {RB} at (0,0) size 17x17
                  RenderText {#text} at (0,0) size 17x17
                    text run at (0,0) width 17: "\x{8DB3}"
          RenderText {#text} at (1019,170) size 17x304
            text run at (1019,170) width 304: "\x{3089}\x{306C}\x{3002}\x{5B58}\x{5206}\x{98DF}\x{3048}\x{3070}\x{3042}\x{3068}\x{304C}\x{4E0D}\x{6109}\x{5FEB}\x{3060}\x{3002}\x{2026}\x{2026}"
          RenderBR {BR} at (1019,474) size 17x0
          RenderText {#text} at (1045,0) size 17x17
            text run at (1045,0) width 17: "\x{3000}"
          RenderRuby (inline) {RUBY} at (0,0) size 17x17
            RenderRubyRun (anonymous) at (1045,17) size 17x17
              RenderRubyText {RT} at (-9,0) size 9x17
                RenderText {#text} at (0,4) size 9x9
                  text run at (0,4) width 9: "\x{3088}"
              RenderRubyBase (anonymous) at (0,0) size 17x17
                RenderInline {RB} at (0,0) size 17x17
                  RenderText {#text} at (0,0) size 17x17
                    text run at (0,0) width 17: "\x{4F59}"
          RenderText {#text} at (1045,34) size 17x25
            text run at (1045,34) width 25: "\x{306E}"
          RenderRuby (inline) {RUBY} at (0,0) size 17x28
            RenderRubyRun (anonymous) at (1045,55) size 17x36
              RenderRubyText {RT} at (-9,0) size 9x36
                RenderText {#text} at (0,0) size 9x36
                  text run at (0,0) width 36: "\x{304B}\x{3093}\x{304C}\x{3048}"
              RenderRubyBase (anonymous) at (0,0) size 17x36
                RenderInline {RB} at (0,0) size 17x18
                  RenderText {#text} at (0,9) size 17x18
                    text run at (0,9) width 17: "\x{8003}"
          RenderText {#text} at (1045,87) size 17x280
            text run at (1045,87) width 280: "\x{304C}\x{3053}\x{3053}\x{307E}\x{3067}\x{6F02}\x{6D41}\x{3057}\x{3066}\x{6765}\x{305F}\x{6642}\x{306B}\x{3001}\x{4F59}\x{306E}"
          RenderRuby (inline) {RUBY} at (0,0) size 17x34
            RenderRubyRun (anonymous) at (1045,367) size 17x34
              RenderRubyText {RT} at (-9,0) size 9x34
                RenderText {#text} at (0,3) size 9x28
                  text run at (0,3) width 27: "\x{3046}\x{305D}\x{304F}"
              RenderRubyBase (anonymous) at (0,0) size 17x34
                RenderInline {RB} at (0,0) size 17x34
                  RenderText {#text} at (0,0) size 17x34
                    text run at (0,0) width 34: "\x{53F3}\x{8DB3}"
          RenderText {#text} at (1045,401) size 17x51
            text run at (1045,401) width 51: "\x{306F}\x{7A81}\x{7136}"
          RenderRuby (inline) {RUBY} at (0,0) size 17x18
            RenderRubyRun (anonymous) at (1045,452) size 17x18
              RenderRubyText {RT} at (-9,0) size 9x18
                RenderText {#text} at (0,0) size 9x18
                  text run at (0,0) width 18: "\x{3059}\x{308F}"
              RenderRubyBase (anonymous) at (0,0) size 17x18
                RenderInline {RB} at (0,0) size 17x18
                  RenderText {#text} at (0,0) size 17x18
                    text run at (0,0) width 17: "\x{5750}"
          RenderText {#text} at (1045,470) size 43x487
            text run at (1045,470) width 17: "\x{308A}"
            text run at (1071,0) width 76: "\x{306E}\x{308F}\x{308B}\x{3044}"
          RenderRuby (inline) {RUBY} at (0,0) size 17x34
            RenderRubyRun (anonymous) at (1071,75) size 17x36
              RenderRubyText {RT} at (-9,0) size 9x36
                RenderText {#text} at (0,0) size 9x36
                  text run at (0,0) width 36: "\x{304B}\x{304F}\x{3044}\x{3057}"
              RenderRubyBase (anonymous) at (0,0) size 17x36
                RenderInline {RB} at (0,0) size 17x34
                  RenderText {#text} at (0,1) size 17x34
                    text run at (0,1) width 34: "\x{89D2}\x{77F3}"
          RenderText {#text} at (1071,110) size 17x25
            text run at (1071,110) width 25: "\x{306E}"
          RenderRuby (inline) {RUBY} at (0,0) size 17x18
            RenderRubyRun (anonymous) at (1071,135) size 17x18
              RenderRubyText {RT} at (-9,0) size 9x18
                RenderText {#text} at (0,0) size 9x18
                  text run at (0,0) width 18: "\x{306F}\x{3057}"
              RenderRubyBase (anonymous) at (0,0) size 17x18
                RenderInline {RB} at (0,0) size 17x18
                  RenderText {#text} at (0,0) size 17x18
                    text run at (0,0) width 17: "\x{7AEF}"
          RenderText {#text} at (1071,153) size 17x51
            text run at (1071,153) width 51: "\x{3092}\x{8E0F}\x{307F}"
          RenderRuby (inline) {RUBY} at (0,0) size 17x17
            RenderRubyRun (anonymous) at (1071,204) size 17x17
              RenderRubyText {RT} at (-9,0) size 9x17
                RenderText {#text} at (0,4) size 9x9
                  text run at (0,4) width 9: "\x{305D}"
              RenderRubyBase (anonymous) at (0,0) size 17x17
                RenderInline {RB} at (0,0) size 17x17
                  RenderText {#text} at (0,0) size 17x17
                    text run at (0,0) width 17: "\x{640D}"
          RenderText {#text} at (1071,221) size 17x85
            text run at (1071,221) width 85: "\x{304F}\x{306A}\x{3063}\x{305F}\x{3002}"
          RenderRuby (inline) {RUBY} at (0,0) size 17x34
            RenderRubyRun (anonymous) at (1071,305) size 17x36
              RenderRubyText {RT} at (-9,0) size 9x36
                RenderText {#text} at (0,0) size 9x36
                  text run at (0,0) width 36: "\x{3078}\x{3044}\x{3053}\x{3046}"
              RenderRubyBase (anonymous) at (0,0) size 17x36
                RenderInline {RB} at (0,0) size 17x34
                  RenderText {#text} at (0,1) size 17x34
                    text run at (0,1) width 34: "\x{5E73}\x{8861}"
          RenderText {#text} at (1071,340) size 43x476
            text run at (1071,340) width 136: "\x{3092}\x{4FDD}\x{3064}\x{305F}\x{3081}\x{306B}\x{3001}\x{3059}"
            text run at (1097,0) width 170: "\x{308F}\x{3084}\x{3068}\x{524D}\x{306B}\x{98DB}\x{3073}\x{51FA}\x{3057}\x{305F}"
          RenderRuby (inline) {RUBY} at (0,0) size 17x34
            RenderRubyRun (anonymous) at (1097,170) size 17x34
              RenderRubyText {RT} at (-9,0) size 9x34
                RenderText {#text} at (0,3) size 9x28
                  text run at (0,3) width 27: "\x{3055}\x{305D}\x{304F}"
              RenderRubyBase (anonymous) at (0,0) size 17x34
                RenderInline {RB} at (0,0) size 17x34
                  RenderText {#text} at (0,0) size 17x34
                    text run at (0,0) width 34: "\x{5DE6}\x{8DB3}"
          RenderText {#text} at (1097,204) size 17x34
            text run at (1097,204) width 34: "\x{304C}\x{3001}"
          RenderRuby (inline) {RUBY} at (0,0) size 17x34
            RenderRubyRun (anonymous) at (1097,238) size 17x34
              RenderRubyText {RT} at (-9,0) size 9x34
                RenderText {#text} at (0,3) size 9x28
                  text run at (0,3) width 27: "\x{3057}\x{305D}\x{3093}"
              RenderRubyBase (anonymous) at (0,0) size 17x34
                RenderInline {RB} at (0,0) size 17x34
                  RenderText {#text} at (0,0) size 17x34
                    text run at (0,0) width 34: "\x{4ED5}\x{640D}"
          RenderText {#text} at (1097,272) size 17x42
            text run at (1097,272) width 42: "\x{3058}\x{306E}"
          RenderRuby (inline) {RUBY} at (0,0) size 17x17
            RenderRubyRun (anonymous) at (1097,314) size 17x17
              RenderRubyText {RT} at (-9,0) size 9x17
                RenderText {#text} at (0,4) size 9x9
                  text run at (0,4) width 9: "\x{3046}"
              RenderRubyBase (anonymous) at (0,0) size 17x17
                RenderInline {RB} at (0,0) size 17x17
                  RenderText {#text} at (0,0) size 17x17
                    text run at (0,0) width 17: "\x{57CB}"
          RenderText {#text} at (1097,331) size 17x17
            text run at (1097,331) width 17: "\x{3081}"
          RenderRuby (inline) {RUBY} at (0,0) size 17x18
            RenderRubyRun (anonymous) at (1097,348) size 17x18
              RenderRubyText {RT} at (-9,0) size 9x18
                RenderText {#text} at (0,0) size 9x18
                  text run at (0,0) width 18: "\x{3042}\x{308F}"
              RenderRubyBase (anonymous) at (0,0) size 17x18
                RenderInline {RB} at (0,0) size 17x18
                  RenderText {#text} at (0,0) size 17x18
                    text run at (0,0) width 17: "\x{5408}"
          RenderText {#text} at (1097,366) size 43x468
            text run at (1097,366) width 102: "\x{305B}\x{3092}\x{3059}\x{308B}\x{3068}\x{5171}"
            text run at (1123,0) width 178: "\x{306B}\x{3001}\x{4F59}\x{306E}\x{8170}\x{306F}\x{5177}\x{5408}\x{3088}\x{304F}"
          RenderRuby (inline) {RUBY} at (0,0) size 17x18
            RenderRubyRun (anonymous) at (1123,178) size 17x18
              RenderRubyText {RT} at (-9,0) size 9x18
                RenderText {#text} at (0,0) size 9x18
                  text run at (0,0) width 18: "\x{307B}\x{3046}"
              RenderRubyBase (anonymous) at (0,0) size 17x18
                RenderInline {RB} at (0,0) size 17x18
                  RenderText {#text} at (0,0) size 17x18
                    text run at (0,0) width 17: "\x{65B9}"
          RenderText {#text} at (1123,196) size 17x161
            text run at (1123,196) width 161: "\x{4E09}\x{5C3A}\x{307B}\x{3069}\x{306A}\x{5CA9}\x{306E}\x{4E0A}\x{306B}"
          RenderRuby (inline) {RUBY} at (0,0) size 17x17
            RenderRubyRun (anonymous) at (1123,357) size 17x17
              RenderRubyText {RT} at (-9,0) size 9x17
                RenderText {#text} at (0,4) size 9x9
                  text run at (0,4) width 9: "\x{304A}"
              RenderRubyBase (anonymous) at (0,0) size 17x17
                RenderInline {RB} at (0,0) size 17x17
                  RenderText {#text} at (0,0) size 17x17
                    text run at (0,0) width 17: "\x{5378}"
          RenderText {#text} at (1123,374) size 43x476
            text run at (1123,374) width 102: "\x{308A}\x{305F}\x{3002}\x{80A9}\x{306B}\x{304B}"
            text run at (1149,0) width 127: "\x{3051}\x{305F}\x{7D75}\x{306E}\x{5177}\x{7BB1}\x{304C}"
          RenderRuby (inline) {RUBY} at (0,0) size 17x18
            RenderRubyRun (anonymous) at (1149,127) size 17x18
              RenderRubyText {RT} at (-9,0) size 9x18
                RenderText {#text} at (0,0) size 9x18
                  text run at (0,0) width 18: "\x{308F}\x{304D}"
              RenderRubyBase (anonymous) at (0,0) size 17x18
                RenderInline {RB} at (0,0) size 17x18
                  RenderText {#text} at (0,0) size 17x18
                    text run at (0,0) width 17: "\x{814B}"
          RenderText {#text} at (1149,145) size 17x76
            text run at (1149,145) width 76: "\x{306E}\x{4E0B}\x{304B}\x{3089}"
          RenderRuby (inline) {RUBY} at (0,0) size 17x18
            RenderRubyRun (anonymous) at (1149,221) size 17x18
              RenderRubyText {RT} at (-9,0) size 9x18
                RenderText {#text} at (0,0) size 9x18
                  text run at (0,0) width 18: "\x{304A}\x{3069}"
              RenderRubyBase (anonymous) at (0,0) size 17x18
                RenderInline {RB} at (0,0) size 17x18
                  RenderText {#text} at (0,0) size 17x18
                    text run at (0,0) width 17: "\x{8E8D}"
          RenderText {#text} at (1149,239) size 17x187
            text run at (1149,239) width 187: "\x{308A}\x{51FA}\x{3057}\x{305F}\x{3060}\x{3051}\x{3067}\x{3001}\x{5E78}\x{3044}\x{3068}"
          RenderRuby (inline) {RUBY} at (0,0) size 17x18
            RenderRubyRun (anonymous) at (1149,426) size 17x18
              RenderRubyText {RT} at (-9,0) size 9x18
                RenderText {#text} at (0,0) size 9x18
                  text run at (0,0) width 18: "\x{306A}\x{3093}"
              RenderRubyBase (anonymous) at (0,0) size 17x18
                RenderInline {RB} at (0,0) size 17x18
                  RenderText {#text} at (0,0) size 17x18
                    text run at (0,0) width 17: "\x{4F55}"
          RenderText {#text} at (1149,444) size 34x486
            text run at (1149,444) width 42: "\x{306E}\x{4E8B}"
            text run at (1166,0) width 102: "\x{3082}\x{306A}\x{304B}\x{3063}\x{305F}\x{3002}"
          RenderBR {BR} at (1166,102) size 17x0
          RenderText {#text} at (1192,0) size 17x255
            text run at (1192,0) width 255: "\x{3000}\x{7ACB}\x{3061}\x{4E0A}\x{304C}\x{308B}\x{6642}\x{306B}\x{5411}\x{3046}\x{3092}\x{898B}\x{308B}\x{3068}\x{3001}"
          RenderRuby (inline) {RUBY} at (0,0) size 17x18
            RenderRubyRun (anonymous) at (1192,255) size 17x18
              RenderRubyText {RT} at (-9,0) size 9x18
                RenderText {#text} at (0,0) size 9x18
                  text run at (0,0) width 18: "\x{307F}\x{3061}"
              RenderRubyBase (anonymous) at (0,0) size 17x18
                RenderInline {RB} at (0,0) size 17x18
                  RenderText {#text} at (0,0) size 17x18
                    text run at (0,0) width 17: "\x{8DEF}"
          RenderText {#text} at (1192,273) size 43x485
            text run at (1192,273) width 212: "\x{304B}\x{3089}\x{5DE6}\x{306E}\x{65B9}\x{306B}\x{30D0}\x{30B1}\x{30C4}\x{3092}\x{4F0F}\x{305B}"
            text run at (1218,0) width 102: "\x{305F}\x{3088}\x{3046}\x{306A}\x{5CF0}\x{304C}"
          RenderRuby (inline) {RUBY} at (0,0) size 17x18
            RenderRubyRun (anonymous) at (1218,102) size 17x18
              RenderRubyText {RT} at (-9,0) size 9x18
                RenderText {#text} at (0,0) size 9x18
                  text run at (0,0) width 18: "\x{305D}\x{3073}"
              RenderRubyBase (anonymous) at (0,0) size 17x18
                RenderInline {RB} at (0,0) size 17x18
                  RenderText {#text} at (0,0) size 17x18
                    text run at (0,0) width 17: "\x{8073}"
          RenderText {#text} at (1218,120) size 17x119
            text run at (1218,120) width 119: "\x{3048}\x{3066}\x{3044}\x{308B}\x{3002}\x{6749}\x{304B}"
          RenderRuby (inline) {RUBY} at (0,0) size 17x23
            RenderRubyRun (anonymous) at (1218,235) size 17x31
              RenderRubyText {RT} at (-9,0) size 9x31
                RenderText {#text} at (0,0) size 9x31
                  text run at (0,0) width 31: "\x{3072}\x{306E}\x{304D}"
              RenderRubyBase (anonymous) at (0,0) size 17x31
                RenderInline {RB} at (0,0) size 17x17
                  RenderText {#text} at (0,7) size 17x17
                    text run at (0,7) width 17: "\x{6A9C}"
          RenderText {#text} at (1218,262) size 17x119
            text run at (1218,262) width 119: "\x{304B}\x{5206}\x{304B}\x{3089}\x{306A}\x{3044}\x{304C}"
          RenderRuby (inline) {RUBY} at (0,0) size 17x34
            RenderRubyRun (anonymous) at (1218,381) size 17x34
              RenderRubyText {RT} at (-9,0) size 9x34
                RenderText {#text} at (0,3) size 9x28
                  text run at (0,3) width 27: "\x{306D}\x{3082}\x{3068}"
              RenderRubyBase (anonymous) at (0,0) size 17x34
                RenderInline {RB} at (0,0) size 17x34
                  RenderText {#text} at (0,0) size 17x34
                    text run at (0,0) width 34: "\x{6839}\x{5143}"
          RenderText {#text} at (1218,415) size 17x34
            text run at (1218,415) width 34: "\x{304B}\x{3089}"
          RenderRuby (inline) {RUBY} at (0,0) size 17x19
            RenderRubyRun (anonymous) at (1218,445) size 17x27
              RenderRubyText {RT} at (-9,0) size 9x27
                RenderText {#text} at (0,0) size 9x27
                  text run at (0,0) width 27: "\x{3044}\x{305F}\x{3060}"
              RenderRubyBase (anonymous) at (0,0) size 17x27
                RenderInline {RB} at (0,0) size 17x17
                  RenderText {#text} at (0,5) size 17x17
                    text run at (0,5) width 17: "\x{9802}"
          RenderText {#text} at (1218,468) size 43x485
            text run at (1218,468) width 17: "\x{304D}"
            text run at (1244,0) width 119: "\x{307E}\x{3067}\x{3053}\x{3068}\x{3054}\x{3068}\x{304F}"
          RenderRuby (inline) {RUBY} at (0,0) size 17x34
            RenderRubyRun (anonymous) at (1244,118) size 17x36
              RenderRubyText {RT} at (-9,0) size 9x36
                RenderText {#text} at (0,0) size 9x36
                  text run at (0,0) width 36: "\x{3042}\x{304A}\x{3050}\x{308D}"
              RenderRubyBase (anonymous) at (0,0) size 17x36
                RenderInline {RB} at (0,0) size 17x34
                  RenderText {#text} at (0,1) size 17x34
                    text run at (0,1) width 34: "\x{84BC}\x{9ED2}"
          RenderText {#text} at (1244,153) size 17x255
            text run at (1244,153) width 255: "\x{3044}\x{4E2D}\x{306B}\x{3001}\x{5C71}\x{685C}\x{304C}\x{8584}\x{8D64}\x{304F}\x{3060}\x{3093}\x{3060}\x{3089}\x{306B}"
          RenderRuby (inline) {RUBY} at (0,0) size 17x34
            RenderRubyRun (anonymous) at (1244,408) size 17x34
              RenderRubyText {RT} at (-9,0) size 9x34
                RenderText {#text} at (0,3) size 9x28
                  text run at (0,3) width 27: "\x{305F}\x{306A}\x{3073}"
              RenderRubyBase (anonymous) at (0,0) size 17x34
                RenderInline {RB} at (0,0) size 17x34
                  RenderText {#text} at (0,0) size 17x34
                    text run at (0,0) width 34: "\x{68DA}\x{5F15}"
          RenderText {#text} at (1244,442) size 43x459
            text run at (1244,442) width 17: "\x{3044}"
            text run at (1270,0) width 34: "\x{3066}\x{3001}"
          RenderRuby (inline) {RUBY} at (0,0) size 17x17
            RenderRubyRun (anonymous) at (1270,34) size 17x17
              RenderRubyText {RT} at (-9,0) size 9x17
                RenderText {#text} at (0,4) size 9x9
                  text run at (0,4) width 9: "\x{3064}"
              RenderRubyBase (anonymous) at (0,0) size 17x17
                RenderInline {RB} at (0,0) size 17x17
                  RenderText {#text} at (0,0) size 17x17
                    text run at (0,0) width 17: "\x{7D9A}"
          RenderText {#text} at (1270,51) size 17x17
            text run at (1270,51) width 17: "\x{304E}"
          RenderRuby (inline) {RUBY} at (0,0) size 17x17
            RenderRubyRun (anonymous) at (1270,68) size 17x17
              RenderRubyText {RT} at (-9,0) size 9x17
                RenderText {#text} at (0,4) size 9x9
                  text run at (0,4) width 9: "\x{3081}"
              RenderRubyBase (anonymous) at (0,0) size 17x17
                RenderInline {RB} at (0,0) size 17x17
                  RenderText {#text} at (0,0) size 17x17
                    text run at (0,0) width 17: "\x{76EE}"
          RenderText {#text} at (1270,85) size 17x17
            text run at (1270,85) width 17: "\x{304C}"
          RenderRuby (inline) {RUBY} at (0,0) size 17x18
            RenderRubyRun (anonymous) at (1270,102) size 17x18
              RenderRubyText {RT} at (-9,0) size 9x18
                RenderText {#text} at (0,0) size 9x18
                  text run at (0,0) width 18: "\x{3057}\x{304B}"
              RenderRubyBase (anonymous) at (0,0) size 17x18
                RenderInline {RB} at (0,0) size 17x18
                  RenderText {#text} at (0,0) size 17x18
                    text run at (0,0) width 17: "\x{78BA}"
          RenderText {#text} at (1270,120) size 17x119
            text run at (1270,120) width 119: "\x{3068}\x{898B}\x{3048}\x{306C}\x{304F}\x{3089}\x{3044}"
          RenderRuby (inline) {RUBY} at (0,0) size 17x18
            RenderRubyRun (anonymous) at (1270,239) size 17x18
              RenderRubyText {RT} at (-9,0) size 9x18
                RenderText {#text} at (0,0) size 9x18
                  text run at (0,0) width 18: "\x{3082}\x{3084}"
              RenderRubyBase (anonymous) at (0,0) size 17x18
                RenderInline {RB} at (0,0) size 17x18
                  RenderText {#text} at (0,0) size 17x18
                    text run at (0,0) width 17: "\x{9744}"
          RenderText {#text} at (1270,257) size 17x153
            text run at (1270,257) width 153: "\x{304C}\x{6FC3}\x{3044}\x{3002}\x{5C11}\x{3057}\x{624B}\x{524D}\x{306B}"
          RenderRuby (inline) {RUBY} at (0,0) size 17x34
            RenderRubyRun (anonymous) at (1270,409) size 17x36
              RenderRubyText {RT} at (-9,0) size 9x36
                RenderText {#text} at (0,0) size 9x36
                  text run at (0,0) width 36: "\x{306F}\x{3052}\x{3084}\x{307E}"
              RenderRubyBase (anonymous) at (0,0) size 17x36
                RenderInline {RB} at (0,0) size 17x34
                  RenderText {#text} at (0,1) size 17x34
                    text run at (0,1) width 34: "\x{79BF}\x{5C71}"
          RenderText {#text} at (1270,444) size 43x478
            text run at (1270,444) width 34: "\x{304C}\x{4E00}"
            text run at (1296,0) width 34: "\x{3064}\x{3001}"
          RenderRuby (inline) {RUBY} at (0,0) size 17x18
            RenderRubyRun (anonymous) at (1296,34) size 17x18
              RenderRubyText {RT} at (-9,0) size 9x18
                RenderText {#text} at (0,0) size 9x18
                  text run at (0,0) width 18: "\x{3050}\x{3093}"
              RenderRubyBase (anonymous) at (0,0) size 17x18
                RenderInline {RB} at (0,0) size 17x18
                  RenderText {#text} at (0,0) size 17x18
                    text run at (0,0) width 17: "\x{7FA4}"
          RenderText {#text} at (1296,52) size 17x102
            text run at (1296,52) width 102: "\x{3092}\x{306C}\x{304D}\x{3093}\x{3067}\x{3066}"
          RenderRuby (inline) {RUBY} at (0,0) size 17x18
            RenderRubyRun (anonymous) at (1296,154) size 17x18
              RenderRubyText {RT} at (-9,0) size 9x18
                RenderText {#text} at (0,0) size 9x18
                  text run at (0,0) width 18: "\x{307E}\x{3086}"
              RenderRubyBase (anonymous) at (0,0) size 17x18
                RenderInline {RB} at (0,0) size 17x18
                  RenderText {#text} at (0,0) size 17x18
                    text run at (0,0) width 17: "\x{7709}"
          RenderText {#text} at (1296,172) size 17x17
            text run at (1296,172) width 17: "\x{306B}"
          RenderRuby (inline) {RUBY} at (0,0) size 17x18
            RenderRubyRun (anonymous) at (1296,189) size 17x18
              RenderRubyText {RT} at (-9,0) size 9x18
                RenderText {#text} at (0,0) size 9x18
                  text run at (0,0) width 18: "\x{305B}\x{307E}"
              RenderRubyBase (anonymous) at (0,0) size 17x18
                RenderInline {RB} at (0,0) size 17x18
                  RenderText {#text} at (0,0) size 17x18
                    text run at (0,0) width 17: "\x{903C}"
          RenderText {#text} at (1296,207) size 17x34
            text run at (1296,207) width 34: "\x{308B}\x{3002}"
          RenderRuby (inline) {RUBY} at (0,0) size 17x17
            RenderRubyRun (anonymous) at (1296,241) size 17x17
              RenderRubyText {RT} at (-9,0) size 9x17
                RenderText {#text} at (0,4) size 9x9
                  text run at (0,4) width 9: "\x{306F}"
              RenderRubyBase (anonymous) at (0,0) size 17x17
                RenderInline {RB} at (0,0) size 17x17
                  RenderText {#text} at (0,0) size 17x17
                    text run at (0,0) width 17: "\x{79BF}"
          RenderText {#text} at (1296,258) size 17x144
            text run at (1296,258) width 144: "\x{3052}\x{305F}\x{5074}\x{9762}\x{306F}\x{5DE8}\x{4EBA}\x{306E}"
          RenderRuby (inline) {RUBY} at (0,0) size 17x18
            RenderRubyRun (anonymous) at (1296,400) size 17x22
              RenderRubyText {RT} at (-9,0) size 9x22
                RenderText {#text} at (0,0) size 9x22
                  text run at (0,0) width 22: "\x{304A}\x{306E}"
              RenderRubyBase (anonymous) at (0,0) size 17x22
                RenderInline {RB} at (0,0) size 17x18
                  RenderText {#text} at (0,2) size 17x18
                    text run at (0,2) width 17: "\x{65A7}"
          RenderText {#text} at (1296,420) size 17x17
            text run at (1296,420) width 17: "\x{3067}"
          RenderRuby (inline) {RUBY} at (0,0) size 17x18
            RenderRubyRun (anonymous) at (1296,437) size 17x18
              RenderRubyText {RT} at (-9,0) size 9x18
                RenderText {#text} at (0,0) size 9x18
                  text run at (0,0) width 18: "\x{3051}\x{305A}"
              RenderRubyBase (anonymous) at (0,0) size 17x18
                RenderInline {RB} at (0,0) size 17x18
                  RenderText {#text} at (0,0) size 17x18
                    text run at (0,0) width 17: "\x{524A}"
          RenderText {#text} at (1296,455) size 43x472
            text run at (1296,455) width 17: "\x{308A}"
            text run at (1322,0) width 314: "\x{53BB}\x{3063}\x{305F}\x{304B}\x{3001}\x{92ED}\x{3069}\x{304D}\x{5E73}\x{9762}\x{3092}\x{3084}\x{3051}\x{306B}\x{8C37}\x{306E}\x{5E95}\x{306B}"
          RenderRuby (inline) {RUBY} at (0,0) size 17x18
            RenderRubyRun (anonymous) at (1322,314) size 17x18
              RenderRubyText {RT} at (-9,0) size 9x18
                RenderText {#text} at (0,0) size 9x18
                  text run at (0,0) width 18: "\x{3046}\x{305A}"
              RenderRubyBase (anonymous) at (0,0) size 17x18
                RenderInline {RB} at (0,0) size 17x18
                  RenderText {#text} at (0,0) size 17x18
                    text run at (0,0) width 17: "\x{57CB}"
          RenderText {#text} at (1322,332) size 17x85
            text run at (1322,332) width 85: "\x{3081}\x{3066}\x{3044}\x{308B}\x{3002}"
          RenderRuby (inline) {RUBY} at (0,0) size 17x34
            RenderRubyRun (anonymous) at (1322,416) size 17x36
              RenderRubyText {RT} at (-9,0) size 9x36
                RenderText {#text} at (0,0) size 9x36
                  text run at (0,0) width 36: "\x{3066}\x{3063}\x{307A}\x{3093}"
              RenderRubyBase (anonymous) at (0,0) size 17x36
                RenderInline {RB} at (0,0) size 17x34
                  RenderText {#text} at (0,1) size 17x34
                    text run at (0,1) width 34: "\x{5929}\x{8FBA}"
          RenderText {#text} at (1322,451) size 43x485
            text run at (1322,451) width 34: "\x{306B}\x{4E00}"
            text run at (1348,0) width 347: "\x{672C}\x{898B}\x{3048}\x{308B}\x{306E}\x{306F}\x{8D64}\x{677E}\x{3060}\x{308D}\x{3046}\x{3002}\x{679D}\x{306E}\x{9593}\x{306E}\x{7A7A}\x{3055}\x{3048}"
          RenderRuby (inline) {RUBY} at (0,0) size 17x34
            RenderRubyRun (anonymous) at (1348,346) size 17x36
              RenderRubyText {RT} at (-9,0) size 9x36
                RenderText {#text} at (0,0) size 9x36
                  text run at (0,0) width 36: "\x{306F}\x{3063}\x{304D}\x{308A}"
              RenderRubyBase (anonymous) at (0,0) size 17x36
                RenderInline {RB} at (0,0) size 17x34
                  RenderText {#text} at (0,1) size 17x34
                    text run at (0,1) width 34: "\x{5224}\x{7136}"
          RenderText {#text} at (1348,381) size 43x483
            text run at (1348,381) width 102: "\x{3057}\x{3066}\x{3044}\x{308B}\x{3002}\x{884C}"
            text run at (1374,0) width 374: "\x{304F}\x{624B}\x{306F}\x{4E8C}\x{4E01}\x{307B}\x{3069}\x{3067}\x{5207}\x{308C}\x{3066}\x{3044}\x{308B}\x{304C}\x{3001}\x{9AD8}\x{3044}\x{6240}\x{304B}\x{3089}\x{8D64}\x{3044}"
          RenderRuby (inline) {RUBY} at (0,0) size 17x34
            RenderRubyRun (anonymous) at (1374,374) size 17x34
              RenderRubyText {RT} at (-9,0) size 9x34
                RenderText {#text} at (0,3) size 9x28
                  text run at (0,3) width 27: "\x{3051}\x{3063}\x{3068}"
              RenderRubyBase (anonymous) at (0,0) size 17x34
                RenderInline {RB} at (0,0) size 17x34
                  RenderText {#text} at (0,0) size 17x34
                    text run at (0,0) width 34: "\x{6BDB}\x{5E03}"
          RenderText {#text} at (1374,408) size 60x476
            text run at (1374,408) width 68: "\x{304C}\x{52D5}\x{3044}\x{3066}"
            text run at (1391,0) width 475: "\x{6765}\x{308B}\x{306E}\x{3092}\x{898B}\x{308B}\x{3068}\x{3001}\x{767B}\x{308C}\x{3070}\x{3042}\x{3059}\x{3053}\x{3078}\x{51FA}\x{308B}\x{306E}\x{3060}\x{308D}\x{3046}\x{3002}\x{8DEF}\x{306F}\x{3059}\x{3053}\x{3076}"
            text run at (1417,0) width 17: "\x{308B}"
          RenderRuby (inline) {RUBY} at (0,0) size 17x34
            RenderRubyRun (anonymous) at (1417,17) size 17x34
              RenderRubyText {RT} at (-9,0) size 9x34
                RenderText {#text} at (0,3) size 9x28
                  text run at (0,3) width 27: "\x{306A}\x{3093}\x{304E}"
              RenderRubyBase (anonymous) at (0,0) size 17x34
                RenderInline {RB} at (0,0) size 17x34
                  RenderText {#text} at (0,0) size 17x34
                    text run at (0,0) width 34: "\x{96E3}\x{7FA9}"
          RenderText {#text} at (1417,51) size 17x34
            text run at (1417,51) width 34: "\x{3060}\x{3002}"
          RenderBR {BR} at (1417,85) size 17x0
          RenderText {#text} at (1443,0) size 17x221
            text run at (1443,0) width 221: "\x{3000}\x{571F}\x{3092}\x{306A}\x{3089}\x{3059}\x{3060}\x{3051}\x{306A}\x{3089}\x{3055}\x{307B}\x{3069}"
          RenderRuby (inline) {RUBY} at (0,0) size 17x34
            RenderRubyRun (anonymous) at (1443,221) size 17x34
              RenderRubyText {RT} at (-9,0) size 9x34
                RenderText {#text} at (0,8) size 9x18
                  text run at (0,8) width 18: "\x{3066}\x{307E}"
              RenderRubyBase (anonymous) at (0,0) size 17x34
                RenderInline {RB} at (0,0) size 17x34
                  RenderText {#text} at (0,0) size 17x34
                    text run at (0,0) width 34: "\x{624B}\x{9593}"
          RenderText {#text} at (1443,255) size 17x17
            text run at (1443,255) width 17: "\x{3082}"
          RenderRuby (inline) {RUBY} at (0,0) size 17x17
            RenderRubyRun (anonymous) at (1443,272) size 17x17
              RenderRubyText {RT} at (-9,0) size 9x17
                RenderText {#text} at (0,4) size 9x9
                  text run at (0,4) width 9: "\x{3044}"
              RenderRubyBase (anonymous) at (0,0) size 17x17
                RenderInline {RB} at (0,0) size 17x17
                  RenderText {#text} at (0,0) size 17x17
                    text run at (0,0) width 17: "\x{5165}"
          RenderText {#text} at (1443,289) size 43x484
            text run at (1443,289) width 195: "\x{308B}\x{307E}\x{3044}\x{304C}\x{3001}\x{571F}\x{306E}\x{4E2D}\x{306B}\x{306F}\x{5927}"
            text run at (1469,0) width 153: "\x{304D}\x{306A}\x{77F3}\x{304C}\x{3042}\x{308B}\x{3002}\x{571F}\x{306F}"
          RenderRuby (inline) {RUBY} at (0,0) size 17x18
            RenderRubyRun (anonymous) at (1469,153) size 17x18
              RenderRubyText {RT} at (-9,0) size 9x18
                RenderText {#text} at (0,0) size 9x18
                  text run at (0,0) width 18: "\x{305F}\x{3044}"
              RenderRubyBase (anonymous) at (0,0) size 17x18
                RenderInline {RB} at (0,0) size 17x18
                  RenderText {#text} at (0,0) size 17x18
                    text run at (0,0) width 17: "\x{5E73}"
          RenderText {#text} at (1469,171) size 43x477
            text run at (1469,171) width 306: "\x{3089}\x{306B}\x{3057}\x{3066}\x{3082}\x{77F3}\x{306F}\x{5E73}\x{3089}\x{306B}\x{306A}\x{3089}\x{306C}\x{3002}\x{77F3}\x{306F}\x{5207}\x{308A}"
            text run at (1495,0) width 238: "\x{7815}\x{3044}\x{3066}\x{3082}\x{3001}\x{5CA9}\x{306F}\x{59CB}\x{672B}\x{304C}\x{3064}\x{304B}\x{306C}\x{3002}"
          RenderRuby (inline) {RUBY} at (0,0) size 17x34
            RenderRubyRun (anonymous) at (1495,237) size 17x36
              RenderRubyText {RT} at (-9,0) size 9x36
                RenderText {#text} at (0,0) size 9x36
                  text run at (0,0) width 36: "\x{307B}\x{308A}\x{304F}\x{305A}"
              RenderRubyBase (anonymous) at (0,0) size 17x36
                RenderInline {RB} at (0,0) size 17x34
                  RenderText {#text} at (0,1) size 17x34
                    text run at (0,1) width 34: "\x{6398}\x{5D29}"
          RenderText {#text} at (1495,272) size 17x110
            text run at (1495,272) width 110: "\x{3057}\x{305F}\x{571F}\x{306E}\x{4E0A}\x{306B}"
          RenderRuby (inline) {RUBY} at (0,0) size 17x34
            RenderRubyRun (anonymous) at (1495,381) size 17x36
              RenderRubyText {RT} at (-9,0) size 9x36
                RenderText {#text} at (0,0) size 9x36
                  text run at (0,0) width 36: "\x{3086}\x{3046}\x{305C}\x{3093}"
              RenderRubyBase (anonymous) at (0,0) size 17x36
                RenderInline {RB} at (0,0) size 17x34
                  RenderText {#text} at (0,1) size 17x34
                    text run at (0,1) width 34: "\x{60A0}\x{7136}"
          RenderText {#text} at (1495,416) size 17x17
            text run at (1495,416) width 17: "\x{3068}"
          RenderRuby (inline) {RUBY} at (0,0) size 17x19
            RenderRubyRun (anonymous) at (1495,429) size 17x27
              RenderRubyText {RT} at (-9,0) size 9x27
                RenderText {#text} at (0,0) size 9x27
                  text run at (0,0) width 27: "\x{305D}\x{3070}\x{3060}"
              RenderRubyBase (anonymous) at (0,0) size 17x27
                RenderInline {RB} at (0,0) size 17x17
                  RenderText {#text} at (0,5) size 17x17
                    text run at (0,5) width 17: "\x{5CD9}"
          RenderText {#text} at (1495,452) size 43x469
            text run at (1495,452) width 17: "\x{3063}"
            text run at (1521,0) width 212: "\x{3066}\x{3001}\x{543E}\x{3089}\x{306E}\x{305F}\x{3081}\x{306B}\x{9053}\x{3092}\x{8B72}\x{308B}"
          RenderRuby (inline) {RUBY} at (0,0) size 17x34
            RenderRubyRun (anonymous) at (1521,212) size 17x34
              RenderRubyText {RT} at (-9,0) size 9x34
                RenderText {#text} at (0,3) size 9x28
                  text run at (0,3) width 27: "\x{3051}\x{3057}\x{304D}"
              RenderRubyBase (anonymous) at (0,0) size 17x34
                RenderInline {RB} at (0,0) size 17x34
                  RenderText {#text} at (0,0) size 17x34
                    text run at (0,0) width 34: "\x{666F}\x{8272}"
          RenderText {#text} at (1521,246) size 43x484
            text run at (1521,246) width 238: "\x{306F}\x{306A}\x{3044}\x{3002}\x{5411}\x{3046}\x{3067}\x{805E}\x{304B}\x{306C}\x{4E0A}\x{306F}\x{4E57}\x{308A}"
            text run at (1547,0) width 238: "\x{8D8A}\x{3059}\x{304B}\x{3001}\x{5EFB}\x{3089}\x{306A}\x{3051}\x{308C}\x{3070}\x{306A}\x{3089}\x{3093}\x{3002}"
          RenderRuby (inline) {RUBY} at (0,0) size 17x18
            RenderRubyRun (anonymous) at (1547,238) size 17x18
              RenderRubyText {RT} at (-9,0) size 9x18
                RenderText {#text} at (0,0) size 9x18
                  text run at (0,0) width 18: "\x{3044}\x{308F}"
              RenderRubyBase (anonymous) at (0,0) size 17x18
                RenderInline {RB} at (0,0) size 17x18
                  RenderText {#text} at (0,0) size 17x18
                    text run at (0,0) width 17: "\x{5DCC}"
          RenderText {#text} at (1547,256) size 17x127
            text run at (1547,256) width 127: "\x{306E}\x{306A}\x{3044}\x{6240}\x{3067}\x{3055}\x{3048}"
          RenderRuby (inline) {RUBY} at (0,0) size 17x17
            RenderRubyRun (anonymous) at (1547,383) size 17x17
              RenderRubyText {RT} at (-9,0) size 9x17
                RenderText {#text} at (0,4) size 9x9
                  text run at (0,4) width 9: "\x{3042}"
              RenderRubyBase (anonymous) at (0,0) size 17x17
                RenderInline {RB} at (0,0) size 17x17
                  RenderText {#text} at (0,0) size 17x17
                    text run at (0,0) width 17: "\x{6B69}"
          RenderText {#text} at (1547,400) size 43x485
            text run at (1547,400) width 85: "\x{308B}\x{304D}\x{3088}\x{304F}\x{306F}"
            text run at (1573,0) width 238: "\x{306A}\x{3044}\x{3002}\x{5DE6}\x{53F3}\x{304C}\x{9AD8}\x{304F}\x{3063}\x{3066}\x{3001}\x{4E2D}\x{5FC3}\x{304C}"
          RenderRuby (inline) {RUBY} at (0,0) size 17x18
            RenderRubyRun (anonymous) at (1573,238) size 17x18
              RenderRubyText {RT} at (-9,0) size 9x18
                RenderText {#text} at (0,0) size 9x18
                  text run at (0,0) width 18: "\x{304F}\x{307C}"
              RenderRubyBase (anonymous) at (0,0) size 17x18
                RenderInline {RB} at (0,0) size 17x18
                  RenderText {#text} at (0,0) size 17x18
                    text run at (0,0) width 17: "\x{7AAA}"
          RenderText {#text} at (1573,256) size 17x136
            text run at (1573,256) width 136: "\x{3093}\x{3067}\x{3001}\x{307E}\x{308B}\x{3067}\x{4E00}\x{9593}"
          RenderRuby (inline) {RUBY} at (0,0) size 17x18
            RenderRubyRun (anonymous) at (1573,392) size 17x18
              RenderRubyText {RT} at (-9,0) size 9x18
                RenderText {#text} at (0,0) size 9x18
                  text run at (0,0) width 18: "\x{306F}\x{3070}"
              RenderRubyBase (anonymous) at (0,0) size 17x18
                RenderInline {RB} at (0,0) size 17x18
                  RenderText {#text} at (0,0) size 17x18
                    text run at (0,0) width 17: "\x{5E45}"
          RenderText {#text} at (1573,410) size 17x68
            text run at (1573,410) width 68: "\x{3092}\x{4E09}\x{89D2}\x{306B}"
          RenderRuby (inline) {RUBY} at (0,0) size 17x17
            RenderRubyRun (anonymous) at (1599,0) size 17x17
              RenderRubyText {RT} at (-9,0) size 9x17
                RenderText {#text} at (0,4) size 9x9
                  text run at (0,4) width 9: "\x{304F}"
              RenderRubyBase (anonymous) at (0,0) size 17x17
                RenderInline {RB} at (0,0) size 17x17
                  RenderText {#text} at (0,0) size 17x17
                    text run at (0,0) width 17: "\x{7A7F}"
          RenderText {#text} at (1599,17) size 17x144
            text run at (1599,17) width 144: "\x{3063}\x{3066}\x{3001}\x{305D}\x{306E}\x{9802}\x{70B9}\x{304C}"
          RenderRuby (inline) {RUBY} at (0,0) size 17x34
            RenderRubyRun (anonymous) at (1599,160) size 17x36
              RenderRubyText {RT} at (-9,0) size 9x36
                RenderText {#text} at (0,0) size 9x36
                  text run at (0,0) width 36: "\x{307E}\x{3093}\x{306A}\x{304B}"
              RenderRubyBase (anonymous) at (0,0) size 17x36
                RenderInline {RB} at (0,0) size 17x34
                  RenderText {#text} at (0,1) size 17x34
                    text run at (0,1) width 34: "\x{771F}\x{4E2D}"
          RenderText {#text} at (1599,195) size 17x17
            text run at (1599,195) width 17: "\x{3092}"
          RenderRuby (inline) {RUBY} at (0,0) size 17x19
            RenderRubyRun (anonymous) at (1599,208) size 17x27
              RenderRubyText {RT} at (-9,0) size 9x27
                RenderText {#text} at (0,0) size 9x27
                  text run at (0,0) width 27: "\x{3064}\x{3089}\x{306C}"
              RenderRubyBase (anonymous) at (0,0) size 17x27
                RenderInline {RB} at (0,0) size 17x17
                  RenderText {#text} at (0,5) size 17x17
                    text run at (0,5) width 17: "\x{8CAB}"
          RenderText {#text} at (1599,231) size 43x486
            text run at (1599,231) width 255: "\x{3044}\x{3066}\x{3044}\x{308B}\x{3068}\x{8A55}\x{3057}\x{3066}\x{3082}\x{3088}\x{3044}\x{3002}\x{8DEF}\x{3092}\x{884C}"
            text run at (1625,0) width 170: "\x{304F}\x{3068}\x{4E91}\x{308F}\x{3093}\x{3088}\x{308A}\x{5DDD}\x{5E95}\x{3092}"
          RenderRuby (inline) {RUBY} at (0,0) size 17x18
            RenderRubyRun (anonymous) at (1625,170) size 17x18
              RenderRubyText {RT} at (-9,0) size 9x18
                RenderText {#text} at (0,0) size 9x18
                  text run at (0,0) width 18: "\x{308F}\x{305F}"
              RenderRubyBase (anonymous) at (0,0) size 17x18
                RenderInline {RB} at (0,0) size 17x18
                  RenderText {#text} at (0,0) size 17x18
                    text run at (0,0) width 17: "\x{6E09}"
          RenderText {#text} at (1625,188) size 17x170
            text run at (1625,188) width 170: "\x{308B}\x{3068}\x{4E91}\x{3046}\x{65B9}\x{304C}\x{9069}\x{5F53}\x{3060}\x{3002}"
          RenderRuby (inline) {RUBY} at (0,0) size 17x18
            RenderRubyRun (anonymous) at (1625,358) size 17x18
              RenderRubyText {RT} at (-9,0) size 9x18
                RenderText {#text} at (0,0) size 9x18
                  text run at (0,0) width 18: "\x{3082}\x{3068}"
              RenderRubyBase (anonymous) at (0,0) size 17x18
                RenderInline {RB} at (0,0) size 17x18
                  RenderText {#text} at (0,0) size 17x18
                    text run at (0,0) width 17: "\x{56FA}"
          RenderText {#text} at (1625,376) size 43x478
            text run at (1625,376) width 102: "\x{3088}\x{308A}\x{6025}\x{3050}\x{65C5}\x{3067}"
            text run at (1651,0) width 170: "\x{306A}\x{3044}\x{304B}\x{3089}\x{3001}\x{3076}\x{3089}\x{3076}\x{3089}\x{3068}"
          RenderRuby (inline) {RUBY} at (0,0) size 17x34
            RenderRubyRun (anonymous) at (1651,169) size 17x36
              RenderRubyText {RT} at (-9,0) size 9x36
                RenderText {#text} at (0,0) size 9x36
                  text run at (0,0) width 36: "\x{306A}\x{306A}\x{307E}\x{304C}"
              RenderRubyBase (anonymous) at (0,0) size 17x36
                RenderInline {RB} at (0,0) size 17x34
                  RenderText {#text} at (0,1) size 17x34
                    text run at (0,1) width 34: "\x{4E03}\x{66F2}"
          RenderText {#text} at (1651,204) size 17x102
            text run at (1651,204) width 102: "\x{308A}\x{3078}\x{304B}\x{304B}\x{308B}\x{3002}"
          RenderBR {BR} at (1651,306) size 17x0
          RenderText {#text} at (1677,0) size 17x161
            text run at (1677,0) width 161: "\x{3000}\x{305F}\x{3061}\x{307E}\x{3061}\x{8DB3}\x{306E}\x{4E0B}\x{3067}"
          RenderRuby (inline) {RUBY} at (0,0) size 17x34
            RenderRubyRun (anonymous) at (1677,161) size 17x34
              RenderRubyText {RT} at (-9,0) size 9x34
                RenderText {#text} at (0,3) size 9x28
                  text run at (0,3) width 27: "\x{3072}\x{3070}\x{308A}"
              RenderRubyBase (anonymous) at (0,0) size 17x34
                RenderInline {RB} at (0,0) size 17x34
                  RenderText {#text} at (0,0) size 17x34
                    text run at (0,0) width 34: "\x{96F2}\x{96C0}"
          RenderText {#text} at (1677,195) size 17x178
            text run at (1677,195) width 178: "\x{306E}\x{58F0}\x{304C}\x{3057}\x{51FA}\x{3057}\x{305F}\x{3002}\x{8C37}\x{3092}"
          RenderRuby (inline) {RUBY} at (0,0) size 17x34
            RenderRubyRun (anonymous) at (1677,373) size 17x34
              RenderRubyText {RT} at (-9,0) size 9x34
                RenderText {#text} at (0,3) size 9x28
                  text run at (0,3) width 27: "\x{307F}\x{304A}\x{308D}"
              RenderRubyBase (anonymous) at (0,0) size 17x34
                RenderInline {RB} at (0,0) size 17x34
                  RenderText {#text} at (0,0) size 17x34
                    text run at (0,0) width 34: "\x{898B}\x{4E0B}"
          RenderText {#text} at (1677,407) size 60x476
            text run at (1677,407) width 68: "\x{3057}\x{305F}\x{304C}\x{3001}"
            text run at (1694,0) width 476: "\x{3069}\x{3053}\x{3067}\x{9CF4}\x{3044}\x{3066}\x{308B}\x{304B}\x{5F71}\x{3082}\x{5F62}\x{3082}\x{898B}\x{3048}\x{306C}\x{3002}\x{305F}\x{3060}\x{58F0}\x{3060}\x{3051}\x{304C}\x{660E}\x{3089}\x{304B}\x{306B}\x{805E}\x{3048}"
            text run at (1720,0) width 102: "\x{308B}\x{3002}\x{305B}\x{3063}\x{305B}\x{3068}"
          RenderRuby (inline) {RUBY} at (0,0) size 17x18
            RenderRubyRun (anonymous) at (1720,102) size 17x18
              RenderRubyText {RT} at (-9,0) size 9x18
                RenderText {#text} at (0,0) size 9x18
                  text run at (0,0) width 18: "\x{305B}\x{308F}"
              RenderRubyBase (anonymous) at (0,0) size 17x18
                RenderInline {RB} at (0,0) size 17x18
                  RenderText {#text} at (0,0) size 17x18
                    text run at (0,0) width 17: "\x{5FD9}"
          RenderText {#text} at (1720,120) size 17x51
            text run at (1720,120) width 51: "\x{3057}\x{304F}\x{3001}"
          RenderRuby (inline) {RUBY} at (0,0) size 17x34
            RenderRubyRun (anonymous) at (1720,171) size 17x34
              RenderRubyText {RT} at (-9,0) size 9x34
                RenderText {#text} at (0,3) size 9x28
                  text run at (0,3) width 27: "\x{305F}\x{3048}\x{307E}"
              RenderRubyBase (anonymous) at (0,0) size 17x34
                RenderInline {RB} at (0,0) size 17x34
                  RenderText {#text} at (0,0) size 17x34
                    text run at (0,0) width 34: "\x{7D76}\x{9593}"
          RenderText {#text} at (1720,205) size 17x136
            text run at (1720,205) width 136: "\x{306A}\x{304F}\x{9CF4}\x{3044}\x{3066}\x{3044}\x{308B}\x{3002}"
          RenderRuby (inline) {RUBY} at (0,0) size 17x51
            RenderRubyRun (anonymous) at (1720,341) size 17x51
              RenderRubyText {RT} at (-9,0) size 9x51
                RenderText {#text} at (0,3) size 9x45
                  text run at (0,3) width 45: "\x{307B}\x{3046}\x{3044}\x{304F}\x{308A}"
              RenderRubyBase (anonymous) at (0,0) size 17x51
                RenderInline {RB} at (0,0) size 17x51
                  RenderText {#text} at (0,0) size 17x51
                    text run at (0,0) width 51: "\x{65B9}\x{5E7E}\x{91CC}"
          RenderText {#text} at (1720,392) size 43x485
            text run at (1720,392) width 93: "\x{306E}\x{7A7A}\x{6C17}\x{304C}\x{4E00}"
            text run at (1746,0) width 34: "\x{9762}\x{306B}"
          RenderRuby (inline) {RUBY} at (0,0) size 17x18
            RenderRubyRun (anonymous) at (1746,32) size 17x22
              RenderRubyText {RT} at (-9,0) size 9x22
                RenderText {#text} at (0,0) size 9x22
                  text run at (0,0) width 22: "\x{306E}\x{307F}"
              RenderRubyBase (anonymous) at (0,0) size 17x22
                RenderInline {RB} at (0,0) size 17x18
                  RenderText {#text} at (0,2) size 17x18
                    text run at (0,2) width 17: "\x{86A4}"
          RenderText {#text} at (1746,52) size 43x476
            text run at (1746,52) width 424: "\x{306B}\x{523A}\x{3055}\x{308C}\x{3066}\x{3044}\x{305F}\x{305F}\x{307E}\x{308C}\x{306A}\x{3044}\x{3088}\x{3046}\x{306A}\x{6C17}\x{304C}\x{3059}\x{308B}\x{3002}\x{3042}\x{306E}\x{9CE5}\x{306E}"
            text run at (1772,0) width 34: "\x{9CF4}\x{304F}"
          RenderRuby (inline) {RUBY} at (0,0) size 17x17
            RenderRubyRun (anonymous) at (1772,34) size 17x17
              RenderRubyText {RT} at (-9,0) size 9x17
                RenderText {#text} at (0,4) size 9x9
                  text run at (0,4) width 9: "\x{306D}"
              RenderRubyBase (anonymous) at (0,0) size 17x17
                RenderInline {RB} at (0,0) size 17x17
                  RenderText {#text} at (0,0) size 17x17
                    text run at (0,0) width 17: "\x{97F3}"
          RenderText {#text} at (1772,51) size 77x484
            text run at (1772,51) width 415: "\x{306B}\x{306F}\x{77AC}\x{6642}\x{306E}\x{4F59}\x{88D5}\x{3082}\x{306A}\x{3044}\x{3002}\x{306E}\x{3069}\x{304B}\x{306A}\x{6625}\x{306E}\x{65E5}\x{3092}\x{9CF4}\x{304D}\x{5C3D}\x{304F}"
            text run at (1789,0) width 459: "\x{3057}\x{3001}\x{9CF4}\x{304D}\x{3042}\x{304B}\x{3057}\x{3001}\x{307E}\x{305F}\x{9CF4}\x{304D}\x{66AE}\x{3089}\x{3055}\x{306A}\x{3051}\x{308C}\x{3070}\x{6C17}\x{304C}\x{6E08}\x{307E}\x{3093}\x{3068}\x{898B}\x{3048}"
            text run at (1806,0) width 484: "\x{308B}\x{3002}\x{305D}\x{306E}\x{4E0A}\x{3069}\x{3053}\x{307E}\x{3067}\x{3082}\x{767B}\x{3063}\x{3066}\x{884C}\x{304F}\x{3001}\x{3044}\x{3064}\x{307E}\x{3067}\x{3082}\x{767B}\x{3063}\x{3066}\x{884C}\x{304F}\x{3002}\x{96F2}"
            text run at (1832,0) width 382: "\x{96C0}\x{306F}\x{304D}\x{3063}\x{3068}\x{96F2}\x{306E}\x{4E2D}\x{3067}\x{6B7B}\x{306C}\x{306B}\x{76F8}\x{9055}\x{306A}\x{3044}\x{3002}\x{767B}\x{308A}\x{8A70}\x{3081}\x{305F}"
          RenderRuby (inline) {RUBY} at (0,0) size 17x34
            RenderRubyRun (anonymous) at (1832,382) size 17x34
              RenderRubyText {RT} at (-9,0) size 9x34
                RenderText {#text} at (0,3) size 9x28
                  text run at (0,3) width 27: "\x{3042}\x{3052}\x{304F}"
              RenderRubyBase (anonymous) at (0,0) size 17x34
                RenderInline {RB} at (0,0) size 17x34
                  RenderText {#text} at (0,0) size 17x34
                    text run at (0,0) width 34: "\x{63DA}\x{53E5}"
          RenderText {#text} at (1832,416) size 43x484
            text run at (1832,416) width 68: "\x{306F}\x{3001}\x{6D41}\x{308C}"
            text run at (1858,0) width 51: "\x{3066}\x{96F2}\x{306B}"
          RenderRuby (inline) {RUBY} at (0,0) size 17x17
            RenderRubyRun (anonymous) at (1858,51) size 17x17
              RenderRubyText {RT} at (-9,0) size 9x17
                RenderText {#text} at (0,4) size 9x9
                  text run at (0,4) width 9: "\x{3044}"
              RenderRubyBase (anonymous) at (0,0) size 17x17
                RenderInline {RB} at (0,0) size 17x17
                  RenderText {#text} at (0,0) size 17x17
                    text run at (0,0) width 17: "\x{5165}"
          RenderText {#text} at (1858,68) size 17x51
            text run at (1858,68) width 51: "\x{3063}\x{3066}\x{3001}"
          RenderRuby (inline) {RUBY} at (0,0) size 17x19
            RenderRubyRun (anonymous) at (1858,115) size 17x27
              RenderRubyText {RT} at (-9,0) size 9x27
                RenderText {#text} at (0,0) size 9x27
                  text run at (0,0) width 27: "\x{305F}\x{3060}\x{3088}"
              RenderRubyBase (anonymous) at (0,0) size 17x27
                RenderInline {RB} at (0,0) size 17x17
                  RenderText {#text} at (0,5) size 17x17
                    text run at (0,5) width 17: "\x{6F02}"
          RenderText {#text} at (1858,138) size 43x478
            text run at (1858,138) width 340: "\x{3046}\x{3066}\x{3044}\x{308B}\x{3046}\x{3061}\x{306B}\x{5F62}\x{306F}\x{6D88}\x{3048}\x{3066}\x{306A}\x{304F}\x{306A}\x{3063}\x{3066}\x{3001}\x{305F}\x{3060}"
            text run at (1884,0) width 110: "\x{58F0}\x{3060}\x{3051}\x{304C}\x{7A7A}\x{306E}"
          RenderRuby (inline) {RUBY} at (0,0) size 17x18
            RenderRubyRun (anonymous) at (1884,110) size 17x18
              RenderRubyText {RT} at (-9,0) size 9x18
                RenderText {#text} at (0,0) size 9x18
                  text run at (0,0) width 18: "\x{3046}\x{3061}"
              RenderRubyBase (anonymous) at (0,0) size 17x18
                RenderInline {RB} at (0,0) size 17x18
                  RenderText {#text} at (0,0) size 17x18
                    text run at (0,0) width 17: "\x{88E1}"
          RenderText {#text} at (1884,128) size 17x195
            text run at (1884,128) width 195: "\x{306B}\x{6B8B}\x{308B}\x{306E}\x{304B}\x{3082}\x{77E5}\x{308C}\x{306A}\x{3044}\x{3002}"
          RenderBR {BR} at (1884,323) size 17x0
          RenderText {#text} at (1910,0) size 17x17
            text run at (1910,0) width 17: "\x{3000}"
          RenderRuby (inline) {RUBY} at (0,0) size 17x34
            RenderRubyRun (anonymous) at (1910,16) size 17x36
              RenderRubyText {RT} at (-9,0) size 9x36
                RenderText {#text} at (0,0) size 9x36
                  text run at (0,0) width 36: "\x{3044}\x{308F}\x{304B}\x{3069}"
              RenderRubyBase (anonymous) at (0,0) size 17x36
                RenderInline {RB} at (0,0) size 17x34
                  RenderText {#text} at (0,1) size 17x34
                    text run at (0,1) width 34: "\x{5DCC}\x{89D2}"
          RenderText {#text} at (1910,51) size 17x136
            text run at (1910,51) width 136: "\x{3092}\x{92ED}\x{3069}\x{304F}\x{5EFB}\x{3063}\x{3066}\x{3001}"
          RenderRuby (inline) {RUBY} at (0,0) size 17x34
            RenderRubyRun (anonymous) at (1910,187) size 17x34
              RenderRubyText {RT} at (-9,0) size 9x34
                RenderText {#text} at (0,3) size 9x28
                  text run at (0,3) width 27: "\x{3042}\x{3093}\x{307E}"
              RenderRubyBase (anonymous) at (0,0) size 17x34
                RenderInline {RB} at (0,0) size 17x34
                  RenderText {#text} at (0,0) size 17x34
                    text run at (0,0) width 34: "\x{6309}\x{6469}"
          RenderText {#text} at (1910,221) size 17x34
            text run at (1910,221) width 34: "\x{306A}\x{3089}"
          RenderRuby (inline) {RUBY} at (0,0) size 17x52
            RenderRubyRun (anonymous) at (1910,254) size 17x54
              RenderRubyText {RT} at (-9,0) size 9x54
                RenderText {#text} at (0,0) size 9x54
                  text run at (0,0) width 54: "\x{307E}\x{3063}\x{3055}\x{304B}\x{3055}\x{307E}"
              RenderRubyBase (anonymous) at (0,0) size 17x54
                RenderInline {RB} at (0,0) size 17x52
                  RenderText {#text} at (0,1) size 17x52
                    text run at (0,1) width 51: "\x{771F}\x{9006}\x{69D8}"
          RenderText {#text} at (1910,307) size 17x153
            text run at (1910,307) width 153: "\x{306B}\x{843D}\x{3064}\x{308B}\x{3068}\x{3053}\x{308D}\x{3092}\x{3001}"
          RenderRuby (inline) {RUBY} at (0,0) size 17x18
            RenderRubyRun (anonymous) at (1910,460) size 17x18
              RenderRubyText {RT} at (-9,0) size 9x18
                RenderText {#text} at (0,0) size 9x18
                  text run at (0,0) width 18: "\x{304D}\x{308F}"
              RenderRubyBase (anonymous) at (0,0) size 17x18
                RenderInline {RB} at (0,0) size 17x18
                  RenderText {#text} at (0,0) size 17x18
                    text run at (0,0) width 17: "\x{969B}"
          RenderText {#text} at (1936,0) size 17x170
            text run at (1936,0) width 170: "\x{3069}\x{304F}\x{53F3}\x{3078}\x{5207}\x{308C}\x{3066}\x{3001}\x{6A2A}\x{306B}"
          RenderRuby (inline) {RUBY} at (0,0) size 17x34
            RenderRubyRun (anonymous) at (1936,170) size 17x34
              RenderRubyText {RT} at (-9,0) size 9x34
                RenderText {#text} at (0,3) size 9x28
                  text run at (0,3) width 27: "\x{307F}\x{304A}\x{308D}"
              RenderRubyBase (anonymous) at (0,0) size 17x34
                RenderInline {RB} at (0,0) size 17x34
                  RenderText {#text} at (0,0) size 17x34
                    text run at (0,0) width 34: "\x{898B}\x{4E0B}"
          RenderText {#text} at (1936,204) size 17x51
            text run at (1936,204) width 51: "\x{3059}\x{3068}\x{3001}"
          RenderRuby (inline) {RUBY} at (0,0) size 17x17
            RenderRubyRun (anonymous) at (1936,255) size 17x17
              RenderRubyText {RT} at (-9,0) size 9x17
                RenderText {#text} at (0,4) size 9x9
                  text run at (0,4) width 9: "\x{306A}"
              RenderRubyBase (anonymous) at (0,0) size 17x17
                RenderInline {RB} at (0,0) size 17x17
                  RenderText {#text} at (0,0) size 17x17
                    text run at (0,0) width 17: "\x{83DC}"
          RenderText {#text} at (1936,272) size 43x484
            text run at (1936,272) width 212: "\x{306E}\x{82B1}\x{304C}\x{4E00}\x{9762}\x{306B}\x{898B}\x{3048}\x{308B}\x{3002}\x{96F2}\x{96C0}"
            text run at (1962,0) width 373: "\x{306F}\x{3042}\x{3059}\x{3053}\x{3078}\x{843D}\x{3061}\x{308B}\x{306E}\x{304B}\x{3068}\x{601D}\x{3063}\x{305F}\x{3002}\x{3044}\x{3044}\x{3084}\x{3001}\x{3042}\x{306E}"
          RenderRuby (inline) {RUBY} at (0,0) size 17x34
            RenderRubyRun (anonymous) at (1962,373) size 17x34
              RenderRubyText {RT} at (-9,0) size 9x34
                RenderText {#text} at (0,3) size 9x28
                  text run at (0,3) width 27: "\x{3053}\x{304C}\x{306D}"
              RenderRubyBase (anonymous) at (0,0) size 17x34
                RenderInline {RB} at (0,0) size 17x34
                  RenderText {#text} at (0,0) size 17x34
                    text run at (0,0) width 34: "\x{9EC4}\x{91D1}"
          RenderText {#text} at (1962,407) size 43x483
            text run at (1962,407) width 76: "\x{306E}\x{539F}\x{304B}\x{3089}"
            text run at (1988,0) width 433: "\x{98DB}\x{3073}\x{4E0A}\x{304C}\x{3063}\x{3066}\x{304F}\x{308B}\x{306E}\x{304B}\x{3068}\x{601D}\x{3063}\x{305F}\x{3002}\x{6B21}\x{306B}\x{306F}\x{843D}\x{3061}\x{308B}\x{96F2}\x{96C0}\x{3068}\x{3001}"
          RenderRuby (inline) {RUBY} at (0,0) size 17x18
            RenderRubyRun (anonymous) at (1988,433) size 17x18
              RenderRubyText {RT} at (-9,0) size 9x18
                RenderText {#text} at (0,0) size 9x18
                  text run at (0,0) width 18: "\x{3042}\x{304C}"
              RenderRubyBase (anonymous) at (0,0) size 17x18
                RenderInline {RB} at (0,0) size 17x18
                  RenderText {#text} at (0,0) size 17x18
                    text run at (0,0) width 17: "\x{4E0A}"
          RenderText {#text} at (1988,451) size 17x17
            text run at (1988,451) width 17: "\x{308B}"
          RenderRuby (inline) {RUBY} at (0,0) size 17x34
            RenderRubyRun (anonymous) at (2014,0) size 17x34
              RenderRubyText {RT} at (-9,0) size 9x34
                RenderText {#text} at (0,3) size 9x28
                  text run at (0,3) width 27: "\x{3072}\x{3070}\x{308A}"
              RenderRubyBase (anonymous) at (0,0) size 17x34
                RenderInline {RB} at (0,0) size 17x34
                  RenderText {#text} at (0,0) size 17x34
                    text run at (0,0) width 34: "\x{96F2}\x{96C0}"
          RenderText {#text} at (2014,34) size 43x484
            text run at (2014,34) width 450: "\x{304C}\x{5341}\x{6587}\x{5B57}\x{306B}\x{3059}\x{308C}\x{9055}\x{3046}\x{306E}\x{304B}\x{3068}\x{601D}\x{3063}\x{305F}\x{3002}\x{6700}\x{5F8C}\x{306B}\x{3001}\x{843D}\x{3061}\x{308B}\x{6642}\x{3082}\x{3001}"
            text run at (2040,0) width 187: "\x{4E0A}\x{308B}\x{6642}\x{3082}\x{3001}\x{307E}\x{305F}\x{5341}\x{6587}\x{5B57}\x{306B}"
          RenderRuby (inline) {RUBY} at (0,0) size 17x17
            RenderRubyRun (anonymous) at (2040,187) size 17x17
              RenderRubyText {RT} at (-9,0) size 9x17
                RenderText {#text} at (0,4) size 9x9
                  text run at (0,4) width 9: "\x{3059}"
              RenderRubyBase (anonymous) at (0,0) size 17x17
                RenderInline {RB} at (0,0) size 17x17
                  RenderText {#text} at (0,0) size 17x17
                    text run at (0,0) width 17: "\x{64E6}"
          RenderText {#text} at (2040,204) size 34x476
            text run at (2040,204) width 272: "\x{308C}\x{9055}\x{3046}\x{3068}\x{304D}\x{306B}\x{3082}\x{5143}\x{6C17}\x{3088}\x{304F}\x{9CF4}\x{304D}\x{3064}\x{3065}\x{3051}"
            text run at (2057,0) width 153: "\x{308B}\x{3060}\x{308D}\x{3046}\x{3068}\x{601D}\x{3063}\x{305F}\x{3002}"
          RenderBR {BR} at (2057,153) size 17x0
          RenderText {#text} at (2083,0) size 17x204
            text run at (2083,0) width 204: "\x{3000}\x{6625}\x{306F}\x{7720}\x{304F}\x{306A}\x{308B}\x{3002}\x{732B}\x{306F}\x{9F20}\x{3092}"
          RenderRuby (inline) {RUBY} at (0,0) size 17x17
            RenderRubyRun (anonymous) at (2083,204) size 17x17
              RenderRubyText {RT} at (-9,0) size 9x17
                RenderText {#text} at (0,4) size 9x9
                  text run at (0,4) width 9: "\x{3068}"
              RenderRubyBase (anonymous) at (0,0) size 17x17
                RenderInline {RB} at (0,0) size 17x17
                  RenderText {#text} at (0,0) size 17x17
                    text run at (0,0) width 17: "\x{6355}"
          RenderText {#text} at (2083,221) size 43x484
            text run at (2083,221) width 263: "\x{308B}\x{4E8B}\x{3092}\x{5FD8}\x{308C}\x{3001}\x{4EBA}\x{9593}\x{306F}\x{501F}\x{91D1}\x{306E}\x{3042}\x{308B}\x{4E8B}"
            text run at (2109,0) width 195: "\x{3092}\x{5FD8}\x{308C}\x{308B}\x{3002}\x{6642}\x{306B}\x{306F}\x{81EA}\x{5206}\x{306E}"
          RenderRuby (inline) {RUBY} at (0,0) size 17x28
            RenderRubyRun (anonymous) at (2109,191) size 17x36
              RenderRubyText {RT} at (-9,0) size 9x36
                RenderText {#text} at (0,0) size 9x36
                  text run at (0,0) width 36: "\x{305F}\x{307E}\x{3057}\x{3044}"
              RenderRubyBase (anonymous) at (0,0) size 17x36
                RenderInline {RB} at (0,0) size 17x18
                  RenderText {#text} at (0,9) size 17x18
                    text run at (0,9) width 17: "\x{9B42}"
          RenderText {#text} at (2109,223) size 17x25
            text run at (2109,223) width 25: "\x{306E}"
          RenderRuby (inline) {RUBY} at (0,0) size 17x34
            RenderRubyRun (anonymous) at (2109,247) size 17x36
              RenderRubyText {RT} at (-9,0) size 9x36
                RenderText {#text} at (0,0) size 9x36
                  text run at (0,0) width 36: "\x{3044}\x{3069}\x{3053}\x{308D}"
              RenderRubyBase (anonymous) at (0,0) size 17x36
                RenderInline {RB} at (0,0) size 17x34
                  RenderText {#text} at (0,1) size 17x34
                    text run at (0,1) width 34: "\x{5C45}\x{6240}"
          RenderText {#text} at (2109,282) size 43x486
            text run at (2109,282) width 204: "\x{3055}\x{3048}\x{5FD8}\x{308C}\x{3066}\x{6B63}\x{4F53}\x{306A}\x{304F}\x{306A}\x{308B}\x{3002}"
            text run at (2135,0) width 280: "\x{305F}\x{3060}\x{83DC}\x{306E}\x{82B1}\x{3092}\x{9060}\x{304F}\x{671B}\x{3093}\x{3060}\x{3068}\x{304D}\x{306B}\x{773C}\x{304C}"
          RenderRuby (inline) {RUBY} at (0,0) size 17x17
            RenderRubyRun (anonymous) at (2135,280) size 17x17
              RenderRubyText {RT} at (-9,0) size 9x17
                RenderText {#text} at (0,4) size 9x9
                  text run at (0,4) width 9: "\x{3055}"
              RenderRubyBase (anonymous) at (0,0) size 17x17
                RenderInline {RB} at (0,0) size 17x17
                  RenderText {#text} at (0,0) size 17x17
                    text run at (0,0) width 17: "\x{9192}"
          RenderText {#text} at (2135,297) size 43x475
            text run at (2135,297) width 178: "\x{3081}\x{308B}\x{3002}\x{96F2}\x{96C0}\x{306E}\x{58F0}\x{3092}\x{805E}\x{3044}"
            text run at (2161,0) width 178: "\x{305F}\x{3068}\x{304D}\x{306B}\x{9B42}\x{306E}\x{3042}\x{308A}\x{304B}\x{304C}"
          RenderRuby (inline) {RUBY} at (0,0) size 17x34
            RenderRubyRun (anonymous) at (2161,177) size 17x36
              RenderRubyText {RT} at (-9,0) size 9x36
                RenderText {#text} at (0,0) size 9x36
                  text run at (0,0) width 36: "\x{306F}\x{3093}\x{305C}\x{3093}"
              RenderRubyBase (anonymous) at (0,0) size 17x36
                RenderInline {RB} at (0,0) size 17x34
                  RenderText {#text} at (0,1) size 17x34
                    text run at (0,1) width 34: "\x{5224}\x{7136}"
          RenderText {#text} at (2161,212) size 68x491
            text run at (2161,212) width 279: "\x{3059}\x{308B}\x{3002}\x{96F2}\x{96C0}\x{306E}\x{9CF4}\x{304F}\x{306E}\x{306F}\x{53E3}\x{3067}\x{9CF4}\x{304F}\x{306E}"
            text run at (2178,0) width 475: "\x{3067}\x{306F}\x{306A}\x{3044}\x{3001}\x{9B42}\x{5168}\x{4F53}\x{304C}\x{9CF4}\x{304F}\x{306E}\x{3060}\x{3002}\x{9B42}\x{306E}\x{6D3B}\x{52D5}\x{304C}\x{58F0}\x{306B}\x{3042}\x{3089}\x{308F}\x{308C}\x{305F}\x{3082}"
            text run at (2195,0) width 491: "\x{306E}\x{306E}\x{3046}\x{3061}\x{3067}\x{3001}\x{3042}\x{308C}\x{307B}\x{3069}\x{5143}\x{6C17}\x{306E}\x{3042}\x{308B}\x{3082}\x{306E}\x{306F}\x{306A}\x{3044}\x{3002}\x{3042}\x{3042}\x{6109}\x{5FEB}\x{3060}\x{3002}"
            text run at (2212,0) width 348: "\x{3053}\x{3046}\x{601D}\x{3063}\x{3066}\x{3001}\x{3053}\x{3046}\x{6109}\x{5FEB}\x{306B}\x{306A}\x{308B}\x{306E}\x{304C}\x{8A69}\x{3067}\x{3042}\x{308B}\x{3002}"
          RenderBR {BR} at (2212,348) size 17x0
          RenderText {#text} at (2229,0) size 43x483
            text run at (2229,0) width 483: "\x{3000}\x{305F}\x{3061}\x{307E}\x{3061}\x{30B7}\x{30A7}\x{30EC}\x{30FC}\x{306E}\x{96F2}\x{96C0}\x{306E}\x{8A69}\x{3092}\x{601D}\x{3044}\x{51FA}\x{3057}\x{3066}\x{3001}\x{53E3}\x{306E}\x{3046}\x{3061}\x{3067}\x{899A}"
            text run at (2255,0) width 119: "\x{3048}\x{305F}\x{3068}\x{3053}\x{308D}\x{3060}\x{3051}"
          RenderRuby (inline) {RUBY} at (0,0) size 17x37
            RenderRubyRun (anonymous) at (2255,115) size 17x45
              RenderRubyText {RT} at (-9,0) size 9x45
                RenderText {#text} at (0,0) size 9x45
                  text run at (0,0) width 45: "\x{3042}\x{3093}\x{3057}\x{3087}\x{3046}"
              RenderRubyBase (anonymous) at (0,0) size 17x45
                RenderInline {RB} at (0,0) size 17x35
                  RenderText {#text} at (0,5) size 17x35
                    text run at (0,5) width 34: "\x{6697}\x{8AA6}"
          RenderText {#text} at (2255,156) size 34x479
            text run at (2255,156) width 323: "\x{3057}\x{3066}\x{898B}\x{305F}\x{304C}\x{3001}\x{899A}\x{3048}\x{3066}\x{3044}\x{308B}\x{3068}\x{3053}\x{308D}\x{306F}\x{4E8C}\x{4E09}\x{53E5}\x{3057}"
            text run at (2272,0) width 415: "\x{304B}\x{306A}\x{304B}\x{3063}\x{305F}\x{3002}\x{305D}\x{306E}\x{4E8C}\x{4E09}\x{53E5}\x{306E}\x{306A}\x{304B}\x{306B}\x{3053}\x{3093}\x{306A}\x{306E}\x{304C}\x{3042}\x{308B}\x{3002}"
          RenderBR {BR} at (2272,415) size 17x0
        RenderBlock {DIV} at (2289,32) size 85x460
          RenderText {#text} at (0,0) size 17x191
            text run at (0,0) width 191: "\x{3000}\x{3000}We look before and after"
          RenderBR {BR} at (0,191) size 17x0
          RenderText {#text} at (17,0) size 17x226
            text run at (17,0) width 226: "\x{3000}\x{3000}\x{3000}\x{3000}And pine for what is not:"
          RenderBR {BR} at (17,226) size 17x0
          RenderText {#text} at (34,0) size 17x172
            text run at (34,0) width 172: "\x{3000}\x{3000}Our sincerest laughter"
          RenderBR {BR} at (34,172) size 17x0
          RenderText {#text} at (51,0) size 17x234
            text run at (51,0) width 234: "\x{3000}\x{3000}\x{3000}\x{3000}With some pain is fraught;"
          RenderBR {BR} at (51,234) size 17x0
          RenderText {#text} at (68,0) size 17x355
            text run at (68,0) width 355: "Our sweetest songs are those that tell of saddest thought."
          RenderBR {BR} at (68,355) size 17x0
        RenderBlock (anonymous) at (2374,0) size 1665x492
          RenderText {#text} at (9,0) size 17x119
            text run at (9,0) width 119: "\x{300C}\x{524D}\x{3092}\x{307F}\x{3066}\x{306F}\x{3001}"
          RenderRuby (inline) {RUBY} at (0,0) size 17x18
            RenderRubyRun (anonymous) at (9,119) size 17x18
              RenderRubyText {RT} at (-9,0) size 9x18
                RenderText {#text} at (0,0) size 9x18
                  text run at (0,0) width 18: "\x{3057}\x{308A}"
              RenderRubyBase (anonymous) at (0,0) size 17x18
                RenderInline {RB} at (0,0) size 17x18
                  RenderText {#text} at (0,0) size 17x18
                    text run at (0,0) width 17: "\x{5F8C}"
          RenderText {#text} at (9,137) size 17x102
            text run at (9,137) width 102: "\x{3048}\x{3092}\x{898B}\x{3066}\x{306F}\x{3001}"
          RenderRuby (inline) {RUBY} at (0,0) size 17x34
            RenderRubyRun (anonymous) at (9,239) size 17x34
              RenderRubyText {RT} at (-9,0) size 9x34
                RenderText {#text} at (0,1) size 9x32
                  text run at (0,1) width 31: "\x{3082}\x{306E}\x{307B}"
              RenderRubyBase (anonymous) at (0,0) size 17x34
                RenderInline {RB} at (0,0) size 17x34
                  RenderText {#text} at (0,0) size 17x34
                    text run at (0,0) width 34: "\x{7269}\x{6B32}"
          RenderText {#text} at (9,273) size 60x475
            text run at (9,273) width 187: "\x{3057}\x{3068}\x{3001}\x{3042}\x{3053}\x{304C}\x{308B}\x{308B}\x{304B}\x{306A}\x{308F}"
            text run at (26,0) width 475: "\x{308C}\x{3002}\x{8179}\x{304B}\x{3089}\x{306E}\x{3001}\x{7B11}\x{3068}\x{3044}\x{3048}\x{3069}\x{3001}\x{82E6}\x{3057}\x{307F}\x{306E}\x{3001}\x{305D}\x{3053}\x{306B}\x{3042}\x{308B}\x{3079}\x{3057}\x{3002}\x{3046}"
            text run at (52,0) width 85: "\x{3064}\x{304F}\x{3057}\x{304D}\x{3001}"
          RenderRuby (inline) {RUBY} at (0,0) size 17x18
            RenderRubyRun (anonymous) at (52,85) size 17x18
              RenderRubyText {RT} at (-9,0) size 9x18
                RenderText {#text} at (0,0) size 9x18
                  text run at (0,0) width 18: "\x{304D}\x{308F}"
              RenderRubyBase (anonymous) at (0,0) size 17x18
                RenderInline {RB} at (0,0) size 17x18
                  RenderText {#text} at (0,0) size 17x18
                    text run at (0,0) width 17: "\x{6975}"
          RenderText {#text} at (52,103) size 17x245
            text run at (52,103) width 245: "\x{307F}\x{306E}\x{6B4C}\x{306B}\x{3001}\x{60B2}\x{3057}\x{3055}\x{306E}\x{3001}\x{6975}\x{307F}\x{306E}"
          RenderRuby (inline) {RUBY} at (0,0) size 17x19
            RenderRubyRun (anonymous) at (52,344) size 17x27
              RenderRubyText {RT} at (-9,0) size 9x27
                RenderText {#text} at (0,0) size 9x27
                  text run at (0,0) width 27: "\x{304A}\x{3082}\x{3044}"
              RenderRubyBase (anonymous) at (0,0) size 17x27
                RenderInline {RB} at (0,0) size 17x17
                  RenderText {#text} at (0,5) size 17x17
                    text run at (0,5) width 17: "\x{60F3}"
          RenderText {#text} at (52,367) size 17x17
            text run at (52,367) width 17: "\x{3001}"
          RenderRuby (inline) {RUBY} at (0,0) size 17x18
            RenderRubyRun (anonymous) at (52,384) size 17x18
              RenderRubyText {RT} at (-9,0) size 9x18
                RenderText {#text} at (0,0) size 9x18
                  text run at (0,0) width 18: "\x{3053}\x{3082}"
              RenderRubyBase (anonymous) at (0,0) size 17x18
                RenderInline {RB} at (0,0) size 17x18
                  RenderText {#text} at (0,0) size 17x18
                    text run at (0,0) width 17: "\x{7C60}"
          RenderText {#text} at (52,402) size 34x470
            text run at (52,402) width 68: "\x{308B}\x{3068}\x{305E}\x{77E5}"
            text run at (69,0) width 34: "\x{308C}\x{300D}"
          RenderBR {BR} at (69,34) size 17x0
          RenderText {#text} at (86,0) size 43x458
            text run at (86,0) width 458: "\x{3000}\x{306A}\x{308B}\x{307B}\x{3069}\x{3044}\x{304F}\x{3089}\x{8A69}\x{4EBA}\x{304C}\x{5E78}\x{798F}\x{3067}\x{3082}\x{3001}\x{3042}\x{306E}\x{96F2}\x{96C0}\x{306E}\x{3088}\x{3046}\x{306B}\x{601D}\x{3044}"
            text run at (112,0) width 425: "\x{5207}\x{3063}\x{3066}\x{3001}\x{4E00}\x{5FC3}\x{4E0D}\x{4E71}\x{306B}\x{3001}\x{524D}\x{5F8C}\x{3092}\x{5FD8}\x{5374}\x{3057}\x{3066}\x{3001}\x{308F}\x{304C}\x{559C}\x{3073}\x{3092}\x{6B4C}\x{3046}"
          RenderRuby (inline) {RUBY} at (0,0) size 17x18
            RenderRubyRun (anonymous) at (112,425) size 17x18
              RenderRubyText {RT} at (-9,0) size 9x18
                RenderText {#text} at (0,0) size 9x18
                  text run at (0,0) width 18: "\x{308F}\x{3051}"
              RenderRubyBase (anonymous) at (0,0) size 17x18
                RenderInline {RB} at (0,0) size 17x18
                  RenderText {#text} at (0,0) size 17x18
                    text run at (0,0) width 17: "\x{8A33}"
          RenderText {#text} at (112,443) size 43x477
            text run at (112,443) width 34: "\x{306B}\x{306F}"
            text run at (138,0) width 432: "\x{884C}\x{304F}\x{307E}\x{3044}\x{3002}\x{897F}\x{6D0B}\x{306E}\x{8A69}\x{306F}\x{7121}\x{8AD6}\x{306E}\x{4E8B}\x{3001}\x{652F}\x{90A3}\x{306E}\x{8A69}\x{306B}\x{3082}\x{3001}\x{3088}\x{304F}"
          RenderRuby (inline) {RUBY} at (0,0) size 17x34
            RenderRubyRun (anonymous) at (138,431) size 17x36
              RenderRubyText {RT} at (-9,0) size 9x36
                RenderText {#text} at (0,0) size 9x36
                  text run at (0,0) width 36: "\x{3070}\x{3093}\x{3053}\x{304F}"
              RenderRubyBase (anonymous) at (0,0) size 17x36
                RenderInline {RB} at (0,0) size 17x34
                  RenderText {#text} at (0,1) size 17x34
                    text run at (0,1) width 34: "\x{4E07}\x{659B}"
          RenderText {#text} at (138,466) size 17x25
            text run at (138,466) width 25: "\x{306E}"
          RenderRuby (inline) {RUBY} at (0,0) size 17x23
            RenderRubyRun (anonymous) at (164,0) size 17x27
              RenderRubyText {RT} at (-9,0) size 9x27
                RenderText {#text} at (0,0) size 9x27
                  text run at (0,0) width 27: "\x{3046}\x{308C}\x{3044}"
              RenderRubyBase (anonymous) at (0,0) size 17x27
                RenderInline {RB} at (0,0) size 17x17
                  RenderText {#text} at (0,5) size 17x17
                    text run at (0,5) width 17: "\x{6101}"
          RenderText {#text} at (164,23) size 17x306
            text run at (164,23) width 306: "\x{306A}\x{3069}\x{3068}\x{4E91}\x{3046}\x{5B57}\x{304C}\x{3042}\x{308B}\x{3002}\x{8A69}\x{4EBA}\x{3060}\x{304B}\x{3089}\x{4E07}\x{659B}\x{3067}"
          RenderRuby (inline) {RUBY} at (0,0) size 17x34
            RenderRubyRun (anonymous) at (164,328) size 17x36
              RenderRubyText {RT} at (-9,0) size 9x36
                RenderText {#text} at (0,0) size 9x36
                  text run at (0,0) width 36: "\x{3057}\x{308D}\x{3046}\x{3068}"
              RenderRubyBase (anonymous) at (0,0) size 17x36
                RenderInline {RB} at (0,0) size 17x34
                  RenderText {#text} at (0,1) size 17x34
                    text run at (0,1) width 34: "\x{7D20}\x{4EBA}"
          RenderText {#text} at (164,363) size 17x51
            text run at (164,363) width 51: "\x{306A}\x{3089}\x{4E00}"
          RenderRuby (inline) {RUBY} at (0,0) size 17x18
            RenderRubyRun (anonymous) at (164,414) size 17x18
              RenderRubyText {RT} at (-9,0) size 9x18
                RenderText {#text} at (0,0) size 9x18
                  text run at (0,0) width 18: "\x{3054}\x{3046}"
              RenderRubyBase (anonymous) at (0,0) size 17x18
                RenderInline {RB} at (0,0) size 17x18
                  RenderText {#text} at (0,0) size 17x18
                    text run at (0,0) width 17: "\x{5408}"
          RenderText {#text} at (164,432) size 43x483
            text run at (164,432) width 51: "\x{3067}\x{6E08}\x{3080}"
            text run at (190,0) width 433: "\x{304B}\x{3082}\x{77E5}\x{308C}\x{306C}\x{3002}\x{3057}\x{3066}\x{898B}\x{308B}\x{3068}\x{8A69}\x{4EBA}\x{306F}\x{5E38}\x{306E}\x{4EBA}\x{3088}\x{308A}\x{3082}\x{82E6}\x{52B4}\x{6027}\x{3067}\x{3001}"
          RenderRuby (inline) {RUBY} at (0,0) size 17x35
            RenderRubyRun (anonymous) at (190,432) size 17x36
              RenderRubyText {RT} at (-9,0) size 9x36
                RenderText {#text} at (0,0) size 9x36
                  text run at (0,0) width 36: "\x{307C}\x{3093}\x{3053}\x{3064}"
              RenderRubyBase (anonymous) at (0,0) size 17x36
                RenderInline {RB} at (0,0) size 17x34
                  RenderText {#text} at (0,1) size 17x34
                    text run at (0,1) width 34: "\x{51E1}\x{9AA8}"
          RenderText {#text} at (207,0) size 43x483
            text run at (207,0) width 483: "\x{306E}\x{500D}\x{4EE5}\x{4E0A}\x{306B}\x{795E}\x{7D4C}\x{304C}\x{92ED}\x{654F}\x{306A}\x{306E}\x{304B}\x{3082}\x{77E5}\x{308C}\x{3093}\x{3002}\x{8D85}\x{4FD7}\x{306E}\x{559C}\x{3073}\x{3082}\x{3042}\x{308D}\x{3046}"
            text run at (233,0) width 93: "\x{304C}\x{3001}\x{7121}\x{91CF}\x{306E}"
          RenderRuby (inline) {RUBY} at (0,0) size 17x28
            RenderRubyRun (anonymous) at (233,89) size 17x36
              RenderRubyText {RT} at (-9,0) size 9x36
                RenderText {#text} at (0,0) size 9x36
                  text run at (0,0) width 36: "\x{304B}\x{306A}\x{3057}\x{307F}"
              RenderRubyBase (anonymous) at (0,0) size 17x36
                RenderInline {RB} at (0,0) size 17x18
                  RenderText {#text} at (0,9) size 17x18
                    text run at (0,9) width 17: "\x{60B2}"
          RenderText {#text} at (233,121) size 34x486
            text run at (233,121) width 365: "\x{3082}\x{591A}\x{304B}\x{308D}\x{3046}\x{3002}\x{305D}\x{3093}\x{306A}\x{3089}\x{3070}\x{8A69}\x{4EBA}\x{306B}\x{306A}\x{308B}\x{306E}\x{3082}\x{8003}\x{3048}\x{7269}"
            text run at (250,0) width 34: "\x{3060}\x{3002}"
          RenderBR {BR} at (250,34) size 17x0
          RenderText {#text} at (276,0) size 17x136
            text run at (276,0) width 136: "\x{3000}\x{3057}\x{3070}\x{3089}\x{304F}\x{306F}\x{8DEF}\x{304C}"
          RenderRuby (inline) {RUBY} at (0,0) size 17x19
            RenderRubyRun (anonymous) at (276,132) size 17x27
              RenderRubyText {RT} at (-9,0) size 9x27
                RenderText {#text} at (0,0) size 9x27
                  text run at (0,0) width 27: "\x{305F}\x{3044}\x{3089}"
              RenderRubyBase (anonymous) at (0,0) size 17x27
                RenderInline {RB} at (0,0) size 17x17
                  RenderText {#text} at (0,5) size 17x17
                    text run at (0,5) width 17: "\x{5E73}"
          RenderText {#text} at (276,155) size 17x68
            text run at (276,155) width 68: "\x{3067}\x{3001}\x{53F3}\x{306F}"
          RenderRuby (inline) {RUBY} at (0,0) size 17x51
            RenderRubyRun (anonymous) at (276,223) size 17x51
              RenderRubyText {RT} at (-9,0) size 9x51
                RenderText {#text} at (0,3) size 9x45
                  text run at (0,3) width 45: "\x{305E}\x{3046}\x{304D}\x{3084}\x{307E}"
              RenderRubyBase (anonymous) at (0,0) size 17x51
                RenderInline {RB} at (0,0) size 17x51
                  RenderText {#text} at (0,0) size 17x51
                    text run at (0,0) width 51: "\x{96D1}\x{6728}\x{5C71}"
          RenderText {#text} at (276,274) size 43x477
            text run at (276,274) width 203: "\x{3001}\x{5DE6}\x{306F}\x{83DC}\x{306E}\x{82B1}\x{306E}\x{898B}\x{3064}\x{3065}\x{3051}"
            text run at (302,0) width 178: "\x{3067}\x{3042}\x{308B}\x{3002}\x{8DB3}\x{306E}\x{4E0B}\x{306B}\x{6642}\x{3005}"
          RenderRuby (inline) {RUBY} at (0,0) size 17x51
            RenderRubyRun (anonymous) at (302,178) size 17x51
              RenderRubyText {RT} at (-9,0) size 9x51
                RenderText {#text} at (0,7) size 9x37
                  text run at (0,7) width 36: "\x{305F}\x{3093}\x{307D}\x{307D}"
              RenderRubyBase (anonymous) at (0,0) size 17x51
                RenderInline {RB} at (0,0) size 17x51
                  RenderText {#text} at (0,0) size 17x51
                    text run at (0,0) width 51: "\x{84B2}\x{516C}\x{82F1}"
          RenderText {#text} at (302,229) size 17x119
            text run at (302,229) width 119: "\x{3092}\x{8E0F}\x{307F}\x{3064}\x{3051}\x{308B}\x{3002}"
          RenderRuby (inline) {RUBY} at (0,0) size 17x32
            RenderRubyRun (anonymous) at (302,344) size 17x40
              RenderRubyText {RT} at (-9,0) size 9x40
                RenderText {#text} at (0,0) size 9x40
                  text run at (0,0) width 40: "\x{306E}\x{3053}\x{304E}\x{308A}"
              RenderRubyBase (anonymous) at (0,0) size 17x40
                RenderInline {RB} at (0,0) size 17x18
                  RenderText {#text} at (0,11) size 17x18
                    text run at (0,11) width 17: "\x{92F8}"
          RenderText {#text} at (302,380) size 43x490
            text run at (302,380) width 110: "\x{306E}\x{3088}\x{3046}\x{306A}\x{8449}\x{304C}"
            text run at (328,0) width 280: "\x{9060}\x{616E}\x{306A}\x{304F}\x{56DB}\x{65B9}\x{3078}\x{306E}\x{3057}\x{3066}\x{771F}\x{4E2D}\x{306B}\x{9EC4}\x{8272}\x{306A}"
          RenderRuby (inline) {RUBY} at (0,0) size 17x18
            RenderRubyRun (anonymous) at (328,280) size 17x18
              RenderRubyText {RT} at (-9,0) size 9x18
                RenderText {#text} at (0,0) size 9x18
                  text run at (0,0) width 18: "\x{305F}\x{307E}"
              RenderRubyBase (anonymous) at (0,0) size 17x18
                RenderInline {RB} at (0,0) size 17x18
                  RenderText {#text} at (0,0) size 17x18
                    text run at (0,0) width 17: "\x{73E0}"
          RenderText {#text} at (328,298) size 60x484
            text run at (328,298) width 178: "\x{3092}\x{64C1}\x{8B77}\x{3057}\x{3066}\x{3044}\x{308B}\x{3002}\x{83DC}\x{306E}"
            text run at (345,0) width 484: "\x{82B1}\x{306B}\x{6C17}\x{3092}\x{3068}\x{3089}\x{308C}\x{3066}\x{3001}\x{8E0F}\x{307F}\x{3064}\x{3051}\x{305F}\x{3042}\x{3068}\x{3067}\x{3001}\x{6C17}\x{306E}\x{6BD2}\x{306A}\x{4E8B}\x{3092}\x{3057}\x{305F}\x{3068}\x{3001}"
            text run at (371,0) width 416: "\x{632F}\x{308A}\x{5411}\x{3044}\x{3066}\x{898B}\x{308B}\x{3068}\x{3001}\x{9EC4}\x{8272}\x{306A}\x{73E0}\x{306F}\x{4F9D}\x{7136}\x{3068}\x{3057}\x{3066}\x{92F8}\x{306E}\x{306A}\x{304B}\x{306B}"
          RenderRuby (inline) {RUBY} at (0,0) size 17x34
            RenderRubyRun (anonymous) at (371,416) size 17x34
              RenderRubyText {RT} at (-9,0) size 9x34
                RenderText {#text} at (0,3) size 9x28
                  text run at (0,3) width 27: "\x{3061}\x{3093}\x{3056}"
              RenderRubyBase (anonymous) at (0,0) size 17x34
                RenderInline {RB} at (0,0) size 17x34
                  RenderText {#text} at (0,0) size 17x34
                    text run at (0,0) width 34: "\x{93AE}\x{5EA7}"
          RenderText {#text} at (371,450) size 43x484
            text run at (371,450) width 34: "\x{3057}\x{3066}"
            text run at (397,0) width 51: "\x{3044}\x{308B}\x{3002}"
          RenderRuby (inline) {RUBY} at (0,0) size 17x34
            RenderRubyRun (anonymous) at (397,51) size 17x34
              RenderRubyText {RT} at (-9,0) size 9x34
                RenderText {#text} at (0,1) size 9x32
                  text run at (0,1) width 31: "\x{306E}\x{3093}\x{304D}"
              RenderRubyBase (anonymous) at (0,0) size 17x34
                RenderInline {RB} at (0,0) size 17x34
                  RenderText {#text} at (0,0) size 17x34
                    text run at (0,0) width 34: "\x{5451}\x{6C17}"
          RenderText {#text} at (397,85) size 17x263
            text run at (397,85) width 263: "\x{306A}\x{3082}\x{306E}\x{3060}\x{3002}\x{307E}\x{305F}\x{8003}\x{3048}\x{3092}\x{3064}\x{3065}\x{3051}\x{308B}\x{3002}"
          RenderBR {BR} at (397,348) size 17x0
          RenderText {#text} at (423,0) size 17x68
            text run at (423,0) width 68: "\x{3000}\x{8A69}\x{4EBA}\x{306B}"
          RenderRuby (inline) {RUBY} at (0,0) size 17x19
            RenderRubyRun (anonymous) at (423,64) size 17x27
              RenderRubyText {RT} at (-9,0) size 9x27
                RenderText {#text} at (0,0) size 9x27
                  text run at (0,0) width 27: "\x{3046}\x{308C}\x{3044}"
              RenderRubyBase (anonymous) at (0,0) size 17x27
                RenderInline {RB} at (0,0) size 17x17
                  RenderText {#text} at (0,5) size 17x17
                    text run at (0,5) width 17: "\x{6182}"
          RenderText {#text} at (423,87) size 17x271
            text run at (423,87) width 271: "\x{306F}\x{3064}\x{304D}\x{3082}\x{306E}\x{304B}\x{3082}\x{77E5}\x{308C}\x{306A}\x{3044}\x{304C}\x{3001}\x{3042}\x{306E}"
          RenderRuby (inline) {RUBY} at (0,0) size 17x34
            RenderRubyRun (anonymous) at (423,358) size 17x34
              RenderRubyText {RT} at (-9,0) size 9x34
                RenderText {#text} at (0,3) size 9x28
                  text run at (0,3) width 27: "\x{3072}\x{3070}\x{308A}"
              RenderRubyBase (anonymous) at (0,0) size 17x34
                RenderInline {RB} at (0,0) size 17x34
                  RenderText {#text} at (0,0) size 17x34
                    text run at (0,0) width 34: "\x{96F2}\x{96C0}"
          RenderText {#text} at (423,392) size 43x477
            text run at (423,392) width 85: "\x{3092}\x{805E}\x{304F}\x{5FC3}\x{6301}"
            text run at (449,0) width 68: "\x{306B}\x{306A}\x{308C}\x{3070}"
          RenderRuby (inline) {RUBY} at (0,0) size 17x34
            RenderRubyRun (anonymous) at (449,68) size 17x34
              RenderRubyText {RT} at (-9,0) size 9x34
                RenderText {#text} at (0,3) size 9x28
                  text run at (0,3) width 27: "\x{307F}\x{3058}\x{3093}"
              RenderRubyBase (anonymous) at (0,0) size 17x34
                RenderInline {RB} at (0,0) size 17x34
                  RenderText {#text} at (0,0) size 17x34
                    text run at (0,0) width 34: "\x{5FAE}\x{5875}"
          RenderText {#text} at (449,102) size 17x25
            text run at (449,102) width 25: "\x{306E}"
          RenderRuby (inline) {RUBY} at (0,0) size 17x17
            RenderRubyRun (anonymous) at (449,127) size 17x17
              RenderRubyText {RT} at (-9,0) size 9x17
                RenderText {#text} at (0,4) size 9x9
                  text run at (0,4) width 9: "\x{304F}"
              RenderRubyBase (anonymous) at (0,0) size 17x17
                RenderInline {RB} at (0,0) size 17x17
                  RenderText {#text} at (0,0) size 17x17
                    text run at (0,0) width 17: "\x{82E6}"
          RenderText {#text} at (449,144) size 43x475
            text run at (449,144) width 331: "\x{3082}\x{306A}\x{3044}\x{3002}\x{83DC}\x{306E}\x{82B1}\x{3092}\x{898B}\x{3066}\x{3082}\x{3001}\x{305F}\x{3060}\x{3046}\x{308C}\x{3057}\x{304F}\x{3066}"
            text run at (475,0) width 34: "\x{80F8}\x{304C}"
          RenderRuby (inline) {RUBY} at (0,0) size 17x18
            RenderRubyRun (anonymous) at (475,34) size 17x18
              RenderRubyText {RT} at (-9,0) size 9x18
                RenderText {#text} at (0,0) size 9x18
                  text run at (0,0) width 18: "\x{304A}\x{3069}"
              RenderRubyBase (anonymous) at (0,0) size 17x18
                RenderInline {RB} at (0,0) size 17x18
                  RenderText {#text} at (0,0) size 17x18
                    text run at (0,0) width 17: "\x{8E8D}"
          RenderText {#text} at (475,52) size 43x483
            text run at (475,52) width 431: "\x{308B}\x{3070}\x{304B}\x{308A}\x{3060}\x{3002}\x{84B2}\x{516C}\x{82F1}\x{3082}\x{305D}\x{306E}\x{901A}\x{308A}\x{3001}\x{685C}\x{3082}\x{2015}\x{2015}\x{685C}\x{306F}\x{3044}\x{3064}\x{304B}\x{898B}"
            text run at (501,0) width 322: "\x{3048}\x{306A}\x{304F}\x{306A}\x{3063}\x{305F}\x{3002}\x{3053}\x{3046}\x{5C71}\x{306E}\x{4E2D}\x{3078}\x{6765}\x{3066}\x{81EA}\x{7136}\x{306E}"
          RenderRuby (inline) {RUBY} at (0,0) size 17x34
            RenderRubyRun (anonymous) at (501,321) size 17x36
              RenderRubyText {RT} at (-9,0) size 9x36
                RenderText {#text} at (0,0) size 9x36
                  text run at (0,0) width 36: "\x{3051}\x{3044}\x{3076}\x{3064}"
              RenderRubyBase (anonymous) at (0,0) size 17x36
                RenderInline {RB} at (0,0) size 17x34
                  RenderText {#text} at (0,1) size 17x34
                    text run at (0,1) width 34: "\x{666F}\x{7269}"
          RenderText {#text} at (501,356) size 60x483
            text run at (501,356) width 119: "\x{306B}\x{63A5}\x{3059}\x{308C}\x{3070}\x{3001}\x{898B}"
            text run at (518,0) width 483: "\x{308B}\x{3082}\x{306E}\x{3082}\x{805E}\x{304F}\x{3082}\x{306E}\x{3082}\x{9762}\x{767D}\x{3044}\x{3002}\x{9762}\x{767D}\x{3044}\x{3060}\x{3051}\x{3067}\x{5225}\x{6BB5}\x{306E}\x{82E6}\x{3057}\x{307F}\x{3082}\x{8D77}"
            text run at (544,0) width 187: "\x{3089}\x{306C}\x{3002}\x{8D77}\x{308B}\x{3068}\x{3059}\x{308C}\x{3070}\x{8DB3}\x{304C}"
          RenderRuby (inline) {RUBY} at (0,0) size 17x34
            RenderRubyRun (anonymous) at (544,187) size 17x34
              RenderRubyText {RT} at (-9,0) size 9x34
                RenderText {#text} at (0,3) size 9x28
                  text run at (0,3) width 27: "\x{304F}\x{305F}\x{3073}"
              RenderRubyBase (anonymous) at (0,0) size 17x34
                RenderInline {RB} at (0,0) size 17x34
                  RenderText {#text} at (0,0) size 17x34
                    text run at (0,0) width 34: "\x{8349}\x{81E5}"
          RenderText {#text} at (544,221) size 17x51
            text run at (544,221) width 51: "\x{308C}\x{3066}\x{3001}"
          RenderRuby (inline) {RUBY} at (0,0) size 17x18
            RenderRubyRun (anonymous) at (544,272) size 17x18
              RenderRubyText {RT} at (-9,0) size 9x18
                RenderText {#text} at (0,0) size 9x18
                  text run at (0,0) width 18: "\x{3046}\x{307E}"
              RenderRubyBase (anonymous) at (0,0) size 17x18
                RenderInline {RB} at (0,0) size 17x18
                  RenderText {#text} at (0,0) size 17x18
                    text run at (0,0) width 17: "\x{65E8}"
          RenderText {#text} at (544,290) size 34x485
            text run at (544,290) width 195: "\x{3044}\x{3082}\x{306E}\x{304C}\x{98DF}\x{3079}\x{3089}\x{308C}\x{306C}\x{304F}\x{3089}"
            text run at (561,0) width 127: "\x{3044}\x{306E}\x{4E8B}\x{3060}\x{308D}\x{3046}\x{3002}"
          RenderBR {BR} at (561,127) size 17x0
          RenderText {#text} at (587,0) size 17x466
            text run at (587,0) width 466: "\x{3000}\x{3057}\x{304B}\x{3057}\x{82E6}\x{3057}\x{307F}\x{306E}\x{306A}\x{3044}\x{306E}\x{306F}\x{306A}\x{305C}\x{3060}\x{308D}\x{3046}\x{3002}\x{305F}\x{3060}\x{3053}\x{306E}\x{666F}\x{8272}\x{3092}\x{4E00}"
          RenderRuby (inline) {RUBY} at (0,0) size 17x18
            RenderRubyRun (anonymous) at (587,466) size 17x18
              RenderRubyText {RT} at (-9,0) size 9x18
                RenderText {#text} at (0,0) size 9x18
                  text run at (0,0) width 18: "\x{3077}\x{304F}"
              RenderRubyBase (anonymous) at (0,0) size 17x18
                RenderInline {RB} at (0,0) size 17x18
                  RenderText {#text} at (0,0) size 17x18
                    text run at (0,0) width 17: "\x{5E45}"
          RenderText {#text} at (613,0) size 17x25
            text run at (613,0) width 25: "\x{306E}"
          RenderRuby (inline) {RUBY} at (0,0) size 17x17
            RenderRubyRun (anonymous) at (613,25) size 17x17
              RenderRubyText {RT} at (-9,0) size 9x17
                RenderText {#text} at (0,4) size 9x9
                  text run at (0,4) width 9: "\x{3048}"
              RenderRubyBase (anonymous) at (0,0) size 17x17
                RenderInline {RB} at (0,0) size 17x17
                  RenderText {#text} at (0,0) size 17x17
                    text run at (0,0) width 17: "\x{753B}"
          RenderText {#text} at (613,42) size 17x51
            text run at (613,42) width 51: "\x{3068}\x{3057}\x{3066}"
          RenderRuby (inline) {RUBY} at (0,0) size 17x17
            RenderRubyRun (anonymous) at (613,93) size 17x17
              RenderRubyText {RT} at (-9,0) size 9x17
                RenderText {#text} at (0,4) size 9x9
                  text run at (0,4) width 9: "\x{307F}"
              RenderRubyBase (anonymous) at (0,0) size 17x17
                RenderInline {RB} at (0,0) size 17x17
                  RenderText {#text} at (0,0) size 17x17
                    text run at (0,0) width 17: "\x{89B3}"
          RenderText {#text} at (613,110) size 17x34
            text run at (613,110) width 34: "\x{3001}\x{4E00}"
          RenderRuby (inline) {RUBY} at (0,0) size 17x18
            RenderRubyRun (anonymous) at (613,144) size 17x18
              RenderRubyText {RT} at (-9,0) size 9x18
                RenderText {#text} at (0,0) size 9x18
                  text run at (0,0) width 18: "\x{304B}\x{3093}"
              RenderRubyBase (anonymous) at (0,0) size 17x18
                RenderInline {RB} at (0,0) size 17x18
                  RenderText {#text} at (0,0) size 17x18
                    text run at (0,0) width 17: "\x{5DFB}"
          RenderText {#text} at (613,162) size 17x229
            text run at (613,162) width 229: "\x{306E}\x{8A69}\x{3068}\x{3057}\x{3066}\x{8AAD}\x{3080}\x{304B}\x{3089}\x{3067}\x{3042}\x{308B}\x{3002}"
          RenderRuby (inline) {RUBY} at (0,0) size 17x17
            RenderRubyRun (anonymous) at (613,391) size 17x17
              RenderRubyText {RT} at (-9,0) size 9x17
                RenderText {#text} at (0,4) size 9x9
                  text run at (0,4) width 9: "\x{304C}"
              RenderRubyBase (anonymous) at (0,0) size 17x17
                RenderInline {RB} at (0,0) size 17x17
                  RenderText {#text} at (0,0) size 17x17
                    text run at (0,0) width 17: "\x{753B}"
          RenderText {#text} at (613,408) size 43x476
            text run at (613,408) width 68: "\x{3067}\x{3042}\x{308A}\x{8A69}"
            text run at (639,0) width 102: "\x{3067}\x{3042}\x{308B}\x{4EE5}\x{4E0A}\x{306F}"
          RenderRuby (inline) {RUBY} at (0,0) size 17x34
            RenderRubyRun (anonymous) at (639,102) size 17x34
              RenderRubyText {RT} at (-9,0) size 9x34
                RenderText {#text} at (0,3) size 9x28
                  text run at (0,3) width 27: "\x{3058}\x{3081}\x{3093}"
              RenderRubyBase (anonymous) at (0,0) size 17x34
                RenderInline {RB} at (0,0) size 17x34
                  RenderText {#text} at (0,0) size 17x34
                    text run at (0,0) width 34: "\x{5730}\x{9762}"
          RenderText {#text} at (639,136) size 43x476
            text run at (639,136) width 340: "\x{3092}\x{8CB0}\x{3063}\x{3066}\x{3001}\x{958B}\x{62D3}\x{3059}\x{308B}\x{6C17}\x{306B}\x{3082}\x{306A}\x{3089}\x{306D}\x{3070}\x{3001}\x{9244}\x{9053}\x{3092}"
            text run at (665,0) width 51: "\x{304B}\x{3051}\x{3066}"
          RenderRuby (inline) {RUBY} at (0,0) size 17x34
            RenderRubyRun (anonymous) at (665,50) size 17x36
              RenderRubyText {RT} at (-9,0) size 9x36
                RenderText {#text} at (0,0) size 9x36
                  text run at (0,0) width 36: "\x{3072}\x{3068}\x{3082}\x{3046}"
              RenderRubyBase (anonymous) at (0,0) size 17x36
                RenderInline {RB} at (0,0) size 17x34
                  RenderText {#text} at (0,1) size 17x34
                    text run at (0,1) width 34: "\x{4E00}\x{5132}"
          RenderText {#text} at (665,85) size 17x51
            text run at (665,85) width 51: "\x{3051}\x{3059}\x{308B}"
          RenderRuby (inline) {RUBY} at (0,0) size 17x37
            RenderRubyRun (anonymous) at (665,132) size 17x45
              RenderRubyText {RT} at (-9,0) size 9x45
                RenderText {#text} at (0,0) size 9x45
                  text run at (0,0) width 45: "\x{308A}\x{3087}\x{3046}\x{3051}\x{3093}"
              RenderRubyBase (anonymous) at (0,0) size 17x45
                RenderInline {RB} at (0,0) size 17x35
                  RenderText {#text} at (0,5) size 17x35
                    text run at (0,5) width 34: "\x{4E86}\x{898B}"
          RenderText {#text} at (665,173) size 17x286
            text run at (665,173) width 286: "\x{3082}\x{8D77}\x{3089}\x{306C}\x{3002}\x{305F}\x{3060}\x{3053}\x{306E}\x{666F}\x{8272}\x{304C}\x{2015}\x{2015}\x{8179}\x{306E}"
          RenderRuby (inline) {RUBY} at (0,0) size 17x17
            RenderRubyRun (anonymous) at (665,459) size 17x17
              RenderRubyText {RT} at (-9,0) size 9x17
                RenderText {#text} at (0,4) size 9x9
                  text run at (0,4) width 9: "\x{305F}"
              RenderRubyBase (anonymous) at (0,0) size 17x17
                RenderInline {RB} at (0,0) size 17x17
                  RenderText {#text} at (0,0) size 17x17
                    text run at (0,0) width 17: "\x{8DB3}"
          RenderText {#text} at (682,0) size 43x475
            text run at (682,0) width 475: "\x{3057}\x{306B}\x{3082}\x{306A}\x{3089}\x{306C}\x{3001}\x{6708}\x{7D66}\x{306E}\x{88DC}\x{3044}\x{306B}\x{3082}\x{306A}\x{3089}\x{306C}\x{3053}\x{306E}\x{666F}\x{8272}\x{304C}\x{666F}\x{8272}\x{3068}\x{3057}\x{3066}"
            text run at (708,0) width 382: "\x{306E}\x{307F}\x{3001}\x{4F59}\x{304C}\x{5FC3}\x{3092}\x{697D}\x{307E}\x{305B}\x{3064}\x{3064}\x{3042}\x{308B}\x{304B}\x{3089}\x{82E6}\x{52B4}\x{3082}\x{5FC3}\x{914D}\x{3082}"
          RenderRuby (inline) {RUBY} at (0,0) size 17x19
            RenderRubyRun (anonymous) at (708,378) size 17x27
              RenderRubyText {RT} at (-9,0) size 9x27
                RenderText {#text} at (0,0) size 9x27
                  text run at (0,0) width 27: "\x{3068}\x{3082}\x{306A}"
              RenderRubyBase (anonymous) at (0,0) size 17x27
                RenderInline {RB} at (0,0) size 17x17
                  RenderText {#text} at (0,5) size 17x17
                    text run at (0,5) width 17: "\x{4F34}"
          RenderText {#text} at (708,401) size 43x477
            text run at (708,401) width 76: "\x{308F}\x{306C}\x{306E}\x{3060}"
            text run at (734,0) width 246: "\x{308D}\x{3046}\x{3002}\x{81EA}\x{7136}\x{306E}\x{529B}\x{306F}\x{3053}\x{3053}\x{306B}\x{304A}\x{3044}\x{3066}"
          RenderRuby (inline) {RUBY} at (0,0) size 17x18
            RenderRubyRun (anonymous) at (734,246) size 17x18
              RenderRubyText {RT} at (-9,0) size 9x18
                RenderText {#text} at (0,0) size 9x18
                  text run at (0,0) width 18: "\x{305F}\x{3063}"
              RenderRubyBase (anonymous) at (0,0) size 17x18
                RenderInline {RB} at (0,0) size 17x18
                  RenderText {#text} at (0,0) size 17x18
                    text run at (0,0) width 17: "\x{5C0A}"
          RenderText {#text} at (734,264) size 17x212
            text run at (734,264) width 212: "\x{3068}\x{3044}\x{3002}\x{543E}\x{4EBA}\x{306E}\x{6027}\x{60C5}\x{3092}\x{77AC}\x{523B}\x{306B}"
          RenderRuby (inline) {RUBY} at (0,0) size 17x34
            RenderRubyRun (anonymous) at (760,0) size 17x34
              RenderRubyText {RT} at (-9,0) size 9x34
                RenderText {#text} at (0,3) size 9x28
                  text run at (0,3) width 27: "\x{3068}\x{3046}\x{3084}"
              RenderRubyBase (anonymous) at (0,0) size 17x34
                RenderInline {RB} at (0,0) size 17x34
                  RenderText {#text} at (0,0) size 17x34
                    text run at (0,0) width 34: "\x{9676}\x{51B6}"
          RenderText {#text} at (760,34) size 17x34
            text run at (760,34) width 34: "\x{3057}\x{3066}"
          RenderRuby (inline) {RUBY} at (0,0) size 17x34
            RenderRubyRun (anonymous) at (760,67) size 17x36
              RenderRubyText {RT} at (-9,0) size 9x36
                RenderText {#text} at (0,0) size 9x36
                  text run at (0,0) width 36: "\x{3058}\x{3085}\x{3093}\x{3053}"
              RenderRubyBase (anonymous) at (0,0) size 17x36
                RenderInline {RB} at (0,0) size 17x34
                  RenderText {#text} at (0,1) size 17x34
                    text run at (0,1) width 34: "\x{9187}\x{4E4E}"
          RenderText {#text} at (760,102) size 17x382
            text run at (760,102) width 382: "\x{3068}\x{3057}\x{3066}\x{9187}\x{306A}\x{308B}\x{8A69}\x{5883}\x{306B}\x{5165}\x{3089}\x{3057}\x{3080}\x{308B}\x{306E}\x{306F}\x{81EA}\x{7136}\x{3067}\x{3042}\x{308B}\x{3002}"
          RenderBR {BR} at (760,484) size 17x0
          RenderText {#text} at (777,0) size 43x476
            text run at (777,0) width 476: "\x{3000}\x{604B}\x{306F}\x{3046}\x{3064}\x{304F}\x{3057}\x{304B}\x{308D}\x{3001}\x{5B5D}\x{3082}\x{3046}\x{3064}\x{304F}\x{3057}\x{304B}\x{308D}\x{3001}\x{5FE0}\x{541B}\x{611B}\x{56FD}\x{3082}\x{7D50}\x{69CB}\x{3060}\x{308D}"
            text run at (803,0) width 178: "\x{3046}\x{3002}\x{3057}\x{304B}\x{3057}\x{81EA}\x{8EAB}\x{304C}\x{305D}\x{306E}"
          RenderRuby (inline) {RUBY} at (0,0) size 17x19
            RenderRubyRun (anonymous) at (803,174) size 17x27
              RenderRubyText {RT} at (-9,0) size 9x27
                RenderText {#text} at (0,0) size 9x27
                  text run at (0,0) width 27: "\x{304D}\x{3087}\x{304F}"
              RenderRubyBase (anonymous) at (0,0) size 17x27
                RenderInline {RB} at (0,0) size 17x17
                  RenderText {#text} at (0,5) size 17x17
                    text run at (0,5) width 17: "\x{5C40}"
          RenderText {#text} at (803,197) size 17x127
            text run at (803,197) width 127: "\x{306B}\x{5F53}\x{308C}\x{3070}\x{5229}\x{5BB3}\x{306E}"
          RenderRuby (inline) {RUBY} at (0,0) size 17x34
            RenderRubyRun (anonymous) at (803,324) size 17x34
              RenderRubyText {RT} at (-9,0) size 9x34
                RenderText {#text} at (0,3) size 9x28
                  text run at (0,3) width 27: "\x{3064}\x{3080}\x{3058}"
              RenderRubyBase (anonymous) at (0,0) size 17x34
                RenderInline {RB} at (0,0) size 17x34
                  RenderText {#text} at (0,0) size 17x34
                    text run at (0,0) width 34: "\x{65CB}\x{98A8}"
          RenderText {#text} at (803,358) size 17x17
            text run at (803,358) width 17: "\x{306B}"
          RenderRuby (inline) {RUBY} at (0,0) size 17x17
            RenderRubyRun (anonymous) at (803,375) size 17x17
              RenderRubyText {RT} at (-9,0) size 9x17
                RenderText {#text} at (0,4) size 9x9
                  text run at (0,4) width 9: "\x{307E}"
              RenderRubyBase (anonymous) at (0,0) size 17x17
                RenderInline {RB} at (0,0) size 17x17
                  RenderText {#text} at (0,0) size 17x17
                    text run at (0,0) width 17: "\x{6372}"
          RenderText {#text} at (803,392) size 43x460
            text run at (803,392) width 68: "\x{304D}\x{8FBC}\x{307E}\x{308C}"
            text run at (829,0) width 340: "\x{3066}\x{3001}\x{3046}\x{3064}\x{304F}\x{3057}\x{304D}\x{4E8B}\x{306B}\x{3082}\x{3001}\x{7D50}\x{69CB}\x{306A}\x{4E8B}\x{306B}\x{3082}\x{3001}\x{76EE}\x{306F}"
          RenderRuby (inline) {RUBY} at (0,0) size 17x18
            RenderRubyRun (anonymous) at (829,340) size 17x18
              RenderRubyText {RT} at (-9,0) size 9x18
                RenderText {#text} at (0,0) size 9x18
                  text run at (0,0) width 18: "\x{304F}\x{3089}"
              RenderRubyBase (anonymous) at (0,0) size 17x18
                RenderInline {RB} at (0,0) size 17x18
                  RenderText {#text} at (0,0) size 17x18
                    text run at (0,0) width 17: "\x{7729}"
          RenderText {#text} at (829,358) size 43x477
            text run at (829,358) width 119: "\x{3093}\x{3067}\x{3057}\x{307E}\x{3046}\x{3002}\x{3057}"
            text run at (855,0) width 272: "\x{305F}\x{304C}\x{3063}\x{3066}\x{3069}\x{3053}\x{306B}\x{8A69}\x{304C}\x{3042}\x{308B}\x{304B}\x{81EA}\x{8EAB}\x{306B}\x{306F}"
          RenderRuby (inline) {RUBY} at (0,0) size 17x17
            RenderRubyRun (anonymous) at (855,272) size 17x17
              RenderRubyText {RT} at (-9,0) size 9x17
                RenderText {#text} at (0,4) size 9x9
                  text run at (0,4) width 9: "\x{3052}"
              RenderRubyBase (anonymous) at (0,0) size 17x17
                RenderInline {RB} at (0,0) size 17x17
                  RenderText {#text} at (0,0) size 17x17
                    text run at (0,0) width 17: "\x{89E3}"
          RenderText {#text} at (855,289) size 17x85
            text run at (855,289) width 85: "\x{3057}\x{304B}\x{306D}\x{308B}\x{3002}"
          RenderBR {BR} at (855,374) size 17x0
          RenderText {#text} at (872,0) size 43x483
            text run at (872,0) width 483: "\x{3000}\x{3053}\x{308C}\x{304C}\x{308F}\x{304B}\x{308B}\x{305F}\x{3081}\x{306B}\x{306F}\x{3001}\x{308F}\x{304B}\x{308B}\x{3060}\x{3051}\x{306E}\x{4F59}\x{88D5}\x{306E}\x{3042}\x{308B}\x{7B2C}\x{4E09}\x{8005}\x{306E}"
            text run at (898,0) width 433: "\x{5730}\x{4F4D}\x{306B}\x{7ACB}\x{305F}\x{306D}\x{3070}\x{306A}\x{3089}\x{306C}\x{3002}\x{4E09}\x{8005}\x{306E}\x{5730}\x{4F4D}\x{306B}\x{7ACB}\x{3066}\x{3070}\x{3053}\x{305D}\x{829D}\x{5C45}\x{306F}"
          RenderRuby (inline) {RUBY} at (0,0) size 17x17
            RenderRubyRun (anonymous) at (898,433) size 17x17
              RenderRubyText {RT} at (-9,0) size 9x17
                RenderText {#text} at (0,4) size 9x9
                  text run at (0,4) width 9: "\x{307F}"
              RenderRubyBase (anonymous) at (0,0) size 17x17
                RenderInline {RB} at (0,0) size 17x17
                  RenderText {#text} at (0,0) size 17x17
                    text run at (0,0) width 17: "\x{89B3}"
          RenderText {#text} at (898,450) size 60x484
            text run at (898,450) width 34: "\x{3066}\x{9762}"
            text run at (915,0) width 476: "\x{767D}\x{3044}\x{3002}\x{5C0F}\x{8AAC}\x{3082}\x{898B}\x{3066}\x{9762}\x{767D}\x{3044}\x{3002}\x{829D}\x{5C45}\x{3092}\x{898B}\x{3066}\x{9762}\x{767D}\x{3044}\x{4EBA}\x{3082}\x{3001}\x{5C0F}\x{8AAC}\x{3092}\x{8AAD}\x{3093}"
            text run at (941,0) width 229: "\x{3067}\x{9762}\x{767D}\x{3044}\x{4EBA}\x{3082}\x{3001}\x{81EA}\x{5DF1}\x{306E}\x{5229}\x{5BB3}\x{306F}"
          RenderRuby (inline) {RUBY} at (0,0) size 17x18
            RenderRubyRun (anonymous) at (941,229) size 17x18
              RenderRubyText {RT} at (-9,0) size 9x18
                RenderText {#text} at (0,0) size 9x18
                  text run at (0,0) width 18: "\x{305F}\x{306A}"
              RenderRubyBase (anonymous) at (0,0) size 17x18
                RenderInline {RB} at (0,0) size 17x18
                  RenderText {#text} at (0,0) size 17x18
                    text run at (0,0) width 17: "\x{68DA}"
          RenderText {#text} at (941,247) size 34x485
            text run at (941,247) width 238: "\x{3078}\x{4E0A}\x{3052}\x{3066}\x{3044}\x{308B}\x{3002}\x{898B}\x{305F}\x{308A}\x{8AAD}\x{3093}\x{3060}\x{308A}"
            text run at (958,0) width 204: "\x{3059}\x{308B}\x{9593}\x{3060}\x{3051}\x{306F}\x{8A69}\x{4EBA}\x{3067}\x{3042}\x{308B}\x{3002}"
          RenderBR {BR} at (958,204) size 17x0
          RenderText {#text} at (984,0) size 17x331
            text run at (984,0) width 331: "\x{3000}\x{305D}\x{308C}\x{3059}\x{3089}\x{3001}\x{666E}\x{901A}\x{306E}\x{829D}\x{5C45}\x{3084}\x{5C0F}\x{8AAC}\x{3067}\x{306F}\x{4EBA}\x{60C5}\x{3092}"
          RenderRuby (inline) {RUBY} at (0,0) size 17x18
            RenderRubyRun (anonymous) at (984,331) size 17x18
              RenderRubyText {RT} at (-9,0) size 9x18
                RenderText {#text} at (0,0) size 9x18
                  text run at (0,0) width 18: "\x{307E}\x{306C}"
              RenderRubyBase (anonymous) at (0,0) size 17x18
                RenderInline {RB} at (0,0) size 17x18
                  RenderText {#text} at (0,0) size 17x18
                    text run at (0,0) width 17: "\x{514D}"
          RenderText {#text} at (984,349) size 77x485
            text run at (984,349) width 136: "\x{304B}\x{308C}\x{306C}\x{3002}\x{82E6}\x{3057}\x{3093}\x{3060}"
            text run at (1001,0) width 484: "\x{308A}\x{3001}\x{6012}\x{3063}\x{305F}\x{308A}\x{3001}\x{9A12}\x{3044}\x{3060}\x{308A}\x{3001}\x{6CE3}\x{3044}\x{305F}\x{308A}\x{3059}\x{308B}\x{3002}\x{898B}\x{308B}\x{3082}\x{306E}\x{3082}\x{3044}\x{3064}\x{304B}\x{305D}"
            text run at (1018,0) width 484: "\x{306E}\x{4E2D}\x{306B}\x{540C}\x{5316}\x{3057}\x{3066}\x{82E6}\x{3057}\x{3093}\x{3060}\x{308A}\x{3001}\x{6012}\x{3063}\x{305F}\x{308A}\x{3001}\x{9A12}\x{3044}\x{3060}\x{308A}\x{3001}\x{6CE3}\x{3044}\x{305F}\x{308A}\x{3059}"
            text run at (1044,0) width 34: "\x{308B}\x{3002}"
          RenderRuby (inline) {RUBY} at (0,0) size 17x34
            RenderRubyRun (anonymous) at (1044,34) size 17x34
              RenderRubyText {RT} at (-9,0) size 9x34
                RenderText {#text} at (0,3) size 9x28
                  text run at (0,3) width 27: "\x{3068}\x{308A}\x{3048}"
              RenderRubyBase (anonymous) at (0,0) size 17x34
                RenderInline {RB} at (0,0) size 17x34
                  RenderText {#text} at (0,0) size 17x34
                    text run at (0,0) width 34: "\x{53D6}\x{67C4}"
          RenderText {#text} at (1044,68) size 17x68
            text run at (1044,68) width 68: "\x{306F}\x{5229}\x{617E}\x{304C}"
          RenderRuby (inline) {RUBY} at (0,0) size 17x18
            RenderRubyRun (anonymous) at (1044,136) size 17x18
              RenderRubyText {RT} at (-9,0) size 9x18
                RenderText {#text} at (0,0) size 9x18
                  text run at (0,0) width 18: "\x{307E}\x{3058}"
              RenderRubyBase (anonymous) at (0,0) size 17x18
                RenderInline {RB} at (0,0) size 17x18
                  RenderText {#text} at (0,0) size 17x18
                    text run at (0,0) width 17: "\x{4EA4}"
          RenderText {#text} at (1044,154) size 17x119
            text run at (1044,154) width 119: "\x{3089}\x{306C}\x{3068}\x{4E91}\x{3046}\x{70B9}\x{306B}"
          RenderRuby (inline) {RUBY} at (0,0) size 17x18
            RenderRubyRun (anonymous) at (1044,273) size 17x18
              RenderRubyText {RT} at (-9,0) size 9x18
                RenderText {#text} at (0,0) size 9x18
                  text run at (0,0) width 18: "\x{305D}\x{3093}"
              RenderRubyBase (anonymous) at (0,0) size 17x18
                RenderInline {RB} at (0,0) size 17x18
                  RenderText {#text} at (0,0) size 17x18
                    text run at (0,0) width 17: "\x{5B58}"
          RenderText {#text} at (1044,291) size 43x478
            text run at (1044,291) width 187: "\x{3059}\x{308B}\x{304B}\x{3082}\x{77E5}\x{308C}\x{306C}\x{304C}\x{3001}\x{4EA4}\x{3089}"
            text run at (1070,0) width 152: "\x{306C}\x{3060}\x{3051}\x{306B}\x{305D}\x{306E}\x{4ED6}\x{306E}"
          RenderRuby (inline) {RUBY} at (0,0) size 17x37
            RenderRubyRun (anonymous) at (1070,148) size 17x45
              RenderRubyText {RT} at (-9,0) size 9x45
                RenderText {#text} at (0,0) size 9x45
                  text run at (0,0) width 45: "\x{3058}\x{3087}\x{3046}\x{3057}\x{3087}"
              RenderRubyBase (anonymous) at (0,0) size 17x45
                RenderInline {RB} at (0,0) size 17x35
                  RenderText {#text} at (0,5) size 17x35
                    text run at (0,5) width 34: "\x{60C5}\x{7DD2}"
          RenderText {#text} at (1070,189) size 43x478
            text run at (1070,189) width 289: "\x{306F}\x{5E38}\x{3088}\x{308A}\x{306F}\x{4F59}\x{8A08}\x{306B}\x{6D3B}\x{52D5}\x{3059}\x{308B}\x{3060}\x{308D}\x{3046}\x{3002}\x{305D}"
            text run at (1096,0) width 34: "\x{308C}\x{304C}"
          RenderRuby (inline) {RUBY} at (0,0) size 17x18
            RenderRubyRun (anonymous) at (1096,34) size 17x18
              RenderRubyText {RT} at (-9,0) size 9x18
                RenderText {#text} at (0,0) size 9x18
                  text run at (0,0) width 18: "\x{3044}\x{3084}"
              RenderRubyBase (anonymous) at (0,0) size 17x18
                RenderInline {RB} at (0,0) size 17x18
                  RenderText {#text} at (0,0) size 17x18
                    text run at (0,0) width 17: "\x{5ACC}"
          RenderText {#text} at (1096,52) size 17x34
            text run at (1096,52) width 34: "\x{3060}\x{3002}"
          RenderBR {BR} at (1096,86) size 17x0
          RenderText {#text} at (1113,0) size 43x484
            text run at (1113,0) width 484: "\x{3000}\x{82E6}\x{3057}\x{3093}\x{3060}\x{308A}\x{3001}\x{6012}\x{3063}\x{305F}\x{308A}\x{3001}\x{9A12}\x{3044}\x{3060}\x{308A}\x{3001}\x{6CE3}\x{3044}\x{305F}\x{308A}\x{306F}\x{4EBA}\x{306E}\x{4E16}\x{306B}\x{3064}\x{304D}"
            text run at (1139,0) width 254: "\x{3082}\x{306E}\x{3060}\x{3002}\x{4F59}\x{3082}\x{4E09}\x{5341}\x{5E74}\x{306E}\x{9593}\x{305D}\x{308C}\x{3092}"
          RenderRuby (inline) {RUBY} at (0,0) size 17x34
            RenderRubyRun (anonymous) at (1139,254) size 17x34
              RenderRubyText {RT} at (-9,0) size 9x34
                RenderText {#text} at (0,3) size 9x28
                  text run at (0,3) width 27: "\x{3057}\x{3068}\x{304A}"
              RenderRubyBase (anonymous) at (0,0) size 17x34
                RenderInline {RB} at (0,0) size 17x34
                  RenderText {#text} at (0,0) size 17x34
                    text run at (0,0) width 34: "\x{4ED5}\x{901A}"
          RenderText {#text} at (1139,288) size 17x51
            text run at (1139,288) width 51: "\x{3057}\x{3066}\x{3001}"
          RenderRuby (inline) {RUBY} at (0,0) size 17x34
            RenderRubyRun (anonymous) at (1139,338) size 17x36
              RenderRubyText {RT} at (-9,0) size 9x36
                RenderText {#text} at (0,0) size 9x36
                  text run at (0,0) width 36: "\x{3042}\x{304D}\x{3042}\x{304D}"
              RenderRubyBase (anonymous) at (0,0) size 17x36
                RenderInline {RB} at (0,0) size 17x34
                  RenderText {#text} at (0,1) size 17x34
                    text run at (0,1) width 34: "\x{98FD}\x{3005}"
          RenderText {#text} at (1139,373) size 17x51
            text run at (1139,373) width 51: "\x{3057}\x{305F}\x{3002}"
          RenderRuby (inline) {RUBY} at (0,0) size 17x17
            RenderRubyRun (anonymous) at (1139,424) size 17x17
              RenderRubyText {RT} at (-9,0) size 9x17
                RenderText {#text} at (0,4) size 9x9
                  text run at (0,4) width 9: "\x{3042}"
              RenderRubyBase (anonymous) at (0,0) size 17x17
                RenderInline {RB} at (0,0) size 17x17
                  RenderText {#text} at (0,0) size 17x17
                    text run at (0,0) width 17: "\x{98FD}"
          RenderText {#text} at (1139,441) size 60x476
            text run at (1139,441) width 34: "\x{304D}\x{98FD}"
            text run at (1156,0) width 476: "\x{304D}\x{3057}\x{305F}\x{4E0A}\x{306B}\x{829D}\x{5C45}\x{3084}\x{5C0F}\x{8AAC}\x{3067}\x{540C}\x{3058}\x{523A}\x{6FC0}\x{3092}\x{7E70}\x{308A}\x{8FD4}\x{3057}\x{3066}\x{306F}\x{5927}\x{5909}\x{3060}\x{3002}\x{4F59}\x{304C}"
            text run at (1182,0) width 263: "\x{6B32}\x{3059}\x{308B}\x{8A69}\x{306F}\x{305D}\x{3093}\x{306A}\x{4E16}\x{9593}\x{7684}\x{306E}\x{4EBA}\x{60C5}\x{3092}"
          RenderRuby (inline) {RUBY} at (0,0) size 17x34
            RenderRubyRun (anonymous) at (1182,263) size 17x34
              RenderRubyText {RT} at (-9,0) size 9x34
                RenderText {#text} at (0,8) size 9x18
                  text run at (0,8) width 18: "\x{3053}\x{3076}"
              RenderRubyBase (anonymous) at (0,0) size 17x34
                RenderInline {RB} at (0,0) size 17x34
                  RenderText {#text} at (0,0) size 17x34
                    text run at (0,0) width 34: "\x{9F13}\x{821E}"
          RenderText {#text} at (1182,297) size 43x475
            text run at (1182,297) width 178: "\x{3059}\x{308B}\x{3088}\x{3046}\x{306A}\x{3082}\x{306E}\x{3067}\x{306F}\x{306A}"
            text run at (1208,0) width 272: "\x{3044}\x{3002}\x{4FD7}\x{5FF5}\x{3092}\x{653E}\x{68C4}\x{3057}\x{3066}\x{3001}\x{3057}\x{3070}\x{3089}\x{304F}\x{3067}\x{3082}"
          RenderRuby (inline) {RUBY} at (0,0) size 17x34
            RenderRubyRun (anonymous) at (1208,271) size 17x36
              RenderRubyText {RT} at (-9,0) size 9x36
                RenderText {#text} at (0,0) size 9x36
                  text run at (0,0) width 36: "\x{3058}\x{3093}\x{304B}\x{3044}"
              RenderRubyBase (anonymous) at (0,0) size 17x36
                RenderInline {RB} at (0,0) size 17x34
                  RenderText {#text} at (0,1) size 17x34
                    text run at (0,1) width 34: "\x{5875}\x{754C}"
          RenderText {#text} at (1208,306) size 94x484
            text run at (1208,306) width 170: "\x{3092}\x{96E2}\x{308C}\x{305F}\x{5FC3}\x{6301}\x{3061}\x{306B}\x{306A}\x{308C}"
            text run at (1225,0) width 476: "\x{308B}\x{8A69}\x{3067}\x{3042}\x{308B}\x{3002}\x{3044}\x{304F}\x{3089}\x{5091}\x{4F5C}\x{3067}\x{3082}\x{4EBA}\x{60C5}\x{3092}\x{96E2}\x{308C}\x{305F}\x{829D}\x{5C45}\x{306F}\x{306A}\x{3044}\x{3001}\x{7406}\x{975E}\x{3092}"
            text run at (1242,0) width 484: "\x{7D76}\x{3057}\x{305F}\x{5C0F}\x{8AAC}\x{306F}\x{5C11}\x{304B}\x{308D}\x{3046}\x{3002}\x{3069}\x{3053}\x{307E}\x{3067}\x{3082}\x{4E16}\x{9593}\x{3092}\x{51FA}\x{308B}\x{4E8B}\x{304C}\x{51FA}\x{6765}\x{306C}\x{306E}\x{304C}"
            text run at (1259,0) width 475: "\x{5F7C}\x{3089}\x{306E}\x{7279}\x{8272}\x{3067}\x{3042}\x{308B}\x{3002}\x{3053}\x{3068}\x{306B}\x{897F}\x{6D0B}\x{306E}\x{8A69}\x{306B}\x{306A}\x{308B}\x{3068}\x{3001}\x{4EBA}\x{4E8B}\x{304C}\x{6839}\x{672C}\x{306B}"
            text run at (1285,0) width 136: "\x{306A}\x{308B}\x{304B}\x{3089}\x{3044}\x{308F}\x{3086}\x{308B}"
          RenderRuby (inline) {RUBY} at (0,0) size 17x34
            RenderRubyRun (anonymous) at (1285,136) size 17x34
              RenderRubyText {RT} at (-9,0) size 9x34
                RenderText {#text} at (0,3) size 9x28
                  text run at (0,3) width 27: "\x{3057}\x{3044}\x{304B}"
              RenderRubyBase (anonymous) at (0,0) size 17x34
                RenderInline {RB} at (0,0) size 17x34
                  RenderText {#text} at (0,0) size 17x34
                    text run at (0,0) width 34: "\x{8A69}\x{6B4C}"
          RenderText {#text} at (1285,170) size 17x194
            text run at (1285,170) width 194: "\x{306E}\x{7D14}\x{7C8B}\x{306A}\x{308B}\x{3082}\x{306E}\x{3082}\x{3053}\x{306E}"
          RenderRuby (inline) {RUBY} at (0,0) size 17x19
            RenderRubyRun (anonymous) at (1285,360) size 17x27
              RenderRubyText {RT} at (-9,0) size 9x27
                RenderText {#text} at (0,0) size 9x27
                  text run at (0,0) width 27: "\x{304D}\x{3087}\x{3046}"
              RenderRubyBase (anonymous) at (0,0) size 17x27
                RenderInline {RB} at (0,0) size 17x17
                  RenderText {#text} at (0,5) size 17x17
                    text run at (0,5) width 17: "\x{5883}"
          RenderText {#text} at (1285,383) size 17x17
            text run at (1285,383) width 17: "\x{3092}"
          RenderRuby (inline) {RUBY} at (0,0) size 17x34
            RenderRubyRun (anonymous) at (1285,400) size 17x34
              RenderRubyText {RT} at (-9,0) size 9x34
                RenderText {#text} at (0,3) size 9x28
                  text run at (0,3) width 27: "\x{3052}\x{3060}\x{3064}"
              RenderRubyBase (anonymous) at (0,0) size 17x34
                RenderInline {RB} at (0,0) size 17x34
                  RenderText {#text} at (0,0) size 17x34
                    text run at (0,0) width 34: "\x{89E3}\x{8131}"
          RenderText {#text} at (1285,434) size 60x485
            text run at (1285,434) width 51: "\x{3059}\x{308B}\x{4E8B}"
            text run at (1302,0) width 476: "\x{3092}\x{77E5}\x{3089}\x{306C}\x{3002}\x{3069}\x{3053}\x{307E}\x{3067}\x{3082}\x{540C}\x{60C5}\x{3060}\x{3068}\x{304B}\x{3001}\x{611B}\x{3060}\x{3068}\x{304B}\x{3001}\x{6B63}\x{7FA9}\x{3060}\x{3068}\x{304B}\x{3001}\x{81EA}"
            text run at (1328,0) width 85: "\x{7531}\x{3060}\x{3068}\x{304B}\x{3001}"
          RenderRuby (inline) {RUBY} at (0,0) size 17x34
            RenderRubyRun (anonymous) at (1328,85) size 17x34
              RenderRubyText {RT} at (-9,0) size 9x34
                RenderText {#text} at (0,3) size 9x28
                  text run at (0,3) width 27: "\x{3046}\x{304D}\x{3088}"
              RenderRubyBase (anonymous) at (0,0) size 17x34
                RenderInline {RB} at (0,0) size 17x34
                  RenderText {#text} at (0,0) size 17x34
                    text run at (0,0) width 34: "\x{6D6E}\x{4E16}"
          RenderText {#text} at (1328,119) size 17x25
            text run at (1328,119) width 25: "\x{306E}"
          RenderRuby (inline) {RUBY} at (0,0) size 17x51
            RenderRubyRun (anonymous) at (1328,144) size 17x51
              RenderRubyText {RT} at (-9,0) size 9x51
                RenderText {#text} at (0,3) size 9x45
                  text run at (0,3) width 45: "\x{304B}\x{3093}\x{3053}\x{3046}\x{3070}"
              RenderRubyBase (anonymous) at (0,0) size 17x51
                RenderInline {RB} at (0,0) size 17x51
                  RenderText {#text} at (0,0) size 17x51
                    text run at (0,0) width 51: "\x{52E7}\x{5DE5}\x{5834}"
          RenderText {#text} at (1328,195) size 17x178
            text run at (1328,195) width 178: "\x{306B}\x{3042}\x{308B}\x{3082}\x{306E}\x{3060}\x{3051}\x{3067}\x{7528}\x{3092}"
          RenderRuby (inline) {RUBY} at (0,0) size 17x18
            RenderRubyRun (anonymous) at (1328,373) size 17x18
              RenderRubyText {RT} at (-9,0) size 9x18
                RenderText {#text} at (0,0) size 9x18
                  text run at (0,0) width 18: "\x{3079}\x{3093}"
              RenderRubyBase (anonymous) at (0,0) size 17x18
                RenderInline {RB} at (0,0) size 17x18
                  RenderText {#text} at (0,0) size 17x18
                    text run at (0,0) width 17: "\x{5F01}"
          RenderText {#text} at (1328,391) size 43x476
            text run at (1328,391) width 85: "\x{3058}\x{3066}\x{3044}\x{308B}\x{3002}"
            text run at (1354,0) width 263: "\x{3044}\x{304F}\x{3089}\x{8A69}\x{7684}\x{306B}\x{306A}\x{3063}\x{3066}\x{3082}\x{5730}\x{9762}\x{306E}\x{4E0A}\x{3092}"
          RenderRuby (inline) {RUBY} at (0,0) size 17x17
            RenderRubyRun (anonymous) at (1354,263) size 17x17
              RenderRubyText {RT} at (-9,0) size 9x17
                RenderText {#text} at (0,4) size 9x9
                  text run at (0,4) width 9: "\x{304B}"
              RenderRubyBase (anonymous) at (0,0) size 17x17
                RenderInline {RB} at (0,0) size 17x17
                  RenderText {#text} at (0,0) size 17x17
                    text run at (0,0) width 17: "\x{99B3}"
          RenderText {#text} at (1354,280) size 17x119
            text run at (1354,280) width 119: "\x{3051}\x{3066}\x{3042}\x{308B}\x{3044}\x{3066}\x{3001}"
          RenderRuby (inline) {RUBY} at (0,0) size 17x18
            RenderRubyRun (anonymous) at (1354,399) size 17x18
              RenderRubyText {RT} at (-9,0) size 9x18
                RenderText {#text} at (0,0) size 9x18
                  text run at (0,0) width 18: "\x{305C}\x{306B}"
              RenderRubyBase (anonymous) at (0,0) size 17x18
                RenderInline {RB} at (0,0) size 17x18
                  RenderText {#text} at (0,0) size 17x18
                    text run at (0,0) width 17: "\x{92AD}"
          RenderText {#text} at (1354,417) size 43x476
            text run at (1354,417) width 59: "\x{306E}\x{52D8}\x{5B9A}"
            text run at (1380,0) width 255: "\x{3092}\x{5FD8}\x{308C}\x{308B}\x{3072}\x{307E}\x{304C}\x{306A}\x{3044}\x{3002}\x{30B7}\x{30A7}\x{30EC}\x{30FC}\x{304C}"
          RenderRuby (inline) {RUBY} at (0,0) size 17x34
            RenderRubyRun (anonymous) at (1380,255) size 17x34
              RenderRubyText {RT} at (-9,0) size 9x34
                RenderText {#text} at (0,3) size 9x28
                  text run at (0,3) width 27: "\x{3072}\x{3070}\x{308A}"
              RenderRubyBase (anonymous) at (0,0) size 17x34
                RenderInline {RB} at (0,0) size 17x34
                  RenderText {#text} at (0,0) size 17x34
                    text run at (0,0) width 34: "\x{96F2}\x{96C0}"
          RenderText {#text} at (1380,289) size 34x484
            text run at (1380,289) width 195: "\x{3092}\x{805E}\x{3044}\x{3066}\x{5606}\x{606F}\x{3057}\x{305F}\x{306E}\x{3082}\x{7121}"
            text run at (1397,0) width 85: "\x{7406}\x{306F}\x{306A}\x{3044}\x{3002}"
          RenderBR {BR} at (1397,85) size 17x0
          RenderText {#text} at (1423,0) size 17x178
            text run at (1423,0) width 178: "\x{3000}\x{3046}\x{308C}\x{3057}\x{3044}\x{4E8B}\x{306B}\x{6771}\x{6D0B}\x{306E}"
          RenderRuby (inline) {RUBY} at (0,0) size 17x34
            RenderRubyRun (anonymous) at (1423,178) size 17x34
              RenderRubyText {RT} at (-9,0) size 9x34
                RenderText {#text} at (0,3) size 9x28
                  text run at (0,3) width 27: "\x{3057}\x{3044}\x{304B}"
              RenderRubyBase (anonymous) at (0,0) size 17x34
                RenderInline {RB} at (0,0) size 17x34
                  RenderText {#text} at (0,0) size 17x34
                    text run at (0,0) width 34: "\x{8A69}\x{6B4C}"
          RenderText {#text} at (1423,212) size 17x68
            text run at (1423,212) width 68: "\x{306F}\x{305D}\x{3053}\x{3092}"
          RenderRuby (inline) {RUBY} at (0,0) size 17x34
            RenderRubyRun (anonymous) at (1423,280) size 17x34
              RenderRubyText {RT} at (-9,0) size 9x34
                RenderText {#text} at (0,3) size 9x28
                  text run at (0,3) width 27: "\x{3052}\x{3060}\x{3064}"
              RenderRubyBase (anonymous) at (0,0) size 17x34
                RenderInline {RB} at (0,0) size 17x34
                  RenderText {#text} at (0,0) size 17x34
                    text run at (0,0) width 34: "\x{89E3}\x{8131}"
          RenderText {#text} at (1423,314) size 17x127
            text run at (1423,314) width 127: "\x{3057}\x{305F}\x{306E}\x{304C}\x{3042}\x{308B}\x{3002}"
          RenderRuby (inline) {RUBY} at (0,0) size 17x41
            RenderRubyRun (anonymous) at (1423,437) size 17x45
              RenderRubyText {RT} at (-9,0) size 9x45
                RenderText {#text} at (0,0) size 9x45
                  text run at (0,0) width 45: "\x{304D}\x{304F}\x{3092}\x{3068}\x{308B}"
              RenderRubyBase (anonymous) at (0,0) size 17x45
                RenderInline {RB} at (0,0) size 17x35
                  RenderText {#text} at (0,5) size 17x35
                    text run at (0,5) width 34: "\x{63A1}\x{83CA}"
          RenderRuby (inline) {RUBY} at (0,0) size 17x55
            RenderRubyRun (anonymous) at (1449,0) size 17x58
              RenderRubyText {RT} at (-9,0) size 9x58
                RenderText {#text} at (0,0) size 9x58
                  text run at (0,0) width 58: "\x{3068}\x{3046}\x{308A}\x{306E}\x{3082}\x{3068}"
              RenderRubyBase (anonymous) at (0,0) size 17x58
                RenderInline {RB} at (0,0) size 17x52
                  RenderText {#text} at (0,3) size 17x52
                    text run at (0,3) width 51: "\x{6771}\x{7C6C}\x{4E0B}"
          RenderText {#text} at (1449,55) size 17x17
            text run at (1449,55) width 17: "\x{3001}"
          RenderRuby (inline) {RUBY} at (0,0) size 17x59
            RenderRubyRun (anonymous) at (1449,68) size 17x63
              RenderRubyText {RT} at (-9,0) size 9x63
                RenderText {#text} at (0,0) size 9x63
                  text run at (0,0) width 63: "\x{3086}\x{3046}\x{305C}\x{3093}\x{3068}\x{3057}\x{3066}"
              RenderRubyBase (anonymous) at (0,0) size 17x63
                RenderInline {RB} at (0,0) size 17x35
                  RenderText {#text} at (0,14) size 17x35
                    text run at (0,14) width 34: "\x{60A0}\x{7136}"
          RenderRuby (inline) {RUBY} at (0,0) size 17x59
            RenderRubyRun (anonymous) at (1449,131) size 17x63
              RenderRubyText {RT} at (-9,0) size 9x63
                RenderText {#text} at (0,0) size 9x63
                  text run at (0,0) width 63: "\x{306A}\x{3093}\x{3056}\x{3093}\x{3092}\x{307F}\x{308B}"
              RenderRubyBase (anonymous) at (0,0) size 17x63
                RenderInline {RB} at (0,0) size 17x51
                  RenderText {#text} at (0,6) size 17x51
                    text run at (0,6) width 51: "\x{898B}\x{5357}\x{5C71}"
          RenderText {#text} at (1449,190) size 17x144
            text run at (1449,190) width 144: "\x{3002}\x{305F}\x{3060}\x{305D}\x{308C}\x{304E}\x{308A}\x{306E}"
          RenderRuby (inline) {RUBY} at (0,0) size 17x18
            RenderRubyRun (anonymous) at (1449,334) size 17x18
              RenderRubyText {RT} at (-9,0) size 9x18
                RenderText {#text} at (0,0) size 9x18
                  text run at (0,0) width 18: "\x{3046}\x{3061}"
              RenderRubyBase (anonymous) at (0,0) size 17x18
                RenderInline {RB} at (0,0) size 17x18
                  RenderText {#text} at (0,0) size 17x18
                    text run at (0,0) width 17: "\x{88CF}"
          RenderText {#text} at (1449,352) size 43x479
            text run at (1449,352) width 127: "\x{306B}\x{6691}\x{82E6}\x{3057}\x{3044}\x{4E16}\x{306E}"
            text run at (1475,0) width 458: "\x{4E2D}\x{3092}\x{307E}\x{308B}\x{3067}\x{5FD8}\x{308C}\x{305F}\x{5149}\x{666F}\x{304C}\x{51FA}\x{3066}\x{304F}\x{308B}\x{3002}\x{57A3}\x{306E}\x{5411}\x{3046}\x{306B}\x{96A3}\x{308A}\x{306E}\x{5A18}\x{304C}"
          RenderRuby (inline) {RUBY} at (0,0) size 17x20
            RenderRubyRun (anonymous) at (1475,456) size 17x22
              RenderRubyText {RT} at (-9,0) size 9x22
                RenderText {#text} at (0,0) size 9x22
                  text run at (0,0) width 22: "\x{306E}\x{305E}"
              RenderRubyBase (anonymous) at (0,0) size 17x22
                RenderInline {RB} at (0,0) size 17x18
                  RenderText {#text} at (0,2) size 17x18
                    text run at (0,2) width 17: "\x{8997}"
          RenderText {#text} at (1501,0) size 17x187
            text run at (1501,0) width 187: "\x{3044}\x{3066}\x{308B}\x{8A33}\x{3067}\x{3082}\x{306A}\x{3051}\x{308C}\x{3070}\x{3001}"
          RenderRuby (inline) {RUBY} at (0,0) size 17x34
            RenderRubyRun (anonymous) at (1501,186) size 17x36
              RenderRubyText {RT} at (-9,0) size 9x36
                RenderText {#text} at (0,0) size 9x36
                  text run at (0,0) width 36: "\x{306A}\x{3093}\x{3056}\x{3093}"
              RenderRubyBase (anonymous) at (0,0) size 17x36
                RenderInline {RB} at (0,0) size 17x34
                  RenderText {#text} at (0,1) size 17x34
                    text run at (0,1) width 34: "\x{5357}\x{5C71}"
          RenderText {#text} at (1501,221) size 43x476
            text run at (1501,221) width 255: "\x{306B}\x{89AA}\x{53CB}\x{304C}\x{5949}\x{8077}\x{3057}\x{3066}\x{3044}\x{308B}\x{6B21}\x{7B2C}\x{3067}\x{3082}\x{306A}"
            text run at (1527,0) width 85: "\x{3044}\x{3002}\x{8D85}\x{7136}\x{3068}"
          RenderRuby (inline) {RUBY} at (0,0) size 17x68
            RenderRubyRun (anonymous) at (1527,83) size 17x72
              RenderRubyText {RT} at (-9,0) size 9x72
                RenderText {#text} at (0,0) size 9x72
                  text run at (0,0) width 72: "\x{3057}\x{3085}\x{3063}\x{305B}\x{3051}\x{3093}\x{3066}\x{304D}"
              RenderRubyBase (anonymous) at (0,0) size 17x72
                RenderInline {RB} at (0,0) size 17x68
                  RenderText {#text} at (0,2) size 17x68
                    text run at (0,2) width 68: "\x{51FA}\x{4E16}\x{9593}\x{7684}"
          RenderText {#text} at (1527,153) size 43x484
            text run at (1527,153) width 331: "\x{306B}\x{5229}\x{5BB3}\x{640D}\x{5F97}\x{306E}\x{6C57}\x{3092}\x{6D41}\x{3057}\x{53BB}\x{3063}\x{305F}\x{5FC3}\x{6301}\x{3061}\x{306B}\x{306A}\x{308C}"
            text run at (1553,0) width 34: "\x{308B}\x{3002}"
          RenderRuby (inline) {RUBY} at (0,0) size 17x23
            RenderRubyRun (anonymous) at (1553,30) size 17x27
              RenderRubyText {RT} at (-9,0) size 9x27
                RenderText {#text} at (0,0) size 9x27
                  text run at (0,0) width 27: "\x{3072}\x{3068}\x{308A}"
              RenderRubyBase (anonymous) at (0,0) size 17x27
                RenderInline {RB} at (0,0) size 17x17
                  RenderText {#text} at (0,5) size 17x17
                    text run at (0,5) width 17: "\x{72EC}"
          RenderRuby (inline) {RUBY} at (0,0) size 17x90
            RenderRubyRun (anonymous) at (1553,57) size 17x94
              RenderRubyText {RT} at (-9,0) size 9x94
                RenderText {#text} at (0,0) size 9x94
                  text run at (0,0) width 94: "\x{3086}\x{3046}\x{3053}\x{3046}\x{306E}\x{3046}\x{3061}\x{306B}\x{3056}\x{3057}"
              RenderRubyBase (anonymous) at (0,0) size 17x94
                RenderInline {RB} at (0,0) size 17x68
                  RenderText {#text} at (0,13) size 17x68
                    text run at (0,13) width 68: "\x{5750}\x{5E7D}\x{7BC1}\x{88CF}"
          RenderText {#text} at (1553,147) size 17x17
            text run at (1553,147) width 17: "\x{3001}"
          RenderRuby (inline) {RUBY} at (0,0) size 17x59
            RenderRubyRun (anonymous) at (1553,160) size 17x63
              RenderRubyText {RT} at (-9,0) size 9x63
                RenderText {#text} at (0,0) size 9x63
                  text run at (0,0) width 63: "\x{304D}\x{3093}\x{3092}\x{3060}\x{3093}\x{3058}\x{3066}"
              RenderRubyBase (anonymous) at (0,0) size 17x63
                RenderInline {RB} at (0,0) size 17x35
                  RenderText {#text} at (0,14) size 17x35
                    text run at (0,14) width 34: "\x{5F3E}\x{7434}"
          RenderRuby (inline) {RUBY} at (0,0) size 17x77
            RenderRubyRun (anonymous) at (1553,223) size 17x81
              RenderRubyText {RT} at (-9,0) size 9x81
                RenderText {#text} at (0,0) size 9x81
                  text run at (0,0) width 81: "\x{307E}\x{305F}\x{3061}\x{3087}\x{3046}\x{3057}\x{3087}\x{3046}\x{3059}"
              RenderRubyBase (anonymous) at (0,0) size 17x81
                RenderInline {RB} at (0,0) size 17x51
                  RenderText {#text} at (0,15) size 17x51
                    text run at (0,15) width 51: "\x{5FA9}\x{9577}\x{562F}"
          RenderText {#text} at (1553,300) size 17x17
            text run at (1553,300) width 17: "\x{3001}"
          RenderRuby (inline) {RUBY} at (0,0) size 17x35
            RenderRubyRun (anonymous) at (1553,316) size 17x36
              RenderRubyText {RT} at (-9,0) size 9x36
                RenderText {#text} at (0,0) size 9x36
                  text run at (0,0) width 36: "\x{3057}\x{3093}\x{308A}\x{3093}"
              RenderRubyBase (anonymous) at (0,0) size 17x36
                RenderInline {RB} at (0,0) size 17x34
                  RenderText {#text} at (0,1) size 17x34
                    text run at (0,1) width 34: "\x{6DF1}\x{6797}"
          RenderRuby (inline) {RUBY} at (0,0) size 17x51
            RenderRubyRun (anonymous) at (1553,352) size 17x51
              RenderRubyText {RT} at (-9,0) size 9x51
                RenderText {#text} at (0,3) size 9x45
                  text run at (0,3) width 45: "\x{3072}\x{3068}\x{3057}\x{3089}\x{305A}"
              RenderRubyBase (anonymous) at (0,0) size 17x51
                RenderInline {RB} at (0,0) size 17x51
                  RenderText {#text} at (0,0) size 17x51
                    text run at (0,0) width 51: "\x{4EBA}\x{4E0D}\x{77E5}"
          RenderText {#text} at (1553,403) size 17x17
            text run at (1553,403) width 17: "\x{3001}"
          RenderRuby (inline) {RUBY} at (0,0) size 17x68
            RenderRubyRun (anonymous) at (1553,416) size 17x72
              RenderRubyText {RT} at (-9,0) size 9x72
                RenderText {#text} at (0,0) size 9x72
                  text run at (0,0) width 72: "\x{3081}\x{3044}\x{3052}\x{3064}\x{304D}\x{305F}\x{308A}\x{3066}"
              RenderRubyBase (anonymous) at (0,0) size 17x72
                RenderInline {RB} at (0,0) size 17x52
                  RenderText {#text} at (0,10) size 17x52
                    text run at (0,10) width 51: "\x{660E}\x{6708}\x{6765}"
          RenderRuby (inline) {RUBY} at (0,0) size 17x41
            RenderRubyRun (anonymous) at (1579,0) size 17x45
              RenderRubyText {RT} at (-9,0) size 9x45
                RenderText {#text} at (0,0) size 9x45
                  text run at (0,0) width 45: "\x{3042}\x{3044}\x{3066}\x{3089}\x{3059}"
              RenderRubyBase (anonymous) at (0,0) size 17x45
                RenderInline {RB} at (0,0) size 17x35
                  RenderText {#text} at (0,5) size 17x35
                    text run at (0,5) width 34: "\x{76F8}\x{7167}"
          RenderText {#text} at (1579,41) size 17x178
            text run at (1579,41) width 178: "\x{3002}\x{305F}\x{3060}\x{4E8C}\x{5341}\x{5B57}\x{306E}\x{3046}\x{3061}\x{306B}"
          RenderRuby (inline) {RUBY} at (0,0) size 17x18
            RenderRubyRun (anonymous) at (1579,219) size 17x18
              RenderRubyText {RT} at (-9,0) size 9x18
                RenderText {#text} at (0,0) size 9x18
                  text run at (0,0) width 18: "\x{3086}\x{3046}"
              RenderRubyBase (anonymous) at (0,0) size 17x18
                RenderInline {RB} at (0,0) size 17x18
                  RenderText {#text} at (0,0) size 17x18
                    text run at (0,0) width 17: "\x{512A}"
          RenderText {#text} at (1579,237) size 17x17
            text run at (1579,237) width 17: "\x{306B}"
          RenderRuby (inline) {RUBY} at (0,0) size 17x52
            RenderRubyRun (anonymous) at (1579,253) size 17x54
              RenderRubyText {RT} at (-9,0) size 9x54
                RenderText {#text} at (0,0) size 9x54
                  text run at (0,0) width 54: "\x{3079}\x{3064}\x{3051}\x{3093}\x{3053}\x{3093}"
              RenderRubyBase (anonymous) at (0,0) size 17x54
                RenderInline {RB} at (0,0) size 17x52
                  RenderText {#text} at (0,1) size 17x52
                    text run at (0,1) width 51: "\x{5225}\x{4E7E}\x{5764}"
          RenderText {#text} at (1579,306) size 17x17
            text run at (1579,306) width 17: "\x{3092}"
          RenderRuby (inline) {RUBY} at (0,0) size 17x37
            RenderRubyRun (anonymous) at (1579,319) size 17x45
              RenderRubyText {RT} at (-9,0) size 9x45
                RenderText {#text} at (0,0) size 9x45
                  text run at (0,0) width 45: "\x{3053}\x{3093}\x{308A}\x{3085}\x{3046}"
              RenderRubyBase (anonymous) at (0,0) size 17x45
                RenderInline {RB} at (0,0) size 17x35
                  RenderText {#text} at (0,5) size 17x35
                    text run at (0,5) width 34: "\x{5EFA}\x{7ACB}"
          RenderText {#text} at (1579,360) size 43x487
            text run at (1579,360) width 127: "\x{3057}\x{3066}\x{3044}\x{308B}\x{3002}\x{3053}\x{306E}"
            text run at (1605,0) width 59: "\x{4E7E}\x{5764}\x{306E}"
          RenderRuby (inline) {RUBY} at (0,0) size 17x34
            RenderRubyRun (anonymous) at (1605,59) size 17x34
              RenderRubyText {RT} at (-9,0) size 9x34
                RenderText {#text} at (0,3) size 9x28
                  text run at (0,3) width 27: "\x{304F}\x{3069}\x{304F}"
              RenderRubyBase (anonymous) at (0,0) size 17x34
                RenderInline {RB} at (0,0) size 17x34
                  RenderText {#text} at (0,0) size 17x34
                    text run at (0,0) width 34: "\x{529F}\x{5FB3}"
          RenderText {#text} at (1605,93) size 17x34
            text run at (1605,93) width 34: "\x{306F}\x{300C}"
          RenderRuby (inline) {RUBY} at (0,0) size 17x51
            RenderRubyRun (anonymous) at (1605,127) size 17x51
              RenderRubyText {RT} at (-9,0) size 9x51
                RenderText {#text} at (0,3) size 9x45
                  text run at (0,3) width 45: "\x{307B}\x{3068}\x{3068}\x{304E}\x{3059}"
              RenderRubyBase (anonymous) at (0,0) size 17x51
                RenderInline {RB} at (0,0) size 17x51
                  RenderText {#text} at (0,0) size 17x51
                    text run at (0,0) width 51: "\x{4E0D}\x{5982}\x{5E30}"
          RenderText {#text} at (1605,178) size 17x51
            text run at (1605,178) width 51: "\x{300D}\x{3084}\x{300C}"
          RenderRuby (inline) {RUBY} at (0,0) size 17x68
            RenderRubyRun (anonymous) at (1605,229) size 17x68
              RenderRubyText {RT} at (-9,0) size 9x68
                RenderText {#text} at (0,2) size 9x64
                  text run at (0,2) width 63: "\x{3053}\x{3093}\x{3058}\x{304D}\x{3084}\x{3057}\x{3083}"
              RenderRubyBase (anonymous) at (0,0) size 17x68
                RenderInline {RB} at (0,0) size 17x68
                  RenderText {#text} at (0,0) size 17x68
                    text run at (0,0) width 68: "\x{91D1}\x{8272}\x{591C}\x{53C9}"
          RenderText {#text} at (1605,297) size 43x475
            text run at (1605,297) width 178: "\x{300D}\x{306E}\x{529F}\x{5FB3}\x{3067}\x{306F}\x{306A}\x{3044}\x{3002}\x{6C7D}"
            text run at (1631,0) width 374: "\x{8239}\x{3001}\x{6C7D}\x{8ECA}\x{3001}\x{6A29}\x{5229}\x{3001}\x{7FA9}\x{52D9}\x{3001}\x{9053}\x{5FB3}\x{3001}\x{793C}\x{7FA9}\x{3067}\x{75B2}\x{308C}\x{679C}\x{3066}\x{305F}"
          RenderRuby (inline) {RUBY} at (0,0) size 17x18
            RenderRubyRun (anonymous) at (1631,372) size 17x22
              RenderRubyText {RT} at (-9,0) size 9x22
                RenderText {#text} at (0,0) size 9x22
                  text run at (0,0) width 22: "\x{306E}\x{3061}"
              RenderRubyBase (anonymous) at (0,0) size 17x22
                RenderInline {RB} at (0,0) size 17x18
                  RenderText {#text} at (0,2) size 17x18
                    text run at (0,2) width 17: "\x{5F8C}"
          RenderText {#text} at (1631,392) size 34x477
            text run at (1631,392) width 85: "\x{306B}\x{3001}\x{3059}\x{3079}\x{3066}"
            text run at (1648,0) width 357: "\x{3092}\x{5FD8}\x{5374}\x{3057}\x{3066}\x{3050}\x{3063}\x{3059}\x{308A}\x{5BDD}\x{8FBC}\x{3080}\x{3088}\x{3046}\x{306A}\x{529F}\x{5FB3}\x{3067}\x{3042}\x{308B}\x{3002}"
          RenderBR {BR} at (1648,357) size 17x0
