layer at (0,0) size 800x600
  RenderView at (0,0) size 800x600
layer at (542,0) size 258x600
  RenderBlock {HTML} at (0,0) size 258x600
    RenderBody {BODY} at (24,8) size 210x584
      RenderBlock {P} at (0,0) size 106x584
        RenderInline {SPAN} at (0,0) size 26x106
          RenderText {#text} at (22,0) size 26x106
            text run at (22,0) width 106: "\x{7B2C}\x{4E00}\x{6BB5}\x{843D} "
        RenderInline {SPAN} at (0,0) size 106x461
          RenderText {#text} at (0,106) size 53x341
            text run at (0,106) width 341: "PARAGRAPH 1 "
          RenderBR {BR} at (0,447) size 53x0
          RenderText {#text} at (53,0) size 53x297
            text run at (53,0) width 297: "MORE TEXT. "
          RenderInline {SPAN} at (0,0) size 14x164
            RenderText {#text} at (85,297) size 14x164
              text run at (85,297) width 164: "SHOULD NOT BE CENTERED."
          RenderText {#text} at (0,0) size 0x0
      RenderBlock {P} at (130,0) size 80x584
        RenderInline {SPAN} at (0,0) size 26x477
          RenderText {#text} at (49,0) size 26x106
            text run at (49,0) width 106: "\x{7B2C}\x{4E8C}\x{6BB5}\x{843D} "
          RenderInline {SPAN} at (0,0) size 53x371
            RenderText {#text} at (27,106) size 53x341
              text run at (27,106) width 341: "PARAGRAPH 2 "
            RenderImage {IMG} at (0,447) size 70x30 [bgcolor=#008000]
            RenderText {#text} at (0,0) size 0x0
