layer at (0,0) size 800x600
  RenderView at (0,0) size 800x600
layer at (0,0) size 800x600
  RenderBlock {HTML} at (0,0) size 800x600
    RenderBody {BODY} at (8,8) size 784x584
      RenderBlock {P} at (0,0) size 784x34
        RenderText {#text} at (0,0) size 744x34
          text run at (0,0) width 408: "This tests smart paste of a fragment that ends in a select element. "
          text run at (408,0) width 336: "There should be no spaces added because the paste is"
          text run at (0,17) width 214: "performed in an empty paragraph."
      RenderBlock {DIV} at (0,50) size 784x31
        RenderText {#text} at (0,7) size 21x17
          text run at (0,7) width 21: "foo"
        RenderMenuList {SELECT} at (23,2) size 36x27 [bgcolor=#FFFFFF] [border: (1px solid #000000)]
          RenderBlock (anonymous) at (1,1) size 34x25
            RenderText at (4,4) size 9x17
              text run at (4,4) width 9: "1"
      RenderBlock {DIV} at (0,81) size 784x31
        RenderText {#text} at (0,7) size 21x17
          text run at (0,7) width 21: "foo"
        RenderMenuList {SELECT} at (23,2) size 36x27 [bgcolor=#FFFFFF] [border: (1px solid #000000)]
          RenderBlock (anonymous) at (1,1) size 34x25
            RenderText at (4,4) size 9x17
              text run at (4,4) width 9: "1"
caret: position 3 of child 1 {SELECT} of child 4 {DIV} of body
