layer at (0,0) size 800x600
  RenderView at (0,0) size 800x600
layer at (0,0) size 800x600
  RenderBlock {HTML} at (0,0) size 800x600
    RenderBody {BODY} at (8,8) size 784x584
      RenderBlock {P} at (0,0) size 784x34
        RenderText {#text} at (0,0) size 776x34
          text run at (0,0) width 408: "This tests smart paste of a fragment that ends in a select element. "
          text run at (408,0) width 368: "There should be spaces added before and after the inserted"
          text run at (0,17) width 50: "content."
      RenderBlock {DIV} at (0,50) size 784x31
        RenderMenuList {SELECT} at (2,2) size 36x27 [bgcolor=#FFFFFF] [border: (1px solid #000000)]
          RenderBlock (anonymous) at (1,1) size 34x25
            RenderText at (4,4) size 9x17
              text run at (4,4) width 9: "1"
      RenderBlock {DIV} at (0,81) size 784x31
        RenderText {#text} at (0,7) size 12x17
          text run at (0,7) width 12: "x "
        RenderMenuList {SELECT} at (14,2) size 36x27 [bgcolor=#FFFFFF] [border: (1px solid #000000)]
          RenderBlock (anonymous) at (1,1) size 34x25
            RenderText at (4,4) size 9x17
              text run at (4,4) width 9: "1"
        RenderText {#text} at (52,7) size 12x17
          text run at (52,7) width 12: " x"
caret: position 1 of child 2 {#text} of child 4 {DIV} of body
