layer at (0,0) size 785x1570
  RenderView at (0,0) size 785x600
layer at (0,0) size 785x1570
  RenderBlock {HTML} at (0,0) size 785x1570
    RenderBody {BODY} at (8,8) size 769x1554
      RenderTable {TABLE} at (0,0) size 769x75 [border: (1px solid #000000)]
        RenderTableSection {TBODY} at (1,1) size 767x73
          RenderTableRow {TR} at (0,2) size 767x69
            RenderTableCell {TD} at (2,2) size 444x69 [border: (1px solid #000000)] [r=0 c=0 rs=1 cs=1]
              RenderImage {IMG} at (2,2) size 88x65
              RenderImage {IMG} at (90,2) size 88x65
              RenderImage {IMG} at (178,2) size 88x65
              RenderImage {IMG} at (266,2) size 88x65
              RenderImage {IMG} at (354,2) size 88x65
            RenderTableCell {TD} at (448,26) size 317x21 [border: (1px solid #000000)] [r=0 c=1 rs=1 cs=1]
              RenderText {#text} at (2,2) size 157x17
                text run at (2,2) width 157: "Nothing between images"
      RenderTable {TABLE} at (0,75) size 769x335 [border: (1px solid #000000)]
        RenderTableSection {TBODY} at (1,1) size 767x333
          RenderTableRow {TR} at (0,2) size 767x329
            RenderTableCell {TD} at (2,2) size 92x329 [border: (1px solid #000000)] [r=0 c=0 rs=1 cs=1]
              RenderImage {IMG} at (2,2) size 88x65
              RenderText {#text} at (0,0) size 0x0
              RenderImage {IMG} at (2,67) size 88x65
              RenderText {#text} at (0,0) size 0x0
              RenderImage {IMG} at (2,132) size 88x65
              RenderText {#text} at (0,0) size 0x0
              RenderImage {IMG} at (2,197) size 88x65
              RenderText {#text} at (0,0) size 0x0
              RenderImage {IMG} at (2,262) size 88x65
            RenderTableCell {TD} at (96,156) size 669x21 [border: (1px solid #000000)] [r=0 c=1 rs=1 cs=1]
              RenderText {#text} at (2,2) size 149x17
                text run at (2,2) width 149: "Spaces between images"
      RenderTable {TABLE} at (0,410) size 769x335 [border: (1px solid #000000)]
        RenderTableSection {TBODY} at (1,1) size 767x333
          RenderTableRow {TR} at (0,2) size 767x329
            RenderTableCell {TD} at (2,2) size 92x329 [border: (1px solid #000000)] [r=0 c=0 rs=1 cs=1]
              RenderImage {IMG} at (2,2) size 88x65
              RenderText {#text} at (0,0) size 0x0
              RenderImage {IMG} at (2,67) size 88x65
              RenderText {#text} at (0,0) size 0x0
              RenderImage {IMG} at (2,132) size 88x65
              RenderText {#text} at (0,0) size 0x0
              RenderImage {IMG} at (2,197) size 88x65
              RenderText {#text} at (0,0) size 0x0
              RenderImage {IMG} at (2,262) size 88x65
            RenderTableCell {TD} at (96,156) size 669x21 [border: (1px solid #000000)] [r=0 c=1 rs=1 cs=1]
              RenderText {#text} at (2,2) size 165x17
                text run at (2,2) width 165: "Newlines between images"
      RenderTable {TABLE} at (0,745) size 769x78 [border: (1px solid #000000)]
        RenderTableSection {TBODY} at (1,1) size 767x76
          RenderTableRow {TR} at (0,2) size 767x72
            RenderTableCell {TD} at (2,2) size 596x72 [border: (1px solid #000000)] [r=0 c=0 rs=1 cs=1]
              RenderText {#text} at (2,53) size 27x17
                text run at (2,53) width 27: "One"
              RenderImage {IMG} at (29,2) size 88x65
              RenderText {#text} at (117,53) size 30x17
                text run at (117,53) width 30: "Two"
              RenderImage {IMG} at (147,2) size 88x65
              RenderText {#text} at (235,53) size 37x17
                text run at (235,53) width 37: "Three"
              RenderImage {IMG} at (272,2) size 88x65
              RenderText {#text} at (360,53) size 30x17
                text run at (360,53) width 30: "Four"
              RenderImage {IMG} at (390,2) size 88x65
              RenderText {#text} at (478,53) size 28x17
                text run at (478,53) width 28: "Five"
              RenderImage {IMG} at (506,2) size 88x65
            RenderTableCell {TD} at (600,27) size 165x22 [border: (1px solid #000000)] [r=0 c=1 rs=1 cs=1]
              RenderText {#text} at (2,2) size 134x18
                text run at (2,3) width 134: "Text between images"
      RenderTable {TABLE} at (0,823) size 769x364 [border: (1px solid #000000)]
        RenderTableSection {TBODY} at (1,1) size 767x362
          RenderTableRow {TR} at (0,2) size 767x358
            RenderTableCell {TD} at (2,2) size 129x358 [border: (1px solid #000000)] [r=0 c=0 rs=1 cs=1]
              RenderText {#text} at (2,2) size 27x17
                text run at (2,2) width 27: "One"
              RenderImage {IMG} at (2,19) size 88x65
              RenderText {#text} at (90,70) size 30x17
                text run at (90,70) width 30: "Two"
              RenderImage {IMG} at (2,87) size 88x65
              RenderText {#text} at (90,138) size 37x17
                text run at (90,138) width 37: "Three"
              RenderImage {IMG} at (2,155) size 88x65
              RenderText {#text} at (90,206) size 30x17
                text run at (90,206) width 30: "Four"
              RenderImage {IMG} at (2,223) size 88x65
              RenderText {#text} at (90,274) size 28x17
                text run at (90,274) width 28: "Five"
              RenderImage {IMG} at (2,291) size 88x65
            RenderTableCell {TD} at (133,170) size 632x22 [border: (1px solid #000000)] [r=0 c=1 rs=1 cs=1]
              RenderText {#text} at (2,2) size 211x18
                text run at (2,3) width 211: "Text with spaces between images"
      RenderTable {TABLE} at (0,1187) size 769x367 [border: (1px solid #000000)]
        RenderTableSection {TBODY} at (1,1) size 767x365
          RenderTableRow {TR} at (0,2) size 767x361
            RenderTableCell {TD} at (2,2) size 137x361 [border: (1px solid #000000)] [r=0 c=0 rs=1 cs=1]
              RenderText {#text} at (2,2) size 27x85
                text run at (2,2) width 27: "One"
                text run at (2,70) width 12: "A"
              RenderImage {IMG} at (14,19) size 88x65
              RenderText {#text} at (102,70) size 130x85
                text run at (102,70) width 30: "Two"
                text run at (2,138) width 8: "b"
              RenderImage {IMG} at (10,87) size 88x65
              RenderText {#text} at (98,138) size 133x85
                text run at (98,138) width 37: "Three"
                text run at (2,206) width 7: "c"
              RenderImage {IMG} at (9,155) size 88x65
              RenderText {#text} at (97,206) size 125x85
                text run at (97,206) width 30: "Four"
                text run at (2,274) width 8: "d"
              RenderImage {IMG} at (10,223) size 88x65
              RenderText {#text} at (98,274) size 124x85
                text run at (98,274) width 28: "Five"
                text run at (2,342) width 7: "e"
              RenderImage {IMG} at (9,291) size 88x65
            RenderTableCell {TD} at (141,172) size 624x21 [border: (1px solid #000000)] [r=0 c=1 rs=1 cs=1]
              RenderText {#text} at (2,2) size 301x17
                text run at (2,2) width 301: "Text with spaces and more text between images"
