layer at (0,0) size 800x600
  RenderView at (0,0) size 800x600
layer at (0,0) size 800x600
  RenderBlock {HTML} at (0,0) size 800x600
    RenderBody {BODY} at (8,8) size 784x584 [bgcolor=#C0C0C0]
      RenderTable {TABLE} at (0,0) size 400x58 [border: (5px outset #808080)]
        RenderTableSection {TBODY} at (5,5) size 390x48
          RenderTableRow {TR} at (0,2) size 390x21
            RenderTableCell {TD} at (2,2) size 193x21 [border: (1px inset #808080)] [r=0 c=0 rs=1 cs=2]
              RenderText {#text} at (2,2) size 29x17
                text run at (2,2) width 29: "50%"
            RenderTableCell {TD} at (197,2) size 191x21 [border: (1px inset #808080)] [r=0 c=2 rs=1 cs=1]
              RenderText {#text} at (2,2) size 21x17
                text run at (2,2) width 21: "foo"
          RenderTableRow {TR} at (0,25) size 390x21
            RenderTableCell {TD} at (2,25) size 96x21 [border: (1px inset #808080)] [r=1 c=0 rs=1 cs=1]
              RenderText {#text} at (2,2) size 29x17
                text run at (2,2) width 29: "25%"
            RenderTableCell {TD} at (99,25) size 96x21 [border: (1px inset #808080)] [r=1 c=1 rs=1 cs=1]
              RenderText {#text} at (2,2) size 20x17
                text run at (2,2) width 20: "bar"
      RenderBlock (anonymous) at (0,58) size 784x17
        RenderBR {BR} at (0,0) size 0x17
      RenderTable {TABLE} at (0,75) size 400x58 [border: (5px outset #808080)]
        RenderTableSection {TBODY} at (5,5) size 390x48
          RenderTableRow {TR} at (0,2) size 390x21
            RenderTableCell {TD} at (2,2) size 193x21 [border: (1px inset #808080)] [r=0 c=0 rs=1 cs=2]
              RenderText {#text} at (2,2) size 21x17
                text run at (2,2) width 21: "foo"
            RenderTableCell {TD} at (197,2) size 191x21 [border: (1px inset #808080)] [r=0 c=2 rs=1 cs=1]
              RenderText {#text} at (2,2) size 29x17
                text run at (2,2) width 29: "50%"
          RenderTableRow {TR} at (0,25) size 390x21
            RenderTableCell {TD} at (2,25) size 96x21 [border: (1px inset #808080)] [r=1 c=0 rs=1 cs=1]
              RenderText {#text} at (2,2) size 29x17
                text run at (2,2) width 29: "25%"
            RenderTableCell {TD} at (99,25) size 96x21 [border: (1px inset #808080)] [r=1 c=1 rs=1 cs=1]
              RenderText {#text} at (2,2) size 20x17
                text run at (2,2) width 20: "bar"
