layer at (0,0) size 800x600
  RenderView at (0,0) size 800x600
layer at (0,0) size 800x600
  RenderBlock {HTML} at (0,0) size 800x600
    RenderBody {BODY} at (8,8) size 784x584
      RenderTable {TABLE} at (0,0) size 784x584 [border: (1px outset #808080)]
        RenderTableSection {TBODY} at (1,1) size 782x582
          RenderTableRow {TR} at (0,2) size 782x50
            RenderTableCell {TD} at (2,2) size 778x21 [border: (1px inset #808080)] [r=0 c=0 rs=1 cs=1]
              RenderBlock {CENTER} at (2,2) size 774x17
                RenderText {#text} at (366,0) size 42x17
                  text run at (366,0) width 42: "abcdef"
          RenderTableRow {TR} at (0,54) size 782x526
            RenderTableCell {TD} at (2,54) size 778x526 [border: (1px inset #808080)] [r=1 c=0 rs=1 cs=1]
layer at (13,65) size 756x522 clip at (16,68) size 750x501 scrollWidth 900
  RenderBlock {DIV} at (2,2) size 756x522 [border: (3px solid #000000)]
    RenderBlock {CENTER} at (3,3) size 750x142
      RenderTable {TABLE} at (0,0) size 900x142
        RenderTableSection {TBODY} at (0,0) size 900x142
          RenderTableRow {TR} at (0,2) size 900x138
            RenderTableCell {TD} at (2,2) size 896x138 [r=0 c=0 rs=1 cs=1]
              RenderText {#text} at (1,1) size 41x17
                text run at (1,1) width 41: "Line 1"
              RenderBR {BR} at (42,15) size 0x0
              RenderText {#text} at (1,18) size 41x17
                text run at (1,18) width 41: "Line 2"
              RenderBR {BR} at (42,32) size 0x0
              RenderText {#text} at (1,35) size 41x17
                text run at (1,35) width 41: "Line 3"
              RenderBR {BR} at (42,49) size 0x0
              RenderText {#text} at (1,52) size 41x17
                text run at (1,52) width 41: "Line 4"
              RenderBR {BR} at (42,66) size 0x0
              RenderText {#text} at (1,69) size 41x17
                text run at (1,69) width 41: "Line 5"
              RenderBR {BR} at (42,83) size 0x0
              RenderText {#text} at (1,86) size 41x17
                text run at (1,86) width 41: "Line 6"
              RenderBR {BR} at (42,100) size 0x0
              RenderText {#text} at (1,103) size 41x17
                text run at (1,103) width 41: "Line 7"
              RenderBR {BR} at (42,117) size 0x0
              RenderText {#text} at (1,120) size 41x17
                text run at (1,120) width 41: "Line 8"
              RenderBR {BR} at (42,134) size 0x0
