layer at (0,0) size 785x1742
  RenderView at (0,0) size 785x600
layer at (0,0) size 785x1742
  RenderBlock {HTML} at (0,0) size 785x1742
    RenderBody {BODY} at (0,0) size 785x1742 [bgcolor=#53799F]
      RenderBlock {CENTER} at (0,0) size 785x1742
        RenderBlock (anonymous) at (0,0) size 785x17
          RenderBR {BR} at (392,0) size 1x17
        RenderTable {TABLE} at (19,17) size 747x1708 [border: (1px solid #000000)]
          RenderTableSection {TBODY} at (1,1) size 744x1706
            RenderTableRow {TR} at (0,0) size 744x19
              RenderTableCell {TD} at (0,0) size 744x19 [bgcolor=#3F5694] [border: (1px solid #000000)] [r=0 c=0 rs=1 cs=1]
                RenderText {#text} at (353,1) size 38x17
                  text run at (353,1) width 38: "News"
            RenderTableRow {TR} at (0,19) size 744x36
              RenderTableCell {TD} at (0,19) size 744x36 [border: (1px solid #000000)] [r=1 c=0 rs=1 cs=1]
                RenderInline {B} at (0,0) size 98x17
                  RenderText {#text} at (323,1) size 98x17
                    text run at (323,1) width 98: "11. M\x{E4}rz 2002"
                RenderBR {BR} at (420,15) size 1x0
                RenderText {#text} at (58,18) size 628x17
                  text run at (58,18) width 493: "nun gibt es auch eine kommerzielle Version vom PopUp-Manager, mehr Info "
                  text run at (550,18) width 136: "unter komerz. Scripte"
            RenderTableRow {TR} at (0,55) size 744x36
              RenderTableCell {TD} at (0,55) size 744x36 [border: (1px solid #000000)] [r=2 c=0 rs=1 cs=1]
                RenderInline {B} at (0,0) size 94x17
                  RenderText {#text} at (325,1) size 94x17
                    text run at (325,1) width 94: "09.M\x{E4}rz 2002"
                  RenderBR {BR} at (418,15) size 1x0
                RenderText {#text} at (168,18) size 407x17
                  text run at (168,18) width 407: "neues Script ist online, PopUp-Manager, mehr Info unter Scripte"
            RenderTableRow {TR} at (0,91) size 744x36
              RenderTableCell {TD} at (0,91) size 744x36 [border: (1px solid #000000)] [r=3 c=0 rs=1 cs=1]
                RenderText {#text} at (308,1) size 128x17
                  text run at (308,1) width 128: "17. November 2001"
                RenderBR {BR} at (435,15) size 1x0
                RenderText {#text} at (288,18) size 167x17
                  text run at (288,18) width 167: "Endlich wieder Online! :-)"
            RenderTableRow {TR} at (0,127) size 744x155
              RenderTableCell {TD} at (0,127) size 744x155 [border: (1px solid #000000)] [r=4 c=0 rs=1 cs=1]
                RenderText {#text} at (276,1) size 192x17
                  text run at (276,1) width 192: "23. Oktober 2001 (21:00 Uhr)"
                RenderBR {BR} at (467,15) size 1x0
                RenderText {#text} at (316,18) size 111x17
                  text run at (316,18) width 111: "Es ist vollbracht! "
                RenderBR {BR} at (426,32) size 1x0
                RenderText {#text} at (212,35) size 320x17
                  text run at (212,35) width 320: "Ich habe nun den .htaccess-BUG bei den Scripten:"
                RenderBR {BR} at (531,49) size 1x0
                RenderText {#text} at (110,52) size 524x17
                  text run at (110,52) width 524: "The Real Topsites, Sponsor Manager, Download Manager und Password Manager"
                RenderBR {BR} at (633,66) size 1x0
                RenderText {#text} at (128,69) size 488x17
                  text run at (128,69) width 429: "abgeschafft, brauchte 2 Tage daf\x{FC}r, dabei lag der Fehler vor meiner "
                  text run at (556,69) width 60: "Nase ! :-)"
                RenderBR {BR} at (615,83) size 1x0
                RenderText {#text} at (9,86) size 725x68
                  text run at (9,86) width 377: "F\x{FC}r Euch hei\x{DF}t es, wenn Ihr eines der Scripte benutzt, ladet "
                  text run at (385,86) width 349: "Euch die admin.cgi runter und vereinbart unbedingt ein"
                  text run at (11,103) width 111: "neues Password! "
                  text run at (121,103) width 454: "Au\x{DF}erdem wurde bei der Toplist die Sache mit dem Button Load/Klick "
                  text run at (574,103) width 159: "um programmiert, f\x{FC}r die"
                  text run at (14,120) width 308: "Leute die den Button Load/Klick Modus haben, "
                  text run at (321,120) width 408: "Ihr m\x{FC}st Euch auch die topsites.cgi laden und im Admin Bereich"
                  text run at (195,137) width 37: "unter "
                  text run at (231,137) width 318: "Modus unten die URL zu Eurem Button angeben!"
            RenderTableRow {TR} at (0,282) size 744x36
              RenderTableCell {TD} at (0,282) size 744x36 [border: (1px solid #000000)] [r=5 c=0 rs=1 cs=1]
                RenderText {#text} at (315,1) size 113x17
                  text run at (315,1) width 113: "22. Oktober 2001"
                RenderBR {BR} at (427,15) size 1x0
                RenderText {#text} at (133,18) size 477x17
                  text run at (133,18) width 430: "Download-Bereich ist vorrerst geschlo\x{DF}en, kommen Sie bitte sp\x{E4}ter "
                  text run at (562,18) width 48: "wieder."
            RenderTableRow {TR} at (0,318) size 744x53
              RenderTableCell {TD} at (0,318) size 744x53 [border: (1px solid #000000)] [r=6 c=0 rs=1 cs=1]
                RenderText {#text} at (276,1) size 192x17
                  text run at (276,1) width 192: "21. Oktober 2001 (22:45 Uhr)"
                RenderBR {BR} at (467,15) size 1x0
                RenderText {#text} at (4,18) size 736x34
                  text run at (4,18) width 411: "OK, sorry f\x{FC}r die Unannehmlichkeiten, aber Ihr m\x{FC}sst Euch nun "
                  text run at (414,18) width 326: "noch mal die Scripte runter laden und die admin.cgi"
                  text run at (82,35) width 140: "erneuern, hier kommt "
                  text run at (221,35) width 441: "noch das Password-Manager-Script dazu, sollte jetzt alles sicher sein! "
                RenderBR {BR} at (661,49) size 1x0
            RenderTableRow {TR} at (0,371) size 744x104
              RenderTableCell {TD} at (0,371) size 744x104 [border: (1px solid #000000)] [r=7 c=0 rs=1 cs=1]
                RenderText {#text} at (276,1) size 192x17
                  text run at (276,1) width 192: "21. Oktober 2001 (20:50 Uhr)"
                RenderBR {BR} at (467,15) size 1x0
                RenderText {#text} at (179,18) size 386x17
                  text run at (179,18) width 386: "An alle Leute die follgende Scripte von G5-Scripts benutzen:"
                RenderBR {BR} at (564,32) size 1x0
                RenderText {#text} at (189,35) size 366x17
                  text run at (189,35) width 366: "The Real Topsites, Download Counter, Sponsor Manager"
                RenderBR {BR} at (554,49) size 1x0
                RenderText {#text} at (35,52) size 674x17
                  text run at (35,52) width 467: "bitte noch ein mal runter laden und die admin.cgi erneuern, beim Sponsor "
                  text run at (501,52) width 208: "Manager kommt noch eine Datei"
                RenderBR {BR} at (708,66) size 1x0
                RenderText {#text} at (313,69) size 117x17
                  text run at (313,69) width 117: "'variable.pl' dazu!!"
                RenderBR {BR} at (429,83) size 1x0
                RenderText {#text} at (84,86) size 575x17
                  text run at (84,86) width 473: "Der Grund : man hat festgestellt das .htaccess Password Schutz doch nicht "
                  text run at (556,86) width 103: "das sicherste ist!"
            RenderTableRow {TR} at (0,475) size 744x171
              RenderTableCell {TD} at (0,475) size 744x171 [border: (1px solid #000000)] [r=8 c=0 rs=1 cs=1]
                RenderBlock {P} at (1,1) size 742x119
                  RenderText {#text} at (314,0) size 113x17
                    text run at (314,0) width 113: "13. Oktober 2001"
                  RenderBR {BR} at (426,14) size 1x0
                  RenderText {#text} at (89,17) size 563x17
                    text run at (89,17) width 484: "Ich habe es nun endlich geschafft das Gateway bei der Toplist mit IP-Sperre "
                    text run at (572,17) width 80: "zu versehen,"
                  RenderBR {BR} at (651,31) size 1x0
                  RenderText {#text} at (10,34) size 721x17
                    text run at (10,34) width 443: "dabei war der Fehler den ich vorher nicht verstand eine simple Sache, "
                    text run at (452,34) width 279: "h\x{E4}tte ich doch ein wenig mehr nachgedacht!"
                  RenderBR {BR} at (730,48) size 1x0
                  RenderText {#text} at (12,51) size 717x68
                    text run at (12,51) width 431: "Des weiteren habe ich noch die Datensicherung umgeschrieben, f\x{FC}r "
                    text run at (442,51) width 287: "alle die Listen deren Hits ab und zu mal auf 0"
                    text run at (24,68) width 140: "gesetzt werden, sollte "
                    text run at (163,68) width 457: "jetzt nicht mehr passieren und ich habe noch den Mail Versand aus dem "
                    text run at (619,68) width 99: "Admin-Bereich"
                    text run at (27,85) width 350: "umgeschrieben und zwar wurde fr\x{FC}her der Text immer "
                    text run at (376,85) width 339: "zusammen gequetscht, die Enters wurden so zu sagen"
                    text run at (289,102) width 92: "ignoriert, jetzt "
                    text run at (380,102) width 73: "nicht mehr!"
                RenderBlock {P} at (1,136) size 742x34
                  RenderText {#text} at (8,0) size 725x34
                    text run at (8,0) width 374: ">> F\x{FC}r alle die das Script vor dem 11.10.01 runter geladen "
                    text run at (381,0) width 352: "haben, Ihr solltet es Euch noch mal runter laden und die"
                    text run at (142,17) width 121: "folgenden Dateien "
                    text run at (262,17) width 337: "durch die neuen ersetzen: topsites.cgi und admin.cgi ."
            RenderTableRow {TR} at (0,646) size 744x36
              RenderTableCell {TD} at (0,646) size 744x36 [border: (1px solid #000000)] [r=9 c=0 rs=1 cs=1]
                RenderText {#text} at (315,1) size 113x17
                  text run at (315,1) width 113: "11. Oktober 2001"
                RenderBR {BR} at (427,15) size 1x0
                RenderText {#text} at (130,18) size 484x17
                  text run at (130,18) width 484: "neues Script ist online, .htaccess-Password-Manager, mehr Info unter Scripte"
            RenderTableRow {TR} at (0,682) size 744x36
              RenderTableCell {TD} at (0,682) size 744x36 [border: (1px solid #000000)] [r=10 c=0 rs=1 cs=1]
                RenderText {#text} at (308,1) size 128x17
                  text run at (308,1) width 128: "08. September 2001"
                RenderBR {BR} at (435,15) size 1x0
                RenderText {#text} at (205,18) size 334x17
                  text run at (205,18) width 334: "Eine neu Version des Download Counters ist online!"
            RenderTableRow {TR} at (0,718) size 744x53
              RenderTableCell {TD} at (0,718) size 744x53 [border: (1px solid #000000)] [r=11 c=0 rs=1 cs=1]
                RenderText {#text} at (318,1) size 107x17
                  text run at (318,1) width 107: "11. August 2001"
                RenderBR {BR} at (424,15) size 1x0
                RenderText {#text} at (38,18) size 668x17
                  text run at (38,18) width 446: "Ich habe so eben eine random.cgi f\x{FC}r den Topsites Script geschrieben. "
                  text run at (483,18) width 223: "Die random.cgi f\x{FC}hrt den Besucher"
                RenderBR {BR} at (705,32) size 1x0
                RenderText {#text} at (260,35) size 223x17
                  text run at (260,35) width 223: "auf eine zuf\x{E4}llig ausgew\x{E4}hlte Seite."
            RenderTableRow {TR} at (0,771) size 744x53
              RenderTableCell {TD} at (0,771) size 744x53 [border: (1px solid #000000)] [r=12 c=0 rs=1 cs=1]
                RenderText {#text} at (318,1) size 107x17
                  text run at (318,1) width 107: "08. August 2001"
                RenderBR {BR} at (424,15) size 1x0
                RenderText {#text} at (102,18) size 539x17
                  text run at (102,18) width 465: "Ich schreibe gerade eine neue Version von dem Download Counter, bitte "
                  text run at (566,18) width 75: "schreibt mir"
                RenderBR {BR} at (640,32) size 1x0
                RenderText {#text} at (193,35) size 357x17
                  text run at (193,35) width 357: "ins Forum was Ihr da alles haben wollt, wer das benutzt!"
            RenderTableRow {TR} at (0,824) size 744x53
              RenderTableCell {TD} at (0,824) size 744x53 [border: (1px solid #000000)] [r=13 c=0 rs=1 cs=1]
                RenderText {#text} at (330,1) size 83x17
                  text run at (330,1) width 83: "09. Juli 2001"
                RenderBR {BR} at (412,15) size 1x0
                RenderText {#text} at (21,18) size 701x34
                  text run at (21,18) width 452: "eine kleiner Bug in der Topsites.cgi wurde behoben! Wer m\x{F6}chte kann "
                  text run at (472,18) width 250: "sich die jetzige Zip runter laden und die"
                  text run at (189,35) width 170: "topsites.cgi auktualisieren, "
                  text run at (358,35) width 196: "mu\x{DF} aber nicht unbedingt sein!"
            RenderTableRow {TR} at (0,877) size 744x53
              RenderTableCell {TD} at (0,877) size 744x53 [border: (1px solid #000000)] [r=14 c=0 rs=1 cs=1]
                RenderText {#text} at (330,1) size 83x17
                  text run at (330,1) width 83: "01. Juli 2001"
                RenderBR {BR} at (412,15) size 1x0
                RenderText {#text} at (89,18) size 565x17
                  text run at (89,18) width 500: "Jetzt haben wir einen Support Forum, postet Eure Fragen da rein und versuche "
                  text run at (588,18) width 66: "Sie alle zu"
                RenderBR {BR} at (653,32) size 1x0
                RenderText {#text} at (63,35) size 618x17
                  text run at (63,35) width 394: "beantworten! Au\x{DF}erdem k\x{F6}nnt Ihr dort auch Eure Vorschl\x{E4}ge "
                  text run at (456,35) width 225: "zu den einzelnen Scripten abgeben!"
            RenderTableRow {TR} at (0,930) size 744x53
              RenderTableCell {TD} at (0,930) size 744x53 [border: (1px solid #000000)] [r=15 c=0 rs=1 cs=1]
                RenderText {#text} at (330,1) size 83x17
                  text run at (330,1) width 83: "01. Juli 2001"
                RenderBR {BR} at (412,15) size 1x0
                RenderText {#text} at (116,18) size 512x17
                  text run at (116,18) width 487: "Und wieder eine neue Version von The Real Topsites ist online, die Version "
                  text run at (602,18) width 26: "3.4!"
                RenderBR {BR} at (627,32) size 1x0
                RenderText {#text} at (152,35) size 440x17
                  text run at (152,35) width 440: "Es gibt einige neue Funktionen und es wurde auch einiges verbessert!"
            RenderTableRow {TR} at (0,983) size 744x53
              RenderTableCell {TD} at (0,983) size 744x53 [border: (1px solid #000000)] [r=16 c=0 rs=1 cs=1]
                RenderText {#text} at (328,1) size 87x17
                  text run at (328,1) width 87: "20. Juni 2001"
                RenderBR {BR} at (414,15) size 1x0
                RenderText {#text} at (131,18) size 481x17
                  text run at (131,18) width 450: "unser Hoster hat ein paar kleine Probleme also sollte irgend was an der "
                  text run at (580,18) width 32: "Seite"
                RenderBR {BR} at (611,32) size 1x0
                RenderText {#text} at (248,35) size 248x17
                  text run at (248,35) width 248: "nicht gehen, einfach wieder versuchen!"
            RenderTableRow {TR} at (0,1036) size 744x87
              RenderTableCell {TD} at (0,1036) size 744x87 [border: (1px solid #000000)] [r=17 c=0 rs=1 cs=1]
                RenderText {#text} at (328,1) size 87x17
                  text run at (328,1) width 87: "09. Juni 2001"
                RenderBR {BR} at (414,15) size 1x0
                RenderText {#text} at (92,18) size 559x17
                  text run at (92,18) width 449: "Die neue Version (3.3) von The Real Topsites ist online, es gibt einige "
                  text run at (540,18) width 111: "neue Funktionen "
                RenderBR {BR} at (650,32) size 1x0
                RenderText {#text} at (254,35) size 236x17
                  text run at (254,35) width 236: "und es wurde auch einiges ver\x{E4}ndert!"
                RenderBR {BR} at (489,49) size 1x0
                RenderText {#text} at (241,52) size 261x17
                  text run at (241,52) width 261: "Mehr Info unter \"Perl Scripte\" im Men\x{FC}. "
                RenderBR {BR} at (501,66) size 1x0
                RenderText {#text} at (158,69) size 427x17
                  text run at (158,69) width 427: "P.S. den Umstieg auf die Version3.3 kann ich Euch nur empfehlen!"
            RenderTableRow {TR} at (0,1123) size 744x70
              RenderTableCell {TD} at (0,1123) size 744x70 [border: (1px solid #000000)] [r=18 c=0 rs=1 cs=1]
                RenderText {#text} at (328,1) size 87x17
                  text run at (328,1) width 87: "04. Juni 2001"
                RenderBR {BR} at (414,15) size 1x0
                RenderText {#text} at (142,18) size 460x17
                  text run at (142,18) width 460: "Ein kleiner Bug bei Topsites Script wurde gefunden und sofort behoben!"
                RenderBR {BR} at (601,32) size 1x0
                RenderText {#text} at (148,35) size 447x17
                  text run at (148,35) width 447: "Bug: es wurde immer wieder die selbe Site Of The Moment angezeigt!"
                RenderBR {BR} at (594,49) size 1x0
                RenderText {#text} at (152,52) size 440x17
                  text run at (152,52) width 435: "Ladet Euch die jetzige Version runter und ersetzt nur die topsites.cgi "
                  text run at (586,52) width 6: "!"
            RenderTableRow {TR} at (0,1193) size 744x53
              RenderTableCell {TD} at (0,1193) size 744x53 [border: (1px solid #000000)] [r=19 c=0 rs=1 cs=1]
                RenderText {#text} at (328,1) size 87x17
                  text run at (328,1) width 87: "01. Juni 2001"
                RenderBR {BR} at (414,15) size 1x0
                RenderText {#text} at (218,18) size 307x17
                  text run at (218,18) width 307: "Ein neues Script ist online! G5-ICQ Newsletter. "
                RenderBR {BR} at (524,32) size 1x0
                RenderText {#text} at (243,35) size 257x17
                  text run at (243,35) width 257: "Mehr Info unter \"Perl Scripte\" im Men\x{FC}."
            RenderTableRow {TR} at (0,1246) size 744x53
              RenderTableCell {TD} at (0,1246) size 744x53 [border: (1px solid #000000)] [r=20 c=0 rs=1 cs=1]
                RenderText {#text} at (329,1) size 86x17
                  text run at (329,1) width 86: "31. Mai 2001"
                RenderBR {BR} at (414,15) size 1x0
                RenderText {#text} at (164,18) size 416x17
                  text run at (164,18) width 416: "Ich habe einen ICQ-Newsletter Script installiert, unter dem Men\x{FC}."
                RenderBR {BR} at (579,32) size 1x0
                RenderText {#text} at (183,35) size 377x17
                  text run at (183,35) width 377: "Tragt Euch ein, dann seit Ihr immer auf dem neusten Stand!"
            RenderTableRow {TR} at (0,1299) size 744x36
              RenderTableCell {TD} at (0,1299) size 744x36 [border: (1px solid #000000)] [r=21 c=0 rs=1 cs=1]
                RenderText {#text} at (329,1) size 86x17
                  text run at (329,1) width 86: "26. Mai 2001"
                RenderBR {BR} at (414,15) size 1x0
                RenderText {#text} at (265,18) size 214x17
                  text run at (265,18) width 214: "The Real Topsites v3.0 ist online!"
            RenderTableRow {TR} at (0,1335) size 744x53
              RenderTableCell {TD} at (0,1335) size 744x53 [border: (1px solid #000000)] [r=22 c=0 rs=1 cs=1]
                RenderText {#text} at (329,1) size 86x17
                  text run at (329,1) width 86: "25. Mai 2001"
                RenderBR {BR} at (414,15) size 1x0
                RenderText {#text} at (209,18) size 325x17
                  text run at (209,18) width 325: "Ein neues Script ist online! G5-Download Counter."
                RenderBR {BR} at (533,32) size 1x0
                RenderText {#text} at (243,35) size 257x17
                  text run at (243,35) width 257: "Mehr Info unter \"Perl Scripte\" im Men\x{FC}."
            RenderTableRow {TR} at (0,1388) size 744x87
              RenderTableCell {TD} at (0,1388) size 744x87 [border: (1px solid #000000)] [r=23 c=0 rs=1 cs=1]
                RenderText {#text} at (329,1) size 86x17
                  text run at (329,1) width 86: "24. Mai 2001"
                RenderBR {BR} at (414,15) size 1x0
                RenderText {#text} at (122,18) size 499x17
                  text run at (122,18) width 425: "Ich habe es mir sehr lange \x{FC}berlegt, die Entscheidung war wirklich "
                  text run at (546,18) width 75: "nicht leicht!"
                RenderBR {BR} at (620,32) size 1x0
                RenderText {#text} at (95,35) size 553x17
                  text run at (95,35) width 404: "Ich habe mich entschieden den Script \"The Real Topsites\" zum "
                  text run at (498,35) width 150: "Download freizugeben."
                RenderBR {BR} at (647,49) size 1x0
                RenderText {#text} at (227,52) size 290x17
                  text run at (227,52) width 290: "Ihr k\x{F6}nnt es Euch jetzt kostenlos runter laden!"
                RenderBR {BR} at (516,66) size 1x0
                RenderText {#text} at (318,69) size 108x17
                  text run at (318,69) width 108: "Viel Spa\x{DF} damit!"
            RenderTableRow {TR} at (0,1475) size 744x53
              RenderTableCell {TD} at (0,1475) size 744x53 [border: (1px solid #000000)] [r=24 c=0 rs=1 cs=1]
                RenderText {#text} at (329,1) size 86x17
                  text run at (329,1) width 86: "13. Mai 2001"
                RenderBR {BR} at (414,15) size 1x0
                RenderText {#text} at (7,18) size 729x34
                  text run at (7,18) width 467: "Es gab nur eine kleine Ver\x{E4}nderung bei G5-Sponsor-Manager, man kann "
                  text run at (473,18) width 263: "den Script jetzt auch via Java aufrufen, so"
                  text run at (69,35) width 170: "das Euer Server jetzt nicht "
                  text run at (238,35) width 365: "unbedingt SSI unterst\x{FC}tzen mu\x{DF} um den Script ausf\x{FC}hren "
                  text run at (602,35) width 72: "zu k\x{F6}nnen!"
            RenderTableRow {TR} at (0,1528) size 744x53
              RenderTableCell {TD} at (0,1528) size 744x53 [border: (1px solid #000000)] [r=25 c=0 rs=1 cs=1]
                RenderText {#text} at (325,1) size 94x17
                  text run at (325,1) width 94: "22. April 2001"
                RenderBR {BR} at (418,15) size 1x0
                RenderText {#text} at (214,18) size 316x17
                  text run at (214,18) width 316: "Ein neues Script ist online! G5-Sponsor-Manager."
                RenderBR {BR} at (529,32) size 1x0
                RenderText {#text} at (243,35) size 257x17
                  text run at (243,35) width 257: "Mehr Info unter \"Perl Scripte\" im Men\x{FC}."
            RenderTableRow {TR} at (0,1581) size 744x70
              RenderTableCell {TD} at (0,1581) size 744x70 [border: (1px solid #000000)] [r=26 c=0 rs=1 cs=1]
                RenderText {#text} at (325,1) size 94x17
                  text run at (325,1) width 94: "20. April 2001"
                RenderBR {BR} at (418,15) size 1x0
                RenderText {#text} at (198,18) size 348x17
                  text run at (198,18) width 348: "Auf einige Anfragen habe ich eine Demonstration von "
                RenderBR {BR} at (545,32) size 1x0
                RenderText {#text} at (211,35) size 322x17
                  text run at (211,35) width 322: "\"The Real Topsites\" (Toplist Script) ver\x{F6}ffentlicht!"
                RenderBR {BR} at (532,49) size 1x0
                RenderText {#text} at (243,52) size 257x17
                  text run at (243,52) width 257: "Mehr Info unter \"Perl Scripte\" im Men\x{FC}."
            RenderTableRow {TR} at (0,1651) size 744x36
              RenderTableCell {TD} at (0,1651) size 744x36 [border: (1px solid #000000)] [r=27 c=0 rs=1 cs=1]
                RenderText {#text} at (325,1) size 94x17
                  text run at (325,1) width 94: "13. M\x{E4}rz 2001"
                RenderBR {BR} at (418,15) size 1x0
                RenderText {#text} at (229,18) size 286x17
                  text run at (229,18) width 286: "An diesem Tag ging die G5-Script.de online!"
            RenderTableRow {TR} at (0,1687) size 744x19
              RenderTableCell {TD} at (0,1687) size 744x19 [border: (1px solid #000000)] [r=28 c=0 rs=1 cs=1]
                RenderText {#text} at (369,1) size 5x17
                  text run at (369,1) width 5: " "
        RenderBlock (anonymous) at (0,1725) size 785x17
          RenderBR {BR} at (392,0) size 1x17
