layer at (0,0) size 785x6284
  RenderView at (0,0) size 785x600
layer at (0,0) size 785x6284
  RenderBlock {HTML} at (0,0) size 785x6284
    RenderBody {BODY} at (8,21) size 769x6247
      RenderBlock {H1} at (0,0) size 769x36
        RenderText {#text} at (0,0) size 252x36
          text run at (0,0) width 252: "table-layout: fixed"
      RenderBlock {P} at (0,57) size 769x19
        RenderText {#text} at (0,0) size 562x17
          text run at (0,0) width 562: "The following tables should be laid out in the traditional manner because their widths are "
        RenderInline {CODE} at (0,0) size 32x15
          RenderText {#text} at (562,3) size 32x15
            text run at (562,3) width 32: "auto"
        RenderText {#text} at (594,0) size 4x17
          text run at (594,0) width 4: ":"
      RenderTable {TABLE} at (0,91) size 110x49
        RenderTableSection {TBODY} at (0,0) size 110x48
          RenderTableRow {TR} at (0,2) size 110x21
            RenderTableCell {TD} at (2,2) size 34x21 [border: (1px solid #000000)] [r=0 c=0 rs=1 cs=1]
              RenderText {#text} at (2,2) size 30x17
                text run at (2,2) width 30: "Data"
            RenderTableCell {TD} at (38,2) size 34x21 [border: (1px solid #000000)] [r=0 c=1 rs=1 cs=1]
              RenderText {#text} at (2,2) size 30x17
                text run at (2,2) width 30: "Data"
            RenderTableCell {TD} at (74,2) size 34x21 [border: (1px solid #000000)] [r=0 c=2 rs=1 cs=1]
              RenderText {#text} at (2,2) size 30x17
                text run at (2,2) width 30: "Data"
          RenderTableRow {TR} at (0,25) size 110x21
            RenderTableCell {TD} at (2,25) size 34x21 [border: (1px solid #000000)] [r=1 c=0 rs=1 cs=1]
              RenderText {#text} at (2,2) size 30x17
                text run at (2,2) width 30: "Data"
            RenderTableCell {TD} at (38,25) size 34x21 [border: (1px solid #000000)] [r=1 c=1 rs=1 cs=1]
              RenderText {#text} at (2,2) size 30x17
                text run at (2,2) width 30: "Data"
            RenderTableCell {TD} at (74,25) size 34x21 [border: (1px solid #000000)] [r=1 c=2 rs=1 cs=1]
              RenderText {#text} at (2,2) size 30x17
                text run at (2,2) width 30: "Data"
      RenderTable {TABLE} at (0,139) size 769x321
        RenderTableSection {TBODY} at (0,0) size 769x320
          RenderTableRow {TR} at (0,2) size 769x21
            RenderTableCell {TD} at (2,2) size 34x21 [border: (1px solid #000000)] [r=0 c=0 rs=1 cs=1]
              RenderText {#text} at (2,2) size 30x17
                text run at (2,2) width 30: "Data"
            RenderTableCell {TD} at (38,2) size 34x21 [border: (1px solid #000000)] [r=0 c=1 rs=1 cs=1]
              RenderText {#text} at (2,2) size 30x17
                text run at (2,2) width 30: "Data"
            RenderTableCell {TD} at (74,2) size 693x21 [border: (1px solid #000000)] [r=0 c=2 rs=1 cs=1]
              RenderText {#text} at (2,2) size 30x17
                text run at (2,2) width 30: "Data"
          RenderTableRow {TR} at (0,25) size 769x293
            RenderTableCell {TD} at (2,161) size 34x21 [border: (1px solid #000000)] [r=1 c=0 rs=1 cs=1]
              RenderText {#text} at (2,2) size 30x17
                text run at (2,2) width 30: "Data"
            RenderTableCell {TD} at (38,161) size 34x21 [border: (1px solid #000000)] [r=1 c=1 rs=1 cs=1]
              RenderText {#text} at (2,2) size 30x17
                text run at (2,2) width 30: "Data"
            RenderTableCell {TD} at (74,25) size 693x293 [border: (1px solid #000000)] [r=1 c=2 rs=1 cs=1]
              RenderText {#text} at (2,2) size 686x289
                text run at (2,2) width 189: "Lots and lots and lots of data. "
                text run at (191,2) width 189: "Lots and lots and lots of data. "
                text run at (380,2) width 189: "Lots and lots and lots of data. "
                text run at (569,2) width 108: "Lots and lots and"
                text run at (2,19) width 77: "lots of data. "
                text run at (79,19) width 189: "Lots and lots and lots of data. "
                text run at (268,19) width 189: "Lots and lots and lots of data. "
                text run at (457,19) width 189: "Lots and lots and lots of data. "
                text run at (646,19) width 28: "Lots"
                text run at (2,36) width 157: "and lots and lots of data. "
                text run at (159,36) width 189: "Lots and lots and lots of data. "
                text run at (348,36) width 189: "Lots and lots and lots of data. "
                text run at (537,36) width 151: "Lots and lots and lots of"
                text run at (2,53) width 34: "data. "
                text run at (36,53) width 189: "Lots and lots and lots of data. "
                text run at (225,53) width 189: "Lots and lots and lots of data. "
                text run at (414,53) width 189: "Lots and lots and lots of data. "
                text run at (603,53) width 81: "Lots and lots"
                text run at (2,70) width 104: "and lots of data. "
                text run at (106,70) width 189: "Lots and lots and lots of data. "
                text run at (295,70) width 189: "Lots and lots and lots of data. "
                text run at (484,70) width 185: "Lots and lots and lots of data."
                text run at (2,87) width 189: "Lots and lots and lots of data. "
                text run at (191,87) width 189: "Lots and lots and lots of data. "
                text run at (380,87) width 189: "Lots and lots and lots of data. "
                text run at (569,87) width 108: "Lots and lots and"
                text run at (2,104) width 77: "lots of data. "
                text run at (79,104) width 189: "Lots and lots and lots of data. "
                text run at (268,104) width 189: "Lots and lots and lots of data. "
                text run at (457,104) width 189: "Lots and lots and lots of data. "
                text run at (646,104) width 28: "Lots"
                text run at (2,121) width 157: "and lots and lots of data. "
                text run at (159,121) width 189: "Lots and lots and lots of data. "
                text run at (348,121) width 189: "Lots and lots and lots of data. "
                text run at (537,121) width 151: "Lots and lots and lots of"
                text run at (2,138) width 34: "data. "
                text run at (36,138) width 189: "Lots and lots and lots of data. "
                text run at (225,138) width 189: "Lots and lots and lots of data. "
                text run at (414,138) width 189: "Lots and lots and lots of data. "
                text run at (603,138) width 81: "Lots and lots"
                text run at (2,155) width 104: "and lots of data. "
                text run at (106,155) width 189: "Lots and lots and lots of data. "
                text run at (295,155) width 189: "Lots and lots and lots of data. "
                text run at (484,155) width 185: "Lots and lots and lots of data."
                text run at (2,172) width 189: "Lots and lots and lots of data. "
                text run at (191,172) width 189: "Lots and lots and lots of data. "
                text run at (380,172) width 189: "Lots and lots and lots of data. "
                text run at (569,172) width 108: "Lots and lots and"
                text run at (2,189) width 77: "lots of data. "
                text run at (79,189) width 189: "Lots and lots and lots of data. "
                text run at (268,189) width 189: "Lots and lots and lots of data. "
                text run at (457,189) width 189: "Lots and lots and lots of data. "
                text run at (646,189) width 28: "Lots"
                text run at (2,206) width 157: "and lots and lots of data. "
                text run at (159,206) width 189: "Lots and lots and lots of data. "
                text run at (348,206) width 189: "Lots and lots and lots of data. "
                text run at (537,206) width 151: "Lots and lots and lots of"
                text run at (2,223) width 34: "data. "
                text run at (36,223) width 189: "Lots and lots and lots of data. "
                text run at (225,223) width 189: "Lots and lots and lots of data. "
                text run at (414,223) width 189: "Lots and lots and lots of data. "
                text run at (603,223) width 81: "Lots and lots"
                text run at (2,240) width 104: "and lots of data. "
                text run at (106,240) width 189: "Lots and lots and lots of data. "
                text run at (295,240) width 189: "Lots and lots and lots of data. "
                text run at (484,240) width 185: "Lots and lots and lots of data."
                text run at (2,257) width 189: "Lots and lots and lots of data. "
                text run at (191,257) width 189: "Lots and lots and lots of data. "
                text run at (380,257) width 189: "Lots and lots and lots of data. "
                text run at (569,257) width 108: "Lots and lots and"
                text run at (2,274) width 77: "lots of data. "
                text run at (79,274) width 189: "Lots and lots and lots of data. "
                text run at (268,274) width 185: "Lots and lots and lots of data."
      RenderTable {TABLE} at (0,459) size 769x321
        RenderTableSection {TBODY} at (0,0) size 769x320
          RenderTableRow {TR} at (0,2) size 769x293
            RenderTableCell {TD} at (2,138) size 34x21 [border: (1px solid #000000)] [r=0 c=0 rs=1 cs=1]
              RenderText {#text} at (2,2) size 30x17
                text run at (2,2) width 30: "Data"
            RenderTableCell {TD} at (38,138) size 34x21 [border: (1px solid #000000)] [r=0 c=1 rs=1 cs=1]
              RenderText {#text} at (2,2) size 30x17
                text run at (2,2) width 30: "Data"
            RenderTableCell {TD} at (74,2) size 693x293 [border: (1px solid #000000)] [r=0 c=2 rs=1 cs=1]
              RenderText {#text} at (2,2) size 686x289
                text run at (2,2) width 189: "Lots and lots and lots of data. "
                text run at (191,2) width 189: "Lots and lots and lots of data. "
                text run at (380,2) width 189: "Lots and lots and lots of data. "
                text run at (569,2) width 108: "Lots and lots and"
                text run at (2,19) width 77: "lots of data. "
                text run at (79,19) width 189: "Lots and lots and lots of data. "
                text run at (268,19) width 189: "Lots and lots and lots of data. "
                text run at (457,19) width 189: "Lots and lots and lots of data. "
                text run at (646,19) width 28: "Lots"
                text run at (2,36) width 157: "and lots and lots of data. "
                text run at (159,36) width 189: "Lots and lots and lots of data. "
                text run at (348,36) width 189: "Lots and lots and lots of data. "
                text run at (537,36) width 151: "Lots and lots and lots of"
                text run at (2,53) width 34: "data. "
                text run at (36,53) width 189: "Lots and lots and lots of data. "
                text run at (225,53) width 189: "Lots and lots and lots of data. "
                text run at (414,53) width 189: "Lots and lots and lots of data. "
                text run at (603,53) width 81: "Lots and lots"
                text run at (2,70) width 104: "and lots of data. "
                text run at (106,70) width 189: "Lots and lots and lots of data. "
                text run at (295,70) width 189: "Lots and lots and lots of data. "
                text run at (484,70) width 185: "Lots and lots and lots of data."
                text run at (2,87) width 189: "Lots and lots and lots of data. "
                text run at (191,87) width 189: "Lots and lots and lots of data. "
                text run at (380,87) width 189: "Lots and lots and lots of data. "
                text run at (569,87) width 108: "Lots and lots and"
                text run at (2,104) width 77: "lots of data. "
                text run at (79,104) width 189: "Lots and lots and lots of data. "
                text run at (268,104) width 189: "Lots and lots and lots of data. "
                text run at (457,104) width 189: "Lots and lots and lots of data. "
                text run at (646,104) width 28: "Lots"
                text run at (2,121) width 157: "and lots and lots of data. "
                text run at (159,121) width 189: "Lots and lots and lots of data. "
                text run at (348,121) width 189: "Lots and lots and lots of data. "
                text run at (537,121) width 151: "Lots and lots and lots of"
                text run at (2,138) width 34: "data. "
                text run at (36,138) width 189: "Lots and lots and lots of data. "
                text run at (225,138) width 189: "Lots and lots and lots of data. "
                text run at (414,138) width 189: "Lots and lots and lots of data. "
                text run at (603,138) width 81: "Lots and lots"
                text run at (2,155) width 104: "and lots of data. "
                text run at (106,155) width 189: "Lots and lots and lots of data. "
                text run at (295,155) width 189: "Lots and lots and lots of data. "
                text run at (484,155) width 185: "Lots and lots and lots of data."
                text run at (2,172) width 189: "Lots and lots and lots of data. "
                text run at (191,172) width 189: "Lots and lots and lots of data. "
                text run at (380,172) width 189: "Lots and lots and lots of data. "
                text run at (569,172) width 108: "Lots and lots and"
                text run at (2,189) width 77: "lots of data. "
                text run at (79,189) width 189: "Lots and lots and lots of data. "
                text run at (268,189) width 189: "Lots and lots and lots of data. "
                text run at (457,189) width 189: "Lots and lots and lots of data. "
                text run at (646,189) width 28: "Lots"
                text run at (2,206) width 157: "and lots and lots of data. "
                text run at (159,206) width 189: "Lots and lots and lots of data. "
                text run at (348,206) width 189: "Lots and lots and lots of data. "
                text run at (537,206) width 151: "Lots and lots and lots of"
                text run at (2,223) width 34: "data. "
                text run at (36,223) width 189: "Lots and lots and lots of data. "
                text run at (225,223) width 189: "Lots and lots and lots of data. "
                text run at (414,223) width 189: "Lots and lots and lots of data. "
                text run at (603,223) width 81: "Lots and lots"
                text run at (2,240) width 104: "and lots of data. "
                text run at (106,240) width 189: "Lots and lots and lots of data. "
                text run at (295,240) width 189: "Lots and lots and lots of data. "
                text run at (484,240) width 185: "Lots and lots and lots of data."
                text run at (2,257) width 189: "Lots and lots and lots of data. "
                text run at (191,257) width 189: "Lots and lots and lots of data. "
                text run at (380,257) width 189: "Lots and lots and lots of data. "
                text run at (569,257) width 108: "Lots and lots and"
                text run at (2,274) width 77: "lots of data. "
                text run at (79,274) width 189: "Lots and lots and lots of data. "
                text run at (268,274) width 185: "Lots and lots and lots of data."
          RenderTableRow {TR} at (0,297) size 769x21
            RenderTableCell {TD} at (2,297) size 34x21 [border: (1px solid #000000)] [r=1 c=0 rs=1 cs=1]
              RenderText {#text} at (2,2) size 30x17
                text run at (2,2) width 30: "Data"
            RenderTableCell {TD} at (38,297) size 34x21 [border: (1px solid #000000)] [r=1 c=1 rs=1 cs=1]
              RenderText {#text} at (2,2) size 30x17
                text run at (2,2) width 30: "Data"
            RenderTableCell {TD} at (74,297) size 693x21 [border: (1px solid #000000)] [r=1 c=2 rs=1 cs=1]
              RenderText {#text} at (2,2) size 30x17
                text run at (2,2) width 30: "Data"
      RenderBlock {P} at (0,795) size 769x18
        RenderText {#text} at (0,0) size 749x17
          text run at (0,0) width 749: "All the columns in the following three tables should divide equally the available space (100% of the width of the page):"
      RenderTable {TABLE} at (0,828) size 769x49
        RenderTableSection {TBODY} at (0,0) size 769x48
          RenderTableRow {TR} at (0,2) size 769x21
            RenderTableCell {TD} at (2,2) size 254x21 [border: (1px solid #000000)] [r=0 c=0 rs=1 cs=1]
              RenderText {#text} at (2,2) size 30x17
                text run at (2,2) width 30: "Data"
            RenderTableCell {TD} at (257,2) size 255x21 [border: (1px solid #000000)] [r=0 c=1 rs=1 cs=1]
              RenderText {#text} at (2,2) size 30x17
                text run at (2,2) width 30: "Data"
            RenderTableCell {TD} at (513,2) size 254x21 [border: (1px solid #000000)] [r=0 c=2 rs=1 cs=1]
              RenderText {#text} at (2,2) size 30x17
                text run at (2,2) width 30: "Data"
          RenderTableRow {TR} at (0,25) size 769x21
            RenderTableCell {TD} at (2,25) size 254x21 [border: (1px solid #000000)] [r=1 c=0 rs=1 cs=1]
              RenderText {#text} at (2,2) size 30x17
                text run at (2,2) width 30: "Data"
            RenderTableCell {TD} at (257,25) size 255x21 [border: (1px solid #000000)] [r=1 c=1 rs=1 cs=1]
              RenderText {#text} at (2,2) size 30x17
                text run at (2,2) width 30: "Data"
            RenderTableCell {TD} at (513,25) size 254x21 [border: (1px solid #000000)] [r=1 c=2 rs=1 cs=1]
              RenderText {#text} at (2,2) size 30x17
                text run at (2,2) width 30: "Data"
      RenderTable {TABLE} at (0,876) size 769x848
        RenderTableSection {TBODY} at (0,0) size 769x847
          RenderTableRow {TR} at (0,2) size 769x21
            RenderTableCell {TD} at (2,2) size 254x21 [border: (1px solid #000000)] [r=0 c=0 rs=1 cs=1]
              RenderText {#text} at (2,2) size 30x17
                text run at (2,2) width 30: "Data"
            RenderTableCell {TD} at (257,2) size 255x21 [border: (1px solid #000000)] [r=0 c=1 rs=1 cs=1]
              RenderText {#text} at (2,2) size 30x17
                text run at (2,2) width 30: "Data"
            RenderTableCell {TD} at (513,2) size 254x21 [border: (1px solid #000000)] [r=0 c=2 rs=1 cs=1]
              RenderText {#text} at (2,2) size 30x17
                text run at (2,2) width 30: "Data"
          RenderTableRow {TR} at (0,25) size 769x820
            RenderTableCell {TD} at (2,424) size 254x22 [border: (1px solid #000000)] [r=1 c=0 rs=1 cs=1]
              RenderText {#text} at (2,2) size 30x18
                text run at (2,3) width 30: "Data"
            RenderTableCell {TD} at (257,424) size 255x22 [border: (1px solid #000000)] [r=1 c=1 rs=1 cs=1]
              RenderText {#text} at (2,2) size 30x18
                text run at (2,3) width 30: "Data"
            RenderTableCell {TD} at (513,25) size 254x820 [border: (1px solid #000000)] [r=1 c=2 rs=1 cs=1]
              RenderText {#text} at (2,2) size 244x816
                text run at (2,2) width 189: "Lots and lots and lots of data. "
                text run at (191,2) width 55: "Lots and"
                text run at (2,19) width 130: "lots and lots of data. "
                text run at (132,19) width 108: "Lots and lots and"
                text run at (2,36) width 77: "lots of data. "
                text run at (79,36) width 151: "Lots and lots and lots of"
                text run at (2,53) width 34: "data. "
                text run at (36,53) width 185: "Lots and lots and lots of data."
                text run at (2,70) width 189: "Lots and lots and lots of data. "
                text run at (191,70) width 55: "Lots and"
                text run at (2,87) width 130: "lots and lots of data. "
                text run at (132,87) width 108: "Lots and lots and"
                text run at (2,104) width 77: "lots of data. "
                text run at (79,104) width 151: "Lots and lots and lots of"
                text run at (2,121) width 34: "data. "
                text run at (36,121) width 185: "Lots and lots and lots of data."
                text run at (2,138) width 189: "Lots and lots and lots of data. "
                text run at (191,138) width 55: "Lots and"
                text run at (2,155) width 130: "lots and lots of data. "
                text run at (132,155) width 108: "Lots and lots and"
                text run at (2,172) width 77: "lots of data. "
                text run at (79,172) width 151: "Lots and lots and lots of"
                text run at (2,189) width 34: "data. "
                text run at (36,189) width 185: "Lots and lots and lots of data."
                text run at (2,206) width 189: "Lots and lots and lots of data. "
                text run at (191,206) width 55: "Lots and"
                text run at (2,223) width 130: "lots and lots of data. "
                text run at (132,223) width 108: "Lots and lots and"
                text run at (2,240) width 77: "lots of data. "
                text run at (79,240) width 151: "Lots and lots and lots of"
                text run at (2,257) width 34: "data. "
                text run at (36,257) width 185: "Lots and lots and lots of data."
                text run at (2,274) width 189: "Lots and lots and lots of data. "
                text run at (191,274) width 55: "Lots and"
                text run at (2,291) width 130: "lots and lots of data. "
                text run at (132,291) width 108: "Lots and lots and"
                text run at (2,308) width 77: "lots of data. "
                text run at (79,308) width 151: "Lots and lots and lots of"
                text run at (2,325) width 34: "data. "
                text run at (36,325) width 185: "Lots and lots and lots of data."
                text run at (2,342) width 189: "Lots and lots and lots of data. "
                text run at (191,342) width 55: "Lots and"
                text run at (2,359) width 130: "lots and lots of data. "
                text run at (132,359) width 108: "Lots and lots and"
                text run at (2,376) width 77: "lots of data. "
                text run at (79,376) width 151: "Lots and lots and lots of"
                text run at (2,393) width 34: "data. "
                text run at (36,393) width 185: "Lots and lots and lots of data."
                text run at (2,410) width 189: "Lots and lots and lots of data. "
                text run at (191,410) width 55: "Lots and"
                text run at (2,427) width 130: "lots and lots of data. "
                text run at (132,427) width 108: "Lots and lots and"
                text run at (2,444) width 77: "lots of data. "
                text run at (79,444) width 151: "Lots and lots and lots of"
                text run at (2,461) width 34: "data. "
                text run at (36,461) width 185: "Lots and lots and lots of data."
                text run at (2,478) width 189: "Lots and lots and lots of data. "
                text run at (191,478) width 55: "Lots and"
                text run at (2,495) width 130: "lots and lots of data. "
                text run at (132,495) width 108: "Lots and lots and"
                text run at (2,512) width 77: "lots of data. "
                text run at (79,512) width 151: "Lots and lots and lots of"
                text run at (2,529) width 34: "data. "
                text run at (36,529) width 185: "Lots and lots and lots of data."
                text run at (2,546) width 189: "Lots and lots and lots of data. "
                text run at (191,546) width 55: "Lots and"
                text run at (2,563) width 130: "lots and lots of data. "
                text run at (132,563) width 108: "Lots and lots and"
                text run at (2,580) width 77: "lots of data. "
                text run at (79,580) width 151: "Lots and lots and lots of"
                text run at (2,597) width 34: "data. "
                text run at (36,597) width 185: "Lots and lots and lots of data."
                text run at (2,614) width 189: "Lots and lots and lots of data. "
                text run at (191,614) width 55: "Lots and"
                text run at (2,631) width 130: "lots and lots of data. "
                text run at (132,631) width 108: "Lots and lots and"
                text run at (2,648) width 77: "lots of data. "
                text run at (79,648) width 151: "Lots and lots and lots of"
                text run at (2,665) width 34: "data. "
                text run at (36,665) width 185: "Lots and lots and lots of data."
                text run at (2,682) width 189: "Lots and lots and lots of data. "
                text run at (191,682) width 55: "Lots and"
                text run at (2,699) width 130: "lots and lots of data. "
                text run at (132,699) width 108: "Lots and lots and"
                text run at (2,716) width 77: "lots of data. "
                text run at (79,716) width 151: "Lots and lots and lots of"
                text run at (2,733) width 34: "data. "
                text run at (36,733) width 185: "Lots and lots and lots of data."
                text run at (2,750) width 189: "Lots and lots and lots of data. "
                text run at (191,750) width 55: "Lots and"
                text run at (2,767) width 130: "lots and lots of data. "
                text run at (132,767) width 108: "Lots and lots and"
                text run at (2,784) width 77: "lots of data. "
                text run at (79,784) width 151: "Lots and lots and lots of"
                text run at (2,801) width 34: "data. "
                text run at (36,801) width 185: "Lots and lots and lots of data."
      RenderTable {TABLE} at (0,1723) size 769x848
        RenderTableSection {TBODY} at (0,0) size 769x847
          RenderTableRow {TR} at (0,2) size 769x820
            RenderTableCell {TD} at (2,401) size 254x22 [border: (1px solid #000000)] [r=0 c=0 rs=1 cs=1]
              RenderText {#text} at (2,2) size 30x18
                text run at (2,3) width 30: "Data"
            RenderTableCell {TD} at (257,401) size 255x22 [border: (1px solid #000000)] [r=0 c=1 rs=1 cs=1]
              RenderText {#text} at (2,2) size 30x18
                text run at (2,3) width 30: "Data"
            RenderTableCell {TD} at (513,2) size 254x820 [border: (1px solid #000000)] [r=0 c=2 rs=1 cs=1]
              RenderText {#text} at (2,2) size 244x816
                text run at (2,2) width 189: "Lots and lots and lots of data. "
                text run at (191,2) width 55: "Lots and"
                text run at (2,19) width 130: "lots and lots of data. "
                text run at (132,19) width 108: "Lots and lots and"
                text run at (2,36) width 77: "lots of data. "
                text run at (79,36) width 151: "Lots and lots and lots of"
                text run at (2,53) width 34: "data. "
                text run at (36,53) width 185: "Lots and lots and lots of data."
                text run at (2,70) width 189: "Lots and lots and lots of data. "
                text run at (191,70) width 55: "Lots and"
                text run at (2,87) width 130: "lots and lots of data. "
                text run at (132,87) width 108: "Lots and lots and"
                text run at (2,104) width 77: "lots of data. "
                text run at (79,104) width 151: "Lots and lots and lots of"
                text run at (2,121) width 34: "data. "
                text run at (36,121) width 185: "Lots and lots and lots of data."
                text run at (2,138) width 189: "Lots and lots and lots of data. "
                text run at (191,138) width 55: "Lots and"
                text run at (2,155) width 130: "lots and lots of data. "
                text run at (132,155) width 108: "Lots and lots and"
                text run at (2,172) width 77: "lots of data. "
                text run at (79,172) width 151: "Lots and lots and lots of"
                text run at (2,189) width 34: "data. "
                text run at (36,189) width 185: "Lots and lots and lots of data."
                text run at (2,206) width 189: "Lots and lots and lots of data. "
                text run at (191,206) width 55: "Lots and"
                text run at (2,223) width 130: "lots and lots of data. "
                text run at (132,223) width 108: "Lots and lots and"
                text run at (2,240) width 77: "lots of data. "
                text run at (79,240) width 151: "Lots and lots and lots of"
                text run at (2,257) width 34: "data. "
                text run at (36,257) width 185: "Lots and lots and lots of data."
                text run at (2,274) width 189: "Lots and lots and lots of data. "
                text run at (191,274) width 55: "Lots and"
                text run at (2,291) width 130: "lots and lots of data. "
                text run at (132,291) width 108: "Lots and lots and"
                text run at (2,308) width 77: "lots of data. "
                text run at (79,308) width 151: "Lots and lots and lots of"
                text run at (2,325) width 34: "data. "
                text run at (36,325) width 185: "Lots and lots and lots of data."
                text run at (2,342) width 189: "Lots and lots and lots of data. "
                text run at (191,342) width 55: "Lots and"
                text run at (2,359) width 130: "lots and lots of data. "
                text run at (132,359) width 108: "Lots and lots and"
                text run at (2,376) width 77: "lots of data. "
                text run at (79,376) width 151: "Lots and lots and lots of"
                text run at (2,393) width 34: "data. "
                text run at (36,393) width 185: "Lots and lots and lots of data."
                text run at (2,410) width 189: "Lots and lots and lots of data. "
                text run at (191,410) width 55: "Lots and"
                text run at (2,427) width 130: "lots and lots of data. "
                text run at (132,427) width 108: "Lots and lots and"
                text run at (2,444) width 77: "lots of data. "
                text run at (79,444) width 151: "Lots and lots and lots of"
                text run at (2,461) width 34: "data. "
                text run at (36,461) width 185: "Lots and lots and lots of data."
                text run at (2,478) width 189: "Lots and lots and lots of data. "
                text run at (191,478) width 55: "Lots and"
                text run at (2,495) width 130: "lots and lots of data. "
                text run at (132,495) width 108: "Lots and lots and"
                text run at (2,512) width 77: "lots of data. "
                text run at (79,512) width 151: "Lots and lots and lots of"
                text run at (2,529) width 34: "data. "
                text run at (36,529) width 185: "Lots and lots and lots of data."
                text run at (2,546) width 189: "Lots and lots and lots of data. "
                text run at (191,546) width 55: "Lots and"
                text run at (2,563) width 130: "lots and lots of data. "
                text run at (132,563) width 108: "Lots and lots and"
                text run at (2,580) width 77: "lots of data. "
                text run at (79,580) width 151: "Lots and lots and lots of"
                text run at (2,597) width 34: "data. "
                text run at (36,597) width 185: "Lots and lots and lots of data."
                text run at (2,614) width 189: "Lots and lots and lots of data. "
                text run at (191,614) width 55: "Lots and"
                text run at (2,631) width 130: "lots and lots of data. "
                text run at (132,631) width 108: "Lots and lots and"
                text run at (2,648) width 77: "lots of data. "
                text run at (79,648) width 151: "Lots and lots and lots of"
                text run at (2,665) width 34: "data. "
                text run at (36,665) width 185: "Lots and lots and lots of data."
                text run at (2,682) width 189: "Lots and lots and lots of data. "
                text run at (191,682) width 55: "Lots and"
                text run at (2,699) width 130: "lots and lots of data. "
                text run at (132,699) width 108: "Lots and lots and"
                text run at (2,716) width 77: "lots of data. "
                text run at (79,716) width 151: "Lots and lots and lots of"
                text run at (2,733) width 34: "data. "
                text run at (36,733) width 185: "Lots and lots and lots of data."
                text run at (2,750) width 189: "Lots and lots and lots of data. "
                text run at (191,750) width 55: "Lots and"
                text run at (2,767) width 130: "lots and lots of data. "
                text run at (132,767) width 108: "Lots and lots and"
                text run at (2,784) width 77: "lots of data. "
                text run at (79,784) width 151: "Lots and lots and lots of"
                text run at (2,801) width 34: "data. "
                text run at (36,801) width 185: "Lots and lots and lots of data."
          RenderTableRow {TR} at (0,824) size 769x21
            RenderTableCell {TD} at (2,824) size 254x21 [border: (1px solid #000000)] [r=1 c=0 rs=1 cs=1]
              RenderText {#text} at (2,2) size 30x17
                text run at (2,2) width 30: "Data"
            RenderTableCell {TD} at (257,824) size 255x21 [border: (1px solid #000000)] [r=1 c=1 rs=1 cs=1]
              RenderText {#text} at (2,2) size 30x17
                text run at (2,2) width 30: "Data"
            RenderTableCell {TD} at (513,824) size 254x21 [border: (1px solid #000000)] [r=1 c=2 rs=1 cs=1]
              RenderText {#text} at (2,2) size 30x17
                text run at (2,2) width 30: "Data"
      RenderBlock {P} at (0,2586) size 769x18
        RenderText {#text} at (0,0) size 741x17
          text run at (0,0) width 741: "All the columns in the following three tables should divide equally the available space (50% of the width of the page):"
      RenderTable {TABLE} at (0,2619) size 385x49
        RenderTableSection {TBODY} at (0,0) size 385x48
          RenderTableRow {TR} at (0,2) size 385x21
            RenderTableCell {TD} at (2,2) size 126x21 [border: (1px solid #000000)] [r=0 c=0 rs=1 cs=1]
              RenderText {#text} at (2,2) size 30x17
                text run at (2,2) width 30: "Data"
            RenderTableCell {TD} at (129,2) size 126x21 [border: (1px solid #000000)] [r=0 c=1 rs=1 cs=1]
              RenderText {#text} at (2,2) size 30x17
                text run at (2,2) width 30: "Data"
            RenderTableCell {TD} at (257,2) size 126x21 [border: (1px solid #000000)] [r=0 c=2 rs=1 cs=1]
              RenderText {#text} at (2,2) size 30x17
                text run at (2,2) width 30: "Data"
          RenderTableRow {TR} at (0,25) size 385x21
            RenderTableCell {TD} at (2,25) size 126x21 [border: (1px solid #000000)] [r=1 c=0 rs=1 cs=1]
              RenderText {#text} at (2,2) size 30x17
                text run at (2,2) width 30: "Data"
            RenderTableCell {TD} at (129,25) size 126x21 [border: (1px solid #000000)] [r=1 c=1 rs=1 cs=1]
              RenderText {#text} at (2,2) size 30x17
                text run at (2,2) width 30: "Data"
            RenderTableCell {TD} at (257,25) size 126x21 [border: (1px solid #000000)] [r=1 c=2 rs=1 cs=1]
              RenderText {#text} at (2,2) size 30x17
                text run at (2,2) width 30: "Data"
      RenderTable {TABLE} at (0,2667) size 385x1732
        RenderTableSection {TBODY} at (0,0) size 385x1731
          RenderTableRow {TR} at (0,2) size 385x21
            RenderTableCell {TD} at (2,2) size 126x21 [border: (1px solid #000000)] [r=0 c=0 rs=1 cs=1]
              RenderText {#text} at (2,2) size 30x17
                text run at (2,2) width 30: "Data"
            RenderTableCell {TD} at (129,2) size 126x21 [border: (1px solid #000000)] [r=0 c=1 rs=1 cs=1]
              RenderText {#text} at (2,2) size 30x17
                text run at (2,2) width 30: "Data"
            RenderTableCell {TD} at (257,2) size 126x21 [border: (1px solid #000000)] [r=0 c=2 rs=1 cs=1]
              RenderText {#text} at (2,2) size 30x17
                text run at (2,2) width 30: "Data"
          RenderTableRow {TR} at (0,25) size 385x1704
            RenderTableCell {TD} at (2,866) size 126x22 [border: (1px solid #000000)] [r=1 c=0 rs=1 cs=1]
              RenderText {#text} at (2,2) size 30x18
                text run at (2,3) width 30: "Data"
            RenderTableCell {TD} at (129,866) size 126x22 [border: (1px solid #000000)] [r=1 c=1 rs=1 cs=1]
              RenderText {#text} at (2,2) size 30x18
                text run at (2,3) width 30: "Data"
            RenderTableCell {TD} at (257,25) size 126x1704 [border: (1px solid #000000)] [r=1 c=2 rs=1 cs=1]
              RenderText {#text} at (2,2) size 119x1700
                text run at (2,2) width 108: "Lots and lots and"
                text run at (2,19) width 77: "lots of data. "
                text run at (79,19) width 28: "Lots"
                text run at (2,36) width 119: "and lots and lots of"
                text run at (2,53) width 34: "data. "
                text run at (36,53) width 81: "Lots and lots"
                text run at (2,70) width 100: "and lots of data."
                text run at (2,87) width 108: "Lots and lots and"
                text run at (2,104) width 77: "lots of data. "
                text run at (79,104) width 28: "Lots"
                text run at (2,121) width 119: "and lots and lots of"
                text run at (2,138) width 34: "data. "
                text run at (36,138) width 81: "Lots and lots"
                text run at (2,155) width 100: "and lots of data."
                text run at (2,172) width 108: "Lots and lots and"
                text run at (2,189) width 77: "lots of data. "
                text run at (79,189) width 28: "Lots"
                text run at (2,206) width 119: "and lots and lots of"
                text run at (2,223) width 34: "data. "
                text run at (36,223) width 81: "Lots and lots"
                text run at (2,240) width 100: "and lots of data."
                text run at (2,257) width 108: "Lots and lots and"
                text run at (2,274) width 77: "lots of data. "
                text run at (79,274) width 28: "Lots"
                text run at (2,291) width 119: "and lots and lots of"
                text run at (2,308) width 34: "data. "
                text run at (36,308) width 81: "Lots and lots"
                text run at (2,325) width 100: "and lots of data."
                text run at (2,342) width 108: "Lots and lots and"
                text run at (2,359) width 77: "lots of data. "
                text run at (79,359) width 28: "Lots"
                text run at (2,376) width 119: "and lots and lots of"
                text run at (2,393) width 34: "data. "
                text run at (36,393) width 81: "Lots and lots"
                text run at (2,410) width 100: "and lots of data."
                text run at (2,427) width 108: "Lots and lots and"
                text run at (2,444) width 77: "lots of data. "
                text run at (79,444) width 28: "Lots"
                text run at (2,461) width 119: "and lots and lots of"
                text run at (2,478) width 34: "data. "
                text run at (36,478) width 81: "Lots and lots"
                text run at (2,495) width 100: "and lots of data."
                text run at (2,512) width 108: "Lots and lots and"
                text run at (2,529) width 77: "lots of data. "
                text run at (79,529) width 28: "Lots"
                text run at (2,546) width 119: "and lots and lots of"
                text run at (2,563) width 34: "data. "
                text run at (36,563) width 81: "Lots and lots"
                text run at (2,580) width 100: "and lots of data."
                text run at (2,597) width 108: "Lots and lots and"
                text run at (2,614) width 77: "lots of data. "
                text run at (79,614) width 28: "Lots"
                text run at (2,631) width 119: "and lots and lots of"
                text run at (2,648) width 34: "data. "
                text run at (36,648) width 81: "Lots and lots"
                text run at (2,665) width 100: "and lots of data."
                text run at (2,682) width 108: "Lots and lots and"
                text run at (2,699) width 77: "lots of data. "
                text run at (79,699) width 28: "Lots"
                text run at (2,716) width 119: "and lots and lots of"
                text run at (2,733) width 34: "data. "
                text run at (36,733) width 81: "Lots and lots"
                text run at (2,750) width 100: "and lots of data."
                text run at (2,767) width 108: "Lots and lots and"
                text run at (2,784) width 77: "lots of data. "
                text run at (79,784) width 28: "Lots"
                text run at (2,801) width 119: "and lots and lots of"
                text run at (2,818) width 34: "data. "
                text run at (36,818) width 81: "Lots and lots"
                text run at (2,835) width 100: "and lots of data."
                text run at (2,852) width 108: "Lots and lots and"
                text run at (2,869) width 77: "lots of data. "
                text run at (79,869) width 28: "Lots"
                text run at (2,886) width 119: "and lots and lots of"
                text run at (2,903) width 34: "data. "
                text run at (36,903) width 81: "Lots and lots"
                text run at (2,920) width 100: "and lots of data."
                text run at (2,937) width 108: "Lots and lots and"
                text run at (2,954) width 77: "lots of data. "
                text run at (79,954) width 28: "Lots"
                text run at (2,971) width 119: "and lots and lots of"
                text run at (2,988) width 34: "data. "
                text run at (36,988) width 81: "Lots and lots"
                text run at (2,1005) width 100: "and lots of data."
                text run at (2,1022) width 108: "Lots and lots and"
                text run at (2,1039) width 77: "lots of data. "
                text run at (79,1039) width 28: "Lots"
                text run at (2,1056) width 119: "and lots and lots of"
                text run at (2,1073) width 34: "data. "
                text run at (36,1073) width 81: "Lots and lots"
                text run at (2,1090) width 100: "and lots of data."
                text run at (2,1107) width 108: "Lots and lots and"
                text run at (2,1124) width 77: "lots of data. "
                text run at (79,1124) width 28: "Lots"
                text run at (2,1141) width 119: "and lots and lots of"
                text run at (2,1158) width 34: "data. "
                text run at (36,1158) width 81: "Lots and lots"
                text run at (2,1175) width 100: "and lots of data."
                text run at (2,1192) width 108: "Lots and lots and"
                text run at (2,1209) width 77: "lots of data. "
                text run at (79,1209) width 28: "Lots"
                text run at (2,1226) width 119: "and lots and lots of"
                text run at (2,1243) width 34: "data. "
                text run at (36,1243) width 81: "Lots and lots"
                text run at (2,1260) width 100: "and lots of data."
                text run at (2,1277) width 108: "Lots and lots and"
                text run at (2,1294) width 77: "lots of data. "
                text run at (79,1294) width 28: "Lots"
                text run at (2,1311) width 119: "and lots and lots of"
                text run at (2,1328) width 34: "data. "
                text run at (36,1328) width 81: "Lots and lots"
                text run at (2,1345) width 100: "and lots of data."
                text run at (2,1362) width 108: "Lots and lots and"
                text run at (2,1379) width 77: "lots of data. "
                text run at (79,1379) width 28: "Lots"
                text run at (2,1396) width 119: "and lots and lots of"
                text run at (2,1413) width 34: "data. "
                text run at (36,1413) width 81: "Lots and lots"
                text run at (2,1430) width 100: "and lots of data."
                text run at (2,1447) width 108: "Lots and lots and"
                text run at (2,1464) width 77: "lots of data. "
                text run at (79,1464) width 28: "Lots"
                text run at (2,1481) width 119: "and lots and lots of"
                text run at (2,1498) width 34: "data. "
                text run at (36,1498) width 81: "Lots and lots"
                text run at (2,1515) width 100: "and lots of data."
                text run at (2,1532) width 108: "Lots and lots and"
                text run at (2,1549) width 77: "lots of data. "
                text run at (79,1549) width 28: "Lots"
                text run at (2,1566) width 119: "and lots and lots of"
                text run at (2,1583) width 34: "data. "
                text run at (36,1583) width 81: "Lots and lots"
                text run at (2,1600) width 100: "and lots of data."
                text run at (2,1617) width 108: "Lots and lots and"
                text run at (2,1634) width 77: "lots of data. "
                text run at (79,1634) width 28: "Lots"
                text run at (2,1651) width 119: "and lots and lots of"
                text run at (2,1668) width 34: "data. "
                text run at (36,1668) width 81: "Lots and lots"
                text run at (2,1685) width 100: "and lots of data."
      RenderTable {TABLE} at (0,4398) size 385x1732
        RenderTableSection {TBODY} at (0,0) size 385x1731
          RenderTableRow {TR} at (0,2) size 385x1704
            RenderTableCell {TD} at (2,843) size 126x22 [border: (1px solid #000000)] [r=0 c=0 rs=1 cs=1]
              RenderText {#text} at (2,2) size 30x18
                text run at (2,3) width 30: "Data"
            RenderTableCell {TD} at (129,843) size 126x22 [border: (1px solid #000000)] [r=0 c=1 rs=1 cs=1]
              RenderText {#text} at (2,2) size 30x18
                text run at (2,3) width 30: "Data"
            RenderTableCell {TD} at (257,2) size 126x1704 [border: (1px solid #000000)] [r=0 c=2 rs=1 cs=1]
              RenderText {#text} at (2,2) size 119x1700
                text run at (2,2) width 108: "Lots and lots and"
                text run at (2,19) width 77: "lots of data. "
                text run at (79,19) width 28: "Lots"
                text run at (2,36) width 119: "and lots and lots of"
                text run at (2,53) width 34: "data. "
                text run at (36,53) width 81: "Lots and lots"
                text run at (2,70) width 100: "and lots of data."
                text run at (2,87) width 108: "Lots and lots and"
                text run at (2,104) width 77: "lots of data. "
                text run at (79,104) width 28: "Lots"
                text run at (2,121) width 119: "and lots and lots of"
                text run at (2,138) width 34: "data. "
                text run at (36,138) width 81: "Lots and lots"
                text run at (2,155) width 100: "and lots of data."
                text run at (2,172) width 108: "Lots and lots and"
                text run at (2,189) width 77: "lots of data. "
                text run at (79,189) width 28: "Lots"
                text run at (2,206) width 119: "and lots and lots of"
                text run at (2,223) width 34: "data. "
                text run at (36,223) width 81: "Lots and lots"
                text run at (2,240) width 100: "and lots of data."
                text run at (2,257) width 108: "Lots and lots and"
                text run at (2,274) width 77: "lots of data. "
                text run at (79,274) width 28: "Lots"
                text run at (2,291) width 119: "and lots and lots of"
                text run at (2,308) width 34: "data. "
                text run at (36,308) width 81: "Lots and lots"
                text run at (2,325) width 100: "and lots of data."
                text run at (2,342) width 108: "Lots and lots and"
                text run at (2,359) width 77: "lots of data. "
                text run at (79,359) width 28: "Lots"
                text run at (2,376) width 119: "and lots and lots of"
                text run at (2,393) width 34: "data. "
                text run at (36,393) width 81: "Lots and lots"
                text run at (2,410) width 100: "and lots of data."
                text run at (2,427) width 108: "Lots and lots and"
                text run at (2,444) width 77: "lots of data. "
                text run at (79,444) width 28: "Lots"
                text run at (2,461) width 119: "and lots and lots of"
                text run at (2,478) width 34: "data. "
                text run at (36,478) width 81: "Lots and lots"
                text run at (2,495) width 100: "and lots of data."
                text run at (2,512) width 108: "Lots and lots and"
                text run at (2,529) width 77: "lots of data. "
                text run at (79,529) width 28: "Lots"
                text run at (2,546) width 119: "and lots and lots of"
                text run at (2,563) width 34: "data. "
                text run at (36,563) width 81: "Lots and lots"
                text run at (2,580) width 100: "and lots of data."
                text run at (2,597) width 108: "Lots and lots and"
                text run at (2,614) width 77: "lots of data. "
                text run at (79,614) width 28: "Lots"
                text run at (2,631) width 119: "and lots and lots of"
                text run at (2,648) width 34: "data. "
                text run at (36,648) width 81: "Lots and lots"
                text run at (2,665) width 100: "and lots of data."
                text run at (2,682) width 108: "Lots and lots and"
                text run at (2,699) width 77: "lots of data. "
                text run at (79,699) width 28: "Lots"
                text run at (2,716) width 119: "and lots and lots of"
                text run at (2,733) width 34: "data. "
                text run at (36,733) width 81: "Lots and lots"
                text run at (2,750) width 100: "and lots of data."
                text run at (2,767) width 108: "Lots and lots and"
                text run at (2,784) width 77: "lots of data. "
                text run at (79,784) width 28: "Lots"
                text run at (2,801) width 119: "and lots and lots of"
                text run at (2,818) width 34: "data. "
                text run at (36,818) width 81: "Lots and lots"
                text run at (2,835) width 100: "and lots of data."
                text run at (2,852) width 108: "Lots and lots and"
                text run at (2,869) width 77: "lots of data. "
                text run at (79,869) width 28: "Lots"
                text run at (2,886) width 119: "and lots and lots of"
                text run at (2,903) width 34: "data. "
                text run at (36,903) width 81: "Lots and lots"
                text run at (2,920) width 100: "and lots of data."
                text run at (2,937) width 108: "Lots and lots and"
                text run at (2,954) width 77: "lots of data. "
                text run at (79,954) width 28: "Lots"
                text run at (2,971) width 119: "and lots and lots of"
                text run at (2,988) width 34: "data. "
                text run at (36,988) width 81: "Lots and lots"
                text run at (2,1005) width 100: "and lots of data."
                text run at (2,1022) width 108: "Lots and lots and"
                text run at (2,1039) width 77: "lots of data. "
                text run at (79,1039) width 28: "Lots"
                text run at (2,1056) width 119: "and lots and lots of"
                text run at (2,1073) width 34: "data. "
                text run at (36,1073) width 81: "Lots and lots"
                text run at (2,1090) width 100: "and lots of data."
                text run at (2,1107) width 108: "Lots and lots and"
                text run at (2,1124) width 77: "lots of data. "
                text run at (79,1124) width 28: "Lots"
                text run at (2,1141) width 119: "and lots and lots of"
                text run at (2,1158) width 34: "data. "
                text run at (36,1158) width 81: "Lots and lots"
                text run at (2,1175) width 100: "and lots of data."
                text run at (2,1192) width 108: "Lots and lots and"
                text run at (2,1209) width 77: "lots of data. "
                text run at (79,1209) width 28: "Lots"
                text run at (2,1226) width 119: "and lots and lots of"
                text run at (2,1243) width 34: "data. "
                text run at (36,1243) width 81: "Lots and lots"
                text run at (2,1260) width 100: "and lots of data."
                text run at (2,1277) width 108: "Lots and lots and"
                text run at (2,1294) width 77: "lots of data. "
                text run at (79,1294) width 28: "Lots"
                text run at (2,1311) width 119: "and lots and lots of"
                text run at (2,1328) width 34: "data. "
                text run at (36,1328) width 81: "Lots and lots"
                text run at (2,1345) width 100: "and lots of data."
                text run at (2,1362) width 108: "Lots and lots and"
                text run at (2,1379) width 77: "lots of data. "
                text run at (79,1379) width 28: "Lots"
                text run at (2,1396) width 119: "and lots and lots of"
                text run at (2,1413) width 34: "data. "
                text run at (36,1413) width 81: "Lots and lots"
                text run at (2,1430) width 100: "and lots of data."
                text run at (2,1447) width 108: "Lots and lots and"
                text run at (2,1464) width 77: "lots of data. "
                text run at (79,1464) width 28: "Lots"
                text run at (2,1481) width 119: "and lots and lots of"
                text run at (2,1498) width 34: "data. "
                text run at (36,1498) width 81: "Lots and lots"
                text run at (2,1515) width 100: "and lots of data."
                text run at (2,1532) width 108: "Lots and lots and"
                text run at (2,1549) width 77: "lots of data. "
                text run at (79,1549) width 28: "Lots"
                text run at (2,1566) width 119: "and lots and lots of"
                text run at (2,1583) width 34: "data. "
                text run at (36,1583) width 81: "Lots and lots"
                text run at (2,1600) width 100: "and lots of data."
                text run at (2,1617) width 108: "Lots and lots and"
                text run at (2,1634) width 77: "lots of data. "
                text run at (79,1634) width 28: "Lots"
                text run at (2,1651) width 119: "and lots and lots of"
                text run at (2,1668) width 34: "data. "
                text run at (36,1668) width 81: "Lots and lots"
                text run at (2,1685) width 100: "and lots of data."
          RenderTableRow {TR} at (0,1708) size 385x21
            RenderTableCell {TD} at (2,1708) size 126x21 [border: (1px solid #000000)] [r=1 c=0 rs=1 cs=1]
              RenderText {#text} at (2,2) size 30x17
                text run at (2,2) width 30: "Data"
            RenderTableCell {TD} at (129,1708) size 126x21 [border: (1px solid #000000)] [r=1 c=1 rs=1 cs=1]
              RenderText {#text} at (2,2) size 30x17
                text run at (2,2) width 30: "Data"
            RenderTableCell {TD} at (257,1708) size 126x21 [border: (1px solid #000000)] [r=1 c=2 rs=1 cs=1]
              RenderText {#text} at (2,2) size 30x17
                text run at (2,2) width 30: "Data"
      RenderBlock {P} at (0,6145) size 769x18
        RenderText {#text} at (0,0) size 192x17
          text run at (0,0) width 192: "This test is still being written..."
      RenderBlock {HR} at (0,6178) size 769x3 [border: (1px inset #000000)]
      RenderBlock {P} at (0,6196) size 769x18
        RenderText {#text} at (0,0) size 58x17
          text run at (0,0) width 58: "(Back to "
        RenderInline {A} at (0,0) size 158x17 [color=#0000EE]
          RenderText {#text} at (58,0) size 158x17
            text run at (58,0) width 158: "CSS Testing Information"
        RenderText {#text} at (216,0) size 8x17
          text run at (216,0) width 8: ", "
        RenderInline {A} at (0,0) size 82x17 [color=#0000EE]
          RenderText {#text} at (224,0) size 82x17
            text run at (224,0) width 82: "David Baron"
        RenderText {#text} at (306,0) size 5x17
          text run at (306,0) width 5: ")"
      RenderBlock {P} at (0,6229) size 769x18
        RenderInline {A} at (0,0) size 33x17 [color=#0000EE]
          RenderText {#text} at (0,0) size 33x17
            text run at (0,0) width 33: "LDB"
        RenderText {#text} at (33,0) size 8x17
          text run at (33,0) width 8: ", "
        RenderInline {A} at (0,0) size 156x17 [color=#0000EE]
          RenderText {#text} at (41,0) size 156x17
            text run at (41,0) width 156: "dbaron@fas.harvard.edu"
