layer at (0,0) size 800x600
  RenderView at (0,0) size 800x600
layer at (0,0) size 800x408
  RenderBlock {HTML} at (0,0) size 800x408
    RenderBody {BODY} at (8,8) size 784x392
      RenderBlock (anonymous) at (0,0) size 784x17
        RenderText {#text} at (0,0) size 299x17
          text run at (0,0) width 299: "Table 1: border=1 cellspacing=0 cellpadding=0"
      RenderTable {TABLE} at (0,17) size 67x21 [border: (1px outset #808080)]
        RenderTableSection {TBODY} at (1,1) size 65x19
          RenderTableRow {TR} at (0,0) size 65x19
            RenderTableCell {TD} at (0,0) size 65x19 [border: (1px inset #808080)] [r=0 c=0 rs=2 cs=1]
              RenderText {#text} at (1,1) size 63x17
                text run at (1,1) width 63: "First Row"
          RenderTableRow {TR} at (0,19) size 65x0
      RenderBlock (anonymous) at (0,38) size 784x17
        RenderText {#text} at (0,0) size 299x17
          text run at (0,0) width 299: "Table 2: border=1 cellspacing=1 cellpadding=0"
      RenderTable {TABLE} at (0,55) size 69x24 [border: (1px outset #808080)]
        RenderTableSection {TBODY} at (1,1) size 67x22
          RenderTableRow {TR} at (0,1) size 67x19
            RenderTableCell {TD} at (1,1) size 65x20 [border: (1px inset #808080)] [r=0 c=0 rs=2 cs=1]
              RenderText {#text} at (1,1) size 63x18
                text run at (1,2) width 63: "First Row"
          RenderTableRow {TR} at (0,21) size 67x0
      RenderBlock (anonymous) at (0,79) size 784x17
        RenderText {#text} at (0,0) size 299x17
          text run at (0,0) width 299: "Table 3: border=1 cellspacing=0 cellpadding=1"
      RenderTable {TABLE} at (0,96) size 69x23 [border: (1px outset #808080)]
        RenderTableSection {TBODY} at (1,1) size 67x21
          RenderTableRow {TR} at (0,0) size 67x21
            RenderTableCell {TD} at (0,0) size 67x21 [border: (1px inset #808080)] [r=0 c=0 rs=2 cs=1]
              RenderText {#text} at (2,2) size 63x17
                text run at (2,2) width 63: "First Row"
          RenderTableRow {TR} at (0,21) size 67x0
      RenderBlock (anonymous) at (0,119) size 784x17
        RenderText {#text} at (0,0) size 299x17
          text run at (0,0) width 299: "Table 4: border=1 cellspacing=1 cellpadding=1"
      RenderTable {TABLE} at (0,136) size 71x26 [border: (1px outset #808080)]
        RenderTableSection {TBODY} at (1,1) size 69x24
          RenderTableRow {TR} at (0,1) size 69x21
            RenderTableCell {TD} at (1,1) size 67x22 [border: (1px inset #808080)] [r=0 c=0 rs=2 cs=1]
              RenderText {#text} at (2,2) size 63x18
                text run at (2,3) width 63: "First Row"
          RenderTableRow {TR} at (0,23) size 69x0
      RenderBlock (anonymous) at (0,162) size 784x85
        RenderBR {BR} at (0,0) size 0x17
        RenderBR {BR} at (0,17) size 0x17
        RenderText {#text} at (0,34) size 455x17
          text run at (0,34) width 455: "Same tables as above but removing height=\"50%\" from the second row:"
        RenderBR {BR} at (455,34) size 0x17
        RenderBR {BR} at (0,51) size 0x17
        RenderText {#text} at (0,68) size 299x17
          text run at (0,68) width 299: "Table 5: border=1 cellspacing=0 cellpadding=0"
      RenderTable {TABLE} at (0,247) size 67x21 [border: (1px outset #808080)]
        RenderTableSection {TBODY} at (1,1) size 65x19
          RenderTableRow {TR} at (0,0) size 65x19
            RenderTableCell {TD} at (0,0) size 65x19 [border: (1px inset #808080)] [r=0 c=0 rs=2 cs=1]
              RenderText {#text} at (1,1) size 63x17
                text run at (1,1) width 63: "First Row"
          RenderTableRow {TR} at (0,19) size 65x0
      RenderBlock (anonymous) at (0,268) size 784x17
        RenderText {#text} at (0,0) size 299x17
          text run at (0,0) width 299: "Table 6: border=1 cellspacing=1 cellpadding=0"
      RenderTable {TABLE} at (0,285) size 69x24 [border: (1px outset #808080)]
        RenderTableSection {TBODY} at (1,1) size 67x22
          RenderTableRow {TR} at (0,1) size 67x19
            RenderTableCell {TD} at (1,1) size 65x20 [border: (1px inset #808080)] [r=0 c=0 rs=2 cs=1]
              RenderText {#text} at (1,1) size 63x18
                text run at (1,2) width 63: "First Row"
          RenderTableRow {TR} at (0,21) size 67x0
      RenderBlock (anonymous) at (0,309) size 784x17
        RenderText {#text} at (0,0) size 299x17
          text run at (0,0) width 299: "Table 7: border=1 cellspacing=0 cellpadding=1"
      RenderTable {TABLE} at (0,326) size 69x23 [border: (1px outset #808080)]
        RenderTableSection {TBODY} at (1,1) size 67x21
          RenderTableRow {TR} at (0,0) size 67x21
            RenderTableCell {TD} at (0,0) size 67x21 [border: (1px inset #808080)] [r=0 c=0 rs=2 cs=1]
              RenderText {#text} at (2,2) size 63x17
                text run at (2,2) width 63: "First Row"
          RenderTableRow {TR} at (0,21) size 67x0
      RenderBlock (anonymous) at (0,349) size 784x17
        RenderText {#text} at (0,0) size 299x17
          text run at (0,0) width 299: "Table 8: border=1 cellspacing=1 cellpadding=1"
      RenderTable {TABLE} at (0,366) size 71x26 [border: (1px outset #808080)]
        RenderTableSection {TBODY} at (1,1) size 69x24
          RenderTableRow {TR} at (0,1) size 69x21
            RenderTableCell {TD} at (1,1) size 67x22 [border: (1px inset #808080)] [r=0 c=0 rs=2 cs=1]
              RenderText {#text} at (2,2) size 63x18
                text run at (2,3) width 63: "First Row"
          RenderTableRow {TR} at (0,23) size 69x0
