layer at (0,0) size 800x600
  RenderView at (0,0) size 800x600
layer at (0,0) size 800x600
  RenderBlock {HTML} at (0,0) size 800x600
    RenderBody {BODY} at (8,8) size 784x584 [bgcolor=#FFFFFF]
      RenderBlock {H4} at (0,0) size 784x17
        RenderText {#text} at (0,0) size 154x17
          text run at (0,0) width 154: "Testcase distilled from "
        RenderInline {A} at (0,0) size 168x17 [color=#0000EE]
          RenderText {#text} at (154,0) size 168x17
            text run at (154,0) width 168: "http://www.weather.com"
      RenderTable {TABLE} at (0,38) size 450x188
        RenderTableSection {TBODY} at (0,0) size 450x187
          RenderTableRow {TR} at (0,0) size 450x17
            RenderTableCell {TD} at (0,0) size 325x17 [r=0 c=0 rs=1 cs=3]
              RenderImage {IMG} at (0,0) size 318x17
            RenderTableCell {TD} at (325,0) size 125x187 [r=0 c=3 rs=2 cs=1]
              RenderTable {TABLE} at (0,0) size 125x187 [bgcolor=#E0EBF5]
                RenderTableSection {TBODY} at (0,0) size 125x187
                  RenderTableRow {TR} at (0,0) size 125x187
                    RenderTableCell {TD} at (0,0) size 125x187 [r=0 c=0 rs=1 cs=1]
                      RenderImage {IMG} at (0,0) size 125x34
                      RenderBR {BR} at (125,34) size 0x0
                      RenderText {#text} at (0,34) size 119x34
                        text run at (0,34) width 119: "Jose moving out to"
                        text run at (0,51) width 20: "sea"
                      RenderBR {BR} at (20,65) size 0x0
                      RenderBR {BR} at (0,68) size 0x17
                      RenderBR {BR} at (0,85) size 0x17
                      RenderBR {BR} at (0,102) size 0x17
                      RenderBR {BR} at (0,119) size 0x17
                      RenderBR {BR} at (0,136) size 0x17
                      RenderBR {BR} at (0,153) size 0x17
                      RenderBR {BR} at (0,170) size 0x17
          RenderTableRow {TR} at (0,17) size 450x170
            RenderTableCell {TD} at (0,17) size 167x105 [r=1 c=0 rs=1 cs=1]
              RenderImage {IMG} at (0,0) size 167x105
              RenderText {#text} at (0,0) size 0x0
            RenderTableCell {TD} at (167,93) size 4x18 [r=1 c=1 rs=1 cs=1]
              RenderText {#text} at (0,0) size 4x18
                text run at (0,1) width 4: " "
            RenderTableCell {TD} at (171,17) size 154x75 [r=1 c=2 rs=1 cs=1]
              RenderInline {FONT} at (0,0) size 145x75
                RenderInline {B} at (0,0) size 67x15
                  RenderText {#text} at (0,0) size 67x15
                    text run at (0,0) width 67: "Chilly time"
                RenderBR {BR} at (67,12) size 0x0
                RenderText {#text} at (0,15) size 145x60
                  text run at (0,15) width 118: "Though the calendar"
                  text run at (0,30) width 122: "disagrees, the feel of"
                  text run at (0,45) width 145: "winter is in the air across"
                  text run at (0,60) width 104: "much of the East."
              RenderText {#text} at (0,0) size 0x0
