layer at (0,0) size 800x600
  RenderView at (0,0) size 800x600
layer at (0,0) size 800x242
  RenderBlock {HTML} at (0,0) size 800x242
    RenderBody {BODY} at (8,8) size 784x226
      RenderTable {TABLE} at (0,0) size 706x226 [border: (1px outset #808080)]
        RenderTableSection {TBODY} at (1,1) size 704x224
          RenderTableRow {TR} at (0,2) size 704x220
            RenderTableCell {TD} at (2,2) size 700x220 [border: (1px inset #808080)] [r=0 c=0 rs=1 cs=1]
              RenderInline {A} at (0,0) size 108x36 [color=#0000EE]
                RenderText {#text} at (2,2) size 108x36
                  text run at (2,2) width 108: "Xandros"
              RenderText {#text} at (110,2) size 664x216
                text run at (110,2) width 8: " "
                text run at (118,2) width 545: "in the news. text text text text text text text"
                text run at (2,38) width 280: "text text text text text "
                text run at (282,38) width 384: "text text text text text text text"
                text run at (2,74) width 448: "text text text text text text text text "
                text run at (450,74) width 216: "text text text text"
                text run at (2,110) width 616: "text text text text text text text text text text text "
                text run at (618,110) width 48: "text"
                text run at (2,146) width 664: "text text text text text text text text text text text text"
                text run at (2,182) width 56: "text."
