layer at (0,0) size 800x600
  RenderView at (0,0) size 800x600
layer at (0,0) size 800x600
  RenderBlock {HTML} at (0,0) size 800x600
    RenderBody {BODY} at (8,8) size 784x584 [bgcolor=#FFFFFF]
      RenderBlock {HR} at (0,0) size 112x2 [border: (1px inset #000000)]
      RenderTable {TABLE} at (0,10) size 290x57
        RenderTableSection {TBODY} at (0,0) size 290x57
          RenderTableRow {TR} at (0,0) size 290x57
            RenderTableCell {TD} at (0,0) size 150x57 [bgcolor=#FFFF00] [r=0 c=0 rs=1 cs=1]
              RenderText {#text} at (20,20) size 8x17
                text run at (20,20) width 8: "x"
            RenderTableCell {TD} at (150,0) size 140x57 [bgcolor=#808080] [r=0 c=1 rs=1 cs=1]
              RenderText {#text} at (20,20) size 24x17
                text run at (20,20) width 24: "bull"
