layer at (0,0) size 800x600
  RenderView at (0,0) size 800x600
layer at (0,0) size 800x600
  RenderBlock {HTML} at (0,0) size 800x600
    RenderBody {BODY} at (8,8) size 784x584
      RenderTable {TABLE} at (0,0) size 145x68 [border: (1px outset #808080)]
        RenderTableSection {TBODY} at (1,1) size 143x66
          RenderTableRow {TR} at (0,2) size 143x21
            RenderTableCell {TD} at (2,2) size 139x21 [border: (1px inset #808080)] [r=0 c=0 rs=1 cs=1]
              RenderText {#text} at (2,2) size 109x17
                text run at (2,2) width 109: "cell of outer table"
          RenderTableRow {TR} at (0,25) size 143x39
            RenderTableCell {TD} at (2,25) size 139x39 [border: (1px inset #808080)] [r=1 c=0 rs=1 cs=1]
              RenderTable {TABLE} at (2,2) size 135x35 [border: (5px outset #808080)]
                RenderTableSection {TBODY} at (5,5) size 125x25
                  RenderTableRow {TR} at (0,2) size 125x21
                    RenderTableCell {TD} at (2,2) size 121x21 [border: (1px inset #808080)] [r=0 c=0 rs=1 cs=1]
                      RenderText {#text} at (2,2) size 117x17
                        text run at (2,2) width 117: "cell of nested table"
      RenderBlock (anonymous) at (0,68) size 784x17
        RenderBR {BR} at (0,0) size 0x17
      RenderBlock {HR} at (0,93) size 202x2 [border: (1px inset #000000)]
      RenderBlock (anonymous) at (0,103) size 784x17
        RenderText {#text} at (0,0) size 215x17
          text run at (0,0) width 215: "nested table width includes border"
      RenderTable {TABLE} at (0,120) size 204x49 [border: (1px outset #808080)]
        RenderTableSection {TBODY} at (1,1) size 202x47
          RenderTableRow {TR} at (0,0) size 202x47
            RenderTableCell {TD} at (0,0) size 202x47 [border: (1px inset #808080)] [r=0 c=0 rs=1 cs=1]
              RenderTable {TABLE} at (1,1) size 200x45 [border: (10px outset #808080)]
                RenderTableSection {TBODY} at (10,10) size 180x25
                  RenderTableRow {TR} at (0,2) size 180x21
                    RenderTableCell {TD} at (2,2) size 176x21 [border: (1px inset #808080)] [r=0 c=0 rs=1 cs=1]
                      RenderText {#text} at (2,2) size 102x17
                        text run at (2,2) width 102: "200 nested table"
      RenderBlock (anonymous) at (0,169) size 784x34
        RenderBR {BR} at (0,0) size 0x17
        RenderText {#text} at (0,17) size 215x17
          text run at (0,17) width 215: "nested table width includes border"
      RenderTable {TABLE} at (0,203) size 137x49 [border: (1px outset #808080)]
        RenderTableSection {TBODY} at (1,1) size 135x47
          RenderTableRow {TR} at (0,0) size 135x47
            RenderTableCell {TD} at (0,0) size 135x47 [border: (1px inset #808080)] [r=0 c=0 rs=1 cs=1]
              RenderTable {TABLE} at (1,1) size 133x45 [border: (10px outset #808080)]
                RenderTableSection {TBODY} at (10,10) size 113x25
                  RenderTableRow {TR} at (0,2) size 113x21
                    RenderTableCell {TD} at (2,2) size 109x21 [border: (1px inset #808080)] [r=0 c=0 rs=1 cs=1]
                      RenderText {#text} at (2,2) size 105x17
                        text run at (2,2) width 105: "auto nested table"
      RenderBlock (anonymous) at (0,252) size 784x34
        RenderBR {BR} at (0,0) size 0x17
        RenderText {#text} at (0,17) size 215x17
          text run at (0,17) width 215: "nested table width includes border"
      RenderTable {TABLE} at (0,286) size 784x29 [border: (5px outset #808080)]
        RenderTableSection {TBODY} at (5,5) size 774x19
          RenderTableRow {TR} at (0,0) size 774x19
            RenderTableCell {TD} at (0,0) size 774x19 [border: (1px inset #808080)] [r=0 c=0 rs=1 cs=1]
              RenderText {#text} at (1,1) size 111x17
                text run at (1,1) width 111: "100% width table"
      RenderBlock (anonymous) at (0,315) size 784x34
        RenderBR {BR} at (0,0) size 0x17
        RenderText {#text} at (0,17) size 215x17
          text run at (0,17) width 215: "nested table width includes border"
      RenderTable {TABLE} at (0,349) size 147x49 [border: (1px outset #808080)]
        RenderTableSection {TBODY} at (1,1) size 145x47
          RenderTableRow {TR} at (0,0) size 145x47
            RenderTableCell {TD} at (0,0) size 145x47 [border: (1px inset #808080)] [r=0 c=0 rs=1 cs=1]
              RenderTable {TABLE} at (1,1) size 143x45 [border: (10px outset #808080)]
                RenderTableSection {TBODY} at (10,10) size 123x25
                  RenderTableRow {TR} at (0,2) size 123x21
                    RenderTableCell {TD} at (2,2) size 119x21 [border: (1px inset #808080)] [r=0 c=0 rs=1 cs=1]
                      RenderText {#text} at (2,2) size 115x17
                        text run at (2,2) width 115: "100% nested table"
