layer at (0,0) size 800x600
  RenderView at (0,0) size 800x600
layer at (0,0) size 800x39
  RenderBlock {HTML} at (0,0) size 800x39
    RenderBody {BODY} at (8,8) size 784x23
      RenderTable {TABLE} at (0,0) size 108x23
        RenderTableSection {TBODY} at (0,0) size 108x23
          RenderTableRow {TR} at (0,2) size 108x19
            RenderTableCell {TD} at (2,2) size 29x19 [r=0 c=0 rs=1 cs=1]
              RenderText {#text} at (1,1) size 27x17
                text run at (1,1) width 27: "One"
            RenderTableCell {TD} at (33,2) size 32x19 [r=0 c=1 rs=1 cs=1]
              RenderText {#text} at (1,1) size 30x17
                text run at (1,1) width 30: "Two"
            RenderTableCell {TD} at (67,2) size 39x19 [r=0 c=2 rs=1 cs=1]
              RenderText {#text} at (1,1) size 37x17
                text run at (1,1) width 37: "Three"
