layer at (0,0) size 800x600
  RenderView at (0,0) size 800x600
layer at (0,0) size 800x241
  RenderBlock {HTML} at (0,0) size 800x241
    RenderBody {BODY} at (8,16) size 784x209
      RenderTable {TABLE} at (0,0) size 200x29 [border: (2px solid #000000)]
        RenderTableSection {TBODY} at (2,2) size 196x25
          RenderTableRow {TR} at (0,2) size 196x21
            RenderTableCell {TD} at (2,2) size 192x21 [bgcolor=#EEFFEE] [border: (1px solid #808080)] [r=0 c=0 rs=1 cs=1]
              RenderText {#text} at (2,2) size 120x17
                text run at (2,2) width 120: "no cols or colspans"
      RenderTable {TABLE} at (0,45) size 200x29 [border: (2px solid #000000)]
        RenderTableSection {TBODY} at (2,2) size 196x25
          RenderTableRow {TR} at (0,2) size 196x21
            RenderTableCell {TD} at (2,2) size 192x21 [bgcolor=#EEFFEE] [border: (1px solid #808080)] [r=0 c=0 rs=1 cs=1]
              RenderText {#text} at (2,2) size 42x17
                text run at (2,2) width 42: "cols=4"
      RenderTable {TABLE} at (0,90) size 200x29 [border: (2px solid #000000)]
        RenderTableSection {TBODY} at (2,2) size 196x25
          RenderTableRow {TR} at (0,2) size 196x21
            RenderTableCell {TD} at (2,2) size 192x21 [bgcolor=#EEFFEE] [border: (1px solid #808080)] [r=0 c=0 rs=1 cs=4]
              RenderText {#text} at (2,2) size 65x17
                text run at (2,2) width 65: "colspan=4"
      RenderTable {TABLE} at (0,135) size 200x29 [border: (2px solid #000000)]
        RenderTableSection {TBODY} at (2,2) size 196x25
          RenderTableRow {TR} at (0,2) size 196x21
            RenderTableCell {TD} at (2,2) size 192x21 [bgcolor=#EEFFEE] [border: (1px solid #808080)] [r=0 c=0 rs=1 cs=4]
              RenderText {#text} at (2,2) size 115x17
                text run at (2,2) width 115: "cols=4, colspan=4"
      RenderTable {TABLE} at (0,180) size 200x29 [border: (2px solid #000000)]
        RenderTableSection {TBODY} at (2,2) size 196x25
          RenderTableRow {TR} at (0,2) size 196x21
            RenderTableCell {TD} at (2,2) size 192x21 [bgcolor=#EEFFEE] [border: (1px solid #808080)] [r=0 c=0 rs=1 cs=4]
              RenderText {#text} at (2,2) size 78x17
                text run at (2,2) width 78: "see previous"
