layer at (0,0) size 808x585
  RenderView at (0,0) size 800x585
layer at (0,0) size 800x585
  RenderBlock {HTML} at (0,0) size 800x585
    RenderBody {BODY} at (8,8) size 784x569
      RenderTable {TABLE} at (0,0) size 800x569 [border: (1px outset #808080)]
        RenderTableSection {TBODY} at (1,1) size 798x567
          RenderTableRow {TR} at (0,2) size 798x563
            RenderTableCell {TD} at (2,2) size 794x563 [border: (1px inset #808080)] [r=0 c=0 rs=1 cs=1]
              RenderTable {TABLE} at (2,2) size 790x559 [border: (1px outset #808080)]
                RenderTableSection {TBODY} at (1,1) size 788x557
                  RenderTableRow {TR} at (0,2) size 788x553
                    RenderTableCell {TD} at (2,2) size 784x553 [border: (1px inset #808080)] [r=0 c=0 rs=1 cs=1]
                      RenderIFrame {IFRAME} at (2,2) size 790x549 [border: (5px solid #0000FF)]
                        layer at (0,0) size 765x1742
                          RenderView at (0,0) size 765x539
                        layer at (0,0) size 765x1742
                          RenderBlock {HTML} at (0,0) size 765x1742
                            RenderBody {BODY} at (0,0) size 765x1742 [bgcolor=#53799F]
                              RenderBlock {CENTER} at (0,0) size 765x1742
                                RenderBlock (anonymous) at (0,0) size 765x17
                                  RenderBR {BR} at (382,0) size 1x17
                                RenderTable {TABLE} at (19,17) size 727x1708 [border: (1px solid #000000)]
                                  RenderTableSection {TBODY} at (1,1) size 725x1706
                                    RenderTableRow {TR} at (0,0) size 725x19
                                      RenderTableCell {TD} at (0,0) size 725x19 [bgcolor=#3F5694] [border: (1px solid #000000)] [r=0 c=0 rs=1 cs=1]
                                        RenderText {#text} at (343,1) size 38x17
                                          text run at (343,1) width 38: "News"
                                    RenderTableRow {TR} at (0,19) size 725x36
                                      RenderTableCell {TD} at (0,19) size 725x36 [border: (1px solid #000000)] [r=1 c=0 rs=1 cs=1]
                                        RenderInline {B} at (0,0) size 98x17
                                          RenderText {#text} at (313,1) size 98x17
                                            text run at (313,1) width 98: "11. M\x{E4}rz 2002"
                                        RenderBR {BR} at (410,15) size 1x0
                                        RenderText {#text} at (48,18) size 628x17
                                          text run at (48,18) width 493: "nun gibt es auch eine kommerzielle Version vom PopUp-Manager, mehr Info "
                                          text run at (540,18) width 136: "unter komerz. Scripte"
                                    RenderTableRow {TR} at (0,55) size 725x36
                                      RenderTableCell {TD} at (0,55) size 725x36 [border: (1px solid #000000)] [r=2 c=0 rs=1 cs=1]
                                        RenderInline {B} at (0,0) size 94x17
                                          RenderText {#text} at (315,1) size 94x17
                                            text run at (315,1) width 94: "09.M\x{E4}rz 2002"
                                          RenderBR {BR} at (408,15) size 1x0
                                        RenderText {#text} at (159,18) size 407x17
                                          text run at (159,18) width 407: "neues Script ist online, PopUp-Manager, mehr Info unter Scripte"
                                    RenderTableRow {TR} at (0,91) size 725x36
                                      RenderTableCell {TD} at (0,91) size 725x36 [border: (1px solid #000000)] [r=3 c=0 rs=1 cs=1]
                                        RenderText {#text} at (298,1) size 128x17
                                          text run at (298,1) width 128: "17. November 2001"
                                        RenderBR {BR} at (425,15) size 1x0
                                        RenderText {#text} at (279,18) size 167x17
                                          text run at (279,18) width 167: "Endlich wieder Online! :-)"
                                    RenderTableRow {TR} at (0,127) size 725x155
                                      RenderTableCell {TD} at (0,127) size 725x155 [border: (1px solid #000000)] [r=4 c=0 rs=1 cs=1]
                                        RenderText {#text} at (266,1) size 192x17
                                          text run at (266,1) width 192: "23. Oktober 2001 (21:00 Uhr)"
                                        RenderBR {BR} at (457,15) size 1x0
                                        RenderText {#text} at (307,18) size 111x17
                                          text run at (307,18) width 111: "Es ist vollbracht! "
                                        RenderBR {BR} at (417,32) size 1x0
                                        RenderText {#text} at (202,35) size 320x17
                                          text run at (202,35) width 320: "Ich habe nun den .htaccess-BUG bei den Scripten:"
                                        RenderBR {BR} at (521,49) size 1x0
                                        RenderText {#text} at (100,52) size 524x17
                                          text run at (100,52) width 524: "The Real Topsites, Sponsor Manager, Download Manager und Password Manager"
                                        RenderBR {BR} at (623,66) size 1x0
                                        RenderText {#text} at (118,69) size 488x17
                                          text run at (118,69) width 429: "abgeschafft, brauchte 2 Tage daf\x{FC}r, dabei lag der Fehler vor meiner "
                                          text run at (546,69) width 60: "Nase ! :-)"
                                        RenderBR {BR} at (605,83) size 1x0
                                        RenderText {#text} at (11,86) size 722x68
                                          text run at (11,86) width 377: "F\x{FC}r Euch hei\x{DF}t es, wenn Ihr eines der Scripte benutzt, ladet "
                                          text run at (387,86) width 326: "Euch die admin.cgi runter und vereinbart unbedingt"
                                          text run at (1,103) width 134: "ein neues Password! "
                                          text run at (134,103) width 454: "Au\x{DF}erdem wurde bei der Toplist die Sache mit dem Button Load/Klick "
                                          text run at (587,103) width 136: "um programmiert, f\x{FC}r"
                                          text run at (20,120) width 331: "die Leute die den Button Load/Klick Modus haben, "
                                          text run at (350,120) width 355: "Ihr m\x{FC}st Euch auch die topsites.cgi laden und im Admin"
                                          text run at (159,137) width 90: "Bereich unter "
                                          text run at (248,137) width 318: "Modus unten die URL zu Eurem Button angeben!"
                                    RenderTableRow {TR} at (0,282) size 725x36
                                      RenderTableCell {TD} at (0,282) size 725x36 [border: (1px solid #000000)] [r=5 c=0 rs=1 cs=1]
                                        RenderText {#text} at (306,1) size 113x17
                                          text run at (306,1) width 113: "22. Oktober 2001"
                                        RenderBR {BR} at (418,15) size 1x0
                                        RenderText {#text} at (124,18) size 477x17
                                          text run at (124,18) width 430: "Download-Bereich ist vorrerst geschlo\x{DF}en, kommen Sie bitte sp\x{E4}ter "
                                          text run at (553,18) width 48: "wieder."
                                    RenderTableRow {TR} at (0,318) size 725x53
                                      RenderTableCell {TD} at (0,318) size 725x53 [border: (1px solid #000000)] [r=6 c=0 rs=1 cs=1]
                                        RenderText {#text} at (266,1) size 192x17
                                          text run at (266,1) width 192: "21. Oktober 2001 (22:45 Uhr)"
                                        RenderBR {BR} at (457,15) size 1x0
                                        RenderText {#text} at (27,18) size 670x34
                                          text run at (27,18) width 411: "OK, sorry f\x{FC}r die Unannehmlichkeiten, aber Ihr m\x{FC}sst Euch nun "
                                          text run at (437,18) width 260: "noch mal die Scripte runter laden und die"
                                          text run at (39,35) width 206: "admin.cgi erneuern, hier kommt "
                                          text run at (244,35) width 441: "noch das Password-Manager-Script dazu, sollte jetzt alles sicher sein! "
                                        RenderBR {BR} at (684,49) size 1x0
                                    RenderTableRow {TR} at (0,371) size 725x104
                                      RenderTableCell {TD} at (0,371) size 725x104 [border: (1px solid #000000)] [r=7 c=0 rs=1 cs=1]
                                        RenderText {#text} at (266,1) size 192x17
                                          text run at (266,1) width 192: "21. Oktober 2001 (20:50 Uhr)"
                                        RenderBR {BR} at (457,15) size 1x0
                                        RenderText {#text} at (169,18) size 386x17
                                          text run at (169,18) width 386: "An alle Leute die follgende Scripte von G5-Scripts benutzen:"
                                        RenderBR {BR} at (554,32) size 1x0
                                        RenderText {#text} at (179,35) size 366x17
                                          text run at (179,35) width 366: "The Real Topsites, Download Counter, Sponsor Manager"
                                        RenderBR {BR} at (544,49) size 1x0
                                        RenderText {#text} at (25,52) size 674x17
                                          text run at (25,52) width 467: "bitte noch ein mal runter laden und die admin.cgi erneuern, beim Sponsor "
                                          text run at (491,52) width 208: "Manager kommt noch eine Datei"
                                        RenderBR {BR} at (698,66) size 1x0
                                        RenderText {#text} at (304,69) size 117x17
                                          text run at (304,69) width 117: "'variable.pl' dazu!!"
                                        RenderBR {BR} at (420,83) size 1x0
                                        RenderText {#text} at (75,86) size 575x17
                                          text run at (75,86) width 473: "Der Grund : man hat festgestellt das .htaccess Password Schutz doch nicht "
                                          text run at (547,86) width 103: "das sicherste ist!"
                                    RenderTableRow {TR} at (0,475) size 725x171
                                      RenderTableCell {TD} at (0,475) size 725x171 [border: (1px solid #000000)] [r=8 c=0 rs=1 cs=1]
                                        RenderBlock {P} at (1,1) size 723x119
                                          RenderText {#text} at (305,0) size 113x17
                                            text run at (305,0) width 113: "13. Oktober 2001"
                                          RenderBR {BR} at (417,14) size 1x0
                                          RenderText {#text} at (80,17) size 563x17
                                            text run at (80,17) width 484: "Ich habe es nun endlich geschafft das Gateway bei der Toplist mit IP-Sperre "
                                            text run at (563,17) width 80: "zu versehen,"
                                          RenderBR {BR} at (642,31) size 1x0
                                          RenderText {#text} at (1,34) size 721x17
                                            text run at (1,34) width 443: "dabei war der Fehler den ich vorher nicht verstand eine simple Sache, "
                                            text run at (443,34) width 279: "h\x{E4}tte ich doch ein wenig mehr nachgedacht!"
                                          RenderBR {BR} at (721,48) size 1x0
                                          RenderText {#text} at (3,51) size 717x68
                                            text run at (3,51) width 431: "Des weiteren habe ich noch die Datensicherung umgeschrieben, f\x{FC}r "
                                            text run at (433,51) width 287: "alle die Listen deren Hits ab und zu mal auf 0"
                                            text run at (14,68) width 140: "gesetzt werden, sollte "
                                            text run at (153,68) width 457: "jetzt nicht mehr passieren und ich habe noch den Mail Versand aus dem "
                                            text run at (609,68) width 99: "Admin-Bereich"
                                            text run at (17,85) width 350: "umgeschrieben und zwar wurde fr\x{FC}her der Text immer "
                                            text run at (366,85) width 339: "zusammen gequetscht, die Enters wurden so zu sagen"
                                            text run at (279,102) width 92: "ignoriert, jetzt "
                                            text run at (370,102) width 73: "nicht mehr!"
                                        RenderBlock {P} at (1,136) size 723x34
                                          RenderText {#text} at (10,0) size 702x34
                                            text run at (10,0) width 374: ">> F\x{FC}r alle die das Script vor dem 11.10.01 runter geladen "
                                            text run at (383,0) width 329: "haben, Ihr solltet es Euch noch mal runter laden und"
                                            text run at (121,17) width 144: "die folgenden Dateien "
                                            text run at (264,17) width 337: "durch die neuen ersetzen: topsites.cgi und admin.cgi ."
                                    RenderTableRow {TR} at (0,646) size 725x36
                                      RenderTableCell {TD} at (0,646) size 725x36 [border: (1px solid #000000)] [r=9 c=0 rs=1 cs=1]
                                        RenderText {#text} at (306,1) size 113x17
                                          text run at (306,1) width 113: "11. Oktober 2001"
                                        RenderBR {BR} at (418,15) size 1x0
                                        RenderText {#text} at (120,18) size 484x17
                                          text run at (120,18) width 484: "neues Script ist online, .htaccess-Password-Manager, mehr Info unter Scripte"
                                    RenderTableRow {TR} at (0,682) size 725x36
                                      RenderTableCell {TD} at (0,682) size 725x36 [border: (1px solid #000000)] [r=10 c=0 rs=1 cs=1]
                                        RenderText {#text} at (298,1) size 128x17
                                          text run at (298,1) width 128: "08. September 2001"
                                        RenderBR {BR} at (425,15) size 1x0
                                        RenderText {#text} at (195,18) size 334x17
                                          text run at (195,18) width 334: "Eine neu Version des Download Counters ist online!"
                                    RenderTableRow {TR} at (0,718) size 725x53
                                      RenderTableCell {TD} at (0,718) size 725x53 [border: (1px solid #000000)] [r=11 c=0 rs=1 cs=1]
                                        RenderText {#text} at (309,1) size 107x17
                                          text run at (309,1) width 107: "11. August 2001"
                                        RenderBR {BR} at (415,15) size 1x0
                                        RenderText {#text} at (28,18) size 668x17
                                          text run at (28,18) width 446: "Ich habe so eben eine random.cgi f\x{FC}r den Topsites Script geschrieben. "
                                          text run at (473,18) width 223: "Die random.cgi f\x{FC}hrt den Besucher"
                                        RenderBR {BR} at (695,32) size 1x0
                                        RenderText {#text} at (251,35) size 223x17
                                          text run at (251,35) width 223: "auf eine zuf\x{E4}llig ausgew\x{E4}hlte Seite."
                                    RenderTableRow {TR} at (0,771) size 725x53
                                      RenderTableCell {TD} at (0,771) size 725x53 [border: (1px solid #000000)] [r=12 c=0 rs=1 cs=1]
                                        RenderText {#text} at (309,1) size 107x17
                                          text run at (309,1) width 107: "08. August 2001"
                                        RenderBR {BR} at (415,15) size 1x0
                                        RenderText {#text} at (93,18) size 539x17
                                          text run at (93,18) width 465: "Ich schreibe gerade eine neue Version von dem Download Counter, bitte "
                                          text run at (557,18) width 75: "schreibt mir"
                                        RenderBR {BR} at (631,32) size 1x0
                                        RenderText {#text} at (184,35) size 357x17
                                          text run at (184,35) width 357: "ins Forum was Ihr da alles haben wollt, wer das benutzt!"
                                    RenderTableRow {TR} at (0,824) size 725x53
                                      RenderTableCell {TD} at (0,824) size 725x53 [border: (1px solid #000000)] [r=13 c=0 rs=1 cs=1]
                                        RenderText {#text} at (321,1) size 83x17
                                          text run at (321,1) width 83: "09. Juli 2001"
                                        RenderBR {BR} at (403,15) size 1x0
                                        RenderText {#text} at (12,18) size 701x34
                                          text run at (12,18) width 452: "eine kleiner Bug in der Topsites.cgi wurde behoben! Wer m\x{F6}chte kann "
                                          text run at (463,18) width 250: "sich die jetzige Zip runter laden und die"
                                          text run at (180,35) width 170: "topsites.cgi auktualisieren, "
                                          text run at (349,35) width 196: "mu\x{DF} aber nicht unbedingt sein!"
                                    RenderTableRow {TR} at (0,877) size 725x53
                                      RenderTableCell {TD} at (0,877) size 725x53 [border: (1px solid #000000)] [r=14 c=0 rs=1 cs=1]
                                        RenderText {#text} at (321,1) size 83x17
                                          text run at (321,1) width 83: "01. Juli 2001"
                                        RenderBR {BR} at (403,15) size 1x0
                                        RenderText {#text} at (80,18) size 565x17
                                          text run at (80,18) width 500: "Jetzt haben wir einen Support Forum, postet Eure Fragen da rein und versuche "
                                          text run at (579,18) width 66: "Sie alle zu"
                                        RenderBR {BR} at (644,32) size 1x0
                                        RenderText {#text} at (53,35) size 618x17
                                          text run at (53,35) width 394: "beantworten! Au\x{DF}erdem k\x{F6}nnt Ihr dort auch Eure Vorschl\x{E4}ge "
                                          text run at (446,35) width 225: "zu den einzelnen Scripten abgeben!"
                                    RenderTableRow {TR} at (0,930) size 725x53
                                      RenderTableCell {TD} at (0,930) size 725x53 [border: (1px solid #000000)] [r=15 c=0 rs=1 cs=1]
                                        RenderText {#text} at (321,1) size 83x17
                                          text run at (321,1) width 83: "01. Juli 2001"
                                        RenderBR {BR} at (403,15) size 1x0
                                        RenderText {#text} at (106,18) size 512x17
                                          text run at (106,18) width 487: "Und wieder eine neue Version von The Real Topsites ist online, die Version "
                                          text run at (592,18) width 26: "3.4!"
                                        RenderBR {BR} at (617,32) size 1x0
                                        RenderText {#text} at (142,35) size 440x17
                                          text run at (142,35) width 440: "Es gibt einige neue Funktionen und es wurde auch einiges verbessert!"
                                    RenderTableRow {TR} at (0,983) size 725x53
                                      RenderTableCell {TD} at (0,983) size 725x53 [border: (1px solid #000000)] [r=16 c=0 rs=1 cs=1]
                                        RenderText {#text} at (319,1) size 87x17
                                          text run at (319,1) width 87: "20. Juni 2001"
                                        RenderBR {BR} at (405,15) size 1x0
                                        RenderText {#text} at (122,18) size 481x17
                                          text run at (122,18) width 450: "unser Hoster hat ein paar kleine Probleme also sollte irgend was an der "
                                          text run at (571,18) width 32: "Seite"
                                        RenderBR {BR} at (602,32) size 1x0
                                        RenderText {#text} at (238,35) size 248x17
                                          text run at (238,35) width 248: "nicht gehen, einfach wieder versuchen!"
                                    RenderTableRow {TR} at (0,1036) size 725x87
                                      RenderTableCell {TD} at (0,1036) size 725x87 [border: (1px solid #000000)] [r=17 c=0 rs=1 cs=1]
                                        RenderText {#text} at (319,1) size 87x17
                                          text run at (319,1) width 87: "09. Juni 2001"
                                        RenderBR {BR} at (405,15) size 1x0
                                        RenderText {#text} at (83,18) size 559x17
                                          text run at (83,18) width 449: "Die neue Version (3.3) von The Real Topsites ist online, es gibt einige "
                                          text run at (531,18) width 111: "neue Funktionen "
                                        RenderBR {BR} at (641,32) size 1x0
                                        RenderText {#text} at (244,35) size 236x17
                                          text run at (244,35) width 236: "und es wurde auch einiges ver\x{E4}ndert!"
                                        RenderBR {BR} at (479,49) size 1x0
                                        RenderText {#text} at (232,52) size 261x17
                                          text run at (232,52) width 261: "Mehr Info unter \"Perl Scripte\" im Men\x{FC}. "
                                        RenderBR {BR} at (492,66) size 1x0
                                        RenderText {#text} at (149,69) size 427x17
                                          text run at (149,69) width 427: "P.S. den Umstieg auf die Version3.3 kann ich Euch nur empfehlen!"
                                    RenderTableRow {TR} at (0,1123) size 725x70
                                      RenderTableCell {TD} at (0,1123) size 725x70 [border: (1px solid #000000)] [r=18 c=0 rs=1 cs=1]
                                        RenderText {#text} at (319,1) size 87x17
                                          text run at (319,1) width 87: "04. Juni 2001"
                                        RenderBR {BR} at (405,15) size 1x0
                                        RenderText {#text} at (132,18) size 460x17
                                          text run at (132,18) width 460: "Ein kleiner Bug bei Topsites Script wurde gefunden und sofort behoben!"
                                        RenderBR {BR} at (591,32) size 1x0
                                        RenderText {#text} at (139,35) size 447x17
                                          text run at (139,35) width 447: "Bug: es wurde immer wieder die selbe Site Of The Moment angezeigt!"
                                        RenderBR {BR} at (585,49) size 1x0
                                        RenderText {#text} at (142,52) size 440x17
                                          text run at (142,52) width 435: "Ladet Euch die jetzige Version runter und ersetzt nur die topsites.cgi "
                                          text run at (576,52) width 6: "!"
                                    RenderTableRow {TR} at (0,1193) size 725x53
                                      RenderTableCell {TD} at (0,1193) size 725x53 [border: (1px solid #000000)] [r=19 c=0 rs=1 cs=1]
                                        RenderText {#text} at (319,1) size 87x17
                                          text run at (319,1) width 87: "01. Juni 2001"
                                        RenderBR {BR} at (405,15) size 1x0
                                        RenderText {#text} at (209,18) size 307x17
                                          text run at (209,18) width 307: "Ein neues Script ist online! G5-ICQ Newsletter. "
                                        RenderBR {BR} at (515,32) size 1x0
                                        RenderText {#text} at (234,35) size 257x17
                                          text run at (234,35) width 257: "Mehr Info unter \"Perl Scripte\" im Men\x{FC}."
                                    RenderTableRow {TR} at (0,1246) size 725x53
                                      RenderTableCell {TD} at (0,1246) size 725x53 [border: (1px solid #000000)] [r=20 c=0 rs=1 cs=1]
                                        RenderText {#text} at (319,1) size 86x17
                                          text run at (319,1) width 86: "31. Mai 2001"
                                        RenderBR {BR} at (404,15) size 1x0
                                        RenderText {#text} at (154,18) size 416x17
                                          text run at (154,18) width 416: "Ich habe einen ICQ-Newsletter Script installiert, unter dem Men\x{FC}."
                                        RenderBR {BR} at (569,32) size 1x0
                                        RenderText {#text} at (174,35) size 377x17
                                          text run at (174,35) width 377: "Tragt Euch ein, dann seit Ihr immer auf dem neusten Stand!"
                                    RenderTableRow {TR} at (0,1299) size 725x36
                                      RenderTableCell {TD} at (0,1299) size 725x36 [border: (1px solid #000000)] [r=21 c=0 rs=1 cs=1]
                                        RenderText {#text} at (319,1) size 86x17
                                          text run at (319,1) width 86: "26. Mai 2001"
                                        RenderBR {BR} at (404,15) size 1x0
                                        RenderText {#text} at (255,18) size 214x17
                                          text run at (255,18) width 214: "The Real Topsites v3.0 ist online!"
                                    RenderTableRow {TR} at (0,1335) size 725x53
                                      RenderTableCell {TD} at (0,1335) size 725x53 [border: (1px solid #000000)] [r=22 c=0 rs=1 cs=1]
                                        RenderText {#text} at (319,1) size 86x17
                                          text run at (319,1) width 86: "25. Mai 2001"
                                        RenderBR {BR} at (404,15) size 1x0
                                        RenderText {#text} at (200,18) size 325x17
                                          text run at (200,18) width 325: "Ein neues Script ist online! G5-Download Counter."
                                        RenderBR {BR} at (524,32) size 1x0
                                        RenderText {#text} at (234,35) size 257x17
                                          text run at (234,35) width 257: "Mehr Info unter \"Perl Scripte\" im Men\x{FC}."
                                    RenderTableRow {TR} at (0,1388) size 725x87
                                      RenderTableCell {TD} at (0,1388) size 725x87 [border: (1px solid #000000)] [r=23 c=0 rs=1 cs=1]
                                        RenderText {#text} at (319,1) size 86x17
                                          text run at (319,1) width 86: "24. Mai 2001"
                                        RenderBR {BR} at (404,15) size 1x0
                                        RenderText {#text} at (113,18) size 499x17
                                          text run at (113,18) width 425: "Ich habe es mir sehr lange \x{FC}berlegt, die Entscheidung war wirklich "
                                          text run at (537,18) width 75: "nicht leicht!"
                                        RenderBR {BR} at (611,32) size 1x0
                                        RenderText {#text} at (86,35) size 553x17
                                          text run at (86,35) width 404: "Ich habe mich entschieden den Script \"The Real Topsites\" zum "
                                          text run at (489,35) width 150: "Download freizugeben."
                                        RenderBR {BR} at (638,49) size 1x0
                                        RenderText {#text} at (217,52) size 290x17
                                          text run at (217,52) width 290: "Ihr k\x{F6}nnt es Euch jetzt kostenlos runter laden!"
                                        RenderBR {BR} at (506,66) size 1x0
                                        RenderText {#text} at (308,69) size 108x17
                                          text run at (308,69) width 108: "Viel Spa\x{DF} damit!"
                                    RenderTableRow {TR} at (0,1475) size 725x53
                                      RenderTableCell {TD} at (0,1475) size 725x53 [border: (1px solid #000000)] [r=24 c=0 rs=1 cs=1]
                                        RenderText {#text} at (319,1) size 86x17
                                          text run at (319,1) width 86: "13. Mai 2001"
                                        RenderBR {BR} at (404,15) size 1x0
                                        RenderText {#text} at (7,18) size 711x34
                                          text run at (7,18) width 467: "Es gab nur eine kleine Ver\x{E4}nderung bei G5-Sponsor-Manager, man kann "
                                          text run at (473,18) width 245: "den Script jetzt auch via Java aufrufen,"
                                          text run at (51,35) width 188: "so das Euer Server jetzt nicht "
                                          text run at (238,35) width 365: "unbedingt SSI unterst\x{FC}tzen mu\x{DF} um den Script ausf\x{FC}hren "
                                          text run at (602,35) width 72: "zu k\x{F6}nnen!"
                                    RenderTableRow {TR} at (0,1528) size 725x53
                                      RenderTableCell {TD} at (0,1528) size 725x53 [border: (1px solid #000000)] [r=25 c=0 rs=1 cs=1]
                                        RenderText {#text} at (315,1) size 94x17
                                          text run at (315,1) width 94: "22. April 2001"
                                        RenderBR {BR} at (408,15) size 1x0
                                        RenderText {#text} at (204,18) size 316x17
                                          text run at (204,18) width 316: "Ein neues Script ist online! G5-Sponsor-Manager."
                                        RenderBR {BR} at (519,32) size 1x0
                                        RenderText {#text} at (234,35) size 257x17
                                          text run at (234,35) width 257: "Mehr Info unter \"Perl Scripte\" im Men\x{FC}."
                                    RenderTableRow {TR} at (0,1581) size 725x70
                                      RenderTableCell {TD} at (0,1581) size 725x70 [border: (1px solid #000000)] [r=26 c=0 rs=1 cs=1]
                                        RenderText {#text} at (315,1) size 94x17
                                          text run at (315,1) width 94: "20. April 2001"
                                        RenderBR {BR} at (408,15) size 1x0
                                        RenderText {#text} at (188,18) size 348x17
                                          text run at (188,18) width 348: "Auf einige Anfragen habe ich eine Demonstration von "
                                        RenderBR {BR} at (535,32) size 1x0
                                        RenderText {#text} at (201,35) size 322x17
                                          text run at (201,35) width 322: "\"The Real Topsites\" (Toplist Script) ver\x{F6}ffentlicht!"
                                        RenderBR {BR} at (522,49) size 1x0
                                        RenderText {#text} at (234,52) size 257x17
                                          text run at (234,52) width 257: "Mehr Info unter \"Perl Scripte\" im Men\x{FC}."
                                    RenderTableRow {TR} at (0,1651) size 725x36
                                      RenderTableCell {TD} at (0,1651) size 725x36 [border: (1px solid #000000)] [r=27 c=0 rs=1 cs=1]
                                        RenderText {#text} at (315,1) size 94x17
                                          text run at (315,1) width 94: "13. M\x{E4}rz 2001"
                                        RenderBR {BR} at (408,15) size 1x0
                                        RenderText {#text} at (219,18) size 286x17
                                          text run at (219,18) width 286: "An diesem Tag ging die G5-Script.de online!"
                                    RenderTableRow {TR} at (0,1687) size 725x19
                                      RenderTableCell {TD} at (0,1687) size 725x19 [border: (1px solid #000000)] [r=28 c=0 rs=1 cs=1]
                                        RenderText {#text} at (360,1) size 5x17
                                          text run at (360,1) width 5: " "
                                RenderBlock (anonymous) at (0,1725) size 765x17
                                  RenderBR {BR} at (382,0) size 1x17
