layer at (0,0) size 800x600
  RenderView at (0,0) size 800x600
layer at (0,0) size 800x600
  RenderBlock {HTML} at (0,0) size 800x600
    RenderBody {BODY} at (8,8) size 784x584
      RenderBlock {P} at (0,0) size 784x17
        RenderInline {B} at (0,0) size 380x17
          RenderText {#text} at (0,0) size 380x17
            text run at (0,0) width 380: "(1) Colspanning TD has fixed width equal to table width"
      RenderTable {TABLE} at (0,33) size 340x40 [bgcolor=#FFFFCC] [border: (1px outset #808080)]
        RenderTableSection {TBODY} at (1,1) size 338x38
          RenderTableRow {TR} at (0,0) size 338x19
            RenderTableCell {TD} at (0,0) size 339x19 [border: (1px inset #808080)] [r=0 c=0 rs=1 cs=2]
              RenderText {#text} at (1,1) size 166x17
                text run at (1,1) width 166: "width=340 (same as table)"
          RenderTableRow {TR} at (0,19) size 338x19
            RenderTableCell {TD} at (0,19) size 82x19 [border: (1px inset #808080)] [r=1 c=0 rs=1 cs=1]
              RenderText {#text} at (1,1) size 69x17
                text run at (1,1) width 69: "Search for:"
            RenderTableCell {TD} at (81,19) size 258x19 [border: (1px inset #808080)] [r=1 c=1 rs=1 cs=1]
              RenderText {#text} at (1,1) size 221x17
                text run at (1,1) width 221: "foo bar baz foo bar baz foo bar baz"
      RenderBlock {P} at (0,89) size 784x17
        RenderInline {B} at (0,0) size 239x17
          RenderText {#text} at (0,0) size 239x17
            text run at (0,0) width 239: "(2) Colspanning TD has auto width"
      RenderTable {TABLE} at (0,122) size 340x40 [bgcolor=#FFFFCC] [border: (1px outset #808080)]
        RenderTableSection {TBODY} at (1,1) size 338x38
          RenderTableRow {TR} at (0,0) size 338x19
            RenderTableCell {TD} at (0,0) size 339x19 [border: (1px inset #808080)] [r=0 c=0 rs=1 cs=2]
              RenderText {#text} at (1,1) size 111x17
                text run at (1,1) width 111: "no width attribute"
          RenderTableRow {TR} at (0,19) size 338x19
            RenderTableCell {TD} at (0,19) size 82x19 [border: (1px inset #808080)] [r=1 c=0 rs=1 cs=1]
              RenderText {#text} at (1,1) size 69x17
                text run at (1,1) width 69: "Search for:"
            RenderTableCell {TD} at (81,19) size 258x19 [border: (1px inset #808080)] [r=1 c=1 rs=1 cs=1]
              RenderText {#text} at (1,1) size 221x17
                text run at (1,1) width 221: "foo bar baz foo bar baz foo bar baz"
      RenderBlock {P} at (0,178) size 784x17
        RenderInline {B} at (0,0) size 255x17
          RenderText {#text} at (0,0) size 255x17
            text run at (0,0) width 255: "(3) Colspanning TD has width=100px"
      RenderTable {TABLE} at (0,211) size 340x40 [bgcolor=#FFFFCC] [border: (1px outset #808080)]
        RenderTableSection {TBODY} at (1,1) size 338x38
          RenderTableRow {TR} at (0,0) size 338x19
            RenderTableCell {TD} at (0,0) size 339x19 [border: (1px inset #808080)] [r=0 c=0 rs=1 cs=2]
              RenderText {#text} at (1,1) size 85x17
                text run at (1,1) width 85: "width=100px"
          RenderTableRow {TR} at (0,19) size 338x19
            RenderTableCell {TD} at (0,19) size 82x19 [border: (1px inset #808080)] [r=1 c=0 rs=1 cs=1]
              RenderText {#text} at (1,1) size 69x17
                text run at (1,1) width 69: "Search for:"
            RenderTableCell {TD} at (81,19) size 258x19 [border: (1px inset #808080)] [r=1 c=1 rs=1 cs=1]
              RenderText {#text} at (1,1) size 221x17
                text run at (1,1) width 221: "foo bar baz foo bar baz foo bar baz"
      RenderBlock {P} at (0,267) size 784x17
        RenderInline {B} at (0,0) size 255x17
          RenderText {#text} at (0,0) size 255x17
            text run at (0,0) width 255: "(4) Colspanning TD has width=200px"
      RenderTable {TABLE} at (0,300) size 340x40 [bgcolor=#FFFFCC] [border: (1px outset #808080)]
        RenderTableSection {TBODY} at (1,1) size 338x38
          RenderTableRow {TR} at (0,0) size 338x19
            RenderTableCell {TD} at (0,0) size 339x19 [border: (1px inset #808080)] [r=0 c=0 rs=1 cs=2]
              RenderText {#text} at (1,1) size 85x17
                text run at (1,1) width 85: "width=200px"
          RenderTableRow {TR} at (0,19) size 338x19
            RenderTableCell {TD} at (0,19) size 82x19 [border: (1px inset #808080)] [r=1 c=0 rs=1 cs=1]
              RenderText {#text} at (1,1) size 69x17
                text run at (1,1) width 69: "Search for:"
            RenderTableCell {TD} at (81,19) size 258x19 [border: (1px inset #808080)] [r=1 c=1 rs=1 cs=1]
              RenderText {#text} at (1,1) size 221x17
                text run at (1,1) width 221: "foo bar baz foo bar baz foo bar baz"
      RenderBlock {P} at (0,356) size 784x17
        RenderInline {B} at (0,0) size 254x17
          RenderText {#text} at (0,0) size 254x17
            text run at (0,0) width 254: "(5) Colspanning TD has width=100%"
      RenderTable {TABLE} at (0,389) size 340x40 [bgcolor=#FFFFCC] [border: (1px outset #808080)]
        RenderTableSection {TBODY} at (1,1) size 338x38
          RenderTableRow {TR} at (0,0) size 338x19
            RenderTableCell {TD} at (0,0) size 339x19 [border: (1px inset #808080)] [r=0 c=0 rs=1 cs=2]
              RenderText {#text} at (1,1) size 82x17
                text run at (1,1) width 82: "width=100%"
          RenderTableRow {TR} at (0,19) size 338x19
            RenderTableCell {TD} at (0,19) size 82x19 [border: (1px inset #808080)] [r=1 c=0 rs=1 cs=1]
              RenderText {#text} at (1,1) size 69x17
                text run at (1,1) width 69: "Search for:"
            RenderTableCell {TD} at (81,19) size 258x19 [border: (1px inset #808080)] [r=1 c=1 rs=1 cs=1]
              RenderText {#text} at (1,1) size 221x17
                text run at (1,1) width 221: "foo bar baz foo bar baz foo bar baz"
