layer at (0,0) size 800x600
  RenderView at (0,0) size 800x600
layer at (0,0) size 800x600
  RenderBlock {HTML} at (0,0) size 800x600
    RenderBody {BODY} at (8,8) size 784x584
      RenderTable {TABLE} at (0,0) size 400x135 [border: (1px solid #FF0000)]
        RenderTableSection {TBODY} at (1,1) size 398x133
          RenderTableRow {TR} at (0,2) size 398x21
            RenderTableCell {TD} at (2,2) size 304x21 [border: (1px solid #0000FF)] [r=0 c=0 rs=1 cs=1]
              RenderText {#text} at (2,2) size 229x17
                text run at (2,2) width 229: "What's New on WebDeveloper.com"
            RenderTableCell {TD} at (308,2) size 88x21 [border: (1px solid #0000FF)] [r=0 c=1 rs=1 cs=1]
              RenderText {#text} at (2,2) size 32x17
                text run at (2,2) width 32: "umm"
          RenderTableRow {TR} at (0,25) size 398x106
            RenderTableCell {TD} at (2,59) size 304x38 [border: (1px solid #008000)] [r=1 c=0 rs=1 cs=1]
              RenderText {#text} at (2,2) size 275x34
                text run at (2,2) width 275: "blah blah blah blah blah blah blah blah blah"
                text run at (2,19) width 89: "blah blah blah"
            RenderTableCell {TD} at (308,25) size 88x106 [border: (1px solid #008000)] [r=1 c=1 rs=1 cs=1]
              RenderText {#text} at (2,2) size 58x102
                text run at (2,2) width 58: "blah blah"
                text run at (2,19) width 58: "blah blah"
                text run at (2,36) width 58: "blah blah"
                text run at (2,53) width 58: "blah blah"
                text run at (2,70) width 58: "blah blah"
                text run at (2,87) width 58: "blah blah"
