layer at (0,0) size 800x600
  RenderView at (0,0) size 800x600
layer at (0,0) size 800x600
  RenderBlock {HTML} at (0,0) size 800x600
    RenderBody {BODY} at (0,0) size 800x600
      RenderTable {TABLE} at (0,0) size 113x34 [bgcolor=#0000FF]
        RenderTableSection {TBODY} at (0,0) size 113x34
          RenderTableRow {TR} at (0,0) size 113x34
            RenderTableCell {TD} at (0,0) size 113x34 [r=0 c=0 rs=1 cs=1]
              RenderText {#text} at (0,0) size 66x17
                text run at (0,0) width 66: "Left Table"
              RenderBR {BR} at (66,14) size 0x0
              RenderText {#text} at (0,17) size 113x17
                text run at (0,17) width 113: "ALIGN=\"LEFT\""
              RenderBR {BR} at (113,31) size 0x0
      RenderTable {TABLE} at (113,0) size 113x34 [bgcolor=#0000FF]
        RenderTableSection {TBODY} at (0,0) size 113x34
          RenderTableRow {TR} at (0,0) size 113x34
            RenderTableCell {TD} at (0,0) size 113x34 [r=0 c=0 rs=1 cs=1]
              RenderText {#text} at (0,0) size 82x17
                text run at (0,0) width 82: "Center Table"
              RenderBR {BR} at (82,14) size 0x0
              RenderText {#text} at (0,17) size 113x17
                text run at (0,17) width 113: "ALIGN=\"LEFT\""
              RenderBR {BR} at (113,31) size 0x0
      RenderTable {TABLE} at (226,0) size 113x34 [bgcolor=#0000FF]
        RenderTableSection {TBODY} at (0,0) size 113x34
          RenderTableRow {TR} at (0,0) size 113x34
            RenderTableCell {TD} at (0,0) size 113x34 [r=0 c=0 rs=1 cs=1]
              RenderText {#text} at (0,0) size 75x17
                text run at (0,0) width 75: "Right Table"
              RenderBR {BR} at (75,14) size 0x0
              RenderText {#text} at (0,17) size 113x17
                text run at (0,17) width 113: "ALIGN=\"LEFT\""
              RenderBR {BR} at (113,31) size 0x0
      RenderBR {BR} at (339,0) size 0x17
      RenderBR {BR} at (0,34) size 0x17
      RenderText {#text} at (0,51) size 487x17
        text run at (0,51) width 487: "The three tables above should abut each other. (in NN3/4 and IE4/5 they do)."
