layer at (0,0) size 800x600
  RenderView at (0,0) size 800x600
layer at (0,0) size 800x207
  RenderBlock {HTML} at (0,0) size 800x207
    RenderBody {BODY} at (8,8) size 784x191
      RenderTable {TABLE} at (0,0) size 400x191 [border: (1px outset #808080)]
        RenderBlock {CAPTION} at (0,0) size 400x17
          RenderText {#text} at (47,0) size 306x17
            text run at (47,0) width 306: "Table is 400 px width, set with table width=400."
        RenderTableCol {COLGROUP} at (0,0) size 0x0
          RenderTableCol {COL} at (0,0) size 0x0
          RenderTableCol {COL} at (0,0) size 0x0
          RenderTableCol {COL} at (0,0) size 0x0
        RenderTableSection {TBODY} at (1,18) size 398x172
          RenderTableRow {TR} at (0,0) size 398x172
            RenderTableCell {TD} at (0,0) size 398x172 [border: (1px inset #808080)] [r=0 c=0 rs=1 cs=3]
              RenderText {#text} at (1,1) size 395x170
                text run at (1,1) width 304: "table Cols 1 - 3. There must be a lot of text here "
                text run at (305,1) width 89: "in order to see"
                text run at (1,18) width 200: "the bug. table Cols 1 - 3. There "
                text run at (201,18) width 171: "must be a lot of text here in"
                text run at (1,35) width 132: "order to see the bug. "
                text run at (133,35) width 242: "table Cols 1 - 3. There must be a lot of"
                text run at (1,52) width 58: "text here "
                text run at (59,52) width 293: "in order to see the bug. table Cols 1 - 3. There "
                text run at (352,52) width 30: "must"
                text run at (1,69) width 273: "be a lot of text here in order to see the bug. "
                text run at (274,69) width 100: "table Cols 1 - 3."
                text run at (1,86) width 200: "There must be a lot of text here "
                text run at (201,86) width 178: "in order to see the bug. table"
                text run at (1,103) width 111: "Cols 1 - 3. There "
                text run at (112,103) width 271: "must be a lot of text here in order to see the"
                text run at (1,120) width 32: "bug. "
                text run at (33,120) width 304: "table Cols 1 - 3. There must be a lot of text here "
                text run at (337,120) width 49: "in order"
                text run at (1,137) width 240: "to see the bug. table Cols 1 - 3. There "
                text run at (241,137) width 155: "must be a lot of text here"
                text run at (1,154) width 144: "in order to see the bug."
