layer at (0,0) size 785x1080
  RenderView at (0,0) size 785x600
layer at (0,0) size 785x1080
  RenderBlock {HTML} at (0,0) size 785x1080
    RenderBody {BODY} at (8,8) size 769x1064
      RenderBlock {P} at (0,0) size 769x34
        RenderText {#text} at (0,0) size 747x34
          text run at (0,0) width 382: "The table below should have the same width as the red DIV "
          text run at (382,0) width 365: "below this paragraph. The inner image should just fit. The"
          text run at (0,17) width 42: "image "
        RenderInline {EM} at (0,0) size 66x17
          RenderText {#text} at (42,17) size 66x17
            text run at (42,17) width 66: "should not"
        RenderText {#text} at (108,17) size 131x17
          text run at (108,17) width 131: " overrun the borders."
      RenderBlock {DIV} at (0,50) size 610x2 [border: (1px solid #FF0000)]
      RenderTable {TABLE} at (0,68) size 608x381 [border: (1px dotted #000080)]
        RenderTableSection {TBODY} at (1,1) size 606x379
          RenderTableRow {TR} at (0,2) size 606x21
            RenderTableCell {TD} at (2,2) size 149x21 [border: (1px solid #008000)] [r=0 c=0 rs=1 cs=1]
              RenderText {#text} at (2,2) size 7x17
                text run at (2,2) width 7: "a"
            RenderTableCell {TD} at (153,2) size 149x21 [border: (1px solid #008000)] [r=0 c=1 rs=1 cs=1]
              RenderText {#text} at (2,2) size 8x17
                text run at (2,2) width 8: "b"
            RenderTableCell {TD} at (304,2) size 149x21 [border: (1px solid #008000)] [r=0 c=2 rs=1 cs=1]
              RenderText {#text} at (2,2) size 7x17
                text run at (2,2) width 7: "c"
            RenderTableCell {TD} at (455,2) size 149x21 [border: (1px solid #008000)] [r=0 c=3 rs=1 cs=1]
              RenderText {#text} at (2,2) size 8x17
                text run at (2,2) width 8: "d"
          RenderTableRow {TR} at (0,25) size 606x21
            RenderTableCell {TD} at (2,25) size 300x21 [border: (1px solid #008000)] [r=1 c=0 rs=1 cs=2]
              RenderText {#text} at (2,2) size 21x17
                text run at (2,2) width 21: "eee"
            RenderTableCell {TD} at (304,25) size 300x21 [border: (1px solid #008000)] [r=1 c=2 rs=1 cs=2]
              RenderText {#text} at (2,2) size 5x17
                text run at (2,2) width 5: "f"
          RenderTableRow {TR} at (0,48) size 606x329
            RenderTableCell {TD} at (2,48) size 602x329 [border: (1px solid #008000)] [r=2 c=0 rs=1 cs=4]
              RenderImage {IMG} at (2,2) size 593x325
              RenderText {#text} at (0,0) size 0x0
      RenderBlock {DIV} at (0,465) size 610x2 [border: (1px solid #FF0000)]
      RenderBlock {P} at (0,483) size 769x17
        RenderText {#text} at (0,0) size 390x17
          text run at (0,0) width 390: "Mozilla makes the table way too small for no apparent reason."
      RenderBlock {P} at (0,516) size 769x17
        RenderText {#text} at (0,0) size 248x17
          text run at (0,0) width 248: "Here is the same table, one pixel wider:"
      RenderTable {TABLE} at (0,549) size 609x381 [border: (1px dotted #000080)]
        RenderTableSection {TBODY} at (1,1) size 607x379
          RenderTableRow {TR} at (0,2) size 607x21
            RenderTableCell {TD} at (2,2) size 150x21 [border: (1px solid #008000)] [r=0 c=0 rs=1 cs=1]
              RenderText {#text} at (2,2) size 7x17
                text run at (2,2) width 7: "a"
            RenderTableCell {TD} at (153,2) size 150x21 [border: (1px solid #008000)] [r=0 c=1 rs=1 cs=1]
              RenderText {#text} at (2,2) size 8x17
                text run at (2,2) width 8: "b"
            RenderTableCell {TD} at (304,2) size 150x21 [border: (1px solid #008000)] [r=0 c=2 rs=1 cs=1]
              RenderText {#text} at (2,2) size 7x17
                text run at (2,2) width 7: "c"
            RenderTableCell {TD} at (455,2) size 150x21 [border: (1px solid #008000)] [r=0 c=3 rs=1 cs=1]
              RenderText {#text} at (2,2) size 8x17
                text run at (2,2) width 8: "d"
          RenderTableRow {TR} at (0,25) size 607x21
            RenderTableCell {TD} at (2,25) size 301x21 [border: (1px solid #008000)] [r=1 c=0 rs=1 cs=2]
              RenderText {#text} at (2,2) size 21x17
                text run at (2,2) width 21: "eee"
            RenderTableCell {TD} at (304,25) size 301x21 [border: (1px solid #008000)] [r=1 c=2 rs=1 cs=2]
              RenderText {#text} at (2,2) size 5x17
                text run at (2,2) width 5: "f"
          RenderTableRow {TR} at (0,48) size 607x329
            RenderTableCell {TD} at (2,48) size 603x329 [border: (1px solid #008000)] [r=2 c=0 rs=1 cs=4]
              RenderImage {IMG} at (2,2) size 593x325
              RenderText {#text} at (0,0) size 0x0
      RenderBlock {P} at (0,946) size 769x34
        RenderText {#text} at (0,0) size 758x34
          text run at (0,0) width 541: "Observations: Fiddle about with the content of the \"eee\" cell and everything changes. "
          text run at (541,0) width 217: "Remove any of the three rows and"
          text run at (0,17) width 333: "things change. Remove any of the four columns and "
          text run at (333,17) width 335: "things change. Remove the image and things change."
      RenderBlock {P} at (0,996) size 769x17
        RenderText {#text} at (0,0) size 596x17
          text run at (0,0) width 494: "(Note: If the image has disappeared from the server, replace it with any 593px "
          text run at (494,0) width 102: "image you like.)"
      RenderBlock {P} at (0,1029) size 769x17
        RenderText {#text} at (0,0) size 56x17
          text run at (0,0) width 56: "See also "
        RenderInline {A} at (0,0) size 98x17 [color=#0000EE]
          RenderText {#text} at (56,0) size 98x17
            text run at (56,0) width 98: "tablewidth.html"
        RenderText {#text} at (154,0) size 4x17
          text run at (154,0) width 4: "."
      RenderBlock {HR} at (0,1062) size 769x2 [border: (1px inset #000000)]
