layer at (0,0) size 800x600
  RenderView at (0,0) size 800x600
layer at (0,0) size 800x600
  RenderBlock {HTML} at (0,0) size 800x600
    RenderBody {BODY} at (8,8) size 784x584
      RenderTable {TABLE} at (0,0) size 85x102 [border: (1px outset #808080)]
        RenderTableSection {TBODY} at (1,1) size 83x100
          RenderTableRow {TR} at (0,2) size 83x22
            RenderTableCell {TD} at (2,2) size 79x22 [border: (1px inset #808080)] [r=0 c=0 rs=1 cs=1]
              RenderBlock {HR} at (3,10) size 73x2 [border: (1px inset #000000)]
          RenderTableRow {TR} at (0,26) size 83x72
            RenderTableCell {TD} at (2,26) size 79x72 [border: (1px inset #808080)] [r=1 c=0 rs=1 cs=1]
              RenderText {#text} at (2,2) size 68x68
                text run at (2,2) width 68: "this should"
                text run at (2,19) width 32: "wrap"
                text run at (2,36) width 66: "within this"
                text run at (2,53) width 22: "TD"
      RenderBlock (anonymous) at (0,102) size 784x17
        RenderBR {BR} at (0,0) size 0x17
      RenderTable {TABLE} at (0,119) size 92x85 [border: (1px outset #808080)]
        RenderTableSection {TBODY} at (1,1) size 90x83
          RenderTableRow {TR} at (0,2) size 90x22
            RenderTableCell {TD} at (2,2) size 86x22 [border: (1px inset #808080)] [r=0 c=0 rs=1 cs=1]
              RenderBlock {HR} at (2,10) size 82x2 [border: (1px inset #000000)]
          RenderTableRow {TR} at (0,26) size 90x55
            RenderTableCell {TD} at (2,26) size 86x55 [border: (1px inset #808080)] [r=1 c=0 rs=1 cs=1]
              RenderText {#text} at (2,2) size 76x51
                text run at (2,2) width 68: "this should"
                text run at (2,19) width 76: "wrap within"
                text run at (2,36) width 48: "this TD"
