layer at (0,0) size 800x600
  RenderView at (0,0) size 800x600
layer at (0,0) size 800x234
  RenderBlock {HTML} at (0,0) size 800x234
    RenderBody {BODY} at (8,8) size 784x218
      RenderBlock (anonymous) at (0,0) size 784x34
        RenderText {#text} at (0,0) size 39x17
          text run at (0,0) width 39: "BAD:"
        RenderBR {BR} at (39,0) size 0x17
        RenderBR {BR} at (0,17) size 0x17
      RenderBlock {CENTER} at (0,34) size 784x58
        RenderTable {TABLE} at (0,0) size 784x58 [border: (5px outset #808080)]
          RenderTableSection {TBODY} at (5,5) size 774x48
            RenderTableRow {TR} at (0,2) size 774x21
              RenderTableCell {TD} at (2,2) size 770x21 [border: (1px inset #808080)] [r=0 c=0 rs=1 cs=1]
                RenderText {#text} at (2,2) size 27x17
                  text run at (2,2) width 27: "One"
            RenderTableRow {TR} at (0,25) size 774x21
              RenderTableCell {TD} at (2,25) size 770x21 [border: (1px inset #808080)] [r=1 c=0 rs=1 cs=1]
                RenderText {#text} at (2,2) size 30x17
                  text run at (2,2) width 30: "Two"
      RenderBlock (anonymous) at (0,92) size 784x68
        RenderBR {BR} at (0,0) size 0x17
        RenderBR {BR} at (0,17) size 0x17
        RenderText {#text} at (0,34) size 52x17
          text run at (0,34) width 52: "GOOD:"
        RenderBR {BR} at (52,34) size 0x17
        RenderBR {BR} at (0,51) size 0x17
      RenderBlock {CENTER} at (0,160) size 784x58
        RenderTable {TABLE} at (0,0) size 784x58 [border: (5px outset #808080)]
          RenderTableSection {TBODY} at (5,5) size 774x48
            RenderTableRow {TR} at (0,2) size 774x21
              RenderTableCell {TD} at (2,2) size 770x21 [border: (1px inset #808080)] [r=0 c=0 rs=1 cs=1]
                RenderText {#text} at (2,2) size 27x17
                  text run at (2,2) width 27: "One"
            RenderTableRow {TR} at (0,25) size 774x21
              RenderTableCell {TD} at (2,25) size 770x21 [border: (1px inset #808080)] [r=1 c=0 rs=1 cs=1]
                RenderText {#text} at (2,2) size 30x17
                  text run at (2,2) width 30: "Two"
