layer at (0,0) size 800x600
  RenderView at (0,0) size 800x600
layer at (0,0) size 800x600
  RenderBlock {HTML} at (0,0) size 800x600
    RenderBody {BODY} at (8,8) size 784x584
      RenderBlock (anonymous) at (0,0) size 784x17
        RenderText {#text} at (0,0) size 233x17
          text run at (0,0) width 233: "table - color, tbodies color, row color"
      RenderTable {TABLE} at (0,17) size 187x305 [bgcolor=#FFA500] [border: (1px outset #808080)]
        RenderTableSection {TBODY} at (41,41) size 105x162 [bgcolor=#FF0000]
          RenderTableRow {TR} at (0,40) size 105x21 [bgcolor=#FFFF00]
            RenderTableCell {TD} at (40,40) size 25x21 [border: (1px inset #808080)] [r=0 c=0 rs=1 cs=1]
              RenderText {#text} at (2,2) size 21x17
                text run at (2,2) width 21: "foo"
          RenderTableRow {TR} at (0,101) size 105x21
            RenderTableCell {TD} at (40,101) size 25x21 [border: (1px inset #808080)] [r=1 c=0 rs=1 cs=1]
              RenderText {#text} at (2,2) size 21x17
                text run at (2,2) width 21: "foo"
        RenderTableSection {TBODY} at (41,203) size 105x61 [bgcolor=#008000]
          RenderTableRow {TR} at (0,0) size 105x21
            RenderTableCell {TD} at (40,0) size 25x21 [border: (1px inset #808080)] [r=0 c=0 rs=1 cs=1]
              RenderText {#text} at (2,2) size 21x17
                text run at (2,2) width 21: "foo"
