layer at (0,0) size 800x600
  RenderView at (0,0) size 800x600
layer at (0,0) size 800x237
  RenderBlock {HTML} at (0,0) size 800x237
    RenderBody {BODY} at (8,8) size 784x221 [bgcolor=#FFFFFF]
      RenderTable {TABLE} at (0,0) size 53x221
        RenderTableSection {TBODY} at (0,0) size 53x221
          RenderTableRow {TR} at (0,1) size 53x19
            RenderTableCell {TD} at (1,1) size 51x19 [color=#0000FF] [bgcolor=#CCCCCC] [r=0 c=0 rs=1 cs=1]
              RenderText {#text} at (1,1) size 41x17
                text run at (1,1) width 41: "Line 1"
          RenderTableRow {TR} at (0,21) size 53x19
            RenderTableCell {TD} at (1,21) size 51x19 [color=#0000FF] [bgcolor=#CCCCCC] [r=1 c=0 rs=1 cs=1]
              RenderText {#text} at (1,1) size 41x17
                text run at (1,1) width 41: "Line 2"
          RenderTableRow {TR} at (0,41) size 53x19
            RenderTableCell {TD} at (1,41) size 51x19 [color=#0000FF] [bgcolor=#CCCCCC] [r=2 c=0 rs=1 cs=1]
              RenderText {#text} at (1,1) size 41x17
                text run at (1,1) width 41: "Line 3"
          RenderTableRow {TR} at (0,61) size 53x19
            RenderTableCell {TD} at (1,61) size 51x19 [color=#0000FF] [bgcolor=#CCCCCC] [r=3 c=0 rs=1 cs=1]
              RenderText {#text} at (1,1) size 41x17
                text run at (1,1) width 41: "Line 4"
          RenderTableRow {TR} at (0,81) size 53x19
            RenderTableCell {TD} at (1,81) size 51x19 [color=#0000FF] [bgcolor=#CCCCCC] [r=4 c=0 rs=1 cs=1]
              RenderText {#text} at (1,1) size 41x17
                text run at (1,1) width 41: "Line 5"
          RenderTableRow {TR} at (0,101) size 53x19
            RenderTableCell {TD} at (1,101) size 51x19 [color=#0000FF] [bgcolor=#CCCCCC] [r=5 c=0 rs=1 cs=1]
              RenderText {#text} at (1,1) size 41x17
                text run at (1,1) width 41: "Line 6"
          RenderTableRow {TR} at (0,121) size 53x19
            RenderTableCell {TD} at (1,121) size 51x19 [color=#0000FF] [bgcolor=#CCCCCC] [r=6 c=0 rs=1 cs=1]
              RenderText {#text} at (1,1) size 41x17
                text run at (1,1) width 41: "Line 7"
          RenderTableRow {TR} at (0,141) size 53x19
            RenderTableCell {TD} at (1,141) size 51x19 [color=#0000FF] [bgcolor=#CCCCCC] [r=7 c=0 rs=1 cs=1]
              RenderText {#text} at (1,1) size 41x17
                text run at (1,1) width 41: "Line 8"
          RenderTableRow {TR} at (0,161) size 53x19
            RenderTableCell {TD} at (1,161) size 51x19 [color=#0000FF] [bgcolor=#CCCCCC] [r=8 c=0 rs=1 cs=1]
              RenderText {#text} at (1,1) size 41x17
                text run at (1,1) width 41: "Line 9"
          RenderTableRow {TR} at (0,181) size 53x19
            RenderTableCell {TD} at (1,181) size 51x19 [color=#0000FF] [bgcolor=#CCCCCC] [r=9 c=0 rs=1 cs=1]
              RenderText {#text} at (1,1) size 49x17
                text run at (1,1) width 49: "Line 10"
          RenderTableRow {TR} at (0,201) size 53x19
            RenderTableCell {TD} at (1,201) size 51x19 [color=#0000FF] [bgcolor=#CCCCCC] [r=10 c=0 rs=1 cs=1]
              RenderText {#text} at (1,1) size 49x17
                text run at (1,1) width 49: "Line 11"
