layer at (0,0) size 800x600
  RenderView at (0,0) size 800x600
layer at (0,0) size 800x600
  RenderBlock {HTML} at (0,0) size 800x600
    RenderBody {BODY} at (8,8) size 784x584
      RenderTable {TABLE} at (0,0) size 784x328 [border: none]
        RenderTableSection {TBODY} at (0,0) size 783x327
          RenderTableRow {TR} at (0,0) size 783x20
            RenderTableCell {TH} at (0,0) size 112x20 [border: (1px solid #005A8C)] [r=0 c=0 rs=1 cs=1]
              RenderText {#text} at (42,2) size 28x17
                text run at (42,2) width 28: "Sun"
            RenderTableCell {TH} at (111,0) size 113x20 [border: (1px solid #005A8C)] [r=0 c=1 rs=1 cs=1]
              RenderText {#text} at (40,2) size 33x17
                text run at (40,2) width 33: "Mon"
            RenderTableCell {TH} at (223,0) size 113x20 [border: (1px solid #005A8C)] [r=0 c=2 rs=1 cs=1]
              RenderText {#text} at (42,2) size 28x17
                text run at (42,2) width 28: "Tue"
            RenderTableCell {TH} at (335,0) size 113x20 [border: (1px solid #005A8C)] [r=0 c=3 rs=1 cs=1]
              RenderText {#text} at (40,2) size 33x17
                text run at (40,2) width 33: "Wed"
            RenderTableCell {TH} at (447,0) size 113x20 [border: (1px solid #005A8C)] [r=0 c=4 rs=1 cs=1]
              RenderText {#text} at (41,2) size 30x17
                text run at (41,2) width 30: "Thu"
            RenderTableCell {TH} at (559,0) size 113x20 [border: (1px solid #005A8C)] [r=0 c=5 rs=1 cs=1]
              RenderText {#text} at (45,2) size 22x17
                text run at (45,2) width 22: "Fri"
            RenderTableCell {TH} at (671,0) size 112x20 [border: (1px solid #005A8C)] [r=0 c=6 rs=1 cs=1]
              RenderText {#text} at (45,2) size 23x17
                text run at (45,2) width 23: "Sat"
          RenderTableRow {TR} at (0,20) size 783x37
            RenderTableCell {TD} at (0,20) size 560x3 [border: (1px solid #005A8C)] [r=1 c=0 rs=1 cs=5]
            RenderTableCell {TD} at (559,20) size 113x37 [border: (1px solid #005A8C)] [r=1 c=5 rs=1 cs=1]
              RenderBlock {DIV} at (2,2) size 109x17
                RenderText {#text} at (0,0) size 8x17
                  text run at (0,0) width 8: "1"
              RenderBlock {DIV} at (2,19) size 109x17
                RenderText {#text} at (0,0) size 28x17
                  text run at (0,0) width 28: "7:50"
            RenderTableCell {TD} at (671,20) size 112x37 [border: (1px solid #005A8C)] [r=1 c=6 rs=1 cs=1]
              RenderBlock {DIV} at (2,2) size 109x17
                RenderText {#text} at (0,0) size 8x17
                  text run at (0,0) width 8: "2"
              RenderBlock (anonymous) at (2,19) size 109x17
                RenderText {#text} at (0,0) size 100x17
                  text run at (0,0) width 100: "Althea Halliday"
                RenderBR {BR} at (100,14) size 0x0
          RenderTableRow {TR} at (0,57) size 783x71
            RenderTableCell {TD} at (0,57) size 112x71 [border: (1px solid #005A8C)] [r=2 c=0 rs=1 cs=1]
              RenderBlock {DIV} at (2,2) size 109x17
                RenderText {#text} at (0,0) size 8x17
                  text run at (0,0) width 8: "3"
              RenderBlock (anonymous) at (2,19) size 109x51
                RenderText {#text} at (0,0) size 67x17
                  text run at (0,0) width 67: "CHORTle"
                RenderBR {BR} at (67,14) size 0x0
                RenderText {#text} at (0,17) size 67x34
                  text run at (0,17) width 62: "Avondale"
                  text run at (0,34) width 67: "graduation"
            RenderTableCell {TD} at (111,57) size 113x37 [border: (1px solid #005A8C)] [r=2 c=1 rs=1 cs=1]
              RenderBlock {DIV} at (2,2) size 109x17
                RenderText {#text} at (0,0) size 8x17
                  text run at (0,0) width 8: "4"
              RenderBlock (anonymous) at (2,19) size 109x17
                RenderBR {BR} at (0,0) size 0x17
            RenderTableCell {TD} at (223,57) size 113x54 [border: (1px solid #005A8C)] [r=2 c=2 rs=1 cs=1]
              RenderBlock {DIV} at (2,2) size 109x17
                RenderText {#text} at (0,0) size 8x17
                  text run at (0,0) width 8: "5"
              RenderBlock (anonymous) at (2,19) size 109x34
                RenderText {#text} at (0,0) size 82x34
                  text run at (0,0) width 82: "SAC Speech"
                  text run at (0,17) width 32: "night"
            RenderTableCell {TD} at (335,57) size 113x54 [border: (1px solid #005A8C)] [r=2 c=3 rs=1 cs=1]
              RenderBlock {DIV} at (2,2) size 109x17
                RenderText {#text} at (0,0) size 8x17
                  text run at (0,0) width 8: "6"
              RenderBlock (anonymous) at (2,19) size 109x34
                RenderText {#text} at (0,0) size 82x34
                  text run at (0,0) width 82: "Management"
                  text run at (0,17) width 65: "committee"
            RenderTableCell {TD} at (447,57) size 113x71 [border: (1px solid #005A8C)] [r=2 c=4 rs=1 cs=1]
              RenderBlock {DIV} at (2,2) size 109x17
                RenderText {#text} at (0,0) size 8x17
                  text run at (0,0) width 8: "7"
              RenderBlock (anonymous) at (2,19) size 109x51
                RenderText {#text} at (0,0) size 100x51
                  text run at (0,0) width 94: "Castle Hill and"
                  text run at (0,17) width 100: "Mountain View"
                  text run at (0,34) width 88: "Speech nights"
            RenderTableCell {TD} at (559,57) size 113x37 [border: (1px solid #005A8C)] [r=2 c=5 rs=1 cs=1]
              RenderBlock {DIV} at (2,2) size 109x17
                RenderText {#text} at (0,0) size 8x17
                  text run at (0,0) width 8: "8"
              RenderBlock {DIV} at (2,19) size 109x17
                RenderText {#text} at (0,0) size 28x17
                  text run at (0,0) width 28: "7:56"
            RenderTableCell {TD} at (671,57) size 112x37 [border: (1px solid #005A8C)] [r=2 c=6 rs=1 cs=1]
              RenderBlock {DIV} at (2,2) size 109x17
                RenderText {#text} at (0,0) size 8x17
                  text run at (0,0) width 8: "9"
              RenderBlock (anonymous) at (2,19) size 109x17
                RenderText {#text} at (0,0) size 91x17
                  text run at (0,0) width 91: "Reconciliation"
          RenderTableRow {TR} at (0,128) size 783x71
            RenderTableCell {TD} at (0,128) size 112x37 [border: (1px solid #005A8C)] [r=3 c=0 rs=1 cs=1]
              RenderBlock {DIV} at (2,2) size 109x17
                RenderText {#text} at (0,0) size 16x17
                  text run at (0,0) width 16: "10"
              RenderBlock (anonymous) at (2,19) size 109x17
                RenderText {#text} at (0,0) size 99x17
                  text run at (0,0) width 99: "Christmas party"
                RenderBR {BR} at (99,14) size 0x0
            RenderTableCell {TD} at (111,128) size 113x37 [border: (1px solid #005A8C)] [r=3 c=1 rs=1 cs=1]
              RenderBlock {DIV} at (2,2) size 109x17
                RenderText {#text} at (0,0) size 16x17
                  text run at (0,0) width 16: "11"
              RenderBlock (anonymous) at (2,19) size 109x17
                RenderBR {BR} at (0,0) size 0x17
            RenderTableCell {TD} at (223,128) size 113x37 [border: (1px solid #005A8C)] [r=3 c=2 rs=1 cs=1]
              RenderBlock {DIV} at (2,2) size 109x17
                RenderText {#text} at (0,0) size 16x17
                  text run at (0,0) width 16: "12"
              RenderBlock (anonymous) at (2,19) size 109x17
                RenderBR {BR} at (0,0) size 0x17
            RenderTableCell {TD} at (335,128) size 113x71 [border: (1px solid #005A8C)] [r=3 c=3 rs=1 cs=1]
              RenderBlock {DIV} at (2,2) size 109x17
                RenderText {#text} at (0,0) size 16x17
                  text run at (0,0) width 16: "13"
              RenderBlock (anonymous) at (2,19) size 109x51
                RenderText {#text} at (0,0) size 75x51
                  text run at (0,0) width 75: "Community"
                  text run at (0,17) width 62: "Ministries"
                  text run at (0,34) width 65: "committee"
            RenderTableCell {TD} at (447,128) size 113x37 [border: (1px solid #005A8C)] [r=3 c=4 rs=1 cs=1]
              RenderBlock {DIV} at (2,2) size 109x17
                RenderText {#text} at (0,0) size 16x17
                  text run at (0,0) width 16: "14"
              RenderBlock (anonymous) at (2,19) size 109x17
                RenderBR {BR} at (0,0) size 0x17
            RenderTableCell {TD} at (559,128) size 113x37 [border: (1px solid #005A8C)] [r=3 c=5 rs=1 cs=1]
              RenderBlock {DIV} at (2,2) size 109x17
                RenderText {#text} at (0,0) size 16x17
                  text run at (0,0) width 16: "15"
              RenderBlock {DIV} at (2,19) size 109x17
                RenderText {#text} at (0,0) size 28x17
                  text run at (0,0) width 28: "8:02"
            RenderTableCell {TD} at (671,128) size 112x37 [border: (1px solid #005A8C)] [r=3 c=6 rs=1 cs=1]
              RenderBlock {DIV} at (2,2) size 109x17
                RenderText {#text} at (0,0) size 16x17
                  text run at (0,0) width 16: "16"
              RenderBlock (anonymous) at (2,19) size 109x17
                RenderText {#text} at (0,0) size 67x17
                  text run at (0,0) width 67: "Paul Goltz"
                RenderBR {BR} at (67,14) size 0x0
          RenderTableRow {TR} at (0,199) size 783x54
            RenderTableCell {TD} at (0,199) size 112x37 [border: (1px solid #005A8C)] [r=4 c=0 rs=1 cs=1]
              RenderBlock {DIV} at (2,2) size 109x17
                RenderText {#text} at (0,0) size 16x17
                  text run at (0,0) width 16: "17"
              RenderBlock (anonymous) at (2,19) size 109x17
                RenderBR {BR} at (0,0) size 0x17
            RenderTableCell {TD} at (111,199) size 113x37 [border: (1px solid #005A8C)] [r=4 c=1 rs=1 cs=1]
              RenderBlock {DIV} at (2,2) size 109x17
                RenderText {#text} at (0,0) size 16x17
                  text run at (0,0) width 16: "18"
              RenderBlock (anonymous) at (2,19) size 109x17
                RenderBR {BR} at (0,0) size 0x17
            RenderTableCell {TD} at (223,199) size 113x54 [border: (1px solid #005A8C)] [r=4 c=2 rs=1 cs=1]
              RenderBlock {DIV} at (2,2) size 109x17
                RenderText {#text} at (0,0) size 16x17
                  text run at (0,0) width 16: "19"
              RenderBlock (anonymous) at (2,19) size 109x34
                RenderText {#text} at (0,0) size 103x34
                  text run at (0,0) width 103: "End school term"
                  text run at (0,17) width 8: "4"
            RenderTableCell {TD} at (335,199) size 113x37 [border: (1px solid #005A8C)] [r=4 c=3 rs=1 cs=1]
              RenderBlock {DIV} at (2,2) size 109x17
                RenderText {#text} at (0,0) size 16x17
                  text run at (0,0) width 16: "20"
              RenderBlock (anonymous) at (2,19) size 109x17
                RenderBR {BR} at (0,0) size 0x17
            RenderTableCell {TD} at (447,199) size 113x37 [border: (1px solid #005A8C)] [r=4 c=4 rs=1 cs=1]
              RenderBlock {DIV} at (2,2) size 109x17
                RenderText {#text} at (0,0) size 16x17
                  text run at (0,0) width 16: "21"
              RenderBlock (anonymous) at (2,19) size 109x17
                RenderBR {BR} at (0,0) size 0x17
            RenderTableCell {TD} at (559,199) size 113x37 [border: (1px solid #005A8C)] [r=4 c=5 rs=1 cs=1]
              RenderBlock {DIV} at (2,2) size 109x17
                RenderText {#text} at (0,0) size 16x17
                  text run at (0,0) width 16: "22"
              RenderBlock {DIV} at (2,19) size 109x17
                RenderText {#text} at (0,0) size 28x17
                  text run at (0,0) width 28: "8:06"
            RenderTableCell {TD} at (671,199) size 112x54 [border: (1px solid #005A8C)] [r=4 c=6 rs=1 cs=1]
              RenderBlock {DIV} at (2,2) size 109x17
                RenderText {#text} at (0,0) size 16x17
                  text run at (0,0) width 16: "23"
              RenderBlock (anonymous) at (2,19) size 109x34
                RenderText {#text} at (0,0) size 72x34
                  text run at (0,0) width 63: "Christmas"
                  text run at (0,17) width 72: "programme"
                RenderBR {BR} at (72,31) size 0x0
          RenderTableRow {TR} at (0,253) size 783x37
            RenderTableCell {TD} at (0,253) size 112x37 [border: (1px solid #005A8C)] [r=5 c=0 rs=1 cs=1]
              RenderBlock {DIV} at (2,2) size 109x17
                RenderText {#text} at (0,0) size 16x17
                  text run at (0,0) width 16: "24"
              RenderBlock (anonymous) at (2,19) size 109x17
                RenderBR {BR} at (0,0) size 0x17
            RenderTableCell {TD} at (111,253) size 113x37 [border: (1px solid #005A8C)] [r=5 c=1 rs=1 cs=1]
              RenderBlock {DIV} at (2,2) size 109x17
                RenderText {#text} at (0,0) size 16x17
                  text run at (0,0) width 16: "25"
              RenderBlock (anonymous) at (2,19) size 109x17
                RenderText {#text} at (0,0) size 90x17
                  text run at (0,0) width 90: "Christmas day"
                RenderBR {BR} at (90,14) size 0x0
            RenderTableCell {TD} at (223,253) size 113x37 [border: (1px solid #005A8C)] [r=5 c=2 rs=1 cs=1]
              RenderBlock {DIV} at (2,2) size 109x17
                RenderText {#text} at (0,0) size 16x17
                  text run at (0,0) width 16: "26"
              RenderBlock (anonymous) at (2,19) size 109x17
                RenderText {#text} at (0,0) size 74x17
                  text run at (0,0) width 74: "Boxing day"
                RenderBR {BR} at (74,14) size 0x0
            RenderTableCell {TD} at (335,253) size 113x37 [border: (1px solid #005A8C)] [r=5 c=3 rs=1 cs=1]
              RenderBlock {DIV} at (2,2) size 109x17
                RenderText {#text} at (0,0) size 16x17
                  text run at (0,0) width 16: "27"
              RenderBlock (anonymous) at (2,19) size 109x17
                RenderBR {BR} at (0,0) size 0x17
            RenderTableCell {TD} at (447,253) size 113x37 [border: (1px solid #005A8C)] [r=5 c=4 rs=1 cs=1]
              RenderBlock {DIV} at (2,2) size 109x17
                RenderText {#text} at (0,0) size 16x17
                  text run at (0,0) width 16: "28"
              RenderBlock (anonymous) at (2,19) size 109x17
                RenderBR {BR} at (0,0) size 0x17
            RenderTableCell {TD} at (559,253) size 113x37 [border: (1px solid #005A8C)] [r=5 c=5 rs=1 cs=1]
              RenderBlock {DIV} at (2,2) size 109x17
                RenderText {#text} at (0,0) size 16x17
                  text run at (0,0) width 16: "29"
              RenderBlock {DIV} at (2,19) size 109x17
                RenderText {#text} at (0,0) size 28x17
                  text run at (0,0) width 28: "8:09"
            RenderTableCell {TD} at (671,253) size 112x37 [border: (1px solid #005A8C)] [r=5 c=6 rs=1 cs=1]
              RenderBlock {DIV} at (2,2) size 109x17
                RenderText {#text} at (0,0) size 16x17
                  text run at (0,0) width 16: "30"
              RenderBlock (anonymous) at (2,19) size 109x17
                RenderText {#text} at (0,0) size 94x17
                  text run at (0,0) width 94: "David Holman"
                RenderBR {BR} at (94,14) size 0x0
          RenderTableRow {TR} at (0,290) size 783x37
            RenderTableCell {TD} at (0,290) size 112x37 [border: (1px solid #005A8C)] [r=6 c=0 rs=1 cs=1]
              RenderBlock {DIV} at (2,2) size 109x17
                RenderText {#text} at (0,0) size 16x17
                  text run at (0,0) width 16: "31"
              RenderBlock (anonymous) at (2,19) size 109x17
                RenderBR {BR} at (0,0) size 0x17
            RenderTableCell {TD} at (111,290) size 672x3 [border: (1px solid #005A8C)] [r=6 c=1 rs=1 cs=6]
