layer at (0,0) size 800x600
  RenderView at (0,0) size 800x600
layer at (0,0) size 800x600
  RenderBlock {HTML} at (0,0) size 800x600
    RenderBody {BODY} at (8,8) size 784x584
      RenderTable {TABLE} at (0,0) size 784x78 [bgcolor=#993300] [border: (1px outset #808080)]
        RenderTableSection {TBODY} at (1,1) size 782x76
          RenderTableRow {TR} at (0,2) size 782x72
            RenderTableCell {TD} at (2,2) size 48x72 [border: (1px inset #808080)] [r=0 c=0 rs=1 cs=1]
              RenderText {#text} at (2,2) size 44x68
                text run at (2,2) width 42: "This is"
                text run at (2,19) width 7: "a"
                text run at (2,36) width 44: "sample"
                text run at (2,53) width 26: "cell."
            RenderTableCell {TD} at (52,27) size 728x22 [border: (1px inset #808080)] [r=0 c=1 rs=1 cs=1]
              RenderText {#text} at (2,2) size 4x18
                text run at (2,3) width 4: " "
