layer at (0,0) size 866x972
  RenderView at (0,0) size 785x585
layer at (0,0) size 785x972
  RenderBlock {HTML} at (0,0) size 785x972
    RenderBody {BODY} at (8,8) size 769x956
      RenderTable {TABLE} at (0,0) size 769x27 [border: (1px outset #808080)]
        RenderTableSection {TBODY} at (1,1) size 767x25
          RenderTableRow {TR} at (0,2) size 767x21
            RenderTableCell {TD} at (2,2) size 258x21 [border: (1px inset #808080)] [r=0 c=0 rs=1 cs=1]
              RenderText {#text} at (2,2) size 8x17
                text run at (2,2) width 8: "x"
            RenderTableCell {TD} at (261,2) size 505x21 [border: (1px inset #808080)] [r=0 c=1 rs=1 cs=1]
              RenderText {#text} at (2,2) size 8x17
                text run at (2,2) width 8: "y"
      RenderBlock (anonymous) at (0,27) size 769x17
        RenderBR {BR} at (0,0) size 0x17
      RenderTable {TABLE} at (0,44) size 769x27 [border: (1px outset #808080)]
        RenderTableSection {TBODY} at (1,1) size 767x25
          RenderTableRow {TR} at (0,2) size 767x21
            RenderTableCell {TD} at (2,2) size 381x21 [border: (1px inset #808080)] [r=0 c=0 rs=1 cs=1]
              RenderText {#text} at (2,2) size 8x17
                text run at (2,2) width 8: "x"
            RenderTableCell {TD} at (384,2) size 381x21 [border: (1px inset #808080)] [r=0 c=1 rs=1 cs=1]
              RenderText {#text} at (2,2) size 8x17
                text run at (2,2) width 8: "y"
      RenderBlock (anonymous) at (0,71) size 769x17
        RenderBR {BR} at (0,0) size 0x17
      RenderTable {TABLE} at (0,88) size 858x610 [border: (1px outset #808080)]
        RenderTableSection {TBODY} at (1,1) size 856x608
          RenderTableRow {TR} at (0,2) size 856x604
            RenderTableCell {TD} at (2,2) size 804x604 [border: (1px inset #808080)] [r=0 c=0 rs=1 cs=1]
              RenderImage {IMG} at (2,2) size 800x600
            RenderTableCell {TD} at (808,259) size 46x90 [border: (1px inset #808080)] [r=0 c=1 rs=1 cs=1]
              RenderText {#text} at (2,2) size 42x86
                text run at (2,3) width 29: "can't"
                text run at (2,20) width 38: "we all"
                text run at (2,37) width 22: "just"
                text run at (2,54) width 19: "get"
                text run at (2,71) width 42: "along?"
      RenderBlock (anonymous) at (0,698) size 769x17
        RenderBR {BR} at (0,0) size 0x17
      RenderTable {TABLE} at (0,715) size 769x44 [border: (1px outset #808080)]
        RenderTableSection {TBODY} at (1,1) size 767x42
          RenderTableRow {TR} at (0,2) size 767x38
            RenderTableCell {TD} at (2,10) size 249x22 [border: (1px inset #808080)] [r=0 c=0 rs=1 cs=1]
              RenderText {#text} at (2,2) size 118x18
                text run at (2,3) width 118: "Hello how are you"
            RenderTableCell {TD} at (252,2) size 120x38 [border: (1px inset #808080)] [r=0 c=1 rs=1 cs=1]
              RenderText {#text} at (2,2) size 86x34
                text run at (2,2) width 86: "I'am fine, and"
                text run at (2,19) width 31: "you?"
            RenderTableCell {TD} at (373,10) size 393x22 [border: (1px inset #808080)] [r=0 c=2 rs=1 cs=1]
              RenderText {#text} at (2,2) size 111x18
                text run at (2,3) width 111: "I great, thank you"
      RenderBlock (anonymous) at (0,759) size 769x17
        RenderBR {BR} at (0,0) size 0x17
      RenderTable {TABLE} at (0,776) size 769x180 [border: (1px outset #808080)]
        RenderTableSection {TBODY} at (1,1) size 767x178
          RenderTableRow {TR} at (0,2) size 767x174
            RenderTableCell {TD} at (2,78) size 319x22 [border: (1px inset #808080)] [r=0 c=0 rs=1 cs=1]
              RenderText {#text} at (2,2) size 170x18
                text run at (2,3) width 170: "<../images/pikajumpr.gif\">"
            RenderTableCell {TD} at (322,16) size 405x146 [border: (1px inset #808080)] [r=0 c=1 rs=1 cs=1]
              RenderImage {IMG} at (2,2) size 142x142
            RenderTableCell {TD} at (728,2) size 38x174 [border: (1px inset #808080)] [r=0 c=2 rs=1 cs=1]
              RenderText {#text} at (2,2) size 33x170
                text run at (2,2) width 28: "This"
                text run at (2,19) width 21: "is a"
                text run at (2,36) width 21: "test"
                text run at (2,53) width 12: "to"
                text run at (2,70) width 33: "see if"
                text run at (2,87) width 22: "this"
                text run at (2,104) width 24: "will"
                text run at (2,121) width 33: "work"
                text run at (2,138) width 16: "on"
                text run at (2,155) width 20: "5.0"
