layer at (0,0) size 800x600
  RenderView at (0,0) size 800x600
layer at (0,0) size 800x600
  RenderBlock {HTML} at (0,0) size 800x600
    RenderBody {BODY} at (8,8) size 784x584 [bgcolor=#FFFFFF]
      RenderBlock {P} at (0,0) size 784x34
        RenderText {#text} at (0,0) size 251x17
          text run at (0,0) width 251: "The table below is inside a div tag with "
        RenderInline {B} at (0,0) size 56x17
          RenderText {#text} at (251,0) size 56x17
            text run at (251,0) width 56: "absolute"
        RenderText {#text} at (307,0) size 771x34
          text run at (307,0) width 151: " positioning for top and "
          text run at (458,0) width 138: "left but not for width. "
          text run at (596,0) width 175: "The table should push it out"
          text run at (0,17) width 309: "to 100% but it doesn't. Instead the layer collapses"
      RenderBlock {P} at (0,50) size 784x68
        RenderBR {BR} at (0,0) size 0x17
        RenderBR {BR} at (0,17) size 0x17
        RenderBR {BR} at (0,34) size 0x17
        RenderBR {BR} at (0,51) size 0x17
      RenderBlock {P} at (0,134) size 784x34
        RenderText {#text} at (0,0) size 260x17
          text run at (0,0) width 260: "The next table is inside a div tag set with "
        RenderInline {B} at (0,0) size 50x17
          RenderText {#text} at (260,0) size 50x17
            text run at (260,0) width 50: "relative"
        RenderText {#text} at (310,0) size 82x17
          text run at (310,0) width 82: " positioning. "
        RenderBR {BR} at (392,14) size 0x0
        RenderText {#text} at (0,17) size 140x17
          text run at (0,17) width 140: "No width has been set"
layer at (8,70) size 140x27
  RenderBlock (positioned) {DIV} at (8,70) size 140x27 [bgcolor=#CCFFCC]
    RenderTable {TABLE} at (0,0) size 140x27 [border: (1px outset #808080)]
      RenderTableSection {TBODY} at (1,1) size 138x25
        RenderTableRow {TR} at (0,2) size 138x21
          RenderTableCell {TD} at (2,2) size 134x21 [border: (1px inset #808080)] [r=0 c=0 rs=1 cs=1]
            RenderText {#text} at (2,2) size 130x17
              text run at (2,2) width 130: "Table width = 100%"
layer at (8,192) size 784x27
  RenderBlock (relative positioned) {DIV} at (0,184) size 784x27 [bgcolor=#CC0066]
    RenderTable {TABLE} at (0,0) size 784x27 [border: (1px outset #808080)]
      RenderTableSection {TBODY} at (1,1) size 782x25
        RenderTableRow {TR} at (0,2) size 782x21
          RenderTableCell {TD} at (2,2) size 778x21 [border: (1px inset #808080)] [r=0 c=0 rs=1 cs=1]
            RenderText {#text} at (2,2) size 130x17
              text run at (2,2) width 130: "Table width = 100%"
