layer at (0,0) size 800x600
  RenderView at (0,0) size 800x600
layer at (0,0) size 800x600
  RenderBlock {HTML} at (0,0) size 800x600
    RenderBody {BODY} at (8,8) size 784x584
      RenderTable {TABLE} at (0,0) size 98x56
        RenderTableSection {TBODY} at (0,0) size 98x56
          RenderTableRow {TR} at (0,2) size 98x52
            RenderTableCell {TD} at (2,2) size 94x52 [r=0 c=0 rs=1 cs=1]
              RenderBlock {DIV} at (1,1) size 92x50
                RenderBlock {P} at (0,0) size 92x17
                  RenderText {#text} at (0,0) size 91x17
                    text run at (0,0) width 91: "Paragraph one"
                RenderBlock {P} at (0,33) size 92x17
                  RenderText {#text} at (0,0) size 92x17
                    text run at (0,0) width 92: "Paragraph two"
