layer at (0,0) size 785x2767
  RenderView at (0,0) size 785x600
layer at (0,0) size 785x2767
  RenderBlock {HTML} at (0,0) size 785x2767
    RenderBody {BODY} at (8,8) size 769x2751
      RenderTable {TABLE} at (0,0) size 769x2751 [border: (1px outset #808080)]
        RenderTableSection {TBODY} at (1,1) size 767x2749
          RenderTableRow {TR} at (0,2) size 767x141
            RenderTableCell {TD} at (2,53) size 36x39 [border: (1px inset #808080)] [r=0 c=0 rs=1 cs=1]
              RenderText {#text} at (12,11) size 12x17
                text run at (12,11) width 12: "A"
            RenderTableCell {TD} at (40,49) size 427x47 [border: (1px inset #808080)] [r=0 c=1 rs=1 cs=1]
              RenderImage {IMG} at (175,11) size 77x25
            RenderTableCell {TD} at (469,2) size 296x141 [border: (1px inset #808080)] [r=0 c=2 rs=1 cs=1]
              RenderText {#text} at (12,11) size 272x119
                text run at (12,11) width 272: "test test test test test test test test test test test"
                text run at (12,28) width 101: "test test test test "
                text run at (112,28) width 172: "test test test test test test test"
                text run at (12,45) width 201: "test test test test test test test test "
                text run at (212,45) width 72: "test test test"
                text run at (12,62) width 272: "test test test test test test test test test test test"
                text run at (12,79) width 26: "test "
                text run at (37,79) width 247: "test test test test test test test test test test"
                text run at (12,96) width 126: "test test test test test "
                text run at (137,96) width 147: "test test test test test test"
                text run at (37,113) width 222: "test test test test test test test test test"
          RenderTableRow {TR} at (0,145) size 767x141
            RenderTableCell {TD} at (2,196) size 36x39 [border: (1px inset #808080)] [r=1 c=0 rs=1 cs=1]
              RenderText {#text} at (12,11) size 12x17
                text run at (12,11) width 12: "B"
            RenderTableCell {TD} at (40,183) size 427x65 [border: (1px inset #808080)] [r=1 c=1 rs=1 cs=1]
              RenderImage {IMG} at (198,11) size 31x42
            RenderTableCell {TD} at (469,145) size 296x141 [border: (1px inset #808080)] [r=1 c=2 rs=1 cs=1]
              RenderText {#text} at (12,11) size 272x119
                text run at (12,11) width 272: "test test test test test test test test test test test"
                text run at (12,28) width 101: "test test test test "
                text run at (112,28) width 172: "test test test test test test test"
                text run at (12,45) width 201: "test test test test test test test test "
                text run at (212,45) width 72: "test test test"
                text run at (12,62) width 272: "test test test test test test test test test test test"
                text run at (12,79) width 26: "test "
                text run at (37,79) width 247: "test test test test test test test test test test"
                text run at (12,96) width 126: "test test test test test "
                text run at (137,96) width 147: "test test test test test test"
                text run at (37,113) width 222: "test test test test test test test test test"
          RenderTableRow {TR} at (0,288) size 767x160
            RenderTableCell {TD} at (2,348) size 36x40 [border: (1px inset #808080)] [r=2 c=0 rs=1 cs=1]
              RenderText {#text} at (12,11) size 12x18
                text run at (12,12) width 12: "C"
            RenderTableCell {TD} at (40,288) size 427x160 [border: (1px inset #808080)] [r=2 c=1 rs=1 cs=1]
              RenderImage {IMG} at (103,11) size 221x138
            RenderTableCell {TD} at (469,297) size 296x142 [border: (1px inset #808080)] [r=2 c=2 rs=1 cs=1]
              RenderText {#text} at (12,11) size 272x120
                text run at (12,12) width 272: "test test test test test test test test test test test"
                text run at (12,29) width 101: "test test test test "
                text run at (112,29) width 172: "test test test test test test test"
                text run at (12,46) width 201: "test test test test test test test test "
                text run at (212,46) width 72: "test test test"
                text run at (12,63) width 272: "test test test test test test test test test test test"
                text run at (12,80) width 26: "test "
                text run at (37,80) width 247: "test test test test test test test test test test"
                text run at (12,97) width 126: "test test test test test "
                text run at (137,97) width 147: "test test test test test test"
                text run at (37,114) width 222: "test test test test test test test test test"
          RenderTableRow {TR} at (0,450) size 767x141
            RenderTableCell {TD} at (2,501) size 36x39 [border: (1px inset #808080)] [r=3 c=0 rs=1 cs=1]
              RenderText {#text} at (12,11) size 12x17
                text run at (12,11) width 12: "D"
            RenderTableCell {TD} at (40,467) size 427x107 [border: (1px inset #808080)] [r=3 c=1 rs=1 cs=1]
              RenderImage {IMG} at (113,11) size 201x85
            RenderTableCell {TD} at (469,450) size 296x141 [border: (1px inset #808080)] [r=3 c=2 rs=1 cs=1]
              RenderText {#text} at (12,11) size 272x119
                text run at (12,11) width 272: "test test test test test test test test test test test"
                text run at (12,28) width 101: "test test test test "
                text run at (112,28) width 172: "test test test test test test test"
                text run at (12,45) width 201: "test test test test test test test test "
                text run at (212,45) width 72: "test test test"
                text run at (12,62) width 272: "test test test test test test test test test test test"
                text run at (12,79) width 26: "test "
                text run at (37,79) width 247: "test test test test test test test test test test"
                text run at (12,96) width 126: "test test test test test "
                text run at (137,96) width 147: "test test test test test test"
                text run at (37,113) width 222: "test test test test test test test test test"
          RenderTableRow {TR} at (0,593) size 767x141
            RenderTableCell {TD} at (2,644) size 36x39 [border: (1px inset #808080)] [r=4 c=0 rs=1 cs=1]
              RenderText {#text} at (13,11) size 10x17
                text run at (13,11) width 10: "E"
            RenderTableCell {TD} at (40,627) size 427x73 [border: (1px inset #808080)] [r=4 c=1 rs=1 cs=1]
              RenderImage {IMG} at (186,11) size 55x50
            RenderTableCell {TD} at (469,593) size 296x141 [border: (1px inset #808080)] [r=4 c=2 rs=1 cs=1]
              RenderText {#text} at (12,11) size 272x119
                text run at (12,11) width 272: "test test test test test test test test test test test"
                text run at (12,28) width 101: "test test test test "
                text run at (112,28) width 172: "test test test test test test test"
                text run at (12,45) width 201: "test test test test test test test test "
                text run at (212,45) width 72: "test test test"
                text run at (12,62) width 272: "test test test test test test test test test test test"
                text run at (12,79) width 26: "test "
                text run at (37,79) width 247: "test test test test test test test test test test"
                text run at (12,96) width 126: "test test test test test "
                text run at (137,96) width 147: "test test test test test test"
                text run at (37,113) width 222: "test test test test test test test test test"
          RenderTableRow {TR} at (0,736) size 767x141
            RenderTableCell {TD} at (2,787) size 36x39 [border: (1px inset #808080)] [r=5 c=0 rs=1 cs=1]
              RenderText {#text} at (13,11) size 10x17
                text run at (13,11) width 10: "F"
            RenderTableCell {TD} at (40,770) size 427x73 [border: (1px inset #808080)] [r=5 c=1 rs=1 cs=1]
              RenderImage {IMG} at (95,11) size 237x50
            RenderTableCell {TD} at (469,736) size 296x141 [border: (1px inset #808080)] [r=5 c=2 rs=1 cs=1]
              RenderText {#text} at (12,11) size 272x119
                text run at (12,11) width 272: "test test test test test test test test test test test"
                text run at (12,28) width 101: "test test test test "
                text run at (112,28) width 172: "test test test test test test test"
                text run at (12,45) width 201: "test test test test test test test test "
                text run at (212,45) width 72: "test test test"
                text run at (12,62) width 272: "test test test test test test test test test test test"
                text run at (12,79) width 26: "test "
                text run at (37,79) width 247: "test test test test test test test test test test"
                text run at (12,96) width 126: "test test test test test "
                text run at (137,96) width 147: "test test test test test test"
                text run at (37,113) width 222: "test test test test test test test test test"
          RenderTableRow {TR} at (0,879) size 767x141
            RenderTableCell {TD} at (2,930) size 36x39 [border: (1px inset #808080)] [r=6 c=0 rs=1 cs=1]
              RenderText {#text} at (12,11) size 12x17
                text run at (12,11) width 12: "G"
            RenderTableCell {TD} at (40,907) size 427x85 [border: (1px inset #808080)] [r=6 c=1 rs=1 cs=1]
              RenderImage {IMG} at (155,11) size 117x63
            RenderTableCell {TD} at (469,879) size 296x141 [border: (1px inset #808080)] [r=6 c=2 rs=1 cs=1]
              RenderText {#text} at (12,11) size 272x119
                text run at (12,11) width 272: "test test test test test test test test test test test"
                text run at (12,28) width 101: "test test test test "
                text run at (112,28) width 172: "test test test test test test test"
                text run at (12,45) width 201: "test test test test test test test test "
                text run at (212,45) width 72: "test test test"
                text run at (12,62) width 272: "test test test test test test test test test test test"
                text run at (12,79) width 26: "test "
                text run at (37,79) width 247: "test test test test test test test test test test"
                text run at (12,96) width 126: "test test test test test "
                text run at (137,96) width 147: "test test test test test test"
                text run at (37,113) width 222: "test test test test test test test test test"
          RenderTableRow {TR} at (0,1022) size 767x141
            RenderTableCell {TD} at (2,1073) size 36x39 [border: (1px inset #808080)] [r=7 c=0 rs=1 cs=1]
              RenderText {#text} at (12,11) size 12x17
                text run at (12,11) width 12: "H"
            RenderTableCell {TD} at (40,1072) size 427x41 [border: (1px inset #808080)] [r=7 c=1 rs=1 cs=1]
              RenderImage {IMG} at (200,11) size 27x18
            RenderTableCell {TD} at (469,1022) size 296x141 [border: (1px inset #808080)] [r=7 c=2 rs=1 cs=1]
              RenderText {#text} at (12,11) size 272x119
                text run at (12,11) width 272: "test test test test test test test test test test test"
                text run at (12,28) width 101: "test test test test "
                text run at (112,28) width 172: "test test test test test test test"
                text run at (12,45) width 201: "test test test test test test test test "
                text run at (212,45) width 72: "test test test"
                text run at (12,62) width 272: "test test test test test test test test test test test"
                text run at (12,79) width 26: "test "
                text run at (37,79) width 247: "test test test test test test test test test test"
                text run at (12,96) width 126: "test test test test test "
                text run at (137,96) width 147: "test test test test test test"
                text run at (37,113) width 222: "test test test test test test test test test"
          RenderTableRow {TR} at (0,1165) size 767x141
            RenderTableCell {TD} at (2,1216) size 36x39 [border: (1px inset #808080)] [r=8 c=0 rs=1 cs=1]
              RenderText {#text} at (15,11) size 6x17
                text run at (15,11) width 6: "I"
            RenderTableCell {TD} at (40,1194) size 427x83 [border: (1px inset #808080)] [r=8 c=1 rs=1 cs=1]
              RenderImage {IMG} at (126,11) size 175x61
            RenderTableCell {TD} at (469,1165) size 296x141 [border: (1px inset #808080)] [r=8 c=2 rs=1 cs=1]
              RenderText {#text} at (12,11) size 272x119
                text run at (12,11) width 272: "test test test test test test test test test test test"
                text run at (12,28) width 101: "test test test test "
                text run at (112,28) width 172: "test test test test test test test"
                text run at (12,45) width 201: "test test test test test test test test "
                text run at (212,45) width 72: "test test test"
                text run at (12,62) width 272: "test test test test test test test test test test test"
                text run at (12,79) width 26: "test "
                text run at (37,79) width 247: "test test test test test test test test test test"
                text run at (12,96) width 126: "test test test test test "
                text run at (137,96) width 147: "test test test test test test"
                text run at (37,113) width 222: "test test test test test test test test test"
          RenderTableRow {TR} at (0,1308) size 767x141
            RenderTableCell {TD} at (2,1359) size 36x39 [border: (1px inset #808080)] [r=9 c=0 rs=1 cs=1]
              RenderText {#text} at (15,11) size 6x17
                text run at (15,11) width 6: "J"
            RenderTableCell {TD} at (40,1317) size 427x123 [border: (1px inset #808080)] [r=9 c=1 rs=1 cs=1]
              RenderImage {IMG} at (11,11) size 405x100
            RenderTableCell {TD} at (469,1308) size 296x141 [border: (1px inset #808080)] [r=9 c=2 rs=1 cs=1]
              RenderText {#text} at (12,11) size 272x119
                text run at (12,11) width 272: "test test test test test test test test test test test"
                text run at (12,28) width 101: "test test test test "
                text run at (112,28) width 172: "test test test test test test test"
                text run at (12,45) width 201: "test test test test test test test test "
                text run at (212,45) width 72: "test test test"
                text run at (12,62) width 272: "test test test test test test test test test test test"
                text run at (12,79) width 26: "test "
                text run at (37,79) width 247: "test test test test test test test test test test"
                text run at (12,96) width 126: "test test test test test "
                text run at (137,96) width 147: "test test test test test test"
                text run at (37,113) width 222: "test test test test test test test test test"
          RenderTableRow {TR} at (0,1451) size 767x141
            RenderTableCell {TD} at (2,1502) size 36x39 [border: (1px inset #808080)] [r=10 c=0 rs=1 cs=1]
              RenderText {#text} at (12,11) size 12x17
                text run at (12,11) width 12: "K"
            RenderTableCell {TD} at (40,1485) size 427x73 [border: (1px inset #808080)] [r=10 c=1 rs=1 cs=1]
              RenderImage {IMG} at (77,11) size 273x50
            RenderTableCell {TD} at (469,1451) size 296x141 [border: (1px inset #808080)] [r=10 c=2 rs=1 cs=1]
              RenderText {#text} at (12,11) size 272x119
                text run at (12,11) width 272: "test test test test test test test test test test test"
                text run at (12,28) width 101: "test test test test "
                text run at (112,28) width 172: "test test test test test test test"
                text run at (12,45) width 201: "test test test test test test test test "
                text run at (212,45) width 72: "test test test"
                text run at (12,62) width 272: "test test test test test test test test test test test"
                text run at (12,79) width 26: "test "
                text run at (37,79) width 247: "test test test test test test test test test test"
                text run at (12,96) width 126: "test test test test test "
                text run at (137,96) width 147: "test test test test test test"
                text run at (37,113) width 222: "test test test test test test test test test"
          RenderTableRow {TR} at (0,1594) size 767x141
            RenderTableCell {TD} at (2,1645) size 36x39 [border: (1px inset #808080)] [r=11 c=0 rs=1 cs=1]
              RenderText {#text} at (12,11) size 12x17
                text run at (12,11) width 12: "K"
            RenderTableCell {TD} at (40,1630) size 427x69 [border: (1px inset #808080)] [r=11 c=1 rs=1 cs=1]
              RenderImage {IMG} at (168,11) size 91x47
            RenderTableCell {TD} at (469,1594) size 296x141 [border: (1px inset #808080)] [r=11 c=2 rs=1 cs=1]
              RenderText {#text} at (12,11) size 272x119
                text run at (12,11) width 272: "test test test test test test test test test test test"
                text run at (12,28) width 101: "test test test test "
                text run at (112,28) width 172: "test test test test test test test"
                text run at (12,45) width 201: "test test test test test test test test "
                text run at (212,45) width 72: "test test test"
                text run at (12,62) width 272: "test test test test test test test test test test test"
                text run at (12,79) width 26: "test "
                text run at (37,79) width 247: "test test test test test test test test test test"
                text run at (12,96) width 126: "test test test test test "
                text run at (137,96) width 147: "test test test test test test"
                text run at (37,113) width 222: "test test test test test test test test test"
          RenderTableRow {TR} at (0,1737) size 767x141
            RenderTableCell {TD} at (2,1788) size 36x39 [border: (1px inset #808080)] [r=12 c=0 rs=1 cs=1]
              RenderText {#text} at (13,11) size 10x17
                text run at (13,11) width 10: "L"
            RenderTableCell {TD} at (40,1763) size 427x89 [border: (1px inset #808080)] [r=12 c=1 rs=1 cs=1]
              RenderImage {IMG} at (88,11) size 251x66
            RenderTableCell {TD} at (469,1737) size 296x141 [border: (1px inset #808080)] [r=12 c=2 rs=1 cs=1]
              RenderText {#text} at (12,11) size 272x119
                text run at (12,11) width 272: "test test test test test test test test test test test"
                text run at (12,28) width 101: "test test test test "
                text run at (112,28) width 172: "test test test test test test test"
                text run at (12,45) width 201: "test test test test test test test test "
                text run at (212,45) width 72: "test test test"
                text run at (12,62) width 272: "test test test test test test test test test test test"
                text run at (12,79) width 26: "test "
                text run at (37,79) width 247: "test test test test test test test test test test"
                text run at (12,96) width 126: "test test test test test "
                text run at (137,96) width 147: "test test test test test test"
                text run at (37,113) width 222: "test test test test test test test test test"
          RenderTableRow {TR} at (0,1880) size 767x141
            RenderTableCell {TD} at (2,1931) size 36x39 [border: (1px inset #808080)] [r=13 c=0 rs=1 cs=1]
              RenderText {#text} at (11,11) size 14x17
                text run at (11,11) width 14: "M"
            RenderTableCell {TD} at (40,1917) size 427x67 [border: (1px inset #808080)] [r=13 c=1 rs=1 cs=1]
              RenderImage {IMG} at (163,11) size 101x44
            RenderTableCell {TD} at (469,1880) size 296x141 [border: (1px inset #808080)] [r=13 c=2 rs=1 cs=1]
              RenderText {#text} at (12,11) size 272x119
                text run at (12,11) width 272: "test test test test test test test test test test test"
                text run at (12,28) width 101: "test test test test "
                text run at (112,28) width 172: "test test test test test test test"
                text run at (12,45) width 201: "test test test test test test test test "
                text run at (212,45) width 72: "test test test"
                text run at (12,62) width 272: "test test test test test test test test test test test"
                text run at (12,79) width 26: "test "
                text run at (37,79) width 247: "test test test test test test test test test test"
                text run at (12,96) width 126: "test test test test test "
                text run at (137,96) width 147: "test test test test test test"
                text run at (37,113) width 222: "test test test test test test test test test"
          RenderTableRow {TR} at (0,2023) size 767x141
            RenderTableCell {TD} at (2,2074) size 36x39 [border: (1px inset #808080)] [r=14 c=0 rs=1 cs=1]
              RenderText {#text} at (12,11) size 12x17
                text run at (12,11) width 12: "N"
            RenderTableCell {TD} at (40,2076) size 427x35 [border: (1px inset #808080)] [r=14 c=1 rs=1 cs=1]
              RenderImage {IMG} at (201,11) size 25x13
            RenderTableCell {TD} at (469,2023) size 296x141 [border: (1px inset #808080)] [r=14 c=2 rs=1 cs=1]
              RenderText {#text} at (12,11) size 272x119
                text run at (12,11) width 272: "test test test test test test test test test test test"
                text run at (12,28) width 101: "test test test test "
                text run at (112,28) width 172: "test test test test test test test"
                text run at (12,45) width 201: "test test test test test test test test "
                text run at (212,45) width 72: "test test test"
                text run at (12,62) width 272: "test test test test test test test test test test test"
                text run at (12,79) width 26: "test "
                text run at (37,79) width 247: "test test test test test test test test test test"
                text run at (12,96) width 126: "test test test test test "
                text run at (137,96) width 147: "test test test test test test"
                text run at (37,113) width 222: "test test test test test test test test test"
          RenderTableRow {TR} at (0,2166) size 767x141
            RenderTableCell {TD} at (2,2217) size 36x39 [border: (1px inset #808080)] [r=15 c=0 rs=1 cs=1]
              RenderText {#text} at (12,11) size 12x17
                text run at (12,11) width 12: "O"
            RenderTableCell {TD} at (40,2197) size 427x79 [border: (1px inset #808080)] [r=15 c=1 rs=1 cs=1]
              RenderImage {IMG} at (87,11) size 253x56
            RenderTableCell {TD} at (469,2166) size 296x141 [border: (1px inset #808080)] [r=15 c=2 rs=1 cs=1]
              RenderText {#text} at (12,11) size 272x119
                text run at (12,11) width 272: "test test test test test test test test test test test"
                text run at (12,28) width 101: "test test test test "
                text run at (112,28) width 172: "test test test test test test test"
                text run at (12,45) width 201: "test test test test test test test test "
                text run at (212,45) width 72: "test test test"
                text run at (12,62) width 272: "test test test test test test test test test test test"
                text run at (12,79) width 26: "test "
                text run at (37,79) width 247: "test test test test test test test test test test"
                text run at (12,96) width 126: "test test test test test "
                text run at (137,96) width 147: "test test test test test test"
                text run at (37,113) width 222: "test test test test test test test test test"
          RenderTableRow {TR} at (0,2309) size 767x141
            RenderTableCell {TD} at (2,2360) size 36x39 [border: (1px inset #808080)] [r=16 c=0 rs=1 cs=1]
              RenderText {#text} at (13,11) size 10x17
                text run at (13,11) width 10: "P"
            RenderTableCell {TD} at (40,2328) size 427x103 [border: (1px inset #808080)] [r=16 c=1 rs=1 cs=1]
              RenderImage {IMG} at (134,11) size 159x81
            RenderTableCell {TD} at (469,2309) size 296x141 [border: (1px inset #808080)] [r=16 c=2 rs=1 cs=1]
              RenderText {#text} at (12,11) size 272x119
                text run at (12,11) width 272: "test test test test test test test test test test test"
                text run at (12,28) width 101: "test test test test "
                text run at (112,28) width 172: "test test test test test test test"
                text run at (12,45) width 201: "test test test test test test test test "
                text run at (212,45) width 72: "test test test"
                text run at (12,62) width 272: "test test test test test test test test test test test"
                text run at (12,79) width 26: "test "
                text run at (37,79) width 247: "test test test test test test test test test test"
                text run at (12,96) width 126: "test test test test test "
                text run at (137,96) width 147: "test test test test test test"
                text run at (37,113) width 222: "test test test test test test test test test"
          RenderTableRow {TR} at (0,2452) size 767x141
            RenderTableCell {TD} at (2,2503) size 36x39 [border: (1px inset #808080)] [r=17 c=0 rs=1 cs=1]
              RenderText {#text} at (12,11) size 12x17
                text run at (12,11) width 12: "Q"
            RenderTableCell {TD} at (40,2457) size 427x131 [border: (1px inset #808080)] [r=17 c=1 rs=1 cs=1]
              RenderImage {IMG} at (107,11) size 213x108
            RenderTableCell {TD} at (469,2452) size 296x141 [border: (1px inset #808080)] [r=17 c=2 rs=1 cs=1]
              RenderText {#text} at (12,11) size 272x119
                text run at (12,11) width 272: "test test test test test test test test test test test"
                text run at (12,28) width 101: "test test test test "
                text run at (112,28) width 172: "test test test test test test test"
                text run at (12,45) width 201: "test test test test test test test test "
                text run at (212,45) width 72: "test test test"
                text run at (12,62) width 272: "test test test test test test test test test test test"
                text run at (12,79) width 26: "test "
                text run at (37,79) width 247: "test test test test test test test test test test"
                text run at (12,96) width 126: "test test test test test "
                text run at (137,96) width 147: "test test test test test test"
                text run at (37,113) width 222: "test test test test test test test test test"
          RenderTableRow {TR} at (0,2595) size 767x152
            RenderTableCell {TD} at (2,2651) size 36x40 [border: (1px inset #808080)] [r=18 c=0 rs=1 cs=1]
              RenderText {#text} at (12,11) size 12x18
                text run at (12,12) width 12: "R"
            RenderTableCell {TD} at (40,2595) size 427x152 [border: (1px inset #808080)] [r=18 c=1 rs=1 cs=1]
              RenderImage {IMG} at (41,11) size 345x130
            RenderTableCell {TD} at (469,2600) size 296x142 [border: (1px inset #808080)] [r=18 c=2 rs=1 cs=1]
              RenderText {#text} at (12,11) size 272x120
                text run at (12,12) width 272: "test test test test test test test test test test test"
                text run at (12,29) width 101: "test test test test "
                text run at (112,29) width 172: "test test test test test test test"
                text run at (12,46) width 201: "test test test test test test test test "
                text run at (212,46) width 72: "test test test"
                text run at (12,63) width 272: "test test test test test test test test test test test"
                text run at (12,80) width 26: "test "
                text run at (37,80) width 247: "test test test test test test test test test test"
                text run at (12,97) width 126: "test test test test test "
                text run at (137,97) width 147: "test test test test test test"
                text run at (37,114) width 222: "test test test test test test test test test"
