layer at (0,0) size 785x702
  RenderView at (0,0) size 785x600
layer at (0,0) size 785x702
  RenderBlock {HTML} at (0,0) size 785x702
    RenderBody {BODY} at (8,8) size 769x686
      RenderTable {TABLE} at (0,0) size 769x686
        RenderTableSection {TBODY} at (0,0) size 769x686
          RenderTableRow {TR} at (0,2) size 769x682
            RenderTableCell {TD} at (2,308) size 728x70 [r=0 c=0 rs=1 cs=1]
              RenderText {#text} at (1,1) size 726x68
                text run at (1,1) width 708: "This is some text to fill a table cell. This is some text to fill a table cell. This is some text to fill a table cell. This is"
                text run at (1,18) width 726: "some text to fill a table cell. This is some text to fill a table cell. This is some text to fill a table cell. This is some text"
                text run at (1,35) width 710: "to fill a table cell. This is some text to fill a table cell. This is some text to fill a table cell. This is some text to fill a"
                text run at (1,52) width 504: "table cell. This is some text to fill a table cell. This is some text to fill a table cell."
            RenderTableCell {TD} at (732,2) size 35x682 [r=0 c=1 rs=1 cs=1]
              RenderText {#text} at (1,1) size 33x680
                text run at (1,1) width 28: "This"
                text run at (1,18) width 10: "is"
                text run at (1,35) width 33: "some"
                text run at (1,52) width 23: "text"
                text run at (1,69) width 33: "to fill"
                text run at (1,86) width 7: "a"
                text run at (1,103) width 30: "table"
                text run at (1,120) width 26: "cell."
                text run at (1,137) width 28: "This"
                text run at (1,154) width 10: "is"
                text run at (1,171) width 33: "some"
                text run at (1,188) width 23: "text"
                text run at (1,205) width 33: "to fill"
                text run at (1,222) width 7: "a"
                text run at (1,239) width 30: "table"
                text run at (1,256) width 26: "cell."
                text run at (1,273) width 28: "This"
                text run at (1,290) width 10: "is"
                text run at (1,307) width 33: "some"
                text run at (1,324) width 23: "text"
                text run at (1,341) width 33: "to fill"
                text run at (1,358) width 7: "a"
                text run at (1,375) width 30: "table"
                text run at (1,392) width 26: "cell."
                text run at (1,409) width 28: "This"
                text run at (1,426) width 10: "is"
                text run at (1,443) width 33: "some"
                text run at (1,460) width 23: "text"
                text run at (1,477) width 33: "to fill"
                text run at (1,494) width 7: "a"
                text run at (1,511) width 30: "table"
                text run at (1,528) width 26: "cell."
                text run at (1,545) width 28: "This"
                text run at (1,562) width 10: "is"
                text run at (1,579) width 33: "some"
                text run at (1,596) width 23: "text"
                text run at (1,613) width 33: "to fill"
                text run at (1,630) width 7: "a"
                text run at (1,647) width 30: "table"
                text run at (1,664) width 26: "cell."
