layer at (0,0) size 800x600
  RenderView at (0,0) size 800x600
layer at (0,0) size 800x174
  RenderBlock {HTML} at (0,0) size 800x174
    RenderBody {BODY} at (8,8) size 784x158
      RenderTable {TABLE} at (0,0) size 200x139 [bgcolor=#008000]
        RenderTableSection {TBODY} at (0,0) size 200x139
          RenderTableRow {TR} at (0,60) size 200x19 [bgcolor=#FF0000]
            RenderTableCell {TD} at (60,60) size 80x19 [r=0 c=0 rs=1 cs=1]
              RenderText {#text} at (1,1) size 21x17
                text run at (1,1) width 21: "foo"
      RenderBlock {DIV} at (0,139) size 262x19 [border: (1px solid #000000)]
        RenderText {#text} at (1,1) size 40x17
          text run at (1,1) width 40: "260px"
