layer at (0,0) size 800x600
  RenderView at (0,0) size 800x600
layer at (0,0) size 800x600
  RenderBlock {HTML} at (0,0) size 800x600
    RenderBody {BODY} at (8,8) size 784x584
      RenderBlock {H3} at (0,0) size 784x21
        RenderText {#text} at (0,0) size 164x21
          text run at (0,0) width 164: "Default Appearance"
      RenderBlock (anonymous) at (0,39) size 784x41
        RenderText {#text} at (0,0) size 456x17
          text run at (0,0) width 456: "List color controls have different appearance if ENABLE(DATALIST)."
        RenderBR {BR} at (456,14) size 0x0
        RenderBlock {INPUT} at (0,17) size 44x23 [bgcolor=#FFFFFF] [border: (2px inset #000000)]
          RenderFlexibleBox {DIV} at (3,3) size 38x17
            RenderBlock {DIV} at (2,4) size 34x9 [bgcolor=#000000] [border: (1px solid #777777)]
        RenderBlock {INPUT} at (44,17) size 44x23 [bgcolor=#FFFFFF] [border: (2px inset #000000)]
          RenderFlexibleBox {DIV} at (3,3) size 38x17
            RenderBlock {DIV} at (2,4) size 34x9 [bgcolor=#000000] [border: (1px solid #777777)]
        RenderText {#text} at (0,0) size 0x0
      RenderBlock {H3} at (0,98) size 784x22
        RenderText {#text} at (0,0) size 160x21
          text run at (0,0) width 160: "Different Font Sizes"
      RenderBlock (anonymous) at (0,138) size 784x41
        RenderText {#text} at (0,0) size 577x17
          text run at (0,0) width 577: "List color controls have different sizes depending on font sizes. Normal color controls don't."
        RenderBR {BR} at (577,14) size 0x0
        RenderBlock {INPUT} at (0,17) size 44x23 [bgcolor=#FFFFFF] [border: (2px inset #000000)]
          RenderFlexibleBox {DIV} at (3,3) size 38x17
            RenderBlock {DIV} at (2,4) size 34x9 [bgcolor=#00FF00] [border: (1px solid #777777)]
        RenderText {#text} at (44,18) size 4x17
          text run at (44,18) width 4: " "
        RenderBlock {INPUT} at (48,17) size 44x23 [bgcolor=#FFFFFF] [border: (2px inset #000000)]
          RenderFlexibleBox {DIV} at (3,3) size 38x17
            RenderBlock {DIV} at (2,4) size 34x9 [bgcolor=#00FF00] [border: (1px solid #777777)]
        RenderText {#text} at (92,18) size 4x17
          text run at (92,18) width 4: " "
        RenderBlock {INPUT} at (96,17) size 44x23 [bgcolor=#FFFFFF] [border: (2px inset #000000)]
          RenderFlexibleBox {DIV} at (3,3) size 38x17
            RenderBlock {DIV} at (2,4) size 34x9 [bgcolor=#00FF00] [border: (1px solid #777777)]
        RenderText {#text} at (140,18) size 4x17
          text run at (140,18) width 4: " "
        RenderBlock {INPUT} at (144,17) size 44x23 [bgcolor=#FFFFFF] [border: (2px inset #000000)]
          RenderFlexibleBox {DIV} at (3,3) size 38x17
            RenderBlock {DIV} at (2,4) size 34x9 [bgcolor=#00FF00] [border: (1px solid #777777)]
        RenderText {#text} at (188,18) size 4x17
          text run at (188,18) width 4: " "
        RenderBlock {INPUT} at (192,17) size 44x23 [bgcolor=#FFFFFF] [border: (2px inset #000000)]
          RenderFlexibleBox {DIV} at (3,3) size 38x17
            RenderBlock {DIV} at (2,4) size 34x9 [bgcolor=#00FF00] [border: (1px solid #777777)]
        RenderText {#text} at (236,18) size 4x17
          text run at (236,18) width 4: " "
        RenderBlock {INPUT} at (240,17) size 44x23 [bgcolor=#FFFFFF] [border: (2px inset #000000)]
          RenderFlexibleBox {DIV} at (3,3) size 38x17
            RenderBlock {DIV} at (2,4) size 34x9 [bgcolor=#00FF00] [border: (1px solid #777777)]
        RenderText {#text} at (0,0) size 0x0
      RenderBlock {H3} at (0,196) size 784x22
        RenderText {#text} at (0,0) size 124x21
          text run at (0,0) width 124: "Various Colors"
      RenderBlock (anonymous) at (0,236) size 784x24
        RenderBlock {INPUT} at (0,0) size 44x23 [bgcolor=#FFFFFF] [border: (2px inset #000000)]
          RenderFlexibleBox {DIV} at (3,3) size 38x17
            RenderBlock {DIV} at (2,4) size 34x9 [bgcolor=#FF0000] [border: (1px solid #777777)]
        RenderText {#text} at (44,1) size 4x17
          text run at (44,1) width 4: " "
        RenderBlock {INPUT} at (48,0) size 44x23 [bgcolor=#FFFFFF] [border: (2px inset #000000)]
          RenderFlexibleBox {DIV} at (3,3) size 38x17
            RenderBlock {DIV} at (2,4) size 34x9 [bgcolor=#00FF00] [border: (1px solid #777777)]
        RenderText {#text} at (92,1) size 4x17
          text run at (92,1) width 4: " "
        RenderBlock {INPUT} at (96,0) size 44x23 [bgcolor=#FFFFFF] [border: (2px inset #000000)]
          RenderFlexibleBox {DIV} at (3,3) size 38x17
            RenderBlock {DIV} at (2,4) size 34x9 [bgcolor=#0000FF] [border: (1px solid #777777)]
        RenderText {#text} at (140,1) size 4x17
          text run at (140,1) width 4: " "
        RenderBlock {INPUT} at (144,0) size 44x23 [bgcolor=#FFFFFF] [border: (2px inset #000000)]
          RenderFlexibleBox {DIV} at (3,3) size 38x17
            RenderBlock {DIV} at (2,4) size 34x9 [bgcolor=#EC008C] [border: (1px solid #777777)]
        RenderText {#text} at (188,1) size 4x17
          text run at (188,1) width 4: " "
        RenderBlock {INPUT} at (192,0) size 44x23 [bgcolor=#FFFFFF] [border: (2px inset #000000)]
          RenderFlexibleBox {DIV} at (3,3) size 38x17
            RenderBlock {DIV} at (2,4) size 34x9 [bgcolor=#40E0D0] [border: (1px solid #777777)]
        RenderText {#text} at (236,1) size 4x17
          text run at (236,1) width 4: " "
        RenderBlock {INPUT} at (240,0) size 44x23 [bgcolor=#FFFFFF] [border: (2px inset #000000)]
          RenderFlexibleBox {DIV} at (3,3) size 38x17
            RenderBlock {DIV} at (2,4) size 34x9 [bgcolor=#FF0000] [border: (1px solid #777777)]
        RenderText {#text} at (284,1) size 4x17
          text run at (284,1) width 4: " "
        RenderBlock {INPUT} at (288,0) size 44x23 [bgcolor=#FFFFFF] [border: (2px inset #000000)]
          RenderFlexibleBox {DIV} at (3,3) size 38x17
            RenderBlock {DIV} at (2,4) size 34x9 [bgcolor=#00FF00] [border: (1px solid #777777)]
        RenderText {#text} at (332,1) size 4x17
          text run at (332,1) width 4: " "
        RenderBlock {INPUT} at (336,0) size 44x23 [bgcolor=#FFFFFF] [border: (2px inset #000000)]
          RenderFlexibleBox {DIV} at (3,3) size 38x17
            RenderBlock {DIV} at (2,4) size 34x9 [bgcolor=#0000FF] [border: (1px solid #777777)]
        RenderText {#text} at (380,1) size 4x17
          text run at (380,1) width 4: " "
        RenderBlock {INPUT} at (384,0) size 44x23 [bgcolor=#FFFFFF] [border: (2px inset #000000)]
          RenderFlexibleBox {DIV} at (3,3) size 38x17
            RenderBlock {DIV} at (2,4) size 34x9 [bgcolor=#EC008C] [border: (1px solid #777777)]
        RenderText {#text} at (428,1) size 4x17
          text run at (428,1) width 4: " "
        RenderBlock {INPUT} at (432,0) size 44x23 [bgcolor=#FFFFFF] [border: (2px inset #000000)]
          RenderFlexibleBox {DIV} at (3,3) size 38x17
            RenderBlock {DIV} at (2,4) size 34x9 [bgcolor=#40E0D0] [border: (1px solid #777777)]
        RenderText {#text} at (0,0) size 0x0
      RenderBlock {H3} at (0,278) size 784x22
        RenderText {#text} at (0,0) size 117x21
          text run at (0,0) width 117: "Arbitrary Size"
      RenderBlock (anonymous) at (0,318) size 784x31
        RenderBlock {INPUT} at (0,0) size 100x30 [bgcolor=#FFFFFF] [border: (2px inset #000000)]
          RenderFlexibleBox {DIV} at (3,3) size 94x24
            RenderBlock {DIV} at (2,4) size 90x16 [bgcolor=#FF0000] [border: (1px solid #777777)]
