layer at (0,0) size 800x791
  RenderView at (0,0) size 800x600
layer at (0,0) size 800x791
  RenderBlock {HTML} at (0,0) size 800x791
    RenderBody {BODY} at (0,0) size 800x791
      RenderTable {TABLE} at (0,0) size 800x29 [border: (2px solid #000000)]
        RenderTableSection {TBODY} at (2,2) size 796x25
          RenderTableRow {TR} at (0,0) size 796x25
            RenderTableCell {TD} at (0,12) size 0x0 [r=0 c=0 rs=1 cs=1]
            RenderTableCell {TD} at (0,2) size 796x20 [bgcolor=#FF0000] [r=0 c=1 rs=1 cs=1]
              RenderText {#text} at (0,0) size 225x19
                text run at (0,0) width 225: "First cell empty, second auto width"
      RenderTable {TABLE} at (0,29) size 800x29 [border: (2px solid #000000)]
        RenderTableSection {TBODY} at (2,2) size 796x25
          RenderTableRow {TR} at (0,0) size 796x25
            RenderTableCell {TD} at (0,12) size 0x0 [r=0 c=0 rs=1 cs=1]
            RenderTableCell {TD} at (0,2) size 796x20 [bgcolor=#FF0000] [r=0 c=1 rs=1 cs=1]
              RenderText {#text} at (0,0) size 245x19
                text run at (0,0) width 245: "First cell empty, second percent width"
      RenderTable {TABLE} at (0,58) size 800x29 [border: (2px solid #000000)]
        RenderTableSection {TBODY} at (2,2) size 796x25
          RenderTableRow {TR} at (0,0) size 796x25
            RenderTableCell {TD} at (0,12) size 0x0 [r=0 c=0 rs=1 cs=1]
            RenderTableCell {TD} at (0,2) size 796x20 [bgcolor=#FF0000] [r=0 c=1 rs=1 cs=1]
              RenderText {#text} at (0,0) size 231x19
                text run at (0,0) width 231: "First cell empty, second fixed width"
      RenderTable {TABLE} at (0,87) size 800x29 [border: (2px solid #000000)]
        RenderTableSection {TBODY} at (2,2) size 796x25
          RenderTableRow {TR} at (0,0) size 796x25
            RenderTableCell {TD} at (0,2) size 398x20 [r=0 c=0 rs=1 cs=1]
              RenderText {#text} at (0,0) size 4x19
                text run at (0,0) width 4: " "
            RenderTableCell {TD} at (398,2) size 398x20 [bgcolor=#FF0000] [r=0 c=1 rs=1 cs=1]
              RenderText {#text} at (0,0) size 341x19
                text run at (0,0) width 341: "First cell empty (with space) and has white-space:pre"
      RenderTable {TABLE} at (0,116) size 800x29 [border: (2px solid #000000)]
        RenderTableSection {TBODY} at (2,2) size 796x25
          RenderTableRow {TR} at (0,0) size 796x25
            RenderTableCell {TD} at (0,12) size 0x0 [r=0 c=0 rs=1 cs=1]
            RenderTableCell {TD} at (0,2) size 796x20 [bgcolor=#FF0000] [r=0 c=1 rs=1 cs=1]
              RenderText {#text} at (0,0) size 329x19
                text run at (0,0) width 329: "First cell empty (no space) and has white-space:pre"
      RenderTable {TABLE} at (0,145) size 800x29 [border: (2px solid #000000)]
        RenderTableSection {TBODY} at (2,2) size 796x25
          RenderTableRow {TR} at (0,0) size 796x25
            RenderTableCell {TD} at (0,10) size 398x4 [border: (2px solid #008000)] [r=0 c=0 rs=1 cs=1]
            RenderTableCell {TD} at (398,2) size 398x20 [bgcolor=#FF0000] [r=0 c=1 rs=1 cs=1]
              RenderText {#text} at (0,0) size 196x19
                text run at (0,0) width 196: "First cell empty but has border"
      RenderTable {TABLE} at (0,174) size 800x29 [border: (2px solid #000000)]
        RenderTableSection {TBODY} at (2,2) size 796x25
          RenderTableRow {TR} at (0,0) size 796x25
            RenderTableCell {TD} at (0,10) size 398x4 [r=0 c=0 rs=1 cs=1]
            RenderTableCell {TD} at (398,2) size 398x20 [bgcolor=#FF0000] [r=0 c=1 rs=1 cs=1]
              RenderText {#text} at (0,0) size 206x19
                text run at (0,0) width 206: "First cell empty but has padding"
      RenderTable {TABLE} at (0,203) size 800x29 [border: (2px solid #000000)]
        RenderTableSection {TBODY} at (2,2) size 796x25
          RenderTableRow {TR} at (0,0) size 796x25
            RenderTableCell {TD} at (0,11) size 398x2 [r=0 c=0 rs=1 cs=1]
            RenderTableCell {TD} at (398,1) size 398x22 [bgcolor=#FF0000] [r=0 c=1 rs=1 cs=1]
              RenderText {#text} at (1,1) size 244x19
                text run at (1,1) width 244: "First cell empty, table has cellpadding"
      RenderTable {TABLE} at (0,232) size 800x31 [border: (2px solid #000000)]
        RenderTableSection {TBODY} at (2,2) size 796x27
          RenderTableRow {TR} at (0,1) size 796x25
            RenderTableCell {TD} at (1,13) size 0x0 [r=0 c=0 rs=1 cs=1]
            RenderTableCell {TD} at (2,3) size 793x20 [bgcolor=#FF0000] [r=0 c=1 rs=1 cs=1]
              RenderText {#text} at (0,0) size 241x19
                text run at (0,0) width 241: "First cell empty, table has cellspacing"
      RenderTable {TABLE} at (0,263) size 800x29 [border: (2px solid #000000)]
        RenderTableSection {TBODY} at (2,2) size 796x25
          RenderTableRow {TR} at (0,0) size 796x25
            RenderTableCell {TD} at (0,12) size 0x0 [r=0 c=0 rs=1 cs=1]
            RenderTableCell {TD} at (0,2) size 796x20 [bgcolor=#FF0000] [r=0 c=1 rs=1 cs=1]
              RenderText {#text} at (0,0) size 200x19
                text run at (0,0) width 200: "First cell empty but has margin"
      RenderTable {TABLE} at (0,292) size 800x29 [border: (2px solid #000000)]
        RenderTableSection {TBODY} at (2,2) size 796x25
          RenderTableRow {TR} at (0,0) size 796x25
            RenderTableCell {TD} at (0,12) size 398x0 [bgcolor=#FFFF00] [r=0 c=0 rs=1 cs=1]
            RenderTableCell {TD} at (398,2) size 398x20 [bgcolor=#FF0000] [r=0 c=1 rs=1 cs=1]
              RenderText {#text} at (0,0) size 267x19
                text run at (0,0) width 267: "First cell empty but has background color"
      RenderTable {TABLE} at (0,321) size 800x54 [border: (2px solid #000000)]
        RenderTableSection {TBODY} at (2,2) size 796x50
          RenderTableRow {TR} at (0,0) size 796x25
            RenderTableCell {TD} at (0,12) size 398x0 [r=0 c=0 rs=1 cs=1]
            RenderTableCell {TD} at (398,2) size 398x20 [bgcolor=#FF0000] [r=0 c=1 rs=1 cs=1]
              RenderText {#text} at (0,0) size 164x19
                text run at (0,0) width 164: "First row, first cell empty"
          RenderTableRow {TR} at (0,25) size 796x25
            RenderTableCell {TD} at (0,27) size 398x20 [r=1 c=0 rs=1 cs=1]
              RenderText {#text} at (0,0) size 24x19
                text run at (0,0) width 24: "text"
            RenderTableCell {TD} at (398,27) size 398x20 [bgcolor=#FF0000] [r=1 c=1 rs=1 cs=1]
              RenderText {#text} at (0,0) size 206x19
                text run at (0,0) width 206: "Second row, first cell not empty"
      RenderTable {TABLE} at (0,375) size 800x54 [border: (2px solid #000000)]
        RenderTableSection {TBODY} at (2,2) size 796x50
          RenderTableRow {TR} at (0,0) size 796x25
            RenderTableCell {TD} at (0,12) size 0x0 [r=0 c=0 rs=1 cs=1]
            RenderTableCell {TD} at (0,2) size 796x20 [bgcolor=#FF0000] [r=0 c=1 rs=1 cs=1]
              RenderText {#text} at (0,0) size 164x19
                text run at (0,0) width 164: "First row, first cell empty"
          RenderTableRow {TR} at (0,25) size 796x25
            RenderTableCell {TD} at (0,37) size 0x0 [r=1 c=0 rs=1 cs=1]
            RenderTableCell {TD} at (0,27) size 796x20 [bgcolor=#FF0000] [r=1 c=1 rs=1 cs=1]
              RenderText {#text} at (0,0) size 181x19
                text run at (0,0) width 181: "Second row, first cell empty"
      RenderTable {TABLE} at (0,429) size 800x29 [border: (2px solid #000000)]
        RenderTableSection {TBODY} at (2,2) size 796x25
          RenderTableRow {TR} at (0,0) size 796x25
            RenderTableCell {TD} at (0,12) size 398x0 [r=0 c=0 rs=1 cs=2]
            RenderTableCell {TD} at (398,2) size 398x20 [bgcolor=#FF0000] [r=0 c=2 rs=1 cs=1]
              RenderText {#text} at (0,0) size 183x19
                text run at (0,0) width 183: "First cell empty, has colspan"
      RenderTable {TABLE} at (0,458) size 800x54 [border: (2px solid #000000)]
        RenderTableSection {TBODY} at (2,2) size 796x50
          RenderTableRow {TR} at (0,0) size 796x25
            RenderTableCell {TD} at (0,12) size 0x0 [r=0 c=0 rs=1 cs=1]
            RenderTableCell {TD} at (0,2) size 398x20 [bgcolor=#FF0000] [r=0 c=1 rs=1 cs=1]
              RenderText {#text} at (0,0) size 24x19
                text run at (0,0) width 24: "text"
            RenderTableCell {TD} at (398,2) size 398x20 [bgcolor=#FF0000] [r=0 c=2 rs=1 cs=1]
              RenderText {#text} at (0,0) size 316x19
                text run at (0,0) width 316: "First row, first cell empty, second cell non-empty"
          RenderTableRow {TR} at (0,25) size 796x25
            RenderTableCell {TD} at (0,37) size 398x0 [r=1 c=0 rs=1 cs=2]
            RenderTableCell {TD} at (398,27) size 398x20 [bgcolor=#FF0000] [r=1 c=2 rs=1 cs=1]
              RenderText {#text} at (0,0) size 284x19
                text run at (0,0) width 284: "Second row, first cell empty with colspan=2"
      RenderTable {TABLE} at (0,512) size 800x54 [border: (2px solid #000000)]
        RenderTableSection {TBODY} at (2,2) size 796x50
          RenderTableRow {TR} at (0,0) size 796x25
            RenderTableCell {TD} at (0,2) size 398x20 [bgcolor=#FF0000] [r=0 c=0 rs=1 cs=1]
              RenderText {#text} at (0,0) size 24x19
                text run at (0,0) width 24: "text"
            RenderTableCell {TD} at (398,12) size 0x0 [r=0 c=1 rs=1 cs=1]
            RenderTableCell {TD} at (398,2) size 398x20 [bgcolor=#FF0000] [r=0 c=2 rs=1 cs=1]
              RenderText {#text} at (0,0) size 316x19
                text run at (0,0) width 316: "First row, first cell non-empty, second cell empty"
          RenderTableRow {TR} at (0,25) size 796x25
            RenderTableCell {TD} at (0,37) size 398x0 [r=1 c=0 rs=1 cs=2]
            RenderTableCell {TD} at (398,27) size 398x20 [bgcolor=#FF0000] [r=1 c=2 rs=1 cs=1]
              RenderText {#text} at (0,0) size 284x19
                text run at (0,0) width 284: "Second row, first cell empty with colspan=2"
      RenderTable {TABLE} at (0,566) size 800x54 [border: (2px solid #000000)]
        RenderTableSection {TBODY} at (2,2) size 796x50
          RenderTableRow {TR} at (0,0) size 796x25
            RenderTableCell {TD} at (0,12) size 199x0 [r=0 c=0 rs=1 cs=1]
            RenderTableCell {TD} at (199,12) size 199x0 [r=0 c=1 rs=1 cs=1]
            RenderTableCell {TD} at (398,2) size 398x20 [bgcolor=#FF0000] [r=0 c=2 rs=1 cs=1]
              RenderText {#text} at (0,0) size 239x19
                text run at (0,0) width 239: "First row, first and second cell empty"
          RenderTableRow {TR} at (0,25) size 796x25
            RenderTableCell {TD} at (0,37) size 398x0 [r=1 c=0 rs=1 cs=2]
            RenderTableCell {TD} at (398,27) size 398x20 [bgcolor=#FF0000] [r=1 c=2 rs=1 cs=1]
              RenderText {#text} at (0,0) size 281x19
                text run at (0,0) width 281: "Second row, first cell empty, has colspan=2"
      RenderTable {TABLE} at (0,620) size 800x69 [border: (2px solid #000000)]
        RenderTableSection {TBODY} at (2,2) size 796x65
          RenderTableRow {TR} at (0,0) size 796x25
            RenderTableCell {TD} at (0,12) size 199x0 [r=0 c=0 rs=1 cs=1]
            RenderTableCell {TD} at (199,12) size 199x0 [r=0 c=1 rs=1 cs=1]
            RenderTableCell {TD} at (398,2) size 398x20 [bgcolor=#FF0000] [r=0 c=2 rs=1 cs=1]
              RenderText {#text} at (0,0) size 239x19
                text run at (0,0) width 239: "First row, first and second cell empty"
          RenderTableRow {TR} at (0,25) size 796x40
            RenderTableCell {TD} at (0,45) size 398x0 [r=1 c=0 rs=1 cs=2]
            RenderTableCell {TD} at (398,25) size 398x40 [bgcolor=#FF0000] [r=1 c=2 rs=1 cs=1]
              RenderText {#text} at (0,0) size 359x39
                text run at (0,0) width 359: "Second row, first cell empty, has colspan=2 and percent"
                text run at (0,20) width 37: "width"
      RenderTable {TABLE} at (0,689) size 800x54 [border: (2px solid #000000)]
        RenderTableSection {TBODY} at (2,2) size 796x50
          RenderTableRow {TR} at (0,0) size 796x25
            RenderTableCell {TD} at (0,12) size 199x0 [r=0 c=0 rs=1 cs=1]
            RenderTableCell {TD} at (199,12) size 199x0 [r=0 c=1 rs=1 cs=1]
            RenderTableCell {TD} at (398,2) size 398x20 [bgcolor=#FF0000] [r=0 c=2 rs=1 cs=1]
              RenderText {#text} at (0,0) size 239x19
                text run at (0,0) width 239: "First row, first and second cell empty"
          RenderTableRow {TR} at (0,25) size 796x25
            RenderTableCell {TD} at (0,37) size 398x0 [r=1 c=0 rs=1 cs=2]
            RenderTableCell {TD} at (398,27) size 398x20 [bgcolor=#FF0000] [r=1 c=2 rs=1 cs=1]
              RenderText {#text} at (0,0) size 385x19
                text run at (0,0) width 385: "Second row, first cell empty, has colspan=2 and fixed width"
      RenderBlock (anonymous) at (0,743) size 800x20
        RenderText {#text} at (0,0) size 103x19
          text run at (0,0) width 103: "One empty cell:"
      RenderTable {TABLE} at (0,763) size 800x4 [border: (2px solid #000000)]
        RenderTableSection {TBODY} at (2,2) size 796x0
          RenderTableRow {TR} at (0,0) size 796x0
            RenderTableCell {TD} at (0,0) size 0x0 [r=0 c=0 rs=1 cs=1]
      RenderBlock (anonymous) at (0,767) size 800x20
        RenderText {#text} at (0,0) size 112x19
          text run at (0,0) width 112: "Two empty cells:"
      RenderTable {TABLE} at (0,787) size 800x4 [border: (2px solid #000000)]
        RenderTableSection {TBODY} at (2,2) size 796x0
          RenderTableRow {TR} at (0,0) size 796x0
            RenderTableCell {TD} at (0,0) size 0x0 [r=0 c=0 rs=1 cs=1]
            RenderTableCell {TD} at (0,0) size 0x0 [r=0 c=1 rs=1 cs=1]
