layer at (0,0) size 800x600
  RenderView at (0,0) size 800x600
layer at (0,0) size 800x600
  RenderBlock {HTML} at (0,0) size 800x600
    RenderBody {BODY} at (8,8) size 784x584
      RenderMenuList {SELECT} at (2,0) size 58x20 [bgcolor=#FFFFFF02] [border: (1px solid #4C4C4C)]
        RenderBlock (anonymous) at (6,3) size 46x14
          RenderText at (0,0) size 26x14
            text run at (0,0) width 26: "Hello"
      RenderBlock (anonymous) at (0,22) size 784x20
        RenderText {#text} at (0,0) size 297x19
          text run at (0,0) width 297: "This text should be *below* the select widget."
