layer at (0,0) size 800x600
  RenderView at (0,0) size 800x600
layer at (0,0) size 800x600
  RenderBlock {HTML} at (0,0) size 800x600
    RenderBody {BODY} at (8,8) size 784x579
      RenderBlock {P} at (0,0) size 784x40
        RenderInline {A} at (0,0) size 63x19 [color=#0000EE]
          RenderText {#text} at (0,0) size 63x19
            text run at (0,0) width 63: "Bug 5656"
        RenderText {#text} at (62,0) size 780x39
          text run at (62,0) width 718: " tests whether buttons force a white-space mode or not. These tests will only pass if the white-space mode is not"
          text run at (0,20) width 175: "forced and if it is inherited."
      RenderBlock {DIV} at (0,56) size 784x20
        RenderText {#text} at (0,0) size 365x19
          text run at (0,0) width 365: "Buttons should appear next to each other in a single row:"
      RenderTable {TABLE} at (0,76) size 203x30
        RenderTableSection {TBODY} at (0,0) size 203x30
          RenderTableRow {TR} at (0,2) size 203x26
            RenderTableCell {TD} at (2,2) size 199x26 [r=0 c=0 rs=1 cs=1]
              RenderButton {BUTTON} at (3,3) size 83x20 [bgcolor=#FFFFFF02] [border: (1px solid #4C4C4C)]
                RenderBlock (anonymous) at (12,3) size 59x14
                  RenderText {#text} at (0,0) size 59x14
                    text run at (0,0) width 59: "Search Mail"
              RenderText {#text} at (87,2) size 5x19
                text run at (87,2) width 5: " "
              RenderButton {BUTTON} at (93,3) size 103x20 [bgcolor=#FFFFFF02] [border: (1px solid #4C4C4C)]
                RenderBlock (anonymous) at (12,3) size 79x14
                  RenderText {#text} at (0,0) size 79x14
                    text run at (0,0) width 79: "Search the Web"
              RenderText {#text} at (0,0) size 0x0
      RenderBlock {DIV} at (0,106) size 784x20
        RenderText {#text} at (0,0) size 193x19
          text run at (0,0) width 193: "Buttons should look identical:"
      RenderBlock {DIV} at (0,126) size 784x24
        RenderButton {BUTTON} at (2,2) size 76x20 [bgcolor=#FFFFFF02] [border: (1px solid #4C4C4C)]
          RenderBlock (anonymous) at (12,3) size 52x14
            RenderText {#text} at (0,0) size 52x14
              text run at (0,0) width 52: "test button"
      RenderBlock {DIV} at (0,150) size 784x24
        RenderButton {BUTTON} at (2,2) size 76x20 [bgcolor=#FFFFFF02] [border: (1px solid #4C4C4C)]
          RenderBlock (anonymous) at (12,3) size 52x14
            RenderText {#text} at (0,0) size 52x14
              text run at (0,0) width 21: "test "
              text run at (20,0) width 32: "button"
      RenderBlock {DIV} at (0,174) size 784x20
        RenderText {#text} at (0,0) size 353x19
          text run at (0,0) width 353: "Buttons should look identical (ignore vertical spacing):"
      RenderBlock {DIV} at (0,194) size 784x24
        RenderButton {BUTTON} at (2,2) size 91x20 [bgcolor=#FFFFFF02] [border: (1px solid #4C4C4C)]
          RenderBlock (anonymous) at (12,3) size 67x14
            RenderText {#text} at (0,0) size 67x14
              text run at (0,0) width 67: "  test  button  "
      RenderBlock {DIV} at (0,218) size 784x24
        RenderButton {BUTTON} at (2,2) size 91x20 [bgcolor=#FFFFFF02] [border: (1px solid #4C4C4C)]
          RenderBlock (anonymous) at (12,3) size 67x14
            RenderText {#text} at (0,0) size 67x14
              text run at (0,0) width 67: "  test  button  "
      RenderBlock {DIV} at (0,255) size 784x24
        RenderBlock {PRE} at (0,0) size 784x24
          RenderButton {BUTTON} at (2,2) size 91x20 [bgcolor=#FFFFFF02] [border: (1px solid #4C4C4C)]
            RenderBlock (anonymous) at (12,3) size 67x14
              RenderText {#text} at (0,0) size 67x14
                text run at (0,0) width 67: "  test  button  "
