layer at (0,0) size 800x600
  RenderView at (0,0) size 800x600
layer at (0,0) size 800x600
  RenderBlock {HTML} at (0,0) size 800x600
    RenderBody {BODY} at (8,8) size 784x572
      RenderBlock {P} at (0,0) size 784x40
        RenderText {#text} at (0,0) size 55x19
          text run at (0,0) width 55: "Test for "
        RenderInline {I} at (0,0) size 772x39
          RenderInline {A} at (0,0) size 306x19 [color=#0000EE]
            RenderText {#text} at (54,0) size 306x19
              text run at (54,0) width 306: "http://bugs.webkit.org/show_bug.cgi?id=17033"
          RenderText {#text} at (359,0) size 772x39
            text run at (359,0) width 5: " "
            text run at (363,0) width 409: "REGRESSION: Really long <option> causes unnecessary page"
            text run at (0,20) width 230: "scroll bars to accommodate content"
        RenderText {#text} at (229,20) size 5x19
          text run at (229,20) width 5: "."
      RenderBlock {P} at (0,56) size 784x20
        RenderText {#text} at (0,0) size 408x19
          text run at (0,0) width 408: "There should not be scroll bars below the popup and the button."
layer at (8,100) size 100x50
  RenderBlock {DIV} at (0,92) size 100x50
    RenderMenuList {SELECT} at (0,2) size 80x20 [bgcolor=#FFFFFF02] [border: (1px solid #4C4C4C)]
      RenderBlock (anonymous) at (6,3) size 68x14
        RenderText at (0,0) size 133x14
          text run at (0,0) width 133: "Lorem ipsum dolor sit amet"
    RenderText {#text} at (0,0) size 0x0
layer at (8,170) size 100x50
  RenderBlock {DIV} at (0,162) size 100x50
    RenderButton {BUTTON} at (0,2) size 80x20 [bgcolor=#FFFFFF02] [border: (1px solid #4C4C4C)]
      RenderBlock (anonymous) at (12,3) size 56x14
        RenderText {#text} at (0,0) size 133x14
          text run at (0,0) width 133: "Lorem ipsum dolor sit amet"
    RenderText {#text} at (0,0) size 0x0
