layer at (0,0) size 1070x600
  RenderView at (0,0) size 800x600
layer at (0,0) size 800x600
  RenderBlock {HTML} at (0,0) size 800x600
    RenderBody {BODY} at (8,8) size 784x584
      RenderTable {TABLE} at (0,0) size 1062x116
        RenderTableSection {TBODY} at (0,0) size 1062x116
          RenderTableRow {TR} at (0,2) size 1062x22
            RenderTableCell {TH} at (2,12) size 86x2 [r=0 c=0 rs=1 cs=1]
            RenderTableCell {TH} at (90,12) size 241x2 [r=0 c=1 rs=1 cs=1]
            RenderTableCell {TH} at (333,2) size 241x22 [r=0 c=2 rs=1 cs=1]
              RenderText {#text} at (74,1) size 93x19
                text run at (74,1) width 93: "text-align:left"
            RenderTableCell {TH} at (576,2) size 241x22 [r=0 c=3 rs=1 cs=1]
              RenderText {#text} at (64,1) size 113x19
                text run at (64,1) width 113: "text-align:center"
            RenderTableCell {TH} at (819,2) size 241x22 [r=0 c=4 rs=1 cs=1]
              RenderText {#text} at (68,1) size 105x19
                text run at (68,1) width 105: "text-align:right"
          RenderTableRow {TR} at (0,26) size 1062x28
            RenderTableCell {TH} at (2,39) size 86x2 [r=1 c=0 rs=1 cs=1]
            RenderTableCell {TD} at (90,26) size 241x28 [border: (1px solid #000000)] [r=1 c=1 rs=1 cs=1]
              RenderFileUploadControl {INPUT} at (4,4) size 233x20 "no file selected"
                RenderButton {INPUT} at (0,0) size 83x20 [bgcolor=#FFFFFF02] [border: (1px solid #4C4C4C)]
                  RenderBlock (anonymous) at (12,3) size 59x14
                    RenderText at (0,0) size 59x14
                      text run at (0,0) width 59: "Choose File"
            RenderTableCell {TD} at (333,26) size 241x28 [border: (1px solid #000000)] [r=1 c=2 rs=1 cs=1]
              RenderFileUploadControl {INPUT} at (4,4) size 233x20 "no file selected"
                RenderButton {INPUT} at (0,0) size 83x20 [bgcolor=#FFFFFF02] [border: (1px solid #4C4C4C)]
                  RenderBlock (anonymous) at (12,3) size 59x14
                    RenderText at (0,0) size 59x14
                      text run at (0,0) width 59: "Choose File"
            RenderTableCell {TD} at (576,26) size 241x28 [border: (1px solid #000000)] [r=1 c=3 rs=1 cs=1]
              RenderFileUploadControl {INPUT} at (4,4) size 233x20 "no file selected"
                RenderButton {INPUT} at (0,0) size 83x20 [bgcolor=#FFFFFF02] [border: (1px solid #4C4C4C)]
                  RenderBlock (anonymous) at (12,3) size 59x14
                    RenderText at (0,0) size 59x14
                      text run at (0,0) width 59: "Choose File"
            RenderTableCell {TD} at (819,26) size 241x28 [border: (1px solid #000000)] [r=1 c=4 rs=1 cs=1]
              RenderFileUploadControl {INPUT} at (4,4) size 233x20 "no file selected"
                RenderButton {INPUT} at (0,0) size 83x20 [bgcolor=#FFFFFF02] [border: (1px solid #4C4C4C)]
                  RenderBlock (anonymous) at (12,3) size 59x14
                    RenderText at (0,0) size 59x14
                      text run at (0,0) width 59: "Choose File"
          RenderTableRow {TR} at (0,56) size 1062x28
            RenderTableCell {TH} at (2,59) size 86x22 [r=2 c=0 rs=1 cs=1]
              RenderText {#text} at (1,1) size 84x19
                text run at (1,1) width 84: "direction:ltr"
            RenderTableCell {TD} at (90,56) size 241x28 [border: (1px solid #000000)] [r=2 c=1 rs=1 cs=1]
              RenderFileUploadControl {INPUT} at (4,4) size 233x20 "no file selected"
                RenderButton {INPUT} at (0,0) size 83x20 [bgcolor=#FFFFFF02] [border: (1px solid #4C4C4C)]
                  RenderBlock (anonymous) at (12,3) size 59x14
                    RenderText at (0,0) size 59x14
                      text run at (0,0) width 59: "Choose File"
            RenderTableCell {TD} at (333,56) size 241x28 [border: (1px solid #000000)] [r=2 c=2 rs=1 cs=1]
              RenderFileUploadControl {INPUT} at (4,4) size 233x20 "no file selected"
                RenderButton {INPUT} at (0,0) size 83x20 [bgcolor=#FFFFFF02] [border: (1px solid #4C4C4C)]
                  RenderBlock (anonymous) at (12,3) size 59x14
                    RenderText at (0,0) size 59x14
                      text run at (0,0) width 59: "Choose File"
            RenderTableCell {TD} at (576,56) size 241x28 [border: (1px solid #000000)] [r=2 c=3 rs=1 cs=1]
              RenderFileUploadControl {INPUT} at (4,4) size 233x20 "no file selected"
                RenderButton {INPUT} at (0,0) size 83x20 [bgcolor=#FFFFFF02] [border: (1px solid #4C4C4C)]
                  RenderBlock (anonymous) at (12,3) size 59x14
                    RenderText at (0,0) size 59x14
                      text run at (0,0) width 59: "Choose File"
            RenderTableCell {TD} at (819,56) size 241x28 [border: (1px solid #000000)] [r=2 c=4 rs=1 cs=1]
              RenderFileUploadControl {INPUT} at (4,4) size 233x20 "no file selected"
                RenderButton {INPUT} at (0,0) size 83x20 [bgcolor=#FFFFFF02] [border: (1px solid #4C4C4C)]
                  RenderBlock (anonymous) at (12,3) size 59x14
                    RenderText at (0,0) size 59x14
                      text run at (0,0) width 59: "Choose File"
          RenderTableRow {TR} at (0,86) size 1062x28
            RenderTableCell {TH} at (2,89) size 86x22 [r=3 c=0 rs=1 cs=1]
              RenderText {#text} at (1,1) size 84x19
                text run at (1,1) width 84: "direction:rtl"
            RenderTableCell {TD} at (90,86) size 241x28 [border: (1px solid #000000)] [r=3 c=1 rs=1 cs=1]
              RenderFileUploadControl {INPUT} at (4,4) size 233x20 "no file selected"
                RenderButton {INPUT} at (150,0) size 83x20 [bgcolor=#FFFFFF02] [border: (1px solid #4C4C4C)]
                  RenderBlock (anonymous) at (12,3) size 59x14
                    RenderText at (0,0) size 59x14
                      text run at (0,0) width 59: "Choose File"
            RenderTableCell {TD} at (333,86) size 241x28 [border: (1px solid #000000)] [r=3 c=2 rs=1 cs=1]
              RenderFileUploadControl {INPUT} at (4,4) size 233x20 "no file selected"
                RenderButton {INPUT} at (150,0) size 83x20 [bgcolor=#FFFFFF02] [border: (1px solid #4C4C4C)]
                  RenderBlock (anonymous) at (12,3) size 59x14
                    RenderText at (0,0) size 59x14
                      text run at (0,0) width 59: "Choose File"
            RenderTableCell {TD} at (576,86) size 241x28 [border: (1px solid #000000)] [r=3 c=3 rs=1 cs=1]
              RenderFileUploadControl {INPUT} at (4,4) size 233x20 "no file selected"
                RenderButton {INPUT} at (150,0) size 83x20 [bgcolor=#FFFFFF02] [border: (1px solid #4C4C4C)]
                  RenderBlock (anonymous) at (12,3) size 59x14
                    RenderText at (0,0) size 59x14
                      text run at (0,0) width 59: "Choose File"
            RenderTableCell {TD} at (819,86) size 241x28 [border: (1px solid #000000)] [r=3 c=4 rs=1 cs=1]
              RenderFileUploadControl {INPUT} at (4,4) size 233x20 "no file selected"
                RenderButton {INPUT} at (150,0) size 83x20 [bgcolor=#FFFFFF02] [border: (1px solid #4C4C4C)]
                  RenderBlock (anonymous) at (12,3) size 59x14
                    RenderText at (0,0) size 59x14
                      text run at (0,0) width 59: "Choose File"
