layer at (0,0) size 800x600
  RenderView at (0,0) size 800x600
layer at (0,0) size 800x600
  RenderBlock {HTML} at (0,0) size 800x600
    RenderBody {BODY} at (8,8) size 784x584
      RenderText {#text} at (0,0) size 610x19
        text run at (0,0) width 610: "The label attribute appears, but is missing the equals value piece, so the containing text is used."
      RenderBR {BR} at (609,15) size 1x0
      RenderMenuList {SELECT} at (2,22) size 420x20 [bgcolor=#FFFFFF02] [border: (1px solid #4C4C4C)]
        RenderBlock (anonymous) at (6,3) size 408x14
          RenderText at (0,0) size 388x14
            text run at (0,0) width 388: "the label attribute is mentioned but no value is specified; this text should appear"
      RenderText {#text} at (0,0) size 0x0
