layer at (0,0) size 800x600
  RenderView at (0,0) size 800x600
layer at (0,0) size 800x600
  RenderBlock {HTML} at (0,0) size 800x600
    RenderBody {BODY} at (8,8) size 784x576
      RenderBlock (anonymous) at (0,0) size 784x40
        RenderText {#text} at (0,0) size 768x39
          text run at (0,0) width 768: "Test the changing of an input type=IMAGE to type=TEXT. This test is to make sure that the height and width attributes"
          text run at (0,20) width 248: "are ignored for the new type of TEXT."
      RenderBlock {FORM} at (0,40) size 784x45
        RenderBR {BR} at (0,0) size 0x19
        RenderText {#text} at (0,21) size 92x19
          text run at (0,21) width 92: "input element "
        RenderTextControl {INPUT} at (94,22) size 137x21 [bgcolor=#FFFFFF] [border: (1px solid #4C4C4C)]
        RenderText {#text} at (0,0) size 0x0
layer at (108,73) size 125x14
  RenderBlock {DIV} at (6,3) size 125x14
