layer at (0,0) size 800x600
  RenderView at (0,0) size 800x600
layer at (0,0) size 800x600
  RenderBlock {HTML} at (0,0) size 800x600
    RenderBody {BODY} at (8,8) size 784x584
      RenderBlock {P} at (0,0) size 784x20
        RenderText {#text} at (0,0) size 265x19
          text run at (0,0) width 265: "Focus field with a placeholder, then type."
      RenderBlock {DIV} at (0,36) size 784x25
        RenderTextControl {INPUT} at (2,2) size 137x21 [bgcolor=#FFFFFF] [border: (1px solid #4C4C4C)]
        RenderText {#text} at (0,0) size 0x0
        RenderText {#text} at (0,0) size 0x0
layer at (16,49) size 125x14
  RenderBlock {DIV} at (6,3) size 125x14
    RenderText {#text} at (1,0) size 22x14
      text run at (1,0) width 22: "Text"
caret: position 4 of child 0 {#text} of child 0 {DIV} of {#shadow-root} of child 1 {INPUT} of child 3 {DIV} of body
