layer at (0,0) size 800x600
  RenderView at (0,0) size 800x600
layer at (0,0) size 800x600
  RenderBlock {HTML} at (0,0) size 800x600
    RenderBody {BODY} at (8,8) size 784x584
      RenderBlock {P} at (0,0) size 784x40
        RenderText {#text} at (0,0) size 763x39
          text run at (0,0) width 763: "Test appearances of spin buttons. Disabled state and read-only state should have appearances different from the normal"
          text run at (0,20) width 34: "state."
      RenderBlock {DIV} at (0,56) size 784x40
        RenderInline {LABEL} at (0,0) size 338x19
          RenderTextControl {INPUT} at (2,2) size 247x36 [bgcolor=#FFFFFF] [border: (1px solid #4C4C4C)]
          RenderText {#text} at (251,11) size 87x19
            text run at (251,11) width 87: " Normal state"
      RenderBlock {DIV} at (0,96) size 784x40
        RenderInline {LABEL} at (0,0) size 346x19
          RenderText {#text} at (251,11) size 95x19
            text run at (251,11) width 95: " Disabled state"
      RenderBlock {DIV} at (0,136) size 784x40
        RenderInline {LABEL} at (0,0) size 355x19
          RenderTextControl {INPUT} at (2,2) size 247x36 [bgcolor=#FFFFFF] [border: (1px solid #4C4C4C)]
          RenderText {#text} at (251,11) size 104x19
            text run at (251,11) width 104: " Read-only state"
layer at (21,71) size 225x24
  RenderBlock {DIV} at (11,5) size 225x24
    RenderText {#text} at (1,0) size 12x24
      text run at (1,0) width 12: "0"
layer at (21,151) size 225x24
  RenderBlock {DIV} at (11,5) size 225x24
    RenderText {#text} at (1,0) size 12x24
      text run at (1,0) width 12: "0"
layer at (10,106) size 247x36
  RenderTextControl {INPUT} at (2,2) size 247x36 [bgcolor=#FFFFFF] [border: (1px solid #4C4C4C)]
layer at (21,111) size 225x24
  RenderBlock {DIV} at (11,5) size 225x24 [color=#545454]
    RenderText {#text} at (1,0) size 12x24
      text run at (1,0) width 12: "0"
