layer at (0,0) size 800x600
  RenderView at (0,0) size 800x600
layer at (0,0) size 800x600
  RenderBlock {HTML} at (0,0) size 800x600
    RenderBody {BODY} at (8,8) size 784x584
      RenderMenuList {SELECT} at (0,2) size 100x36 [bgcolor=#FFFFFF02] [border: (1px solid #4C4C4C)]
        RenderBlock (anonymous) at (11,8) size 78x20
          RenderText at (0,0) size 140x20
            text run at (0,0) width 140: "0 Items"
      RenderText {#text} at (0,0) size 0x0
      RenderText {#text} at (0,0) size 0x0
