layer at (0,0) size 800x600
  RenderView at (0,0) size 800x600
layer at (0,0) size 800x600
  RenderBlock {HTML} at (0,0) size 800x600
    RenderBody {BODY} at (8,8) size 784x576
      RenderBlock {P} at (0,0) size 784x20
        RenderText {#text} at (0,0) size 55x19
          text run at (0,0) width 55: "Test for "
        RenderInline {I} at (0,0) size 582x19
          RenderInline {A} at (0,0) size 306x19 [color=#0000EE]
            RenderText {#text} at (54,0) size 306x19
              text run at (54,0) width 306: "http://bugs.webkit.org/show_bug.cgi?id=11362"
          RenderText {#text} at (359,0) size 277x19
            text run at (359,0) width 5: " "
            text run at (363,0) width 273: "Native popup with size=\"1\" wraps options"
        RenderText {#text} at (635,0) size 5x19
          text run at (635,0) width 5: "."
      RenderBlock {P} at (0,36) size 784x21
        RenderText {#text} at (0,0) size 36x19
          text run at (0,0) width 36: "With "
        RenderInline {TT} at (0,0) size 64x14
          RenderText {#text} at (35,5) size 64x14
            text run at (35,5) width 64: "size=\"1\""
        RenderText {#text} at (98,0) size 9x19
          text run at (98,0) width 9: ": "
        RenderMenuList {SELECT} at (106,3) size 101x16 [bgcolor=#FFFFFF02] [border: (1px solid #4C4C4C)]
          RenderBlock (anonymous) at (6,1) size 88x14
            RenderText at (0,0) size 158x14
              text run at (0,0) width 158: "Very long option that does not fit"
        RenderText {#text} at (0,0) size 0x0
      RenderBlock {P} at (0,73) size 784x21
        RenderText {#text} at (0,0) size 57x19
          text run at (0,0) width 57: "Without "
        RenderInline {TT} at (0,0) size 32x14
          RenderText {#text} at (56,5) size 32x14
            text run at (56,5) width 32: "size"
        RenderText {#text} at (87,0) size 10x19
          text run at (87,0) width 10: ": "
        RenderMenuList {SELECT} at (96,3) size 101x16 [bgcolor=#FFFFFF02] [border: (1px solid #4C4C4C)]
          RenderBlock (anonymous) at (6,1) size 88x14
            RenderText at (0,0) size 158x14
              text run at (0,0) width 158: "Very long option that does not fit"
        RenderText {#text} at (0,0) size 0x0
