layer at (0,0) size 800x600
  RenderView at (0,0) size 800x600
layer at (0,0) size 800x600
  RenderBlock {HTML} at (0,0) size 800x600
    RenderBody {BODY} at (8,8) size 784x576
      RenderBlock {P} at (0,0) size 784x20
        RenderText {#text} at (0,0) size 444x19
          text run at (0,0) width 444: "Test that a P with menulist-button appearance does not cause a crash."
      RenderBlock {P} at (0,36) size 784x29
        RenderText {#text} at (0,0) size 32x19
          text run at (0,0) width 32: "Test."
