layer at (0,0) size 800x600
  RenderView at (0,0) size 800x600
layer at (0,0) size 800x600
  RenderBlock {HTML} at (0,0) size 800x600
    RenderBody {BODY} at (8,8) size 784x584
      RenderBlock {DIV} at (0,0) size 119x31 [bgcolor=#C3D9FF]
        RenderTable {TABLE} at (0,0) size 118x31
          RenderTableSection {TBODY} at (0,0) size 118x31
            RenderTableRow {TR} at (0,2) size 118x27
              RenderTableCell {TD} at (2,2) size 114x27 [r=0 c=0 rs=1 cs=1]
                RenderTextControl {INPUT} at (1,3) size 112x22 [bgcolor=#FFFFFF] [border: (1px solid #4C4C4C)]
                RenderText {#text} at (0,0) size 0x0
layer at (18,16) size 99x14 scrollWidth 104
  RenderBlock {DIV} at (6,3) size 100x15
    RenderText {#text} at (0,0) size 103x14
      text run at (0,0) width 103: "Should fit in blue box"
