layer at (0,0) size 800x600
  RenderView at (0,0) size 800x600
layer at (0,0) size 800x600
  RenderBlock {HTML} at (0,0) size 800x600
    RenderBody {BODY} at (8,8) size 784x584
      RenderTextControl {INPUT} at (2,2) size 137x21 [bgcolor=#FFFFFF] [border: (1px solid #4C4C4C)]
      RenderText {#text} at (0,0) size 0x0
layer at (16,13) size 125x14
  RenderBlock {DIV} at (6,3) size 125x14
layer at (16,13) size 125x14
  RenderBlock (relative positioned) {DIV} at (6,3) size 125x14 [color=#A9A9A9]
    RenderText {#text} at (3,0) size 32x14
      text run at (3,0) width 32: "foobar"
