layer at (0,0) size 800x600
  RenderView at (0,0) size 800x600
layer at (0,0) size 800x600
  RenderBlock {HTML} at (0,0) size 800x600
    RenderBody {BODY} at (8,8) size 784x584
      RenderText {#text} at (0,0) size 651x19
        text run at (0,0) width 651: "This tests that the text security mode switches correctly when the placeholder appears and disappears."
      RenderBR {BR} at (650,15) size 1x0
      RenderText {#text} at (0,21) size 364x19
        text run at (0,21) width 364: "Leave field 1 alone. It should show the placeholder text: "
      RenderTextControl {INPUT} at (366,22) size 137x21 [bgcolor=#FFFFFF] [border: (1px solid #4C4C4C)]
      RenderBR {BR} at (504,36) size 1x0
      RenderText {#text} at (0,45) size 415x19
        text run at (0,45) width 151: "Focus field 2 and type. "
        text run at (150,45) width 265: "It should show bullets for the password.: "
      RenderTextControl {INPUT} at (416,47) size 137x21 [bgcolor=#FFFFFF] [border: (1px solid #4C4C4C)]
      RenderBR {BR} at (555,60) size 1x0
      RenderText {#text} at (0,71) size 602x19
        text run at (0,71) width 151: "Focus field 3 and type. "
        text run at (150,71) width 219: "Clear the value and blur the field. "
        text run at (368,71) width 234: "It should show the placeholder text: "
      RenderTextControl {INPUT} at (604,72) size 137x21 [bgcolor=#FFFFFF] [border: (1px solid #4C4C4C)]
      RenderBR {BR} at (742,86) size 1x0
layer at (380,33) size 125x14
  RenderBlock {DIV} at (6,3) size 125x14
layer at (430,57) size 125x15
  RenderBlock {DIV} at (6,2) size 125x15
    RenderText {#text} at (1,0) size 24x14
      text run at (1,0) width 24: "\x{25CF}\x{25CF}\x{25CF}t"
layer at (618,83) size 125x14
  RenderBlock {DIV} at (6,3) size 125x14
layer at (380,33) size 125x14
  RenderBlock (relative positioned) {DIV} at (6,3) size 125x14 [color=#A9A9A9]
    RenderText {#text} at (3,0) size 57x14
      text run at (3,0) width 57: "placeholder"
layer at (618,83) size 125x14
  RenderBlock (relative positioned) {DIV} at (6,3) size 125x14 [color=#A9A9A9]
    RenderText {#text} at (3,0) size 57x14
      text run at (3,0) width 57: "placeholder"
