layer at (0,0) size 800x600
  RenderView at (0,0) size 800x600
layer at (0,0) size 800x600
  RenderBlock {HTML} at (0,0) size 800x600
    RenderBody {BODY} at (8,8) size 784x576
      RenderBlock {P} at (0,0) size 784x20
        RenderText {#text} at (0,0) size 450x19
          text run at (0,0) width 450: "If you can see the word \"Placeholder\" in the text field, then all is well."
      RenderBlock {P} at (0,36) size 784x25
        RenderTextControl {INPUT} at (2,2) size 137x21 [bgcolor=#FFFFFF] [border: (1px solid #4C4C4C)]
layer at (16,49) size 125x14
  RenderBlock {DIV} at (6,3) size 125x14
layer at (16,49) size 125x14
  RenderBlock (relative positioned) {DIV} at (6,3) size 125x14 [color=#A9A9A9]
    RenderText {#text} at (3,0) size 59x14
      text run at (3,0) width 59: "Placeholder"
