layer at (0,0) size 800x600
  RenderView at (0,0) size 800x600
layer at (0,0) size 800x600
  RenderBlock {HTML} at (0,0) size 800x600
    RenderBody {BODY} at (8,8) size 784x584
      RenderTextControl {INPUT} at (2,2) size 136x22 [bgcolor=#FFFFFF] [border: (1px solid #4C4C4C)]
        RenderFlexibleBox {DIV} at (6,3) size 123x15
          RenderBlock {DIV} at (0,7) size 0x0
          RenderBlock {DIV} at (0,0) size 123x14
          RenderBlock {DIV} at (122,7) size 1x0
      RenderBR {BR} at (139,16) size 1x0
      RenderTextControl {INPUT} at (2,27) size 136x22 [bgcolor=#FFFFFF] [border: (1px solid #4C4C4C)]
      RenderBR {BR} at (139,41) size 1x0
      RenderTextControl {INPUT} at (2,52) size 136x22 [bgcolor=#FFFFFF] [border: (1px solid #4C4C4C)]
        RenderFlexibleBox {DIV} at (6,3) size 123x15
          RenderBlock {DIV} at (0,7) size 0x0
          RenderBlock {DIV} at (0,0) size 123x14
          RenderBlock {DIV} at (122,7) size 1x0
      RenderBR {BR} at (139,66) size 1x0
      RenderTextControl {INPUT} at (2,77) size 136x22 [bgcolor=#FFFFFF] [border: (1px solid #4C4C4C)]
        RenderFlexibleBox {DIV} at (6,3) size 123x15
          RenderBlock {DIV} at (0,7) size 0x0
          RenderBlock {DIV} at (0,0) size 123x14
          RenderBlock {DIV} at (122,7) size 1x0
      RenderBR {BR} at (139,91) size 1x0
      RenderBR {BR} at (154,138) size 0x0
      RenderTextControl {INPUT} at (2,140) size 136x34 [bgcolor=#FFFFFF] [border: (1px solid #4C4C4C)]
      RenderBR {BR} at (139,154) size 1x0
      RenderBR {BR} at (154,226) size 0x0
      RenderTextControl {INPUT} at (5,231) size 192x37 [bgcolor=#FFFFFF] [border: (5px solid #000000)]
      RenderBR {BR} at (201,254) size 1x0
      RenderTextControl {INPUT} at (2,274) size 136x22 [bgcolor=#FFFFFF] [border: (1px solid #4C4C4C)]
      RenderText {#text} at (139,273) size 5x19
        text run at (139,273) width 5: " "
      RenderTextControl {INPUT} at (145,274) size 136x22 [bgcolor=#FFFFFF] [border: (1px solid #4C4C4C)]
      RenderText {#text} at (282,273) size 5x19
        text run at (282,273) width 5: " "
      RenderBR {BR} at (286,288) size 1x0
      RenderTextControl {INPUT} at (2,299) size 136x22 [bgcolor=#FFFFFF] [border: (1px solid #4C4C4C)]
      RenderText {#text} at (139,298) size 5x19
        text run at (139,298) width 5: " "
      RenderTextControl {INPUT} at (145,299) size 136x22 [bgcolor=#FFFFFF] [border: (1px solid #4C4C4C)]
      RenderText {#text} at (282,298) size 5x19
        text run at (282,298) width 5: " "
      RenderTextControl {INPUT} at (288,299) size 137x22 [bgcolor=#FFFFFF] [border: (1px solid #4C4C4C)]
      RenderText {#text} at (426,298) size 5x19
        text run at (426,298) width 5: " "
      RenderBR {BR} at (430,313) size 1x0
      RenderBR {BR} at (139,351) size 1x0
layer at (17,13) size 122x14
  RenderBlock {DIV} at (6,3) size 123x15 [color=#A9A9A9]
    RenderText {#text} at (0,0) size 57x14
      text run at (0,0) width 57: "placeholder"
layer at (17,13) size 122x14
  RenderBlock {DIV} at (0,0) size 123x14
layer at (17,38) size 122x14
  RenderBlock {DIV} at (6,3) size 123x15 [color=#A9A9A9]
    RenderText {#text} at (0,0) size 57x14
      text run at (0,0) width 57: "placeholder"
layer at (17,38) size 122x14
  RenderBlock {DIV} at (6,3) size 123x15
layer at (17,63) size 122x14
  RenderBlock {DIV} at (6,3) size 123x15 [color=#A9A9A9]
    RenderText {#text} at (65,0) size 57x14
      text run at (65,0) width 57: "placeholder"
layer at (17,63) size 122x14
  RenderBlock {DIV} at (0,0) size 123x14
layer at (17,88) size 122x14
  RenderBlock {DIV} at (6,3) size 123x15 [color=#A9A9A9]
    RenderText {#text} at (0,0) size 57x14
      text run at (0,0) width 57: "placeholder"
layer at (17,88) size 122x14
  RenderBlock {DIV} at (0,0) size 123x14
layer at (10,110) size 150x34 clip at (11,111) size 148x32
  RenderTextControl {TEXTAREA} at (2,102) size 150x34 [bgcolor=#FFFFFF] [border: (1px solid #4C4C4C)]
    RenderBlock {DIV} at (3,3) size 144x14
    RenderBlock {DIV} at (3,3) size 144x14 [color=#A9A9A9]
      RenderText {#text} at (2,0) size 57x14
        text run at (2,0) width 57: "placeholder"
layer at (17,151) size 122x14
  RenderBlock {DIV} at (6,3) size 123x15 [color=#A9A9A9]
    RenderText {#text} at (0,0) size 57x14
      text run at (0,0) width 57: "placeholder"
layer at (17,151) size 122x14
  RenderBlock {DIV} at (6,3) size 123x15
layer at (10,185) size 150x47 clip at (11,186) size 148x45
  RenderTextControl {TEXTAREA} at (2,177) size 150x47 [bgcolor=#FFFFFF] [border: (1px solid #4C4C4C)]
    RenderBlock {DIV} at (3,16) size 144x14
    RenderBlock {DIV} at (3,16) size 144x14 [color=#A9A9A9]
      RenderText {#text} at (2,0) size 57x14
        text run at (2,0) width 57: "placeholder"
layer at (26,247) size 166x19
  RenderBlock {DIV} at (12,8) size 168x19 [color=#A9A9A9]
    RenderText {#text} at (0,0) size 78x19
      text run at (0,0) width 78: "placeholder"
layer at (26,247) size 166x19
  RenderBlock {DIV} at (12,8) size 168x19
layer at (17,285) size 122x14
  RenderBlock {DIV} at (6,3) size 123x15
    RenderText {#text} at (0,0) size 29x14
      text run at (0,0) width 29: "Value"
layer at (160,285) size 122x14
  RenderBlock {DIV} at (6,3) size 123x15 [color=#A9A9A9]
    RenderText {#text} at (0,0) size 57x14
      text run at (0,0) width 57: "placeholder"
layer at (160,285) size 122x14
  RenderBlock {DIV} at (6,3) size 123x15
layer at (17,310) size 122x14
  RenderBlock {DIV} at (6,3) size 123x15
    RenderText {#text} at (46,0) size 30x14
      text run at (46,0) width 30: "Value"
layer at (160,310) size 122x14
  RenderBlock {DIV} at (6,3) size 123x15 [color=#A9A9A9]
    RenderText {#text} at (32,0) size 58x14
      text run at (32,0) width 58: "placeholder"
layer at (160,310) size 122x14
  RenderBlock {DIV} at (6,3) size 123x15
layer at (303,310) size 122x14
  RenderBlock {DIV} at (6,3) size 123x15 [color=#A9A9A9]
    RenderText {#text} at (32,0) size 58x14
      text run at (32,0) width 58: "placeholder"
layer at (303,310) size 122x14
  RenderBlock {DIV} at (6,3) size 123x15
layer at (10,332) size 135x34
  RenderTextControl {INPUT} at (2,324) size 136x35 [bgcolor=#FFFFFF] [border: (1px solid #4C4C4C)]
layer at (17,348) size 122x14
  RenderBlock {DIV} at (6,16) size 123x14 [color=#A9A9A9]
    RenderText {#text} at (0,0) size 57x14
      text run at (0,0) width 57: "placeholder"
layer at (17,348) size 122x14
  RenderBlock {DIV} at (6,16) size 123x14
