layer at (0,0) size 800x600
  RenderView at (0,0) size 800x600
layer at (0,0) size 800x600
  RenderBlock {HTML} at (0,0) size 800x600
    RenderBody {BODY} at (8,8) size 784x584
      RenderBlock (anonymous) at (0,0) size 784x60
        RenderText {#text} at (0,0) size 770x39
          text run at (0,0) width 770: "This will test that radio buttons can be moved in and out of forms while maintaining only one checked button per group,"
          text run at (0,20) width 64: "per form. "
        RenderBR {BR} at (63,35) size 1x0
        RenderText {#text} at (0,40) size 354x19
          text run at (0,40) width 354: "Test 1: Transfer radio buttons from <body> to <form>:"
        RenderText {#text} at (0,0) size 0x0
        RenderText {#text} at (0,0) size 0x0
      RenderBlock {FORM} at (0,60) size 784x22
        RenderBlock {INPUT} at (2,3) size 16x16 [bgcolor=#FFFFFF02] [border: (1px solid #4C4C4C)]
        RenderBlock {INPUT} at (22,3) size 16x16 [bgcolor=#000000CC] [border: (1px solid #FFFFFF00)]
      RenderBlock {DIV} at (0,98) size 784x20
        RenderText {#text} at (0,0) size 92x19
          text run at (0,0) width 92: "Test 1 Passed"
      RenderBlock (anonymous) at (0,118) size 784x40
        RenderBR {BR} at (0,0) size 0x19
        RenderText {#text} at (0,20) size 354x19
          text run at (0,20) width 354: "Test 2: Transfer radio buttons from <form> to <body>:"
      RenderBlock {FORM} at (0,158) size 784x0
        RenderText {#text} at (0,0) size 0x0
        RenderText {#text} at (0,0) size 0x0
      RenderBlock {DIV} at (0,174) size 784x20
        RenderText {#text} at (0,0) size 92x19
          text run at (0,0) width 92: "Test 2 Passed"
      RenderBlock (anonymous) at (0,194) size 784x40
        RenderBR {BR} at (0,0) size 0x19
        RenderText {#text} at (0,20) size 576x19
          text run at (0,20) width 576: "Test 3: Transfer radio buttons from <form> to <body> with a dormant state in the middle:"
      RenderBlock {FORM} at (0,234) size 784x0
        RenderText {#text} at (0,0) size 0x0
        RenderText {#text} at (0,0) size 0x0
      RenderBlock {DIV} at (0,250) size 784x20
        RenderText {#text} at (0,0) size 92x19
          text run at (0,0) width 92: "Test 3 Passed"
      RenderBlock (anonymous) at (0,270) size 784x40
        RenderBR {BR} at (0,0) size 0x19
        RenderText {#text} at (0,20) size 261x19
          text run at (0,20) width 261: "Test 4: Transfer from <form> to <form>"
      RenderBlock {FORM} at (0,310) size 784x0
        RenderText {#text} at (0,0) size 0x0
        RenderText {#text} at (0,0) size 0x0
      RenderBlock {FORM} at (0,326) size 784x22
        RenderBlock {INPUT} at (2,3) size 16x16 [bgcolor=#FFFFFF02] [border: (1px solid #4C4C4C)]
        RenderText {#text} at (20,2) size 4x19
          text run at (20,2) width 4: " "
        RenderBlock {INPUT} at (26,3) size 16x16 [bgcolor=#FFFFFF02] [border: (1px solid #4C4C4C)]
        RenderBlock {INPUT} at (46,3) size 16x16 [bgcolor=#000000CC] [border: (1px solid #FFFFFF00)]
      RenderBlock {DIV} at (0,364) size 784x20
        RenderText {#text} at (0,0) size 92x19
          text run at (0,0) width 92: "Test 4 Passed"
      RenderBlock (anonymous) at (0,384) size 784x22
        RenderBlock {INPUT} at (2,3) size 16x16 [bgcolor=#FFFFFF02] [border: (1px solid #4C4C4C)]
        RenderBlock {INPUT} at (22,3) size 16x16 [bgcolor=#000000CC] [border: (1px solid #FFFFFF00)]
        RenderBlock {INPUT} at (42,3) size 16x16 [bgcolor=#FFFFFF02] [border: (1px solid #4C4C4C)]
        RenderBlock {INPUT} at (62,3) size 16x16 [bgcolor=#000000CC] [border: (1px solid #FFFFFF00)]
