layer at (0,0) size 800x600
  RenderView at (0,0) size 800x600
layer at (0,0) size 800x600
  RenderBlock {HTML} at (0,0) size 800x600
    RenderBody {BODY} at (8,8) size 784x584
      RenderBlock {P} at (0,0) size 784x20
        RenderText {#text} at (0,0) size 55x19
          text run at (0,0) width 55: "Test for "
        RenderInline {I} at (0,0) size 722x19
          RenderInline {A} at (0,0) size 307x19 [color=#0000EE]
            RenderText {#text} at (55,0) size 307x19
              text run at (55,0) width 307: "http://bugs.webkit.org/show_bug.cgi?id=13800"
          RenderText {#text} at (362,0) size 415x19
            text run at (362,0) width 4: " "
            text run at (366,0) width 411: "REGRESSION: Moving a slider moves another unrelated slider"
        RenderText {#text} at (777,0) size 4x19
          text run at (777,0) width 4: "."
      RenderBlock {P} at (0,36) size 784x20
        RenderText {#text} at (0,0) size 293x19
          text run at (0,0) width 293: "The first slider\x{2019}s thumb should be on the left."
      RenderBlock {DIV} at (0,72) size 784x36
        RenderSlider {INPUT} at (2,2) size 129x14 [bgcolor=#FFFFFF]
        RenderBR {BR} at (133,16) size 0x0
        RenderSlider {INPUT} at (2,20) size 129x14 [bgcolor=#FFFFFF]
        RenderText {#text} at (0,0) size 0x0
layer at (10,89) size 129x14
  RenderBlock (relative positioned) {DIV} at (0,0) size 129x14
layer at (10,107) size 129x14
  RenderBlock (relative positioned) {DIV} at (0,0) size 129x14
