layer at (0,0) size 800x600
  RenderView at (0,0) size 800x600
layer at (0,0) size 800x600
  RenderBlock {HTML} at (0,0) size 800x600
    RenderBody {BODY} at (8,8) size 784x584
      RenderText {#text} at (0,0) size 336x19
        text run at (0,0) width 336: "This tests that you can set the placeholder text color."
      RenderBR {BR} at (335,15) size 1x0
      RenderText {#text} at (154,43) size 4x19
        text run at (154,43) width 4: " "
      RenderText {#text} at (312,43) size 4x19
        text run at (312,43) width 4: " "
      RenderText {#text} at (470,43) size 4x19
        text run at (470,43) width 4: " "
      RenderText {#text} at (0,0) size 0x0
layer at (10,30) size 150x34 clip at (11,31) size 148x32
  RenderTextControl {TEXTAREA} at (2,22) size 150x34 [bgcolor=#FFFFFF] [border: (1px solid #4C4C4C)]
    RenderBlock {DIV} at (3,3) size 144x14
    RenderBlock {DIV} at (3,3) size 144x14 [color=#640000]
      RenderText {#text} at (2,0) size 18x14
        text run at (2,0) width 18: "text"
layer at (326,30) size 150x34 clip at (327,31) size 148x32
  RenderTextControl {TEXTAREA} at (318,22) size 150x34 [bgcolor=#FFFFFF] [border: (1px solid #4C4C4C)]
    RenderBlock {DIV} at (3,3) size 144x14
    RenderBlock {DIV} at (3,3) size 144x14 [color=#A9A9A9]
      RenderText {#text} at (2,0) size 34x14
        text run at (2,0) width 34: "default"
layer at (168,30) size 150x34 clip at (169,31) size 148x32
  RenderTextControl {TEXTAREA} at (160,22) size 150x34 [bgcolor=#FFFFFF] [border: (1px solid #4C4C4C)]
    RenderBlock {DIV} at (3,3) size 144x14 [color=#545454]
    RenderBlock {DIV} at (3,3) size 144x14 [color=#640000]
      RenderText {#text} at (2,0) size 62x14
        text run at (2,0) width 62: "disabled text"
layer at (484,30) size 150x34 clip at (485,31) size 148x32
  RenderTextControl {TEXTAREA} at (476,22) size 150x34 [bgcolor=#FFFFFF] [border: (1px solid #4C4C4C)]
    RenderBlock {DIV} at (3,3) size 144x14 [color=#545454]
    RenderBlock {DIV} at (3,3) size 144x14 [color=#A9A9A9]
      RenderText {#text} at (2,0) size 78x14
        text run at (2,0) width 78: "default disabled"
