layer at (0,0) size 800x600
  RenderView at (0,0) size 800x600
layer at (0,0) size 800x600
  RenderBlock {HTML} at (0,0) size 800x600
    RenderBody {BODY} at (8,8) size 784x584
      RenderBlock {P} at (0,0) size 784x20
        RenderText {#text} at (0,0) size 640x19
          text run at (0,0) width 640: "The following textarea elements should all be rendered on the left, with their text aligned to the left."
      RenderBlock (anonymous) at (0,36) size 784x167
        RenderText {#text} at (337,23) size 4x19
          text run at (337,23) width 4: " "
        RenderBR {BR} at (0,0) size 0x0
        RenderText {#text} at (337,66) size 4x19
          text run at (337,66) width 4: " "
        RenderBR {BR} at (0,0) size 0x0
        RenderText {#text} at (337,109) size 4x19
          text run at (337,109) width 4: " "
        RenderBR {BR} at (0,0) size 0x0
        RenderText {#text} at (0,0) size 0x0
        RenderText {#text} at (0,0) size 0x0
      RenderBlock {DIV} at (0,203) size 784x38
layer at (10,46) size 333x34 clip at (11,47) size 331x32
  RenderTextControl {TEXTAREA} at (2,2) size 333x34 [bgcolor=#FFFFFF] [border: (1px solid #4C4C4C)]
    RenderBlock {DIV} at (3,3) size 327x14
      RenderText {#text} at (3,0) size 173x14
        text run at (3,0) width 173: "This is should be aligned to the left."
layer at (10,89) size 333x34 clip at (11,90) size 331x32
  RenderTextControl {TEXTAREA} at (2,45) size 333x34 [bgcolor=#FFFFFF] [border: (1px solid #4C4C4C)]
    RenderBlock {DIV} at (3,3) size 327x14
      RenderText {#text} at (3,0) size 173x14
        text run at (3,0) width 173: "This is should be aligned to the left."
layer at (10,132) size 333x34 clip at (11,133) size 331x32
  RenderTextControl {TEXTAREA} at (2,88) size 333x34 [bgcolor=#FFFFFF] [border: (1px solid #4C4C4C)]
    RenderBlock {DIV} at (3,3) size 327x14
      RenderText {#text} at (3,0) size 173x14
        text run at (3,0) width 173: "This is should be aligned to the left."
layer at (10,175) size 333x34 clip at (11,176) size 331x32
  RenderTextControl {TEXTAREA} at (2,131) size 333x34 [bgcolor=#FFFFFF] [border: (1px solid #4C4C4C)]
    RenderBlock {DIV} at (3,3) size 327x14
      RenderText {#text} at (3,0) size 173x14
        text run at (3,0) width 173: "This is should be aligned to the left."
layer at (10,213) size 333x34 clip at (11,214) size 331x32
  RenderTextControl {TEXTAREA} at (2,2) size 333x34 [bgcolor=#FFFFFF] [border: (1px solid #4C4C4C)]
    RenderBlock {DIV} at (3,3) size 327x14
      RenderText {#text} at (3,0) size 173x14
        text run at (3,0) width 173: "This is should be aligned to the left."
