layer at (0,0) size 800x1241
  RenderView at (0,0) size 800x600
layer at (0,0) size 800x1241
  RenderBlock {HTML} at (0,0) size 800x1242
    RenderBody {BODY} at (8,8) size 784x1218
      RenderBlock (anonymous) at (0,0) size 784x20
        RenderText {#text} at (0,0) size 278x19
          text run at (0,0) width 278: "line-height settings not reflected in textarea"
        RenderBR {BR} at (277,0) size 1x19
      RenderBlock {P} at (0,36) size 784x271
        RenderText {#text} at (0,0) size 85x19
          text run at (0,0) width 85: "TEXTAREA"
        RenderBR {BR} at (84,0) size 1x19
        RenderText {#text} at (406,211) size 4x19
          text run at (406,211) width 4: " "
        RenderBR {BR} at (0,0) size 0x0
        RenderBR {BR} at (0,231) size 0x19
        RenderText {#text} at (0,251) size 150x19
          text run at (0,251) width 150: "PARAGRAPH - works"
      RenderBlock {P} at (0,323) size 402x202 [border: (1px dotted #C0C0C0)]
        RenderText {#text} at (1,18) size 400x69
          text run at (1,18) width 400: "Demo text here that wraps a bit and should demonstrate the"
          text run at (1,70) width 154: "goodness of line-height"
      RenderBlock (anonymous) at (0,538) size 784x41
        RenderBR {BR} at (0,0) size 0x19
        RenderText {#text} at (0,20) size 81x19
          text run at (0,20) width 81: "DIV - works"
        RenderBR {BR} at (80,20) size 1x19
      RenderBlock {DIV} at (0,578) size 402x203 [border: (1px dotted #C0C0C0)]
        RenderText {#text} at (1,18) size 400x69
          text run at (1,18) width 400: "Demo text here that wraps a bit and should demonstrate the"
          text run at (1,70) width 154: "goodness of line-height"
      RenderBlock (anonymous) at (0,780) size 784x438
        RenderBR {BR} at (0,0) size 0x19
        RenderBR {BR} at (0,20) size 0x19
        RenderText {#text} at (0,40) size 126x19
          text run at (0,40) width 126: "Un-Styled Textarea"
        RenderBR {BR} at (125,40) size 1x19
        RenderText {#text} at (154,83) size 4x19
          text run at (154,83) width 4: " "
        RenderBR {BR} at (0,0) size 0x0
        RenderBR {BR} at (0,103) size 0x19
        RenderText {#text} at (0,123) size 219x19
          text run at (0,123) width 219: "Totally Blank Un-Styled Textarea"
        RenderBR {BR} at (218,123) size 1x19
        RenderText {#text} at (154,166) size 4x19
          text run at (154,166) width 4: " "
        RenderBR {BR} at (0,0) size 0x0
        RenderBR {BR} at (0,186) size 0x19
        RenderText {#text} at (0,206) size 214x19
          text run at (0,206) width 214: "Totally Blank STYLED Textarea"
        RenderBR {BR} at (213,206) size 1x19
        RenderText {#text} at (0,0) size 0x0
      RenderBlock {P} at (0,1233) size 784x1
layer at (8,64) size 406x206 clip at (9,65) size 404x204
  RenderTextControl {TEXTAREA} at (0,20) size 406x206 [bgcolor=#FFFFFF] [border: (1px dotted #C0C0C0)]
    RenderBlock {DIV} at (3,3) size 400x104
      RenderText {#text} at (3,17) size 379x69
        text run at (3,17) width 374: "Demo text here that wraps a bit and should demonstrate"
        text run at (376,17) width 6: " "
        text run at (3,69) width 179: "the goodness of line-height"
layer at (10,850) size 150x34 clip at (11,851) size 133x32 scrollHeight 60
  RenderTextControl {TEXTAREA} at (2,62) size 150x34 [bgcolor=#FFFFFF] [border: (1px solid #4C4C4C)]
    RenderBlock {DIV} at (3,3) size 129x56
      RenderText {#text} at (3,0) size 114x56
        text run at (3,0) width 97: "Demo text here that"
        text run at (99,0) width 4: " "
        text run at (3,14) width 111: "wraps a bit and should"
        text run at (113,14) width 4: " "
        text run at (3,28) width 80: "demonstrate the"
        text run at (82,28) width 4: " "
        text run at (3,42) width 114: "goodness of line-height"
layer at (10,933) size 150x34 clip at (11,934) size 148x32
  RenderTextControl {TEXTAREA} at (2,145) size 150x34 [bgcolor=#FFFFFF] [border: (1px solid #4C4C4C)]
    RenderBlock {DIV} at (3,3) size 144x14
layer at (8,1014) size 406x206 clip at (9,1015) size 404x204
  RenderTextControl {TEXTAREA} at (0,226) size 406x206 [bgcolor=#FFFFFF] [border: (1px dotted #C0C0C0)]
    RenderBlock {DIV} at (3,3) size 400x52
