layer at (0,0) size 800x600
  RenderView at (0,0) size 800x600
layer at (0,0) size 800x600
  RenderBlock {HTML} at (0,0) size 800x600
    RenderBody {BODY} at (8,8) size 784x584
      RenderText {#text} at (0,0) size 600x19
        text run at (0,0) width 600: "There should be no thumbsliders below, you should only see the words \"Hello World\" twice. "
      RenderBR {BR} at (0,0) size 0x0
      RenderBR {BR} at (0,20) size 0x19
      RenderBlock {SPAN} at (0,40) size 81x20
        RenderText {#text} at (0,0) size 81x19
          text run at (0,0) width 81: "Hello World"
      RenderBR {BR} at (81,55) size 0x0
      RenderBlock {SPAN} at (0,60) size 81x20
        RenderText {#text} at (0,0) size 81x19
          text run at (0,0) width 81: "Hello World"
      RenderText {#text} at (0,0) size 0x0
