layer at (0,0) size 800x600
  RenderView at (0,0) size 800x600
layer at (0,0) size 800x49
  RenderBlock {HTML} at (0,0) size 800x49
    RenderBody {BODY} at (8,16) size 784x17
      RenderBlock {P} at (0,0) size 784x17
        RenderText {#text} at (0,0) size 318x17
          text run at (0,0) width 318: "Gray div should be clipped by overflow: scroll div"
layer at (8,49) size 202x202 clip at (9,50) size 200x200 scrollHeight 516
  RenderBlock (positioned) {DIV} at (8,49) size 202x202 [border: (1px solid #000000)]
layer at (9,66) size 200x500 backgroundClip at (9,50) size 200x200 clip at (9,50) size 200x200
  RenderBlock (relative positioned) {DIV} at (1,17) size 200x500 [bgcolor=#808080]
    RenderBlock {P} at (0,0) size 200x102
      RenderText {#text} at (0,0) size 200x102
        text run at (0,0) width 189: "ihasdkas sdkha sjdkahk dahsd"
        text run at (0,17) width 197: "jashd kashd kasdh aksd haskdh"
        text run at (0,34) width 45: "aksd h "
        text run at (45,34) width 138: "asfadjaskdh akdhaskd"
        text run at (0,51) width 183: "haskd haskd haskd haskdhka"
        text run at (0,68) width 116: "shdkasdh kas hdk "
        text run at (116,68) width 84: "asd asd asdas"
        text run at (0,85) width 33: "das d"
    RenderBlock {P} at (0,118) size 200x102
      RenderText {#text} at (0,0) size 200x102
        text run at (0,0) width 189: "ihasdkas sdkha sjdkahk dahsd"
        text run at (0,17) width 197: "jashd kashd kasdh aksd haskdh"
        text run at (0,34) width 45: "aksd h "
        text run at (45,34) width 138: "asfadjaskdh akdhaskd"
        text run at (0,51) width 183: "haskd haskd haskd haskdhka"
        text run at (0,68) width 116: "shdkasdh kas hdk "
        text run at (116,68) width 84: "asd asd asdas"
        text run at (0,85) width 33: "das d"
    RenderBlock {P} at (0,236) size 200x102
      RenderText {#text} at (0,0) size 200x102
        text run at (0,0) width 189: "ihasdkas sdkha sjdkahk dahsd"
        text run at (0,17) width 197: "jashd kashd kasdh aksd haskdh"
        text run at (0,34) width 45: "aksd h "
        text run at (45,34) width 138: "asfadjaskdh akdhaskd"
        text run at (0,51) width 183: "haskd haskd haskd haskdhka"
        text run at (0,68) width 116: "shdkasdh kas hdk "
        text run at (116,68) width 84: "asd asd asdas"
        text run at (0,85) width 33: "das d"
