layer at (0,0) size 800x600
  RenderView at (0,0) size 800x600
layer at (0,0) size 800x412
  RenderBlock {HTML} at (0,0) size 800x412
    RenderBody {BODY} at (8,16) size 784x316
      RenderBlock {P} at (0,0) size 784x34
        RenderText {#text} at (0,0) size 362x17
          text run at (0,0) width 362: "The caret should render correctly in transformed elements"
        RenderBR {BR} at (362,14) size 0x0
        RenderInline {A} at (0,0) size 305x17 [color=#0000EE]
          RenderText {#text} at (0,17) size 305x17
            text run at (0,17) width 305: "https://bugs.webkit.org/show_bug.cgi?id=15671"
layer at (88,130) size 302x202
  RenderBlock {DIV} at (80,114) size 302x202 [border: (1px solid #000000)]
    RenderText {#text} at (1,1) size 174x88
      text run at (1,1) width 174: "Caret"
caret: position 6 of child 0 {#text} of child 3 {DIV} of body
