layer at (0,0) size 800x600
  RenderView at (0,0) size 800x600
layer at (0,0) size 800x600
  RenderBlock {HTML} at (0,0) size 800x600
    RenderBody {BODY} at (8,8) size 784x584
      RenderBlock {P} at (0,0) size 784x18
        RenderText {#text} at (0,0) size 490x17
          text run at (0,0) width 490: "This tests that the AutoFill button renders. It can only be tested in the test tool."
      RenderBlock {DIV} at (0,34) size 784x56
        RenderTextControl {INPUT} at (2,2) size 191x24 [bgcolor=#FFFFFF] [border: (2px inset #000000)]
          RenderFlexibleBox {DIV} at (3,3) size 185x18
            RenderBlock {DIV} at (0,0) size 165x18
        RenderText {#text} at (195,5) size 4x17
          text run at (195,5) width 4: " "
        RenderTextControl {INPUT} at (201,2) size 191x24 [bgcolor=#FFFFFF] [border: (2px inset #000000)]
          RenderFlexibleBox {DIV} at (3,3) size 185x18
            RenderBlock {DIV} at (0,0) size 165x18
        RenderText {#text} at (394,5) size 4x17
          text run at (394,5) width 4: " "
        RenderTextControl {INPUT} at (400,2) size 191x24 [bgcolor=#FFFFFF] [border: (2px inset #000000)]
          RenderFlexibleBox {DIV} at (3,3) size 185x18
            RenderBlock {DIV} at (0,0) size 165x18
        RenderTextControl {INPUT} at (2,30) size 191x24 [bgcolor=#FFFFFF] [border: (2px inset #000000)]
          RenderFlexibleBox {DIV} at (3,3) size 185x18
            RenderBlock {DIV} at (0,0) size 165x18
layer at (13,47) size 165x18
  RenderBlock {DIV} at (0,0) size 165x18
layer at (212,47) size 165x18
  RenderBlock {DIV} at (0,0) size 165x18
layer at (411,47) size 165x18
  RenderBlock {DIV} at (0,0) size 165x18
layer at (13,75) size 165x18
  RenderBlock {DIV} at (0,0) size 165x18
layer at (181,50) size 15x12
  RenderBlock {DIV} at (168,3) size 15x12 [bgcolor=#000000]
layer at (380,50) size 15x12
  RenderBlock {DIV} at (168,3) size 15x12 [bgcolor=#000000]
layer at (579,50) size 15x12
  RenderBlock {DIV} at (168,3) size 15x12 [bgcolor=#000000]
layer at (181,78) size 15x12
  RenderBlock {DIV} at (168,3) size 15x12 [bgcolor=#000000]
