layer at (0,0) size 800x600
  RenderView at (0,0) size 800x600
layer at (0,0) size 800x148
  RenderBlock {HTML} at (0,0) size 800x148
    RenderBody {BODY} at (8,16) size 784x116 [color=#000080]
      RenderBlock {P} at (0,0) size 784x17
        RenderText {#text} at (0,0) size 318x17
          text run at (0,0) width 318: "These four lines should look identical, to the pixel."
      RenderBlock {P} at (0,33) size 784x17
        RenderText {#text} at (0,0) size 318x17
          text run at (0,0) width 318: "These four lines should look identical, to the pixel."
      RenderBlock {P} at (0,66) size 784x17
        RenderText {#text} at (0,0) size 318x17
          text run at (0,0) width 318: "These four lines should look identical, to the pixel."
      RenderBlock {P} at (0,99) size 784x17
        RenderText {#text} at (0,0) size 318x17
          text run at (0,0) width 318: "These four lines should look identical, to the pixel."
