layer at (0,0) size 800x600
  RenderView at (0,0) size 800x600
layer at (0,0) size 800x544
  RenderBlock {HTML} at (0,0) size 800x544
    RenderBody {BODY} at (8,16) size 784x512 [color=#008000]
      RenderBlock {P} at (0,0) size 784x17
        RenderText {#text} at (0,0) size 163x17
          text run at (0,0) width 163: "This line should be green."
      RenderBlock {P} at (0,33) size 784x17
        RenderText {#text} at (0,0) size 163x17
          text run at (0,0) width 163: "This line should be green."
      RenderBlock {P} at (0,66) size 784x17
        RenderText {#text} at (0,0) size 163x17
          text run at (0,0) width 163: "This line should be green."
      RenderBlock {P} at (0,99) size 784x17
        RenderText {#text} at (0,0) size 163x17
          text run at (0,0) width 163: "This line should be green."
      RenderBlock {OL} at (0,132) size 784x17
        RenderListItem {LI} at (40,0) size 744x17
          RenderListMarker at (-20,0) size 16x17: "1"
          RenderText {#text} at (0,0) size 163x17
            text run at (0,0) width 163: "This line should be green."
      RenderBlock {P} at (0,165) size 784x17
        RenderText {#text} at (0,0) size 163x17
          text run at (0,0) width 163: "This line should be green."
      RenderBlock {UL} at (0,198) size 784x17
        RenderListItem {LI} at (40,0) size 744x17
          RenderListMarker at (-17,0) size 7x17: bullet
          RenderText {#text} at (0,0) size 163x17
            text run at (0,0) width 163: "This line should be green."
      RenderBlock {BLOCKQUOTE} at (40,231) size 704x17
        RenderBlock {P} at (0,0) size 704x17
          RenderText {#text} at (0,0) size 163x17
            text run at (0,0) width 163: "This line should be green."
      RenderBlock {P} at (0,264) size 784x17
        RenderInline {ACRONYM} at (0,0) size 163x17
          RenderText {#text} at (0,0) size 163x17
            text run at (0,0) width 163: "This line should be green."
        RenderText {#text} at (0,0) size 0x0
      RenderBlock {ADDRESS} at (0,297) size 784x17
        RenderText {#text} at (0,0) size 163x17
          text run at (0,0) width 163: "This line should be green."
      RenderBlock {P} at (0,330) size 784x17
        RenderInline {SPAN} at (0,0) size 163x17
          RenderText {#text} at (0,0) size 163x17
            text run at (0,0) width 163: "This line should be green."
        RenderText {#text} at (0,0) size 0x0
      RenderBlock {P} at (0,363) size 784x17
        RenderText {#text} at (0,0) size 163x17
          text run at (0,0) width 163: "This line should be green."
      RenderBlock {P} at (0,396) size 784x17
        RenderText {#text} at (0,0) size 163x17
          text run at (0,0) width 163: "This line should be green."
      RenderBlock {P} at (0,429) size 784x17
        RenderText {#text} at (0,0) size 163x17
          text run at (0,0) width 163: "This line should be green."
      RenderBlock {P} at (0,462) size 784x17
        RenderText {#text} at (48,0) size 163x17
          text run at (48,0) width 163: "This line should be green."
      RenderBlock {P} at (0,495) size 784x17
        RenderText {#text} at (0,0) size 163x17
          text run at (0,0) width 163: "This line should be green."
