layer at (0,0) size 800x600
  RenderView at (0,0) size 800x600
layer at (0,0) size 800x99
  RenderBlock {HTML} at (0,0) size 800x99
    RenderBody {BODY} at (8,16) size 784x67 [color=#FF0000]
      RenderBlock {P} at (0,0) size 784x17 [color=#008000]
        RenderText {#text} at (0,0) size 163x17
          text run at (0,0) width 163: "This line should be green."
      RenderBlock {UL} at (0,33) size 784x34
        RenderListItem {LI} at (40,0) size 744x34
          RenderBlock (anonymous) at (0,0) size 744x17
            RenderInline {SPAN} at (0,0) size 163x17 [color=#008000]
              RenderText {#text} at (0,0) size 163x17
                text run at (0,0) width 163: "This line should be green."
            RenderText {#text} at (0,0) size 0x0
          RenderBlock {UL} at (0,17) size 744x17
            RenderListItem {LI} at (40,0) size 704x17 [color=#008000]
              RenderText {#text} at (0,0) size 163x17
                text run at (0,0) width 163: "This line should be green."
