layer at (0,0) size 800x600
  RenderView at (0,0) size 800x600
layer at (0,0) size 800x203
  RenderBlock {HTML} at (0,0) size 800x203
    RenderBody {BODY} at (8,8) size 784x187
      RenderBlock {UL} at (0,0) size 784x136 [color=#FF0000]
        RenderListItem {LI} at (0,0) size 784x17
          RenderInline {SPAN} at (0,0) size 136x17 [color=#008000]
            RenderText {#text} at (0,0) size 136x17
              text run at (0,0) width 136: "This should be green."
          RenderText {#text} at (0,0) size 0x0
        RenderListItem {LI} at (0,17) size 784x68
          RenderBlock (anonymous) at (0,0) size 784x17
            RenderInline {SPAN} at (0,0) size 136x17 [color=#008000]
              RenderText {#text} at (0,0) size 136x17
                text run at (0,0) width 136: "This should be green."
            RenderText {#text} at (0,0) size 0x0
          RenderBlock {UL} at (0,17) size 784x51
            RenderListItem {LI} at (0,0) size 784x17
              RenderInline {SPAN} at (0,0) size 136x17 [color=#008000]
                RenderText {#text} at (0,0) size 136x17
                  text run at (0,0) width 136: "This should be green."
              RenderText {#text} at (0,0) size 0x0
            RenderListItem {LI} at (0,17) size 784x17
              RenderInline {SPAN} at (0,0) size 136x17 [color=#008000]
                RenderText {#text} at (0,0) size 136x17
                  text run at (0,0) width 136: "This should be green."
              RenderText {#text} at (0,0) size 0x0
            RenderListItem {LI} at (0,34) size 784x17
              RenderInline {SPAN} at (0,0) size 136x17 [color=#008000]
                RenderText {#text} at (0,0) size 136x17
                  text run at (0,0) width 136: "This should be green."
              RenderText {#text} at (0,0) size 0x0
        RenderListItem {LI} at (0,85) size 784x17
          RenderInline {SPAN} at (0,0) size 136x17 [color=#008000]
            RenderText {#text} at (0,0) size 136x17
              text run at (0,0) width 136: "This should be green."
          RenderText {#text} at (0,0) size 0x0
        RenderListItem {LI} at (0,102) size 784x17
          RenderInline {SPAN} at (0,0) size 136x17 [color=#008000]
            RenderText {#text} at (0,0) size 136x17
              text run at (0,0) width 136: "This should be green."
          RenderText {#text} at (0,0) size 0x0
        RenderListItem {LI} at (0,119) size 784x17
          RenderInline {SPAN} at (0,0) size 136x17 [color=#008000]
            RenderText {#text} at (0,0) size 136x17
              text run at (0,0) width 136: "This should be green."
          RenderText {#text} at (0,0) size 0x0
      RenderBlock {P} at (0,136) size 784x17 [color=#008000]
        RenderText {#text} at (0,0) size 136x17
          text run at (0,0) width 136: "This should be green."
      RenderBlock {P} at (0,153) size 784x17 [color=#008000]
        RenderText {#text} at (0,0) size 136x17
          text run at (0,0) width 136: "This should be green."
      RenderBlock {P} at (0,170) size 784x17 [color=#008000]
        RenderText {#text} at (0,0) size 136x17
          text run at (0,0) width 136: "This should be green."
