layer at (0,0) size 800x600
  RenderView at (0,0) size 800x600
layer at (0,0) size 800x303
  RenderBlock {HTML} at (0,0) size 800x303
    RenderBody {BODY} at (8,8) size 784x287
      RenderBlock {DIV} at (0,0) size 784x17
        RenderText {#text} at (0,0) size 341x17
          text run at (0,0) width 341: "The blue bits of text should be decorated as described."
      RenderBlock {P} at (0,33) size 784x221 [color=#C0C0C0]
        RenderText {#text} at (0,0) size 759x51
          text run at (0,0) width 474: "dummy text dummy text dummy text dummy text dummy text dummy text "
          text run at (474,0) width 285: "dummy text dummy text dummy text dummy"
          text run at (0,17) width 185: "text dummy text dummy text "
          text run at (185,17) width 474: "dummy text dummy text dummy text dummy text dummy text dummy text "
          text run at (659,17) width 75: "dummy text"
          text run at (0,34) width 395: "dummy text dummy text dummy text dummy text dummy text "
        RenderInline {SPAN} at (0,0) size 759x34 [color=#0000FF] [border: none (10px double #0000FF) none]
          RenderInline {SPAN} at (0,0) size 759x34 [color=#C0C0C0]
            RenderText {#text} at (395,34) size 759x34
              text run at (395,34) width 316: "dummy text dummy text dummy text dummy text "
              text run at (711,34) width 48: "dummy"
              text run at (0,51) width 422: "text dummy text dummy text dummy text dummy text dummy text "
              text run at (422,51) width 154: "dummy text dummy text"
          RenderText {#text} at (576,51) size 131x17
            text run at (576,51) width 131: " two blue lines here: "
        RenderText {#text} at (717,51) size 765x102
          text run at (717,51) width 48: "dummy"
          text run at (0,68) width 474: "text dummy text dummy text dummy text dummy text dummy text dummy "
          text run at (474,68) width 260: "text dummy text dummy text dummy text"
          text run at (0,85) width 210: "dummy text dummy text dummy "
          text run at (210,85) width 474: "text dummy text dummy text dummy text dummy text dummy text dummy "
          text run at (684,85) width 75: "text dummy"
          text run at (0,102) width 395: "text dummy text dummy text dummy text dummy text dummy "
          text run at (395,102) width 339: "text dummy text dummy text dummy text dummy text"
          text run at (0,119) width 131: "dummy text dummy "
          text run at (131,119) width 474: "text dummy text dummy text dummy text dummy text dummy text dummy "
          text run at (605,119) width 154: "text dummy text dummy"
          text run at (0,136) width 106: "text dummy text "
        RenderInline {SPAN} at (0,0) size 149x17 [color=#0000FF] [border: none (1px solid #0000FF) none]
          RenderText {#text} at (106,136) size 148x17
            text run at (106,136) width 55: "one thin "
            text run at (161,136) width 93: "blue line here: "
        RenderText {#text} at (255,136) size 777x85
          text run at (255,136) width 316: "dummy text dummy text dummy text dummy text "
          text run at (571,136) width 206: "dummy text dummy text dummy"
          text run at (0,153) width 264: "text dummy text dummy text dummy text "
          text run at (264,153) width 470: "dummy text dummy text dummy text dummy text dummy text dummy text"
          text run at (0,170) width 474: "dummy text dummy text dummy text dummy text dummy text dummy text "
          text run at (474,170) width 285: "dummy text dummy text dummy text dummy"
          text run at (0,187) width 185: "text dummy text dummy text "
          text run at (185,187) width 474: "dummy text dummy text dummy text dummy text dummy text dummy text "
          text run at (659,187) width 75: "dummy text"
          text run at (0,204) width 312: "dummy text dummy text dummy text dummy text"
      RenderBlock {DIV} at (0,270) size 784x17
        RenderText {#text} at (0,0) size 416x17
          text run at (0,0) width 416: "(All the lines of text in the block above should be equally spaced.)"
