layer at (0,0) size 800x600
  RenderView at (0,0) size 800x600
layer at (0,0) size 800x286
  RenderBlock {HTML} at (0,0) size 800x286
    RenderBody {BODY} at (8,8) size 784x270
      RenderBlock {DIV} at (0,0) size 784x17
        RenderText {#text} at (0,0) size 341x17
          text run at (0,0) width 341: "The blue bits of text should be decorated as described."
      RenderBlock {P} at (0,33) size 784x204 [color=#C0C0C0]
        RenderText {#text} at (0,0) size 759x51
          text run at (0,0) width 474: "dummy text dummy text dummy text dummy text dummy text dummy text "
          text run at (474,0) width 285: "dummy text dummy text dummy text dummy"
          text run at (0,17) width 185: "text dummy text dummy text "
          text run at (185,17) width 474: "dummy text dummy text dummy text dummy text dummy text dummy text "
          text run at (659,17) width 75: "dummy text"
          text run at (0,34) width 395: "dummy text dummy text dummy text dummy text dummy text "
        RenderInline {SPAN} at (0,0) size 259x37 [color=#0000FF] [border: (10px double #0000FF)]
          RenderText {#text} at (405,34) size 239x17
            text run at (405,34) width 239: "two blue lines all around this blue text"
        RenderText {#text} at (654,34) size 759x102
          text run at (654,34) width 4: " "
          text run at (658,34) width 75: "dummy text"
          text run at (0,51) width 395: "dummy text dummy text dummy text dummy text dummy text "
          text run at (395,51) width 364: "dummy text dummy text dummy text dummy text dummy"
          text run at (0,68) width 106: "text dummy text "
          text run at (106,68) width 474: "dummy text dummy text dummy text dummy text dummy text dummy text "
          text run at (580,68) width 154: "dummy text dummy text"
          text run at (0,85) width 316: "dummy text dummy text dummy text dummy text "
          text run at (316,85) width 443: "dummy text dummy text dummy text dummy text dummy text dummy"
          text run at (0,102) width 27: "text "
          text run at (27,102) width 474: "dummy text dummy text dummy text dummy text dummy text dummy text "
          text run at (501,102) width 233: "dummy text dummy text dummy text"
          text run at (0,119) width 79: "dummy text "
        RenderInline {SPAN} at (0,0) size 234x19 [color=#0000FF] [border: (1px solid #0000FF)]
          RenderText {#text} at (80,119) size 232x17
            text run at (80,119) width 27: "one "
            text run at (107,119) width 205: "blue line all around this blue text"
        RenderText {#text} at (313,119) size 760x85
          text run at (313,119) width 162: " dummy text dummy text "
          text run at (475,119) width 285: "dummy text dummy text dummy text dummy"
          text run at (0,136) width 185: "text dummy text dummy text "
          text run at (185,136) width 474: "dummy text dummy text dummy text dummy text dummy text dummy text "
          text run at (659,136) width 75: "dummy text"
          text run at (0,153) width 395: "dummy text dummy text dummy text dummy text dummy text "
          text run at (395,153) width 364: "dummy text dummy text dummy text dummy text dummy"
          text run at (0,170) width 106: "text dummy text "
          text run at (106,170) width 474: "dummy text dummy text dummy text dummy text dummy text dummy text "
          text run at (580,170) width 154: "dummy text dummy text"
          text run at (0,187) width 316: "dummy text dummy text dummy text dummy text "
          text run at (316,187) width 75: "dummy text"
      RenderBlock {DIV} at (0,253) size 784x17
        RenderText {#text} at (0,0) size 416x17
          text run at (0,0) width 416: "(All the lines of text in the block above should be equally spaced.)"
