layer at (0,0) size 800x600
  RenderView at (0,0) size 800x600
layer at (0,0) size 800x115
  RenderBlock {HTML} at (0,0) size 800x115
    RenderBody {BODY} at (8,16) size 784x83
      RenderBlock {P} at (0,0) size 784x17
        RenderText {#text} at (0,0) size 240x17
          text run at (0,0) width 240: "The next two bars should be identical:"
      RenderBlock {DIV} at (16,33) size 192x17 [color=#FFFF00] [bgcolor=#000080]
        RenderText {#text} at (32,0) size 39x17
          text run at (32,0) width 39: "TEST"
      RenderBlock {DIV} at (16,66) size 192x17 [color=#FFFF00] [bgcolor=#000080]
        RenderImage {IMG} at (0,13) size 32x2
        RenderText {#text} at (32,0) size 39x17
          text run at (32,0) width 39: "TEST"
