layer at (0,0) size 800x600
  RenderView at (0,0) size 800x600
layer at (0,0) size 800x115
  RenderBlock {HTML} at (0,0) size 800x115
    RenderBody {BODY} at (8,16) size 784x83
      RenderBlock {P} at (0,0) size 784x17
        RenderText {#text} at (0,0) size 230x17
          text run at (0,0) width 230: "There should be no red on this page:"
      RenderBlock {P} at (0,33) size 784x17 [color=#FF0000]
        RenderText {#text} at (0,0) size 4x17
          text run at (0,0) width 4: " "
      RenderBlock {P} at (0,66) size 784x17 [color=#FF0000]
        RenderText {#text} at (0,0) size 4x17
          text run at (0,0) width 4: " "
