layer at (0,0) size 800x600
  RenderView at (0,0) size 800x600
layer at (0,0) size 800x83
  RenderBlock {HTML} at (0,0) size 800x83
    RenderBody {BODY} at (8,16) size 784x51
      RenderBlock {P} at (0,0) size 176x51 [bgcolor=#FFFFFF] [border: none (16px solid #008000) none]
        RenderText {#text} at (0,0) size 152x51
          text run at (0,0) width 152: "There should be a green"
          text run at (0,17) width 150: "block to the right of this"
          text run at (0,34) width 27: "text."
