layer at (0,0) size 800x600
  RenderView at (0,0) size 800x600
layer at (0,0) size 800x218
  RenderBlock {HTML} at (0,0) size 800x218
    RenderBody {BODY} at (8,16) size 784x186
      RenderBlock {P} at (20,0) size 764x85 [color=#0000FF] [border: none (10px double #0000FF)]
        RenderText {#text} at (10,0) size 354x17
          text run at (10,0) width 354: "\x{21E6} This paragraph should have two blue lines on its left. "
        RenderInline {SPAN} at (0,0) size 745x85 [color=#C0C0C0]
          RenderText {#text} at (364,0) size 745x85
            text run at (364,0) width 391: "dummy text dummy text dummy text dummy text dummy text"
            text run at (10,17) width 52: "dummy "
            text run at (62,17) width 474: "text dummy text dummy text dummy text dummy text dummy text dummy "
            text run at (536,17) width 181: "text dummy text dummy text"
            text run at (10,34) width 289: "dummy text dummy text dummy text dummy "
            text run at (299,34) width 418: "text dummy text dummy text dummy text dummy text dummy text"
            text run at (10,51) width 52: "dummy "
            text run at (62,51) width 474: "text dummy text dummy text dummy text dummy text dummy text dummy "
            text run at (536,51) width 181: "text dummy text dummy text"
            text run at (10,68) width 154: "dummy text dummy text"
        RenderText {#text} at (0,0) size 0x0
      RenderBlock {P} at (20,101) size 764x85 [color=#0000FF] [border: none (1px solid #0000FF)]
        RenderText {#text} at (1,0) size 359x17
          text run at (1,0) width 359: "\x{21E6} This paragraph should have a thin blue line on its left. "
        RenderInline {SPAN} at (0,0) size 759x85 [color=#C0C0C0]
          RenderText {#text} at (360,0) size 759x85
            text run at (360,0) width 391: "dummy text dummy text dummy text dummy text dummy text"
            text run at (1,17) width 52: "dummy "
            text run at (53,17) width 474: "text dummy text dummy text dummy text dummy text dummy text dummy "
            text run at (527,17) width 233: "text dummy text dummy text dummy"
            text run at (1,34) width 237: "text dummy text dummy text dummy "
            text run at (238,34) width 474: "text dummy text dummy text dummy text dummy text dummy text dummy "
            text run at (712,34) width 23: "text"
            text run at (1,51) width 447: "dummy text dummy text dummy text dummy text dummy text dummy "
            text run at (448,51) width 312: "text dummy text dummy text dummy text dummy"
            text run at (1,68) width 23: "text"
        RenderText {#text} at (0,0) size 0x0
