layer at (0,0) size 800x600
  RenderView at (0,0) size 800x600
layer at (0,0) size 800x279
  RenderBlock {HTML} at (0,0) size 800x279
    RenderBody {BODY} at (8,16) size 784x247 [color=#0000FF]
      RenderBlock {P} at (0,0) size 784x34
        RenderText {#text} at (0,0) size 483x17
          text run at (0,0) width 483: "There should be a solid blue line directly over every occurance of the word \""
        RenderInline {SPAN} at (0,0) size 60x19 [border: (2px solid #0000FF) none]
          RenderText {#text} at (483,0) size 60x17
            text run at (483,0) width 60: "HERE \x{21E7}"
        RenderText {#text} at (543,0) size 776x34
          text run at (543,0) width 233: "\". (So there should be 8 blue lines on"
          text run at (0,17) width 65: "this page.)"
      RenderTable {TABLE} at (0,50) size 136x73
        RenderTableSection {TBODY} at (0,0) size 136x73
          RenderTableRow {TR} at (0,2) size 136x21
            RenderTableCell {TD} at (2,2) size 132x21 [border: (2px solid #0000FF) none] [r=0 c=0 rs=1 cs=2]
              RenderText {#text} at (36,3) size 60x17
                text run at (36,3) width 60: "HERE \x{21E7}"
          RenderTableRow {TR} at (0,25) size 136x46
            RenderTableCell {TD} at (2,37) size 62x22 [border: (2px solid #0000FF) none] [r=1 c=0 rs=1 cs=1]
              RenderText {#text} at (1,3) size 60x18
                text run at (1,4) width 60: "HERE \x{21E7}"
            RenderTableCell {TD} at (66,25) size 68x46 [border: (2px solid #0000FF) none] [r=1 c=1 rs=1 cs=1]
              RenderBlock (anonymous) at (1,3) size 66x17
                RenderText {#text} at (3,0) size 60x17
                  text run at (3,0) width 60: "HERE \x{21E7}"
              RenderTable {TABLE} at (1,20) size 66x25
                RenderTableSection {TBODY} at (0,0) size 66x25
                  RenderTableRow {TR} at (0,2) size 66x21
                    RenderTableCell {TD} at (2,2) size 62x21 [border: (2px solid #0000FF) none] [r=0 c=0 rs=1 cs=1]
                      RenderText {#text} at (1,3) size 60x17
                        text run at (1,3) width 60: "HERE \x{21E7}"
      RenderBlock {UL} at (0,139) size 784x108
        RenderListItem {LI} at (40,0) size 744x70 [border: (2px solid #0000FF) none]
          RenderBlock (anonymous) at (0,2) size 744x17
            RenderListMarker at (-17,0) size 7x17: bullet
            RenderText {#text} at (0,0) size 60x17
              text run at (0,0) width 60: "HERE \x{21E7}"
          RenderBlock {UL} at (0,19) size 744x51
            RenderListItem {LI} at (40,0) size 704x17
              RenderListMarker at (-17,0) size 7x17: white bullet
              RenderText {#text} at (0,0) size 75x17
                text run at (0,0) width 75: "dummy text"
            RenderListItem {LI} at (40,17) size 704x17
              RenderListMarker at (-17,0) size 7x17: white bullet
              RenderText {#text} at (0,0) size 75x17
                text run at (0,0) width 75: "dummy text"
            RenderListItem {LI} at (40,34) size 704x17
              RenderListMarker at (-17,0) size 7x17: white bullet
              RenderText {#text} at (0,0) size 75x17
                text run at (0,0) width 75: "dummy text"
        RenderListItem {LI} at (40,70) size 744x19 [border: (2px solid #0000FF) none]
          RenderListMarker at (-17,2) size 7x17: bullet
          RenderText {#text} at (0,2) size 60x17
            text run at (0,2) width 60: "HERE \x{21E7}"
        RenderListItem {LI} at (40,89) size 744x19 [border: (2px solid #0000FF) none]
          RenderListMarker at (-17,2) size 7x17: bullet
          RenderText {#text} at (0,2) size 60x17
            text run at (0,2) width 60: "HERE \x{21E7}"
