layer at (0,0) size 800x600
  RenderView at (0,0) size 800x600
layer at (0,0) size 800x303
  RenderBlock {HTML} at (0,0) size 800x303
    RenderBody {BODY} at (8,8) size 784x287
      RenderBlock {DIV} at (0,0) size 784x17
        RenderText {#text} at (0,0) size 341x17
          text run at (0,0) width 341: "The blue bits of text should be decorated as described."
      RenderBlock {P} at (0,33) size 784x221 [color=#C0C0C0]
        RenderText {#text} at (0,0) size 759x51
          text run at (0,0) width 474: "dummy text dummy text dummy text dummy text dummy text dummy text "
          text run at (474,0) width 285: "dummy text dummy text dummy text dummy"
          text run at (0,17) width 185: "text dummy text dummy text "
          text run at (185,17) width 474: "dummy text dummy text dummy text dummy text dummy text dummy text "
          text run at (659,17) width 75: "dummy text"
          text run at (0,34) width 395: "dummy text dummy text dummy text dummy text dummy text "
        RenderInline {SPAN} at (0,0) size 783x34 [color=#0000FF] [border: none (10px double #0000FF)]
          RenderText {#text} at (405,34) size 172x17
            text run at (405,34) width 172: "\x{21E6} two blue lines to the left "
          RenderInline {SPAN} at (0,0) size 783x34 [color=#C0C0C0]
            RenderText {#text} at (577,34) size 783x34
              text run at (577,34) width 52: "dummy "
              text run at (629,34) width 154: "text dummy text dummy"
              text run at (0,51) width 316: "text dummy text dummy text dummy text dummy "
              text run at (316,51) width 418: "text dummy text dummy text dummy text dummy text dummy text"
          RenderText {#text} at (0,0) size 0x0
        RenderText {#text} at (0,68) size 759x85
          text run at (0,68) width 395: "dummy text dummy text dummy text dummy text dummy text "
          text run at (395,68) width 364: "dummy text dummy text dummy text dummy text dummy"
          text run at (0,85) width 106: "text dummy text "
          text run at (106,85) width 474: "dummy text dummy text dummy text dummy text dummy text dummy text "
          text run at (580,85) width 154: "dummy text dummy text"
          text run at (0,102) width 316: "dummy text dummy text dummy text dummy text "
          text run at (316,102) width 443: "dummy text dummy text dummy text dummy text dummy text dummy"
          text run at (0,119) width 27: "text "
          text run at (27,119) width 474: "dummy text dummy text dummy text dummy text dummy text dummy text "
          text run at (501,119) width 233: "dummy text dummy text dummy text"
          text run at (0,136) width 158: "dummy text dummy text "
        RenderInline {SPAN} at (0,0) size 194x17 [color=#0000FF] [border: none (1px solid #0000FF)]
          RenderText {#text} at (159,136) size 193x17
            text run at (159,136) width 193: "\x{21E6} one thin blue line to the left "
        RenderText {#text} at (352,136) size 759x85
          text run at (352,136) width 52: "dummy "
          text run at (404,136) width 339: "text dummy text dummy text dummy text dummy text"
          text run at (0,153) width 131: "dummy text dummy "
          text run at (131,153) width 474: "text dummy text dummy text dummy text dummy text dummy text dummy "
          text run at (605,153) width 154: "text dummy text dummy"
          text run at (0,170) width 316: "text dummy text dummy text dummy text dummy "
          text run at (316,170) width 418: "text dummy text dummy text dummy text dummy text dummy text"
          text run at (0,187) width 52: "dummy "
          text run at (52,187) width 474: "text dummy text dummy text dummy text dummy text dummy text dummy "
          text run at (526,187) width 233: "text dummy text dummy text dummy"
          text run at (0,204) width 237: "text dummy text dummy text dummy "
          text run at (237,204) width 181: "text dummy text dummy text"
      RenderBlock {DIV} at (0,270) size 784x17
        RenderText {#text} at (0,0) size 416x17
          text run at (0,0) width 416: "(All the lines of text in the block above should be equally spaced.)"
