layer at (0,0) size 800x600
  RenderView at (0,0) size 800x600
layer at (0,0) size 800x246
  RenderBlock {HTML} at (0,0) size 800x246
    RenderBody {BODY} at (8,8) size 784x0
      RenderBlock (floating) {DIV} at (0,0) size 588x238 [color=#FFFFFF] [bgcolor=#000080]
        RenderBlock (floating) {DIV} at (277,0) size 294x68 [color=#00FFFF] [bgcolor=#008080]
          RenderBlock {P} at (0,0) size 294x68
            RenderText {#text} at (0,0) size 294x68
              text run at (0,0) width 294: "To the right of this teal box there should be a"
              text run at (0,17) width 94: "purple square, "
              text run at (94,17) width 200: "tightly squeezed in between the"
              text run at (0,34) width 194: "edge of the teal box and the "
              text run at (193,34) width 101: "outside edge of"
              text run at (0,51) width 110: "the blue block. \x{21E8}"
        RenderBlock {P} at (0,0) size 588x238
          RenderText {#text} at (0,0) size 277x34
            text run at (0,0) width 277: "Inside this blue block on the right there"
            text run at (0,17) width 159: "should be a teal box. \x{21E8} "
          RenderInline {SPAN} at (0,0) size 588x221 [color=#000080]
            RenderText {#text} at (158,17) size 588x221
              text run at (158,17) width 119: "FAIL FAIL FAIL"
              text run at (0,34) width 277: "FAIL FAIL FAIL FAIL FAIL FAIL FAIL"
              text run at (0,51) width 81: "FAIL FAIL "
              text run at (80,51) width 197: "FAIL FAIL FAIL FAIL FAIL"
              text run at (0,68) width 298: "FAIL FAIL FAIL FAIL FAIL FAIL FAIL "
              text run at (297,68) width 291: "FAIL FAIL FAIL FAIL FAIL FAIL FAIL"
              text run at (0,85) width 213: "FAIL FAIL FAIL FAIL FAIL "
              text run at (212,85) width 376: "FAIL FAIL FAIL FAIL FAIL FAIL FAIL FAIL FAIL"
              text run at (0,102) width 128: "FAIL FAIL FAIL "
              text run at (127,102) width 461: "FAIL FAIL FAIL FAIL FAIL FAIL FAIL FAIL FAIL FAIL FAIL"
              text run at (0,119) width 43: "FAIL "
              text run at (42,119) width 510: "FAIL FAIL FAIL FAIL FAIL FAIL FAIL FAIL FAIL FAIL FAIL FAIL "
              text run at (552,119) width 36: "FAIL"
              text run at (0,136) width 468: "FAIL FAIL FAIL FAIL FAIL FAIL FAIL FAIL FAIL FAIL FAIL "
              text run at (467,136) width 121: "FAIL FAIL FAIL"
              text run at (0,153) width 383: "FAIL FAIL FAIL FAIL FAIL FAIL FAIL FAIL FAIL "
              text run at (382,153) width 206: "FAIL FAIL FAIL FAIL FAIL"
              text run at (0,170) width 298: "FAIL FAIL FAIL FAIL FAIL FAIL FAIL "
              text run at (297,170) width 291: "FAIL FAIL FAIL FAIL FAIL FAIL FAIL"
              text run at (0,187) width 213: "FAIL FAIL FAIL FAIL FAIL "
              text run at (212,187) width 376: "FAIL FAIL FAIL FAIL FAIL FAIL FAIL FAIL FAIL"
              text run at (0,204) width 128: "FAIL FAIL FAIL "
              text run at (127,204) width 461: "FAIL FAIL FAIL FAIL FAIL FAIL FAIL FAIL FAIL FAIL FAIL"
              text run at (0,221) width 40: "FAIL "
              text run at (40,221) width 476: "FAIL FAIL FAIL FAIL FAIL FAIL FAIL FAIL FAIL FAIL FAIL FAIL"
          RenderText {#text} at (0,0) size 0x0
