layer at (0,0) size 800x600
  RenderView at (0,0) size 800x600
layer at (0,0) size 800x270
  RenderBlock {HTML} at (0,0) size 800x270
    RenderBody {BODY} at (8,16) size 784x238
      RenderBlock {P} at (0,0) size 784x238 [color=#000080]
        RenderImage {IMG} at (734,0) size 50x50
        RenderText {#text} at (0,0) size 334x17
          text run at (0,0) width 334: "This text should flow around the box on the right. \x{21E8} "
        RenderInline {SPAN} at (0,0) size 759x238 [color=#C0C0C0]
          RenderText {#text} at (334,0) size 759x238
            text run at (334,0) width 391: "dummy text dummy text dummy text dummy text dummy text"
            text run at (0,17) width 52: "dummy "
            text run at (52,17) width 474: "text dummy text dummy text dummy text dummy text dummy text dummy "
            text run at (526,17) width 181: "text dummy text dummy text"
            text run at (0,34) width 289: "dummy text dummy text dummy text dummy "
            text run at (289,34) width 418: "text dummy text dummy text dummy text dummy text dummy text"
            text run at (0,51) width 52: "dummy "
            text run at (52,51) width 474: "text dummy text dummy text dummy text dummy text dummy text dummy "
            text run at (526,51) width 233: "text dummy text dummy text dummy"
            text run at (0,68) width 237: "text dummy text dummy text dummy "
            text run at (237,68) width 474: "text dummy text dummy text dummy text dummy text dummy text dummy "
            text run at (711,68) width 23: "text"
            text run at (0,85) width 447: "dummy text dummy text dummy text dummy text dummy text dummy "
            text run at (447,85) width 312: "text dummy text dummy text dummy text dummy"
            text run at (0,102) width 158: "text dummy text dummy "
            text run at (158,102) width 474: "text dummy text dummy text dummy text dummy text dummy text dummy "
            text run at (632,102) width 102: "text dummy text"
            text run at (0,119) width 368: "dummy text dummy text dummy text dummy text dummy "
            text run at (368,119) width 391: "text dummy text dummy text dummy text dummy text dummy"
            text run at (0,136) width 79: "text dummy "
            text run at (79,136) width 474: "text dummy text dummy text dummy text dummy text dummy text dummy "
            text run at (553,136) width 181: "text dummy text dummy text"
            text run at (0,153) width 289: "dummy text dummy text dummy text dummy "
            text run at (289,153) width 470: "text dummy text dummy text dummy text dummy text dummy text dummy"
            text run at (0,170) width 474: "text dummy text dummy text dummy text dummy text dummy text dummy "
            text run at (474,170) width 260: "text dummy text dummy text dummy text"
            text run at (0,187) width 210: "dummy text dummy text dummy "
            text run at (210,187) width 474: "text dummy text dummy text dummy text dummy text dummy text dummy "
            text run at (684,187) width 75: "text dummy"
            text run at (0,204) width 395: "text dummy text dummy text dummy text dummy text dummy "
            text run at (395,204) width 339: "text dummy text dummy text dummy text dummy text"
            text run at (0,221) width 131: "dummy text dummy "
            text run at (131,221) width 418: "text dummy text dummy text dummy text dummy text dummy text"
        RenderText {#text} at (0,0) size 0x0
