layer at (0,0) size 800x600
  RenderView at (0,0) size 800x600
layer at (0,0) size 800x492
  RenderBlock {HTML} at (0,0) size 800x492
    RenderBody {BODY} at (8,16) size 784x468
      RenderBlock {P} at (0,0) size 784x17
        RenderText {#text} at (0,0) size 461x17
          text run at (0,0) width 461: "The square below should be exactly 50% wide on the ruler at the bottom."
      RenderBlock {DIV} at (0,33) size 784x395
        RenderImage {IMG} at (0,0) size 392x392
