layer at (0,0) size 800x600
  RenderView at (0,0) size 800x600
layer at (0,0) size 800x474
  RenderBlock {HTML} at (0,0) size 800x474
    RenderBody {BODY} at (8,16) size 784x442
      RenderBlock {P} at (0,0) size 784x34 [color=#000080]
        RenderText {#text} at (0,0) size 769x34
          text run at (0,0) width 396: "Below this paragraph there should be a big teal square half the "
          text run at (396,0) width 373: "width of the window, aligned flush with the right hand side"
          text run at (0,17) width 27: "(\x{21E8})."
      RenderBlock {P} at (0,50) size 784x392 [color=#000080]
        RenderImage {IMG} at (392,0) size 392x392
