layer at (0,0) size 800x600
  RenderView at (0,0) size 800x600
layer at (0,0) size 800x384
  RenderBlock {HTML} at (0,0) size 800x384
    RenderBody {BODY} at (8,16) size 784x352 [color=#000080]
      RenderBlock {P} at (0,0) size 784x17
        RenderText {#text} at (0,0) size 388x17
          text run at (0,0) width 388: "The two columns should look the same, except for alignment."
      RenderBlock {OL} at (0,33) size 784x51
        RenderListItem {LI} at (40,0) size 744x17
          RenderListMarker at (-16,0) size 12x17: "i"
          RenderText {#text} at (0,0) size 8x17
            text run at (0,0) width 8: "i."
        RenderListItem {LI} at (40,17) size 744x17
          RenderListMarker at (-20,0) size 16x17: "ii"
          RenderText {#text} at (0,0) size 12x17
            text run at (0,0) width 12: "ii."
        RenderListItem {LI} at (40,34) size 744x17
          RenderListMarker at (-24,0) size 20x17: "iii"
          RenderText {#text} at (0,0) size 16x17
            text run at (0,0) width 16: "iii."
      RenderBlock {OL} at (0,100) size 784x51
        RenderListItem {LI} at (40,0) size 744x17
          RenderListMarker at (-17,0) size 13x17: "I"
          RenderText {#text} at (0,0) size 9x17
            text run at (0,0) width 9: "I."
        RenderListItem {LI} at (40,17) size 744x17
          RenderListMarker at (-22,0) size 18x17: "II"
          RenderText {#text} at (0,0) size 14x17
            text run at (0,0) width 14: "II."
        RenderListItem {LI} at (40,34) size 744x17
          RenderListMarker at (-27,0) size 23x17: "III"
          RenderText {#text} at (0,0) size 19x17
            text run at (0,0) width 19: "III."
      RenderBlock {OL} at (0,167) size 784x51
        RenderListItem {LI} at (40,0) size 744x17
          RenderListMarker at (-19,0) size 15x17: "a"
          RenderText {#text} at (0,0) size 11x17
            text run at (0,0) width 11: "a."
        RenderListItem {LI} at (40,17) size 744x17
          RenderListMarker at (-20,0) size 16x17: "b"
          RenderText {#text} at (0,0) size 12x17
            text run at (0,0) width 12: "b."
        RenderListItem {LI} at (40,34) size 744x17
          RenderListMarker at (-19,0) size 15x17: "c"
          RenderText {#text} at (0,0) size 11x17
            text run at (0,0) width 11: "c."
      RenderBlock {OL} at (0,234) size 784x51
        RenderListItem {LI} at (40,0) size 744x17
          RenderListMarker at (-24,0) size 20x17: "A"
          RenderText {#text} at (0,0) size 16x17
            text run at (0,0) width 16: "A."
        RenderListItem {LI} at (40,17) size 744x17
          RenderListMarker at (-23,0) size 19x17: "B"
          RenderText {#text} at (0,0) size 15x17
            text run at (0,0) width 15: "B."
        RenderListItem {LI} at (40,34) size 744x17
          RenderListMarker at (-23,0) size 19x17: "C"
          RenderText {#text} at (0,0) size 15x17
            text run at (0,0) width 15: "C."
      RenderBlock {OL} at (0,301) size 784x51
        RenderListItem {LI} at (40,0) size 744x17
          RenderListMarker at (-24,0) size 20x17: "A"
          RenderText {#text} at (0,0) size 16x17
            text run at (0,0) width 16: "A."
        RenderListItem {LI} at (40,17) size 744x17
          RenderListMarker at (-23,0) size 19x17: "B"
          RenderText {#text} at (0,0) size 15x17
            text run at (0,0) width 15: "B."
        RenderListItem {LI} at (40,34) size 744x17
          RenderListMarker at (-20,0) size 16x17: "3"
          RenderText {#text} at (0,0) size 12x17
            text run at (0,0) width 12: "3."
