layer at (0,0) size 800x600
  RenderView at (0,0) size 800x600
layer at (0,0) size 800x170
  RenderBlock {HTML} at (0,0) size 800x170
    RenderBody {BODY} at (8,16) size 784x146
      RenderBlock {P} at (0,0) size 784x17
        RenderText {#text} at (0,0) size 730x17
          text run at (0,0) width 408: "You should see nine boxes below, each just containing a unique "
          text run at (408,0) width 322: "multiple of eleven, from 11 to 99, and nothing else."
      RenderBlock {UL} at (0,33) size 784x113
        RenderBlock {LI} at (0,0) size 50x19 [border: (1px solid #000000)]
          RenderInline (generated) at (0,0) size 8x17
            RenderCounter at (1,1) size 8x17
              text run at (1,1) width 8: "1"
          RenderText {#text} at (9,1) size 8x17
            text run at (9,1) width 8: "1"
        RenderBlock (floating) {LI} at (0,19) size 50x19 [border: (1px solid #000000)]
          RenderInline (generated) at (0,0) size 8x17
            RenderCounter at (1,1) size 8x17
              text run at (1,1) width 8: "2"
          RenderText {#text} at (9,1) size 8x17
            text run at (9,1) width 8: "2"
        RenderBlock {LI} at (0,56) size 50x19 [border: (1px solid #000000)]
          RenderInline (generated) at (0,0) size 8x17
            RenderCounter at (1,1) size 8x17
              text run at (1,1) width 8: "5"
          RenderText {#text} at (9,1) size 8x17
            text run at (9,1) width 8: "5"
        RenderBlock {LI} at (0,75) size 50x19 [border: (1px solid #000000)]
          RenderInline (generated) at (0,0) size 8x17
            RenderCounter at (1,1) size 8x17
              text run at (1,1) width 8: "7"
          RenderText {#text} at (9,1) size 8x17
            text run at (9,1) width 8: "7"
        RenderBlock {LI} at (0,94) size 50x19 [border: (1px solid #000000)]
          RenderInline (generated) at (0,0) size 8x17
            RenderCounter at (1,1) size 8x17
              text run at (1,1) width 8: "9"
          RenderText {#text} at (9,1) size 8x17
            text run at (9,1) width 8: "9"
layer at (8,68) size 50x37
  RenderBlock (relative positioned) {LI} at (0,19) size 50x37 [border: (1px solid #000000)]
    RenderInline (generated) at (0,0) size 8x17
      RenderCounter at (1,19) size 8x17
        text run at (1,19) width 8: "3"
    RenderText {#text} at (9,19) size 8x17
      text run at (9,19) width 8: "3"
layer at (136,105) size 50x19
  RenderBlock (positioned) {DIV} at (128,0) size 50x19 [border: (1px solid #000000)]
    RenderInline (generated) at (0,0) size 8x17
      RenderCounter at (1,1) size 8x17
        text run at (1,1) width 8: "4"
    RenderText {#text} at (9,1) size 8x17
      text run at (9,1) width 8: "4"
layer at (192,80) size 50x19
  RenderBlock (positioned) {LI} at (192,80) size 50x19 [border: (1px solid #000000)]
    RenderInline (generated) at (0,0) size 8x17
      RenderCounter at (1,1) size 8x17
        text run at (1,1) width 8: "6"
    RenderText {#text} at (9,1) size 8x17
      text run at (9,1) width 8: "6"
layer at (64,128) size 50x19
  RenderBlock (positioned) {LI} at (64,128) size 50x19 [border: (1px solid #000000)]
    RenderInline (generated) at (0,0) size 8x17
      RenderCounter at (1,1) size 8x17
        text run at (1,1) width 8: "8"
    RenderText {#text} at (9,1) size 8x17
      text run at (9,1) width 8: "8"
