layer at (0,0) size 800x600
  RenderView at (0,0) size 800x600
layer at (0,0) size 800x349
  RenderBlock {HTML} at (0,0) size 800x349
    RenderBody {BODY} at (0,16) size 800x333
      RenderBlock {P} at (0,0) size 800x17
        RenderText {#text} at (0,0) size 230x17
          text run at (0,0) width 230: "There should be no red on this page."
      RenderBlock {DIV} at (0,33) size 165x75 [color=#FFFFFF]
        RenderText {#text} at (0,0) size 165x75
          text run at (0,0) width 165: "           "
          text run at (0,15) width 165: "           "
          text run at (0,30) width 165: "           "
          text run at (0,45) width 165: "           "
          text run at (0,60) width 165: "          X"
      RenderBlock {DIV} at (0,108) size 165x75 [color=#FFFFFF]
        RenderText {#text} at (0,0) size 165x75
          text run at (0,0) width 165: "           "
          text run at (0,15) width 165: "           "
          text run at (0,30) width 165: "X          "
          text run at (0,45) width 165: "           "
          text run at (0,60) width 165: "           "
      RenderBlock {DIV} at (0,183) size 165x75 [color=#FFFFFF]
        RenderText {#text} at (0,0) size 165x75
          text run at (0,0) width 165: "           "
          text run at (0,15) width 165: "        X  "
          text run at (0,30) width 165: "           "
          text run at (0,45) width 165: "           "
          text run at (0,60) width 165: "           "
      RenderBlock {DIV} at (0,258) size 165x75 [color=#FFFFFF]
        RenderText {#text} at (0,0) size 165x75
          text run at (0,0) width 165: "           "
          text run at (0,15) width 165: "           "
          text run at (0,30) width 165: "  X        "
          text run at (0,45) width 165: "           "
          text run at (0,60) width 165: "           "
