layer at (0,0) size 800x600
  RenderView at (0,0) size 800x600
layer at (0,0) size 800x468
  RenderBlock {HTML} at (0,0) size 800x468
    RenderBody {BODY} at (8,16) size 784x444
      RenderBlock {P} at (0,0) size 784x20
        RenderInline {B} at (0,0) size 62x19
          RenderText {#text} at (0,0) size 62x19
            text run at (0,0) width 62: "BUG ID:"
        RenderText {#text} at (61,0) size 5x19
          text run at (61,0) width 5: " "
        RenderInline {A} at (0,0) size 119x19 [color=#0000EE]
          RenderText {#text} at (65,0) size 119x19
            text run at (65,0) width 119: "Bugzilla bug 8467"
        RenderText {#text} at (183,0) size 509x19
          text run at (183,0) width 509: " Block with percentage background-size doesn't repaint properly when it grows"
      RenderBlock {P} at (0,36) size 784x46 [bgcolor=#98FB98]
        RenderInline {B} at (0,0) size 90x19
          RenderText {#text} at (3,3) size 90x19
            text run at (3,3) width 90: "TEST PASS:"
        RenderText {#text} at (92,3) size 772x39
          text run at (92,3) width 5: " "
          text run at (96,3) width 679: "The boxes will resize, and their background images will repaint correctly maintaining the set background-"
          text run at (3,23) width 29: "size."
      RenderBlock {P} at (0,98) size 784x26 [bgcolor=#FF3300]
        RenderInline {B} at (0,0) size 89x19
          RenderText {#text} at (3,3) size 89x19
            text run at (3,3) width 89: "TEST FAIL:"
        RenderText {#text} at (91,3) size 528x19
          text run at (91,3) width 5: " "
          text run at (95,3) width 524: "The boxes will resize, but the background images will leave artifacts on the sides."
      RenderBlock {DIV} at (0,140) size 222x142 [border: (1px solid #0000FF)]
        RenderBlock {DIV} at (11,21) size 200x40
      RenderBlock (anonymous) at (0,282) size 784x20
        RenderBR {BR} at (0,0) size 0x19
      RenderBlock {DIV} at (0,302) size 222x142 [border: (1px solid #0000FF)]
        RenderBlock {DIV} at (11,21) size 200x60
layer at (29,177) size 180x40
  RenderBlock {DIV} at (10,0) size 180x40 [bgcolor=#008080]
layer at (29,339) size 180x60
  RenderBlock {DIV} at (10,0) size 180x60 [bgcolor=#008080]
