layer at (0,0) size 800x600
  RenderView at (0,0) size 800x600
layer at (0,0) size 800x544
  RenderBlock {HTML} at (0,0) size 800x544 [bgcolor=#FFFFFF]
    RenderBody {BODY} at (8,240) size 784x288
      RenderBlock {P} at (0,248) size 784x40
        RenderText {#text} at (0,0) size 103x19
          text run at (0,0) width 103: "Repaint test for "
        RenderInline {I} at (0,0) size 761x39
          RenderInline {A} at (0,0) size 307x19 [color=#0000EE]
            RenderText {#text} at (102,0) size 307x19
              text run at (102,0) width 307: "http://bugs.webkit.org/show_bug.cgi?id=15157"
          RenderText {#text} at (408,0) size 761x39
            text run at (408,0) width 5: " "
            text run at (412,0) width 349: "Image defined in background-position: top center gets"
            text run at (0,20) width 149: "unexpectedly truncated"
        RenderText {#text} at (148,20) size 5x19
          text run at (148,20) width 5: "."
