layer at (0,0) size 800x600
  RenderView at (0,0) size 800x600
layer at (0,0) size 800x220
  RenderBlock {HTML} at (0,0) size 800x220
    RenderBody {BODY} at (8,16) size 784x188
      RenderBlock {P} at (0,0) size 784x20
        RenderInline {B} at (0,0) size 62x19
          RenderText {#text} at (0,0) size 62x19
            text run at (0,0) width 62: "BUG ID:"
        RenderText {#text} at (61,0) size 5x19
          text run at (61,0) width 5: " "
        RenderInline {A} at (0,0) size 119x19 [color=#0000EE]
          RenderText {#text} at (65,0) size 119x19
            text run at (65,0) width 119: "Bugzilla bug 5699"
        RenderText {#text} at (183,0) size 232x19
          text run at (183,0) width 232: " REGRESSION: incomplete repaint"
      RenderBlock {P} at (0,36) size 784x26 [bgcolor=#98FB98]
        RenderInline {B} at (0,0) size 90x19
          RenderText {#text} at (3,3) size 90x19
            text run at (3,3) width 90: "TEST PASS:"
        RenderText {#text} at (92,3) size 232x19
          text run at (92,3) width 5: " "
          text run at (96,3) width 228: "The word \x{201C}Hello\x{201D} will move down."
      RenderBlock {P} at (0,78) size 784x26 [bgcolor=#FF3300]
        RenderInline {B} at (0,0) size 89x19
          RenderText {#text} at (3,3) size 89x19
            text run at (3,3) width 89: "TEST FAIL:"
        RenderText {#text} at (91,3) size 304x19
          text run at (91,3) width 5: " "
          text run at (95,3) width 300: "Another copy of the word \x{201C}Hello\x{201D} will appear."
      RenderBlock {P} at (0,120) size 784x68
        RenderInline {SPAN} at (0,0) size 4x19
          RenderText {#text} at (0,14) size 4x19
            text run at (0,14) width 4: " "
        RenderBR {BR} at (4,14) size 0x19
        RenderText {#text} at (0,48) size 36x19
          text run at (0,48) width 36: "Hello"
        RenderBR {BR} at (35,48) size 1x19
