layer at (0,0) size 800x600
  RenderView at (0,0) size 800x600
layer at (0,0) size 800x600
  RenderBlock {HTML} at (0,0) size 800x600
    RenderBody {BODY} at (8,8) size 784x584
      RenderButton {BUTTON} at (0,0) size 100x100 [bgcolor=#FFB6C1]
        RenderBlock (anonymous) at (11,43) size 78x14
          RenderText {#text} at (37,0) size 4x14
            text run at (37,0) width 4: " "
      RenderText {#text} at (0,0) size 0x0
