layer at (0,0) size 800x2016
  RenderView at (0,0) size 800x600
layer at (0,0) size 800x2016
  RenderBlock {HTML} at (0,0) size 800x2016
    RenderBody {BODY} at (8,8) size 784x2000
layer at (8,28) size 784x40
  RenderBlock (relative positioned) {P} at (0,0) size 784x40
    RenderText {#text} at (0,0) size 103x19
      text run at (0,0) width 103: "Repaint test for "
    RenderInline {I} at (0,0) size 755x39
      RenderInline {A} at (0,0) size 307x19 [color=#0000EE]
        RenderText {#text} at (102,0) size 307x19
          text run at (102,0) width 307: "http://bugs.webkit.org/show_bug.cgi?id=11452"
      RenderText {#text} at (408,0) size 755x39
        text run at (408,0) width 5: " "
        text run at (412,0) width 343: "REGRESSION (r16736-r16801): Incorrect repaint of"
        text run at (0,20) width 72: "fixed boxes"
    RenderText {#text} at (71,20) size 5x19
      text run at (71,20) width 5: "."
layer at (8,64) size 100x100
  RenderBlock (positioned) {DIV} at (8,64) size 100x100 [bgcolor=#008000]
scrolled to 0,20
