layer at (0,0) size 800x600
  RenderView at (0,0) size 800x600
layer at (0,0) size 800x600
  RenderBlock {HTML} at (0,0) size 800x600
    RenderBody {BODY} at (8,8) size 784x584
      RenderBlock {P} at (0,0) size 784x40
        RenderText {#text} at (0,0) size 156x19
          text run at (0,0) width 156: "This is a repaint test for "
        RenderInline {I} at (0,0) size 756x39
          RenderInline {A} at (0,0) size 354x19 [color=#0000EE]
            RenderText {#text} at (155,0) size 354x19
              text run at (155,0) width 354: "http://bugzilla.opendarwin.org/show_bug.cgi?id=7204"
          RenderText {#text} at (508,0) size 756x39
            text run at (508,0) width 5: " "
            text run at (512,0) width 244: "float inserted in fixed height block via"
            text run at (0,20) width 127: "DOM not repainted"
        RenderText {#text} at (126,20) size 5x19
          text run at (126,20) width 5: "."
      RenderBlock {P} at (0,56) size 784x20
        RenderText {#text} at (0,0) size 247x19
          text run at (0,0) width 247: "There should be a green square below."
      RenderBlock {HR} at (0,92) size 784x2 [border: (1px inset #000000)]
      RenderBlock {DIV} at (0,102) size 784x100
      RenderBlock {DIV} at (0,202) size 784x0
        RenderBlock (floating) {DIV} at (0,0) size 100x100 [bgcolor=#008000]
