layer at (0,0) size 800x600
  RenderView at (0,0) size 800x600
layer at (0,0) size 800x108
  RenderBlock {HTML} at (0,0) size 800x108
    RenderBody {BODY} at (8,16) size 784x76
      RenderBlock {P} at (0,0) size 784x40
        RenderText {#text} at (0,0) size 103x19
          text run at (0,0) width 103: "Repaint test for "
        RenderInline {I} at (0,0) size 158x19
          RenderInline {A} at (0,0) size 158x19 [color=#0000EE]
            RenderText {#text} at (102,0) size 158x19
              text run at (102,0) width 158: "rdar://problem/6518850"
        RenderText {#text} at (259,0) size 767x39
          text run at (259,0) width 5: " "
          text run at (263,0) width 504: "Make sure that an inline repaints using its line boxes and not using RenderBox"
          text run at (0,20) width 107: "width()/height()."
      RenderBlock {P} at (0,56) size 784x20
        RenderInline {SPAN} at (0,0) size 39x19 [color=#008000]
          RenderText {#text} at (0,0) size 39x19
            text run at (0,0) width 39: "PASS"
