layer at (0,0) size 800x600
  RenderView at (0,0) size 800x600
layer at (0,0) size 800x224
  RenderBlock {HTML} at (0,0) size 800x224
    RenderBody {BODY} at (8,16) size 784x200
      RenderBlock {P} at (0,0) size 784x20
        RenderInline {B} at (0,0) size 62x19
          RenderText {#text} at (0,0) size 62x19
            text run at (0,0) width 62: "BUG ID:"
        RenderText {#text} at (61,0) size 5x19
          text run at (61,0) width 5: " "
        RenderInline {A} at (0,0) size 119x19 [color=#0000EE]
          RenderText {#text} at (65,0) size 119x19
            text run at (65,0) width 119: "Bugzilla bug 8337"
        RenderText {#text} at (183,0) size 338x19
          text run at (183,0) width 338: " Incomplete repaint of inlines\x{2019} outline during editing"
      RenderBlock {P} at (0,36) size 784x46 [bgcolor=#98FB98]
        RenderInline {B} at (0,0) size 90x19
          RenderText {#text} at (3,3) size 90x19
            text run at (3,3) width 90: "TEST PASS:"
        RenderText {#text} at (92,3) size 770x39
          text run at (92,3) width 5: " "
          text run at (96,3) width 677: "The words \x{201C}sit amet\x{201D} will be deleted, and the blue outline will shrink to surround only the remaining text,"
          text run at (3,23) width 325: "without leaving behind any trails or other artifacts."
      RenderBlock {P} at (0,98) size 784x46 [bgcolor=#FF3300]
        RenderInline {B} at (0,0) size 89x19
          RenderText {#text} at (3,3) size 89x19
            text run at (3,3) width 89: "TEST FAIL:"
        RenderText {#text} at (91,3) size 740x39
          text run at (91,3) width 5: " "
          text run at (95,3) width 648: "As the words \x{201C}sit amet\x{201D} will be deleted, the blue outline will leave trails behind as it shrinks to fit the"
          text run at (3,23) width 97: "remaining text."
      RenderBlock {DIV} at (0,160) size 100x40
        RenderInline {SPAN} at (0,0) size 90x39
          RenderText {#text} at (0,0) size 90x39
            text run at (0,0) width 86: "Lorem ipsum"
            text run at (85,0) width 5: " "
            text run at (0,20) width 34: "dolor"
            text run at (33,20) width 5: " "
caret: position 18 of child 0 {#text} of child 1 {SPAN} of child 7 {DIV} of body
