layer at (0,0) size 800x600
  RenderView at (0,0) size 800x600
layer at (0,0) size 800x600
  RenderBlock {HTML} at (0,0) size 800x600
    RenderBody {BODY} at (0,0) size 800x600
      RenderPartObject {IFRAME} at (0,0) size 500x600
        layer at (0,0) size 500x644
          RenderView at (0,0) size 500x600
        layer at (0,0) size 500x644
          RenderBlock {HTML} at (0,0) size 500x644
            RenderBody {BODY} at (8,8) size 484x620
              RenderBlock {DIV} at (0,0) size 450x50
                RenderBlock (floating) {DIV} at (370,10) size 70x150 [bgcolor=#FFC0CB]
              RenderBlock {P} at (0,66) size 418x554 [border: (3px solid #800000)]
                RenderText {#text} at (6,6) size 362x121
                  text run at (6,6) width 354: "The chief difficulty Alice found at first was in"
                  text run at (6,26) width 98: "managing her "
                  text run at (103,26) width 257: "flamingo: she succeeded in getting its"
                  text run at (6,46) width 140: "body tucked away, "
                  text run at (145,46) width 215: "comfortably enough, under her"
                  text run at (6,66) width 219: "arm, with its legs hanging down, "
                  text run at (224,66) width 136: "but generally, just as"
                  text run at (6,86) width 270: "she had got its neck nicely straightened "
                  text run at (275,86) width 85: "out, and was"
                  text run at (6,108) width 362: "going to give the hedgehog a blow with its head, it "
                RenderInline {I} at (0,0) size 45x21
                  RenderText {#text} at (367,106) size 45x21
                    text run at (367,106) width 45: "would"
                RenderText {#text} at (6,128) size 406x59
                  text run at (6,128) width 309: "twist itself round and look up in her face, with "
                  text run at (314,128) width 98: "such a puzzled"
                  text run at (6,148) width 317: "expression that she could not help bursting out "
                  text run at (322,148) width 90: "laughing: and"
                  text run at (6,168) width 328: "when she had got its head down, and was going to "
                RenderText {#text} at (333,168) size 406x159
                  text run at (333,168) width 79: "begin again,"
                  text run at (6,188) width 353: "it was very provoking to find that the hedgehog had "
                  text run at (358,188) width 54: "unrolled"
                  text run at (6,208) width 379: "itself, and was in the act of crawling away: besides all "
                  text run at (384,208) width 28: "this,"
                  text run at (6,228) width 385: "there was generally a ridge or furrow in the way wherever "
                  text run at (390,228) width 22: "she"
                  text run at (6,248) width 406: "wanted to send the hedgehog to, and, as the doubled-up"
                  text run at (6,268) width 406: "soldiers were always getting up and walking off to other parts"
                  text run at (6,288) width 18: "of "
                  text run at (23,288) width 389: "the ground, Alice soon came to the conclusion that it was a"
                  text run at (57,308) width 33: "very "
                RenderBlock (floating) {SPAN} at (6,311) size 48x65 [bgcolor=#ADD8E6]
                RenderText {#text} at (89,308) size 146x19
                  text run at (89,308) width 146: "difficult game indeed. "
                RenderBR {BR} at (0,0) size 0x0
                RenderText {#text} at (57,328) size 303x19
                  text run at (57,328) width 303: "The players all played at once without waiting"
                RenderBlock (floating) {SPAN} at (364,331) size 48x81 [bgcolor=#90EE90]
                RenderText {#text} at (57,348) size 303x39
                  text run at (57,348) width 63: "for turns, "
                  text run at (119,348) width 241: "quarrelling all the while, and fighting"
                  text run at (57,368) width 169: "for the hedgehogs; and in "
                  text run at (225,368) width 115: "a very short time "
                RenderInline {SPAN} at (0,0) size 354x39
                  RenderText {#text} at (339,368) size 354x39
                    text run at (339,368) width 21: "the"
                    text run at (6,388) width 42: "Queen"
                RenderText {#text} at (47,388) size 354x59
                  text run at (47,388) width 254: " was in a furious passion, and went "
                  text run at (300,388) width 60: "stamping"
                  text run at (6,408) width 354: "about, and shouting \x{2018}Off with his head!\x{2019} or \x{2018}Off with"
                  text run at (6,428) width 224: "her head!\x{2019} about once in a minute. "
                RenderBR {BR} at (0,0) size 0x0
                RenderText {#text} at (6,448) size 406x99
                  text run at (6,448) width 386: "Alice began to feel very uneasy: to be sure, she had not as "
                  text run at (391,448) width 21: "yet"
                  text run at (6,468) width 406: "had any dispute with the Queen, but she knew that it might"
                  text run at (6,488) width 406: "happen any minute, \x{2018}and then,\x{2019} thought she, \x{2018}what would"
                  text run at (6,508) width 76: "become of "
                  text run at (81,508) width 331: "me? They\x{2019}re dreadfully fond of beheading people"
                  text run at (6,528) width 96: "here; the great "
                  text run at (101,528) width 268: "wonder is, that there\x{2018}s any one left alive!\x{2019}"
      RenderText {#text} at (0,0) size 0x0
