layer at (0,0) size 800x600
  RenderView at (0,0) size 800x600
layer at (0,0) size 800x600
  RenderBlock {HTML} at (0,0) size 800x600
    RenderBody {BODY} at (8,8) size 784x576
      RenderBlock {P} at (0,0) size 784x40
        RenderText {#text} at (0,0) size 55x19
          text run at (0,0) width 55: "Test for "
        RenderInline {I} at (0,0) size 741x39
          RenderInline {A} at (0,0) size 306x19 [color=#0000EE]
            RenderText {#text} at (54,0) size 306x19
              text run at (54,0) width 306: "http://bugs.webkit.org/show_bug.cgi?id=12910"
          RenderText {#text} at (359,0) size 741x39
            text run at (359,0) width 5: " "
            text run at (363,0) width 378: "REGRESSION (r18756-r18765): list-bullet doesn't redraw"
            text run at (0,20) width 376: "properly when changing the list's content using JavaScript"
        RenderText {#text} at (375,20) size 5x19
          text run at (375,20) width 5: "."
      RenderBlock {UL} at (0,56) size 784x20
        RenderListItem {LI} at (40,0) size 744x20
          RenderBlock (anonymous) at (0,0) size 744x20
            RenderListMarker at (-18,0) size 7x19: bullet
            RenderText {#text} at (0,0) size 22x19
              text run at (0,0) width 22: "foo"
          RenderBlock {DIV} at (10,30) size 724x0
      RenderBlock {UL} at (0,92) size 784x20
        RenderListItem {LI} at (40,0) size 744x20
          RenderBlock (anonymous) at (0,0) size 744x20
            RenderListMarker at (-1,0) size 7x19: bullet
            RenderText {#text} at (15,0) size 21x19
              text run at (15,0) width 21: "bar"
          RenderBlock {DIV} at (10,30) size 724x0
      RenderBlock {UL} at (0,128) size 784x20
        RenderListItem {LI} at (0,0) size 744x20
          RenderBlock (anonymous) at (0,0) size 744x20
            RenderListMarker at (755,0) size 7x19: bullet
            RenderText {#text} at (722,0) size 22x19
              text run at (722,0) width 22: "foo"
          RenderBlock {DIV} at (10,30) size 724x0
      RenderBlock {UL} at (0,164) size 784x20
        RenderListItem {LI} at (0,0) size 744x20
          RenderBlock (anonymous) at (0,0) size 744x20
            RenderListMarker at (738,0) size 7x19: bullet
            RenderText {#text} at (708,0) size 21x19
              text run at (708,0) width 21: "bar"
          RenderBlock {DIV} at (10,30) size 724x0
