layer at (0,0) size 800x600
  RenderView at (0,0) size 800x600
layer at (0,0) size 800x600
  RenderBlock {HTML} at (0,0) size 800x600
    RenderBody {BODY} at (8,8) size 784x584
      RenderBlock {P} at (0,0) size 784x60
        RenderText {#text} at (0,0) size 156x19
          text run at (0,0) width 156: "This is a repaint test for "
        RenderInline {I} at (0,0) size 767x39
          RenderInline {A} at (0,0) size 306x19 [color=#0000EE]
            RenderText {#text} at (155,0) size 306x19
              text run at (155,0) width 306: "http://bugs.webkit.org/show_bug.cgi?id=11277"
          RenderText {#text} at (460,0) size 767x39
            text run at (460,0) width 5: " "
            text run at (464,0) width 303: "REGRESSION: Incomplete repaint of overflow"
            text run at (0,20) width 129: "areas when deleting"
        RenderText {#text} at (128,20) size 773x39
          text run at (128,20) width 9: ". "
          text run at (136,20) width 453: "This shows that the repaint rect doesn't account for scrolling. You can "
          text run at (588,20) width 185: "use Quartz Debug to see that"
          text run at (0,40) width 415: "changing the text repaints a rect where the text would have been "
          text run at (414,40) width 159: "if it hadn't been scrolled."
layer at (8,84) size 80x69 clip at (8,84) size 65x69 scrollY 128 scrollHeight 220
  RenderBlock {DIV} at (0,76) size 80x69
    RenderBR {BR} at (0,0) size 0x19
    RenderBR {BR} at (0,20) size 0x19
    RenderBR {BR} at (0,40) size 0x19
    RenderBR {BR} at (0,60) size 0x19
    RenderBR {BR} at (0,80) size 0x19
    RenderBR {BR} at (0,100) size 0x19
    RenderBR {BR} at (0,120) size 0x19
    RenderBR {BR} at (0,140) size 0x19
    RenderBR {BR} at (0,160) size 0x19
    RenderText {#text} at (0,180) size 44x39
      text run at (0,180) width 44: "Passed"
      text run at (0,200) width 28: "Test"
