layer at (0,0) size 800x600
  RenderView at (0,0) size 800x600
layer at (0,0) size 800x600
  RenderBlock {HTML} at (0,0) size 800x600
    RenderBody {BODY} at (8,8) size 784x584
      RenderBlock {P} at (0,0) size 784x20
        RenderText {#text} at (0,0) size 55x19
          text run at (0,0) width 55: "Test for "
        RenderInline {A} at (0,0) size 311x19 [color=#0000EE]
          RenderText {#text} at (54,0) size 311x19
            text run at (54,0) width 311: "https://bugs.webkit.org/show_bug.cgi?id=23093"
        RenderText {#text} at (364,0) size 329x19
          text run at (364,0) width 329: ". The cancel button in a search field fails to redraw."
      RenderBlock (anonymous) at (0,36) size 784x25
        RenderTextControl {INPUT} at (2,2) size 136x22 [bgcolor=#FFFFFF] [border: (1px solid #4C4C4C)]
          RenderFlexibleBox {DIV} at (6,3) size 123x15
            RenderBlock {DIV} at (0,7) size 0x0
            RenderBlock {DIV} at (0,0) size 123x14
            RenderBlock {DIV} at (122,7) size 1x0
        RenderText {#text} at (0,0) size 0x0
layer at (17,49) size 122x14
  RenderBlock {DIV} at (0,0) size 123x14
    RenderText {#text} at (0,0) size 48x14
      text run at (0,0) width 48: "some text"
