layer at (0,0) size 800x600
  RenderView at (0,0) size 800x600
layer at (0,0) size 800x600
  RenderBlock {HTML} at (0,0) size 800x600
    RenderBody {BODY} at (8,8) size 784x562
      RenderBlock {P} at (0,0) size 784x40
        RenderText {#text} at (0,0) size 784x39
          text run at (0,0) width 666: "This tests to see if selection gaps are invalidated properly when content inside the selection is removed. "
          text run at (665,0) width 116: "Only 'hello world'"
          text run at (780,0) width 4: " "
          text run at (0,20) width 235: "should have a selecton tint behind it."
      RenderBlock {DIV} at (30,70) size 152x22 [border: (1px solid #FF0000)]
        RenderText {#text} at (1,1) size 36x19
          text run at (1,1) width 36: "hello "
        RenderText {#text} at (36,1) size 39x19
          text run at (36,1) width 39: "world"
        RenderBR {BR} at (74,16) size 1x0
selection start: position 0 of child 0 {#text} of child 3 {DIV} of body
selection end:   position 6 of child 1 {#text} of child 3 {DIV} of body
