layer at (0,0) size 800x600
  RenderView at (0,0) size 800x600
layer at (0,0) size 800x600
  RenderBlock {HTML} at (0,0) size 800x600
    RenderBody {BODY} at (8,8) size 784x584
      RenderBlock {P} at (0,0) size 784x40
        RenderText {#text} at (0,0) size 55x19
          text run at (0,0) width 55: "Test for "
        RenderInline {I} at (0,0) size 772x39
          RenderInline {A} at (0,0) size 306x19 [color=#0000EE]
            RenderText {#text} at (54,0) size 306x19
              text run at (54,0) width 306: "http://bugs.webkit.org/show_bug.cgi?id=12590"
          RenderText {#text} at (359,0) size 772x39
            text run at (359,0) width 5: " "
            text run at (363,0) width 409: "REGRESSION: Text selection is weird in textareas in Trac wiki"
            text run at (0,20) width 86: "editing pages"
        RenderText {#text} at (85,20) size 5x19
          text run at (85,20) width 5: "."
layer at (13,64) size 126x126 clip at (16,67) size 105x120 scrollY 40 scrollHeight 160
  RenderBlock {DIV} at (5,56) size 126x126 [border: (3px solid #000000)]
    RenderBlock {DIV} at (13,13) size 85x100
    RenderBlock (anonymous) at (13,113) size 85x40
      RenderInline {SPAN} at (0,0) size 43x39
        RenderText {#text} at (0,0) size 43x19
          text run at (0,0) width 43: "Lorem"
        RenderBR {BR} at (42,15) size 1x0
        RenderText {#text} at (0,20) size 40x19
          text run at (0,20) width 40: "ipsum"
      RenderText {#text} at (0,0) size 0x0
