layer at (0,0) size 800x600
  RenderView at (0,0) size 800x600
layer at (0,0) size 800x326
  RenderBlock {HTML} at (0,0) size 800x326
    RenderBody {BODY} at (8,16) size 784x302
      RenderBlock {P} at (0,0) size 784x40
        RenderInline {B} at (0,0) size 62x19
          RenderText {#text} at (0,0) size 62x19
            text run at (0,0) width 62: "BUG ID:"
        RenderText {#text} at (61,0) size 5x19
          text run at (61,0) width 5: " "
        RenderInline {A} at (0,0) size 119x19 [color=#0000EE]
          RenderText {#text} at (65,0) size 119x19
            text run at (65,0) width 119: "Bugzilla bug 6274"
        RenderText {#text} at (183,0) size 764x39
          text run at (183,0) width 581: "Text repainting does not account for glyphs which draw outside the typographic bounds of"
          text run at (0,20) width 54: "the font."
      RenderBlock {P} at (0,56) size 784x26 [bgcolor=#98FB98]
        RenderInline {B} at (0,0) size 90x19
          RenderText {#text} at (3,3) size 90x19
            text run at (3,3) width 90: "TEST PASS:"
        RenderText {#text} at (92,3) size 209x19
          text run at (92,3) width 5: " "
          text run at (96,3) width 205: "The text will entirely disappear."
      RenderBlock {P} at (0,98) size 784x26 [bgcolor=#FF3300]
        RenderInline {B} at (0,0) size 89x19
          RenderText {#text} at (3,3) size 89x19
            text run at (3,3) width 89: "TEST FAIL:"
        RenderText {#text} at (91,3) size 575x19
          text run at (91,3) width 5: " "
          text run at (95,3) width 571: "Most of the text will be gone, but some artifacts will be left behind at the top of the page."
      RenderBlock {DIV} at (0,140) size 222x142 [border: (1px solid #0000FF)]
        RenderBlock {DIV} at (11,11) size 200x0
      RenderBlock (anonymous) at (0,282) size 784x20
        RenderBR {BR} at (0,0) size 0x19
