layer at (0,0) size 1076x1796
  RenderView at (0,0) size 800x600
layer at (0,0) size 800x1796
  RenderBlock {HTML} at (0,0) size 800x1796
    RenderBody {BODY} at (8,8) size 784x1780
      RenderTable {TABLE} at (0,0) size 1068x1780 [color=#FFFFFF] [border: (178px none #808080)]
        RenderTableSection {TBODY} at (178,178) size 712x1424
          RenderTableRow {TR} at (0,0) size 712x712
            RenderTableCell {TD} at (0,0) size 712x712 [border: (178px solid #0000FF)] [r=0 c=0 rs=1 cs=1]
              RenderText {#text} at (178,177) size 356x357
                text run at (178,177) width 356: "B"
          RenderTableRow {TR} at (0,712) size 712x712
            RenderTableCell {TD} at (0,712) size 712x712 [border: (178px solid #FF0000) (178px solid #FFFF00)] [r=1 c=0 rs=1 cs=1]
              RenderText {#text} at (178,177) size 356x357
                text run at (178,177) width 356: "Y"
scrolled to 0,1000
