layer at (0,0) size 800x600
  RenderView at (0,0) size 800x600
layer at (0,0) size 800x600
  RenderBlock {HTML} at (0,0) size 800x600
    RenderBody {BODY} at (8,8) size 784x584
      RenderBlock (anonymous) at (0,0) size 784x51
        RenderText {#text} at (0,0) size 741x34
          text run at (0,0) width 741: "This test is for a bug we had with clipping transparency layers. The bug is visual, so the pixel test is more worthwhile."
          text run at (0,17) width 646: "Below, \"Peach,\" \"Plum,\" and \"Pear\" should appear. Before, we were clipping out \"Plum\" and \"Pear.\""
        RenderBR {BR} at (646,31) size 0x0
        RenderBR {BR} at (0,34) size 0x17
layer at (8,59) size 784x17
  RenderBlock {DIV} at (0,51) size 784x17
    RenderText {#text} at (0,0) size 38x17
      text run at (0,0) width 38: "Peach"
    RenderText {#text} at (0,0) size 0x0
layer at (8,76) size 33x17
  RenderBlock (positioned) {DIV} at (8,76) size 33x17
    RenderText {#text} at (0,0) size 33x17
      text run at (0,0) width 33: "Plum"
    RenderText {#text} at (0,0) size 0x0
layer at (8,93) size 28x17
  RenderBlock (positioned) {DIV} at (0,17) size 28x17
    RenderText {#text} at (0,0) size 28x17
      text run at (0,0) width 28: "Pear"
