layer at (0,0) size 800x600
  RenderView at (0,0) size 800x600
layer at (0,0) size 800x269
  RenderBlock {HTML} at (0,0) size 800x269
    RenderBody {BODY} at (8,8) size 784x253
      RenderMathMLMath {math} at (0,0) size 173x36 [padding: 0 1 0 1]
        RenderMathMLRow {mrow} at (1,0) size 171x36
          RenderMathMLOperator {mo} at (0,4) size 14x30
            RenderMathMLBlock (anonymous, flex) at (0,0) size 14x16
              RenderBlock (anonymous) at (0,0) size 6x16
                RenderText at (0,-45) size 6x106
                  text run at (0,-45) width 6: "("
          RenderMathMLOperator {mo} at (14,4) size 14x30
            RenderMathMLBlock (anonymous, flex) at (0,0) size 14x16
              RenderBlock (anonymous) at (0,0) size 6x16
                RenderText at (0,-45) size 6x106
                  text run at (0,-45) width 6: ")"
          RenderMathMLOperator {mo} at (28,4) size 14x30
            RenderMathMLBlock (anonymous, flex) at (0,0) size 14x16
              RenderBlock (anonymous) at (0,0) size 8x16
                RenderText at (0,-45) size 8x106
                  text run at (0,-45) width 8: "{"
          RenderMathMLOperator {mo} at (42,4) size 14x30
            RenderMathMLBlock (anonymous, flex) at (0,0) size 14x16
              RenderBlock (anonymous) at (0,0) size 8x16
                RenderText at (0,-45) size 8x106
                  text run at (0,-45) width 8: "}"
          RenderMathMLOperator {mo} at (56,4) size 11x30
            RenderMathMLBlock (anonymous, flex) at (0,0) size 11x16
              RenderBlock (anonymous) at (0,0) size 4x16
                RenderText at (0,-45) size 4x106
                  text run at (0,-45) width 4: "["
          RenderMathMLOperator {mo} at (67,4) size 11x30
            RenderMathMLBlock (anonymous, flex) at (0,0) size 11x16
              RenderBlock (anonymous) at (0,0) size 4x16
                RenderText at (0,-45) size 4x106
                  text run at (0,-45) width 4: "]"
          RenderMathMLOperator {mo} at (78,4) size 11x30
            RenderMathMLBlock (anonymous, flex) at (0,0) size 11x16
              RenderBlock (anonymous) at (0,0) size 7x16
                RenderText at (0,-45) size 7x106
                  text run at (0,-45) width 7: "\x{2308}"
          RenderMathMLOperator {mo} at (89,4) size 11x30
            RenderMathMLBlock (anonymous, flex) at (0,0) size 11x16
              RenderBlock (anonymous) at (0,0) size 7x16
                RenderText at (0,-45) size 7x106
                  text run at (0,-45) width 7: "\x{2309}"
          RenderMathMLOperator {mo} at (100,4) size 11x30
            RenderMathMLBlock (anonymous, flex) at (0,0) size 11x16
              RenderBlock (anonymous) at (0,0) size 7x16
                RenderText at (0,-45) size 7x106
                  text run at (0,-45) width 7: "\x{230A}"
          RenderMathMLOperator {mo} at (111,4) size 11x30
            RenderMathMLBlock (anonymous, flex) at (0,0) size 11x16
              RenderBlock (anonymous) at (0,0) size 7x16
                RenderText at (0,-45) size 7x106
                  text run at (0,-45) width 7: "\x{230B}"
          RenderMathMLOperator {mo} at (122,0) size 17x36
            RenderMathMLBlock (anonymous, flex) at (0,0) size 16x18
              RenderBlock (anonymous) at (0,0) size 11x18
                RenderText at (0,-44) size 11x106
                  text run at (0,-44) width 11: "\x{222B}"
          RenderMathMLOperator {mo} at (138,6) size 9x28
            RenderMathMLBlock (anonymous, flex) at (1,0) size 5x16
              RenderBlock (anonymous) at (0,0) size 4x16
                RenderText at (0,-45) size 4x106
                  text run at (0,-45) width 4: "|"
          RenderMathMLOperator {mo} at (146,11) size 8x16
            RenderMathMLBlock (anonymous, flex) at (0,0) size 7x16
              RenderBlock (anonymous) at (0,0) size 6x16
                RenderText at (0,-45) size 6x106
                  text run at (0,-45) width 6: "\x{2016}"
          RenderMathMLOperator {mo} at (153,11) size 18x16
            RenderMathMLBlock (anonymous, flex) at (4,0) size 9x16
              RenderBlock (anonymous) at (0,0) size 8x16
                RenderText at (0,-45) size 8x106
                  text run at (0,-45) width 8: "\x{2225}"
      RenderText {#text} at (172,9) size 5x17
        text run at (172,9) width 5: " "
      RenderBR {BR} at (0,0) size 0x0
      RenderMathMLMath {math} at (0,35) size 173x143 [padding: 0 1 0 1]
        RenderMathMLRow {mrow} at (1,0) size 171x143
          RenderMathMLOperator {mo} at (0,0) size 14x143
            RenderMathMLBlock (anonymous, flex) at (0,0) size 14x16
              RenderBlock (anonymous) at (0,0) size 6x16
                RenderText at (0,-45) size 6x106
                  text run at (0,-45) width 6: "("
          RenderMathMLOperator {mo} at (14,0) size 14x143
            RenderMathMLBlock (anonymous, flex) at (0,0) size 14x16
              RenderBlock (anonymous) at (0,0) size 6x16
                RenderText at (0,-45) size 6x106
                  text run at (0,-45) width 6: ")"
          RenderMathMLOperator {mo} at (28,0) size 14x143
            RenderMathMLBlock (anonymous, flex) at (0,0) size 14x16
              RenderBlock (anonymous) at (0,0) size 8x16
                RenderText at (0,-45) size 8x106
                  text run at (0,-45) width 8: "{"
          RenderMathMLOperator {mo} at (42,0) size 14x143
            RenderMathMLBlock (anonymous, flex) at (0,0) size 14x16
              RenderBlock (anonymous) at (0,0) size 8x16
                RenderText at (0,-45) size 8x106
                  text run at (0,-45) width 8: "}"
          RenderMathMLOperator {mo} at (56,0) size 11x143
            RenderMathMLBlock (anonymous, flex) at (0,0) size 11x16
              RenderBlock (anonymous) at (0,0) size 4x16
                RenderText at (0,-45) size 4x106
                  text run at (0,-45) width 4: "["
          RenderMathMLOperator {mo} at (67,0) size 11x143
            RenderMathMLBlock (anonymous, flex) at (0,0) size 11x16
              RenderBlock (anonymous) at (0,0) size 4x16
                RenderText at (0,-45) size 4x106
                  text run at (0,-45) width 4: "]"
          RenderMathMLOperator {mo} at (78,0) size 11x143
            RenderMathMLBlock (anonymous, flex) at (0,0) size 11x16
              RenderBlock (anonymous) at (0,0) size 7x16
                RenderText at (0,-45) size 7x106
                  text run at (0,-45) width 7: "\x{2308}"
          RenderMathMLOperator {mo} at (89,0) size 11x143
            RenderMathMLBlock (anonymous, flex) at (0,0) size 11x16
              RenderBlock (anonymous) at (0,0) size 7x16
                RenderText at (0,-45) size 7x106
                  text run at (0,-45) width 7: "\x{2309}"
          RenderMathMLOperator {mo} at (100,0) size 11x143
            RenderMathMLBlock (anonymous, flex) at (0,0) size 11x16
              RenderBlock (anonymous) at (0,0) size 7x16
                RenderText at (0,-45) size 7x106
                  text run at (0,-45) width 7: "\x{230A}"
          RenderMathMLOperator {mo} at (111,0) size 11x143
            RenderMathMLBlock (anonymous, flex) at (0,0) size 11x16
              RenderBlock (anonymous) at (0,0) size 7x16
                RenderText at (0,-45) size 7x106
                  text run at (0,-45) width 7: "\x{230B}"
          RenderMathMLOperator {mo} at (122,57) size 17x36
            RenderMathMLBlock (anonymous, flex) at (0,0) size 16x18
              RenderBlock (anonymous) at (0,0) size 11x18
                RenderText at (0,-44) size 11x106
                  text run at (0,-44) width 11: "\x{222B}"
          RenderMathMLOperator {mo} at (138,0) size 9x143
            RenderMathMLBlock (anonymous, flex) at (1,0) size 5x16
              RenderBlock (anonymous) at (0,0) size 4x16
                RenderText at (0,-45) size 4x106
                  text run at (0,-45) width 4: "|"
          RenderMathMLOperator {mo} at (146,0) size 8x76
            RenderMathMLBlock (anonymous, flex) at (0,0) size 7x16
              RenderBlock (anonymous) at (0,0) size 6x16
                RenderText at (0,-45) size 6x106
                  text run at (0,-45) width 6: "\x{2016}"
          RenderMathMLOperator {mo} at (153,0) size 18x76
            RenderMathMLBlock (anonymous, flex) at (4,0) size 9x16
              RenderBlock (anonymous) at (0,0) size 8x16
                RenderText at (0,-45) size 8x106
                  text run at (0,-45) width 8: "\x{2225}"
          RenderMathMLSpace {mspace} at (170,0) size 0x76
      RenderText {#text} at (172,96) size 5x17
        text run at (172,96) width 5: " "
      RenderMathMLMath {math} at (176,54) size 173x99 [padding: 0 1 0 1]
        RenderMathMLRow {mrow} at (1,0) size 171x99
          RenderMathMLOperator {mo} at (0,6) size 14x93
            RenderMathMLBlock (anonymous, flex) at (0,0) size 14x16
              RenderBlock (anonymous) at (0,0) size 6x16
                RenderText at (0,-45) size 6x106
                  text run at (0,-45) width 6: "("
          RenderMathMLOperator {mo} at (14,6) size 14x93
            RenderMathMLBlock (anonymous, flex) at (0,0) size 14x16
              RenderBlock (anonymous) at (0,0) size 6x16
                RenderText at (0,-45) size 6x106
                  text run at (0,-45) width 6: ")"
          RenderMathMLOperator {mo} at (28,6) size 14x93
            RenderMathMLBlock (anonymous, flex) at (0,0) size 14x16
              RenderBlock (anonymous) at (0,0) size 8x16
                RenderText at (0,-45) size 8x106
                  text run at (0,-45) width 8: "{"
          RenderMathMLOperator {mo} at (42,6) size 14x93
            RenderMathMLBlock (anonymous, flex) at (0,0) size 14x16
              RenderBlock (anonymous) at (0,0) size 8x16
                RenderText at (0,-45) size 8x106
                  text run at (0,-45) width 8: "}"
          RenderMathMLOperator {mo} at (56,6) size 11x93
            RenderMathMLBlock (anonymous, flex) at (0,0) size 11x16
              RenderBlock (anonymous) at (0,0) size 4x16
                RenderText at (0,-45) size 4x106
                  text run at (0,-45) width 4: "["
          RenderMathMLOperator {mo} at (67,6) size 11x93
            RenderMathMLBlock (anonymous, flex) at (0,0) size 11x16
              RenderBlock (anonymous) at (0,0) size 4x16
                RenderText at (0,-45) size 4x106
                  text run at (0,-45) width 4: "]"
          RenderMathMLOperator {mo} at (78,6) size 11x93
            RenderMathMLBlock (anonymous, flex) at (0,0) size 11x16
              RenderBlock (anonymous) at (0,0) size 7x16
                RenderText at (0,-45) size 7x106
                  text run at (0,-45) width 7: "\x{2308}"
          RenderMathMLOperator {mo} at (89,6) size 11x93
            RenderMathMLBlock (anonymous, flex) at (0,0) size 11x16
              RenderBlock (anonymous) at (0,0) size 7x16
                RenderText at (0,-45) size 7x106
                  text run at (0,-45) width 7: "\x{2309}"
          RenderMathMLOperator {mo} at (100,6) size 11x93
            RenderMathMLBlock (anonymous, flex) at (0,0) size 11x16
              RenderBlock (anonymous) at (0,0) size 7x16
                RenderText at (0,-45) size 7x106
                  text run at (0,-45) width 7: "\x{230A}"
          RenderMathMLOperator {mo} at (111,6) size 11x93
            RenderMathMLBlock (anonymous, flex) at (0,0) size 11x16
              RenderBlock (anonymous) at (0,0) size 7x16
                RenderText at (0,-45) size 7x106
                  text run at (0,-45) width 7: "\x{230B}"
          RenderMathMLOperator {mo} at (122,37) size 17x36
            RenderMathMLBlock (anonymous, flex) at (0,0) size 16x18
              RenderBlock (anonymous) at (0,0) size 11x18
                RenderText at (0,-44) size 11x106
                  text run at (0,-44) width 11: "\x{222B}"
          RenderMathMLOperator {mo} at (138,6) size 9x93
            RenderMathMLBlock (anonymous, flex) at (1,0) size 5x16
              RenderBlock (anonymous) at (0,0) size 4x16
                RenderText at (0,-45) size 4x106
                  text run at (0,-45) width 4: "|"
          RenderMathMLOperator {mo} at (146,0) size 8x58
            RenderMathMLBlock (anonymous, flex) at (0,0) size 7x16
              RenderBlock (anonymous) at (0,0) size 6x16
                RenderText at (0,-45) size 6x106
                  text run at (0,-45) width 6: "\x{2016}"
          RenderMathMLOperator {mo} at (153,0) size 18x58
            RenderMathMLBlock (anonymous, flex) at (4,0) size 9x16
              RenderBlock (anonymous) at (0,0) size 8x16
                RenderText at (0,-45) size 8x106
                  text run at (0,-45) width 8: "\x{2225}"
          RenderMathMLSpace {mspace} at (170,6) size 0x51
      RenderText {#text} at (348,96) size 5x17
        text run at (348,96) width 5: " "
      RenderMathMLMath {math} at (352,88) size 173x37 [padding: 0 1 0 1]
        RenderMathMLRow {mrow} at (1,0) size 171x37
          RenderMathMLOperator {mo} at (0,2) size 14x34
            RenderMathMLBlock (anonymous, flex) at (0,0) size 14x16
              RenderBlock (anonymous) at (0,0) size 6x16
                RenderText at (0,-45) size 6x106
                  text run at (0,-45) width 6: "("
          RenderMathMLOperator {mo} at (14,2) size 14x34
            RenderMathMLBlock (anonymous, flex) at (0,0) size 14x16
              RenderBlock (anonymous) at (0,0) size 6x16
                RenderText at (0,-45) size 6x106
                  text run at (0,-45) width 6: ")"
          RenderMathMLOperator {mo} at (28,2) size 14x34
            RenderMathMLBlock (anonymous, flex) at (0,0) size 14x16
              RenderBlock (anonymous) at (0,0) size 8x16
                RenderText at (0,-45) size 8x106
                  text run at (0,-45) width 8: "{"
          RenderMathMLOperator {mo} at (42,2) size 14x34
            RenderMathMLBlock (anonymous, flex) at (0,0) size 14x16
              RenderBlock (anonymous) at (0,0) size 8x16
                RenderText at (0,-45) size 8x106
                  text run at (0,-45) width 8: "}"
          RenderMathMLOperator {mo} at (56,2) size 11x34
            RenderMathMLBlock (anonymous, flex) at (0,0) size 11x16
              RenderBlock (anonymous) at (0,0) size 4x16
                RenderText at (0,-45) size 4x106
                  text run at (0,-45) width 4: "["
          RenderMathMLOperator {mo} at (67,2) size 11x34
            RenderMathMLBlock (anonymous, flex) at (0,0) size 11x16
              RenderBlock (anonymous) at (0,0) size 4x16
                RenderText at (0,-45) size 4x106
                  text run at (0,-45) width 4: "]"
          RenderMathMLOperator {mo} at (78,2) size 11x34
            RenderMathMLBlock (anonymous, flex) at (0,0) size 11x16
              RenderBlock (anonymous) at (0,0) size 7x16
                RenderText at (0,-45) size 7x106
                  text run at (0,-45) width 7: "\x{2308}"
          RenderMathMLOperator {mo} at (89,2) size 11x34
            RenderMathMLBlock (anonymous, flex) at (0,0) size 11x16
              RenderBlock (anonymous) at (0,0) size 7x16
                RenderText at (0,-45) size 7x106
                  text run at (0,-45) width 7: "\x{2309}"
          RenderMathMLOperator {mo} at (100,2) size 11x34
            RenderMathMLBlock (anonymous, flex) at (0,0) size 11x16
              RenderBlock (anonymous) at (0,0) size 7x16
                RenderText at (0,-45) size 7x106
                  text run at (0,-45) width 7: "\x{230A}"
          RenderMathMLOperator {mo} at (111,2) size 11x34
            RenderMathMLBlock (anonymous, flex) at (0,0) size 11x16
              RenderBlock (anonymous) at (0,0) size 7x16
                RenderText at (0,-45) size 7x106
                  text run at (0,-45) width 7: "\x{230B}"
          RenderMathMLOperator {mo} at (122,1) size 17x36
            RenderMathMLBlock (anonymous, flex) at (0,0) size 16x18
              RenderBlock (anonymous) at (0,0) size 11x18
                RenderText at (0,-44) size 11x106
                  text run at (0,-44) width 11: "\x{222B}"
          RenderMathMLOperator {mo} at (138,2) size 9x34
            RenderMathMLBlock (anonymous, flex) at (1,0) size 5x16
              RenderBlock (anonymous) at (0,0) size 4x16
                RenderText at (0,-45) size 4x106
                  text run at (0,-45) width 4: "|"
          RenderMathMLOperator {mo} at (146,0) size 8x24
            RenderMathMLBlock (anonymous, flex) at (0,0) size 7x16
              RenderBlock (anonymous) at (0,0) size 6x16
                RenderText at (0,-45) size 6x106
                  text run at (0,-45) width 6: "\x{2016}"
          RenderMathMLOperator {mo} at (153,0) size 18x24
            RenderMathMLBlock (anonymous, flex) at (4,0) size 9x16
              RenderBlock (anonymous) at (0,0) size 8x16
                RenderText at (0,-45) size 8x106
                  text run at (0,-45) width 8: "\x{2225}"
          RenderMathMLSpace {mspace} at (170,2) size 0x21
      RenderText {#text} at (524,96) size 5x17
        text run at (524,96) width 5: " "
      RenderBR {BR} at (0,0) size 0x0
      RenderMathMLMath {math} at (0,178) size 190x76 [padding: 0 1 0 1]
        RenderMathMLSquareRoot {msqrt} at (1,0) size 188x76
          RenderMathMLBlock (anonymous, flex) at (0,0) size 17x76
            RenderMathMLRadicalOperator (anonymous) at (0,0) size 17x76
              RenderMathMLBlock (anonymous, flex) at (0,0) size 13x75
                RenderBlock (anonymous) at (0,0) size 13x75
                  RenderText at (0,-56) size 13x106
                    text run at (0,-56) width 13: "\x{221A}"
          RenderMathMLRootWrapper at (17,2) size 171x74
            RenderMathMLOperator {mo} at (0,0) size 14x73
              RenderMathMLBlock (anonymous, flex) at (0,0) size 14x16
                RenderBlock (anonymous) at (0,0) size 6x16
                  RenderText at (0,-45) size 6x106
                    text run at (0,-45) width 6: "("
            RenderMathMLOperator {mo} at (14,0) size 14x73
              RenderMathMLBlock (anonymous, flex) at (0,0) size 14x16
                RenderBlock (anonymous) at (0,0) size 6x16
                  RenderText at (0,-45) size 6x106
                    text run at (0,-45) width 6: ")"
            RenderMathMLOperator {mo} at (28,0) size 14x73
              RenderMathMLBlock (anonymous, flex) at (0,0) size 14x16
                RenderBlock (anonymous) at (0,0) size 8x16
                  RenderText at (0,-45) size 8x106
                    text run at (0,-45) width 8: "{"
            RenderMathMLOperator {mo} at (42,0) size 14x73
              RenderMathMLBlock (anonymous, flex) at (0,0) size 14x16
                RenderBlock (anonymous) at (0,0) size 8x16
                  RenderText at (0,-45) size 8x106
                    text run at (0,-45) width 8: "}"
            RenderMathMLOperator {mo} at (56,0) size 11x73
              RenderMathMLBlock (anonymous, flex) at (0,0) size 11x16
                RenderBlock (anonymous) at (0,0) size 4x16
                  RenderText at (0,-45) size 4x106
                    text run at (0,-45) width 4: "["
            RenderMathMLOperator {mo} at (67,0) size 11x73
              RenderMathMLBlock (anonymous, flex) at (0,0) size 11x16
                RenderBlock (anonymous) at (0,0) size 4x16
                  RenderText at (0,-45) size 4x106
                    text run at (0,-45) width 4: "]"
            RenderMathMLOperator {mo} at (78,0) size 11x73
              RenderMathMLBlock (anonymous, flex) at (0,0) size 11x16
                RenderBlock (anonymous) at (0,0) size 7x16
                  RenderText at (0,-45) size 7x106
                    text run at (0,-45) width 7: "\x{2308}"
            RenderMathMLOperator {mo} at (89,0) size 11x73
              RenderMathMLBlock (anonymous, flex) at (0,0) size 11x16
                RenderBlock (anonymous) at (0,0) size 7x16
                  RenderText at (0,-45) size 7x106
                    text run at (0,-45) width 7: "\x{2309}"
            RenderMathMLOperator {mo} at (100,0) size 11x73
              RenderMathMLBlock (anonymous, flex) at (0,0) size 11x16
                RenderBlock (anonymous) at (0,0) size 7x16
                  RenderText at (0,-45) size 7x106
                    text run at (0,-45) width 7: "\x{230A}"
            RenderMathMLOperator {mo} at (111,0) size 11x73
              RenderMathMLBlock (anonymous, flex) at (0,0) size 11x16
                RenderBlock (anonymous) at (0,0) size 7x16
                  RenderText at (0,-45) size 7x106
                    text run at (0,-45) width 7: "\x{230B}"
            RenderMathMLOperator {mo} at (122,21) size 17x36
              RenderMathMLBlock (anonymous, flex) at (0,0) size 16x18
                RenderBlock (anonymous) at (0,0) size 11x18
                  RenderText at (0,-44) size 11x106
                    text run at (0,-44) width 11: "\x{222B}"
            RenderMathMLOperator {mo} at (138,0) size 9x73
              RenderMathMLBlock (anonymous, flex) at (1,0) size 5x16
                RenderBlock (anonymous) at (0,0) size 4x16
                  RenderText at (0,-45) size 4x106
                    text run at (0,-45) width 4: "|"
            RenderMathMLOperator {mo} at (146,0) size 8x42
              RenderMathMLBlock (anonymous, flex) at (0,0) size 7x16
                RenderBlock (anonymous) at (0,0) size 6x16
                  RenderText at (0,-45) size 6x106
                    text run at (0,-45) width 6: "\x{2016}"
            RenderMathMLOperator {mo} at (153,0) size 18x42
              RenderMathMLBlock (anonymous, flex) at (4,0) size 9x16
                RenderBlock (anonymous) at (0,0) size 8x16
                  RenderText at (0,-45) size 8x106
                    text run at (0,-45) width 8: "\x{2225}"
            RenderMathMLSpace {mspace} at (170,0) size 0x41
      RenderText {#text} at (0,0) size 0x0
