layer at (0,0) size 800x600
  RenderView at (0,0) size 800x600
layer at (0,0) size 800x492
  RenderBlock {html} at (0,0) size 800x492
    RenderBody {body} at (8,16) size 784x460
      RenderBlock {p} at (0,0) size 784x18
        RenderText {#text} at (0,0) size 177x17
          text run at (0,0) width 177: "square root (should be red): "
        RenderMathMLMath {math} at (177,1) size 27x18 [padding: 0 1 0 1]
          RenderMathMLSquareRoot {msqrt} at (1,0) size 25x18 [color=#FF0000]
            RenderMathMLBlock (anonymous, flex) at (0,0) size 17x18
              RenderMathMLRadicalOperator (anonymous) at (0,0) size 17x18
                RenderMathMLBlock (anonymous, flex) at (0,0) size 13x17
                  RenderBlock (anonymous) at (0,0) size 13x17
                    RenderText at (0,-56) size 13x106
                      text run at (0,-56) width 13: "\x{221A}"
            RenderMathMLRootWrapper at (17,2) size 8x16
              RenderMathMLToken {mn} at (0,0) size 8x12
                RenderMathMLBlock (anonymous, flex) at (0,0) size 8x12
                  RenderBlock (anonymous) at (0,0) size 8x12
                    RenderText {#text} at (0,-46) size 8x106
                      text run at (0,-46) width 8: "2"
      RenderBlock {p} at (0,34) size 784x18
        RenderText {#text} at (0,0) size 110x17
          text run at (0,0) width 110: "long square root: "
        RenderMathMLMath {math} at (110,1) size 56x18 [padding: 0 1 0 1]
          RenderMathMLSquareRoot {msqrt} at (1,0) size 54x18
            RenderMathMLBlock (anonymous, flex) at (0,0) size 17x18
              RenderMathMLRadicalOperator (anonymous) at (0,0) size 17x18
                RenderMathMLBlock (anonymous, flex) at (0,0) size 13x17
                  RenderBlock (anonymous) at (0,0) size 13x17
                    RenderText at (0,-56) size 13x106
                      text run at (0,-56) width 13: "\x{221A}"
            RenderMathMLRootWrapper at (17,2) size 37x16
              RenderMathMLRow {mrow} at (0,0) size 37x13
                RenderMathMLToken {mi} at (0,4) size 10x8 [padding: 0 2 0 0]
                  RenderMathMLBlock (anonymous, flex) at (0,0) size 8x8
                    RenderBlock (anonymous) at (0,0) size 8x8
                      RenderText {#text} at (0,-50) size 8x106
                        text run at (0,-50) width 8: "x"
                RenderMathMLOperator {mo} at (9,1) size 20x12
                  RenderMathMLBlock (anonymous, flex) at (3,0) size 13x12
                    RenderBlock (anonymous) at (0,0) size 12x12
                      RenderText at (0,-47) size 12x106
                        text run at (0,-47) width 12: "+"
                RenderMathMLToken {mn} at (28,0) size 9x12
                  RenderMathMLBlock (anonymous, flex) at (0,0) size 8x12
                    RenderBlock (anonymous) at (0,0) size 8x12
                      RenderText {#text} at (0,-46) size 8x106
                        text run at (0,-46) width 8: "1"
      RenderBlock {p} at (0,68) size 784x19
        RenderText {#text} at (0,2) size 222x17
          text run at (0,2) width 222: "long square root with implied row: "
        RenderMathMLMath {math} at (222,0) size 62x19 [padding: 0 1 0 1]
          RenderMathMLSquareRoot {msqrt} at (1,0) size 60x19
            RenderMathMLBlock (anonymous, flex) at (0,0) size 17x19
              RenderMathMLRadicalOperator (anonymous) at (0,0) size 17x19
                RenderMathMLBlock (anonymous, flex) at (0,0) size 13x18
                  RenderBlock (anonymous) at (0,0) size 13x18
                    RenderText at (0,-56) size 13x106
                      text run at (0,-56) width 13: "\x{221A}"
            RenderMathMLRootWrapper at (17,2) size 43x17
              RenderMathMLScripts {msup} at (0,0) size 16x15
                Base Wrapper at (0,0) size 10x15 [padding: 7 0 0 0]
                  RenderMathMLToken {mi} at (0,7) size 10x8 [padding: 0 2 0 0]
                    RenderMathMLBlock (anonymous, flex) at (0,0) size 8x8
                      RenderBlock (anonymous) at (0,0) size 8x8
                        RenderText {#text} at (0,-50) size 8x106
                          text run at (0,-50) width 8: "x"
                SubSupPair Wrapper at (9,0) size 7x15
                  RenderMathMLToken {mn} at (0,0) size 6x9
                    RenderMathMLBlock (anonymous, flex) at (0,0) size 6x9
                      RenderBlock (anonymous) at (0,0) size 6x9
                        RenderText {#text} at (0,-35) size 6x80
                          text run at (0,-35) width 6: "2"
              RenderMathMLOperator {mo} at (15,4) size 20x12
                RenderMathMLBlock (anonymous, flex) at (3,0) size 13x12
                  RenderBlock (anonymous) at (0,0) size 12x12
                    RenderText at (0,-47) size 12x106
                      text run at (0,-47) width 12: "+"
              RenderMathMLToken {mn} at (34,3) size 9x12
                RenderMathMLBlock (anonymous, flex) at (0,0) size 8x12
                  RenderBlock (anonymous) at (0,0) size 8x12
                    RenderText {#text} at (0,-46) size 8x106
                      text run at (0,-46) width 8: "1"
      RenderBlock {p} at (0,103) size 784x40
        RenderText {#text} at (0,8) size 113x17
          text run at (0,8) width 113: "root of a fraction: "
        RenderMathMLMath {math} at (113,0) size 58x41 [padding: 0 1 0 1]
          RenderMathMLSquareRoot {msqrt} at (1,0) size 56x41
            RenderMathMLBlock (anonymous, flex) at (0,0) size 17x41
              RenderMathMLRadicalOperator (anonymous) at (0,0) size 17x41
                RenderMathMLBlock (anonymous, flex) at (0,0) size 13x40
                  RenderBlock (anonymous) at (0,0) size 13x40
                    RenderText at (0,-56) size 13x106
                      text run at (0,-56) width 13: "\x{221A}"
            RenderMathMLRootWrapper at (17,2) size 39x39
              RenderMathMLFraction {mfrac} at (1,0) size 37x34
                RenderMathMLBlock (anonymous, flex) at (0,0) size 37x17
                  RenderMathMLRow {mrow} at (0,0) size 37x13
                    RenderMathMLToken {mi} at (0,4) size 10x8 [padding: 0 2 0 0]
                      RenderMathMLBlock (anonymous, flex) at (0,0) size 8x8
                        RenderBlock (anonymous) at (0,0) size 8x8
                          RenderText {#text} at (0,-50) size 8x106
                            text run at (0,-50) width 8: "x"
                    RenderMathMLOperator {mo} at (9,1) size 20x12
                      RenderMathMLBlock (anonymous, flex) at (3,0) size 13x12
                        RenderBlock (anonymous) at (0,0) size 12x12
                          RenderText at (0,-47) size 12x106
                            text run at (0,-47) width 12: "+"
                    RenderMathMLToken {mn} at (28,0) size 9x12
                      RenderMathMLBlock (anonymous, flex) at (0,0) size 8x12
                        RenderBlock (anonymous) at (0,0) size 8x12
                          RenderText {#text} at (0,-46) size 8x106
                            text run at (0,-46) width 8: "1"
                RenderMathMLBlock (anonymous, flex) at (0,16) size 37x18 [padding: 1 0 0 0]
                  RenderMathMLRow {mrow} at (0,4) size 37x14
                    RenderMathMLToken {mi} at (0,4) size 10x8 [padding: 0 2 0 0]
                      RenderMathMLBlock (anonymous, flex) at (0,0) size 8x8
                        RenderBlock (anonymous) at (0,0) size 8x8
                          RenderText {#text} at (0,-50) size 8x106
                            text run at (0,-50) width 8: "x"
                    RenderMathMLOperator {mo} at (9,1) size 20x12
                      RenderMathMLBlock (anonymous, flex) at (3,0) size 13x12
                        RenderBlock (anonymous) at (0,0) size 12x12
                          RenderText at (0,-47) size 12x106
                            text run at (0,-47) width 12: "+"
                    RenderMathMLToken {mn} at (28,0) size 9x12
                      RenderMathMLBlock (anonymous, flex) at (0,0) size 8x12
                        RenderBlock (anonymous) at (0,0) size 8x12
                          RenderText {#text} at (0,-46) size 8x106
                            text run at (0,-46) width 8: "2"
      RenderBlock {p} at (0,159) size 784x18
        RenderText {#text} at (0,0) size 173x17
          text run at (0,0) width 173: "cube root (should be blue): "
        RenderMathMLMath {math} at (173,1) size 28x18 [color=#0000FF] [padding: 0 1 0 1]
          RenderMathMLRoot {mroot} at (1,0) size 26x18
            RenderMathMLRootWrapper at (4,0) size 6x18
              RenderMathMLToken {mn} at (0,0) size 5x7
                RenderMathMLBlock (anonymous, flex) at (0,0) size 5x7
                  RenderBlock (anonymous) at (0,0) size 5x7
                    RenderText {#text} at (0,-27) size 5x61
                      text run at (0,-27) width 5: "3"
            RenderMathMLBlock (anonymous, flex) at (0,0) size 18x18
              RenderMathMLRadicalOperator (anonymous) at (0,0) size 17x18
                RenderMathMLBlock (anonymous, flex) at (0,0) size 13x17
                  RenderBlock (anonymous) at (0,0) size 13x17
                    RenderText at (0,-56) size 13x106
                      text run at (0,-56) width 13: "\x{221A}"
            RenderMathMLRootWrapper at (17,2) size 9x16
              RenderMathMLToken {mn} at (0,0) size 8x12
                RenderMathMLBlock (anonymous, flex) at (0,0) size 8x12
                  RenderBlock (anonymous) at (0,0) size 8x12
                    RenderText {#text} at (0,-46) size 8x106
                      text run at (0,-46) width 8: "2"
      RenderBlock {p} at (0,193) size 784x18
        RenderText {#text} at (0,0) size 75x17
          text run at (0,0) width 75: "long index: "
        RenderMathMLMath {math} at (75,0) size 62x19 [padding: 0 1 0 1]
          RenderMathMLRoot {mroot} at (1,0) size 60x19
            RenderMathMLRootWrapper at (4,0) size 40x19
              RenderMathMLRow {mrow} at (0,0) size 39x8
                RenderMathMLToken {mi} at (0,2) size 6x5 [padding: 0 1 0 0]
                  RenderMathMLBlock (anonymous, flex) at (0,0) size 5x5
                    RenderBlock (anonymous) at (0,0) size 5x5
                      RenderText {#text} at (0,-29) size 5x61
                        text run at (0,-29) width 5: "x"
                RenderMathMLOperator {mo} at (5,0) size 12x7
                  RenderMathMLBlock (anonymous, flex) at (2,0) size 7x7
                    RenderBlock (anonymous) at (0,0) size 7x7
                      RenderText at (0,-27) size 7x61
                        text run at (0,-27) width 7: "+"
                RenderMathMLToken {mi} at (16,2) size 7x6 [padding: 0 1 0 0]
                  RenderMathMLBlock (anonymous, flex) at (0,0) size 5x6
                    RenderBlock (anonymous) at (0,0) size 5x6
                      RenderText {#text} at (0,-29) size 5x61
                        text run at (0,-29) width 5: "y"
                RenderMathMLOperator {mo} at (22,0) size 12x7
                  RenderMathMLBlock (anonymous, flex) at (2,0) size 7x7
                    RenderBlock (anonymous) at (0,0) size 7x7
                      RenderText at (0,-27) size 7x61
                        text run at (0,-27) width 7: "+"
                RenderMathMLToken {mi} at (33,2) size 6x5 [padding: 0 1 0 0]
                  RenderMathMLBlock (anonymous, flex) at (0,0) size 4x5
                    RenderBlock (anonymous) at (0,0) size 4x5
                      RenderText {#text} at (0,-29) size 4x61
                        text run at (0,-29) width 4: "z"
            RenderMathMLBlock (anonymous, flex) at (34,0) size 18x19
              RenderMathMLRadicalOperator (anonymous) at (0,1) size 17x18
                RenderMathMLBlock (anonymous, flex) at (0,0) size 13x17
                  RenderBlock (anonymous) at (0,0) size 13x17
                    RenderText at (0,-56) size 13x106
                      text run at (0,-56) width 13: "\x{221A}"
            RenderMathMLRootWrapper at (51,3) size 9x16
              RenderMathMLToken {mn} at (0,0) size 8x12
                RenderMathMLBlock (anonymous, flex) at (0,0) size 8x12
                  RenderBlock (anonymous) at (0,0) size 8x12
                    RenderText {#text} at (0,-46) size 8x106
                      text run at (0,-46) width 8: "2"
      RenderBlock {p} at (0,227) size 784x40
        RenderText {#text} at (0,8) size 185x17
          text run at (0,8) width 185: "long index w/ complex base: "
        RenderMathMLMath {math} at (185,0) size 92x41 [padding: 0 1 0 1]
          RenderMathMLRoot {mroot} at (1,0) size 90x41
            RenderMathMLRootWrapper at (4,8) size 40x33
              RenderMathMLRow {mrow} at (0,0) size 39x8
                RenderMathMLToken {mi} at (0,2) size 6x5 [padding: 0 1 0 0]
                  RenderMathMLBlock (anonymous, flex) at (0,0) size 5x5
                    RenderBlock (anonymous) at (0,0) size 5x5
                      RenderText {#text} at (0,-29) size 5x61
                        text run at (0,-29) width 5: "x"
                RenderMathMLOperator {mo} at (5,0) size 12x7
                  RenderMathMLBlock (anonymous, flex) at (2,0) size 7x7
                    RenderBlock (anonymous) at (0,0) size 7x7
                      RenderText at (0,-27) size 7x61
                        text run at (0,-27) width 7: "+"
                RenderMathMLToken {mi} at (16,2) size 7x6 [padding: 0 1 0 0]
                  RenderMathMLBlock (anonymous, flex) at (0,0) size 5x6
                    RenderBlock (anonymous) at (0,0) size 5x6
                      RenderText {#text} at (0,-29) size 5x61
                        text run at (0,-29) width 5: "y"
                RenderMathMLOperator {mo} at (22,0) size 12x7
                  RenderMathMLBlock (anonymous, flex) at (2,0) size 7x7
                    RenderBlock (anonymous) at (0,0) size 7x7
                      RenderText at (0,-27) size 7x61
                        text run at (0,-27) width 7: "+"
                RenderMathMLToken {mi} at (33,2) size 6x5 [padding: 0 1 0 0]
                  RenderMathMLBlock (anonymous, flex) at (0,0) size 4x5
                    RenderBlock (anonymous) at (0,0) size 4x5
                      RenderText {#text} at (0,-29) size 4x61
                        text run at (0,-29) width 4: "z"
            RenderMathMLBlock (anonymous, flex) at (34,0) size 18x41
              RenderMathMLRadicalOperator (anonymous) at (0,0) size 17x41
                RenderMathMLBlock (anonymous, flex) at (0,0) size 13x40
                  RenderBlock (anonymous) at (0,0) size 13x40
                    RenderText at (0,-56) size 13x106
                      text run at (0,-56) width 13: "\x{221A}"
            RenderMathMLRootWrapper at (51,2) size 39x39
              RenderMathMLFraction {mfrac} at (1,0) size 37x34
                RenderMathMLBlock (anonymous, flex) at (0,0) size 37x17
                  RenderMathMLRow {mrow} at (0,0) size 37x13
                    RenderMathMLToken {mi} at (0,4) size 10x8 [padding: 0 2 0 0]
                      RenderMathMLBlock (anonymous, flex) at (0,0) size 8x8
                        RenderBlock (anonymous) at (0,0) size 8x8
                          RenderText {#text} at (0,-50) size 8x106
                            text run at (0,-50) width 8: "x"
                    RenderMathMLOperator {mo} at (9,1) size 20x12
                      RenderMathMLBlock (anonymous, flex) at (3,0) size 13x12
                        RenderBlock (anonymous) at (0,0) size 12x12
                          RenderText at (0,-47) size 12x106
                            text run at (0,-47) width 12: "+"
                    RenderMathMLToken {mn} at (28,0) size 9x12
                      RenderMathMLBlock (anonymous, flex) at (0,0) size 8x12
                        RenderBlock (anonymous) at (0,0) size 8x12
                          RenderText {#text} at (0,-46) size 8x106
                            text run at (0,-46) width 8: "1"
                RenderMathMLBlock (anonymous, flex) at (0,16) size 37x18 [padding: 1 0 0 0]
                  RenderMathMLRow {mrow} at (0,4) size 37x14
                    RenderMathMLToken {mi} at (0,4) size 10x8 [padding: 0 2 0 0]
                      RenderMathMLBlock (anonymous, flex) at (0,0) size 8x8
                        RenderBlock (anonymous) at (0,0) size 8x8
                          RenderText {#text} at (0,-50) size 8x106
                            text run at (0,-50) width 8: "x"
                    RenderMathMLOperator {mo} at (9,1) size 20x12
                      RenderMathMLBlock (anonymous, flex) at (3,0) size 13x12
                        RenderBlock (anonymous) at (0,0) size 12x12
                          RenderText at (0,-47) size 12x106
                            text run at (0,-47) width 12: "+"
                    RenderMathMLToken {mn} at (28,0) size 9x12
                      RenderMathMLBlock (anonymous, flex) at (0,0) size 8x12
                        RenderBlock (anonymous) at (0,0) size 8x12
                          RenderText {#text} at (0,-46) size 8x106
                            text run at (0,-46) width 8: "2"
      RenderBlock {p} at (0,283) size 784x35
        RenderText {#text} at (0,17) size 75x17
          text run at (0,17) width 75: "high index: "
        RenderMathMLMath {math} at (75,0) size 33x36 [padding: 0 1 0 1]
          RenderMathMLRoot {mroot} at (1,0) size 31x36
            RenderMathMLRootWrapper at (4,0) size 11x36
              RenderMathMLFraction {mfrac} at (1,0) size 8x26
                RenderMathMLBlock (anonymous, flex) at (0,0) size 8x18
                  RenderMathMLFraction {mfrac} at (1,0) size 6x16
                    RenderMathMLBlock (anonymous, flex) at (0,0) size 6x7
                      RenderMathMLToken {mi} at (0,0) size 6x5 [padding: 0 1 0 0]
                        RenderMathMLBlock (anonymous, flex) at (0,0) size 5x5
                          RenderBlock (anonymous) at (0,0) size 5x5
                            RenderText {#text} at (0,-29) size 5x61
                              text run at (0,-29) width 5: "x"
                    RenderMathMLBlock (anonymous, flex) at (0,6) size 6x10 [padding: 1 0 0 0]
                      RenderMathMLToken {mi} at (0,2) size 6x7 [padding: 0 1 0 0]
                        RenderMathMLBlock (anonymous, flex) at (0,0) size 5x6
                          RenderBlock (anonymous) at (0,0) size 5x6
                            RenderText {#text} at (0,-29) size 5x61
                              text run at (0,-29) width 5: "y"
                RenderMathMLBlock (anonymous, flex) at (0,17) size 8x9 [padding: 1 0 0 0]
                  RenderMathMLToken {mi} at (1,2) size 6x6 [padding: 0 1 0 0]
                    RenderMathMLBlock (anonymous, flex) at (0,0) size 4x5
                      RenderBlock (anonymous) at (0,0) size 4x5
                        RenderText {#text} at (0,-29) size 4x61
                          text run at (0,-29) width 4: "z"
            RenderMathMLBlock (anonymous, flex) at (5,0) size 18x36
              RenderMathMLRadicalOperator (anonymous) at (0,18) size 17x18
                RenderMathMLBlock (anonymous, flex) at (0,0) size 13x17
                  RenderBlock (anonymous) at (0,0) size 13x17
                    RenderText at (0,-56) size 13x106
                      text run at (0,-56) width 13: "\x{221A}"
            RenderMathMLRootWrapper at (22,20) size 9x16
              RenderMathMLToken {mn} at (0,0) size 8x12
                RenderMathMLBlock (anonymous, flex) at (0,0) size 8x12
                  RenderBlock (anonymous) at (0,0) size 8x12
                    RenderText {#text} at (0,-46) size 8x106
                      text run at (0,-46) width 8: "2"
      RenderBlock {p} at (0,334) size 784x54
        RenderText {#text} at (0,14) size 155x17
          text run at (0,14) width 155: "Imbricated square roots: "
        RenderMathMLMath {math} at (155,0) size 342x55 [padding: 0 1 0 1]
          RenderMathMLSquareRoot {msqrt} at (1,0) size 340x55
            RenderMathMLBlock (anonymous, flex) at (0,0) size 17x55
              RenderMathMLRadicalOperator (anonymous) at (0,0) size 17x55
                RenderMathMLBlock (anonymous, flex) at (0,0) size 13x55
                  RenderBlock (anonymous) at (0,0) size 13x55
                    RenderText at (0,-56) size 13x106
                      text run at (0,-56) width 13: "\x{221A}"
            RenderMathMLRootWrapper at (17,2) size 323x53
              RenderMathMLToken {mn} at (0,15) size 8x12
                RenderMathMLBlock (anonymous, flex) at (0,0) size 8x12
                  RenderBlock (anonymous) at (0,0) size 8x12
                    RenderText {#text} at (0,-46) size 8x106
                      text run at (0,-46) width 8: "1"
              RenderMathMLOperator {mo} at (8,16) size 20x12
                RenderMathMLBlock (anonymous, flex) at (3,0) size 13x12
                  RenderBlock (anonymous) at (0,0) size 12x12
                    RenderText at (0,-47) size 12x106
                      text run at (0,-47) width 12: "+"
              RenderMathMLSquareRoot {msqrt} at (27,0) size 296x53
                RenderMathMLBlock (anonymous, flex) at (0,0) size 17x53
                  RenderMathMLRadicalOperator (anonymous) at (0,0) size 17x53
                    RenderMathMLBlock (anonymous, flex) at (0,0) size 13x53
                      RenderBlock (anonymous) at (0,0) size 13x53
                        RenderText at (0,-56) size 13x106
                          text run at (0,-56) width 13: "\x{221A}"
                RenderMathMLRootWrapper at (17,2) size 279x51
                  RenderMathMLRow {mrow} at (0,0) size 279x51
                    RenderMathMLToken {mn} at (0,13) size 8x12
                      RenderMathMLBlock (anonymous, flex) at (0,0) size 8x12
                        RenderBlock (anonymous) at (0,0) size 8x12
                          RenderText {#text} at (0,-46) size 8x106
                            text run at (0,-46) width 8: "2"
                    RenderMathMLOperator {mo} at (8,14) size 20x12
                      RenderMathMLBlock (anonymous, flex) at (3,0) size 13x12
                        RenderBlock (anonymous) at (0,0) size 12x12
                          RenderText at (0,-47) size 12x106
                            text run at (0,-47) width 12: "+"
                    RenderMathMLSquareRoot {msqrt} at (27,0) size 252x51
                      RenderMathMLBlock (anonymous, flex) at (0,0) size 17x51
                        RenderMathMLRadicalOperator (anonymous) at (0,0) size 17x51
                          RenderMathMLBlock (anonymous, flex) at (0,0) size 13x51
                            RenderBlock (anonymous) at (0,0) size 13x51
                              RenderText at (0,-56) size 13x106
                                text run at (0,-56) width 13: "\x{221A}"
                      RenderMathMLRootWrapper at (17,2) size 235x49
                        RenderMathMLRow {mrow} at (0,0) size 235x49
                          RenderMathMLToken {mn} at (0,11) size 8x12
                            RenderMathMLBlock (anonymous, flex) at (0,0) size 8x12
                              RenderBlock (anonymous) at (0,0) size 8x12
                                RenderText {#text} at (0,-46) size 8x106
                                  text run at (0,-46) width 8: "3"
                          RenderMathMLOperator {mo} at (8,12) size 20x12
                            RenderMathMLBlock (anonymous, flex) at (3,0) size 13x12
                              RenderBlock (anonymous) at (0,0) size 12x12
                                RenderText at (0,-47) size 12x106
                                  text run at (0,-47) width 12: "+"
                          RenderMathMLSquareRoot {msqrt} at (27,0) size 208x49
                            RenderMathMLBlock (anonymous, flex) at (0,0) size 17x49
                              RenderMathMLRadicalOperator (anonymous) at (0,0) size 17x49
                                RenderMathMLBlock (anonymous, flex) at (0,0) size 13x48
                                  RenderBlock (anonymous) at (0,0) size 13x48
                                    RenderText at (0,-56) size 13x106
                                      text run at (0,-56) width 13: "\x{221A}"
                            RenderMathMLRootWrapper at (17,2) size 190x47
                              RenderMathMLRow {mrow} at (0,0) size 190x41
                                RenderMathMLToken {mn} at (0,9) size 8x12
                                  RenderMathMLBlock (anonymous, flex) at (0,0) size 8x12
                                    RenderBlock (anonymous) at (0,0) size 8x12
                                      RenderText {#text} at (0,-46) size 8x106
                                        text run at (0,-46) width 8: "4"
                                RenderMathMLOperator {mo} at (8,10) size 20x12
                                  RenderMathMLBlock (anonymous, flex) at (3,0) size 13x12
                                    RenderBlock (anonymous) at (0,0) size 12x12
                                      RenderText at (0,-47) size 12x106
                                        text run at (0,-47) width 12: "+"
                                RenderMathMLSquareRoot {msqrt} at (27,0) size 163x41
                                  RenderMathMLBlock (anonymous, flex) at (0,0) size 17x41
                                    RenderMathMLRadicalOperator (anonymous) at (0,0) size 17x41
                                      RenderMathMLBlock (anonymous, flex) at (0,0) size 13x40
                                        RenderBlock (anonymous) at (0,0) size 13x40
                                          RenderText at (0,-56) size 13x106
                                            text run at (0,-56) width 13: "\x{221A}"
                                  RenderMathMLRootWrapper at (17,2) size 146x39
                                    RenderMathMLRow {mrow} at (0,0) size 146x31
                                      RenderMathMLToken {mn} at (0,7) size 8x12
                                        RenderMathMLBlock (anonymous, flex) at (0,0) size 8x12
                                          RenderBlock (anonymous) at (0,0) size 8x12
                                            RenderText {#text} at (0,-46) size 8x106
                                              text run at (0,-46) width 8: "5"
                                      RenderMathMLOperator {mo} at (8,8) size 20x12
                                        RenderMathMLBlock (anonymous, flex) at (3,0) size 13x12
                                          RenderBlock (anonymous) at (0,0) size 12x12
                                            RenderText at (0,-47) size 12x106
                                              text run at (0,-47) width 12: "+"
                                      RenderMathMLSquareRoot {msqrt} at (27,0) size 119x31
                                        RenderMathMLBlock (anonymous, flex) at (0,0) size 17x31
                                          RenderMathMLRadicalOperator (anonymous) at (0,0) size 17x31
                                            RenderMathMLBlock (anonymous, flex) at (0,0) size 13x30
                                              RenderBlock (anonymous) at (0,0) size 13x30
                                                RenderText at (0,-56) size 13x106
                                                  text run at (0,-56) width 13: "\x{221A}"
                                        RenderMathMLRootWrapper at (17,2) size 102x29
                                          RenderMathMLRow {mrow} at (0,0) size 102x21
                                            RenderMathMLToken {mn} at (0,5) size 8x12
                                              RenderMathMLBlock (anonymous, flex) at (0,0) size 8x12
                                                RenderBlock (anonymous) at (0,0) size 8x12
                                                  RenderText {#text} at (0,-46) size 8x106
                                                    text run at (0,-46) width 8: "6"
                                            RenderMathMLOperator {mo} at (8,6) size 20x12
                                              RenderMathMLBlock (anonymous, flex) at (3,0) size 13x12
                                                RenderBlock (anonymous) at (0,0) size 12x12
                                                  RenderText at (0,-47) size 12x106
                                                    text run at (0,-47) width 12: "+"
                                            RenderMathMLSquareRoot {msqrt} at (27,0) size 75x21
                                              RenderMathMLBlock (anonymous, flex) at (0,0) size 17x21
                                                RenderMathMLRadicalOperator (anonymous) at (0,0) size 17x21
                                                  RenderMathMLBlock (anonymous, flex) at (0,0) size 13x20
                                                    RenderBlock (anonymous) at (0,0) size 13x20
                                                      RenderText at (0,-56) size 13x106
                                                        text run at (0,-56) width 13: "\x{221A}"
                                              RenderMathMLRootWrapper at (17,2) size 58x19
                                                RenderMathMLRow {mrow} at (0,0) size 58x18
                                                  RenderMathMLToken {mn} at (0,3) size 8x12
                                                    RenderMathMLBlock (anonymous, flex) at (0,0) size 8x12
                                                      RenderBlock (anonymous) at (0,0) size 8x12
                                                        RenderText {#text} at (0,-46) size 8x106
                                                          text run at (0,-46) width 8: "7"
                                                  RenderMathMLOperator {mo} at (8,4) size 20x12
                                                    RenderMathMLBlock (anonymous, flex) at (3,0) size 13x12
                                                      RenderBlock (anonymous) at (0,0) size 12x12
                                                        RenderText at (0,-47) size 12x106
                                                          text run at (0,-47) width 12: "+"
                                                  RenderMathMLSquareRoot {msqrt} at (27,0) size 31x18
                                                    RenderMathMLBlock (anonymous, flex) at (0,0) size 17x18
                                                      RenderMathMLRadicalOperator (anonymous) at (0,0) size 17x18
                                                        RenderMathMLBlock (anonymous, flex) at (0,0) size 13x17
                                                          RenderBlock (anonymous) at (0,0) size 13x17
                                                            RenderText at (0,-56) size 13x106
                                                              text run at (0,-56) width 13: "\x{221A}"
                                                    RenderMathMLRootWrapper at (17,2) size 14x16
                                                      RenderMathMLToken {mi} at (0,0) size 14x13 [padding: 0 2 0 0]
                                                        RenderMathMLBlock (anonymous, flex) at (0,0) size 12x13
                                                          RenderBlock (anonymous) at (0,0) size 12x13
                                                            RenderText {#text} at (0,-45) size 12x106
                                                              text run at (0,-45) width 12: "A"
        RenderText {#text} at (0,0) size 0x0
      RenderBlock {p} at (0,404) size 784x56
        RenderText {#text} at (0,25) size 110x17
          text run at (0,25) width 110: "Imbricated roots: "
        RenderMathMLMath {math} at (110,0) size 366x57 [padding: 0 1 0 1]
          RenderMathMLRoot {mroot} at (1,0) size 364x57
            RenderMathMLRootWrapper at (4,15) size 6x42
              RenderMathMLToken {mn} at (0,0) size 5x7
                RenderMathMLBlock (anonymous, flex) at (0,0) size 5x7
                  RenderBlock (anonymous) at (0,0) size 5x7
                    RenderText {#text} at (0,-27) size 5x61
                      text run at (0,-27) width 5: "3"
            RenderMathMLBlock (anonymous, flex) at (0,0) size 18x57
              RenderMathMLRadicalOperator (anonymous) at (0,0) size 17x57
                RenderMathMLBlock (anonymous, flex) at (0,0) size 13x57
                  RenderBlock (anonymous) at (0,0) size 13x57
                    RenderText at (0,-56) size 13x106
                      text run at (0,-56) width 13: "\x{221A}"
            RenderMathMLRootWrapper at (17,2) size 347x55
              RenderMathMLRow {mrow} at (0,0) size 346x55
                RenderMathMLToken {mn} at (0,26) size 8x12
                  RenderMathMLBlock (anonymous, flex) at (0,0) size 8x12
                    RenderBlock (anonymous) at (0,0) size 8x12
                      RenderText {#text} at (0,-46) size 8x106
                        text run at (0,-46) width 8: "1"
                RenderMathMLOperator {mo} at (8,27) size 20x12
                  RenderMathMLBlock (anonymous, flex) at (3,0) size 13x12
                    RenderBlock (anonymous) at (0,0) size 12x12
                      RenderText at (0,-47) size 12x106
                        text run at (0,-47) width 12: "+"
                RenderMathMLRoot {mroot} at (27,0) size 319x55
                  RenderMathMLRootWrapper at (4,14) size 6x41
                    RenderMathMLToken {mn} at (0,0) size 5x8
                      RenderMathMLBlock (anonymous, flex) at (0,0) size 5x8
                        RenderBlock (anonymous) at (0,0) size 5x8
                          RenderText {#text} at (0,-26) size 5x61
                            text run at (0,-26) width 5: "4"
                  RenderMathMLBlock (anonymous, flex) at (0,0) size 18x55
                    RenderMathMLRadicalOperator (anonymous) at (0,0) size 17x55
                      RenderMathMLBlock (anonymous, flex) at (0,0) size 13x55
                        RenderBlock (anonymous) at (0,0) size 13x55
                          RenderText at (0,-56) size 13x106
                            text run at (0,-56) width 13: "\x{221A}"
                  RenderMathMLRootWrapper at (17,2) size 302x53
                    RenderMathMLRow {mrow} at (0,0) size 302x53
                      RenderMathMLToken {mn} at (0,24) size 8x12
                        RenderMathMLBlock (anonymous, flex) at (0,0) size 8x12
                          RenderBlock (anonymous) at (0,0) size 8x12
                            RenderText {#text} at (0,-46) size 8x106
                              text run at (0,-46) width 8: "2"
                      RenderMathMLOperator {mo} at (8,25) size 20x12
                        RenderMathMLBlock (anonymous, flex) at (3,0) size 13x12
                          RenderBlock (anonymous) at (0,0) size 12x12
                            RenderText at (0,-47) size 12x106
                              text run at (0,-47) width 12: "+"
                      RenderMathMLRoot {mroot} at (27,0) size 275x53
                        RenderMathMLRootWrapper at (4,14) size 6x39
                          RenderMathMLToken {mn} at (0,0) size 5x7
                            RenderMathMLBlock (anonymous, flex) at (0,0) size 5x7
                              RenderBlock (anonymous) at (0,0) size 5x7
                                RenderText {#text} at (0,-27) size 5x61
                                  text run at (0,-27) width 5: "5"
                        RenderMathMLBlock (anonymous, flex) at (0,0) size 18x53
                          RenderMathMLRadicalOperator (anonymous) at (0,0) size 17x53
                            RenderMathMLBlock (anonymous, flex) at (0,0) size 13x53
                              RenderBlock (anonymous) at (0,0) size 13x53
                                RenderText at (0,-56) size 13x106
                                  text run at (0,-56) width 13: "\x{221A}"
                        RenderMathMLRootWrapper at (17,2) size 258x51
                          RenderMathMLRow {mrow} at (0,0) size 257x51
                            RenderMathMLToken {mn} at (0,22) size 8x12
                              RenderMathMLBlock (anonymous, flex) at (0,0) size 8x12
                                RenderBlock (anonymous) at (0,0) size 8x12
                                  RenderText {#text} at (0,-46) size 8x106
                                    text run at (0,-46) width 8: "3"
                            RenderMathMLOperator {mo} at (8,23) size 20x12
                              RenderMathMLBlock (anonymous, flex) at (3,0) size 13x12
                                RenderBlock (anonymous) at (0,0) size 12x12
                                  RenderText at (0,-47) size 12x106
                                    text run at (0,-47) width 12: "+"
                            RenderMathMLRoot {mroot} at (27,0) size 230x51
                              RenderMathMLRootWrapper at (4,13) size 6x38
                                RenderMathMLToken {mn} at (0,0) size 5x7
                                  RenderMathMLBlock (anonymous, flex) at (0,0) size 5x7
                                    RenderBlock (anonymous) at (0,0) size 5x7
                                      RenderText {#text} at (0,-27) size 5x61
                                        text run at (0,-27) width 5: "6"
                              RenderMathMLBlock (anonymous, flex) at (0,0) size 18x51
                                RenderMathMLRadicalOperator (anonymous) at (0,0) size 17x51
                                  RenderMathMLBlock (anonymous, flex) at (0,0) size 13x51
                                    RenderBlock (anonymous) at (0,0) size 13x51
                                      RenderText at (0,-56) size 13x106
                                        text run at (0,-56) width 13: "\x{221A}"
                              RenderMathMLRootWrapper at (17,2) size 213x49
                                RenderMathMLRow {mrow} at (0,0) size 212x49
                                  RenderMathMLToken {mn} at (0,20) size 8x12
                                    RenderMathMLBlock (anonymous, flex) at (0,0) size 8x12
                                      RenderBlock (anonymous) at (0,0) size 8x12
                                        RenderText {#text} at (0,-46) size 8x106
                                          text run at (0,-46) width 8: "4"
                                  RenderMathMLOperator {mo} at (8,21) size 20x12
                                    RenderMathMLBlock (anonymous, flex) at (3,0) size 13x12
                                      RenderBlock (anonymous) at (0,0) size 12x12
                                        RenderText at (0,-47) size 12x106
                                          text run at (0,-47) width 12: "+"
                                  RenderMathMLRoot {mroot} at (27,0) size 185x49
                                    RenderMathMLRootWrapper at (4,11) size 6x38
                                      RenderMathMLToken {mn} at (0,0) size 5x8
                                        RenderMathMLBlock (anonymous, flex) at (0,0) size 5x8
                                          RenderBlock (anonymous) at (0,0) size 5x8
                                            RenderText {#text} at (0,-26) size 5x61
                                              text run at (0,-26) width 5: "7"
                                    RenderMathMLBlock (anonymous, flex) at (0,0) size 18x49
                                      RenderMathMLRadicalOperator (anonymous) at (0,0) size 17x49
                                        RenderMathMLBlock (anonymous, flex) at (0,0) size 13x48
                                          RenderBlock (anonymous) at (0,0) size 13x48
                                            RenderText at (0,-56) size 13x106
                                              text run at (0,-56) width 13: "\x{221A}"
                                    RenderMathMLRootWrapper at (17,2) size 168x47
                                      RenderMathMLRow {mrow} at (0,0) size 168x41
                                        RenderMathMLToken {mn} at (0,18) size 8x12
                                          RenderMathMLBlock (anonymous, flex) at (0,0) size 8x12
                                            RenderBlock (anonymous) at (0,0) size 8x12
                                              RenderText {#text} at (0,-46) size 8x106
                                                text run at (0,-46) width 8: "5"
                                        RenderMathMLOperator {mo} at (8,19) size 20x12
                                          RenderMathMLBlock (anonymous, flex) at (3,0) size 13x12
                                            RenderBlock (anonymous) at (0,0) size 12x12
                                              RenderText at (0,-47) size 12x106
                                                text run at (0,-47) width 12: "+"
                                        RenderMathMLRoot {mroot} at (27,0) size 141x41
                                          RenderMathMLRootWrapper at (4,9) size 6x32
                                            RenderMathMLToken {mn} at (0,0) size 5x7
                                              RenderMathMLBlock (anonymous, flex) at (0,0) size 5x7
                                                RenderBlock (anonymous) at (0,0) size 5x7
                                                  RenderText {#text} at (0,-27) size 5x61
                                                    text run at (0,-27) width 5: "8"
                                          RenderMathMLBlock (anonymous, flex) at (0,0) size 18x41
                                            RenderMathMLRadicalOperator (anonymous) at (0,0) size 17x41
                                              RenderMathMLBlock (anonymous, flex) at (0,0) size 13x40
                                                RenderBlock (anonymous) at (0,0) size 13x40
                                                  RenderText at (0,-56) size 13x106
                                                    text run at (0,-56) width 13: "\x{221A}"
                                          RenderMathMLRootWrapper at (17,2) size 124x39
                                            RenderMathMLRow {mrow} at (0,0) size 123x31
                                              RenderMathMLToken {mn} at (0,16) size 8x12
                                                RenderMathMLBlock (anonymous, flex) at (0,0) size 8x12
                                                  RenderBlock (anonymous) at (0,0) size 8x12
                                                    RenderText {#text} at (0,-46) size 8x106
                                                      text run at (0,-46) width 8: "6"
                                              RenderMathMLOperator {mo} at (8,17) size 20x12
                                                RenderMathMLBlock (anonymous, flex) at (3,0) size 13x12
                                                  RenderBlock (anonymous) at (0,0) size 12x12
                                                    RenderText at (0,-47) size 12x106
                                                      text run at (0,-47) width 12: "+"
                                              RenderMathMLRoot {mroot} at (27,0) size 96x31
                                                RenderMathMLRootWrapper at (4,5) size 6x26
                                                  RenderMathMLToken {mn} at (0,0) size 5x7
                                                    RenderMathMLBlock (anonymous, flex) at (0,0) size 5x7
                                                      RenderBlock (anonymous) at (0,0) size 5x7
                                                        RenderText {#text} at (0,-27) size 5x61
                                                          text run at (0,-27) width 5: "9"
                                                RenderMathMLBlock (anonymous, flex) at (0,0) size 18x31
                                                  RenderMathMLRadicalOperator (anonymous) at (0,0) size 17x31
                                                    RenderMathMLBlock (anonymous, flex) at (0,0) size 13x30
                                                      RenderBlock (anonymous) at (0,0) size 13x30
                                                        RenderText at (0,-56) size 13x106
                                                          text run at (0,-56) width 13: "\x{221A}"
                                                RenderMathMLRootWrapper at (17,2) size 79x29
                                                  RenderMathMLRow {mrow} at (0,0) size 79x29
                                                    RenderMathMLToken {mn} at (0,14) size 8x12
                                                      RenderMathMLBlock (anonymous, flex) at (0,0) size 8x12
                                                        RenderBlock (anonymous) at (0,0) size 8x12
                                                          RenderText {#text} at (0,-46) size 8x106
                                                            text run at (0,-46) width 8: "7"
                                                    RenderMathMLOperator {mo} at (8,15) size 20x12
                                                      RenderMathMLBlock (anonymous, flex) at (3,0) size 13x12
                                                        RenderBlock (anonymous) at (0,0) size 12x12
                                                          RenderText at (0,-47) size 12x106
                                                            text run at (0,-47) width 12: "+"
                                                    RenderMathMLRoot {mroot} at (27,0) size 52x29
                                                      RenderMathMLRootWrapper at (4,0) size 26x29
                                                        RenderMathMLFraction {mfrac} at (1,0) size 23x18
                                                          RenderMathMLBlock (anonymous, flex) at (0,0) size 23x10
                                                            RenderMathMLRow {mrow} at (0,0) size 23x8
                                                              RenderMathMLToken {mi} at (0,2) size 6x5 [padding: 0 1 0 0]
                                                                RenderMathMLBlock (anonymous, flex) at (0,0) size 5x5
                                                                  RenderBlock (anonymous) at (0,0) size 5x5
                                                                    RenderText {#text} at (0,-29) size 5x61
                                                                      text run at (0,-29) width 5: "x"
                                                              RenderMathMLOperator {mo} at (5,0) size 12x7
                                                                RenderMathMLBlock (anonymous, flex) at (2,0) size 7x7
                                                                  RenderBlock (anonymous) at (0,0) size 7x7
                                                                    RenderText at (0,-27) size 7x61
                                                                      text run at (0,-27) width 7: "+"
                                                              RenderMathMLToken {mi} at (16,2) size 7x6 [padding: 0 1 0 0]
                                                                RenderMathMLBlock (anonymous, flex) at (0,0) size 5x6
                                                                  RenderBlock (anonymous) at (0,0) size 5x6
                                                                    RenderText {#text} at (0,-29) size 5x61
                                                                      text run at (0,-29) width 5: "y"
                                                          RenderMathMLBlock (anonymous, flex) at (0,9) size 23x9 [padding: 1 0 0 0]
                                                            RenderMathMLToken {mi} at (8,2) size 6x6 [padding: 0 1 0 0]
                                                              RenderMathMLBlock (anonymous, flex) at (0,0) size 4x5
                                                                RenderBlock (anonymous) at (0,0) size 4x5
                                                                  RenderText {#text} at (0,-29) size 4x61
                                                                    text run at (0,-29) width 4: "z"
                                                      RenderMathMLBlock (anonymous, flex) at (20,0) size 18x29
                                                        RenderMathMLRadicalOperator (anonymous) at (0,11) size 17x18
                                                          RenderMathMLBlock (anonymous, flex) at (0,0) size 13x17
                                                            RenderBlock (anonymous) at (0,0) size 13x17
                                                              RenderText at (0,-56) size 13x106
                                                                text run at (0,-56) width 13: "\x{221A}"
                                                      RenderMathMLRootWrapper at (37,12) size 14x17
                                                        RenderMathMLToken {mi} at (0,0) size 14x13 [padding: 0 2 0 0]
                                                          RenderMathMLBlock (anonymous, flex) at (0,0) size 12x13
                                                            RenderBlock (anonymous) at (0,0) size 12x13
                                                              RenderText {#text} at (0,-45) size 12x106
                                                                text run at (0,-45) width 12: "A"
        RenderText {#text} at (0,0) size 0x0
