layer at (0,0) size 800x600
  RenderView at (0,0) size 800x600
layer at (0,0) size 800x600
  RenderBlock {HTML} at (0,0) size 800x600
    RenderBody {BODY} at (8,8) size 784x584
      RenderBlock {P} at (0,0) size 784x28
        RenderText {#text} at (0,11) size 421x17
          text run at (0,11) width 421: "The blue borders should coincide with light blue squares, like this: "
        RenderBlock {SPAN} at (421,0) size 25x25 [bgcolor=#ADD8E6] [border: (3px solid #0000FF7F)]
        RenderText {#text} at (446,11) size 196x17
          text run at (446,11) width 8: ". "
          text run at (454,11) width 188: "There should be none of this: "
        RenderBlock {SPAN} at (642,0) size 25x25 [bgcolor=#ADD8E6]
        RenderText {#text} at (667,11) size 51x17
          text run at (667,11) width 4: " "
          text run at (671,11) width 47: "or this: "
        RenderBlock {SPAN} at (718,0) size 25x25 [border: (3px solid #0000FF7F)]
        RenderText {#text} at (743,11) size 4x17
          text run at (743,11) width 4: "."
      RenderBlock (anonymous) at (0,44) size 784x511
        RenderText {#text} at (116,112) size 4x17
          text run at (116,112) width 4: " "
        RenderText {#text} at (236,112) size 4x17
          text run at (236,112) width 4: " "
        RenderText {#text} at (356,112) size 4x17
          text run at (356,112) width 4: " "
        RenderText {#text} at (476,112) size 4x17
          text run at (476,112) width 4: " "
        RenderText {#text} at (596,112) size 4x17
          text run at (596,112) width 4: " "
        RenderText {#text} at (716,112) size 4x17
          text run at (716,112) width 4: " "
        RenderText {#text} at (116,256) size 4x17
          text run at (116,256) width 4: " "
        RenderText {#text} at (246,256) size 4x17
          text run at (246,256) width 4: " "
        RenderText {#text} at (376,256) size 4x17
          text run at (376,256) width 4: " "
        RenderText {#text} at (506,256) size 4x17
          text run at (506,256) width 4: " "
        RenderText {#text} at (636,256) size 4x17
          text run at (636,256) width 4: " "
        RenderText {#text} at (0,0) size 0x0
        RenderText {#text} at (126,375) size 4x17
          text run at (126,375) width 4: " "
        RenderText {#text} at (256,375) size 4x17
          text run at (256,375) width 4: " "
        RenderText {#text} at (386,375) size 4x17
          text run at (386,375) width 4: " "
        RenderText {#text} at (516,375) size 4x17
          text run at (516,375) width 4: " "
        RenderText {#text} at (646,375) size 4x17
          text run at (646,375) width 4: " "
        RenderText {#text} at (0,0) size 0x0
        RenderText {#text} at (126,494) size 4x17
          text run at (126,494) width 4: " "
        RenderText {#text} at (256,494) size 4x17
          text run at (256,494) width 4: " "
        RenderText {#text} at (0,0) size 0x0
layer at (8,62) size 116x106
  RenderBlock {DIV} at (0,10) size 116x106 [color=#ADD8E6] [border: (3px solid #000000)]
    RenderMultiColumnSet at (8,8) size 100x5
    RenderBlock {DIV} at (8,13) size 100x30 [bgcolor=#C0C0C0]
    RenderMultiColumnSet at (8,43) size 100x55
layer at (16,70) size 48x115
  RenderMultiColumnFlowThread at (8,8) size 48x115
    RenderBlock {DIV} at (0,0) size 48x10 [bgcolor=#000080]
    RenderMultiColumnSpannerPlaceholder at (0,10) size 0x0
    RenderBlock (anonymous) at (0,10) size 48x105
      RenderBR {BR} at (0,0) size 0x25
      RenderText {#text} at (0,25) size 25x80
        text run at (0,25) width 25: "x"
        text run at (0,55) width 25: "y"
        text run at (0,80) width 25: "z"
layer at (128,62) size 116x106
  RenderBlock {DIV} at (120,10) size 116x106 [color=#ADD8E6] [border: (3px solid #000000)]
    RenderMultiColumnSet at (8,8) size 100x5
    RenderBlock {DIV} at (8,13) size 100x30 [bgcolor=#C0C0C0]
    RenderMultiColumnSet at (8,43) size 100x55
layer at (136,70) size 48x115
  RenderMultiColumnFlowThread at (8,8) size 48x115
    RenderBlock {DIV} at (0,0) size 48x10 [bgcolor=#000080]
    RenderMultiColumnSpannerPlaceholder at (0,10) size 0x0
    RenderBlock (anonymous) at (0,10) size 48x105
      RenderBR {BR} at (0,0) size 0x25
      RenderInline {SPAN} at (0,0) size 25x80
        RenderText {#text} at (0,25) size 25x80
          text run at (0,25) width 25: "x"
          text run at (0,55) width 25: "y"
          text run at (0,80) width 25: "z"
      RenderText {#text} at (0,0) size 0x0
layer at (248,62) size 116x106
  RenderBlock {DIV} at (240,10) size 116x106 [color=#ADD8E6] [border: (3px solid #000000)]
    RenderMultiColumnSet at (8,8) size 100x5
    RenderBlock {DIV} at (8,13) size 100x30 [bgcolor=#C0C0C0]
    RenderMultiColumnSet at (8,43) size 100x55
layer at (256,70) size 48x115
  RenderMultiColumnFlowThread at (8,8) size 48x115
    RenderBlock {DIV} at (0,0) size 48x10 [bgcolor=#000080]
    RenderMultiColumnSpannerPlaceholder at (0,10) size 0x0
    RenderBlock (anonymous) at (0,10) size 48x25
      RenderBR {BR} at (0,0) size 0x25
    RenderBlock {DIV} at (0,35) size 48x80
      RenderText {#text} at (0,0) size 25x80
        text run at (0,0) width 25: "x"
        text run at (0,30) width 25: "y"
        text run at (0,55) width 25: "z"
layer at (368,62) size 116x106
  RenderBlock {DIV} at (360,10) size 116x106 [color=#ADD8E6] [border: (3px solid #000000)]
    RenderMultiColumnSet at (8,8) size 100x5
    RenderBlock {DIV} at (8,13) size 100x30 [bgcolor=#C0C0C0]
    RenderMultiColumnSet at (8,43) size 100x55
layer at (376,70) size 48x115
  RenderMultiColumnFlowThread at (8,8) size 48x115
    RenderBlock {DIV} at (0,0) size 48x10 [bgcolor=#000080]
    RenderMultiColumnSpannerPlaceholder at (0,10) size 0x0
    RenderBlock (anonymous) at (0,10) size 48x25
      RenderBR {BR} at (0,0) size 0x25
    RenderBlock {DIV} at (0,35) size 48x80
      RenderBR {BR} at (0,0) size 0x25
      RenderText {#text} at (0,30) size 25x50
        text run at (0,30) width 25: "y"
        text run at (0,55) width 25: "z"
layer at (488,62) size 116x106
  RenderBlock {DIV} at (480,10) size 116x106 [color=#ADD8E6] [border: (3px solid #000000)]
    RenderMultiColumnSet at (8,8) size 100x5
    RenderBlock {DIV} at (8,13) size 100x30 [bgcolor=#C0C0C0]
    RenderMultiColumnSet at (8,43) size 100x55
layer at (496,70) size 48x94
  RenderMultiColumnFlowThread at (8,8) size 48x94
    RenderBlock {DIV} at (0,0) size 48x10 [bgcolor=#000080]
    RenderMultiColumnSpannerPlaceholder at (0,10) size 0x0
    RenderBlock (anonymous) at (0,10) size 48x25
      RenderBR {BR} at (0,0) size 0x25
    RenderBlock {DIV} at (0,35) size 48x59
      RenderBR {BR} at (0,0) size 0x25
      RenderSlider {INPUT} at (2,32) size 25x25 [color=#909090] [bgcolor=#ADD8E6]
        RenderFlexibleBox {DIV} at (0,0) size 25x25
          RenderBlock {DIV} at (0,12) size 25x0
            RenderBlock {DIV} at (0,0) size 25x0
layer at (608,80) size 116x106
  RenderBlock {DIV} at (600,28) size 116x106 [color=#ADD8E6] [border: (3px solid #000000)]
    RenderMultiColumnSet at (8,8) size 100x5
    RenderBlock {DIV} at (8,13) size 100x30 [bgcolor=#C0C0C0]
    RenderMultiColumnSet at (8,43) size 100x55
layer at (616,88) size 48x90
  RenderMultiColumnFlowThread at (8,8) size 48x90
    RenderBlock {DIV} at (0,0) size 48x10 [bgcolor=#000080]
    RenderMultiColumnSpannerPlaceholder at (0,10) size 0x0
    RenderBlock (anonymous) at (0,10) size 48x25
      RenderBR {BR} at (0,0) size 0x25
    RenderBlock {DIV} at (0,35) size 48x55
      RenderBR {BR} at (0,0) size 0x25
      RenderImage {IMG} at (0,30) size 25x25 [bgcolor=#ADD8E6]
layer at (8,206) size 116x106
  RenderBlock {DIV} at (0,154) size 116x106 [color=#ADD8E6] [border: (3px solid #000000)]
    RenderMultiColumnSet at (8,8) size 100x5
    RenderBlock {DIV} at (8,13) size 100x30 [bgcolor=#C0C0C0]
    RenderMultiColumnSet at (8,43) size 100x55
layer at (16,214) size 48x75
  RenderMultiColumnFlowThread at (8,8) size 48x75
    RenderBlock {DIV} at (0,0) size 48x10 [bgcolor=#000080]
    RenderMultiColumnSpannerPlaceholder at (0,10) size 0x0
    RenderBlock {DIV} at (0,50) size 25x25 [bgcolor=#ADD8E6]
layer at (138,206) size 106x116
  RenderBlock {DIV} at (130,154) size 106x116 [color=#ADD8E6] [border: (3px solid #000000)]
    RenderMultiColumnSet at (8,8) size 5x100
    RenderBlock {DIV} at (13,8) size 30x100 [bgcolor=#C0C0C0]
    RenderMultiColumnSet at (43,8) size 55x100
layer at (146,214) size 115x48
  RenderMultiColumnFlowThread at (8,8) size 115x48
    RenderBlock {DIV} at (0,0) size 10x48 [bgcolor=#000080]
    RenderMultiColumnSpannerPlaceholder at (10,0) size 0x0
    RenderBlock (anonymous) at (10,0) size 105x48
      RenderBR {BR} at (0,0) size 25x0
      RenderText {#text} at (25,0) size 80x25
        text run at (25,0) width 25: "x"
        text run at (55,0) width 25: "y"
        text run at (80,0) width 25: "z"
layer at (268,206) size 106x116
  RenderBlock {DIV} at (260,154) size 106x116 [color=#ADD8E6] [border: (3px solid #000000)]
    RenderMultiColumnSet at (8,8) size 5x100
    RenderBlock {DIV} at (13,8) size 30x100 [bgcolor=#C0C0C0]
    RenderMultiColumnSet at (43,8) size 55x100
layer at (276,214) size 115x48
  RenderMultiColumnFlowThread at (8,8) size 115x48
    RenderBlock {DIV} at (0,0) size 10x48 [bgcolor=#000080]
    RenderMultiColumnSpannerPlaceholder at (10,0) size 0x0
    RenderBlock (anonymous) at (10,0) size 105x48
      RenderBR {BR} at (0,0) size 25x0
      RenderInline {SPAN} at (0,0) size 80x25
        RenderText {#text} at (25,0) size 80x25
          text run at (25,0) width 25: "x"
          text run at (55,0) width 25: "y"
          text run at (80,0) width 25: "z"
      RenderText {#text} at (0,0) size 0x0
layer at (398,206) size 106x116
  RenderBlock {DIV} at (390,154) size 106x116 [color=#ADD8E6] [border: (3px solid #000000)]
    RenderMultiColumnSet at (8,8) size 5x100
    RenderBlock {DIV} at (13,8) size 30x100 [bgcolor=#C0C0C0]
    RenderMultiColumnSet at (43,8) size 55x100
layer at (406,214) size 115x48
  RenderMultiColumnFlowThread at (8,8) size 115x48
    RenderBlock {DIV} at (0,0) size 10x48 [bgcolor=#000080]
    RenderMultiColumnSpannerPlaceholder at (10,0) size 0x0
    RenderBlock (anonymous) at (10,0) size 25x48
      RenderBR {BR} at (0,0) size 25x0
    RenderBlock {DIV} at (35,0) size 80x48
      RenderText {#text} at (0,0) size 80x25
        text run at (0,0) width 25: "x"
        text run at (30,0) width 25: "y"
        text run at (55,0) width 25: "z"
layer at (528,206) size 106x116
  RenderBlock {DIV} at (520,154) size 106x116 [color=#ADD8E6] [border: (3px solid #000000)]
    RenderMultiColumnSet at (8,8) size 5x100
    RenderBlock {DIV} at (13,8) size 30x100 [bgcolor=#C0C0C0]
    RenderMultiColumnSet at (43,8) size 55x100
layer at (536,214) size 115x48
  RenderMultiColumnFlowThread at (8,8) size 115x48
    RenderBlock {DIV} at (0,0) size 10x48 [bgcolor=#000080]
    RenderMultiColumnSpannerPlaceholder at (10,0) size 0x0
    RenderBlock (anonymous) at (10,0) size 25x48
      RenderBR {BR} at (0,0) size 25x0
    RenderBlock {DIV} at (35,0) size 80x48
      RenderBR {BR} at (0,0) size 25x0
      RenderText {#text} at (30,0) size 50x25
        text run at (30,0) width 25: "y"
        text run at (55,0) width 25: "z"
layer at (658,206) size 106x116
  RenderBlock {DIV} at (650,154) size 106x116 [color=#ADD8E6] [border: (3px solid #000000)]
    RenderMultiColumnSet at (8,8) size 5x100
    RenderBlock {DIV} at (13,8) size 30x100 [bgcolor=#C0C0C0]
    RenderMultiColumnSet at (43,8) size 55x100
layer at (666,214) size 94x48
  RenderMultiColumnFlowThread at (8,8) size 94x48
    RenderBlock {DIV} at (0,0) size 10x48 [bgcolor=#000080]
    RenderMultiColumnSpannerPlaceholder at (10,0) size 0x0
    RenderBlock (anonymous) at (10,0) size 25x48
      RenderBR {BR} at (0,0) size 25x0
    RenderBlock {DIV} at (35,0) size 59x48
      RenderBR {BR} at (0,0) size 25x0
      RenderSlider {INPUT} at (32,2) size 25x25 [color=#909090] [bgcolor=#ADD8E6]
        RenderFlexibleBox {DIV} at (0,0) size 25x25
          RenderBlock {DIV} at (0,12) size 25x0
            RenderBlock {DIV} at (0,0) size 25x0
layer at (18,325) size 106x116
  RenderBlock {DIV} at (10,273) size 106x116 [color=#ADD8E6] [border: (3px solid #000000)]
    RenderMultiColumnSet at (8,8) size 5x100
    RenderBlock {DIV} at (13,8) size 30x100 [bgcolor=#C0C0C0]
    RenderMultiColumnSet at (43,8) size 55x100
layer at (26,333) size 90x48
  RenderMultiColumnFlowThread at (8,8) size 90x48
    RenderBlock {DIV} at (0,0) size 10x48 [bgcolor=#000080]
    RenderMultiColumnSpannerPlaceholder at (10,0) size 0x0
    RenderBlock (anonymous) at (10,0) size 25x48
      RenderBR {BR} at (0,0) size 25x0
    RenderBlock {DIV} at (35,0) size 55x48
      RenderBR {BR} at (0,0) size 25x0
      RenderImage {IMG} at (30,0) size 25x25 [bgcolor=#ADD8E6]
layer at (148,325) size 106x116
  RenderBlock {DIV} at (140,273) size 106x116 [color=#ADD8E6] [border: (3px solid #000000)]
    RenderMultiColumnSet at (8,8) size 5x100
    RenderBlock {DIV} at (13,8) size 30x100 [bgcolor=#C0C0C0]
    RenderMultiColumnSet at (43,8) size 55x100
layer at (156,333) size 75x48
  RenderMultiColumnFlowThread at (8,8) size 75x48
    RenderBlock {DIV} at (0,0) size 10x48 [bgcolor=#000080]
    RenderMultiColumnSpannerPlaceholder at (10,0) size 0x0
    RenderBlock {DIV} at (50,0) size 25x25 [bgcolor=#ADD8E6]
layer at (278,325) size 106x116
  RenderBlock {DIV} at (270,273) size 106x116 [color=#ADD8E6] [border: (3px solid #000000)]
    RenderMultiColumnSet at (8,8) size 5x100
    RenderBlock {DIV} at (13,8) size 30x100 [bgcolor=#C0C0C0]
    RenderMultiColumnSet at (43,8) size 55x100
layer at (261,333) size 115x48
  RenderMultiColumnFlowThread at (8,8) size 115x48
    RenderBlock {DIV} at (0,0) size 10x48 [bgcolor=#000080]
    RenderMultiColumnSpannerPlaceholder at (10,0) size 0x0
    RenderBlock (anonymous) at (10,0) size 105x48
      RenderBR {BR} at (0,0) size 25x0
      RenderText {#text} at (25,0) size 80x25
        text run at (25,0) width 25: "x"
        text run at (55,0) width 25: "y"
        text run at (80,0) width 25: "z"
layer at (408,325) size 106x116
  RenderBlock {DIV} at (400,273) size 106x116 [color=#ADD8E6] [border: (3px solid #000000)]
    RenderMultiColumnSet at (8,8) size 5x100
    RenderBlock {DIV} at (13,8) size 30x100 [bgcolor=#C0C0C0]
    RenderMultiColumnSet at (43,8) size 55x100
layer at (391,333) size 115x48
  RenderMultiColumnFlowThread at (8,8) size 115x48
    RenderBlock {DIV} at (0,0) size 10x48 [bgcolor=#000080]
    RenderMultiColumnSpannerPlaceholder at (10,0) size 0x0
    RenderBlock (anonymous) at (10,0) size 105x48
      RenderBR {BR} at (0,0) size 25x0
      RenderInline {SPAN} at (0,0) size 80x25
        RenderText {#text} at (25,0) size 80x25
          text run at (25,0) width 25: "x"
          text run at (55,0) width 25: "y"
          text run at (80,0) width 25: "z"
      RenderText {#text} at (0,0) size 0x0
layer at (538,325) size 106x116
  RenderBlock {DIV} at (530,273) size 106x116 [color=#ADD8E6] [border: (3px solid #000000)]
    RenderMultiColumnSet at (8,8) size 5x100
    RenderBlock {DIV} at (13,8) size 30x100 [bgcolor=#C0C0C0]
    RenderMultiColumnSet at (43,8) size 55x100
layer at (521,333) size 115x48
  RenderMultiColumnFlowThread at (8,8) size 115x48
    RenderBlock {DIV} at (0,0) size 10x48 [bgcolor=#000080]
    RenderMultiColumnSpannerPlaceholder at (10,0) size 0x0
    RenderBlock (anonymous) at (10,0) size 25x48
      RenderBR {BR} at (0,0) size 25x0
    RenderBlock {DIV} at (35,0) size 80x48
      RenderText {#text} at (0,0) size 80x25
        text run at (0,0) width 25: "x"
        text run at (30,0) width 25: "y"
        text run at (55,0) width 25: "z"
layer at (668,325) size 106x116
  RenderBlock {DIV} at (660,273) size 106x116 [color=#ADD8E6] [border: (3px solid #000000)]
    RenderMultiColumnSet at (8,8) size 5x100
    RenderBlock {DIV} at (13,8) size 30x100 [bgcolor=#C0C0C0]
    RenderMultiColumnSet at (43,8) size 55x100
layer at (651,333) size 115x48
  RenderMultiColumnFlowThread at (8,8) size 115x48
    RenderBlock {DIV} at (0,0) size 10x48 [bgcolor=#000080]
    RenderMultiColumnSpannerPlaceholder at (10,0) size 0x0
    RenderBlock (anonymous) at (10,0) size 25x48
      RenderBR {BR} at (0,0) size 25x0
    RenderBlock {DIV} at (35,0) size 80x48
      RenderBR {BR} at (0,0) size 25x0
      RenderText {#text} at (30,0) size 50x25
        text run at (30,0) width 25: "y"
        text run at (55,0) width 25: "z"
layer at (18,444) size 106x116
  RenderBlock {DIV} at (10,392) size 106x116 [color=#ADD8E6] [border: (3px solid #000000)]
    RenderMultiColumnSet at (8,8) size 5x100
    RenderBlock {DIV} at (13,8) size 30x100 [bgcolor=#C0C0C0]
    RenderMultiColumnSet at (43,8) size 55x100
layer at (22,452) size 94x48
  RenderMultiColumnFlowThread at (8,8) size 94x48
    RenderBlock {DIV} at (0,0) size 10x48 [bgcolor=#000080]
    RenderMultiColumnSpannerPlaceholder at (10,0) size 0x0
    RenderBlock (anonymous) at (10,0) size 25x48
      RenderBR {BR} at (0,0) size 25x0
    RenderBlock {DIV} at (35,0) size 59x48
      RenderBR {BR} at (0,0) size 25x0
      RenderSlider {INPUT} at (32,2) size 25x25 [color=#909090] [bgcolor=#ADD8E6]
        RenderFlexibleBox {DIV} at (0,0) size 25x25
          RenderBlock {DIV} at (0,12) size 25x0
            RenderBlock {DIV} at (0,0) size 25x0
layer at (148,444) size 106x116
  RenderBlock {DIV} at (140,392) size 106x116 [color=#ADD8E6] [border: (3px solid #000000)]
    RenderMultiColumnSet at (8,8) size 5x100
    RenderBlock {DIV} at (13,8) size 30x100 [bgcolor=#C0C0C0]
    RenderMultiColumnSet at (43,8) size 55x100
layer at (156,452) size 90x48
  RenderMultiColumnFlowThread at (8,8) size 90x48
    RenderBlock {DIV} at (0,0) size 10x48 [bgcolor=#000080]
    RenderMultiColumnSpannerPlaceholder at (10,0) size 0x0
    RenderBlock (anonymous) at (10,0) size 25x48
      RenderBR {BR} at (0,0) size 25x0
    RenderBlock {DIV} at (35,0) size 55x48
      RenderBR {BR} at (0,0) size 25x0
      RenderImage {IMG} at (30,0) size 25x25 [bgcolor=#ADD8E6]
layer at (278,444) size 106x116
  RenderBlock {DIV} at (270,392) size 106x116 [color=#ADD8E6] [border: (3px solid #000000)]
    RenderMultiColumnSet at (8,8) size 5x100
    RenderBlock {DIV} at (13,8) size 30x100 [bgcolor=#C0C0C0]
    RenderMultiColumnSet at (43,8) size 55x100
layer at (301,452) size 75x48
  RenderMultiColumnFlowThread at (8,8) size 75x48
    RenderBlock {DIV} at (0,0) size 10x48 [bgcolor=#000080]
    RenderMultiColumnSpannerPlaceholder at (10,0) size 0x0
    RenderBlock {DIV} at (50,0) size 25x25 [bgcolor=#ADD8E6]
layer at (16,130) size 25x25
  RenderBlock (positioned) {DIV} at (16,130) size 25x25 [border: (3px solid #0000FF7F)]
layer at (68,105) size 26x25
  RenderBlock (positioned) {DIV} at (68,105) size 26x25 [border: (3px solid #0000FF7F)]
layer at (68,130) size 26x25
  RenderBlock (positioned) {DIV} at (68,130) size 26x25 [border: (3px solid #0000FF7F)]
layer at (136,130) size 25x25
  RenderBlock (positioned) {DIV} at (136,130) size 25x25 [border: (3px solid #0000FF7F)]
layer at (188,105) size 26x25
  RenderBlock (positioned) {DIV} at (188,105) size 26x25 [border: (3px solid #0000FF7F)]
layer at (188,130) size 26x25
  RenderBlock (positioned) {DIV} at (188,130) size 26x25 [border: (3px solid #0000FF7F)]
layer at (256,130) size 25x25
  RenderBlock (positioned) {DIV} at (256,130) size 25x25 [border: (3px solid #0000FF7F)]
layer at (308,105) size 26x25
  RenderBlock (positioned) {DIV} at (308,105) size 26x25 [border: (3px solid #0000FF7F)]
layer at (308,130) size 26x25
  RenderBlock (positioned) {DIV} at (308,130) size 26x25 [border: (3px solid #0000FF7F)]
layer at (428,105) size 26x25
  RenderBlock (positioned) {DIV} at (428,105) size 26x25 [border: (3px solid #0000FF7F)]
layer at (428,130) size 26x25
  RenderBlock (positioned) {DIV} at (428,130) size 26x25 [border: (3px solid #0000FF7F)]
layer at (550,107) size 26x25
  RenderBlock (positioned) {DIV} at (550,107) size 26x25 [border: (3px solid #0000FF7F)]
layer at (668,123) size 26x25
  RenderBlock (positioned) {DIV} at (668,123) size 26x25 [border: (3px solid #0000FF7F)]
layer at (16,289) size 25x25
  RenderBlock (positioned) {DIV} at (16,289) size 25x25 [border: (3px solid #0000FF7F)]
layer at (206,214) size 25x25
  RenderBlock (positioned) {DIV} at (206,214) size 25x25 [border: (3px solid #0000FF7F)]
layer at (181,266) size 25x26
  RenderBlock (positioned) {DIV} at (181,266) size 25x26 [border: (3px solid #0000FF7F)]
layer at (206,266) size 25x26
  RenderBlock (positioned) {DIV} at (206,266) size 25x26 [border: (3px solid #0000FF7F)]
layer at (336,214) size 25x25
  RenderBlock (positioned) {DIV} at (336,214) size 25x25 [border: (3px solid #0000FF7F)]
layer at (311,266) size 25x26
  RenderBlock (positioned) {DIV} at (311,266) size 25x26 [border: (3px solid #0000FF7F)]
layer at (336,266) size 25x26
  RenderBlock (positioned) {DIV} at (336,266) size 25x26 [border: (3px solid #0000FF7F)]
layer at (466,214) size 25x25
  RenderBlock (positioned) {DIV} at (466,214) size 25x25 [border: (3px solid #0000FF7F)]
layer at (441,266) size 25x26
  RenderBlock (positioned) {DIV} at (441,266) size 25x26 [border: (3px solid #0000FF7F)]
layer at (466,266) size 25x26
  RenderBlock (positioned) {DIV} at (466,266) size 25x26 [border: (3px solid #0000FF7F)]
layer at (571,266) size 25x26
  RenderBlock (positioned) {DIV} at (571,266) size 25x26 [border: (3px solid #0000FF7F)]
layer at (596,266) size 25x26
  RenderBlock (positioned) {DIV} at (596,266) size 25x26 [border: (3px solid #0000FF7F)]
layer at (703,268) size 25x26
  RenderBlock (positioned) {DIV} at (703,268) size 25x26 [border: (3px solid #0000FF7F)]
layer at (61,385) size 25x26
  RenderBlock (positioned) {DIV} at (61,385) size 25x26 [border: (3px solid #0000FF7F)]
layer at (231,333) size 25x25
  RenderBlock (positioned) {DIV} at (231,333) size 25x25 [border: (3px solid #0000FF7F)]
layer at (291,333) size 25x25
  RenderBlock (positioned) {DIV} at (291,333) size 25x25 [border: (3px solid #0000FF7F)]
layer at (316,385) size 25x26
  RenderBlock (positioned) {DIV} at (316,385) size 25x26 [border: (3px solid #0000FF7F)]
layer at (291,385) size 25x26
  RenderBlock (positioned) {DIV} at (291,385) size 25x26 [border: (3px solid #0000FF7F)]
layer at (421,333) size 25x25
  RenderBlock (positioned) {DIV} at (421,333) size 25x25 [border: (3px solid #0000FF7F)]
layer at (446,385) size 25x26
  RenderBlock (positioned) {DIV} at (446,385) size 25x26 [border: (3px solid #0000FF7F)]
layer at (421,385) size 25x26
  RenderBlock (positioned) {DIV} at (421,385) size 25x26 [border: (3px solid #0000FF7F)]
layer at (551,333) size 25x25
  RenderBlock (positioned) {DIV} at (551,333) size 25x25 [border: (3px solid #0000FF7F)]
layer at (576,385) size 25x26
  RenderBlock (positioned) {DIV} at (576,385) size 25x26 [border: (3px solid #0000FF7F)]
layer at (551,385) size 25x26
  RenderBlock (positioned) {DIV} at (551,385) size 25x26 [border: (3px solid #0000FF7F)]
layer at (706,385) size 25x26
  RenderBlock (positioned) {DIV} at (706,385) size 25x26 [border: (3px solid #0000FF7F)]
layer at (681,385) size 25x26
  RenderBlock (positioned) {DIV} at (681,385) size 25x26 [border: (3px solid #0000FF7F)]
layer at (54,506) size 25x26
  RenderBlock (positioned) {DIV} at (54,506) size 25x26 [border: (3px solid #0000FF7F)]
layer at (186,504) size 25x26
  RenderBlock (positioned) {DIV} at (186,504) size 25x26 [border: (3px solid #0000FF7F)]
layer at (276,452) size 25x25
  RenderBlock (positioned) {DIV} at (276,452) size 25x25 [border: (3px solid #0000FF7F)]
