layer at (0,0) size 1562x1010
  RenderView at (0,0) size 785x585
layer at (0,0) size 785x1010
  RenderBlock {HTML} at (0,0) size 785x1010
    RenderBody {BODY} at (8,8) size 769x994
      RenderBlock {HR} at (0,358) size 769x2 [border: (1px inset #000000)]
      RenderBlock {HR} at (0,676) size 769x2 [border: (1px inset #000000)]
layer at (8,8) size 769x350
  RenderBlock {DIV} at (0,0) size 769x350
    RenderMultiColumnSet at (0,0) size 769x350
layer at (8,8) size 377x1123 backgroundClip at (0,0) size 1562x1010 clip at (0,0) size 1562x1010 outlineClip at (0,0) size 1562x1010
  RenderMultiColumnFlowThread at (0,0) size 377x1123
    RenderTable {TABLE} at (0,0) size 376x1123 [border: (1px outset #808080)]
      RenderTableSection {TBODY} at (1,1) size 374x1121
        RenderTableRow {TR} at (0,0) size 374x1121
          RenderTableCell {TD} at (0,43) size 140x1078 [border: (1px inset #808080)] [r=0 c=0 rs=1 cs=1]
            RenderText {#text} at (11,11) size 105x34
              text run at (11,11) width 105: "This cell has lots"
              text run at (11,28) width 44: "of text."
            RenderBR {BR} at (55,42) size 0x0
            RenderText {#text} at (11,45) size 105x34
              text run at (11,45) width 105: "This cell has lots"
              text run at (11,62) width 44: "of text."
            RenderBR {BR} at (55,76) size 0x0
            RenderText {#text} at (11,79) size 105x34
              text run at (11,79) width 105: "This cell has lots"
              text run at (11,96) width 44: "of text."
            RenderBR {BR} at (55,110) size 0x0
            RenderText {#text} at (11,113) size 105x34
              text run at (11,113) width 105: "This cell has lots"
              text run at (11,130) width 44: "of text."
            RenderBR {BR} at (55,144) size 0x0
            RenderText {#text} at (11,147) size 105x34
              text run at (11,147) width 105: "This cell has lots"
              text run at (11,164) width 44: "of text."
            RenderBR {BR} at (55,178) size 0x0
            RenderText {#text} at (11,181) size 105x34
              text run at (11,181) width 105: "This cell has lots"
              text run at (11,198) width 44: "of text."
            RenderBR {BR} at (55,212) size 0x0
            RenderText {#text} at (11,215) size 105x34
              text run at (11,215) width 105: "This cell has lots"
              text run at (11,232) width 44: "of text."
            RenderBR {BR} at (55,246) size 0x0
            RenderText {#text} at (11,249) size 105x34
              text run at (11,249) width 105: "This cell has lots"
              text run at (11,266) width 44: "of text."
            RenderBR {BR} at (55,280) size 0x0
            RenderText {#text} at (11,283) size 105x41
              text run at (11,283) width 105: "This cell has lots"
              text run at (11,307) width 44: "of text."
            RenderBR {BR} at (55,321) size 0x0
            RenderText {#text} at (11,324) size 105x34
              text run at (11,324) width 105: "This cell has lots"
              text run at (11,341) width 44: "of text."
            RenderBR {BR} at (55,355) size 0x0
            RenderText {#text} at (11,358) size 105x34
              text run at (11,358) width 105: "This cell has lots"
              text run at (11,375) width 44: "of text."
            RenderBR {BR} at (55,389) size 0x0
            RenderText {#text} at (11,392) size 105x34
              text run at (11,392) width 105: "This cell has lots"
              text run at (11,409) width 44: "of text."
            RenderBR {BR} at (55,423) size 0x0
            RenderText {#text} at (11,426) size 105x34
              text run at (11,426) width 105: "This cell has lots"
              text run at (11,443) width 44: "of text."
            RenderBR {BR} at (55,457) size 0x0
            RenderText {#text} at (11,460) size 105x34
              text run at (11,460) width 105: "This cell has lots"
              text run at (11,477) width 44: "of text."
            RenderBR {BR} at (55,491) size 0x0
            RenderText {#text} at (11,494) size 105x34
              text run at (11,494) width 105: "This cell has lots"
              text run at (11,511) width 44: "of text."
            RenderBR {BR} at (55,525) size 0x0
            RenderText {#text} at (11,528) size 105x34
              text run at (11,528) width 105: "This cell has lots"
              text run at (11,545) width 44: "of text."
            RenderBR {BR} at (55,559) size 0x0
            RenderText {#text} at (11,562) size 105x34
              text run at (11,562) width 105: "This cell has lots"
              text run at (11,579) width 44: "of text."
            RenderBR {BR} at (55,593) size 0x0
            RenderText {#text} at (11,596) size 105x34
              text run at (11,596) width 105: "This cell has lots"
              text run at (11,613) width 44: "of text."
            RenderBR {BR} at (55,627) size 0x0
            RenderText {#text} at (11,630) size 105x44
              text run at (11,630) width 105: "This cell has lots"
              text run at (11,657) width 44: "of text."
            RenderBR {BR} at (55,671) size 0x0
            RenderText {#text} at (11,674) size 105x34
              text run at (11,674) width 105: "This cell has lots"
              text run at (11,691) width 44: "of text."
            RenderBR {BR} at (55,705) size 0x0
            RenderText {#text} at (11,708) size 105x34
              text run at (11,708) width 105: "This cell has lots"
              text run at (11,725) width 44: "of text."
            RenderBR {BR} at (55,739) size 0x0
            RenderText {#text} at (11,742) size 105x34
              text run at (11,742) width 105: "This cell has lots"
              text run at (11,759) width 44: "of text."
            RenderBR {BR} at (55,773) size 0x0
            RenderText {#text} at (11,776) size 105x34
              text run at (11,776) width 105: "This cell has lots"
              text run at (11,793) width 44: "of text."
            RenderBR {BR} at (55,807) size 0x0
            RenderText {#text} at (11,810) size 105x34
              text run at (11,810) width 105: "This cell has lots"
              text run at (11,827) width 44: "of text."
            RenderBR {BR} at (55,841) size 0x0
            RenderText {#text} at (11,844) size 105x34
              text run at (11,844) width 105: "This cell has lots"
              text run at (11,861) width 44: "of text."
            RenderBR {BR} at (55,875) size 0x0
            RenderText {#text} at (11,878) size 105x34
              text run at (11,878) width 105: "This cell has lots"
              text run at (11,895) width 44: "of text."
            RenderBR {BR} at (55,909) size 0x0
            RenderText {#text} at (11,912) size 105x34
              text run at (11,912) width 105: "This cell has lots"
              text run at (11,929) width 44: "of text."
            RenderBR {BR} at (55,943) size 0x0
            RenderText {#text} at (11,946) size 105x34
              text run at (11,946) width 105: "This cell has lots"
              text run at (11,963) width 44: "of text."
            RenderBR {BR} at (55,977) size 0x0
            RenderText {#text} at (11,980) size 105x44
              text run at (11,980) width 105: "This cell has lots"
              text run at (11,1007) width 44: "of text."
            RenderBR {BR} at (55,1021) size 0x0
            RenderText {#text} at (11,1024) size 105x34
              text run at (11,1024) width 105: "This cell has lots"
              text run at (11,1041) width 44: "of text."
            RenderBR {BR} at (55,1055) size 0x0
          RenderTableCell {TD} at (140,0) size 234x164 [border: (1px inset #808080)] [r=0 c=1 rs=1 cs=1]
            RenderInline {SPAN} at (0,0) size 145x142
              RenderText {#text} at (11,11) size 145x142
                text run at (11,11) width 145: "Other"
                text run at (11,82) width 108: "cell."
layer at (8,376) size 769x300
  RenderBlock {DIV} at (0,368) size 769x300
    RenderMultiColumnSet at (0,0) size 769x300
layer at (8,376) size 377x1134 backgroundClip at (0,0) size 1562x1010 clip at (0,0) size 1562x1010 outlineClip at (0,0) size 1562x1010
  RenderMultiColumnFlowThread at (0,0) size 377x1134
    RenderTable {TABLE} at (0,0) size 376x1134 [border: (1px outset #808080)]
      RenderTableSection {TBODY} at (1,1) size 374x1132
        RenderTableRow {TR} at (0,0) size 374x1064
          RenderTableCell {TD} at (0,0) size 140x1132 [border: (1px inset #808080)] [r=0 c=0 rs=1 cs=1]
            RenderText {#text} at (11,11) size 105x34
              text run at (11,11) width 105: "This cell has lots"
              text run at (11,28) width 44: "of text."
            RenderBR {BR} at (55,42) size 0x0
            RenderText {#text} at (11,45) size 105x34
              text run at (11,45) width 105: "This cell has lots"
              text run at (11,62) width 44: "of text."
            RenderBR {BR} at (55,76) size 0x0
            RenderText {#text} at (11,79) size 105x34
              text run at (11,79) width 105: "This cell has lots"
              text run at (11,96) width 44: "of text."
            RenderBR {BR} at (55,110) size 0x0
            RenderText {#text} at (11,113) size 105x34
              text run at (11,113) width 105: "This cell has lots"
              text run at (11,130) width 44: "of text."
            RenderBR {BR} at (55,144) size 0x0
            RenderText {#text} at (11,147) size 105x34
              text run at (11,147) width 105: "This cell has lots"
              text run at (11,164) width 44: "of text."
            RenderBR {BR} at (55,178) size 0x0
            RenderText {#text} at (11,181) size 105x34
              text run at (11,181) width 105: "This cell has lots"
              text run at (11,198) width 44: "of text."
            RenderBR {BR} at (55,212) size 0x0
            RenderText {#text} at (11,215) size 105x34
              text run at (11,215) width 105: "This cell has lots"
              text run at (11,232) width 44: "of text."
            RenderBR {BR} at (55,246) size 0x0
            RenderText {#text} at (11,249) size 105x34
              text run at (11,249) width 105: "This cell has lots"
              text run at (11,266) width 44: "of text."
            RenderBR {BR} at (55,280) size 0x0
            RenderText {#text} at (11,283) size 105x34
              text run at (11,283) width 105: "This cell has lots"
              text run at (11,300) width 44: "of text."
            RenderBR {BR} at (55,314) size 0x0
            RenderText {#text} at (11,317) size 105x34
              text run at (11,317) width 105: "This cell has lots"
              text run at (11,334) width 44: "of text."
            RenderBR {BR} at (55,348) size 0x0
            RenderText {#text} at (11,351) size 105x34
              text run at (11,351) width 105: "This cell has lots"
              text run at (11,368) width 44: "of text."
            RenderBR {BR} at (55,382) size 0x0
            RenderText {#text} at (11,385) size 105x34
              text run at (11,385) width 105: "This cell has lots"
              text run at (11,402) width 44: "of text."
            RenderBR {BR} at (55,416) size 0x0
            RenderText {#text} at (11,419) size 105x34
              text run at (11,419) width 105: "This cell has lots"
              text run at (11,436) width 44: "of text."
            RenderBR {BR} at (55,450) size 0x0
            RenderText {#text} at (11,453) size 105x34
              text run at (11,453) width 105: "This cell has lots"
              text run at (11,470) width 44: "of text."
            RenderBR {BR} at (55,484) size 0x0
            RenderText {#text} at (11,487) size 105x34
              text run at (11,487) width 105: "This cell has lots"
              text run at (11,504) width 44: "of text."
            RenderBR {BR} at (55,518) size 0x0
            RenderText {#text} at (11,521) size 105x34
              text run at (11,521) width 105: "This cell has lots"
              text run at (11,538) width 44: "of text."
            RenderBR {BR} at (55,552) size 0x0
            RenderText {#text} at (11,555) size 105x34
              text run at (11,555) width 105: "This cell has lots"
              text run at (11,572) width 44: "of text."
            RenderBR {BR} at (55,586) size 0x0
            RenderText {#text} at (11,600) size 105x34
              text run at (11,600) width 105: "This cell has lots"
              text run at (11,617) width 44: "of text."
            RenderBR {BR} at (55,631) size 0x0
            RenderText {#text} at (11,634) size 105x34
              text run at (11,634) width 105: "This cell has lots"
              text run at (11,651) width 44: "of text."
            RenderBR {BR} at (55,665) size 0x0
            RenderText {#text} at (11,668) size 105x34
              text run at (11,668) width 105: "This cell has lots"
              text run at (11,685) width 44: "of text."
            RenderBR {BR} at (55,699) size 0x0
            RenderText {#text} at (11,702) size 105x34
              text run at (11,702) width 105: "This cell has lots"
              text run at (11,719) width 44: "of text."
            RenderBR {BR} at (55,733) size 0x0
            RenderText {#text} at (11,736) size 105x34
              text run at (11,736) width 105: "This cell has lots"
              text run at (11,753) width 44: "of text."
            RenderBR {BR} at (55,767) size 0x0
            RenderText {#text} at (11,770) size 105x34
              text run at (11,770) width 105: "This cell has lots"
              text run at (11,787) width 44: "of text."
            RenderBR {BR} at (55,801) size 0x0
            RenderText {#text} at (11,804) size 105x34
              text run at (11,804) width 105: "This cell has lots"
              text run at (11,821) width 44: "of text."
            RenderBR {BR} at (55,835) size 0x0
            RenderText {#text} at (11,838) size 105x34
              text run at (11,838) width 105: "This cell has lots"
              text run at (11,855) width 44: "of text."
            RenderBR {BR} at (55,869) size 0x0
            RenderText {#text} at (11,872) size 105x45
              text run at (11,872) width 105: "This cell has lots"
              text run at (11,900) width 44: "of text."
            RenderBR {BR} at (55,914) size 0x0
            RenderText {#text} at (11,917) size 105x34
              text run at (11,917) width 105: "This cell has lots"
              text run at (11,934) width 44: "of text."
            RenderBR {BR} at (55,948) size 0x0
            RenderText {#text} at (11,951) size 105x34
              text run at (11,951) width 105: "This cell has lots"
              text run at (11,968) width 44: "of text."
            RenderBR {BR} at (55,982) size 0x0
            RenderText {#text} at (11,985) size 105x34
              text run at (11,985) width 105: "This cell has lots"
              text run at (11,1002) width 44: "of text."
            RenderBR {BR} at (55,1016) size 0x0
            RenderText {#text} at (11,1019) size 105x34
              text run at (11,1019) width 105: "This cell has lots"
              text run at (11,1036) width 44: "of text."
            RenderBR {BR} at (55,1050) size 0x0
          RenderTableCell {TD} at (140,450) size 234x232 [border: (1px inset #808080)] [r=0 c=1 rs=1 cs=1]
            RenderInline {SPAN} at (0,0) size 145x210
              RenderText {#text} at (11,11) size 145x210
                text run at (11,11) width 145: "Other"
                text run at (11,150) width 108: "cell."
layer at (8,702) size 769x300
  RenderBlock {DIV} at (0,694) size 769x300
    RenderMultiColumnSet at (0,0) size 769x300
layer at (8,702) size 377x1066 backgroundClip at (0,0) size 1562x1010 clip at (0,0) size 1562x1010 outlineClip at (0,0) size 1562x1010
  RenderMultiColumnFlowThread at (0,0) size 377x1066
    RenderTable {TABLE} at (0,0) size 376x1066 [border: (1px outset #808080)]
      RenderTableSection {TBODY} at (1,1) size 374x1064
        RenderTableRow {TR} at (0,0) size 374x1064
          RenderTableCell {TD} at (0,0) size 140x1064 [border: (1px inset #808080)] [r=0 c=0 rs=1 cs=1]
            RenderText {#text} at (11,11) size 105x34
              text run at (11,11) width 105: "This cell has lots"
              text run at (11,28) width 44: "of text."
            RenderBR {BR} at (55,42) size 0x0
            RenderText {#text} at (11,45) size 105x34
              text run at (11,45) width 105: "This cell has lots"
              text run at (11,62) width 44: "of text."
            RenderBR {BR} at (55,76) size 0x0
            RenderText {#text} at (11,79) size 105x34
              text run at (11,79) width 105: "This cell has lots"
              text run at (11,96) width 44: "of text."
            RenderBR {BR} at (55,110) size 0x0
            RenderText {#text} at (11,113) size 105x34
              text run at (11,113) width 105: "This cell has lots"
              text run at (11,130) width 44: "of text."
            RenderBR {BR} at (55,144) size 0x0
            RenderText {#text} at (11,147) size 105x34
              text run at (11,147) width 105: "This cell has lots"
              text run at (11,164) width 44: "of text."
            RenderBR {BR} at (55,178) size 0x0
            RenderText {#text} at (11,181) size 105x34
              text run at (11,181) width 105: "This cell has lots"
              text run at (11,198) width 44: "of text."
            RenderBR {BR} at (55,212) size 0x0
            RenderText {#text} at (11,215) size 105x34
              text run at (11,215) width 105: "This cell has lots"
              text run at (11,232) width 44: "of text."
            RenderBR {BR} at (55,246) size 0x0
            RenderText {#text} at (11,249) size 105x34
              text run at (11,249) width 105: "This cell has lots"
              text run at (11,266) width 44: "of text."
            RenderBR {BR} at (55,280) size 0x0
            RenderText {#text} at (11,283) size 105x34
              text run at (11,283) width 105: "This cell has lots"
              text run at (11,300) width 44: "of text."
            RenderBR {BR} at (55,314) size 0x0
            RenderText {#text} at (11,317) size 105x34
              text run at (11,317) width 105: "This cell has lots"
              text run at (11,334) width 44: "of text."
            RenderBR {BR} at (55,348) size 0x0
            RenderText {#text} at (11,351) size 105x34
              text run at (11,351) width 105: "This cell has lots"
              text run at (11,368) width 44: "of text."
            RenderBR {BR} at (55,382) size 0x0
            RenderText {#text} at (11,385) size 105x34
              text run at (11,385) width 105: "This cell has lots"
              text run at (11,402) width 44: "of text."
            RenderBR {BR} at (55,416) size 0x0
            RenderText {#text} at (11,419) size 105x34
              text run at (11,419) width 105: "This cell has lots"
              text run at (11,436) width 44: "of text."
            RenderBR {BR} at (55,450) size 0x0
            RenderText {#text} at (11,453) size 105x34
              text run at (11,453) width 105: "This cell has lots"
              text run at (11,470) width 44: "of text."
            RenderBR {BR} at (55,484) size 0x0
            RenderText {#text} at (11,487) size 105x34
              text run at (11,487) width 105: "This cell has lots"
              text run at (11,504) width 44: "of text."
            RenderBR {BR} at (55,518) size 0x0
            RenderText {#text} at (11,521) size 105x34
              text run at (11,521) width 105: "This cell has lots"
              text run at (11,538) width 44: "of text."
            RenderBR {BR} at (55,552) size 0x0
            RenderText {#text} at (11,555) size 105x34
              text run at (11,555) width 105: "This cell has lots"
              text run at (11,572) width 44: "of text."
            RenderBR {BR} at (55,586) size 0x0
            RenderText {#text} at (11,600) size 105x34
              text run at (11,600) width 105: "This cell has lots"
              text run at (11,617) width 44: "of text."
            RenderBR {BR} at (55,631) size 0x0
            RenderText {#text} at (11,634) size 105x34
              text run at (11,634) width 105: "This cell has lots"
              text run at (11,651) width 44: "of text."
            RenderBR {BR} at (55,665) size 0x0
            RenderText {#text} at (11,668) size 105x34
              text run at (11,668) width 105: "This cell has lots"
              text run at (11,685) width 44: "of text."
            RenderBR {BR} at (55,699) size 0x0
            RenderText {#text} at (11,702) size 105x34
              text run at (11,702) width 105: "This cell has lots"
              text run at (11,719) width 44: "of text."
            RenderBR {BR} at (55,733) size 0x0
            RenderText {#text} at (11,736) size 105x34
              text run at (11,736) width 105: "This cell has lots"
              text run at (11,753) width 44: "of text."
            RenderBR {BR} at (55,767) size 0x0
            RenderText {#text} at (11,770) size 105x34
              text run at (11,770) width 105: "This cell has lots"
              text run at (11,787) width 44: "of text."
            RenderBR {BR} at (55,801) size 0x0
            RenderText {#text} at (11,804) size 105x34
              text run at (11,804) width 105: "This cell has lots"
              text run at (11,821) width 44: "of text."
            RenderBR {BR} at (55,835) size 0x0
            RenderText {#text} at (11,838) size 105x34
              text run at (11,838) width 105: "This cell has lots"
              text run at (11,855) width 44: "of text."
            RenderBR {BR} at (55,869) size 0x0
            RenderText {#text} at (11,872) size 105x45
              text run at (11,872) width 105: "This cell has lots"
              text run at (11,900) width 44: "of text."
            RenderBR {BR} at (55,914) size 0x0
            RenderText {#text} at (11,917) size 105x34
              text run at (11,917) width 105: "This cell has lots"
              text run at (11,934) width 44: "of text."
            RenderBR {BR} at (55,948) size 0x0
            RenderText {#text} at (11,951) size 105x34
              text run at (11,951) width 105: "This cell has lots"
              text run at (11,968) width 44: "of text."
            RenderBR {BR} at (55,982) size 0x0
            RenderText {#text} at (11,985) size 105x34
              text run at (11,985) width 105: "This cell has lots"
              text run at (11,1002) width 44: "of text."
            RenderBR {BR} at (55,1016) size 0x0
            RenderText {#text} at (11,1019) size 105x34
              text run at (11,1019) width 105: "This cell has lots"
              text run at (11,1036) width 44: "of text."
            RenderBR {BR} at (55,1050) size 0x0
          RenderTableCell {TD} at (140,900) size 234x164 [border: (1px inset #808080)] [r=0 c=1 rs=1 cs=1]
            RenderInline {SPAN} at (0,0) size 145x142
              RenderText {#text} at (11,11) size 145x142
                text run at (11,11) width 145: "Other"
                text run at (11,82) width 108: "cell."
