layer at (0,0) size 800x600
  RenderView at (0,0) size 800x600
layer at (0,0) size 800x66
  RenderBlock {HTML} at (0,0) size 800x66
    RenderBody {BODY} at (8,16) size 784x34
      RenderBlock {P} at (0,0) size 784x34 [bgcolor=#00FF00]
        RenderText {#text} at (0,0) size 304x17
          text run at (0,0) width 304: "This paragraph should have a green background"
        RenderBR {BR} at (304,0) size 0x17
        RenderText {#text} at (0,17) size 266x17
          text run at (0,17) width 266: "because its title attribute begins with \"foo\""
