layer at (0,0) size 800x600
  RenderView at (0,0) size 800x600
layer at (0,0) size 800x49
  RenderBlock {HTML} at (0,0) size 800x49
    RenderBody {BODY} at (8,16) size 784x17
      RenderBlock {BLOCKQUOTE} at (40,0) size 704x17
        RenderBlock {DIV} at (0,0) size 704x17
          RenderBlock {DIV} at (0,0) size 704x17
            RenderBlock {P} at (0,0) size 704x17 [color=#008000]
              RenderText {#text} at (0,0) size 163x17
                text run at (0,0) width 163: "This text should be green."
