layer at (0,0) size 800x600
  RenderView at (0,0) size 800x600
layer at (0,0) size 800x372
  RenderBlock {HTML} at (0,0) size 800x372
    RenderBody {BODY} at (8,16) size 784x348
      RenderBlock {P} at (0,0) size 784x40
        RenderText {#text} at (0,0) size 771x39
          text run at (0,0) width 771: "Test passes if the images of all the cats scroll when the box is scrolled. (Presence of cats behind the double border is UA"
          text run at (0,20) width 76: "dependent)."
      RenderBlock {DIV} at (0,348) size 784x0
layer at (8,72) size 292x292 clip at (58,122) size 177x177 scrollY 154 scrollHeight 400
  RenderBlock {DIV} at (0,56) size 292x292 [border: (50px double #000000)]
    RenderText {#text} at (50,50) size 140x399
      text run at (50,50) width 140: "Filler Text Filler Text"
      text run at (50,70) width 140: "Filler Text Filler Text"
      text run at (50,90) width 72: "Filler Text "
      text run at (121,90) width 69: "Filler Text"
      text run at (50,110) width 140: "Filler Text Filler Text"
      text run at (50,130) width 140: "Filler Text Filler Text"
      text run at (50,150) width 72: "Filler Text "
      text run at (121,150) width 69: "Filler Text"
      text run at (50,170) width 140: "Filler Text Filler Text"
      text run at (50,190) width 140: "Filler Text Filler Text"
      text run at (50,210) width 72: "Filler Text "
      text run at (121,210) width 69: "Filler Text"
      text run at (50,230) width 140: "Filler Text Filler Text"
      text run at (50,250) width 140: "Filler Text Filler Text"
      text run at (50,270) width 72: "Filler Text "
      text run at (121,270) width 69: "Filler Text"
      text run at (50,290) width 140: "Filler Text Filler Text"
      text run at (50,310) width 140: "Filler Text Filler Text"
      text run at (50,330) width 72: "Filler Text "
      text run at (121,330) width 69: "Filler Text"
      text run at (50,350) width 140: "Filler Text Filler Text"
      text run at (50,370) width 140: "Filler Text Filler Text"
      text run at (50,390) width 72: "Filler Text "
      text run at (121,390) width 69: "Filler Text"
      text run at (50,410) width 140: "Filler Text Filler Text"
      text run at (50,430) width 140: "Filler Text Filler Text"
