layer at (0,0) size 800x600
  RenderView at (0,0) size 800x600
layer at (0,0) size 800x290
  RenderBlock {HTML} at (0,0) size 800x291
    RenderBody {BODY} at (8,16) size 784x267
      RenderBlock {P} at (0,0) size 784x20
        RenderText {#text} at (0,0) size 471x19
          text run at (0,0) width 471: "Test passes if there is a box below with solid border and rounded corners."
      RenderBlock {DIV} at (0,36) size 231x231 [border: (19.19px solid #000000)]
