layer at (0,0) size 800x600
  RenderView at (0,0) size 800x600
layer at (0,0) size 800x84
  RenderBlock {html} at (0,0) size 800x84
    RenderBody {body} at (8,16) size 784x52
      RenderBlock {p} at (0,0) size 784x52
        RenderButton {button} at (2,2) size 266x22 [color=#6D6D6D] [bgcolor=#00FF00] [border: (2px outset #F0F0F0)]
          RenderBlock (anonymous) at (8,3) size 250x16
            RenderText {#text} at (0,0) size 250x16
              text run at (0,0) width 250: "A button (disabled) with green background"
        RenderText {#text} at (270,3) size 4x19
          text run at (270,3) width 4: " "
        RenderBR {br} at (0,0) size 0x0
        RenderTextControl {input} at (2,28) size 262x22 [bgcolor=#00FF00] [border: (2px inset #000000)]
        RenderText {#text} at (0,0) size 0x0
layer at (12,47) size 258x16 scrollWidth 264
  RenderBlock {div} at (2,3) size 258x16 [color=#545454]
    RenderText {#text} at (0,0) size 264x16
      text run at (0,0) width 264: "a text area (disabled) with green background"
