layer at (0,0) size 800x600
  RenderView at (0,0) size 800x600
layer at (0,0) size 800x600
  RenderBlock {HTML} at (0,0) size 800x600
    RenderBody {BODY} at (12,12) size 776x543
      RenderBlock {P} at (0,0) size 776x26
        RenderText {#text} at (0,0) size 280x26
          text run at (0,0) width 280: "Zoomed video with controls."
layer at (57,83) size 240x180
  RenderVideo {VIDEO} at (45,71) size 240x180
layer at (57,83) size 240x180
  RenderFlexibleBox {DIV} at (0,0) size 240x180
    RenderBlock {DIV} at (0,120) size 240x60
layer at (65,211) size 225x45
  RenderFlexibleBox {DIV} at (7,7) size 226x46 [bgcolor=#141414CC]
    RenderSlider {INPUT} at (73,16) size 38x13 [color=#E6E6E659]
      RenderFlexibleBox {DIV} at (0,0) size 38x12 [border: (1px solid #E6E6E659)]
        RenderBlock {DIV} at (1,-3) size 57x18
          RenderBlock {DIV} at (-11,0) size 19x18 [color=#FFFFFF]
    RenderBlock {DIV} at (133,0) size 109x45 [color=#FFFFFF]
      RenderText {#text} at (0,11) size 108x22
        text run at (0,11) width 108: "00:00 / 00:06"
    RenderButton {BUTTON} at (253,0) size 46x45
    RenderFlexibleBox {DIV} at (301,0) size 46x45
      RenderButton {BUTTON} at (0,0) size 45x45
layer at (78,211) size 45x45
  RenderButton {BUTTON} at (13,0) size 46x45
layer at (57,308) size 240x180
  RenderVideo {VIDEO} at (45,296) size 240x180
layer at (57,308) size 240x180
  RenderFlexibleBox {DIV} at (0,0) size 240x180
    RenderBlock {DIV} at (0,120) size 240x60
layer at (65,436) size 225x45
  RenderFlexibleBox {DIV} at (7,7) size 226x46 [bgcolor=#141414CC]
    RenderSlider {INPUT} at (73,16) size 38x13 [color=#E6E6E659]
      RenderFlexibleBox {DIV} at (0,0) size 38x12 [border: (1px solid #E6E6E659)]
        RenderBlock {DIV} at (1,-3) size 57x18
          RenderBlock {DIV} at (-11,0) size 19x18 [color=#FFFFFF]
    RenderBlock {DIV} at (133,0) size 109x45 [color=#FFFFFF]
      RenderText {#text} at (0,11) size 108x22
        text run at (0,11) width 108: "00:00 / 00:06"
    RenderButton {BUTTON} at (253,0) size 46x45
    RenderFlexibleBox {DIV} at (301,0) size 46x45
      RenderButton {BUTTON} at (0,0) size 45x45
layer at (78,436) size 45x45
  RenderButton {BUTTON} at (13,0) size 46x45
