layer at (0,0) size 800x600
  RenderView at (0,0) size 800x600
layer at (0,0) size 800x600
  RenderBlock {HTML} at (0,0) size 800x600
    RenderBody {BODY} at (8,8) size 784x584
      RenderBlock {P} at (0,0) size 784x17
        RenderText {#text} at (0,0) size 217x17
          text run at (0,0) width 217: "Test painting of transformed video"
      RenderBlock (anonymous) at (0,33) size 784x477
        RenderText {#text} at (0,142) size 4x17
          text run at (0,142) width 4: " "
        RenderBR {BR} at (210,156) size 0x0
        RenderText {#text} at (0,301) size 4x17
          text run at (0,301) width 4: " "
        RenderBR {BR} at (210,315) size 0x0
        RenderText {#text} at (0,460) size 4x17
          text run at (0,460) width 4: " "
        RenderBR {BR} at (210,474) size 0x0
layer at (12,41) size 206x156
  RenderVideo {VIDEO} at (4,0) size 206x156 [border: (3px solid #FF0000)]
layer at (12,200) size 206x156
  RenderVideo {VIDEO} at (4,159) size 206x156 [border: (3px solid #FF0000)]
layer at (12,359) size 206x156
  RenderVideo {VIDEO} at (4,318) size 206x156 [border: (3px solid #FF0000)]
