layer at (0,0) size 800x600
  RenderView at (0,0) size 800x600
layer at (0,0) size 800x276
  RenderBlock {HTML} at (0,0) size 800x276
    RenderBody {BODY} at (8,16) size 784x244 [color=#0000FF]
      RenderBlock {P} at (0,0) size 784x44
        RenderText {#text} at (0,20) size 489x19
          text run at (0,20) width 489: "There should be a solid blue line to the left of every occurance of the word \""
        RenderInline {SPAN} at (0,0) size 138x36 [border: none (2px solid #0000FF)]
          RenderText {#text} at (490,6) size 136x36
            text run at (490,6) width 136: "\x{21E6}THERE"
        RenderText {#text} at (625,20) size 11x19
          text run at (625,20) width 11: "\"."
      RenderTable {TABLE} at (0,60) size 294x148
        RenderTableSection {TBODY} at (0,0) size 294x148
          RenderTableRow {TR} at (0,2) size 294x46
            RenderTableCell {TD} at (2,2) size 290x46 [border: none (2px solid #0000FF)] [r=0 c=0 rs=1 cs=2]
              RenderText {#text} at (3,7) size 136x36
                text run at (3,7) width 136: "\x{21E6}THERE"
          RenderTableRow {TR} at (0,50) size 294x96
            RenderTableCell {TD} at (2,75) size 140x46 [border: none (2px solid #0000FF)] [r=1 c=0 rs=1 cs=1]
              RenderText {#text} at (3,7) size 136x36
                text run at (3,7) width 136: "\x{21E6}THERE"
            RenderTableCell {TD} at (144,50) size 148x96 [border: none (2px solid #0000FF)] [r=1 c=1 rs=1 cs=1]
              RenderBlock (anonymous) at (3,1) size 144x44
                RenderText {#text} at (0,6) size 136x36
                  text run at (0,6) width 136: "\x{21E6}THERE"
              RenderTable {TABLE} at (3,45) size 144x50
                RenderTableSection {TBODY} at (0,0) size 144x50
                  RenderTableRow {TR} at (0,2) size 144x46
                    RenderTableCell {TD} at (2,2) size 140x46 [border: none (2px solid #0000FF)] [r=0 c=0 rs=1 cs=1]
                      RenderText {#text} at (3,7) size 136x36
                        text run at (3,7) width 136: "\x{21E6}THERE"
      RenderBlock {P} at (0,224) size 784x20
        RenderText {#text} at (0,0) size 344x19
          text run at (0,0) width 344: "There should be 3 short lines and 2 long lines in total."
