layer at (0,0) size 800x600
  RenderView at (0,0) size 800x600
layer at (0,0) size 800x291
  RenderBlock {HTML} at (0,0) size 800x291
    RenderBody {BODY} at (8,8) size 784x0
      RenderBlock (floating) {DIV} at (0,0) size 588x283 [color=#FFFFFF] [bgcolor=#000080]
        RenderBlock (floating) {DIV} at (277,0) size 294x83 [color=#00FFFF] [bgcolor=#008080]
          RenderBlock {P} at (0,0) size 294x83
            RenderText {#text} at (0,0) size 294x82
              text run at (0,0) width 294: "To the right of this teal box there should be a"
              text run at (0,20) width 103: "purple square, "
              text run at (102,20) width 192: "tightly squeezed in between"
              text run at (0,40) width 213: "the edge of the teal box and the "
              text run at (212,40) width 82: "outside edge"
              text run at (0,63) width 132: "of the blue block. \x{21E8}"
        RenderBlock {P} at (0,0) size 588x283
          RenderText {#text} at (0,0) size 277x42
            text run at (0,0) width 277: "Inside this blue block on the right there"
            text run at (0,23) width 160: "should be a teal box. \x{21E8} "
          RenderInline {SPAN} at (0,0) size 588x259 [color=#000080]
            RenderText {#text} at (159,23) size 588x259
              text run at (159,23) width 118: "FAIL FAIL FAIL"
              text run at (0,43) width 277: "FAIL FAIL FAIL FAIL FAIL FAIL FAIL"
              text run at (0,63) width 81: "FAIL FAIL "
              text run at (80,63) width 197: "FAIL FAIL FAIL FAIL FAIL"
              text run at (0,83) width 297: "FAIL FAIL FAIL FAIL FAIL FAIL FAIL "
              text run at (296,83) width 292: "FAIL FAIL FAIL FAIL FAIL FAIL FAIL"
              text run at (0,103) width 212: "FAIL FAIL FAIL FAIL FAIL "
              text run at (211,103) width 377: "FAIL FAIL FAIL FAIL FAIL FAIL FAIL FAIL FAIL"
              text run at (0,123) width 127: "FAIL FAIL FAIL "
              text run at (126,123) width 462: "FAIL FAIL FAIL FAIL FAIL FAIL FAIL FAIL FAIL FAIL FAIL"
              text run at (0,143) width 42: "FAIL "
              text run at (41,143) width 512: "FAIL FAIL FAIL FAIL FAIL FAIL FAIL FAIL FAIL FAIL FAIL FAIL "
              text run at (552,143) width 36: "FAIL"
              text run at (0,163) width 468: "FAIL FAIL FAIL FAIL FAIL FAIL FAIL FAIL FAIL FAIL FAIL "
              text run at (467,163) width 121: "FAIL FAIL FAIL"
              text run at (0,183) width 382: "FAIL FAIL FAIL FAIL FAIL FAIL FAIL FAIL FAIL "
              text run at (381,183) width 207: "FAIL FAIL FAIL FAIL FAIL"
              text run at (0,203) width 297: "FAIL FAIL FAIL FAIL FAIL FAIL FAIL "
              text run at (296,203) width 292: "FAIL FAIL FAIL FAIL FAIL FAIL FAIL"
              text run at (0,223) width 212: "FAIL FAIL FAIL FAIL FAIL "
              text run at (211,223) width 377: "FAIL FAIL FAIL FAIL FAIL FAIL FAIL FAIL FAIL"
              text run at (0,243) width 127: "FAIL FAIL FAIL "
              text run at (126,243) width 462: "FAIL FAIL FAIL FAIL FAIL FAIL FAIL FAIL FAIL FAIL FAIL"
              text run at (0,263) width 40: "FAIL "
              text run at (39,263) width 472: "FAIL FAIL FAIL FAIL FAIL FAIL FAIL FAIL FAIL FAIL FAIL FAIL"
          RenderText {#text} at (0,0) size 0x0
