layer at (0,0) size 800x600
  RenderView at (0,0) size 800x600
layer at (0,0) size 800x241
  RenderBlock {HTML} at (0,0) size 800x241
    RenderBody {BODY} at (8,16) size 784x175
      RenderBlock {P} at (0,0) size 784x40
        RenderText {#text} at (0,0) size 770x39
          text run at (0,0) width 770: "There should be four identical white boxes in the teal block below, all the same size, each one a little lower down on the"
          text run at (0,20) width 138: "line, in a step pattern."
      RenderBlock {DIV} at (50,90) size 684x85 [color=#FFFFFF] [bgcolor=#008080]
        RenderInline {SPAN} at (0,0) size 50x51
          RenderText {#text} at (13,22) size 50x51
            text run at (13,22) width 50: "X"
        RenderText {#text} at (63,22) size 50x51
          text run at (63,22) width 50: " "
        RenderImage {IMG} at (113,12) size 50x51
        RenderText {#text} at (163,22) size 150x51
          text run at (163,22) width 150: " X "
        RenderInline {SPAN} at (0,0) size 50x51
          RenderText {#text} at (313,22) size 50x51
            text run at (313,22) width 50: "X"
