layer at (0,0) size 800x600
  RenderView at (0,0) size 800x600
layer at (0,0) size 800x359
  RenderBlock {HTML} at (0,0) size 800x359
    RenderBody {BODY} at (8,16) size 784x328
      RenderBlock {P} at (0,0) size 784x40
        RenderText {#text} at (0,0) size 737x39
          text run at (0,0) width 391: "Change your window size. However the lines wrap, the blue "
          text run at (390,0) width 347: "rectanglues should always have their tops on the same"
          text run at (0,20) width 86: "alignment as "
          text run at (85,20) width 210: "other blue rectangles on the line."
      RenderBlock {P} at (15,56) size 754x272 [color=#0000FF] [bgcolor=#FFFFFF] [border: (1px solid #C0C0C0)]
        RenderText {#text} at (9,26) size 60x16
          text run at (9,26) width 60: "xxx "
        RenderImage {IMG} at (69,26) size 30x31
        RenderText {#text} at (99,26) size 15x16
          text run at (99,26) width 15: " "
        RenderInline {SPAN} at (0,0) size 114x40 [color=#C0C0C0]
          RenderText {#text} at (114,7) size 114x40
            text run at (114,7) width 114: "xxx"
        RenderText {#text} at (228,26) size 15x16
          text run at (228,26) width 15: " "
        RenderImage {IMG} at (243,26) size 50x51
        RenderText {#text} at (293,26) size 15x16
          text run at (293,26) width 15: " "
        RenderInline {BIG} at (0,0) size 60x21 [color=#C0C0C0]
          RenderText {#text} at (308,22) size 60x21
            text run at (308,22) width 60: "xxx"
        RenderText {#text} at (368,26) size 15x16
          text run at (368,26) width 15: " "
        RenderImage {IMG} at (383,26) size 10x11
        RenderText {#text} at (393,26) size 15x16
          text run at (393,26) width 15: " "
        RenderInline {SMALL} at (0,0) size 30x11 [color=#C0C0C0]
          RenderText {#text} at (408,30) size 30x11
            text run at (408,30) width 30: "xxx"
        RenderText {#text} at (438,26) size 15x16
          text run at (438,26) width 15: " "
        RenderImage {IMG} at (453,26) size 20x21
        RenderText {#text} at (473,26) size 75x16
          text run at (473,26) width 15: " "
          text run at (488,26) width 60: "xxx "
        RenderImage {IMG} at (548,26) size 65x66
        RenderText {#text} at (613,26) size 15x16
          text run at (613,26) width 15: " "
        RenderInline {SPAN} at (0,0) size 90x31 [color=#C0C0C0]
          RenderText {#text} at (628,14) size 90x31
            text run at (628,14) width 90: "xxx"
        RenderText {#text} at (0,0) size 0x0
        RenderImage {IMG} at (9,123) size 35x36
        RenderText {#text} at (44,123) size 75x16
          text run at (44,123) width 15: " "
          text run at (59,123) width 60: "xxx "
        RenderImage {IMG} at (119,123) size 30x31
        RenderText {#text} at (149,123) size 15x16
          text run at (149,123) width 15: " "
        RenderInline {SPAN} at (0,0) size 352x25 [color=#C0C0C0]
          RenderText {#text} at (164,116) size 92x25
            text run at (164,116) width 92: "xxx "
          RenderInline {SPAN} at (0,0) size 168x58
            RenderText {#text} at (256,90) size 168x58
              text run at (256,90) width 168: "xxx"
          RenderText {#text} at (424,116) size 92x25
            text run at (424,116) width 92: " xxx"
        RenderText {#text} at (516,123) size 15x16
          text run at (516,123) width 15: " "
        RenderImage {IMG} at (531,123) size 50x51
        RenderText {#text} at (581,123) size 15x16
          text run at (581,123) width 15: " "
        RenderInline {SMALL} at (0,0) size 30x11 [color=#C0C0C0]
          RenderText {#text} at (596,127) size 30x11
            text run at (596,127) width 30: "xxx"
        RenderText {#text} at (626,123) size 15x16
          text run at (626,123) width 15: " "
        RenderImage {IMG} at (641,123) size 15x16
        RenderText {#text} at (656,123) size 15x16
          text run at (656,123) width 15: " "
        RenderInline {BIG} at (0,0) size 60x21 [color=#C0C0C0]
          RenderText {#text} at (671,119) size 60x21
            text run at (671,119) width 60: "xxx"
        RenderText {#text} at (0,0) size 0x0
        RenderImage {IMG} at (9,173) size 90x91
        RenderText {#text} at (99,173) size 60x16
          text run at (99,173) width 15: " "
          text run at (114,173) width 45: "xxx"
