layer at (0,0) size 800x600
  RenderView at (0,0) size 800x600
layer at (0,0) size 800x225
  RenderBlock {HTML} at (0,0) size 800x225
    RenderBody {BODY} at (8,8) size 784x209
      RenderBlock (anonymous) at (0,0) size 784x17
        RenderText {#text} at (0,0) size 493x17
          text run at (0,0) width 260: "You should see a green rectangle below. "
          text run at (260,0) width 233: "If you see any red, the test has failed."
      RenderBlock {DIV} at (0,17) size 384x192 [bgcolor=#FF0000]
        RenderInline {SPAN} at (0,0) size 384x96 [bgcolor=#008000]
        RenderBR {BR} at (384,32) size 0x64
        RenderBlock {DIV} at (0,64) size 384x128 [bgcolor=#008000]
