layer at (0,0) size 785x1497
  RenderView at (0,0) size 785x600
layer at (0,0) size 785x1497
  RenderBlock {HTML} at (0,0) size 785x1497
    RenderBody {BODY} at (8,8) size 769x1457
      RenderBlock (anonymous) at (0,0) size 769x17
        RenderText {#text} at (0,0) size 259x17
          text run at (0,0) width 259: "All of these blocks should look the same."
layer at (8,57) size 320x256
  RenderBlock {DIV} at (0,49) size 320x256 [bgcolor=#00FF00]
    RenderInline {SPAN} at (0,0) size 320x64 [color=#008000]
      RenderText {#text} at (0,32) size 320x64
        text run at (0,32) width 320: "xxxxx"
    RenderBR {BR} at (320,32) size 0x64
    RenderBlock {DIV} at (0,160) size 256x64 [color=#008000]
      RenderText {#text} at (0,0) size 256x64
        text run at (0,0) width 256: "xxxx"
    RenderInline {SPAN} at (0,0) size 64x64 [color=#008000]
      RenderText {#text} at (256,160) size 64x64
        text run at (256,160) width 64: "x"
    RenderText {#text} at (0,0) size 0x0
layer at (8,345) size 320x256
  RenderBlock {DIV} at (0,337) size 320x256 [bgcolor=#00FF00]
    RenderInline {SPAN} at (0,0) size 320x64 [color=#008000]
      RenderText {#text} at (0,32) size 320x64
        text run at (0,32) width 320: "xxxxx"
    RenderBR {BR} at (320,32) size 0x64
    RenderBlock {DIV} at (0,160) size 256x64 [color=#008000]
      RenderText {#text} at (0,0) size 256x64
        text run at (0,0) width 256: "xxxx"
    RenderInline {SPAN} at (0,0) size 64x64 [color=#008000]
      RenderText {#text} at (256,160) size 64x64
        text run at (256,160) width 64: "x"
    RenderText {#text} at (0,0) size 0x0
layer at (8,633) size 320x256
  RenderBlock {DIV} at (0,625) size 320x256 [bgcolor=#00FF00]
    RenderInline {SPAN} at (0,0) size 320x64 [color=#008000]
      RenderText {#text} at (0,32) size 320x64
        text run at (0,32) width 320: "xxxxx"
    RenderBR {BR} at (320,32) size 0x64
    RenderBlock {DIV} at (0,160) size 256x64 [color=#008000]
      RenderText {#text} at (0,0) size 256x64
        text run at (0,0) width 256: "xxxx"
    RenderInline {SPAN} at (0,0) size 64x64 [color=#008000]
      RenderText {#text} at (256,160) size 64x64
        text run at (256,160) width 64: "x"
    RenderText {#text} at (0,0) size 0x0
layer at (8,921) size 320x256
  RenderBlock {DIV} at (0,913) size 320x256 [bgcolor=#00FF00]
    RenderInline {SPAN} at (0,0) size 320x64 [color=#008000]
      RenderText {#text} at (0,32) size 320x64
        text run at (0,32) width 320: "xxxxx"
    RenderBR {BR} at (320,32) size 0x64
    RenderBlock {DIV} at (0,160) size 256x64 [color=#008000]
      RenderText {#text} at (0,0) size 256x64
        text run at (0,0) width 256: "xxxx"
    RenderInline {SPAN} at (0,0) size 64x64 [color=#008000]
      RenderText {#text} at (256,160) size 64x64
        text run at (256,160) width 64: "x"
    RenderText {#text} at (0,0) size 0x0
layer at (8,1209) size 320x256
  RenderBlock {DIV} at (0,1201) size 320x256 [bgcolor=#00FF00]
    RenderInline {SPAN} at (0,0) size 320x64 [color=#008000]
      RenderText {#text} at (0,32) size 320x64
        text run at (0,32) width 320: "xxxxx"
    RenderBR {BR} at (320,32) size 0x64
    RenderBlock {DIV} at (0,160) size 256x64 [color=#008000]
      RenderText {#text} at (0,0) size 256x64
        text run at (0,0) width 256: "xxxx"
    RenderInline {SPAN} at (0,0) size 64x64 [color=#008000]
      RenderText {#text} at (256,160) size 64x64
        text run at (256,160) width 64: "x"
    RenderText {#text} at (0,0) size 0x0
