layer at (0,0) size 800x600
  RenderView at (0,0) size 800x600
layer at (0,0) size 800x62
  RenderBlock {HTML} at (0,0) size 800x62
    RenderBody {BODY} at (8,8) size 784x46
      RenderBR {BR} at (149,1) size 1x18
      RenderTextControl {INPUT} at (2,25) size 146x19 [bgcolor=#FFFFFF] [border: (2px inset #000000)]
        RenderFlexibleBox {DIV} at (3,1) size 140x17
          RenderBlock {DIV} at (0,1) size 127x14
      RenderText {#text} at (0,0) size 0x0
layer at (13,36) size 127x13
  RenderBlock {DIV} at (0,0) size 127x13
    RenderText {#text} at (0,0) size 13x13
      text run at (0,0) width 13: "10"
layer at (10,10) size 146x19
  RenderTextControl {INPUT} at (2,2) size 146x19 [bgcolor=#FFFFFF] [border: (2px inset #000000)]
    RenderFlexibleBox {DIV} at (3,1) size 140x17
      RenderBlock {DIV} at (0,1) size 127x14
layer at (13,13) size 127x13
  RenderBlock {DIV} at (0,0) size 127x13
    RenderText {#text} at (0,0) size 13x13
      text run at (0,0) width 13: "10"
layer at (140,11) size 13x17
  RenderBlock (relative positioned) {DIV} at (126,0) size 14x17
layer at (140,34) size 13x17
  RenderBlock (relative positioned) {DIV} at (126,0) size 14x17
