layer at (0,0) size 800x600
  RenderView at (0,0) size 800x600
layer at (0,0) size 800x600
  RenderBlock {HTML} at (0,0) size 800x600
    RenderBody {BODY} at (8,8) size 784x576
      RenderBlock {P} at (0,0) size 784x17
        RenderText {#text} at (0,0) size 452x17
          text run at (0,0) width 452: "The following is a test for having a <rt> immediately following another."
      RenderBlock (anonymous) at (0,33) size 784x34
        RenderBR {BR} at (0,0) size 0x17
        RenderBR {BR} at (0,17) size 0x17
      RenderBlock {P} at (0,83) size 784x26
        RenderText {#text} at (0,9) size 82x17
          text run at (0,9) width 82: "<ruby> uses "
        RenderRuby (inline) {RUBY} at (0,0) size 39x17
          RenderRubyRun (anonymous) at (82,9) size 27x17
            RenderRubyText {RT} at (0,-9) size 27x9
              RenderText {#text} at (6,0) size 15x9
                text run at (6,0) width 15: "ruby"
            RenderRubyBase (anonymous) at (0,0) size 27x17
              RenderText {#text} at (0,0) size 27x17
                text run at (0,0) width 27: "<rt>"
          RenderRubyRun (anonymous) at (109,25) size 12x0
            RenderRubyText {RT} at (0,-9) size 12x9
              RenderText {#text} at (0,0) size 12x9
                text run at (0,0) width 12: "text"
        RenderText {#text} at (121,9) size 163x17
          text run at (121,9) width 163: " to contain the annotation."
