layer at (0,0) size 800x600
  RenderView at (0,0) size 800x600
layer at (0,0) size 800x600
  RenderBlock {HTML} at (0,0) size 800x600
    RenderBody {BODY} at (8,8) size 784x576
      RenderBlock {P} at (0,0) size 784x17
        RenderText {#text} at (0,0) size 494x17
          text run at (0,0) width 494: "The following is a test for having non-text inline elements as base in a <ruby>."
      RenderBlock {P} at (0,33) size 784x26
        RenderText {#text} at (0,9) size 155x17
          text run at (0,9) width 155: "<ruby> is defined in the "
        RenderRuby (inline) {RUBY} at (0,0) size 110x17
          RenderRubyRun (anonymous) at (151,9) size 36x17
            RenderRubyText {RT} at (0,-9) size 36x9
              RenderText {#text} at (0,0) size 36x9
                text run at (0,0) width 36: "Hyper-text"
            RenderRubyBase (anonymous) at (0,0) size 36x17
              RenderInline {SPAN} at (0,0) size 22x17
                RenderText {#text} at (7,0) size 22x17
                  text run at (7,0) width 22: "HT"
          RenderRubyRun (anonymous) at (187,9) size 82x17
            RenderRubyText {RT} at (0,-9) size 82x9
              RenderText {#text} at (0,0) size 82x9
                text run at (0,0) width 82: "Markup Language Lvl. 5"
            RenderRubyBase (anonymous) at (0,0) size 82x17
              RenderInline {SPAN} at (0,0) size 14x17
                RenderText {#text} at (25,0) size 14x17
                  text run at (25,0) width 14: "M"
              RenderInline {SPAN} at (0,0) size 10x17
                RenderText {#text} at (39,0) size 10x17
                  text run at (39,0) width 10: "L"
              RenderInline {SPAN} at (0,0) size 8x17
                RenderText {#text} at (49,0) size 8x17
                  text run at (49,0) width 8: "5"
        RenderText {#text} at (265,9) size 36x17
          text run at (265,9) width 36: " spec."
