layer at (0,0) size 800x600
  RenderView at (0,0) size 800x600
layer at (0,0) size 800x159
  RenderBlock {test} at (0,0) size 800x159
    RenderBlock {div} at (0,16) size 800x88
      RenderBlock {p} at (0,0) size 800x17
        RenderText {#text} at (0,0) size 217x17
          text run at (0,0) width 217: "This paragraph should be unstyled"
      RenderTable {table} at (0,33) size 223x55
        RenderTableSection {tbody} at (0,0) size 223x55
          RenderTableRow {tr} at (0,2) size 223x51
            RenderTableCell {td} at (2,2) size 219x51 [r=0 c=0 rs=1 cs=1]
              RenderBlock {p} at (1,17) size 217x17
                RenderText {#text} at (0,0) size 217x17
                  text run at (0,0) width 217: "This paragraph should be unstyled"
    RenderTable {table} at (0,104) size 310x55
      RenderTableSection {tbody} at (0,0) size 310x55
        RenderTableRow {tr} at (0,2) size 310x51
          RenderTableCell {td} at (2,2) size 306x51 [r=0 c=0 rs=1 cs=1]
            RenderBlock {p} at (1,17) size 304x17 [bgcolor=#00FF00]
              RenderText {#text} at (0,0) size 304x17
                text run at (0,0) width 304: "This paragraph should have a green background"
