layer at (0,0) size 800x600
  RenderView at (0,0) size 800x600
layer at (0,0) size 800x119
  RenderBlock {test} at (0,0) size 800x119
    RenderBlock {tests} at (0,0) size 800x119 [color=#008000]
      RenderBlock {testA} at (0,0) size 800x17
        RenderText {#text} at (0,0) size 136x17
          text run at (0,0) width 136: "This should be green."
      RenderBlock {testB} at (0,17) size 800x17
        RenderText {#text} at (0,0) size 136x17
          text run at (0,0) width 136: "This should be green."
      RenderBlock {testC} at (0,34) size 800x17
        RenderText {#text} at (0,0) size 136x17
          text run at (0,0) width 136: "This should be green."
      RenderBlock {testD} at (0,51) size 800x17
        RenderText {#text} at (0,0) size 136x17
          text run at (0,0) width 136: "This should be green."
      RenderBlock {testE} at (0,68) size 800x17
        RenderText {#text} at (0,0) size 136x17
          text run at (0,0) width 136: "This should be green."
      RenderBlock {testF} at (0,85) size 800x17
        RenderText {#text} at (0,0) size 136x17
          text run at (0,0) width 136: "This should be green."
      RenderBlock {testG} at (0,102) size 800x17
        RenderText {#text} at (0,0) size 136x17
          text run at (0,0) width 136: "This should be green."
