layer at (0,0) size 800x600
  RenderView at (0,0) size 800x600
layer at (0,0) size 800x99
  RenderBlock {test} at (0,0) size 800x99
    RenderBlock {ul} at (0,16) size 800x34
      RenderListItem {li} at (40,0) size 760x17 [bgcolor=#00FF00]
        RenderListMarker at (-17,0) size 7x17: bullet
        RenderText {#text} at (0,0) size 304x17
          text run at (0,0) width 304: "The background of this list item should be green"
      RenderListItem {li} at (40,17) size 760x17 [bgcolor=#00FF00]
        RenderListMarker at (-17,0) size 7x17: bullet
        RenderText {#text} at (0,0) size 381x17
          text run at (0,0) width 381: "The background of this second list item should be also green"
    RenderBlock {p} at (0,66) size 800x17 [bgcolor=#00FF00]
      RenderText {#text} at (0,0) size 322x17
        text run at (0,0) width 322: "The background of this paragraph should be green."
