layer at (0,0) size 800x600
  RenderView at (0,0) size 800x600
layer at (0,0) size 800x115
  RenderBlock {test} at (0,0) size 800x115
    RenderBlock {div} at (0,16) size 800x83
      RenderBlock {p} at (0,0) size 800x17 [color=#00FF00]
        RenderText {#text} at (0,0) size 286x17
          text run at (0,0) width 286: "This paragraph should be in green characters."
      RenderBlock {p} at (0,33) size 800x17 [color=#00FF00]
        RenderText {#text} at (0,0) size 286x17
          text run at (0,0) width 286: "This paragraph should be in green characters."
      RenderBlock {p} at (0,66) size 800x17 [color=#FF0000]
        RenderInline {span} at (0,0) size 286x17 [color=#00FF00]
          RenderText {#text} at (0,0) size 286x17
            text run at (0,0) width 286: "This paragraph should be in green characters."
        RenderText {#text} at (0,0) size 0x0
