layer at (0,0) size 800x600
  RenderView at (0,0) size 800x600
layer at (0,0) size 800x81
  RenderBlock {test} at (0,0) size 800x81
    RenderBlock {div} at (0,16) size 800x65
      RenderBlock {p} at (0,0) size 800x17
        RenderText {#text} at (0,0) size 222x17
          text run at (0,0) width 222: "The following bar should be green."
      RenderBlock {div} at (0,33) size 800x32 [bgcolor=#FF0000]
