layer at (0,0) size 785x1390
  RenderView at (0,0) size 785x600
layer at (0,0) size 785x1390
  RenderBlock {HTML} at (0,0) size 785x1390
    RenderBody {BODY} at (8,16) size 769x1358
      RenderBlock {P} at (0,0) size 769x51
        RenderText {#text} at (10,0) size 759x51
          text run at (10,0) width 404: "Test rendering of 3 text runs -- TextRun1 TextRun2 TextRun3, "
          text run at (414,0) width 355: "in which TextRun1 and TextRun2's bidi level are 2, and"
          text run at (50,17) width 719: "TextRun3's bidi level is 1. TextRun2 and TextRun3 are siblings. But their ancestor (not their parent) is a sibling of"
          text run at (89,34) width 72: "TextRun1. "
          text run at (161,34) width 608: "The visual order should be TextRun3 TextRun1 TextRun2, not TextRun3 TextRun2 TextRun1."
      RenderBlock {HR} at (0,67) size 769x2 [border: (1px inset #000000)]
      RenderBlock {P} at (0,85) size 769x17
        RenderText {#text} at (303,0) size 466x17
          text run at (303,0) width 341: "Pure text. The following 3 lines should all display as \""
          text run at (644,0) width 30 RTL: "\x{5E9}\x{5E0}\x{5D1}"
          text run at (674,0) width 95: " This is a Test\""
      RenderBlock {DIV} at (0,118) size 769x17 [bgcolor=#FF0000]
        RenderText {#text} at (685,0) size 57x17
          text run at (685,0) width 57: "This is a "
        RenderInline {SPAN} at (0,0) size 118x17
          RenderInline {SPAN} at (0,0) size 118x17
            RenderText {#text} at (681,0) size 88x17
              text run at (681,0) width 4 RTL: " "
              text run at (742,0) width 27: "Test"
            RenderInline {SPAN} at (0,0) size 30x17
              RenderText {#text} at (651,0) size 30x17
                text run at (651,0) width 30 RTL: "\x{5E9}\x{5E0}\x{5D1}"
      RenderBlock {DIV} at (0,135) size 769x17 [bgcolor=#FF0000]
        RenderText {#text} at (685,0) size 57x17
          text run at (685,0) width 57: "This is a "
        RenderInline {SPAN} at (0,0) size 118x17
          RenderInline {SPAN} at (0,0) size 118x17
            RenderInline {SPAN} at (0,0) size 118x17
              RenderText {#text} at (681,0) size 88x17
                text run at (681,0) width 4 RTL: " "
                text run at (742,0) width 27: "Test"
              RenderInline {SPAN} at (0,0) size 30x17
                RenderText {#text} at (651,0) size 30x17
                  text run at (651,0) width 30 RTL: "\x{5E9}\x{5E0}\x{5D1}"
      RenderBlock {DIV} at (0,152) size 769x17
        RenderText {#text} at (685,0) size 57x17
          text run at (685,0) width 57: "This is a "
        RenderInline {SPAN} at (0,0) size 118x17
          RenderText {#text} at (681,0) size 88x17
            text run at (681,0) width 4 RTL: " "
            text run at (742,0) width 27: "Test"
          RenderInline {SPAN} at (0,0) size 30x17
            RenderText {#text} at (651,0) size 30x17
              text run at (651,0) width 30 RTL: "\x{5E9}\x{5E0}\x{5D1}"
      RenderBlock {HR} at (0,177) size 769x2 [border: (1px inset #000000)]
      RenderBlock {P} at (0,195) size 769x17
        RenderText {#text} at (319,0) size 450x17
          text run at (319,0) width 450: "Text in <em>. The English text should be displayed as \"This is a Test\"."
      RenderBlock {DIV} at (0,228) size 769x17 [bgcolor=#FF0000]
        RenderText {#text} at (686,0) size 57x17
          text run at (686,0) width 57: "This is a "
        RenderInline {SPAN} at (0,0) size 83x17
          RenderInline {EM} at (0,0) size 83x17
            RenderInline {SPAN} at (0,0) size 0x17
            RenderText {#text} at (743,0) size 26x17
              text run at (743,0) width 26: "Test"
            RenderInline {SPAN} at (0,0) size 0x17
      RenderBlock {DIV} at (0,245) size 769x17 [bgcolor=#FF0000]
        RenderText {#text} at (686,0) size 57x17
          text run at (686,0) width 57: "This is a "
        RenderInline {SPAN} at (0,0) size 83x17
          RenderInline {EM} at (0,0) size 83x17
            RenderText {#text} at (743,0) size 26x17
              text run at (743,0) width 26: "Test"
            RenderInline {SPAN} at (0,0) size 0x17
      RenderBlock {DIV} at (0,262) size 769x17 [bgcolor=#FF0000]
        RenderText {#text} at (686,0) size 57x17
          text run at (686,0) width 57: "This is a "
        RenderInline {SPAN} at (0,0) size 118x17
          RenderInline {EM} at (0,0) size 118x17
            RenderText {#text} at (682,0) size 87x17
              text run at (682,0) width 4 RTL: " "
              text run at (743,0) width 26: "Test"
            RenderInline {SPAN} at (0,0) size 31x17
              RenderText {#text} at (651,0) size 31x17
                text run at (651,0) width 31 RTL: "\x{5D3}\x{5DE}\x{5D4}"
      RenderBlock {DIV} at (0,279) size 769x17
        RenderText {#text} at (686,0) size 57x17
          text run at (686,0) width 57: "This is a "
        RenderInline {SPAN} at (0,0) size 26x17
          RenderInline {EM} at (0,0) size 26x17
            RenderInline {SPAN} at (0,0) size 0x17
            RenderText {#text} at (743,0) size 26x17
              text run at (743,0) width 26: "Test"
      RenderBlock {DIV} at (0,296) size 769x17
        RenderText {#text} at (686,0) size 57x17
          text run at (686,0) width 57: "This is a "
        RenderInline {SPAN} at (0,0) size 26x17
          RenderInline {EM} at (0,0) size 26x17
            RenderText {#text} at (743,0) size 26x17
              text run at (743,0) width 26: "Test"
      RenderBlock {HR} at (0,321) size 769x2 [border: (1px inset #000000)]
      RenderBlock {P} at (0,339) size 769x17
        RenderText {#text} at (295,0) size 474x17
          text run at (295,0) width 474: "Text in <strong>. The following lines should all display as \"This is a Test\"."
      RenderBlock {DIV} at (0,372) size 769x17 [bgcolor=#FF0000]
        RenderText {#text} at (683,0) size 57x17
          text run at (683,0) width 57: "This is a "
        RenderInline {SPAN} at (0,0) size 86x17
          RenderInline {STRONG} at (0,0) size 86x17
            RenderInline {SPAN} at (0,0) size 0x17
            RenderText {#text} at (740,0) size 29x17
              text run at (740,0) width 29: "Test"
            RenderInline {SPAN} at (0,0) size 0x17
      RenderBlock {DIV} at (0,389) size 769x17 [bgcolor=#FF0000]
        RenderText {#text} at (683,0) size 57x17
          text run at (683,0) width 57: "This is a "
        RenderInline {SPAN} at (0,0) size 86x17
          RenderInline {STRONG} at (0,0) size 86x17
            RenderText {#text} at (740,0) size 29x17
              text run at (740,0) width 29: "Test"
            RenderInline {SPAN} at (0,0) size 0x17
      RenderBlock {DIV} at (0,406) size 769x17
        RenderText {#text} at (683,0) size 57x17
          text run at (683,0) width 57: "This is a "
        RenderInline {SPAN} at (0,0) size 29x17
          RenderInline {STRONG} at (0,0) size 29x17
            RenderInline {SPAN} at (0,0) size 0x17
            RenderText {#text} at (740,0) size 29x17
              text run at (740,0) width 29: "Test"
      RenderBlock {DIV} at (0,423) size 769x17
        RenderText {#text} at (683,0) size 57x17
          text run at (683,0) width 57: "This is a "
        RenderInline {SPAN} at (0,0) size 29x17
          RenderInline {STRONG} at (0,0) size 29x17
            RenderText {#text} at (740,0) size 29x17
              text run at (740,0) width 29: "Test"
      RenderBlock {HR} at (0,448) size 769x2 [border: (1px inset #000000)]
      RenderBlock {P} at (0,466) size 769x17
        RenderText {#text} at (330,0) size 439x17
          text run at (330,0) width 439: "Text in <i>. The following lines should all display as \"This is a Test\"."
      RenderBlock {DIV} at (0,499) size 769x17 [bgcolor=#FF0000]
        RenderText {#text} at (686,0) size 57x17
          text run at (686,0) width 57: "This is a "
        RenderInline {SPAN} at (0,0) size 83x17
          RenderInline {I} at (0,0) size 83x17
            RenderInline {SPAN} at (0,0) size 0x17
            RenderText {#text} at (743,0) size 26x17
              text run at (743,0) width 26: "Test"
            RenderInline {SPAN} at (0,0) size 0x17
      RenderBlock {DIV} at (0,516) size 769x17 [bgcolor=#FF0000]
        RenderText {#text} at (686,0) size 57x17
          text run at (686,0) width 57: "This is a "
        RenderInline {SPAN} at (0,0) size 83x17
          RenderInline {I} at (0,0) size 83x17
            RenderText {#text} at (743,0) size 26x17
              text run at (743,0) width 26: "Test"
            RenderInline {SPAN} at (0,0) size 0x17
      RenderBlock {DIV} at (0,533) size 769x17
        RenderText {#text} at (686,0) size 57x17
          text run at (686,0) width 57: "This is a "
        RenderInline {SPAN} at (0,0) size 26x17
          RenderInline {I} at (0,0) size 26x17
            RenderInline {SPAN} at (0,0) size 0x17
            RenderText {#text} at (743,0) size 26x17
              text run at (743,0) width 26: "Test"
      RenderBlock {DIV} at (0,550) size 769x17
        RenderText {#text} at (686,0) size 57x17
          text run at (686,0) width 57: "This is a "
        RenderInline {SPAN} at (0,0) size 26x17
          RenderInline {I} at (0,0) size 26x17
            RenderText {#text} at (743,0) size 26x17
              text run at (743,0) width 26: "Test"
      RenderBlock {HR} at (0,575) size 769x2 [border: (1px inset #000000)]
      RenderBlock {P} at (0,593) size 769x17
        RenderText {#text} at (326,0) size 443x17
          text run at (326,0) width 443: "Text in <b>. The following lines should all display as \"This is a Test\"."
      RenderBlock {DIV} at (0,626) size 769x17 [bgcolor=#FF0000]
        RenderText {#text} at (683,0) size 57x17
          text run at (683,0) width 57: "This is a "
        RenderInline {SPAN} at (0,0) size 86x17
          RenderInline {B} at (0,0) size 86x17
            RenderInline {SPAN} at (0,0) size 0x17
            RenderText {#text} at (740,0) size 29x17
              text run at (740,0) width 29: "Test"
            RenderInline {SPAN} at (0,0) size 0x17
      RenderBlock {DIV} at (0,643) size 769x17 [bgcolor=#FF0000]
        RenderText {#text} at (683,0) size 57x17
          text run at (683,0) width 57: "This is a "
        RenderInline {SPAN} at (0,0) size 86x17
          RenderInline {B} at (0,0) size 86x17
            RenderText {#text} at (740,0) size 29x17
              text run at (740,0) width 29: "Test"
            RenderInline {SPAN} at (0,0) size 0x17
      RenderBlock {DIV} at (0,660) size 769x17
        RenderText {#text} at (683,0) size 57x17
          text run at (683,0) width 57: "This is a "
        RenderInline {SPAN} at (0,0) size 29x17
          RenderInline {B} at (0,0) size 29x17
            RenderInline {SPAN} at (0,0) size 0x17
            RenderText {#text} at (740,0) size 29x17
              text run at (740,0) width 29: "Test"
      RenderBlock {DIV} at (0,677) size 769x17
        RenderText {#text} at (683,0) size 57x17
          text run at (683,0) width 57: "This is a "
        RenderInline {SPAN} at (0,0) size 29x17
          RenderInline {B} at (0,0) size 29x17
            RenderText {#text} at (740,0) size 29x17
              text run at (740,0) width 29: "Test"
      RenderBlock (anonymous) at (0,694) size 769x0
        RenderInline {B} at (0,0) size 0x0
          RenderText {#text} at (0,0) size 0x0
      RenderBlock (anonymous) at (0,702) size 769x656
        RenderBlock {HR} at (0,0) size 769x2 [border: (1px inset #000000)]
        RenderBlock {P} at (0,18) size 769x17
          RenderText {#text} at (97,0) size 672x17
            text run at (97,0) width 672: "Text in <img>, <href>, <em>, <tr>. The following English text should all display as \"This is a Test\"."
        RenderBlock {DIV} at (0,51) size 769x23 [bgcolor=#FF0000]
          RenderText {#text} at (680,6) size 60x17
            text run at (680,6) width 60: "This is a "
          RenderInline {SPAN} at (0,0) size 109x17
            RenderInline {A} at (0,0) size 109x17 [color=#551A8B]
              RenderText {#text} at (740,6) size 29x17
                text run at (740,6) width 29: "Test"
              RenderInline {SPAN} at (0,0) size 20x17
                RenderImage {IMG} at (660,0) size 20x20
        RenderBlock {DIV} at (0,74) size 769x17 [bgcolor=#FF0000]
          RenderText {#text} at (680,0) size 60x17
            text run at (680,0) width 60: "This is a "
          RenderInline {SPAN} at (0,0) size 123x17
            RenderInline {A} at (0,0) size 123x17 [color=#551A8B]
              RenderText {#text} at (676,0) size 93x17
                text run at (676,0) width 4 RTL: " "
                text run at (740,0) width 29: "Test"
              RenderInline {SPAN} at (0,0) size 30x17
                RenderText {#text} at (646,0) size 30x17
                  text run at (646,0) width 30 RTL: "\x{5E9}\x{5E0}\x{5D1}"
        RenderBlock {DIV} at (0,91) size 769x17 [bgcolor=#FF0000]
          RenderText {#text} at (682,0) size 60x17
            text run at (682,0) width 60: "This is a "
          RenderInline {SPAN} at (0,0) size 87x17
            RenderInline {EM} at (0,0) size 87x17
              RenderText {#text} at (742,0) size 27x17
                text run at (742,0) width 27: "Test"
              RenderInline {A} at (0,0) size 0x17 [color=#551A8B]
        RenderBlock {DIV} at (0,108) size 769x23 [bgcolor=#FF0000]
          RenderText {#text} at (682,6) size 60x17
            text run at (682,6) width 60: "This is a "
          RenderInline {SPAN} at (0,0) size 107x17
            RenderInline {EM} at (0,0) size 107x17
              RenderText {#text} at (742,6) size 27x17
                text run at (742,6) width 27: "Test"
              RenderInline {SPAN} at (0,0) size 20x17
                RenderImage {IMG} at (662,0) size 20x20
        RenderBlock {DIV} at (0,131) size 769x17
          RenderText {#text} at (639,0) size 60x17
            text run at (639,0) width 60: "This is a "
          RenderInline {SPAN} at (0,0) size 70x17
            RenderInline {A} at (0,0) size 70x17 [color=#551A8B]
              RenderText {#text} at (699,0) size 33x17
                text run at (699,0) width 33: "Test "
              RenderInline {SPAN} at (0,0) size 37x17
                RenderText {#text} at (732,0) size 37x17
                  text run at (732,0) width 37: "again"
        RenderBlock {DIV} at (0,148) size 769x40
          RenderBlock (anonymous) at (0,0) size 769x17
            RenderText {#text} at (682,0) size 60x17
              text run at (682,0) width 60: "This is a "
            RenderInline {SPAN} at (0,0) size 27x17
              RenderInline {EM} at (0,0) size 27x17
                RenderText {#text} at (742,0) size 27x17
                  text run at (742,0) width 27: "Test"
          RenderBlock (anonymous) at (0,17) size 769x23
            RenderTable {TABLE} at (755,0) size 14x23
              RenderTableSection {TBODY} at (0,0) size 14x23
                RenderTableRow {TR} at (0,2) size 14x19
                  RenderTableCell {TD} at (2,2) size 10x19 [r=0 c=0 rs=1 cs=1]
                    RenderText {#text} at (1,1) size 8x17
                      text run at (1,1) width 8: "a"
          RenderBlock (anonymous) at (0,40) size 769x0
            RenderInline {SPAN} at (0,0) size 0x0
              RenderInline {EM} at (0,0) size 0x0
        RenderBlock {HR} at (0,196) size 769x2 [border: (1px inset #000000)]
        RenderBlock {UL} at (0,214) size 769x442
          RenderListItem {LI} at (40,0) size 729x17
            RenderListMarker at (-17,0) size 7x17: bullet
            RenderText {#text} at (0,0) size 110x17
              text run at (0,0) width 110: "Test 0: : Success"
          RenderListItem {LI} at (40,17) size 729x17
            RenderListMarker at (-17,0) size 7x17: bullet
            RenderText {#text} at (0,0) size 110x17
              text run at (0,0) width 110: "Test 1: : Success"
          RenderListItem {LI} at (40,34) size 729x17
            RenderListMarker at (-17,0) size 7x17: bullet
            RenderText {#text} at (0,0) size 110x17
              text run at (0,0) width 110: "Test 2: : Success"
          RenderListItem {LI} at (40,51) size 729x17
            RenderListMarker at (-17,0) size 7x17: bullet
            RenderText {#text} at (0,0) size 110x17
              text run at (0,0) width 110: "Test 3: : Success"
          RenderListItem {LI} at (40,68) size 729x17
            RenderListMarker at (-17,0) size 7x17: bullet
            RenderText {#text} at (0,0) size 110x17
              text run at (0,0) width 110: "Test 4: : Success"
          RenderListItem {LI} at (40,85) size 729x17
            RenderListMarker at (-17,0) size 7x17: bullet
            RenderText {#text} at (0,0) size 110x17
              text run at (0,0) width 110: "Test 5: : Success"
          RenderListItem {LI} at (40,102) size 729x17
            RenderListMarker at (-17,0) size 7x17: bullet
            RenderText {#text} at (0,0) size 110x17
              text run at (0,0) width 110: "Test 6: : Success"
          RenderListItem {LI} at (40,119) size 729x17
            RenderListMarker at (-17,0) size 7x17: bullet
            RenderText {#text} at (0,0) size 110x17
              text run at (0,0) width 110: "Test 7: : Success"
          RenderListItem {LI} at (40,136) size 729x17
            RenderListMarker at (-17,0) size 7x17: bullet
            RenderText {#text} at (0,0) size 110x17
              text run at (0,0) width 110: "Test 8: : Success"
          RenderListItem {LI} at (40,153) size 729x17
            RenderListMarker at (-17,0) size 7x17: bullet
            RenderText {#text} at (0,0) size 110x17
              text run at (0,0) width 110: "Test 9: : Success"
          RenderListItem {LI} at (40,170) size 729x17
            RenderListMarker at (-17,0) size 7x17: bullet
            RenderText {#text} at (0,0) size 118x17
              text run at (0,0) width 118: "Test 10: : Success"
          RenderListItem {LI} at (40,187) size 729x17
            RenderListMarker at (-17,0) size 7x17: bullet
            RenderText {#text} at (0,0) size 118x17
              text run at (0,0) width 118: "Test 11: : Success"
          RenderListItem {LI} at (40,204) size 729x17
            RenderListMarker at (-17,0) size 7x17: bullet
            RenderText {#text} at (0,0) size 118x17
              text run at (0,0) width 118: "Test 12: : Success"
          RenderListItem {LI} at (40,221) size 729x17
            RenderListMarker at (-17,0) size 7x17: bullet
            RenderText {#text} at (0,0) size 118x17
              text run at (0,0) width 118: "Test 13: : Success"
          RenderListItem {LI} at (40,238) size 729x17
            RenderListMarker at (-17,0) size 7x17: bullet
            RenderText {#text} at (0,0) size 118x17
              text run at (0,0) width 118: "Test 14: : Success"
          RenderListItem {LI} at (40,255) size 729x17
            RenderListMarker at (-17,0) size 7x17: bullet
            RenderText {#text} at (0,0) size 118x17
              text run at (0,0) width 118: "Test 15: : Success"
          RenderListItem {LI} at (40,272) size 729x17
            RenderListMarker at (-17,0) size 7x17: bullet
            RenderText {#text} at (0,0) size 118x17
              text run at (0,0) width 118: "Test 16: : Success"
          RenderListItem {LI} at (40,289) size 729x17
            RenderListMarker at (-17,0) size 7x17: bullet
            RenderText {#text} at (0,0) size 118x17
              text run at (0,0) width 118: "Test 17: : Success"
          RenderListItem {LI} at (40,306) size 729x17
            RenderListMarker at (-17,0) size 7x17: bullet
            RenderText {#text} at (0,0) size 118x17
              text run at (0,0) width 118: "Test 18: : Success"
          RenderListItem {LI} at (40,323) size 729x17
            RenderListMarker at (-17,0) size 7x17: bullet
            RenderText {#text} at (0,0) size 118x17
              text run at (0,0) width 118: "Test 19: : Success"
          RenderListItem {LI} at (40,340) size 729x17
            RenderListMarker at (-17,0) size 7x17: bullet
            RenderText {#text} at (0,0) size 118x17
              text run at (0,0) width 118: "Test 20: : Success"
          RenderListItem {LI} at (40,357) size 729x17
            RenderListMarker at (-17,0) size 7x17: bullet
            RenderText {#text} at (0,0) size 118x17
              text run at (0,0) width 118: "Test 21: : Success"
          RenderListItem {LI} at (40,374) size 729x17
            RenderListMarker at (-17,0) size 7x17: bullet
            RenderText {#text} at (0,0) size 118x17
              text run at (0,0) width 118: "Test 22: : Success"
          RenderListItem {LI} at (40,391) size 729x17
            RenderListMarker at (-17,0) size 7x17: bullet
            RenderText {#text} at (0,0) size 118x17
              text run at (0,0) width 118: "Test 23: : Success"
          RenderListItem {LI} at (40,408) size 729x17
            RenderListMarker at (-17,0) size 7x17: bullet
            RenderText {#text} at (0,0) size 118x17
              text run at (0,0) width 118: "Test 24: : Success"
          RenderListItem {LI} at (40,425) size 729x17
            RenderListMarker at (-17,0) size 7x17: bullet
            RenderText {#text} at (0,0) size 118x17
              text run at (0,0) width 118: "Test 25: : Success"
      RenderBlock (anonymous) at (0,1374) size 769x0
        RenderInline {B} at (0,0) size 0x0
selection start: position 0 of child 0 {#text} of child 14 {DIV} of child 56 {B} of body
selection end:   position 4 of child 0 {#text} of child 14 {DIV} of child 56 {B} of body
