layer at (0,0) size 800x600
  RenderView at (0,0) size 800x600
layer at (0,0) size 800x600
  RenderBlock {HTML} at (0,0) size 800x600
    RenderBody {BODY} at (8,8) size 784x576
      RenderBlock {FORM} at (0,0) size 784x0
      RenderBlock {FORM} at (0,0) size 784x47
        RenderBlock {HR} at (0,0) size 784x2 [border: (1px inset #000000)]
        RenderBlock (anonymous) at (0,10) size 784x27
          RenderInline {LABEL} at (0,0) size 517x17
            RenderText {#text} at (0,5) size 322x17
              text run at (0,5) width 322: "This is a searchable index. Enter search keywords: "
            RenderTextControl {INPUT} at (324,2) size 191x23 [bgcolor=#FFFFFF] [border: (2px inset #000000)]
        RenderBlock {HR} at (0,45) size 784x2 [border: (1px inset #000000)]
layer at (335,23) size 185x17
  RenderBlock {DIV} at (3,3) size 185x17
