layer at (0,0) size 785x778
  RenderView at (0,0) size 785x600
layer at (0,0) size 785x600
  RenderBlock {HTML} at (0,0) size 785x600
    RenderBody {BODY} at (8,8) size 769x584
layer at (457,8) size 320x770
  RenderBlock {DIV} at (0,0) size 320x770 [border: (5px solid #000000)]
    RenderMultiColumnSet at (10,10) size 300x750
layer at (276,18) size 491x367
  RenderMultiColumnFlowThread at (10,10) size 491x367
    RenderBlock {DIV} at (0,0) size 250x367
    RenderBlock (anonymous) at (300,0) size 191x367
      RenderBlock {DIV} at (0,0) size 191x301 [border: (2px solid #008000)]
        RenderText {#text} at (2,2) size 17x297
          text run at (2,2) width 297: "All of this text should be in the second column."
        RenderBR {BR} at (16,299) size 0x0
        RenderText {#text} at (19,2) size 17x297
          text run at (19,2) width 297: "All of this text should be in the second column."
        RenderBR {BR} at (33,299) size 0x0
        RenderText {#text} at (36,2) size 17x297
          text run at (36,2) width 297: "All of this text should be in the second column."
        RenderBR {BR} at (50,299) size 0x0
        RenderText {#text} at (53,2) size 17x297
          text run at (53,2) width 297: "All of this text should be in the second column."
        RenderBR {BR} at (67,299) size 0x0
        RenderText {#text} at (70,2) size 17x297
          text run at (70,2) width 297: "All of this text should be in the second column."
        RenderBR {BR} at (84,299) size 0x0
        RenderText {#text} at (87,2) size 17x297
          text run at (87,2) width 297: "All of this text should be in the second column."
        RenderBR {BR} at (101,299) size 0x0
        RenderText {#text} at (104,2) size 17x297
          text run at (104,2) width 297: "All of this text should be in the second column."
        RenderBR {BR} at (118,299) size 0x0
        RenderText {#text} at (121,2) size 17x297
          text run at (121,2) width 297: "All of this text should be in the second column."
        RenderBR {BR} at (135,299) size 0x0
        RenderText {#text} at (138,2) size 17x297
          text run at (138,2) width 297: "All of this text should be in the second column."
        RenderBR {BR} at (152,299) size 0x0
        RenderText {#text} at (155,2) size 17x297
          text run at (155,2) width 297: "All of this text should be in the second column."
        RenderBR {BR} at (169,299) size 0x0
        RenderText {#text} at (172,2) size 17x297
          text run at (172,2) width 297: "All of this text should be in the second column."
        RenderBR {BR} at (186,299) size 0x0
      RenderText {#text} at (0,0) size 0x0
