layer at (0,0) size 785x779
  RenderView at (0,0) size 785x600
layer at (0,0) size 785x779
  RenderBlock {HTML} at (0,0) size 785x779
    RenderBody {BODY} at (8,8) size 769x763
      RenderBlock (anonymous) at (0,0) size 769x17
        RenderText {#text} at (0,0) size 4x17
          text run at (0,0) width 4: " "
      RenderTable {TABLE} at (0,17) size 769x695 [bgcolor=#FFFFCC] [border: (1px outset #808080)]
        RenderTableSection {TBODY} at (1,1) size 767x693
          RenderTableRow {TR} at (0,2) size 767x21
            RenderTableCell {TD} at (2,2) size 614x21 [border: (1px inset #808080)] [r=0 c=0 rs=1 cs=1]
              RenderText {#text} at (2,2) size 53x17
                text run at (2,2) width 53: "Cell one"
            RenderTableCell {TD} at (618,2) size 72x21 [border: (1px inset #808080)] [r=0 c=1 rs=1 cs=1]
              RenderText {#text} at (2,2) size 34x17
                text run at (2,2) width 34: "Cell2"
            RenderTableCell {TD} at (692,2) size 73x21 [border: (1px inset #808080)] [r=0 c=2 rs=1 cs=1]
              RenderText {#text} at (2,2) size 38x17
                text run at (2,2) width 38: "Cell 3"
          RenderTableRow {TR} at (0,25) size 767x21
            RenderTableCell {TD} at (2,25) size 614x21 [border: (1px inset #808080)] [r=1 c=0 rs=1 cs=1]
              RenderText {#text} at (2,2) size 38x17
                text run at (2,2) width 38: "Cell 4"
            RenderTableCell {TD} at (618,25) size 72x21 [border: (1px inset #808080)] [r=1 c=1 rs=1 cs=1]
              RenderText {#text} at (2,2) size 38x17
                text run at (2,2) width 38: "Cell 5"
            RenderTableCell {TD} at (692,25) size 73x21 [border: (1px inset #808080)] [r=1 c=2 rs=1 cs=1]
              RenderText {#text} at (2,2) size 38x17
                text run at (2,2) width 38: "Cell 6"
          RenderTableRow {TR} at (0,48) size 767x643
            RenderTableCell {TD} at (2,48) size 614x643 [border: (1px inset #808080)] [r=2 c=0 rs=1 cs=1]
              RenderTable {TABLE} at (2,2) size 610x622 [bgcolor=#DDDDDD] [border: (1px outset #808080)]
                RenderTableSection {TBODY} at (1,1) size 608x620
                  RenderTableRow {TR} at (0,2) size 608x21
                    RenderTableCell {TD} at (2,2) size 21x21 [border: (1px inset #808080)] [r=0 c=0 rs=1 cs=1]
                      RenderText {#text} at (2,2) size 8x17
                        text run at (2,2) width 8: "1"
                    RenderTableCell {TD} at (25,2) size 557x21 [border: (1px inset #808080)] [r=0 c=1 rs=1 cs=1]
                      RenderText {#text} at (2,2) size 8x17
                        text run at (2,2) width 8: "2"
                    RenderTableCell {TD} at (584,2) size 22x21 [border: (1px inset #808080)] [r=0 c=2 rs=1 cs=1]
                      RenderText {#text} at (2,2) size 8x17
                        text run at (2,2) width 8: "3"
                  RenderTableRow {TR} at (0,25) size 608x570
                    RenderTableCell {TD} at (2,299) size 21x21 [border: (1px inset #808080)] [r=1 c=0 rs=1 cs=1]
                      RenderText {#text} at (2,2) size 8x17
                        text run at (2,2) width 8: "4"
                    RenderTableCell {TD} at (25,25) size 557x570 [border: (1px inset #808080)] [r=1 c=1 rs=1 cs=1]
                      RenderTable {TABLE} at (2,2) size 553x549 [bgcolor=#66FFFF] [border: (1px outset #808080)]
                        RenderTableSection {TBODY} at (1,1) size 551x547
                          RenderTableRow {TR} at (0,2) size 551x497
                            RenderTableCell {TD} at (2,240) size 21x21 [border: (1px inset #808080)] [r=0 c=0 rs=1 cs=1]
                              RenderText {#text} at (2,2) size 8x17
                                text run at (2,2) width 8: "1"
                            RenderTableCell {TD} at (25,2) size 500x497 [border: (1px inset #808080)] [r=0 c=1 rs=1 cs=1]
                              RenderTable {TABLE} at (2,2) size 496x476 [bgcolor=#FF0000] [border: (1px outset #808080)]
                                RenderTableSection {TBODY} at (1,1) size 494x474
                                  RenderTableRow {TR} at (0,2) size 494x21
                                    RenderTableCell {TD} at (2,2) size 22x21 [border: (1px inset #808080)] [r=0 c=0 rs=1 cs=1]
                                      RenderText {#text} at (2,2) size 8x17
                                        text run at (2,2) width 8: "1"
                                    RenderTableCell {TD} at (26,2) size 22x21 [border: (1px inset #808080)] [r=0 c=1 rs=1 cs=1]
                                      RenderText {#text} at (2,2) size 8x17
                                        text run at (2,2) width 8: "2"
                                    RenderTableCell {TD} at (50,2) size 393x21 [border: (1px inset #808080)] [r=0 c=2 rs=1 cs=1]
                                      RenderText {#text} at (2,2) size 8x17
                                        text run at (2,2) width 8: "3"
                                    RenderTableCell {TD} at (445,2) size 22x21 [border: (1px inset #808080)] [r=0 c=3 rs=1 cs=1]
                                      RenderText {#text} at (2,2) size 8x17
                                        text run at (2,2) width 8: "4"
                                    RenderTableCell {TD} at (469,2) size 23x21 [border: (1px inset #808080)] [r=0 c=4 rs=1 cs=1]
                                      RenderText {#text} at (2,2) size 8x17
                                        text run at (2,2) width 8: "5"
                                  RenderTableRow {TR} at (0,25) size 494x378
                                    RenderTableCell {TD} at (2,203) size 22x21 [border: (1px inset #808080)] [r=1 c=0 rs=1 cs=1]
                                      RenderText {#text} at (2,2) size 8x17
                                        text run at (2,2) width 8: "6"
                                    RenderTableCell {TD} at (26,203) size 22x21 [border: (1px inset #808080)] [r=1 c=1 rs=1 cs=1]
                                      RenderText {#text} at (2,2) size 8x17
                                        text run at (2,2) width 8: "7"
                                    RenderTableCell {TD} at (50,25) size 393x378 [border: (1px inset #808080)] [r=1 c=2 rs=1 cs=1]
                                      RenderTable {TABLE} at (2,2) size 389x357 [bgcolor=#66FF99] [border: (1px outset #808080)]
                                        RenderTableSection {TBODY} at (1,1) size 387x355
                                          RenderTableRow {TR} at (0,2) size 387x21
                                            RenderTableCell {TD} at (2,2) size 22x21 [border: (1px inset #808080)] [r=0 c=0 rs=1 cs=1]
                                              RenderText {#text} at (2,2) size 7x17
                                                text run at (2,2) width 7: "a"
                                            RenderTableCell {TD} at (26,2) size 23x21 [border: (1px inset #808080)] [r=0 c=1 rs=1 cs=1]
                                              RenderText {#text} at (2,2) size 8x17
                                                text run at (2,2) width 8: "b"
                                            RenderTableCell {TD} at (51,2) size 283x21 [border: (1px inset #808080)] [r=0 c=2 rs=1 cs=1]
                                              RenderText {#text} at (2,2) size 7x17
                                                text run at (2,2) width 7: "c"
                                            RenderTableCell {TD} at (336,2) size 23x21 [border: (1px inset #808080)] [r=0 c=3 rs=1 cs=1]
                                              RenderText {#text} at (2,2) size 8x17
                                                text run at (2,2) width 8: "d"
                                            RenderTableCell {TD} at (361,2) size 24x21 [border: (1px inset #808080)] [r=0 c=4 rs=1 cs=1]
                                              RenderText {#text} at (2,2) size 7x17
                                                text run at (2,2) width 7: "e"
                                          RenderTableRow {TR} at (0,25) size 387x21
                                            RenderTableCell {TD} at (2,25) size 22x21 [border: (1px inset #808080)] [r=1 c=0 rs=1 cs=1]
                                              RenderText {#text} at (2,2) size 5x17
                                                text run at (2,2) width 5: "f"
                                            RenderTableCell {TD} at (26,25) size 23x21 [border: (1px inset #808080)] [r=1 c=1 rs=1 cs=1]
                                              RenderText {#text} at (2,2) size 8x17
                                                text run at (2,2) width 8: "g"
                                            RenderTableCell {TD} at (51,25) size 283x21 [border: (1px inset #808080)] [r=1 c=2 rs=1 cs=1]
                                              RenderText {#text} at (2,2) size 8x17
                                                text run at (2,2) width 8: "h"
                                            RenderTableCell {TD} at (336,25) size 23x21 [border: (1px inset #808080)] [r=1 c=3 rs=1 cs=1]
                                              RenderText {#text} at (2,2) size 4x17
                                                text run at (2,2) width 4: "i"
                                            RenderTableCell {TD} at (361,25) size 24x21 [border: (1px inset #808080)] [r=1 c=4 rs=1 cs=1]
                                              RenderText {#text} at (2,2) size 4x17
                                                text run at (2,2) width 4: "j"
                                          RenderTableRow {TR} at (0,48) size 387x259
                                            RenderTableCell {TD} at (2,167) size 22x21 [border: (1px inset #808080)] [r=2 c=0 rs=1 cs=1]
                                              RenderText {#text} at (2,2) size 8x17
                                                text run at (2,2) width 8: "k"
                                            RenderTableCell {TD} at (26,167) size 23x21 [border: (1px inset #808080)] [r=2 c=1 rs=1 cs=1]
                                              RenderText {#text} at (2,2) size 4x17
                                                text run at (2,2) width 4: "l"
                                            RenderTableCell {TD} at (51,48) size 283x259 [border: (1px inset #808080)] [r=2 c=2 rs=1 cs=1]
                                              RenderTable {TABLE} at (2,2) size 279x238 [bgcolor=#FF99FF] [border: (1px outset #808080)]
                                                RenderTableSection {TBODY} at (1,1) size 277x236
                                                  RenderTableRow {TR} at (0,2) size 277x21
                                                    RenderTableCell {TD} at (2,2) size 24x21 [border: (1px inset #808080)] [r=0 c=0 rs=1 cs=1]
                                                      RenderText {#text} at (2,2) size 7x17
                                                        text run at (2,2) width 7: "a"
                                                    RenderTableCell {TD} at (28,2) size 24x21 [border: (1px inset #808080)] [r=0 c=1 rs=1 cs=1]
                                                      RenderText {#text} at (2,2) size 8x17
                                                        text run at (2,2) width 8: "b"
                                                    RenderTableCell {TD} at (54,2) size 167x21 [border: (1px inset #808080)] [r=0 c=2 rs=1 cs=1]
                                                      RenderText {#text} at (2,2) size 7x17
                                                        text run at (2,2) width 7: "c"
                                                    RenderTableCell {TD} at (223,2) size 25x21 [border: (1px inset #808080)] [r=0 c=3 rs=1 cs=1]
                                                      RenderText {#text} at (2,2) size 8x17
                                                        text run at (2,2) width 8: "d"
                                                    RenderTableCell {TD} at (250,2) size 25x21 [border: (1px inset #808080)] [r=0 c=4 rs=1 cs=1]
                                                      RenderText {#text} at (2,2) size 7x17
                                                        text run at (2,2) width 7: "e"
                                                  RenderTableRow {TR} at (0,25) size 277x21
                                                    RenderTableCell {TD} at (2,25) size 24x21 [border: (1px inset #808080)] [r=1 c=0 rs=1 cs=1]
                                                      RenderText {#text} at (2,2) size 5x17
                                                        text run at (2,2) width 5: "f"
                                                    RenderTableCell {TD} at (28,25) size 24x21 [border: (1px inset #808080)] [r=1 c=1 rs=1 cs=1]
                                                      RenderText {#text} at (2,2) size 8x17
                                                        text run at (2,2) width 8: "g"
                                                    RenderTableCell {TD} at (54,25) size 167x21 [border: (1px inset #808080)] [r=1 c=2 rs=1 cs=1]
                                                      RenderText {#text} at (2,2) size 8x17
                                                        text run at (2,2) width 8: "h"
                                                    RenderTableCell {TD} at (223,25) size 25x21 [border: (1px inset #808080)] [r=1 c=3 rs=1 cs=1]
                                                      RenderText {#text} at (2,2) size 4x17
                                                        text run at (2,2) width 4: "i"
                                                    RenderTableCell {TD} at (250,25) size 25x21 [border: (1px inset #808080)] [r=1 c=4 rs=1 cs=1]
                                                      RenderText {#text} at (2,2) size 4x17
                                                        text run at (2,2) width 4: "j"
                                                  RenderTableRow {TR} at (0,48) size 277x140
                                                    RenderTableCell {TD} at (2,107) size 24x21 [border: (1px inset #808080)] [r=2 c=0 rs=1 cs=1]
                                                      RenderText {#text} at (2,2) size 8x17
                                                        text run at (2,2) width 8: "k"
                                                    RenderTableCell {TD} at (28,107) size 24x21 [border: (1px inset #808080)] [r=2 c=1 rs=1 cs=1]
                                                      RenderText {#text} at (2,2) size 4x17
                                                        text run at (2,2) width 4: "l"
                                                    RenderTableCell {TD} at (54,48) size 167x140 [border: (1px inset #808080)] [r=2 c=2 rs=1 cs=1]
                                                      RenderTable {TABLE} at (2,2) size 163x119 [bgcolor=#FF9900] [border: (1px outset #808080)]
                                                        RenderTableSection {TBODY} at (1,1) size 161x117
                                                          RenderTableRow {TR} at (0,2) size 161x21
                                                            RenderTableCell {TD} at (2,2) size 27x21 [border: (1px inset #808080)] [r=0 c=0 rs=1 cs=1]
                                                              RenderText {#text} at (2,2) size 7x17
                                                                text run at (2,2) width 7: "a"
                                                            RenderTableCell {TD} at (31,2) size 28x21 [border: (1px inset #808080)] [r=0 c=1 rs=1 cs=1]
                                                              RenderText {#text} at (2,2) size 8x17
                                                                text run at (2,2) width 8: "b"
                                                            RenderTableCell {TD} at (61,2) size 37x21 [border: (1px inset #808080)] [r=0 c=2 rs=1 cs=1]
                                                              RenderText {#text} at (2,2) size 7x17
                                                                text run at (2,2) width 7: "c"
                                                            RenderTableCell {TD} at (100,2) size 28x21 [border: (1px inset #808080)] [r=0 c=3 rs=1 cs=1]
                                                              RenderText {#text} at (2,2) size 8x17
                                                                text run at (2,2) width 8: "d"
                                                            RenderTableCell {TD} at (130,2) size 29x21 [border: (1px inset #808080)] [r=0 c=4 rs=1 cs=1]
                                                              RenderText {#text} at (2,2) size 7x17
                                                                text run at (2,2) width 7: "e"
                                                          RenderTableRow {TR} at (0,25) size 161x21
                                                            RenderTableCell {TD} at (2,25) size 27x21 [border: (1px inset #808080)] [r=1 c=0 rs=1 cs=1]
                                                              RenderText {#text} at (2,2) size 5x17
                                                                text run at (2,2) width 5: "f"
                                                            RenderTableCell {TD} at (31,25) size 28x21 [border: (1px inset #808080)] [r=1 c=1 rs=1 cs=1]
                                                              RenderText {#text} at (2,2) size 8x17
                                                                text run at (2,2) width 8: "g"
                                                            RenderTableCell {TD} at (61,25) size 37x21 [border: (1px inset #808080)] [r=1 c=2 rs=1 cs=1]
                                                              RenderText {#text} at (2,2) size 8x17
                                                                text run at (2,2) width 8: "h"
                                                            RenderTableCell {TD} at (100,25) size 28x21 [border: (1px inset #808080)] [r=1 c=3 rs=1 cs=1]
                                                              RenderText {#text} at (2,2) size 4x17
                                                                text run at (2,2) width 4: "i"
                                                            RenderTableCell {TD} at (130,25) size 29x21 [border: (1px inset #808080)] [r=1 c=4 rs=1 cs=1]
                                                              RenderText {#text} at (2,2) size 4x17
                                                                text run at (2,2) width 4: "j"
                                                          RenderTableRow {TR} at (0,48) size 161x21
                                                            RenderTableCell {TD} at (2,48) size 27x21 [border: (1px inset #808080)] [r=2 c=0 rs=1 cs=1]
                                                              RenderText {#text} at (2,2) size 8x17
                                                                text run at (2,2) width 8: "k"
                                                            RenderTableCell {TD} at (31,48) size 28x21 [border: (1px inset #808080)] [r=2 c=1 rs=1 cs=1]
                                                              RenderText {#text} at (2,2) size 4x17
                                                                text run at (2,2) width 4: "l"
                                                            RenderTableCell {TD} at (61,48) size 37x21 [border: (1px inset #808080)] [r=2 c=2 rs=1 cs=1]
                                                              RenderText {#text} at (2,2) size 12x17
                                                                text run at (2,2) width 12: "m"
                                                            RenderTableCell {TD} at (100,48) size 28x21 [border: (1px inset #808080)] [r=2 c=3 rs=1 cs=1]
                                                              RenderText {#text} at (2,2) size 8x17
                                                                text run at (2,2) width 8: "n"
                                                            RenderTableCell {TD} at (130,48) size 29x21 [border: (1px inset #808080)] [r=2 c=4 rs=1 cs=1]
                                                              RenderText {#text} at (2,2) size 8x17
                                                                text run at (2,2) width 8: "o"
                                                          RenderTableRow {TR} at (0,71) size 161x21
                                                            RenderTableCell {TD} at (2,71) size 27x21 [border: (1px inset #808080)] [r=3 c=0 rs=1 cs=1]
                                                              RenderText {#text} at (2,2) size 8x17
                                                                text run at (2,2) width 8: "p"
                                                            RenderTableCell {TD} at (31,71) size 28x21 [border: (1px inset #808080)] [r=3 c=1 rs=1 cs=1]
                                                              RenderText {#text} at (2,2) size 8x17
                                                                text run at (2,2) width 8: "q"
                                                            RenderTableCell {TD} at (61,71) size 37x21 [border: (1px inset #808080)] [r=3 c=2 rs=1 cs=1]
                                                              RenderText {#text} at (2,2) size 5x17
                                                                text run at (2,2) width 5: "r"
                                                            RenderTableCell {TD} at (100,71) size 28x21 [border: (1px inset #808080)] [r=3 c=3 rs=1 cs=1]
                                                              RenderText {#text} at (2,2) size 6x17
                                                                text run at (2,2) width 6: "s"
                                                            RenderTableCell {TD} at (130,71) size 29x21 [border: (1px inset #808080)] [r=3 c=4 rs=1 cs=1]
                                                              RenderText {#text} at (2,2) size 4x17
                                                                text run at (2,2) width 4: "t"
                                                          RenderTableRow {TR} at (0,94) size 161x21
                                                            RenderTableCell {TD} at (2,94) size 27x21 [border: (1px inset #808080)] [r=4 c=0 rs=1 cs=1]
                                                              RenderText {#text} at (2,2) size 8x17
                                                                text run at (2,2) width 8: "u"
                                                            RenderTableCell {TD} at (31,94) size 28x21 [border: (1px inset #808080)] [r=4 c=1 rs=1 cs=1]
                                                              RenderText {#text} at (2,2) size 8x17
                                                                text run at (2,2) width 8: "v"
                                                            RenderTableCell {TD} at (61,94) size 37x21 [border: (1px inset #808080)] [r=4 c=2 rs=1 cs=1]
                                                              RenderText {#text} at (2,2) size 12x17
                                                                text run at (2,2) width 12: "w"
                                                            RenderTableCell {TD} at (100,94) size 28x21 [border: (1px inset #808080)] [r=4 c=3 rs=1 cs=1]
                                                              RenderText {#text} at (2,2) size 8x17
                                                                text run at (2,2) width 8: "x"
                                                            RenderTableCell {TD} at (130,94) size 29x21 [border: (1px inset #808080)] [r=4 c=4 rs=1 cs=1]
                                                              RenderText {#text} at (2,2) size 8x17
                                                                text run at (2,2) width 8: "y"
                                                      RenderBlock (anonymous) at (2,121) size 163x17
                                                        RenderText {#text} at (0,0) size 4x17
                                                          text run at (0,0) width 4: " "
                                                    RenderTableCell {TD} at (223,107) size 25x21 [border: (1px inset #808080)] [r=2 c=3 rs=1 cs=1]
                                                      RenderText {#text} at (2,2) size 8x17
                                                        text run at (2,2) width 8: "n"
                                                    RenderTableCell {TD} at (250,107) size 25x21 [border: (1px inset #808080)] [r=2 c=4 rs=1 cs=1]
                                                      RenderText {#text} at (2,2) size 8x17
                                                        text run at (2,2) width 8: "o"
                                                  RenderTableRow {TR} at (0,190) size 277x21
                                                    RenderTableCell {TD} at (2,190) size 24x21 [border: (1px inset #808080)] [r=3 c=0 rs=1 cs=1]
                                                      RenderText {#text} at (2,2) size 8x17
                                                        text run at (2,2) width 8: "p"
                                                    RenderTableCell {TD} at (28,190) size 24x21 [border: (1px inset #808080)] [r=3 c=1 rs=1 cs=1]
                                                      RenderText {#text} at (2,2) size 8x17
                                                        text run at (2,2) width 8: "q"
                                                    RenderTableCell {TD} at (54,190) size 167x21 [border: (1px inset #808080)] [r=3 c=2 rs=1 cs=1]
                                                      RenderText {#text} at (2,2) size 5x17
                                                        text run at (2,2) width 5: "r"
                                                    RenderTableCell {TD} at (223,190) size 25x21 [border: (1px inset #808080)] [r=3 c=3 rs=1 cs=1]
                                                      RenderText {#text} at (2,2) size 6x17
                                                        text run at (2,2) width 6: "s"
                                                    RenderTableCell {TD} at (250,190) size 25x21 [border: (1px inset #808080)] [r=3 c=4 rs=1 cs=1]
                                                      RenderText {#text} at (2,2) size 4x17
                                                        text run at (2,2) width 4: "t"
                                                  RenderTableRow {TR} at (0,213) size 277x21
                                                    RenderTableCell {TD} at (2,213) size 24x21 [border: (1px inset #808080)] [r=4 c=0 rs=1 cs=1]
                                                      RenderText {#text} at (2,2) size 8x17
                                                        text run at (2,2) width 8: "u"
                                                    RenderTableCell {TD} at (28,213) size 24x21 [border: (1px inset #808080)] [r=4 c=1 rs=1 cs=1]
                                                      RenderText {#text} at (2,2) size 8x17
                                                        text run at (2,2) width 8: "v"
                                                    RenderTableCell {TD} at (54,213) size 167x21 [border: (1px inset #808080)] [r=4 c=2 rs=1 cs=1]
                                                      RenderText {#text} at (2,2) size 12x17
                                                        text run at (2,2) width 12: "w"
                                                    RenderTableCell {TD} at (223,213) size 25x21 [border: (1px inset #808080)] [r=4 c=3 rs=1 cs=1]
                                                      RenderText {#text} at (2,2) size 8x17
                                                        text run at (2,2) width 8: "x"
                                                    RenderTableCell {TD} at (250,213) size 25x21 [border: (1px inset #808080)] [r=4 c=4 rs=1 cs=1]
                                                      RenderText {#text} at (2,2) size 8x17
                                                        text run at (2,2) width 8: "y"
                                              RenderBlock (anonymous) at (2,240) size 279x17
                                                RenderText {#text} at (0,0) size 4x17
                                                  text run at (0,0) width 4: " "
                                            RenderTableCell {TD} at (336,167) size 23x21 [border: (1px inset #808080)] [r=2 c=3 rs=1 cs=1]
                                              RenderText {#text} at (2,2) size 8x17
                                                text run at (2,2) width 8: "n"
                                            RenderTableCell {TD} at (361,167) size 24x21 [border: (1px inset #808080)] [r=2 c=4 rs=1 cs=1]
                                              RenderText {#text} at (2,2) size 8x17
                                                text run at (2,2) width 8: "o"
                                          RenderTableRow {TR} at (0,309) size 387x21
                                            RenderTableCell {TD} at (2,309) size 22x21 [border: (1px inset #808080)] [r=3 c=0 rs=1 cs=1]
                                              RenderText {#text} at (2,2) size 8x17
                                                text run at (2,2) width 8: "p"
                                            RenderTableCell {TD} at (26,309) size 23x21 [border: (1px inset #808080)] [r=3 c=1 rs=1 cs=1]
                                              RenderText {#text} at (2,2) size 8x17
                                                text run at (2,2) width 8: "q"
                                            RenderTableCell {TD} at (51,309) size 283x21 [border: (1px inset #808080)] [r=3 c=2 rs=1 cs=1]
                                              RenderText {#text} at (2,2) size 5x17
                                                text run at (2,2) width 5: "r"
                                            RenderTableCell {TD} at (336,309) size 23x21 [border: (1px inset #808080)] [r=3 c=3 rs=1 cs=1]
                                              RenderText {#text} at (2,2) size 6x17
                                                text run at (2,2) width 6: "s"
                                            RenderTableCell {TD} at (361,309) size 24x21 [border: (1px inset #808080)] [r=3 c=4 rs=1 cs=1]
                                              RenderText {#text} at (2,2) size 4x17
                                                text run at (2,2) width 4: "t"
                                          RenderTableRow {TR} at (0,332) size 387x21
                                            RenderTableCell {TD} at (2,332) size 22x21 [border: (1px inset #808080)] [r=4 c=0 rs=1 cs=1]
                                              RenderText {#text} at (2,2) size 8x17
                                                text run at (2,2) width 8: "u"
                                            RenderTableCell {TD} at (26,332) size 23x21 [border: (1px inset #808080)] [r=4 c=1 rs=1 cs=1]
                                              RenderText {#text} at (2,2) size 8x17
                                                text run at (2,2) width 8: "v"
                                            RenderTableCell {TD} at (51,332) size 283x21 [border: (1px inset #808080)] [r=4 c=2 rs=1 cs=1]
                                              RenderText {#text} at (2,2) size 12x17
                                                text run at (2,2) width 12: "w"
                                            RenderTableCell {TD} at (336,332) size 23x21 [border: (1px inset #808080)] [r=4 c=3 rs=1 cs=1]
                                              RenderText {#text} at (2,2) size 8x17
                                                text run at (2,2) width 8: "x"
                                            RenderTableCell {TD} at (361,332) size 24x21 [border: (1px inset #808080)] [r=4 c=4 rs=1 cs=1]
                                              RenderText {#text} at (2,2) size 8x17
                                                text run at (2,2) width 8: "y"
                                      RenderBlock (anonymous) at (2,359) size 389x17
                                        RenderText {#text} at (0,0) size 4x17
                                          text run at (0,0) width 4: " "
                                    RenderTableCell {TD} at (445,203) size 22x21 [border: (1px inset #808080)] [r=1 c=3 rs=1 cs=1]
                                      RenderText {#text} at (2,2) size 8x17
                                        text run at (2,2) width 8: "9"
                                    RenderTableCell {TD} at (469,203) size 23x21 [border: (1px inset #808080)] [r=1 c=4 rs=1 cs=1]
                                      RenderText {#text} at (2,2) size 8x17
                                        text run at (2,2) width 8: "0"
                                  RenderTableRow {TR} at (0,405) size 494x21
                                    RenderTableCell {TD} at (2,405) size 22x21 [border: (1px inset #808080)] [r=2 c=0 rs=1 cs=1]
                                      RenderText {#text} at (2,2) size 7x17
                                        text run at (2,2) width 7: "a"
                                    RenderTableCell {TD} at (26,405) size 22x21 [border: (1px inset #808080)] [r=2 c=1 rs=1 cs=1]
                                      RenderText {#text} at (2,2) size 8x17
                                        text run at (2,2) width 8: "b"
                                    RenderTableCell {TD} at (50,405) size 393x21 [border: (1px inset #808080)] [r=2 c=2 rs=1 cs=1]
                                      RenderText {#text} at (2,2) size 7x17
                                        text run at (2,2) width 7: "c"
                                    RenderTableCell {TD} at (445,405) size 22x21 [border: (1px inset #808080)] [r=2 c=3 rs=1 cs=1]
                                      RenderText {#text} at (2,2) size 8x17
                                        text run at (2,2) width 8: "d"
                                    RenderTableCell {TD} at (469,405) size 23x21 [border: (1px inset #808080)] [r=2 c=4 rs=1 cs=1]
                                      RenderText {#text} at (2,2) size 7x17
                                        text run at (2,2) width 7: "e"
                                  RenderTableRow {TR} at (0,428) size 494x21
                                    RenderTableCell {TD} at (2,428) size 22x21 [border: (1px inset #808080)] [r=3 c=0 rs=1 cs=1]
                                      RenderText {#text} at (2,2) size 5x17
                                        text run at (2,2) width 5: "f"
                                    RenderTableCell {TD} at (26,428) size 22x21 [border: (1px inset #808080)] [r=3 c=1 rs=1 cs=1]
                                      RenderText {#text} at (2,2) size 8x17
                                        text run at (2,2) width 8: "g"
                                    RenderTableCell {TD} at (50,428) size 393x21 [border: (1px inset #808080)] [r=3 c=2 rs=1 cs=1]
                                      RenderText {#text} at (2,2) size 8x17
                                        text run at (2,2) width 8: "h"
                                    RenderTableCell {TD} at (445,428) size 22x21 [border: (1px inset #808080)] [r=3 c=3 rs=1 cs=1]
                                      RenderText {#text} at (2,2) size 4x17
                                        text run at (2,2) width 4: "i"
                                    RenderTableCell {TD} at (469,428) size 23x21 [border: (1px inset #808080)] [r=3 c=4 rs=1 cs=1]
                                      RenderText {#text} at (2,2) size 4x17
                                        text run at (2,2) width 4: "j"
                                  RenderTableRow {TR} at (0,451) size 494x21
                                    RenderTableCell {TD} at (2,451) size 22x21 [border: (1px inset #808080)] [r=4 c=0 rs=1 cs=1]
                                      RenderText {#text} at (2,2) size 8x17
                                        text run at (2,2) width 8: "k"
                                    RenderTableCell {TD} at (26,451) size 22x21 [border: (1px inset #808080)] [r=4 c=1 rs=1 cs=1]
                                      RenderText {#text} at (2,2) size 4x17
                                        text run at (2,2) width 4: "l"
                                    RenderTableCell {TD} at (50,451) size 393x21 [border: (1px inset #808080)] [r=4 c=2 rs=1 cs=1]
                                      RenderText {#text} at (2,2) size 12x17
                                        text run at (2,2) width 12: "m"
                                    RenderTableCell {TD} at (445,451) size 22x21 [border: (1px inset #808080)] [r=4 c=3 rs=1 cs=1]
                                      RenderText {#text} at (2,2) size 8x17
                                        text run at (2,2) width 8: "n"
                                    RenderTableCell {TD} at (469,451) size 23x21 [border: (1px inset #808080)] [r=4 c=4 rs=1 cs=1]
                                      RenderText {#text} at (2,2) size 8x17
                                        text run at (2,2) width 8: "o"
                              RenderBlock (anonymous) at (2,478) size 496x17
                                RenderText {#text} at (0,0) size 4x17
                                  text run at (0,0) width 4: " "
                            RenderTableCell {TD} at (527,240) size 22x21 [border: (1px inset #808080)] [r=0 c=2 rs=1 cs=1]
                              RenderText {#text} at (2,2) size 8x17
                                text run at (2,2) width 8: "3"
                          RenderTableRow {TR} at (0,501) size 551x21
                            RenderTableCell {TD} at (2,501) size 21x21 [border: (1px inset #808080)] [r=1 c=0 rs=1 cs=1]
                              RenderText {#text} at (2,2) size 8x17
                                text run at (2,2) width 8: "4"
                            RenderTableCell {TD} at (25,501) size 500x21 [border: (1px inset #808080)] [r=1 c=1 rs=1 cs=1]
                              RenderText {#text} at (2,2) size 8x17
                                text run at (2,2) width 8: "5"
                            RenderTableCell {TD} at (527,501) size 22x21 [border: (1px inset #808080)] [r=1 c=2 rs=1 cs=1]
                              RenderText {#text} at (2,2) size 8x17
                                text run at (2,2) width 8: "6"
                          RenderTableRow {TR} at (0,524) size 551x21
                            RenderTableCell {TD} at (2,524) size 21x21 [border: (1px inset #808080)] [r=2 c=0 rs=1 cs=1]
                              RenderText {#text} at (2,2) size 8x17
                                text run at (2,2) width 8: "7"
                            RenderTableCell {TD} at (25,524) size 500x21 [border: (1px inset #808080)] [r=2 c=1 rs=1 cs=1]
                              RenderText {#text} at (2,2) size 8x17
                                text run at (2,2) width 8: "8"
                            RenderTableCell {TD} at (527,524) size 22x21 [border: (1px inset #808080)] [r=2 c=2 rs=1 cs=1]
                              RenderText {#text} at (2,2) size 8x17
                                text run at (2,2) width 8: "9"
                      RenderBlock (anonymous) at (2,551) size 553x17
                        RenderText {#text} at (0,0) size 4x17
                          text run at (0,0) width 4: " "
                    RenderTableCell {TD} at (584,299) size 22x21 [border: (1px inset #808080)] [r=1 c=2 rs=1 cs=1]
                      RenderText {#text} at (2,2) size 8x17
                        text run at (2,2) width 8: "6"
                  RenderTableRow {TR} at (0,597) size 608x21
                    RenderTableCell {TD} at (2,597) size 21x21 [border: (1px inset #808080)] [r=2 c=0 rs=1 cs=1]
                      RenderText {#text} at (2,2) size 8x17
                        text run at (2,2) width 8: "7"
                    RenderTableCell {TD} at (25,597) size 557x21 [border: (1px inset #808080)] [r=2 c=1 rs=1 cs=1]
                      RenderText {#text} at (2,2) size 8x17
                        text run at (2,2) width 8: "8"
                    RenderTableCell {TD} at (584,597) size 22x21 [border: (1px inset #808080)] [r=2 c=2 rs=1 cs=1]
                      RenderText {#text} at (2,2) size 8x17
                        text run at (2,2) width 8: "9"
              RenderBlock (anonymous) at (2,624) size 610x17
                RenderText {#text} at (0,0) size 4x17
                  text run at (0,0) width 4: " "
            RenderTableCell {TD} at (618,359) size 72x21 [border: (1px inset #808080)] [r=2 c=1 rs=1 cs=1]
              RenderText {#text} at (2,2) size 8x17
                text run at (2,2) width 8: "8"
            RenderTableCell {TD} at (692,359) size 73x21 [border: (1px inset #808080)] [r=2 c=2 rs=1 cs=1]
              RenderText {#text} at (2,2) size 8x17
                text run at (2,2) width 8: "9"
      RenderBlock (anonymous) at (0,712) size 769x34
        RenderText {#text} at (0,0) size 8x17
          text run at (0,0) width 8: "  "
        RenderBR {BR} at (8,14) size 0x0
        RenderText {#text} at (0,17) size 280x17
          text run at (0,17) width 280: "the following text should display on one line"
      RenderTable {TABLE} at (0,746) size 207x17
        RenderTableSection {TBODY} at (0,0) size 207x17
          RenderTableRow {TR} at (0,0) size 207x17
            RenderTableCell {TD} at (0,0) size 207x17 [bgcolor=#B70000] [r=0 c=0 rs=1 cs=1]
              RenderTable {TABLE} at (0,0) size 207x17
                RenderTableSection {TBODY} at (0,0) size 207x17
                  RenderTableRow {TR} at (0,0) size 207x17
                    RenderTableCell {TD} at (0,0) size 13x16 [r=0 c=0 rs=1 cs=1]
                      RenderImage {IMG} at (0,0) size 13x16
                    RenderTableCell {TD} at (13,0) size 190x17 [r=0 c=1 rs=1 cs=1]
                      RenderText {#text} at (0,0) size 162x17
                        text run at (0,0) width 162: "AlphaLinux Distributions"
                    RenderTableCell {TD} at (203,0) size 4x4 [r=0 c=2 rs=1 cs=1]
                      RenderImage {IMG} at (0,0) size 4x4
