layer at (0,0) size 785x2275
  RenderView at (0,0) size 785x600
layer at (0,0) size 785x2275
  RenderBlock {HTML} at (0,0) size 785x2276
    RenderBody {BODY} at (8,8) size 769x2252 [bgcolor=#FFDEAD]
      RenderBlock {H1} at (0,0) size 769x72
        RenderInline {FONT} at (0,0) size 473x72 [color=#FF0000]
          RenderText {#text} at (0,0) size 295x36
            text run at (0,0) width 295: "Acceptance Test Case"
          RenderBR {BR} at (295,29) size 0x0
          RenderText {#text} at (0,36) size 473x36
            text run at (0,36) width 473: "Web Browser: Web View (HTML)"
      RenderBlock {P} at (0,93) size 769x27
        RenderInline {FONT} at (0,0) size 357x26 [color=#FF0000]
          RenderInline {B} at (0,0) size 357x26
            RenderText {#text} at (0,0) size 357x26
              text run at (0,0) width 357: "Table: <TH> & <TD> ROWSPAN"
        RenderText {#text} at (0,0) size 0x0
      RenderBlock {HR} at (0,135) size 769x3 [border: (1px inset #000000)]
      RenderBlock (anonymous) at (0,145) size 769x52
        RenderText {#text} at (0,0) size 270x17
          text run at (0,0) width 270: "This acceptance test case tests the optional "
        RenderInline {B} at (0,0) size 41x17
          RenderText {#text} at (270,0) size 41x17
            text run at (270,0) width 41: "<TH>"
        RenderText {#text} at (311,0) size 20x17
          text run at (311,0) width 20: " & "
        RenderInline {B} at (0,0) size 41x17
          RenderText {#text} at (331,0) size 41x17
            text run at (331,0) width 41: "<TD>"
        RenderText {#text} at (372,0) size 27x17
          text run at (372,0) width 27: " tag "
        RenderInline {B} at (0,0) size 83x17
          RenderText {#text} at (399,0) size 83x17
            text run at (399,0) width 83: "ROWSPAN"
        RenderText {#text} at (482,0) size 729x34
          text run at (482,0) width 106: " attribute which, "
          text run at (588,0) width 141: "when placed in a table"
          text run at (0,17) width 554: "header or data tag, specifies how many rows the table header or data cell will span. The "
        RenderInline {B} at (0,0) size 83x17
          RenderText {#text} at (554,17) size 83x17
            text run at (554,17) width 83: "ROWSPAN"
        RenderText {#text} at (637,17) size 762x34
          text run at (637,17) width 125: " attribute is set to an"
          text run at (0,34) width 465: "integer value equal the number of rows the table header or data cell spans."
      RenderBlock {P} at (0,212) size 769x18
        RenderInline {B} at (0,0) size 119x17
          RenderText {#text} at (0,0) size 119x17
            text run at (0,0) width 119: "Test Instructions:"
        RenderText {#text} at (0,0) size 0x0
      RenderBlock {OL} at (0,245) size 769x236
        RenderListItem {LI} at (40,0) size 729x17
          RenderListMarker at (-20,0) size 16x17: "1"
          RenderText {#text} at (0,0) size 498x17
            text run at (0,0) width 498: "Verify that the sample text displays as stated in each of the following test cases:"
        RenderBlock {P} at (40,33) size 729x101
          RenderTable {TABLE} at (0,0) size 526x101 [bgcolor=#F08080]
            RenderTableSection {TBODY} at (0,0) size 526x101
              RenderTableRow {TR} at (0,2) size 526x31
                RenderTableCell {TD} at (2,2) size 96x31 [r=0 c=0 rs=1 cs=1]
                  RenderInline {A} at (0,0) size 82x17 [color=#0000EE]
                    RenderText {#text} at (7,7) size 82x17
                      text run at (7,7) width 82: "Test Case #1"
                RenderTableCell {TD} at (100,2) size 424x31 [r=0 c=1 rs=1 cs=1]
                  RenderInline {FONT} at (0,0) size 312x17 [color=#0000FF]
                    RenderInline {B} at (0,0) size 312x17
                      RenderText {#text} at (7,7) size 312x17
                        text run at (7,7) width 312: "table with header cells spanning multiple rows"
              RenderTableRow {TR} at (0,35) size 526x31
                RenderTableCell {TD} at (2,35) size 96x31 [r=1 c=0 rs=1 cs=1]
                  RenderInline {A} at (0,0) size 82x17 [color=#0000EE]
                    RenderText {#text} at (7,7) size 82x17
                      text run at (7,7) width 82: "Test Case #2"
                RenderTableCell {TD} at (100,35) size 424x31 [r=1 c=1 rs=1 cs=1]
                  RenderInline {FONT} at (0,0) size 295x17 [color=#0000FF]
                    RenderInline {B} at (0,0) size 295x17
                      RenderText {#text} at (7,7) size 295x17
                        text run at (7,7) width 295: "table with data cells spanning multiple rows"
              RenderTableRow {TR} at (0,68) size 526x31
                RenderTableCell {TD} at (2,68) size 96x31 [r=2 c=0 rs=1 cs=1]
                  RenderInline {A} at (0,0) size 82x17 [color=#0000EE]
                    RenderText {#text} at (7,7) size 82x17
                      text run at (7,7) width 82: "Test Case #3"
                RenderTableCell {TD} at (100,68) size 424x31 [r=2 c=1 rs=1 cs=1]
                  RenderInline {FONT} at (0,0) size 410x17 [color=#0000FF]
                    RenderInline {B} at (0,0) size 410x17
                      RenderText {#text} at (7,7) size 410x17
                        text run at (7,7) width 410: "table with nested header & data cells spanning multiple rows"
        RenderBlock {P} at (40,150) size 729x0
        RenderListItem {LI} at (40,150) size 729x17
          RenderListMarker at (-20,0) size 16x17: "2"
          RenderText {#text} at (0,0) size 283x17
            text run at (0,0) width 283: "Verify that the table is maintained when you "
          RenderInline {B} at (0,0) size 129x17
            RenderText {#text} at (283,0) size 129x17
              text run at (283,0) width 129: "minimize/maximize"
          RenderText {#text} at (412,0) size 71x17
            text run at (412,0) width 71: " the screen."
        RenderListItem {LI} at (40,167) size 729x17
          RenderListMarker at (-20,0) size 16x17: "3"
          RenderText {#text} at (0,0) size 283x17
            text run at (0,0) width 283: "Verify that the table is maintained when you "
          RenderInline {B} at (0,0) size 122x17
            RenderText {#text} at (283,0) size 122x17
              text run at (283,0) width 122: "re-size left & right"
          RenderText {#text} at (405,0) size 71x17
            text run at (405,0) width 71: " the screen."
        RenderListItem {LI} at (40,184) size 729x17
          RenderListMarker at (-20,0) size 16x17: "4"
          RenderText {#text} at (0,0) size 283x17
            text run at (0,0) width 283: "Verify that the table is maintained when you "
          RenderInline {B} at (0,0) size 138x17
            RenderText {#text} at (283,0) size 138x17
              text run at (283,0) width 138: "re-size top & bottom"
          RenderText {#text} at (421,0) size 71x17
            text run at (421,0) width 71: " the screen."
        RenderListItem {LI} at (40,201) size 729x17
          RenderListMarker at (-20,0) size 16x17: "5"
          RenderText {#text} at (0,0) size 407x17
            text run at (0,0) width 407: "Verify re-draw takes place correctly after maximizing the screen."
        RenderListItem {LI} at (40,218) size 729x17
          RenderListMarker at (-20,0) size 16x17: "6"
          RenderText {#text} at (0,0) size 131x17
            text run at (0,0) width 131: "Verify reload works."
      RenderBlock {HR} at (0,496) size 769x3 [border: (1px inset #000000)]
      RenderBlock {P} at (0,514) size 769x61
        RenderTable {TABLE} at (0,0) size 653x60 [bgcolor=#F08080] [border: (1px outset #808080)]
          RenderTableSection {TBODY} at (1,1) size 651x58
            RenderTableRow {TR} at (0,2) size 651x54
              RenderTableCell {TH} at (2,2) size 647x54 [border: (1px inset #808080)] [r=0 c=0 rs=1 cs=1]
                RenderInline {A} at (0,0) size 0x0
                RenderText {#text} at (11,11) size 95x17
                  text run at (11,11) width 95: "Test Case #1: "
                RenderInline {FONT} at (0,0) size 312x17 [color=#0000FF]
                  RenderText {#text} at (106,11) size 312x17
                    text run at (106,11) width 312: "table with header cells spanning multiple rows"
                RenderText {#text} at (418,11) size 4x17
                  text run at (418,11) width 4: " "
                RenderInline {FONT} at (0,0) size 625x30
                  RenderInline {I} at (0,0) size 625x30
                    RenderText {#text} at (422,13) size 625x30
                      text run at (422,13) width 214: "(using <TH ROWSPAN=integer value>"
                      text run at (11,28) width 22: "tag)"
                RenderText {#text} at (0,0) size 0x0
      RenderBlock {P} at (0,590) size 769x131
        RenderBlock (anonymous) at (0,0) size 769x17
          RenderBR {BR} at (0,0) size 0x17
        RenderTable {TABLE} at (0,17) size 692x113 [bgcolor=#FFD700] [border: (1px outset #808080)]
          RenderTableSection {TBODY} at (1,1) size 690x111
            RenderTableRow {TR} at (0,2) size 690x107
              RenderTableCell {TD} at (2,2) size 686x107 [border: (1px inset #808080)] [r=0 c=0 rs=1 cs=1]
                RenderInline {FONT} at (0,0) size 659x85 [color=#FF0000]
                  RenderInline {B} at (0,0) size 659x85
                    RenderText {#text} at (11,11) size 356x17
                      text run at (11,11) width 356: "In the following sample table you should see that the "
                    RenderInline {FONT} at (0,0) size 83x17 [color=#0000FF]
                      RenderText {#text} at (367,11) size 83x17
                        text run at (367,11) width 83: "ROWSPAN"
                    RenderText {#text} at (450,11) size 625x34
                      text run at (450,11) width 4: " "
                      text run at (454,11) width 182: "attribute applies an integer"
                      text run at (11,28) width 260: "value equal to the number of rows the "
                    RenderInline {FONT} at (0,0) size 70x17 [color=#0000FF]
                      RenderText {#text} at (271,28) size 70x17
                        text run at (271,28) width 70: "HEADER"
                    RenderText {#text} at (341,28) size 659x68
                      text run at (341,28) width 135: " cell is to span. This "
                      text run at (476,28) width 194: "tells the browser to make the"
                      text run at (11,45) width 637: "table header cell occupy the same vertical space as the integer number of cells specified in rows"
                      text run at (11,62) width 606: "above or below it. The browser flows the contents of the spanning cell to occupy the entire"
                      text run at (11,79) width 102: "spanned space."
      RenderBlock {P} at (0,736) size 769x35
        RenderBR {BR} at (0,0) size 0x17
        RenderBR {BR} at (0,17) size 0x17
      RenderBlock {UL} at (0,786) size 769x252
        RenderTable {TABLE} at (40,0) size 473x251 [border: (1px outset #808080)]
          RenderBlock {CAPTION} at (0,0) size 473x17
            RenderText {#text} at (97,0) size 41x17
              text run at (97,0) width 41: "Table "
            RenderInline {B} at (0,0) size 88x17
              RenderText {#text} at (137,0) size 88x17
                text run at (137,0) width 88: "Header Cells"
            RenderText {#text} at (224,0) size 152x17
              text run at (224,0) width 152: " spanning multiple rows"
          RenderTableSection {TBODY} at (1,18) size 471x232
            RenderTableRow {TR} at (0,2) size 471x21
              RenderTableCell {TH} at (2,5) size 99x38 [bgcolor=#FFE4C4] [border: (1px inset #808080)] [r=0 c=0 rs=2 cs=1]
                RenderText {#text} at (18,2) size 63x17
                  text run at (18,2) width 63: "Header 1"
                RenderBR {BR} at (80,16) size 1x0
                RenderText {#text} at (6,19) size 87x17
                  text run at (6,19) width 87: "span=2 rows"
              RenderTableCell {TD} at (103,2) size 38x21 [bgcolor=#EE82EE] [border: (1px inset #808080)] [r=0 c=1 rs=1 cs=1]
                RenderText {#text} at (2,2) size 31x17
                  text run at (2,2) width 31: "col 1"
              RenderTableCell {TD} at (143,2) size 39x21 [bgcolor=#EE82EE] [border: (1px inset #808080)] [r=0 c=2 rs=1 cs=1]
                RenderText {#text} at (2,2) size 31x17
                  text run at (2,2) width 31: "col 2"
              RenderTableCell {TD} at (184,2) size 39x21 [bgcolor=#EE82EE] [border: (1px inset #808080)] [r=0 c=3 rs=1 cs=1]
                RenderText {#text} at (2,2) size 31x17
                  text run at (2,2) width 31: "col 3"
              RenderTableCell {TD} at (225,2) size 39x21 [bgcolor=#EE82EE] [border: (1px inset #808080)] [r=0 c=4 rs=1 cs=1]
                RenderText {#text} at (2,2) size 31x17
                  text run at (2,2) width 31: "col 4"
              RenderTableCell {TD} at (266,2) size 39x21 [bgcolor=#EE82EE] [border: (1px inset #808080)] [r=0 c=5 rs=1 cs=1]
                RenderText {#text} at (2,2) size 31x17
                  text run at (2,2) width 31: "col 5"
              RenderTableCell {TD} at (307,2) size 39x21 [bgcolor=#EE82EE] [border: (1px inset #808080)] [r=0 c=6 rs=1 cs=1]
                RenderText {#text} at (2,2) size 31x17
                  text run at (2,2) width 31: "col 6"
              RenderTableCell {TD} at (348,2) size 39x21 [bgcolor=#EE82EE] [border: (1px inset #808080)] [r=0 c=7 rs=1 cs=1]
                RenderText {#text} at (2,2) size 31x17
                  text run at (2,2) width 31: "col 7"
              RenderTableCell {TD} at (389,2) size 39x21 [bgcolor=#EE82EE] [border: (1px inset #808080)] [r=0 c=8 rs=1 cs=1]
                RenderText {#text} at (2,2) size 31x17
                  text run at (2,2) width 31: "col 8"
              RenderTableCell {TD} at (430,2) size 39x21 [bgcolor=#EE82EE] [border: (1px inset #808080)] [r=0 c=9 rs=1 cs=1]
                RenderText {#text} at (2,2) size 31x17
                  text run at (2,2) width 31: "col 9"
            RenderTableRow {TR} at (0,25) size 471x21
              RenderTableCell {TD} at (103,25) size 38x21 [bgcolor=#EE82EE] [border: (1px inset #808080)] [r=1 c=1 rs=1 cs=1]
                RenderText {#text} at (2,2) size 31x17
                  text run at (2,2) width 31: "col 1"
              RenderTableCell {TD} at (143,25) size 39x21 [bgcolor=#EE82EE] [border: (1px inset #808080)] [r=1 c=2 rs=1 cs=1]
                RenderText {#text} at (2,2) size 31x17
                  text run at (2,2) width 31: "col 2"
              RenderTableCell {TD} at (184,25) size 39x21 [bgcolor=#EE82EE] [border: (1px inset #808080)] [r=1 c=3 rs=1 cs=1]
                RenderText {#text} at (2,2) size 31x17
                  text run at (2,2) width 31: "col 3"
              RenderTableCell {TD} at (225,25) size 39x21 [bgcolor=#EE82EE] [border: (1px inset #808080)] [r=1 c=4 rs=1 cs=1]
                RenderText {#text} at (2,2) size 31x17
                  text run at (2,2) width 31: "col 4"
              RenderTableCell {TD} at (266,25) size 39x21 [bgcolor=#EE82EE] [border: (1px inset #808080)] [r=1 c=5 rs=1 cs=1]
                RenderText {#text} at (2,2) size 31x17
                  text run at (2,2) width 31: "col 5"
              RenderTableCell {TD} at (307,25) size 39x21 [bgcolor=#EE82EE] [border: (1px inset #808080)] [r=1 c=6 rs=1 cs=1]
                RenderText {#text} at (2,2) size 31x17
                  text run at (2,2) width 31: "col 6"
              RenderTableCell {TD} at (348,25) size 39x21 [bgcolor=#EE82EE] [border: (1px inset #808080)] [r=1 c=7 rs=1 cs=1]
                RenderText {#text} at (2,2) size 31x17
                  text run at (2,2) width 31: "col 7"
              RenderTableCell {TD} at (389,25) size 39x21 [bgcolor=#EE82EE] [border: (1px inset #808080)] [r=1 c=8 rs=1 cs=1]
                RenderText {#text} at (2,2) size 31x17
                  text run at (2,2) width 31: "col 8"
              RenderTableCell {TD} at (430,25) size 39x21 [bgcolor=#EE82EE] [border: (1px inset #808080)] [r=1 c=9 rs=1 cs=1]
                RenderText {#text} at (2,2) size 31x17
                  text run at (2,2) width 31: "col 9"
            RenderTableRow {TR} at (0,48) size 471x21
              RenderTableCell {TH} at (2,85) size 99x38 [bgcolor=#FFE4C4] [border: (1px inset #808080)] [r=2 c=0 rs=5 cs=1]
                RenderText {#text} at (18,2) size 63x17
                  text run at (18,2) width 63: "Header 2"
                RenderBR {BR} at (80,16) size 1x0
                RenderText {#text} at (6,19) size 87x17
                  text run at (6,19) width 87: "span=5 rows"
              RenderTableCell {TD} at (103,48) size 38x21 [bgcolor=#90EE90] [border: (1px inset #808080)] [r=2 c=1 rs=1 cs=1]
                RenderText {#text} at (2,2) size 31x17
                  text run at (2,2) width 31: "col 1"
              RenderTableCell {TD} at (143,48) size 39x21 [bgcolor=#90EE90] [border: (1px inset #808080)] [r=2 c=2 rs=1 cs=1]
                RenderText {#text} at (2,2) size 31x17
                  text run at (2,2) width 31: "col 2"
              RenderTableCell {TD} at (184,48) size 39x21 [bgcolor=#90EE90] [border: (1px inset #808080)] [r=2 c=3 rs=1 cs=1]
                RenderText {#text} at (2,2) size 31x17
                  text run at (2,2) width 31: "col 3"
              RenderTableCell {TD} at (225,48) size 39x21 [bgcolor=#90EE90] [border: (1px inset #808080)] [r=2 c=4 rs=1 cs=1]
                RenderText {#text} at (2,2) size 31x17
                  text run at (2,2) width 31: "col 4"
              RenderTableCell {TD} at (266,48) size 39x21 [bgcolor=#90EE90] [border: (1px inset #808080)] [r=2 c=5 rs=1 cs=1]
                RenderText {#text} at (2,2) size 31x17
                  text run at (2,2) width 31: "col 5"
              RenderTableCell {TD} at (307,48) size 39x21 [bgcolor=#90EE90] [border: (1px inset #808080)] [r=2 c=6 rs=1 cs=1]
                RenderText {#text} at (2,2) size 31x17
                  text run at (2,2) width 31: "col 6"
              RenderTableCell {TD} at (348,48) size 39x21 [bgcolor=#90EE90] [border: (1px inset #808080)] [r=2 c=7 rs=1 cs=1]
                RenderText {#text} at (2,2) size 31x17
                  text run at (2,2) width 31: "col 7"
              RenderTableCell {TD} at (389,48) size 39x21 [bgcolor=#90EE90] [border: (1px inset #808080)] [r=2 c=8 rs=1 cs=1]
                RenderText {#text} at (2,2) size 31x17
                  text run at (2,2) width 31: "col 8"
              RenderTableCell {TD} at (430,48) size 39x21 [bgcolor=#90EE90] [border: (1px inset #808080)] [r=2 c=9 rs=1 cs=1]
                RenderText {#text} at (2,2) size 31x17
                  text run at (2,2) width 31: "col 9"
            RenderTableRow {TR} at (0,71) size 471x21
              RenderTableCell {TD} at (103,71) size 38x21 [bgcolor=#90EE90] [border: (1px inset #808080)] [r=3 c=1 rs=1 cs=1]
                RenderText {#text} at (2,2) size 31x17
                  text run at (2,2) width 31: "col 1"
              RenderTableCell {TD} at (143,71) size 39x21 [bgcolor=#90EE90] [border: (1px inset #808080)] [r=3 c=2 rs=1 cs=1]
                RenderText {#text} at (2,2) size 31x17
                  text run at (2,2) width 31: "col 2"
              RenderTableCell {TD} at (184,71) size 39x21 [bgcolor=#90EE90] [border: (1px inset #808080)] [r=3 c=3 rs=1 cs=1]
                RenderText {#text} at (2,2) size 31x17
                  text run at (2,2) width 31: "col 3"
              RenderTableCell {TD} at (225,71) size 39x21 [bgcolor=#90EE90] [border: (1px inset #808080)] [r=3 c=4 rs=1 cs=1]
                RenderText {#text} at (2,2) size 31x17
                  text run at (2,2) width 31: "col 4"
              RenderTableCell {TD} at (266,71) size 39x21 [bgcolor=#90EE90] [border: (1px inset #808080)] [r=3 c=5 rs=1 cs=1]
                RenderText {#text} at (2,2) size 31x17
                  text run at (2,2) width 31: "col 5"
              RenderTableCell {TD} at (307,71) size 39x21 [bgcolor=#90EE90] [border: (1px inset #808080)] [r=3 c=6 rs=1 cs=1]
                RenderText {#text} at (2,2) size 31x17
                  text run at (2,2) width 31: "col 6"
              RenderTableCell {TD} at (348,71) size 39x21 [bgcolor=#90EE90] [border: (1px inset #808080)] [r=3 c=7 rs=1 cs=1]
                RenderText {#text} at (2,2) size 31x17
                  text run at (2,2) width 31: "col 7"
              RenderTableCell {TD} at (389,71) size 39x21 [bgcolor=#90EE90] [border: (1px inset #808080)] [r=3 c=8 rs=1 cs=1]
                RenderText {#text} at (2,2) size 31x17
                  text run at (2,2) width 31: "col 8"
              RenderTableCell {TD} at (430,71) size 39x21 [bgcolor=#90EE90] [border: (1px inset #808080)] [r=3 c=9 rs=1 cs=1]
                RenderText {#text} at (2,2) size 31x17
                  text run at (2,2) width 31: "col 9"
            RenderTableRow {TR} at (0,94) size 471x21 [bgcolor=#FFE4C4]
              RenderTableCell {TD} at (103,94) size 38x21 [bgcolor=#90EE90] [border: (1px inset #808080)] [r=4 c=1 rs=1 cs=1]
                RenderText {#text} at (2,2) size 31x17
                  text run at (2,2) width 31: "col 1"
              RenderTableCell {TD} at (143,94) size 39x21 [bgcolor=#90EE90] [border: (1px inset #808080)] [r=4 c=2 rs=1 cs=1]
                RenderText {#text} at (2,2) size 31x17
                  text run at (2,2) width 31: "col 2"
              RenderTableCell {TD} at (184,94) size 39x21 [bgcolor=#90EE90] [border: (1px inset #808080)] [r=4 c=3 rs=1 cs=1]
                RenderText {#text} at (2,2) size 31x17
                  text run at (2,2) width 31: "col 3"
              RenderTableCell {TD} at (225,94) size 39x21 [bgcolor=#90EE90] [border: (1px inset #808080)] [r=4 c=4 rs=1 cs=1]
                RenderText {#text} at (2,2) size 31x17
                  text run at (2,2) width 31: "col 4"
              RenderTableCell {TD} at (266,94) size 39x21 [bgcolor=#90EE90] [border: (1px inset #808080)] [r=4 c=5 rs=1 cs=1]
                RenderText {#text} at (2,2) size 31x17
                  text run at (2,2) width 31: "col 5"
              RenderTableCell {TD} at (307,94) size 39x21 [bgcolor=#90EE90] [border: (1px inset #808080)] [r=4 c=6 rs=1 cs=1]
                RenderText {#text} at (2,2) size 31x17
                  text run at (2,2) width 31: "col 6"
              RenderTableCell {TD} at (348,94) size 39x21 [bgcolor=#90EE90] [border: (1px inset #808080)] [r=4 c=7 rs=1 cs=1]
                RenderText {#text} at (2,2) size 31x17
                  text run at (2,2) width 31: "col 7"
              RenderTableCell {TD} at (389,94) size 39x21 [bgcolor=#90EE90] [border: (1px inset #808080)] [r=4 c=8 rs=1 cs=1]
                RenderText {#text} at (2,2) size 31x17
                  text run at (2,2) width 31: "col 8"
              RenderTableCell {TD} at (430,94) size 39x21 [bgcolor=#90EE90] [border: (1px inset #808080)] [r=4 c=9 rs=1 cs=1]
                RenderText {#text} at (2,2) size 31x17
                  text run at (2,2) width 31: "col 9"
            RenderTableRow {TR} at (0,117) size 471x21
              RenderTableCell {TD} at (103,117) size 38x21 [bgcolor=#90EE90] [border: (1px inset #808080)] [r=5 c=1 rs=1 cs=1]
                RenderText {#text} at (2,2) size 31x17
                  text run at (2,2) width 31: "col 1"
              RenderTableCell {TD} at (143,117) size 39x21 [bgcolor=#90EE90] [border: (1px inset #808080)] [r=5 c=2 rs=1 cs=1]
                RenderText {#text} at (2,2) size 31x17
                  text run at (2,2) width 31: "col 2"
              RenderTableCell {TD} at (184,117) size 39x21 [bgcolor=#90EE90] [border: (1px inset #808080)] [r=5 c=3 rs=1 cs=1]
                RenderText {#text} at (2,2) size 31x17
                  text run at (2,2) width 31: "col 3"
              RenderTableCell {TD} at (225,117) size 39x21 [bgcolor=#90EE90] [border: (1px inset #808080)] [r=5 c=4 rs=1 cs=1]
                RenderText {#text} at (2,2) size 31x17
                  text run at (2,2) width 31: "col 4"
              RenderTableCell {TD} at (266,117) size 39x21 [bgcolor=#90EE90] [border: (1px inset #808080)] [r=5 c=5 rs=1 cs=1]
                RenderText {#text} at (2,2) size 31x17
                  text run at (2,2) width 31: "col 5"
              RenderTableCell {TD} at (307,117) size 39x21 [bgcolor=#90EE90] [border: (1px inset #808080)] [r=5 c=6 rs=1 cs=1]
                RenderText {#text} at (2,2) size 31x17
                  text run at (2,2) width 31: "col 6"
              RenderTableCell {TD} at (348,117) size 39x21 [bgcolor=#90EE90] [border: (1px inset #808080)] [r=5 c=7 rs=1 cs=1]
                RenderText {#text} at (2,2) size 31x17
                  text run at (2,2) width 31: "col 7"
              RenderTableCell {TD} at (389,117) size 39x21 [bgcolor=#90EE90] [border: (1px inset #808080)] [r=5 c=8 rs=1 cs=1]
                RenderText {#text} at (2,2) size 31x17
                  text run at (2,2) width 31: "col 8"
              RenderTableCell {TD} at (430,117) size 39x21 [bgcolor=#90EE90] [border: (1px inset #808080)] [r=5 c=9 rs=1 cs=1]
                RenderText {#text} at (2,2) size 31x17
                  text run at (2,2) width 31: "col 9"
            RenderTableRow {TR} at (0,140) size 471x21
              RenderTableCell {TD} at (103,140) size 38x21 [bgcolor=#90EE90] [border: (1px inset #808080)] [r=6 c=1 rs=1 cs=1]
                RenderText {#text} at (2,2) size 31x17
                  text run at (2,2) width 31: "col 1"
              RenderTableCell {TD} at (143,140) size 39x21 [bgcolor=#90EE90] [border: (1px inset #808080)] [r=6 c=2 rs=1 cs=1]
                RenderText {#text} at (2,2) size 31x17
                  text run at (2,2) width 31: "col 2"
              RenderTableCell {TD} at (184,140) size 39x21 [bgcolor=#90EE90] [border: (1px inset #808080)] [r=6 c=3 rs=1 cs=1]
                RenderText {#text} at (2,2) size 31x17
                  text run at (2,2) width 31: "col 3"
              RenderTableCell {TD} at (225,140) size 39x21 [bgcolor=#90EE90] [border: (1px inset #808080)] [r=6 c=4 rs=1 cs=1]
                RenderText {#text} at (2,2) size 31x17
                  text run at (2,2) width 31: "col 4"
              RenderTableCell {TD} at (266,140) size 39x21 [bgcolor=#90EE90] [border: (1px inset #808080)] [r=6 c=5 rs=1 cs=1]
                RenderText {#text} at (2,2) size 31x17
                  text run at (2,2) width 31: "col 5"
              RenderTableCell {TD} at (307,140) size 39x21 [bgcolor=#90EE90] [border: (1px inset #808080)] [r=6 c=6 rs=1 cs=1]
                RenderText {#text} at (2,2) size 31x17
                  text run at (2,2) width 31: "col 6"
              RenderTableCell {TD} at (348,140) size 39x21 [bgcolor=#90EE90] [border: (1px inset #808080)] [r=6 c=7 rs=1 cs=1]
                RenderText {#text} at (2,2) size 31x17
                  text run at (2,2) width 31: "col 7"
              RenderTableCell {TD} at (389,140) size 39x21 [bgcolor=#90EE90] [border: (1px inset #808080)] [r=6 c=8 rs=1 cs=1]
                RenderText {#text} at (2,2) size 31x17
                  text run at (2,2) width 31: "col 8"
              RenderTableCell {TD} at (430,140) size 39x21 [bgcolor=#90EE90] [border: (1px inset #808080)] [r=6 c=9 rs=1 cs=1]
                RenderText {#text} at (2,2) size 31x17
                  text run at (2,2) width 31: "col 9"
            RenderTableRow {TR} at (0,163) size 471x21
              RenderTableCell {TH} at (2,177) size 99x38 [bgcolor=#FFE4C4] [border: (1px inset #808080)] [r=7 c=0 rs=3 cs=1]
                RenderText {#text} at (18,2) size 63x17
                  text run at (18,2) width 63: "Header 3"
                RenderBR {BR} at (80,16) size 1x0
                RenderText {#text} at (6,19) size 87x17
                  text run at (6,19) width 87: "span=3 rows"
              RenderTableCell {TD} at (103,163) size 38x21 [bgcolor=#ADD8E6] [border: (1px inset #808080)] [r=7 c=1 rs=1 cs=1]
                RenderText {#text} at (2,2) size 31x17
                  text run at (2,2) width 31: "col 1"
              RenderTableCell {TD} at (143,163) size 39x21 [bgcolor=#ADD8E6] [border: (1px inset #808080)] [r=7 c=2 rs=1 cs=1]
                RenderText {#text} at (2,2) size 31x17
                  text run at (2,2) width 31: "col 2"
              RenderTableCell {TD} at (184,163) size 39x21 [bgcolor=#ADD8E6] [border: (1px inset #808080)] [r=7 c=3 rs=1 cs=1]
                RenderText {#text} at (2,2) size 31x17
                  text run at (2,2) width 31: "col 3"
              RenderTableCell {TD} at (225,163) size 39x21 [bgcolor=#ADD8E6] [border: (1px inset #808080)] [r=7 c=4 rs=1 cs=1]
                RenderText {#text} at (2,2) size 31x17
                  text run at (2,2) width 31: "col 4"
              RenderTableCell {TD} at (266,163) size 39x21 [bgcolor=#ADD8E6] [border: (1px inset #808080)] [r=7 c=5 rs=1 cs=1]
                RenderText {#text} at (2,2) size 31x17
                  text run at (2,2) width 31: "col 5"
              RenderTableCell {TD} at (307,163) size 39x21 [bgcolor=#ADD8E6] [border: (1px inset #808080)] [r=7 c=6 rs=1 cs=1]
                RenderText {#text} at (2,2) size 31x17
                  text run at (2,2) width 31: "col 6"
              RenderTableCell {TD} at (348,163) size 39x21 [bgcolor=#ADD8E6] [border: (1px inset #808080)] [r=7 c=7 rs=1 cs=1]
                RenderText {#text} at (2,2) size 31x17
                  text run at (2,2) width 31: "col 7"
              RenderTableCell {TD} at (389,163) size 39x21 [bgcolor=#ADD8E6] [border: (1px inset #808080)] [r=7 c=8 rs=1 cs=1]
                RenderText {#text} at (2,2) size 31x17
                  text run at (2,2) width 31: "col 8"
              RenderTableCell {TD} at (430,163) size 39x21 [bgcolor=#ADD8E6] [border: (1px inset #808080)] [r=7 c=9 rs=1 cs=1]
                RenderText {#text} at (2,2) size 31x17
                  text run at (2,2) width 31: "col 9"
            RenderTableRow {TR} at (0,186) size 471x21
              RenderTableCell {TD} at (103,186) size 38x21 [bgcolor=#ADD8E6] [border: (1px inset #808080)] [r=8 c=1 rs=1 cs=1]
                RenderText {#text} at (2,2) size 31x17
                  text run at (2,2) width 31: "col 1"
              RenderTableCell {TD} at (143,186) size 39x21 [bgcolor=#ADD8E6] [border: (1px inset #808080)] [r=8 c=2 rs=1 cs=1]
                RenderText {#text} at (2,2) size 31x17
                  text run at (2,2) width 31: "col 2"
              RenderTableCell {TD} at (184,186) size 39x21 [bgcolor=#ADD8E6] [border: (1px inset #808080)] [r=8 c=3 rs=1 cs=1]
                RenderText {#text} at (2,2) size 31x17
                  text run at (2,2) width 31: "col 3"
              RenderTableCell {TD} at (225,186) size 39x21 [bgcolor=#ADD8E6] [border: (1px inset #808080)] [r=8 c=4 rs=1 cs=1]
                RenderText {#text} at (2,2) size 31x17
                  text run at (2,2) width 31: "col 4"
              RenderTableCell {TD} at (266,186) size 39x21 [bgcolor=#ADD8E6] [border: (1px inset #808080)] [r=8 c=5 rs=1 cs=1]
                RenderText {#text} at (2,2) size 31x17
                  text run at (2,2) width 31: "col 5"
              RenderTableCell {TD} at (307,186) size 39x21 [bgcolor=#ADD8E6] [border: (1px inset #808080)] [r=8 c=6 rs=1 cs=1]
                RenderText {#text} at (2,2) size 31x17
                  text run at (2,2) width 31: "col 6"
              RenderTableCell {TD} at (348,186) size 39x21 [bgcolor=#ADD8E6] [border: (1px inset #808080)] [r=8 c=7 rs=1 cs=1]
                RenderText {#text} at (2,2) size 31x17
                  text run at (2,2) width 31: "col 7"
              RenderTableCell {TD} at (389,186) size 39x21 [bgcolor=#ADD8E6] [border: (1px inset #808080)] [r=8 c=8 rs=1 cs=1]
                RenderText {#text} at (2,2) size 31x17
                  text run at (2,2) width 31: "col 8"
              RenderTableCell {TD} at (430,186) size 39x21 [bgcolor=#ADD8E6] [border: (1px inset #808080)] [r=8 c=9 rs=1 cs=1]
                RenderText {#text} at (2,2) size 31x17
                  text run at (2,2) width 31: "col 9"
            RenderTableRow {TR} at (0,209) size 471x21
              RenderTableCell {TD} at (103,209) size 38x21 [bgcolor=#ADD8E6] [border: (1px inset #808080)] [r=9 c=1 rs=1 cs=1]
                RenderText {#text} at (2,2) size 31x17
                  text run at (2,2) width 31: "col 1"
              RenderTableCell {TD} at (143,209) size 39x21 [bgcolor=#ADD8E6] [border: (1px inset #808080)] [r=9 c=2 rs=1 cs=1]
                RenderText {#text} at (2,2) size 31x17
                  text run at (2,2) width 31: "col 2"
              RenderTableCell {TD} at (184,209) size 39x21 [bgcolor=#ADD8E6] [border: (1px inset #808080)] [r=9 c=3 rs=1 cs=1]
                RenderText {#text} at (2,2) size 31x17
                  text run at (2,2) width 31: "col 3"
              RenderTableCell {TD} at (225,209) size 39x21 [bgcolor=#ADD8E6] [border: (1px inset #808080)] [r=9 c=4 rs=1 cs=1]
                RenderText {#text} at (2,2) size 31x17
                  text run at (2,2) width 31: "col 4"
              RenderTableCell {TD} at (266,209) size 39x21 [bgcolor=#ADD8E6] [border: (1px inset #808080)] [r=9 c=5 rs=1 cs=1]
                RenderText {#text} at (2,2) size 31x17
                  text run at (2,2) width 31: "col 5"
              RenderTableCell {TD} at (307,209) size 39x21 [bgcolor=#ADD8E6] [border: (1px inset #808080)] [r=9 c=6 rs=1 cs=1]
                RenderText {#text} at (2,2) size 31x17
                  text run at (2,2) width 31: "col 6"
              RenderTableCell {TD} at (348,209) size 39x21 [bgcolor=#ADD8E6] [border: (1px inset #808080)] [r=9 c=7 rs=1 cs=1]
                RenderText {#text} at (2,2) size 31x17
                  text run at (2,2) width 31: "col 7"
              RenderTableCell {TD} at (389,209) size 39x21 [bgcolor=#ADD8E6] [border: (1px inset #808080)] [r=9 c=8 rs=1 cs=1]
                RenderText {#text} at (2,2) size 31x17
                  text run at (2,2) width 31: "col 8"
              RenderTableCell {TD} at (430,209) size 39x21 [bgcolor=#ADD8E6] [border: (1px inset #808080)] [r=9 c=9 rs=1 cs=1]
                RenderText {#text} at (2,2) size 31x17
                  text run at (2,2) width 31: "col 9"
      RenderBlock {P} at (0,1053) size 769x0
      RenderBlock {HR} at (0,1053) size 769x3 [border: (1px inset #000000)]
      RenderBlock {P} at (0,1071) size 769x61
        RenderTable {TABLE} at (0,0) size 653x60 [bgcolor=#F08080] [border: (1px outset #808080)]
          RenderTableSection {TBODY} at (1,1) size 651x58
            RenderTableRow {TR} at (0,2) size 651x54
              RenderTableCell {TH} at (2,2) size 647x54 [border: (1px inset #808080)] [r=0 c=0 rs=1 cs=1]
                RenderInline {A} at (0,0) size 0x0
                RenderText {#text} at (11,11) size 95x17
                  text run at (11,11) width 95: "Test Case #2: "
                RenderInline {FONT} at (0,0) size 295x17 [color=#0000FF]
                  RenderText {#text} at (106,11) size 295x17
                    text run at (106,11) width 295: "table with data cells spanning multiple rows"
                RenderText {#text} at (401,11) size 4x17
                  text run at (401,11) width 4: " "
                RenderInline {FONT} at (0,0) size 607x30
                  RenderInline {I} at (0,0) size 607x30
                    RenderText {#text} at (405,13) size 607x30
                      text run at (405,13) width 213: "(using <TD ROWSPAN=integer value>"
                      text run at (11,28) width 22: "tag)"
                RenderText {#text} at (0,0) size 0x0
      RenderBlock {P} at (0,1147) size 769x131
        RenderBlock (anonymous) at (0,0) size 769x17
          RenderBR {BR} at (0,0) size 0x17
        RenderTable {TABLE} at (0,17) size 692x113 [bgcolor=#FFD700] [border: (1px outset #808080)]
          RenderTableSection {TBODY} at (1,1) size 690x111
            RenderTableRow {TR} at (0,2) size 690x107
              RenderTableCell {TD} at (2,2) size 686x107 [border: (1px inset #808080)] [r=0 c=0 rs=1 cs=1]
                RenderInline {FONT} at (0,0) size 664x85 [color=#FF0000]
                  RenderInline {B} at (0,0) size 664x85
                    RenderText {#text} at (11,11) size 356x17
                      text run at (11,11) width 356: "In the following sample table you should see that the "
                    RenderInline {FONT} at (0,0) size 83x17 [color=#0000FF]
                      RenderText {#text} at (367,11) size 83x17
                        text run at (367,11) width 83: "ROWSPAN"
                    RenderText {#text} at (450,11) size 625x34
                      text run at (450,11) width 4: " "
                      text run at (454,11) width 182: "attribute applies an integer"
                      text run at (11,28) width 260: "value equal to the number of rows the "
                    RenderInline {FONT} at (0,0) size 47x17 [color=#0000FF]
                      RenderText {#text} at (271,28) size 47x17
                        text run at (271,28) width 47: "DATA"
                    RenderText {#text} at (318,28) size 664x68
                      text run at (318,28) width 135: " cell is to span. This "
                      text run at (453,28) width 194: "tells the browser to make the"
                      text run at (11,45) width 624: "table data cell occupy the same vertical space as the integer number of cells specified in rows "
                      text run at (635,45) width 40: "above"
                      text run at (11,62) width 623: "or below it. The browser flows the contents of the spanning cell to occupy the entire spanned"
                      text run at (11,79) width 41: "space."
      RenderBlock {P} at (0,1293) size 769x35
        RenderBR {BR} at (0,0) size 0x17
        RenderBR {BR} at (0,17) size 0x17
      RenderBlock {UL} at (0,1343) size 769x252
        RenderTable {TABLE} at (40,0) size 473x251 [border: (1px outset #808080)]
          RenderBlock {CAPTION} at (0,0) size 473x17
            RenderText {#text} at (106,0) size 40x17
              text run at (106,0) width 40: "Table "
            RenderInline {B} at (0,0) size 70x17
              RenderText {#text} at (146,0) size 70x17
                text run at (146,0) width 70: "Data Cells"
            RenderText {#text} at (216,0) size 151x17
              text run at (216,0) width 151: " spanning multiple rows"
          RenderTableSection {TBODY} at (1,18) size 471x232
            RenderTableRow {TR} at (0,2) size 471x21
              RenderTableCell {TH} at (2,2) size 40x21 [bgcolor=#EE82EE] [border: (1px inset #808080)] [r=0 c=0 rs=1 cs=1]
                RenderText {#text} at (2,2) size 36x17
                  text run at (2,2) width 36: "Head"
              RenderTableCell {TD} at (44,5) size 86x38 [bgcolor=#FFFACD] [border: (1px inset #808080)] [r=0 c=1 rs=2 cs=1]
                RenderText {#text} at (2,2) size 42x17
                  text run at (2,2) width 42: "Data 1"
                RenderBR {BR} at (44,16) size 0x0
                RenderText {#text} at (2,19) size 81x17
                  text run at (2,19) width 81: "span=2 rows"
              RenderTableCell {TD} at (132,2) size 35x21 [bgcolor=#EE82EE] [border: (1px inset #808080)] [r=0 c=2 rs=1 cs=1]
                RenderText {#text} at (2,2) size 31x17
                  text run at (2,2) width 31: "col 1"
              RenderTableCell {TD} at (169,2) size 35x21 [bgcolor=#EE82EE] [border: (1px inset #808080)] [r=0 c=3 rs=1 cs=1]
                RenderText {#text} at (2,2) size 31x17
                  text run at (2,2) width 31: "col 2"
              RenderTableCell {TD} at (206,2) size 35x21 [bgcolor=#EE82EE] [border: (1px inset #808080)] [r=0 c=4 rs=1 cs=1]
                RenderText {#text} at (2,2) size 31x17
                  text run at (2,2) width 31: "col 3"
              RenderTableCell {TD} at (243,2) size 36x21 [bgcolor=#EE82EE] [border: (1px inset #808080)] [r=0 c=5 rs=1 cs=1]
                RenderText {#text} at (2,2) size 31x17
                  text run at (2,2) width 31: "col 4"
              RenderTableCell {TD} at (281,2) size 36x21 [bgcolor=#EE82EE] [border: (1px inset #808080)] [r=0 c=6 rs=1 cs=1]
                RenderText {#text} at (2,2) size 31x17
                  text run at (2,2) width 31: "col 5"
              RenderTableCell {TD} at (319,2) size 36x21 [bgcolor=#EE82EE] [border: (1px inset #808080)] [r=0 c=7 rs=1 cs=1]
                RenderText {#text} at (2,2) size 31x17
                  text run at (2,2) width 31: "col 6"
              RenderTableCell {TD} at (357,2) size 36x21 [bgcolor=#EE82EE] [border: (1px inset #808080)] [r=0 c=8 rs=1 cs=1]
                RenderText {#text} at (2,2) size 31x17
                  text run at (2,2) width 31: "col 7"
              RenderTableCell {TD} at (395,2) size 36x21 [bgcolor=#EE82EE] [border: (1px inset #808080)] [r=0 c=9 rs=1 cs=1]
                RenderText {#text} at (2,2) size 31x17
                  text run at (2,2) width 31: "col 8"
              RenderTableCell {TD} at (433,2) size 36x21 [bgcolor=#EE82EE] [border: (1px inset #808080)] [r=0 c=10 rs=1 cs=1]
                RenderText {#text} at (2,2) size 31x17
                  text run at (2,2) width 31: "col 9"
            RenderTableRow {TR} at (0,25) size 471x21
              RenderTableCell {TH} at (2,25) size 40x21 [bgcolor=#EE82EE] [border: (1px inset #808080)] [r=1 c=0 rs=1 cs=1]
                RenderText {#text} at (2,2) size 36x17
                  text run at (2,2) width 36: "Head"
              RenderTableCell {TD} at (132,25) size 35x21 [bgcolor=#EE82EE] [border: (1px inset #808080)] [r=1 c=2 rs=1 cs=1]
                RenderText {#text} at (2,2) size 31x17
                  text run at (2,2) width 31: "col 1"
              RenderTableCell {TD} at (169,25) size 35x21 [bgcolor=#EE82EE] [border: (1px inset #808080)] [r=1 c=3 rs=1 cs=1]
                RenderText {#text} at (2,2) size 31x17
                  text run at (2,2) width 31: "col 2"
              RenderTableCell {TD} at (206,25) size 35x21 [bgcolor=#EE82EE] [border: (1px inset #808080)] [r=1 c=4 rs=1 cs=1]
                RenderText {#text} at (2,2) size 31x17
                  text run at (2,2) width 31: "col 3"
              RenderTableCell {TD} at (243,25) size 36x21 [bgcolor=#EE82EE] [border: (1px inset #808080)] [r=1 c=5 rs=1 cs=1]
                RenderText {#text} at (2,2) size 31x17
                  text run at (2,2) width 31: "col 4"
              RenderTableCell {TD} at (281,25) size 36x21 [bgcolor=#EE82EE] [border: (1px inset #808080)] [r=1 c=6 rs=1 cs=1]
                RenderText {#text} at (2,2) size 31x17
                  text run at (2,2) width 31: "col 5"
              RenderTableCell {TD} at (319,25) size 36x21 [bgcolor=#EE82EE] [border: (1px inset #808080)] [r=1 c=7 rs=1 cs=1]
                RenderText {#text} at (2,2) size 31x17
                  text run at (2,2) width 31: "col 6"
              RenderTableCell {TD} at (357,25) size 36x21 [bgcolor=#EE82EE] [border: (1px inset #808080)] [r=1 c=8 rs=1 cs=1]
                RenderText {#text} at (2,2) size 31x17
                  text run at (2,2) width 31: "col 7"
              RenderTableCell {TD} at (395,25) size 36x21 [bgcolor=#EE82EE] [border: (1px inset #808080)] [r=1 c=9 rs=1 cs=1]
                RenderText {#text} at (2,2) size 31x17
                  text run at (2,2) width 31: "col 8"
              RenderTableCell {TD} at (433,25) size 36x21 [bgcolor=#EE82EE] [border: (1px inset #808080)] [r=1 c=10 rs=1 cs=1]
                RenderText {#text} at (2,2) size 31x17
                  text run at (2,2) width 31: "col 9"
            RenderTableRow {TR} at (0,48) size 471x21
              RenderTableCell {TH} at (2,48) size 40x21 [bgcolor=#90EE90] [border: (1px inset #808080)] [r=2 c=0 rs=1 cs=1]
                RenderText {#text} at (2,2) size 36x17
                  text run at (2,2) width 36: "Head"
              RenderTableCell {TD} at (44,85) size 86x38 [bgcolor=#FFFACD] [border: (1px inset #808080)] [r=2 c=1 rs=5 cs=1]
                RenderText {#text} at (2,2) size 42x17
                  text run at (2,2) width 42: "Data 2"
                RenderBR {BR} at (44,16) size 0x0
                RenderText {#text} at (2,19) size 81x17
                  text run at (2,19) width 81: "span=5 rows"
              RenderTableCell {TD} at (132,48) size 35x21 [bgcolor=#90EE90] [border: (1px inset #808080)] [r=2 c=2 rs=1 cs=1]
                RenderText {#text} at (2,2) size 31x17
                  text run at (2,2) width 31: "col 1"
              RenderTableCell {TD} at (169,48) size 35x21 [bgcolor=#90EE90] [border: (1px inset #808080)] [r=2 c=3 rs=1 cs=1]
                RenderText {#text} at (2,2) size 31x17
                  text run at (2,2) width 31: "col 2"
              RenderTableCell {TD} at (206,48) size 35x21 [bgcolor=#90EE90] [border: (1px inset #808080)] [r=2 c=4 rs=1 cs=1]
                RenderText {#text} at (2,2) size 31x17
                  text run at (2,2) width 31: "col 3"
              RenderTableCell {TD} at (243,48) size 36x21 [bgcolor=#90EE90] [border: (1px inset #808080)] [r=2 c=5 rs=1 cs=1]
                RenderText {#text} at (2,2) size 31x17
                  text run at (2,2) width 31: "col 4"
              RenderTableCell {TD} at (281,48) size 36x21 [bgcolor=#90EE90] [border: (1px inset #808080)] [r=2 c=6 rs=1 cs=1]
                RenderText {#text} at (2,2) size 31x17
                  text run at (2,2) width 31: "col 5"
              RenderTableCell {TD} at (319,48) size 36x21 [bgcolor=#90EE90] [border: (1px inset #808080)] [r=2 c=7 rs=1 cs=1]
                RenderText {#text} at (2,2) size 31x17
                  text run at (2,2) width 31: "col 6"
              RenderTableCell {TD} at (357,48) size 36x21 [bgcolor=#90EE90] [border: (1px inset #808080)] [r=2 c=8 rs=1 cs=1]
                RenderText {#text} at (2,2) size 31x17
                  text run at (2,2) width 31: "col 7"
              RenderTableCell {TD} at (395,48) size 36x21 [bgcolor=#90EE90] [border: (1px inset #808080)] [r=2 c=9 rs=1 cs=1]
                RenderText {#text} at (2,2) size 31x17
                  text run at (2,2) width 31: "col 8"
              RenderTableCell {TD} at (433,48) size 36x21 [bgcolor=#90EE90] [border: (1px inset #808080)] [r=2 c=10 rs=1 cs=1]
                RenderText {#text} at (2,2) size 31x17
                  text run at (2,2) width 31: "col 9"
            RenderTableRow {TR} at (0,71) size 471x21
              RenderTableCell {TH} at (2,71) size 40x21 [bgcolor=#90EE90] [border: (1px inset #808080)] [r=3 c=0 rs=1 cs=1]
                RenderText {#text} at (2,2) size 36x17
                  text run at (2,2) width 36: "Head"
              RenderTableCell {TD} at (132,71) size 35x21 [bgcolor=#90EE90] [border: (1px inset #808080)] [r=3 c=2 rs=1 cs=1]
                RenderText {#text} at (2,2) size 31x17
                  text run at (2,2) width 31: "col 1"
              RenderTableCell {TD} at (169,71) size 35x21 [bgcolor=#90EE90] [border: (1px inset #808080)] [r=3 c=3 rs=1 cs=1]
                RenderText {#text} at (2,2) size 31x17
                  text run at (2,2) width 31: "col 2"
              RenderTableCell {TD} at (206,71) size 35x21 [bgcolor=#90EE90] [border: (1px inset #808080)] [r=3 c=4 rs=1 cs=1]
                RenderText {#text} at (2,2) size 31x17
                  text run at (2,2) width 31: "col 3"
              RenderTableCell {TD} at (243,71) size 36x21 [bgcolor=#90EE90] [border: (1px inset #808080)] [r=3 c=5 rs=1 cs=1]
                RenderText {#text} at (2,2) size 31x17
                  text run at (2,2) width 31: "col 4"
              RenderTableCell {TD} at (281,71) size 36x21 [bgcolor=#90EE90] [border: (1px inset #808080)] [r=3 c=6 rs=1 cs=1]
                RenderText {#text} at (2,2) size 31x17
                  text run at (2,2) width 31: "col 5"
              RenderTableCell {TD} at (319,71) size 36x21 [bgcolor=#90EE90] [border: (1px inset #808080)] [r=3 c=7 rs=1 cs=1]
                RenderText {#text} at (2,2) size 31x17
                  text run at (2,2) width 31: "col 6"
              RenderTableCell {TD} at (357,71) size 36x21 [bgcolor=#90EE90] [border: (1px inset #808080)] [r=3 c=8 rs=1 cs=1]
                RenderText {#text} at (2,2) size 31x17
                  text run at (2,2) width 31: "col 7"
              RenderTableCell {TD} at (395,71) size 36x21 [bgcolor=#90EE90] [border: (1px inset #808080)] [r=3 c=9 rs=1 cs=1]
                RenderText {#text} at (2,2) size 31x17
                  text run at (2,2) width 31: "col 8"
              RenderTableCell {TD} at (433,71) size 36x21 [bgcolor=#90EE90] [border: (1px inset #808080)] [r=3 c=10 rs=1 cs=1]
                RenderText {#text} at (2,2) size 31x17
                  text run at (2,2) width 31: "col 9"
            RenderTableRow {TR} at (0,94) size 471x21
              RenderTableCell {TH} at (2,94) size 40x21 [bgcolor=#90EE90] [border: (1px inset #808080)] [r=4 c=0 rs=1 cs=1]
                RenderText {#text} at (2,2) size 36x17
                  text run at (2,2) width 36: "Head"
              RenderTableCell {TD} at (132,94) size 35x21 [bgcolor=#90EE90] [border: (1px inset #808080)] [r=4 c=2 rs=1 cs=1]
                RenderText {#text} at (2,2) size 31x17
                  text run at (2,2) width 31: "col 1"
              RenderTableCell {TD} at (169,94) size 35x21 [bgcolor=#90EE90] [border: (1px inset #808080)] [r=4 c=3 rs=1 cs=1]
                RenderText {#text} at (2,2) size 31x17
                  text run at (2,2) width 31: "col 2"
              RenderTableCell {TD} at (206,94) size 35x21 [bgcolor=#90EE90] [border: (1px inset #808080)] [r=4 c=4 rs=1 cs=1]
                RenderText {#text} at (2,2) size 31x17
                  text run at (2,2) width 31: "col 3"
              RenderTableCell {TD} at (243,94) size 36x21 [bgcolor=#90EE90] [border: (1px inset #808080)] [r=4 c=5 rs=1 cs=1]
                RenderText {#text} at (2,2) size 31x17
                  text run at (2,2) width 31: "col 4"
              RenderTableCell {TD} at (281,94) size 36x21 [bgcolor=#90EE90] [border: (1px inset #808080)] [r=4 c=6 rs=1 cs=1]
                RenderText {#text} at (2,2) size 31x17
                  text run at (2,2) width 31: "col 5"
              RenderTableCell {TD} at (319,94) size 36x21 [bgcolor=#90EE90] [border: (1px inset #808080)] [r=4 c=7 rs=1 cs=1]
                RenderText {#text} at (2,2) size 31x17
                  text run at (2,2) width 31: "col 6"
              RenderTableCell {TD} at (357,94) size 36x21 [bgcolor=#90EE90] [border: (1px inset #808080)] [r=4 c=8 rs=1 cs=1]
                RenderText {#text} at (2,2) size 31x17
                  text run at (2,2) width 31: "col 7"
              RenderTableCell {TD} at (395,94) size 36x21 [bgcolor=#90EE90] [border: (1px inset #808080)] [r=4 c=9 rs=1 cs=1]
                RenderText {#text} at (2,2) size 31x17
                  text run at (2,2) width 31: "col 8"
              RenderTableCell {TD} at (433,94) size 36x21 [bgcolor=#90EE90] [border: (1px inset #808080)] [r=4 c=10 rs=1 cs=1]
                RenderText {#text} at (2,2) size 31x17
                  text run at (2,2) width 31: "col 9"
            RenderTableRow {TR} at (0,117) size 471x21
              RenderTableCell {TH} at (2,117) size 40x21 [bgcolor=#90EE90] [border: (1px inset #808080)] [r=5 c=0 rs=1 cs=1]
                RenderText {#text} at (2,2) size 36x17
                  text run at (2,2) width 36: "Head"
              RenderTableCell {TD} at (132,117) size 35x21 [bgcolor=#90EE90] [border: (1px inset #808080)] [r=5 c=2 rs=1 cs=1]
                RenderText {#text} at (2,2) size 31x17
                  text run at (2,2) width 31: "col 1"
              RenderTableCell {TD} at (169,117) size 35x21 [bgcolor=#90EE90] [border: (1px inset #808080)] [r=5 c=3 rs=1 cs=1]
                RenderText {#text} at (2,2) size 31x17
                  text run at (2,2) width 31: "col 2"
              RenderTableCell {TD} at (206,117) size 35x21 [bgcolor=#90EE90] [border: (1px inset #808080)] [r=5 c=4 rs=1 cs=1]
                RenderText {#text} at (2,2) size 31x17
                  text run at (2,2) width 31: "col 3"
              RenderTableCell {TD} at (243,117) size 36x21 [bgcolor=#90EE90] [border: (1px inset #808080)] [r=5 c=5 rs=1 cs=1]
                RenderText {#text} at (2,2) size 31x17
                  text run at (2,2) width 31: "col 4"
              RenderTableCell {TD} at (281,117) size 36x21 [bgcolor=#90EE90] [border: (1px inset #808080)] [r=5 c=6 rs=1 cs=1]
                RenderText {#text} at (2,2) size 31x17
                  text run at (2,2) width 31: "col 5"
              RenderTableCell {TD} at (319,117) size 36x21 [bgcolor=#90EE90] [border: (1px inset #808080)] [r=5 c=7 rs=1 cs=1]
                RenderText {#text} at (2,2) size 31x17
                  text run at (2,2) width 31: "col 6"
              RenderTableCell {TD} at (357,117) size 36x21 [bgcolor=#90EE90] [border: (1px inset #808080)] [r=5 c=8 rs=1 cs=1]
                RenderText {#text} at (2,2) size 31x17
                  text run at (2,2) width 31: "col 7"
              RenderTableCell {TD} at (395,117) size 36x21 [bgcolor=#90EE90] [border: (1px inset #808080)] [r=5 c=9 rs=1 cs=1]
                RenderText {#text} at (2,2) size 31x17
                  text run at (2,2) width 31: "col 8"
              RenderTableCell {TD} at (433,117) size 36x21 [bgcolor=#90EE90] [border: (1px inset #808080)] [r=5 c=10 rs=1 cs=1]
                RenderText {#text} at (2,2) size 31x17
                  text run at (2,2) width 31: "col 9"
            RenderTableRow {TR} at (0,140) size 471x21
              RenderTableCell {TH} at (2,140) size 40x21 [bgcolor=#90EE90] [border: (1px inset #808080)] [r=6 c=0 rs=1 cs=1]
                RenderText {#text} at (2,2) size 36x17
                  text run at (2,2) width 36: "Head"
              RenderTableCell {TD} at (132,140) size 35x21 [bgcolor=#90EE90] [border: (1px inset #808080)] [r=6 c=2 rs=1 cs=1]
                RenderText {#text} at (2,2) size 31x17
                  text run at (2,2) width 31: "col 1"
              RenderTableCell {TD} at (169,140) size 35x21 [bgcolor=#90EE90] [border: (1px inset #808080)] [r=6 c=3 rs=1 cs=1]
                RenderText {#text} at (2,2) size 31x17
                  text run at (2,2) width 31: "col 2"
              RenderTableCell {TD} at (206,140) size 35x21 [bgcolor=#90EE90] [border: (1px inset #808080)] [r=6 c=4 rs=1 cs=1]
                RenderText {#text} at (2,2) size 31x17
                  text run at (2,2) width 31: "col 3"
              RenderTableCell {TD} at (243,140) size 36x21 [bgcolor=#90EE90] [border: (1px inset #808080)] [r=6 c=5 rs=1 cs=1]
                RenderText {#text} at (2,2) size 31x17
                  text run at (2,2) width 31: "col 4"
              RenderTableCell {TD} at (281,140) size 36x21 [bgcolor=#90EE90] [border: (1px inset #808080)] [r=6 c=6 rs=1 cs=1]
                RenderText {#text} at (2,2) size 31x17
                  text run at (2,2) width 31: "col 5"
              RenderTableCell {TD} at (319,140) size 36x21 [bgcolor=#90EE90] [border: (1px inset #808080)] [r=6 c=7 rs=1 cs=1]
                RenderText {#text} at (2,2) size 31x17
                  text run at (2,2) width 31: "col 6"
              RenderTableCell {TD} at (357,140) size 36x21 [bgcolor=#90EE90] [border: (1px inset #808080)] [r=6 c=8 rs=1 cs=1]
                RenderText {#text} at (2,2) size 31x17
                  text run at (2,2) width 31: "col 7"
              RenderTableCell {TD} at (395,140) size 36x21 [bgcolor=#90EE90] [border: (1px inset #808080)] [r=6 c=9 rs=1 cs=1]
                RenderText {#text} at (2,2) size 31x17
                  text run at (2,2) width 31: "col 8"
              RenderTableCell {TD} at (433,140) size 36x21 [bgcolor=#90EE90] [border: (1px inset #808080)] [r=6 c=10 rs=1 cs=1]
                RenderText {#text} at (2,2) size 31x17
                  text run at (2,2) width 31: "col 9"
            RenderTableRow {TR} at (0,163) size 471x21
              RenderTableCell {TH} at (2,163) size 40x21 [bgcolor=#ADD8E6] [border: (1px inset #808080)] [r=7 c=0 rs=1 cs=1]
                RenderText {#text} at (2,2) size 36x17
                  text run at (2,2) width 36: "Head"
              RenderTableCell {TD} at (44,177) size 86x38 [bgcolor=#FFFACD] [border: (1px inset #808080)] [r=7 c=1 rs=3 cs=1]
                RenderText {#text} at (2,2) size 42x17
                  text run at (2,2) width 42: "Data 3"
                RenderBR {BR} at (44,16) size 0x0
                RenderText {#text} at (2,19) size 81x17
                  text run at (2,19) width 81: "span=3 rows"
              RenderTableCell {TD} at (132,163) size 35x21 [bgcolor=#ADD8E6] [border: (1px inset #808080)] [r=7 c=2 rs=1 cs=1]
                RenderText {#text} at (2,2) size 31x17
                  text run at (2,2) width 31: "col 1"
              RenderTableCell {TD} at (169,163) size 35x21 [bgcolor=#ADD8E6] [border: (1px inset #808080)] [r=7 c=3 rs=1 cs=1]
                RenderText {#text} at (2,2) size 31x17
                  text run at (2,2) width 31: "col 2"
              RenderTableCell {TD} at (206,163) size 35x21 [bgcolor=#ADD8E6] [border: (1px inset #808080)] [r=7 c=4 rs=1 cs=1]
                RenderText {#text} at (2,2) size 31x17
                  text run at (2,2) width 31: "col 3"
              RenderTableCell {TD} at (243,163) size 36x21 [bgcolor=#ADD8E6] [border: (1px inset #808080)] [r=7 c=5 rs=1 cs=1]
                RenderText {#text} at (2,2) size 31x17
                  text run at (2,2) width 31: "col 4"
              RenderTableCell {TD} at (281,163) size 36x21 [bgcolor=#ADD8E6] [border: (1px inset #808080)] [r=7 c=6 rs=1 cs=1]
                RenderText {#text} at (2,2) size 31x17
                  text run at (2,2) width 31: "col 5"
              RenderTableCell {TD} at (319,163) size 36x21 [bgcolor=#ADD8E6] [border: (1px inset #808080)] [r=7 c=7 rs=1 cs=1]
                RenderText {#text} at (2,2) size 31x17
                  text run at (2,2) width 31: "col 6"
              RenderTableCell {TD} at (357,163) size 36x21 [bgcolor=#ADD8E6] [border: (1px inset #808080)] [r=7 c=8 rs=1 cs=1]
                RenderText {#text} at (2,2) size 31x17
                  text run at (2,2) width 31: "col 7"
              RenderTableCell {TD} at (395,163) size 36x21 [bgcolor=#ADD8E6] [border: (1px inset #808080)] [r=7 c=9 rs=1 cs=1]
                RenderText {#text} at (2,2) size 31x17
                  text run at (2,2) width 31: "col 8"
              RenderTableCell {TD} at (433,163) size 36x21 [bgcolor=#ADD8E6] [border: (1px inset #808080)] [r=7 c=10 rs=1 cs=1]
                RenderText {#text} at (2,2) size 31x17
                  text run at (2,2) width 31: "col 9"
            RenderTableRow {TR} at (0,186) size 471x21
              RenderTableCell {TH} at (2,186) size 40x21 [bgcolor=#ADD8E6] [border: (1px inset #808080)] [r=8 c=0 rs=1 cs=1]
                RenderText {#text} at (2,2) size 36x17
                  text run at (2,2) width 36: "Head"
              RenderTableCell {TD} at (132,186) size 35x21 [bgcolor=#ADD8E6] [border: (1px inset #808080)] [r=8 c=2 rs=1 cs=1]
                RenderText {#text} at (2,2) size 31x17
                  text run at (2,2) width 31: "col 1"
              RenderTableCell {TD} at (169,186) size 35x21 [bgcolor=#ADD8E6] [border: (1px inset #808080)] [r=8 c=3 rs=1 cs=1]
                RenderText {#text} at (2,2) size 31x17
                  text run at (2,2) width 31: "col 2"
              RenderTableCell {TD} at (206,186) size 35x21 [bgcolor=#ADD8E6] [border: (1px inset #808080)] [r=8 c=4 rs=1 cs=1]
                RenderText {#text} at (2,2) size 31x17
                  text run at (2,2) width 31: "col 3"
              RenderTableCell {TD} at (243,186) size 36x21 [bgcolor=#ADD8E6] [border: (1px inset #808080)] [r=8 c=5 rs=1 cs=1]
                RenderText {#text} at (2,2) size 31x17
                  text run at (2,2) width 31: "col 4"
              RenderTableCell {TD} at (281,186) size 36x21 [bgcolor=#ADD8E6] [border: (1px inset #808080)] [r=8 c=6 rs=1 cs=1]
                RenderText {#text} at (2,2) size 31x17
                  text run at (2,2) width 31: "col 5"
              RenderTableCell {TD} at (319,186) size 36x21 [bgcolor=#ADD8E6] [border: (1px inset #808080)] [r=8 c=7 rs=1 cs=1]
                RenderText {#text} at (2,2) size 31x17
                  text run at (2,2) width 31: "col 6"
              RenderTableCell {TD} at (357,186) size 36x21 [bgcolor=#ADD8E6] [border: (1px inset #808080)] [r=8 c=8 rs=1 cs=1]
                RenderText {#text} at (2,2) size 31x17
                  text run at (2,2) width 31: "col 7"
              RenderTableCell {TD} at (395,186) size 36x21 [bgcolor=#ADD8E6] [border: (1px inset #808080)] [r=8 c=9 rs=1 cs=1]
                RenderText {#text} at (2,2) size 31x17
                  text run at (2,2) width 31: "col 8"
              RenderTableCell {TD} at (433,186) size 36x21 [bgcolor=#ADD8E6] [border: (1px inset #808080)] [r=8 c=10 rs=1 cs=1]
                RenderText {#text} at (2,2) size 31x17
                  text run at (2,2) width 31: "col 9"
            RenderTableRow {TR} at (0,209) size 471x21
              RenderTableCell {TH} at (2,209) size 40x21 [bgcolor=#ADD8E6] [border: (1px inset #808080)] [r=9 c=0 rs=1 cs=1]
                RenderText {#text} at (2,2) size 36x17
                  text run at (2,2) width 36: "Head"
              RenderTableCell {TD} at (132,209) size 35x21 [bgcolor=#ADD8E6] [border: (1px inset #808080)] [r=9 c=2 rs=1 cs=1]
                RenderText {#text} at (2,2) size 31x17
                  text run at (2,2) width 31: "col 1"
              RenderTableCell {TD} at (169,209) size 35x21 [bgcolor=#ADD8E6] [border: (1px inset #808080)] [r=9 c=3 rs=1 cs=1]
                RenderText {#text} at (2,2) size 31x17
                  text run at (2,2) width 31: "col 2"
              RenderTableCell {TD} at (206,209) size 35x21 [bgcolor=#ADD8E6] [border: (1px inset #808080)] [r=9 c=4 rs=1 cs=1]
                RenderText {#text} at (2,2) size 31x17
                  text run at (2,2) width 31: "col 3"
              RenderTableCell {TD} at (243,209) size 36x21 [bgcolor=#ADD8E6] [border: (1px inset #808080)] [r=9 c=5 rs=1 cs=1]
                RenderText {#text} at (2,2) size 31x17
                  text run at (2,2) width 31: "col 4"
              RenderTableCell {TD} at (281,209) size 36x21 [bgcolor=#ADD8E6] [border: (1px inset #808080)] [r=9 c=6 rs=1 cs=1]
                RenderText {#text} at (2,2) size 31x17
                  text run at (2,2) width 31: "col 5"
              RenderTableCell {TD} at (319,209) size 36x21 [bgcolor=#ADD8E6] [border: (1px inset #808080)] [r=9 c=7 rs=1 cs=1]
                RenderText {#text} at (2,2) size 31x17
                  text run at (2,2) width 31: "col 6"
              RenderTableCell {TD} at (357,209) size 36x21 [bgcolor=#ADD8E6] [border: (1px inset #808080)] [r=9 c=8 rs=1 cs=1]
                RenderText {#text} at (2,2) size 31x17
                  text run at (2,2) width 31: "col 7"
              RenderTableCell {TD} at (395,209) size 36x21 [bgcolor=#ADD8E6] [border: (1px inset #808080)] [r=9 c=9 rs=1 cs=1]
                RenderText {#text} at (2,2) size 31x17
                  text run at (2,2) width 31: "col 8"
              RenderTableCell {TD} at (433,209) size 36x21 [bgcolor=#ADD8E6] [border: (1px inset #808080)] [r=9 c=10 rs=1 cs=1]
                RenderText {#text} at (2,2) size 31x17
                  text run at (2,2) width 31: "col 9"
      RenderBlock {P} at (0,1610) size 769x0
      RenderBlock {HR} at (0,1610) size 769x3 [border: (1px inset #000000)]
      RenderBlock {P} at (0,1628) size 769x61
        RenderTable {TABLE} at (0,0) size 653x60 [bgcolor=#F08080] [border: (1px outset #808080)]
          RenderTableSection {TBODY} at (1,1) size 651x58
            RenderTableRow {TR} at (0,2) size 651x54
              RenderTableCell {TH} at (2,2) size 647x54 [border: (1px inset #808080)] [r=0 c=0 rs=1 cs=1]
                RenderInline {A} at (0,0) size 0x0
                RenderText {#text} at (11,11) size 95x17
                  text run at (11,11) width 95: "Test Case #3: "
                RenderInline {FONT} at (0,0) size 410x17 [color=#0000FF]
                  RenderText {#text} at (106,11) size 410x17
                    text run at (106,11) width 410: "table with nested header & data cells spanning multiple rows"
                RenderText {#text} at (516,11) size 4x17
                  text run at (516,11) width 4: " "
                RenderInline {FONT} at (0,0) size 571x30
                  RenderInline {I} at (0,0) size 571x30
                    RenderText {#text} at (520,13) size 571x30
                      text run at (520,13) width 62: "(using <TH"
                      text run at (11,28) width 353: "ROWSPAN=integer value> <TD ROWSPAN=integer value> tag)"
                RenderText {#text} at (0,0) size 0x0
      RenderBlock {P} at (0,1704) size 769x35
        RenderBR {BR} at (0,0) size 0x17
        RenderBR {BR} at (0,17) size 0x17
      RenderBlock {UL} at (0,1754) size 769x422
        RenderTable {TABLE} at (40,0) size 473x421 [border: (1px outset #808080)]
          RenderBlock {CAPTION} at (0,0) size 473x17
            RenderText {#text} at (28,0) size 89x17
              text run at (28,0) width 89: "Nested Table "
            RenderInline {B} at (0,0) size 88x17
              RenderText {#text} at (116,0) size 88x17
                text run at (116,0) width 88: "Header Cells"
            RenderText {#text} at (203,0) size 21x17
              text run at (203,0) width 21: " & "
            RenderInline {B} at (0,0) size 71x17
              RenderText {#text} at (223,0) size 71x17
                text run at (223,0) width 71: "Data Cells"
            RenderText {#text} at (293,0) size 152x17
              text run at (293,0) width 152: " spanning multiple rows"
          RenderTableSection {TBODY} at (1,18) size 471x402
            RenderTableRow {TR} at (0,2) size 471x38
              RenderTableCell {TH} at (2,113) size 82x55 [bgcolor=#FFE4C4] [border: (1px inset #808080)] [r=0 c=0 rs=7 cs=1]
                RenderText {#text} at (10,2) size 62x17
                  text run at (10,2) width 62: "Header 1"
                RenderBR {BR} at (72,16) size 0x0
                RenderText {#text} at (16,19) size 50x34
                  text run at (16,19) width 50: "span=7"
                  text run at (24,36) width 34: "rows"
              RenderTableCell {TD} at (86,13) size 77x55 [bgcolor=#FFFACD] [border: (1px inset #808080)] [r=0 c=1 rs=2 cs=1]
                RenderText {#text} at (2,2) size 42x17
                  text run at (2,2) width 42: "Data 1"
                RenderBR {BR} at (44,16) size 0x0
                RenderText {#text} at (2,19) size 46x34
                  text run at (2,19) width 46: "span=2"
                  text run at (2,36) width 31: "rows"
              RenderTableCell {TD} at (165,2) size 32x38 [bgcolor=#EE82EE] [border: (1px inset #808080)] [r=0 c=2 rs=1 cs=1]
                RenderText {#text} at (2,2) size 19x34
                  text run at (2,2) width 19: "col"
                  text run at (2,19) width 8: "1"
              RenderTableCell {TD} at (199,2) size 32x38 [bgcolor=#EE82EE] [border: (1px inset #808080)] [r=0 c=3 rs=1 cs=1]
                RenderText {#text} at (2,2) size 19x34
                  text run at (2,2) width 19: "col"
                  text run at (2,19) width 8: "2"
              RenderTableCell {TD} at (233,2) size 32x38 [bgcolor=#EE82EE] [border: (1px inset #808080)] [r=0 c=4 rs=1 cs=1]
                RenderText {#text} at (2,2) size 19x34
                  text run at (2,2) width 19: "col"
                  text run at (2,19) width 8: "3"
              RenderTableCell {TD} at (267,2) size 32x38 [bgcolor=#EE82EE] [border: (1px inset #808080)] [r=0 c=5 rs=1 cs=1]
                RenderText {#text} at (2,2) size 19x34
                  text run at (2,2) width 19: "col"
                  text run at (2,19) width 8: "4"
              RenderTableCell {TD} at (301,2) size 32x38 [bgcolor=#EE82EE] [border: (1px inset #808080)] [r=0 c=6 rs=1 cs=1]
                RenderText {#text} at (2,2) size 19x34
                  text run at (2,2) width 19: "col"
                  text run at (2,19) width 8: "5"
              RenderTableCell {TD} at (335,2) size 32x38 [bgcolor=#EE82EE] [border: (1px inset #808080)] [r=0 c=7 rs=1 cs=1]
                RenderText {#text} at (2,2) size 19x34
                  text run at (2,2) width 19: "col"
                  text run at (2,19) width 8: "6"
              RenderTableCell {TD} at (369,2) size 32x38 [bgcolor=#EE82EE] [border: (1px inset #808080)] [r=0 c=8 rs=1 cs=1]
                RenderText {#text} at (2,2) size 19x34
                  text run at (2,2) width 19: "col"
                  text run at (2,19) width 8: "7"
              RenderTableCell {TD} at (403,2) size 32x38 [bgcolor=#EE82EE] [border: (1px inset #808080)] [r=0 c=9 rs=1 cs=1]
                RenderText {#text} at (2,2) size 19x34
                  text run at (2,2) width 19: "col"
                  text run at (2,19) width 8: "8"
              RenderTableCell {TD} at (437,2) size 32x38 [bgcolor=#EE82EE] [border: (1px inset #808080)] [r=0 c=10 rs=1 cs=1]
                RenderText {#text} at (2,2) size 19x34
                  text run at (2,2) width 19: "col"
                  text run at (2,19) width 8: "9"
            RenderTableRow {TR} at (0,42) size 471x38
              RenderTableCell {TD} at (165,42) size 32x38 [bgcolor=#EE82EE] [border: (1px inset #808080)] [r=1 c=2 rs=1 cs=1]
                RenderText {#text} at (2,2) size 19x34
                  text run at (2,2) width 19: "col"
                  text run at (2,19) width 8: "1"
              RenderTableCell {TD} at (199,42) size 32x38 [bgcolor=#EE82EE] [border: (1px inset #808080)] [r=1 c=3 rs=1 cs=1]
                RenderText {#text} at (2,2) size 19x34
                  text run at (2,2) width 19: "col"
                  text run at (2,19) width 8: "2"
              RenderTableCell {TD} at (233,42) size 32x38 [bgcolor=#EE82EE] [border: (1px inset #808080)] [r=1 c=4 rs=1 cs=1]
                RenderText {#text} at (2,2) size 19x34
                  text run at (2,2) width 19: "col"
                  text run at (2,19) width 8: "3"
              RenderTableCell {TD} at (267,42) size 32x38 [bgcolor=#EE82EE] [border: (1px inset #808080)] [r=1 c=5 rs=1 cs=1]
                RenderText {#text} at (2,2) size 19x34
                  text run at (2,2) width 19: "col"
                  text run at (2,19) width 8: "4"
              RenderTableCell {TD} at (301,42) size 32x38 [bgcolor=#EE82EE] [border: (1px inset #808080)] [r=1 c=6 rs=1 cs=1]
                RenderText {#text} at (2,2) size 19x34
                  text run at (2,2) width 19: "col"
                  text run at (2,19) width 8: "5"
              RenderTableCell {TD} at (335,42) size 32x38 [bgcolor=#EE82EE] [border: (1px inset #808080)] [r=1 c=7 rs=1 cs=1]
                RenderText {#text} at (2,2) size 19x34
                  text run at (2,2) width 19: "col"
                  text run at (2,19) width 8: "6"
              RenderTableCell {TD} at (369,42) size 32x38 [bgcolor=#EE82EE] [border: (1px inset #808080)] [r=1 c=8 rs=1 cs=1]
                RenderText {#text} at (2,2) size 19x34
                  text run at (2,2) width 19: "col"
                  text run at (2,19) width 8: "7"
              RenderTableCell {TD} at (403,42) size 32x38 [bgcolor=#EE82EE] [border: (1px inset #808080)] [r=1 c=9 rs=1 cs=1]
                RenderText {#text} at (2,2) size 19x34
                  text run at (2,2) width 19: "col"
                  text run at (2,19) width 8: "8"
              RenderTableCell {TD} at (437,42) size 32x38 [bgcolor=#EE82EE] [border: (1px inset #808080)] [r=1 c=10 rs=1 cs=1]
                RenderText {#text} at (2,2) size 19x34
                  text run at (2,2) width 19: "col"
                  text run at (2,19) width 8: "9"
            RenderTableRow {TR} at (0,82) size 471x38
              RenderTableCell {TD} at (86,153) size 77x55 [bgcolor=#FFFACD] [border: (1px inset #808080)] [r=2 c=1 rs=5 cs=1]
                RenderText {#text} at (2,2) size 42x17
                  text run at (2,2) width 42: "Data 2"
                RenderBR {BR} at (44,16) size 0x0
                RenderText {#text} at (2,19) size 46x34
                  text run at (2,19) width 46: "span=5"
                  text run at (2,36) width 31: "rows"
              RenderTableCell {TD} at (165,82) size 32x38 [bgcolor=#90EE90] [border: (1px inset #808080)] [r=2 c=2 rs=1 cs=1]
                RenderText {#text} at (2,2) size 19x34
                  text run at (2,2) width 19: "col"
                  text run at (2,19) width 8: "1"
              RenderTableCell {TD} at (199,82) size 32x38 [bgcolor=#90EE90] [border: (1px inset #808080)] [r=2 c=3 rs=1 cs=1]
                RenderText {#text} at (2,2) size 19x34
                  text run at (2,2) width 19: "col"
                  text run at (2,19) width 8: "2"
              RenderTableCell {TD} at (233,82) size 32x38 [bgcolor=#90EE90] [border: (1px inset #808080)] [r=2 c=4 rs=1 cs=1]
                RenderText {#text} at (2,2) size 19x34
                  text run at (2,2) width 19: "col"
                  text run at (2,19) width 8: "3"
              RenderTableCell {TD} at (267,82) size 32x38 [bgcolor=#90EE90] [border: (1px inset #808080)] [r=2 c=5 rs=1 cs=1]
                RenderText {#text} at (2,2) size 19x34
                  text run at (2,2) width 19: "col"
                  text run at (2,19) width 8: "4"
              RenderTableCell {TD} at (301,82) size 32x38 [bgcolor=#90EE90] [border: (1px inset #808080)] [r=2 c=6 rs=1 cs=1]
                RenderText {#text} at (2,2) size 19x34
                  text run at (2,2) width 19: "col"
                  text run at (2,19) width 8: "5"
              RenderTableCell {TD} at (335,82) size 32x38 [bgcolor=#90EE90] [border: (1px inset #808080)] [r=2 c=7 rs=1 cs=1]
                RenderText {#text} at (2,2) size 19x34
                  text run at (2,2) width 19: "col"
                  text run at (2,19) width 8: "6"
              RenderTableCell {TD} at (369,82) size 32x38 [bgcolor=#90EE90] [border: (1px inset #808080)] [r=2 c=8 rs=1 cs=1]
                RenderText {#text} at (2,2) size 19x34
                  text run at (2,2) width 19: "col"
                  text run at (2,19) width 8: "7"
              RenderTableCell {TD} at (403,82) size 32x38 [bgcolor=#90EE90] [border: (1px inset #808080)] [r=2 c=9 rs=1 cs=1]
                RenderText {#text} at (2,2) size 19x34
                  text run at (2,2) width 19: "col"
                  text run at (2,19) width 8: "8"
              RenderTableCell {TD} at (437,82) size 32x38 [bgcolor=#90EE90] [border: (1px inset #808080)] [r=2 c=10 rs=1 cs=1]
                RenderText {#text} at (2,2) size 19x34
                  text run at (2,2) width 19: "col"
                  text run at (2,19) width 8: "9"
            RenderTableRow {TR} at (0,122) size 471x38
              RenderTableCell {TD} at (165,122) size 32x38 [bgcolor=#90EE90] [border: (1px inset #808080)] [r=3 c=2 rs=1 cs=1]
                RenderText {#text} at (2,2) size 19x34
                  text run at (2,2) width 19: "col"
                  text run at (2,19) width 8: "1"
              RenderTableCell {TD} at (199,122) size 32x38 [bgcolor=#90EE90] [border: (1px inset #808080)] [r=3 c=3 rs=1 cs=1]
                RenderText {#text} at (2,2) size 19x34
                  text run at (2,2) width 19: "col"
                  text run at (2,19) width 8: "2"
              RenderTableCell {TD} at (233,122) size 32x38 [bgcolor=#90EE90] [border: (1px inset #808080)] [r=3 c=4 rs=1 cs=1]
                RenderText {#text} at (2,2) size 19x34
                  text run at (2,2) width 19: "col"
                  text run at (2,19) width 8: "3"
              RenderTableCell {TD} at (267,122) size 32x38 [bgcolor=#90EE90] [border: (1px inset #808080)] [r=3 c=5 rs=1 cs=1]
                RenderText {#text} at (2,2) size 19x34
                  text run at (2,2) width 19: "col"
                  text run at (2,19) width 8: "4"
              RenderTableCell {TD} at (301,122) size 32x38 [bgcolor=#90EE90] [border: (1px inset #808080)] [r=3 c=6 rs=1 cs=1]
                RenderText {#text} at (2,2) size 19x34
                  text run at (2,2) width 19: "col"
                  text run at (2,19) width 8: "5"
              RenderTableCell {TD} at (335,122) size 32x38 [bgcolor=#90EE90] [border: (1px inset #808080)] [r=3 c=7 rs=1 cs=1]
                RenderText {#text} at (2,2) size 19x34
                  text run at (2,2) width 19: "col"
                  text run at (2,19) width 8: "6"
              RenderTableCell {TD} at (369,122) size 32x38 [bgcolor=#90EE90] [border: (1px inset #808080)] [r=3 c=8 rs=1 cs=1]
                RenderText {#text} at (2,2) size 19x34
                  text run at (2,2) width 19: "col"
                  text run at (2,19) width 8: "7"
              RenderTableCell {TD} at (403,122) size 32x38 [bgcolor=#90EE90] [border: (1px inset #808080)] [r=3 c=9 rs=1 cs=1]
                RenderText {#text} at (2,2) size 19x34
                  text run at (2,2) width 19: "col"
                  text run at (2,19) width 8: "8"
              RenderTableCell {TD} at (437,122) size 32x38 [bgcolor=#90EE90] [border: (1px inset #808080)] [r=3 c=10 rs=1 cs=1]
                RenderText {#text} at (2,2) size 19x34
                  text run at (2,2) width 19: "col"
                  text run at (2,19) width 8: "9"
            RenderTableRow {TR} at (0,162) size 471x38
              RenderTableCell {TD} at (165,162) size 32x38 [bgcolor=#90EE90] [border: (1px inset #808080)] [r=4 c=2 rs=1 cs=1]
                RenderText {#text} at (2,2) size 19x34
                  text run at (2,2) width 19: "col"
                  text run at (2,19) width 8: "1"
              RenderTableCell {TD} at (199,162) size 32x38 [bgcolor=#90EE90] [border: (1px inset #808080)] [r=4 c=3 rs=1 cs=1]
                RenderText {#text} at (2,2) size 19x34
                  text run at (2,2) width 19: "col"
                  text run at (2,19) width 8: "2"
              RenderTableCell {TD} at (233,162) size 32x38 [bgcolor=#90EE90] [border: (1px inset #808080)] [r=4 c=4 rs=1 cs=1]
                RenderText {#text} at (2,2) size 19x34
                  text run at (2,2) width 19: "col"
                  text run at (2,19) width 8: "3"
              RenderTableCell {TD} at (267,162) size 32x38 [bgcolor=#90EE90] [border: (1px inset #808080)] [r=4 c=5 rs=1 cs=1]
                RenderText {#text} at (2,2) size 19x34
                  text run at (2,2) width 19: "col"
                  text run at (2,19) width 8: "4"
              RenderTableCell {TD} at (301,162) size 32x38 [bgcolor=#90EE90] [border: (1px inset #808080)] [r=4 c=6 rs=1 cs=1]
                RenderText {#text} at (2,2) size 19x34
                  text run at (2,2) width 19: "col"
                  text run at (2,19) width 8: "5"
              RenderTableCell {TD} at (335,162) size 32x38 [bgcolor=#90EE90] [border: (1px inset #808080)] [r=4 c=7 rs=1 cs=1]
                RenderText {#text} at (2,2) size 19x34
                  text run at (2,2) width 19: "col"
                  text run at (2,19) width 8: "6"
              RenderTableCell {TD} at (369,162) size 32x38 [bgcolor=#90EE90] [border: (1px inset #808080)] [r=4 c=8 rs=1 cs=1]
                RenderText {#text} at (2,2) size 19x34
                  text run at (2,2) width 19: "col"
                  text run at (2,19) width 8: "7"
              RenderTableCell {TD} at (403,162) size 32x38 [bgcolor=#90EE90] [border: (1px inset #808080)] [r=4 c=9 rs=1 cs=1]
                RenderText {#text} at (2,2) size 19x34
                  text run at (2,2) width 19: "col"
                  text run at (2,19) width 8: "8"
              RenderTableCell {TD} at (437,162) size 32x38 [bgcolor=#90EE90] [border: (1px inset #808080)] [r=4 c=10 rs=1 cs=1]
                RenderText {#text} at (2,2) size 19x34
                  text run at (2,2) width 19: "col"
                  text run at (2,19) width 8: "9"
            RenderTableRow {TR} at (0,202) size 471x38
              RenderTableCell {TD} at (165,202) size 32x38 [bgcolor=#90EE90] [border: (1px inset #808080)] [r=5 c=2 rs=1 cs=1]
                RenderText {#text} at (2,2) size 19x34
                  text run at (2,2) width 19: "col"
                  text run at (2,19) width 8: "1"
              RenderTableCell {TD} at (199,202) size 32x38 [bgcolor=#90EE90] [border: (1px inset #808080)] [r=5 c=3 rs=1 cs=1]
                RenderText {#text} at (2,2) size 19x34
                  text run at (2,2) width 19: "col"
                  text run at (2,19) width 8: "2"
              RenderTableCell {TD} at (233,202) size 32x38 [bgcolor=#90EE90] [border: (1px inset #808080)] [r=5 c=4 rs=1 cs=1]
                RenderText {#text} at (2,2) size 19x34
                  text run at (2,2) width 19: "col"
                  text run at (2,19) width 8: "3"
              RenderTableCell {TD} at (267,202) size 32x38 [bgcolor=#90EE90] [border: (1px inset #808080)] [r=5 c=5 rs=1 cs=1]
                RenderText {#text} at (2,2) size 19x34
                  text run at (2,2) width 19: "col"
                  text run at (2,19) width 8: "4"
              RenderTableCell {TD} at (301,202) size 32x38 [bgcolor=#90EE90] [border: (1px inset #808080)] [r=5 c=6 rs=1 cs=1]
                RenderText {#text} at (2,2) size 19x34
                  text run at (2,2) width 19: "col"
                  text run at (2,19) width 8: "5"
              RenderTableCell {TD} at (335,202) size 32x38 [bgcolor=#90EE90] [border: (1px inset #808080)] [r=5 c=7 rs=1 cs=1]
                RenderText {#text} at (2,2) size 19x34
                  text run at (2,2) width 19: "col"
                  text run at (2,19) width 8: "6"
              RenderTableCell {TD} at (369,202) size 32x38 [bgcolor=#90EE90] [border: (1px inset #808080)] [r=5 c=8 rs=1 cs=1]
                RenderText {#text} at (2,2) size 19x34
                  text run at (2,2) width 19: "col"
                  text run at (2,19) width 8: "7"
              RenderTableCell {TD} at (403,202) size 32x38 [bgcolor=#90EE90] [border: (1px inset #808080)] [r=5 c=9 rs=1 cs=1]
                RenderText {#text} at (2,2) size 19x34
                  text run at (2,2) width 19: "col"
                  text run at (2,19) width 8: "8"
              RenderTableCell {TD} at (437,202) size 32x38 [bgcolor=#90EE90] [border: (1px inset #808080)] [r=5 c=10 rs=1 cs=1]
                RenderText {#text} at (2,2) size 19x34
                  text run at (2,2) width 19: "col"
                  text run at (2,19) width 8: "9"
            RenderTableRow {TR} at (0,242) size 471x38
              RenderTableCell {TD} at (165,242) size 32x38 [bgcolor=#90EE90] [border: (1px inset #808080)] [r=6 c=2 rs=1 cs=1]
                RenderText {#text} at (2,2) size 19x34
                  text run at (2,2) width 19: "col"
                  text run at (2,19) width 8: "1"
              RenderTableCell {TD} at (199,242) size 32x38 [bgcolor=#90EE90] [border: (1px inset #808080)] [r=6 c=3 rs=1 cs=1]
                RenderText {#text} at (2,2) size 19x34
                  text run at (2,2) width 19: "col"
                  text run at (2,19) width 8: "2"
              RenderTableCell {TD} at (233,242) size 32x38 [bgcolor=#90EE90] [border: (1px inset #808080)] [r=6 c=4 rs=1 cs=1]
                RenderText {#text} at (2,2) size 19x34
                  text run at (2,2) width 19: "col"
                  text run at (2,19) width 8: "3"
              RenderTableCell {TD} at (267,242) size 32x38 [bgcolor=#90EE90] [border: (1px inset #808080)] [r=6 c=5 rs=1 cs=1]
                RenderText {#text} at (2,2) size 19x34
                  text run at (2,2) width 19: "col"
                  text run at (2,19) width 8: "4"
              RenderTableCell {TD} at (301,242) size 32x38 [bgcolor=#90EE90] [border: (1px inset #808080)] [r=6 c=6 rs=1 cs=1]
                RenderText {#text} at (2,2) size 19x34
                  text run at (2,2) width 19: "col"
                  text run at (2,19) width 8: "5"
              RenderTableCell {TD} at (335,242) size 32x38 [bgcolor=#90EE90] [border: (1px inset #808080)] [r=6 c=7 rs=1 cs=1]
                RenderText {#text} at (2,2) size 19x34
                  text run at (2,2) width 19: "col"
                  text run at (2,19) width 8: "6"
              RenderTableCell {TD} at (369,242) size 32x38 [bgcolor=#90EE90] [border: (1px inset #808080)] [r=6 c=8 rs=1 cs=1]
                RenderText {#text} at (2,2) size 19x34
                  text run at (2,2) width 19: "col"
                  text run at (2,19) width 8: "7"
              RenderTableCell {TD} at (403,242) size 32x38 [bgcolor=#90EE90] [border: (1px inset #808080)] [r=6 c=9 rs=1 cs=1]
                RenderText {#text} at (2,2) size 19x34
                  text run at (2,2) width 19: "col"
                  text run at (2,19) width 8: "8"
              RenderTableCell {TD} at (437,242) size 32x38 [bgcolor=#90EE90] [border: (1px inset #808080)] [r=6 c=10 rs=1 cs=1]
                RenderText {#text} at (2,2) size 19x34
                  text run at (2,2) width 19: "col"
                  text run at (2,19) width 8: "9"
            RenderTableRow {TR} at (0,282) size 471x38
              RenderTableCell {TH} at (2,313) size 82x55 [bgcolor=#FFE4C4] [border: (1px inset #808080)] [r=7 c=0 rs=3 cs=1]
                RenderText {#text} at (10,2) size 62x17
                  text run at (10,2) width 62: "Header 2"
                RenderBR {BR} at (72,16) size 0x0
                RenderText {#text} at (16,19) size 50x34
                  text run at (16,19) width 50: "span=3"
                  text run at (24,36) width 34: "rows"
              RenderTableCell {TD} at (86,313) size 77x55 [bgcolor=#FFFACD] [border: (1px inset #808080)] [r=7 c=1 rs=3 cs=1]
                RenderText {#text} at (2,2) size 42x17
                  text run at (2,2) width 42: "Data 3"
                RenderBR {BR} at (44,16) size 0x0
                RenderText {#text} at (2,19) size 46x34
                  text run at (2,19) width 46: "span=3"
                  text run at (2,36) width 31: "rows"
              RenderTableCell {TD} at (165,282) size 32x38 [bgcolor=#ADD8E6] [border: (1px inset #808080)] [r=7 c=2 rs=1 cs=1]
                RenderText {#text} at (2,2) size 19x34
                  text run at (2,2) width 19: "col"
                  text run at (2,19) width 8: "1"
              RenderTableCell {TD} at (199,282) size 32x38 [bgcolor=#ADD8E6] [border: (1px inset #808080)] [r=7 c=3 rs=1 cs=1]
                RenderText {#text} at (2,2) size 19x34
                  text run at (2,2) width 19: "col"
                  text run at (2,19) width 8: "2"
              RenderTableCell {TD} at (233,282) size 32x38 [bgcolor=#ADD8E6] [border: (1px inset #808080)] [r=7 c=4 rs=1 cs=1]
                RenderText {#text} at (2,2) size 19x34
                  text run at (2,2) width 19: "col"
                  text run at (2,19) width 8: "3"
              RenderTableCell {TD} at (267,282) size 32x38 [bgcolor=#ADD8E6] [border: (1px inset #808080)] [r=7 c=5 rs=1 cs=1]
                RenderText {#text} at (2,2) size 19x34
                  text run at (2,2) width 19: "col"
                  text run at (2,19) width 8: "4"
              RenderTableCell {TD} at (301,282) size 32x38 [bgcolor=#ADD8E6] [border: (1px inset #808080)] [r=7 c=6 rs=1 cs=1]
                RenderText {#text} at (2,2) size 19x34
                  text run at (2,2) width 19: "col"
                  text run at (2,19) width 8: "5"
              RenderTableCell {TD} at (335,282) size 32x38 [bgcolor=#ADD8E6] [border: (1px inset #808080)] [r=7 c=7 rs=1 cs=1]
                RenderText {#text} at (2,2) size 19x34
                  text run at (2,2) width 19: "col"
                  text run at (2,19) width 8: "6"
              RenderTableCell {TD} at (369,282) size 32x38 [bgcolor=#ADD8E6] [border: (1px inset #808080)] [r=7 c=8 rs=1 cs=1]
                RenderText {#text} at (2,2) size 19x34
                  text run at (2,2) width 19: "col"
                  text run at (2,19) width 8: "7"
              RenderTableCell {TD} at (403,282) size 32x38 [bgcolor=#ADD8E6] [border: (1px inset #808080)] [r=7 c=9 rs=1 cs=1]
                RenderText {#text} at (2,2) size 19x34
                  text run at (2,2) width 19: "col"
                  text run at (2,19) width 8: "8"
              RenderTableCell {TD} at (437,282) size 32x38 [bgcolor=#ADD8E6] [border: (1px inset #808080)] [r=7 c=10 rs=1 cs=1]
                RenderText {#text} at (2,2) size 19x34
                  text run at (2,2) width 19: "col"
                  text run at (2,19) width 8: "9"
            RenderTableRow {TR} at (0,322) size 471x38
              RenderTableCell {TD} at (165,322) size 32x38 [bgcolor=#ADD8E6] [border: (1px inset #808080)] [r=8 c=2 rs=1 cs=1]
                RenderText {#text} at (2,2) size 19x34
                  text run at (2,2) width 19: "col"
                  text run at (2,19) width 8: "1"
              RenderTableCell {TD} at (199,322) size 32x38 [bgcolor=#ADD8E6] [border: (1px inset #808080)] [r=8 c=3 rs=1 cs=1]
                RenderText {#text} at (2,2) size 19x34
                  text run at (2,2) width 19: "col"
                  text run at (2,19) width 8: "2"
              RenderTableCell {TD} at (233,322) size 32x38 [bgcolor=#ADD8E6] [border: (1px inset #808080)] [r=8 c=4 rs=1 cs=1]
                RenderText {#text} at (2,2) size 19x34
                  text run at (2,2) width 19: "col"
                  text run at (2,19) width 8: "3"
              RenderTableCell {TD} at (267,322) size 32x38 [bgcolor=#ADD8E6] [border: (1px inset #808080)] [r=8 c=5 rs=1 cs=1]
                RenderText {#text} at (2,2) size 19x34
                  text run at (2,2) width 19: "col"
                  text run at (2,19) width 8: "4"
              RenderTableCell {TD} at (301,322) size 32x38 [bgcolor=#ADD8E6] [border: (1px inset #808080)] [r=8 c=6 rs=1 cs=1]
                RenderText {#text} at (2,2) size 19x34
                  text run at (2,2) width 19: "col"
                  text run at (2,19) width 8: "5"
              RenderTableCell {TD} at (335,322) size 32x38 [bgcolor=#ADD8E6] [border: (1px inset #808080)] [r=8 c=7 rs=1 cs=1]
                RenderText {#text} at (2,2) size 19x34
                  text run at (2,2) width 19: "col"
                  text run at (2,19) width 8: "6"
              RenderTableCell {TD} at (369,322) size 32x38 [bgcolor=#ADD8E6] [border: (1px inset #808080)] [r=8 c=8 rs=1 cs=1]
                RenderText {#text} at (2,2) size 19x34
                  text run at (2,2) width 19: "col"
                  text run at (2,19) width 8: "7"
              RenderTableCell {TD} at (403,322) size 32x38 [bgcolor=#ADD8E6] [border: (1px inset #808080)] [r=8 c=9 rs=1 cs=1]
                RenderText {#text} at (2,2) size 19x34
                  text run at (2,2) width 19: "col"
                  text run at (2,19) width 8: "8"
              RenderTableCell {TD} at (437,322) size 32x38 [bgcolor=#ADD8E6] [border: (1px inset #808080)] [r=8 c=10 rs=1 cs=1]
                RenderText {#text} at (2,2) size 19x34
                  text run at (2,2) width 19: "col"
                  text run at (2,19) width 8: "9"
            RenderTableRow {TR} at (0,362) size 471x38
              RenderTableCell {TD} at (165,362) size 32x38 [bgcolor=#ADD8E6] [border: (1px inset #808080)] [r=9 c=2 rs=1 cs=1]
                RenderText {#text} at (2,2) size 19x34
                  text run at (2,2) width 19: "col"
                  text run at (2,19) width 8: "1"
              RenderTableCell {TD} at (199,362) size 32x38 [bgcolor=#ADD8E6] [border: (1px inset #808080)] [r=9 c=3 rs=1 cs=1]
                RenderText {#text} at (2,2) size 19x34
                  text run at (2,2) width 19: "col"
                  text run at (2,19) width 8: "2"
              RenderTableCell {TD} at (233,362) size 32x38 [bgcolor=#ADD8E6] [border: (1px inset #808080)] [r=9 c=4 rs=1 cs=1]
                RenderText {#text} at (2,2) size 19x34
                  text run at (2,2) width 19: "col"
                  text run at (2,19) width 8: "3"
              RenderTableCell {TD} at (267,362) size 32x38 [bgcolor=#ADD8E6] [border: (1px inset #808080)] [r=9 c=5 rs=1 cs=1]
                RenderText {#text} at (2,2) size 19x34
                  text run at (2,2) width 19: "col"
                  text run at (2,19) width 8: "4"
              RenderTableCell {TD} at (301,362) size 32x38 [bgcolor=#ADD8E6] [border: (1px inset #808080)] [r=9 c=6 rs=1 cs=1]
                RenderText {#text} at (2,2) size 19x34
                  text run at (2,2) width 19: "col"
                  text run at (2,19) width 8: "5"
              RenderTableCell {TD} at (335,362) size 32x38 [bgcolor=#ADD8E6] [border: (1px inset #808080)] [r=9 c=7 rs=1 cs=1]
                RenderText {#text} at (2,2) size 19x34
                  text run at (2,2) width 19: "col"
                  text run at (2,19) width 8: "6"
              RenderTableCell {TD} at (369,362) size 32x38 [bgcolor=#ADD8E6] [border: (1px inset #808080)] [r=9 c=8 rs=1 cs=1]
                RenderText {#text} at (2,2) size 19x34
                  text run at (2,2) width 19: "col"
                  text run at (2,19) width 8: "7"
              RenderTableCell {TD} at (403,362) size 32x38 [bgcolor=#ADD8E6] [border: (1px inset #808080)] [r=9 c=9 rs=1 cs=1]
                RenderText {#text} at (2,2) size 19x34
                  text run at (2,2) width 19: "col"
                  text run at (2,19) width 8: "8"
              RenderTableCell {TD} at (437,362) size 32x38 [bgcolor=#ADD8E6] [border: (1px inset #808080)] [r=9 c=10 rs=1 cs=1]
                RenderText {#text} at (2,2) size 19x34
                  text run at (2,2) width 19: "col"
                  text run at (2,19) width 8: "9"
      RenderBlock {P} at (0,2191) size 769x0
      RenderBlock {HR} at (0,2191) size 769x3 [border: (1px inset #000000)]
      RenderBlock (anonymous) at (0,2201) size 769x18
        RenderImage {IMG} at (0,1) size 13x13
        RenderText {#text} at (13,0) size 129x17
          text run at (13,0) width 129: " Created 9/19/96 by "
        RenderInline {A} at (0,0) size 82x17 [color=#0000EE]
          RenderText {#text} at (142,0) size 82x17
            text run at (142,0) width 82: "Ronald Greti"
        RenderBR {BR} at (224,14) size 0x0
      RenderBlock {P} at (0,2234) size 769x18
        RenderBR {BR} at (0,0) size 0x17
