layer at (0,0) size 785x4244
  RenderView at (0,0) size 785x600
layer at (0,0) size 785x4244
  RenderBlock {HTML} at (0,0) size 785x4244
    RenderBody {BODY} at (8,8) size 769x4226
      RenderBlock {DIV} at (0,0) size 769x100
        RenderBlock (anonymous) at (0,0) size 769x34
          RenderText {#text} at (0,0) size 736x34
            text run at (0,0) width 578: "Test how many resize events are emitted during page load and dynamic content generation. "
            text run at (578,0) width 158: "Do not resize the page. It"
            text run at (0,17) width 119: "invalidates the test."
        RenderBlock {P} at (0,50) size 769x50
          RenderBlock (anonymous) at (0,0) size 769x17
            RenderText {#text} at (10,0) size 181x17
              text run at (10,0) width 181: "Resize events (should be 0): "
            RenderInline {SPAN} at (0,0) size 8x17
              RenderText {#text} at (191,0) size 8x17
                text run at (191,0) width 8: "0"
            RenderText {#text} at (0,0) size 0x0
          RenderBlock {P} at (0,33) size 769x17 [color=#008000]
            RenderText {#text} at (10,0) size 39x17
              text run at (10,0) width 39: "PASS"
      RenderBlock {DIV} at (0,116) size 769x4110
        RenderBlock {DIV} at (10,0) size 749x402 [border: (1px solid #000000)]
        RenderBlock {DIV} at (10,412) size 749x402 [border: (1px solid #000000)]
        RenderBlock {DIV} at (10,824) size 749x402 [border: (1px solid #000000)]
        RenderBlock {DIV} at (10,1236) size 749x402 [border: (1px solid #000000)]
        RenderBlock {DIV} at (10,1648) size 749x402 [border: (1px solid #000000)]
        RenderBlock {DIV} at (10,2060) size 749x402 [border: (1px solid #000000)]
        RenderBlock {DIV} at (10,2472) size 749x402 [border: (1px solid #000000)]
        RenderBlock {DIV} at (10,2884) size 749x402 [border: (1px solid #000000)]
        RenderBlock {DIV} at (10,3296) size 749x402 [border: (1px solid #000000)]
        RenderBlock {DIV} at (10,3708) size 749x402 [border: (1px solid #000000)]
