layer at (0,0) size 785x2033
  RenderView at (0,0) size 785x600
layer at (0,0) size 785x2033
  RenderBlock {HTML} at (0,0) size 785x2033
    RenderBody {BODY} at (8,8) size 769x2017
      RenderBlock {DIV} at (0,0) size 769x2000
        RenderText {#text} at (0,0) size 331x17
          text run at (0,0) width 331: "padding to make link be initially scrolled out of sight"
      RenderBlock (anonymous) at (0,2000) size 769x17
        RenderInline {A} at (0,0) size 355x17 [color=#551A8B]
          RenderText {#text} at (0,0) size 355x17
            text run at (0,0) width 355: "this link should be focused and revealed after page loads"
        RenderText {#text} at (0,0) size 0x0
scrolled to 0,1433
