layer at (0,0) size 800x600
  RenderView at (0,0) size 800x600
layer at (0,0) size 800x190
  RenderBlock {HTML} at (0,0) size 800x190
    RenderBody {BODY} at (8,16) size 784x158
      RenderBlock {P} at (0,0) size 784x21
        RenderMathMLMath {math} at (0,2) size 22x16
          RenderMathMLUnderOver {mover} at (0,0) size 22x16
            RenderMathMLSpace {mspace} at (0,13) size 22x3 [bgcolor=#0000FF]
            RenderMathMLOperator {mo} at (1,0) size 20x9
              RenderBlock (anonymous) at (0,0) size 12x8
                RenderText {#text} at (0,-36) size 12x80
                  text run at (0,-36) width 12: "\x{2190}"
        RenderText {#text} at (22,4) size 4x17
          text run at (22,4) width 4: " "
        RenderMathMLMath {math} at (26,2) size 22x16
          RenderMathMLUnderOver {mover} at (0,0) size 22x16
            RenderMathMLSpace {mspace} at (0,13) size 22x3 [bgcolor=#0000FF]
            RenderMathMLOperator {mo} at (1,0) size 20x9
              RenderBlock (anonymous) at (0,0) size 12x8
                RenderText {#text} at (0,-36) size 12x80
                  text run at (0,-36) width 12: "\x{2192}"
        RenderText {#text} at (48,4) size 4x17
          text run at (48,4) width 4: " "
        RenderMathMLMath {math} at (52,2) size 22x16
          RenderMathMLUnderOver {mover} at (0,0) size 22x16
            RenderMathMLSpace {mspace} at (0,13) size 22x3 [bgcolor=#0000FF]
            RenderMathMLOperator {mo} at (1,0) size 20x9
              RenderBlock (anonymous) at (0,0) size 12x8
                RenderText {#text} at (0,-36) size 12x80
                  text run at (0,-36) width 12: "\x{2194}"
        RenderText {#text} at (74,4) size 4x17
          text run at (74,4) width 4: " "
        RenderMathMLMath {math} at (78,2) size 22x16
          RenderMathMLUnderOver {mover} at (0,0) size 22x16
            RenderMathMLSpace {mspace} at (0,13) size 22x3 [bgcolor=#0000FF]
            RenderMathMLOperator {mo} at (1,0) size 20x9
              RenderBlock (anonymous) at (0,0) size 12x8
                RenderText {#text} at (0,-36) size 12x80
                  text run at (0,-36) width 12: "\x{21A4}"
        RenderText {#text} at (100,4) size 4x17
          text run at (100,4) width 4: " "
        RenderMathMLMath {math} at (104,2) size 22x16
          RenderMathMLUnderOver {mover} at (0,0) size 22x16
            RenderMathMLSpace {mspace} at (0,13) size 22x3 [bgcolor=#0000FF]
            RenderMathMLOperator {mo} at (1,0) size 20x9
              RenderBlock (anonymous) at (0,0) size 12x8
                RenderText {#text} at (0,-36) size 12x80
                  text run at (0,-36) width 12: "\x{21A6}"
        RenderText {#text} at (126,4) size 4x17
          text run at (126,4) width 4: " "
        RenderMathMLMath {math} at (130,3) size 22x15
          RenderMathMLUnderOver {mover} at (0,0) size 22x15
            RenderMathMLSpace {mspace} at (0,12) size 22x3 [bgcolor=#0000FF]
            RenderMathMLOperator {mo} at (1,0) size 20x8
              RenderBlock (anonymous) at (0,0) size 12x8
                RenderText {#text} at (0,-36) size 12x80
                  text run at (0,-36) width 12: "\x{21BC}"
        RenderText {#text} at (152,4) size 4x17
          text run at (152,4) width 4: " "
        RenderMathMLMath {math} at (156,5) size 22x13
          RenderMathMLUnderOver {mover} at (0,0) size 22x13
            RenderMathMLSpace {mspace} at (0,10) size 22x3 [bgcolor=#0000FF]
            RenderMathMLOperator {mo} at (1,0) size 20x6
              RenderBlock (anonymous) at (0,0) size 12x5
                RenderText {#text} at (0,-39) size 12x80
                  text run at (0,-39) width 12: "\x{21BD}"
        RenderText {#text} at (178,4) size 4x17
          text run at (178,4) width 4: " "
        RenderMathMLMath {math} at (182,3) size 22x15
          RenderMathMLUnderOver {mover} at (0,0) size 22x15
            RenderMathMLSpace {mspace} at (0,12) size 22x3 [bgcolor=#0000FF]
            RenderMathMLOperator {mo} at (1,0) size 20x8
              RenderBlock (anonymous) at (0,0) size 12x8
                RenderText {#text} at (0,-36) size 12x80
                  text run at (0,-36) width 12: "\x{21C0}"
        RenderText {#text} at (204,4) size 4x17
          text run at (204,4) width 4: " "
        RenderMathMLMath {math} at (208,2) size 22x16
          RenderMathMLUnderOver {mover} at (0,0) size 22x16
            RenderMathMLSpace {mspace} at (0,13) size 22x3 [bgcolor=#0000FF]
            RenderMathMLOperator {mo} at (1,0) size 20x9
              RenderBlock (anonymous) at (0,0) size 12x8
                RenderText {#text} at (0,-36) size 12x80
                  text run at (0,-36) width 12: "\x{21D0}"
        RenderText {#text} at (230,4) size 4x17
          text run at (230,4) width 4: " "
        RenderMathMLMath {math} at (234,2) size 22x16
          RenderMathMLUnderOver {mover} at (0,0) size 22x16
            RenderMathMLSpace {mspace} at (0,13) size 22x3 [bgcolor=#0000FF]
            RenderMathMLOperator {mo} at (1,0) size 20x9
              RenderBlock (anonymous) at (0,0) size 12x8
                RenderText {#text} at (0,-36) size 12x80
                  text run at (0,-36) width 12: "\x{21D2}"
        RenderText {#text} at (256,4) size 4x17
          text run at (256,4) width 4: " "
        RenderMathMLMath {math} at (260,2) size 22x16
          RenderMathMLUnderOver {mover} at (0,0) size 22x16
            RenderMathMLSpace {mspace} at (0,13) size 22x3 [bgcolor=#0000FF]
            RenderMathMLOperator {mo} at (1,0) size 20x9
              RenderBlock (anonymous) at (0,0) size 12x8
                RenderText {#text} at (0,-36) size 12x80
                  text run at (0,-36) width 12: "\x{21D4}"
        RenderText {#text} at (282,4) size 4x17
          text run at (282,4) width 4: " "
        RenderMathMLMath {math} at (286,0) size 22x18
          RenderMathMLUnderOver {mover} at (0,0) size 22x18
            RenderMathMLSpace {mspace} at (0,15) size 22x3 [bgcolor=#0000FF]
            RenderMathMLOperator {mo} at (1,0) size 20x11
              RenderBlock (anonymous) at (0,0) size 12x10
                RenderText {#text} at (0,-35) size 12x80
                  text run at (0,-35) width 12: "\x{21DA}"
        RenderText {#text} at (308,4) size 4x17
          text run at (308,4) width 4: " "
        RenderMathMLMath {math} at (312,0) size 22x18
          RenderMathMLUnderOver {mover} at (0,0) size 22x18
            RenderMathMLSpace {mspace} at (0,15) size 22x3 [bgcolor=#0000FF]
            RenderMathMLOperator {mo} at (1,0) size 20x11
              RenderBlock (anonymous) at (0,0) size 12x10
                RenderText {#text} at (0,-35) size 12x80
                  text run at (0,-35) width 12: "\x{21DB}"
        RenderText {#text} at (334,4) size 4x17
          text run at (334,4) width 4: " "
        RenderMathMLMath {math} at (338,7) size 22x11
          RenderMathMLUnderOver {mover} at (0,0) size 22x11
            RenderMathMLSpace {mspace} at (0,8) size 22x3 [bgcolor=#0000FF]
            RenderMathMLOperator {mo} at (9,0) size 4x4
              RenderBlock (anonymous) at (0,0) size 4x10
                RenderText {#text} at (0,-34) size 4x80
                  text run at (0,-34) width 4: "\x{23B4}"
        RenderText {#text} at (360,4) size 4x17
          text run at (360,4) width 4: " "
        RenderMathMLMath {math} at (364,7) size 22x11
          RenderMathMLUnderOver {mover} at (0,0) size 22x11
            RenderMathMLSpace {mspace} at (0,8) size 22x3 [bgcolor=#0000FF]
            RenderMathMLOperator {mo} at (9,0) size 4x4
              RenderBlock (anonymous) at (0,0) size 4x4
                RenderText {#text} at (0,-43) size 4x80
                  text run at (0,-43) width 4: "\x{23B5}"
        RenderText {#text} at (386,4) size 4x17
          text run at (386,4) width 4: " "
        RenderMathMLMath {math} at (390,6) size 22x12
          RenderMathMLUnderOver {mover} at (0,0) size 22x12
            RenderMathMLSpace {mspace} at (0,9) size 22x3 [bgcolor=#0000FF]
            RenderMathMLOperator {mo} at (8,0) size 6x5
              RenderBlock (anonymous) at (0,0) size 6x10
                RenderText {#text} at (0,-34) size 6x80
                  text run at (0,-34) width 6: "\x{23DC}"
        RenderText {#text} at (412,4) size 4x17
          text run at (412,4) width 4: " "
        RenderMathMLMath {math} at (416,5) size 22x13
          RenderMathMLUnderOver {mover} at (0,0) size 22x13
            RenderMathMLSpace {mspace} at (0,10) size 22x3 [bgcolor=#0000FF]
            RenderMathMLOperator {mo} at (8,0) size 6x6
              RenderBlock (anonymous) at (0,0) size 6x4
                RenderText {#text} at (0,-43) size 6x80
                  text run at (0,-43) width 6: "\x{23DD}"
        RenderText {#text} at (438,4) size 4x17
          text run at (438,4) width 4: " "
        RenderMathMLMath {math} at (442,6) size 22x12
          RenderMathMLUnderOver {mover} at (0,0) size 22x12
            RenderMathMLSpace {mspace} at (0,9) size 22x3 [bgcolor=#0000FF]
            RenderMathMLOperator {mo} at (8,0) size 6x5
              RenderBlock (anonymous) at (0,0) size 6x11
                RenderText {#text} at (0,-33) size 6x80
                  text run at (0,-33) width 6: "\x{23DE}"
        RenderText {#text} at (464,4) size 4x17
          text run at (464,4) width 4: " "
        RenderMathMLMath {math} at (468,5) size 22x13
          RenderMathMLUnderOver {mover} at (0,0) size 22x13
            RenderMathMLSpace {mspace} at (0,10) size 22x3 [bgcolor=#0000FF]
            RenderMathMLOperator {mo} at (8,0) size 6x6
              RenderBlock (anonymous) at (0,0) size 6x5
                RenderText {#text} at (0,-43) size 6x80
                  text run at (0,-43) width 6: "\x{23DF}"
        RenderText {#text} at (0,0) size 0x0
      RenderBlock {P} at (0,37) size 784x43
        RenderMathMLMath {math} at (0,2) size 50x16
          RenderMathMLUnderOver {mover} at (0,0) size 50x16
            RenderMathMLSpace {mspace} at (0,13) size 50x3 [bgcolor=#008000]
            RenderMathMLOperator {mo} at (15,0) size 20x9
              RenderBlock (anonymous) at (0,0) size 12x8
                RenderText {#text} at (0,-36) size 12x80
                  text run at (0,-36) width 12: "\x{2190}"
        RenderText {#text} at (50,4) size 4x17
          text run at (50,4) width 4: " "
        RenderMathMLMath {math} at (54,2) size 50x16
          RenderMathMLUnderOver {mover} at (0,0) size 50x16
            RenderMathMLSpace {mspace} at (0,13) size 50x3 [bgcolor=#008000]
            RenderMathMLOperator {mo} at (15,0) size 20x9
              RenderBlock (anonymous) at (0,0) size 12x8
                RenderText {#text} at (0,-36) size 12x80
                  text run at (0,-36) width 12: "\x{2192}"
        RenderText {#text} at (104,4) size 4x17
          text run at (104,4) width 4: " "
        RenderMathMLMath {math} at (108,2) size 50x16
          RenderMathMLUnderOver {mover} at (0,0) size 50x16
            RenderMathMLSpace {mspace} at (0,13) size 50x3 [bgcolor=#008000]
            RenderMathMLOperator {mo} at (15,0) size 20x9
              RenderBlock (anonymous) at (0,0) size 12x8
                RenderText {#text} at (0,-36) size 12x80
                  text run at (0,-36) width 12: "\x{2194}"
        RenderText {#text} at (158,4) size 4x17
          text run at (158,4) width 4: " "
        RenderMathMLMath {math} at (162,2) size 50x16
          RenderMathMLUnderOver {mover} at (0,0) size 50x16
            RenderMathMLSpace {mspace} at (0,13) size 50x3 [bgcolor=#008000]
            RenderMathMLOperator {mo} at (15,0) size 20x9
              RenderBlock (anonymous) at (0,0) size 12x8
                RenderText {#text} at (0,-36) size 12x80
                  text run at (0,-36) width 12: "\x{21A4}"
        RenderText {#text} at (212,4) size 4x17
          text run at (212,4) width 4: " "
        RenderMathMLMath {math} at (216,2) size 50x16
          RenderMathMLUnderOver {mover} at (0,0) size 50x16
            RenderMathMLSpace {mspace} at (0,13) size 50x3 [bgcolor=#008000]
            RenderMathMLOperator {mo} at (15,0) size 20x9
              RenderBlock (anonymous) at (0,0) size 12x8
                RenderText {#text} at (0,-36) size 12x80
                  text run at (0,-36) width 12: "\x{21A6}"
        RenderText {#text} at (266,4) size 4x17
          text run at (266,4) width 4: " "
        RenderMathMLMath {math} at (270,3) size 50x15
          RenderMathMLUnderOver {mover} at (0,0) size 50x15
            RenderMathMLSpace {mspace} at (0,12) size 50x3 [bgcolor=#008000]
            RenderMathMLOperator {mo} at (15,0) size 20x8
              RenderBlock (anonymous) at (0,0) size 12x8
                RenderText {#text} at (0,-36) size 12x80
                  text run at (0,-36) width 12: "\x{21BC}"
        RenderText {#text} at (320,4) size 4x17
          text run at (320,4) width 4: " "
        RenderMathMLMath {math} at (324,5) size 50x13
          RenderMathMLUnderOver {mover} at (0,0) size 50x13
            RenderMathMLSpace {mspace} at (0,10) size 50x3 [bgcolor=#008000]
            RenderMathMLOperator {mo} at (15,0) size 20x6
              RenderBlock (anonymous) at (0,0) size 12x5
                RenderText {#text} at (0,-39) size 12x80
                  text run at (0,-39) width 12: "\x{21BD}"
        RenderText {#text} at (374,4) size 4x17
          text run at (374,4) width 4: " "
        RenderMathMLMath {math} at (378,3) size 50x15
          RenderMathMLUnderOver {mover} at (0,0) size 50x15
            RenderMathMLSpace {mspace} at (0,12) size 50x3 [bgcolor=#008000]
            RenderMathMLOperator {mo} at (15,0) size 20x8
              RenderBlock (anonymous) at (0,0) size 12x8
                RenderText {#text} at (0,-36) size 12x80
                  text run at (0,-36) width 12: "\x{21C0}"
        RenderText {#text} at (428,4) size 4x17
          text run at (428,4) width 4: " "
        RenderMathMLMath {math} at (432,2) size 50x16
          RenderMathMLUnderOver {mover} at (0,0) size 50x16
            RenderMathMLSpace {mspace} at (0,13) size 50x3 [bgcolor=#008000]
            RenderMathMLOperator {mo} at (15,0) size 20x9
              RenderBlock (anonymous) at (0,0) size 12x8
                RenderText {#text} at (0,-36) size 12x80
                  text run at (0,-36) width 12: "\x{21D0}"
        RenderText {#text} at (482,4) size 4x17
          text run at (482,4) width 4: " "
        RenderMathMLMath {math} at (486,2) size 50x16
          RenderMathMLUnderOver {mover} at (0,0) size 50x16
            RenderMathMLSpace {mspace} at (0,13) size 50x3 [bgcolor=#008000]
            RenderMathMLOperator {mo} at (15,0) size 20x9
              RenderBlock (anonymous) at (0,0) size 12x8
                RenderText {#text} at (0,-36) size 12x80
                  text run at (0,-36) width 12: "\x{21D2}"
        RenderText {#text} at (536,4) size 4x17
          text run at (536,4) width 4: " "
        RenderMathMLMath {math} at (540,2) size 50x16
          RenderMathMLUnderOver {mover} at (0,0) size 50x16
            RenderMathMLSpace {mspace} at (0,13) size 50x3 [bgcolor=#008000]
            RenderMathMLOperator {mo} at (15,0) size 20x9
              RenderBlock (anonymous) at (0,0) size 12x8
                RenderText {#text} at (0,-36) size 12x80
                  text run at (0,-36) width 12: "\x{21D4}"
        RenderText {#text} at (590,4) size 4x17
          text run at (590,4) width 4: " "
        RenderMathMLMath {math} at (594,0) size 50x18
          RenderMathMLUnderOver {mover} at (0,0) size 50x18
            RenderMathMLSpace {mspace} at (0,15) size 50x3 [bgcolor=#008000]
            RenderMathMLOperator {mo} at (15,0) size 20x11
              RenderBlock (anonymous) at (0,0) size 12x10
                RenderText {#text} at (0,-35) size 12x80
                  text run at (0,-35) width 12: "\x{21DA}"
        RenderText {#text} at (644,4) size 4x17
          text run at (644,4) width 4: " "
        RenderMathMLMath {math} at (648,0) size 50x18
          RenderMathMLUnderOver {mover} at (0,0) size 50x18
            RenderMathMLSpace {mspace} at (0,15) size 50x3 [bgcolor=#008000]
            RenderMathMLOperator {mo} at (15,0) size 20x11
              RenderBlock (anonymous) at (0,0) size 12x10
                RenderText {#text} at (0,-35) size 12x80
                  text run at (0,-35) width 12: "\x{21DB}"
        RenderText {#text} at (698,4) size 4x17
          text run at (698,4) width 4: " "
        RenderMathMLMath {math} at (702,0) size 50x18
          RenderMathMLUnderOver {mover} at (0,0) size 50x18
            RenderMathMLSpace {mspace} at (0,15) size 50x3 [bgcolor=#008000]
            RenderMathMLOperator {mo} at (23,0) size 4x11
              RenderBlock (anonymous) at (0,0) size 4x10
                RenderText {#text} at (0,-34) size 4x80
                  text run at (0,-34) width 4: "\x{23B4}"
        RenderText {#text} at (0,0) size 0x0
        RenderMathMLMath {math} at (0,27) size 50x13
          RenderMathMLUnderOver {mover} at (0,0) size 50x13
            RenderMathMLSpace {mspace} at (0,10) size 50x3 [bgcolor=#008000]
            RenderMathMLOperator {mo} at (23,0) size 4x6
              RenderBlock (anonymous) at (0,0) size 4x4
                RenderText {#text} at (0,-43) size 4x80
                  text run at (0,-43) width 4: "\x{23B5}"
        RenderText {#text} at (50,26) size 4x17
          text run at (50,26) width 4: " "
        RenderMathMLMath {math} at (54,22) size 50x18
          RenderMathMLUnderOver {mover} at (0,0) size 50x18
            RenderMathMLSpace {mspace} at (0,15) size 50x3 [bgcolor=#008000]
            RenderMathMLOperator {mo} at (22,0) size 6x11
              RenderBlock (anonymous) at (0,0) size 6x10
                RenderText {#text} at (0,-34) size 6x80
                  text run at (0,-34) width 6: "\x{23DC}"
        RenderText {#text} at (104,26) size 4x17
          text run at (104,26) width 4: " "
        RenderMathMLMath {math} at (108,27) size 50x13
          RenderMathMLUnderOver {mover} at (0,0) size 50x13
            RenderMathMLSpace {mspace} at (0,10) size 50x3 [bgcolor=#008000]
            RenderMathMLOperator {mo} at (22,0) size 6x6
              RenderBlock (anonymous) at (0,0) size 6x4
                RenderText {#text} at (0,-43) size 6x80
                  text run at (0,-43) width 6: "\x{23DD}"
        RenderText {#text} at (158,26) size 4x17
          text run at (158,26) width 4: " "
        RenderMathMLMath {math} at (162,21) size 50x19
          RenderMathMLUnderOver {mover} at (0,0) size 50x19
            RenderMathMLSpace {mspace} at (0,16) size 50x3 [bgcolor=#008000]
            RenderMathMLOperator {mo} at (22,0) size 6x12
              RenderBlock (anonymous) at (0,0) size 6x11
                RenderText {#text} at (0,-33) size 6x80
                  text run at (0,-33) width 6: "\x{23DE}"
        RenderText {#text} at (212,26) size 4x17
          text run at (212,26) width 4: " "
        RenderMathMLMath {math} at (216,26) size 50x14
          RenderMathMLUnderOver {mover} at (0,0) size 50x14
            RenderMathMLSpace {mspace} at (0,11) size 50x3 [bgcolor=#008000]
            RenderMathMLOperator {mo} at (22,0) size 6x7
              RenderBlock (anonymous) at (0,0) size 6x5
                RenderText {#text} at (0,-43) size 6x80
                  text run at (0,-43) width 6: "\x{23DF}"
        RenderText {#text} at (0,0) size 0x0
      RenderBlock {P} at (0,96) size 784x62
        RenderMathMLMath {math} at (0,0) size 100x16
          RenderMathMLUnderOver {mover} at (0,0) size 100x16
            RenderMathMLSpace {mspace} at (0,13) size 100x3 [bgcolor=#FF0000]
            RenderMathMLOperator {mo} at (40,0) size 20x9
              RenderBlock (anonymous) at (0,0) size 12x8
                RenderText {#text} at (0,-36) size 12x80
                  text run at (0,-36) width 12: "\x{2190}"
        RenderText {#text} at (100,2) size 4x17
          text run at (100,2) width 4: " "
        RenderMathMLMath {math} at (104,0) size 100x16
          RenderMathMLUnderOver {mover} at (0,0) size 100x16
            RenderMathMLSpace {mspace} at (0,13) size 100x3 [bgcolor=#FF0000]
            RenderMathMLOperator {mo} at (40,0) size 20x9
              RenderBlock (anonymous) at (0,0) size 12x8
                RenderText {#text} at (0,-36) size 12x80
                  text run at (0,-36) width 12: "\x{2192}"
        RenderText {#text} at (204,2) size 4x17
          text run at (204,2) width 4: " "
        RenderMathMLMath {math} at (208,0) size 100x16
          RenderMathMLUnderOver {mover} at (0,0) size 100x16
            RenderMathMLSpace {mspace} at (0,13) size 100x3 [bgcolor=#FF0000]
            RenderMathMLOperator {mo} at (40,0) size 20x9
              RenderBlock (anonymous) at (0,0) size 12x8
                RenderText {#text} at (0,-36) size 12x80
                  text run at (0,-36) width 12: "\x{2194}"
        RenderText {#text} at (308,2) size 4x17
          text run at (308,2) width 4: " "
        RenderMathMLMath {math} at (312,0) size 100x16
          RenderMathMLUnderOver {mover} at (0,0) size 100x16
            RenderMathMLSpace {mspace} at (0,13) size 100x3 [bgcolor=#FF0000]
            RenderMathMLOperator {mo} at (40,0) size 20x9
              RenderBlock (anonymous) at (0,0) size 12x8
                RenderText {#text} at (0,-36) size 12x80
                  text run at (0,-36) width 12: "\x{21A4}"
        RenderText {#text} at (412,2) size 4x17
          text run at (412,2) width 4: " "
        RenderMathMLMath {math} at (416,0) size 100x16
          RenderMathMLUnderOver {mover} at (0,0) size 100x16
            RenderMathMLSpace {mspace} at (0,13) size 100x3 [bgcolor=#FF0000]
            RenderMathMLOperator {mo} at (40,0) size 20x9
              RenderBlock (anonymous) at (0,0) size 12x8
                RenderText {#text} at (0,-36) size 12x80
                  text run at (0,-36) width 12: "\x{21A6}"
        RenderText {#text} at (516,2) size 4x17
          text run at (516,2) width 4: " "
        RenderMathMLMath {math} at (520,1) size 100x15
          RenderMathMLUnderOver {mover} at (0,0) size 100x15
            RenderMathMLSpace {mspace} at (0,12) size 100x3 [bgcolor=#FF0000]
            RenderMathMLOperator {mo} at (40,0) size 20x8
              RenderBlock (anonymous) at (0,0) size 12x8
                RenderText {#text} at (0,-36) size 12x80
                  text run at (0,-36) width 12: "\x{21BC}"
        RenderText {#text} at (620,2) size 4x17
          text run at (620,2) width 4: " "
        RenderMathMLMath {math} at (624,3) size 100x13
          RenderMathMLUnderOver {mover} at (0,0) size 100x13
            RenderMathMLSpace {mspace} at (0,10) size 100x3 [bgcolor=#FF0000]
            RenderMathMLOperator {mo} at (40,0) size 20x6
              RenderBlock (anonymous) at (0,0) size 12x5
                RenderText {#text} at (0,-39) size 12x80
                  text run at (0,-39) width 12: "\x{21BD}"
        RenderText {#text} at (0,0) size 0x0
        RenderMathMLMath {math} at (0,22) size 100x15
          RenderMathMLUnderOver {mover} at (0,0) size 100x15
            RenderMathMLSpace {mspace} at (0,12) size 100x3 [bgcolor=#FF0000]
            RenderMathMLOperator {mo} at (40,0) size 20x8
              RenderBlock (anonymous) at (0,0) size 12x8
                RenderText {#text} at (0,-36) size 12x80
                  text run at (0,-36) width 12: "\x{21C0}"
        RenderText {#text} at (100,23) size 4x17
          text run at (100,23) width 4: " "
        RenderMathMLMath {math} at (104,21) size 100x16
          RenderMathMLUnderOver {mover} at (0,0) size 100x16
            RenderMathMLSpace {mspace} at (0,13) size 100x3 [bgcolor=#FF0000]
            RenderMathMLOperator {mo} at (40,0) size 20x9
              RenderBlock (anonymous) at (0,0) size 12x8
                RenderText {#text} at (0,-36) size 12x80
                  text run at (0,-36) width 12: "\x{21D0}"
        RenderText {#text} at (204,23) size 4x17
          text run at (204,23) width 4: " "
        RenderMathMLMath {math} at (208,21) size 100x16
          RenderMathMLUnderOver {mover} at (0,0) size 100x16
            RenderMathMLSpace {mspace} at (0,13) size 100x3 [bgcolor=#FF0000]
            RenderMathMLOperator {mo} at (40,0) size 20x9
              RenderBlock (anonymous) at (0,0) size 12x8
                RenderText {#text} at (0,-36) size 12x80
                  text run at (0,-36) width 12: "\x{21D2}"
        RenderText {#text} at (308,23) size 4x17
          text run at (308,23) width 4: " "
        RenderMathMLMath {math} at (312,21) size 100x16
          RenderMathMLUnderOver {mover} at (0,0) size 100x16
            RenderMathMLSpace {mspace} at (0,13) size 100x3 [bgcolor=#FF0000]
            RenderMathMLOperator {mo} at (40,0) size 20x9
              RenderBlock (anonymous) at (0,0) size 12x8
                RenderText {#text} at (0,-36) size 12x80
                  text run at (0,-36) width 12: "\x{21D4}"
        RenderText {#text} at (412,23) size 4x17
          text run at (412,23) width 4: " "
        RenderMathMLMath {math} at (416,19) size 100x18
          RenderMathMLUnderOver {mover} at (0,0) size 100x18
            RenderMathMLSpace {mspace} at (0,15) size 100x3 [bgcolor=#FF0000]
            RenderMathMLOperator {mo} at (40,0) size 20x11
              RenderBlock (anonymous) at (0,0) size 12x10
                RenderText {#text} at (0,-35) size 12x80
                  text run at (0,-35) width 12: "\x{21DA}"
        RenderText {#text} at (516,23) size 4x17
          text run at (516,23) width 4: " "
        RenderMathMLMath {math} at (520,19) size 100x18
          RenderMathMLUnderOver {mover} at (0,0) size 100x18
            RenderMathMLSpace {mspace} at (0,15) size 100x3 [bgcolor=#FF0000]
            RenderMathMLOperator {mo} at (40,0) size 20x11
              RenderBlock (anonymous) at (0,0) size 12x10
                RenderText {#text} at (0,-35) size 12x80
                  text run at (0,-35) width 12: "\x{21DB}"
        RenderText {#text} at (620,23) size 4x17
          text run at (620,23) width 4: " "
        RenderMathMLMath {math} at (624,19) size 100x18
          RenderMathMLUnderOver {mover} at (0,0) size 100x18
            RenderMathMLSpace {mspace} at (0,15) size 100x3 [bgcolor=#FF0000]
            RenderMathMLOperator {mo} at (48,0) size 4x11
              RenderBlock (anonymous) at (0,0) size 4x10
                RenderText {#text} at (0,-34) size 4x80
                  text run at (0,-34) width 4: "\x{23B4}"
        RenderText {#text} at (0,0) size 0x0
        RenderMathMLMath {math} at (0,46) size 100x13
          RenderMathMLUnderOver {mover} at (0,0) size 100x13
            RenderMathMLSpace {mspace} at (0,10) size 100x3 [bgcolor=#FF0000]
            RenderMathMLOperator {mo} at (48,0) size 4x6
              RenderBlock (anonymous) at (0,0) size 4x4
                RenderText {#text} at (0,-43) size 4x80
                  text run at (0,-43) width 4: "\x{23B5}"
        RenderText {#text} at (100,45) size 4x17
          text run at (100,45) width 4: " "
        RenderMathMLMath {math} at (104,41) size 100x18
          RenderMathMLUnderOver {mover} at (0,0) size 100x18
            RenderMathMLSpace {mspace} at (0,15) size 100x3 [bgcolor=#FF0000]
            RenderMathMLOperator {mo} at (47,0) size 6x11
              RenderBlock (anonymous) at (0,0) size 6x10
                RenderText {#text} at (0,-34) size 6x80
                  text run at (0,-34) width 6: "\x{23DC}"
        RenderText {#text} at (204,45) size 4x17
          text run at (204,45) width 4: " "
        RenderMathMLMath {math} at (208,46) size 100x13
          RenderMathMLUnderOver {mover} at (0,0) size 100x13
            RenderMathMLSpace {mspace} at (0,10) size 100x3 [bgcolor=#FF0000]
            RenderMathMLOperator {mo} at (47,0) size 6x6
              RenderBlock (anonymous) at (0,0) size 6x4
                RenderText {#text} at (0,-43) size 6x80
                  text run at (0,-43) width 6: "\x{23DD}"
        RenderText {#text} at (308,45) size 4x17
          text run at (308,45) width 4: " "
        RenderMathMLMath {math} at (312,40) size 100x19
          RenderMathMLUnderOver {mover} at (0,0) size 100x19
            RenderMathMLSpace {mspace} at (0,16) size 100x3 [bgcolor=#FF0000]
            RenderMathMLOperator {mo} at (47,0) size 6x12
              RenderBlock (anonymous) at (0,0) size 6x11
                RenderText {#text} at (0,-33) size 6x80
                  text run at (0,-33) width 6: "\x{23DE}"
        RenderText {#text} at (412,45) size 4x17
          text run at (412,45) width 4: " "
        RenderMathMLMath {math} at (416,45) size 100x14
          RenderMathMLUnderOver {mover} at (0,0) size 100x14
            RenderMathMLSpace {mspace} at (0,11) size 100x3 [bgcolor=#FF0000]
            RenderMathMLOperator {mo} at (47,0) size 6x7
              RenderBlock (anonymous) at (0,0) size 6x5
                RenderText {#text} at (0,-43) size 6x80
                  text run at (0,-43) width 6: "\x{23DF}"
        RenderText {#text} at (0,0) size 0x0
