layer at (0,0) size 785x947
  RenderView at (0,0) size 785x600
layer at (0,0) size 785x923
  RenderBlock {HTML} at (0,0) size 785x923
    RenderBody {BODY} at (8,8) size 769x907
      RenderText {#text} at (0,0) size 457x17
        text run at (0,0) width 457: "All of the replaced elements below should be clipped to a border-radius. "
      RenderBR {BR} at (0,0) size 0x0
      RenderImage {IMG} at (0,17) size 100x100
      RenderText {#text} at (100,103) size 4x17
        text run at (100,103) width 4: " "
      RenderBR {BR} at (0,0) size 0x0
      RenderImage {INPUT} at (0,120) size 100x100
      RenderText {#text} at (100,206) size 4x17
        text run at (100,206) width 4: " "
      RenderBR {BR} at (0,0) size 0x0
      RenderIFrame {IFRAME} at (0,223) size 304x154 [border: (2px inset #000000)]
        layer at (0,0) size 300x150
          RenderView at (0,0) size 300x150
        layer at (0,0) size 300x150
          RenderBlock {HTML} at (0,0) size 300x150
            RenderBody {BODY} at (0,0) size 300x150
              RenderImage {IMG} at (0,0) size 100x100
      RenderText {#text} at (304,363) size 4x17
        text run at (304,363) width 4: " "
      RenderBR {BR} at (0,0) size 0x0
      RenderText {#text} at (300,516) size 4x17
        text run at (300,516) width 4: " "
      RenderBR {BR} at (0,0) size 0x0
      RenderEmbeddedObject {EMBED} at (0,533) size 556x406 [bgcolor=#00FF00] [border: (3px solid #000000)]
      RenderText {#text} at (0,0) size 0x0
layer at (8,388) size 300x150
  RenderVideo {VIDEO} at (0,380) size 300x150
