layer at (0,0) size 800x1102
  RenderView at (0,0) size 800x600
layer at (0,0) size 800x600
  RenderBlock {HTML} at (0,0) size 800x600
    RenderBody {BODY} at (8,8) size 776x584
layer at (8,8) size 160x584
  RenderBlock {P} at (0,0) size 160x584 [border: (10px solid #800000)]
    RenderMultiColumnSet at (30,30) size 100x524
layer at (38,38) size 520x164
  RenderMultiColumnFlowThread at (30,30) size 520x164
    RenderText {#text} at (0,0) size 39x133
      text run at (0,0) width 133: "This is some column"
      text run at (20,0) width 28: "text."
    RenderBR {BR} at (24,27) size 0x1
    RenderText {#text} at (40,0) size 39x133
      text run at (40,0) width 133: "This is some column"
      text run at (60,0) width 28: "text."
    RenderBR {BR} at (64,27) size 0x1
    RenderText {#text} at (80,0) size 39x133
      text run at (80,0) width 133: "This is some column"
      text run at (100,0) width 28: "text."
    RenderBR {BR} at (104,27) size 0x1
    RenderText {#text} at (120,0) size 39x133
      text run at (120,0) width 133: "This is some column"
      text run at (140,0) width 28: "text."
    RenderBR {BR} at (144,27) size 0x1
    RenderText {#text} at (160,0) size 39x133
      text run at (160,0) width 133: "This is some column"
      text run at (180,0) width 28: "text."
    RenderBR {BR} at (184,27) size 0x1
    RenderText {#text} at (200,0) size 39x133
      text run at (200,0) width 133: "This is some column"
      text run at (220,0) width 28: "text."
    RenderBR {BR} at (224,27) size 0x1
    RenderText {#text} at (240,0) size 39x133
      text run at (240,0) width 133: "This is some column"
      text run at (260,0) width 28: "text."
    RenderBR {BR} at (264,27) size 0x1
    RenderText {#text} at (280,0) size 39x133
      text run at (280,0) width 133: "This is some column"
      text run at (300,0) width 28: "text."
    RenderBR {BR} at (304,27) size 0x1
    RenderText {#text} at (320,0) size 39x133
      text run at (320,0) width 133: "This is some column"
      text run at (340,0) width 28: "text."
    RenderBR {BR} at (344,27) size 0x1
    RenderText {#text} at (360,0) size 39x133
      text run at (360,0) width 133: "This is some column"
      text run at (380,0) width 28: "text."
    RenderBR {BR} at (384,27) size 0x1
    RenderText {#text} at (400,0) size 39x133
      text run at (400,0) width 133: "This is some column"
      text run at (420,0) width 28: "text."
    RenderBR {BR} at (424,27) size 0x1
    RenderText {#text} at (440,0) size 39x133
      text run at (440,0) width 133: "This is some column"
      text run at (460,0) width 28: "text."
    RenderBR {BR} at (464,27) size 0x1
    RenderText {#text} at (480,0) size 39x133
      text run at (480,0) width 133: "This is some column"
      text run at (500,0) width 28: "text."
    RenderBR {BR} at (504,27) size 0x1
layer at (184,8) size 160x584
  RenderBlock {P} at (176,0) size 160x584 [border: (10px solid #800000)]
    RenderMultiColumnSet at (30,30) size 100x524
layer at (214,398) size 520x164
  RenderMultiColumnFlowThread at (30,390) size 520x164
    RenderText {#text} at (0,31) size 39x133
      text run at (0,31) width 133: "This is some column"
      text run at (20,136) width 4 RTL: "."
      text run at (20,140) width 24: "text"
    RenderBR {BR} at (24,136) size 0x1
    RenderText {#text} at (40,31) size 39x133
      text run at (40,31) width 133: "This is some column"
      text run at (60,136) width 4 RTL: "."
      text run at (60,140) width 24: "text"
    RenderBR {BR} at (64,136) size 0x1
    RenderText {#text} at (80,31) size 39x133
      text run at (80,31) width 133: "This is some column"
      text run at (100,136) width 4 RTL: "."
      text run at (100,140) width 24: "text"
    RenderBR {BR} at (104,136) size 0x1
    RenderText {#text} at (120,31) size 39x133
      text run at (120,31) width 133: "This is some column"
      text run at (140,136) width 4 RTL: "."
      text run at (140,140) width 24: "text"
    RenderBR {BR} at (144,136) size 0x1
    RenderText {#text} at (160,31) size 39x133
      text run at (160,31) width 133: "This is some column"
      text run at (180,136) width 4 RTL: "."
      text run at (180,140) width 24: "text"
    RenderBR {BR} at (184,136) size 0x1
    RenderText {#text} at (200,31) size 39x133
      text run at (200,31) width 133: "This is some column"
      text run at (220,136) width 4 RTL: "."
      text run at (220,140) width 24: "text"
    RenderBR {BR} at (224,136) size 0x1
    RenderText {#text} at (240,31) size 39x133
      text run at (240,31) width 133: "This is some column"
      text run at (260,136) width 4 RTL: "."
      text run at (260,140) width 24: "text"
    RenderBR {BR} at (264,136) size 0x1
    RenderText {#text} at (280,31) size 39x133
      text run at (280,31) width 133: "This is some column"
      text run at (300,136) width 4 RTL: "."
      text run at (300,140) width 24: "text"
    RenderBR {BR} at (304,136) size 0x1
    RenderText {#text} at (320,31) size 39x133
      text run at (320,31) width 133: "This is some column"
      text run at (340,136) width 4 RTL: "."
      text run at (340,140) width 24: "text"
    RenderBR {BR} at (344,136) size 0x1
    RenderText {#text} at (360,31) size 39x133
      text run at (360,31) width 133: "This is some column"
      text run at (380,136) width 4 RTL: "."
      text run at (380,140) width 24: "text"
    RenderBR {BR} at (384,136) size 0x1
    RenderText {#text} at (400,31) size 39x133
      text run at (400,31) width 133: "This is some column"
      text run at (420,136) width 4 RTL: "."
      text run at (420,140) width 24: "text"
    RenderBR {BR} at (424,136) size 0x1
    RenderText {#text} at (440,31) size 39x133
      text run at (440,31) width 133: "This is some column"
      text run at (460,136) width 4 RTL: "."
      text run at (460,140) width 24: "text"
    RenderBR {BR} at (464,136) size 0x1
    RenderText {#text} at (480,31) size 39x133
      text run at (480,31) width 133: "This is some column"
      text run at (500,136) width 4 RTL: "."
      text run at (500,140) width 24: "text"
    RenderBR {BR} at (504,136) size 0x1
