layer at (0,0) size 800x600
  RenderView at (0,0) size 800x600
layer at (0,0) size 800x115
  RenderBlock {HTML} at (0,0) size 800x115
    RenderBody {BODY} at (8,16) size 784x91
      RenderBlock {P} at (0,0) size 784x18
        RenderText {#text} at (0,0) size 261x17
          text run at (0,0) width 261: "Test passes if horizontal operators stretch."
      RenderBlock (anonymous) at (0,34) size 784x57
        RenderMathMLMath {math} at (0,8) size 60x41
          RenderMathMLUnderOver {mover} at (0,0) size 60x41
            RenderMathMLSpace {mspace} at (0,10) size 60x31 [bgcolor=#008000]
            RenderMathMLOperator {mo} at (5,1) size 50x6
              RenderBlock (anonymous) at (0,0) size 13x19
                RenderText {#text} at (0,-67) size 13x158
                  text run at (0,-67) width 13: "^"
        RenderText {#text} at (60,34) size 4x17
          text run at (60,34) width 4: " "
        RenderMathMLMath {math} at (64,18) size 63x40
          RenderMathMLUnderOver {munder} at (0,0) size 63x40
            RenderMathMLSpace {mspace} at (1,0) size 61x30 [bgcolor=#008000]
            RenderMathMLOperator {mo} at (0,33) size 63x5
              RenderBlock (anonymous) at (0,0) size 8x4
                RenderText {#text} at (0,-85) size 8x158
                  text run at (0,-85) width 8: "_"
        RenderText {#text} at (126,34) size 5x17
          text run at (126,34) width 5: " "
        RenderMathMLMath {math} at (130,10) size 61x39
          RenderMathMLUnderOver {mover} at (0,0) size 60x39
            RenderMathMLSpace {mspace} at (0,8) size 60x31 [bgcolor=#008000]
            RenderMathMLOperator {mo} at (7,1) size 46x8
              RenderBlock (anonymous) at (0,0) size 13x9
                RenderText {#text} at (0,-77) size 13x158
                  text run at (0,-77) width 13: "~"
        RenderText {#text} at (190,34) size 5x17
          text run at (190,34) width 5: " "
        RenderMathMLMath {math} at (194,0) size 61x49
          RenderMathMLUnderOver {mover} at (0,0) size 60x49
            RenderMathMLSpace {mspace} at (0,18) size 60x31 [bgcolor=#008000]
            RenderMathMLOperator {mo} at (0,1) size 60x18
              RenderBlock (anonymous) at (0,0) size 12x16
                RenderText {#text} at (0,-70) size 12x158
                  text run at (0,-70) width 12: "\x{AF}"
        RenderText {#text} at (254,34) size 5x17
          text run at (254,34) width 5: " "
        RenderMathMLMath {math} at (258,12) size 61x37
          RenderMathMLUnderOver {mover} at (0,0) size 60x37
            RenderMathMLSpace {mspace} at (0,6) size 60x31 [bgcolor=#008000]
            RenderMathMLOperator {mo} at (7,1) size 46x6
              RenderBlock (anonymous) at (0,0) size 12x18
                RenderText {#text} at (0,-68) size 12x158
                  text run at (0,-68) width 12: "\x{2C6}"
        RenderText {#text} at (318,34) size 5x17
          text run at (318,34) width 5: " "
        RenderMathMLMath {math} at (322,12) size 61x37
          RenderMathMLUnderOver {mover} at (0,0) size 60x37
            RenderMathMLSpace {mspace} at (0,6) size 60x31 [bgcolor=#008000]
            RenderMathMLOperator {mo} at (7,1) size 46x6
              RenderBlock (anonymous) at (0,0) size 12x18
                RenderText {#text} at (0,-68) size 12x158
                  text run at (0,-68) width 12: "\x{2C7}"
        RenderText {#text} at (0,0) size 0x0
