layer at (0,0) size 800x600
  RenderView at (0,0) size 800x600
layer at (0,0) size 800x600
  RenderBlock {HTML} at (0,0) size 800x600
    RenderBody {BODY} at (8,16) size 784x566
      RenderBlock {DIV} at (0,0) size 784x17
        RenderText {#text} at (0,0) size 160x17
          text run at (0,0) width 160: "Outline ring painting test."
      RenderBlock {DIV} at (0,33) size 784x93
        RenderBlock (anonymous) at (0,0) size 784x17
          RenderInline {SPAN} at (0,0) size 98x17
            RenderText {#text} at (0,0) size 98x17
              text run at (0,0) width 98: "Content before."
        RenderBlock (anonymous) at (0,35) size 784x22
          RenderBlock {H3} at (0,0) size 784x21
            RenderText {#text} at (0,0) size 150x21
              text run at (0,0) width 150: "Bold with margin."
        RenderBlock (anonymous) at (0,75) size 784x18
          RenderInline {SPAN} at (0,0) size 82x17
            RenderText {#text} at (0,0) size 82x17
              text run at (0,0) width 82: "Content after"
      RenderBlock {DIV} at (0,144) size 784x57
        RenderBlock (anonymous) at (0,0) size 784x0
          RenderInline {SPAN} at (0,0) size 0x0
        RenderBlock (anonymous) at (0,0) size 784x21
          RenderBlock {H3} at (0,0) size 784x21
            RenderText {#text} at (0,0) size 150x21
              text run at (0,0) width 150: "No content before."
        RenderBlock (anonymous) at (0,39) size 784x18
          RenderInline {SPAN} at (0,0) size 86x17
            RenderText {#text} at (0,0) size 86x17
              text run at (0,0) width 86: "Content after."
      RenderBlock {DIV} at (0,216) size 784x58
        RenderBlock (anonymous) at (0,0) size 784x17
          RenderInline {SPAN} at (0,0) size 94x17
            RenderText {#text} at (0,0) size 94x17
              text run at (0,0) width 94: "Content before"
        RenderBlock (anonymous) at (0,35) size 784x22
          RenderBlock {H3} at (0,0) size 784x21
            RenderText {#text} at (0,0) size 177x21
              text run at (0,0) width 177: "But No Content After"
        RenderBlock (anonymous) at (0,75) size 784x0
          RenderInline {SPAN} at (0,0) size 0x0
      RenderBlock {DIV} at (0,292) size 784x22
        RenderBlock (anonymous) at (0,0) size 784x0
          RenderInline {SPAN} at (0,0) size 0x0
        RenderBlock (anonymous) at (0,0) size 784x21
          RenderBlock {H3} at (0,0) size 784x21
            RenderText {#text} at (0,0) size 216x21
              text run at (0,0) width 216: "No content before or after."
        RenderBlock (anonymous) at (0,39) size 784x0
          RenderInline {SPAN} at (0,0) size 0x0
