layer at (0,0) size 800x600
  RenderView at (0,0) size 800x600
layer at (0,0) size 800x600
  RenderBlock {HTML} at (0,0) size 800x600
    RenderBody {BODY} at (8,8) size 784x576
      RenderBlock {DIV} at (0,0) size 784x17
        RenderText {#text} at (0,0) size 552x17
          text run at (0,0) width 552: "This test verifies that we draw borders and and backgrounds for inlines without content."
      RenderBlock (anonymous) at (0,17) size 784x17
        RenderBR {BR} at (0,0) size 0x17
      RenderBlock {DIV} at (0,34) size 784x17
        RenderText {#text} at (0,0) size 249x17
          text run at (0,0) width 249: "There should be two blue boxes below:"
      RenderBlock (anonymous) at (0,51) size 784x119
        RenderInline {A} at (0,0) size 15x23 [color=#0000EE] [border: (3px solid #0000EE)]
        RenderText {#text} at (0,0) size 0x0
        RenderInline {A} at (0,0) size 27x23 [color=#0000EE] [border: (3px solid #0000EE)]
          RenderText {#text} at (23,0) size 12x17
            text run at (23,0) width 12: "A"
        RenderText {#text} at (42,0) size 4x17
          text run at (42,0) width 4: " "
        RenderBR {BR} at (0,0) size 0x0
        RenderBR {BR} at (0,17) size 0x17
        RenderText {#text} at (0,34) size 261x17
          text run at (0,34) width 261: "There should be a blue box after this text:"
        RenderInline {A} at (0,0) size 10x27 [bgcolor=#0000FF]
        RenderText {#text} at (271,34) size 4x17
          text run at (271,34) width 4: " "
        RenderBR {BR} at (275,48) size 0x0
        RenderInline {A} at (0,0) size 10x27 [bgcolor=#0000FF]
        RenderText {#text} at (10,51) size 277x17
          text run at (10,51) width 277: "There should be a blue box before this text. "
        RenderBR {BR} at (0,0) size 0x0
        RenderBR {BR} at (0,68) size 0x17
        RenderInline {A} at (0,0) size 10x27
        RenderText {#text} at (10,85) size 323x17
          text run at (10,85) width 323: "There should be 10px of space left before this text. "
        RenderBR {BR} at (0,0) size 0x0
        RenderBR {BR} at (0,102) size 0x17
      RenderBlock {P} at (0,186) size 784x34
        RenderText {#text} at (0,0) size 191x17
          text run at (0,0) width 191: "This text is before the anchor. "
        RenderInline {A} at (0,0) size 0x0
        RenderText {#text} at (191,0) size 783x34
          text run at (191,0) width 409: "This text is after the anchor, but should be flush with the anchor. "
          text run at (600,0) width 183: "There should be no spaces in"
          text run at (0,17) width 272: "between the anchor and this following text."
      RenderBlock {P} at (0,236) size 784x17
        RenderInline {A} at (0,0) size 722x17
          RenderText {#text} at (0,0) size 722x17
            text run at (0,0) width 722: "This text should be flush with the anchor. There should not be a space between the anchor and the text on this line."
        RenderInline {A} at (0,0) size 0x17
          RenderText {#text} at (0,0) size 0x0
