layer at (0,0) size 800x600
  RenderView at (0,0) size 800x600
layer at (0,0) size 800x538
  RenderBlock {HTML} at (0,0) size 800x538
    RenderBody {BODY} at (8,21) size 784x349
      RenderBlock {H1} at (0,0) size 784x36 [color=#990000]
        RenderText {#text} at (0,0) size 701x36
          text run at (0,0) width 701: "Webkit background image positioning on RTL text"
      RenderBlock {H2} at (0,57) size 784x27
        RenderText {#text} at (0,0) size 263x26
          text run at (0,0) width 263: "Behaviour within <p> tag"
      RenderBlock (floating) {DIV} at (0,103) size 318x198 [bgcolor=#DDDDDD]
        RenderBlock {P} at (6,22) size 306x153
          RenderText {#text} at (40,0) size 266x153
            text run at (40,0) width 252: "Lorem ipsum dolor sit amet, consectetur"
            text run at (40,17) width 95: "adipiscing elit. "
            text run at (135,17) width 119: "Nam mollis, elit eu"
            text run at (40,34) width 259: "vulputate ornare, est urna congue felis, id"
            text run at (40,51) width 43: "auctor "
            text run at (83,51) width 194: "arcu odio imperdiet nulla. Cras"
            text run at (40,68) width 190: "viverra interdum diam blandit "
            text run at (230,68) width 68: "adipiscing."
            text run at (40,85) width 266: "Aliquam erat felis, iaculis sit amet rhoncus"
            text run at (40,102) width 34: "quis, "
            text run at (74,102) width 165: "condimentum at nisl. Duis"
            text run at (40,119) width 230: "malesuada quam vel augue hendrerit"
            text run at (40,136) width 40: "porta. "
            text run at (80,136) width 192: "Nulla vitae elementum mauris."
      RenderBlock (floating) {DIV} at (332,103) size 318x130 [bgcolor=#DDDDDD]
        RenderBlock {P} at (6,22) size 306x85
          RenderText {#text} at (14,0) size 259x85
            text run at (14,0) width 252 RTL: "\x{5D4}\x{5D5}\x{5D1}\x{5DC}\x{5EA} \x{5D3}\x{5D9}\x{5E8}\x{5D5}\x{5EA} \x{5D1}\x{5DB}\x{5DC} \x{5D4}\x{5D0}\x{5E8}\x{5E5} \x{5E9}\x{5D9}\x{5E8}\x{5D5}\x{5EA}, \x{5D0}\x{5D9}\x{5DB}\x{5D5}\x{5EA}"
            text run at (7,17) width 259 RTL: "\x{5D5}\x{5DE}\x{5D7}\x{5D9}\x{5E8}\x{5D9}\x{5DD} \x{5DC}\x{5DC}\x{5D0} \x{5EA}\x{5D7}\x{5E8}\x{5D5}\x{5EA} \x{5D4}\x{5D5}\x{5D1}\x{5DC}\x{5EA} \x{5D3}\x{5D9}\x{5E8}\x{5D5}\x{5EA} \x{5D1}\x{5DB}\x{5DC}"
            text run at (48,34) width 218 RTL: "\x{5D4}\x{5D0}\x{5E8}\x{5E5} \x{5E9}\x{5D9}\x{5E8}\x{5D5}\x{5EA}, \x{5D0}\x{5D9}\x{5DB}\x{5D5}\x{5EA} \x{5D5}\x{5DE}\x{5D7}\x{5D9}\x{5E8}\x{5D9}\x{5DD} \x{5DC}\x{5DC}\x{5D0}"
            text run at (7,51) width 259 RTL: "\x{5EA}\x{5D7}\x{5E8}\x{5D5}\x{5EA} \x{5D4}\x{5D5}\x{5D1}\x{5DC}\x{5EA} \x{5D3}\x{5D9}\x{5E8}\x{5D5}\x{5EA} \x{5D1}\x{5DB}\x{5DC} \x{5D4}\x{5D0}\x{5E8}\x{5E5} \x{5E9}\x{5D9}\x{5E8}\x{5D5}\x{5EA},"
            text run at (89,68) width 177 RTL: "\x{5D0}\x{5D9}\x{5DB}\x{5D5}\x{5EA} \x{5D5}\x{5DE}\x{5D7}\x{5D9}\x{5E8}\x{5D9}\x{5DD} \x{5DC}\x{5DC}\x{5D0} \x{5EA}\x{5D7}\x{5E8}\x{5D5}\x{5EA}"
      RenderBlock {HR} at (0,300) size 784x3 [border: (1px inset #000000)]
      RenderBlock {H2} at (0,322) size 784x27
        RenderText {#text} at (0,0) size 262x26
          text run at (0,0) width 262: "Behaviour within <a> tag"
      RenderBlock (floating) {DIV} at (0,368) size 318x149 [bgcolor=#DDDDDD]
        RenderInline {A} at (0,0) size 303x136 [color=#0000EE]
          RenderText {#text} at (46,6) size 303x136
            text run at (46,6) width 252: "Lorem ipsum dolor sit amet, consectetur"
            text run at (6,23) width 276: "adipiscing elit. Nam mollis, elit eu vulputate"
            text run at (6,40) width 151: "ornare, est urna congue "
            text run at (157,40) width 152: "felis, id auctor arcu odio"
            text run at (6,57) width 274: "imperdiet nulla. Cras viverra interdum diam"
            text run at (6,74) width 297: "blandit adipiscing. Aliquam erat felis, iaculis sit"
            text run at (6,91) width 122: "amet rhoncus quis, "
            text run at (128,91) width 165: "condimentum at nisl. Duis"
            text run at (6,108) width 270: "malesuada quam vel augue hendrerit porta."
            text run at (6,125) width 192: "Nulla vitae elementum mauris."
        RenderText {#text} at (0,0) size 0x0
      RenderBlock (floating) {DIV} at (332,368) size 318x98 [bgcolor=#DDDDDD]
        RenderInline {A} at (0,0) size 300x85 [color=#0000EE]
          RenderText {#text} at (20,6) size 300x85
            text run at (20,6) width 252 RTL: "\x{5D4}\x{5D5}\x{5D1}\x{5DC}\x{5EA} \x{5D3}\x{5D9}\x{5E8}\x{5D5}\x{5EA} \x{5D1}\x{5DB}\x{5DC} \x{5D4}\x{5D0}\x{5E8}\x{5E5} \x{5E9}\x{5D9}\x{5E8}\x{5D5}\x{5EA}, \x{5D0}\x{5D9}\x{5DB}\x{5D5}\x{5EA}"
            text run at (12,23) width 300 RTL: "\x{5D5}\x{5DE}\x{5D7}\x{5D9}\x{5E8}\x{5D9}\x{5DD} \x{5DC}\x{5DC}\x{5D0} \x{5EA}\x{5D7}\x{5E8}\x{5D5}\x{5EA} \x{5D4}\x{5D5}\x{5D1}\x{5DC}\x{5EA} \x{5D3}\x{5D9}\x{5E8}\x{5D5}\x{5EA} \x{5D1}\x{5DB}\x{5DC} \x{5D4}\x{5D0}\x{5E8}\x{5E5}"
            text run at (37,40) width 275 RTL: "\x{5E9}\x{5D9}\x{5E8}\x{5D5}\x{5EA}, \x{5D0}\x{5D9}\x{5DB}\x{5D5}\x{5EA} \x{5D5}\x{5DE}\x{5D7}\x{5D9}\x{5E8}\x{5D9}\x{5DD} \x{5DC}\x{5DC}\x{5D0} \x{5EA}\x{5D7}\x{5E8}\x{5D5}\x{5EA} \x{5D4}\x{5D5}\x{5D1}\x{5DC}\x{5EA}"
            text run at (19,57) width 293 RTL: "\x{5D3}\x{5D9}\x{5E8}\x{5D5}\x{5EA} \x{5D1}\x{5DB}\x{5DC} \x{5D4}\x{5D0}\x{5E8}\x{5E5} \x{5E9}\x{5D9}\x{5E8}\x{5D5}\x{5EA}, \x{5D0}\x{5D9}\x{5DB}\x{5D5}\x{5EA} \x{5D5}\x{5DE}\x{5D7}\x{5D9}\x{5E8}\x{5D9}\x{5DD} \x{5DC}\x{5DC}\x{5D0}"
            text run at (267,74) width 45 RTL: "\x{5EA}\x{5D7}\x{5E8}\x{5D5}\x{5EA}"
        RenderText {#text} at (0,0) size 0x0
