layer at (0,0) size 800x600
  RenderView at (0,0) size 800x600
layer at (0,0) size 800x600
  RenderBlock {HTML} at (0,0) size 800x600
    RenderBody {BODY} at (8,8) size 784x584
      RenderTable {TABLE} at (0,0) size 784x155
        RenderTableSection {TBODY} at (0,0) size 784x155
          RenderTableRow {TR} at (0,0) size 784x74
            RenderTableCell {TD} at (0,0) size 785x74 [r=0 c=0 rs=1 cs=4]
              RenderBR {BR} at (392,1) size 1x17
              RenderInline {FONT} at (0,0) size 729x53
                RenderText {#text} at (28,19) size 729x35
                  text run at (28,19) width 182: "The Supreme Court says "
                  text run at (209,19) width 548: "Wisconsin can continue using tuition vouchers to help poor parents send their"
                  text run at (212,37) width 222: "children to church-run schools. "
                  text run at (433,37) width 140: "What's your stand? "
                RenderBR {BR} at (572,51) size 1x0
                RenderBR {BR} at (392,55) size 1x17
              RenderText {#text} at (0,0) size 0x0
          RenderTableRow {TR} at (0,74) size 784x24
            RenderTableCell {TD} at (0,77) size 513x18 [r=1 c=0 rs=1 cs=1]
              RenderInline {FONT} at (0,0) size 141x15
                RenderText {#text} at (371,0) size 141x17
                  text run at (371,1) width 141: "I agree with the program"
              RenderText {#text} at (0,0) size 0x0
            RenderTableCell {TD} at (512,74) size 100x24 [r=1 c=1 rs=1 cs=1]
              RenderBlock {INPUT} at (3,4) size 24x16
          RenderTableRow {TR} at (0,98) size 784x24
            RenderTableCell {TD} at (0,101) size 513x18 [r=2 c=0 rs=1 cs=1]
              RenderInline {FONT} at (0,0) size 154x15
                RenderText {#text} at (358,0) size 154x17
                  text run at (358,1) width 154: "I think vouchers are wrong"
              RenderText {#text} at (0,0) size 0x0
            RenderTableCell {TD} at (512,98) size 100x24 [r=2 c=1 rs=1 cs=1]
              RenderBlock {INPUT} at (3,4) size 24x16
          RenderTableRow {TR} at (0,122) size 784x33
            RenderTableCell {TD} at (0,130) size 612x17 [r=3 c=0 rs=1 cs=2]
              RenderInline {A} at (0,0) size 76x17 [color=#0000EE]
                RenderInline {FONT} at (0,0) size 76x15
                  RenderText {#text} at (268,1) size 76x15
                    text run at (268,1) width 76: "View Results"
              RenderInline {FONT} at (0,0) size 0x15
                RenderText {#text} at (0,0) size 0x0
            RenderTableCell {TD} at (612,122) size 173x33 [r=3 c=2 rs=1 cs=2]
              RenderButton {INPUT} at (63,3) size 47x27 [color=#2E3436] [bgcolor=#C0C0C0] [border: (2px outset #C0C0C0)]
                RenderBlock (anonymous) at (8,4) size 30x18
                  RenderText at (0,0) size 30x17
                    text run at (0,0) width 30: "vote"
              RenderText {#text} at (0,0) size 0x0
