layer at (0,0) size 800x600
  RenderView at (0,0) size 800x600
layer at (0,0) size 800x600
  RenderBlock {HTML} at (0,0) size 800x600
    RenderBody {BODY} at (8,8) size 784x576
      RenderBlock (anonymous) at (0,0) size 784x18
        RenderText {#text} at (0,0) size 264x17
          text run at (0,0) width 264: "The select should not contain blank items "
        RenderBR {BR} at (264,14) size 0x0
      RenderBlock {FORM} at (0,18) size 784x34
        RenderInline {B} at (0,0) size 47x17
          RenderText {#text} at (0,8) size 47x17
            text run at (0,8) width 47: "Search"
        RenderText {#text} at (47,8) size 4x17
          text run at (47,8) width 4: " "
        RenderTextControl {INPUT} at (53,5) size 173x24 [bgcolor=#FFFFFF] [border: (2px inset #000000)]
        RenderText {#text} at (228,8) size 4x17
          text run at (228,8) width 4: " "
        RenderMenuList {SELECT} at (234,2) size 96x30 [color=#2E3436] [bgcolor=#FFFFFF] [border: (1px solid #2E3436)]
          RenderBlock (anonymous) at (1,1) size 94x28
            RenderText at (9,5) size 44x17
              text run at (9,5) width 44: "Excite"
        RenderText {#text} at (0,0) size 0x0
      RenderBlock (anonymous) at (0,68) size 784x36
        RenderBR {BR} at (0,0) size 0x17
        RenderText {#text} at (0,18) size 264x17
          text run at (0,18) width 264: "The select should not contain blank items "
        RenderBR {BR} at (264,32) size 0x0
      RenderBlock {FORM} at (0,104) size 784x34
        RenderMenuList {SELECT} at (2,2) size 264x30 [color=#2E3436] [bgcolor=#FFFFFF] [border: (1px solid #2E3436)]
          RenderBlock (anonymous) at (1,1) size 262x28
            RenderText at (9,5) size 75x17
              text run at (9,5) width 75: "Quick Link"
layer at (64,34) size 167x18
  RenderBlock {DIV} at (3,3) size 167x18
