layer at (0,0) size 800x600
  RenderView at (0,0) size 800x600
layer at (0,0) size 800x132
  RenderBlock {HTML} at (0,0) size 800x132
    RenderBody {BODY} at (8,16) size 784x100
      RenderBlock {P} at (0,0) size 784x34
        RenderText {#text} at (0,0) size 762x34
          text run at (0,0) width 762: "This HTML tests if the 'while-space' property controls the behavors of line-break characters (U+000A and U+000D) in a"
          text run at (0,17) width 85: "complex text."
      RenderBlock {P} at (0,50) size 784x17
        RenderText {#text} at (0,0) size 477x17
          text run at (0,0) width 292: "If this test succeeds, you can see three words \""
          text run at (292,0) width 36 RTL: "\x{5E9}\x{5D5}\x{5BC}\x{5E8}\x{5D4}"
          text run at (328,0) width 149: "\", separated with space."
      RenderBlock {P} at (0,83) size 784x17
        RenderText {#text} at (0,0) size 112x17
          text run at (0,0) width 112 RTL: "\x{5E9}\x{5D5}\x{5BC}\x{5E8}\x{5D4} \x{5E9}\x{5D5}\x{5BC}\x{5E8}\x{5D4}\x{D}\x{5E9}\x{5D5}\x{5BC}\x{5E8}\x{5D4}"
