layer at (0,0) size 800x600
  RenderView at (0,0) size 800x600
layer at (0,0) size 800x600
  RenderBlock {HTML} at (0,0) size 800x600
    RenderBody {BODY} at (8,8) size 784x584
      RenderBlock {P} at (0,0) size 784x51
        RenderText {#text} at (0,0) size 571x17
          text run at (0,0) width 571: "This tests that bidirectional text is correctly rendered in popup controls."
        RenderBR {BR} at (571,14) size 0x0
        RenderText {#text} at (0,17) size 780x34
          text run at (0,17) width 780: "The order of the text below each popup button should match the order of the select's option text,"
          text run at (0,34) width 359: "and the order of the text in the popup menu."
      RenderBlock (anonymous) at (0,67) size 784x48
        RenderText {#text} at (0,0) size 344x17
          text run at (0,0) width 344: "1) direction: rtl; -webkit-rtl-ordering: logical"
        RenderBR {BR} at (344,14) size 0x0
        RenderMenuList {SELECT} at (0,19) size 100x27 [bgcolor=#FFFFFF] [border: (1px solid #000000)]
          RenderBlock (anonymous) at (1,1) size 98x25
            RenderText at (9,4) size 85x17
              text run at (9,4) width 59 RTL: "\x{5D0}\x{5E4}\x{5E8}\x{5E1}\x{5DE}\x{5D5}\x{5DF}"
              text run at (68,4) width 26: "abc"
        RenderBR {BR} at (100,38) size 0x0
      RenderBlock {DIV} at (0,115) size 100x17
        RenderText {#text} at (0,0) size 88x17
          text run at (0,0) width 29: "abc"
          text run at (29,0) width 59 RTL: "\x{5D0}\x{5E4}\x{5E8}\x{5E1}\x{5DE}\x{5D5}\x{5DF}"
      RenderBlock (anonymous) at (0,132) size 784x65
        RenderBR {BR} at (0,0) size 0x17
        RenderText {#text} at (0,17) size 143x17
          text run at (0,17) width 143: "2) text-align: right"
        RenderBR {BR} at (143,31) size 0x0
        RenderMenuList {SELECT} at (0,36) size 200x27 [bgcolor=#FFFFFF] [border: (1px solid #000000)]
          RenderBlock (anonymous) at (1,1) size 198x25
            RenderText at (4,4) size 85x17
              text run at (4,4) width 26: "abc"
              text run at (30,4) width 59 RTL: "\x{5D0}\x{5E4}\x{5E8}\x{5E1}\x{5DE}\x{5D5}\x{5DF}"
        RenderBR {BR} at (200,55) size 0x0
      RenderBlock {DIV} at (0,197) size 200x17
        RenderText {#text} at (0,0) size 88x17
          text run at (0,0) width 29: "abc"
          text run at (29,0) width 59 RTL: "\x{5D0}\x{5E4}\x{5E8}\x{5E1}\x{5DE}\x{5D5}\x{5DF}"
      RenderBlock (anonymous) at (0,214) size 784x65
        RenderBR {BR} at (0,0) size 0x17
        RenderText {#text} at (0,17) size 85x17
          text run at (0,17) width 85: "3) No style"
        RenderBR {BR} at (85,31) size 0x0
        RenderMenuList {SELECT} at (0,36) size 100x27 [bgcolor=#FFFFFF] [border: (1px solid #000000)]
          RenderBlock (anonymous) at (1,1) size 98x25
            RenderText at (4,4) size 85x17
              text run at (4,4) width 26: "abc"
              text run at (30,4) width 59 RTL: "\x{5D0}\x{5E4}\x{5E8}\x{5E1}\x{5DE}\x{5D5}\x{5DF}"
        RenderBR {BR} at (100,55) size 0x0
      RenderBlock {DIV} at (0,279) size 100x17
        RenderText {#text} at (0,0) size 88x17
          text run at (0,0) width 29: "abc"
          text run at (29,0) width 59 RTL: "\x{5D0}\x{5E4}\x{5E8}\x{5E1}\x{5DE}\x{5D5}\x{5DF}"
      RenderBlock (anonymous) at (0,296) size 784x17
        RenderBR {BR} at (0,0) size 0x17
