layer at (0,0) size 800x600
  RenderView at (0,0) size 800x600
layer at (0,0) size 800x600
  RenderBlock {HTML} at (0,0) size 800x600
    RenderBody {BODY} at (8,8) size 784x576
      RenderBlock {P} at (0,0) size 784x34
        RenderText {#text} at (0,0) size 762x34
          text run at (0,0) width 762: "This HTML tests if the 'while-space' property controls the behavors of line-break characters (U+000A and U+000D) in a"
          text run at (0,17) width 135: "complex text (Hindi)."
      RenderBlock {P} at (0,50) size 784x34
        RenderText {#text} at (0,0) size 714x34
          text run at (0,0) width 714: "If this test succeeds, you can see this Hindi word \"\x{935}\x{93F}\x{937}\x{92F}\x{94B}\x{902}\" repeated three times separated by a space in the first two"
          text run at (0,17) width 491: "paragraphs. In the third paragraphs, it'll be shown three times in separate lines."
      RenderBlock {P} at (0,100) size 784x17
        RenderText {#text} at (0,0) size 119x17
          text run at (0,0) width 119: "1. \x{935}\x{93F}\x{937}\x{92F}\x{94B}\x{902} \x{935}\x{93F}\x{937}\x{92F}\x{94B}\x{902}\x{D}\x{935}\x{93F}\x{937}\x{92F}\x{94B}\x{902}"
      RenderBlock {P} at (0,133) size 784x17
        RenderText {#text} at (0,0) size 119x17
          text run at (0,0) width 119: "2. \x{935}\x{93F}\x{937}\x{92F}\x{94B}\x{902} \x{935}\x{93F}\x{937}\x{92F}\x{94B}\x{902}\x{D}\x{935}\x{93F}\x{937}\x{92F}\x{94B}\x{902}"
      RenderBlock {P} at (0,166) size 784x51
        RenderText {#text} at (0,0) size 66x51
          text run at (0,0) width 12: "3."
          text run at (12,0) width 0: " "
          text run at (0,17) width 33: "\x{935}\x{93F}\x{937}\x{92F}\x{94B}\x{902}"
          text run at (33,17) width 0: " "
          text run at (0,34) width 66: "\x{935}\x{93F}\x{937}\x{92F}\x{94B}\x{902}\x{D}\x{935}\x{93F}\x{937}\x{92F}\x{94B}\x{902}"
