layer at (0,0) size 800x600
  RenderView at (0,0) size 800x600
layer at (0,0) size 800x600
  RenderBlock {HTML} at (0,0) size 800x600
    RenderBody {BODY} at (8,8) size 784x584
      RenderText {#text} at (0,0) size 777x34
        text run at (0,0) width 777: "This tests the width of a breaking space after a Hindi character to ensure that it's measured properly and enough space is left"
        text run at (0,17) width 752: "for it. Neither the Hindi on the button below nor the same text on two lines below that should be truncated at either end."
      RenderBR {BR} at (752,31) size 0x0
      RenderButton {INPUT} at (2,36) size 130x26 [bgcolor=#C0C0C0] [border: (2px outset #C0C0C0)]
        RenderBlock (anonymous) at (8,4) size 114x17
          RenderText at (0,0) size 114x17
            text run at (0,0) width 114: "\x{915}\x{93F}\x{938}\x{940} \x{92D}\x{940} \x{924}\x{930}\x{939} \x{906}\x{917}\x{947} \x{92C}"
      RenderBR {BR} at (134,54) size 0x0
      RenderInline {SPAN} at (0,0) size 114x17
        RenderText {#text} at (0,64) size 114x17
          text run at (0,64) width 114: "\x{915}\x{93F}\x{938}\x{940} \x{92D}\x{940} \x{924}\x{930}\x{939} \x{906}\x{917}\x{947} \x{92C}"
      RenderText {#text} at (114,64) size 25x17
        text run at (114,64) width 25: "Foo"
      RenderBR {BR} at (139,78) size 0x0
      RenderInline {SPAN} at (0,0) size 114x17
        RenderText {#text} at (0,81) size 114x17
          text run at (0,81) width 114: "\x{915}\x{93F}\x{938}\x{940} \x{92D}\x{940} \x{924}\x{930}\x{939} \x{906}\x{917}\x{947} \x{92C}"
      RenderText {#text} at (114,81) size 25x17
        text run at (114,81) width 25: "Foo"
      RenderBR {BR} at (139,95) size 0x0
