layer at (0,0) size 800x600
  RenderView at (0,0) size 800x600
layer at (0,0) size 800x524
  RenderBlock {HTML} at (0,0) size 800x524
    RenderBody {BODY} at (8,16) size 784x500
      RenderBlock {P} at (0,0) size 784x17
        RenderText {#text} at (0,0) size 110x17
          text run at (0,0) width 110: "Simple text path: "
        RenderInline {SPAN} at (0,0) size 163x17
          RenderText {#text} at (110,0) size 163x17
            text run at (110,0) width 163: "string\x{300C}\x{3042}\x{3001}\x{5909}\x{3063}\x{FF01}\x{300D}\x{3002}"
      RenderBlock (anonymous) at (0,33) size 784x208
        RenderBlock {SPAN} at (0,0) size 17x171
          RenderText {#text} at (0,0) size 17x171
            text run at (0,0) width 171: "string\x{300C}\x{3042}\x{3001}\x{5909}\x{3063}\x{FF01}\x{300D}\x{3002}"
        RenderBR {BR} at (17,157) size 0x17
        RenderInline {SPAN} at (0,0) size 224x17
          RenderText {#text} at (0,174) size 224x17
            text run at (0,174) width 224: "\x{90CA}\x{5916}\x{306E}\x{304E}\x{3089}\x{304E}\x{3089}\x{3072}\x{304B}\x{308B}\x{8349}\x{306E}\x{6CE2}\x{3002}"
        RenderBR {BR} at (224,174) size 0x17
        RenderInline {SPAN} at (0,0) size 314x17
          RenderText {#text} at (0,191) size 314x17
            text run at (0,191) width 314: "ABCDEFGHIJKLM abcdefghijklm 1234567890"
        RenderBR {BR} at (314,191) size 0x17
      RenderBlock {HR} at (0,249) size 784x2 [border: (1px inset #000000)]
      RenderBlock {P} at (0,267) size 784x17
        RenderText {#text} at (0,0) size 124x17
          text run at (0,0) width 124: "Complex text path: "
        RenderInline {SPAN} at (0,0) size 163x17
          RenderText {#text} at (124,0) size 163x17
            text run at (124,0) width 163: "string\x{300C}\x{3042}\x{3001}\x{5909}\x{3063}\x{FF01}\x{300D}\x{3002}"
      RenderBlock (anonymous) at (0,300) size 784x200
        RenderBlock {SPAN} at (0,0) size 17x163
          RenderText {#text} at (0,0) size 17x163
            text run at (0,0) width 163: "string\x{300C}\x{3042}\x{3001}\x{5909}\x{3063}\x{FF01}\x{300D}\x{3002}"
        RenderBR {BR} at (17,149) size 0x17
        RenderInline {SPAN} at (0,0) size 224x17
          RenderText {#text} at (0,166) size 224x17
            text run at (0,166) width 224: "\x{90CA}\x{5916}\x{306E}\x{304E}\x{3089}\x{304E}\x{3089}\x{3072}\x{304B}\x{308B}\x{8349}\x{306E}\x{6CE2}\x{3002}"
        RenderBR {BR} at (224,166) size 0x17
        RenderInline {SPAN} at (0,0) size 314x17
          RenderText {#text} at (0,183) size 314x17
            text run at (0,183) width 314: "ABCDEFGHIJKLM abcdefghijklm 1234567890"
        RenderBR {BR} at (314,183) size 0x17
