layer at (0,0) size 800x600
  RenderView at (0,0) size 800x600
layer at (0,0) size 800x600
  RenderBlock {HTML} at (0,0) size 800x600
    RenderBody {BODY} at (8,8) size 784x584
      RenderBlock {DIV} at (0,0) size 784x51
        RenderText {#text} at (0,0) size 757x34
          text run at (0,0) width 757: "PASS - \"webkitMaskImage\" property for \"box\" element at 2.25s saw something close to: -webkit-cross-fade(url(stripes-"
          text run at (0,17) width 226: "100.png), url(green-100.png), 25%)"
        RenderBR {BR} at (226,31) size 0x0
        RenderText {#text} at (0,34) size 715x17
          text run at (0,34) width 715: "PASS - \"webkitMaskImage\" property for \"box\" and \"boxStatic\" elements at 2.25s are close enough to each other"
        RenderBR {BR} at (715,48) size 0x0
layer at (100,100) size 100x100
  RenderImage {IMG} at (100,100) size 100x100 [bgcolor=#FF0000]
layer at (100,200) size 100x100
  RenderImage {IMG} at (100,200) size 100x100 [bgcolor=#FF0000]
