layer at (0,0) size 800x600
  RenderView at (0,0) size 800x600
layer at (0,0) size 800x220
  RenderBlock {html} at (0,0) size 800x220
    RenderBody {body} at (8,8) size 784x204
      RenderTable {table} at (0,0) size 81x204
        RenderBlock {caption} at (0,136) size 81x68
          RenderText {#text} at (19,0) size 81x68
            text run at (19,0) width 43: "PASS:"
            text run at (0,17) width 81: "Dynamically"
            text run at (21,34) width 39: "added"
            text run at (17,51) width 47: "caption"
        RenderBlock {caption} at (0,0) size 81x34
          RenderText {#text} at (2,0) size 77x34
            text run at (2,0) width 77: "PASS: Text"
            text run at (3,17) width 75: "in caption 1"
layer at (8,42) size 81x34
  RenderBlock {caption} at (0,34) size 81x34
    RenderText {#text} at (2,0) size 77x34
      text run at (2,0) width 77: "PASS: Text"
      text run at (3,17) width 75: "in caption 2"
layer at (8,76) size 81x34
  RenderBlock {caption} at (0,68) size 81x34
    RenderText {#text} at (2,0) size 77x34
      text run at (2,0) width 77: "PASS: Text"
      text run at (3,17) width 75: "in caption 3"
layer at (8,110) size 81x34
  RenderBlock {caption} at (0,102) size 81x34
    RenderText {#text} at (2,0) size 77x34
      text run at (2,0) width 77: "PASS: Text"
      text run at (3,17) width 75: "in caption 4"
