layer at (0,0) size 1188x585
  RenderView at (0,0) size 800x585
layer at (0,0) size 800x585
  RenderBlock {HTML} at (0,0) size 800x585
    RenderBody {BODY} at (8,8) size 784x569
layer at (8,8) size 784x404
  RenderBlock {DIV} at (0,0) size 784x404 [border: (2px solid #000000)]
    RenderMultiColumnSet at (2,2) size 780x400
layer at (10,10) size 382x944 backgroundClip at (0,0) size 1188x585 clip at (0,0) size 1188x585
  RenderMultiColumnFlowThread at (2,2) size 382x944
    RenderText {#text} at (0,0) size 113x18
      text run at (0,0) width 113: "This is some text."
    RenderBR {BR} at (112,14) size 1x0
    RenderText {#text} at (0,18) size 113x18
      text run at (0,18) width 113: "This is some text."
    RenderBR {BR} at (112,32) size 1x0
    RenderText {#text} at (0,36) size 113x18
      text run at (0,36) width 113: "This is some text."
    RenderBR {BR} at (112,50) size 1x0
    RenderText {#text} at (0,54) size 113x18
      text run at (0,54) width 113: "This is some text."
    RenderBR {BR} at (112,68) size 1x0
    RenderText {#text} at (0,72) size 113x18
      text run at (0,72) width 113: "This is some text."
    RenderBR {BR} at (112,86) size 1x0
    RenderText {#text} at (0,90) size 113x18
      text run at (0,90) width 113: "This is some text."
    RenderBR {BR} at (112,104) size 1x0
    RenderText {#text} at (0,108) size 113x18
      text run at (0,108) width 113: "This is some text."
    RenderBR {BR} at (112,122) size 1x0
    RenderText {#text} at (0,126) size 113x18
      text run at (0,126) width 113: "This is some text."
    RenderBR {BR} at (112,140) size 1x0
    RenderText {#text} at (0,144) size 113x18
      text run at (0,144) width 113: "This is some text."
    RenderBR {BR} at (112,158) size 1x0
    RenderText {#text} at (0,162) size 113x18
      text run at (0,162) width 113: "This is some text."
    RenderBR {BR} at (112,176) size 1x0
    RenderImage {IMG} at (0,400) size 250x300 [bgcolor=#008000]
    RenderText {#text} at (250,400) size 113x18
      text run at (250,400) width 113: "This is some text."
    RenderBR {BR} at (362,414) size 1x0
    RenderText {#text} at (250,418) size 113x18
      text run at (250,418) width 113: "This is some text."
    RenderBR {BR} at (362,432) size 1x0
    RenderText {#text} at (250,436) size 113x18
      text run at (250,436) width 113: "This is some text."
    RenderBR {BR} at (362,450) size 1x0
    RenderText {#text} at (250,454) size 113x18
      text run at (250,454) width 113: "This is some text."
    RenderBR {BR} at (362,468) size 1x0
    RenderText {#text} at (250,472) size 113x18
      text run at (250,472) width 113: "This is some text."
    RenderBR {BR} at (362,486) size 1x0
    RenderText {#text} at (250,490) size 113x18
      text run at (250,490) width 113: "This is some text."
    RenderBR {BR} at (362,504) size 1x0
    RenderText {#text} at (250,508) size 113x18
      text run at (250,508) width 113: "This is some text."
    RenderBR {BR} at (362,522) size 1x0
    RenderText {#text} at (250,526) size 113x18
      text run at (250,526) width 113: "This is some text."
    RenderBR {BR} at (362,540) size 1x0
    RenderText {#text} at (250,544) size 113x18
      text run at (250,544) width 113: "This is some text."
    RenderBR {BR} at (362,558) size 1x0
    RenderText {#text} at (250,562) size 113x18
      text run at (250,562) width 113: "This is some text."
    RenderBR {BR} at (362,576) size 1x0
    RenderText {#text} at (250,580) size 113x18
      text run at (250,580) width 113: "This is some text."
    RenderBR {BR} at (362,594) size 1x0
    RenderText {#text} at (250,598) size 113x18
      text run at (250,598) width 113: "This is some text."
    RenderBR {BR} at (362,612) size 1x0
    RenderText {#text} at (250,616) size 113x18
      text run at (250,616) width 113: "This is some text."
    RenderBR {BR} at (362,630) size 1x0
    RenderText {#text} at (250,634) size 113x18
      text run at (250,634) width 113: "This is some text."
    RenderBR {BR} at (362,648) size 1x0
    RenderText {#text} at (250,652) size 113x18
      text run at (250,652) width 113: "This is some text."
    RenderBR {BR} at (362,666) size 1x0
    RenderText {#text} at (250,670) size 113x18
      text run at (250,670) width 113: "This is some text."
    RenderBR {BR} at (362,684) size 1x0
    RenderText {#text} at (250,688) size 113x18
      text run at (250,688) width 113: "This is some text."
    RenderBR {BR} at (362,702) size 1x0
    RenderText {#text} at (0,706) size 113x18
      text run at (0,706) width 113: "This is some text."
    RenderBR {BR} at (112,720) size 1x0
    RenderText {#text} at (0,724) size 113x18
      text run at (0,724) width 113: "This is some text."
    RenderBR {BR} at (112,738) size 1x0
    RenderText {#text} at (0,742) size 113x18
      text run at (0,742) width 113: "This is some text."
    RenderBR {BR} at (112,756) size 1x0
    RenderText {#text} at (0,760) size 113x18
      text run at (0,760) width 113: "This is some text."
    RenderBR {BR} at (112,774) size 1x0
    RenderText {#text} at (0,778) size 113x18
      text run at (0,778) width 113: "This is some text."
    RenderBR {BR} at (112,792) size 1x0
    RenderText {#text} at (0,800) size 113x18
      text run at (0,800) width 113: "This is some text."
    RenderBR {BR} at (112,814) size 1x0
    RenderText {#text} at (0,818) size 113x18
      text run at (0,818) width 113: "This is some text."
    RenderBR {BR} at (112,832) size 1x0
    RenderText {#text} at (0,836) size 113x18
      text run at (0,836) width 113: "This is some text."
    RenderBR {BR} at (112,850) size 1x0
    RenderText {#text} at (0,854) size 113x18
      text run at (0,854) width 113: "This is some text."
    RenderBR {BR} at (112,868) size 1x0
    RenderText {#text} at (0,872) size 113x18
      text run at (0,872) width 113: "This is some text."
    RenderBR {BR} at (112,886) size 1x0
    RenderText {#text} at (0,890) size 113x18
      text run at (0,890) width 113: "This is some text."
    RenderBR {BR} at (112,904) size 1x0
    RenderText {#text} at (0,908) size 113x18
      text run at (0,908) width 113: "This is some text."
    RenderBR {BR} at (112,922) size 1x0
    RenderText {#text} at (0,926) size 113x18
      text run at (0,926) width 113: "This is some text."
    RenderBR {BR} at (112,940) size 1x0
