layer at (0,0) size 800x600
  RenderView at (0,0) size 800x600
layer at (0,0) size 800x600
  RenderBlock {HTML} at (0,0) size 800x600
    RenderBody {BODY} at (8,8) size 784x584
      RenderBlock (anonymous) at (0,0) size 784x17
        RenderText {#text} at (0,0) size 4x17
          text run at (0,0) width 4: " "
      RenderTable {TABLE} at (0,17) size 392x83 [border: (1px outset #808080)]
        RenderTableSection {TBODY} at (1,1) size 390x81
          RenderTableRow {TR} at (0,2) size 390x54
            RenderTableCell {TD} at (2,2) size 270x54 [border: (1px inset #808080)] [r=0 c=0 rs=1 cs=1]
              RenderTable {TABLE} at (2,2) size 78x50 [border: (1px outset #808080)]
                RenderTableSection {TBODY} at (1,1) size 76x48
                  RenderTableRow {TR} at (0,2) size 76x21
                    RenderTableCell {TD} at (2,2) size 35x21 [border: (1px inset #808080)] [r=0 c=0 rs=1 cs=1]
                      RenderText {#text} at (2,2) size 31x17
                        text run at (2,2) width 31: "hello"
                    RenderTableCell {TD} at (39,2) size 35x21 [border: (1px inset #808080)] [r=0 c=1 rs=1 cs=1]
                      RenderText {#text} at (2,2) size 31x17
                        text run at (2,2) width 31: "hello"
                  RenderTableRow {TR} at (0,25) size 76x21
                    RenderTableCell {TD} at (2,25) size 35x21 [border: (1px inset #808080)] [r=1 c=0 rs=1 cs=1]
                      RenderText {#text} at (2,2) size 31x17
                        text run at (2,2) width 31: "hello"
                    RenderTableCell {TD} at (39,25) size 35x21 [border: (1px inset #808080)] [r=1 c=1 rs=1 cs=1]
                      RenderText {#text} at (2,2) size 31x17
                        text run at (2,2) width 31: "hello"
            RenderTableCell {TD} at (273,18) size 116x22 [border: (1px inset #808080)] [r=0 c=1 rs=1 cs=1]
              RenderText {#text} at (2,2) size 31x18
                text run at (2,3) width 31: "hello"
          RenderTableRow {TR} at (0,58) size 390x21
            RenderTableCell {TD} at (2,58) size 270x21 [border: (1px inset #808080)] [r=1 c=0 rs=1 cs=1]
              RenderText {#text} at (2,2) size 31x17
                text run at (2,2) width 31: "hello"
            RenderTableCell {TD} at (273,58) size 116x21 [border: (1px inset #808080)] [r=1 c=1 rs=1 cs=1]
              RenderText {#text} at (2,2) size 31x17
                text run at (2,2) width 31: "hello"
