layer at (0,0) size 785x1315
  RenderView at (0,0) size 785x600
layer at (0,0) size 785x1315
  RenderBlock {HTML} at (0,0) size 785x1315
    RenderBody {BODY} at (8,8) size 769x1299
      RenderTable {TABLE} at (0,0) size 200x116 [bgcolor=#FFA500] [border: (10px solid #0000FF)]
        RenderBlock {CAPTION} at (0,0) size 200x17
          RenderText {#text} at (45,0) size 110x17
            text run at (45,0) width 110: "clip at table-outer"
        RenderTableSection {TBODY} at (25,42) size 150x49
          RenderTableRow {TR} at (0,15) size 150x19
            RenderTableCell {TD} at (15,15) size 53x19 [bgcolor=#FFFF00] [r=0 c=0 rs=1 cs=1]
              RenderText {#text} at (1,1) size 30x17
                text run at (1,1) width 30: "cell1"
            RenderTableCell {TD} at (82,15) size 53x19 [bgcolor=#FFFF00] [r=0 c=1 rs=1 cs=1]
              RenderText {#text} at (1,1) size 129x17
                text run at (1,1) width 129: "contentwithoutspace"
      RenderBlock (anonymous) at (0,116) size 769x17
        RenderBR {BR} at (0,0) size 0x17
      RenderTable {TABLE} at (0,249) size 200x150 [bgcolor=#FFA500] [border: (10px solid #0000FF)]
        RenderBlock {CAPTION} at (0,0) size 200x17
          RenderText {#text} at (74,0) size 52x17
            text run at (74,0) width 52: "clip at tr"
        RenderTableSection {TBODY} at (25,42) size 150x83
          RenderTableRow {TR} at (0,15) size 150x19
            RenderTableCell {TD} at (15,15) size 53x19 [bgcolor=#FFFF00] [r=0 c=0 rs=1 cs=1]
              RenderText {#text} at (1,1) size 30x17
                text run at (1,1) width 30: "cell1"
            RenderTableCell {TD} at (82,15) size 53x19 [bgcolor=#FFFF00] [r=0 c=1 rs=1 cs=1]
              RenderText {#text} at (1,1) size 129x17
                text run at (1,1) width 129: "contentwithoutspace"
          RenderTableRow {TR} at (0,49) size 150x19
            RenderTableCell {TD} at (15,49) size 53x19 [bgcolor=#FFFF00] [r=1 c=0 rs=1 cs=1]
              RenderText {#text} at (1,1) size 30x17
                text run at (1,1) width 30: "cell1"
            RenderTableCell {TD} at (82,49) size 53x19 [bgcolor=#FFFF00] [r=1 c=1 rs=1 cs=1]
              RenderText {#text} at (1,1) size 129x17
                text run at (1,1) width 129: "contentwithoutspace"
      RenderTable {TABLE} at (0,399) size 200x150 [bgcolor=#FFA500] [border: (10px solid #0000FF)]
        RenderTableCol {COLGROUP} at (0,0) size 0x0
          RenderTableCol {COL} at (0,0) size 0x0
          RenderTableCol {COL} at (0,0) size 0x0
        RenderBlock {CAPTION} at (0,0) size 200x17
          RenderText {#text} at (63,0) size 74x17
            text run at (63,0) width 74: "clip column"
        RenderTableSection {TBODY} at (25,42) size 150x83
          RenderTableRow {TR} at (0,15) size 150x19
            RenderTableCell {TD} at (15,15) size 53x19 [bgcolor=#FFFF00] [r=0 c=0 rs=1 cs=1]
              RenderText {#text} at (1,1) size 30x17
                text run at (1,1) width 30: "cell1"
            RenderTableCell {TD} at (82,15) size 53x19 [bgcolor=#FFFF00] [r=0 c=1 rs=1 cs=1]
              RenderText {#text} at (1,1) size 129x17
                text run at (1,1) width 129: "contentwithoutspace"
          RenderTableRow {TR} at (0,49) size 150x19
            RenderTableCell {TD} at (15,49) size 53x19 [bgcolor=#FFFF00] [r=1 c=0 rs=1 cs=1]
              RenderText {#text} at (1,1) size 30x17
                text run at (1,1) width 30: "cell1"
            RenderTableCell {TD} at (82,49) size 53x19 [bgcolor=#FFFF00] [r=1 c=1 rs=1 cs=1]
              RenderText {#text} at (1,1) size 129x17
                text run at (1,1) width 129: "contentwithoutspace"
      RenderTable {TABLE} at (0,549) size 200x150 [bgcolor=#FFA500] [border: (10px solid #0000FF)]
        RenderTableCol {COLGROUP} at (0,0) size 0x0
          RenderTableCol {COL} at (0,0) size 0x0
        RenderTableCol {COLGROUP} at (0,0) size 0x0
          RenderTableCol {COL} at (0,0) size 0x0
        RenderBlock {CAPTION} at (0,0) size 200x17
          RenderText {#text} at (44,0) size 112x17
            text run at (44,0) width 112: "clip columngroup"
        RenderTableSection {TBODY} at (25,42) size 150x83
          RenderTableRow {TR} at (0,15) size 150x19
            RenderTableCell {TD} at (15,15) size 53x19 [bgcolor=#FFFF00] [r=0 c=0 rs=1 cs=1]
              RenderText {#text} at (1,1) size 30x17
                text run at (1,1) width 30: "cell1"
            RenderTableCell {TD} at (82,15) size 53x19 [bgcolor=#FFFF00] [r=0 c=1 rs=1 cs=1]
              RenderText {#text} at (1,1) size 129x17
                text run at (1,1) width 129: "contentwithoutspace"
          RenderTableRow {TR} at (0,49) size 150x19
            RenderTableCell {TD} at (15,49) size 53x19 [bgcolor=#FFFF00] [r=1 c=0 rs=1 cs=1]
              RenderText {#text} at (1,1) size 30x17
                text run at (1,1) width 30: "cell1"
            RenderTableCell {TD} at (82,49) size 53x19 [bgcolor=#FFFF00] [r=1 c=1 rs=1 cs=1]
              RenderText {#text} at (1,1) size 129x17
                text run at (1,1) width 129: "contentwithoutspace"
      RenderTable {TABLE} at (0,699) size 200x150 [bgcolor=#FFA500] [border: (10px solid #0000FF)]
        RenderBlock {CAPTION} at (0,0) size 200x17
          RenderText {#text} at (69,0) size 62x17
            text run at (69,0) width 62: "clip thead"
        RenderTableSection {THEAD} at (25,42) size 150x49
          RenderTableRow {TR} at (0,15) size 150x19
            RenderTableCell {TD} at (15,15) size 53x19 [bgcolor=#FFFF00] [r=0 c=0 rs=1 cs=1]
              RenderText {#text} at (1,1) size 30x17
                text run at (1,1) width 30: "cell1"
            RenderTableCell {TD} at (82,15) size 53x19 [bgcolor=#FFFF00] [r=0 c=1 rs=1 cs=1]
              RenderText {#text} at (1,1) size 129x17
                text run at (1,1) width 129: "contentwithoutspace"
        RenderTableSection {TBODY} at (25,91) size 150x34
          RenderTableRow {TR} at (0,0) size 150x19
            RenderTableCell {TD} at (15,0) size 53x19 [bgcolor=#FFFF00] [r=0 c=0 rs=1 cs=1]
              RenderText {#text} at (1,1) size 30x17
                text run at (1,1) width 30: "cell1"
            RenderTableCell {TD} at (82,0) size 53x19 [bgcolor=#FFFF00] [r=0 c=1 rs=1 cs=1]
              RenderText {#text} at (1,1) size 129x17
                text run at (1,1) width 129: "contentwithoutspace"
      RenderTable {TABLE} at (0,849) size 200x150 [bgcolor=#FFA500] [border: (10px solid #0000FF)]
        RenderBlock {CAPTION} at (0,0) size 200x17
          RenderText {#text} at (68,0) size 64x17
            text run at (68,0) width 64: "clip tbody"
        RenderTableSection {THEAD} at (25,42) size 150x49
          RenderTableRow {TR} at (0,15) size 150x19
            RenderTableCell {TD} at (15,15) size 53x19 [bgcolor=#FFFF00] [r=0 c=0 rs=1 cs=1]
              RenderText {#text} at (1,1) size 30x17
                text run at (1,1) width 30: "cell1"
            RenderTableCell {TD} at (82,15) size 53x19 [bgcolor=#FFFF00] [r=0 c=1 rs=1 cs=1]
              RenderText {#text} at (1,1) size 129x17
                text run at (1,1) width 129: "contentwithoutspace"
        RenderTableSection {TBODY} at (25,91) size 150x34
          RenderTableRow {TR} at (0,0) size 150x19
            RenderTableCell {TD} at (15,0) size 53x19 [bgcolor=#FFFF00] [r=0 c=0 rs=1 cs=1]
              RenderText {#text} at (1,1) size 30x17
                text run at (1,1) width 30: "cell1"
            RenderTableCell {TD} at (82,0) size 53x19 [bgcolor=#FFFF00] [r=0 c=1 rs=1 cs=1]
              RenderText {#text} at (1,1) size 129x17
                text run at (1,1) width 129: "contentwithoutspace"
      RenderTable {TABLE} at (0,999) size 200x150 [bgcolor=#FFA500] [border: (10px solid #0000FF)]
        RenderBlock {CAPTION} at (0,0) size 200x17
          RenderText {#text} at (72,0) size 56x17
            text run at (72,0) width 56: "clip tfoot"
        RenderTableSection {TBODY} at (25,42) size 150x49
          RenderTableRow {TR} at (0,15) size 150x19
            RenderTableCell {TD} at (15,15) size 53x19 [bgcolor=#FFFF00] [r=0 c=0 rs=1 cs=1]
              RenderText {#text} at (1,1) size 30x17
                text run at (1,1) width 30: "cell1"
            RenderTableCell {TD} at (82,15) size 53x19 [bgcolor=#FFFF00] [r=0 c=1 rs=1 cs=1]
              RenderText {#text} at (1,1) size 129x17
                text run at (1,1) width 129: "contentwithoutspace"
        RenderTableSection {TFOOT} at (25,91) size 150x34
          RenderTableRow {TR} at (0,0) size 150x19
            RenderTableCell {TD} at (15,0) size 53x19 [bgcolor=#FFFF00] [r=0 c=0 rs=1 cs=1]
              RenderText {#text} at (1,1) size 30x17
                text run at (1,1) width 30: "cell1"
            RenderTableCell {TD} at (82,0) size 53x19 [bgcolor=#FFFF00] [r=0 c=1 rs=1 cs=1]
              RenderText {#text} at (1,1) size 129x17
                text run at (1,1) width 129: "contentwithoutspace"
      RenderTable {TABLE} at (0,1149) size 200x150 [bgcolor=#FFA500] [border: (10px solid #0000FF)]
        RenderBlock {CAPTION} at (0,0) size 200x17
          RenderText {#text} at (80,0) size 40x17
            text run at (80,0) width 40: "clip td"
        RenderTableSection {TBODY} at (25,42) size 150x49
          RenderTableRow {TR} at (0,15) size 150x19
            RenderTableCell {TD} at (15,15) size 53x19 [bgcolor=#FFFF00] [r=0 c=0 rs=1 cs=1]
              RenderText {#text} at (1,1) size 30x17
                text run at (1,1) width 30: "cell1"
            RenderTableCell {TD} at (82,15) size 53x19 [bgcolor=#FFFF00] [r=0 c=1 rs=1 cs=1]
              RenderText {#text} at (1,1) size 129x17
                text run at (1,1) width 129: "contentwithoutspace"
        RenderTableSection {TFOOT} at (25,91) size 150x34
          RenderTableRow {TR} at (0,0) size 150x19
            RenderTableCell {TD} at (15,0) size 53x19 [bgcolor=#FFFF00] [r=0 c=0 rs=1 cs=1]
              RenderText {#text} at (1,1) size 30x17
                text run at (1,1) width 30: "cell1"
layer at (8,141) size 200x116 clip at (18,141) size 180x116 scrollWidth 228
  RenderTable {TABLE} at (0,133) size 200x116 [bgcolor=#FFA500] [border: (10px solid #0000FF)]
    RenderBlock {CAPTION} at (0,0) size 200x17
      RenderText {#text} at (64,0) size 72x17
        text run at (64,0) width 72: "clip at table"
    RenderTableSection {TBODY} at (25,42) size 150x49
      RenderTableRow {TR} at (0,15) size 150x19
        RenderTableCell {TD} at (15,15) size 53x19 [bgcolor=#FFFF00] [r=0 c=0 rs=1 cs=1]
          RenderText {#text} at (1,1) size 30x17
            text run at (1,1) width 30: "cell1"
        RenderTableCell {TD} at (82,15) size 53x19 [bgcolor=#FFFF00] [r=0 c=1 rs=1 cs=1]
          RenderText {#text} at (1,1) size 129x17
            text run at (1,1) width 129: "contentwithoutspace"
layer at (116,1248) size 52x19 scrollWidth 131
  RenderTableCell {TD} at (82,0) size 53x19 [bgcolor=#FFFF00] [r=0 c=1 rs=1 cs=1]
    RenderText {#text} at (1,1) size 129x17
      text run at (1,1) width 129: "contentwithoutspace"
