layer at (0,0) size 785x1266
  RenderView at (0,0) size 785x600
layer at (0,0) size 785x1266
  RenderBlock {HTML} at (0,0) size 785x1266
    RenderBody {BODY} at (8,8) size 769x1250
      RenderBlock {P} at (0,0) size 769x17
        RenderText {#text} at (0,0) size 351x17
          text run at (0,0) width 351: "100 percent height table inside 100 percent height table:"
      RenderTable {TABLE} at (0,33) size 769x584 [bgcolor=#808080] [border: (1px outset #808080)]
        RenderTableSection {TBODY} at (1,1) size 767x582
          RenderTableRow {TR} at (0,2) size 767x578
            RenderTableCell {TD} at (2,2) size 381x578 [border: (1px inset #808080)] [r=0 c=0 rs=1 cs=1]
              RenderTable {TABLE} at (2,2) size 377x574 [bgcolor=#FFFF00] [border: (1px outset #808080)]
                RenderTableSection {TBODY} at (1,1) size 375x572
                  RenderTableRow {TR} at (0,2) size 375x568
                    RenderTableCell {TD} at (2,275) size 185x22 [border: (1px inset #808080)] [r=0 c=0 rs=1 cs=1]
                      RenderText {#text} at (2,2) size 134x18
                        text run at (2,3) width 134: " Inner Table (yellow)"
                    RenderTableCell {TD} at (188,275) size 185x22 [border: (1px inset #808080)] [r=0 c=1 rs=1 cs=1]
                      RenderText {#text} at (2,2) size 4x18
                        text run at (2,3) width 4: " "
            RenderTableCell {TD} at (384,280) size 381x22 [border: (1px inset #808080)] [r=0 c=1 rs=1 cs=1]
              RenderText {#text} at (2,2) size 122x18
                text run at (2,3) width 122: " Outer Table (grey)"
      RenderBlock {P} at (0,633) size 769x17
        RenderText {#text} at (0,0) size 343x17
          text run at (0,0) width 343: "50 percent height table inside 100 percent height table:"
      RenderTable {TABLE} at (0,666) size 769x584 [bgcolor=#808080] [border: (1px outset #808080)]
        RenderTableSection {TBODY} at (1,1) size 767x582
          RenderTableRow {TR} at (0,2) size 767x578
            RenderTableCell {TD} at (2,145) size 381x292 [border: (1px inset #808080)] [r=0 c=0 rs=1 cs=1]
              RenderTable {TABLE} at (2,2) size 377x287 [bgcolor=#FFFF00] [border: (1px outset #808080)]
                RenderTableSection {TBODY} at (1,1) size 375x285
                  RenderTableRow {TR} at (0,2) size 375x281
                    RenderTableCell {TD} at (2,132) size 185x21 [border: (1px inset #808080)] [r=0 c=0 rs=1 cs=1]
                      RenderText {#text} at (2,2) size 134x17
                        text run at (2,2) width 134: " Inner Table (yellow)"
                    RenderTableCell {TD} at (188,132) size 185x21 [border: (1px inset #808080)] [r=0 c=1 rs=1 cs=1]
                      RenderText {#text} at (2,2) size 4x17
                        text run at (2,2) width 4: " "
            RenderTableCell {TD} at (384,280) size 381x22 [border: (1px inset #808080)] [r=0 c=1 rs=1 cs=1]
              RenderText {#text} at (2,2) size 122x18
                text run at (2,3) width 122: " Outer Table (grey)"
