layer at (0,0) size 800x600
  RenderView at (0,0) size 800x600
layer at (0,0) size 800x600
  RenderBlock {HTML} at (0,0) size 800x600
    RenderBody {BODY} at (8,8) size 784x576
      RenderBlock {P} at (0,0) size 784x144
        RenderBlock (anonymous) at (0,0) size 784x68
          RenderText {#text} at (0,0) size 337x17
            text run at (0,0) width 337: "In the yellow table the \"W\" is clipped on its left edge."
          RenderBR {BR} at (337,14) size 0x0
          RenderText {#text} at (0,17) size 169x17
            text run at (0,17) width 169: "The only difference is that:"
          RenderBR {BR} at (169,31) size 0x0
          RenderText {#text} at (0,34) size 252x17
            text run at (0,34) width 252: "yellow table has CELLPADDING=\"0\""
          RenderBR {BR} at (252,48) size 0x0
          RenderText {#text} at (0,51) size 241x17
            text run at (0,51) width 241: "grey table has CELLPADDING=\"1\"."
        RenderTable {TABLE} at (0,68) size 40x37 [bgcolor=#FFFF00]
          RenderTableSection {TBODY} at (0,0) size 40x37
            RenderTableRow {TR} at (0,2) size 40x33
              RenderTableCell {TD} at (2,2) size 36x33 [r=0 c=0 rs=1 cs=1]
                RenderInline {FONT} at (0,0) size 30x33
                  RenderText {#text} at (0,0) size 30x33
                    text run at (0,0) width 30: "Online"
                    text run at (0,11) width 24: "Web-"
                    text run at (0,22) width 25: "Store"
        RenderTable {TABLE} at (0,105) size 40x39 [bgcolor=#EEEEEE]
          RenderTableSection {TBODY} at (0,0) size 40x39
            RenderTableRow {TR} at (0,2) size 40x35
              RenderTableCell {TD} at (2,2) size 36x35 [r=0 c=0 rs=1 cs=1]
                RenderInline {FONT} at (0,0) size 30x33
                  RenderText {#text} at (1,1) size 30x33
                    text run at (1,1) width 30: "Online"
                    text run at (1,12) width 24: "Web-"
                    text run at (1,23) width 25: "Store"
