layer at (0,0) size 785x846
  RenderView at (0,0) size 785x600
layer at (0,0) size 785x846
  RenderBlock {HTML} at (0,0) size 785x846
    RenderBody {BODY} at (8,8) size 769x830
      RenderBlock {HR} at (0,0) size 769x2 [border: (1px inset #000000)]
      RenderBlock {H3} at (0,20) size 769x22
        RenderText {#text} at (0,0) size 62x21
          text run at (0,0) width 62: "Table 1"
      RenderBlock {PRE} at (0,60) size 769x61
        RenderText {#text} at (0,0) size 224x60
          text run at (0,0) width 224: "<TABLE width=\"500\" border=1>"
          text run at (0,15) width 80: "<COLGROUP>"
          text run at (0,30) width 80: "<COLGROUP>"
          text run at (0,45) width 168: "<COLGROUP width=\"0*\">"
      RenderTable {TABLE} at (0,133) size 500x74 [border: (1px outset #808080)]
        RenderTableCol {COLGROUP} at (0,0) size 0x0
        RenderTableCol {COLGROUP} at (0,0) size 0x0
        RenderTableCol {COLGROUP} at (0,0) size 0x0
        RenderTableSection {TBODY} at (1,1) size 498x71
          RenderTableRow {TR} at (0,2) size 498x21
            RenderTableCell {TD} at (2,2) size 165x21 [border: (1px inset #808080)] [r=0 c=0 rs=1 cs=1]
              RenderText {#text} at (2,2) size 42x17
                text run at (2,2) width 42: "Cell A"
            RenderTableCell {TD} at (168,2) size 166x21 [border: (1px inset #808080)] [r=0 c=1 rs=1 cs=1]
              RenderText {#text} at (2,2) size 41x17
                text run at (2,2) width 41: "Cell B"
            RenderTableCell {TD} at (335,2) size 162x21 [border: (1px inset #808080)] [r=0 c=2 rs=1 cs=1]
              RenderText {#text} at (2,2) size 41x17
                text run at (2,2) width 41: "Cell C"
          RenderTableRow {TR} at (0,25) size 498x21
            RenderTableCell {TD} at (2,25) size 165x21 [border: (1px inset #808080)] [r=1 c=0 rs=1 cs=1]
              RenderText {#text} at (2,2) size 42x17
                text run at (2,2) width 42: "Cell D"
            RenderTableCell {TD} at (168,25) size 166x21 [border: (1px inset #808080)] [r=1 c=1 rs=1 cs=1]
              RenderText {#text} at (2,2) size 40x17
                text run at (2,2) width 40: "Cell E"
            RenderTableCell {TD} at (335,25) size 162x21 [border: (1px inset #808080)] [r=1 c=2 rs=1 cs=1]
              RenderText {#text} at (2,2) size 39x17
                text run at (2,2) width 39: "Cell F"
          RenderTableRow {TR} at (0,48) size 498x21
            RenderTableCell {TD} at (2,48) size 165x21 [border: (1px inset #808080)] [r=2 c=0 rs=1 cs=1]
              RenderText {#text} at (2,2) size 42x17
                text run at (2,2) width 42: "Cell G"
            RenderTableCell {TD} at (168,48) size 166x21 [border: (1px inset #808080)] [r=2 c=1 rs=1 cs=1]
              RenderText {#text} at (2,2) size 42x17
                text run at (2,2) width 42: "Cell H"
            RenderTableCell {TD} at (335,48) size 162x21 [border: (1px inset #808080)] [r=2 c=2 rs=1 cs=1]
              RenderText {#text} at (2,2) size 35x17
                text run at (2,2) width 35: "Cell I"
      RenderBlock {HR} at (0,214) size 769x3 [border: (1px inset #000000)]
      RenderBlock {H3} at (0,235) size 769x22
        RenderText {#text} at (0,0) size 77x21
          text run at (0,0) width 77: "Table 2.1"
      RenderBlock {PRE} at (0,274) size 769x61
        RenderText {#text} at (0,0) size 224x60
          text run at (0,0) width 224: "<TABLE width=\"500\" border=1>"
          text run at (0,15) width 168: "<COLGROUP width=\"1*\">"
          text run at (0,30) width 168: "<COLGROUP width=\"1*\">"
          text run at (0,45) width 168: "<COLGROUP width=\"0*\">"
      RenderTable {TABLE} at (0,347) size 500x74 [border: (1px outset #808080)]
        RenderTableCol {COLGROUP} at (0,0) size 0x0
        RenderTableCol {COLGROUP} at (0,0) size 0x0
        RenderTableCol {COLGROUP} at (0,0) size 0x0
        RenderTableSection {TBODY} at (1,1) size 498x71
          RenderTableRow {TR} at (0,2) size 498x21
            RenderTableCell {TD} at (2,2) size 156x21 [border: (1px inset #808080)] [r=0 c=0 rs=1 cs=1]
              RenderText {#text} at (2,2) size 42x17
                text run at (2,2) width 42: "Cell A"
            RenderTableCell {TD} at (159,2) size 183x21 [border: (1px inset #808080)] [r=0 c=1 rs=1 cs=1]
              RenderText {#text} at (2,2) size 49x17
                text run at (2,2) width 49: "Cell_ B"
            RenderTableCell {TD} at (343,2) size 154x21 [border: (1px inset #808080)] [r=0 c=2 rs=1 cs=1]
              RenderText {#text} at (2,2) size 41x17
                text run at (2,2) width 41: "Cell C"
          RenderTableRow {TR} at (0,25) size 498x21
            RenderTableCell {TD} at (2,25) size 156x21 [border: (1px inset #808080)] [r=1 c=0 rs=1 cs=1]
              RenderText {#text} at (2,2) size 42x17
                text run at (2,2) width 42: "Cell D"
            RenderTableCell {TD} at (159,25) size 183x21 [border: (1px inset #808080)] [r=1 c=1 rs=1 cs=1]
              RenderText {#text} at (2,2) size 48x17
                text run at (2,2) width 48: "Cell_ E"
            RenderTableCell {TD} at (343,25) size 154x21 [border: (1px inset #808080)] [r=1 c=2 rs=1 cs=1]
              RenderText {#text} at (2,2) size 39x17
                text run at (2,2) width 39: "Cell F"
          RenderTableRow {TR} at (0,48) size 498x21
            RenderTableCell {TD} at (2,48) size 156x21 [border: (1px inset #808080)] [r=2 c=0 rs=1 cs=1]
              RenderText {#text} at (2,2) size 42x17
                text run at (2,2) width 42: "Cell G"
            RenderTableCell {TD} at (159,48) size 183x21 [border: (1px inset #808080)] [r=2 c=1 rs=1 cs=1]
              RenderText {#text} at (2,2) size 50x17
                text run at (2,2) width 50: "Cell_ H"
            RenderTableCell {TD} at (343,48) size 154x21 [border: (1px inset #808080)] [r=2 c=2 rs=1 cs=1]
              RenderText {#text} at (2,2) size 35x17
                text run at (2,2) width 35: "Cell I"
      RenderBlock {H3} at (0,439) size 769x22
        RenderText {#text} at (0,0) size 77x21
          text run at (0,0) width 77: "Table 2.2"
      RenderBlock {PRE} at (0,479) size 769x61
        RenderText {#text} at (0,0) size 224x60
          text run at (0,0) width 224: "<TABLE width=\"500\" border=1>"
          text run at (0,15) width 168: "<COLGROUP width=\"1*\">"
          text run at (0,30) width 168: "<COLGROUP width=\"2*\">"
          text run at (0,45) width 168: "<COLGROUP width=\"0*\">"
      RenderTable {TABLE} at (0,552) size 500x74 [border: (1px outset #808080)]
        RenderTableCol {COLGROUP} at (0,0) size 0x0
        RenderTableCol {COLGROUP} at (0,0) size 0x0
        RenderTableCol {COLGROUP} at (0,0) size 0x0
        RenderTableSection {TBODY} at (1,1) size 498x71
          RenderTableRow {TR} at (0,2) size 498x21
            RenderTableCell {TD} at (2,2) size 165x21 [border: (1px inset #808080)] [r=0 c=0 rs=1 cs=1]
              RenderText {#text} at (2,2) size 42x17
                text run at (2,2) width 42: "Cell A"
            RenderTableCell {TD} at (168,2) size 166x21 [border: (1px inset #808080)] [r=0 c=1 rs=1 cs=1]
              RenderText {#text} at (2,2) size 41x17
                text run at (2,2) width 41: "Cell B"
            RenderTableCell {TD} at (335,2) size 162x21 [border: (1px inset #808080)] [r=0 c=2 rs=1 cs=1]
              RenderText {#text} at (2,2) size 41x17
                text run at (2,2) width 41: "Cell C"
          RenderTableRow {TR} at (0,25) size 498x21
            RenderTableCell {TD} at (2,25) size 165x21 [border: (1px inset #808080)] [r=1 c=0 rs=1 cs=1]
              RenderText {#text} at (2,2) size 42x17
                text run at (2,2) width 42: "Cell D"
            RenderTableCell {TD} at (168,25) size 166x21 [border: (1px inset #808080)] [r=1 c=1 rs=1 cs=1]
              RenderText {#text} at (2,2) size 40x17
                text run at (2,2) width 40: "Cell E"
            RenderTableCell {TD} at (335,25) size 162x21 [border: (1px inset #808080)] [r=1 c=2 rs=1 cs=1]
              RenderText {#text} at (2,2) size 39x17
                text run at (2,2) width 39: "Cell F"
          RenderTableRow {TR} at (0,48) size 498x21
            RenderTableCell {TD} at (2,48) size 165x21 [border: (1px inset #808080)] [r=2 c=0 rs=1 cs=1]
              RenderText {#text} at (2,2) size 42x17
                text run at (2,2) width 42: "Cell G"
            RenderTableCell {TD} at (168,48) size 166x21 [border: (1px inset #808080)] [r=2 c=1 rs=1 cs=1]
              RenderText {#text} at (2,2) size 42x17
                text run at (2,2) width 42: "Cell H"
            RenderTableCell {TD} at (335,48) size 162x21 [border: (1px inset #808080)] [r=2 c=2 rs=1 cs=1]
              RenderText {#text} at (2,2) size 35x17
                text run at (2,2) width 35: "Cell I"
      RenderBlock {H3} at (0,644) size 769x22
        RenderText {#text} at (0,0) size 77x21
          text run at (0,0) width 77: "Table 3.1"
      RenderBlock {PRE} at (0,683) size 769x61
        RenderText {#text} at (0,0) size 224x60
          text run at (0,0) width 224: "<TABLE width=\"500\" border=1>"
          text run at (0,15) width 168: "<COLGROUP width=\"1*\">"
          text run at (0,30) width 176: "<COLGROUP width=\"100\">"
          text run at (0,45) width 168: "<COLGROUP width=\"0*\">"
      RenderTable {TABLE} at (0,756) size 500x74 [border: (1px outset #808080)]
        RenderTableCol {COLGROUP} at (0,0) size 0x0
        RenderTableCol {COLGROUP} at (0,0) size 0x0
        RenderTableCol {COLGROUP} at (0,0) size 0x0
        RenderTableSection {TBODY} at (1,1) size 498x71
          RenderTableRow {TR} at (0,2) size 498x21
            RenderTableCell {TD} at (2,2) size 198x21 [border: (1px inset #808080)] [r=0 c=0 rs=1 cs=1]
              RenderText {#text} at (2,2) size 42x17
                text run at (2,2) width 42: "Cell A"
            RenderTableCell {TD} at (201,2) size 101x21 [border: (1px inset #808080)] [r=0 c=1 rs=1 cs=1]
              RenderText {#text} at (2,2) size 41x17
                text run at (2,2) width 41: "Cell B"
            RenderTableCell {TD} at (303,2) size 194x21 [border: (1px inset #808080)] [r=0 c=2 rs=1 cs=1]
              RenderText {#text} at (2,2) size 41x17
                text run at (2,2) width 41: "Cell C"
          RenderTableRow {TR} at (0,25) size 498x21
            RenderTableCell {TD} at (2,25) size 198x21 [border: (1px inset #808080)] [r=1 c=0 rs=1 cs=1]
              RenderText {#text} at (2,2) size 42x17
                text run at (2,2) width 42: "Cell D"
            RenderTableCell {TD} at (201,25) size 101x21 [border: (1px inset #808080)] [r=1 c=1 rs=1 cs=1]
              RenderText {#text} at (2,2) size 40x17
                text run at (2,2) width 40: "Cell E"
            RenderTableCell {TD} at (303,25) size 194x21 [border: (1px inset #808080)] [r=1 c=2 rs=1 cs=1]
              RenderText {#text} at (2,2) size 39x17
                text run at (2,2) width 39: "Cell F"
          RenderTableRow {TR} at (0,48) size 498x21
            RenderTableCell {TD} at (2,48) size 198x21 [border: (1px inset #808080)] [r=2 c=0 rs=1 cs=1]
              RenderText {#text} at (2,2) size 42x17
                text run at (2,2) width 42: "Cell G"
            RenderTableCell {TD} at (201,48) size 101x21 [border: (1px inset #808080)] [r=2 c=1 rs=1 cs=1]
              RenderText {#text} at (2,2) size 42x17
                text run at (2,2) width 42: "Cell H"
            RenderTableCell {TD} at (303,48) size 194x21 [border: (1px inset #808080)] [r=2 c=2 rs=1 cs=1]
              RenderText {#text} at (2,2) size 35x17
                text run at (2,2) width 35: "Cell I"
