layer at (0,0) size 800x600
  RenderView at (0,0) size 800x600
layer at (0,0) size 800x600
  RenderBlock {HTML} at (0,0) size 800x600
    RenderBody {BODY} at (8,8) size 784x584
      RenderBlock {P} at (0,0) size 784x34
        RenderText {#text} at (0,0) size 776x34
          text run at (0,0) width 776: "The table below should be sized so that each word of text wraps to its own line, and if the font size is not too large, then the"
          text run at (0,17) width 243: "table will not be wider than the screen."
      RenderBlock {P} at (0,50) size 784x68
        RenderText {#text} at (0,0) size 773x68
          text run at (0,0) width 770: "Previously, the table would be incredibly wide, wide enough so that the entire paragraph of text was on one line. That was"
          text run at (0,17) width 759: "because the \"maxElementSize\" of the cell was including margins calculated from the desired size of the text (in this case,"
          text run at (0,34) width 773: "19x the desired width of the paragraph). The fix was to calculate the margin for the \"maxElementSize\" of the cell using the"
          text run at (0,51) width 631: "\"maxElementSize\" of the contained block itself, which in this case is the maximum width of a word."
      RenderTable {TABLE} at (0,134) size 234x146 [border: (1px outset #808080)]
        RenderTableSection {TBODY} at (1,1) size 232x144
          RenderTableRow {TR} at (0,2) size 232x140
            RenderTableCell {TD} at (2,2) size 228x140 [border: (1px inset #808080)] [r=0 c=0 rs=1 cs=1]
              RenderBlock {P} at (214,2) size 12x136
                RenderText {#text} at (0,0) size 33x136
                  text run at (0,0) width 28: "This"
                  text run at (0,17) width 10: "is"
                  text run at (0,34) width 33: "some"
                  text run at (0,51) width 27: "text."
                  text run at (0,68) width 28: "This"
                  text run at (0,85) width 10: "is"
                  text run at (0,102) width 33: "some"
                  text run at (0,119) width 27: "text."
