layer at (0,0) size 800x600
  RenderView at (0,0) size 800x600
layer at (0,0) size 800x600
  RenderBlock {HTML} at (0,0) size 800x600
    RenderBody {BODY} at (8,8) size 784x584
      RenderTable {TABLE} at (0,0) size 472x71 [border: (1px outset #808080)]
        RenderTableSection {TBODY} at (1,1) size 470x69
          RenderTableRow {TR} at (0,2) size 470x65
            RenderTableCell {TD} at (2,2) size 282x65 [border: (1px inset #808080)] [r=0 c=0 rs=1 cs=1]
              RenderBlock (anonymous) at (2,2) size 278x17
                RenderText {#text} at (0,0) size 253x17
                  text run at (0,0) width 253: "some normal text before the nested table"
              RenderTable {TABLE} at (52,19) size 265x27 [border: (1px outset #808080)]
                RenderTableSection {TBODY} at (1,1) size 263x25
                  RenderTableRow {TR} at (0,2) size 263x21
                    RenderTableCell {TD} at (2,2) size 259x21 [border: (1px inset #808080)] [r=0 c=0 rs=1 cs=1]
                      RenderText {#text} at (2,2) size 218x17
                        text run at (2,2) width 218: "selection of words to pad table cell"
              RenderBlock (anonymous) at (2,46) size 278x17
                RenderText {#text} at (0,0) size 241x17
                  text run at (0,0) width 241: "some normal text after the nested table"
            RenderTableCell {TD} at (286,24) size 182x21 [border: (1px inset #808080)] [r=0 c=1 rs=1 cs=1]
              RenderText {#text} at (2,2) size 178x17
                text run at (2,2) width 178: "contents of table cell to right"
      RenderTable {TABLE} at (0,71) size 41x37 [border: (1px outset #808080)]
        RenderTableSection {TBODY} at (1,1) size 39x35
          RenderTableRow {TR} at (0,2) size 39x31
            RenderTableCell {TD} at (2,2) size 35x31 [border: (1px inset #808080)] [r=0 c=0 rs=1 cs=1]
              RenderTable {TABLE} at (2,2) size 38x27 [border: (1px outset #808080)]
                RenderTableSection {TBODY} at (1,1) size 36x25
                  RenderTableRow {TR} at (0,2) size 36x21
                    RenderTableCell {TD} at (2,2) size 32x21 [border: (1px inset #808080)] [r=0 c=0 rs=1 cs=1]
                      RenderText {#text} at (2,2) size 21x17
                        text run at (2,2) width 21: "foo"
