layer at (0,0) size 785x695
  RenderView at (0,0) size 785x600
layer at (0,0) size 785x695
  RenderBlock {HTML} at (0,0) size 785x695
    RenderBody {BODY} at (8,8) size 769x679
      RenderTable {TABLE} at (0,0) size 769x679 [border: (1px outset #808080)]
        RenderTableSection {TBODY} at (1,1) size 767x677
          RenderTableRow {TR} at (0,0) size 767x19
            RenderTableCell {TD} at (0,0) size 75x19 [border: (1px inset #808080)] [r=0 c=0 rs=1 cs=1]
              RenderText {#text} at (1,1) size 21x17
                text run at (1,1) width 21: "foo"
            RenderTableCell {TD} at (74,0) size 694x19 [border: (1px inset #808080)] [r=0 c=1 rs=1 cs=1]
              RenderText {#text} at (1,1) size 20x17
                text run at (1,1) width 20: "bar"
          RenderTableRow {TR} at (0,19) size 767x658
            RenderTableCell {TD} at (0,19) size 768x658 [border: (1px inset #808080)] [r=1 c=0 rs=1 cs=2]
              RenderTable {TABLE} at (1,1) size 766x656 [border: (1px outset #808080)]
                RenderTableSection {TBODY} at (1,1) size 764x654
                  RenderTableRow {TR} at (0,2) size 764x650
                    RenderTableCell {TD} at (2,2) size 760x650 [border: (1px inset #808080)] [r=0 c=0 rs=1 cs=1]
                      RenderText {#text} at (2,2) size 705x34
                        text run at (2,2) width 705: "When the Whiten house burned down in Renfrew Ontario, the insurer denied liability, asserting that the Plaintiff"
                        text run at (2,19) width 468: "Daphne Whiten was the cause of the fire herself and had committed arson."
                      RenderBR {BR} at (470,33) size 0x0
                      RenderBR {BR} at (2,36) size 0x17
                      RenderText {#text} at (2,53) size 752x68
                        text run at (2,53) width 752: "The insurance company had not only refused to pay, but had received opinions from its adjuster, its expert engineer and"
                        text run at (2,70) width 690: "an investigative agency that the fire was accidental. Its own adjuster had recommended the claim be paid. The"
                        text run at (2,87) width 722: "defendant's counsel, as the court found, had pressured experts to provide opinions supporting an arson defence and"
                        text run at (2,104) width 723: "withheld relevant information from the experts and gave them misleading information to buttress the arson defence."
                      RenderBR {BR} at (725,118) size 0x0
                      RenderBR {BR} at (2,121) size 0x17
                      RenderText {#text} at (2,138) size 631x17
                        text run at (2,138) width 631: "After the fire the Plaintiff and her husband, Keith Whiten needed welfare assistance to support them."
                      RenderBR {BR} at (633,152) size 0x0
                      RenderBR {BR} at (2,155) size 0x17
                      RenderText {#text} at (2,172) size 732x51
                        text run at (2,172) width 723: "The jury, however, in a 4 week trial, disagreed with the position of the insurance company. It awarded not only the"
                        text run at (2,189) width 732: "policy sum against the insurer, but also was sufficiently annoyed with the conduct of the company to award a further"
                        text run at (2,206) width 236: "punitive damage award of $1 million."
                      RenderBR {BR} at (238,220) size 0x0
                      RenderBR {BR} at (2,223) size 0x17
                      RenderText {#text} at (2,240) size 751x51
                        text run at (2,240) width 751: "The company appealed. At the time of the appeal, the company acknowledged that the fire was accidental. The Ontario"
                        text run at (2,257) width 703: "Court of Appeal reversed the jury award and in a 2-1 decision determined that there should be a cap on punitive"
                        text run at (2,274) width 140: "damages of $100,000."
                      RenderBR {BR} at (142,288) size 0x0
                      RenderBR {BR} at (2,291) size 0x17
                      RenderText {#text} at (2,308) size 753x85
                        text run at (2,308) width 753: "Lawyers became hard pressed to reconcile this decision with a prior case, Hill vs. Church of Scientology. Hill, a Crown"
                        text run at (2,325) width 671: "Attorney, had sued the Church for libel due to statements made accusing him of breaching a judge's order. "
                        text run at (673,325) width 19: "He"
                        text run at (2,342) width 715: "succeeded. The jury at trial, aside from awarding compensatory damages, also awarded a punitive damage sum of"
                        text run at (2,359) width 743: "$800,000. The decision was appealed without success to the Ontario Court of Appeal and again to the Supreme Court"
                        text run at (2,376) width 514: "of Canada. The award of punitive damages was sustained at both appellate levels."
                      RenderBR {BR} at (516,390) size 0x0
                      RenderBR {BR} at (2,393) size 0x17
                      RenderText {#text} at (2,410) size 749x51
                        text run at (2,410) width 727: "In the Whiten case, the insurance industry is mounting all its ammunition to maintain the notion of a cap on punitive"
                        text run at (2,427) width 749: "damages. It is expected that the Court of Appeal decision will receive a rough ride in the Supreme Court, given the Hill"
                        text run at (2,444) width 166: "decision a few years prior."
                      RenderBR {BR} at (168,458) size 0x0
                      RenderBR {BR} at (2,461) size 0x17
                      RenderText {#text} at (2,478) size 755x51
                        text run at (2,478) width 725: "The concept of punitive damages is designed to act as civil penalty imposed on a wrong doer, which has conducted"
                        text run at (2,495) width 755: "itself in a vindictive manner, which offends one's sense of propriety - high handed shocking behaviour. Traditionally the"
                        text run at (2,512) width 729: "financial abilities of the wrong doer are a factor - the deeper the pockets the more substantial the sum to be awarded."
                      RenderBR {BR} at (731,526) size 0x0
                      RenderBR {BR} at (2,529) size 0x17
                      RenderText {#text} at (2,546) size 745x85
                        text run at (2,546) width 742: "Canadian courts have been reluctant to embrace the concept - awards such as Hill are rare. It is worthy of note that the"
                        text run at (2,563) width 696: "dissenting reasons of Justice Laskin in Whiten were much in favour of maintaining the trial award - a lucid and"
                        text run at (2,580) width 741: "powerful dissent written by a much respected jurist. Much attention will be given to this decision. Oral argument is set"
                        text run at (2,597) width 745: "for the week of December 11th. A decision will likely be forthcoming in March to June time period. This decision will"
                        text run at (2,614) width 499: "be no doubt a much quoted decision for many years, regardless of the outcome."
                      RenderBR {BR} at (501,628) size 0x0
                      RenderBR {BR} at (2,631) size 0x17
