layer at (0,0) size 800x600
  RenderView at (0,0) size 800x600
layer at (721,0) size 79x600
  RenderBlock {HTML} at (0,0) size 79x600
    RenderBody {BODY} at (8,8) size 63x584
layer at (729,8) size 63x314
  RenderBlock (relative positioned) {DIV} at (0,0) size 63x314 [bgcolor=#FF0000] [border: (2px solid #000000)]
layer at (731,10) size 59x310
  RenderImage {IMG} at (2,2) size 59x310
layer at (752,15) size 17x300
  RenderBlock (relative positioned) zI: 1 {P} at (23,7) size 17x300
    RenderText zI: 1 {#text} at (0,37) size 17x226
      text run at (0,37) width 226: "There should be no red on this page"
