layer at (0,0) size 800x600
  RenderView at (0,0) size 800x600
layer at (0,0) size 800x460
  RenderBlock {HTML} at (0,0) size 800x460
    RenderBody {BODY} at (8,16) size 784x436
      RenderBlock {P} at (0,0) size 784x17
        RenderText {#text} at (0,0) size 523x17
          text run at (0,0) width 523: "Test for isolation caused by a mask. This test passes if the whole rectangle is green."
      RenderBlock (anonymous) at (0,33) size 784x403
        RenderSVGRoot {svg} at (8,49) size 160x160
          RenderSVGHiddenContainer {defs} at (0,0) size 0x0
            RenderSVGResourceMasker {mask} [id="msk"] [maskUnits=objectBoundingBox] [maskContentUnits=userSpaceOnUse]
              RenderSVGRect {rect} at (18,59) size 20x20 [fill={[type=SOLID] [color=#FFFFFF]}] [x=10.00] [y=10.00] [width=20.00] [height=20.00]
          RenderSVGContainer {g} at (8,49) size 160x160 [transform={m=((4.00,0.00)(0.00,4.00)) t=(0.00,0.00)}]
            RenderSVGRect {rect} at (8,49) size 160x160 [fill={[type=SOLID] [color=#00FF00]}] [x=0.00] [y=0.00] [width=40.00] [height=40.00]
            RenderSVGContainer {g} at (48,89) size 80x80
              [masker="msk"] RenderSVGResourceMasker {mask} at (10,10) size 20x20
              RenderSVGRect {rect} at (48,89) size 80x80 [fill={[type=SOLID] [color=#00FF00]}] [x=10.00] [y=10.00] [width=20.00] [height=20.00]
        RenderText {#text} at (0,0) size 0x0
