layer at (0,0) size 800x600
  RenderView at (0,0) size 800x600
layer at (0,0) size 800x84
  RenderBlock {html} at (0,0) size 800x84 [color=#008000]
    RenderBody {body} at (8,8) size 784x68
      RenderBlock {test2} at (0,0) size 784x17
        RenderText {#text} at (0,0) size 136x17
          text run at (0,0) width 136: "This should be green."
      RenderBlock {test2} at (0,17) size 784x17
        RenderText {#text} at (0,0) size 136x17
          text run at (0,0) width 136: "This should be green."
      RenderBlock {test1} at (0,34) size 784x17
        RenderText {#text} at (0,0) size 136x17
          text run at (0,0) width 136: "This should be green."
      RenderBlock {test1} at (0,51) size 784x17
        RenderText {#text} at (0,0) size 136x17
          text run at (0,0) width 136: "This should be green."
