layer at (0,0) size 800x600
  RenderView at (0,0) size 800x600
layer at (0,0) size 800x600
  RenderBlock {HTML} at (0,0) size 800x600
    RenderBody {BODY} at (8,8) size 784x584
      RenderBlock {DIV} at (0,0) size 784x35
        RenderText {#text} at (0,15) size 71x19
          text run at (0,15) width 71: "Qt Plugin: "
        RenderEmbeddedObject {OBJECT} at (70,0) size 300x30
        RenderText {#text} at (0,0) size 0x0
      RenderBlock {DIV} at (0,35) size 784x35
        RenderText {#text} at (0,15) size 121x19
          text run at (0,15) width 121: "Qt Styled Widget: "
        RenderEmbeddedObject {OBJECT} at (120,0) size 300x30
        RenderText {#text} at (0,0) size 0x0
      RenderBlock {DIV} at (0,70) size 784x105
        RenderText {#text} at (0,85) size 128x19
          text run at (0,85) width 128: "Third-party plugin: "
        RenderEmbeddedObject {EMBED} at (127,0) size 100x100
        RenderText {#text} at (0,0) size 0x0
