layer at (0,0) size 800x600
  RenderView at (0,0) size 800x600
layer at (0,0) size 800x148
  RenderBlock {test} at (0,0) size 800x148
    RenderBlock {div} at (0,16) size 800x116
      RenderBlock {p} at (0,0) size 800x17
        RenderText {#text} at (0,0) size 221x17
          text run at (0,0) width 221: "This paragraph should be unstyled."
      RenderBlock {address} at (0,33) size 800x17 [bgcolor=#00FF00]
        RenderText {#text} at (0,0) size 296x17
          text run at (0,0) width 296: "This address should have a green background."
      RenderBlock {q} at (0,66) size 800x17
        RenderText {#text} at (0,0) size 221x17
          text run at (0,0) width 221: "This paragraph should be unstyled."
      RenderBlock {r} at (0,99) size 800x17 [bgcolor=#00FF00]
        RenderText {#text} at (0,0) size 308x17
          text run at (0,0) width 308: "This paragraph should have a green background."
