layer at (0,0) size 800x600
  RenderView at (0,0) size 800x600
layer at (0,0) size 800x181
  RenderBlock {test} at (0,0) size 800x181
    RenderBlock {p} at (0,16) size 800x17
      RenderText {#text} at (0,0) size 181x17
        text run at (0,0) width 181: "This line should be unstyled."
    RenderBlock {p} at (0,49) size 800x17 [bgcolor=#00FF00]
      RenderText {#text} at (0,0) size 268x17
        text run at (0,0) width 268: "This line should have a green background."
    RenderBlock {q} at (0,82) size 800x17 [bgcolor=#00FF00]
      RenderText {#text} at (0,0) size 268x17
        text run at (0,0) width 268: "This line should have a green background."
    RenderBlock {p} at (0,115) size 800x17
      RenderText {#text} at (0,0) size 181x17
        text run at (0,0) width 181: "This line should be unstyled."
    RenderBlock {p} at (0,148) size 800x17 [bgcolor=#00FF00]
      RenderText {#text} at (0,0) size 268x17
        text run at (0,0) width 268: "This line should have a green background."
