layer at (0,0) size 800x600
  RenderView at (0,0) size 800x600
layer at (0,0) size 800x49
  RenderBlock {test} at (0,0) size 800x49
    RenderBlock {p} at (0,16) size 800x17
      RenderText {#text} at (0,0) size 283x17
        text run at (0,0) width 283: "When you select this text, it shouldn't go red."
