layer at (0,0) size 800x600
  RenderView at (0,0) size 800x600
layer at (0,0) size 800x17
  RenderBlock {test} at (0,0) size 800x17
    RenderBlock {div} at (0,0) size 800x17
      RenderInline {a} at (0,0) size 284x17 [color=#551A8B] [bgcolor=#FF0000]
        RenderText {#text} at (0,0) size 284x17
          text run at (0,0) width 284: "This anchor should have a green background"
      RenderText {#text} at (0,0) size 0x0
