layer at (0,0) size 800x600
  RenderView at (0,0) size 800x600
layer at (0,0) size 800x600
  RenderBlock {HTML} at (0,0) size 800x600
    RenderBody {BODY} at (8,8) size 784x584
      RenderBlock {P} at (0,0) size 784x20
        RenderText {#text} at (0,0) size 136x19
          text run at (0,0) width 136: "A paragraph of text"
      RenderTable {TABLE} at (0,36) size 280x368 [border: (1px outset #808080)]
        RenderTableSection {THEAD} at (1,1) size 278x28
          RenderTableRow {TR} at (0,2) size 278x24
            RenderTableCell {TH} at (2,2) size 67x24 [border: (1px inset #808080)] [r=0 c=0 rs=1 cs=1]
              RenderText {#text} at (2,2) size 63x19
                text run at (2,2) width 63: "column 1"
            RenderTableCell {TH} at (71,2) size 67x24 [border: (1px inset #808080)] [r=0 c=1 rs=1 cs=1]
              RenderText {#text} at (2,2) size 63x19
                text run at (2,2) width 63: "column 2"
            RenderTableCell {TH} at (140,2) size 67x24 [border: (1px inset #808080)] [r=0 c=2 rs=1 cs=1]
              RenderText {#text} at (2,2) size 63x19
                text run at (2,2) width 63: "column 3"
            RenderTableCell {TH} at (209,2) size 67x24 [border: (1px inset #808080)] [r=0 c=3 rs=1 cs=1]
              RenderText {#text} at (2,2) size 63x19
                text run at (2,2) width 63: "column 4"
        RenderTableSection {TBODY} at (1,29) size 278x338
          RenderTableRow {TR} at (0,0) size 278x24
            RenderTableCell {TD} at (2,0) size 67x24 [border: (1px inset #808080)] [r=0 c=0 rs=1 cs=1]
              RenderText {#text} at (2,2) size 24x19
                text run at (2,2) width 24: "one"
            RenderTableCell {TD} at (71,0) size 67x24 [border: (1px inset #808080)] [r=0 c=1 rs=1 cs=1]
              RenderText {#text} at (2,2) size 24x19
                text run at (2,2) width 24: "two"
            RenderTableCell {TD} at (140,0) size 67x24 [border: (1px inset #808080)] [r=0 c=2 rs=1 cs=1]
              RenderText {#text} at (2,2) size 32x19
                text run at (2,2) width 32: "three"
            RenderTableCell {TD} at (209,0) size 67x24 [border: (1px inset #808080)] [r=0 c=3 rs=1 cs=1]
              RenderText {#text} at (2,2) size 27x19
                text run at (2,2) width 27: "four"
          RenderTableRow {TR} at (0,26) size 278x24
            RenderTableCell {TD} at (2,26) size 67x24 [border: (1px inset #808080)] [r=1 c=0 rs=1 cs=1]
              RenderText {#text} at (2,2) size 24x19
                text run at (2,2) width 24: "one"
            RenderTableCell {TD} at (71,26) size 67x24 [border: (1px inset #808080)] [r=1 c=1 rs=1 cs=1]
              RenderText {#text} at (2,2) size 24x19
                text run at (2,2) width 24: "two"
            RenderTableCell {TD} at (140,26) size 67x24 [border: (1px inset #808080)] [r=1 c=2 rs=1 cs=1]
              RenderText {#text} at (2,2) size 32x19
                text run at (2,2) width 32: "three"
            RenderTableCell {TD} at (209,26) size 67x24 [border: (1px inset #808080)] [r=1 c=3 rs=1 cs=1]
              RenderText {#text} at (2,2) size 27x19
                text run at (2,2) width 27: "four"
          RenderTableRow {TR} at (0,52) size 278x24
            RenderTableCell {TD} at (2,52) size 67x24 [border: (1px inset #808080)] [r=2 c=0 rs=1 cs=1]
              RenderText {#text} at (2,2) size 24x19
                text run at (2,2) width 24: "one"
            RenderTableCell {TD} at (71,52) size 67x24 [border: (1px inset #808080)] [r=2 c=1 rs=1 cs=1]
              RenderText {#text} at (2,2) size 24x19
                text run at (2,2) width 24: "two"
            RenderTableCell {TD} at (140,52) size 67x24 [border: (1px inset #808080)] [r=2 c=2 rs=1 cs=1]
              RenderText {#text} at (2,2) size 32x19
                text run at (2,2) width 32: "three"
            RenderTableCell {TD} at (209,52) size 67x24 [border: (1px inset #808080)] [r=2 c=3 rs=1 cs=1]
              RenderText {#text} at (2,2) size 27x19
                text run at (2,2) width 27: "four"
          RenderTableRow {TR} at (0,78) size 278x24
            RenderTableCell {TD} at (2,78) size 67x24 [border: (1px inset #808080)] [r=3 c=0 rs=1 cs=1]
              RenderText {#text} at (2,2) size 24x19
                text run at (2,2) width 24: "one"
            RenderTableCell {TD} at (71,78) size 67x24 [border: (1px inset #808080)] [r=3 c=1 rs=1 cs=1]
              RenderText {#text} at (2,2) size 24x19
                text run at (2,2) width 24: "two"
            RenderTableCell {TD} at (140,78) size 67x24 [border: (1px inset #808080)] [r=3 c=2 rs=1 cs=1]
              RenderText {#text} at (2,2) size 32x19
                text run at (2,2) width 32: "three"
            RenderTableCell {TD} at (209,78) size 67x24 [border: (1px inset #808080)] [r=3 c=3 rs=1 cs=1]
              RenderText {#text} at (2,2) size 27x19
                text run at (2,2) width 27: "four"
          RenderTableRow {TR} at (0,104) size 278x24
            RenderTableCell {TD} at (2,104) size 67x24 [border: (1px inset #808080)] [r=4 c=0 rs=1 cs=1]
              RenderText {#text} at (2,2) size 24x19
                text run at (2,2) width 24: "one"
            RenderTableCell {TD} at (71,104) size 67x24 [border: (1px inset #808080)] [r=4 c=1 rs=1 cs=1]
              RenderText {#text} at (2,2) size 24x19
                text run at (2,2) width 24: "two"
            RenderTableCell {TD} at (140,104) size 67x24 [border: (1px inset #808080)] [r=4 c=2 rs=1 cs=1]
              RenderText {#text} at (2,2) size 32x19
                text run at (2,2) width 32: "three"
            RenderTableCell {TD} at (209,104) size 67x24 [border: (1px inset #808080)] [r=4 c=3 rs=1 cs=1]
              RenderText {#text} at (2,2) size 27x19
                text run at (2,2) width 27: "four"
          RenderTableRow {TR} at (0,130) size 278x24
            RenderTableCell {TD} at (2,130) size 67x24 [border: (1px inset #808080)] [r=5 c=0 rs=1 cs=1]
              RenderText {#text} at (2,2) size 24x19
                text run at (2,2) width 24: "one"
            RenderTableCell {TD} at (71,130) size 67x24 [border: (1px inset #808080)] [r=5 c=1 rs=1 cs=1]
              RenderText {#text} at (2,2) size 24x19
                text run at (2,2) width 24: "two"
            RenderTableCell {TD} at (140,130) size 67x24 [border: (1px inset #808080)] [r=5 c=2 rs=1 cs=1]
              RenderText {#text} at (2,2) size 32x19
                text run at (2,2) width 32: "three"
            RenderTableCell {TD} at (209,130) size 67x24 [border: (1px inset #808080)] [r=5 c=3 rs=1 cs=1]
              RenderText {#text} at (2,2) size 27x19
                text run at (2,2) width 27: "four"
          RenderTableRow {TR} at (0,156) size 278x24
            RenderTableCell {TD} at (2,156) size 67x24 [border: (1px inset #808080)] [r=6 c=0 rs=1 cs=1]
              RenderText {#text} at (2,2) size 24x19
                text run at (2,2) width 24: "one"
            RenderTableCell {TD} at (71,156) size 67x24 [border: (1px inset #808080)] [r=6 c=1 rs=1 cs=1]
              RenderText {#text} at (2,2) size 24x19
                text run at (2,2) width 24: "two"
            RenderTableCell {TD} at (140,156) size 67x24 [border: (1px inset #808080)] [r=6 c=2 rs=1 cs=1]
              RenderText {#text} at (2,2) size 32x19
                text run at (2,2) width 32: "three"
            RenderTableCell {TD} at (209,156) size 67x24 [border: (1px inset #808080)] [r=6 c=3 rs=1 cs=1]
              RenderText {#text} at (2,2) size 27x19
                text run at (2,2) width 27: "four"
          RenderTableRow {TR} at (0,182) size 278x24
            RenderTableCell {TD} at (2,182) size 67x24 [border: (1px inset #808080)] [r=7 c=0 rs=1 cs=1]
              RenderText {#text} at (2,2) size 24x19
                text run at (2,2) width 24: "one"
            RenderTableCell {TD} at (71,182) size 67x24 [border: (1px inset #808080)] [r=7 c=1 rs=1 cs=1]
              RenderText {#text} at (2,2) size 24x19
                text run at (2,2) width 24: "two"
            RenderTableCell {TD} at (140,182) size 67x24 [border: (1px inset #808080)] [r=7 c=2 rs=1 cs=1]
              RenderText {#text} at (2,2) size 32x19
                text run at (2,2) width 32: "three"
            RenderTableCell {TD} at (209,182) size 67x24 [border: (1px inset #808080)] [r=7 c=3 rs=1 cs=1]
              RenderText {#text} at (2,2) size 27x19
                text run at (2,2) width 27: "four"
          RenderTableRow {TR} at (0,208) size 278x24
            RenderTableCell {TD} at (2,208) size 67x24 [border: (1px inset #808080)] [r=8 c=0 rs=1 cs=1]
              RenderText {#text} at (2,2) size 24x19
                text run at (2,2) width 24: "one"
            RenderTableCell {TD} at (71,208) size 67x24 [border: (1px inset #808080)] [r=8 c=1 rs=1 cs=1]
              RenderText {#text} at (2,2) size 24x19
                text run at (2,2) width 24: "two"
            RenderTableCell {TD} at (140,208) size 67x24 [border: (1px inset #808080)] [r=8 c=2 rs=1 cs=1]
              RenderText {#text} at (2,2) size 32x19
                text run at (2,2) width 32: "three"
            RenderTableCell {TD} at (209,208) size 67x24 [border: (1px inset #808080)] [r=8 c=3 rs=1 cs=1]
              RenderText {#text} at (2,2) size 27x19
                text run at (2,2) width 27: "four"
          RenderTableRow {TR} at (0,234) size 278x24
            RenderTableCell {TD} at (2,234) size 67x24 [border: (1px inset #808080)] [r=9 c=0 rs=1 cs=1]
              RenderText {#text} at (2,2) size 24x19
                text run at (2,2) width 24: "one"
            RenderTableCell {TD} at (71,234) size 67x24 [border: (1px inset #808080)] [r=9 c=1 rs=1 cs=1]
              RenderText {#text} at (2,2) size 24x19
                text run at (2,2) width 24: "two"
            RenderTableCell {TD} at (140,234) size 67x24 [border: (1px inset #808080)] [r=9 c=2 rs=1 cs=1]
              RenderText {#text} at (2,2) size 32x19
                text run at (2,2) width 32: "three"
            RenderTableCell {TD} at (209,234) size 67x24 [border: (1px inset #808080)] [r=9 c=3 rs=1 cs=1]
              RenderText {#text} at (2,2) size 27x19
                text run at (2,2) width 27: "four"
          RenderTableRow {TR} at (0,260) size 278x24
            RenderTableCell {TD} at (2,260) size 67x24 [border: (1px inset #808080)] [r=10 c=0 rs=1 cs=1]
              RenderText {#text} at (2,2) size 24x19
                text run at (2,2) width 24: "one"
            RenderTableCell {TD} at (71,260) size 67x24 [border: (1px inset #808080)] [r=10 c=1 rs=1 cs=1]
              RenderText {#text} at (2,2) size 24x19
                text run at (2,2) width 24: "two"
            RenderTableCell {TD} at (140,260) size 67x24 [border: (1px inset #808080)] [r=10 c=2 rs=1 cs=1]
              RenderText {#text} at (2,2) size 32x19
                text run at (2,2) width 32: "three"
            RenderTableCell {TD} at (209,260) size 67x24 [border: (1px inset #808080)] [r=10 c=3 rs=1 cs=1]
              RenderText {#text} at (2,2) size 27x19
                text run at (2,2) width 27: "four"
          RenderTableRow {TR} at (0,286) size 278x24
            RenderTableCell {TD} at (2,286) size 67x24 [border: (1px inset #808080)] [r=11 c=0 rs=1 cs=1]
              RenderText {#text} at (2,2) size 24x19
                text run at (2,2) width 24: "one"
            RenderTableCell {TD} at (71,286) size 67x24 [border: (1px inset #808080)] [r=11 c=1 rs=1 cs=1]
              RenderText {#text} at (2,2) size 24x19
                text run at (2,2) width 24: "two"
            RenderTableCell {TD} at (140,286) size 67x24 [border: (1px inset #808080)] [r=11 c=2 rs=1 cs=1]
              RenderText {#text} at (2,2) size 32x19
                text run at (2,2) width 32: "three"
            RenderTableCell {TD} at (209,286) size 67x24 [border: (1px inset #808080)] [r=11 c=3 rs=1 cs=1]
              RenderText {#text} at (2,2) size 27x19
                text run at (2,2) width 27: "four"
          RenderTableRow {TR} at (0,312) size 278x24
            RenderTableCell {TD} at (2,312) size 67x24 [border: (1px inset #808080)] [r=12 c=0 rs=1 cs=1]
              RenderText {#text} at (2,2) size 24x19
                text run at (2,2) width 24: "one"
            RenderTableCell {TD} at (71,312) size 67x24 [border: (1px inset #808080)] [r=12 c=1 rs=1 cs=1]
              RenderText {#text} at (2,2) size 24x19
                text run at (2,2) width 24: "two"
            RenderTableCell {TD} at (140,312) size 67x24 [border: (1px inset #808080)] [r=12 c=2 rs=1 cs=1]
              RenderText {#text} at (2,2) size 32x19
                text run at (2,2) width 32: "three"
            RenderTableCell {TD} at (209,312) size 67x24 [border: (1px inset #808080)] [r=12 c=3 rs=1 cs=1]
              RenderText {#text} at (2,2) size 27x19
                text run at (2,2) width 27: "four"
