layer at (0,0) size 800x600
  RenderView at (0,0) size 800x600
layer at (5,5) size 790x180
  RenderBlock {doc} at (5,5) size 790x180
    RenderTable at (0,0) size 55x76
      RenderBlock {captionelement} at (0,0) size 55x76 [color=#FF0000]
        RenderText {#text} at (5,1) size 55x74
          text run at (5,1) width 44: "This is"
          text run at (23,20) width 8: "a"
          text run at (3,39) width 48: "caption"
          text run at (0,58) width 55: "element."
    RenderBlock {p} at (0,76) size 790x52
      RenderText {#text} at (0,1) size 788x50
        text run at (0,1) width 788: "The following text is in a caption element whose style is set to display:table-caption."
        text run at (0,27) width 308: "The element is not inside a table."
    RenderBlock {p} at (0,128) size 790x52
      RenderText {#text} at (0,1) size 721x50
        text run at (0,1) width 721: "If there's no red text between this text and the previous text the caption is not"
        text run at (0,27) width 94: "displayed."
