layer at (0,0) size 785x5266
  RenderView at (0,0) size 785x600
layer at (0,0) size 785x5266 layerType: background only
layer at (84,1477) size 200x200
  RenderBlock (positioned) zI: -3000000 {P} at (60,60) size 200x200 [color=#FFFFFF] [bgcolor=#990066]
    RenderText zI: -3000000 {#text} at (77,45) size 46x89
      text run at (77,45) width 46: "8"
layer at (34,1627) size 200x200
  RenderBlock (positioned) zI: -2000000 {P} at (10,210) size 200x200 [color=#FFFFFF] [bgcolor=#660099]
    RenderText zI: -2000000 {#text} at (77,45) size 46x89
      text run at (77,45) width 46: "7"
layer at (84,1777) size 200x200
  RenderBlock (positioned) zI: -1000000 {P} at (60,360) size 200x200 [color=#FFFFFF] [bgcolor=#0000FF]
    RenderText zI: -1000000 {#text} at (77,45) size 46x89
      text run at (77,45) width 46: "6"
layer at (84,2113) size 200x200
  RenderBlock (positioned) zI: -40 {P} at (60,60) size 200x200 [color=#FFFFFF] [bgcolor=#990066]
    RenderText zI: -40 {#text} at (77,45) size 46x89
      text run at (77,45) width 46: "8"
layer at (34,2263) size 200x200
  RenderBlock (positioned) zI: -30 {P} at (10,210) size 200x200 [color=#FFFFFF] [bgcolor=#660099]
    RenderText zI: -30 {#text} at (77,45) size 46x89
      text run at (77,45) width 46: "7"
layer at (84,841) size 200x200
  RenderBlock (positioned) zI: -3 {P} at (60,60) size 200x200 [color=#FFFFFF] [bgcolor=#990066]
    RenderText zI: -3 {#text} at (50,45) size 392x89
      text run at (50,45) width 392: " 8 hide me"
layer at (84,2749) size 200x200
  RenderBlock (positioned) zI: -3 {P} at (60,60) size 200x200 [color=#FFFFFF] [bgcolor=#990066]
    RenderText zI: -3 {#text} at (77,45) size 46x89
      text run at (77,45) width 46: "8"
layer at (34,2899) size 200x200
  RenderBlock (positioned) zI: -3 {P} at (10,210) size 200x200 [color=#FFFFFF] [bgcolor=#660099]
    RenderText zI: -3 {#text} at (77,45) size 46x89
      text run at (77,45) width 46: "7"
layer at (84,3385) size 200x200
  RenderBlock (positioned) zI: -3 {P} at (60,60) size 200x200 [color=#FFFFFF] [bgcolor=#990066]
    RenderText zI: -3 {#text} at (77,45) size 46x89
      text run at (77,45) width 46: "8"
layer at (84,4021) size 200x200
  RenderBlock (positioned) zI: -3 {P} at (60,60) size 200x200 [color=#FFFFFF] [bgcolor=#990066]
    RenderText zI: -3 {#text} at (77,45) size 46x89
      text run at (77,45) width 46: "8"
layer at (84,4690) size 200x200
  RenderBlock (positioned) zI: -3 {P} at (60,60) size 200x200 [color=#FFFFFF] [bgcolor=#990066]
    RenderText zI: -3 {#text} at (77,45) size 46x89
      text run at (77,45) width 46: "8"
layer at (34,991) size 200x200
  RenderBlock (positioned) zI: -2 {P} at (10,210) size 200x200 [color=#FFFFFF] [bgcolor=#660099]
    RenderText zI: -2 {#text} at (77,45) size 46x89
      text run at (77,45) width 46: "7"
layer at (84,2413) size 200x200
  RenderBlock (positioned) zI: -2 {P} at (60,360) size 200x200 [color=#FFFFFF] [bgcolor=#0000FF]
    RenderText zI: -2 {#text} at (77,45) size 46x89
      text run at (77,45) width 46: "6"
layer at (234,2463) size 200x200
  RenderBlock (positioned) zI: -2 {P} at (210,410) size 200x200 [color=#FFFFFF] [bgcolor=#009999]
    RenderText zI: -2 {#text} at (77,45) size 46x89
      text run at (77,45) width 46: "5"
layer at (34,3535) size 200x200
  RenderBlock (positioned) zI: -2 {P} at (10,210) size 200x200 [color=#FFFFFF] [bgcolor=#660099]
    RenderText zI: -2 {#text} at (77,45) size 46x89
      text run at (77,45) width 46: "7"
layer at (34,4171) size 200x200
  RenderBlock (positioned) zI: -2 {P} at (0,200) size 200x200 [color=#FFFFFF] [bgcolor=#660099]
    RenderText zI: -2 {#text} at (77,45) size 46x89
      text run at (77,45) width 46: "7"
layer at (34,4840) size 200x200
  RenderBlock (positioned) zI: -2 {P} at (0,200) size 200x200 [color=#FFFFFF] [bgcolor=#660099]
    RenderText zI: -2 {#text} at (77,45) size 46x89
      text run at (77,45) width 46: "7"
layer at (84,1141) size 200x200
  RenderBlock (positioned) zI: -1 {P} at (60,360) size 200x200 [color=#FFFFFF] [bgcolor=#0000FF]
    RenderText zI: -1 {#text} at (77,45) size 46x89
      text run at (77,45) width 46: "6"
layer at (84,4321) size 200x200
  RenderBlock (positioned) zI: -1 {P} at (60,360) size 200x200 [color=#FFFFFF] [bgcolor=#0000FF]
    RenderText zI: -1 {#text} at (77,45) size 46x89
      text run at (77,45) width 46: "6"
layer at (84,4990) size 200x200
  RenderBlock (positioned) zI: -1 {P} at (60,360) size 200x200 [color=#FFFFFF] [bgcolor=#0000FF]
    RenderText zI: -1 {#text} at (77,45) size 46x89
      text run at (77,45) width 46: "6"
layer at (0,0) size 785x5266 layerType: foreground only
  RenderBlock {HTML} at (0,0) size 785x5266
    RenderBody {BODY} at (8,21) size 769x5229
      RenderBlock {H1} at (0,0) size 769x36
        RenderText {#text} at (0,0) size 294x36
          text run at (0,0) width 294: "Layered Presentation"
      RenderBlock {P} at (0,57) size 769x18
        RenderText {#text} at (0,0) size 733x17
          text run at (0,0) width 398: "Robert O'Callahan pointed out to me some mistakes in this test "
          text run at (398,0) width 335: "that I have not yet had the time to examine or correct."
      RenderBlock {P} at (0,90) size 769x18
        RenderText {#text} at (0,0) size 463x17
          text run at (0,0) width 463: "In each of the following, 1 should be the top layer and 8 the bottom layer:"
      RenderBlock {P} at (0,4575) size 769x18
        RenderText {#text} at (0,0) size 349x17
          text run at (0,0) width 349: "Using assumed default value of z-index (may not pass):"
layer at (24,145) size 620x620
  RenderBlock (relative positioned) {DIV} at (16,123) size 620x621 [border: (10px solid #000000)]
layer at (84,205) size 200x200
  RenderBlock (positioned) {P} at (60,60) size 200x200 [color=#FFFFFF] [bgcolor=#990066]
    RenderText {#text} at (50,45) size 392x89
      text run at (50,45) width 392: " 8 hide me"
layer at (34,355) size 200x200
  RenderBlock (positioned) {P} at (10,210) size 200x200 [color=#FFFFFF] [bgcolor=#660099]
    RenderText {#text} at (77,45) size 46x89
      text run at (77,45) width 46: "7"
layer at (84,505) size 200x200
  RenderBlock (positioned) {P} at (60,360) size 200x200 [color=#FFFFFF] [bgcolor=#0000FF]
    RenderText {#text} at (77,45) size 46x89
      text run at (77,45) width 46: "6"
layer at (234,555) size 200x200
  RenderBlock (positioned) {P} at (210,410) size 200x200 [color=#FFFFFF] [bgcolor=#009999]
    RenderText {#text} at (77,45) size 46x89
      text run at (77,45) width 46: "5"
layer at (384,505) size 200x200
  RenderBlock (positioned) {P} at (360,360) size 200x200 [color=#FFFFFF] [bgcolor=#00CC00]
    RenderText {#text} at (77,45) size 46x89
      text run at (77,45) width 46: "4"
layer at (434,355) size 200x200
  RenderBlock (positioned) {P} at (410,210) size 200x200 [color=#FFFFFF] [bgcolor=#CCCC00]
    RenderText {#text} at (77,45) size 46x89
      text run at (77,45) width 46: "3"
layer at (384,205) size 200x200
  RenderBlock (positioned) {P} at (360,60) size 200x200 [color=#FFFFFF] [bgcolor=#FF9900]
    RenderText {#text} at (77,45) size 46x89
      text run at (77,45) width 46: "2"
layer at (234,155) size 200x200
  RenderBlock (positioned) {P} at (210,10) size 200x200 [color=#FFFFFF] [bgcolor=#FF0000]
    RenderText {#text} at (77,45) size 46x89
      text run at (77,45) width 46: "1"
layer at (24,781) size 620x620
  RenderBlock (relative positioned) {DIV} at (16,759) size 620x621 [border: (10px solid #000000)]
layer at (234,1191) size 200x200
  RenderBlock (positioned) {P} at (210,410) size 200x200 [color=#FFFFFF] [bgcolor=#009999]
    RenderText {#text} at (77,45) size 46x89
      text run at (77,45) width 46: "5"
layer at (24,1417) size 620x620
  RenderBlock (relative positioned) {DIV} at (16,1395) size 620x621 [border: (10px solid #000000)]
layer at (234,1827) size 200x200
  RenderBlock (positioned) {P} at (210,410) size 200x200 [color=#FFFFFF] [bgcolor=#009999]
    RenderText {#text} at (77,45) size 46x89
      text run at (77,45) width 46: "5"
layer at (24,2053) size 620x620
  RenderBlock (relative positioned) {DIV} at (16,2031) size 620x621 [border: (10px solid #000000)]
layer at (384,2413) size 200x200
  RenderBlock (positioned) {P} at (360,360) size 200x200 [color=#FFFFFF] [bgcolor=#00CC00]
    RenderText {#text} at (77,45) size 46x89
      text run at (77,45) width 46: "4"
layer at (434,2263) size 200x200
  RenderBlock (positioned) {P} at (410,210) size 200x200 [color=#FFFFFF] [bgcolor=#CCCC00]
    RenderText {#text} at (77,45) size 46x89
      text run at (77,45) width 46: "3"
layer at (24,2689) size 620x620
  RenderBlock (relative positioned) {DIV} at (16,2667) size 620x621 [border: (10px solid #000000)]
layer at (84,3049) size 200x200
  RenderBlock (positioned) {P} at (60,360) size 200x200 [color=#FFFFFF] [bgcolor=#0000FF]
    RenderText {#text} at (77,45) size 46x89
      text run at (77,45) width 46: "6"
layer at (234,3099) size 200x200
  RenderBlock (positioned) {P} at (210,410) size 200x200 [color=#FFFFFF] [bgcolor=#009999]
    RenderText {#text} at (77,45) size 46x89
      text run at (77,45) width 46: "5"
layer at (384,3049) size 200x200
  RenderBlock (positioned) {P} at (360,360) size 200x200 [color=#FFFFFF] [bgcolor=#00CC00]
    RenderText {#text} at (77,45) size 46x89
      text run at (77,45) width 46: "4"
layer at (24,3325) size 620x620
  RenderBlock (relative positioned) {DIV} at (16,3303) size 620x621 [border: (10px solid #000000)]
layer at (34,3335) size 600x600 layerType: background only
layer at (84,3685) size 200x200
  RenderBlock (positioned) zI: -9 {P} at (50,350) size 200x200 [color=#FFFFFF] [bgcolor=#0000FF]
    RenderText zI: -9 {#text} at (77,45) size 46x89
      text run at (77,45) width 46: "6"
layer at (34,3335) size 600x600 layerType: foreground only
  RenderBlock (positioned) {DIV} at (10,10) size 600x600
layer at (234,3735) size 200x200
  RenderBlock (positioned) {P} at (200,400) size 200x200 [color=#FFFFFF] [bgcolor=#009999]
    RenderText {#text} at (77,45) size 46x89
      text run at (77,45) width 46: "5"
layer at (384,3685) size 200x200
  RenderBlock (positioned) zI: 9 {P} at (350,350) size 200x200 [color=#FFFFFF] [bgcolor=#00CC00]
    RenderText zI: 9 {#text} at (77,45) size 46x89
      text run at (77,45) width 46: "4"
layer at (24,3961) size 620x620
  RenderBlock (relative positioned) {DIV} at (16,3939) size 620x621 [border: (10px solid #000000)]
layer at (34,3971) size 600x600
  RenderBlock (positioned) {DIV} at (10,10) size 600x600
layer at (234,4371) size 200x200
  RenderBlock (positioned) {P} at (210,410) size 200x200 [color=#FFFFFF] [bgcolor=#009999]
    RenderText {#text} at (77,45) size 46x89
      text run at (77,45) width 46: "5"
layer at (24,4630) size 620x620
  RenderBlock (relative positioned) {DIV} at (16,4608) size 620x621 [border: (10px solid #000000)]
layer at (34,4640) size 600x600
  RenderBlock (positioned) {DIV} at (10,10) size 600x600
layer at (234,5040) size 200x200
  RenderBlock (positioned) {P} at (210,410) size 200x200 [color=#FFFFFF] [bgcolor=#009999]
    RenderText {#text} at (77,45) size 46x89
      text run at (77,45) width 46: "5"
layer at (384,1141) size 200x200
  RenderBlock (positioned) zI: 1 {P} at (360,360) size 200x200 [color=#FFFFFF] [bgcolor=#00CC00]
    RenderText zI: 1 {#text} at (77,45) size 46x89
      text run at (77,45) width 46: "4"
layer at (384,4321) size 200x200
  RenderBlock (positioned) zI: 1 {P} at (350,350) size 200x200 [color=#FFFFFF] [bgcolor=#00CC00]
    RenderText zI: 1 {#text} at (77,45) size 46x89
      text run at (77,45) width 46: "4"
layer at (384,4990) size 200x200
  RenderBlock (positioned) zI: 1 {P} at (350,350) size 200x200 [color=#FFFFFF] [bgcolor=#00CC00]
    RenderText zI: 1 {#text} at (77,45) size 46x89
      text run at (77,45) width 46: "4"
layer at (434,991) size 200x200
  RenderBlock (positioned) zI: 2 {P} at (410,210) size 200x200 [color=#FFFFFF] [bgcolor=#CCCC00]
    RenderText zI: 2 {#text} at (77,45) size 46x89
      text run at (77,45) width 46: "3"
layer at (384,2113) size 200x200
  RenderBlock (positioned) zI: 2 {P} at (360,60) size 200x200 [color=#FFFFFF] [bgcolor=#FF9900]
    RenderText zI: 2 {#text} at (77,45) size 46x89
      text run at (77,45) width 46: "2"
layer at (434,3535) size 200x200
  RenderBlock (positioned) zI: 2 {P} at (410,210) size 200x200 [color=#FFFFFF] [bgcolor=#CCCC00]
    RenderText zI: 2 {#text} at (77,45) size 46x89
      text run at (77,45) width 46: "3"
layer at (434,4171) size 200x200
  RenderBlock (positioned) zI: 2 {P} at (410,210) size 200x200 [color=#FFFFFF] [bgcolor=#CCCC00]
    RenderText zI: 2 {#text} at (77,45) size 46x89
      text run at (77,45) width 46: "3"
layer at (434,4840) size 200x200
  RenderBlock (positioned) zI: 2 {P} at (410,210) size 200x200 [color=#FFFFFF] [bgcolor=#CCCC00]
    RenderText zI: 2 {#text} at (77,45) size 46x89
      text run at (77,45) width 46: "3"
layer at (384,841) size 200x200
  RenderBlock (positioned) zI: 3 {P} at (360,60) size 200x200 [color=#FFFFFF] [bgcolor=#FF9900]
    RenderText zI: 3 {#text} at (77,45) size 46x89
      text run at (77,45) width 46: "2"
layer at (234,2063) size 200x200
  RenderBlock (positioned) zI: 3 {P} at (210,10) size 200x200 [color=#FFFFFF] [bgcolor=#FF0000]
    RenderText zI: 3 {#text} at (77,45) size 46x89
      text run at (77,45) width 46: "1"
layer at (384,3385) size 200x200
  RenderBlock (positioned) zI: 3 {P} at (360,60) size 200x200 [color=#FFFFFF] [bgcolor=#FF9900]
    RenderText zI: 3 {#text} at (77,45) size 46x89
      text run at (77,45) width 46: "2"
layer at (384,4021) size 200x200
  RenderBlock (positioned) zI: 3 {P} at (350,50) size 200x200 [color=#FFFFFF] [bgcolor=#FF9900]
    RenderText zI: 3 {#text} at (77,45) size 46x89
      text run at (77,45) width 46: "2"
layer at (384,4690) size 200x200
  RenderBlock (positioned) zI: 3 {P} at (350,50) size 200x200 [color=#FFFFFF] [bgcolor=#FF9900]
    RenderText zI: 3 {#text} at (77,45) size 46x89
      text run at (77,45) width 46: "2"
layer at (234,791) size 200x200
  RenderBlock (positioned) zI: 4 {P} at (210,10) size 200x200 [color=#FFFFFF] [bgcolor=#FF0000]
    RenderText zI: 4 {#text} at (77,45) size 46x89
      text run at (77,45) width 46: "1"
layer at (434,2899) size 200x200
  RenderBlock (positioned) zI: 4 {P} at (410,210) size 200x200 [color=#FFFFFF] [bgcolor=#CCCC00]
    RenderText zI: 4 {#text} at (77,45) size 46x89
      text run at (77,45) width 46: "3"
layer at (384,2749) size 200x200
  RenderBlock (positioned) zI: 4 {P} at (360,60) size 200x200 [color=#FFFFFF] [bgcolor=#FF9900]
    RenderText zI: 4 {#text} at (77,45) size 46x89
      text run at (77,45) width 46: "2"
layer at (234,2699) size 200x200
  RenderBlock (positioned) zI: 4 {P} at (210,10) size 200x200 [color=#FFFFFF] [bgcolor=#FF0000]
    RenderText zI: 4 {#text} at (77,45) size 46x89
      text run at (77,45) width 46: "1"
layer at (234,3335) size 200x200
  RenderBlock (positioned) zI: 4 {P} at (210,10) size 200x200 [color=#FFFFFF] [bgcolor=#FF0000]
    RenderText zI: 4 {#text} at (77,45) size 46x89
      text run at (77,45) width 46: "1"
layer at (234,3971) size 200x200
  RenderBlock (positioned) zI: 4 {P} at (210,10) size 200x200 [color=#FFFFFF] [bgcolor=#FF0000]
    RenderText zI: 4 {#text} at (77,45) size 46x89
      text run at (77,45) width 46: "1"
layer at (234,4640) size 200x200
  RenderBlock (positioned) zI: 4 {P} at (210,10) size 200x200 [color=#FFFFFF] [bgcolor=#FF0000]
    RenderText zI: 4 {#text} at (77,45) size 46x89
      text run at (77,45) width 46: "1"
layer at (384,1777) size 200x200
  RenderBlock (positioned) zI: 1000000 {P} at (360,360) size 200x200 [color=#FFFFFF] [bgcolor=#00CC00]
    RenderText zI: 1000000 {#text} at (77,45) size 46x89
      text run at (77,45) width 46: "4"
layer at (434,1627) size 200x200
  RenderBlock (positioned) zI: 2000000 {P} at (410,210) size 200x200 [color=#FFFFFF] [bgcolor=#CCCC00]
    RenderText zI: 2000000 {#text} at (77,45) size 46x89
      text run at (77,45) width 46: "3"
layer at (384,1477) size 200x200
  RenderBlock (positioned) zI: 3000000 {P} at (360,60) size 200x200 [color=#FFFFFF] [bgcolor=#FF9900]
    RenderText zI: 3000000 {#text} at (77,45) size 46x89
      text run at (77,45) width 46: "2"
layer at (234,1427) size 200x200
  RenderBlock (positioned) zI: 4000000 {P} at (210,10) size 200x200 [color=#FFFFFF] [bgcolor=#FF0000]
    RenderText zI: 4000000 {#text} at (77,45) size 46x89
      text run at (77,45) width 46: "1"
