layer at (0,0) size 800x600
  RenderView at (0,0) size 800x600
layer at (0,0) size 800x600
  RenderBlock {HTML} at (0,0) size 800x600
    RenderBody {BODY} at (8,8) size 784x584
      RenderText {#text} at (0,0) size 615x17
        text run at (0,0) width 615: "You should see a single green stripe below. The test has failed if you don't see a perfect rectangle."
      RenderText {#text} at (0,0) size 0x0
layer at (8,25) size 96x355
  RenderBlock (positioned) {DIV} at (8,25) size 96x355
    RenderInline {A} at (0,0) size 46x355 [color=#008000] [bgcolor=#008000]
      RenderInline {SPAN} at (0,0) size 46x71
        RenderText {#text} at (0,0) size 46x71
          text run at (0,0) width 46: "A"
      RenderText {#text} at (0,71) size 46x71
        text run at (0,71) width 46: "A"
      RenderBR {BR} at (46,128) size 0x0
      RenderInline {SPAN} at (0,0) size 46x71
        RenderText {#text} at (0,142) size 46x71
          text run at (0,142) width 46: "A"
      RenderText {#text} at (0,213) size 46x142
        text run at (0,213) width 46: "A"
        text run at (0,284) width 46: "A"
    RenderText {#text} at (0,0) size 0x0
