layer at (0,0) size 800x600
  RenderView at (0,0) size 800x600
layer at (0,0) size 800x600
  RenderBlock {HTML} at (0,0) size 800x600
    RenderBody {BODY} at (8,8) size 784x576
      RenderBlock {P} at (0,0) size 784x17
        RenderText {#text} at (0,0) size 95x17
          text run at (0,0) width 95: "First paragraph"
      RenderBlock {P} at (0,33) size 784x34
        RenderText {#text} at (0,0) size 228x17
          text run at (0,0) width 228: "Here is some regular paragraph text "
        RenderText {#text} at (27,17) size 103x17
          text run at (27,17) width 103: "Some more text."
      RenderBlock {P} at (0,83) size 784x17
        RenderText {#text} at (0,0) size 533x17
          text run at (0,0) width 533: "The image gets erroneously positioned to the top/left corner of the paragraph instead."
layer at (8,41) size 782x34
  RenderInline (relative positioned) {SPAN} at (0,0) size 782x34 [bgcolor=#90EE90]
    RenderText {#text} at (228,0) size 782x34
      text run at (228,0) width 554: "The image (found or not) should be positioned at the top/left corner of this green-shaded"
      text run at (0,17) width 27: "text "
layer at (236,41) size 42x42
  RenderImage {IMG} at (0,0) size 42x42 [border: (1px solid #000000)]
