layer at (0,0) size 800x600
  RenderView at (0,0) size 800x600
layer at (0,0) size 800x600
  RenderBlock {HTML} at (0,0) size 800x600
    RenderBody {BODY} at (8,8) size 784x584
      RenderBlock {P} at (0,0) size 784x34
        RenderText {#text} at (0,0) size 646x17
          text run at (0,0) width 646: "The black outline box should be a 50px by 50px square with its bottom left corner anchored to the left "
        RenderInline {SPAN} at (0,0) size 43x17 [color=#FFA500]
          RenderText {#text} at (646,0) size 43x17
            text run at (646,0) width 43: "orange"
        RenderText {#text} at (689,0) size 777x34
          text run at (689,0) width 88: " border on the"
          text run at (0,17) width 60: "third line."
      RenderBlock {DIV} at (0,50) size 600x68
        RenderText {#text} at (414,0) size 186x17
          text run at (414,0) width 186 RTL override: "ILorem ipsum dolor sit amet, "
        RenderText {#text} at (7,34) size 593x34
          text run at (7,34) width 89 RTL override: "duis aute irure"
          text run at (351,51) width 249 RTL override: "dolor in reprehenderit in voluptate velit."
layer at (8,58) size 597x53
  RenderInline (relative positioned) {SPAN} at (0,0) size 597x53 [bgcolor=#008000] [border: (1px solid #808080) (20px solid #0000FF) (1px solid #808080) (20px solid #FFA500)]
    RenderText {#text} at (43,0) size 557x34
      text run at (43,0) width 331 RTL override: "con a pariatur. Excepteur sint occaecat cupidatat non"
      text run at (234,17) width 366 RTL override: "proident, sunt in culp qui officia deserunt mollit animequs "
    RenderText {#text} at (3,17) size 597x34
      text run at (3,17) width 231 RTL override: "ILOREM ipsum dol sDuis aute irure"
      text run at (136,34) width 464 RTL override: "dolor in reprehenderit in voluptate velit esse cillum dolore eu fugiat nullat "
layer at (134,59) size 50x50
  RenderBlock (positioned) {DIV} at (83,2) size 50x50
