layer at (0,0) size 800x600
  RenderView at (0,0) size 800x600
layer at (0,0) size 800x600
  RenderBlock {HTML} at (0,0) size 800x600
    RenderBody {BODY} at (8,8) size 784x584
      RenderBlock {P} at (0,0) size 784x34
        RenderText {#text} at (0,0) size 664x17
          text run at (0,0) width 664: "The black outline box should be a 50px by 50px square with its bottom right corner anchored to the right "
        RenderInline {SPAN} at (0,0) size 43x17 [color=#FFA500]
          RenderText {#text} at (664,0) size 43x17
            text run at (664,0) width 43: "orange"
        RenderText {#text} at (707,0) size 772x34
          text run at (707,0) width 65: " border on"
          text run at (0,17) width 83: "the third line."
      RenderBlock {DIV} at (0,50) size 600x68
        RenderText {#text} at (0,0) size 186x17
          text run at (0,0) width 186: "ILorem ipsum dolor sit amet, "
        RenderText {#text} at (504,34) size 593x34
          text run at (504,34) width 89: "duis aute irure"
          text run at (0,51) width 249: "dolor in reprehenderit in voluptate velit."
layer at (8,58) size 597x53
  RenderInline (relative positioned) {SPAN} at (0,0) size 597x53 [bgcolor=#008000] [border: (1px solid #808080) (20px solid #FFA500) (1px solid #808080) (20px solid #0000FF)]
    RenderText {#text} at (226,0) size 557x34
      text run at (226,0) width 331: "con a pariatur. Excepteur sint occaecat cupidatat non"
      text run at (0,17) width 366: "proident, sunt in culp qui officia deserunt mollit animequs "
    RenderText {#text} at (366,17) size 597x34
      text run at (366,17) width 231: "ILOREM ipsum dol sDuis aute irure"
      text run at (0,34) width 464: "dolor in reprehenderit in voluptate velit esse cillum dolore eu fugiat nullat "
layer at (432,59) size 50x50
  RenderBlock (positioned) {DIV} at (228,2) size 50x50
