layer at (0,0) size 800x5732
  RenderView at (0,0) size 800x600
layer at (0,0) size 800x5732
  RenderBlock {HTML} at (0,0) size 800x5732
    RenderBody {BODY} at (8,8) size 784x5708
      RenderBlock (anonymous) at (0,0) size 784x20
        RenderText {#text} at (0,0) size 350x19
          text run at (0,0) width 350: "This tests font choices and metrics for the default font."
      RenderBlock {P} at (0,36) size 784x1880
        RenderText {#text} at (0,0) size 16x19
          text run at (0,0) width 16: "    "
        RenderBR {BR} at (16,15) size 0x0
        RenderText {#text} at (0,20) size 22x19
          text run at (0,20) width 22: "!!!!"
        RenderBR {BR} at (21,35) size 1x0
        RenderText {#text} at (0,40) size 27x19
          text run at (0,40) width 27: "\"\"\"\""
        RenderBR {BR} at (26,55) size 1x0
        RenderText {#text} at (0,60) size 32x19
          text run at (0,60) width 32: "####"
        RenderBR {BR} at (32,75) size 0x0
        RenderText {#text} at (0,80) size 32x19
          text run at (0,80) width 32: "$$$$"
        RenderBR {BR} at (32,95) size 0x0
        RenderText {#text} at (0,100) size 54x19
          text run at (0,100) width 54: "%%%%"
        RenderBR {BR} at (53,115) size 1x0
        RenderText {#text} at (0,120) size 50x19
          text run at (0,120) width 50: "&&&&"
        RenderBR {BR} at (49,135) size 1x0
        RenderText {#text} at (0,140) size 12x19
          text run at (0,140) width 12: "''''"
        RenderBR {BR} at (11,155) size 1x0
        RenderText {#text} at (0,160) size 22x19
          text run at (0,160) width 22: "(((("
        RenderBR {BR} at (21,175) size 1x0
        RenderText {#text} at (0,180) size 22x19
          text run at (0,180) width 22: "))))"
        RenderBR {BR} at (21,195) size 1x0
        RenderText {#text} at (0,200) size 32x19
          text run at (0,200) width 32: "****"
        RenderBR {BR} at (32,215) size 0x0
        RenderText {#text} at (0,220) size 37x19
          text run at (0,220) width 37: "++++"
        RenderBR {BR} at (36,235) size 1x0
        RenderText {#text} at (0,240) size 16x19
          text run at (0,240) width 16: ",,,,"
        RenderBR {BR} at (16,255) size 0x0
        RenderText {#text} at (0,260) size 22x19
          text run at (0,260) width 22: "----"
        RenderBR {BR} at (21,275) size 1x0
        RenderText {#text} at (0,280) size 16x19
          text run at (0,280) width 16: "...."
        RenderBR {BR} at (16,295) size 0x0
        RenderText {#text} at (0,300) size 18x19
          text run at (0,300) width 18: "////"
        RenderBR {BR} at (17,315) size 1x0
        RenderText {#text} at (0,320) size 32x19
          text run at (0,320) width 32: "0000"
        RenderBR {BR} at (32,335) size 0x0
        RenderText {#text} at (0,340) size 31x19
          text run at (0,340) width 31: "1111"
        RenderBR {BR} at (30,355) size 1x0
        RenderText {#text} at (0,360) size 32x19
          text run at (0,360) width 32: "2222"
        RenderBR {BR} at (32,375) size 0x0
        RenderText {#text} at (0,380) size 32x19
          text run at (0,380) width 32: "3333"
        RenderBR {BR} at (32,395) size 0x0
        RenderText {#text} at (0,400) size 32x19
          text run at (0,400) width 32: "4444"
        RenderBR {BR} at (32,415) size 0x0
        RenderText {#text} at (0,420) size 32x19
          text run at (0,420) width 32: "5555"
        RenderBR {BR} at (32,435) size 0x0
        RenderText {#text} at (0,440) size 32x19
          text run at (0,440) width 32: "6666"
        RenderBR {BR} at (32,455) size 0x0
        RenderText {#text} at (0,460) size 32x19
          text run at (0,460) width 32: "7777"
        RenderBR {BR} at (32,475) size 0x0
        RenderText {#text} at (0,480) size 32x19
          text run at (0,480) width 32: "8888"
        RenderBR {BR} at (32,495) size 0x0
        RenderText {#text} at (0,500) size 32x19
          text run at (0,500) width 32: "9999"
        RenderBR {BR} at (32,515) size 0x0
        RenderText {#text} at (0,520) size 18x19
          text run at (0,520) width 18: "::::"
        RenderBR {BR} at (17,535) size 1x0
        RenderText {#text} at (0,540) size 18x19
          text run at (0,540) width 18: ";;;;"
        RenderBR {BR} at (17,555) size 1x0
        RenderText {#text} at (0,560) size 37x19
          text run at (0,560) width 37: "<<<<"
        RenderBR {BR} at (36,575) size 1x0
        RenderText {#text} at (0,580) size 37x19
          text run at (0,580) width 37: "===="
        RenderBR {BR} at (36,595) size 1x0
        RenderText {#text} at (0,600) size 37x19
          text run at (0,600) width 37: ">>>>"
        RenderBR {BR} at (36,615) size 1x0
        RenderText {#text} at (0,620) size 29x19
          text run at (0,620) width 29: "????"
        RenderBR {BR} at (28,635) size 1x0
        RenderText {#text} at (0,640) size 59x19
          text run at (0,640) width 59: "@@@@"
        RenderBR {BR} at (58,655) size 1x0
        RenderText {#text} at (0,660) size 47x19
          text run at (0,660) width 47: "AAAA"
        RenderBR {BR} at (46,675) size 1x0
        RenderText {#text} at (0,680) size 43x19
          text run at (0,680) width 43: "BBBB"
        RenderBR {BR} at (42,695) size 1x0
        RenderText {#text} at (0,700) size 43x19
          text run at (0,700) width 43: "CCCC"
        RenderBR {BR} at (42,715) size 1x0
        RenderText {#text} at (0,720) size 47x19
          text run at (0,720) width 47: "DDDD"
        RenderBR {BR} at (46,735) size 1x0
        RenderText {#text} at (0,740) size 40x19
          text run at (0,740) width 40: "EEEE"
        RenderBR {BR} at (39,755) size 1x0
        RenderText {#text} at (0,760) size 36x19
          text run at (0,760) width 36: "FFFF"
        RenderBR {BR} at (35,775) size 1x0
        RenderText {#text} at (0,780) size 47x19
          text run at (0,780) width 47: "GGGG"
        RenderBR {BR} at (46,795) size 1x0
        RenderText {#text} at (0,800) size 47x19
          text run at (0,800) width 47: "HHHH"
        RenderBR {BR} at (46,815) size 1x0
        RenderText {#text} at (0,820) size 22x19
          text run at (0,820) width 22: "IIII"
        RenderBR {BR} at (21,835) size 1x0
        RenderText {#text} at (0,840) size 25x19
          text run at (0,840) width 25: "JJJJ"
        RenderBR {BR} at (24,855) size 1x0
        RenderText {#text} at (0,860) size 47x19
          text run at (0,860) width 47: "KKKK"
        RenderBR {BR} at (46,875) size 1x0
        RenderText {#text} at (0,880) size 40x19
          text run at (0,880) width 40: "LLLL"
        RenderBR {BR} at (39,895) size 1x0
        RenderText {#text} at (0,900) size 57x19
          text run at (0,900) width 57: "MMMM"
        RenderBR {BR} at (56,915) size 1x0
        RenderText {#text} at (0,920) size 47x19
          text run at (0,920) width 47: "NNNN"
        RenderBR {BR} at (46,935) size 1x0
        RenderText {#text} at (0,940) size 47x19
          text run at (0,940) width 47: "OOOO"
        RenderBR {BR} at (46,955) size 1x0
        RenderText {#text} at (0,960) size 36x19
          text run at (0,960) width 36: "PPPP"
        RenderBR {BR} at (35,975) size 1x0
        RenderText {#text} at (0,980) size 47x19
          text run at (0,980) width 47: "QQQQ"
        RenderBR {BR} at (46,995) size 1x0
        RenderText {#text} at (0,1000) size 43x19
          text run at (0,1000) width 43: "RRRR"
        RenderBR {BR} at (42,1015) size 1x0
        RenderText {#text} at (0,1020) size 36x19
          text run at (0,1020) width 36: "SSSS"
        RenderBR {BR} at (35,1035) size 1x0
        RenderText {#text} at (0,1040) size 40x19
          text run at (0,1040) width 40: "TTTT"
        RenderBR {BR} at (39,1055) size 1x0
        RenderText {#text} at (0,1060) size 47x19
          text run at (0,1060) width 47: "UUUU"
        RenderBR {BR} at (46,1075) size 1x0
        RenderText {#text} at (0,1080) size 47x19
          text run at (0,1080) width 47: "VVVV"
        RenderBR {BR} at (46,1095) size 1x0
        RenderText {#text} at (0,1100) size 61x19
          text run at (0,1100) width 61: "WWWW"
        RenderBR {BR} at (60,1115) size 1x0
        RenderText {#text} at (0,1120) size 47x19
          text run at (0,1120) width 47: "XXXX"
        RenderBR {BR} at (46,1135) size 1x0
        RenderText {#text} at (0,1140) size 47x19
          text run at (0,1140) width 47: "YYYY"
        RenderBR {BR} at (46,1155) size 1x0
        RenderText {#text} at (0,1160) size 40x19
          text run at (0,1160) width 40: "ZZZZ"
        RenderBR {BR} at (39,1175) size 1x0
        RenderText {#text} at (0,1180) size 22x19
          text run at (0,1180) width 22: "[[[["
        RenderBR {BR} at (21,1195) size 1x0
        RenderText {#text} at (0,1200) size 18x19
          text run at (0,1200) width 18: "\\\\\\\\"
        RenderBR {BR} at (17,1215) size 1x0
        RenderText {#text} at (0,1220) size 22x19
          text run at (0,1220) width 22: "]]]]"
        RenderBR {BR} at (21,1235) size 1x0
        RenderText {#text} at (0,1240) size 31x19
          text run at (0,1240) width 31: "^^^^"
        RenderBR {BR} at (30,1255) size 1x0
        RenderText {#text} at (0,1260) size 32x19
          text run at (0,1260) width 32: "____"
        RenderBR {BR} at (32,1275) size 0x0
        RenderText {#text} at (0,1280) size 22x19
          text run at (0,1280) width 22: "````"
        RenderBR {BR} at (21,1295) size 1x0
        RenderText {#text} at (0,1300) size 29x19
          text run at (0,1300) width 29: "aaaa"
        RenderBR {BR} at (28,1315) size 1x0
        RenderText {#text} at (0,1320) size 32x19
          text run at (0,1320) width 32: "bbbb"
        RenderBR {BR} at (32,1335) size 0x0
        RenderText {#text} at (0,1340) size 29x19
          text run at (0,1340) width 29: "cccc"
        RenderBR {BR} at (28,1355) size 1x0
        RenderText {#text} at (0,1360) size 32x19
          text run at (0,1360) width 32: "dddd"
        RenderBR {BR} at (32,1375) size 0x0
        RenderText {#text} at (0,1380) size 29x19
          text run at (0,1380) width 29: "eeee"
        RenderBR {BR} at (28,1395) size 1x0
        RenderText {#text} at (0,1400) size 21x19
          text run at (0,1400) width 21: "ffff"
        RenderBR {BR} at (20,1415) size 1x0
        RenderText {#text} at (0,1420) size 32x19
          text run at (0,1420) width 32: "gggg"
        RenderBR {BR} at (32,1435) size 0x0
        RenderText {#text} at (0,1440) size 32x19
          text run at (0,1440) width 32: "hhhh"
        RenderBR {BR} at (32,1455) size 0x0
        RenderText {#text} at (0,1460) size 18x19
          text run at (0,1460) width 18: "iiii"
        RenderBR {BR} at (17,1475) size 1x0
        RenderText {#text} at (0,1480) size 18x19
          text run at (0,1480) width 18: "jjjj"
        RenderBR {BR} at (17,1495) size 1x0
        RenderText {#text} at (0,1500) size 32x19
          text run at (0,1500) width 32: "kkkk"
        RenderBR {BR} at (32,1515) size 0x0
        RenderText {#text} at (0,1520) size 18x19
          text run at (0,1520) width 18: "llll"
        RenderBR {BR} at (17,1535) size 1x0
        RenderText {#text} at (0,1540) size 50x19
          text run at (0,1540) width 50: "mmmm"
        RenderBR {BR} at (49,1555) size 1x0
        RenderText {#text} at (0,1560) size 32x19
          text run at (0,1560) width 32: "nnnn"
        RenderBR {BR} at (32,1575) size 0x0
        RenderText {#text} at (0,1580) size 32x19
          text run at (0,1580) width 32: "oooo"
        RenderBR {BR} at (32,1595) size 0x0
        RenderText {#text} at (0,1600) size 32x19
          text run at (0,1600) width 32: "pppp"
        RenderBR {BR} at (32,1615) size 0x0
        RenderText {#text} at (0,1620) size 32x19
          text run at (0,1620) width 32: "qqqq"
        RenderBR {BR} at (32,1635) size 0x0
        RenderText {#text} at (0,1640) size 22x19
          text run at (0,1640) width 22: "rrrr"
        RenderBR {BR} at (21,1655) size 1x0
        RenderText {#text} at (0,1660) size 25x19
          text run at (0,1660) width 25: "ssss"
        RenderBR {BR} at (24,1675) size 1x0
        RenderText {#text} at (0,1680) size 18x19
          text run at (0,1680) width 18: "tttt"
        RenderBR {BR} at (17,1695) size 1x0
        RenderText {#text} at (0,1700) size 32x19
          text run at (0,1700) width 32: "uuuu"
        RenderBR {BR} at (32,1715) size 0x0
        RenderText {#text} at (0,1720) size 32x19
          text run at (0,1720) width 32: "vvvv"
        RenderBR {BR} at (32,1735) size 0x0
        RenderText {#text} at (0,1740) size 47x19
          text run at (0,1740) width 47: "wwww"
        RenderBR {BR} at (46,1755) size 1x0
        RenderText {#text} at (0,1760) size 32x19
          text run at (0,1760) width 32: "xxxx"
        RenderBR {BR} at (32,1775) size 0x0
        RenderText {#text} at (0,1780) size 32x19
          text run at (0,1780) width 32: "yyyy"
        RenderBR {BR} at (32,1795) size 0x0
        RenderText {#text} at (0,1800) size 29x19
          text run at (0,1800) width 29: "zzzz"
        RenderBR {BR} at (28,1815) size 1x0
        RenderText {#text} at (0,1820) size 31x19
          text run at (0,1820) width 31: "{{{{"
        RenderBR {BR} at (30,1835) size 1x0
        RenderText {#text} at (0,1840) size 13x19
          text run at (0,1840) width 13: "||||"
        RenderBR {BR} at (12,1855) size 1x0
        RenderText {#text} at (0,1860) size 31x19
          text run at (0,1860) width 31: "}}}}"
        RenderBR {BR} at (30,1875) size 1x0
      RenderBlock {P} at (0,1932) size 784x1880
        RenderInline {B} at (0,0) size 64x1879
          RenderText {#text} at (0,0) size 16x19
            text run at (0,0) width 16: "    "
          RenderBR {BR} at (16,15) size 0x0
          RenderText {#text} at (0,20) size 22x19
            text run at (0,20) width 22: "!!!!"
          RenderBR {BR} at (21,35) size 1x0
          RenderText {#text} at (0,40) size 36x19
            text run at (0,40) width 36: "\"\"\"\""
          RenderBR {BR} at (35,55) size 1x0
          RenderText {#text} at (0,60) size 32x19
            text run at (0,60) width 32: "####"
          RenderBR {BR} at (32,75) size 0x0
          RenderText {#text} at (0,80) size 32x19
            text run at (0,80) width 32: "$$$$"
          RenderBR {BR} at (32,95) size 0x0
          RenderText {#text} at (0,100) size 64x19
            text run at (0,100) width 64: "%%%%"
          RenderBR {BR} at (64,115) size 0x0
          RenderText {#text} at (0,120) size 54x19
            text run at (0,120) width 54: "&&&&"
          RenderBR {BR} at (53,135) size 1x0
          RenderText {#text} at (0,140) size 18x19
            text run at (0,140) width 18: "''''"
          RenderBR {BR} at (17,155) size 1x0
          RenderText {#text} at (0,160) size 22x19
            text run at (0,160) width 22: "(((("
          RenderBR {BR} at (21,175) size 1x0
          RenderText {#text} at (0,180) size 22x19
            text run at (0,180) width 22: "))))"
          RenderBR {BR} at (21,195) size 1x0
          RenderText {#text} at (0,200) size 32x19
            text run at (0,200) width 32: "****"
          RenderBR {BR} at (32,215) size 0x0
          RenderText {#text} at (0,220) size 37x19
            text run at (0,220) width 37: "++++"
          RenderBR {BR} at (36,235) size 1x0
          RenderText {#text} at (0,240) size 16x19
            text run at (0,240) width 16: ",,,,"
          RenderBR {BR} at (16,255) size 0x0
          RenderText {#text} at (0,260) size 22x19
            text run at (0,260) width 22: "----"
          RenderBR {BR} at (21,275) size 1x0
          RenderText {#text} at (0,280) size 16x19
            text run at (0,280) width 16: "...."
          RenderBR {BR} at (16,295) size 0x0
          RenderText {#text} at (0,300) size 18x19
            text run at (0,300) width 18: "////"
          RenderBR {BR} at (17,315) size 1x0
          RenderText {#text} at (0,320) size 32x19
            text run at (0,320) width 32: "0000"
          RenderBR {BR} at (32,335) size 0x0
          RenderText {#text} at (0,340) size 30x19
            text run at (0,340) width 30: "1111"
          RenderBR {BR} at (29,355) size 1x0
          RenderText {#text} at (0,360) size 32x19
            text run at (0,360) width 32: "2222"
          RenderBR {BR} at (32,375) size 0x0
          RenderText {#text} at (0,380) size 32x19
            text run at (0,380) width 32: "3333"
          RenderBR {BR} at (32,395) size 0x0
          RenderText {#text} at (0,400) size 32x19
            text run at (0,400) width 32: "4444"
          RenderBR {BR} at (32,415) size 0x0
          RenderText {#text} at (0,420) size 32x19
            text run at (0,420) width 32: "5555"
          RenderBR {BR} at (32,435) size 0x0
          RenderText {#text} at (0,440) size 32x19
            text run at (0,440) width 32: "6666"
          RenderBR {BR} at (32,455) size 0x0
          RenderText {#text} at (0,460) size 32x19
            text run at (0,460) width 32: "7777"
          RenderBR {BR} at (32,475) size 0x0
          RenderText {#text} at (0,480) size 32x19
            text run at (0,480) width 32: "8888"
          RenderBR {BR} at (32,495) size 0x0
          RenderText {#text} at (0,500) size 32x19
            text run at (0,500) width 32: "9999"
          RenderBR {BR} at (32,515) size 0x0
          RenderText {#text} at (0,520) size 22x19
            text run at (0,520) width 22: "::::"
          RenderBR {BR} at (21,535) size 1x0
          RenderText {#text} at (0,540) size 22x19
            text run at (0,540) width 22: ";;;;"
          RenderBR {BR} at (21,555) size 1x0
          RenderText {#text} at (0,560) size 37x19
            text run at (0,560) width 37: "<<<<"
          RenderBR {BR} at (36,575) size 1x0
          RenderText {#text} at (0,580) size 37x19
            text run at (0,580) width 37: "===="
          RenderBR {BR} at (36,595) size 1x0
          RenderText {#text} at (0,600) size 37x19
            text run at (0,600) width 37: ">>>>"
          RenderBR {BR} at (36,615) size 1x0
          RenderText {#text} at (0,620) size 32x19
            text run at (0,620) width 32: "????"
          RenderBR {BR} at (32,635) size 0x0
          RenderText {#text} at (0,640) size 60x19
            text run at (0,640) width 60: "@@@@"
          RenderBR {BR} at (59,655) size 1x0
          RenderText {#text} at (0,660) size 47x19
            text run at (0,660) width 47: "AAAA"
          RenderBR {BR} at (46,675) size 1x0
          RenderText {#text} at (0,680) size 43x19
            text run at (0,680) width 43: "BBBB"
          RenderBR {BR} at (42,695) size 1x0
          RenderText {#text} at (0,700) size 47x19
            text run at (0,700) width 47: "CCCC"
          RenderBR {BR} at (46,715) size 1x0
          RenderText {#text} at (0,720) size 47x19
            text run at (0,720) width 47: "DDDD"
          RenderBR {BR} at (46,735) size 1x0
          RenderText {#text} at (0,740) size 43x19
            text run at (0,740) width 43: "EEEE"
          RenderBR {BR} at (42,755) size 1x0
          RenderText {#text} at (0,760) size 40x19
            text run at (0,760) width 40: "FFFF"
          RenderBR {BR} at (39,775) size 1x0
          RenderText {#text} at (0,780) size 50x19
            text run at (0,780) width 50: "GGGG"
          RenderBR {BR} at (49,795) size 1x0
          RenderText {#text} at (0,800) size 50x19
            text run at (0,800) width 50: "HHHH"
          RenderBR {BR} at (49,815) size 1x0
          RenderText {#text} at (0,820) size 25x19
            text run at (0,820) width 25: "IIII"
          RenderBR {BR} at (24,835) size 1x0
          RenderText {#text} at (0,840) size 32x19
            text run at (0,840) width 32: "JJJJ"
          RenderBR {BR} at (32,855) size 0x0
          RenderText {#text} at (0,860) size 50x19
            text run at (0,860) width 50: "KKKK"
          RenderBR {BR} at (49,875) size 1x0
          RenderText {#text} at (0,880) size 43x19
            text run at (0,880) width 43: "LLLL"
          RenderBR {BR} at (42,895) size 1x0
          RenderText {#text} at (0,900) size 61x19
            text run at (0,900) width 61: "MMMM"
          RenderBR {BR} at (60,915) size 1x0
          RenderText {#text} at (0,920) size 47x19
            text run at (0,920) width 47: "NNNN"
          RenderBR {BR} at (46,935) size 1x0
          RenderText {#text} at (0,940) size 50x19
            text run at (0,940) width 50: "OOOO"
          RenderBR {BR} at (49,955) size 1x0
          RenderText {#text} at (0,960) size 40x19
            text run at (0,960) width 40: "PPPP"
          RenderBR {BR} at (39,975) size 1x0
          RenderText {#text} at (0,980) size 50x19
            text run at (0,980) width 50: "QQQQ"
          RenderBR {BR} at (49,995) size 1x0
          RenderText {#text} at (0,1000) size 47x19
            text run at (0,1000) width 47: "RRRR"
          RenderBR {BR} at (46,1015) size 1x0
          RenderText {#text} at (0,1020) size 36x19
            text run at (0,1020) width 36: "SSSS"
          RenderBR {BR} at (35,1035) size 1x0
          RenderText {#text} at (0,1040) size 43x19
            text run at (0,1040) width 43: "TTTT"
          RenderBR {BR} at (42,1055) size 1x0
          RenderText {#text} at (0,1060) size 47x19
            text run at (0,1060) width 47: "UUUU"
          RenderBR {BR} at (46,1075) size 1x0
          RenderText {#text} at (0,1080) size 47x19
            text run at (0,1080) width 47: "VVVV"
          RenderBR {BR} at (46,1095) size 1x0
          RenderText {#text} at (0,1100) size 64x19
            text run at (0,1100) width 64: "WWWW"
          RenderBR {BR} at (64,1115) size 0x0
          RenderText {#text} at (0,1120) size 47x19
            text run at (0,1120) width 47: "XXXX"
          RenderBR {BR} at (46,1135) size 1x0
          RenderText {#text} at (0,1140) size 47x19
            text run at (0,1140) width 47: "YYYY"
          RenderBR {BR} at (46,1155) size 1x0
          RenderText {#text} at (0,1160) size 43x19
            text run at (0,1160) width 43: "ZZZZ"
          RenderBR {BR} at (42,1175) size 1x0
          RenderText {#text} at (0,1180) size 22x19
            text run at (0,1180) width 22: "[[[["
          RenderBR {BR} at (21,1195) size 1x0
          RenderText {#text} at (0,1200) size 18x19
            text run at (0,1200) width 18: "\\\\\\\\"
          RenderBR {BR} at (17,1215) size 1x0
          RenderText {#text} at (0,1220) size 22x19
            text run at (0,1220) width 22: "]]]]"
          RenderBR {BR} at (21,1235) size 1x0
          RenderText {#text} at (0,1240) size 38x19
            text run at (0,1240) width 38: "^^^^"
          RenderBR {BR} at (37,1255) size 1x0
          RenderText {#text} at (0,1260) size 32x19
            text run at (0,1260) width 32: "____"
          RenderBR {BR} at (32,1275) size 0x0
          RenderText {#text} at (0,1280) size 22x19
            text run at (0,1280) width 22: "````"
          RenderBR {BR} at (21,1295) size 1x0
          RenderText {#text} at (0,1300) size 32x19
            text run at (0,1300) width 32: "aaaa"
          RenderBR {BR} at (32,1315) size 0x0
          RenderText {#text} at (0,1320) size 36x19
            text run at (0,1320) width 36: "bbbb"
          RenderBR {BR} at (35,1335) size 1x0
          RenderText {#text} at (0,1340) size 29x19
            text run at (0,1340) width 29: "cccc"
          RenderBR {BR} at (28,1355) size 1x0
          RenderText {#text} at (0,1360) size 36x19
            text run at (0,1360) width 36: "dddd"
          RenderBR {BR} at (35,1375) size 1x0
          RenderText {#text} at (0,1380) size 29x19
            text run at (0,1380) width 29: "eeee"
          RenderBR {BR} at (28,1395) size 1x0
          RenderText {#text} at (0,1400) size 22x19
            text run at (0,1400) width 22: "ffff"
          RenderBR {BR} at (21,1415) size 1x0
          RenderText {#text} at (0,1420) size 32x19
            text run at (0,1420) width 32: "gggg"
          RenderBR {BR} at (32,1435) size 0x0
          RenderText {#text} at (0,1440) size 36x19
            text run at (0,1440) width 36: "hhhh"
          RenderBR {BR} at (35,1455) size 1x0
          RenderText {#text} at (0,1460) size 18x19
            text run at (0,1460) width 18: "iiii"
          RenderBR {BR} at (17,1475) size 1x0
          RenderText {#text} at (0,1480) size 22x19
            text run at (0,1480) width 22: "jjjj"
          RenderBR {BR} at (21,1495) size 1x0
          RenderText {#text} at (0,1500) size 36x19
            text run at (0,1500) width 36: "kkkk"
          RenderBR {BR} at (35,1515) size 1x0
          RenderText {#text} at (0,1520) size 18x19
            text run at (0,1520) width 18: "llll"
          RenderBR {BR} at (17,1535) size 1x0
          RenderText {#text} at (0,1540) size 54x19
            text run at (0,1540) width 54: "mmmm"
          RenderBR {BR} at (53,1555) size 1x0
          RenderText {#text} at (0,1560) size 36x19
            text run at (0,1560) width 36: "nnnn"
          RenderBR {BR} at (35,1575) size 1x0
          RenderText {#text} at (0,1580) size 32x19
            text run at (0,1580) width 32: "oooo"
          RenderBR {BR} at (32,1595) size 0x0
          RenderText {#text} at (0,1600) size 36x19
            text run at (0,1600) width 36: "pppp"
          RenderBR {BR} at (35,1615) size 1x0
          RenderText {#text} at (0,1620) size 36x19
            text run at (0,1620) width 36: "qqqq"
          RenderBR {BR} at (35,1635) size 1x0
          RenderText {#text} at (0,1640) size 29x19
            text run at (0,1640) width 29: "rrrr"
          RenderBR {BR} at (28,1655) size 1x0
          RenderText {#text} at (0,1660) size 25x19
            text run at (0,1660) width 25: "ssss"
          RenderBR {BR} at (24,1675) size 1x0
          RenderText {#text} at (0,1680) size 22x19
            text run at (0,1680) width 22: "tttt"
          RenderBR {BR} at (21,1695) size 1x0
          RenderText {#text} at (0,1700) size 36x19
            text run at (0,1700) width 36: "uuuu"
          RenderBR {BR} at (35,1715) size 1x0
          RenderText {#text} at (0,1720) size 32x19
            text run at (0,1720) width 32: "vvvv"
          RenderBR {BR} at (32,1735) size 0x0
          RenderText {#text} at (0,1740) size 47x19
            text run at (0,1740) width 47: "wwww"
          RenderBR {BR} at (46,1755) size 1x0
          RenderText {#text} at (0,1760) size 32x19
            text run at (0,1760) width 32: "xxxx"
          RenderBR {BR} at (32,1775) size 0x0
          RenderText {#text} at (0,1780) size 32x19
            text run at (0,1780) width 32: "yyyy"
          RenderBR {BR} at (32,1795) size 0x0
          RenderText {#text} at (0,1800) size 29x19
            text run at (0,1800) width 29: "zzzz"
          RenderBR {BR} at (28,1815) size 1x0
          RenderText {#text} at (0,1820) size 26x19
            text run at (0,1820) width 26: "{{{{"
          RenderBR {BR} at (25,1835) size 1x0
          RenderText {#text} at (0,1840) size 15x19
            text run at (0,1840) width 15: "||||"
          RenderBR {BR} at (14,1855) size 1x0
          RenderText {#text} at (0,1860) size 26x19
            text run at (0,1860) width 26: "}}}}"
          RenderBR {BR} at (25,1875) size 1x0
        RenderText {#text} at (0,0) size 0x0
      RenderBlock {P} at (0,3828) size 784x1880
        RenderInline {I} at (0,0) size 59x1879
          RenderText {#text} at (0,0) size 16x19
            text run at (0,0) width 16: "    "
          RenderBR {BR} at (16,15) size 0x0
          RenderText {#text} at (0,20) size 22x19
            text run at (0,20) width 22: "!!!!"
          RenderBR {BR} at (21,35) size 1x0
          RenderText {#text} at (0,40) size 27x19
            text run at (0,40) width 27: "\"\"\"\""
          RenderBR {BR} at (26,55) size 1x0
          RenderText {#text} at (0,60) size 32x19
            text run at (0,60) width 32: "####"
          RenderBR {BR} at (32,75) size 0x0
          RenderText {#text} at (0,80) size 32x19
            text run at (0,80) width 32: "$$$$"
          RenderBR {BR} at (32,95) size 0x0
          RenderText {#text} at (0,100) size 54x19
            text run at (0,100) width 54: "%%%%"
          RenderBR {BR} at (53,115) size 1x0
          RenderText {#text} at (0,120) size 50x19
            text run at (0,120) width 50: "&&&&"
          RenderBR {BR} at (49,135) size 1x0
          RenderText {#text} at (0,140) size 14x19
            text run at (0,140) width 14: "''''"
          RenderBR {BR} at (13,155) size 1x0
          RenderText {#text} at (0,160) size 22x19
            text run at (0,160) width 22: "(((("
          RenderBR {BR} at (21,175) size 1x0
          RenderText {#text} at (0,180) size 22x19
            text run at (0,180) width 22: "))))"
          RenderBR {BR} at (21,195) size 1x0
          RenderText {#text} at (0,200) size 32x19
            text run at (0,200) width 32: "****"
          RenderBR {BR} at (32,215) size 0x0
          RenderText {#text} at (0,220) size 44x19
            text run at (0,220) width 44: "++++"
          RenderBR {BR} at (43,235) size 1x0
          RenderText {#text} at (0,240) size 16x19
            text run at (0,240) width 16: ",,,,"
          RenderBR {BR} at (16,255) size 0x0
          RenderText {#text} at (0,260) size 22x19
            text run at (0,260) width 22: "----"
          RenderBR {BR} at (21,275) size 1x0
          RenderText {#text} at (0,280) size 16x19
            text run at (0,280) width 16: "...."
          RenderBR {BR} at (16,295) size 0x0
          RenderText {#text} at (0,300) size 18x19
            text run at (0,300) width 18: "////"
          RenderBR {BR} at (17,315) size 1x0
          RenderText {#text} at (0,320) size 32x19
            text run at (0,320) width 32: "0000"
          RenderBR {BR} at (32,335) size 0x0
          RenderText {#text} at (0,340) size 29x19
            text run at (0,340) width 29: "1111"
          RenderBR {BR} at (28,355) size 1x0
          RenderText {#text} at (0,360) size 32x19
            text run at (0,360) width 32: "2222"
          RenderBR {BR} at (32,375) size 0x0
          RenderText {#text} at (0,380) size 32x19
            text run at (0,380) width 32: "3333"
          RenderBR {BR} at (32,395) size 0x0
          RenderText {#text} at (0,400) size 32x19
            text run at (0,400) width 32: "4444"
          RenderBR {BR} at (32,415) size 0x0
          RenderText {#text} at (0,420) size 32x19
            text run at (0,420) width 32: "5555"
          RenderBR {BR} at (32,435) size 0x0
          RenderText {#text} at (0,440) size 32x19
            text run at (0,440) width 32: "6666"
          RenderBR {BR} at (32,455) size 0x0
          RenderText {#text} at (0,460) size 32x19
            text run at (0,460) width 32: "7777"
          RenderBR {BR} at (32,475) size 0x0
          RenderText {#text} at (0,480) size 32x19
            text run at (0,480) width 32: "8888"
          RenderBR {BR} at (32,495) size 0x0
          RenderText {#text} at (0,500) size 32x19
            text run at (0,500) width 32: "9999"
          RenderBR {BR} at (32,515) size 0x0
          RenderText {#text} at (0,520) size 22x19
            text run at (0,520) width 22: "::::"
          RenderBR {BR} at (21,535) size 1x0
          RenderText {#text} at (0,540) size 22x19
            text run at (0,540) width 22: ";;;;"
          RenderBR {BR} at (21,555) size 1x0
          RenderText {#text} at (0,560) size 44x19
            text run at (0,560) width 44: "<<<<"
          RenderBR {BR} at (43,575) size 1x0
          RenderText {#text} at (0,580) size 44x19
            text run at (0,580) width 44: "===="
          RenderBR {BR} at (43,595) size 1x0
          RenderText {#text} at (0,600) size 44x19
            text run at (0,600) width 44: ">>>>"
          RenderBR {BR} at (43,615) size 1x0
          RenderText {#text} at (0,620) size 32x19
            text run at (0,620) width 32: "????"
          RenderBR {BR} at (32,635) size 0x0
          RenderText {#text} at (0,640) size 59x19
            text run at (0,640) width 59: "@@@@"
          RenderBR {BR} at (58,655) size 1x0
          RenderText {#text} at (0,660) size 40x19
            text run at (0,660) width 40: "AAAA"
          RenderBR {BR} at (39,675) size 1x0
          RenderText {#text} at (0,680) size 40x19
            text run at (0,680) width 40: "BBBB"
          RenderBR {BR} at (39,695) size 1x0
          RenderText {#text} at (0,700) size 43x19
            text run at (0,700) width 43: "CCCC"
          RenderBR {BR} at (42,715) size 1x0
          RenderText {#text} at (0,720) size 47x19
            text run at (0,720) width 47: "DDDD"
          RenderBR {BR} at (46,735) size 1x0
          RenderText {#text} at (0,740) size 40x19
            text run at (0,740) width 40: "EEEE"
          RenderBR {BR} at (39,755) size 1x0
          RenderText {#text} at (0,760) size 40x19
            text run at (0,760) width 40: "FFFF"
          RenderBR {BR} at (39,775) size 1x0
          RenderText {#text} at (0,780) size 47x19
            text run at (0,780) width 47: "GGGG"
          RenderBR {BR} at (46,795) size 1x0
          RenderText {#text} at (0,800) size 47x19
            text run at (0,800) width 47: "HHHH"
          RenderBR {BR} at (46,815) size 1x0
          RenderText {#text} at (0,820) size 22x19
            text run at (0,820) width 22: "IIII"
          RenderBR {BR} at (21,835) size 1x0
          RenderText {#text} at (0,840) size 29x19
            text run at (0,840) width 29: "JJJJ"
          RenderBR {BR} at (28,855) size 1x0
          RenderText {#text} at (0,860) size 43x19
            text run at (0,860) width 43: "KKKK"
          RenderBR {BR} at (42,875) size 1x0
          RenderText {#text} at (0,880) size 36x19
            text run at (0,880) width 36: "LLLL"
          RenderBR {BR} at (35,895) size 1x0
          RenderText {#text} at (0,900) size 54x19
            text run at (0,900) width 54: "MMMM"
          RenderBR {BR} at (53,915) size 1x0
          RenderText {#text} at (0,920) size 43x19
            text run at (0,920) width 43: "NNNN"
          RenderBR {BR} at (42,935) size 1x0
          RenderText {#text} at (0,940) size 47x19
            text run at (0,940) width 47: "OOOO"
          RenderBR {BR} at (46,955) size 1x0
          RenderText {#text} at (0,960) size 40x19
            text run at (0,960) width 40: "PPPP"
          RenderBR {BR} at (39,975) size 1x0
          RenderText {#text} at (0,980) size 47x19
            text run at (0,980) width 47: "QQQQ"
          RenderBR {BR} at (46,995) size 1x0
          RenderText {#text} at (0,1000) size 40x19
            text run at (0,1000) width 40: "RRRR"
          RenderBR {BR} at (39,1015) size 1x0
          RenderText {#text} at (0,1020) size 32x19
            text run at (0,1020) width 32: "SSSS"
          RenderBR {BR} at (32,1035) size 0x0
          RenderText {#text} at (0,1040) size 36x19
            text run at (0,1040) width 36: "TTTT"
          RenderBR {BR} at (35,1055) size 1x0
          RenderText {#text} at (0,1060) size 47x19
            text run at (0,1060) width 47: "UUUU"
          RenderBR {BR} at (46,1075) size 1x0
          RenderText {#text} at (0,1080) size 40x19
            text run at (0,1080) width 40: "VVVV"
          RenderBR {BR} at (39,1095) size 1x0
          RenderText {#text} at (0,1100) size 54x19
            text run at (0,1100) width 54: "WWWW"
          RenderBR {BR} at (53,1115) size 1x0
          RenderText {#text} at (0,1120) size 40x19
            text run at (0,1120) width 40: "XXXX"
          RenderBR {BR} at (39,1135) size 1x0
          RenderText {#text} at (0,1140) size 36x19
            text run at (0,1140) width 36: "YYYY"
          RenderBR {BR} at (35,1155) size 1x0
          RenderText {#text} at (0,1160) size 36x19
            text run at (0,1160) width 36: "ZZZZ"
          RenderBR {BR} at (35,1175) size 1x0
          RenderText {#text} at (0,1180) size 25x19
            text run at (0,1180) width 25: "[[[["
          RenderBR {BR} at (24,1195) size 1x0
          RenderText {#text} at (0,1200) size 18x19
            text run at (0,1200) width 18: "\\\\\\\\"
          RenderBR {BR} at (17,1215) size 1x0
          RenderText {#text} at (0,1220) size 25x19
            text run at (0,1220) width 25: "]]]]"
          RenderBR {BR} at (24,1235) size 1x0
          RenderText {#text} at (0,1240) size 27x19
            text run at (0,1240) width 27: "^^^^"
          RenderBR {BR} at (27,1255) size 0x0
          RenderText {#text} at (0,1260) size 32x19
            text run at (0,1260) width 32: "____"
          RenderBR {BR} at (32,1275) size 0x0
          RenderText {#text} at (0,1280) size 22x19
            text run at (0,1280) width 22: "````"
          RenderBR {BR} at (21,1295) size 1x0
          RenderText {#text} at (0,1300) size 32x19
            text run at (0,1300) width 32: "aaaa"
          RenderBR {BR} at (32,1315) size 0x0
          RenderText {#text} at (0,1320) size 32x19
            text run at (0,1320) width 32: "bbbb"
          RenderBR {BR} at (32,1335) size 0x0
          RenderText {#text} at (0,1340) size 29x19
            text run at (0,1340) width 29: "cccc"
          RenderBR {BR} at (28,1355) size 1x0
          RenderText {#text} at (0,1360) size 32x19
            text run at (0,1360) width 32: "dddd"
          RenderBR {BR} at (32,1375) size 0x0
          RenderText {#text} at (0,1380) size 29x19
            text run at (0,1380) width 29: "eeee"
          RenderBR {BR} at (28,1395) size 1x0
          RenderText {#text} at (0,1400) size 18x19
            text run at (0,1400) width 18: "ffff"
          RenderBR {BR} at (17,1415) size 1x0
          RenderText {#text} at (0,1420) size 32x19
            text run at (0,1420) width 32: "gggg"
          RenderBR {BR} at (32,1435) size 0x0
          RenderText {#text} at (0,1440) size 32x19
            text run at (0,1440) width 32: "hhhh"
          RenderBR {BR} at (32,1455) size 0x0
          RenderText {#text} at (0,1460) size 18x19
            text run at (0,1460) width 18: "iiii"
          RenderBR {BR} at (17,1475) size 1x0
          RenderText {#text} at (0,1480) size 18x19
            text run at (0,1480) width 18: "jjjj"
          RenderBR {BR} at (17,1495) size 1x0
          RenderText {#text} at (0,1500) size 29x19
            text run at (0,1500) width 29: "kkkk"
          RenderBR {BR} at (28,1515) size 1x0
          RenderText {#text} at (0,1520) size 18x19
            text run at (0,1520) width 18: "llll"
          RenderBR {BR} at (17,1535) size 1x0
          RenderText {#text} at (0,1540) size 47x19
            text run at (0,1540) width 47: "mmmm"
          RenderBR {BR} at (46,1555) size 1x0
          RenderText {#text} at (0,1560) size 32x19
            text run at (0,1560) width 32: "nnnn"
          RenderBR {BR} at (32,1575) size 0x0
          RenderText {#text} at (0,1580) size 32x19
            text run at (0,1580) width 32: "oooo"
          RenderBR {BR} at (32,1595) size 0x0
          RenderText {#text} at (0,1600) size 32x19
            text run at (0,1600) width 32: "pppp"
          RenderBR {BR} at (32,1615) size 0x0
          RenderText {#text} at (0,1620) size 32x19
            text run at (0,1620) width 32: "qqqq"
          RenderBR {BR} at (32,1635) size 0x0
          RenderText {#text} at (0,1640) size 25x19
            text run at (0,1640) width 25: "rrrr"
          RenderBR {BR} at (24,1655) size 1x0
          RenderText {#text} at (0,1660) size 25x19
            text run at (0,1660) width 25: "ssss"
          RenderBR {BR} at (24,1675) size 1x0
          RenderText {#text} at (0,1680) size 18x19
            text run at (0,1680) width 18: "tttt"
          RenderBR {BR} at (17,1695) size 1x0
          RenderText {#text} at (0,1700) size 32x19
            text run at (0,1700) width 32: "uuuu"
          RenderBR {BR} at (32,1715) size 0x0
          RenderText {#text} at (0,1720) size 29x19
            text run at (0,1720) width 29: "vvvv"
          RenderBR {BR} at (28,1735) size 1x0
          RenderText {#text} at (0,1740) size 43x19
            text run at (0,1740) width 43: "wwww"
          RenderBR {BR} at (42,1755) size 1x0
          RenderText {#text} at (0,1760) size 29x19
            text run at (0,1760) width 29: "xxxx"
          RenderBR {BR} at (28,1775) size 1x0
          RenderText {#text} at (0,1780) size 29x19
            text run at (0,1780) width 29: "yyyy"
          RenderBR {BR} at (28,1795) size 1x0
          RenderText {#text} at (0,1800) size 25x19
            text run at (0,1800) width 25: "zzzz"
          RenderBR {BR} at (24,1815) size 1x0
          RenderText {#text} at (0,1820) size 26x19
            text run at (0,1820) width 26: "{{{{"
          RenderBR {BR} at (25,1835) size 1x0
          RenderText {#text} at (0,1840) size 18x19
            text run at (0,1840) width 18: "||||"
          RenderBR {BR} at (17,1855) size 1x0
          RenderText {#text} at (0,1860) size 26x19
            text run at (0,1860) width 26: "}}}}"
          RenderBR {BR} at (25,1875) size 1x0
        RenderText {#text} at (0,0) size 0x0
