layer at (0,0) size 800x600
  RenderView at (0,0) size 800x600
layer at (0,0) size 800x600
  RenderBlock {HTML} at (0,0) size 800x600
    RenderBody {BODY} at (8,8) size 784x584
      RenderBlock {FORM} at (0,0) size 784x23
        RenderMenuList {SELECT} at (2,3) size 94x18 [bgcolor=#FFFFFF]
          RenderBlock (anonymous) at (0,0) size 94x18
            RenderText at (8,2) size 62x13
              text run at (8,2) width 62: "append cell"
        RenderText {#text} at (98,2) size 53x18
          text run at (98,2) width 53: "   tbody "
        RenderTextControl {INPUT} at (152,2) size 40x19 [bgcolor=#FFFFFF] [border: (2px inset #000000)]
        RenderText {#text} at (193,2) size 41x18
          text run at (193,2) width 41: "   row "
        RenderTextControl {INPUT} at (235,2) size 40x19 [bgcolor=#FFFFFF] [border: (2px inset #000000)]
        RenderText {#text} at (276,2) size 37x18
          text run at (276,2) width 37: "   col "
        RenderTextControl {INPUT} at (314,2) size 39x19 [bgcolor=#FFFFFF] [border: (2px inset #000000)]
        RenderText {#text} at (354,2) size 75x18
          text run at (354,2) width 75: "   row span "
        RenderTextControl {INPUT} at (430,2) size 40x19 [bgcolor=#FFFFFF] [border: (2px inset #000000)]
        RenderText {#text} at (471,2) size 70x18
          text run at (471,2) width 70: "   col span "
        RenderTextControl {INPUT} at (542,2) size 39x19 [bgcolor=#FFFFFF] [border: (2px inset #000000)]
        RenderText {#text} at (582,2) size 21x18
          text run at (582,2) width 21: "     "
        RenderButton {INPUT} at (604,3) size 43x18 [bgcolor=#C0C0C0]
          RenderBlock (anonymous) at (8,2) size 26x13
            RenderText at (0,0) size 26x13
              text run at (0,0) width 26: "Do It"
        RenderText {#text} at (0,0) size 0x0
      RenderBlock (anonymous) at (0,39) size 784x18
        RenderBR {BR} at (0,0) size 0x18
      RenderTable {TABLE} at (0,57) size 63x52 [bgcolor=#FFA500] [border: (1px outset #808080)]
        RenderTableSection {TBODY} at (1,1) size 61x50
          RenderTableRow {TR} at (0,2) size 61x22
            RenderTableCell {TD} at (2,2) size 28x22 [border: (1px inset #808080)] [r=0 c=0 rs=1 cs=1]
              RenderText {#text} at (2,2) size 23x18
                text run at (2,2) width 23: "c11"
          RenderTableRow {TR} at (0,26) size 61x22
            RenderTableCell {TD} at (2,26) size 28x22 [border: (1px inset #808080)] [r=1 c=0 rs=1 cs=1]
              RenderText {#text} at (2,2) size 24x18
                text run at (2,2) width 24: "c21"
            RenderTableCell {TD} at (31,26) size 28x22 [border: (1px inset #808080)] [r=1 c=1 rs=1 cs=1]
              RenderText {#text} at (2,2) size 24x18
                text run at (2,2) width 24: "c22"
      RenderBlock (anonymous) at (0,109) size 784x18
        RenderBR {BR} at (0,0) size 0x18
layer at (163,13) size 33x13
  RenderBlock {DIV} at (3,3) size 33x13
    RenderText {#text} at (0,0) size 7x13
      text run at (0,0) width 7: "0"
layer at (247,13) size 33x13
  RenderBlock {DIV} at (3,3) size 33x13
    RenderText {#text} at (0,0) size 7x13
      text run at (0,0) width 7: "0"
layer at (325,13) size 33x13
  RenderBlock {DIV} at (3,3) size 33x13
    RenderText {#text} at (0,0) size 7x13
      text run at (0,0) width 7: "0"
layer at (442,13) size 33x13 backgroundClip at (442,13) size 32x13 clip at (442,13) size 32x13
  RenderBlock {DIV} at (3,3) size 33x13
    RenderText {#text} at (0,0) size 7x13
      text run at (0,0) width 7: "1"
layer at (553,13) size 33x13
  RenderBlock {DIV} at (3,3) size 33x13
    RenderText {#text} at (0,0) size 7x13
      text run at (0,0) width 7: "1"
