layer at (0,0) size 800x600
  RenderView at (0,0) size 800x600
layer at (0,0) size 800x128
  RenderBlock {test} at (0,0) size 800x128
    RenderBlock {div} at (0,0) size 800x112
      RenderBlock (anonymous) at (0,0) size 800x20
        RenderText {#text} at (0,0) size 192x19
          text run at (0,0) width 192: "This div contains 3 addresses:"
      RenderBlock {address} at (16,20) size 784x20 [bgcolor=#00FF00]
        RenderText {#text} at (0,0) size 334x19
          text run at (0,0) width 334: "A first address that should have a green background"
      RenderBlock {address} at (16,56) size 784x20
        RenderText {#text} at (0,0) size 273x19
          text run at (0,0) width 273: "A second address with normal background"
      RenderBlock {address} at (16,92) size 784x20
        RenderText {#text} at (0,0) size 259x19
          text run at (0,0) width 259: "A third address with normal background"
