layer at (0,0) size 800x600
  RenderView at (0,0) size 800x600
layer at (0,0) size 800x88
  RenderBlock {test} at (0,0) size 800x88
    RenderBlock {p} at (0,16) size 800x20
      RenderText {#text} at (0,0) size 84x19
        text run at (0,0) width 84: "This test has "
      RenderInline {span} at (0,0) size 60x19
        RenderInline (generated) at (0,0) size 60x19 [bgcolor=#00FF00]
          RenderText at (83,0) size 60x19
            text run at (83,0) width 60: "PASSED"
      RenderText {#text} at (142,0) size 5x19
        text run at (142,0) width 5: "."
    RenderBlock {p} at (0,52) size 800x20
      RenderText {#text} at (0,0) size 457x19
        text run at (0,0) width 457: "(If the previous line just reads \"This test has .\" then this test has failed.)"
