layer at (0,0) size 800x600
  RenderView at (0,0) size 800x600
layer at (0,0) size 800x128
  RenderBlock {test} at (0,0) size 800x128
    RenderBlock {ul} at (0,16) size 800x40
      RenderListItem {li} at (40,0) size 760x20 [bgcolor=#00FF00]
        RenderListMarker at (-18,0) size 7x19: bullet
        RenderText {#text} at (0,0) size 441x19
          text run at (0,0) width 344: "This list item should be green because its language is "
          text run at (343,0) width 98: "British English"
      RenderListItem {li} at (40,20) size 760x20 [bgcolor=#00FF00]
        RenderListMarker at (-18,0) size 7x19: bullet
        RenderText {#text} at (0,0) size 494x19
          text run at (0,0) width 330: "This list item should be green because its language "
          text run at (329,0) width 165: "is British English (Wales)"
    RenderBlock {ol} at (0,72) size 800x40
      RenderListItem {li} at (40,0) size 760x20
        RenderListMarker at (-21,0) size 16x19: "1"
        RenderText {#text} at (0,0) size 454x19
          text run at (0,0) width 366: "This list item should NOT be green because its language "
          text run at (365,0) width 89: "is US English"
      RenderListItem {li} at (40,20) size 760x20
        RenderListMarker at (-21,0) size 16x19: "2"
        RenderText {#text} at (0,0) size 425x19
          text run at (0,0) width 381: "This list item should NOT be green because its language is "
          text run at (380,0) width 45: "French"
