layer at (0,0) size 800x600
  RenderView at (0,0) size 800x600
layer at (0,0) size 800x307
  RenderBlock {test} at (0,0) size 800x307
    RenderBlock {div} at (0,16) size 800x275
      RenderBlock {p} at (0,0) size 800x40
        RenderText {#text} at (0,0) size 762x19
          text run at (0,0) width 762: "The background color of this paragraph should turn to green when the mouse pointer hovers over any of the following:"
        RenderBR {br} at (761,0) size 1x19
        RenderInline {strong} at (0,0) size 64x19
          RenderText {#text} at (0,20) size 64x19
            text run at (0,20) width 64: "This text."
      RenderBlock {p} at (0,56) size 800x20
        RenderText {#text} at (0,0) size 61x19
          text run at (0,0) width 61: "This text."
      RenderTable {table} at (0,92) size 113x108
        RenderTableSection (anonymous) at (0,0) size 113x108
          RenderTableRow {tr} at (0,2) size 113x80
            RenderTableCell {td} at (2,2) size 109x80 [r=0 c=0 rs=1 cs=1]
              RenderTable {table} at (1,1) size 107x78
                RenderTableSection (anonymous) at (0,0) size 107x78
                  RenderTableRow {tr} at (0,2) size 107x74
                    RenderTableCell {td} at (2,2) size 103x74 [r=0 c=0 rs=1 cs=1]
                      RenderBlock {dl} at (1,17) size 101x40
                        RenderBlock {dt} at (0,0) size 101x20
                          RenderText {#text} at (0,0) size 61x19
                            text run at (0,0) width 61: "This text."
                        RenderBlock {dd} at (40,20) size 61x20
                          RenderText {#text} at (0,0) size 61x19
                            text run at (0,0) width 61: "This text."
          RenderTableRow {tr} at (0,84) size 113x22
            RenderTableCell {td} at (2,84) size 109x22 [r=1 c=0 rs=1 cs=1]
              RenderText {#text} at (1,1) size 61x19
                text run at (1,1) width 61: "This text."
      RenderBlock {p} at (0,216) size 800x23
        RenderInline {sub} at (0,0) size 50x15
          RenderText {#text} at (0,7) size 50x15
            text run at (0,7) width 50: "This text."
      RenderBlock {p} at (0,255) size 800x20
        RenderText {#text} at (0,0) size 585x19
          text run at (0,0) width 585: "...and anything else between the top of the first paragraph and the bottom of this paragraph."
