layer at (0,0) size 800x600
  RenderView at (0,0) size 800x600
layer at (0,0) size 800x52
  RenderBlock {test} at (0,0) size 800x52
    RenderBlock {p} at (0,16) size 800x20
      RenderInline {a} at (0,0) size 387x19 [color=#000080]
        RenderText {#text} at (0,0) size 44x19
          text run at (0,0) width 44: "Hover "
        RenderInline {strong} at (0,0) size 31x19
          RenderText {#text} at (43,0) size 31x19
            text run at (43,0) width 31: "here"
        RenderText {#text} at (73,0) size 153x19
          text run at (73,0) width 153: " and the background of "
        RenderInline {span} at (0,0) size 158x19
          RenderText {#text} at (225,0) size 158x19
            text run at (225,0) width 158: "this text should go green"
        RenderText {#text} at (382,0) size 5x19
          text run at (382,0) width 5: "."
