layer at (0,0) size 800x600
  RenderView at (0,0) size 800x600
layer at (0,0) size 800x600
  RenderBlock {HTML} at (0,0) size 800x600
    RenderBody {BODY} at (8,8) size 784x584
      RenderText {#text} at (0,0) size 244x17
        text run at (0,0) width 244: "The two blue boxes should be aligned."
      RenderBR {BR} at (244,14) size 0x0
      RenderText {#text} at (0,17) size 237x17
        text run at (0,17) width 237: "The two red boxes should be aligned."
      RenderBR {BR} at (237,31) size 0x0
      RenderText {#text} at (0,34) size 338x17
        text run at (0,34) width 338: "The text in the blue boxes should be on the same line."
      RenderBR {BR} at (338,48) size 0x0
      RenderText {#text} at (0,51) size 331x17
        text run at (0,51) width 331: "The text in the red boxes should be on the same line."
      RenderBR {BR} at (331,65) size 0x0
      RenderText {#text} at (0,68) size 633x17
        text run at (0,68) width 633: "The top of the first red box should line up with the bottom of the second last line of the last blue box."
      RenderBR {BR} at (633,82) size 0x0
      RenderBlock {P} at (0,85) size 67x72 [border: (2px solid #0000FF)]
        RenderText {#text} at (2,2) size 63x17
          text run at (2,2) width 63: "All on the"
        RenderBR {BR} at (65,16) size 0x0
        RenderText {#text} at (2,19) size 63x17
          text run at (2,19) width 63: "All on the"
        RenderBR {BR} at (65,33) size 0x0
        RenderText {#text} at (2,36) size 63x17
          text run at (2,36) width 63: "All on the"
        RenderBR {BR} at (65,50) size 0x0
        RenderText {#text} at (2,53) size 63x17
          text run at (2,53) width 63: "All on the"
      RenderText {#text} at (67,138) size 4x17
        text run at (67,138) width 4: " "
      RenderBlock {P} at (71,85) size 67x72 [border: (2px solid #0000FF)]
        RenderBlock {SPAN} at (2,2) size 63x68
          RenderText {#text} at (0,0) size 63x17
            text run at (0,0) width 63: "same line."
          RenderBR {BR} at (63,14) size 0x0
          RenderText {#text} at (0,17) size 63x17
            text run at (0,17) width 63: "same line."
          RenderBR {BR} at (63,31) size 0x0
          RenderText {#text} at (0,34) size 63x17
            text run at (0,34) width 63: "same line."
          RenderBR {BR} at (63,48) size 0x0
          RenderText {#text} at (0,51) size 63x17
            text run at (0,51) width 63: "same line."
      RenderText {#text} at (138,138) size 4x17
        text run at (138,138) width 4: " "
      RenderTable {TABLE} at (142,133) size 67x72 [border: (2px solid #FF0000)]
        RenderTableSection {TBODY} at (2,2) size 63x68
          RenderTableRow {TR} at (0,0) size 63x17
            RenderTableCell {TD} at (0,0) size 63x17 [r=0 c=0 rs=1 cs=1]
              RenderText {#text} at (0,0) size 63x17
                text run at (0,0) width 63: "All on the"
          RenderTableRow {TR} at (0,17) size 63x17
            RenderTableCell {TD} at (0,17) size 63x17 [r=1 c=0 rs=1 cs=1]
              RenderText {#text} at (0,0) size 63x17
                text run at (0,0) width 63: "All on the"
          RenderTableRow {TR} at (0,34) size 63x17
            RenderTableCell {TD} at (0,34) size 63x17 [r=2 c=0 rs=1 cs=1]
              RenderText {#text} at (0,0) size 63x17
                text run at (0,0) width 63: "All on the"
          RenderTableRow {TR} at (0,51) size 63x17
            RenderTableCell {TD} at (0,51) size 63x17 [r=3 c=0 rs=1 cs=1]
              RenderText {#text} at (0,0) size 63x17
                text run at (0,0) width 63: "All on the"
      RenderText {#text} at (209,138) size 4x17
        text run at (209,138) width 4: " "
      RenderTable {TABLE} at (213,133) size 71x72 [border: (2px solid #FF0000)]
        RenderTableSection {TBODY} at (2,2) size 67x68
          RenderTableRow {TR} at (0,0) size 67x17
            RenderTableCell {TD} at (0,0) size 67x17 [r=0 c=0 rs=1 cs=1]
              RenderText {#text} at (0,0) size 67x17
                text run at (0,0) width 67: "same line. "
          RenderTableRow {TR} at (0,17) size 67x17
            RenderTableCell {TD} at (0,17) size 67x17 [r=1 c=0 rs=1 cs=1]
              RenderText {#text} at (0,0) size 67x17
                text run at (0,0) width 67: "same line. "
          RenderTableRow {TR} at (0,34) size 67x17
            RenderTableCell {TD} at (0,34) size 67x17 [r=2 c=0 rs=1 cs=1]
              RenderText {#text} at (0,0) size 67x17
                text run at (0,0) width 67: "same line. "
          RenderTableRow {TR} at (0,51) size 67x17
            RenderTableCell {TD} at (0,51) size 67x17 [r=3 c=0 rs=1 cs=1]
              RenderText {#text} at (0,0) size 63x17
                text run at (0,0) width 63: "same line."
      RenderText {#text} at (0,0) size 0x0
