layer at (0,0) size 800x600
  RenderView at (0,0) size 800x600
layer at (0,0) size 800x600
  RenderBlock {HTML} at (0,0) size 800x600
    RenderBody {BODY} at (8,8) size 784x584
      RenderText {#text} at (0,0) size 772x34
        text run at (0,0) width 313: "This is a baseline alignment test for inline blocks. "
        text run at (313,0) width 459: "The last lines of the two red-bordered inline blocks should line up and be"
        text run at (0,17) width 102: "on the baseline. "
      RenderBR {BR} at (102,31) size 0x0
      RenderBlock {DIV} at (0,61) size 255x58 [border: (2px solid #FF0000)]
        RenderText {#text} at (12,12) size 81x17
          text run at (12,12) width 81: "This is block"
        RenderBR {BR} at (93,26) size 0x0
        RenderText {#text} at (12,29) size 231x17
          text run at (12,29) width 83: "number one. "
          text run at (95,29) width 148: "This line is the last one."
      RenderText {#text} at (255,90) size 4x17
        text run at (255,90) width 4: " "
      RenderBlock {DIV} at (259,34) size 192x125 [border: (2px solid #FF0000)]
        RenderBlock (anonymous) at (12,12) size 168x34
          RenderText {#text} at (0,0) size 42x17
            text run at (0,0) width 42: "This is"
          RenderBR {BR} at (42,14) size 0x0
          RenderText {#text} at (0,17) size 80x17
            text run at (0,17) width 80: "number two."
        RenderBlock {DIV} at (12,46) size 168x37
          RenderText {#text} at (10,10) size 148x17
            text run at (10,10) width 148: "This line is the last one."
      RenderText {#text} at (451,90) size 139x17
        text run at (451,90) width 139: " More text on the line."
      RenderBR {BR} at (590,104) size 0x0
      RenderText {#text} at (0,159) size 87x17
        text run at (0,159) width 87: "The next line."
