layer at (0,0) size 800x600
  RenderView at (0,0) size 800x600
layer at (0,0) size 800x511
  RenderBlock {html} at (0,0) size 800x511
    RenderBody {body} at (8,8) size 784x487
      RenderBlock (anonymous) at (0,0) size 784x17
        RenderText {#text} at (0,0) size 639x17
          text run at (0,0) width 241: "The two blocks should look identical. "
          text run at (241,0) width 398: "One uses an SVG, and the other just uses a normal HTML div."
      RenderBlock {p} at (0,33) size 784x17
        RenderText {#text} at (0,0) size 354x17
          text run at (0,0) width 354: "There should be a red, white and blue pattern below this"
      RenderSVGRoot {svg} at (18,84) size 140x140
        RenderSVGRect {rect} at (18,84) size 140x140 [fill={[type=SOLID] [color=#0000FF]}] [x=0.00] [y=0.00] [width=100.00] [height=100.00]
      RenderBlock {p} at (0,226) size 784x17
        RenderText {#text} at (0,0) size 353x17
          text run at (0,0) width 353: "There should be a red, white and blue pattern above this"
      RenderBlock {hr} at (0,259) size 784x2 [border: (1px inset #000000)]
      RenderBlock {p} at (0,277) size 784x17
        RenderText {#text} at (0,0) size 354x17
          text run at (0,0) width 354: "There should be a red, white and blue pattern below this"
      RenderBlock (floating) {div} at (10,320) size 140x140 [border: (10px solid #FF0000)]
        RenderBlock {div} at (20,20) size 100x100 [bgcolor=#0000FF]
      RenderBlock {p} at (0,470) size 784x17
        RenderText {#text} at (0,0) size 353x17
          text run at (0,0) width 353: "There should be a red, white and blue pattern above this"
