layer at (0,0) size 800x600
  RenderView at (0,0) size 800x600
layer at (0,0) size 800x177
  RenderBlock {HTML} at (0,0) size 800x177
    RenderBody {BODY} at (8,8) size 784x161
      RenderTextControl {INPUT} at (2,2) size 173x19 [bgcolor=#FFFFFF] [border: (2px inset #000000)]
        RenderFlexibleBox {DIV} at (3,0) size 167x19
          RenderBlock {DIV} at (0,0) size 8x19
          RenderBlock {DIV} at (8,3) size 140x13
          RenderBlock {DIV} at (147,0) size 20x19
      RenderText {#text} at (176,2) size 5x18
        text run at (176,2) width 5: " "
      RenderBR {BR} at (0,0) size 0x0
      RenderTextControl {INPUT} at (2,25) size 173x19 [bgcolor=#FFFFFF] [border: (2px inset #000000)]
        RenderFlexibleBox {DIV} at (3,0) size 167x19
          RenderBlock {DIV} at (0,0) size 8x19
          RenderBlock {DIV} at (8,3) size 140x13
          RenderBlock {DIV} at (147,0) size 20x19
      RenderText {#text} at (176,25) size 5x18
        text run at (176,25) width 5: " "
      RenderBR {BR} at (0,0) size 0x0
      RenderTextControl {INPUT} at (2,48) size 182x19 [bgcolor=#FFFFFF] [border: (2px inset #000000)]
        RenderFlexibleBox {DIV} at (3,0) size 176x19
          RenderBlock {DIV} at (0,0) size 17x19
          RenderBlock {DIV} at (17,3) size 140x13
          RenderBlock {DIV} at (156,0) size 20x19
      RenderText {#text} at (185,48) size 5x18
        text run at (185,48) width 5: " "
      RenderBR {BR} at (0,0) size 0x0
      RenderTextControl {INPUT} at (2,71) size 182x19 [bgcolor=#FFFFFF] [border: (2px inset #000000)]
        RenderFlexibleBox {DIV} at (3,0) size 176x19
          RenderBlock {DIV} at (0,0) size 17x19
          RenderBlock {DIV} at (17,3) size 140x13
          RenderBlock {DIV} at (156,0) size 20x19
      RenderText {#text} at (185,71) size 5x18
        text run at (185,71) width 5: " "
      RenderBR {BR} at (0,0) size 0x0
      RenderTextControl {INPUT} at (2,94) size 187x19 [bgcolor=#FFFFFF] [border: (2px inset #000000)]
        RenderFlexibleBox {DIV} at (3,0) size 181x19
          RenderBlock {DIV} at (0,0) size 22x19
          RenderBlock {DIV} at (22,3) size 140x13
          RenderBlock {DIV} at (161,0) size 20x19
      RenderText {#text} at (190,94) size 5x18
        text run at (190,94) width 5: " "
      RenderBR {BR} at (0,0) size 0x0
      RenderTextControl {INPUT} at (2,117) size 187x19 [bgcolor=#FFFFFF] [border: (2px inset #000000)]
        RenderFlexibleBox {DIV} at (3,0) size 181x19
          RenderBlock {DIV} at (0,0) size 22x19
          RenderBlock {DIV} at (22,3) size 140x13
          RenderBlock {DIV} at (161,0) size 20x19
      RenderText {#text} at (190,117) size 5x18
        text run at (190,117) width 5: " "
      RenderBR {BR} at (0,0) size 0x0
      RenderTextControl {INPUT} at (2,140) size 327x19 [bgcolor=#FFFFFF] [border: (2px inset #000000)]
        RenderFlexibleBox {DIV} at (3,0) size 321x19
          RenderBlock {DIV} at (0,0) size 22x19
          RenderBlock {DIV} at (22,3) size 280x13
          RenderBlock {DIV} at (301,0) size 20x19
      RenderText {#text} at (0,0) size 0x0
layer at (21,13) size 140x13
  RenderBlock {DIV} at (0,0) size 140x13
layer at (21,36) size 140x13
  RenderBlock {DIV} at (0,0) size 140x13
    RenderText {#text} at (0,0) size 135x13
      text run at (0,0) width 135: "12345678901234567890"
layer at (30,59) size 140x13
  RenderBlock {DIV} at (0,0) size 140x13
layer at (30,82) size 140x13
  RenderBlock {DIV} at (0,0) size 140x13
    RenderText {#text} at (0,0) size 135x13
      text run at (0,0) width 135: "12345678901234567890"
layer at (35,105) size 140x13
  RenderBlock {DIV} at (0,0) size 140x13
layer at (35,128) size 140x13
  RenderBlock {DIV} at (0,0) size 140x13
    RenderText {#text} at (0,0) size 135x13
      text run at (0,0) width 135: "12345678901234567890"
layer at (35,151) size 280x13
  RenderBlock {DIV} at (0,0) size 280x13
    RenderText {#text} at (0,0) size 270x13
      text run at (0,0) width 270: "1234567890123456789012345678901234567890"
