layer at (0,0) size 800x1102
  RenderView at (0,0) size 800x600
layer at (0,0) size 800x600
  RenderBlock {HTML} at (0,0) size 800x600
    RenderBody {BODY} at (8,8) size 776x584
layer at (8,8) size 160x584
  RenderBlock {P} at (0,0) size 160x584 [border: (10px solid #800000)]
    RenderText {#text} at (30,30) size 39x133
      text run at (30,30) width 133: "This is some column"
      text run at (50,30) width 28: "text."
    RenderBR {BR} at (54,57) size 0x1
    RenderText {#text} at (70,30) size 39x133
      text run at (70,30) width 133: "This is some column"
      text run at (90,30) width 28: "text."
    RenderBR {BR} at (94,57) size 0x1
    RenderText {#text} at (110,30) size 39x133
      text run at (110,30) width 133: "This is some column"
      text run at (130,30) width 28: "text."
    RenderBR {BR} at (134,57) size 0x1
    RenderText {#text} at (150,30) size 39x133
      text run at (150,30) width 133: "This is some column"
      text run at (170,30) width 28: "text."
    RenderBR {BR} at (174,57) size 0x1
    RenderText {#text} at (190,30) size 39x133
      text run at (190,30) width 133: "This is some column"
      text run at (210,30) width 28: "text."
    RenderBR {BR} at (214,57) size 0x1
    RenderText {#text} at (230,30) size 39x133
      text run at (230,30) width 133: "This is some column"
      text run at (250,30) width 28: "text."
    RenderBR {BR} at (254,57) size 0x1
    RenderText {#text} at (270,30) size 39x133
      text run at (270,30) width 133: "This is some column"
      text run at (290,30) width 28: "text."
    RenderBR {BR} at (294,57) size 0x1
    RenderText {#text} at (310,30) size 39x133
      text run at (310,30) width 133: "This is some column"
      text run at (330,30) width 28: "text."
    RenderBR {BR} at (334,57) size 0x1
    RenderText {#text} at (350,30) size 39x133
      text run at (350,30) width 133: "This is some column"
      text run at (370,30) width 28: "text."
    RenderBR {BR} at (374,57) size 0x1
    RenderText {#text} at (390,30) size 39x133
      text run at (390,30) width 133: "This is some column"
      text run at (410,30) width 28: "text."
    RenderBR {BR} at (414,57) size 0x1
    RenderText {#text} at (430,30) size 39x133
      text run at (430,30) width 133: "This is some column"
      text run at (450,30) width 28: "text."
    RenderBR {BR} at (454,57) size 0x1
    RenderText {#text} at (470,30) size 39x133
      text run at (470,30) width 133: "This is some column"
      text run at (490,30) width 28: "text."
    RenderBR {BR} at (494,57) size 0x1
    RenderText {#text} at (510,30) size 39x133
      text run at (510,30) width 133: "This is some column"
      text run at (530,30) width 28: "text."
    RenderBR {BR} at (534,57) size 0x1
layer at (184,8) size 160x584
  RenderBlock {P} at (176,0) size 160x584 [border: (10px solid #800000)]
    RenderText {#text} at (30,61) size 39x133
      text run at (30,61) width 133: "This is some column"
      text run at (50,166) width 4 RTL: "."
      text run at (50,170) width 24: "text"
    RenderBR {BR} at (54,166) size 0x1
    RenderText {#text} at (70,61) size 39x133
      text run at (70,61) width 133: "This is some column"
      text run at (90,166) width 4 RTL: "."
      text run at (90,170) width 24: "text"
    RenderBR {BR} at (94,166) size 0x1
    RenderText {#text} at (110,61) size 39x133
      text run at (110,61) width 133: "This is some column"
      text run at (130,166) width 4 RTL: "."
      text run at (130,170) width 24: "text"
    RenderBR {BR} at (134,166) size 0x1
    RenderText {#text} at (150,61) size 39x133
      text run at (150,61) width 133: "This is some column"
      text run at (170,166) width 4 RTL: "."
      text run at (170,170) width 24: "text"
    RenderBR {BR} at (174,166) size 0x1
    RenderText {#text} at (190,61) size 39x133
      text run at (190,61) width 133: "This is some column"
      text run at (210,166) width 4 RTL: "."
      text run at (210,170) width 24: "text"
    RenderBR {BR} at (214,166) size 0x1
    RenderText {#text} at (230,61) size 39x133
      text run at (230,61) width 133: "This is some column"
      text run at (250,166) width 4 RTL: "."
      text run at (250,170) width 24: "text"
    RenderBR {BR} at (254,166) size 0x1
    RenderText {#text} at (270,61) size 39x133
      text run at (270,61) width 133: "This is some column"
      text run at (290,166) width 4 RTL: "."
      text run at (290,170) width 24: "text"
    RenderBR {BR} at (294,166) size 0x1
    RenderText {#text} at (310,61) size 39x133
      text run at (310,61) width 133: "This is some column"
      text run at (330,166) width 4 RTL: "."
      text run at (330,170) width 24: "text"
    RenderBR {BR} at (334,166) size 0x1
    RenderText {#text} at (350,61) size 39x133
      text run at (350,61) width 133: "This is some column"
      text run at (370,166) width 4 RTL: "."
      text run at (370,170) width 24: "text"
    RenderBR {BR} at (374,166) size 0x1
    RenderText {#text} at (390,61) size 39x133
      text run at (390,61) width 133: "This is some column"
      text run at (410,166) width 4 RTL: "."
      text run at (410,170) width 24: "text"
    RenderBR {BR} at (414,166) size 0x1
    RenderText {#text} at (430,61) size 39x133
      text run at (430,61) width 133: "This is some column"
      text run at (450,166) width 4 RTL: "."
      text run at (450,170) width 24: "text"
    RenderBR {BR} at (454,166) size 0x1
    RenderText {#text} at (470,61) size 39x133
      text run at (470,61) width 133: "This is some column"
      text run at (490,166) width 4 RTL: "."
      text run at (490,170) width 24: "text"
    RenderBR {BR} at (494,166) size 0x1
    RenderText {#text} at (510,61) size 39x133
      text run at (510,61) width 133: "This is some column"
      text run at (530,166) width 4 RTL: "."
      text run at (530,170) width 24: "text"
    RenderBR {BR} at (534,166) size 0x1
