layer at (0,0) size 800x600
  RenderView at (0,0) size 800x600
layer at (0,0) size 800x91
  RenderBlock {HTML} at (0,0) size 800x91
    RenderBody {BODY} at (8,16) size 784x59
      RenderBlock {P} at (0,0) size 784x59
        RenderButton {BUTTON} at (2,2) size 316x27 [color=#8B8E8F] [bgcolor=#00FF00] [border: (2px outset #C0C0C0)]
          RenderBlock (anonymous) at (8,4) size 300x18
            RenderText {#text} at (0,0) size 300x17
              text run at (0,0) width 300: "A button (disabled) with green background"
        RenderText {#text} at (319,6) size 5x17
          text run at (319,6) width 5: " "
        RenderBR {BR} at (0,0) size 0x0
        RenderTextControl {INPUT} at (2,33) size 335x24 [bgcolor=#00FF00] [border: (2px inset #000000)]
        RenderText {#text} at (0,0) size 0x0
layer at (13,52) size 329x18
  RenderBlock {DIV} at (3,3) size 329x18 [color=#8B8E8F]
    RenderText {#text} at (0,0) size 315x17
      text run at (0,0) width 315: "a text area (disabled) with green background"
