layer at (0,0) size 785x634
  RenderView at (0,0) size 785x600
layer at (0,0) size 785x634
  RenderBlock {html} at (0,0) size 785x634
    RenderBody {body} at (8,8) size 769x618
      RenderBlock {div} at (0,0) size 769x206
        RenderBlock {div} at (0,0) size 57x149 [border: (1px solid #FF0000)]
          RenderText {#text} at (2,1) size 53x49
            text run at (2,1) width 49: "\x{70BA}"
          RenderRuby (inline) {ruby} at (0,0) size 53x49
            RenderRubyRun (anonymous) at (1,50) size 55x49
              RenderRubyBase (anonymous) at (0,0) size 55x49
                RenderText {#text} at (1,0) size 53x49
                  text run at (1,0) width 49: "\x{6AFB}"
          RenderText {#text} at (2,99) size 53x49
            text run at (2,99) width 49: "\x{7530}"
        RenderBlock {div} at (0,149) size 769x57 [border: (1px solid #008000)]
          RenderText {#text} at (1,2) size 48x53
            text run at (1,2) width 48: "\x{70BA}"
          RenderRuby (inline) {ruby} at (0,0) size 48x53
            RenderRubyRun (anonymous) at (49,1) size 48x55
              RenderRubyBase (anonymous) at (0,0) size 48x55
                RenderText {#text} at (0,1) size 48x53
                  text run at (0,1) width 48: "\x{6AFB}"
          RenderText {#text} at (97,2) size 48x53
            text run at (97,2) width 48: "\x{7530}"
      RenderBlock {div} at (0,206) size 769x206
        RenderBlock {div} at (0,0) size 57x149 [border: (1px solid #FF0000)]
          RenderText {#text} at (2,1) size 53x49
            text run at (2,1) width 49: "\x{70BA}"
          RenderRuby (inline) {ruby} at (0,0) size 53x49
            RenderRubyRun (anonymous) at (1,50) size 55x49
              RenderRubyBase (anonymous) at (0,0) size 55x49
                RenderText {#text} at (1,0) size 53x49
                  text run at (1,0) width 49: "\x{6AFB}"
          RenderText {#text} at (2,99) size 53x49
            text run at (2,99) width 49: "\x{7530}"
        RenderBlock {div} at (0,149) size 769x57 [border: (1px solid #008000)]
          RenderText {#text} at (1,2) size 48x53
            text run at (1,2) width 48: "\x{70BA}"
          RenderRuby (inline) {ruby} at (0,0) size 48x53
            RenderRubyRun (anonymous) at (49,1) size 48x55
              RenderRubyBase (anonymous) at (0,0) size 48x55
                RenderText {#text} at (0,1) size 48x53
                  text run at (0,1) width 48: "\x{6AFB}"
          RenderText {#text} at (97,2) size 48x53
            text run at (97,2) width 48: "\x{7530}"
      RenderBlock {div} at (0,412) size 769x206
        RenderBlock {div} at (0,0) size 57x149 [border: (1px solid #FF0000)]
          RenderText {#text} at (2,1) size 53x49
            text run at (2,1) width 49: "\x{70BA}"
          RenderRuby (inline) {ruby} at (0,0) size 53x49
            RenderRubyRun (anonymous) at (1,50) size 55x49
              RenderRubyBase (anonymous) at (0,0) size 55x49
                RenderText {#text} at (1,0) size 53x49
                  text run at (1,0) width 49: "\x{6AFB}"
          RenderText {#text} at (2,99) size 53x49
            text run at (2,99) width 49: "\x{7530}"
        RenderBlock {div} at (0,149) size 769x57 [border: (1px solid #008000)]
          RenderText {#text} at (1,2) size 48x53
            text run at (1,2) width 48: "\x{70BA}"
          RenderRuby (inline) {ruby} at (0,0) size 48x53
            RenderRubyRun (anonymous) at (49,1) size 48x55
              RenderRubyBase (anonymous) at (0,0) size 48x55
                RenderText {#text} at (0,1) size 48x53
                  text run at (0,1) width 48: "\x{6AFB}"
          RenderText {#text} at (97,2) size 48x53
            text run at (97,2) width 48: "\x{7530}"
