layer at (0,0) size 800x600
  RenderView at (0,0) size 800x600
layer at (0,0) size 800x67
  RenderBlock {HTML} at (0,0) size 800x67
    RenderBody {BODY} at (8,8) size 784x51
      RenderBlock {DIV} at (0,0) size 784x17
        RenderText {#text} at (0,0) size 671x17
          text run at (0,0) width 671: "[^=] attribute selector looking for empty string in empty attribute (the text should not have red background)"
      RenderBlock {DIV} at (0,17) size 784x17
        RenderText {#text} at (0,0) size 671x17
          text run at (0,0) width 671: "[$=] attribute selector looking for empty string in empty attribute (the text should not have red background)"
      RenderBlock {DIV} at (0,34) size 784x17
        RenderText {#text} at (0,0) size 671x17
          text run at (0,0) width 671: "[*=] attribute selector looking for empty string in empty attribute (the text should not have red background)"
