layer at (0,0) size 800x600
  RenderView at (0,0) size 800x600
layer at (0,0) size 800x600
  RenderBlock {HTML} at (0,0) size 800x600
    RenderBody {BODY} at (8,8) size 784x584
      RenderBlock {P} at (0,0) size 784x34
        RenderText {#text} at (0,0) size 777x34
          text run at (0,0) width 777: "The shadow should match the color of the top square and not the color of the bottom square. The top square and its shadow"
          text run at (0,17) width 232: "are both color-corrected from sRGB."
      RenderBlock {DIV} at (0,50) size 100x100 [bgcolor=#560063]
      RenderBlock (anonymous) at (0,150) size 784x17
        RenderBR {BR} at (0,0) size 0x17
      RenderBlock {DIV} at (0,167) size 100x100 [bgcolor=#560063]
