layer at (0,0) size 800x600
  RenderView at (0,0) size 800x600
layer at (0,0) size 800x600
  RenderBlock {HTML} at (0,0) size 800x600
    RenderBody {BODY} at (8,8) size 784x584
      RenderBlock {P} at (0,0) size 784x17
        RenderText {#text} at (0,0) size 130x17
          text run at (0,0) width 130: "These should match:"
      RenderBlock (floating) {DIV} at (0,33) size 100x100 [bgcolor=#560063]
      RenderBlock (anonymous) at (0,33) size 784x103
        RenderImage {IMG} at (100,0) size 100x100
        RenderText {#text} at (200,86) size 4x17
          text run at (200,86) width 4: " "
        RenderBR {BR} at (0,0) size 0x0
      RenderBlock {P} at (0,152) size 784x17
        RenderText {#text} at (0,0) size 236x17
          text run at (0,0) width 236: "These should not match (at this time):"
      RenderBlock (floating) {DIV} at (0,185) size 100x100 [bgcolor=#560063]
      RenderBlock (anonymous) at (0,185) size 784x100
        RenderImage {IMG} at (100,0) size 100x100
        RenderText {#text} at (0,0) size 0x0
