layer at (0,0) size 800x600
  RenderView at (0,0) size 800x600
layer at (0,0) size 800x600
  RenderBlock {HTML} at (0,0) size 800x600
    RenderBody {BODY} at (8,8) size 784x584
      RenderBlock {P} at (0,0) size 784x34
        RenderText {#text} at (0,0) size 746x34
          text run at (0,0) width 746: "This is subtle, but the shadow should match the color of the top H and not the color of the bottom H. The top H and its"
          text run at (0,17) width 285: "shadow are both color-corrected from sRGB."
      RenderBlock (anonymous) at (0,50) size 784x222
        RenderInline {SPAN} at (0,0) size 78x111 [color=#560063]
          RenderText {#text} at (0,0) size 78x111
            text run at (0,0) width 78: "H"
        RenderText {#text} at (78,75) size 4x17
          text run at (78,75) width 4: " "
        RenderBR {BR} at (82,89) size 0x0
        RenderInline {SPAN} at (0,0) size 78x111 [color=#560063]
          RenderText {#text} at (0,111) size 78x111
            text run at (0,111) width 78: "H"
        RenderText {#text} at (0,0) size 0x0
