layer at (0,0) size 800x600
  RenderView at (0,0) size 800x600
layer at (0,0) size 800x600
  RenderBlock {HTML} at (0,0) size 800x600
    RenderBody {BODY} at (8,8) size 784x576
      RenderBlock (anonymous) at (0,0) size 784x0
        RenderInline {SPAN} at (0,0) size 0x0
          RenderInline {SPAN} at (0,0) size 0x0
        RenderText {#text} at (0,0) size 0x0
      RenderBlock {H4} at (0,0) size 784x17
        RenderText {#text} at (0,0) size 81x17
          text run at (0,0) width 81: "Instructions"
      RenderBlock {P} at (0,38) size 784x18
        RenderText {#text} at (0,0) size 176x17
          text run at (0,0) width 176: "Click the following buttons."
      RenderBlock {OL} at (0,71) size 784x167
        RenderListItem {LI} at (40,0) size 744x17
          RenderListMarker at (-20,0) size 16x17: "1"
          RenderText {#text} at (0,0) size 193x17
            text run at (0,0) width 193: "Start with the outmost left one."
        RenderListItem {LI} at (40,17) size 744x17
          RenderListMarker at (-20,0) size 16x17: "2"
          RenderText {#text} at (0,0) size 135x17
            text run at (0,0) width 135: "Click the middle one."
        RenderListItem {LI} at (40,34) size 744x17
          RenderListMarker at (-20,0) size 16x17: "3"
          RenderText {#text} at (0,0) size 266x17
            text run at (0,0) width 266: "(The ouline will not be updated correctly.)"
        RenderListItem {LI} at (40,51) size 744x17
          RenderListMarker at (-20,0) size 16x17: "4"
          RenderText {#text} at (0,0) size 138x17
            text run at (0,0) width 138: "Click the right button."
        RenderListItem {LI} at (40,68) size 744x17
          RenderListMarker at (-20,0) size 16x17: "5"
          RenderText {#text} at (0,0) size 465x17
            text run at (0,0) width 465: "This will crash Safari 1.3 (v176 and v170, no other configurations tested)."
        RenderListItem {LI} at (40,85) size 744x17
          RenderListMarker at (-20,0) size 16x17: "6"
          RenderText {#text} at (0,0) size 294x17
            text run at (0,0) width 294: "The combination 2. 1. 3. will also crash Safari."
        RenderListItem {LI} at (40,102) size 744x17
          RenderListMarker at (-20,0) size 16x17: "7"
          RenderText {#text} at (0,0) size 447x17
            text run at (0,0) width 447: "1. 3. will not crash Safari. (But the outline should vanish. Shouldn't it?)"
        RenderListItem {LI} at (40,119) size 744x17
          RenderListMarker at (-20,0) size 16x17: "8"
          RenderText {#text} at (0,0) size 201x17
            text run at (0,0) width 201: "2. 3. will not crash Safari either."
        RenderBlock (anonymous) at (40,136) size 744x30
          RenderButton {INPUT} at (2,2) size 171x26 [bgcolor=#C0C0C0] [border: (2px outset #C0C0C0)]
            RenderBlock (anonymous) at (8,4) size 155x17
              RenderText at (0,0) size 155x17
                text run at (0,0) width 155: "1. Set outline property"
          RenderText {#text} at (175,6) size 4x17
            text run at (175,6) width 4: " "
          RenderButton {INPUT} at (181,2) size 174x26 [bgcolor=#C0C0C0] [border: (2px outset #C0C0C0)]
            RenderBlock (anonymous) at (8,4) size 158x17
              RenderText at (0,0) size 158x17
                text run at (0,0) width 158: "2. Set display property"
          RenderText {#text} at (357,6) size 4x17
            text run at (357,6) width 4: " "
          RenderButton {INPUT} at (363,2) size 194x26 [bgcolor=#C0C0C0] [border: (2px outset #C0C0C0)]
            RenderBlock (anonymous) at (8,4) size 178x17
              RenderText at (0,0) size 178x17
                text run at (0,0) width 178: "3. Replace span-element"
          RenderText {#text} at (0,0) size 0x0
