layer at (0,0) size 800x600
  RenderView at (0,0) size 800x600
layer at (0,0) size 800x600
  RenderBlock {HTML} at (0,0) size 800x600
    RenderBody {BODY} at (8,8) size 784x584
      RenderBlock {P} at (0,0) size 784x17
        RenderText {#text} at (0,0) size 53x17
          text run at (0,0) width 53: "Test for "
        RenderInline {A} at (0,0) size 68x17 [color=#0000EE]
          RenderText {#text} at (53,0) size 68x17
            text run at (53,0) width 68: "bug 11575"
        RenderText {#text} at (121,0) size 421x17
          text run at (121,0) width 421: ": REGRESSION: WebCore crash in CSSParser/HTMLTokenizer."
      RenderBlock {P} at (0,33) size 784x34
        RenderText {#text} at (0,0) size 750x34
          text run at (0,0) width 750: "All four sides of the square below should be present for this test to really pass, and WebKit shouldn't crash for it to pass"
          text run at (0,17) width 55: "partially."
      RenderBlock {DIV} at (0,83) size 106x106 [border: (3px solid #000000)]
