layer at (0,0) size 800x600
  RenderView at (0,0) size 800x600
layer at (0,0) size 800x600
  RenderBlock {HTML} at (0,0) size 800x600
    RenderBody {BODY} at (8,8) size 784x584
      RenderBlock {P} at (0,0) size 784x17
        RenderText {#text} at (0,0) size 429x17
          text run at (0,0) width 429: "All the X\x{2019}s below should be green. All other letters should be black."
      RenderBlock {DIV} at (0,33) size 784x17
        RenderInline (generated) at (0,0) size 12x17 [color=#008000]
          RenderText {#text} at (0,0) size 12x17
            text run at (0,0) width 12: "X"
        RenderText {#text} at (12,0) size 12x17
          text run at (12,0) width 12: "Y"
      RenderBlock {DIV} at (0,50) size 784x17
        RenderImage {IMG} at (0,14) size 0x0
        RenderText {#text} at (0,0) size 22x17
          text run at (0,0) width 22: "YZ"
      RenderBlock {DIV} at (0,67) size 784x17
        RenderImage {IMG} at (0,0) size 0x0
        RenderInline (generated) at (0,0) size 12x17 [color=#008000]
          RenderText {#text} at (0,0) size 12x17
            text run at (0,0) width 12: "X"
        RenderText {#text} at (12,0) size 12x17
          text run at (12,0) width 12: "Y"
      RenderBlock {DIV} at (0,84) size 784x17
        RenderInline (generated) at (0,0) size 12x17 [color=#008000]
          RenderText {#text} at (0,0) size 12x17
            text run at (0,0) width 12: "X"
        RenderText {#text} at (12,0) size 12x17
          text run at (12,0) width 12: "Y"
      RenderBlock {DIV} at (0,101) size 784x17
        RenderBlock {DIV} at (0,0) size 784x17
          RenderInline (generated) at (0,0) size 12x17 [color=#008000]
            RenderText {#text} at (0,0) size 12x17
              text run at (0,0) width 12: "X"
          RenderText {#text} at (12,0) size 12x17
            text run at (12,0) width 12: "Y"
      RenderBlock {DIV} at (0,118) size 784x17
        RenderBlock {DIV} at (0,0) size 784x17
          RenderImage {IMG} at (0,14) size 0x0
          RenderText {#text} at (0,0) size 4x17
            text run at (0,0) width 4: " "
          RenderText {#text} at (4,0) size 22x17
            text run at (4,0) width 22: "YZ"
layer at (100,92) size 27x17
  RenderBlock (positioned) {DIV} at (100,92) size 27x17
    RenderText {#text} at (0,0) size 27x17
      text run at (0,0) width 27: "VW"
layer at (100,109) size 27x17
  RenderBlock (positioned) {DIV} at (100,109) size 27x17
    RenderText {#text} at (0,0) size 27x17
      text run at (0,0) width 27: "VW"
layer at (100,143) size 27x17
  RenderBlock (positioned) {DIV} at (100,143) size 27x17
    RenderText {#text} at (0,0) size 27x17
      text run at (0,0) width 27: "VW"
