layer at (0,0) size 800x600
  RenderView at (0,0) size 800x600
layer at (0,0) size 800x600
  RenderBlock {HTML} at (0,0) size 800x600
    RenderBody {BODY} at (8,8) size 784x576
      RenderBlock {P} at (0,0) size 784x34
        RenderText {#text} at (0,0) size 53x17
          text run at (0,0) width 53: "Test for "
        RenderInline {I} at (0,0) size 668x34
          RenderInline {A} at (0,0) size 301x17 [color=#0000EE]
            RenderText {#text} at (53,0) size 301x17
              text run at (53,0) width 301: "http://bugs.webkit.org/show_bug.cgi?id=14545"
          RenderText {#text} at (354,0) size 668x34
            text run at (354,0) width 4: " "
            text run at (358,0) width 310: "REGRESSION (r21854-r21869): Repro crash in"
            text run at (0,17) width 319: "RenderBlock::updateFirstLetter @ nola.com/rose/"
        RenderText {#text} at (319,17) size 4x17
          text run at (319,17) width 4: "."
      RenderBlock {P} at (0,50) size 784x17
        RenderText {#text} at (0,0) size 249x17
          text run at (0,0) width 249: "The following lines should be identical:"
      RenderBlock {DIV} at (0,83) size 784x17
        RenderInline (generated) at (0,0) size 10x17 [color=#008000]
          RenderText {#text} at (0,0) size 10x17
            text run at (0,0) width 10: "L"
        RenderText {#text} at (10,0) size 75x17
          text run at (10,0) width 75: "orem Ipsum"
      RenderBlock {P} at (0,116) size 784x17
        RenderInline {SPAN} at (0,0) size 10x17 [color=#008000]
          RenderText {#text} at (0,0) size 10x17
            text run at (0,0) width 10: "L"
        RenderText {#text} at (10,0) size 75x17
          text run at (10,0) width 75: "orem Ipsum"
