layer at (0,0) size 800x600
  RenderView at (0,0) size 800x600
layer at (0,0) size 800x600
  RenderBlock {HTML} at (0,0) size 800x600
    RenderBody {BODY} at (8,8) size 784x571
      RenderBlock {P} at (0,0) size 784x34
        RenderText {#text} at (0,0) size 749x34
          text run at (0,0) width 749: "This tests handling of duplicated properties in inline style declarations. Using !important should have an effect. See bug"
          text run at (0,17) width 44: "#4128."
      RenderBlock {H1} at (0,55) size 784x37 [color=#FF0000]
        RenderText {#text} at (0,0) size 253x36
          text run at (0,0) width 253: "This should be red"
      RenderBlock {H1} at (0,112) size 784x37 [color=#00FF00]
        RenderText {#text} at (0,0) size 283x36
          text run at (0,0) width 283: "This should be green"
      RenderBlock {H1} at (0,170) size 784x37 [color=#FF0000]
        RenderText {#text} at (0,0) size 253x36
          text run at (0,0) width 253: "This should be red"
      RenderBlock {H1} at (0,227) size 784x37 [color=#FF0000]
        RenderText {#text} at (0,0) size 253x36
          text run at (0,0) width 253: "This should be red"
