layer at (0,0) size 800x600
  RenderView at (0,0) size 800x600
layer at (0,0) size 800x249
  RenderBlock {HTML} at (0,0) size 800x249
    RenderBody {BODY} at (8,16) size 784x225
      RenderBlock {P} at (0,0) size 784x17
        RenderText {#text} at (0,0) size 723x17
          text run at (0,0) width 723: "Test passes if each orange box is between two blue boxes and all orange and blue boxes are below the yellow box."
layer at (8,49) size 192x192
  RenderBlock (relative positioned) {DIV} at (0,33) size 192x192 [bgcolor=#FFFF00]
    RenderBlock (anonymous) at (0,0) size 192x17
    RenderBlock (anonymous) at (0,34) size 192x17
    RenderBlock (anonymous) at (0,68) size 192x17
    RenderBlock (anonymous) at (0,102) size 192x17
      RenderText {#text} at (0,0) size 0x0
layer at (8,241) size 66x17
  RenderInline (relative positioned) {DIV} at (0,0) size 66x17 [bgcolor=#0000FF]
    RenderText {#text} at (0,0) size 66x17
      text run at (0,0) width 66: "Filler Text"
layer at (8,258) size 192x17
  RenderBlock (anonymous) at (0,17) size 192x17
    RenderBlock {DIV} at (0,0) size 192x17 [bgcolor=#FFA500]
      RenderText {#text} at (0,0) size 66x17
        text run at (0,0) width 66: "Filler Text"
layer at (8,275) size 66x17
  RenderInline (relative positioned) {DIV} at (0,0) size 66x17 [bgcolor=#0000FF]
layer at (8,467) size 66x17
  RenderInline (relative positioned) {DIV} at (0,0) size 66x17
    RenderText {#text} at (0,0) size 66x17
      text run at (0,0) width 66: "Filler Text"
layer at (8,484) size 192x17
  RenderBlock (anonymous) at (0,51) size 192x17
    RenderBlock {DIV} at (0,0) size 192x17 [bgcolor=#FFA500]
      RenderText {#text} at (0,0) size 66x17
        text run at (0,0) width 66: "Filler Text"
layer at (8,309) size 66x17
  RenderInline (relative positioned) {DIV} at (0,0) size 66x17 [bgcolor=#0000FF]
    RenderText {#text} at (0,0) size 0x0
layer at (8,501) size 66x17
  RenderInline (relative positioned) {DIV} at (0,0) size 66x17
    RenderText {#text} at (0,0) size 66x17
      text run at (0,0) width 66: "Filler Text"
layer at (8,326) size 192x17
  RenderBlock (anonymous) at (0,85) size 192x17
    RenderBlock {DIV} at (0,0) size 192x17 [bgcolor=#FFA500]
      RenderText {#text} at (0,0) size 66x17
        text run at (0,0) width 66: "Filler Text"
layer at (8,343) size 66x17
  RenderInline (relative positioned) {DIV} at (0,0) size 66x17 [bgcolor=#0000FF]
    RenderText {#text} at (0,0) size 66x17
      text run at (0,0) width 66: "Filler Text"
