layer at (0,0) size 800x600
  RenderView at (0,0) size 800x600
layer at (0,0) size 800x266
  RenderBlock {HTML} at (0,0) size 800x266
    RenderBody {BODY} at (8,16) size 784x242
      RenderBlock {P} at (0,0) size 784x34
        RenderText {#text} at (0,0) size 783x34
          text run at (0,0) width 783: "Test passes if each of the orange boxes is sandwiched between two blue boxes and two groups of blue and orange boxes are"
          text run at (0,17) width 163: "inside the big yellow box "
          text run at (163,17) width 227: "and the remaining group is below it."
layer at (8,66) size 192x192
  RenderBlock (relative positioned) {DIV} at (0,50) size 192x192 [bgcolor=#FFFF00]
    RenderBlock (anonymous) at (0,0) size 192x17
      RenderInline {DIV} at (0,0) size 66x17 [bgcolor=#0000FF]
        RenderText {#text} at (0,0) size 66x17
          text run at (0,0) width 66: "Filler Text"
    RenderBlock (anonymous) at (0,17) size 192x17
      RenderBlock {DIV} at (0,0) size 192x17 [bgcolor=#FFA500]
        RenderText {#text} at (0,0) size 66x17
          text run at (0,0) width 66: "Filler Text"
    RenderBlock (anonymous) at (0,34) size 192x17
      RenderInline {DIV} at (0,0) size 66x17 [bgcolor=#0000FF]
    RenderBlock (anonymous) at (0,68) size 192x17
      RenderInline {DIV} at (0,0) size 66x17 [bgcolor=#0000FF]
        RenderText {#text} at (0,0) size 0x0
    RenderBlock (anonymous) at (0,85) size 192x17
      RenderBlock {DIV} at (0,0) size 192x17 [bgcolor=#FFA500]
        RenderText {#text} at (0,0) size 66x17
          text run at (0,0) width 66: "Filler Text"
    RenderBlock (anonymous) at (0,102) size 192x17
      RenderInline {DIV} at (0,0) size 66x17 [bgcolor=#0000FF]
        RenderText {#text} at (0,0) size 66x17
          text run at (0,0) width 66: "Filler Text"
      RenderText {#text} at (0,0) size 0x0
layer at (8,292) size 66x17
  RenderInline (relative positioned) {DIV} at (0,0) size 66x17
    RenderText {#text} at (0,0) size 66x17
      text run at (0,0) width 66: "Filler Text"
layer at (8,309) size 192x17
  RenderBlock (anonymous) at (0,51) size 192x17
    RenderBlock {DIV} at (0,0) size 192x17 [bgcolor=#FFA500]
      RenderText {#text} at (0,0) size 66x17
        text run at (0,0) width 66: "Filler Text"
layer at (8,326) size 66x17
  RenderInline (relative positioned) {DIV} at (0,0) size 66x17
    RenderText {#text} at (0,0) size 66x17
      text run at (0,0) width 66: "Filler Text"
