layer at (0,0) size 800x600
  RenderView at (0,0) size 800x600
layer at (0,0) size 800x600
  RenderBlock {HTML} at (0,0) size 800x600
    RenderBody {BODY} at (8,8) size 784x576
      RenderBlock {P} at (0,0) size 784x34
        RenderText {#text} at (0,0) size 212x17
          text run at (0,0) width 212 LTR override: "This tests for a regression against "
        RenderInline {I} at (0,0) size 712x34
          RenderInline {A} at (0,0) size 348x17 [color=#0000EE]
            RenderText {#text} at (212,0) size 348x17
              text run at (212,0) width 348 LTR override: "http://bugzilla.opendarwin.org/show_bug.cgi?id=6334"
          RenderText {#text} at (560,0) size 712x34
            text run at (560,0) width 152 LTR override: " REGRESSION: <input"
            text run at (0,17) width 371 LTR override: "type=\"button\"> text is reversed on \"visual Hebrew\" pages"
        RenderText {#text} at (371,17) size 4x17
          text run at (371,17) width 4 LTR override: "."
      RenderBlock {HR} at (0,50) size 784x2 [border: (1px inset #000000)]
      RenderBlock {P} at (0,68) size 784x17
        RenderText {#text} at (0,0) size 304x17
          text run at (0,0) width 304 LTR override: "The text on both buttons should like this: \x{5E8}\x{5D5}\x{5EA}\x{5E4}\x{5DB}"
      RenderBlock (anonymous) at (0,101) size 784x60
        RenderButton {BUTTON} at (2,2) size 59x26 [bgcolor=#C0C0C0] [border: (2px outset #C0C0C0)]
          RenderBlock (anonymous) at (8,4) size 43x17
            RenderText {#text} at (0,0) size 43x17
              text run at (0,0) width 43 LTR override: "\x{5E8}\x{5D5}\x{5EA}\x{5E4}\x{5DB}"
        RenderText {#text} at (63,6) size 4x17
          text run at (63,6) width 4 LTR override: " "
        RenderBR {BR} at (67,20) size 0x0
        RenderButton {INPUT} at (2,32) size 59x26 [bgcolor=#C0C0C0] [border: (2px outset #C0C0C0)]
          RenderBlock (anonymous) at (8,4) size 43x17
            RenderText at (0,0) size 43x17
              text run at (0,0) width 43 RTL: "\x{5DB}\x{5E4}\x{5EA}\x{5D5}\x{5E8}"
        RenderText {#text} at (0,0) size 0x0
      RenderBlock {HR} at (0,169) size 784x2 [border: (1px inset #000000)]
      RenderBlock {P} at (0,187) size 784x17
        RenderText {#text} at (0,0) size 249x17
          text run at (0,0) width 249 LTR override: "The following lines should be identical:"
      RenderBlock {P} at (0,220) size 784x17
        RenderText {#text} at (0,0) size 76x17
          text run at (0,0) width 16: "21"
          text run at (16,0) width 60 RTL: "\x{5D4}\x{5DE}\x{5D0}\x{5D4} \x{5D4}-"
      RenderBlock {P} at (0,253) size 784x17
        RenderText {#text} at (0,0) size 76x17
          text run at (0,0) width 76 LTR override: "21-\x{5D4} \x{5D4}\x{5D0}\x{5DE}\x{5D4}"
