layer at (0,0) size 800x600
  RenderView at (0,0) size 800x600
layer at (0,0) size 800x49
  RenderBlock {HTML} at (0,0) size 800x49
    RenderBody {BODY} at (8,16) size 784x17
      RenderBlock {DIV} at (0,0) size 784x17
        RenderBlock {P} at (0,0) size 784x17
          RenderText {#text} at (0,0) size 612x17
            text run at (0,0) width 612: "I should be highlighted first because of the anchor, and de-highlighted when there is no fragment."
