layer at (0,0) size 785x725
  RenderView at (0,0) size 785x600
layer at (0,0) size 785x725
  RenderBlock {HTML} at (0,0) size 785x725
    RenderBody {BODY} at (8,8) size 769x697
      RenderBlock (anonymous) at (0,0) size 769x85
        RenderText {#text} at (0,0) size 557x17
          text run at (0,0) width 557: "This tests checks that the text-overflow:ellipsis property is handled correctly for bidi text."
        RenderBR {BR} at (557,14) size 0x0
        RenderBR {BR} at (0,17) size 0x17
        RenderText {#text} at (0,34) size 741x17
          text run at (0,34) width 741: "Pass if the ellipsis do not overlap the text and the underlines for the links are placed under the text and not the ellipsis. "
        RenderBR {BR} at (741,48) size 0x0
        RenderBR {BR} at (0,51) size 0x17
        RenderText {#text} at (0,68) size 35x17
          text run at (0,68) width 35: "RTL:"
      RenderBlock (anonymous) at (0,127) size 769x17
        RenderText {#text} at (0,0) size 95x17
          text run at (0,0) width 95: "RTL Override:"
      RenderBlock (anonymous) at (0,186) size 769x17
        RenderText {#text} at (0,0) size 63x17
          text run at (0,0) width 63: "RTL link:"
      RenderBlock (anonymous) at (0,245) size 769x17
        RenderText {#text} at (0,0) size 134x17
          text run at (0,0) width 134: "RTL with ltr content:"
      RenderBlock (anonymous) at (0,304) size 769x17
        RenderText {#text} at (0,0) size 162x17
          text run at (0,0) width 162: "RTL link with ltr content:"
      RenderBlock (anonymous) at (0,363) size 769x17
        RenderText {#text} at (0,0) size 63x17
          text run at (0,0) width 63: "LTR link:"
      RenderBlock (anonymous) at (0,422) size 769x17
        RenderText {#text} at (0,0) size 35x17
          text run at (0,0) width 35: "LTR:"
      RenderBlock (anonymous) at (0,481) size 769x17
        RenderText {#text} at (0,0) size 134x17
          text run at (0,0) width 134: "LTR with rtl content:"
      RenderBlock (anonymous) at (0,540) size 769x17
        RenderText {#text} at (0,0) size 178x17
          text run at (0,0) width 178: "LTR with forced rtl content:"
      RenderBlock (anonymous) at (0,599) size 769x17
        RenderText {#text} at (0,0) size 162x17
          text run at (0,0) width 162: "LTR link with rtl content:"
      RenderBlock (anonymous) at (0,658) size 769x17
        RenderText {#text} at (0,0) size 206x17
          text run at (0,0) width 206: "LTR link with forced rtl content:"
layer at (8,93) size 182x22 clip at (9,94) size 180x20 scrollX 193 scrollWidth 373
  RenderBlock {DIV} at (0,85) size 182x22 [border: (1px solid #000000)]
    RenderText {#text} at (-192,1) size 373x17
      text run at (-192,1) width 373 RTL: "\x{5DB}\x{5E9}\x{5D4}\x{5D8}\x{5E7}\x{5E1}\x{5D8} \x{5E2}\x{5E8}\x{5D5}\x{5DA} \x{5DE}\x{5D3}\x{5D9} \x{5E0}\x{5E8}\x{5E6}\x{5D4} \x{5DC}\x{5D4}\x{5D5}\x{5E1}\x{5D9}\x{5E3} \x{5D0}\x{5DC}\x{5D9}\x{5E4}\x{5E1}\x{5D5}\x{5EA} \x{5D1}\x{5E1}\x{5D5}\x{5E3} \x{5E9}\x{5D5}\x{5E8}\x{5D4}"
layer at (8,152) size 182x22 clip at (9,153) size 180x20 scrollX 140 scrollWidth 320
  RenderBlock {DIV} at (0,144) size 182x22 [border: (1px solid #000000)]
    RenderText {#text} at (-139,1) size 320x17
      text run at (-139,1) width 320 RTL override: "Lorem ipsum dolor sit amet, consectetur adipiscing"
layer at (8,211) size 182x22 clip at (9,212) size 180x20 scrollX 140 scrollWidth 320
  RenderBlock {DIV} at (0,203) size 182x22 [border: (1px solid #000000)]
    RenderInline {A} at (0,0) size 320x17 [color=#0000EE]
      RenderText {#text} at (-139,1) size 320x17
        text run at (-139,1) width 320 RTL override: "Lorem ipsum dolor sit amet, consectetur adipiscing"
    RenderText {#text} at (0,0) size 0x0
layer at (8,270) size 182x22 clip at (9,271) size 180x20 scrollX 140 scrollWidth 320
  RenderBlock {DIV} at (0,262) size 182x22 [border: (1px solid #000000)]
    RenderText {#text} at (-139,1) size 320x17
      text run at (-139,1) width 320: "Lorem ipsum dolor sit amet, consectetur adipiscing"
layer at (8,329) size 182x22 clip at (9,330) size 180x20 scrollX 140 scrollWidth 320
  RenderBlock {DIV} at (0,321) size 182x22 [border: (1px solid #000000)]
    RenderInline {A} at (0,0) size 320x17 [color=#0000EE]
      RenderText {#text} at (-139,1) size 320x17
        text run at (-139,1) width 320: "Lorem ipsum dolor sit amet, consectetur adipiscing"
    RenderText {#text} at (0,0) size 0x0
layer at (8,388) size 182x22 clip at (9,389) size 180x20 scrollWidth 320
  RenderBlock {DIV} at (0,380) size 182x22 [border: (1px solid #000000)]
    RenderInline {A} at (0,0) size 320x17 [color=#0000EE]
      RenderText {#text} at (1,1) size 320x17
        text run at (1,1) width 320: "Lorem ipsum dolor sit amet, consectetur adipiscing"
    RenderText {#text} at (0,0) size 0x0
layer at (8,447) size 182x22 clip at (9,448) size 180x20 scrollWidth 320
  RenderBlock {DIV} at (0,439) size 182x22 [border: (1px solid #000000)]
    RenderText {#text} at (1,1) size 320x17
      text run at (1,1) width 320: "Lorem ipsum dolor sit amet, consectetur adipiscing"
layer at (8,506) size 182x22 clip at (9,507) size 180x20 scrollWidth 373
  RenderBlock {DIV} at (0,498) size 182x22 [border: (1px solid #000000)]
    RenderText {#text} at (1,1) size 373x17
      text run at (1,1) width 373 RTL: "\x{5DB}\x{5E9}\x{5D4}\x{5D8}\x{5E7}\x{5E1}\x{5D8} \x{5E2}\x{5E8}\x{5D5}\x{5DA} \x{5DE}\x{5D3}\x{5D9} \x{5E0}\x{5E8}\x{5E6}\x{5D4} \x{5DC}\x{5D4}\x{5D5}\x{5E1}\x{5D9}\x{5E3} \x{5D0}\x{5DC}\x{5D9}\x{5E4}\x{5E1}\x{5D5}\x{5EA} \x{5D1}\x{5E1}\x{5D5}\x{5E3} \x{5E9}\x{5D5}\x{5E8}\x{5D4}"
layer at (8,565) size 182x22 clip at (9,566) size 180x20 scrollWidth 320
  RenderBlock {DIV} at (0,557) size 182x22 [border: (1px solid #000000)]
    RenderInline {SPAN} at (0,0) size 320x17
      RenderText {#text} at (1,1) size 320x17
        text run at (1,1) width 320 RTL override: "Lorem ipsum dolor sit amet, consectetur adipiscing"
    RenderText {#text} at (0,0) size 0x0
layer at (8,624) size 182x22 clip at (9,625) size 180x20 scrollWidth 373
  RenderBlock {DIV} at (0,616) size 182x22 [border: (1px solid #000000)]
    RenderInline {A} at (0,0) size 373x17 [color=#0000EE]
      RenderText {#text} at (1,1) size 373x17
        text run at (1,1) width 373 RTL: "\x{5DB}\x{5E9}\x{5D4}\x{5D8}\x{5E7}\x{5E1}\x{5D8} \x{5E2}\x{5E8}\x{5D5}\x{5DA} \x{5DE}\x{5D3}\x{5D9} \x{5E0}\x{5E8}\x{5E6}\x{5D4} \x{5DC}\x{5D4}\x{5D5}\x{5E1}\x{5D9}\x{5E3} \x{5D0}\x{5DC}\x{5D9}\x{5E4}\x{5E1}\x{5D5}\x{5EA} \x{5D1}\x{5E1}\x{5D5}\x{5E3} \x{5E9}\x{5D5}\x{5E8}\x{5D4}"
    RenderText {#text} at (0,0) size 0x0
layer at (8,683) size 182x22 clip at (9,684) size 180x20 scrollWidth 320
  RenderBlock {DIV} at (0,675) size 182x22 [border: (1px solid #000000)]
    RenderInline {A} at (0,0) size 320x17 [color=#0000EE]
      RenderText {#text} at (0,0) size 0x0
      RenderInline {SPAN} at (0,0) size 320x17
        RenderText {#text} at (1,1) size 320x17
          text run at (1,1) width 320 RTL override: "Lorem ipsum dolor sit amet, consectetur adipiscing"
      RenderText {#text} at (0,0) size 0x0
    RenderText {#text} at (0,0) size 0x0
