layer at (0,0) size 800x600
  RenderView at (0,0) size 800x600
layer at (0,0) size 800x200
  RenderBlock {HTML} at (0,0) size 800x200
    RenderBody {BODY} at (8,16) size 784x176
      RenderBlock {P} at (0,0) size 784x17
        RenderText {#text} at (0,0) size 381x17
          text run at (0,0) width 381: "You should not see any pixel artifacts around the reflections."
      RenderBlock (anonymous) at (0,33) size 784x143
        RenderText {#text} at (140,126) size 4x17
          text run at (140,126) width 4: " "
        RenderText {#text} at (284,126) size 4x17
          text run at (284,126) width 4: " "
        RenderText {#text} at (0,0) size 0x0
layer at (28,69) size 100x100
  RenderBlock {DIV} at (20,20) size 100x100 [bgcolor=#000000]
layer at (172,69) size 100x100
  RenderBlock {DIV} at (164,20) size 100x100 [bgcolor=#000000]
layer at (316,69) size 100x100
  RenderBlock {DIV} at (308,20) size 100x100 [bgcolor=#000000]
