layer at (0,0) size 800x600
  RenderView at (0,0) size 800x600
layer at (0,0) size 800x278
  RenderBlock {HTML} at (0,0) size 800x278
    RenderBody {BODY} at (8,16) size 784x254
      RenderBlock {P} at (0,0) size 784x18
        RenderText {#text} at (0,0) size 430x18
          text run at (0,0) width 430: "Tests that in-band caption container expands when subtitles don't fit."
      RenderBlock (anonymous) at (0,34) size 784x184
        RenderText {#text} at (0,0) size 0x0
      RenderBlock {DIV} at (0,218) size 784x36
        RenderText {#text} at (0,0) size 107x18
          text run at (0,0) width 107: "EVENT(seeked)"
        RenderBR {BR} at (107,0) size 0x18
        RenderText {#text} at (0,18) size 102x18
          text run at (0,18) width 102: "END OF TEST"
        RenderBR {BR} at (102,18) size 0x18
layer at (8,50) size 320x180
  RenderVideo {VIDEO} at (0,0) size 320x180
layer at (8,50) size 320x180
  RenderFlexibleBox {DIV} at (0,0) size 320x180
layer at (8,50) size 320x155
  RenderBlock (relative positioned) {DIV} at (0,0) size 320x155 [color=#FFFFFF]
layer at (123,140) size 89x62 scrollWidth 90
  RenderBlock (positioned) {DIV} at (115,89) size 90x63
    RenderBlock {DIV} at (0,0) size 89x62
      RenderInline {SPAN} at (0,0) size 90x62 [color=#FFFF00CC] [bgcolor=#000000CC]
        RenderText {#text} at (0,0) size 90x62
          text run at (0,0) width 89: "English"
          text run at (89,0) width 1: " "
          text run at (37,31) width 15: "5"
          text run at (52,31) width 8: " "
layer at (8,205) size 320x25
  RenderFlexibleBox {DIV} at (0,155) size 320x25
layer at (14,210) size 16x16
  RenderButton {BUTTON} at (6,4) size 16x17 [color=#FFFFFF]
layer at (40,210) size 16x16
  RenderButton {BUTTON} at (32,5) size 16x16 [color=#FFFFFF]
layer at (57,213) size 187x11
  RenderFlexibleBox {DIV} at (49,7) size 187x12
layer at (57,213) size 45x11
  RenderFlexibleBox {DIV} at (0,0) size 45x11 [color=#FFFFFF]
    RenderBlock (anonymous) at (10,0) size 25x11
      RenderText {#text} at (0,0) size 25x11
        text run at (0,0) width 25: "00:09"
layer at (199,213) size 45x11
  RenderFlexibleBox {DIV} at (142,0) size 45x11 [color=#FFFFFF]
    RenderBlock (anonymous) at (8,0) size 29x11
      RenderText {#text} at (0,0) size 29x11
        text run at (0,0) width 29: "-00:20"
layer at (104,214) size 93x9
  RenderFlexibleBox {DIV} at (47,1) size 93x9
    RenderSlider {INPUT} at (0,0) size 93x9 [color=#909090] [bgcolor=#4A4A4A]
      RenderFlexibleBox {DIV} at (0,0) size 93x9
        RenderBlock {DIV} at (0,1) size 93x7
layer at (132,215) size 6x6
  RenderBlock {DIV} at (27,0) size 7x6 [bgcolor=#FFFFFF]
layer at (244,207) size 22x22
  RenderFlexibleBox {DIV} at (236,2) size 22x22
layer at (244,207) size 2x22
  RenderFlexibleBox {DIV} at (0,0) size 2x22 [border: (1px solid #000000F3)]
    RenderSlider {INPUT} at (-7,6) size 2x10 [color=#909090] [border: (1px solid #000000DF)]
      RenderFlexibleBox {DIV} at (1,1) size 0x8
        RenderBlock {DIV} at (0,0) size 0x8
layer at (230,214) size 8x8
  RenderBlock {DIV} at (-8,0) size 8x8
layer at (247,210) size 16x16
  RenderButton {BUTTON} at (3,3) size 16x16 [color=#FFFFFF]
layer at (275,210) size 16x16
  RenderButton {BUTTON} at (267,5) size 16x16 [color=#FFFFFF]
layer at (305,210) size 16x16
  RenderButton {BUTTON} at (297,5) size 16x16 [color=#FFFFFF]
