layer at (0,0) size 800x600
  RenderView at (0,0) size 800x600
layer at (0,0) size 800x600
  RenderBlock {HTML} at (0,0) size 800x600
    RenderBody {BODY} at (8,8) size 784x584
      RenderBlock {P} at (0,0) size 784x51
        RenderText {#text} at (0,0) size 770x51
          text run at (0,0) width 764: "This tests for a crash when performing a selection modification, when a node containing the selection was made invisible,"
          text run at (0,17) width 363: "and when there is nowhere visible for the selection to go. "
          text run at (363,17) width 407: "For example, set the caret inside of an editable div, and make the"
          text run at (0,34) width 492: "div invisible, then try to move the selection forward/backward by a paragraph."
      RenderBlock {DIV} at (0,67) size 784x17
caret: position 0 of child 2 {DIV} of body
