layer at (0,0) size 800x600
  RenderView at (0,0) size 800x600
layer at (0,0) size 800x135
  RenderBlock {HTML} at (0,0) size 800x135
    RenderBody {BODY} at (8,16) size 784x111
      RenderBlock {P} at (0,0) size 784x34
        RenderText {#text} at (0,0) size 758x34
          text run at (0,0) width 758: "This tests that clicking in a contenteditable div will set the caret in the right position for LTR text in a RTL block. To test"
          text run at (0,17) width 447: "manually, click the left of the text. The caret should be on the left edge."
      RenderBlock {DIV} at (0,50) size 222x44 [border: (1px solid #000000)]
        RenderText {#text} at (137,11) size 74x22
          text run at (137,11) width 74: "WebKit2"
      RenderBlock (anonymous) at (0,94) size 784x17
        RenderText {#text} at (0,0) size 39x17
          text run at (0,0) width 39: "PASS"
        RenderBR {BR} at (39,0) size 0x17
caret: position 7 of child 0 {#text} of child 3 {DIV} of body
