layer at (0,0) size 800x600
  RenderView at (0,0) size 800x600
layer at (0,0) size 800x600
  RenderBlock {HTML} at (0,0) size 800x600
    RenderBody {BODY} at (8,8) size 784x584
      RenderBlock {P} at (0,0) size 784x34
        RenderText {#text} at (0,0) size 779x34
          text run at (0,0) width 779: "This tests creating a selection based inside a nested editable region that extends out to editable content that is inside the same"
          text run at (0,17) width 135: "highest editable root. "
          text run at (135,17) width 256: "'One' through 'Three' should be selected."
      RenderBlock {DIV} at (0,50) size 784x51
        RenderBlock {DIV} at (0,0) size 784x17
          RenderText {#text} at (0,0) size 27x17
            text run at (0,0) width 27: "One"
        RenderBlock {DIV} at (0,17) size 784x17
          RenderInline {SPAN} at (0,0) size 30x17
            RenderText {#text} at (0,0) size 30x17
              text run at (0,0) width 30: "Two"
          RenderText {#text} at (30,0) size 4x17
            text run at (30,0) width 4: " "
          RenderInline {SPAN} at (0,0) size 37x17
            RenderText {#text} at (34,0) size 37x17
              text run at (34,0) width 37: "Three"
        RenderBlock {DIV} at (0,34) size 784x17
          RenderText {#text} at (0,0) size 30x17
            text run at (0,0) width 30: "Four"
selection start: position 0 of child 0 {#text} of child 1 {DIV} of child 2 {DIV} of body
selection end:   position 5 of child 0 {#text} of child 2 {SPAN} of child 3 {DIV} of child 2 {DIV} of body
