layer at (0,0) size 800x600
  RenderView at (0,0) size 800x600
layer at (0,0) size 800x600
  RenderBlock {HTML} at (0,0) size 800x600
    RenderBody {BODY} at (8,8) size 784x584
      RenderBlock {P} at (0,0) size 784x34
        RenderText {#text} at (0,0) size 776x34
          text run at (0,0) width 776: "This test ensures selection that crosses the shadow DOM boundary of a readonly input element cannot be made by a mouse"
          text run at (0,17) width 32: "drag."
      RenderBlock {P} at (0,50) size 784x34
        RenderText {#text} at (0,0) size 762x34
          text run at (0,0) width 762: "To manually test, select text by a mouse drag starting in \"hello\" and ending in \"WebKit\". Selection should extend only in"
          text run at (0,17) width 244: "the input element that contains \"hello\"."
      RenderBlock {DIV} at (0,100) size 784x27
        RenderTextControl {INPUT} at (0,2) size 63x23 [bgcolor=#FFFFFF] [border: (2px inset #000000)]
        RenderText {#text} at (63,5) size 4x17
          text run at (63,5) width 4: " "
        RenderInline {SPAN} at (0,0) size 37x17
          RenderText {#text} at (67,5) size 37x17
            text run at (67,5) width 37: "world"
        RenderText {#text} at (104,5) size 4x17
          text run at (104,5) width 4: " "
        RenderTextControl {INPUT} at (108,2) size 63x23 [bgcolor=#FFFFFF] [border: (2px inset #000000)]
        RenderText {#text} at (0,0) size 0x0
layer at (11,113) size 57x17
  RenderBlock {DIV} at (3,3) size 57x17
    RenderText {#text} at (0,0) size 35x17
      text run at (0,0) width 35: "hello"
layer at (119,113) size 57x17
  RenderBlock {DIV} at (3,3) size 57x17
    RenderText {#text} at (0,0) size 52x17
      text run at (0,0) width 52: "WebKit"
selection start: position 4 of child 0 {#text} of child 0 {DIV} of {#document-fragment} of child 1 {INPUT} of child 5 {DIV} of body
selection end:   position 5 of child 0 {#text} of child 0 {DIV} of {#document-fragment} of child 1 {INPUT} of child 5 {DIV} of body
