EDITING DELEGATE: shouldBeginEditingInDOMRange:range from 0 of DIV > BODY > HTML > #document to 3 of DIV > BODY > HTML > #document
EDITING DELEGATE: webViewDidBeginEditing:WebViewDidBeginEditingNotification
EDITING DELEGATE: webViewDidChangeSelection:WebViewDidChangeSelectionNotification
layer at (0,0) size 800x600
  RenderView at (0,0) size 800x600
layer at (0,0) size 800x600
  RenderBlock {HTML} at (0,0) size 800x600
    RenderBody {BODY} at (8,8) size 784x584
      RenderBlock {P} at (0,0) size 784x17
        RenderText {#text} at (0,0) size 369x17
          text run at (0,0) width 369: "This tests the caret position for the caret after a block table."
      RenderBlock {DIV} at (0,33) size 784x107
        RenderBlock (anonymous) at (0,0) size 784x17
          RenderText {#text} at (0,0) size 21x17
            text run at (0,0) width 21: "foo"
        RenderTable {TABLE} at (0,17) size 51x73 [border: (1px solid #999999)]
          RenderTableSection {TBODY} at (1,1) size 49x71
            RenderTableRow {TR} at (0,2) size 49x21
              RenderTableCell {TD} at (2,2) size 45x21 [border: (1px solid #999999)] [r=0 c=0 rs=1 cs=1]
                RenderText {#text} at (2,2) size 22x17
                  text run at (2,2) width 22: "this"
            RenderTableRow {TR} at (0,25) size 49x21
              RenderTableCell {TD} at (2,25) size 45x21 [border: (1px solid #999999)] [r=1 c=0 rs=1 cs=1]
                RenderText {#text} at (2,2) size 10x17
                  text run at (2,2) width 10: "is"
            RenderTableRow {TR} at (0,48) size 49x21
              RenderTableCell {TD} at (2,48) size 45x21 [border: (1px solid #999999)] [r=2 c=0 rs=1 cs=1]
                RenderText {#text} at (2,2) size 41x17
                  text run at (2,2) width 41: "a table"
        RenderBlock (anonymous) at (0,90) size 784x17
          RenderText {#text} at (0,0) size 22x17
            text run at (0,0) width 22: "baz"
caret: position 1 of child 1 {TABLE} of child 2 {DIV} of body
