EDITING DELEGATE: shouldChangeSelectedDOMRange:(null) toDOMRange:range from 15 of #text > DIV > BODY > HTML > #document to 15 of #text > DIV > BODY > HTML > #document affinity:NSSelectionAffinityDownstream stillSelecting:FALSE
EDITING DELEGATE: webViewDidChangeSelection:WebViewDidChangeSelectionNotification
EDITING DELEGATE: shouldChangeSelectedDOMRange:range from 15 of #text > DIV > BODY > HTML > #document to 15 of #text > DIV > BODY > HTML > #document toDOMRange:range from 11 of #text > DIV > BODY > HTML > #document to 4 of #text > DIV > BODY > HTML > #document affinity:NSSelectionAffinityDownstream stillSelecting:FALSE
EDITING DELEGATE: webViewDidChangeSelection:WebViewDidChangeSelectionNotification
EDITING DELEGATE: shouldChangeSelectedDOMRange:range from 11 of #text > DIV > BODY > HTML > #document to 4 of #text > DIV > BODY > HTML > #document toDOMRange:range from 11 of #text > DIV > BODY > HTML > #document to 4 of #text > DIV > BODY > HTML > #document affinity:NSSelectionAffinityDownstream stillSelecting:FALSE
EDITING DELEGATE: webViewDidChangeSelection:WebViewDidChangeSelectionNotification
layer at (0,0) size 800x600
  RenderView at (0,0) size 800x600
layer at (0,0) size 800x600
  RenderBlock {HTML} at (0,0) size 800x600
    RenderBody {BODY} at (8,8) size 784x584
      RenderBlock {P} at (0,0) size 784x17
        RenderText {#text} at (0,0) size 678x17
          text run at (0,0) width 379: "This tests modifying a selection created with a double click. "
          text run at (379,0) width 299: "The new selection should use word granularity."
      RenderBlock {P} at (0,33) size 784x51 [color=#008000]
        RenderText {#text} at (0,0) size 778x51
          text run at (0,0) width 224: "This test does not run interactively. "
          text run at (224,0) width 352: "It uses the testRunners eventSender to do mouse clicks. "
          text run at (576,0) width 202: "To run it manually, double click"
          text run at (0,17) width 284: "on the blue 'g', then drag down to the red 'g'. "
          text run at (284,17) width 490: "As you drag, watch the selection that is created, it should always start and end"
          text run at (0,34) width 130: "on word boundaries."
      RenderBlock {DIV} at (0,100) size 784x102
        RenderText {#text} at (0,0) size 84x17
          text run at (0,0) width 84: "This is a para"
        RenderInline {SPAN} at (0,0) size 8x17 [color=#0000FF]
          RenderText {#text} at (84,0) size 8x17
            text run at (84,0) width 8: "g"
        RenderText {#text} at (92,0) size 32x17
          text run at (92,0) width 32: "raph."
        RenderBR {BR} at (124,14) size 0x0
        RenderText {#text} at (0,17) size 63x17
          text run at (0,17) width 63: "Some text"
        RenderBR {BR} at (63,31) size 0x0
        RenderText {#text} at (0,34) size 63x17
          text run at (0,34) width 63: "Some text"
        RenderBR {BR} at (63,48) size 0x0
        RenderText {#text} at (0,51) size 63x17
          text run at (0,51) width 63: "Some text"
        RenderBR {BR} at (63,65) size 0x0
        RenderText {#text} at (0,68) size 63x17
          text run at (0,68) width 63: "Some text"
        RenderBR {BR} at (63,82) size 0x0
        RenderText {#text} at (0,85) size 84x17
          text run at (0,85) width 84: "This is a para"
        RenderInline {SPAN} at (0,0) size 8x17 [color=#FF0000]
          RenderText {#text} at (84,85) size 8x17
            text run at (84,85) width 8: "g"
        RenderText {#text} at (92,85) size 32x17
          text run at (92,85) width 32: "raph."
selection start: position 11 of child 0 {#text} of child 5 {DIV} of body
selection end:   position 4 of child 14 {#text} of child 5 {DIV} of body
