layer at (0,0) size 800x600
  RenderView at (0,0) size 800x600
layer at (0,0) size 800x600
  RenderBlock {HTML} at (0,0) size 800x600
    RenderBody {BODY} at (8,8) size 784x584
      RenderBlock {P} at (0,0) size 784x17
        RenderText {#text} at (0,0) size 67x17
          text run at (0,0) width 67: "All of this "
        RenderInline {SPAN} at (0,0) size 88x17
          RenderText {#text} at (67,0) size 88x17
            text run at (67,0) width 88: "text should be"
        RenderText {#text} at (155,0) size 43x17
          text run at (155,0) width 43: " green."
      RenderBlock {UL} at (0,33) size 784x17
        RenderListItem {LI} at (40,0) size 744x17
          RenderListMarker at (-17,0) size 7x17: bullet
          RenderText {#text} at (0,0) size 373x17
            text run at (0,0) width 373: "All of this text should be green. The bullet should be black."
      RenderBlock {DIV} at (0,66) size 784x53 [color=#FF0000]
        RenderInline {SPAN} at (0,0) size 429x17 [color=#008000]
          RenderInline (generated) at (0,0) size 35x53
            RenderText {#text} at (0,0) size 35x53
              text run at (0,0) width 35: "A"
          RenderText {#text} at (35,29) size 394x17
            text run at (35,29) width 394: "ll of this text should be green, including the big \"A\" first-letter."
      RenderBlock {P} at (0,135) size 784x0
      RenderBlock {DIV} at (0,135) size 784x17
        RenderBlock {DIV} at (0,0) size 163x17 [color=#FF0000]
          RenderText {#text} at (0,0) size 163x17
            text run at (0,0) width 163: "This text should be green."
