layer at (0,0) size 800x600
  RenderView at (0,0) size 800x600
layer at (0,0) size 800x232
  RenderBlock {HTML} at (0,0) size 800x232
    RenderBody {BODY} at (8,16) size 784x200
      RenderBlock {P} at (0,0) size 784x17
        RenderText {#text} at (0,0) size 458x17
          text run at (0,0) width 458: "Each link below should display the text \"n(href=n)\" where n is a number"
      RenderBlock {P} at (0,33) size 784x17
        RenderText {#text} at (0,0) size 323x17
          text run at (0,0) width 323: "The href attribute of the last one is changed onload."
      RenderBlock {HR} at (0,66) size 784x2 [border: (1px inset #000000)]
      RenderBlock {P} at (0,84) size 784x17
        RenderInline {A} at (0,0) size 60x17 [color=#0000EE]
          RenderText {#text} at (0,0) size 8x17
            text run at (0,0) width 8: "1"
          RenderInline (generated) at (0,0) size 52x17
            RenderText at (8,0) size 52x17
              text run at (8,0) width 52: "(href=1)"
      RenderBlock {P} at (0,117) size 784x17
        RenderInline {A} at (0,0) size 60x17 [color=#0000EE]
          RenderText {#text} at (0,0) size 8x17
            text run at (0,0) width 8: "2"
          RenderInline (generated) at (0,0) size 52x17
            RenderText at (8,0) size 52x17
              text run at (8,0) width 52: "(href=2)"
      RenderBlock {P} at (0,150) size 784x17
        RenderInline {A} at (0,0) size 60x17 [color=#0000EE]
          RenderText {#text} at (0,0) size 8x17
            text run at (0,0) width 8: "3"
          RenderInline (generated) at (0,0) size 52x17
            RenderText at (8,0) size 52x17
              text run at (8,0) width 52: "(href=3)"
      RenderBlock {P} at (0,183) size 784x17
        RenderInline {A} at (0,0) size 60x17 [color=#0000EE]
          RenderText {#text} at (0,0) size 8x17
            text run at (0,0) width 8: "4"
          RenderInline (generated) at (0,0) size 52x17
            RenderText at (8,0) size 52x17
              text run at (8,0) width 52: "(href=4)"
