layer at (0,0) size 800x600
  RenderView at (0,0) size 800x600
layer at (0,0) size 800x600
  RenderBlock {HTML} at (0,0) size 800x600
    RenderBody {BODY} at (8,8) size 784x582
      RenderBlock {P} at (0,0) size 784x17
        RenderInline {EM} at (0,0) size 629x17
          RenderText {#text} at (0,0) size 629x17
            text run at (0,0) width 629: "When an :after rule has multiple pieces of content, older versions of Safari display them backwards."
      RenderBlock {DIV} at (10,33) size 764x50 [border: (1px solid #000000)]
        RenderText {#text} at (11,22) size 44x17
          text run at (11,22) width 44: "Inline: "
        RenderInline (generated) at (0,0) size 483x17
          RenderText at (55,22) size 235x17
            text run at (55,22) width 235: "This should be before the green box. "
          RenderImage at (290,11) size 25x25
          RenderText at (315,22) size 223x17
            text run at (315,22) width 223: " This should be after the green box."
      RenderBlock {DIV} at (10,93) size 764x84 [border: (1px solid #000000)]
        RenderText {#text} at (11,56) size 84x17
          text run at (11,56) width 84: "Inline-block: "
        RenderBlock (generated) at (95,11) size 200x62
          RenderText at (0,0) size 199x45
            text run at (0,0) width 199: "This should be before the green"
            text run at (0,28) width 32: "box. "
          RenderImage at (32,17) size 25x25
          RenderText at (57,28) size 186x34
            text run at (57,28) width 129: " This should be after"
            text run at (0,45) width 90: "the green box."
      RenderBlock {DIV} at (10,187) size 764x101 [border: (1px solid #000000)]
        RenderBlock (anonymous) at (11,11) size 742x17
          RenderText {#text} at (0,0) size 42x17
            text run at (0,0) width 42: "Block:"
        RenderBlock (generated) at (11,28) size 200x62
          RenderText at (0,0) size 199x45
            text run at (0,0) width 199: "This should be before the green"
            text run at (0,28) width 32: "box. "
          RenderImage at (32,17) size 25x25
          RenderText at (57,28) size 186x34
            text run at (57,28) width 129: " This should be after"
            text run at (0,45) width 90: "the green box."
