layer at (0,0) size 800x600
  RenderView at (0,0) size 800x600
layer at (0,0) size 800x600
  RenderBlock {HTML} at (0,0) size 800x600
    RenderBody {BODY} at (8,8) size 784x584
      RenderBlock {H1} at (0,0) size 784x36
        RenderText {#text} at (0,0) size 90x36
          text run at (0,0) width 90: "Blocks"
      RenderBlock {DIV} at (0,57) size 784x18
        RenderInline (generated) at (0,0) size 35x17
          RenderText at (0,0) size 35x17
            text run at (0,0) width 35: "Test: "
        RenderText {#text} at (35,0) size 46x17
          text run at (35,0) width 46: "content"
      RenderBlock {DIV} at (0,74) size 784x18
        RenderBlock (generated) at (0,0) size 31x17
          RenderText at (0,0) size 31x17
            text run at (0,0) width 31: "Test:"
        RenderText {#text} at (31,0) size 46x17
          text run at (31,0) width 46: "content"
      RenderBlock {DIV} at (0,91) size 784x18
        RenderTable at (0,0) size 31x17
          RenderTableSection (anonymous) at (0,0) size 31x17
            RenderTableRow (anonymous) at (0,0) size 31x17
              RenderTableCell (anonymous) at (0,0) size 31x17 [r=0 c=0 rs=1 cs=1]
                RenderText at (0,0) size 31x17
                  text run at (0,0) width 31: "Test:"
        RenderText {#text} at (31,0) size 46x17
          text run at (31,0) width 46: "content"
      RenderBlock {H1} at (0,129) size 784x37
        RenderText {#text} at (0,0) size 92x36
          text run at (0,0) width 92: "Inlines"
      RenderBlock (anonymous) at (0,187) size 784x52
        RenderInline {SPAN} at (0,0) size 81x17
          RenderInline (generated) at (0,0) size 35x17
            RenderText at (0,0) size 35x17
              text run at (0,0) width 35: "Test: "
          RenderText {#text} at (35,0) size 46x17
            text run at (35,0) width 46: "content"
        RenderBR {BR} at (81,14) size 0x0
        RenderInline {SPAN} at (0,0) size 77x17
          RenderBlock (generated) at (0,17) size 31x17
            RenderText at (0,0) size 31x17
              text run at (0,0) width 31: "Test:"
          RenderText {#text} at (31,17) size 46x17
            text run at (31,17) width 46: "content"
        RenderBR {BR} at (77,31) size 0x0
        RenderInline {SPAN} at (0,0) size 77x17
          RenderTable at (0,34) size 31x17
            RenderTableSection (anonymous) at (0,0) size 31x17
              RenderTableRow (anonymous) at (0,0) size 31x17
                RenderTableCell (anonymous) at (0,0) size 31x17 [r=0 c=0 rs=1 cs=1]
                  RenderText at (0,0) size 31x17
                    text run at (0,0) width 31: "Test:"
          RenderText {#text} at (31,34) size 46x17
            text run at (31,34) width 46: "content"
        RenderBR {BR} at (77,48) size 0x0
