layer at (0,0) size 785x718
  RenderView at (0,0) size 785x600
layer at (0,0) size 785x718
  RenderBlock {HTML} at (0,0) size 785x719
    RenderBody {BODY} at (8,8) size 769x703 [color=#008000] [bgcolor=#CCCCCC]
      RenderBlock {P} at (0,0) size 769x17
        RenderText {#text} at (0,0) size 355x17
          text run at (0,0) width 355: "The style declarations which apply to the text below are:"
      RenderBlock {PRE} at (0,33) size 769x105
        RenderText {#text} at (0,0) size 272x105
          text run at (0,0) width 160: "BODY {color: green;}"
          text run at (0,15) width 136: "H3 {color: blue;}"
          text run at (0,30) width 152: "EM {color: purple;}"
          text run at (0,45) width 208: ".one {font-style: italic;}"
          text run at (0,60) width 272: ".two {text-decoration: underline;}"
          text run at (0,75) width 152: "#two {color: navy;}"
          text run at (0,90) width 184: ".three {color: purple;}"
      RenderBlock {HR} at (0,151) size 769x2 [border: (1px inset #008000)]
      RenderBlock {H3} at (0,171) size 769x22 [color=#0000FF]
        RenderText {#text} at (0,0) size 220x21
          text run at (0,0) width 220: "This sentence should show "
        RenderInline {STRONG} at (0,0) size 35x21
          RenderText {#text} at (220,0) size 35x21
            text run at (220,0) width 35: "blue"
        RenderText {#text} at (255,0) size 42x21
          text run at (255,0) width 42: " and "
        RenderInline {EM} at (0,0) size 51x21 [color=#800080]
          RenderText {#text} at (297,0) size 51x21
            text run at (297,0) width 51: "purple"
        RenderText {#text} at (348,0) size 5x21
          text run at (348,0) width 5: "."
      RenderBlock {H3} at (0,211) size 769x22 [color=#0000FF]
        RenderText {#text} at (0,0) size 197x21
          text run at (0,0) width 197: "This sentence should be "
        RenderInline {SPAN} at (0,0) size 34x21
          RenderText {#text} at (197,0) size 34x21
            text run at (197,0) width 34: "blue"
        RenderText {#text} at (231,0) size 104x21
          text run at (231,0) width 104: " throughout."
      RenderBlock {P} at (0,251) size 769x18
        RenderText {#text} at (0,0) size 226x17
          text run at (0,0) width 226: "This should be green except for the "
        RenderInline {EM} at (0,0) size 117x17 [color=#800080]
          RenderText {#text} at (226,0) size 117x17
            text run at (226,0) width 117: "emphasized words"
        RenderText {#text} at (343,0) size 160x17
          text run at (343,0) width 160: ", which should be purple."
      RenderBlock {H3} at (0,286) size 769x22 [color=#0000FF]
        RenderText {#text} at (0,0) size 296x21
          text run at (0,0) width 296: "This should be blue and underlined."
      RenderBlock {P} at (0,326) size 769x19
        RenderText {#text} at (0,0) size 293x17
          text run at (0,0) width 293: "This sentence should be underlined, including "
        RenderInline {TT} at (0,0) size 72x15
          RenderText {#text} at (293,3) size 72x15
            text run at (293,3) width 72: "this part"
        RenderText {#text} at (365,0) size 8x17
          text run at (365,0) width 8: ", "
        RenderInline {I} at (0,0) size 52x17
          RenderText {#text} at (373,0) size 52x17
            text run at (373,0) width 52: "this part"
        RenderText {#text} at (425,0) size 8x17
          text run at (425,0) width 8: ", "
        RenderInline {EM} at (0,0) size 52x17 [color=#800080]
          RenderText {#text} at (433,0) size 52x17
            text run at (433,0) width 52: "this part"
        RenderText {#text} at (485,0) size 35x17
          text run at (485,0) width 35: ", and "
        RenderInline {STRONG} at (0,0) size 57x17
          RenderText {#text} at (520,0) size 57x17
            text run at (520,0) width 57: "this part"
        RenderText {#text} at (577,0) size 4x17
          text run at (577,0) width 4: "."
      RenderBlock {P} at (0,360) size 769x19 [color=#000080]
        RenderText {#text} at (0,0) size 436x17
          text run at (0,0) width 436: "This sentence should also be underlined, as well as dark blue (navy), "
        RenderInline {TT} at (0,0) size 152x15
          RenderText {#text} at (436,3) size 152x15
            text run at (436,3) width 152: "including this part"
        RenderText {#text} at (588,0) size 4x17
          text run at (588,0) width 4: "."
      RenderBlock {P} at (0,394) size 769x18 [color=#800080]
        RenderText {#text} at (0,0) size 266x17
          text run at (0,0) width 266: "This sentence should be purple, including "
        RenderInline {STRONG} at (0,0) size 57x17
          RenderText {#text} at (266,0) size 57x17
            text run at (266,0) width 57: "this part"
        RenderText {#text} at (323,0) size 31x17
          text run at (323,0) width 31: " and "
        RenderInline {SPAN} at (0,0) size 173x17
          RenderText {#text} at (354,0) size 173x17
            text run at (354,0) width 173: "this part (which is spanned)"
        RenderText {#text} at (527,0) size 4x17
          text run at (527,0) width 4: "."
      RenderTable {TABLE} at (0,427) size 614x276 [border: (1px outset #808080)]
        RenderTableSection {TBODY} at (1,1) size 612x273
          RenderTableRow {TR} at (0,0) size 612x25
            RenderTableCell {TD} at (0,0) size 612x25 [bgcolor=#C0C0C0] [border: (1px inset #808080)] [r=0 c=0 rs=1 cs=2]
              RenderInline {STRONG} at (0,0) size 163x17
                RenderText {#text} at (4,4) size 163x17
                  text run at (4,4) width 163: "TABLE Testing Section"
          RenderTableRow {TR} at (0,25) size 612x248
            RenderTableCell {TD} at (0,136) size 12x26 [bgcolor=#C0C0C0] [border: (1px inset #808080)] [r=1 c=0 rs=1 cs=1]
              RenderText {#text} at (4,3) size 4x18
                text run at (4,4) width 4: " "
            RenderTableCell {TD} at (12,25) size 600x248 [border: (1px inset #808080)] [r=1 c=1 rs=1 cs=1]
              RenderBlock {H3} at (4,4) size 592x21 [color=#0000FF]
                RenderText {#text} at (0,0) size 220x21
                  text run at (0,0) width 220: "This sentence should show "
                RenderInline {STRONG} at (0,0) size 35x21
                  RenderText {#text} at (220,0) size 35x21
                    text run at (220,0) width 35: "blue"
                RenderText {#text} at (255,0) size 42x21
                  text run at (255,0) width 42: " and "
                RenderInline {EM} at (0,0) size 51x21 [color=#800080]
                  RenderText {#text} at (297,0) size 51x21
                    text run at (297,0) width 51: "purple"
                RenderText {#text} at (348,0) size 5x21
                  text run at (348,0) width 5: "."
              RenderBlock {H3} at (4,43) size 592x22 [color=#0000FF]
                RenderText {#text} at (0,0) size 197x21
                  text run at (0,0) width 197: "This sentence should be "
                RenderInline {SPAN} at (0,0) size 34x21
                  RenderText {#text} at (197,0) size 34x21
                    text run at (197,0) width 34: "blue"
                RenderText {#text} at (231,0) size 104x21
                  text run at (231,0) width 104: " throughout."
              RenderBlock {P} at (4,83) size 592x18
                RenderText {#text} at (0,0) size 226x17
                  text run at (0,0) width 226: "This should be green except for the "
                RenderInline {EM} at (0,0) size 117x17 [color=#800080]
                  RenderText {#text} at (226,0) size 117x17
                    text run at (226,0) width 117: "emphasized words"
                RenderText {#text} at (343,0) size 160x17
                  text run at (343,0) width 160: ", which should be purple."
              RenderBlock {H3} at (4,119) size 592x22 [color=#0000FF]
                RenderText {#text} at (0,0) size 296x21
                  text run at (0,0) width 296: "This should be blue and underlined."
              RenderBlock {P} at (4,158) size 592x19
                RenderText {#text} at (0,0) size 293x17
                  text run at (0,0) width 293: "This sentence should be underlined, including "
                RenderInline {TT} at (0,0) size 72x15
                  RenderText {#text} at (293,3) size 72x15
                    text run at (293,3) width 72: "this part"
                RenderText {#text} at (365,0) size 8x17
                  text run at (365,0) width 8: ", "
                RenderInline {I} at (0,0) size 52x17
                  RenderText {#text} at (373,0) size 52x17
                    text run at (373,0) width 52: "this part"
                RenderText {#text} at (425,0) size 8x17
                  text run at (425,0) width 8: ", "
                RenderInline {EM} at (0,0) size 52x17 [color=#800080]
                  RenderText {#text} at (433,0) size 52x17
                    text run at (433,0) width 52: "this part"
                RenderText {#text} at (485,0) size 35x17
                  text run at (485,0) width 35: ", and "
                RenderInline {STRONG} at (0,0) size 57x17
                  RenderText {#text} at (520,0) size 57x17
                    text run at (520,0) width 57: "this part"
                RenderText {#text} at (577,0) size 4x17
                  text run at (577,0) width 4: "."
              RenderBlock {P} at (4,192) size 592x19 [color=#000080]
                RenderText {#text} at (0,0) size 436x17
                  text run at (0,0) width 436: "This sentence should also be underlined, as well as dark blue (navy), "
                RenderInline {TT} at (0,0) size 152x15
                  RenderText {#text} at (436,3) size 152x15
                    text run at (436,3) width 152: "including this part"
                RenderText {#text} at (588,0) size 4x17
                  text run at (588,0) width 4: "."
              RenderBlock {P} at (4,226) size 592x18 [color=#800080]
                RenderText {#text} at (0,0) size 266x17
                  text run at (0,0) width 266: "This sentence should be purple, including "
                RenderInline {STRONG} at (0,0) size 57x17
                  RenderText {#text} at (266,0) size 57x17
                    text run at (266,0) width 57: "this part"
                RenderText {#text} at (323,0) size 31x17
                  text run at (323,0) width 31: " and "
                RenderInline {SPAN} at (0,0) size 173x17
                  RenderText {#text} at (354,0) size 173x17
                    text run at (354,0) width 173: "this part (which is spanned)"
                RenderText {#text} at (527,0) size 4x17
                  text run at (527,0) width 4: "."
