layer at (0,0) size 800x600
  RenderView at (0,0) size 800x600
layer at (0,0) size 800x33
  RenderBlock {HTML} at (0,0) size 800x33
    RenderBody {BODY} at (8,8) size 784x17 [color=#0000FF]
      RenderBlock {DIV} at (0,0) size 784x17
        RenderTable at (0,0) size 282x17
          RenderTableSection (anonymous) at (0,0) size 282x17
            RenderTableRow (anonymous) at (0,0) size 282x17
              RenderTableCell (anonymous) at (0,0) size 203x17 [r=0 c=0 rs=1 cs=1]
                RenderText at (0,0) size 203x17
                  text run at (0,0) width 203: "You should just see a single line"
              RenderTableCell {DIV} at (203,0) size 4x17 [r=0 c=1 rs=1 cs=1]
                RenderText {#text} at (0,0) size 4x17
                  text run at (0,0) width 4: " "
              RenderTableCell (anonymous) at (207,0) size 75x17 [r=0 c=2 rs=1 cs=1]
                RenderText at (0,0) size 75x17
                  text run at (0,0) width 75: "of blue text."
