layer at (0,0) size 800x600
  RenderView at (0,0) size 800x600
layer at (0,0) size 800x368
  RenderBlock {HTML} at (0,0) size 800x368
    RenderBody {BODY} at (8,16) size 784x336
      RenderBlock {P} at (0,0) size 784x17 [bgcolor=#00FF00]
        RenderText {#text} at (0,0) size 293x17
          text run at (0,0) width 293: "This paragraph should have green background"
      RenderBlock {ADDRESS} at (0,33) size 784x17
        RenderText {#text} at (0,0) size 333x17
          text run at (0,0) width 333: "But this address is here only to fill space in the dom.."
      RenderBlock {P} at (0,66) size 784x17
        RenderText {#text} at (0,0) size 152x17
          text run at (0,0) width 152: "So does this paragraph !"
      RenderBlock {P} at (0,99) size 784x17
        RenderText {#text} at (0,0) size 160x17
          text run at (0,0) width 160: "And so does this one too."
      RenderBlock {DL} at (0,132) size 784x204
        RenderBlock {DT} at (0,0) size 784x17
          RenderText {#text} at (0,0) size 124x17
            text run at (0,0) width 124: "First definition term"
        RenderBlock {DD} at (40,17) size 744x17
          RenderText {#text} at (0,0) size 92x17
            text run at (0,0) width 92: "First definition"
        RenderBlock {DT} at (0,34) size 784x17
          RenderText {#text} at (0,0) size 143x17
            text run at (0,0) width 143: "Second definition term"
        RenderBlock {DD} at (40,51) size 744x17
          RenderText {#text} at (0,0) size 111x17
            text run at (0,0) width 111: "Second definition"
        RenderBlock {DT} at (0,68) size 784x17 [bgcolor=#00FF00]
          RenderText {#text} at (0,0) size 356x17
            text run at (0,0) width 356: "Third definition term that should have green background"
        RenderBlock {DD} at (40,85) size 744x17 [bgcolor=#00FF00]
          RenderText {#text} at (0,0) size 324x17
            text run at (0,0) width 324: "Third definition that should have green background"
        RenderBlock {DT} at (0,102) size 784x17
          RenderText {#text} at (0,0) size 138x17
            text run at (0,0) width 138: "Fourth definition term"
        RenderBlock {DD} at (40,119) size 744x17
          RenderText {#text} at (0,0) size 106x17
            text run at (0,0) width 106: "Fourth definition"
        RenderBlock {DT} at (0,136) size 784x17
          RenderText {#text} at (0,0) size 126x17
            text run at (0,0) width 126: "Fifth definition term"
        RenderBlock {DD} at (40,153) size 744x17
          RenderText {#text} at (0,0) size 94x17
            text run at (0,0) width 94: "Fifth definition"
        RenderBlock {DT} at (0,170) size 784x17 [bgcolor=#00FF00]
          RenderText {#text} at (0,0) size 354x17
            text run at (0,0) width 354: "Sixth definition term that should have green background"
        RenderBlock {DD} at (40,187) size 744x17 [bgcolor=#00FF00]
          RenderText {#text} at (0,0) size 322x17
            text run at (0,0) width 322: "Sixth definition that should have green background"
