layer at (0,0) size 800x600
  RenderView at (0,0) size 800x600
layer at (0,0) size 800x62
  RenderBlock {HTML} at (0,0) size 800x62
    RenderBody {BODY} at (8,16) size 784x30
      RenderBlock {P} at (0,0) size 784x30
        RenderButton {BUTTON} at (2,2) size 572x26 [bgcolor=#C0C0C0] [border: (2px outset #C0C0C0)]
          RenderBlock (anonymous) at (8,4) size 556x17
            RenderText {#text} at (0,0) size 556x17
              text run at (0,0) width 556: "Activating (e.g. holding the mouse button down on) this button should make it go green."
