layer at (0,0) size 800x600
  RenderView at (0,0) size 800x600
layer at (0,0) size 800x284
  RenderBlock {HTML} at (0,0) size 800x284
    RenderBody {BODY} at (8,16) size 784x252
      RenderBlock {DIV} at (0,0) size 784x252
        RenderBlock {P} at (0,0) size 784x34
          RenderText {#text} at (0,0) size 749x17
            text run at (0,0) width 749: "The background color of this paragraph should turn to green when the mouse pointer hovers over any of the following:"
          RenderBR {BR} at (749,0) size 0x17
          RenderInline {STRONG} at (0,0) size 63x17
            RenderText {#text} at (0,17) size 63x17
              text run at (0,17) width 63: "This text."
        RenderBlock {P} at (0,50) size 784x17
          RenderText {#text} at (0,0) size 59x17
            text run at (0,0) width 59: "This text."
        RenderTable {TABLE} at (0,83) size 111x99
          RenderTableSection {TBODY} at (0,0) size 111x99
            RenderTableRow {TR} at (0,2) size 111x74
              RenderTableCell {TD} at (2,2) size 107x74 [r=0 c=0 rs=1 cs=1]
                RenderTable {TABLE} at (1,1) size 105x72
                  RenderTableSection {TBODY} at (0,0) size 105x72
                    RenderTableRow {TR} at (0,2) size 105x68
                      RenderTableCell {TD} at (2,2) size 101x68 [r=0 c=0 rs=1 cs=1]
                        RenderBlock {DL} at (1,17) size 99x34
                          RenderBlock {DT} at (0,0) size 99x17
                            RenderText {#text} at (0,0) size 59x17
                              text run at (0,0) width 59: "This text."
                          RenderBlock {DD} at (40,17) size 59x17
                            RenderText {#text} at (0,0) size 59x17
                              text run at (0,0) width 59: "This text."
            RenderTableRow {TR} at (0,78) size 111x19
              RenderTableCell {TD} at (2,78) size 107x19 [r=1 c=0 rs=1 cs=1]
                RenderText {#text} at (1,1) size 59x17
                  text run at (1,1) width 59: "This text."
        RenderBlock {P} at (0,198) size 784x21
          RenderInline {SUB} at (0,0) size 51x15
            RenderText {#text} at (0,6) size 51x15
              text run at (0,6) width 51: "This text."
        RenderBlock {P} at (0,235) size 784x17
          RenderText {#text} at (0,0) size 573x17
            text run at (0,0) width 573: "...and anything else between the top of the first paragraph and the bottom of this paragraph."
