layer at (0,0) size 800x600
  RenderView at (0,0) size 800x600
layer at (0,0) size 800x600
  RenderBlock {HTML} at (0,0) size 800x600
    RenderBody {BODY} at (8,8) size 784x576
      RenderBlock {P} at (0,0) size 784x34
        RenderText {#text} at (0,0) size 767x34
          text run at (0,0) width 474: "This tests to make sure that breaking a quoted list doesn't renumber the list. "
          text run at (474,0) width 293: "You should see a list broken in two below, the"
          text run at (0,17) width 668: "list items numbered 1, 2, 2, 3, 4. Two list items will be numbered '2' because the original item '2' was split."
      RenderBlock {DIV} at (0,50) size 784x134
        RenderBlock {BLOCKQUOTE} at (2,0) size 742x34 [color=#0000FF] [border: none (2px solid #0000FF)]
          RenderBlock {OL} at (2,0) size 740x34
            RenderListItem {LI} at (40,0) size 700x17
              RenderListMarker at (-20,0) size 16x17: "1"
              RenderText {#text} at (0,0) size 27x17
                text run at (0,0) width 27: "One"
            RenderListItem {LI} at (40,17) size 700x17
              RenderListMarker at (-20,0) size 16x17: "2"
              RenderText {#text} at (0,0) size 30x17
                text run at (0,0) width 30: "Two"
        RenderBlock (anonymous) at (0,50) size 784x17
          RenderBR {BR} at (0,0) size 0x17
        RenderBlock {BLOCKQUOTE} at (2,83) size 742x51 [color=#0000FF] [border: none (2px solid #0000FF)]
          RenderBlock {OL} at (2,0) size 740x51
            RenderListItem {LI} at (40,0) size 700x17
              RenderListMarker at (-20,0) size 16x17: "2"
              RenderText {#text} at (0,0) size 30x17
                text run at (0,0) width 30: "Two"
            RenderListItem {LI} at (40,17) size 700x17
              RenderListMarker at (-20,0) size 16x17: "3"
              RenderText {#text} at (0,0) size 37x17
                text run at (0,0) width 37: "Three"
            RenderListItem {LI} at (40,34) size 700x17
              RenderListMarker at (-20,0) size 16x17: "4"
              RenderText {#text} at (0,0) size 30x17
                text run at (0,0) width 30: "Four"
caret: position 0 of child 2 {BR} of child 3 {DIV} of body
