layer at (0,0) size 800x600
  RenderView at (0,0) size 800x600
layer at (0,0) size 800x600
  RenderBlock {HTML} at (0,0) size 800x600
    RenderBody {BODY} at (8,8) size 784x584
      RenderBlock {P} at (0,0) size 784x34
        RenderText {#text} at (0,0) size 783x34
          text run at (0,0) width 377: "This tests selection preservation during an indent operation. "
          text run at (377,0) width 406: "The selection should start and end in the same parts of the words"
          text run at (0,17) width 320: "'foo' and 'bar' before and after the indent operation."
      RenderBlock {DIV} at (0,50) size 784x34
        RenderBlock {BLOCKQUOTE} at (40,0) size 744x34
          RenderInline {SPAN} at (0,0) size 21x17
            RenderText {#text} at (0,0) size 21x17
              text run at (0,0) width 21: "foo"
            RenderBR {BR} at (21,14) size 0x0
          RenderInline {SPAN} at (0,0) size 20x17
            RenderText {#text} at (0,17) size 20x17
              text run at (0,17) width 20: "bar"
        RenderBlock (anonymous) at (0,34) size 784x0
selection start: position 1 of child 0 {#text} of child 0 {SPAN} of child 0 {BLOCKQUOTE} of child 2 {DIV} of body
selection end:   position 2 of child 0 {#text} of child 1 {SPAN} of child 0 {BLOCKQUOTE} of child 2 {DIV} of body
