layer at (0,0) size 800x600
  RenderView at (0,0) size 800x600
layer at (0,0) size 800x600
  RenderBlock {HTML} at (0,0) size 800x600
    RenderBody {BODY} at (8,8) size 784x576
      RenderBlock {P} at (0,0) size 784x34
        RenderText {#text} at (0,0) size 775x34
          text run at (0,0) width 625: "This tests for a bug where changing the list type of an indented list would create unwanted nesting. "
          text run at (625,0) width 150: "You should see a single"
          text run at (0,17) width 220: "ordered list item in an indented list."
      RenderBlock {DIV} at (0,50) size 784x17
        RenderBlock {UL} at (0,0) size 784x17
          RenderBlock {OL} at (40,0) size 744x17
            RenderListItem {LI} at (40,0) size 704x17
              RenderListMarker at (-20,0) size 16x17: "1"
              RenderText {#text} at (0,0) size 21x17
                text run at (0,0) width 21: "foo"
        RenderBlock (anonymous) at (0,33) size 784x0
caret: position 3 of child 0 {#text} of child 0 {LI} of child 0 {OL} of child 0 {UL} of child 2 {DIV} of body
