EDITING DELEGATE: webViewDidChangeSelection:WebViewDidChangeSelectionNotification
EDITING DELEGATE: webViewDidChangeSelection:WebViewDidChangeSelectionNotification
EDITING DELEGATE: webViewDidChangeSelection:WebViewDidChangeSelectionNotification
layer at (0,0) size 800x600
  RenderView at (0,0) size 800x600
layer at (0,0) size 800x600
  RenderBlock {HTML} at (0,0) size 800x600
    RenderBody {BODY} at (8,8) size 784x584
      RenderBlock {P} at (0,0) size 784x17
        RenderText {#text} at (0,0) size 350x17
          text run at (0,0) width 350: "In the block below, the second 'bar ' should be selected."
      RenderBlock {DIV} at (0,33) size 52x36 [border: (1px solid #000000)]
        RenderText {#text} at (1,1) size 45x17
          text run at (1,1) width 45: "foo bar"
        RenderInline {SPAN} at (0,0) size 20x17
          RenderText {#text} at (1,18) size 20x17
            text run at (1,18) width 20: "bar"
        RenderText {#text} at (21,18) size 26x17
          text run at (21,18) width 26: " baz"
selection start: position 0 of child 0 {#text} of child 1 {SPAN} of child 2 {DIV} of body
selection end:   position 1 of child 2 {#text} of child 2 {DIV} of body
