EDITING DELEGATE: shouldBeginEditingInDOMRange:range from 0 of DIV > BODY > HTML > #document to 3 of DIV > BODY > HTML > #document
EDITING DELEGATE: webViewDidBeginEditing:WebViewDidBeginEditingNotification
EDITING DELEGATE: webViewDidChangeSelection:WebViewDidChangeSelectionNotification
EDITING DELEGATE: shouldChangeSelectedDOMRange:range from 4 of UL > DIV > BODY > HTML > #document to 4 of UL > DIV > BODY > HTML > #document toDOMRange:range from 0 of LI > UL > UL > DIV > BODY > HTML > #document to 0 of LI > UL > UL > DIV > BODY > HTML > #document affinity:NSSelectionAffinityDownstream stillSelecting:FALSE
EDITING DELEGATE: webViewDidChangeSelection:WebViewDidChangeSelectionNotification
EDITING DELEGATE: webViewDidChange:WebViewDidChangeNotification
layer at (0,0) size 800x600
  RenderView at (0,0) size 800x600
layer at (0,0) size 800x600
  RenderBlock {HTML} at (0,0) size 800x600
    RenderBody {BODY} at (8,8) size 784x576
      RenderBlock {DIV} at (0,0) size 784x17
        RenderText {#text} at (0,0) size 374x17
          text run at (0,0) width 374: "This test uses the execCommand to Outdent the text below."
      RenderBlock (anonymous) at (0,17) size 784x17
        RenderBR {BR} at (0,0) size 0x17
      RenderBlock {DIV} at (0,50) size 784x51
        RenderBlock {UL} at (0,0) size 784x51
          RenderListItem {LI} at (40,0) size 744x17
            RenderListMarker at (-17,0) size 7x17: bullet
            RenderText {#text} at (0,0) size 25x17
              text run at (0,0) width 25: "Foo"
          RenderBlock {UL} at (40,17) size 744x17
            RenderListItem {LI} at (40,0) size 704x17
              RenderListMarker at (-17,0) size 7x17: white bullet
              RenderText {#text} at (0,0) size 23x17
                text run at (0,0) width 23: "Bar"
          RenderListItem {LI} at (40,34) size 744x17
            RenderListMarker at (-17,0) size 7x17: bullet
            RenderText {#text} at (0,0) size 25x17
              text run at (0,0) width 25: "Baz"
caret: position 0 of child 0 {#text} of child 0 {LI} of child 3 {UL} of child 1 {UL} of child 4 {DIV} of body
