layer at (0,0) size 800x600
  RenderView at (0,0) size 800x600
layer at (0,0) size 800x159
  RenderBlock {HTML} at (0,0) size 800x159
    RenderBody {BODY} at (8,8) size 784x143
      RenderBlock (anonymous) at (0,0) size 784x105
        RenderSVGRoot {svg} at (8,8) size 313x90
          RenderSVGText {text} at (10,11) size 277x53 contains 1 chunk(s)
            RenderSVGInlineText {#text} at (0,0) size 277x53
              chunk 1 text run 1 at (10.00,50.00) startOffset 0 endOffset 15 width 277.00: "Shadow on texts"
        RenderText {#text} at (0,0) size 0x0
      RenderBlock {DIV} at (0,105) size 784x38
        RenderText {#text} at (0,-1) size 577x20
          text run at (0,-1) width 577: "PASS - \"text-shadow\" property for \"text\" element at 0s saw something close to: -25,-5,0,15"
        RenderBR {BR} at (577,-1) size 0x20
        RenderText {#text} at (0,18) size 559x20
          text run at (0,18) width 559: "PASS - \"text-shadow\" property for \"text\" element at 1s saw something close to: 5,5,0,15"
        RenderBR {BR} at (559,18) size 0x20
