layer at (0,0) size 800x600
  RenderView at (0,0) size 800x600
layer at (0,0) size 800x600
  RenderBlock {HTML} at (0,0) size 800x600
    RenderBody {BODY} at (8,8) size 784x584
      RenderBlock (anonymous) at (0,0) size 784x17
        RenderText {#text} at (0,0) size 527x17
          text run at (0,0) width 527: "The two divs below should be on the same line, since they are display: inline-block."
      RenderBlock {CENTER} at (0,17) size 784x21
        RenderBlock {DIV} at (88,0) size 304x21 [border: (2px solid #0000FF)]
          RenderText {#text} at (103,2) size 98x17
            text run at (103,2) width 98: "This is div one."
        RenderBlock {DIV} at (392,0) size 304x21 [border: (2px solid #0000FF)]
          RenderText {#text} at (103,2) size 98x17
            text run at (103,2) width 98: "This is div two."
        RenderText {#text} at (0,0) size 0x0
      RenderBlock (anonymous) at (0,38) size 784x59
        RenderText {#text} at (0,0) size 729x17
          text run at (0,0) width 729: "The two marquees below should be on separate lines, since marquees fill the width of a containing block by default."
        RenderInline {SPAN} at (0,0) size 784x38
          RenderText {#text} at (0,0) size 0x0
          RenderText {#text} at (0,0) size 0x0
          RenderText {#text} at (0,0) size 0x0
        RenderText {#text} at (0,0) size 0x0
layer at (8,63) size 784x21 clip at (10,65) size 780x17 scrollX -780
  RenderBlock {MARQUEE} at (0,17) size 784x21 [border: (2px solid #008000)]
    RenderText {#text} at (2,2) size 97x17
      text run at (2,2) width 97: "This is div one."
layer at (8,84) size 784x21 clip at (10,86) size 780x17 scrollX -780
  RenderBlock {MARQUEE} at (0,38) size 784x21 [border: (2px solid #008000)]
    RenderText {#text} at (2,2) size 98x17
      text run at (2,2) width 98: "This is div two."
