layer at (0,0) size 800x600
  RenderView at (0,0) size 800x600
layer at (0,0) size 800x600
  RenderBlock {HTML} at (0,0) size 800x600
    RenderBody {BODY} at (8,8) size 784x584
      RenderText {#text} at (0,0) size 736x34
        text run at (0,0) width 736: "It is not clear what the right behavior is here. The CSS2.1 draft is currently ambiguous about how to handle overflow"
        text run at (0,17) width 45: "blocks."
      RenderBR {BR} at (45,31) size 0x0
      RenderText {#text} at (104,240) size 4x17
        text run at (104,240) width 4: " "
      RenderText {#text} at (0,0) size 0x0
layer at (8,58) size 104x204 clip at (10,60) size 85x200 scrollHeight 442
  RenderBlock {DIV} at (0,50) size 104x204 [border: (2px solid #800080)]
    RenderText {#text} at (2,2) size 79x34
      text run at (2,2) width 79: "This is some"
      text run at (2,19) width 27: "text."
    RenderBR {BR} at (29,33) size 0x0
    RenderText {#text} at (2,36) size 79x34
      text run at (2,36) width 79: "This is some"
      text run at (2,53) width 27: "text."
    RenderBR {BR} at (29,67) size 0x0
    RenderText {#text} at (2,70) size 79x34
      text run at (2,70) width 79: "This is some"
      text run at (2,87) width 27: "text."
    RenderBR {BR} at (29,101) size 0x0
    RenderText {#text} at (2,104) size 79x34
      text run at (2,104) width 79: "This is some"
      text run at (2,121) width 27: "text."
    RenderBR {BR} at (29,135) size 0x0
    RenderText {#text} at (2,138) size 79x34
      text run at (2,138) width 79: "This is some"
      text run at (2,155) width 27: "text."
    RenderBR {BR} at (29,169) size 0x0
    RenderText {#text} at (2,172) size 79x34
      text run at (2,172) width 79: "This is some"
      text run at (2,189) width 27: "text."
    RenderBR {BR} at (29,203) size 0x0
    RenderText {#text} at (2,206) size 79x34
      text run at (2,206) width 79: "This is some"
      text run at (2,223) width 27: "text."
    RenderBR {BR} at (29,237) size 0x0
    RenderText {#text} at (2,240) size 79x34
      text run at (2,240) width 79: "This is some"
      text run at (2,257) width 27: "text."
    RenderBR {BR} at (29,271) size 0x0
    RenderText {#text} at (2,274) size 79x34
      text run at (2,274) width 79: "This is some"
      text run at (2,291) width 27: "text."
    RenderBR {BR} at (29,305) size 0x0
    RenderText {#text} at (2,308) size 79x34
      text run at (2,308) width 79: "This is some"
      text run at (2,325) width 27: "text."
    RenderBR {BR} at (29,339) size 0x0
    RenderText {#text} at (2,342) size 79x34
      text run at (2,342) width 79: "This is some"
      text run at (2,359) width 27: "text."
    RenderBR {BR} at (29,373) size 0x0
    RenderText {#text} at (2,376) size 79x34
      text run at (2,376) width 79: "This is some"
      text run at (2,393) width 27: "text."
    RenderBR {BR} at (29,407) size 0x0
    RenderText {#text} at (2,410) size 79x34
      text run at (2,410) width 79: "This is some"
      text run at (2,427) width 27: "text."
    RenderBR {BR} at (29,441) size 0x0
layer at (116,42) size 204x404 clip at (118,44) size 200x400
  RenderBlock {DIV} at (108,34) size 204x404 [border: (2px solid #000000)]
    RenderText {#text} at (2,2) size 110x17
      text run at (2,2) width 110: "This is some text."
    RenderBR {BR} at (112,16) size 0x0
    RenderText {#text} at (2,19) size 110x17
      text run at (2,19) width 110: "This is some text."
    RenderBR {BR} at (112,33) size 0x0
    RenderText {#text} at (2,36) size 110x17
      text run at (2,36) width 110: "This is some text."
    RenderBR {BR} at (112,50) size 0x0
    RenderText {#text} at (2,53) size 110x17
      text run at (2,53) width 110: "This is some text."
    RenderBR {BR} at (112,67) size 0x0
    RenderText {#text} at (2,70) size 110x17
      text run at (2,70) width 110: "This is some text."
    RenderBR {BR} at (112,84) size 0x0
    RenderText {#text} at (2,87) size 110x17
      text run at (2,87) width 110: "This is some text."
    RenderBR {BR} at (112,101) size 0x0
    RenderText {#text} at (2,104) size 110x17
      text run at (2,104) width 110: "This is some text."
    RenderBR {BR} at (112,118) size 0x0
    RenderText {#text} at (2,121) size 110x17
      text run at (2,121) width 110: "This is some text."
    RenderBR {BR} at (112,135) size 0x0
    RenderText {#text} at (2,138) size 110x17
      text run at (2,138) width 110: "This is some text."
    RenderBR {BR} at (112,152) size 0x0
    RenderText {#text} at (2,155) size 110x17
      text run at (2,155) width 110: "This is some text."
    RenderBR {BR} at (112,169) size 0x0
    RenderText {#text} at (2,172) size 110x17
      text run at (2,172) width 110: "This is some text."
    RenderBR {BR} at (112,186) size 0x0
    RenderText {#text} at (2,189) size 110x17
      text run at (2,189) width 110: "This is some text."
    RenderBR {BR} at (112,203) size 0x0
    RenderText {#text} at (2,206) size 110x17
      text run at (2,206) width 110: "This is some text."
    RenderBR {BR} at (112,220) size 0x0
