layer at (0,0) size 800x712
  RenderView at (0,0) size 800x600
layer at (0,0) size 800x712
  RenderBlock {HTML} at (0,0) size 800x712
    RenderBody {BODY} at (8,8) size 784x696
      RenderBlock {P} at (0,0) size 784x80
        RenderText {#text} at (0,0) size 771x39
          text run at (0,0) width 366: "This test shows the following bugs with text-orientation. "
          text run at (365,0) width 406: "The far right test mis-renders differently in both the simple and"
          text run at (0,20) width 399: "complex text paths. The simple text path mis-renders because "
        RenderInline {TT} at (0,0) size 297x15
          RenderText {#text} at (398,24) size 297x15
            text run at (398,24) width 297: "CTFontGetVerticalTranslationsForGlyphs"
        RenderText {#text} at (694,20) size 775x59
          text run at (694,20) width 49: " returns"
          text run at (0,40) width 446: "incorrect values for horizontal glyphs that have vertical counterparts. "
          text run at (445,40) width 330: "The complex text code path mis-renders because of"
          text run at (0,60) width 105: "API deficiency. "
          text run at (104,60) width 615: "There is no way to tell CoreText to use upright horizontal glyphs when rendering a vertical line."
      RenderBlock {DIV} at (0,96) size 174x600
        RenderBlock {DIV} at (0,0) size 174x256 [border: (1px solid #008000)]
          RenderInline {SPAN} at (0,0) size 41x173
            RenderText {#text} at (2,1) size 41x173
              text run at (2,1) width 173: "Hello world"
          RenderBR {BR} at (10,173) size 0x1
          RenderInline {SPAN} at (0,0) size 41x254
            RenderText {#text} at (45,1) size 41x254
              text run at (45,1) width 254: "Hello world"
          RenderBR {BR} at (53,254) size 0x1
          RenderInline {SPAN} at (0,0) size 41x173
            RenderText {#text} at (88,1) size 41x173
              text run at (88,1) width 173: "Hello world"
          RenderBR {BR} at (96,173) size 0x1
          RenderInline {SPAN} at (0,0) size 41x254
            RenderText {#text} at (131,1) size 41x254
              text run at (131,1) width 254: "Hello world"
          RenderBR {BR} at (139,254) size 0x1
        RenderText {#text} at (2,256) size 41x9
          text run at (2,256) width 9: " "
        RenderBlock {DIV} at (0,265) size 174x256 [border: (1px solid #008000)]
          RenderInline {SPAN} at (0,0) size 41x173
            RenderText {#text} at (2,1) size 41x173
              text run at (2,1) width 173: "Hello world"
          RenderBR {BR} at (10,173) size 0x1
          RenderInline {SPAN} at (0,0) size 41x254
            RenderText {#text} at (45,1) size 41x254
              text run at (45,1) width 254: "Hello world"
          RenderBR {BR} at (53,254) size 0x1
          RenderInline {SPAN} at (0,0) size 41x173
            RenderText {#text} at (88,1) size 41x173
              text run at (88,1) width 173: "Hello world"
          RenderBR {BR} at (96,173) size 0x1
          RenderInline {SPAN} at (0,0) size 41x254
            RenderText {#text} at (131,1) size 41x254
              text run at (131,1) width 254: "Hello world"
          RenderBR {BR} at (139,254) size 0x1
        RenderText {#text} at (0,0) size 0x0
