layer at (0,0) size 800x600
  RenderView at (0,0) size 800x600
layer at (0,0) size 800x600
  RenderBlock {HTML} at (0,0) size 800x600
    RenderBody {BODY} at (8,8) size 784x584
      RenderMenuList {SELECT} at (2,0) size 74x30 [color=#2E3436] [bgcolor=#FFFFFF] [border: (1px solid #2E3436)]
        RenderBlock (anonymous) at (1,1) size 72x28
          RenderText at (9,5) size 38x17
            text run at (9,5) width 38: "Hello"
      RenderBlock (anonymous) at (0,32) size 784x18
        RenderText {#text} at (0,0) size 292x17
          text run at (0,0) width 292: "This text should be *below* the select widget."
