layer at (0,0) size 800x600
  RenderView at (0,0) size 800x600
layer at (0,0) size 800x600
  RenderBlock {HTML} at (0,0) size 800x600
    RenderBody {BODY} at (8,8) size 784x584
      RenderMenuList {SELECT} at (2,2) size 74x30 [color=#2E3436] [bgcolor=#FFFFFF] [border: (1px solid #2E3436)]
        RenderBlock (anonymous) at (1,1) size 72x28
          RenderText at (9,5) size 38x17
            text run at (9,5) width 38: "Hello"
      RenderText {#text} at (78,8) size 4x17
        text run at (78,8) width 4: " "
      RenderMenuList {SELECT} at (84,2) size 101x30 [color=#2E3436] [bgcolor=#FFFFFF] [border: (1px solid #2E3436)]
        RenderBlock (anonymous) at (1,1) size 99x28
          RenderText at (9,5) size 65x17
            text run at (9,5) width 65: "Goodbye"
      RenderText {#text} at (0,0) size 0x0
