layer at (0,0) size 800x600
  RenderView at (0,0) size 800x600
layer at (0,0) size 800x600
  RenderBlock {HTML} at (0,0) size 800x600
    RenderBody {BODY} at (8,8) size 784x584
      RenderBlock {P} at (0,0) size 784x18
        RenderText {#text} at (0,0) size 393x17
          text run at (0,0) width 393: "Tests that box shadow is not applied to Aqua-themed controls."
      RenderBlock {P} at (0,34) size 784x18
        RenderText {#text} at (0,0) size 257x17
          text run at (0,0) width 257: "You should not see any red on this page."
      RenderBlock {DIV} at (0,68) size 784x28
        RenderTextControl {INPUT} at (2,2) size 222x24 [bgcolor=#FFFFFF] [border: (2px inset #000000)]
          RenderFlexibleBox {DIV} at (3,3) size 216x18
            RenderBlock {DIV} at (0,9) size 0x0
            RenderBlock {DIV} at (0,0) size 185x18
            RenderBlock {DIV} at (185,0) size 31x18
        RenderText {#text} at (0,0) size 0x0
      RenderBlock {DIV} at (0,96) size 784x28
        RenderTextControl {INPUT} at (2,2) size 253x24 [bgcolor=#FFFFFF] [border: (2px inset #000000)]
          RenderFlexibleBox {DIV} at (3,3) size 247x18
            RenderBlock {DIV} at (0,0) size 31x18
            RenderBlock {DIV} at (31,0) size 185x18
            RenderBlock {DIV} at (216,0) size 31x18
        RenderText {#text} at (0,0) size 0x0
      RenderBlock {DIV} at (0,124) size 784x28
        RenderTextControl {INPUT} at (2,2) size 253x24 [bgcolor=#FFFFFF] [border: (2px inset #000000)]
          RenderFlexibleBox {DIV} at (3,3) size 247x18
            RenderBlock {DIV} at (0,0) size 31x18
            RenderBlock {DIV} at (31,0) size 185x18
            RenderBlock {DIV} at (216,0) size 31x18
        RenderText {#text} at (0,0) size 0x0
      RenderBlock (anonymous) at (0,152) size 784x48
        RenderBlock {INPUT} at (2,22) size 24x16
        RenderText {#text} at (28,22) size 4x17
          text run at (28,22) width 4: " "
        RenderBlock {INPUT} at (34,22) size 24x16
        RenderText {#text} at (60,22) size 4x17
          text run at (60,22) width 4: " "
        RenderSlider {INPUT} at (66,2) size 129x34 [color=#909090] [bgcolor=#FFFFFF]
          RenderFlexibleBox {DIV} at (0,0) size 129x34
            RenderBlock {DIV} at (0,0) size 129x34
              RenderBlock {DIV} at (47,0) size 35x34
        RenderText {#text} at (197,22) size 4x17
          text run at (197,22) width 4: " "
        RenderFileUploadControl {INPUT} at (203,18) size 306x27 "no file selected"
          RenderButton {INPUT} at (0,0) size 103x27 [color=#2E3436] [bgcolor=#C0C0C0] [border: (2px outset #C0C0C0)]
            RenderBlock (anonymous) at (8,4) size 87x18
              RenderText at (0,0) size 87x17
                text run at (0,0) width 87: "Choose File"
        RenderText {#text} at (511,22) size 4x17
          text run at (511,22) width 4: " "
        RenderButton {INPUT} at (517,14) size 74x32 [color=#2E3436] [bgcolor=#C0C0C0] [border: (2px outset #C0C0C0)]
          RenderBlock (anonymous) at (8,4) size 58x23
            RenderText at (0,0) size 58x22
              text run at (0,0) width 58: "Button"
        RenderText {#text} at (593,22) size 4x17
          text run at (593,22) width 4: " "
        RenderButton {INPUT} at (599,18) size 62x27 [color=#2E3436] [bgcolor=#C0C0C0] [border: (2px outset #C0C0C0)]
          RenderBlock (anonymous) at (8,4) size 46x18
            RenderText at (0,0) size 46x17
              text run at (0,0) width 46: "Button"
        RenderText {#text} at (663,22) size 4x17
          text run at (663,22) width 4: " "
        RenderButton {INPUT} at (667,27) size 30x15 [color=#2E3436] [bgcolor=#C0C0C0] [border: (2px outset #C0C0C0)]
          RenderBlock (anonymous) at (8,4) size 14x6
            RenderText at (0,0) size 14x6
              text run at (0,0) width 14: "Button"
        RenderText {#text} at (697,22) size 4x17
          text run at (697,22) width 4: " "
        RenderButton {BUTTON} at (703,14) size 74x32 [color=#2E3436] [bgcolor=#C0C0C0] [border: (2px outset #C0C0C0)]
          RenderBlock (anonymous) at (8,4) size 58x23
            RenderText {#text} at (0,0) size 58x22
              text run at (0,0) width 58: "Button"
        RenderText {#text} at (0,0) size 0x0
layer at (13,81) size 185x18
  RenderBlock {DIV} at (0,0) size 185x18
    RenderText {#text} at (0,0) size 51x17
      text run at (0,0) width 51: "Search"
layer at (44,109) size 185x18
  RenderBlock {DIV} at (0,0) size 185x18
layer at (44,137) size 185x18
  RenderBlock {DIV} at (0,0) size 185x18
