layer at (0,0) size 800x600
  RenderView at (0,0) size 800x600
layer at (0,0) size 800x600
  RenderBlock {HTML} at (0,0) size 800x600
    RenderBody {BODY} at (8,8) size 784x584
      RenderText {#text} at (0,0) size 519x17
        text run at (0,0) width 519: "This tests that we don't honor line-height for controls that have restricted font size. "
      RenderBR {BR} at (0,0) size 0x0
      RenderMenuList {SELECT} at (2,20) size 394x30 [color=#2E3436] [bgcolor=#FFFFFF] [border: (1px solid #2E3436)]
        RenderBlock (anonymous) at (1,1) size 392x28
          RenderText at (9,5) size 358x17
            text run at (9,5) width 358: "This text should be centered vertically in the button"
      RenderText {#text} at (398,26) size 4x17
        text run at (398,26) width 4: " "
      RenderBR {BR} at (0,0) size 0x0
      RenderButton {INPUT} at (2,54) size 374x27 [color=#2E3436] [bgcolor=#C0C0C0] [border: (2px outset #C0C0C0)]
        RenderBlock (anonymous) at (8,4) size 358x18
          RenderText at (0,0) size 358x17
            text run at (0,0) width 358: "This text should be centered vertically in the button"
      RenderText {#text} at (378,58) size 4x17
        text run at (378,58) width 4: " "
      RenderBR {BR} at (0,0) size 0x0
      RenderTextControl {INPUT} at (2,85) size 222x24 [bgcolor=#FFFFFF] [border: (2px inset #000000)]
        RenderFlexibleBox {DIV} at (3,3) size 216x18
          RenderBlock {DIV} at (0,9) size 0x0
          RenderBlock {DIV} at (0,0) size 185x18
          RenderBlock {DIV} at (185,0) size 31x18
      RenderText {#text} at (0,0) size 0x0
layer at (13,96) size 185x18 scrollWidth 359
  RenderBlock {DIV} at (0,0) size 185x18
    RenderText {#text} at (0,0) size 358x17
      text run at (0,0) width 358: "This text should be centered vertically in the button"
