layer at (0,0) size 785x757
  RenderView at (0,0) size 785x600
layer at (0,0) size 785x757
  RenderBlock {HTML} at (0,0) size 785x757
    RenderBody {BODY} at (8,8) size 769x741
      RenderBlock {H1} at (0,0) size 769x37
        RenderText {#text} at (0,0) size 422x36
          text run at (0,0) width 422: "Form Element Geometry Tests"
      RenderBlock {P} at (0,58) size 769x19
        RenderText {#text} at (0,0) size 540x17
          text run at (0,0) width 540: "These tests help us tune the widget classes in KWQ to have all the right fudge factors."
      RenderBlock {H2} at (0,96) size 769x28
        RenderText {#text} at (0,0) size 165x26
          text run at (0,0) width 165: "Bounding Boxes"
      RenderTable {TABLE} at (0,143) size 218x41
        RenderTableSection {TBODY} at (0,0) size 218x40
          RenderTableRow {TR} at (0,2) size 218x36
            RenderTableCell {TD} at (2,3) size 66x34 [r=0 c=0 rs=1 cs=1]
              RenderBlock {DIV} at (1,1) size 64x31 [border: (2px solid #0000FF)]
                RenderInline {FONT} at (0,0) size 60x26
                  RenderButton {INPUT} at (2,2) size 60x27 [color=#2E3436] [bgcolor=#C0C0C0] [border: (2px outset #C0C0C0)]
                    RenderBlock (anonymous) at (8,4) size 44x18
                      RenderText at (0,0) size 44x17
                        text run at (0,0) width 44: "button"
            RenderTableCell {TD} at (70,2) size 82x36 [r=0 c=1 rs=1 cs=1]
              RenderBlock {DIV} at (1,1) size 80x34 [border: (2px solid #0000FF)]
                RenderInline {FONT} at (0,0) size 76x26
                  RenderMenuList {SELECT} at (2,2) size 76x30 [color=#2E3436] [bgcolor=#FFFFFF] [border: (1px solid #2E3436)]
                    RenderBlock (anonymous) at (1,1) size 74x28
                      RenderText at (9,5) size 40x17
                        text run at (9,5) width 40: "menu"
            RenderTableCell {TD} at (154,9) size 30x22 [r=0 c=2 rs=1 cs=1]
              RenderBlock {DIV} at (1,1) size 28x20 [border: (2px solid #0000FF)]
                RenderInline {FONT} at (0,0) size 24x26
                  RenderBlock {INPUT} at (2,2) size 24x16
            RenderTableCell {TD} at (186,9) size 30x22 [r=0 c=3 rs=1 cs=1]
              RenderBlock {DIV} at (1,1) size 28x20 [border: (2px solid #0000FF)]
                RenderInline {FONT} at (0,0) size 24x26
                  RenderBlock {INPUT} at (2,2) size 24x16
      RenderTable {TABLE} at (0,183) size 218x41
        RenderTableSection {TBODY} at (0,0) size 218x40
          RenderTableRow {TR} at (0,2) size 218x36
            RenderTableCell {TD} at (2,3) size 66x34 [r=0 c=0 rs=1 cs=1]
              RenderBlock {DIV} at (1,1) size 64x31 [border: (2px solid #0000FF)]
                RenderButton {INPUT} at (2,2) size 60x27 [color=#2E3436] [bgcolor=#C0C0C0] [border: (2px outset #C0C0C0)]
                  RenderBlock (anonymous) at (8,4) size 44x18
                    RenderText at (0,0) size 44x17
                      text run at (0,0) width 44: "button"
            RenderTableCell {TD} at (70,2) size 82x36 [r=0 c=1 rs=1 cs=1]
              RenderBlock {DIV} at (1,1) size 80x34 [border: (2px solid #0000FF)]
                RenderMenuList {SELECT} at (2,2) size 76x30 [color=#2E3436] [bgcolor=#FFFFFF] [border: (1px solid #2E3436)]
                  RenderBlock (anonymous) at (1,1) size 74x28
                    RenderText at (9,5) size 40x17
                      text run at (9,5) width 40: "menu"
            RenderTableCell {TD} at (154,9) size 30x22 [r=0 c=2 rs=1 cs=1]
              RenderBlock {DIV} at (1,1) size 28x20 [border: (2px solid #0000FF)]
                RenderBlock {INPUT} at (2,2) size 24x16
            RenderTableCell {TD} at (186,9) size 30x22 [r=0 c=3 rs=1 cs=1]
              RenderBlock {DIV} at (1,1) size 28x20 [border: (2px solid #0000FF)]
                RenderBlock {INPUT} at (2,2) size 24x16
      RenderTable {TABLE} at (0,223) size 218x41
        RenderTableSection {TBODY} at (0,0) size 218x40
          RenderTableRow {TR} at (0,2) size 218x36
            RenderTableCell {TD} at (2,3) size 66x34 [r=0 c=0 rs=1 cs=1]
              RenderBlock {DIV} at (1,1) size 64x31 [border: (2px solid #0000FF)]
                RenderInline {FONT} at (0,0) size 60x11
                  RenderButton {INPUT} at (2,2) size 60x27 [color=#2E3436] [bgcolor=#C0C0C0] [border: (2px outset #C0C0C0)]
                    RenderBlock (anonymous) at (8,4) size 44x18
                      RenderText at (0,0) size 44x17
                        text run at (0,0) width 44: "button"
            RenderTableCell {TD} at (70,2) size 82x36 [r=0 c=1 rs=1 cs=1]
              RenderBlock {DIV} at (1,1) size 80x34 [border: (2px solid #0000FF)]
                RenderInline {FONT} at (0,0) size 76x11
                  RenderMenuList {SELECT} at (2,2) size 76x30 [color=#2E3436] [bgcolor=#FFFFFF] [border: (1px solid #2E3436)]
                    RenderBlock (anonymous) at (1,1) size 74x28
                      RenderText at (9,5) size 40x17
                        text run at (9,5) width 40: "menu"
            RenderTableCell {TD} at (154,9) size 30x22 [r=0 c=2 rs=1 cs=1]
              RenderBlock {DIV} at (1,1) size 28x20 [border: (2px solid #0000FF)]
                RenderInline {FONT} at (0,0) size 24x11
                  RenderBlock {INPUT} at (2,2) size 24x16
            RenderTableCell {TD} at (186,9) size 30x22 [r=0 c=3 rs=1 cs=1]
              RenderBlock {DIV} at (1,1) size 28x20 [border: (2px solid #0000FF)]
                RenderInline {FONT} at (0,0) size 24x11
                  RenderBlock {INPUT} at (2,2) size 24x16
      RenderTable {TABLE} at (0,263) size 687x84
        RenderTableSection {TBODY} at (0,0) size 687x83
          RenderTableRow {TR} at (0,2) size 687x79
            RenderTableCell {TD} at (2,2) size 107x30 [r=0 c=0 rs=1 cs=1]
              RenderBlock {DIV} at (1,1) size 105x28 [border: (2px solid #0000FF)]
                RenderTextControl {INPUT} at (2,2) size 101x24 [bgcolor=#FFFFFF] [border: (2px inset #000000)]
            RenderTableCell {TD} at (111,2) size 47x79 [r=0 c=1 rs=1 cs=1]
              RenderBlock {DIV} at (1,1) size 45x77 [border: (2px solid #0000FF)]
                RenderListBox {SELECT} at (2,2) size 41x73 [bgcolor=#FFFFFF] [border: (1px inset #808080)]
            RenderTableCell {TD} at (160,2) size 312x33 [r=0 c=2 rs=1 cs=1]
              RenderBlock {DIV} at (1,1) size 310x31 [border: (2px solid #0000FF)]
                RenderFileUploadControl {INPUT} at (2,2) size 306x27 "no file selected"
                  RenderButton {INPUT} at (0,0) size 103x27 [color=#2E3436] [bgcolor=#C0C0C0] [border: (2px outset #C0C0C0)]
                    RenderBlock (anonymous) at (8,4) size 87x18
                      RenderText at (0,0) size 87x17
                        text run at (0,0) width 87: "Choose File"
            RenderTableCell {TD} at (474,2) size 211x52 [r=0 c=3 rs=1 cs=1]
              RenderBlock {DIV} at (1,1) size 209x50 [border: (2px solid #0000FF)]
      RenderBlock {H2} at (0,366) size 769x28
        RenderText {#text} at (0,0) size 200x26
          text run at (0,0) width 200: "Baseline Alignment"
      RenderBlock {DIV} at (0,413) size 769x35
        RenderInline {FONT} at (0,0) size 261x26
          RenderText {#text} at (0,1) size 43x26
            text run at (0,1) width 43: "text "
          RenderButton {INPUT} at (45,4) size 60x27 [color=#2E3436] [bgcolor=#C0C0C0] [border: (2px outset #C0C0C0)]
            RenderBlock (anonymous) at (8,4) size 44x18
              RenderText at (0,0) size 44x17
                text run at (0,0) width 44: "button"
          RenderText {#text} at (107,1) size 6x26
            text run at (107,1) width 6: " "
          RenderMenuList {SELECT} at (115,2) size 76x30 [color=#2E3436] [bgcolor=#FFFFFF] [border: (1px solid #2E3436)]
            RenderBlock (anonymous) at (1,1) size 74x28
              RenderText at (9,5) size 40x17
                text run at (9,5) width 40: "menu"
          RenderText {#text} at (193,1) size 6x26
            text run at (193,1) width 6: " "
          RenderBlock {INPUT} at (201,8) size 24x16
          RenderText {#text} at (227,1) size 6x26
            text run at (227,1) width 6: " "
          RenderBlock {INPUT} at (235,8) size 24x16
          RenderText {#text} at (0,0) size 0x0
      RenderBlock {DIV} at (0,447) size 769x35
        RenderText {#text} at (0,8) size 27x17
          text run at (0,8) width 27: "text "
        RenderButton {INPUT} at (29,4) size 60x27 [color=#2E3436] [bgcolor=#C0C0C0] [border: (2px outset #C0C0C0)]
          RenderBlock (anonymous) at (8,4) size 44x18
            RenderText at (0,0) size 44x17
              text run at (0,0) width 44: "button"
        RenderText {#text} at (91,8) size 4x17
          text run at (91,8) width 4: " "
        RenderMenuList {SELECT} at (97,2) size 76x30 [color=#2E3436] [bgcolor=#FFFFFF] [border: (1px solid #2E3436)]
          RenderBlock (anonymous) at (1,1) size 74x28
            RenderText at (9,5) size 40x17
              text run at (9,5) width 40: "menu"
        RenderText {#text} at (175,8) size 4x17
          text run at (175,8) width 4: " "
        RenderBlock {INPUT} at (181,8) size 24x16
        RenderText {#text} at (207,8) size 4x17
          text run at (207,8) width 4: " "
        RenderBlock {INPUT} at (213,8) size 24x16
        RenderText {#text} at (0,0) size 0x0
      RenderBlock {DIV} at (0,481) size 769x35
        RenderInline {FONT} at (0,0) size 227x11
          RenderText {#text} at (0,13) size 18x11
            text run at (0,13) width 18: "text "
          RenderButton {INPUT} at (20,4) size 60x27 [color=#2E3436] [bgcolor=#C0C0C0] [border: (2px outset #C0C0C0)]
            RenderBlock (anonymous) at (8,4) size 44x18
              RenderText at (0,0) size 44x17
                text run at (0,0) width 44: "button"
          RenderText {#text} at (82,13) size 3x11
            text run at (82,13) width 3: " "
          RenderMenuList {SELECT} at (87,2) size 76x30 [color=#2E3436] [bgcolor=#FFFFFF] [border: (1px solid #2E3436)]
            RenderBlock (anonymous) at (1,1) size 74x28
              RenderText at (9,5) size 40x17
                text run at (9,5) width 40: "menu"
          RenderText {#text} at (165,13) size 3x11
            text run at (165,13) width 3: " "
          RenderBlock {INPUT} at (170,8) size 24x16
          RenderText {#text} at (196,13) size 3x11
            text run at (196,13) width 3: " "
          RenderBlock {INPUT} at (201,8) size 24x16
          RenderText {#text} at (0,0) size 0x0
      RenderBlock {DIV} at (0,515) size 769x58
        RenderText {#text} at (0,32) size 27x17
          text run at (0,32) width 27: "text "
        RenderTextControl {INPUT} at (29,29) size 101x24 [bgcolor=#FFFFFF] [border: (2px inset #000000)]
        RenderText {#text} at (132,32) size 4x17
          text run at (132,32) width 4: " "
        RenderFileUploadControl {INPUT} at (138,28) size 306x27 "no file selected"
          RenderButton {INPUT} at (0,0) size 103x27 [color=#2E3436] [bgcolor=#C0C0C0] [border: (2px outset #C0C0C0)]
            RenderBlock (anonymous) at (8,4) size 87x18
              RenderText at (0,0) size 87x17
                text run at (0,0) width 87: "Choose File"
        RenderText {#text} at (446,32) size 4x17
          text run at (446,32) width 4: " "
        RenderText {#text} at (0,0) size 0x0
      RenderBlock {H2} at (0,591) size 769x28
        RenderText {#text} at (0,0) size 197x26
          text run at (0,0) width 197: "Pop-up Menu Sizes"
      RenderBlock {DIV} at (0,638) size 769x35
        RenderInline {FONT} at (0,0) size 200x26
          RenderText {#text} at (0,0) size 0x0
          RenderMenuList {SELECT} at (2,2) size 36x30 [color=#2E3436] [bgcolor=#FFFFFF] [border: (1px solid #2E3436)]
            RenderBlock (anonymous) at (1,1) size 34x28
              RenderText at (9,5) size 0x17
                text run at (9,5) width 0: " "
          RenderText {#text} at (40,1) size 6x26
            text run at (40,1) width 6: " "
          RenderMenuList {SELECT} at (48,2) size 40x30 [color=#2E3436] [bgcolor=#FFFFFF] [border: (1px solid #2E3436)]
            RenderBlock (anonymous) at (1,1) size 38x28
              RenderText at (9,5) size 4x17
                text run at (9,5) width 4: "|"
          RenderText {#text} at (90,1) size 6x26
            text run at (90,1) width 6: " "
          RenderMenuList {SELECT} at (98,2) size 100x30 [color=#2E3436] [bgcolor=#FFFFFF] [border: (1px solid #2E3436)]
            RenderBlock (anonymous) at (1,1) size 98x28
              RenderText at (9,5) size 64x17
                text run at (9,5) width 64: "xxxxxxxx"
          RenderText {#text} at (0,0) size 0x0
      RenderBlock {DIV} at (0,672) size 769x35
        RenderMenuList {SELECT} at (2,2) size 36x30 [color=#2E3436] [bgcolor=#FFFFFF] [border: (1px solid #2E3436)]
          RenderBlock (anonymous) at (1,1) size 34x28
            RenderText at (9,5) size 0x17
              text run at (9,5) width 0: " "
        RenderText {#text} at (40,8) size 4x17
          text run at (40,8) width 4: " "
        RenderMenuList {SELECT} at (46,2) size 40x30 [color=#2E3436] [bgcolor=#FFFFFF] [border: (1px solid #2E3436)]
          RenderBlock (anonymous) at (1,1) size 38x28
            RenderText at (9,5) size 4x17
              text run at (9,5) width 4: "|"
        RenderText {#text} at (88,8) size 4x17
          text run at (88,8) width 4: " "
        RenderMenuList {SELECT} at (94,2) size 100x30 [color=#2E3436] [bgcolor=#FFFFFF] [border: (1px solid #2E3436)]
          RenderBlock (anonymous) at (1,1) size 98x28
            RenderText at (9,5) size 64x17
              text run at (9,5) width 64: "xxxxxxxx"
        RenderText {#text} at (0,0) size 0x0
      RenderBlock {DIV} at (0,706) size 769x35
        RenderInline {FONT} at (0,0) size 194x11
          RenderText {#text} at (0,0) size 0x0
          RenderMenuList {SELECT} at (2,2) size 36x30 [color=#2E3436] [bgcolor=#FFFFFF] [border: (1px solid #2E3436)]
            RenderBlock (anonymous) at (1,1) size 34x28
              RenderText at (9,5) size 0x17
                text run at (9,5) width 0: " "
          RenderText {#text} at (40,13) size 3x11
            text run at (40,13) width 3: " "
          RenderMenuList {SELECT} at (45,2) size 40x30 [color=#2E3436] [bgcolor=#FFFFFF] [border: (1px solid #2E3436)]
            RenderBlock (anonymous) at (1,1) size 38x28
              RenderText at (9,5) size 4x17
                text run at (9,5) width 4: "|"
          RenderText {#text} at (87,13) size 3x11
            text run at (87,13) width 3: " "
          RenderMenuList {SELECT} at (92,2) size 100x30 [color=#2E3436] [bgcolor=#FFFFFF] [border: (1px solid #2E3436)]
            RenderBlock (anonymous) at (1,1) size 98x28
              RenderText at (9,5) size 64x17
                text run at (9,5) width 64: "xxxxxxxx"
          RenderText {#text} at (0,0) size 0x0
layer at (16,279) size 95x18
  RenderBlock {DIV} at (3,3) size 95x18
    RenderText {#text} at (0,0) size 59x17
      text run at (0,0) width 59: "text field"
layer at (487,278) size 201x42 clip at (488,279) size 199x40
  RenderTextControl {TEXTAREA} at (4,4) size 201x42 [bgcolor=#FFFFFF] [border: (1px solid #000000)]
    RenderBlock {DIV} at (3,3) size 195x18
      RenderText {#text} at (0,0) size 57x17
        text run at (0,0) width 57: "textarea"
layer at (40,555) size 95x18
  RenderBlock {DIV} at (3,3) size 95x18
    RenderText {#text} at (0,0) size 59x17
      text run at (0,0) width 59: "text field"
layer at (460,525) size 201x42 clip at (461,526) size 199x40
  RenderTextControl {TEXTAREA} at (452,2) size 201x42 [bgcolor=#FFFFFF] [border: (1px solid #000000)]
    RenderBlock {DIV} at (3,3) size 195x18
      RenderText {#text} at (0,0) size 57x17
        text run at (0,0) width 57: "textarea"
