layer at (0,0) size 800x600
  RenderView at (0,0) size 800x600
layer at (0,0) size 800x600
  RenderBlock {HTML} at (0,0) size 800x600
    RenderBody {BODY} at (8,8) size 784x576
      RenderBlock {P} at (0,0) size 784x36
        RenderText {#text} at (0,0) size 784x35
          text run at (0,0) width 784: "Results that match WinIE are two columns on the right that say \"after\" every time, except for the last row which should have"
          text run at (0,18) width 158: "nothing in either column."
      RenderBlock {P} at (0,52) size 784x18
        RenderText {#text} at (0,0) size 713x17
          text run at (0,0) width 713: "Results that match Gecko are like WinIE, but with \"before\" for the attribute in the first two rows and the last row."
      RenderBlock {HR} at (0,86) size 784x2 [border: (1px inset #000000)]
      RenderBlock {FORM} at (0,96) size 784x475
        RenderTable {TABLE} at (0,0) size 784x475
          RenderTableSection {THEAD} at (0,0) size 784x24
            RenderTableRow {TR} at (0,2) size 784x20
              RenderTableCell {TH} at (2,2) size 339x20 [r=0 c=0 rs=1 cs=1]
                RenderText {#text} at (1,1) size 55x17
                  text run at (1,1) width 55: "test case"
              RenderTableCell {TH} at (343,2) size 312x20 [r=0 c=1 rs=1 cs=1]
                RenderText {#text} at (1,1) size 89x17
                  text run at (1,1) width 89: "form element"
              RenderTableCell {TH} at (657,2) size 62x20 [r=0 c=2 rs=1 cs=1]
                RenderText {#text} at (1,1) size 60x17
                  text run at (1,1) width 60: "property"
              RenderTableCell {TH} at (721,2) size 61x20 [r=0 c=3 rs=1 cs=1]
                RenderText {#text} at (1,1) size 59x17
                  text run at (1,1) width 59: "attribute"
          RenderTableSection {TBODY} at (0,24) size 784x451
            RenderTableRow {TR} at (0,0) size 784x30
              RenderTableCell {TD} at (2,5) size 339x20 [r=0 c=0 rs=1 cs=1]
                RenderText {#text} at (1,1) size 207x17
                  text run at (1,1) width 207: "text with value property changed"
              RenderTableCell {TD} at (343,0) size 312x30 [r=0 c=1 rs=1 cs=1]
                RenderTextControl {INPUT} at (3,3) size 191x24 [bgcolor=#FFFFFF] [border: (2px inset #000000)]
              RenderTableCell {TD} at (657,5) size 62x20 [r=0 c=2 rs=1 cs=1]
                RenderText {#text} at (1,1) size 28x17
                  text run at (1,1) width 28: "after"
              RenderTableCell {TD} at (721,5) size 61x20 [r=0 c=3 rs=1 cs=1]
                RenderText {#text} at (1,1) size 40x17
                  text run at (1,1) width 40: "before"
            RenderTableRow {TR} at (0,32) size 784x30
              RenderTableCell {TD} at (2,37) size 339x20 [r=1 c=0 rs=1 cs=1]
                RenderText {#text} at (1,1) size 244x17
                  text run at (1,1) width 244: "password with value property changed"
              RenderTableCell {TD} at (343,32) size 312x30 [r=1 c=1 rs=1 cs=1]
                RenderTextControl {INPUT} at (3,3) size 191x24 [bgcolor=#FFFFFF] [border: (2px inset #000000)]
                  RenderFlexibleBox {DIV} at (3,3) size 185x18
                    RenderBlock {DIV} at (0,0) size 185x18
              RenderTableCell {TD} at (657,37) size 62x20 [r=1 c=2 rs=1 cs=1]
                RenderText {#text} at (1,1) size 28x17
                  text run at (1,1) width 28: "after"
              RenderTableCell {TD} at (721,37) size 61x20 [r=1 c=3 rs=1 cs=1]
                RenderText {#text} at (1,1) size 40x17
                  text run at (1,1) width 40: "before"
            RenderTableRow {TR} at (0,64) size 784x24
              RenderTableCell {TD} at (2,66) size 339x20 [r=2 c=0 rs=1 cs=1]
                RenderText {#text} at (1,1) size 249x17
                  text run at (1,1) width 249: "check box with value property changed"
              RenderTableCell {TD} at (343,64) size 312x24 [r=2 c=1 rs=1 cs=1]
                RenderBlock {INPUT} at (3,4) size 24x16
              RenderTableCell {TD} at (657,66) size 62x20 [r=2 c=2 rs=1 cs=1]
                RenderText {#text} at (1,1) size 28x17
                  text run at (1,1) width 28: "after"
              RenderTableCell {TD} at (721,66) size 61x20 [r=2 c=3 rs=1 cs=1]
                RenderText {#text} at (1,1) size 28x17
                  text run at (1,1) width 28: "after"
            RenderTableRow {TR} at (0,90) size 784x20
              RenderTableCell {TD} at (2,90) size 339x20 [r=3 c=0 rs=1 cs=1]
                RenderText {#text} at (1,1) size 227x17
                  text run at (1,1) width 227: "hidden with value property changed"
              RenderTableCell {TD} at (343,99) size 312x2 [r=3 c=1 rs=1 cs=1]
              RenderTableCell {TD} at (657,90) size 62x20 [r=3 c=2 rs=1 cs=1]
                RenderText {#text} at (1,1) size 28x17
                  text run at (1,1) width 28: "after"
              RenderTableCell {TD} at (721,90) size 61x20 [r=3 c=3 rs=1 cs=1]
                RenderText {#text} at (1,1) size 28x17
                  text run at (1,1) width 28: "after"
            RenderTableRow {TR} at (0,112) size 784x33
              RenderTableCell {TD} at (2,118) size 339x21 [r=4 c=0 rs=1 cs=1]
                RenderText {#text} at (1,1) size 224x18
                  text run at (1,2) width 224: "button with value property changed"
              RenderTableCell {TD} at (343,112) size 312x33 [r=4 c=1 rs=1 cs=1]
                RenderButton {INPUT} at (3,3) size 47x27 [color=#2E3436] [bgcolor=#C0C0C0] [border: (2px outset #C0C0C0)]
                  RenderBlock (anonymous) at (8,4) size 31x18
                    RenderText at (0,0) size 31x17
                      text run at (0,0) width 31: "after"
              RenderTableCell {TD} at (657,118) size 62x21 [r=4 c=2 rs=1 cs=1]
                RenderText {#text} at (1,1) size 28x18
                  text run at (1,2) width 28: "after"
              RenderTableCell {TD} at (721,118) size 61x21 [r=4 c=3 rs=1 cs=1]
                RenderText {#text} at (1,1) size 28x18
                  text run at (1,2) width 28: "after"
            RenderTableRow {TR} at (0,147) size 784x23
              RenderTableCell {TD} at (2,148) size 339x21 [r=5 c=0 rs=1 cs=1]
                RenderText {#text} at (1,1) size 222x18
                  text run at (1,2) width 222: "image with value property changed"
              RenderTableCell {TD} at (343,147) size 312x23 [r=5 c=1 rs=1 cs=1]
                RenderImage {INPUT} at (1,1) size 49x21
              RenderTableCell {TD} at (657,148) size 62x21 [r=5 c=2 rs=1 cs=1]
                RenderText {#text} at (1,1) size 28x18
                  text run at (1,2) width 28: "after"
              RenderTableCell {TD} at (721,148) size 61x21 [r=5 c=3 rs=1 cs=1]
                RenderText {#text} at (1,1) size 28x18
                  text run at (1,2) width 28: "after"
            RenderTableRow {TR} at (0,172) size 784x24
              RenderTableCell {TD} at (2,174) size 339x20 [r=6 c=0 rs=1 cs=1]
                RenderText {#text} at (1,1) size 216x17
                  text run at (1,1) width 216: "radio with value property changed"
              RenderTableCell {TD} at (343,172) size 312x24 [r=6 c=1 rs=1 cs=1]
                RenderBlock {INPUT} at (3,4) size 24x16
              RenderTableCell {TD} at (657,174) size 62x20 [r=6 c=2 rs=1 cs=1]
                RenderText {#text} at (1,1) size 28x17
                  text run at (1,1) width 28: "after"
              RenderTableCell {TD} at (721,174) size 61x20 [r=6 c=3 rs=1 cs=1]
                RenderText {#text} at (1,1) size 28x17
                  text run at (1,1) width 28: "after"
            RenderTableRow {TR} at (0,198) size 784x30
              RenderTableCell {TD} at (2,203) size 339x20 [r=7 c=0 rs=1 cs=1]
                RenderText {#text} at (1,1) size 205x17
                  text run at (1,1) width 205: "text with value attribute changed"
              RenderTableCell {TD} at (343,198) size 312x30 [r=7 c=1 rs=1 cs=1]
                RenderTextControl {INPUT} at (3,3) size 191x24 [bgcolor=#FFFFFF] [border: (2px inset #000000)]
              RenderTableCell {TD} at (657,203) size 62x20 [r=7 c=2 rs=1 cs=1]
                RenderText {#text} at (1,1) size 28x17
                  text run at (1,1) width 28: "after"
              RenderTableCell {TD} at (721,203) size 61x20 [r=7 c=3 rs=1 cs=1]
                RenderText {#text} at (1,1) size 28x17
                  text run at (1,1) width 28: "after"
            RenderTableRow {TR} at (0,230) size 784x24
              RenderTableCell {TD} at (2,232) size 339x20 [r=8 c=0 rs=1 cs=1]
                RenderText {#text} at (1,1) size 247x17
                  text run at (1,1) width 247: "check box with value attribute changed"
              RenderTableCell {TD} at (343,230) size 312x24 [r=8 c=1 rs=1 cs=1]
                RenderBlock {INPUT} at (3,4) size 24x16
              RenderTableCell {TD} at (657,232) size 62x20 [r=8 c=2 rs=1 cs=1]
                RenderText {#text} at (1,1) size 28x17
                  text run at (1,1) width 28: "after"
              RenderTableCell {TD} at (721,232) size 61x20 [r=8 c=3 rs=1 cs=1]
                RenderText {#text} at (1,1) size 28x17
                  text run at (1,1) width 28: "after"
            RenderTableRow {TR} at (0,256) size 784x38
              RenderTableCell {TD} at (2,256) size 339x38 [r=9 c=0 rs=1 cs=1]
                RenderText {#text} at (1,1) size 314x35
                  text run at (1,1) width 314: "text with value property changed, then turned into"
                  text run at (1,19) width 65: "check box"
              RenderTableCell {TD} at (343,263) size 312x24 [r=9 c=1 rs=1 cs=1]
                RenderBlock {INPUT} at (3,4) size 24x16
              RenderTableCell {TD} at (657,265) size 62x20 [r=9 c=2 rs=1 cs=1]
                RenderText {#text} at (1,1) size 28x17
                  text run at (1,1) width 28: "after"
              RenderTableCell {TD} at (721,265) size 61x20 [r=9 c=3 rs=1 cs=1]
                RenderText {#text} at (1,1) size 28x17
                  text run at (1,1) width 28: "after"
            RenderTableRow {TR} at (0,296) size 784x38
              RenderTableCell {TD} at (2,296) size 339x38 [r=10 c=0 rs=1 cs=1]
                RenderText {#text} at (1,1) size 328x35
                  text run at (1,1) width 328: "check box with value property changed, then turned"
                  text run at (1,19) width 51: "into text"
              RenderTableCell {TD} at (343,300) size 312x30 [r=10 c=1 rs=1 cs=1]
                RenderTextControl {INPUT} at (3,3) size 191x24 [bgcolor=#FFFFFF] [border: (2px inset #000000)]
              RenderTableCell {TD} at (657,305) size 62x20 [r=10 c=2 rs=1 cs=1]
                RenderText {#text} at (1,1) size 28x17
                  text run at (1,1) width 28: "after"
              RenderTableCell {TD} at (721,305) size 61x20 [r=10 c=3 rs=1 cs=1]
                RenderText {#text} at (1,1) size 28x17
                  text run at (1,1) width 28: "after"
            RenderTableRow {TR} at (0,336) size 784x38
              RenderTableCell {TD} at (2,336) size 339x38 [r=11 c=0 rs=1 cs=1]
                RenderText {#text} at (1,1) size 312x35
                  text run at (1,1) width 312: "text with value attribute changed, then turned into"
                  text run at (1,19) width 65: "check box"
              RenderTableCell {TD} at (343,343) size 312x24 [r=11 c=1 rs=1 cs=1]
                RenderBlock {INPUT} at (3,4) size 24x16
              RenderTableCell {TD} at (657,345) size 62x20 [r=11 c=2 rs=1 cs=1]
                RenderText {#text} at (1,1) size 28x17
                  text run at (1,1) width 28: "after"
              RenderTableCell {TD} at (721,345) size 61x20 [r=11 c=3 rs=1 cs=1]
                RenderText {#text} at (1,1) size 28x17
                  text run at (1,1) width 28: "after"
            RenderTableRow {TR} at (0,376) size 784x38
              RenderTableCell {TD} at (2,376) size 339x38 [r=12 c=0 rs=1 cs=1]
                RenderText {#text} at (1,1) size 326x35
                  text run at (1,1) width 326: "check box with value attribute changed, then turned"
                  text run at (1,19) width 51: "into text"
              RenderTableCell {TD} at (343,380) size 312x30 [r=12 c=1 rs=1 cs=1]
                RenderTextControl {INPUT} at (3,3) size 191x24 [bgcolor=#FFFFFF] [border: (2px inset #000000)]
              RenderTableCell {TD} at (657,385) size 62x20 [r=12 c=2 rs=1 cs=1]
                RenderText {#text} at (1,1) size 28x17
                  text run at (1,1) width 28: "after"
              RenderTableCell {TD} at (721,385) size 61x20 [r=12 c=3 rs=1 cs=1]
                RenderText {#text} at (1,1) size 28x17
                  text run at (1,1) width 28: "after"
            RenderTableRow {TR} at (0,416) size 784x33
              RenderTableCell {TD} at (2,422) size 339x21 [r=13 c=0 rs=1 cs=1]
                RenderText {#text} at (1,1) size 204x18
                  text run at (1,2) width 204: "file with value property changed"
              RenderTableCell {TD} at (343,416) size 312x33 [r=13 c=1 rs=1 cs=1]
                RenderFileUploadControl {INPUT} at (3,3) size 306x27 "no file selected"
                  RenderButton {INPUT} at (0,0) size 103x27 [color=#2E3436] [bgcolor=#C0C0C0] [border: (2px outset #C0C0C0)]
                    RenderBlock (anonymous) at (8,4) size 87x18
                      RenderText at (0,0) size 87x17
                        text run at (0,0) width 87: "Choose File"
              RenderTableCell {TD} at (657,431) size 62x3 [r=13 c=2 rs=1 cs=1]
              RenderTableCell {TD} at (721,422) size 61x21 [r=13 c=3 rs=1 cs=1]
                RenderText {#text} at (1,1) size 40x18
                  text run at (1,2) width 40: "before"
layer at (357,134) size 185x18
  RenderBlock {DIV} at (3,3) size 185x18
    RenderText {#text} at (0,0) size 45x17
      text run at (0,0) width 45: "before"
layer at (357,166) size 185x18
  RenderBlock {DIV} at (0,0) size 185x18
    RenderText {#text} at (0,0) size 36x17
      text run at (0,0) width 36: "\x{2022}\x{2022}\x{2022}\x{2022}\x{2022}\x{2022}"
layer at (357,332) size 185x18
  RenderBlock {DIV} at (3,3) size 185x18
    RenderText {#text} at (0,0) size 31x17
      text run at (0,0) width 31: "after"
layer at (357,434) size 185x18
  RenderBlock {DIV} at (3,3) size 185x18
    RenderText {#text} at (0,0) size 31x17
      text run at (0,0) width 31: "after"
layer at (357,514) size 185x18
  RenderBlock {DIV} at (3,3) size 185x18
    RenderText {#text} at (0,0) size 31x17
      text run at (0,0) width 31: "after"
