layer at (0,0) size 800x600
  RenderView at (0,0) size 800x600
layer at (0,0) size 800x600
  RenderBlock {HTML} at (0,0) size 800x600
    RenderBody {BODY} at (8,8) size 784x584
      RenderText {#text} at (0,0) size 368x17
        text run at (0,0) width 368: "This tests that aqua-style search fields do not honor height."
      RenderBR {BR} at (368,14) size 0x0
      RenderTextControl {INPUT} at (0,121) size 89x6 [bgcolor=#FFFFFF] [border: (2px inset #000000)]
        RenderFlexibleBox {DIV} at (3,0) size 83x6
          RenderBlock {DIV} at (0,3) size 0x0
          RenderBlock {DIV} at (0,0) size 62x6
          RenderBlock {DIV} at (62,0) size 21x8
      RenderText {#text} at (89,112) size 4x17
        text run at (89,112) width 4: " "
      RenderTextControl {INPUT} at (95,101) size 202x40 [bgcolor=#FFFFFF] [border: (2px inset #000000)]
        RenderFlexibleBox {DIV} at (3,3) size 196x34
          RenderBlock {DIV} at (0,17) size 0x0
          RenderBlock {DIV} at (0,8) size 166x18
          RenderBlock {DIV} at (166,8) size 30x18
      RenderText {#text} at (299,112) size 4x17
        text run at (299,112) width 4: " "
      RenderTextControl {INPUT} at (305,18) size 354x200 [bgcolor=#FFFFFF] [border: (2px inset #000000)]
        RenderFlexibleBox {DIV} at (3,3) size 348x194
          RenderBlock {DIV} at (0,97) size 0x0
          RenderBlock {DIV} at (0,81) size 309x32
          RenderBlock {DIV} at (309,84) size 39x26
      RenderText {#text} at (0,0) size 0x0
layer at (11,129) size 62x6
  RenderBlock {DIV} at (0,0) size 62x6
    RenderText {#text} at (0,0) size 10x6
      text run at (0,0) width 10: "mini"
layer at (106,121) size 166x17
  RenderBlock {DIV} at (0,0) size 166x17
    RenderText {#text} at (0,0) size 35x17
      text run at (0,0) width 35: "small"
layer at (316,111) size 309x31
  RenderBlock {DIV} at (0,0) size 309x31
    RenderText {#text} at (0,0) size 84x30
      text run at (0,0) width 84: "regular"
