layer at (0,0) size 800x600
  RenderView at (0,0) size 800x600
layer at (0,0) size 800x600
  RenderBlock {HTML} at (0,0) size 800x600
    RenderBody {BODY} at (8,8) size 784x576
      RenderBlock {P} at (0,0) size 784x18
        RenderText {#text} at (0,0) size 53x17
          text run at (0,0) width 53: "Test for "
        RenderInline {I} at (0,0) size 652x17
          RenderInline {A} at (0,0) size 301x17 [color=#0000EE]
            RenderText {#text} at (53,0) size 301x17
              text run at (53,0) width 301: "http://bugs.webkit.org/show_bug.cgi?id=12345"
          RenderText {#text} at (354,0) size 351x17
            text run at (354,0) width 4: " "
            text run at (358,0) width 347: "REGRESSION: Disabled pop-up text is not grayed out"
        RenderText {#text} at (705,0) size 4x17
          text run at (705,0) width 4: "."
      RenderBlock {P} at (0,34) size 784x34
        RenderMenuList {SELECT} at (2,2) size 205x30 [color=#8B8E8F] [bgcolor=#FFFFFF] [border: (1px solid #8B8E8F)]
          RenderBlock (anonymous) at (1,1) size 203x28
            RenderText at (9,5) size 169x17
              text run at (9,5) width 169: "This text should be gray"
        RenderText {#text} at (0,0) size 0x0
      RenderBlock {P} at (0,84) size 784x34
        RenderMenuList {SELECT} at (2,2) size 212x30 [color=#2E3436] [bgcolor=#FFFFFF] [border: (1px solid #2E3436)]
          RenderBlock (anonymous) at (1,1) size 210x28
            RenderText at (9,5) size 176x17
              text run at (9,5) width 176: "This text should be black"
        RenderText {#text} at (0,0) size 0x0
