layer at (0,0) size 800x600
  RenderView at (0,0) size 800x600
layer at (0,0) size 800x600
  RenderBlock {HTML} at (0,0) size 800x600
    RenderBody {BODY} at (8,8) size 784x584
      RenderText {#text} at (0,0) size 554x17
        text run at (0,0) width 250: "This tests that styled popups look right. "
        text run at (250,0) width 304: "(Aqua for now- later, we will honor the styling)."
      RenderBR {BR} at (554,14) size 0x0
      RenderMenuList {SELECT} at (2,20) size 61x30 [color=#2E3436] [bgcolor=#FF0000] [border: (1px solid #2E3436)]
        RenderBlock (anonymous) at (1,1) size 59x28
          RenderText at (9,5) size 25x17
            text run at (9,5) width 25: "test"
      RenderText {#text} at (65,26) size 4x17
        text run at (65,26) width 4: " "
      RenderBR {BR} at (69,40) size 0x0
      RenderText {#text} at (0,52) size 528x17
        text run at (0,52) width 528: "This tests that background color is white by default regardless of the parent element."
      RenderBR {BR} at (528,66) size 0x0
      RenderInline {SPAN} at (0,0) size 79x27 [bgcolor=#FF0000]
        RenderText {#text} at (0,0) size 0x0
        RenderMenuList {SELECT} at (7,72) size 61x30 [color=#2E3436] [bgcolor=#FFFFFF] [border: (1px solid #2E3436)]
          RenderBlock (anonymous) at (1,1) size 59x28
            RenderText at (9,5) size 25x17
              text run at (9,5) width 25: "test"
        RenderText {#text} at (70,78) size 4x17
          text run at (70,78) width 4: " "
      RenderText {#text} at (0,0) size 0x0
      RenderBR {BR} at (0,0) size 0x0
      RenderText {#text} at (0,104) size 625x17
        text run at (0,104) width 625: "This tests that background color is inherited from the parent if background-color:inherit is specified."
      RenderBR {BR} at (625,118) size 0x0
      RenderInline {SPAN} at (0,0) size 79x27 [bgcolor=#FF0000]
        RenderText {#text} at (0,0) size 0x0
        RenderMenuList {SELECT} at (7,124) size 61x30 [color=#2E3436] [border: (1px solid #2E3436)]
          RenderBlock (anonymous) at (1,1) size 59x28
            RenderText at (9,5) size 25x17
              text run at (9,5) width 25: "test"
        RenderText {#text} at (70,130) size 4x17
          text run at (70,130) width 4: " "
      RenderText {#text} at (0,0) size 0x0
      RenderBR {BR} at (0,0) size 0x0
      RenderText {#text} at (0,156) size 637x17
        text run at (0,156) width 637: "This tests that background color is the same as the parent if background-color:transparent is specified."
      RenderBR {BR} at (637,170) size 0x0
      RenderInline {SPAN} at (0,0) size 79x27 [bgcolor=#FF0000]
        RenderText {#text} at (0,0) size 0x0
        RenderMenuList {SELECT} at (7,176) size 61x30 [color=#2E3436] [border: (1px solid #2E3436)]
          RenderBlock (anonymous) at (1,1) size 59x28
            RenderText at (9,5) size 25x17
              text run at (9,5) width 25: "test"
        RenderText {#text} at (70,182) size 4x17
          text run at (70,182) width 4: " "
      RenderText {#text} at (0,0) size 0x0
      RenderBR {BR} at (0,0) size 0x0
      RenderText {#text} at (0,208) size 498x17
        text run at (0,208) width 498: "This tests that background is white if only background-image:none is specified."
      RenderBR {BR} at (498,222) size 0x0
      RenderMenuList {SELECT} at (2,228) size 61x30 [color=#2E3436] [bgcolor=#FFFFFF] [border: (1px solid #2E3436)]
        RenderBlock (anonymous) at (1,1) size 59x28
          RenderText at (9,5) size 25x17
            text run at (9,5) width 25: "test"
      RenderText {#text} at (65,234) size 4x17
        text run at (65,234) width 4: " "
      RenderBR {BR} at (69,248) size 0x0
      RenderText {#text} at (0,260) size 418x17
        text run at (0,260) width 418: "This tests that the image specified for background-image is visible."
      RenderBR {BR} at (418,274) size 0x0
      RenderMenuList {SELECT} at (2,280) size 61x30 [color=#2E3436] [bgcolor=#FFFFFF] [border: (1px solid #2E3436)]
        RenderBlock (anonymous) at (1,1) size 59x28
          RenderText at (9,5) size 25x17
            text run at (9,5) width 25: "test"
      RenderText {#text} at (0,0) size 0x0
