layer at (0,0) size 800x600
  RenderView at (0,0) size 800x600
layer at (0,0) size 800x50
  RenderBlock {HTML} at (0,0) size 800x50
    RenderBody {BODY} at (8,16) size 784x18
      RenderBlock {P} at (0,0) size 784x18
        RenderText {#text} at (0,0) size 608x18
          text run at (0,0) width 608: "webkit.org/b/93735: Use the replaced height and width computation for positioned form controls"
layer at (7,32) size 412x32
  RenderTextControl {INPUT} at (7,32) size 412x32 [bgcolor=#FFFFFF] [border: (2px inset #000000)]
layer at (10,38) size 406x20
  RenderBlock {DIV} at (3,6) size 406x20
layer at (7,82) size 53x21
  RenderButton {INPUT} at (7,82) size 53x21 [bgcolor=#C0C0C0]
    RenderBlock (anonymous) at (8,3) size 37x15
      RenderText at (8,0) size 21x15
        text run at (8,0) width 21: "text"
layer at (7,132) size 50x21
  RenderMenuList {SELECT} at (7,132) size 50x21 [bgcolor=#FFFFFF]
    RenderBlock (anonymous) at (0,0) size 50x20
      RenderText at (8,2) size 19x15
        text run at (8,2) width 19: "test"
layer at (7,182) size 427x52 clip at (8,183) size 425x50
  RenderTextControl {TEXTAREA} at (7,182) size 427x52 [bgcolor=#FFFFFF] [border: (1px solid #000000)]
    RenderBlock {DIV} at (3,3) size 421x20
