layer at (0,0) size 800x600
  RenderView at (0,0) size 800x600
layer at (0,0) size 800x82
  RenderBlock {html} at (0,0) size 800x82
    RenderBody {body} at (8,16) size 784x50
      RenderBlock {p} at (0,0) size 784x17 [color=#00FF00]
        RenderText {#text} at (0,0) size 163x17
          text run at (0,0) width 163: "This text should be green."
      RenderBlock {p} at (0,33) size 784x17 [color=#00FF00]
        RenderText {#text} at (0,0) size 163x17
          text run at (0,0) width 163: "This text should be green."
