layer at (0,0) size 800x600
  RenderView at (0,0) size 800x600
layer at (0,0) size 800x132
  RenderBlock {html} at (0,0) size 800x132
    RenderBody {body} at (8,16) size 784x100
      RenderBlock {blockquote} at (40,0) size 704x17
        RenderBlock {div} at (0,0) size 704x17
          RenderText {#text} at (0,0) size 181x17
            text run at (0,0) width 181: "This text should be unstyled."
      RenderBlock {div} at (0,33) size 784x17
        RenderText {#text} at (0,0) size 181x17
          text run at (0,0) width 181: "This text should be unstyled."
      RenderBlock {div} at (0,50) size 784x17
        RenderText {#text} at (0,0) size 181x17
          text run at (0,0) width 181: "This text should be unstyled."
      RenderBlock {p} at (0,83) size 784x17 [color=#008000]
        RenderText {#text} at (0,0) size 163x17
          text run at (0,0) width 163: "This text should be green."
