layer at (0,0) size 800x600
  RenderView at (0,0) size 800x600
layer at (0,0) size 800x148
  RenderBlock {html} at (0,0) size 800x148
    RenderBody {body} at (8,16) size 784x116
      RenderBlock {div} at (0,0) size 784x116
        RenderBlock {p} at (0,0) size 784x17 [bgcolor=#00FF00]
          RenderText {#text} at (0,0) size 304x17
            text run at (0,0) width 304: "This paragraph should have a green background"
        RenderBlock {p} at (0,33) size 784x17 [bgcolor=#00FF00]
          RenderText {#text} at (0,0) size 304x17
            text run at (0,0) width 304: "This paragraph should have a green background"
        RenderBlock {l} at (0,66) size 784x17 [bgcolor=#00FF00]
          RenderInline {p} at (0,0) size 304x17
            RenderText {#text} at (0,0) size 304x17
              text run at (0,0) width 190: "This paragraph should have a "
              text run at (190,0) width 114: "green background"
          RenderText {#text} at (0,0) size 0x0
        RenderBlock {p} at (0,99) size 784x17 [bgcolor=#00FF00]
          RenderText {#text} at (0,0) size 304x17
            text run at (0,0) width 304: "This paragraph should have a green background"
