layer at (0,0) size 800x600
  RenderView at (0,0) size 800x600
layer at (0,0) size 800x89
  RenderBlock {html} at (0,0) size 800x89
    RenderBody {body} at (8,16) size 784x57
      RenderBlock {p} at (0,0) size 784x57
        RenderButton {button} at (2,2) size 313x26 [bgcolor=#00FF00] [border: (2px outset #C0C0C0)]
          RenderBlock (anonymous) at (8,4) size 297x17
            RenderText {#text} at (0,0) size 297x17
              text run at (0,0) width 297: "A button (enabled) with green background"
        RenderText {#text} at (317,6) size 4x17
          text run at (317,6) width 4: " "
        RenderBR {br} at (0,0) size 0x0
        RenderTextControl {input} at (2,32) size 335x23 [bgcolor=#00FF00] [border: (2px inset #000000)]
        RenderText {#text} at (0,0) size 0x0
layer at (13,51) size 329x17
  RenderBlock {div} at (3,3) size 329x17
    RenderText {#text} at (0,0) size 312x17
      text run at (0,0) width 312: "a text area (enabled) with green background"
