layer at (0,0) size 800x600
  RenderView at (0,0) size 800x600
layer at (0,0) size 800x214
  RenderBlock {html} at (0,0) size 800x214
    RenderBody {body} at (8,16) size 784x182
      RenderBlock {div} at (0,0) size 784x182
        RenderBlock {p} at (0,0) size 784x17
          RenderText {#text} at (0,0) size 181x17
            text run at (0,0) width 181: "This line should be unstyled."
        RenderBlock {elementA} at (0,33) size 784x17
          RenderText {#text} at (0,0) size 181x17
            text run at (0,0) width 181: "This line should be unstyled."
        RenderBlock {elementB} at (0,66) size 784x17
          RenderText {#text} at (0,0) size 181x17
            text run at (0,0) width 181: "This line should be unstyled."
        RenderBlock {div} at (0,99) size 784x83
          RenderBlock {p} at (0,0) size 784x17 [bgcolor=#00FF00]
            RenderText {#text} at (0,0) size 264x17
              text run at (0,0) width 264: "This line should have a green background"
          RenderBlock {elementA} at (0,33) size 784x17 [bgcolor=#00FF00]
            RenderText {#text} at (0,0) size 264x17
              text run at (0,0) width 264: "This line should have a green background"
          RenderBlock {elementB} at (0,66) size 784x17 [bgcolor=#00FF00]
            RenderText {#text} at (0,0) size 264x17
              text run at (0,0) width 264: "This line should have a green background"
