layer at (0,0) size 800x600
  RenderView at (0,0) size 800x600
layer at (0,0) size 800x181
  RenderBlock {html} at (0,0) size 800x181
    RenderBody {body} at (8,16) size 784x149
      RenderBlock {div} at (0,0) size 784x149
        RenderBlock {p} at (0,0) size 784x17
          RenderText {#text} at (0,0) size 221x17
            text run at (0,0) width 221: "This paragraph should be unstyled."
        RenderBlock {address} at (0,33) size 784x17 [bgcolor=#00FF00]
          RenderText {#text} at (0,0) size 296x17
            text run at (0,0) width 296: "This address should have a green background."
        RenderBlock {address} at (0,66) size 784x17 [bgcolor=#00FF00]
          RenderText {#text} at (0,0) size 296x17
            text run at (0,0) width 296: "This address should have a green background."
        RenderBlock {q} at (0,99) size 784x17
          RenderText {#text} at (0,0) size 221x17
            text run at (0,0) width 221: "This paragraph should be unstyled."
        RenderBlock {r} at (0,132) size 784x17 [bgcolor=#00FF00]
          RenderText {#text} at (0,0) size 308x17
            text run at (0,0) width 308: "This paragraph should have a green background."
