layer at (0,0) size 800x600
  RenderView at (0,0) size 800x600
layer at (0,0) size 800x66
  RenderBlock {html} at (0,0) size 800x66
    RenderBody {body} at (8,16) size 784x34
      RenderBlock {p} at (0,0) size 784x34
        RenderInline (generated) at (0,0) size 184x17 [bgcolor=#00FF00]
          RenderText at (0,0) size 184x17
            text run at (0,0) width 184: "GENERATED CONTENT "
        RenderText {#text} at (184,0) size 740x34
          text run at (184,0) width 556: "You should see before this paragraph the words GENERATED CONTENT over green"
          text run at (0,17) width 75: "background"
