layer at (0,0) size 800x600
  RenderView at (0,0) size 800x600
layer at (0,0) size 800x181
  RenderBlock {html} at (0,0) size 800x181
    RenderBody {body} at (8,16) size 784x149
      RenderBlock {div} at (0,0) size 784x149
        RenderBlock {p} at (0,0) size 784x17 [bgcolor=#00FF00]
          RenderText {#text} at (0,0) size 264x17
            text run at (0,0) width 105: "This line should "
            text run at (105,0) width 159: "have a green background"
        RenderBlock {p} at (0,33) size 784x17 [bgcolor=#00FF00]
          RenderText {#text} at (0,0) size 264x17
            text run at (0,0) width 264: "This line should have a green background"
        RenderBlock {q} at (0,66) size 784x17 [bgcolor=#00FF00]
          RenderText {#text} at (0,0) size 264x17
            text run at (0,0) width 264: "This line should have a green background"
        RenderBlock {p} at (0,99) size 784x17 [bgcolor=#00FF00]
          RenderText {#text} at (0,0) size 264x17
            text run at (0,0) width 264: "This line should have a green background"
        RenderBlock {foo} at (0,132) size 784x17 [bgcolor=#00FF00]
          RenderText {#text} at (0,0) size 264x17
            text run at (0,0) width 264: "This line should have a green background"
