layer at (0,0) size 800x600
  RenderView at (0,0) size 800x600
layer at (0,0) size 800x120
  RenderBlock {html} at (0,0) size 800x120
    RenderBody {body} at (8,16) size 784x88
      RenderBlock {p} at (0,0) size 784x88 [color=#008000]
        RenderBR {br} at (0,43) size 0x17
        RenderText {#text} at (0,71) size 163x17
          text run at (0,71) width 163: "This line should be green."
