layer at (0,0) size 800x600
  RenderView at (0,0) size 800x600
layer at (0,0) size 800x41
  RenderBlock {html} at (0,0) size 800x41
    RenderBody {body} at (8,8) size 784x17
      RenderBlock {div} at (0,0) size 784x17
        RenderBlock {t} at (0,0) size 784x17 [color=#008000]
          RenderText {#text} at (0,0) size 286x17
            text run at (0,0) width 286: "This paragraph should be in green characters."
