layer at (0,0) size 800x600
  RenderView at (0,0) size 800x600
layer at (0,0) size 800x600
  RenderBlock {HTML} at (0,0) size 800x600
    RenderBody {BODY} at (8,8) size 784x584
      RenderText {#text} at (0,0) size 433x18
        text run at (0,0) width 433: "Tests if the volume slider is rendererd properly. This test assumes the"
      RenderBR {BR} at (433,14) size 0x0
      RenderText {#text} at (0,18) size 453x18
        text run at (0,18) width 453: "volume slider is implemented and mouse over the right bottom corner of"
      RenderBR {BR} at (453,32) size 0x0
      RenderText {#text} at (0,36) size 270x18
        text run at (0,36) width 270: "video element will show the volume slider."
      RenderBR {BR} at (270,50) size 0x0
      RenderText {#text} at (0,0) size 0x0
layer at (8,62) size 320x240
  RenderVideo {VIDEO} at (0,54) size 320x240
layer at (8,62) size 320x240
  RenderFlexibleBox {DIV} at (0,0) size 320x240
layer at (8,277) size 320x25
  RenderFlexibleBox {DIV} at (0,215) size 320x25
layer at (14,282) size 16x16
  RenderButton {BUTTON} at (6,4) size 16x17 [color=#FFFFFF]
layer at (40,282) size 16x16
  RenderButton {BUTTON} at (32,5) size 16x16 [color=#FFFFFF]
layer at (57,285) size 217x11
  RenderFlexibleBox {DIV} at (49,7) size 217x12
layer at (57,285) size 45x11
  RenderFlexibleBox {DIV} at (0,0) size 45x11 [color=#FFFFFF]
    RenderBlock (anonymous) at (9,0) size 27x11
      RenderText {#text} at (0,0) size 26x11
        text run at (0,0) width 26: "00:00"
layer at (229,285) size 45x11
  RenderFlexibleBox {DIV} at (172,0) size 45x11 [color=#FFFFFF]
    RenderBlock (anonymous) at (7,0) size 31x11
      RenderText {#text} at (0,0) size 31x11
        text run at (0,0) width 31: "-00:06"
layer at (104,286) size 123x9
  RenderFlexibleBox {DIV} at (47,1) size 123x9
    RenderSlider {INPUT} at (0,0) size 123x9 [color=#909090] [bgcolor=#4A4A4A]
      RenderFlexibleBox {DIV} at (0,0) size 123x9
        RenderBlock {DIV} at (0,1) size 123x7
layer at (104,287) size 6x6
  RenderBlock {DIV} at (0,0) size 6x6 [bgcolor=#FFFFFF]
layer at (274,279) size 22x22
  RenderFlexibleBox {DIV} at (266,2) size 22x22
layer at (274,279) size 114x22
  RenderFlexibleBox {DIV} at (0,0) size 114x22 [border: (1px solid #000000F3)]
    RenderSlider {INPUT} at (27,6) size 80x10 [color=#909090] [border: (1px solid #000000DF)]
      RenderFlexibleBox {DIV} at (1,1) size 78x8
        RenderBlock {DIV} at (0,0) size 78x8
layer at (351,286) size 8x8
  RenderBlock {DIV} at (49,0) size 8x8
layer at (277,282) size 16x16
  RenderButton {BUTTON} at (3,3) size 16x16 [color=#FFFFFF]
layer at (305,282) size 16x16
  RenderButton {BUTTON} at (297,5) size 16x16 [color=#FFFFFF]
