layer at (0,0) size 1026x997
  RenderView at (0,0) size 785x585
layer at (0,0) size 785x997
  RenderBlock {HTML} at (0,0) size 785x997
    RenderBody {BODY} at (8,16) size 769x977
      RenderBlock {DIV} at (16,0) size 737x60
        RenderBlock {P} at (0,0) size 737x20
          RenderInline {A} at (0,0) size 83x17 [color=#0000EE]
            RenderText {#text} at (275,1) size 83x17
              text run at (275,1) width 83: "Full version"
          RenderText {#text} at (358,1) size 8x17
            text run at (358,1) width 8: ", "
          RenderInline {A} at (0,0) size 96x17 [color=#0000EE]
            RenderText {#text} at (366,1) size 96x17
              text run at (366,1) width 96: "Basic version"
        RenderBlock {P} at (0,20) size 737x20
          RenderText {#text} at (200,1) size 130x17
            text run at (200,1) width 130: "Specification link: "
          RenderInline {A} at (0,0) size 208x17 [color=#0000EE]
            RenderText {#text} at (329,1) size 208x17
              text run at (329,1) width 208: "3.4 How groups are rendered"
        RenderBlock {P} at (0,40) size 737x20
          RenderInline {A} at (0,0) size 173x17 [color=#0000EE]
            RenderText {#text} at (184,1) size 173x17
              text run at (184,1) width 173: "pservers-pattern-01-b \x{2190}"
          RenderText {#text} at (356,1) size 5x17
            text run at (356,1) width 5: " "
          RenderInline {A} at (0,0) size 40x17 [color=#0000EE]
            RenderText {#text} at (360,1) size 40x17
              text run at (360,1) width 40: "index"
          RenderText {#text} at (399,1) size 5x17
            text run at (399,1) width 5: " "
          RenderInline {A} at (0,0) size 150x17 [color=#0000EE]
            RenderText {#text} at (403,1) size 150x17
              text run at (403,1) width 150: "\x{2192} script-handle-01-b"
          RenderText {#text} at (0,0) size 0x0
      RenderTable {TABLE} at (0,64) size 1018x552
        RenderTableSection {TBODY} at (0,0) size 1018x552
          RenderTableRow {TR} at (0,0) size 1018x552
            RenderTableCell {TD} at (0,0) size 1018x552 [r=0 c=0 rs=1 cs=3]
              RenderTable {TABLE} at (10,10) size 998x532
                RenderTableSection {TBODY} at (0,0) size 998x532
                  RenderTableRow {TR} at (0,2) size 998x107
                    RenderTableCell {TD} at (2,2) size 994x107 [r=0 c=0 rs=1 cs=2]
                      RenderBlock {H1} at (8,29) size 978x49
                        RenderText {#text} at (339,6) size 300x36
                          text run at (339,6) width 300: "render-groups-01-b"
                  RenderTableRow {TR} at (0,110) size 998x37 [color=#FFFFFF] [bgcolor=#000000]
                    RenderTableCell {TD} at (2,110) size 496x37 [r=1 c=0 rs=1 cs=1]
                      RenderText {#text} at (206,9) size 84x17
                        text run at (206,9) width 84: "SVG Image"
                    RenderTableCell {TD} at (500,110) size 496x37 [r=1 c=1 rs=1 cs=1]
                      RenderText {#text} at (205,9) size 86x17
                        text run at (205,9) width 86: "PNG Image"
                  RenderTableRow {TR} at (0,148) size 998x382
                    RenderTableCell {TD} at (2,148) size 496x382 [r=2 c=0 rs=1 cs=1]
                      RenderEmbeddedObject {EMBED} at (8,8) size 480x360
                        layer at (0,0) size 480x360
                          RenderView at (0,0) size 480x360
                        layer at (0,0) size 480x360
                          RenderSVGRoot {svg} at (0,0) size 480x360
                            RenderSVGContainer {g} at (35,9) size 429x306
                              RenderSVGHiddenContainer {defs} at (0,0) size 0x0
                              RenderSVGContainer {g} at (35,9) size 429x306 [transform={m=((1.80,0.00)(0.00,1.80)) t=(0.00,0.00)}]
                                RenderSVGRect {rect} at (36,18) size 414x279 [fill={[type=SOLID] [color=#C0C0C0]}] [x=20.00] [y=10.00] [width=230.00] [height=155.00]
                                RenderSVGPath {line} at (58,18) size 28x297 [stroke={[type=SOLID] [color=#FFFFFF] [stroke width=15.00]}] [fill={[type=SOLID] [color=#000000]}] [x1=40.00] [y1=10.00] [x2=40.00] [y2=175.00]
                                RenderSVGPath {line} at (112,18) size 28x297 [stroke={[type=SOLID] [color=#FFFFFF] [stroke width=15.00]}] [fill={[type=SOLID] [color=#000000]}] [x1=70.00] [y1=10.00] [x2=70.00] [y2=175.00]
                                RenderSVGPath {line} at (166,18) size 28x297 [stroke={[type=SOLID] [color=#FFFFFF] [stroke width=15.00]}] [fill={[type=SOLID] [color=#000000]}] [x1=100.00] [y1=10.00] [x2=100.00] [y2=175.00]
                                RenderSVGPath {line} at (220,18) size 28x297 [stroke={[type=SOLID] [color=#FFFFFF] [stroke width=15.00]}] [fill={[type=SOLID] [color=#000000]}] [x1=130.00] [y1=10.00] [x2=130.00] [y2=175.00]
                                RenderSVGPath {line} at (274,18) size 28x297 [stroke={[type=SOLID] [color=#FFFFFF] [stroke width=15.00]}] [fill={[type=SOLID] [color=#000000]}] [x1=160.00] [y1=10.00] [x2=160.00] [y2=175.00]
                                RenderSVGPath {line} at (328,18) size 28x297 [stroke={[type=SOLID] [color=#FFFFFF] [stroke width=15.00]}] [fill={[type=SOLID] [color=#000000]}] [x1=190.00] [y1=10.00] [x2=190.00] [y2=175.00]
                                RenderSVGPath {line} at (382,18) size 28x297 [stroke={[type=SOLID] [color=#FFFFFF] [stroke width=15.00]}] [fill={[type=SOLID] [color=#000000]}] [x1=220.00] [y1=10.00] [x2=220.00] [y2=175.00]
                                RenderSVGPath {line} at (436,18) size 28x297 [stroke={[type=SOLID] [color=#FFFFFF] [stroke width=15.00]}] [fill={[type=SOLID] [color=#000000]}] [x1=250.00] [y1=10.00] [x2=250.00] [y2=175.00]
                                RenderSVGRect {rect} at (35,17) size 416x281 [stroke={[type=SOLID] [color=#000000]}] [x=20.00] [y=10.00] [width=230.00] [height=155.00]
                                RenderSVGContainer {g} at (54,9) size 382x270 [opacity=0.50]
                                  RenderSVGText {text} at (30,5) size 133x122 contains 1 chunk(s)
                                    RenderSVGInlineText {#text} at (0,0) size 133x121
                                      chunk 1 text run 1 at (30.00,90.00) startOffset 0 endOffset 3 width 132.22: "SVG"
                                  RenderSVGRect {rect} at (126,99) size 234x126 [fill={[type=SOLID] [color=#820032]}] [x=70.00] [y=55.00] [width=130.00] [height=70.00]
                                  RenderSVGImage {image} at (291,135) size 145x144
                            RenderSVGText {text} at (10,304) size 264x45 contains 1 chunk(s)
                              RenderSVGInlineText {#text} at (0,0) size 264x45
                                chunk 1 text run 1 at (10.00,340.00) startOffset 0 endOffset 16 width 264.00: "$Revision: 1.6 $"
                            RenderSVGRect {rect} at (0,0) size 480x360 [stroke={[type=SOLID] [color=#000000]}] [x=1.00] [y=1.00] [width=478.00] [height=358.00]
                      RenderText {#text} at (0,0) size 0x0
                    RenderTableCell {TD} at (500,148) size 496x382 [r=2 c=1 rs=1 cs=1]
                      RenderImage {IMG} at (8,8) size 480x360
                      RenderText {#text} at (0,0) size 0x0
      RenderBlock {DIV} at (23,627) size 723x314
        RenderBlock {P} at (0,0) size 723x40
          RenderText {#text} at (0,1) size 689x37
            text run at (0,1) width 647: "Verifies implicit rendering order (paragraph 3.3) and grouping mechanism (paragraphs 3.4). "
            text run at (647,1) width 42: "It also"
            text run at (0,21) width 345: "validates basic Shape, Image and text rendering."
        RenderBlock {P} at (0,51) size 723x141
          RenderText {#text} at (0,1) size 718x137
            text run at (0,1) width 135: "This test renders 3 "
            text run at (135,1) width 247: "elements: a text string \"SVG\", then "
            text run at (382,1) width 289: "a shape, then an image. Because of their"
            text run at (0,21) width 306: "definition order and coordinates, the image "
            text run at (306,21) width 406: "should be on top of the rectangle and the rectangle on top"
            text run at (0,41) width 108: "of the text. The "
            text run at (108,41) width 531: "test validates that groups are conceptually rendered offscreen before being "
            text run at (639,41) width 64: "rendered"
            text run at (0,61) width 529: "on the canvas. This is done by grouping the same overlapping objects and "
            text run at (529,61) width 186: "rendering the group at half"
            text run at (0,81) width 400: "opacity. The background pattern (vertical stripes) should "
            text run at (400,81) width 318: "show throw all the group elements. However,"
            text run at (0,101) width 311: "none of the \"SVG\" should show through the "
            text run at (311,101) width 402: "rectangle and none of the rectangle should show through"
            text run at (0,121) width 74: "the image."
        RenderBlock {P} at (0,202) size 723x81
          RenderText {#text} at (0,1) size 713x77
            text run at (0,1) width 549: "Prerequisites: the test assumes proper handling of the fill stroke, stroke-width, "
            text run at (549,1) width 119: "opacity, font-size"
            text run at (0,21) width 497: "rendering properties. It uses the rect, line, text and image elements, as "
            text run at (497,21) width 166: "well as all the elements"
            text run at (0,41) width 429: "required for the test template. To ensure that the text string is "
            text run at (429,41) width 284: "overlapped by the other elements and to"
            text run at (0,61) width 411: "avoid a dependency on system fonts, an SVG font is used."
        RenderBlock {P} at (0,293) size 723x21
          RenderText {#text} at (0,1) size 446x17
            text run at (0,1) width 446: "The rendered image should match the reference image exactly."
      RenderBlock {DIV} at (16,956) size 737x21
        RenderBlock {P} at (0,0) size 737x20
          RenderInline {A} at (0,0) size 173x17 [color=#0000EE]
            RenderText {#text} at (184,1) size 173x17
              text run at (184,1) width 173: "pservers-pattern-01-b \x{2190}"
          RenderText {#text} at (356,1) size 5x17
            text run at (356,1) width 5: " "
          RenderInline {A} at (0,0) size 40x17 [color=#0000EE]
            RenderText {#text} at (360,1) size 40x17
              text run at (360,1) width 40: "index"
          RenderText {#text} at (399,1) size 5x17
            text run at (399,1) width 5: " "
          RenderInline {A} at (0,0) size 150x17 [color=#0000EE]
            RenderText {#text} at (403,1) size 150x17
              text run at (403,1) width 150: "\x{2192} script-handle-01-b"
          RenderText {#text} at (0,0) size 0x0
scrolled to 0,412
