layer at (0,0) size 800x600
  RenderView at (0,0) size 800x600
layer at (0,0) size 800x282
  RenderBlock {html} at (0,0) size 800x282
    RenderBody {body} at (8,21) size 784x245
      RenderBlock {h1} at (0,0) size 784x36
        RenderText {#text} at (0,0) size 115x36
          text run at (0,0) width 115: "Test for "
        RenderInline {a} at (0,0) size 143x36 [color=#0000EE]
          RenderText {#text} at (115,0) size 143x36
            text run at (115,0) width 143: "Bug 42352"
      RenderBlock {p} at (0,57) size 784x18
        RenderText {#text} at (0,0) size 506x17
          text run at (0,0) width 506: "Following text should be rendered as usual. Only \"A\" has a glyph in SVG Font."
      RenderBlock {p} at (0,90) size 784x19
        RenderText {#text} at (0,0) size 35x17
          text run at (0,0) width 35: "XXA"
      RenderBlock {p} at (0,124) size 784x19
        RenderText {#text} at (0,0) size 35x17
          text run at (0,0) width 35: "XAX"
      RenderBlock {p} at (0,158) size 784x19
        RenderText {#text} at (0,0) size 35x17
          text run at (0,0) width 35: "AXX"
      RenderBlock {p} at (0,192) size 784x19
        RenderText {#text} at (0,0) size 33x17
          text run at (0,0) width 33: "XXX"
      RenderBlock {p} at (0,226) size 784x19
        RenderText {#text} at (0,0) size 39x17
          text run at (0,0) width 39: "AAA"
