layer at (0,0) size 800x600
  RenderView at (0,0) size 800x600
layer at (0,0) size 800x600
  RenderBlock {HTML} at (0,0) size 800x600
    RenderBody {BODY} at (8,8) size 784x574
      RenderBlock (anonymous) at (0,0) size 784x17
        RenderText {#text} at (0,0) size 72x17
          text run at (0,0) width 72: "no spacing:"
      RenderBlock {P} at (0,35) size 784x20
        RenderText {#text} at (0,0) size 66x19
          text run at (0,0) width 66: "abc abc abc"
      RenderBlock (anonymous) at (0,73) size 784x17
        RenderText {#text} at (0,0) size 294x17
          text run at (0,0) width 294: "word-spacing: 100px, all should look the same"
      RenderBlock {P} at (0,108) size 784x20
        RenderText {#text} at (0,0) size 266x19
          text run at (0,0) width 266: "abc abc abc"
      RenderBlock {P} at (0,146) size 784x20
        RenderText {#text} at (0,0) size 124x19
          text run at (0,0) width 124: "abc "
        RenderInline {SPAN} at (0,0) size 13x19
          RenderText {#text} at (124,0) size 13x19
            text run at (124,0) width 13: "ab"
        RenderText {#text} at (137,0) size 129x19
          text run at (137,0) width 129: "c abc"
      RenderBlock {P} at (0,184) size 784x20
        RenderText {#text} at (0,0) size 124x19
          text run at (0,0) width 124: "abc "
        RenderInline {SPAN} at (0,0) size 7x19
          RenderText {#text} at (124,0) size 7x19
            text run at (124,0) width 7: "a"
        RenderInline {SPAN} at (0,0) size 6x19
          RenderText {#text} at (131,0) size 6x19
            text run at (131,0) width 6: "b"
        RenderText {#text} at (137,0) size 129x19
          text run at (137,0) width 129: "c abc"
      RenderBlock {P} at (0,222) size 784x20
        RenderText {#text} at (0,0) size 124x19
          text run at (0,0) width 124: "abc "
        RenderInline {SPAN} at (0,0) size 7x19
          RenderText {#text} at (124,0) size 7x19
            text run at (124,0) width 7: "a"
        RenderText {#text} at (131,0) size 6x19
          text run at (131,0) width 6: "b"
        RenderInline {SPAN} at (0,0) size 5x19
          RenderText {#text} at (137,0) size 5x19
            text run at (137,0) width 5: "c"
        RenderText {#text} at (242,0) size 24x19
          text run at (242,0) width 24: " abc"
      RenderBlock {P} at (0,260) size 784x20
        RenderText {#text} at (0,0) size 131x19
          text run at (0,0) width 131: "abc a"
        RenderInline {SPAN} at (0,0) size 6x19
          RenderText {#text} at (131,0) size 6x19
            text run at (131,0) width 6: "b"
        RenderInline {SPAN} at (0,0) size 5x19
          RenderText {#text} at (137,0) size 5x19
            text run at (137,0) width 5: "c"
        RenderText {#text} at (242,0) size 24x19
          text run at (242,0) width 24: " abc"
      RenderBlock {P} at (0,298) size 784x20
        RenderText {#text} at (0,0) size 131x19
          text run at (0,0) width 131: "abc a"
        RenderInline {SPAN} at (0,0) size 6x19
          RenderText {#text} at (131,0) size 6x19
            text run at (131,0) width 6: "b"
        RenderText {#text} at (137,0) size 129x19
          text run at (137,0) width 129: "c abc"
      RenderBlock {P} at (0,336) size 784x20
        RenderText {#text} at (0,0) size 124x19
          text run at (0,0) width 124: "abc "
        RenderInline {SPAN} at (0,0) size 0x19
        RenderText {#text} at (124,0) size 124x19
          text run at (124,0) width 124: "abc "
        RenderInline {SPAN} at (0,0) size 0x19
        RenderText {#text} at (248,0) size 18x19
          text run at (248,0) width 18: "abc"
