layer at (0,0) size 785x2840
  RenderView at (0,0) size 785x600
layer at (0,0) size 785x2840
  RenderBlock {HTML} at (0,0) size 785x2841
    RenderBody {BODY} at (8,18) size 769x2815
      RenderBlock {H3} at (0,0) size 769x44
        RenderText {#text} at (0,0) size 186x21
          text run at (0,0) width 186: "Test for bugzilla bug : "
        RenderInline {A} at (0,0) size 50x21 [color=#0000EE]
          RenderText {#text} at (186,0) size 50x21
            text run at (186,0) width 50: "52185"
        RenderText {#text} at (236,0) size 742x43
          text run at (236,0) width 506: ". Height is not property distributed in rows when rowspan cell"
          text run at (0,22) width 359: "have more height then rows in the rowspan."
      RenderBlock {H4} at (0,65) size 769x19
        RenderText {#text} at (0,0) size 331x17
          text run at (0,0) width 331: "Rows in rowspan should get proportional height."
      RenderBlock {H5} at (0,105) size 769x16
        RenderText {#text} at (0,0) size 252x15
          text run at (0,0) width 252: "Test 1 - Rowindex same but rowspan diffrent."
      RenderTable {TABLE} at (0,142) size 607x103 [border: (1px outset #808080)]
        RenderTableSection {TBODY} at (1,1) size 605x100
          RenderTableRow {TR} at (0,2) size 605x0
            RenderTableCell {TD} at (2,39) size 172x22 [border: (1px inset #808080)] [r=0 c=0 rs=5 cs=1]
              RenderText {#text} at (2,2) size 148x17
                text run at (2,2) width 148: "row0 col0 - rowspan=5"
            RenderTableCell {TD} at (176,15) size 172x22 [border: (1px inset #808080)] [r=0 c=1 rs=3 cs=1]
              RenderText {#text} at (2,2) size 148x17
                text run at (2,2) width 148: "row0 col1 - rowspan=3"
            RenderTableCell {TD} at (350,27) size 173x22 [border: (1px inset #808080)] [r=0 c=2 rs=4 cs=1]
              RenderText {#text} at (2,2) size 148x17
                text run at (2,2) width 148: "row0 col2 - rowspan=4"
          RenderTableRow {TR} at (0,4) size 605x22
            RenderTableCell {TD} at (525,4) size 78x22 [border: (1px inset #808080)] [r=1 c=3 rs=1 cs=1]
              RenderText {#text} at (2,2) size 64x17
                text run at (2,2) width 64: "row1 col0"
          RenderTableRow {TR} at (0,28) size 605x22
            RenderTableCell {TD} at (525,28) size 78x22 [border: (1px inset #808080)] [r=2 c=3 rs=1 cs=1]
              RenderText {#text} at (2,2) size 64x17
                text run at (2,2) width 64: "row2 col0"
          RenderTableRow {TR} at (0,52) size 605x22
            RenderTableCell {TD} at (176,52) size 172x22 [border: (1px inset #808080)] [r=3 c=1 rs=1 cs=1]
              RenderText {#text} at (2,2) size 64x17
                text run at (2,2) width 64: "row3 col0"
          RenderTableRow {TR} at (0,76) size 605x22
            RenderTableCell {TD} at (176,76) size 172x22 [border: (1px inset #808080)] [r=4 c=1 rs=1 cs=1]
              RenderText {#text} at (2,2) size 64x17
                text run at (2,2) width 64: "row4 col0"
      RenderBlock {H5} at (0,266) size 769x16
        RenderText {#text} at (0,0) size 453x15
          text run at (0,0) width 453: "Test 2 - RowsIndex and rowspan are same but height is diffrent for rowspan cells."
      RenderTable {TABLE} at (0,303) size 607x311 [border: (1px outset #808080)]
        RenderTableSection {TBODY} at (1,1) size 605x308
          RenderTableRow {TR} at (0,2) size 605x0
            RenderTableCell {TD} at (2,143) size 172x22 [border: (1px inset #808080)] [r=0 c=0 rs=5 cs=1]
              RenderText {#text} at (2,2) size 148x17
                text run at (2,2) width 148: "row0 col0 - rowspan=5"
            RenderTableCell {TD} at (176,143) size 172x22 [border: (1px inset #808080)] [r=0 c=1 rs=5 cs=1]
              RenderText {#text} at (2,2) size 148x17
                text run at (2,2) width 148: "row0 col1 - rowspan=5"
            RenderTableCell {TD} at (350,143) size 173x22 [border: (1px inset #808080)] [r=0 c=2 rs=5 cs=1]
              RenderText {#text} at (2,2) size 148x17
                text run at (2,2) width 148: "row0 col2 - rowspan=5"
          RenderTableRow {TR} at (0,4) size 605x74
            RenderTableCell {TD} at (525,30) size 78x22 [border: (1px inset #808080)] [r=1 c=3 rs=1 cs=1]
              RenderText {#text} at (2,2) size 64x17
                text run at (2,2) width 64: "row1 col0"
          RenderTableRow {TR} at (0,80) size 605x74
            RenderTableCell {TD} at (525,106) size 78x22 [border: (1px inset #808080)] [r=2 c=3 rs=1 cs=1]
              RenderText {#text} at (2,2) size 64x17
                text run at (2,2) width 64: "row2 col0"
          RenderTableRow {TR} at (0,156) size 605x74
            RenderTableCell {TD} at (525,182) size 78x22 [border: (1px inset #808080)] [r=3 c=3 rs=1 cs=1]
              RenderText {#text} at (2,2) size 64x17
                text run at (2,2) width 64: "row3 col0"
          RenderTableRow {TR} at (0,232) size 605x74
            RenderTableCell {TD} at (525,258) size 78x22 [border: (1px inset #808080)] [r=4 c=3 rs=1 cs=1]
              RenderText {#text} at (2,2) size 64x17
                text run at (2,2) width 64: "row4 col0"
      RenderBlock {H5} at (0,636) size 769x16
        RenderText {#text} at (0,0) size 343x15
          text run at (0,0) width 343: "Test 3 - One rowspan cell under other rowspan cell boundries"
      RenderTable {TABLE} at (0,673) size 607x559 [border: (1px outset #808080)]
        RenderTableSection {TBODY} at (1,1) size 605x556
          RenderTableRow {TR} at (0,2) size 605x22
            RenderTableCell {TD} at (2,267) size 172x22 [border: (1px inset #808080)] [r=0 c=0 rs=7 cs=1]
              RenderText {#text} at (2,2) size 148x17
                text run at (2,2) width 148: "row0 col0 - rowspan=7"
            RenderTableCell {TD} at (176,2) size 172x22 [border: (1px inset #808080)] [r=0 c=1 rs=1 cs=1]
              RenderText {#text} at (2,2) size 64x17
                text run at (2,2) width 64: "row0 col1"
            RenderTableCell {TD} at (350,2) size 77x22 [border: (1px inset #808080)] [r=0 c=2 rs=1 cs=1]
              RenderText {#text} at (2,2) size 64x17
                text run at (2,2) width 64: "row0 col2"
          RenderTableRow {TR} at (0,26) size 605x0
            RenderTableCell {TD} at (176,267) size 172x22 [border: (1px inset #808080)] [r=1 c=1 rs=4 cs=1]
              RenderText {#text} at (2,2) size 148x17
                text run at (2,2) width 148: "row1 col0 - rowspan=4"
          RenderTableRow {TR} at (0,28) size 605x164
            RenderTableCell {TD} at (350,99) size 77x22 [border: (1px inset #808080)] [r=2 c=2 rs=1 cs=1]
              RenderText {#text} at (2,2) size 64x17
                text run at (2,2) width 64: "row2 col0"
            RenderTableCell {TD} at (429,268) size 174x22 [border: (1px inset #808080)] [r=2 c=3 rs=3 cs=1]
              RenderText {#text} at (2,2) size 148x17
                text run at (2,2) width 148: "row2 col1 - rowspan=3"
          RenderTableRow {TR} at (0,194) size 605x164
            RenderTableCell {TD} at (350,265) size 77x22 [border: (1px inset #808080)] [r=3 c=2 rs=1 cs=1]
              RenderText {#text} at (2,2) size 64x17
                text run at (2,2) width 64: "row3 col0"
          RenderTableRow {TR} at (0,360) size 605x170
            RenderTableCell {TD} at (350,434) size 77x22 [border: (1px inset #808080)] [r=4 c=2 rs=1 cs=1]
              RenderText {#text} at (2,2) size 64x17
                text run at (2,2) width 64: "row4 col0"
          RenderTableRow {TR} at (0,532) size 605x22
            RenderTableCell {TD} at (176,532) size 172x22 [border: (1px inset #808080)] [r=5 c=1 rs=1 cs=1]
              RenderText {#text} at (2,2) size 64x17
                text run at (2,2) width 64: "row5 col0"
      RenderBlock {H5} at (0,1253) size 769x16
        RenderText {#text} at (0,0) size 698x15
          text run at (0,0) width 698: "Test 4 - one rowspan cell starts under the boundies of previous rowspan cell but end after previous rowspan cell end boundry."
      RenderTable {TABLE} at (0,1290) size 607x359 [border: (1px outset #808080)]
        RenderTableSection {TBODY} at (1,1) size 605x356
          RenderTableRow {TR} at (0,2) size 605x59
            RenderTableCell {TD} at (2,143) size 243x22 [border: (1px inset #808080)] [r=0 c=0 rs=5 cs=1]
              RenderText {#text} at (2,2) size 148x17
                text run at (2,2) width 148: "row0 col0 - rowspan=5"
            RenderTableCell {TD} at (247,20) size 244x22 [border: (1px inset #808080)] [r=0 c=1 rs=1 cs=1]
              RenderText {#text} at (2,2) size 64x17
                text run at (2,2) width 64: "row0 col1"
            RenderTableCell {TD} at (493,20) size 110x22 [border: (1px inset #808080)] [r=0 c=2 rs=1 cs=1]
              RenderText {#text} at (2,2) size 64x17
                text run at (2,2) width 64: "row0 col2"
          RenderTableRow {TR} at (0,63) size 605x59
            RenderTableCell {TD} at (247,81) size 244x22 [border: (1px inset #808080)] [r=1 c=1 rs=1 cs=1]
              RenderText {#text} at (2,2) size 64x17
                text run at (2,2) width 64: "row1 col0"
          RenderTableRow {TR} at (0,124) size 605x59
            RenderTableCell {TD} at (247,216) size 244x22 [border: (1px inset #808080)] [r=2 c=1 rs=4 cs=1]
              RenderText {#text} at (2,2) size 148x17
                text run at (2,2) width 148: "row2 col0 - rowspan=4"
            RenderTableCell {TD} at (493,142) size 110x22 [border: (1px inset #808080)] [r=2 c=2 rs=1 cs=1]
              RenderText {#text} at (2,2) size 64x17
                text run at (2,2) width 64: "row2 col1"
          RenderTableRow {TR} at (0,185) size 605x59
            RenderTableCell {TD} at (493,203) size 110x22 [border: (1px inset #808080)] [r=3 c=2 rs=1 cs=1]
              RenderText {#text} at (2,2) size 64x17
                text run at (2,2) width 64: "row3 col0"
          RenderTableRow {TR} at (0,246) size 605x60
            RenderTableCell {TD} at (493,265) size 110x22 [border: (1px inset #808080)] [r=4 c=2 rs=1 cs=1]
              RenderText {#text} at (2,2) size 64x17
                text run at (2,2) width 64: "row4 col0"
          RenderTableRow {TR} at (0,308) size 605x22
            RenderTableCell {TD} at (2,308) size 243x22 [border: (1px inset #808080)] [r=5 c=0 rs=1 cs=1]
              RenderText {#text} at (2,2) size 64x17
                text run at (2,2) width 64: "row5 col0"
          RenderTableRow {TR} at (0,332) size 605x22
            RenderTableCell {TD} at (2,332) size 243x22 [border: (1px inset #808080)] [r=6 c=0 rs=1 cs=1]
              RenderText {#text} at (2,2) size 64x17
                text run at (2,2) width 64: "row6 col0"
      RenderBlock {H5} at (0,1670) size 769x16
        RenderText {#text} at (0,0) size 204x15
          text run at (0,0) width 204: "Test 5 - Consecutive 2 rowspan cells."
      RenderTable {TABLE} at (0,1707) size 607x389 [border: (1px outset #808080)]
        RenderTableSection {TBODY} at (1,1) size 605x386
          RenderTableRow {TR} at (0,2) size 605x22
            RenderTableCell {TD} at (2,2) size 354x22 [border: (1px inset #808080)] [r=0 c=0 rs=1 cs=1]
              RenderText {#text} at (2,2) size 64x17
                text run at (2,2) width 64: "row0 col0"
          RenderTableRow {TR} at (0,26) size 605x0
            RenderTableCell {TD} at (2,76) size 354x104 [border: (1px inset #808080)] [r=1 c=0 rs=3 cs=1]
              RenderBlock {DIV} at (2,2) size 350x100
                RenderText {#text} at (0,0) size 148x17
                  text run at (0,0) width 148: "row1 col0 - rowspan=3"
          RenderTableRow {TR} at (0,28) size 605x100
            RenderTableCell {TD} at (358,67) size 245x22 [border: (1px inset #808080)] [r=2 c=1 rs=1 cs=1]
              RenderText {#text} at (2,2) size 64x17
                text run at (2,2) width 64: "row2 col0"
          RenderTableRow {TR} at (0,130) size 605x100
            RenderTableCell {TD} at (358,169) size 245x22 [border: (1px inset #808080)] [r=3 c=1 rs=1 cs=1]
              RenderText {#text} at (2,2) size 64x17
                text run at (2,2) width 64: "row3 col0"
          RenderTableRow {TR} at (0,232) size 605x22
            RenderTableCell {TD} at (2,232) size 354x22 [border: (1px inset #808080)] [r=4 c=0 rs=1 cs=1]
              RenderText {#text} at (2,2) size 64x17
                text run at (2,2) width 64: "row4 col0"
          RenderTableRow {TR} at (0,256) size 605x0
            RenderTableCell {TD} at (2,297) size 354x22 [border: (1px inset #808080)] [r=5 c=0 rs=3 cs=1]
              RenderText {#text} at (2,2) size 148x17
                text run at (2,2) width 148: "row5 col0 - rowspan=3"
          RenderTableRow {TR} at (0,258) size 605x50
            RenderTableCell {TD} at (358,272) size 245x22 [border: (1px inset #808080)] [r=6 c=1 rs=1 cs=1]
              RenderText {#text} at (2,2) size 64x17
                text run at (2,2) width 64: "row6 col0"
          RenderTableRow {TR} at (0,310) size 605x50
            RenderTableCell {TD} at (358,324) size 245x22 [border: (1px inset #808080)] [r=7 c=1 rs=1 cs=1]
              RenderText {#text} at (2,2) size 64x17
                text run at (2,2) width 64: "row7 col0"
          RenderTableRow {TR} at (0,362) size 605x22
            RenderTableCell {TD} at (2,362) size 354x22 [border: (1px inset #808080)] [r=8 c=0 rs=1 cs=1]
              RenderText {#text} at (2,2) size 64x17
                text run at (2,2) width 64: "row8 col0"
      RenderBlock {H5} at (0,2118) size 769x16
        RenderText {#text} at (0,0) size 286x15
          text run at (0,0) width 286: "Test 6 - Only one rowspan cells present in the table."
      RenderTable {TABLE} at (0,2155) size 607x209 [border: (1px outset #808080)]
        RenderTableSection {TBODY} at (1,1) size 605x206
          RenderTableRow {TR} at (0,2) size 605x49
            RenderTableCell {TD} at (2,92) size 601x22 [border: (1px inset #808080)] [r=0 c=0 rs=4 cs=1]
              RenderText {#text} at (2,2) size 148x17
                text run at (2,2) width 148: "row0 col0 - rowspan=4"
      RenderBlock {H5} at (0,2385) size 769x16
        RenderText {#text} at (0,0) size 311x15
          text run at (0,0) width 311: "Test 7 - one or more table rows have only rowspan cells"
      RenderTable {TABLE} at (0,2422) size 607x392 [border: (1px outset #808080)]
        RenderTableSection {TBODY} at (1,1) size 605x389
          RenderTableRow {TR} at (0,2) size 605x55
            RenderTableCell {TD} at (2,158) size 315x22 [border: (1px inset #808080)] [r=0 c=0 rs=3 cs=1]
              RenderText {#text} at (2,2) size 148x17
                text run at (2,2) width 148: "row0 col0 - rowspan=4"
            RenderTableCell {TD} at (319,18) size 141x22 [border: (1px inset #808080)] [r=0 c=1 rs=1 cs=1]
              RenderText {#text} at (2,2) size 64x17
                text run at (2,2) width 64: "row0 col1"
          RenderTableRow {TR} at (0,59) size 605x0
            RenderTableCell {TD} at (319,200) size 141x22 [border: (1px inset #808080)] [r=1 c=1 rs=3 cs=1]
              RenderText {#text} at (2,2) size 64x17
                text run at (2,2) width 64: "row1 col0"
          RenderTableRow {TR} at (0,61) size 605x275
            RenderTableCell {TD} at (462,213) size 141x22 [border: (1px inset #808080)] [r=2 c=2 rs=3 cs=1]
              RenderText {#text} at (2,2) size 64x17
                text run at (2,2) width 64: "row2 col0"
          RenderTableRow {TR} at (0,338) size 605x25
            RenderTableCell {TD} at (2,339) size 315x22 [border: (1px inset #808080)] [r=3 c=0 rs=1 cs=1]
              RenderText {#text} at (2,2) size 64x17
                text run at (2,2) width 64: "row3 col0"
          RenderTableRow {TR} at (0,365) size 605x22
            RenderTableCell {TD} at (2,365) size 315x22 [border: (1px inset #808080)] [r=4 c=0 rs=1 cs=1]
              RenderText {#text} at (2,2) size 64x17
                text run at (2,2) width 64: "row4 col0"
