layer at (0,0) size 800x600
  RenderView at (0,0) size 800x600
layer at (0,0) size 800x404
  RenderBlock {html} at (0,0) size 800x404
    RenderBody {body} at (8,16) size 784x372
      RenderBlock {p} at (0,0) size 784x17
        RenderText {#text} at (0,0) size 431x17
          text run at (0,0) width 431: "There should be two identical blue squares below, and no scrollbars."
      RenderBlock {div} at (0,33) size 160x160 [bgcolor=#000080]
      RenderBlock {p} at (0,209) size 784x163
        RenderIFrame {iframe} at (0,0) size 160x160 [bgcolor=#FF0000]
          layer at (0,0) size 160x160
            RenderView at (0,0) size 160x160
          layer at (0,0) size 160x160
            RenderSVGRoot {svg} at (0,0) size 160x160
              RenderSVGRect {rect} at (0,0) size 160x160 [fill={[type=SOLID] [color=#000080]}] [x=0.00] [y=0.00] [width=160.00] [height=160.00]
