layer at (0,0) size 800x600
  RenderView at (0,0) size 800x600
layer at (0,0) size 800x600
  RenderBlock {HTML} at (0,0) size 800x600
    RenderBody {BODY} at (8,8) size 784x584
      RenderBlock {P} at (0,0) size 784x18
        RenderText {#text} at (0,0) size 156x18
          text run at (0,0) width 156: "Test controls placement."
      RenderBlock (anonymous) at (0,34) size 784x104
        RenderMedia {AUDIO} at (0,0) size 200x25 [bgcolor=#0000FF]
        RenderBR {BR} at (200,25) size 0x0
        RenderBR {BR} at (0,25) size 0x18
        RenderMedia {AUDIO} at (0,43) size 320x25 [bgcolor=#0000FF]
        RenderBR {BR} at (320,68) size 0x0
        RenderBR {BR} at (0,68) size 0x18
        RenderBR {BR} at (0,86) size 0x18
layer at (8,42) size 200x25
  RenderFlexibleBox {DIV} at (0,0) size 200x25
layer at (8,42) size 200x25
  RenderFlexibleBox {DIV} at (0,0) size 200x25
layer at (8,42) size 200x25
  RenderBlock (positioned) {DIV} at (0,0) size 200x25 [bgcolor=#292929]
layer at (16,47) size 12x15
  RenderButton {BUTTON} at (8,5) size 12x15 [color=#FFFFFF]
layer at (44,47) size 16x15
  RenderButton {BUTTON} at (36,4) size 16x16 [color=#FFFFFF]
layer at (186,42) size 14x25
  RenderFlexibleBox {DIV} at (178,0) size 14x25
layer at (186,47) size 14x15
  RenderButton {BUTTON} at (0,5) size 14x15 [color=#FFFFFF]
layer at (8,85) size 320x25
  RenderFlexibleBox {DIV} at (0,0) size 320x25
layer at (8,85) size 320x25
  RenderFlexibleBox {DIV} at (0,0) size 320x25
layer at (8,85) size 320x25
  RenderBlock (positioned) {DIV} at (0,0) size 320x25 [bgcolor=#292929]
layer at (16,90) size 12x15
  RenderButton {BUTTON} at (8,5) size 12x15 [color=#FFFFFF]
layer at (44,90) size 16x15
  RenderButton {BUTTON} at (36,4) size 16x16 [color=#FFFFFF]
layer at (68,89) size 230x17
  RenderFlexibleBox {DIV} at (60,4) size 230x17
layer at (76,91) size 32x13
  RenderFlexibleBox {DIV} at (8,2) size 32x13 [color=#9C9C9C]
    RenderBlock (anonymous) at (2,0) size 30x13
      RenderText {#text} at (0,0) size 30x13
        text run at (0,0) width 30: "00:00"
layer at (118,89) size 125x17
  RenderFlexibleBox {DIV} at (50,0) size 125x17
    RenderSlider {INPUT} at (0,0) size 125x17 [color=#909090]
      RenderFlexibleBox {DIV} at (0,0) size 125x17
        RenderBlock {DIV} at (0,1) size 125x15
          RenderBlock {DIV} at (0,0) size 3x15
layer at (253,91) size 37x13
  RenderFlexibleBox {DIV} at (185,2) size 37x13 [color=#9C9C9C]
    RenderBlock (anonymous) at (0,0) size 35x13
      RenderText {#text} at (0,0) size 35x13
        text run at (0,0) width 35: "-00:07"
layer at (306,85) size 14x25
  RenderFlexibleBox {DIV} at (298,0) size 14x25
layer at (306,90) size 14x15
  RenderButton {BUTTON} at (0,5) size 14x15 [color=#FFFFFF]
layer at (8,128) size 320x100
  RenderMedia {AUDIO} at (8,128) size 320x100 [bgcolor=#0000FF]
layer at (8,128) size 320x100
  RenderFlexibleBox {DIV} at (0,0) size 320x100
layer at (8,203) size 320x25
  RenderFlexibleBox {DIV} at (0,75) size 320x25
layer at (8,203) size 320x25
  RenderBlock (positioned) {DIV} at (0,0) size 320x25 [bgcolor=#292929]
layer at (16,208) size 12x15
  RenderButton {BUTTON} at (8,5) size 12x15 [color=#FFFFFF]
layer at (44,208) size 16x15
  RenderButton {BUTTON} at (36,4) size 16x16 [color=#FFFFFF]
layer at (68,207) size 230x17
  RenderFlexibleBox {DIV} at (60,4) size 230x17
layer at (76,209) size 32x13
  RenderFlexibleBox {DIV} at (8,2) size 32x13 [color=#9C9C9C]
    RenderBlock (anonymous) at (2,0) size 30x13
      RenderText {#text} at (0,0) size 30x13
        text run at (0,0) width 30: "00:00"
layer at (118,207) size 125x17
  RenderFlexibleBox {DIV} at (50,0) size 125x17
    RenderSlider {INPUT} at (0,0) size 125x17 [color=#909090]
      RenderFlexibleBox {DIV} at (0,0) size 125x17
        RenderBlock {DIV} at (0,1) size 125x15
          RenderBlock {DIV} at (0,0) size 3x15
layer at (253,209) size 37x13
  RenderFlexibleBox {DIV} at (185,2) size 37x13 [color=#9C9C9C]
    RenderBlock (anonymous) at (0,0) size 35x13
      RenderText {#text} at (0,0) size 35x13
        text run at (0,0) width 35: "-00:07"
layer at (306,203) size 14x25
  RenderFlexibleBox {DIV} at (298,0) size 14x25
layer at (306,208) size 14x15
  RenderButton {BUTTON} at (0,5) size 14x15 [color=#FFFFFF]
