layer at (0,0) size 800x600
  RenderView at (0,0) size 800x600
layer at (0,0) size 800x600
  RenderBlock {HTML} at (0,0) size 800x600
    RenderBody {BODY} at (8,8) size 784x584
      RenderBlock {P} at (0,0) size 784x18
        RenderText {#text} at (0,0) size 317x18
          text run at (0,0) width 317: "The controls should not depend on preload value."
      RenderBlock (anonymous) at (0,34) size 784x240
        RenderText {#text} at (0,0) size 0x0
layer at (8,42) size 320x240 isolatesBlending
  RenderVideo {VIDEO} at (0,0) size 320x240
layer at (8,42) size 320x240
  RenderFlexibleBox {DIV} at (0,0) size 320x240
layer at (8,237) size 320x45
  RenderFlexibleBox {DIV} at (0,195) size 320x45
layer at (8,237) size 320x45 isolatesBlending
  RenderBlock (positioned) {DIV} at (0,0) size 320x45
layer at (8,237) size 320x45
  RenderBlock (positioned) {DIV} at (0,0) size 320x45 [bgcolor=#1E1E1E73]
layer at (8,237) size 320x45 blendMode: lighten
  RenderBlock (positioned) {DIV} at (0,0) size 320x45 [bgcolor=#292929]
layer at (16,262) size 12x15 blendMode: plus-lighter
  RenderButton {BUTTON} at (8,25) size 12x15 [color=#FFFFFF]
layer at (44,262) size 16x15 blendMode: plus-lighter
  RenderButton {BUTTON} at (36,24) size 16x16 [color=#FFFFFF]
layer at (68,261) size 201x17
  RenderFlexibleBox {DIV} at (60,24) size 201x17
layer at (76,263) size 32x13 blendMode: plus-lighter
  RenderFlexibleBox {DIV} at (8,2) size 32x13 [color=#FFFFFF]
    RenderBlock (anonymous) at (2,0) size 30x13
      RenderText {#text} at (0,0) size 30x13
        text run at (0,0) width 30: "00:00"
layer at (118,261) size 96x17
  RenderFlexibleBox {DIV} at (50,0) size 96x17
layer at (118,261) size 96x17 blendMode: plus-lighter
  RenderSlider {INPUT} at (0,0) size 96x17 [color=#909090]
    RenderFlexibleBox {DIV} at (0,0) size 96x17
      RenderBlock {DIV} at (0,1) size 96x15
        RenderBlock {DIV} at (0,0) size 3x15
layer at (224,263) size 37x13 blendMode: plus-lighter
  RenderFlexibleBox {DIV} at (156,2) size 37x13 [color=#FFFFFF]
    RenderBlock (anonymous) at (0,0) size 35x13
      RenderText {#text} at (0,0) size 35x13
        text run at (0,0) width 35: "-00:06"
layer at (277,257) size 14x25
  RenderFlexibleBox {DIV} at (269,20) size 14x25
layer at (277,262) size 14x15 blendMode: plus-lighter
  RenderButton {BUTTON} at (0,5) size 14x15 [color=#FFFFFF]
layer at (307,262) size 14x15 blendMode: plus-lighter
  RenderButton {BUTTON} at (299,25) size 14x15 [color=#FFFFFF]
