layer at (0,0) size 1586x600
  RenderView at (0,0) size 800x600
layer at (0,0) size 800x600
  RenderBlock {HTML} at (0,0) size 800x600
    RenderBody {BODY} at (8,8) size 784x584
layer at (8,8) size 784x504
  RenderBlock {DIV} at (0,0) size 784x504 [border: (2px solid #FF0000)]
    RenderMultiColumnSet at (2,2) size 780x500
layer at (10,10) size 382x1625 backgroundClip at (0,0) size 1586x600 clip at (0,0) size 1586x600
  RenderMultiColumnFlowThread at (2,2) size 382x1625
    RenderBlock {DIV} at (0,0) size 382x1625
      RenderBlock {DIV} at (0,0) size 382x383
        RenderText {#text} at (0,19) size 359x105
          text run at (0,19) width 358: "All of this text even though it's smaller should be on the"
          text run at (0,62) width 359: "36px grid. The grid should reset at the top of the second"
          text run at (0,105) width 52: "column."
        RenderBR {BR} at (51,120) size 1x0
        RenderText {#text} at (0,148) size 359x105
          text run at (0,148) width 358: "All of this text even though it's smaller should be on the"
          text run at (0,191) width 359: "36px grid. The grid should reset at the top of the second"
          text run at (0,234) width 52: "column."
        RenderBR {BR} at (51,249) size 1x0
        RenderText {#text} at (0,277) size 359x105
          text run at (0,277) width 358: "All of this text even though it's smaller should be on the"
          text run at (0,320) width 359: "36px grid. The grid should reset at the top of the second"
          text run at (0,363) width 52: "column."
        RenderBR {BR} at (51,378) size 1x0
      RenderBlock {DIV} at (0,383) size 382x545
        RenderText {#text} at (0,16) size 373x184
          text run at (0,16) width 373: "All of this text even though it's smaller"
          text run at (0,59) width 351: "should be on the 36px grid. The grid"
          text run at (0,129) width 345: "should reset at the top of the second"
          text run at (0,172) width 78: "column."
        RenderBR {BR} at (77,194) size 1x0
        RenderText {#text} at (0,215) size 373x157
          text run at (0,215) width 373: "All of this text even though it's smaller"
          text run at (0,258) width 351: "should be on the 36px grid. The grid"
          text run at (0,301) width 345: "should reset at the top of the second"
          text run at (0,344) width 78: "column."
        RenderBR {BR} at (77,366) size 1x0
        RenderText {#text} at (0,387) size 373x157
          text run at (0,387) width 373: "All of this text even though it's smaller"
          text run at (0,430) width 351: "should be on the 36px grid. The grid"
          text run at (0,473) width 345: "should reset at the top of the second"
          text run at (0,516) width 78: "column."
        RenderBR {BR} at (77,538) size 1x0
      RenderBlock {DIV} at (0,928) size 382x282
        RenderText {#text} at (0,27) size 379x82
          text run at (0,27) width 379: "All of this text even though it's smaller should be on the 36px grid. The grid should reset at the"
          text run at (0,97) width 104: "top of the second column."
        RenderBR {BR} at (103,106) size 1x0
        RenderText {#text} at (0,140) size 379x55
          text run at (0,140) width 379: "All of this text even though it's smaller should be on the 36px grid. The grid should reset at the"
          text run at (0,183) width 104: "top of the second column."
        RenderBR {BR} at (103,192) size 1x0
        RenderText {#text} at (0,226) size 379x55
          text run at (0,226) width 379: "All of this text even though it's smaller should be on the 36px grid. The grid should reset at the"
          text run at (0,269) width 104: "top of the second column."
        RenderBR {BR} at (103,278) size 1x0
      RenderBlock {DIV} at (0,1210) size 382x415
        RenderText {#text} at (0,22) size 377x107
          text run at (0,22) width 377: "All of this text even though it's smaller should be on"
          text run at (0,65) width 375: "the 36px grid. The grid should reset at the top of the"
          text run at (0,108) width 113: "second column."
        RenderBR {BR} at (112,125) size 1x0
        RenderText {#text} at (0,151) size 377x107
          text run at (0,151) width 377: "All of this text even though it's smaller should be on"
          text run at (0,194) width 375: "the 36px grid. The grid should reset at the top of the"
          text run at (0,237) width 113: "second column."
        RenderBR {BR} at (112,254) size 1x0
        RenderText {#text} at (0,307) size 377x107
          text run at (0,307) width 377: "All of this text even though it's smaller should be on"
          text run at (0,350) width 375: "the 36px grid. The grid should reset at the top of the"
          text run at (0,393) width 113: "second column."
        RenderBR {BR} at (112,410) size 1x0
