layer at (0,0) size 800x748
  RenderView at (0,0) size 800x600
layer at (0,0) size 800x748
  RenderBlock {HTML} at (0,0) size 800x748
    RenderBody {BODY} at (8,8) size 784x732
      RenderBlock {P} at (0,0) size 784x20
        RenderText {#text} at (0,0) size 55x19
          text run at (0,0) width 55: "Test for "
        RenderInline {I} at (0,0) size 640x19
          RenderInline {A} at (0,0) size 306x19 [color=#0000EE]
            RenderText {#text} at (54,0) size 306x19
              text run at (54,0) width 306: "http://bugs.webkit.org/show_bug.cgi?id=15362"
          RenderText {#text} at (359,0) size 335x19
            text run at (359,0) width 5: " "
            text run at (363,0) width 331: "Safari Crashes when opening a JS TreeGrid widget"
        RenderText {#text} at (693,0) size 5x19
          text run at (693,0) width 5: "."
      RenderBlock {P} at (0,36) size 784x80
        RenderText {#text} at (0,0) size 778x79
          text run at (0,0) width 771: "The test sets up an inline parent with a child that is some kind of table part. The child gets broken off into a continuation"
          text run at (0,20) width 778: "and anonymous table parts get created below and/or above the table parts. Then the test tries to insert a new child into the"
          text run at (0,40) width 760: "inline, specifying the table part as the \"before child\". The resulting render tree should look just like it would look if the"
          text run at (0,60) width 124: "parent was a block."
      RenderBlock {DIV} at (0,132) size 784x40
        RenderBlock (anonymous) at (0,0) size 784x20
          RenderInline {SPAN} at (0,0) size 130x19
            RenderText {#text} at (0,0) size 42x19
              text run at (0,0) width 42: "Text..."
            RenderText {#text} at (41,0) size 89x19
              text run at (41,0) width 89: "goes here and"
        RenderBlock (anonymous) at (0,20) size 784x20
          RenderTable at (0,0) size 105x20
            RenderTableSection (anonymous) at (0,0) size 105x20
              RenderTableRow (anonymous) at (0,0) size 105x20
                RenderTableCell {DIV} at (0,0) size 105x20 [r=0 c=0 rs=1 cs=1]
                  RenderText {#text} at (0,0) size 105x19
                    text run at (0,0) width 105: "...continues here"
        RenderBlock (anonymous) at (0,40) size 784x0
          RenderInline {SPAN} at (0,0) size 0x0
      RenderBlock {DIV} at (0,172) size 784x40
        RenderBlock (anonymous) at (0,0) size 784x20
          RenderInline {SPAN} at (0,0) size 42x19
            RenderText {#text} at (0,0) size 42x19
              text run at (0,0) width 42: "Text..."
        RenderBlock (anonymous) at (0,20) size 784x20
          RenderTable at (0,0) size 106x20
            RenderTableSection (anonymous) at (0,0) size 106x20
              RenderTableRow (anonymous) at (0,0) size 106x20
                RenderTableCell {TD} at (0,0) size 0x0 [r=0 c=0 rs=1 cs=1]
                RenderTableCell {DIV} at (0,0) size 106x20 [r=0 c=1 rs=1 cs=1]
                  RenderText {#text} at (0,0) size 105x19
                    text run at (0,0) width 105: "...continues here"
        RenderBlock (anonymous) at (0,40) size 784x0
          RenderInline {SPAN} at (0,0) size 0x0
      RenderBlock {DIV} at (0,212) size 784x40
        RenderBlock (anonymous) at (0,0) size 784x20
          RenderInline {SPAN} at (0,0) size 42x19
            RenderText {#text} at (0,0) size 42x19
              text run at (0,0) width 42: "Text..."
        RenderBlock (anonymous) at (0,20) size 784x20
          RenderTable at (0,0) size 105x20
            RenderTableSection (anonymous) at (0,0) size 105x20
              RenderTableRow {TR} at (0,0) size 105x0
              RenderTableRow (anonymous) at (0,0) size 105x20
                RenderTableCell {DIV} at (0,0) size 105x20 [r=1 c=0 rs=1 cs=1]
                  RenderText {#text} at (0,0) size 105x19
                    text run at (0,0) width 105: "...continues here"
        RenderBlock (anonymous) at (0,40) size 784x0
          RenderInline {SPAN} at (0,0) size 0x0
      RenderBlock {DIV} at (0,252) size 784x40
        RenderBlock (anonymous) at (0,0) size 784x20
          RenderInline {SPAN} at (0,0) size 42x19
            RenderText {#text} at (0,0) size 42x19
              text run at (0,0) width 42: "Text..."
            RenderInline {SPAN} at (0,0) size 1x19
        RenderBlock (anonymous) at (0,20) size 784x20
          RenderTable at (0,0) size 105x20
            RenderTableSection (anonymous) at (0,0) size 105x20
              RenderTableRow (anonymous) at (0,0) size 105x20
                RenderTableCell {DIV} at (0,0) size 105x20 [r=0 c=0 rs=1 cs=1]
                  RenderText {#text} at (0,0) size 105x19
                    text run at (0,0) width 105: "...continues here"
        RenderBlock (anonymous) at (0,40) size 784x0
          RenderInline {SPAN} at (0,0) size 0x0
      RenderBlock {DIV} at (0,292) size 784x40
        RenderBlock (anonymous) at (0,0) size 784x20
          RenderInline {SPAN} at (0,0) size 42x19
            RenderText {#text} at (0,0) size 42x19
              text run at (0,0) width 42: "Text..."
        RenderBlock (anonymous) at (0,20) size 784x20
          RenderBlock {DIV} at (0,0) size 784x0
          RenderTable at (0,0) size 105x20
            RenderTableSection (anonymous) at (0,0) size 105x20
              RenderTableRow (anonymous) at (0,0) size 105x20
                RenderTableCell {DIV} at (0,0) size 105x20 [r=0 c=0 rs=1 cs=1]
                  RenderText {#text} at (0,0) size 105x19
                    text run at (0,0) width 105: "...continues here"
        RenderBlock (anonymous) at (0,40) size 784x0
          RenderInline {SPAN} at (0,0) size 0x0
      RenderBlock {DIV} at (0,332) size 784x40
        RenderBlock (anonymous) at (0,0) size 784x20
          RenderInline {SPAN} at (0,0) size 130x19
            RenderText {#text} at (0,0) size 42x19
              text run at (0,0) width 42: "Text..."
            RenderText {#text} at (41,0) size 89x19
              text run at (41,0) width 89: "goes here and"
        RenderBlock (anonymous) at (0,20) size 784x20
          RenderTable at (0,0) size 105x20
            RenderTableSection (anonymous) at (0,0) size 105x20
              RenderTableRow {DIV} at (0,0) size 105x20
                RenderTableCell (anonymous) at (0,0) size 105x20 [r=0 c=0 rs=1 cs=1]
                  RenderText {#text} at (0,0) size 105x19
                    text run at (0,0) width 105: "...continues here"
        RenderBlock (anonymous) at (0,40) size 784x0
          RenderInline {SPAN} at (0,0) size 0x0
      RenderBlock {DIV} at (0,372) size 784x40
        RenderBlock (anonymous) at (0,0) size 784x20
          RenderInline {SPAN} at (0,0) size 42x19
            RenderText {#text} at (0,0) size 42x19
              text run at (0,0) width 42: "Text..."
        RenderBlock (anonymous) at (0,20) size 784x20
          RenderTable at (0,0) size 105x20
            RenderTableSection (anonymous) at (0,0) size 105x20
              RenderTableRow (anonymous) at (0,0) size 105x0
                RenderTableCell {TD} at (0,0) size 105x0 [r=0 c=0 rs=1 cs=1]
              RenderTableRow {DIV} at (0,0) size 105x20
                RenderTableCell (anonymous) at (0,0) size 105x20 [r=1 c=0 rs=1 cs=1]
                  RenderText {#text} at (0,0) size 105x19
                    text run at (0,0) width 105: "...continues here"
        RenderBlock (anonymous) at (0,40) size 784x0
          RenderInline {SPAN} at (0,0) size 0x0
      RenderBlock {DIV} at (0,412) size 784x40
        RenderBlock (anonymous) at (0,0) size 784x20
          RenderInline {SPAN} at (0,0) size 42x19
            RenderText {#text} at (0,0) size 42x19
              text run at (0,0) width 42: "Text..."
        RenderBlock (anonymous) at (0,20) size 784x20
          RenderTable at (0,0) size 105x20
            RenderTableSection (anonymous) at (0,0) size 105x20
              RenderTableRow {TR} at (0,0) size 105x0
              RenderTableRow {DIV} at (0,0) size 105x20
                RenderTableCell (anonymous) at (0,0) size 105x20 [r=1 c=0 rs=1 cs=1]
                  RenderText {#text} at (0,0) size 105x19
                    text run at (0,0) width 105: "...continues here"
        RenderBlock (anonymous) at (0,40) size 784x0
          RenderInline {SPAN} at (0,0) size 0x0
      RenderBlock {DIV} at (0,452) size 784x40
        RenderBlock (anonymous) at (0,0) size 784x20
          RenderInline {SPAN} at (0,0) size 42x19
            RenderText {#text} at (0,0) size 42x19
              text run at (0,0) width 42: "Text..."
            RenderInline {SPAN} at (0,0) size 1x19
        RenderBlock (anonymous) at (0,20) size 784x20
          RenderTable at (0,0) size 105x20
            RenderTableSection (anonymous) at (0,0) size 105x20
              RenderTableRow {DIV} at (0,0) size 105x20
                RenderTableCell (anonymous) at (0,0) size 105x20 [r=0 c=0 rs=1 cs=1]
                  RenderText {#text} at (0,0) size 105x19
                    text run at (0,0) width 105: "...continues here"
        RenderBlock (anonymous) at (0,40) size 784x0
          RenderInline {SPAN} at (0,0) size 0x0
      RenderBlock {DIV} at (0,492) size 784x40
        RenderBlock (anonymous) at (0,0) size 784x20
          RenderInline {SPAN} at (0,0) size 42x19
            RenderText {#text} at (0,0) size 42x19
              text run at (0,0) width 42: "Text..."
        RenderBlock (anonymous) at (0,20) size 784x20
          RenderBlock {DIV} at (0,0) size 784x0
          RenderTable at (0,0) size 105x20
            RenderTableSection (anonymous) at (0,0) size 105x20
              RenderTableRow {DIV} at (0,0) size 105x20
                RenderTableCell (anonymous) at (0,0) size 105x20 [r=0 c=0 rs=1 cs=1]
                  RenderText {#text} at (0,0) size 105x19
                    text run at (0,0) width 105: "...continues here"
        RenderBlock (anonymous) at (0,40) size 784x0
          RenderInline {SPAN} at (0,0) size 0x0
      RenderBlock {DIV} at (0,532) size 784x40
        RenderBlock (anonymous) at (0,0) size 784x20
          RenderInline {SPAN} at (0,0) size 130x19
            RenderText {#text} at (0,0) size 42x19
              text run at (0,0) width 42: "Text..."
            RenderText {#text} at (41,0) size 89x19
              text run at (41,0) width 89: "goes here and"
        RenderBlock (anonymous) at (0,20) size 784x20
          RenderTable at (0,0) size 105x20
            RenderTableSection {DIV} at (0,0) size 105x20
              RenderTableRow (anonymous) at (0,0) size 105x20
                RenderTableCell (anonymous) at (0,0) size 105x20 [r=0 c=0 rs=1 cs=1]
                  RenderText {#text} at (0,0) size 105x19
                    text run at (0,0) width 105: "...continues here"
        RenderBlock (anonymous) at (0,40) size 784x0
          RenderInline {SPAN} at (0,0) size 0x0
      RenderBlock {DIV} at (0,572) size 784x40
        RenderBlock (anonymous) at (0,0) size 784x20
          RenderInline {SPAN} at (0,0) size 42x19
            RenderText {#text} at (0,0) size 42x19
              text run at (0,0) width 42: "Text..."
        RenderBlock (anonymous) at (0,20) size 784x20
          RenderTable at (0,0) size 105x20
            RenderTableSection (anonymous) at (0,0) size 105x0
              RenderTableRow (anonymous) at (0,0) size 105x0
                RenderTableCell {TD} at (0,0) size 105x0 [r=0 c=0 rs=1 cs=1]
            RenderTableSection {DIV} at (0,0) size 105x20
              RenderTableRow (anonymous) at (0,0) size 105x20
                RenderTableCell (anonymous) at (0,0) size 105x20 [r=0 c=0 rs=1 cs=1]
                  RenderText {#text} at (0,0) size 105x19
                    text run at (0,0) width 105: "...continues here"
        RenderBlock (anonymous) at (0,40) size 784x0
          RenderInline {SPAN} at (0,0) size 0x0
      RenderBlock {DIV} at (0,612) size 784x40
        RenderBlock (anonymous) at (0,0) size 784x20
          RenderInline {SPAN} at (0,0) size 42x19
            RenderText {#text} at (0,0) size 42x19
              text run at (0,0) width 42: "Text..."
        RenderBlock (anonymous) at (0,20) size 784x20
          RenderTable at (0,0) size 105x20
            RenderTableSection (anonymous) at (0,0) size 105x0
              RenderTableRow {TR} at (0,0) size 105x0
            RenderTableSection {DIV} at (0,0) size 105x20
              RenderTableRow (anonymous) at (0,0) size 105x20
                RenderTableCell (anonymous) at (0,0) size 105x20 [r=0 c=0 rs=1 cs=1]
                  RenderText {#text} at (0,0) size 105x19
                    text run at (0,0) width 105: "...continues here"
        RenderBlock (anonymous) at (0,40) size 784x0
          RenderInline {SPAN} at (0,0) size 0x0
      RenderBlock {DIV} at (0,652) size 784x40
        RenderBlock (anonymous) at (0,0) size 784x20
          RenderInline {SPAN} at (0,0) size 42x19
            RenderText {#text} at (0,0) size 42x19
              text run at (0,0) width 42: "Text..."
            RenderInline {SPAN} at (0,0) size 1x19
        RenderBlock (anonymous) at (0,20) size 784x20
          RenderTable at (0,0) size 105x20
            RenderTableSection {DIV} at (0,0) size 105x20
              RenderTableRow (anonymous) at (0,0) size 105x20
                RenderTableCell (anonymous) at (0,0) size 105x20 [r=0 c=0 rs=1 cs=1]
                  RenderText {#text} at (0,0) size 105x19
                    text run at (0,0) width 105: "...continues here"
        RenderBlock (anonymous) at (0,40) size 784x0
          RenderInline {SPAN} at (0,0) size 0x0
      RenderBlock {DIV} at (0,692) size 784x40
        RenderBlock (anonymous) at (0,0) size 784x20
          RenderInline {SPAN} at (0,0) size 42x19
            RenderText {#text} at (0,0) size 42x19
              text run at (0,0) width 42: "Text..."
        RenderBlock (anonymous) at (0,20) size 784x20
          RenderBlock {DIV} at (0,0) size 784x0
          RenderTable at (0,0) size 105x20
            RenderTableSection {DIV} at (0,0) size 105x20
              RenderTableRow (anonymous) at (0,0) size 105x20
                RenderTableCell (anonymous) at (0,0) size 105x20 [r=0 c=0 rs=1 cs=1]
                  RenderText {#text} at (0,0) size 105x19
                    text run at (0,0) width 105: "...continues here"
        RenderBlock (anonymous) at (0,40) size 784x0
          RenderInline {SPAN} at (0,0) size 0x0
