FAIL: Timed out waiting for notifyDone to be called
layer at (0,0) size 800x600
  RenderView at (0,0) size 800x600
layer at (0,0) size 800x600
  RenderBlock {HTML} at (0,0) size 800x600
    RenderBody {BODY} at (8,8) size 784x584
      RenderBlock {P} at (0,0) size 784x40
        RenderText {#text} at (0,0) size 55x19
          text run at (0,0) width 55: "Test for "
        RenderInline {I} at (0,0) size 752x39
          RenderInline {A} at (0,0) size 306x19 [color=#0000EE]
            RenderText {#text} at (54,0) size 306x19
              text run at (54,0) width 306: "http://bugs.webkit.org/show_bug.cgi?id=16490"
          RenderText {#text} at (359,0) size 752x39
            text run at (359,0) width 5: " "
            text run at (363,0) width 389: "ASSERT in ~FrameView while viewing/reloading WICD test"
            text run at (0,20) width 29: "case"
        RenderText {#text} at (28,20) size 5x19
          text run at (28,20) width 5: "."
      RenderBlock {DIV} at (0,56) size 784x154
        RenderPartObject {IFRAME} at (0,0) size 788x154 [border: (2px inset #000000)]
          layer at (0,0) size 784x150
            RenderView at (0,0) size 784x150
          layer at (0,0) size 784x150
            RenderBlock {HTML} at (0,0) size 784x150
              RenderBody {BODY} at (8,8) size 768x134
        RenderText {#text} at (0,0) size 0x0
      RenderBlock {DIV} at (0,310) size 784x20
        RenderText {#text} at (0,0) size 36x19
          text run at (0,0) width 36: "FAIL"
layer at (8,218) size 100x100 scrollHeight 200
  RenderBlock {DIV} at (0,210) size 100x100
    RenderBlock {DIV} at (0,0) size 100x200
