layer at (0,0) size 800x600
  RenderView at (0,0) size 800x600
layer at (0,0) size 320x460
  RenderBlock {HTML} at (0,0) size 320x460
    RenderBody {BODY} at (8,8) size 304x584
      RenderText {#text} at (0,0) size 264x19
        text run at (0,0) width 264: "This window should not have scroll bars."
      RenderText {#text} at (0,0) size 0x0
