layer at (0,0) size 785x4321
  RenderView at (0,0) size 785x600
layer at (0,0) size 785x4321
  RenderBlock {HTML} at (0,0) size 785x4322
    RenderBody {BODY} at (8,8) size 769x4306
      RenderTable {TABLE} at (0,0) size 39x584 [bgcolor=#0000FF] [border: (1px outset #808080)]
        RenderTableSection {TBODY} at (1,1) size 37x582
          RenderTableRow {TR} at (0,2) size 37x115
            RenderTableCell {TD} at (2,48) size 33x22 [border: (1px inset #808080)] [r=0 c=0 rs=1 cs=1]
              RenderText {#text} at (2,2) size 29x18
                text run at (2,3) width 29: "20%"
          RenderTableRow {TR} at (0,118) size 37x462
            RenderTableCell {TD} at (2,338) size 33x22 [border: (1px inset #808080)] [r=1 c=0 rs=1 cs=1]
              RenderText {#text} at (2,1) size 29x18
                text run at (2,2) width 29: "80%"
      RenderBlock (anonymous) at (0,584) size 769x17
        RenderBR {BR} at (0,0) size 0x17
      RenderTable {TABLE} at (0,601) size 55x108 [bgcolor=#0000FF] [border: (1px outset #808080)]
        RenderTableSection {TBODY} at (1,1) size 53x106
          RenderTableRow {TR} at (0,2) size 53x50
            RenderTableCell {TD} at (2,16) size 49x22 [border: (1px inset #808080)] [r=0 c=0 rs=1 cs=1]
              RenderText {#text} at (2,2) size 45x18
                text run at (2,3) width 45: "row 50"
          RenderTableRow {TR} at (0,54) size 53x50
            RenderTableCell {TD} at (2,68) size 49x22 [border: (1px inset #808080)] [r=1 c=0 rs=1 cs=1]
              RenderText {#text} at (2,2) size 16x18
                text run at (2,3) width 16: "50"
      RenderBlock (anonymous) at (0,709) size 769x17
        RenderBR {BR} at (0,0) size 0x17
      RenderTable {TABLE} at (0,726) size 26x113 [bgcolor=#0000FF] [border: (1px outset #808080)]
        RenderTableSection {TBODY} at (1,1) size 24x111
          RenderTableRow {TR} at (0,2) size 24x55
            RenderTableCell {TD} at (2,2) size 20x55 [border: (1px inset #808080)] [r=0 c=0 rs=1 cs=1]
              RenderText {#text} at (2,2) size 8x51
                text run at (2,2) width 8: "5"
                text run at (2,19) width 8: "5"
                text run at (2,36) width 8: "5"
          RenderTableRow {TR} at (0,59) size 24x50
            RenderTableCell {TD} at (2,73) size 20x22 [border: (1px inset #808080)] [r=1 c=0 rs=1 cs=1]
              RenderText {#text} at (2,2) size 16x18
                text run at (2,3) width 16: "50"
      RenderTable {TABLE} at (0,839) size 34x258 [bgcolor=#0000FF] [border: (1px outset #808080)]
        RenderTableSection {TBODY} at (1,1) size 32x256
          RenderTableRow {TR} at (0,2) size 32x200
            RenderTableCell {TD} at (2,91) size 28x22 [border: (1px inset #808080)] [r=0 c=0 rs=1 cs=1]
              RenderText {#text} at (2,2) size 24x18
                text run at (2,3) width 24: "200"
          RenderTableRow {TR} at (0,204) size 32x50
            RenderTableCell {TD} at (2,218) size 28x22 [border: (1px inset #808080)] [r=1 c=0 rs=1 cs=1]
              RenderText {#text} at (2,2) size 16x18
                text run at (2,3) width 16: "50"
      RenderBlock (anonymous) at (0,1097) size 769x17
        RenderBR {BR} at (0,0) size 0x17
      RenderTable {TABLE} at (0,1114) size 34x258 [bgcolor=#0000FF] [border: (1px outset #808080)]
        RenderTableSection {TBODY} at (1,1) size 32x256
          RenderTableRow {TR} at (0,2) size 32x200
            RenderTableCell {TD} at (2,91) size 28x22 [border: (1px inset #808080)] [r=0 c=0 rs=1 cs=1]
              RenderText {#text} at (2,2) size 24x18
                text run at (2,3) width 24: "200"
          RenderTableRow {TR} at (0,204) size 32x50
            RenderTableCell {TD} at (2,218) size 28x22 [border: (1px inset #808080)] [r=1 c=0 rs=1 cs=1]
              RenderText {#text} at (2,2) size 16x18
                text run at (2,3) width 16: "50"
      RenderBlock (anonymous) at (0,1372) size 769x17
        RenderBR {BR} at (0,0) size 0x17
      RenderTable {TABLE} at (0,1389) size 64x208 [bgcolor=#FFA500] [border: (1px outset #808080)]
        RenderTableSection {TBODY} at (1,1) size 62x206
          RenderTableRow {TR} at (0,2) size 62x100
            RenderTableCell {TD} at (2,92) size 28x22 [border: (1px inset #808080)] [r=0 c=0 rs=2 cs=1]
              RenderText {#text} at (2,2) size 24x18
                text run at (2,3) width 24: "100"
            RenderTableCell {TD} at (32,41) size 28x22 [border: (1px inset #808080)] [r=0 c=1 rs=1 cs=1]
              RenderText {#text} at (2,2) size 24x18
                text run at (2,3) width 24: "100"
          RenderTableRow {TR} at (0,104) size 62x100
            RenderTableCell {TD} at (32,126) size 28x56 [border: (1px inset #808080)] [r=1 c=1 rs=1 cs=1]
              RenderText {#text} at (2,2) size 24x52
                text run at (2,3) width 24: "100"
                text run at (2,20) width 24: "100"
                text run at (2,37) width 24: "100"
      RenderBlock (anonymous) at (0,1597) size 769x17
        RenderBR {BR} at (0,0) size 0x17
      RenderTable {TABLE} at (0,1614) size 47x27 [bgcolor=#FFFF00] [border: (1px outset #808080)]
        RenderTableSection {TBODY} at (1,1) size 45x25
          RenderTableRow {TR} at (0,2) size 45x21
            RenderTableCell {TD} at (2,2) size 41x21 [border: (1px inset #808080)] [r=0 c=0 rs=1 cs=1]
              RenderText {#text} at (2,2) size 37x17
                text run at (2,2) width 37: "100%"
      RenderBlock (anonymous) at (0,1641) size 769x17
        RenderBR {BR} at (0,0) size 0x17
      RenderTable {TABLE} at (0,1658) size 39x584 [bgcolor=#FFA500] [border: (1px outset #808080)]
        RenderTableSection {TBODY} at (1,1) size 37x582
          RenderTableRow {TR} at (0,2) size 37x115
            RenderTableCell {TD} at (2,48) size 33x22 [border: (1px inset #808080)] [r=0 c=0 rs=1 cs=1]
              RenderText {#text} at (2,2) size 29x18
                text run at (2,3) width 29: "20%"
          RenderTableRow {TR} at (0,118) size 37x462
            RenderTableCell {TD} at (2,338) size 33x22 [border: (1px inset #808080)] [r=1 c=0 rs=1 cs=1]
              RenderText {#text} at (2,1) size 29x18
                text run at (2,2) width 29: "80%"
      RenderBlock (anonymous) at (0,2242) size 769x17
        RenderBR {BR} at (0,0) size 0x17
      RenderTable {TABLE} at (0,2259) size 61x206 [bgcolor=#808080] [border: (1px outset #808080)]
        RenderTableSection {TBODY} at (1,1) size 59x204
          RenderTableRow {TR} at (0,2) size 59x200
            RenderTableCell {TD} at (2,91) size 25x22 [border: (1px inset #808080)] [r=0 c=0 rs=1 cs=1]
              RenderText {#text} at (2,2) size 21x18
                text run at (2,3) width 21: "5%"
            RenderTableCell {TD} at (29,91) size 28x22 [border: (1px inset #808080)] [r=0 c=1 rs=1 cs=1]
              RenderText {#text} at (2,2) size 24x18
                text run at (2,3) width 24: "200"
      RenderBlock (anonymous) at (0,2465) size 769x17
        RenderBR {BR} at (0,0) size 0x17
      RenderTable {TABLE} at (0,2482) size 61x199 [bgcolor=#FFA500] [border: (1px outset #808080)]
        RenderTableSection {TBODY} at (1,1) size 59x197
          RenderTableRow {TR} at (0,2) size 59x193
            RenderTableCell {TD} at (2,87) size 33x22 [border: (1px inset #808080)] [r=0 c=0 rs=1 cs=1]
              RenderText {#text} at (2,2) size 29x18
                text run at (2,3) width 29: "50%"
            RenderTableCell {TD} at (37,87) size 20x22 [border: (1px inset #808080)] [r=0 c=1 rs=1 cs=1]
              RenderText {#text} at (2,2) size 16x18
                text run at (2,3) width 16: "20"
      RenderBlock (anonymous) at (0,2680) size 769x18
        RenderBR {BR} at (0,0) size 0x17
      RenderTable {TABLE} at (0,2697) size 39x585 [border: (1px outset #808080)]
        RenderTableSection {TBODY} at (1,1) size 37x582
          RenderTableRow {TR} at (0,2) size 37x500
            RenderTableCell {TD} at (2,241) size 33x22 [border: (1px inset #808080)] [r=0 c=0 rs=1 cs=1]
              RenderText {#text} at (2,2) size 24x18
                text run at (2,3) width 24: "500"
          RenderTableRow {TR} at (0,504) size 37x76
            RenderTableCell {TD} at (2,531) size 33x22 [border: (1px inset #808080)] [r=1 c=0 rs=1 cs=1]
              RenderText {#text} at (2,2) size 29x18
                text run at (2,3) width 29: "80%"
      RenderBlock (anonymous) at (0,3281) size 769x18
        RenderBR {BR} at (0,0) size 0x17
      RenderTable {TABLE} at (0,3298) size 103x585 [bgcolor=#FF0000] [border: (1px outset #808080)]
        RenderTableSection {TBODY} at (1,1) size 101x582
          RenderTableRow {TR} at (0,2) size 101x40
            RenderTableCell {TD} at (2,259) size 31x22 [border: (1px inset #808080)] [r=0 c=0 rs=2 cs=1]
              RenderText {#text} at (2,2) size 24x18
                text run at (2,3) width 24: "500"
            RenderTableCell {TD} at (35,11) size 31x22 [border: (1px inset #808080)] [r=0 c=1 rs=1 cs=1]
              RenderText {#text} at (2,1) size 27x18
                text run at (2,2) width 27: "auto"
          RenderTableRow {TR} at (0,43) size 101x496
            RenderTableCell {TD} at (35,280) size 31x22 [border: (1px inset #808080)] [r=1 c=1 rs=1 cs=1]
              RenderText {#text} at (2,1) size 27x18
                text run at (2,2) width 27: "auto"
            RenderTableCell {TD} at (68,280) size 31x22 [border: (1px inset #808080)] [r=1 c=2 rs=1 cs=1]
              RenderText {#text} at (2,1) size 27x18
                text run at (2,2) width 27: "auto"
          RenderTableRow {TR} at (0,540) size 101x40
            RenderTableCell {TD} at (2,549) size 31x22 [border: (1px inset #808080)] [r=2 c=0 rs=1 cs=1]
              RenderText {#text} at (2,1) size 27x18
                text run at (2,2) width 27: "auto"
            RenderTableCell {TD} at (35,549) size 31x22 [border: (1px inset #808080)] [r=2 c=1 rs=1 cs=1]
              RenderText {#text} at (2,1) size 27x18
                text run at (2,2) width 27: "auto"
      RenderBlock (anonymous) at (0,3882) size 769x18
        RenderBR {BR} at (0,0) size 0x17
      RenderTable {TABLE} at (0,3899) size 53x407 [bgcolor=#FFA500] [border: (1px outset #808080)]
        RenderTableSection {TBODY} at (1,1) size 51x404
          RenderTableRow {TR} at (0,2) size 51x400
            RenderTableCell {TD} at (2,2) size 47x400 [border: (1px inset #808080)] [r=0 c=0 rs=1 cs=1]
              RenderTable {TABLE} at (2,2) size 43x396 [bgcolor=#0000FF]
                RenderTableSection {TBODY} at (0,0) size 43x396
                  RenderTableRow {TR} at (0,2) size 43x392
                    RenderTableCell {TD} at (2,188) size 39x20 [r=0 c=0 rs=1 cs=1]
                      RenderText {#text} at (1,1) size 37x18
                        text run at (1,2) width 37: "100%"
