layer at (0,0) size 785x921
  RenderView at (0,0) size 785x600
layer at (0,0) size 785x921
  RenderBlock {HTML} at (0,0) size 785x921
    RenderBody {BODY} at (8,8) size 769x905
      RenderBlock (anonymous) at (0,0) size 769x17
        RenderText {#text} at (0,0) size 313x17
          text run at (0,0) width 313: "fixed table - percentage width cell honored to min"
      RenderTable {TABLE} at (0,17) size 300x27 [border: (1px outset #808080)]
        RenderTableSection {TBODY} at (1,1) size 298x25
          RenderTableRow {TR} at (0,2) size 298x21
            RenderTableCell {TD} at (2,2) size 25x21 [border: (1px inset #808080)] [r=0 c=0 rs=1 cs=1]
              RenderText {#text} at (2,2) size 21x17
                text run at (2,2) width 21: "foo"
            RenderTableCell {TD} at (29,2) size 267x21 [border: (1px inset #808080)] [r=0 c=1 rs=1 cs=1]
              RenderText {#text} at (2,2) size 21x17
                text run at (2,2) width 21: "foo"
      RenderBlock (anonymous) at (0,44) size 769x34
        RenderBR {BR} at (0,0) size 0x17
        RenderText {#text} at (0,17) size 340x17
          text run at (0,17) width 340: "fixed table - percentage cells allocated left to rigth first"
      RenderTable {TABLE} at (0,78) size 300x44 [border: (1px outset #808080)]
        RenderTableSection {TBODY} at (1,1) size 298x42
          RenderTableRow {TR} at (0,2) size 298x38
            RenderTableCell {TD} at (2,2) size 44x38 [border: (1px inset #808080)] [r=0 c=0 rs=1 cs=1]
              RenderText {#text} at (2,2) size 40x34
                text run at (2,2) width 40: "100px"
                text run at (2,19) width 40: "100px"
            RenderTableCell {TD} at (48,10) size 123x22 [border: (1px inset #808080)] [r=0 c=1 rs=1 cs=1]
              RenderText {#text} at (2,2) size 29x18
                text run at (2,3) width 29: "50%"
            RenderTableCell {TD} at (173,10) size 123x22 [border: (1px inset #808080)] [r=0 c=2 rs=1 cs=1]
              RenderText {#text} at (2,2) size 29x18
                text run at (2,3) width 29: "50%"
      RenderBlock (anonymous) at (0,122) size 769x34
        RenderBR {BR} at (0,0) size 0x17
        RenderText {#text} at (0,17) size 507x17
          text run at (0,17) width 507: "fixed table - percentage cells allocated left to rigth first allocated from left to right"
      RenderTable {TABLE} at (0,156) size 300x44 [border: (1px outset #808080)]
        RenderTableSection {TBODY} at (1,1) size 298x42
          RenderTableRow {TR} at (0,2) size 298x38
            RenderTableCell {TD} at (2,2) size 44x38 [border: (1px inset #808080)] [r=0 c=0 rs=1 cs=1]
              RenderText {#text} at (2,2) size 40x34
                text run at (2,2) width 40: "100px"
                text run at (2,19) width 40: "100px"
            RenderTableCell {TD} at (48,10) size 213x22 [border: (1px inset #808080)] [r=0 c=1 rs=1 cs=1]
              RenderText {#text} at (2,2) size 29x18
                text run at (2,3) width 29: "95%"
            RenderTableCell {TD} at (263,10) size 33x22 [border: (1px inset #808080)] [r=0 c=2 rs=1 cs=1]
              RenderText {#text} at (2,2) size 29x18
                text run at (2,3) width 29: "95%"
      RenderBlock (anonymous) at (0,200) size 769x34
        RenderBR {BR} at (0,0) size 0x17
        RenderText {#text} at (0,17) size 340x17
          text run at (0,17) width 340: "fixed table - percentage cells allocated left to rigth first"
      RenderTable {TABLE} at (0,234) size 200x60 [border: (1px outset #808080)]
        RenderTableSection {TBODY} at (1,1) size 198x58
          RenderTableRow {TR} at (0,10) size 198x38
            RenderTableCell {TD} at (10,10) size 84x38 [border: (1px inset #808080)] [r=0 c=0 rs=1 cs=1]
              RenderText {#text} at (2,2) size 40x34
                text run at (2,2) width 40: "100px"
                text run at (2,19) width 40: "100px"
            RenderTableCell {TD} at (104,18) size 84x22 [border: (1px inset #808080)] [r=0 c=1 rs=1 cs=1]
              RenderText {#text} at (2,2) size 29x18
                text run at (2,3) width 29: "50%"
      RenderBlock (anonymous) at (0,294) size 769x34
        RenderBR {BR} at (0,0) size 0x17
        RenderText {#text} at (0,17) size 340x17
          text run at (0,17) width 340: "fixed table - percentage cells allocated left to right first"
      RenderTable {TABLE} at (0,328) size 200x77 [border: (1px outset #808080)]
        RenderTableSection {TBODY} at (1,1) size 198x75
          RenderTableRow {TR} at (0,10) size 198x55
            RenderTableCell {TD} at (10,18) size 44x39 [border: (1px inset #808080)] [r=0 c=0 rs=1 cs=1]
              RenderText {#text} at (2,2) size 40x35
                text run at (2,3) width 40: "100px"
                text run at (2,20) width 40: "100px"
            RenderTableCell {TD} at (64,10) size 57x55 [border: (1px inset #808080)] [r=0 c=1 rs=1 cs=1]
              RenderText {#text} at (2,2) size 29x51
                text run at (2,2) width 29: "50%"
                text run at (2,19) width 29: "50%"
                text run at (2,36) width 29: "50%"
            RenderTableCell {TD} at (131,10) size 57x55 [border: (1px inset #808080)] [r=0 c=2 rs=1 cs=1]
              RenderText {#text} at (2,2) size 29x51
                text run at (2,2) width 29: "50%"
                text run at (2,19) width 29: "50%"
                text run at (2,36) width 29: "50%"
      RenderBlock (anonymous) at (0,405) size 769x34
        RenderBR {BR} at (0,0) size 0x17
        RenderText {#text} at (0,17) size 340x17
          text run at (0,17) width 340: "fixed table - percentage cells allocated left to right first"
      RenderTable {TABLE} at (0,439) size 400x60 [border: (1px outset #808080)]
        RenderTableSection {TBODY} at (1,1) size 398x58
          RenderTableRow {TR} at (0,10) size 398x38
            RenderTableCell {TD} at (10,10) size 44x38 [border: (1px inset #808080)] [r=0 c=0 rs=1 cs=1]
              RenderText {#text} at (2,2) size 40x34
                text run at (2,2) width 40: "100px"
                text run at (2,19) width 40: "100px"
            RenderTableCell {TD} at (64,10) size 44x38 [border: (1px inset #808080)] [r=0 c=1 rs=1 cs=1]
              RenderText {#text} at (2,2) size 40x34
                text run at (2,2) width 40: "100px"
                text run at (2,19) width 40: "100px"
            RenderTableCell {TD} at (118,18) size 130x22 [border: (1px inset #808080)] [r=0 c=2 rs=1 cs=1]
              RenderText {#text} at (2,2) size 95x18
                text run at (2,3) width 95: "50% 50% 50%"
            RenderTableCell {TD} at (258,18) size 130x22 [border: (1px inset #808080)] [r=0 c=3 rs=1 cs=1]
              RenderText {#text} at (2,2) size 95x18
                text run at (2,3) width 95: "50% 50% 50%"
      RenderBlock (anonymous) at (0,499) size 769x34
        RenderBR {BR} at (0,0) size 0x17
        RenderText {#text} at (0,17) size 340x17
          text run at (0,17) width 340: "fixed table - percentage cells allocated left to right first"
      RenderTable {TABLE} at (0,533) size 400x77 [border: (1px outset #808080)]
        RenderTableSection {TBODY} at (1,1) size 398x75
          RenderTableRow {TR} at (0,10) size 398x55
            RenderTableCell {TD} at (10,18) size 44x39 [border: (1px inset #808080)] [r=0 c=0 rs=1 cs=1]
              RenderText {#text} at (2,2) size 40x35
                text run at (2,3) width 40: "100px"
                text run at (2,20) width 40: "100px"
            RenderTableCell {TD} at (64,18) size 44x39 [border: (1px inset #808080)] [r=0 c=1 rs=1 cs=1]
              RenderText {#text} at (2,2) size 40x35
                text run at (2,3) width 40: "100px"
                text run at (2,20) width 40: "100px"
            RenderTableCell {TD} at (118,27) size 109x21 [border: (1px inset #808080)] [r=0 c=2 rs=1 cs=1]
              RenderText {#text} at (2,2) size 95x17
                text run at (2,2) width 95: "50% 50% 50%"
            RenderTableCell {TD} at (236,27) size 109x21 [border: (1px inset #808080)] [r=0 c=3 rs=1 cs=1]
              RenderText {#text} at (2,2) size 95x17
                text run at (2,2) width 95: "50% 50% 50%"
            RenderTableCell {TD} at (355,10) size 33x55 [border: (1px inset #808080)] [r=0 c=4 rs=1 cs=1]
              RenderText {#text} at (2,2) size 29x51
                text run at (2,2) width 29: "50%"
                text run at (2,19) width 29: "50%"
                text run at (2,36) width 29: "50%"
      RenderBlock (anonymous) at (0,610) size 769x17
        RenderBR {BR} at (0,0) size 0x17
      RenderTable {TABLE} at (0,627) size 200x27 [border: (1px outset #808080)]
        RenderTableSection {TBODY} at (1,1) size 198x25
          RenderTableRow {TR} at (0,2) size 198x21
            RenderTableCell {TD} at (2,2) size 25x21 [border: (1px inset #808080)] [r=0 c=0 rs=1 cs=1]
              RenderText {#text} at (2,2) size 21x17
                text run at (2,2) width 21: "foo"
            RenderTableCell {TD} at (29,2) size 83x21 [border: (1px inset #808080)] [r=0 c=1 rs=1 cs=1]
              RenderText {#text} at (2,2) size 20x17
                text run at (2,2) width 20: "bar"
            RenderTableCell {TD} at (113,2) size 84x21 [border: (1px inset #808080)] [r=0 c=2 rs=1 cs=1]
              RenderText {#text} at (2,2) size 22x17
                text run at (2,2) width 22: "zap"
      RenderBlock (anonymous) at (0,654) size 769x34
        RenderBR {BR} at (0,0) size 0x17
        RenderText {#text} at (0,17) size 231x17
          text run at (0,17) width 231: "PERCENTAGE WIDTH TABLES"
      RenderTable {TABLE} at (0,688) size 769x78 [border: (1px outset #808080)]
        RenderTableSection {TBODY} at (1,1) size 767x76
          RenderTableRow {TR} at (0,2) size 767x72
            RenderTableCell {TD} at (2,27) size 147x22 [bgcolor=#FFA500] [border: (1px inset #808080)] [r=0 c=0 rs=1 cs=1]
              RenderText {#text} at (2,2) size 96x18
                text run at (2,3) width 96: "foo foo foo foo"
            RenderTableCell {TD} at (150,27) size 148x22 [bgcolor=#0000FF] [border: (1px inset #808080)] [r=0 c=1 rs=1 cs=1]
              RenderText {#text} at (2,2) size 96x18
                text run at (2,3) width 96: "foo foo foo foo"
            RenderTableCell {TD} at (299,27) size 440x22 [bgcolor=#008000] [border: (1px inset #808080)] [r=0 c=2 rs=1 cs=1]
              RenderText {#text} at (340,2) size 97x18
                text run at (340,3) width 97: "foo foo foo foo"
            RenderTableCell {TD} at (740,2) size 26x72 [bgcolor=#FF0000] [border: (1px inset #808080)] [r=0 c=3 rs=1 cs=1]
              RenderText {#text} at (2,2) size 21x68
                text run at (2,2) width 21: "foo"
                text run at (2,19) width 21: "foo"
                text run at (2,36) width 21: "foo"
                text run at (2,53) width 21: "foo"
      RenderBlock (anonymous) at (0,766) size 769x17
        RenderBR {BR} at (0,0) size 0x17
      RenderTable {TABLE} at (0,783) size 769x78 [border: (1px outset #808080)]
        RenderTableSection {TBODY} at (1,1) size 767x76
          RenderTableRow {TR} at (0,2) size 767x72
            RenderTableCell {TD} at (2,2) size 25x72 [bgcolor=#FF0000] [border: (1px inset #808080)] [r=0 c=0 rs=1 cs=1]
              RenderText {#text} at (2,2) size 21x68
                text run at (2,2) width 21: "foo"
                text run at (2,19) width 21: "foo"
                text run at (2,36) width 21: "foo"
                text run at (2,53) width 21: "foo"
            RenderTableCell {TD} at (29,27) size 142x22 [bgcolor=#FFA500] [border: (1px inset #808080)] [r=0 c=1 rs=1 cs=1]
              RenderText {#text} at (2,2) size 96x18
                text run at (2,3) width 96: "foo foo foo foo"
            RenderTableCell {TD} at (172,27) size 143x22 [bgcolor=#0000FF] [border: (1px inset #808080)] [r=0 c=2 rs=1 cs=1]
              RenderText {#text} at (2,2) size 96x18
                text run at (2,3) width 96: "foo foo foo foo"
            RenderTableCell {TD} at (316,27) size 423x22 [bgcolor=#008000] [border: (1px inset #808080)] [r=0 c=3 rs=1 cs=1]
              RenderText {#text} at (323,2) size 97x18
                text run at (323,3) width 97: "foo foo foo foo"
            RenderTableCell {TD} at (740,2) size 26x72 [bgcolor=#FF0000] [border: (1px inset #808080)] [r=0 c=4 rs=1 cs=1]
              RenderText {#text} at (2,2) size 21x68
                text run at (2,2) width 21: "foo"
                text run at (2,19) width 21: "foo"
                text run at (2,36) width 21: "foo"
                text run at (2,53) width 21: "foo"
      RenderBlock (anonymous) at (0,861) size 769x17
        RenderBR {BR} at (0,0) size 0x17
      RenderTable {TABLE} at (0,878) size 769x27 [border: (1px outset #808080)]
        RenderTableSection {TBODY} at (1,1) size 767x25
          RenderTableRow {TR} at (0,2) size 767x21
            RenderTableCell {TD} at (2,2) size 151x21 [bgcolor=#FF0000] [border: (1px inset #808080)] [r=0 c=0 rs=1 cs=1]
              RenderText {#text} at (2,2) size 96x17
                text run at (2,2) width 96: "foo foo foo foo"
            RenderTableCell {TD} at (155,2) size 151x21 [bgcolor=#FFA500] [border: (1px inset #808080)] [r=0 c=1 rs=1 cs=1]
              RenderText {#text} at (2,2) size 96x17
                text run at (2,2) width 96: "foo foo foo foo"
            RenderTableCell {TD} at (308,2) size 151x21 [bgcolor=#0000FF] [border: (1px inset #808080)] [r=0 c=2 rs=1 cs=1]
              RenderText {#text} at (2,2) size 96x17
                text run at (2,2) width 96: "foo foo foo foo"
            RenderTableCell {TD} at (461,2) size 151x21 [bgcolor=#008000] [border: (1px inset #808080)] [r=0 c=3 rs=1 cs=1]
              RenderText {#text} at (53,2) size 96x17
                text run at (53,2) width 96: "foo foo foo foo"
            RenderTableCell {TD} at (614,2) size 151x21 [bgcolor=#FF0000] [border: (1px inset #808080)] [r=0 c=4 rs=1 cs=1]
              RenderText {#text} at (2,2) size 96x17
                text run at (2,2) width 96: "foo foo foo foo"
