layer at (0,0) size 808x585
  RenderView at (0,0) size 800x585
layer at (0,0) size 800x585
  RenderBlock {HTML} at (0,0) size 800x585
    RenderBody {BODY} at (8,8) size 784x569
      RenderTable {TABLE} at (0,0) size 193x33 [border: (1px outset #808080)]
        RenderTableSection {TBODY} at (1,1) size 191x31
          RenderTableRow {TR} at (0,2) size 191x27
            RenderTableCell {TD} at (2,2) size 187x27 [border: (1px inset #808080)] [r=0 c=0 rs=1 cs=1]
              RenderTable {TABLE} at (2,2) size 183x23 [bgcolor=#FFA500]
                RenderTableSection {TBODY} at (0,0) size 183x23
                  RenderTableRow {TR} at (0,2) size 183x19
                    RenderTableCell {TD} at (2,2) size 179x19 [r=0 c=0 rs=1 cs=1]
                      RenderText {#text} at (1,1) size 177x17
                        text run at (1,1) width 177: "nested in auto, width=100%"
      RenderBlock (anonymous) at (0,33) size 784x17
        RenderBR {BR} at (0,0) size 0x17
      RenderTable {TABLE} at (0,50) size 200x33 [border: (1px outset #808080)]
        RenderTableSection {TBODY} at (1,1) size 198x31
          RenderTableRow {TR} at (0,2) size 198x27
            RenderTableCell {TD} at (2,2) size 194x27 [border: (1px inset #808080)] [r=0 c=0 rs=1 cs=1]
              RenderTable {TABLE} at (2,2) size 190x23 [bgcolor=#00FF00]
                RenderTableSection {TBODY} at (0,0) size 190x23
                  RenderTableRow {TR} at (0,2) size 190x19
                    RenderTableCell {TD} at (2,2) size 186x19 [r=0 c=0 rs=1 cs=1]
                      RenderText {#text} at (1,1) size 182x17
                        text run at (1,1) width 182: "nested in fixed, width=100%"
      RenderBlock (anonymous) at (0,83) size 784x17
        RenderBR {BR} at (0,0) size 0x17
      RenderTable {TABLE} at (0,100) size 800x33 [border: (1px outset #808080)]
        RenderTableSection {TBODY} at (1,1) size 798x31
          RenderTableRow {TR} at (0,2) size 798x27
            RenderTableCell {TD} at (2,2) size 794x27 [border: (1px inset #808080)] [r=0 c=0 rs=1 cs=1]
              RenderTable {TABLE} at (2,2) size 790x23 [bgcolor=#00FF00]
                RenderTableSection {TBODY} at (0,0) size 790x23
                  RenderTableRow {TR} at (0,2) size 790x19
                    RenderTableCell {TD} at (2,2) size 786x19 [r=0 c=0 rs=1 cs=1]
                      RenderText {#text} at (1,1) size 182x17
                        text run at (1,1) width 182: "nested in fixed, width=100%"
      RenderBlock (anonymous) at (0,133) size 784x17
        RenderBR {BR} at (0,0) size 0x17
      RenderTable {TABLE} at (0,150) size 226x33 [border: (1px outset #808080)]
        RenderTableSection {TBODY} at (1,1) size 224x31
          RenderTableRow {TR} at (0,2) size 224x27
            RenderTableCell {TD} at (2,2) size 187x27 [border: (1px inset #808080)] [r=0 c=0 rs=1 cs=1]
              RenderTable {TABLE} at (2,2) size 183x23
                RenderTableSection {TBODY} at (0,0) size 183x23
                  RenderTableRow {TR} at (0,2) size 183x19
                    RenderTableCell {TD} at (2,2) size 179x19 [r=0 c=0 rs=1 cs=1]
                      RenderText {#text} at (1,1) size 177x17
                        text run at (1,1) width 177: "nested in auto, width=100%"
            RenderTableCell {TD} at (191,5) size 31x21 [border: (1px inset #808080)] [r=0 c=1 rs=1 cs=1]
              RenderText {#text} at (2,2) size 27x17
                text run at (2,2) width 27: "auto"
      RenderBlock (anonymous) at (0,183) size 784x17
        RenderBR {BR} at (0,0) size 0x17
      RenderTable {TABLE} at (0,200) size 784x33 [border: (1px outset #808080)]
        RenderTableSection {TBODY} at (1,1) size 782x31
          RenderTableRow {TR} at (0,2) size 782x27
            RenderTableCell {TD} at (2,2) size 686x27 [border: (1px inset #808080)] [r=0 c=0 rs=1 cs=1]
              RenderTable {TABLE} at (2,2) size 341x23 [bgcolor=#00FF00]
                RenderTableSection {TBODY} at (0,0) size 341x23
                  RenderTableRow {TR} at (0,2) size 341x19
                    RenderTableCell {TD} at (2,2) size 337x19 [r=0 c=0 rs=1 cs=1]
                      RenderText {#text} at (1,1) size 179x17
                        text run at (1,1) width 179: "nested in 100%, width=50%"
            RenderTableCell {TD} at (689,5) size 92x21 [border: (1px inset #808080)] [r=0 c=1 rs=1 cs=1]
              RenderText {#text} at (2,2) size 21x17
                text run at (2,2) width 21: "foo"
      RenderBlock (anonymous) at (0,233) size 784x17
        RenderBR {BR} at (0,0) size 0x17
      RenderTable {TABLE} at (0,250) size 784x39 [border: (1px outset #808080)]
        RenderTableSection {TBODY} at (1,1) size 782x37
          RenderTableRow {TR} at (0,2) size 782x33
            RenderTableCell {TD} at (2,2) size 551x33 [border: (1px inset #808080)] [r=0 c=0 rs=1 cs=1]
              RenderTable {TABLE} at (2,2) size 274x29 [bgcolor=#00FF00]
                RenderTableSection {TBODY} at (0,0) size 274x29
                  RenderTableRow {TR} at (0,2) size 274x25
                    RenderTableCell {TD} at (2,2) size 270x25 [r=0 c=0 rs=1 cs=1]
                      RenderTable {TABLE} at (1,1) size 134x23 [bgcolor=#FF0000]
                        RenderTableSection {TBODY} at (0,0) size 134x23
                          RenderTableRow {TR} at (0,2) size 134x19
                            RenderTableCell {TD} at (2,2) size 130x19 [r=0 c=0 rs=1 cs=1]
                              RenderText {#text} at (1,1) size 45x17
                                text run at (1,1) width 45: "2n50%"
            RenderTableCell {TD} at (554,8) size 227x21 [border: (1px inset #808080)] [r=0 c=1 rs=1 cs=1]
              RenderText {#text} at (2,2) size 21x17
                text run at (2,2) width 21: "foo"
