layer at (0,0) size 785x721
  RenderView at (0,0) size 785x600
layer at (0,0) size 785x721
  RenderBlock {HTML} at (0,0) size 785x721
    RenderBody {BODY} at (8,8) size 769x705
      RenderBlock (anonymous) at (0,0) size 769x17
        RenderText {#text} at (0,0) size 159x17
          text run at (0,0) width 159: "Table auto, no cells fixed"
      RenderTable {TABLE} at (0,17) size 341x27 [border: (1px outset #808080)]
        RenderTableSection {TBODY} at (1,1) size 339x25
          RenderTableRow {TR} at (0,2) size 339x21
            RenderTableCell {TD} at (2,2) size 241x21 [border: (1px inset #808080)] [r=0 c=0 rs=1 cs=1]
              RenderText {#text} at (2,2) size 237x17
                text run at (2,2) width 237: "fooooooooooooooooooooooooooooo"
            RenderTableCell {TD} at (245,2) size 64x21 [border: (1px inset #808080)] [r=0 c=1 rs=1 cs=1]
              RenderText {#text} at (2,2) size 60x17
                text run at (2,2) width 60: "barrrrrrrrr"
            RenderTableCell {TD} at (311,2) size 26x21 [border: (1px inset #808080)] [r=0 c=2 rs=1 cs=1]
              RenderText {#text} at (2,2) size 22x17
                text run at (2,2) width 22: "zap"
      RenderBlock (anonymous) at (0,44) size 769x34
        RenderBR {BR} at (0,0) size 0x17
        RenderText {#text} at (0,17) size 164x17
          text run at (0,17) width 164: "Table fixed, no cells fixed"
      RenderTable {TABLE} at (0,78) size 500x27 [border: (1px outset #808080)]
        RenderTableSection {TBODY} at (1,1) size 498x25
          RenderTableRow {TR} at (0,2) size 498x21
            RenderTableCell {TD} at (2,2) size 357x21 [border: (1px inset #808080)] [r=0 c=0 rs=1 cs=1]
              RenderText {#text} at (2,2) size 237x17
                text run at (2,2) width 237: "fooooooooooooooooooooooooooooo"
            RenderTableCell {TD} at (360,2) size 96x21 [border: (1px inset #808080)] [r=0 c=1 rs=1 cs=1]
              RenderText {#text} at (2,2) size 60x17
                text run at (2,2) width 60: "barrrrrrrrr"
            RenderTableCell {TD} at (457,2) size 40x21 [border: (1px inset #808080)] [r=0 c=2 rs=1 cs=1]
              RenderText {#text} at (2,2) size 22x17
                text run at (2,2) width 22: "zap"
      RenderBlock (anonymous) at (0,105) size 769x34
        RenderBR {BR} at (0,0) size 0x17
        RenderText {#text} at (0,17) size 164x17
          text run at (0,17) width 164: "Table fixed, no cells fixed"
      RenderTable {TABLE} at (0,139) size 200x61 [border: (1px outset #808080)]
        RenderTableSection {TBODY} at (1,1) size 198x59
          RenderTableRow {TR} at (0,2) size 198x55
            RenderTableCell {TD} at (2,2) size 129x55 [border: (1px inset #808080)] [r=0 c=0 rs=1 cs=1]
              RenderText {#text} at (2,2) size 116x51
                text run at (2,2) width 113: "fo oo oo oo oo oo"
                text run at (2,19) width 116: "oo oo oo oo oo oo"
                text run at (2,36) width 56: "oo oo oo"
            RenderTableCell {TD} at (132,2) size 37x55 [border: (1px inset #808080)] [r=0 c=1 rs=1 cs=1]
              RenderText {#text} at (2,2) size 25x51
                text run at (2,2) width 25: "barr"
                text run at (2,19) width 20: "rrrr"
                text run at (2,36) width 20: "rrrr"
            RenderTableCell {TD} at (170,19) size 27x21 [border: (1px inset #808080)] [r=0 c=2 rs=1 cs=1]
              RenderText {#text} at (2,2) size 22x17
                text run at (2,2) width 22: "zap"
      RenderBlock (anonymous) at (0,200) size 769x34
        RenderBR {BR} at (0,0) size 0x17
        RenderText {#text} at (0,17) size 155x17
          text run at (0,17) width 155: "Table auto, 1st cell fixed"
      RenderTable {TABLE} at (0,234) size 136x27 [border: (1px outset #808080)]
        RenderTableSection {TBODY} at (1,1) size 134x25
          RenderTableRow {TR} at (0,2) size 134x21
            RenderTableCell {TD} at (2,2) size 104x21 [border: (1px inset #808080)] [r=0 c=0 rs=1 cs=1]
              RenderText {#text} at (2,2) size 45x17
                text run at (2,2) width 45: "fooooo"
            RenderTableCell {TD} at (108,2) size 24x21 [border: (1px inset #808080)] [r=0 c=1 rs=1 cs=1]
              RenderText {#text} at (2,2) size 20x17
                text run at (2,2) width 20: "bar"
      RenderBlock (anonymous) at (0,261) size 769x34
        RenderBR {BR} at (0,0) size 0x17
        RenderText {#text} at (0,17) size 160x17
          text run at (0,17) width 160: "Table fixed, 1st cell fixed"
      RenderTable {TABLE} at (0,295) size 500x27 [border: (1px outset #808080)]
        RenderTableSection {TBODY} at (1,1) size 498x25
          RenderTableRow {TR} at (0,2) size 498x21
            RenderTableCell {TD} at (2,2) size 104x21 [border: (1px inset #808080)] [r=0 c=0 rs=1 cs=1]
              RenderText {#text} at (2,2) size 45x17
                text run at (2,2) width 45: "fooooo"
            RenderTableCell {TD} at (108,2) size 388x21 [border: (1px inset #808080)] [r=0 c=1 rs=1 cs=1]
              RenderText {#text} at (2,2) size 20x17
                text run at (2,2) width 20: "bar"
      RenderBlock (anonymous) at (0,322) size 769x34
        RenderBR {BR} at (0,0) size 0x17
        RenderText {#text} at (0,17) size 216x17
          text run at (0,17) width 216: "Table auto, 1st cell fixed too small"
      RenderTable {TABLE} at (0,356) size 273x27 [border: (1px outset #808080)]
        RenderTableSection {TBODY} at (1,1) size 271x25
          RenderTableRow {TR} at (0,2) size 271x21
            RenderTableCell {TD} at (2,2) size 241x21 [border: (1px inset #808080)] [r=0 c=0 rs=1 cs=1]
              RenderText {#text} at (2,2) size 237x17
                text run at (2,2) width 237: "fooooooooooooooooooooooooooooo"
            RenderTableCell {TD} at (245,2) size 24x21 [border: (1px inset #808080)] [r=0 c=1 rs=1 cs=1]
              RenderText {#text} at (2,2) size 20x17
                text run at (2,2) width 20: "bar"
      RenderBlock (anonymous) at (0,383) size 769x34
        RenderBR {BR} at (0,0) size 0x17
        RenderText {#text} at (0,17) size 221x17
          text run at (0,17) width 221: "Table fixed, 1st cell fixed too small"
      RenderTable {TABLE} at (0,417) size 500x27 [border: (1px outset #808080)]
        RenderTableSection {TBODY} at (1,1) size 498x25
          RenderTableRow {TR} at (0,2) size 498x21
            RenderTableCell {TD} at (2,2) size 241x21 [border: (1px inset #808080)] [r=0 c=0 rs=1 cs=1]
              RenderText {#text} at (2,2) size 237x17
                text run at (2,2) width 237: "fooooooooooooooooooooooooooooo"
            RenderTableCell {TD} at (245,2) size 251x21 [border: (1px inset #808080)] [r=0 c=1 rs=1 cs=1]
              RenderText {#text} at (2,2) size 20x17
                text run at (2,2) width 20: "bar"
      RenderBlock (anonymous) at (0,444) size 769x34
        RenderBR {BR} at (0,0) size 0x17
        RenderText {#text} at (0,17) size 171x17
          text run at (0,17) width 171: "Table auto, both cells fixed"
      RenderTable {TABLE} at (0,478) size 216x27 [border: (1px outset #808080)]
        RenderTableSection {TBODY} at (1,1) size 214x25
          RenderTableRow {TR} at (0,2) size 214x21
            RenderTableCell {TD} at (2,2) size 104x21 [border: (1px inset #808080)] [r=0 c=0 rs=1 cs=1]
              RenderText {#text} at (2,2) size 37x17
                text run at (2,2) width 37: "foooo"
            RenderTableCell {TD} at (108,2) size 104x21 [border: (1px inset #808080)] [r=0 c=1 rs=1 cs=1]
              RenderText {#text} at (2,2) size 20x17
                text run at (2,2) width 20: "bar"
      RenderBlock (anonymous) at (0,505) size 769x34
        RenderBR {BR} at (0,0) size 0x17
        RenderText {#text} at (0,17) size 176x17
          text run at (0,17) width 176: "Table fixed, both cells fixed"
      RenderTable {TABLE} at (0,539) size 500x27 [border: (1px outset #808080)]
        RenderTableSection {TBODY} at (1,1) size 498x25
          RenderTableRow {TR} at (0,2) size 498x21
            RenderTableCell {TD} at (2,2) size 246x21 [border: (1px inset #808080)] [r=0 c=0 rs=1 cs=1]
              RenderText {#text} at (2,2) size 37x17
                text run at (2,2) width 37: "foooo"
            RenderTableCell {TD} at (250,2) size 246x21 [border: (1px inset #808080)] [r=0 c=1 rs=1 cs=1]
              RenderText {#text} at (2,2) size 20x17
                text run at (2,2) width 20: "bar"
      RenderBlock (anonymous) at (0,566) size 769x34
        RenderBR {BR} at (0,0) size 0x17
        RenderText {#text} at (0,17) size 285x17
          text run at (0,17) width 285: "Table auto, both cells fixed, 1st one too small"
      RenderTable {TABLE} at (0,600) size 353x27 [border: (1px outset #808080)]
        RenderTableSection {TBODY} at (1,1) size 351x25
          RenderTableRow {TR} at (0,2) size 351x21
            RenderTableCell {TD} at (2,2) size 241x21 [border: (1px inset #808080)] [r=0 c=0 rs=1 cs=1]
              RenderText {#text} at (2,2) size 237x17
                text run at (2,2) width 237: "fooooooooooooooooooooooooooooo"
            RenderTableCell {TD} at (245,2) size 104x21 [border: (1px inset #808080)] [r=0 c=1 rs=1 cs=1]
              RenderText {#text} at (2,2) size 20x17
                text run at (2,2) width 20: "bar"
      RenderBlock (anonymous) at (0,627) size 769x34
        RenderBR {BR} at (0,0) size 0x17
        RenderText {#text} at (0,17) size 325x17
          text run at (0,17) width 325: "Table fixed, both cells fixed, 1st cell fixed too small"
      RenderTable {TABLE} at (0,661) size 500x27 [border: (1px outset #808080)]
        RenderTableSection {TBODY} at (1,1) size 498x25
          RenderTableRow {TR} at (0,2) size 498x21
            RenderTableCell {TD} at (2,2) size 344x21 [border: (1px inset #808080)] [r=0 c=0 rs=1 cs=1]
              RenderText {#text} at (2,2) size 237x17
                text run at (2,2) width 237: "fooooooooooooooooooooooooooooo"
            RenderTableCell {TD} at (347,2) size 150x21 [border: (1px inset #808080)] [r=0 c=1 rs=1 cs=1]
              RenderText {#text} at (2,2) size 20x17
                text run at (2,2) width 20: "bar"
      RenderBlock (anonymous) at (0,688) size 769x17
        RenderBR {BR} at (0,0) size 0x17
