layer at (0,0) size 800x600
  RenderView at (0,0) size 800x600
layer at (0,0) size 800x600
  RenderBlock {HTML} at (0,0) size 800x600
    RenderBody {BODY} at (8,8) size 784x576
      RenderBlock {P} at (0,0) size 784x40 [color=#008000]
        RenderText {#text} at (0,0) size 778x39
          text run at (0,0) width 543: "This text should be green if the viewport is 800:600 ratio. This is unlikely to happen "
          text run at (542,0) width 236: "by chance, but the layout testing sets"
          text run at (0,20) width 52: "this size"
      RenderBlock {P} at (0,56) size 784x20 [color=#008000]
        RenderText {#text} at (0,0) size 542x19
          text run at (0,0) width 542: "This text should be green if the viewport is landscape (minimum aspect ratio of 1:1)."
      RenderBlock {P} at (0,92) size 784x20
        RenderText {#text} at (0,0) size 529x19
          text run at (0,0) width 529: "This text should be green if the viewport is portrait (maximum aspect ratio of 1:1)."
      RenderBlock {P} at (0,128) size 784x20
        RenderText {#text} at (0,0) size 469x19
          text run at (0,0) width 469: "This text should be green if the viewport aspect ratio is greater than 16:9."
