layer at (0,0) size 800x600
  RenderView at (0,0) size 800x600
layer at (0,0) size 800x600
  RenderBlock {HTML} at (0,0) size 800x600
    RenderBody {BODY} at (8,8) size 784x576
      RenderBlock {P} at (0,0) size 784x20 [color=#008000]
        RenderText {#text} at (0,0) size 453x19
          text run at (0,0) width 453: "This text should be green and below should read \"media list is empty\"."
      RenderBlock {P} at (0,36) size 784x20 [color=#008000]
        RenderText {#text} at (0,0) size 122x19
          text run at (0,0) width 122: "media list is empty"
      RenderBlock {P} at (0,72) size 784x20 [color=#008000]
        RenderText {#text} at (0,0) size 180x19
          text run at (0,0) width 180: "Expected to fail (24.7.2005)"
