layer at (0,0) size 968x600
  RenderView at (0,0) size 800x600
layer at (0,0) size 800x600
  RenderBlock {HTML} at (0,0) size 800x600
    RenderBody {BODY} at (8,8) size 784x584
      RenderBlock {P} at (0,0) size 784x20 [color=#008000]
        RenderText {#text} at (0,0) size 388x19
          text run at (0,0) width 388: "This text should be green if viewport is narrower than 60em."
      RenderBlock {DIV} at (0,36) size 960x20 [bgcolor=#ADD8E6]
        RenderText {#text} at (0,0) size 126x19
          text run at (0,0) width 126: "div of length 60 em"
      RenderBlock {DIV} at (0,56) size 800x20 [bgcolor=#ADD8E6]
        RenderText {#text} at (0,0) size 126x19
          text run at (0,0) width 126: "div of length 800px"
