layer at (0,0) size 808x600
  RenderView at (0,0) size 800x600
layer at (0,0) size 800x600
  RenderBlock {HTML} at (0,0) size 800x600
    RenderBody {BODY} at (8,8) size 784x584
      RenderBlock {P} at (0,0) size 784x20 [color=#008000]
        RenderText {#text} at (0,0) size 726x19
          text run at (0,0) width 726: "This text should be green if viewport is wider than 30em. This tests that (max-width: 30em) can evaluate to false."
      RenderBlock {DIV} at (0,36) size 480x20 [bgcolor=#ADD8E6]
        RenderText {#text} at (0,0) size 126x19
          text run at (0,0) width 126: "div of length 30 em"
      RenderBlock {DIV} at (0,56) size 800x20 [bgcolor=#ADD8E6]
        RenderText {#text} at (0,0) size 126x19
          text run at (0,0) width 126: "div of length 800px"
