layer at (0,0) size 800x600
  RenderView at (0,0) size 800x600
layer at (0,0) size 800x600
  RenderBlock {HTML} at (0,0) size 800x600
    RenderBody {BODY} at (8,8) size 784x576
      RenderBlock {P} at (0,0) size 784x40 [color=#008000]
        RenderText {#text} at (0,0) size 726x39
          text run at (0,0) width 726: "This text should be green. It tests if 3d transforms are available while 2d transforms are not. This should never be"
          text run at (0,20) width 57: "possible."
