layer at (0,0) size 800x600
  RenderView at (0,0) size 800x600
layer at (0,0) size 800x260
  RenderBlock {HTML} at (0,0) size 800x260
    RenderBody {BODY} at (8,8) size 784x236
      RenderBlock (anonymous) at (0,0) size 784x54
        RenderText {#text} at (0,0) size 766x54
          text run at (0,0) width 766: "This test checks that the decomposed unicode version of voiced japanese hiragana and katakana characters are rendered"
          text run at (0,18) width 763: "the same as the precomposed version. This test is a pixel-test, and passes when the text in the two heading elements are"
          text run at (0,36) width 60: "identical."
      RenderBlock {H2} at (0,73) size 784x34
        RenderText {#text} at (0,3) size 168x28
          text run at (0,3) width 168: "\x{30CF}\x{3099}\x{30CA}\x{30CA}\x{3068}\x{30CF}\x{309A}\x{30CA}\x{30DE}"
      RenderBlock {P} at (0,126) size 784x19
        RenderText {#text} at (0,0) size 166x18
          text run at (0,0) width 166: "The above is decomposed"
      RenderBlock {H2} at (0,164) size 784x34
        RenderText {#text} at (0,3) size 168x28
          text run at (0,3) width 168: "\x{30D0}\x{30CA}\x{30CA}\x{3068}\x{30D1}\x{30CA}\x{30DE}"
      RenderBlock {P} at (0,217) size 784x19
        RenderText {#text} at (0,0) size 172x18
          text run at (0,0) width 172: "The above is precomposed"
