layer at (0,0) size 800x603
  RenderView at (0,0) size 800x600
layer at (0,0) size 800x603
  RenderBlock {HTML} at (0,0) size 800x603
    RenderBody {BODY} at (8,8) size 784x587 [bgcolor=#CCCCCC]
      RenderBlock {P} at (0,0) size 784x20
        RenderText {#text} at (0,0) size 363x19
          text run at (0,0) width 363: "The style declarations which apply to the text below are:"
      RenderBlock {PRE} at (0,36) size 784x60
        RenderText {#text} at (0,0) size 172x60
          text run at (0,0) width 157: ".one {color: green;}"
          text run at (156,0) width 1: " "
          text run at (0,15) width 125: ".1 {color: red;}"
          text run at (124,15) width 1: " "
          text run at (0,30) width 149: ".a1 {color: green;}"
          text run at (148,30) width 1: " "
          text run at (0,45) width 172: "P.two {color: purple;}"
          text run at (171,45) width 1: " "
      RenderBlock {HR} at (0,109) size 784x2 [border: (1px inset #000000)]
      RenderBlock {P} at (0,127) size 784x20 [color=#008000]
        RenderText {#text} at (0,0) size 197x19
          text run at (0,0) width 197: "This sentence should be green."
      RenderBlock {P} at (0,163) size 784x20
        RenderText {#text} at (0,0) size 570x19
          text run at (0,0) width 570: "This sentence should be black, not red-- class selectors cannot begin with digits in CSS1."
      RenderBlock {P} at (0,199) size 784x20 [color=#008000]
        RenderText {#text} at (0,0) size 197x19
          text run at (0,0) width 197: "This sentence should be green."
      RenderBlock {P} at (0,235) size 784x20 [color=#800080]
        RenderText {#text} at (0,0) size 203x19
          text run at (0,0) width 203: "This sentence should be purple."
      RenderBlock {PRE} at (0,271) size 784x15
        RenderText {#text} at (0,0) size 274x15
          text run at (0,0) width 274: "This sentence should NOT be purple."
          text run at (273,0) width 1: " "
      RenderBlock {UL} at (0,302) size 784x20
        RenderListItem {LI} at (40,0) size 744x20
          RenderListMarker at (-18,0) size 7x19: bullet
          RenderText {#text} at (0,0) size 240x19
            text run at (0,0) width 240: "This sentence should NOT be purple."
      RenderTable {TABLE} at (0,338) size 592x249 [border: (1px outset #808080)]
        RenderTableSection {TBODY} at (1,1) size 590x247
          RenderTableRow {TR} at (0,0) size 590x28
            RenderTableCell {TD} at (0,0) size 590x28 [bgcolor=#C0C0C0] [border: (1px inset #808080)] [r=0 c=0 rs=1 cs=2]
              RenderInline {STRONG} at (0,0) size 163x19
                RenderText {#text} at (4,4) size 163x19
                  text run at (4,4) width 163: "TABLE Testing Section"
          RenderTableRow {TR} at (0,28) size 590x219
            RenderTableCell {TD} at (0,123) size 12x28 [bgcolor=#C0C0C0] [border: (1px inset #808080)] [r=1 c=0 rs=1 cs=1]
              RenderText {#text} at (4,4) size 4x19
                text run at (4,4) width 4: " "
            RenderTableCell {TD} at (12,28) size 578x219 [border: (1px inset #808080)] [r=1 c=1 rs=1 cs=1]
              RenderBlock {P} at (4,4) size 570x20 [color=#008000]
                RenderText {#text} at (0,0) size 197x19
                  text run at (0,0) width 197: "This sentence should be green."
              RenderBlock {P} at (4,40) size 570x20
                RenderText {#text} at (0,0) size 570x19
                  text run at (0,0) width 570: "This sentence should be black, not red-- class selectors cannot begin with digits in CSS1."
              RenderBlock {P} at (4,76) size 570x20 [color=#008000]
                RenderText {#text} at (0,0) size 197x19
                  text run at (0,0) width 197: "This sentence should be green."
              RenderBlock {P} at (4,112) size 570x20 [color=#800080]
                RenderText {#text} at (0,0) size 203x19
                  text run at (0,0) width 203: "This sentence should be purple."
              RenderBlock {PRE} at (4,148) size 570x15
                RenderText {#text} at (0,0) size 274x15
                  text run at (0,0) width 274: "This sentence should NOT be purple."
                  text run at (273,0) width 1: " "
              RenderBlock {UL} at (4,179) size 570x20
                RenderListItem {LI} at (40,0) size 530x20
                  RenderListMarker at (-18,0) size 7x19: bullet
                  RenderText {#text} at (0,0) size 240x19
                    text run at (0,0) width 240: "This sentence should NOT be purple."
