layer at (0,0) size 800x906
  RenderView at (0,0) size 800x600
layer at (0,0) size 800x906
  RenderBlock {HTML} at (0,0) size 800x906
    RenderBody {BODY} at (8,8) size 784x890 [bgcolor=#CCCCCC]
      RenderBlock {P} at (0,0) size 784x20
        RenderText {#text} at (0,0) size 363x19
          text run at (0,0) width 363: "The style declarations which apply to the text below are:"
      RenderBlock {PRE} at (0,36) size 784x225
        RenderText {#text} at (0,0) size 328x225
          text run at (0,0) width 227: "/* This is a CSS1 comment. */"
          text run at (226,0) width 1: " "
          text run at (0,15) width 328: ".one {color: green;} /* Another comment */"
          text run at (327,15) width 1: " "
          text run at (0,30) width 281: "/* The following should not be used:"
          text run at (280,30) width 1: " "
          text run at (0,45) width 164: ".two {color: red;} */"
          text run at (163,45) width 1: " "
          text run at (0,60) width 313: ".three {color: green; /* color: red; */}"
          text run at (312,60) width 1: " "
          text run at (0,75) width 24: "/**"
          text run at (23,75) width 1: " "
          text run at (0,90) width 172: ".four {color: red;} */"
          text run at (171,90) width 1: " "
          text run at (0,105) width 164: ".five {color: green;}"
          text run at (163,105) width 1: " "
          text run at (0,120) width 32: "/**/"
          text run at (31,120) width 1: " "
          text run at (0,135) width 157: ".six {color: green;}"
          text run at (156,135) width 1: " "
          text run at (0,150) width 86: "/*********/"
          text run at (85,150) width 1: " "
          text run at (0,165) width 172: ".seven {color: green;}"
          text run at (171,165) width 1: " "
          text run at (0,180) width 125: "/* a comment **/"
          text run at (124,180) width 1: " "
          text run at (0,195) width 172: ".eight {color: green;}"
          text run at (171,195) width 1: " "
          text run at (0,210) width 0: " "
      RenderBlock {HR} at (0,274) size 784x2 [border: (1px inset #000000)]
      RenderBlock {P} at (0,292) size 784x20 [color=#008000]
        RenderText {#text} at (0,0) size 197x19
          text run at (0,0) width 197: "This sentence should be green."
      RenderBlock {P} at (0,328) size 784x20
        RenderText {#text} at (0,0) size 196x19
          text run at (0,0) width 196: "This sentence should be black."
      RenderBlock {P} at (0,364) size 784x20 [color=#008000]
        RenderText {#text} at (0,0) size 197x19
          text run at (0,0) width 197: "This sentence should be green."
      RenderBlock {P} at (0,400) size 784x20
        RenderText {#text} at (0,0) size 196x19
          text run at (0,0) width 196: "This sentence should be black."
      RenderBlock {P} at (0,436) size 784x20 [color=#008000]
        RenderText {#text} at (0,0) size 197x19
          text run at (0,0) width 197: "This sentence should be green."
      RenderBlock {P} at (0,472) size 784x20 [color=#008000]
        RenderText {#text} at (0,0) size 197x19
          text run at (0,0) width 197: "This sentence should be green."
      RenderBlock {P} at (0,508) size 784x20 [color=#008000]
        RenderText {#text} at (0,0) size 197x19
          text run at (0,0) width 197: "This sentence should be green."
      RenderBlock {P} at (0,544) size 784x20 [color=#008000]
        RenderText {#text} at (0,0) size 197x19
          text run at (0,0) width 197: "This sentence should be green."
      RenderTable {TABLE} at (0,580) size 219x310 [border: (1px outset #808080)]
        RenderTableSection {TBODY} at (1,1) size 217x308
          RenderTableRow {TR} at (0,0) size 217x28
            RenderTableCell {TD} at (0,0) size 217x28 [bgcolor=#C0C0C0] [border: (1px inset #808080)] [r=0 c=0 rs=1 cs=2]
              RenderInline {STRONG} at (0,0) size 163x19
                RenderText {#text} at (4,4) size 163x19
                  text run at (4,4) width 163: "TABLE Testing Section"
          RenderTableRow {TR} at (0,28) size 217x280
            RenderTableCell {TD} at (0,154) size 12x28 [bgcolor=#C0C0C0] [border: (1px inset #808080)] [r=1 c=0 rs=1 cs=1]
              RenderText {#text} at (4,4) size 4x19
                text run at (4,4) width 4: " "
            RenderTableCell {TD} at (12,28) size 205x280 [border: (1px inset #808080)] [r=1 c=1 rs=1 cs=1]
              RenderBlock {P} at (4,4) size 197x20 [color=#008000]
                RenderText {#text} at (0,0) size 197x19
                  text run at (0,0) width 197: "This sentence should be green."
              RenderBlock {P} at (4,40) size 197x20
                RenderText {#text} at (0,0) size 196x19
                  text run at (0,0) width 196: "This sentence should be black."
              RenderBlock {P} at (4,76) size 197x20 [color=#008000]
                RenderText {#text} at (0,0) size 197x19
                  text run at (0,0) width 197: "This sentence should be green."
              RenderBlock {P} at (4,112) size 197x20
                RenderText {#text} at (0,0) size 196x19
                  text run at (0,0) width 196: "This sentence should be black."
              RenderBlock {P} at (4,148) size 197x20 [color=#008000]
                RenderText {#text} at (0,0) size 197x19
                  text run at (0,0) width 197: "This sentence should be green."
              RenderBlock {P} at (4,184) size 197x20 [color=#008000]
                RenderText {#text} at (0,0) size 197x19
                  text run at (0,0) width 197: "This sentence should be green."
              RenderBlock {P} at (4,220) size 197x20 [color=#008000]
                RenderText {#text} at (0,0) size 197x19
                  text run at (0,0) width 197: "This sentence should be green."
              RenderBlock {P} at (4,256) size 197x20 [color=#008000]
                RenderText {#text} at (0,0) size 197x19
                  text run at (0,0) width 197: "This sentence should be green."
