layer at (0,0) size 800x600
  RenderView at (0,0) size 800x600
layer at (0,0) size 800x292
  RenderBlock {HTML} at (0,0) size 800x292
    RenderBody {BODY} at (8,16) size 784x268
      RenderBlock {P} at (0,0) size 784x17
        RenderInline {A} at (0,0) size 305x17 [color=#0000EE]
          RenderText {#text} at (0,0) size 305x17
            text run at (0,0) width 305: "https://bugs.webkit.org/show_bug.cgi?id=26095"
      RenderBlock {P} at (0,33) size 784x17
        RenderText {#text} at (0,0) size 388x17
          text run at (0,0) width 388: "Tests that a 3D transform on a generated node does not crash."
      RenderBlock {DIV} at (0,66) size 202x202 [border: (1px solid #000000)]
layer at (9,83) size 200x200
  RenderBlock (generated) at (1,1) size 200x200
    RenderText at (0,0) size 65x17
      text run at (0,0) width 65: "Generated"
