layer at (0,0) size 785x2758
  RenderView at (0,0) size 785x600
layer at (0,0) size 785x2758
  RenderBlock {HTML} at (0,0) size 785x2758
    RenderBody {BODY} at (8,8) size 769x2742 [bgcolor=#CCCCCC]
      RenderBlock {P} at (0,0) size 769x17
        RenderText {#text} at (0,0) size 355x17
          text run at (0,0) width 355: "The style declarations which apply to the text below are:"
      RenderBlock {PRE} at (0,33) size 769x300
        RenderText {#text} at (0,0) size 224x300
          text run at (0,0) width 200: ".one {font-size: medium;}"
          text run at (0,15) width 200: ".two {font-size: larger;}"
          text run at (0,30) width 224: ".three {font-size: smaller;}"
          text run at (0,45) width 224: ".four {font-size: xx-small;}"
          text run at (0,60) width 216: ".five {font-size: x-small;}"
          text run at (0,75) width 192: ".six {font-size: small;}"
          text run at (0,90) width 208: ".seven {font-size: large;}"
          text run at (0,105) width 224: ".eight {font-size: x-large;}"
          text run at (0,120) width 224: ".nine {font-size: xx-large;}"
          text run at (0,135) width 176: ".a {font-size: 0.5in;}"
          text run at (0,150) width 160: ".b {font-size: 1cm;}"
          text run at (0,165) width 168: ".c {font-size: 10mm;}"
          text run at (0,180) width 168: ".d {font-size: 18pt;}"
          text run at (0,195) width 176: ".e {font-size: 1.5pc;}"
          text run at (0,210) width 160: ".f {font-size: 2em;}"
          text run at (0,225) width 160: ".g {font-size: 3ex;}"
          text run at (0,240) width 168: ".h {font-size: 25px;}"
          text run at (0,255) width 168: ".i {font-size: 200%;}"
          text run at (0,270) width 184: ".j {font-size: -0.5in;}"
          text run at (0,285) width 0: " "
      RenderBlock {HR} at (0,346) size 769x2 [border: (1px inset #000000)]
      RenderBlock {P} at (0,364) size 769x17
        RenderText {#text} at (0,0) size 688x17
          text run at (0,0) width 688: "This paragraph element is unstyled, so the size of the font in this element is the default size for this user agent."
      RenderBlock {P} at (0,397) size 769x18
        RenderText {#text} at (0,0) size 186x17
          text run at (0,0) width 186: "This sentence has been set to "
        RenderInline {CODE} at (0,0) size 48x15
          RenderText {#text} at (186,3) size 48x15
            text run at (186,3) width 48: "medium"
        RenderText {#text} at (234,0) size 361x17
          text run at (234,0) width 361: ", which may or may not be the same size as unstyled text."
      RenderBlock {P} at (0,434) size 769x22
        RenderText {#text} at (0,0) size 377x21
          text run at (0,0) width 377: "This sentence should be larger than unstyled text."
      RenderBlock {P} at (0,474) size 769x16
        RenderText {#text} at (0,0) size 276x15
          text run at (0,0) width 276: "This sentence should be smaller than unstyled text."
      RenderBlock {P} at (0,502) size 769x18
        RenderText {#text} at (0,6) size 305x10
          text run at (0,6) width 305: "This sentence should be very small, but the last word in the sentence should be "
        RenderInline {SPAN} at (0,0) size 51x17
          RenderText {#text} at (305,0) size 51x17
            text run at (305,0) width 51: "medium"
        RenderText {#text} at (356,6) size 2x10
          text run at (356,6) width 2: "."
      RenderBlock {P} at (0,529) size 769x18
        RenderText {#text} at (0,5) size 327x11
          text run at (0,5) width 327: "This sentence should be rather small, but the last word in the sentence should be "
        RenderInline {SPAN} at (0,0) size 51x17
          RenderText {#text} at (327,0) size 51x17
            text run at (327,0) width 51: "medium"
        RenderText {#text} at (378,5) size 3x11
          text run at (378,5) width 3: "."
      RenderBlock {P} at (0,559) size 769x18
        RenderText {#text} at (0,2) size 401x15
          text run at (0,2) width 401: "This sentence should be small, but the last word in the sentence should be "
        RenderInline {SPAN} at (0,0) size 51x17
          RenderText {#text} at (401,0) size 51x17
            text run at (401,0) width 51: "medium"
        RenderText {#text} at (452,2) size 3x15
          text run at (452,2) width 3: "."
      RenderBlock {P} at (0,594) size 769x21
        RenderText {#text} at (0,0) size 540x20
          text run at (0,0) width 540: "This sentence should be large, but the last word in the sentence should be "
        RenderInline {SPAN} at (0,0) size 51x17
          RenderText {#text} at (540,2) size 51x17
            text run at (540,2) width 51: "medium"
        RenderText {#text} at (591,0) size 5x20
          text run at (591,0) width 5: "."
      RenderBlock {P} at (0,638) size 769x53
        RenderText {#text} at (0,0) size 745x52
          text run at (0,0) width 745: "This sentence should be rather large, but the last word in the sentence should"
          text run at (0,26) width 29: "be "
        RenderInline {SPAN} at (0,0) size 51x17
          RenderText {#text} at (29,33) size 51x17
            text run at (29,33) width 51: "medium"
        RenderText {#text} at (80,26) size 6x26
          text run at (80,26) width 6: "."
      RenderBlock {P} at (0,722) size 769x73
        RenderText {#text} at (0,0) size 752x72
          text run at (0,0) width 752: "This sentence should be very large, but the last word in the"
          text run at (0,36) width 248: "sentence should be "
        RenderInline {SPAN} at (0,0) size 51x17
          RenderText {#text} at (248,51) size 51x17
            text run at (248,51) width 51: "medium"
        RenderText {#text} at (299,36) size 8x36
          text run at (299,36) width 8: "."
      RenderBlock {P} at (0,842) size 769x107
        RenderText {#text} at (0,0) size 695x106
          text run at (0,0) width 695: "This sentence should be half an inch"
          text run at (0,53) width 72: "tall."
      RenderBlock {P} at (0,996) size 769x43
        RenderText {#text} at (0,0) size 676x42
          text run at (0,0) width 676: "This sentence should be one centimeter tall."
      RenderBlock {P} at (0,1076) size 769x43
        RenderText {#text} at (0,0) size 682x42
          text run at (0,0) width 682: "This sentence should be ten millimeters tall."
      RenderBlock {P} at (0,1156) size 769x27
        RenderText {#text} at (0,0) size 430x26
          text run at (0,0) width 430: "This sentence should be eighteen points tall."
      RenderBlock {P} at (0,1206) size 769x27
        RenderText {#text} at (0,0) size 499x26
          text run at (0,0) width 499: "This sentence should be one and one half picas tall."
      RenderBlock {P} at (0,1264) size 769x37
        RenderText {#text} at (0,0) size 465x36
          text run at (0,0) width 465: "This sentence should be two em tall."
      RenderBlock {P} at (0,1332) size 769x27
        RenderText {#text} at (0,0) size 360x26
          text run at (0,0) width 360: "This sentence should be three ex tall."
      RenderBlock {P} at (0,1383) size 769x28
        RenderText {#text} at (0,0) size 476x27
          text run at (0,0) width 476: "This sentence should be twenty-five pixels tall."
      RenderBlock {P} at (0,1442) size 769x37
        RenderText {#text} at (0,0) size 546x36
          text run at (0,0) width 546: "This sentence should be twice normal size."
      RenderBlock {P} at (0,1510) size 769x18
        RenderText {#text} at (0,0) size 673x17
          text run at (0,0) width 673: "This sentence should be normal size, since no negative values are allowed and therefore should be ignored."
      RenderTable {TABLE} at (0,1543) size 769x1199 [border: (1px outset #808080)]
        RenderTableSection {TBODY} at (1,1) size 767x1197
          RenderTableRow {TR} at (0,0) size 767x25
            RenderTableCell {TD} at (0,0) size 767x25 [bgcolor=#C0C0C0] [border: (1px inset #808080)] [r=0 c=0 rs=1 cs=2]
              RenderInline {STRONG} at (0,0) size 163x17
                RenderText {#text} at (4,4) size 163x17
                  text run at (4,4) width 163: "TABLE Testing Section"
          RenderTableRow {TR} at (0,25) size 767x1172
            RenderTableCell {TD} at (0,598) size 12x26 [bgcolor=#C0C0C0] [border: (1px inset #808080)] [r=1 c=0 rs=1 cs=1]
              RenderText {#text} at (4,3) size 4x18
                text run at (4,4) width 4: " "
            RenderTableCell {TD} at (12,25) size 755x1172 [border: (1px inset #808080)] [r=1 c=1 rs=1 cs=1]
              RenderBlock {P} at (4,4) size 747x17
                RenderText {#text} at (0,0) size 688x17
                  text run at (0,0) width 688: "This paragraph element is unstyled, so the size of the font in this element is the default size for this user agent."
              RenderBlock {P} at (4,37) size 747x18
                RenderText {#text} at (0,0) size 186x17
                  text run at (0,0) width 186: "This sentence has been set to "
                RenderInline {CODE} at (0,0) size 48x15
                  RenderText {#text} at (186,3) size 48x15
                    text run at (186,3) width 48: "medium"
                RenderText {#text} at (234,0) size 361x17
                  text run at (234,0) width 361: ", which may or may not be the same size as unstyled text."
              RenderBlock {P} at (4,74) size 747x22
                RenderText {#text} at (0,0) size 377x21
                  text run at (0,0) width 377: "This sentence should be larger than unstyled text."
              RenderBlock {P} at (4,114) size 747x16
                RenderText {#text} at (0,0) size 276x15
                  text run at (0,0) width 276: "This sentence should be smaller than unstyled text."
              RenderBlock {P} at (4,142) size 747x18
                RenderText {#text} at (0,6) size 305x10
                  text run at (0,6) width 305: "This sentence should be very small, but the last word in the sentence should be "
                RenderInline {SPAN} at (0,0) size 51x17
                  RenderText {#text} at (305,0) size 51x17
                    text run at (305,0) width 51: "medium"
                RenderText {#text} at (356,6) size 2x10
                  text run at (356,6) width 2: "."
              RenderBlock {P} at (4,169) size 747x18
                RenderText {#text} at (0,5) size 327x11
                  text run at (0,5) width 327: "This sentence should be rather small, but the last word in the sentence should be "
                RenderInline {SPAN} at (0,0) size 51x17
                  RenderText {#text} at (327,0) size 51x17
                    text run at (327,0) width 51: "medium"
                RenderText {#text} at (378,5) size 3x11
                  text run at (378,5) width 3: "."
              RenderBlock {P} at (4,199) size 747x18
                RenderText {#text} at (0,2) size 401x15
                  text run at (0,2) width 401: "This sentence should be small, but the last word in the sentence should be "
                RenderInline {SPAN} at (0,0) size 51x17
                  RenderText {#text} at (401,0) size 51x17
                    text run at (401,0) width 51: "medium"
                RenderText {#text} at (452,2) size 3x15
                  text run at (452,2) width 3: "."
              RenderBlock {P} at (4,234) size 747x21
                RenderText {#text} at (0,0) size 540x20
                  text run at (0,0) width 540: "This sentence should be large, but the last word in the sentence should be "
                RenderInline {SPAN} at (0,0) size 51x17
                  RenderText {#text} at (540,2) size 51x17
                    text run at (540,2) width 51: "medium"
                RenderText {#text} at (591,0) size 5x20
                  text run at (591,0) width 5: "."
              RenderBlock {P} at (4,278) size 747x53
                RenderText {#text} at (0,0) size 745x52
                  text run at (0,0) width 745: "This sentence should be rather large, but the last word in the sentence should"
                  text run at (0,26) width 29: "be "
                RenderInline {SPAN} at (0,0) size 51x17
                  RenderText {#text} at (29,33) size 51x17
                    text run at (29,33) width 51: "medium"
                RenderText {#text} at (80,26) size 6x26
                  text run at (80,26) width 6: "."
              RenderBlock {P} at (4,362) size 747x73
                RenderText {#text} at (0,0) size 705x72
                  text run at (0,0) width 705: "This sentence should be very large, but the last word in"
                  text run at (0,36) width 295: "the sentence should be "
                RenderInline {SPAN} at (0,0) size 51x17
                  RenderText {#text} at (295,51) size 51x17
                    text run at (295,51) width 51: "medium"
                RenderText {#text} at (346,36) size 8x36
                  text run at (346,36) width 8: "."
              RenderBlock {P} at (4,482) size 747x107
                RenderText {#text} at (0,0) size 695x106
                  text run at (0,0) width 695: "This sentence should be half an inch"
                  text run at (0,53) width 72: "tall."
              RenderBlock {P} at (4,636) size 747x43
                RenderText {#text} at (0,0) size 676x42
                  text run at (0,0) width 676: "This sentence should be one centimeter tall."
              RenderBlock {P} at (4,716) size 747x43
                RenderText {#text} at (0,0) size 682x42
                  text run at (0,0) width 682: "This sentence should be ten millimeters tall."
              RenderBlock {P} at (4,796) size 747x27
                RenderText {#text} at (0,0) size 430x26
                  text run at (0,0) width 430: "This sentence should be eighteen points tall."
              RenderBlock {P} at (4,846) size 747x27
                RenderText {#text} at (0,0) size 499x26
                  text run at (0,0) width 499: "This sentence should be one and one half picas tall."
              RenderBlock {P} at (4,904) size 747x37
                RenderText {#text} at (0,0) size 465x36
                  text run at (0,0) width 465: "This sentence should be two em tall."
              RenderBlock {P} at (4,972) size 747x27
                RenderText {#text} at (0,0) size 360x26
                  text run at (0,0) width 360: "This sentence should be three ex tall."
              RenderBlock {P} at (4,1023) size 747x28
                RenderText {#text} at (0,0) size 476x27
                  text run at (0,0) width 476: "This sentence should be twenty-five pixels tall."
              RenderBlock {P} at (4,1082) size 747x37
                RenderText {#text} at (0,0) size 546x36
                  text run at (0,0) width 546: "This sentence should be twice normal size."
              RenderBlock {P} at (4,1150) size 747x18
                RenderText {#text} at (0,0) size 673x17
                  text run at (0,0) width 673: "This sentence should be normal size, since no negative values are allowed and therefore should be ignored."
