layer at (0,0) size 800x600
  RenderView at (0,0) size 800x600
layer at (0,0) size 800x93
  RenderBlock {HTML} at (0,0) size 800x93
    RenderBody {BODY} at (8,8) size 784x77
      RenderAttachment {ATTACHMENT} at (0,0) size 74x77
      RenderText {#text} at (74,54) size 4x18
        text run at (74,54) width 4: " "
      RenderAttachment {ATTACHMENT} at (78,0) size 74x77
      RenderText {#text} at (152,54) size 4x18
        text run at (152,54) width 4: " "
      RenderAttachment {ATTACHMENT} at (156,0) size 74x77
      RenderText {#text} at (230,54) size 4x18
        text run at (230,54) width 4: " "
      RenderAttachment {ATTACHMENT} at (234,0) size 74x77
      RenderText {#text} at (308,54) size 4x18
        text run at (308,54) width 4: " "
      RenderAttachment {ATTACHMENT} at (312,0) size 74x77
      RenderText {#text} at (386,54) size 4x18
        text run at (386,54) width 4: " "
      RenderAttachment {ATTACHMENT} at (390,0) size 74x77
      RenderText {#text} at (464,54) size 4x18
        text run at (464,54) width 4: " "
      RenderAttachment {ATTACHMENT} at (468,0) size 74x77
      RenderText {#text} at (542,54) size 4x18
        text run at (542,54) width 4: " "
      RenderAttachment {ATTACHMENT} at (546,0) size 74x77
      RenderText {#text} at (0,0) size 0x0
      RenderText {#text} at (0,0) size 0x0
