layer at (0,0) size 800x600
  RenderView at (0,0) size 800x600
layer at (0,0) size 800x600
  RenderBlock {HTML} at (0,0) size 800x600
    RenderBody {BODY} at (8,8) size 784x584
      RenderBlock {P} at (0,0) size 784x20
        RenderText {#text} at (0,0) size 733x19
          text run at (0,0) width 733: "The word \"PASSED\" should be shown below with a cirlce before and a square after. This is a test for WebKit bug "
        RenderInline {A} at (0,0) size 40x19 [color=#0000EE]
          RenderText {#text} at (732,0) size 40x19
            text run at (732,0) width 40: "11197"
        RenderText {#text} at (771,0) size 5x19
          text run at (771,0) width 5: "."
      RenderBlock (anonymous) at (0,36) size 784x16
        RenderInline {CODE} at (0,0) size 65x14
          RenderInline (generated) at (0,0) size 5x14
            RenderCounter at (0,2) size 5x14
              text run at (0,2) width 5: "\x{25E6}"
          RenderText {#text} at (4,2) size 48x14
            text run at (4,2) width 48: "PASSED"
          RenderInline (generated) at (0,0) size 14x14
            RenderCounter at (51,2) size 14x14
              text run at (51,2) width 14: "\x{25A0}"
        RenderText {#text} at (0,0) size 0x0
