layer at (0,0) size 800x600
  RenderView at (0,0) size 800x600
layer at (0,0) size 800x600
  RenderBlock {HTML} at (0,0) size 800x600
    RenderBody {BODY} at (8,8) size 784x576
      RenderBlock {FORM} at (0,0) size 784x46
        RenderText {#text} at (139,23) size 4x19
          text run at (139,23) width 4: " "
        RenderText {#text} at (282,23) size 4x19
          text run at (282,23) width 4: " "
        RenderButton {INPUT} at (288,24) size 53x20 [bgcolor=#FFFFFF02] [border: (1px solid #4C4C4C)]
          RenderBlock (anonymous) at (12,3) size 29x14
            RenderText at (0,0) size 29x14
              text run at (0,0) width 29: "Reset"
        RenderText {#text} at (0,0) size 0x0
      RenderBlock {P} at (0,62) size 784x80
        RenderText {#text} at (0,0) size 369x19
          text run at (0,0) width 369: "This test verifies that textarea controls are properly reset. "
        RenderBR {BR} at (368,15) size 1x0
        RenderText {#text} at (0,20) size 474x19
          text run at (0,20) width 474: "You should see two element IDs below, and the word \"SUCCESS\" twice: "
        RenderBR {BR} at (473,35) size 1x0
        RenderText {#text} at (0,40) size 174x19
          text run at (0,40) width 174: "noDefaultText: SUCCESS "
        RenderBR {BR} at (173,55) size 1x0
        RenderText {#text} at (0,60) size 176x19
          text run at (0,60) width 176: "hasDefaultText: SUCCESS"
layer at (10,10) size 135x34 clip at (11,11) size 133x32
  RenderTextControl {TEXTAREA} at (2,2) size 135x34 [bgcolor=#FFFFFF] [border: (1px solid #4C4C4C)]
    RenderBlock {DIV} at (3,3) size 129x14
layer at (153,10) size 135x34 clip at (154,11) size 133x32
  RenderTextControl {TEXTAREA} at (145,2) size 135x34 [bgcolor=#FFFFFF] [border: (1px solid #4C4C4C)]
    RenderBlock {DIV} at (3,3) size 129x14
      RenderText {#text} at (3,0) size 59x14
        text run at (3,0) width 59: "Default Text"
