layer at (0,0) size 800x600
  RenderView at (0,0) size 800x600
layer at (0,0) size 800x304
  RenderBlock {HTML} at (0,0) size 800x304
    RenderBody {BODY} at (8,16) size 784x280
      RenderBlock {P} at (0,0) size 784x34
        RenderText {#text} at (0,0) size 784x34
          text run at (0,0) width 784: "Test passes if there is a rounded border with purple dots on the top, green on the right side, blue on the bottom side, and grey"
          text run at (0,17) width 96: "on the left side."
      RenderBlock {DIV} at (0,50) size 230x230 [border: (19px dotted #800080) (19px dotted #008000) (19px dotted #0000FF) (19px dotted #808080)]
