layer at (0,0) size 800x600
  RenderView at (0,0) size 800x600
layer at (0,0) size 800x337
  RenderBlock {HTML} at (0,0) size 800x337
    RenderBody {BODY} at (8,16) size 784x311
      RenderBlock {P} at (0,0) size 784x17
        RenderText {#text} at (0,0) size 260x17
          text run at (0,0) width 260: "Test passes if the two boxes are identical."
      RenderBlock {DIV} at (10,33) size 134x134 [border: (19px solid #000000)]
      RenderBlock {DIV} at (10,177) size 134x134 [border: (19px solid #000000)]
