layer at (0,0) size 785x5234
  RenderView at (0,0) size 785x600
layer at (0,0) size 785x5234
  RenderBlock {HTML} at (0,0) size 785x5234
    RenderBody {BODY} at (8,8) size 769x5218
      RenderBlock (anonymous) at (0,0) size 769x17
        RenderText {#text} at (0,0) size 517x17
          text run at (0,0) width 517: "this fixes a bug - 5.0 allocates colspans from right to left - Nav4.6 goes left to right"
      RenderTable {TABLE} at (0,17) size 272x73 [border: (1px outset #808080)]
        RenderTableSection {TBODY} at (1,1) size 270x71
          RenderTableRow {TR} at (0,2) size 270x21
            RenderTableCell {TD} at (2,2) size 182x21 [border: (1px inset #808080)] [r=0 c=0 rs=1 cs=3]
              RenderText {#text} at (2,2) size 96x17
                text run at (2,2) width 96: "xxxxxxxxxxxx"
            RenderTableCell {TD} at (185,2) size 84x21 [border: (1px inset #808080)] [r=0 c=3 rs=1 cs=1]
              RenderText {#text} at (2,2) size 8x17
                text run at (2,2) width 8: "y"
          RenderTableRow {TR} at (0,25) size 270x21
            RenderTableCell {TD} at (2,25) size 12x21 [border: (1px inset #808080)] [r=1 c=0 rs=1 cs=1]
              RenderText {#text} at (2,2) size 8x17
                text run at (2,2) width 8: "x"
            RenderTableCell {TD} at (16,25) size 83x21 [border: (1px inset #808080)] [r=1 c=1 rs=1 cs=1]
              RenderText {#text} at (2,2) size 8x17
                text run at (2,2) width 8: "x"
            RenderTableCell {TD} at (100,25) size 84x21 [border: (1px inset #808080)] [r=1 c=2 rs=1 cs=1]
              RenderText {#text} at (2,2) size 8x17
                text run at (2,2) width 8: "x"
            RenderTableCell {TD} at (185,25) size 84x21 [border: (1px inset #808080)] [r=1 c=3 rs=1 cs=1]
              RenderText {#text} at (2,2) size 8x17
                text run at (2,2) width 8: "y"
          RenderTableRow {TR} at (0,48) size 270x21
            RenderTableCell {TD} at (2,48) size 12x21 [border: (1px inset #808080)] [r=2 c=0 rs=1 cs=1]
              RenderText {#text} at (2,2) size 8x17
                text run at (2,2) width 8: "x"
            RenderTableCell {TD} at (16,48) size 253x21 [border: (1px inset #808080)] [r=2 c=1 rs=1 cs=3]
              RenderText {#text} at (2,2) size 248x17
                text run at (2,2) width 248: "yyyyyyyyyyyyyyyyyyyyyyyyyyyyyyy"
      RenderBlock (anonymous) at (0,90) size 769x34
        RenderBR {BR} at (0,0) size 0x17
        RenderText {#text} at (0,17) size 536x17
          text run at (0,17) width 536: "this is like the previous one except the relative sizes of the colspan content is reversed"
      RenderTable {TABLE} at (0,124) size 311x73 [bgcolor=#00FF00] [border: (1px outset #808080)]
        RenderTableSection {TBODY} at (1,1) size 309x71
          RenderTableRow {TR} at (0,2) size 309x21
            RenderTableCell {TD} at (2,2) size 269x21 [border: (1px inset #808080)] [r=0 c=0 rs=1 cs=3]
              RenderText {#text} at (2,2) size 264x17
                text run at (2,2) width 264: "xxxxxxxxxxxxxxxxxxxxxxxxxxxxxxxxx"
            RenderTableCell {TD} at (272,2) size 35x21 [border: (1px inset #808080)] [r=0 c=3 rs=1 cs=1]
              RenderText {#text} at (2,2) size 8x17
                text run at (2,2) width 8: "y"
          RenderTableRow {TR} at (0,25) size 309x21
            RenderTableCell {TD} at (2,25) size 39x21 [border: (1px inset #808080)] [r=1 c=0 rs=1 cs=1]
              RenderText {#text} at (2,2) size 8x17
                text run at (2,2) width 8: "x"
            RenderTableCell {TD} at (42,25) size 114x21 [border: (1px inset #808080)] [r=1 c=1 rs=1 cs=1]
              RenderText {#text} at (2,2) size 8x17
                text run at (2,2) width 8: "x"
            RenderTableCell {TD} at (157,25) size 114x21 [border: (1px inset #808080)] [r=1 c=2 rs=1 cs=1]
              RenderText {#text} at (2,2) size 8x17
                text run at (2,2) width 8: "x"
            RenderTableCell {TD} at (272,25) size 35x21 [border: (1px inset #808080)] [r=1 c=3 rs=1 cs=1]
              RenderText {#text} at (2,2) size 8x17
                text run at (2,2) width 8: "y"
          RenderTableRow {TR} at (0,48) size 309x21
            RenderTableCell {TD} at (2,48) size 39x21 [border: (1px inset #808080)] [r=2 c=0 rs=1 cs=1]
              RenderText {#text} at (2,2) size 8x17
                text run at (2,2) width 8: "x"
            RenderTableCell {TD} at (42,48) size 265x21 [border: (1px inset #808080)] [r=2 c=1 rs=1 cs=3]
              RenderText {#text} at (2,2) size 104x17
                text run at (2,2) width 104: "yyyyyyyyyyyyy"
      RenderBlock (anonymous) at (0,197) size 769x17
        RenderBR {BR} at (0,0) size 0x17
      RenderTable {TABLE} at (0,214) size 90x50 [border: (1px outset #808080)]
        RenderTableSection {TBODY} at (1,1) size 88x48
          RenderTableRow {TR} at (0,2) size 88x21
            RenderTableCell {TD} at (2,2) size 84x21 [border: (1px inset #808080)] [r=0 c=0 rs=1 cs=2]
              RenderText {#text} at (2,2) size 80x17
                text run at (2,2) width 80: "xxxxxxxxxx"
          RenderTableRow {TR} at (0,25) size 88x21
            RenderTableCell {TD} at (2,25) size 41x21 [border: (1px inset #808080)] [r=1 c=0 rs=1 cs=1]
              RenderText {#text} at (2,2) size 16x17
                text run at (2,2) width 16: "xx"
            RenderTableCell {TD} at (45,25) size 41x21 [border: (1px inset #808080)] [r=1 c=1 rs=1 cs=1]
              RenderText {#text} at (2,2) size 16x17
                text run at (2,2) width 16: "xx"
      RenderBlock (anonymous) at (0,264) size 769x17
        RenderBR {BR} at (0,0) size 0x17
      RenderTable {TABLE} at (0,281) size 286x73 [bgcolor=#FF0000] [border: (1px outset #808080)]
        RenderTableSection {TBODY} at (1,1) size 284x71
          RenderTableRow {TR} at (0,2) size 284x21
            RenderTableCell {TD} at (2,2) size 153x21 [border: (1px inset #808080)] [r=0 c=0 rs=1 cs=3]
              RenderText {#text} at (2,2) size 48x17
                text run at (2,2) width 48: "xxxxxx"
            RenderTableCell {TD} at (157,2) size 125x21 [border: (1px inset #808080)] [r=0 c=3 rs=1 cs=1]
              RenderText {#text} at (2,2) size 8x17
                text run at (2,2) width 8: "y"
          RenderTableRow {TR} at (0,25) size 284x21
            RenderTableCell {TD} at (2,25) size 12x21 [border: (1px inset #808080)] [r=1 c=0 rs=1 cs=1]
              RenderText {#text} at (2,2) size 8x17
                text run at (2,2) width 8: "x"
            RenderTableCell {TD} at (16,25) size 12x21 [border: (1px inset #808080)] [r=1 c=1 rs=1 cs=1]
              RenderText {#text} at (2,2) size 8x17
                text run at (2,2) width 8: "x"
            RenderTableCell {TD} at (30,25) size 125x21 [border: (1px inset #808080)] [r=1 c=2 rs=1 cs=1]
              RenderText {#text} at (2,2) size 8x17
                text run at (2,2) width 8: "x"
            RenderTableCell {TD} at (157,25) size 125x21 [border: (1px inset #808080)] [r=1 c=3 rs=1 cs=1]
              RenderText {#text} at (2,2) size 8x17
                text run at (2,2) width 8: "y"
          RenderTableRow {TR} at (0,48) size 284x21
            RenderTableCell {TD} at (2,48) size 12x21 [border: (1px inset #808080)] [r=2 c=0 rs=1 cs=1]
              RenderText {#text} at (2,2) size 8x17
                text run at (2,2) width 8: "x"
            RenderTableCell {TD} at (16,48) size 12x21 [border: (1px inset #808080)] [r=2 c=1 rs=1 cs=1]
              RenderText {#text} at (2,2) size 8x17
                text run at (2,2) width 8: "x"
            RenderTableCell {TD} at (30,48) size 252x21 [border: (1px inset #808080)] [r=2 c=2 rs=1 cs=2]
              RenderText {#text} at (2,2) size 248x17
                text run at (2,2) width 248: "yyyyyyyyyyyyyyyyyyyyyyyyyyyyyyy"
      RenderBlock (anonymous) at (0,354) size 769x17
        RenderBR {BR} at (0,0) size 0x17
      RenderTable {TABLE} at (0,371) size 272x73 [border: (1px outset #808080)]
        RenderTableSection {TBODY} at (1,1) size 270x71
          RenderTableRow {TR} at (0,2) size 270x21
            RenderTableCell {TD} at (2,2) size 182x21 [border: (1px inset #808080)] [r=0 c=0 rs=1 cs=3]
              RenderText {#text} at (2,2) size 48x17
                text run at (2,2) width 48: "xxxxxx"
            RenderTableCell {TD} at (185,2) size 84x21 [border: (1px inset #808080)] [r=0 c=3 rs=1 cs=1]
              RenderText {#text} at (2,2) size 8x17
                text run at (2,2) width 8: "y"
          RenderTableRow {TR} at (0,25) size 270x21
            RenderTableCell {TD} at (2,25) size 12x21 [border: (1px inset #808080)] [r=1 c=0 rs=1 cs=1]
              RenderText {#text} at (2,2) size 8x17
                text run at (2,2) width 8: "x"
            RenderTableCell {TD} at (16,25) size 83x21 [border: (1px inset #808080)] [r=1 c=1 rs=1 cs=1]
              RenderText {#text} at (2,2) size 8x17
                text run at (2,2) width 8: "x"
            RenderTableCell {TD} at (100,25) size 84x21 [border: (1px inset #808080)] [r=1 c=2 rs=1 cs=1]
              RenderText {#text} at (2,2) size 8x17
                text run at (2,2) width 8: "x"
            RenderTableCell {TD} at (185,25) size 84x21 [border: (1px inset #808080)] [r=1 c=3 rs=1 cs=1]
              RenderText {#text} at (2,2) size 8x17
                text run at (2,2) width 8: "y"
          RenderTableRow {TR} at (0,48) size 270x21
            RenderTableCell {TD} at (2,48) size 12x21 [border: (1px inset #808080)] [r=2 c=0 rs=1 cs=1]
              RenderText {#text} at (2,2) size 8x17
                text run at (2,2) width 8: "x"
            RenderTableCell {TD} at (16,48) size 253x21 [border: (1px inset #808080)] [r=2 c=1 rs=1 cs=3]
              RenderText {#text} at (2,2) size 248x17
                text run at (2,2) width 248: "yyyyyyyyyyyyyyyyyyyyyyyyyyyyyyy"
      RenderBlock (anonymous) at (0,444) size 769x17
        RenderBR {BR} at (0,0) size 0x17
      RenderTable {TABLE} at (0,461) size 272x73 [bgcolor=#FFA500] [border: (1px outset #808080)]
        RenderTableSection {TBODY} at (1,1) size 270x71
          RenderTableRow {TR} at (0,2) size 270x21
            RenderTableCell {TD} at (2,2) size 182x21 [border: (1px inset #808080)] [r=0 c=0 rs=1 cs=3]
              RenderText {#text} at (2,2) size 136x17
                text run at (2,2) width 136: "yyyyyyyyyyyyyyyyy"
            RenderTableCell {TD} at (185,2) size 84x21 [border: (1px inset #808080)] [r=0 c=3 rs=1 cs=1]
              RenderText {#text} at (2,2) size 8x17
                text run at (2,2) width 8: "y"
          RenderTableRow {TR} at (0,25) size 270x21
            RenderTableCell {TD} at (2,25) size 12x21 [border: (1px inset #808080)] [r=1 c=0 rs=1 cs=1]
              RenderText {#text} at (2,2) size 8x17
                text run at (2,2) width 8: "x"
            RenderTableCell {TD} at (16,25) size 83x21 [border: (1px inset #808080)] [r=1 c=1 rs=1 cs=1]
              RenderText {#text} at (2,2) size 8x17
                text run at (2,2) width 8: "x"
            RenderTableCell {TD} at (100,25) size 84x21 [border: (1px inset #808080)] [r=1 c=2 rs=1 cs=1]
              RenderText {#text} at (2,2) size 8x17
                text run at (2,2) width 8: "x"
            RenderTableCell {TD} at (185,25) size 84x21 [border: (1px inset #808080)] [r=1 c=3 rs=1 cs=1]
              RenderText {#text} at (2,2) size 8x17
                text run at (2,2) width 8: "y"
          RenderTableRow {TR} at (0,48) size 270x21
            RenderTableCell {TD} at (2,48) size 12x21 [border: (1px inset #808080)] [r=2 c=0 rs=1 cs=1]
              RenderText {#text} at (2,2) size 8x17
                text run at (2,2) width 8: "x"
            RenderTableCell {TD} at (16,48) size 253x21 [border: (1px inset #808080)] [r=2 c=1 rs=1 cs=3]
              RenderText {#text} at (2,2) size 248x17
                text run at (2,2) width 248: "yyyyyyyyyyyyyyyyyyyyyyyyyyyyyyy"
      RenderBlock (anonymous) at (0,534) size 769x17
        RenderBR {BR} at (0,0) size 0x17
      RenderTable {TABLE} at (0,551) size 164x50 [bgcolor=#FFFF00] [border: (1px outset #808080)]
        RenderTableSection {TBODY} at (1,1) size 162x48
          RenderTableRow {TR} at (0,2) size 162x21
            RenderTableCell {TD} at (2,2) size 158x21 [border: (1px inset #808080)] [r=0 c=0 rs=1 cs=3]
              RenderText {#text} at (2,2) size 136x17
                text run at (2,2) width 136: "xxxxxxxxxxxxxxxxx"
          RenderTableRow {TR} at (0,25) size 162x21
            RenderTableCell {TD} at (2,25) size 104x21 [border: (1px inset #808080)] [r=1 c=0 rs=1 cs=1]
              RenderText {#text} at (2,2) size 21x17
                text run at (2,2) width 21: "foo"
            RenderTableCell {TD} at (108,25) size 24x21 [border: (1px inset #808080)] [r=1 c=1 rs=1 cs=1]
              RenderText {#text} at (2,2) size 20x17
                text run at (2,2) width 20: "bar"
            RenderTableCell {TD} at (134,25) size 26x21 [border: (1px inset #808080)] [r=1 c=2 rs=1 cs=1]
              RenderText {#text} at (2,2) size 22x17
                text run at (2,2) width 22: "zap"
      RenderBlock (anonymous) at (0,601) size 769x17
        RenderBR {BR} at (0,0) size 0x17
      RenderTable {TABLE} at (0,618) size 400x50 [border: (1px outset #808080)]
        RenderTableSection {TBODY} at (1,1) size 398x48
          RenderTableRow {TR} at (0,2) size 398x21
            RenderTableCell {TD} at (2,2) size 395x21 [border: (1px inset #808080)] [r=0 c=0 rs=1 cs=3]
              RenderText {#text} at (2,2) size 136x17
                text run at (2,2) width 136: "xxxxxxxxxxxxxxxxx"
          RenderTableRow {TR} at (0,25) size 398x21
            RenderTableCell {TD} at (2,25) size 104x21 [border: (1px inset #808080)] [r=1 c=0 rs=1 cs=1]
              RenderText {#text} at (2,2) size 21x17
                text run at (2,2) width 21: "foo"
            RenderTableCell {TD} at (108,25) size 138x21 [border: (1px inset #808080)] [r=1 c=1 rs=1 cs=1]
              RenderText {#text} at (2,2) size 20x17
                text run at (2,2) width 20: "bar"
            RenderTableCell {TD} at (247,25) size 150x21 [border: (1px inset #808080)] [r=1 c=2 rs=1 cs=1]
              RenderText {#text} at (2,2) size 22x17
                text run at (2,2) width 22: "zap"
      RenderBlock (anonymous) at (0,668) size 769x17
        RenderBR {BR} at (0,0) size 0x17
      RenderTable {TABLE} at (0,685) size 146x50 [bgcolor=#0000FF] [border: (1px outset #808080)]
        RenderTableSection {TBODY} at (1,1) size 144x48
          RenderTableRow {TR} at (0,2) size 144x21
            RenderTableCell {TD} at (2,2) size 141x21 [border: (1px inset #808080)] [r=0 c=0 rs=1 cs=3]
              RenderText {#text} at (2,2) size 136x17
                text run at (2,2) width 136: "xxxxxxxxxxxxxxxxx"
          RenderTableRow {TR} at (0,25) size 144x21
            RenderTableCell {TD} at (2,25) size 46x21 [border: (1px inset #808080)] [r=1 c=0 rs=1 cs=1]
              RenderText {#text} at (2,2) size 21x17
                text run at (2,2) width 21: "foo"
            RenderTableCell {TD} at (49,25) size 44x21 [border: (1px inset #808080)] [r=1 c=1 rs=1 cs=1]
              RenderText {#text} at (2,2) size 20x17
                text run at (2,2) width 20: "bar"
            RenderTableCell {TD} at (94,25) size 49x21 [border: (1px inset #808080)] [r=1 c=2 rs=1 cs=1]
              RenderText {#text} at (2,2) size 22x17
                text run at (2,2) width 22: "zap"
      RenderBlock (anonymous) at (0,735) size 769x17
        RenderBR {BR} at (0,0) size 0x17
      RenderBlock {HR} at (0,760) size 202x2 [border: (1px inset #000000)]
      RenderTable {TABLE} at (0,770) size 210x50 [border: (1px outset #808080)]
        RenderTableSection {TBODY} at (1,1) size 208x48
          RenderTableRow {TR} at (0,2) size 208x21
            RenderTableCell {TD} at (2,2) size 54x21 [border: (1px inset #808080)] [r=0 c=0 rs=1 cs=1]
              RenderText {#text} at (2,2) size 16x17
                text run at (2,2) width 16: "50"
            RenderTableCell {TD} at (58,2) size 54x21 [border: (1px inset #808080)] [r=0 c=1 rs=1 cs=1]
              RenderText {#text} at (2,2) size 16x17
                text run at (2,2) width 16: "50"
            RenderTableCell {TD} at (114,2) size 92x21 [border: (1px inset #808080)] [r=0 c=2 rs=1 cs=1]
              RenderText {#text} at (2,2) size 27x17
                text run at (2,2) width 27: "auto"
          RenderTableRow {TR} at (0,25) size 208x21
            RenderTableCell {TD} at (2,25) size 204x21 [border: (1px inset #808080)] [r=1 c=0 rs=1 cs=3]
              RenderText {#text} at (2,2) size 52x17
                text run at (2,2) width 52: "200CS3"
      RenderBlock (anonymous) at (0,820) size 769x17
        RenderBR {BR} at (0,0) size 0x17
      RenderBlock {HR} at (0,845) size 202x2 [border: (1px inset #000000)]
      RenderTable {TABLE} at (0,855) size 210x50 [border: (1px outset #808080)]
        RenderTableSection {TBODY} at (1,1) size 208x48
          RenderTableRow {TR} at (0,2) size 208x21
            RenderTableCell {TD} at (2,2) size 54x21 [border: (1px inset #808080)] [r=0 c=0 rs=1 cs=1]
              RenderText {#text} at (2,2) size 16x17
                text run at (2,2) width 16: "50"
            RenderTableCell {TD} at (58,2) size 148x21 [border: (1px inset #808080)] [r=0 c=1 rs=1 cs=1]
              RenderText {#text} at (2,2) size 27x17
                text run at (2,2) width 27: "auto"
          RenderTableRow {TR} at (0,25) size 208x21
            RenderTableCell {TD} at (2,25) size 204x21 [border: (1px inset #808080)] [r=1 c=0 rs=1 cs=2]
              RenderText {#text} at (2,2) size 52x17
                text run at (2,2) width 52: "200CS2"
      RenderBlock (anonymous) at (0,905) size 769x17
        RenderBR {BR} at (0,0) size 0x17
      RenderTable {TABLE} at (0,922) size 210x50 [bgcolor=#00FF00] [border: (1px outset #808080)]
        RenderTableSection {TBODY} at (1,1) size 208x48
          RenderTableRow {TR} at (0,2) size 208x21
            RenderTableCell {TD} at (2,2) size 101x21 [border: (1px inset #808080)] [r=0 c=0 rs=1 cs=1]
              RenderText {#text} at (2,2) size 21x17
                text run at (2,2) width 21: "foo"
            RenderTableCell {TD} at (105,2) size 101x21 [border: (1px inset #808080)] [r=0 c=1 rs=1 cs=1]
              RenderText {#text} at (2,2) size 21x17
                text run at (2,2) width 21: "foo"
          RenderTableRow {TR} at (0,25) size 208x21
            RenderTableCell {TD} at (2,25) size 204x21 [border: (1px inset #808080)] [r=1 c=0 rs=1 cs=2]
              RenderText {#text} at (2,2) size 21x17
                text run at (2,2) width 21: "foo"
      RenderBlock (anonymous) at (0,972) size 769x17
        RenderBR {BR} at (0,0) size 0x17
      RenderTable {TABLE} at (0,989) size 622x133 [bgcolor=#EE82EE] [border: (1px outset #808080)]
        RenderTableSection {TBODY} at (1,1) size 620x131
          RenderTableRow {TR} at (0,2) size 620x104
            RenderTableCell {TD} at (2,2) size 616x104 [border: (1px inset #808080)] [r=0 c=0 rs=1 cs=3]
              RenderImage {IMG} at (2,2) size 600x100
          RenderTableRow {TR} at (0,108) size 620x21
            RenderTableCell {TD} at (2,108) size 104x21 [border: (1px inset #808080)] [r=1 c=0 rs=1 cs=1]
              RenderText {#text} at (2,2) size 24x17
                text run at (2,2) width 24: "100"
            RenderTableCell {TD} at (108,108) size 104x21 [border: (1px inset #808080)] [r=1 c=1 rs=1 cs=1]
              RenderText {#text} at (2,2) size 24x17
                text run at (2,2) width 24: "100"
            RenderTableCell {TD} at (214,108) size 404x21 [border: (1px inset #808080)] [r=1 c=2 rs=1 cs=1]
              RenderText {#text} at (2,2) size 24x17
                text run at (2,2) width 24: "400"
      RenderBlock (anonymous) at (0,1122) size 769x17
        RenderBR {BR} at (0,0) size 0x17
      RenderTable {TABLE} at (0,1139) size 643x50 [border: (1px outset #808080)]
        RenderTableSection {TBODY} at (1,1) size 641x48
          RenderTableRow {TR} at (0,2) size 641x21
            RenderTableCell {TD} at (2,2) size 604x21 [border: (1px inset #808080)] [r=0 c=0 rs=1 cs=3]
              RenderText {#text} at (2,2) size 24x17
                text run at (2,2) width 24: "600"
            RenderTableCell {TD} at (608,2) size 31x21 [border: (1px inset #808080)] [r=0 c=3 rs=1 cs=1]
              RenderText {#text} at (2,2) size 27x17
                text run at (2,2) width 27: "auto"
          RenderTableRow {TR} at (0,25) size 641x21
            RenderTableCell {TD} at (2,25) size 200x21 [border: (1px inset #808080)] [r=1 c=0 rs=1 cs=1]
              RenderText {#text} at (2,2) size 27x17
                text run at (2,2) width 27: "auto"
            RenderTableCell {TD} at (204,25) size 200x21 [border: (1px inset #808080)] [r=1 c=1 rs=1 cs=1]
              RenderText {#text} at (2,2) size 27x17
                text run at (2,2) width 27: "auto"
            RenderTableCell {TD} at (406,25) size 200x21 [border: (1px inset #808080)] [r=1 c=2 rs=1 cs=1]
              RenderText {#text} at (2,2) size 27x17
                text run at (2,2) width 27: "auto"
            RenderTableCell {TD} at (608,25) size 31x21 [border: (1px inset #808080)] [r=1 c=3 rs=1 cs=1]
              RenderText {#text} at (2,2) size 27x17
                text run at (2,2) width 27: "auto"
      RenderBlock (anonymous) at (0,1189) size 769x17
        RenderText {#text} at (0,0) size 291x17
          text run at (0,0) width 291: "fixed table - spanned cols based on fix widths "
        RenderBR {BR} at (291,14) size 0x0
      RenderBlock {HR} at (0,1214) size 402x2 [border: (1px inset #000000)]
      RenderTable {TABLE} at (0,1224) size 534x59 [bgcolor=#FFA500] [border: (1px outset #808080)]
        RenderTableSection {TBODY} at (1,1) size 532x57
          RenderTableRow {TR} at (0,5) size 532x21
            RenderTableCell {TD} at (5,5) size 413x21 [border: (1px inset #808080)] [r=0 c=0 rs=1 cs=2]
              RenderText {#text} at (2,2) size 52x17
                text run at (2,2) width 52: "400CS2"
            RenderTableCell {TD} at (423,5) size 104x21 [border: (1px inset #808080)] [r=0 c=2 rs=1 cs=1]
              RenderText {#text} at (2,2) size 24x17
                text run at (2,2) width 24: "100"
          RenderTableRow {TR} at (0,31) size 532x21
            RenderTableCell {TD} at (5,31) size 104x21 [border: (1px inset #808080)] [r=1 c=0 rs=1 cs=1]
              RenderText {#text} at (2,2) size 24x17
                text run at (2,2) width 24: "100"
            RenderTableCell {TD} at (114,31) size 304x21 [border: (1px inset #808080)] [r=1 c=1 rs=1 cs=1]
              RenderText {#text} at (2,2) size 24x17
                text run at (2,2) width 24: "300"
            RenderTableCell {TD} at (423,31) size 104x21 [border: (1px inset #808080)] [r=1 c=2 rs=1 cs=1]
              RenderText {#text} at (2,2) size 27x17
                text run at (2,2) width 27: "auto"
      RenderBlock (anonymous) at (0,1283) size 769x17
        RenderBR {BR} at (0,0) size 0x17
      RenderTable {TABLE} at (0,1300) size 338x59 [bgcolor=#808080] [border: (1px outset #808080)]
        RenderTableSection {TBODY} at (1,1) size 336x57
          RenderTableRow {TR} at (0,5) size 336x21
            RenderTableCell {TD} at (5,5) size 218x21 [border: (1px inset #808080)] [r=0 c=0 rs=1 cs=2]
              RenderText {#text} at (2,2) size 213x17
                text run at (2,2) width 213: "auto auto auto auto auto auto auto"
            RenderTableCell {TD} at (227,5) size 105x21 [border: (1px inset #808080)] [r=0 c=2 rs=1 cs=1]
              RenderText {#text} at (2,2) size 24x17
                text run at (2,2) width 24: "100"
          RenderTableRow {TR} at (0,31) size 336x21
            RenderTableCell {TD} at (5,31) size 71x21 [border: (1px inset #808080)] [r=1 c=0 rs=1 cs=1]
              RenderText {#text} at (2,2) size 27x17
                text run at (2,2) width 27: "auto"
            RenderTableCell {TD} at (80,31) size 143x21 [border: (1px inset #808080)] [r=1 c=1 rs=1 cs=1]
              RenderText {#text} at (2,2) size 58x17
                text run at (2,2) width 58: "auto auto"
            RenderTableCell {TD} at (227,31) size 105x21 [border: (1px inset #808080)] [r=1 c=2 rs=1 cs=1]
              RenderText {#text} at (2,2) size 27x17
                text run at (2,2) width 27: "auto"
      RenderBlock (anonymous) at (0,1359) size 769x17
        RenderBR {BR} at (0,0) size 0x17
      RenderTable {TABLE} at (0,1376) size 338x59 [bgcolor=#00FF00] [border: (1px outset #808080)]
        RenderTableSection {TBODY} at (1,1) size 336x57
          RenderTableRow {TR} at (0,5) size 336x21
            RenderTableCell {TD} at (5,5) size 217x21 [border: (1px inset #808080)] [r=0 c=0 rs=1 cs=2]
              RenderText {#text} at (2,2) size 213x17
                text run at (2,2) width 213: "auto auto auto auto auto auto auto"
            RenderTableCell {TD} at (227,5) size 104x21 [border: (1px inset #808080)] [r=0 c=2 rs=1 cs=1]
              RenderText {#text} at (2,2) size 24x17
                text run at (2,2) width 24: "100"
          RenderTableRow {TR} at (0,31) size 336x21
            RenderTableCell {TD} at (5,31) size 104x21 [border: (1px inset #808080)] [r=1 c=0 rs=1 cs=1]
              RenderText {#text} at (2,2) size 24x17
                text run at (2,2) width 24: "100"
            RenderTableCell {TD} at (114,31) size 108x21 [border: (1px inset #808080)] [r=1 c=1 rs=1 cs=1]
              RenderText {#text} at (2,2) size 58x17
                text run at (2,2) width 58: "auto auto"
            RenderTableCell {TD} at (227,31) size 104x21 [border: (1px inset #808080)] [r=1 c=2 rs=1 cs=1]
              RenderText {#text} at (2,2) size 27x17
                text run at (2,2) width 27: "auto"
      RenderBlock (anonymous) at (0,1435) size 769x17
        RenderBR {BR} at (0,0) size 0x17
      RenderTable {TABLE} at (0,1452) size 338x59 [border: (1px outset #808080)]
        RenderTableSection {TBODY} at (1,1) size 336x57
          RenderTableRow {TR} at (0,5) size 336x21
            RenderTableCell {TD} at (5,5) size 217x21 [border: (1px inset #808080)] [r=0 c=0 rs=1 cs=2]
              RenderText {#text} at (2,2) size 213x17
                text run at (2,2) width 213: "auto auto auto auto auto auto auto"
            RenderTableCell {TD} at (227,5) size 104x21 [border: (1px inset #808080)] [r=0 c=2 rs=1 cs=1]
              RenderText {#text} at (2,2) size 24x17
                text run at (2,2) width 24: "100"
          RenderTableRow {TR} at (0,31) size 336x21
            RenderTableCell {TD} at (5,31) size 104x21 [border: (1px inset #808080)] [r=1 c=0 rs=1 cs=1]
              RenderText {#text} at (2,2) size 24x17
                text run at (2,2) width 24: "100"
            RenderTableCell {TD} at (114,31) size 108x21 [border: (1px inset #808080)] [r=1 c=1 rs=1 cs=1]
              RenderText {#text} at (2,2) size 89x17
                text run at (2,2) width 89: "auto auto auto"
            RenderTableCell {TD} at (227,31) size 104x21 [border: (1px inset #808080)] [r=1 c=2 rs=1 cs=1]
              RenderText {#text} at (2,2) size 27x17
                text run at (2,2) width 27: "auto"
      RenderBlock (anonymous) at (0,1511) size 769x17
        RenderBR {BR} at (0,0) size 0x17
      RenderTable {TABLE} at (0,1528) size 385x59 [border: (1px outset #808080)]
        RenderTableSection {TBODY} at (1,1) size 383x57
          RenderTableRow {TR} at (0,5) size 383x21
            RenderTableCell {TD} at (5,5) size 264x21 [border: (1px inset #808080)] [r=0 c=0 rs=1 cs=2]
              RenderText {#text} at (2,2) size 213x17
                text run at (2,2) width 213: "auto auto auto auto auto auto auto"
            RenderTableCell {TD} at (274,5) size 104x21 [border: (1px inset #808080)] [r=0 c=2 rs=1 cs=1]
              RenderText {#text} at (2,2) size 24x17
                text run at (2,2) width 24: "100"
          RenderTableRow {TR} at (0,31) size 383x21
            RenderTableCell {TD} at (5,31) size 104x21 [border: (1px inset #808080)] [r=1 c=0 rs=1 cs=1]
              RenderText {#text} at (2,2) size 24x17
                text run at (2,2) width 24: "100"
            RenderTableCell {TD} at (114,31) size 155x21 [border: (1px inset #808080)] [r=1 c=1 rs=1 cs=1]
              RenderText {#text} at (2,2) size 151x17
                text run at (2,2) width 151: "auto auto auto auto auto"
            RenderTableCell {TD} at (274,31) size 104x21 [border: (1px inset #808080)] [r=1 c=2 rs=1 cs=1]
              RenderText {#text} at (2,2) size 27x17
                text run at (2,2) width 27: "auto"
      RenderBlock (anonymous) at (0,1587) size 769x17
        RenderBR {BR} at (0,0) size 0x17
      RenderTable {TABLE} at (0,1604) size 354x76 [border: (1px outset #808080)]
        RenderTableSection {TBODY} at (1,1) size 352x74
          RenderTableRow {TR} at (0,5) size 352x21
            RenderTableCell {TD} at (5,5) size 233x21 [border: (1px inset #808080)] [r=0 c=0 rs=1 cs=2]
              RenderText {#text} at (2,2) size 213x17
                text run at (2,2) width 213: "auto auto auto auto auto auto auto"
            RenderTableCell {TD} at (243,5) size 104x21 [border: (1px inset #808080)] [r=0 c=2 rs=1 cs=1]
              RenderText {#text} at (2,2) size 24x17
                text run at (2,2) width 24: "100"
          RenderTableRow {TR} at (0,31) size 352x38
            RenderTableCell {TD} at (5,31) size 104x38 [border: (1px inset #808080)] [r=1 c=0 rs=1 cs=1]
              RenderText {#text} at (2,2) size 80x34
                text run at (2,2) width 80: "100 100 100"
                text run at (2,19) width 24: "100"
            RenderTableCell {TD} at (114,39) size 124x22 [border: (1px inset #808080)] [r=1 c=1 rs=1 cs=1]
              RenderText {#text} at (2,2) size 120x18
                text run at (2,3) width 120: "auto auto auto auto"
            RenderTableCell {TD} at (243,39) size 104x22 [border: (1px inset #808080)] [r=1 c=2 rs=1 cs=1]
              RenderText {#text} at (2,2) size 27x18
                text run at (2,3) width 27: "auto"
      RenderBlock (anonymous) at (0,1680) size 769x17
        RenderBR {BR} at (0,0) size 0x17
      RenderTable {TABLE} at (0,1697) size 270x127 [border: (1px outset #808080)]
        RenderTableSection {TBODY} at (1,1) size 268x125
          RenderTableRow {TR} at (0,5) size 268x38
            RenderTableCell {TD} at (5,5) size 149x38 [border: (1px inset #808080)] [r=0 c=0 rs=1 cs=2]
              RenderText {#text} at (2,2) size 120x34
                text run at (2,2) width 120: "auto auto auto auto"
                text run at (2,19) width 89: "auto auto auto"
            RenderTableCell {TD} at (159,13) size 104x22 [border: (1px inset #808080)] [r=0 c=2 rs=1 cs=1]
              RenderText {#text} at (2,2) size 24x18
                text run at (2,3) width 24: "100"
          RenderTableRow {TR} at (0,48) size 268x72
            RenderTableCell {TD} at (5,65) size 104x38 [border: (1px inset #808080)] [r=1 c=0 rs=1 cs=1]
              RenderText {#text} at (2,2) size 80x34
                text run at (2,2) width 80: "100 100 100"
                text run at (2,19) width 24: "100"
            RenderTableCell {TD} at (114,48) size 40x72 [border: (1px inset #808080)] [r=1 c=1 rs=1 cs=1]
              RenderText {#text} at (2,2) size 27x68
                text run at (2,2) width 27: "auto"
                text run at (2,19) width 27: "auto"
                text run at (2,36) width 27: "auto"
                text run at (2,53) width 27: "auto"
            RenderTableCell {TD} at (159,73) size 104x22 [border: (1px inset #808080)] [r=1 c=2 rs=1 cs=1]
              RenderText {#text} at (2,2) size 27x18
                text run at (2,3) width 27: "auto"
      RenderBlock (anonymous) at (0,1824) size 769x17
        RenderBR {BR} at (0,0) size 0x17
      RenderTable {TABLE} at (0,1841) size 500x59 [bgcolor=#A52A2A] [border: (1px outset #808080)]
        RenderTableSection {TBODY} at (1,1) size 498x57
          RenderTableRow {TR} at (0,5) size 498x21
            RenderTableCell {TD} at (5,5) size 388x21 [border: (1px inset #808080)] [r=0 c=0 rs=1 cs=2]
              RenderText {#text} at (2,2) size 194x17
                text run at (2,2) width 194: "80% 80% 80% 80% 80% 80%"
            RenderTableCell {TD} at (397,5) size 96x21 [border: (1px inset #808080)] [r=0 c=2 rs=1 cs=1]
              RenderText {#text} at (2,2) size 27x17
                text run at (2,2) width 27: "auto"
          RenderTableRow {TR} at (0,31) size 498x21
            RenderTableCell {TD} at (5,31) size 295x21 [border: (1px inset #808080)] [r=1 c=0 rs=1 cs=1]
              RenderText {#text} at (2,2) size 24x17
                text run at (2,2) width 24: "100"
            RenderTableCell {TD} at (304,31) size 89x21 [border: (1px inset #808080)] [r=1 c=1 rs=1 cs=1]
              RenderText {#text} at (2,2) size 27x17
                text run at (2,2) width 27: "auto"
            RenderTableCell {TD} at (397,31) size 96x21 [border: (1px inset #808080)] [r=1 c=2 rs=1 cs=1]
              RenderText {#text} at (2,2) size 27x17
                text run at (2,2) width 27: "auto"
      RenderBlock (anonymous) at (0,1900) size 769x17
        RenderBR {BR} at (0,0) size 0x17
      RenderTable {TABLE} at (0,1917) size 500x59 [border: (1px outset #808080)]
        RenderTableSection {TBODY} at (1,1) size 498x57
          RenderTableRow {TR} at (0,5) size 498x21
            RenderTableCell {TD} at (5,5) size 388x21 [border: (1px inset #808080)] [r=0 c=0 rs=1 cs=2]
              RenderText {#text} at (2,2) size 194x17
                text run at (2,2) width 194: "80% 80% 80% 80% 80% 80%"
            RenderTableCell {TD} at (397,5) size 96x21 [border: (1px inset #808080)] [r=0 c=2 rs=1 cs=1]
              RenderText {#text} at (2,2) size 27x17
                text run at (2,2) width 27: "auto"
          RenderTableRow {TR} at (0,31) size 498x21
            RenderTableCell {TD} at (5,31) size 98x21 [border: (1px inset #808080)] [r=1 c=0 rs=1 cs=1]
              RenderText {#text} at (2,2) size 24x17
                text run at (2,2) width 24: "100"
            RenderTableCell {TD} at (107,31) size 286x21 [border: (1px inset #808080)] [r=1 c=1 rs=1 cs=1]
              RenderText {#text} at (2,2) size 24x17
                text run at (2,2) width 24: "300"
            RenderTableCell {TD} at (397,31) size 96x21 [border: (1px inset #808080)] [r=1 c=2 rs=1 cs=1]
              RenderText {#text} at (2,2) size 27x17
                text run at (2,2) width 27: "auto"
      RenderBlock (anonymous) at (0,1976) size 769x17
        RenderBR {BR} at (0,0) size 0x17
      RenderTable {TABLE} at (0,1993) size 500x59 [bgcolor=#808080] [border: (1px outset #808080)]
        RenderTableSection {TBODY} at (1,1) size 498x57
          RenderTableRow {TR} at (0,5) size 498x21
            RenderTableCell {TD} at (5,5) size 453x21 [border: (1px inset #808080)] [r=0 c=0 rs=1 cs=2]
              RenderText {#text} at (2,2) size 194x17
                text run at (2,2) width 194: "80% 80% 80% 80% 80% 80%"
            RenderTableCell {TD} at (462,5) size 32x21 [border: (1px inset #808080)] [r=0 c=2 rs=1 cs=1]
              RenderText {#text} at (2,2) size 27x17
                text run at (2,2) width 27: "auto"
          RenderTableRow {TR} at (0,31) size 498x21
            RenderTableCell {TD} at (5,31) size 150x21 [border: (1px inset #808080)] [r=1 c=0 rs=1 cs=1]
              RenderText {#text} at (2,2) size 29x17
                text run at (2,2) width 29: "33%"
            RenderTableCell {TD} at (159,31) size 299x21 [border: (1px inset #808080)] [r=1 c=1 rs=1 cs=1]
              RenderText {#text} at (2,2) size 29x17
                text run at (2,2) width 29: "66%"
            RenderTableCell {TD} at (462,31) size 32x21 [border: (1px inset #808080)] [r=1 c=2 rs=1 cs=1]
              RenderText {#text} at (2,2) size 27x17
                text run at (2,2) width 27: "auto"
      RenderTable {TABLE} at (0,2052) size 500x76 [bgcolor=#FFFF00] [border: (1px outset #808080)]
        RenderTableSection {TBODY} at (1,1) size 498x74
          RenderTableRow {TR} at (0,5) size 498x21
            RenderTableCell {TD} at (5,5) size 453x21 [border: (1px inset #808080)] [r=0 c=0 rs=1 cs=2]
              RenderText {#text} at (2,2) size 194x17
                text run at (2,2) width 194: "30% 30% 30% 30% 30% 30%"
            RenderTableCell {TD} at (462,5) size 32x21 [border: (1px inset #808080)] [r=0 c=2 rs=1 cs=1]
              RenderText {#text} at (2,2) size 27x17
                text run at (2,2) width 27: "auto"
          RenderTableRow {TR} at (0,31) size 498x38
            RenderTableCell {TD} at (5,31) size 150x38 [border: (1px inset #808080)] [r=1 c=0 rs=1 cs=1]
              RenderText {#text} at (2,2) size 128x34
                text run at (2,2) width 128: "33% 33% 33% 33%"
                text run at (2,19) width 95: "33% 33% 33%"
            RenderTableCell {TD} at (159,39) size 299x22 [border: (1px inset #808080)] [r=1 c=1 rs=1 cs=1]
              RenderText {#text} at (2,2) size 29x18
                text run at (2,3) width 29: "66%"
            RenderTableCell {TD} at (462,39) size 32x22 [border: (1px inset #808080)] [r=1 c=2 rs=1 cs=1]
              RenderText {#text} at (2,2) size 27x18
                text run at (2,3) width 27: "auto"
      RenderBlock (anonymous) at (0,2128) size 769x34
        RenderBR {BR} at (0,0) size 0x17
        RenderText {#text} at (0,17) size 165x17
          text run at (0,17) width 165: "PERCENT COLSPANS "
        RenderBR {BR} at (165,31) size 0x0
      RenderTable {TABLE} at (0,2162) size 500x59 [border: (1px outset #808080)]
        RenderTableSection {TBODY} at (1,1) size 498x57
          RenderTableRow {TR} at (0,5) size 498x21
            RenderTableCell {TD} at (5,5) size 369x21 [border: (1px inset #808080)] [r=0 c=0 rs=1 cs=2]
              RenderText {#text} at (2,2) size 194x17
                text run at (2,2) width 194: "90% 80% 80% 80% 80% 80%"
            RenderTableCell {TD} at (378,5) size 115x21 [border: (1px inset #808080)] [r=0 c=2 rs=1 cs=1]
              RenderText {#text} at (2,2) size 27x17
                text run at (2,2) width 27: "auto"
          RenderTableRow {TR} at (0,31) size 498x21
            RenderTableCell {TD} at (5,31) size 48x21 [border: (1px inset #808080)] [r=1 c=0 rs=1 cs=1]
              RenderText {#text} at (2,2) size 29x17
                text run at (2,2) width 29: "10%"
            RenderTableCell {TD} at (57,31) size 317x21 [border: (1px inset #808080)] [r=1 c=1 rs=1 cs=1]
              RenderText {#text} at (2,2) size 29x17
                text run at (2,2) width 29: "66%"
            RenderTableCell {TD} at (378,31) size 115x21 [border: (1px inset #808080)] [r=1 c=2 rs=1 cs=1]
              RenderText {#text} at (2,2) size 27x17
                text run at (2,2) width 27: "auto"
      RenderBlock (anonymous) at (0,2221) size 769x17
        RenderBR {BR} at (0,0) size 0x17
      RenderTable {TABLE} at (0,2238) size 500x76 [border: (1px outset #808080)]
        RenderTableSection {TBODY} at (1,1) size 498x74
          RenderTableRow {TR} at (0,5) size 498x21
            RenderTableCell {TD} at (5,5) size 453x21 [border: (1px inset #808080)] [r=0 c=0 rs=1 cs=2]
              RenderText {#text} at (2,2) size 194x17
                text run at (2,2) width 194: "90% 80% 80% 80% 80% 80%"
            RenderTableCell {TD} at (462,5) size 32x21 [border: (1px inset #808080)] [r=0 c=2 rs=1 cs=1]
              RenderText {#text} at (2,2) size 27x17
                text run at (2,2) width 27: "auto"
          RenderTableRow {TR} at (0,31) size 498x38
            RenderTableCell {TD} at (5,31) size 150x38 [border: (1px inset #808080)] [r=1 c=0 rs=1 cs=1]
              RenderText {#text} at (2,2) size 128x34
                text run at (2,2) width 128: "33% 33% 33% 33%"
                text run at (2,19) width 95: "33% 33% 33%"
            RenderTableCell {TD} at (159,39) size 299x22 [border: (1px inset #808080)] [r=1 c=1 rs=1 cs=1]
              RenderText {#text} at (2,2) size 29x18
                text run at (2,3) width 29: "66%"
            RenderTableCell {TD} at (462,39) size 32x22 [border: (1px inset #808080)] [r=1 c=2 rs=1 cs=1]
              RenderText {#text} at (2,2) size 27x18
                text run at (2,3) width 27: "auto"
      RenderBlock (anonymous) at (0,2314) size 769x17
        RenderBR {BR} at (0,0) size 0x17
      RenderTable {TABLE} at (0,2331) size 500x76 [border: (1px outset #808080)]
        RenderTableSection {TBODY} at (1,1) size 498x74
          RenderTableRow {TR} at (0,5) size 498x21
            RenderTableCell {TD} at (5,5) size 453x21 [border: (1px inset #808080)] [r=0 c=0 rs=1 cs=2]
              RenderText {#text} at (2,2) size 194x17
                text run at (2,2) width 194: "90% 80% 80% 80% 80% 80%"
            RenderTableCell {TD} at (462,5) size 32x21 [border: (1px inset #808080)] [r=0 c=2 rs=1 cs=1]
              RenderText {#text} at (2,2) size 27x17
                text run at (2,2) width 27: "auto"
          RenderTableRow {TR} at (0,31) size 498x38
            RenderTableCell {TD} at (5,39) size 295x22 [border: (1px inset #808080)] [r=1 c=0 rs=1 cs=1]
              RenderText {#text} at (2,2) size 29x18
                text run at (2,3) width 29: "66%"
            RenderTableCell {TD} at (304,31) size 154x38 [border: (1px inset #808080)] [r=1 c=1 rs=1 cs=1]
              RenderText {#text} at (2,2) size 128x34
                text run at (2,2) width 128: "66% 66% 66% 66%"
                text run at (2,19) width 62: "66% 66%"
            RenderTableCell {TD} at (462,39) size 32x22 [border: (1px inset #808080)] [r=1 c=2 rs=1 cs=1]
              RenderText {#text} at (2,2) size 27x18
                text run at (2,3) width 27: "auto"
      RenderBlock (anonymous) at (0,2407) size 769x17
        RenderBR {BR} at (0,0) size 0x17
      RenderTable {TABLE} at (0,2424) size 500x93 [border: (1px outset #808080)]
        RenderTableSection {TBODY} at (1,1) size 498x91
          RenderTableRow {TR} at (0,5) size 498x21
            RenderTableCell {TD} at (5,5) size 436x21 [border: (1px inset #808080)] [r=0 c=0 rs=1 cs=3]
              RenderText {#text} at (2,2) size 95x17
                text run at (2,2) width 95: "90% 90% 90%"
            RenderTableCell {TD} at (445,5) size 48x21 [border: (1px inset #808080)] [r=0 c=3 rs=1 cs=1]
              RenderText {#text} at (2,2) size 27x17
                text run at (2,2) width 27: "auto"
          RenderTableRow {TR} at (0,31) size 498x55
            RenderTableCell {TD} at (5,48) size 71x21 [border: (1px inset #808080)] [r=1 c=0 rs=1 cs=1]
              RenderText {#text} at (2,2) size 27x17
                text run at (2,2) width 27: "auto"
            RenderTableCell {TD} at (80,48) size 144x21 [border: (1px inset #808080)] [r=1 c=1 rs=1 cs=1]
              RenderText {#text} at (2,2) size 59x17
                text run at (2,2) width 59: "auto-auto"
            RenderTableCell {TD} at (228,48) size 213x21 [border: (1px inset #808080)] [r=1 c=2 rs=1 cs=1]
              RenderText {#text} at (2,2) size 89x17
                text run at (2,2) width 89: "auto auto auto"
            RenderTableCell {TD} at (445,31) size 48x55 [border: (1px inset #808080)] [r=1 c=3 rs=1 cs=1]
              RenderText {#text} at (2,2) size 27x51
                text run at (2,2) width 27: "auto"
                text run at (2,19) width 27: "auto"
                text run at (2,36) width 27: "auto"
      RenderBlock (anonymous) at (0,2517) size 769x17
        RenderBR {BR} at (0,0) size 0x17
      RenderTable {TABLE} at (0,2534) size 500x85 [border: (1px outset #808080)]
        RenderTableSection {TBODY} at (1,1) size 498x83
          RenderTableRow {TR} at (0,5) size 498x21
            RenderTableCell {TD} at (5,5) size 436x21 [border: (1px inset #808080)] [r=0 c=0 rs=1 cs=2]
              RenderText {#text} at (2,2) size 95x17
                text run at (2,2) width 95: "90% 90% 90%"
            RenderTableCell {TD} at (445,5) size 49x21 [border: (1px inset #808080)] [r=0 c=2 rs=1 cs=1]
              RenderText {#text} at (2,2) size 27x17
                text run at (2,2) width 27: "auto"
          RenderTableRow {TR} at (0,31) size 498x21
            RenderTableCell {TD} at (5,31) size 216x21 [border: (1px inset #808080)] [r=1 c=0 rs=1 cs=1]
              RenderText {#text} at (2,2) size 27x17
                text run at (2,2) width 27: "auto"
            RenderTableCell {TD} at (225,31) size 216x21 [border: (1px inset #808080)] [r=1 c=1 rs=1 cs=1]
              RenderText {#text} at (2,2) size 27x17
                text run at (2,2) width 27: "auto"
            RenderTableCell {TD} at (445,31) size 49x21 [border: (1px inset #808080)] [r=1 c=2 rs=1 cs=1]
              RenderText {#text} at (2,2) size 27x17
                text run at (2,2) width 27: "auto"
          RenderTableRow {TR} at (0,57) size 498x21
            RenderTableCell {TD} at (5,57) size 216x21 [border: (1px inset #808080)] [r=2 c=0 rs=1 cs=1]
              RenderText {#text} at (2,2) size 27x17
                text run at (2,2) width 27: "auto"
            RenderTableCell {TD} at (225,57) size 269x21 [border: (1px inset #808080)] [r=2 c=1 rs=1 cs=2]
              RenderText {#text} at (2,2) size 95x17
                text run at (2,2) width 95: "90% 90% 90%"
      RenderBlock (anonymous) at (0,2619) size 769x17
        RenderBR {BR} at (0,0) size 0x17
      RenderTable {TABLE} at (0,2636) size 500x85 [border: (1px outset #808080)]
        RenderTableSection {TBODY} at (1,1) size 498x83
          RenderTableRow {TR} at (0,5) size 498x21
            RenderTableCell {TD} at (5,5) size 436x21 [border: (1px inset #808080)] [r=0 c=0 rs=1 cs=2]
              RenderText {#text} at (2,2) size 95x17
                text run at (2,2) width 95: "90% 90% 90%"
            RenderTableCell {TD} at (445,5) size 49x21 [border: (1px inset #808080)] [r=0 c=2 rs=1 cs=1]
              RenderText {#text} at (2,2) size 27x17
                text run at (2,2) width 27: "auto"
          RenderTableRow {TR} at (0,31) size 498x21
            RenderTableCell {TD} at (5,31) size 287x21 [border: (1px inset #808080)] [r=1 c=0 rs=1 cs=1]
              RenderText {#text} at (2,2) size 27x17
                text run at (2,2) width 27: "auto"
            RenderTableCell {TD} at (296,31) size 145x21 [border: (1px inset #808080)] [r=1 c=1 rs=1 cs=1]
              RenderText {#text} at (2,2) size 27x17
                text run at (2,2) width 27: "auto"
            RenderTableCell {TD} at (445,31) size 49x21 [border: (1px inset #808080)] [r=1 c=2 rs=1 cs=1]
              RenderText {#text} at (2,2) size 29x17
                text run at (2,2) width 29: "60%"
          RenderTableRow {TR} at (0,57) size 498x21
            RenderTableCell {TD} at (5,57) size 287x21 [border: (1px inset #808080)] [r=2 c=0 rs=1 cs=1]
              RenderText {#text} at (2,2) size 27x17
                text run at (2,2) width 27: "auto"
            RenderTableCell {TD} at (296,57) size 198x21 [border: (1px inset #808080)] [r=2 c=1 rs=1 cs=2]
              RenderText {#text} at (2,2) size 95x17
                text run at (2,2) width 95: "90% 90% 90%"
      RenderBlock (anonymous) at (0,2721) size 769x17
        RenderBR {BR} at (0,0) size 0x17
      RenderTable {TABLE} at (0,2738) size 500x85 [border: (1px outset #808080)]
        RenderTableSection {TBODY} at (1,1) size 498x83
          RenderTableRow {TR} at (0,5) size 498x21
            RenderTableCell {TD} at (5,5) size 436x21 [border: (1px inset #808080)] [r=0 c=0 rs=1 cs=2]
              RenderText {#text} at (2,2) size 95x17
                text run at (2,2) width 95: "90% 90% 90%"
            RenderTableCell {TD} at (445,5) size 49x21 [border: (1px inset #808080)] [r=0 c=2 rs=1 cs=1]
              RenderText {#text} at (2,2) size 29x17
                text run at (2,2) width 29: "60%"
          RenderTableRow {TR} at (0,31) size 498x21
            RenderTableCell {TD} at (5,31) size 287x21 [border: (1px inset #808080)] [r=1 c=0 rs=1 cs=1]
              RenderText {#text} at (2,2) size 27x17
                text run at (2,2) width 27: "auto"
            RenderTableCell {TD} at (296,31) size 145x21 [border: (1px inset #808080)] [r=1 c=1 rs=1 cs=1]
              RenderText {#text} at (2,2) size 27x17
                text run at (2,2) width 27: "auto"
            RenderTableCell {TD} at (445,31) size 49x21 [border: (1px inset #808080)] [r=1 c=2 rs=1 cs=1]
              RenderText {#text} at (2,2) size 27x17
                text run at (2,2) width 27: "auto"
          RenderTableRow {TR} at (0,57) size 498x21
            RenderTableCell {TD} at (5,57) size 287x21 [border: (1px inset #808080)] [r=2 c=0 rs=1 cs=1]
              RenderText {#text} at (2,2) size 27x17
                text run at (2,2) width 27: "auto"
            RenderTableCell {TD} at (296,57) size 198x21 [border: (1px inset #808080)] [r=2 c=1 rs=1 cs=2]
              RenderText {#text} at (2,2) size 95x17
                text run at (2,2) width 95: "90% 90% 90%"
      RenderBlock (anonymous) at (0,2823) size 769x17
        RenderBR {BR} at (0,0) size 0x17
      RenderTable {TABLE} at (0,2840) size 500x76 [border: (1px outset #808080)]
        RenderTableSection {TBODY} at (1,1) size 498x74
          RenderTableRow {TR} at (0,5) size 498x21
            RenderTableCell {TD} at (5,5) size 451x21 [border: (1px inset #808080)] [r=0 c=0 rs=1 cs=2]
              RenderText {#text} at (2,2) size 194x17
                text run at (2,2) width 194: "90% 80% 80% 80% 80% 80%"
            RenderTableCell {TD} at (460,5) size 34x21 [border: (1px inset #808080)] [r=0 c=2 rs=1 cs=1]
              RenderText {#text} at (2,2) size 27x17
                text run at (2,2) width 27: "auto"
          RenderTableRow {TR} at (0,31) size 498x38
            RenderTableCell {TD} at (5,39) size 293x22 [border: (1px inset #808080)] [r=1 c=0 rs=1 cs=1]
              RenderText {#text} at (2,2) size 29x18
                text run at (2,3) width 29: "66%"
            RenderTableCell {TD} at (302,31) size 154x38 [border: (1px inset #808080)] [r=1 c=1 rs=1 cs=1]
              RenderText {#text} at (2,2) size 128x34
                text run at (2,2) width 128: "66% 66% 66% 66%"
                text run at (2,19) width 62: "66% 66%"
            RenderTableCell {TD} at (460,39) size 34x22 [border: (1px inset #808080)] [r=1 c=2 rs=1 cs=1]
              RenderText {#text} at (2,2) size 29x18
                text run at (2,3) width 29: "50%"
      RenderBlock (anonymous) at (0,2916) size 769x17
        RenderBR {BR} at (0,0) size 0x17
      RenderTable {TABLE} at (0,2933) size 500x59 [border: (1px outset #808080)]
        RenderTableSection {TBODY} at (1,1) size 498x57
          RenderTableRow {TR} at (0,5) size 498x21
            RenderTableCell {TD} at (5,5) size 436x21 [border: (1px inset #808080)] [r=0 c=0 rs=1 cs=2]
              RenderText {#text} at (2,2) size 194x17
                text run at (2,2) width 194: "90% 80% 80% 80% 80% 80%"
            RenderTableCell {TD} at (445,5) size 49x21 [border: (1px inset #808080)] [r=0 c=2 rs=1 cs=1]
              RenderText {#text} at (2,2) size 27x17
                text run at (2,2) width 27: "auto"
          RenderTableRow {TR} at (0,31) size 498x21
            RenderTableCell {TD} at (5,31) size 144x21 [border: (1px inset #808080)] [r=1 c=0 rs=1 cs=1]
              RenderText {#text} at (2,2) size 27x17
                text run at (2,2) width 27: "auto"
            RenderTableCell {TD} at (153,31) size 288x21 [border: (1px inset #808080)] [r=1 c=1 rs=1 cs=1]
              RenderText {#text} at (2,2) size 58x17
                text run at (2,2) width 58: "auto auto"
            RenderTableCell {TD} at (445,31) size 49x21 [border: (1px inset #808080)] [r=1 c=2 rs=1 cs=1]
              RenderText {#text} at (2,2) size 29x17
                text run at (2,2) width 29: "50%"
      RenderBlock (anonymous) at (0,2992) size 769x17
        RenderBR {BR} at (0,0) size 0x17
      RenderTable {TABLE} at (0,3009) size 500x59 [border: (1px outset #808080)]
        RenderTableSection {TBODY} at (1,1) size 498x57
          RenderTableRow {TR} at (0,5) size 498x21
            RenderTableCell {TD} at (5,5) size 436x21 [border: (1px inset #808080)] [r=0 c=0 rs=1 cs=2]
              RenderText {#text} at (2,2) size 194x17
                text run at (2,2) width 194: "90% 90% 90% 90% 90% 90%"
            RenderTableCell {TD} at (445,5) size 49x21 [border: (1px inset #808080)] [r=0 c=2 rs=1 cs=1]
              RenderText {#text} at (2,2) size 27x17
                text run at (2,2) width 27: "auto"
          RenderTableRow {TR} at (0,31) size 498x21
            RenderTableCell {TD} at (5,31) size 142x21 [border: (1px inset #808080)] [r=1 c=0 rs=1 cs=1]
              RenderText {#text} at (2,2) size 27x17
                text run at (2,2) width 27: "auto"
            RenderTableCell {TD} at (151,31) size 290x21 [border: (1px inset #808080)] [r=1 c=1 rs=1 cs=1]
              RenderText {#text} at (2,2) size 59x17
                text run at (2,2) width 59: "auto-auto"
            RenderTableCell {TD} at (445,31) size 49x21 [border: (1px inset #808080)] [r=1 c=2 rs=1 cs=1]
              RenderText {#text} at (2,2) size 29x17
                text run at (2,2) width 29: "50%"
      RenderBlock (anonymous) at (0,3068) size 769x17
        RenderBR {BR} at (0,0) size 0x17
      RenderTable {TABLE} at (0,3085) size 500x59 [border: (1px outset #808080)]
        RenderTableSection {TBODY} at (1,1) size 498x57
          RenderTableRow {TR} at (0,5) size 498x21
            RenderTableCell {TD} at (5,5) size 436x21 [border: (1px inset #808080)] [r=0 c=0 rs=1 cs=2]
              RenderText {#text} at (2,2) size 194x17
                text run at (2,2) width 194: "90% 90% 90% 90% 90% 90%"
            RenderTableCell {TD} at (445,5) size 49x21 [border: (1px inset #808080)] [r=0 c=2 rs=1 cs=1]
              RenderText {#text} at (2,2) size 27x17
                text run at (2,2) width 27: "auto"
          RenderTableRow {TR} at (0,31) size 498x21
            RenderTableCell {TD} at (5,31) size 287x21 [border: (1px inset #808080)] [r=1 c=0 rs=1 cs=1]
              RenderText {#text} at (2,2) size 29x17
                text run at (2,2) width 29: "60%"
            RenderTableCell {TD} at (296,31) size 145x21 [border: (1px inset #808080)] [r=1 c=1 rs=1 cs=1]
              RenderText {#text} at (2,2) size 59x17
                text run at (2,2) width 59: "auto-auto"
            RenderTableCell {TD} at (445,31) size 49x21 [border: (1px inset #808080)] [r=1 c=2 rs=1 cs=1]
              RenderText {#text} at (2,2) size 29x17
                text run at (2,2) width 29: "50%"
      RenderBlock (anonymous) at (0,3144) size 769x17
        RenderBR {BR} at (0,0) size 0x17
      RenderTable {TABLE} at (0,3161) size 500x93 [border: (1px outset #808080)]
        RenderTableSection {TBODY} at (1,1) size 498x91
          RenderTableRow {TR} at (0,5) size 498x21
            RenderTableCell {TD} at (5,5) size 436x21 [border: (1px inset #808080)] [r=0 c=0 rs=1 cs=2]
              RenderText {#text} at (2,2) size 194x17
                text run at (2,2) width 194: "90% 90% 90% 90% 90% 90%"
            RenderTableCell {TD} at (445,5) size 49x21 [border: (1px inset #808080)] [r=0 c=2 rs=1 cs=1]
              RenderText {#text} at (2,2) size 27x17
                text run at (2,2) width 27: "auto"
          RenderTableRow {TR} at (0,31) size 498x55
            RenderTableCell {TD} at (5,31) size 25x55 [border: (1px inset #808080)] [r=1 c=0 rs=1 cs=1]
              RenderText {#text} at (2,2) size 21x51
                text run at (2,2) width 21: "5%"
                text run at (2,19) width 21: "5%"
                text run at (2,36) width 21: "5%"
            RenderTableCell {TD} at (35,48) size 406x21 [border: (1px inset #808080)] [r=1 c=1 rs=1 cs=1]
              RenderText {#text} at (2,2) size 59x17
                text run at (2,2) width 59: "auto-auto"
            RenderTableCell {TD} at (445,48) size 49x21 [border: (1px inset #808080)] [r=1 c=2 rs=1 cs=1]
              RenderText {#text} at (2,2) size 29x17
                text run at (2,2) width 29: "50%"
      RenderBlock (anonymous) at (0,3254) size 769x17
        RenderBR {BR} at (0,0) size 0x17
      RenderTable {TABLE} at (0,3271) size 500x93 [border: (1px outset #808080)]
        RenderTableSection {TBODY} at (1,1) size 498x91
          RenderTableRow {TR} at (0,5) size 498x55
            RenderTableCell {TD} at (5,5) size 78x55 [border: (1px inset #808080)] [r=0 c=0 rs=1 cs=2]
              RenderText {#text} at (2,2) size 62x51
                text run at (2,2) width 62: "90% 90%"
                text run at (2,19) width 62: "90% 90%"
                text run at (2,36) width 62: "90% 90%"
            RenderTableCell {TD} at (87,22) size 406x21 [border: (1px inset #808080)] [r=0 c=2 rs=1 cs=1]
              RenderText {#text} at (2,2) size 27x17
                text run at (2,2) width 27: "auto"
          RenderTableRow {TR} at (0,65) size 498x21
            RenderTableCell {TD} at (5,65) size 25x21 [border: (1px inset #808080)] [r=1 c=0 rs=1 cs=1]
              RenderText {#text} at (2,2) size 21x17
                text run at (2,2) width 21: "5%"
            RenderTableCell {TD} at (35,65) size 48x21 [border: (1px inset #808080)] [r=1 c=1 rs=1 cs=1]
              RenderText {#text} at (2,2) size 29x17
                text run at (2,2) width 29: "10%"
            RenderTableCell {TD} at (87,65) size 406x21 [border: (1px inset #808080)] [r=1 c=2 rs=1 cs=1]
              RenderText {#text} at (2,2) size 27x17
                text run at (2,2) width 27: "auto"
      RenderBlock (anonymous) at (0,3364) size 769x17
        RenderBR {BR} at (0,0) size 0x17
      RenderTable {TABLE} at (0,3381) size 500x59 [border: (1px outset #808080)]
        RenderTableSection {TBODY} at (1,1) size 498x57
          RenderTableRow {TR} at (0,5) size 498x21
            RenderTableCell {TD} at (5,5) size 436x21 [border: (1px inset #808080)] [r=0 c=0 rs=1 cs=2]
              RenderText {#text} at (2,2) size 194x17
                text run at (2,2) width 194: "90% 90% 90% 90% 90% 90%"
            RenderTableCell {TD} at (445,5) size 48x21 [border: (1px inset #808080)] [r=0 c=2 rs=1 cs=1]
              RenderText {#text} at (2,2) size 27x17
                text run at (2,2) width 27: "auto"
          RenderTableRow {TR} at (0,31) size 498x21
            RenderTableCell {TD} at (5,31) size 196x21 [border: (1px inset #808080)] [r=1 c=0 rs=1 cs=1]
              RenderText {#text} at (2,2) size 16x17
                text run at (2,2) width 16: "10"
            RenderTableCell {TD} at (205,31) size 236x21 [border: (1px inset #808080)] [r=1 c=1 rs=1 cs=1]
              RenderText {#text} at (2,2) size 16x17
                text run at (2,2) width 16: "20"
            RenderTableCell {TD} at (445,31) size 48x21 [border: (1px inset #808080)] [r=1 c=2 rs=1 cs=1]
              RenderText {#text} at (2,2) size 27x17
                text run at (2,2) width 27: "auto"
      RenderBlock (anonymous) at (0,3440) size 769x17
        RenderBR {BR} at (0,0) size 0x17
      RenderTable {TABLE} at (0,3457) size 500x76 [border: (1px outset #808080)]
        RenderTableSection {TBODY} at (1,1) size 498x74
          RenderTableRow {TR} at (0,5) size 498x21
            RenderTableCell {TD} at (5,5) size 393x21 [border: (1px inset #808080)] [r=0 c=0 rs=1 cs=2]
              RenderText {#text} at (2,2) size 161x17
                text run at (2,2) width 161: "50% 50% 50% 50% 50%"
            RenderTableCell {TD} at (402,5) size 92x21 [border: (1px inset #808080)] [r=0 c=2 rs=1 cs=1]
              RenderText {#text} at (2,2) size 27x17
                text run at (2,2) width 27: "auto"
          RenderTableRow {TR} at (0,31) size 498x38
            RenderTableCell {TD} at (5,39) size 357x22 [border: (1px inset #808080)] [r=1 c=0 rs=1 cs=1]
              RenderText {#text} at (2,2) size 29x18
                text run at (2,3) width 29: "80%"
            RenderTableCell {TD} at (366,31) size 32x38 [border: (1px inset #808080)] [r=1 c=1 rs=1 cs=1]
              RenderText {#text} at (2,2) size 27x34
                text run at (2,2) width 27: "auto"
                text run at (2,19) width 27: "auto"
            RenderTableCell {TD} at (402,39) size 92x22 [border: (1px inset #808080)] [r=1 c=2 rs=1 cs=1]
              RenderText {#text} at (2,2) size 29x18
                text run at (2,3) width 29: "50%"
      RenderBlock (anonymous) at (0,3533) size 769x17
        RenderBR {BR} at (0,0) size 0x17
      RenderTable {TABLE} at (0,3550) size 500x59 [border: (1px outset #808080)]
        RenderTableSection {TBODY} at (1,1) size 498x57
          RenderTableRow {TR} at (0,5) size 498x21
            RenderTableCell {TD} at (5,5) size 436x21 [border: (1px inset #808080)] [r=0 c=0 rs=1 cs=2]
              RenderText {#text} at (2,2) size 161x17
                text run at (2,2) width 161: "90% 50% 50% 50% 50%"
            RenderTableCell {TD} at (445,5) size 48x21 [border: (1px inset #808080)] [r=0 c=2 rs=1 cs=1]
              RenderText {#text} at (2,2) size 27x17
                text run at (2,2) width 27: "auto"
          RenderTableRow {TR} at (0,31) size 498x21
            RenderTableCell {TD} at (5,31) size 228x21 [border: (1px inset #808080)] [r=1 c=0 rs=1 cs=1]
              RenderText {#text} at (2,2) size 24x17
                text run at (2,2) width 24: "100"
            RenderTableCell {TD} at (237,31) size 204x21 [border: (1px inset #808080)] [r=1 c=1 rs=1 cs=1]
              RenderText {#text} at (2,2) size 89x17
                text run at (2,2) width 89: "auto auto auto"
            RenderTableCell {TD} at (445,31) size 48x21 [border: (1px inset #808080)] [r=1 c=2 rs=1 cs=1]
              RenderText {#text} at (2,2) size 27x17
                text run at (2,2) width 27: "auto"
      RenderBlock (anonymous) at (0,3609) size 769x34
        RenderBR {BR} at (0,0) size 0x17
        RenderBR {BR} at (0,17) size 0x17
      RenderBlock {HR} at (0,3651) size 602x2 [border: (1px inset #000000)]
      RenderTable {TABLE} at (0,3661) size 646x142 [border: (1px outset #808080)]
        RenderTableSection {TBODY} at (1,1) size 644x140
          RenderTableRow {TR} at (0,5) size 644x104
            RenderTableCell {TD} at (5,5) size 604x104 [border: (1px inset #808080)] [r=0 c=0 rs=1 cs=3]
              RenderImage {IMG} at (2,2) size 600x100
            RenderTableCell {TD} at (614,46) size 25x22 [border: (1px inset #808080)] [r=0 c=3 rs=1 cs=1]
              RenderText {#text} at (2,2) size 21x18
                text run at (2,3) width 21: "foo"
          RenderTableRow {TR} at (0,114) size 644x21
            RenderTableCell {TD} at (5,114) size 104x21 [border: (1px inset #808080)] [r=1 c=0 rs=1 cs=1]
              RenderText {#text} at (2,2) size 21x17
                text run at (2,2) width 21: "foo"
            RenderTableCell {TD} at (114,114) size 104x21 [border: (1px inset #808080)] [r=1 c=1 rs=1 cs=1]
              RenderText {#text} at (2,2) size 20x17
                text run at (2,2) width 20: "bar"
            RenderTableCell {TD} at (223,114) size 386x21 [border: (1px inset #808080)] [r=1 c=2 rs=1 cs=1]
              RenderText {#text} at (2,2) size 21x17
                text run at (2,2) width 21: "foo"
            RenderTableCell {TD} at (614,114) size 25x21 [border: (1px inset #808080)] [r=1 c=3 rs=1 cs=1]
              RenderText {#text} at (2,2) size 20x17
                text run at (2,2) width 20: "bar"
      RenderBlock (anonymous) at (0,3803) size 769x34
        RenderBR {BR} at (0,0) size 0x17
        RenderText {#text} at (0,17) size 502x17
          text run at (0,17) width 502: "1st cell with colspan=3 fixed at 600, 1st 2 cells in 2nd row fixed at 100, 2nd not"
      RenderTable {TABLE} at (0,3837) size 637x50 [border: (1px outset #808080)]
        RenderTableSection {TBODY} at (1,1) size 635x48
          RenderTableRow {TR} at (0,2) size 635x21
            RenderTableCell {TD} at (2,2) size 513x21 [border: (1px inset #808080)] [r=0 c=0 rs=1 cs=3]
              RenderText {#text} at (2,2) size 21x17
                text run at (2,2) width 21: "foo"
            RenderTableCell {TD} at (516,2) size 118x21 [border: (1px inset #808080)] [r=0 c=3 rs=1 cs=1]
              RenderText {#text} at (2,2) size 21x17
                text run at (2,2) width 21: "foo"
          RenderTableRow {TR} at (0,25) size 635x21
            RenderTableCell {TD} at (2,25) size 104x21 [border: (1px inset #808080)] [r=1 c=0 rs=1 cs=1]
              RenderText {#text} at (2,2) size 21x17
                text run at (2,2) width 21: "foo"
            RenderTableCell {TD} at (108,25) size 104x21 [border: (1px inset #808080)] [r=1 c=1 rs=1 cs=1]
              RenderText {#text} at (2,2) size 20x17
                text run at (2,2) width 20: "bar"
            RenderTableCell {TD} at (214,25) size 301x21 [border: (1px inset #808080)] [r=1 c=2 rs=1 cs=1]
              RenderText {#text} at (2,2) size 21x17
                text run at (2,2) width 21: "foo"
            RenderTableCell {TD} at (516,25) size 118x21 [border: (1px inset #808080)] [r=1 c=3 rs=1 cs=1]
              RenderText {#text} at (2,2) size 20x17
                text run at (2,2) width 20: "bar"
      RenderBlock (anonymous) at (0,3887) size 769x17
        RenderBR {BR} at (0,0) size 0x17
      RenderTable {TABLE} at (0,3904) size 25x21 [border: (1px outset #808080)]
        RenderTableCol {COLGROUP} at (0,0) size 0x0
          RenderTableCol {COL} at (0,0) size 0x0 [bgcolor=#FF0000]
          RenderTableCol {COL} at (0,0) size 0x0 [bgcolor=#0000FF]
        RenderTableSection {TBODY} at (1,1) size 23x19
          RenderTableRow {TR} at (0,0) size 23x19
            RenderTableCell {TD} at (0,0) size 23x19 [border: (1px inset #808080)] [r=0 c=0 rs=1 cs=2]
              RenderText {#text} at (1,1) size 21x17
                text run at (1,1) width 21: "foo"
      RenderBlock (anonymous) at (0,3925) size 769x17
        RenderBR {BR} at (0,0) size 0x17
      RenderTable {TABLE} at (0,3942) size 83x50 [border: (1px outset #808080)]
        RenderTableSection {TBODY} at (1,1) size 81x48
          RenderTableRow {TR} at (0,2) size 81x21
            RenderTableCell {TD} at (2,2) size 51x21 [border: (1px inset #808080)] [r=0 c=0 rs=1 cs=3]
              RenderText {#text} at (2,2) size 21x17
                text run at (2,2) width 21: "foo"
            RenderTableCell {TD} at (55,2) size 24x21 [border: (1px inset #808080)] [r=0 c=3 rs=1 cs=1]
              RenderText {#text} at (2,2) size 20x17
                text run at (2,2) width 20: "bar"
          RenderTableRow {TR} at (0,25) size 81x21
            RenderTableCell {TD} at (2,25) size 25x21 [border: (1px inset #808080)] [r=1 c=0 rs=1 cs=2]
              RenderText {#text} at (2,2) size 21x17
                text run at (2,2) width 21: "foo"
            RenderTableCell {TD} at (29,25) size 24x21 [border: (1px inset #808080)] [r=1 c=2 rs=1 cs=1]
              RenderText {#text} at (2,2) size 20x17
                text run at (2,2) width 20: "bar"
      RenderBlock (anonymous) at (0,3992) size 769x17
        RenderBR {BR} at (0,0) size 0x17
      RenderTable {TABLE} at (0,4009) size 769x56 [border: (1px outset #808080)]
        RenderTableSection {TBODY} at (1,1) size 767x54
          RenderTableRow {TR} at (0,0) size 767x27 [bgcolor=#CCCCFF]
            RenderTableCell {TD} at (0,0) size 768x27 [border: (1px inset #808080)] [r=0 c=0 rs=1 cs=3]
              RenderText {#text} at (739,5) size 24x17
                text run at (739,5) width 24: "edit"
          RenderTableRow {TR} at (0,27) size 767x27
            RenderTableCell {TD} at (0,27) size 460x27 [bgcolor=#DCDCDC] [border: (1px inset #808080)] [r=1 c=0 rs=1 cs=2]
              RenderText {#text} at (5,5) size 163x17
                text run at (5,5) width 163: "Top Stories from Reuters "
            RenderTableCell {TD} at (459,27) size 309x27 [bgcolor=#DCDCDC] [border: (1px inset #808080)] [r=1 c=2 rs=1 cs=1]
              RenderText {#text} at (196,5) size 107x17
                text run at (196,5) width 107: "Jun 11 12:30pm "
      RenderBlock (anonymous) at (0,4065) size 769x17
        RenderBR {BR} at (0,0) size 0x17
      RenderTable {TABLE} at (0,4082) size 200x33 [bgcolor=#FFFF00] [border: (1px outset #808080)]
        RenderTableSection {TBODY} at (1,1) size 198x31
          RenderTableRow {TR} at (0,2) size 198x27
            RenderTableCell {TD} at (2,5) size 88x21 [border: (1px inset #808080)] [r=0 c=0 rs=1 cs=1]
              RenderText {#text} at (2,2) size 21x17
                text run at (2,2) width 21: "foo"
            RenderTableCell {TD} at (91,2) size 106x27 [border: (1px inset #808080)] [r=0 c=1 rs=1 cs=1]
              RenderTable {TABLE} at (2,2) size 26x23 [bgcolor=#FFA500]
                RenderTableSection {TBODY} at (0,0) size 26x23
                  RenderTableRow {TR} at (0,2) size 26x19
                    RenderTableCell {TD} at (2,2) size 22x19 [r=0 c=0 rs=1 cs=1]
                      RenderText {#text} at (1,1) size 20x17
                        text run at (1,1) width 20: "bar"
      RenderBlock (anonymous) at (0,4115) size 769x17
        RenderBR {BR} at (0,0) size 0x17
      RenderTable {TABLE} at (0,4132) size 79x33 [border: (1px outset #808080)]
        RenderTableSection {TBODY} at (1,1) size 77x31
          RenderTableRow {TR} at (0,5) size 77x21
            RenderTableCell {TD} at (5,5) size 31x21 [border: (1px inset #808080)] [r=0 c=0 rs=1 cs=3]
              RenderText {#text} at (2,2) size 27x17
                text run at (2,2) width 27: "auto"
            RenderTableCell {TD} at (41,5) size 31x21 [border: (1px inset #808080)] [r=0 c=3 rs=1 cs=1]
              RenderText {#text} at (2,2) size 27x17
                text run at (2,2) width 27: "auto"
      RenderBlock (anonymous) at (0,4165) size 769x17
        RenderText {#text} at (0,0) size 459x17
          text run at (0,0) width 459: "min colspan is based on min with no fix involved - IE uses max(min,des)"
      RenderTable {TABLE} at (0,4182) size 162x50 [border: (1px outset #808080)]
        RenderTableSection {TBODY} at (1,1) size 160x48
          RenderTableRow {TR} at (0,2) size 160x21
            RenderTableCell {TD} at (2,2) size 157x21 [border: (1px inset #808080)] [r=0 c=0 rs=1 cs=2]
              RenderText {#text} at (2,2) size 152x17
                text run at (2,2) width 152: "xxxxxxxxxxxxxxxxxxx"
          RenderTableRow {TR} at (0,25) size 160x21
            RenderTableCell {TD} at (2,25) size 98x21 [border: (1px inset #808080)] [r=1 c=0 rs=1 cs=1]
              RenderText {#text} at (2,2) size 44x17
                text run at (2,2) width 44: "x x x x"
            RenderTableCell {TD} at (101,25) size 58x21 [border: (1px inset #808080)] [r=1 c=1 rs=1 cs=1]
              RenderText {#text} at (2,2) size 24x17
                text run at (2,2) width 24: "xxx"
      RenderBlock (anonymous) at (0,4232) size 769x34
        RenderBR {BR} at (0,0) size 0x17
        RenderText {#text} at (0,17) size 281x17
          text run at (0,17) width 281: "adj min is based on min with no fix involved"
      RenderTable {TABLE} at (0,4266) size 218x67 [border: (1px outset #808080)]
        RenderTableSection {TBODY} at (1,1) size 216x65
          RenderTableRow {TR} at (0,2) size 216x21
            RenderTableCell {TD} at (2,2) size 212x21 [border: (1px inset #808080)] [r=0 c=0 rs=1 cs=2]
              RenderText {#text} at (2,2) size 208x17
                text run at (2,2) width 208: "xxxxxxxxxxxxxxxxxxxyyyyyyy"
          RenderTableRow {TR} at (0,25) size 216x38
            RenderTableCell {TD} at (2,25) size 62x38 [border: (1px inset #808080)] [r=1 c=0 rs=1 cs=1]
              RenderText {#text} at (2,2) size 56x34
                text run at (2,2) width 56: "x x x x x"
                text run at (2,19) width 20: "x x"
            RenderTableCell {TD} at (66,33) size 148x22 [border: (1px inset #808080)] [r=1 c=1 rs=1 cs=1]
              RenderText {#text} at (2,2) size 144x18
                text run at (2,3) width 144: "xxxxxxxxxxxxxxxxxx"
      RenderBlock (anonymous) at (0,4333) size 769x34
        RenderBR {BR} at (0,0) size 0x17
        RenderText {#text} at (0,17) size 488x17
          text run at (0,17) width 488: "adj min is based on max(min, fix) differs from Nav4.6 which differs from IE5"
      RenderTable {TABLE} at (0,4367) size 194x50 [bgcolor=#00FF00] [border: (1px outset #808080)]
        RenderTableSection {TBODY} at (1,1) size 192x48
          RenderTableRow {TR} at (0,2) size 192x21
            RenderTableCell {TD} at (2,2) size 188x21 [border: (1px inset #808080)] [r=0 c=0 rs=1 cs=2]
              RenderText {#text} at (2,2) size 184x17
                text run at (2,2) width 184: "xxxxxxxcolspan2xxxxxxxxx"
          RenderTableRow {TR} at (0,25) size 192x21
            RenderTableCell {TD} at (2,25) size 82x21 [border: (1px inset #808080)] [r=1 c=0 rs=1 cs=1]
              RenderText {#text} at (2,2) size 32x17
                text run at (2,2) width 32: "x x x"
            RenderTableCell {TD} at (86,25) size 104x21 [border: (1px inset #808080)] [r=1 c=1 rs=1 cs=1]
              RenderText {#text} at (2,2) size 24x17
                text run at (2,2) width 24: "100"
      RenderBlock (anonymous) at (0,4417) size 769x17
        RenderBR {BR} at (0,0) size 0x17
      RenderTable {TABLE} at (0,4434) size 194x50 [bgcolor=#00FF00] [border: (1px outset #808080)]
        RenderTableSection {TBODY} at (1,1) size 192x48
          RenderTableRow {TR} at (0,2) size 192x21
            RenderTableCell {TD} at (2,2) size 188x21 [border: (1px inset #808080)] [r=0 c=0 rs=1 cs=2]
              RenderText {#text} at (2,2) size 184x17
                text run at (2,2) width 184: "xxxxxxxcolspan2xxxxxxxxx"
          RenderTableRow {TR} at (0,25) size 192x21
            RenderTableCell {TD} at (2,25) size 82x21 [border: (1px inset #808080)] [r=1 c=0 rs=1 cs=1]
              RenderText {#text} at (2,2) size 32x17
                text run at (2,2) width 32: "x x x"
            RenderTableCell {TD} at (86,25) size 104x21 [border: (1px inset #808080)] [r=1 c=1 rs=1 cs=1]
              RenderText {#text} at (2,2) size 80x17
                text run at (2,2) width 80: "100 100 100"
      RenderBlock (anonymous) at (0,4484) size 769x17
        RenderBR {BR} at (0,0) size 0x17
      RenderTable {TABLE} at (0,4501) size 194x67 [bgcolor=#00FF00] [border: (1px outset #808080)]
        RenderTableSection {TBODY} at (1,1) size 192x65
          RenderTableRow {TR} at (0,2) size 192x21
            RenderTableCell {TD} at (2,2) size 188x21 [border: (1px inset #808080)] [r=0 c=0 rs=1 cs=2]
              RenderText {#text} at (2,2) size 184x17
                text run at (2,2) width 184: "xxxxxxxcolspan2xxxxxxxxx"
          RenderTableRow {TR} at (0,25) size 192x38
            RenderTableCell {TD} at (2,25) size 82x38 [border: (1px inset #808080)] [r=1 c=0 rs=1 cs=1]
              RenderText {#text} at (2,2) size 52x34
                text run at (2,2) width 52: "xxx xxx"
                text run at (2,19) width 24: "xxx"
            RenderTableCell {TD} at (86,33) size 104x22 [border: (1px inset #808080)] [r=1 c=1 rs=1 cs=1]
              RenderText {#text} at (2,2) size 24x18
                text run at (2,3) width 24: "100"
      RenderBlock (anonymous) at (0,4568) size 769x17
        RenderBR {BR} at (0,0) size 0x17
      RenderTable {TABLE} at (0,4585) size 310x50 [border: (1px outset #808080)]
        RenderTableSection {TBODY} at (1,1) size 308x48
          RenderTableRow {TR} at (0,2) size 308x21
            RenderTableCell {TD} at (2,2) size 304x21 [border: (1px inset #808080)] [r=0 c=0 rs=1 cs=2]
              RenderText {#text} at (2,2) size 16x17
                text run at (2,2) width 16: "xx"
          RenderTableRow {TR} at (0,25) size 308x21
            RenderTableCell {TD} at (2,25) size 104x21 [border: (1px inset #808080)] [r=1 c=0 rs=1 cs=1]
              RenderText {#text} at (2,2) size 32x17
                text run at (2,2) width 32: "x x x"
            RenderTableCell {TD} at (108,25) size 198x21 [border: (1px inset #808080)] [r=1 c=1 rs=1 cs=1]
              RenderText {#text} at (2,2) size 27x17
                text run at (2,2) width 27: "auto"
      RenderBlock (anonymous) at (0,4635) size 769x17
        RenderBR {BR} at (0,0) size 0x17
      RenderTable {TABLE} at (0,4652) size 343x50 [border: (1px outset #808080)]
        RenderTableSection {TBODY} at (1,1) size 341x48
          RenderTableRow {TR} at (0,2) size 341x21
            RenderTableCell {TD} at (2,2) size 337x21 [border: (1px inset #808080)] [r=0 c=0 rs=1 cs=2]
              RenderText {#text} at (2,2) size 24x17
                text run at (2,2) width 24: "300"
          RenderTableRow {TR} at (0,25) size 341x21
            RenderTableCell {TD} at (2,25) size 304x21 [border: (1px inset #808080)] [r=1 c=0 rs=1 cs=1]
              RenderText {#text} at (2,2) size 52x17
                text run at (2,2) width 52: "400 400"
            RenderTableCell {TD} at (308,25) size 31x21 [border: (1px inset #808080)] [r=1 c=1 rs=1 cs=1]
              RenderText {#text} at (2,2) size 27x17
                text run at (2,2) width 27: "auto"
      RenderBlock (anonymous) at (0,4702) size 769x17
        RenderBR {BR} at (0,0) size 0x17
      RenderTable {TABLE} at (0,4719) size 310x50 [border: (1px outset #808080)]
        RenderTableSection {TBODY} at (1,1) size 308x48
          RenderTableRow {TR} at (0,2) size 308x21
            RenderTableCell {TD} at (2,2) size 304x21 [border: (1px inset #808080)] [r=0 c=0 rs=1 cs=2]
              RenderText {#text} at (2,2) size 52x17
                text run at (2,2) width 52: "300 300"
          RenderTableRow {TR} at (0,25) size 308x21
            RenderTableCell {TD} at (2,25) size 104x21 [border: (1px inset #808080)] [r=1 c=0 rs=1 cs=1]
              RenderText {#text} at (2,2) size 24x17
                text run at (2,2) width 24: "100"
            RenderTableCell {TD} at (108,25) size 198x21 [border: (1px inset #808080)] [r=1 c=1 rs=1 cs=1]
              RenderText {#text} at (2,2) size 89x17
                text run at (2,2) width 89: "auto auto auto"
      RenderBlock (anonymous) at (0,4769) size 769x17
        RenderBR {BR} at (0,0) size 0x17
      RenderTable {TABLE} at (0,4786) size 484x67 [border: (1px outset #808080)]
        RenderTableSection {TBODY} at (1,1) size 482x65
          RenderTableRow {TR} at (0,2) size 482x38
            RenderTableCell {TD} at (2,2) size 478x38 [border: (1px inset #808080)] [r=0 c=0 rs=1 cs=2]
              RenderText {#text} at (2,2) size 468x34
                text run at (2,2) width 468: "300 300 300 300 300 300 300 300 300 300 300 300 300 300 300300 300"
                text run at (2,19) width 80: "300 300 300"
          RenderTableRow {TR} at (0,42) size 482x21
            RenderTableCell {TD} at (2,42) size 104x21 [border: (1px inset #808080)] [r=1 c=0 rs=1 cs=1]
              RenderText {#text} at (2,2) size 24x17
                text run at (2,2) width 24: "100"
            RenderTableCell {TD} at (108,42) size 372x21 [border: (1px inset #808080)] [r=1 c=1 rs=1 cs=1]
              RenderText {#text} at (2,2) size 368x17
                text run at (2,2) width 368: "auto auto auto auto auto auto auto auto auto auto auto auto"
      RenderBlock (anonymous) at (0,4853) size 769x17
        RenderBR {BR} at (0,0) size 0x17
      RenderTable {TABLE} at (0,4870) size 310x50 [border: (1px outset #808080)]
        RenderTableSection {TBODY} at (1,1) size 308x48
          RenderTableRow {TR} at (0,2) size 308x21
            RenderTableCell {TD} at (2,2) size 304x21 [border: (1px inset #808080)] [r=0 c=0 rs=1 cs=2]
              RenderText {#text} at (2,2) size 24x17
                text run at (2,2) width 24: "300"
          RenderTableRow {TR} at (0,25) size 308x21
            RenderTableCell {TD} at (2,25) size 104x21 [border: (1px inset #808080)] [r=1 c=0 rs=1 cs=1]
              RenderText {#text} at (2,2) size 24x17
                text run at (2,2) width 24: "100"
            RenderTableCell {TD} at (108,25) size 198x21 [border: (1px inset #808080)] [r=1 c=1 rs=1 cs=1]
              RenderText {#text} at (2,2) size 27x17
                text run at (2,2) width 27: "auto"
      RenderBlock (anonymous) at (0,4920) size 769x17
        RenderBR {BR} at (0,0) size 0x17
      RenderTable {TABLE} at (0,4937) size 223x50 [border: (1px outset #808080)]
        RenderTableSection {TBODY} at (1,1) size 221x48
          RenderTableRow {TR} at (0,2) size 221x21
            RenderTableCell {TD} at (2,2) size 217x21 [border: (1px inset #808080)] [r=0 c=0 rs=1 cs=2]
              RenderText {#text} at (2,2) size 213x17
                text run at (2,2) width 213: "auto auto auto auto auto auto auto"
          RenderTableRow {TR} at (0,25) size 221x21
            RenderTableCell {TD} at (2,25) size 104x21 [border: (1px inset #808080)] [r=1 c=0 rs=1 cs=1]
              RenderText {#text} at (2,2) size 24x17
                text run at (2,2) width 24: "100"
            RenderTableCell {TD} at (108,25) size 111x21 [border: (1px inset #808080)] [r=1 c=1 rs=1 cs=1]
              RenderText {#text} at (2,2) size 89x17
                text run at (2,2) width 89: "auto auto auto"
      RenderBlock (anonymous) at (0,4987) size 769x17
        RenderText {#text} at (0,0) size 252x17
          text run at (0,0) width 252: "fixed table looks more like IE than Nav "
        RenderBR {BR} at (252,14) size 0x0
      RenderTable {TABLE} at (0,5004) size 150x214 [border: (1px outset #808080)]
        RenderTableSection {TBODY} at (1,1) size 148x212
          RenderTableRow {TR} at (0,2) size 148x208
            RenderTableCell {TD} at (2,95) size 104x22 [border: (1px inset #808080)] [r=0 c=0 rs=1 cs=1]
              RenderText {#text} at (2,2) size 24x18
                text run at (2,3) width 24: "100"
            RenderTableCell {TD} at (108,2) size 38x208 [border: (1px inset #808080)] [r=0 c=1 rs=1 cs=1]
              RenderText {#text} at (2,2) size 27x204
                text run at (2,2) width 27: "auto"
                text run at (2,19) width 27: "auto"
                text run at (2,36) width 27: "auto"
                text run at (2,53) width 27: "auto"
                text run at (2,70) width 27: "auto"
                text run at (2,87) width 27: "auto"
                text run at (2,104) width 27: "auto"
                text run at (2,121) width 27: "auto"
                text run at (2,138) width 27: "auto"
                text run at (2,155) width 27: "auto"
                text run at (2,172) width 27: "auto"
                text run at (2,189) width 27: "auto"
