layer at (0,0) size 785x2290
  RenderView at (0,0) size 785x600
layer at (0,0) size 785x2290
  RenderBlock {HTML} at (0,0) size 785x2291
    RenderBody {BODY} at (8,21) size 769x2262
      RenderBlock {H1} at (0,0) size 769x36
        RenderText {#text} at (0,0) size 541x36
          text run at (0,0) width 541: "Problems with COLSPAN and WIDTH"
      RenderBlock {P} at (0,57) size 769x18
        RenderText {#text} at (0,0) size 254x17
          text run at (0,0) width 254: "Each block of tables should be identical."
      RenderBlock {H2} at (0,94) size 769x27
        RenderText {#text} at (0,0) size 129x26
          text run at (0,0) width 129: "Sized Tables"
      RenderBlock {P} at (0,140) size 769x35
        RenderText {#text} at (0,0) size 732x34
          text run at (0,0) width 732: "The following tables have width=400, which should make them the same width as the red lines which are caused by"
          text run at (0,17) width 39: "DIVs:"
      RenderBlock {H3} at (0,192) size 769x22
        RenderText {#text} at (0,0) size 65x21
          text run at (0,0) width 65: "260/140"
      RenderBlock {DIV} at (0,232) size 406x7 [border: (3px solid #FF0000)]
      RenderTable {TABLE} at (0,238) size 400x45
        RenderTableSection {TBODY} at (0,0) size 400x44
          RenderTableRow {TR} at (0,2) size 400x19
            RenderTableCell {TD} at (2,2) size 252x19 [bgcolor=#00FF00] [r=0 c=0 rs=1 cs=1]
              RenderText {#text} at (1,1) size 31x17
                text run at (1,1) width 31: "plain"
            RenderTableCell {TD} at (256,2) size 142x19 [bgcolor=#FFFF00] [r=0 c=1 rs=1 cs=1]
              RenderText {#text} at (1,1) size 69x17
                text run at (1,1) width 69: "width=140"
          RenderTableRow {TR} at (0,23) size 400x19
            RenderTableCell {TD} at (2,23) size 396x19 [bgcolor=#FF00FF] [r=1 c=0 rs=1 cs=2]
              RenderText {#text} at (1,1) size 138x17
                text run at (1,1) width 138: "colspan=2 width=400"
      RenderBlock {DIV} at (0,282) size 406x7 [border: (3px solid #FF0000)]
      RenderTable {TABLE} at (0,288) size 400x45
        RenderTableSection {TBODY} at (0,0) size 400x44
          RenderTableRow {TR} at (0,2) size 400x19
            RenderTableCell {TD} at (2,2) size 262x19 [bgcolor=#00FF00] [r=0 c=0 rs=1 cs=1]
              RenderText {#text} at (1,1) size 69x17
                text run at (1,1) width 69: "width=260"
            RenderTableCell {TD} at (266,2) size 132x19 [bgcolor=#FFFF00] [r=0 c=1 rs=1 cs=1]
              RenderText {#text} at (1,1) size 31x17
                text run at (1,1) width 31: "plain"
          RenderTableRow {TR} at (0,23) size 400x19
            RenderTableCell {TD} at (2,23) size 396x19 [bgcolor=#FF00FF] [r=1 c=0 rs=1 cs=2]
              RenderText {#text} at (1,1) size 138x17
                text run at (1,1) width 138: "colspan=2 width=400"
      RenderBlock {DIV} at (0,332) size 406x7 [border: (3px solid #FF0000)]
      RenderTable {TABLE} at (0,338) size 400x45
        RenderTableSection {TBODY} at (0,0) size 400x44
          RenderTableRow {TR} at (0,2) size 400x19
            RenderTableCell {TD} at (2,2) size 255x19 [bgcolor=#00FF00] [r=0 c=0 rs=1 cs=1]
              RenderText {#text} at (1,1) size 69x17
                text run at (1,1) width 69: "width=260"
            RenderTableCell {TD} at (258,2) size 141x19 [bgcolor=#FFFF00] [r=0 c=1 rs=1 cs=1]
              RenderText {#text} at (1,1) size 69x17
                text run at (1,1) width 69: "width=140"
          RenderTableRow {TR} at (0,23) size 400x19
            RenderTableCell {TD} at (2,23) size 397x19 [bgcolor=#FF00FF] [r=1 c=0 rs=1 cs=2]
              RenderText {#text} at (1,1) size 138x17
                text run at (1,1) width 138: "colspan=2 width=400"
      RenderBlock {DIV} at (0,382) size 406x7 [border: (3px solid #FF0000)]
      RenderTable {TABLE} at (0,388) size 400x45
        RenderTableSection {TBODY} at (0,0) size 400x44
          RenderTableRow {TR} at (0,2) size 400x19
            RenderTableCell {TD} at (2,2) size 255x19 [bgcolor=#00FF00] [r=0 c=0 rs=1 cs=1]
              RenderText {#text} at (1,1) size 69x17
                text run at (1,1) width 69: "width=260"
            RenderTableCell {TD} at (258,2) size 141x19 [bgcolor=#FFFF00] [r=0 c=1 rs=1 cs=1]
              RenderText {#text} at (1,1) size 69x17
                text run at (1,1) width 69: "width=140"
          RenderTableRow {TR} at (0,23) size 400x19
            RenderTableCell {TD} at (2,23) size 397x19 [bgcolor=#FF00FF] [r=1 c=0 rs=1 cs=2]
              RenderText {#text} at (1,1) size 65x17
                text run at (1,1) width 65: "colspan=2"
      RenderBlock {DIV} at (0,432) size 406x7 [border: (3px solid #FF0000)]
      RenderTable {TABLE} at (0,438) size 400x45
        RenderTableSection {TBODY} at (0,0) size 400x44
          RenderTableRow {TR} at (0,2) size 400x19
            RenderTableCell {TD} at (2,2) size 257x19 [bgcolor=#00FF00] [r=0 c=0 rs=1 cs=1]
              RenderText {#text} at (1,1) size 74x17
                text run at (1,1) width 74: "width=65%"
            RenderTableCell {TD} at (260,2) size 138x19 [bgcolor=#FFFF00] [r=0 c=1 rs=1 cs=1]
              RenderText {#text} at (1,1) size 31x17
                text run at (1,1) width 31: "plain"
          RenderTableRow {TR} at (0,23) size 400x19
            RenderTableCell {TD} at (2,23) size 396x19 [bgcolor=#FF00FF] [r=1 c=0 rs=1 cs=2]
              RenderText {#text} at (1,1) size 65x17
                text run at (1,1) width 65: "colspan=2"
      RenderBlock {DIV} at (0,482) size 406x7 [border: (3px solid #FF0000)]
      RenderTable {TABLE} at (0,488) size 400x45
        RenderTableSection {TBODY} at (0,0) size 400x44
          RenderTableRow {TR} at (0,2) size 400x19
            RenderTableCell {TD} at (2,2) size 257x19 [bgcolor=#00FF00] [r=0 c=0 rs=1 cs=1]
              RenderText {#text} at (1,1) size 31x17
                text run at (1,1) width 31: "plain"
            RenderTableCell {TD} at (260,2) size 138x19 [bgcolor=#FFFF00] [r=0 c=1 rs=1 cs=1]
              RenderText {#text} at (1,1) size 74x17
                text run at (1,1) width 74: "width=35%"
          RenderTableRow {TR} at (0,23) size 400x19
            RenderTableCell {TD} at (2,23) size 396x19 [bgcolor=#FF00FF] [r=1 c=0 rs=1 cs=2]
              RenderText {#text} at (1,1) size 65x17
                text run at (1,1) width 65: "colspan=2"
      RenderBlock {DIV} at (0,532) size 406x7 [border: (3px solid #FF0000)]
      RenderTable {TABLE} at (0,538) size 400x45
        RenderTableSection {TBODY} at (0,0) size 400x44
          RenderTableRow {TR} at (0,2) size 400x19
            RenderTableCell {TD} at (2,2) size 257x19 [bgcolor=#00FF00] [r=0 c=0 rs=1 cs=1]
              RenderText {#text} at (1,1) size 74x17
                text run at (1,1) width 74: "width=65%"
            RenderTableCell {TD} at (260,2) size 139x19 [bgcolor=#FFFF00] [r=0 c=1 rs=1 cs=1]
              RenderText {#text} at (1,1) size 74x17
                text run at (1,1) width 74: "width=35%"
          RenderTableRow {TR} at (0,23) size 400x19
            RenderTableCell {TD} at (2,23) size 397x19 [bgcolor=#FF00FF] [r=1 c=0 rs=1 cs=2]
              RenderText {#text} at (1,1) size 65x17
                text run at (1,1) width 65: "colspan=2"
      RenderBlock {DIV} at (0,582) size 406x7 [border: (3px solid #FF0000)]
      RenderBlock {H3} at (0,607) size 769x22
        RenderText {#text} at (0,0) size 65x21
          text run at (0,0) width 65: "140/260"
      RenderBlock {DIV} at (0,647) size 406x7 [border: (3px solid #FF0000)]
      RenderTable {TABLE} at (0,653) size 400x45
        RenderTableSection {TBODY} at (0,0) size 400x44
          RenderTableRow {TR} at (0,2) size 400x19
            RenderTableCell {TD} at (2,2) size 143x19 [bgcolor=#00FF00] [r=0 c=0 rs=1 cs=1]
              RenderText {#text} at (1,1) size 69x17
                text run at (1,1) width 69: "width=140"
            RenderTableCell {TD} at (146,2) size 253x19 [bgcolor=#FFFF00] [r=0 c=1 rs=1 cs=1]
              RenderText {#text} at (1,1) size 31x17
                text run at (1,1) width 31: "plain"
          RenderTableRow {TR} at (0,23) size 400x19
            RenderTableCell {TD} at (2,23) size 397x19 [bgcolor=#FF00FF] [r=1 c=0 rs=1 cs=2]
              RenderText {#text} at (1,1) size 138x17
                text run at (1,1) width 138: "colspan=2 width=400"
      RenderBlock {DIV} at (0,697) size 406x7 [border: (3px solid #FF0000)]
      RenderTable {TABLE} at (0,703) size 400x45
        RenderTableSection {TBODY} at (0,0) size 400x44
          RenderTableRow {TR} at (0,2) size 400x19
            RenderTableCell {TD} at (2,2) size 132x19 [bgcolor=#00FF00] [r=0 c=0 rs=1 cs=1]
              RenderText {#text} at (1,1) size 31x17
                text run at (1,1) width 31: "plain"
            RenderTableCell {TD} at (136,2) size 262x19 [bgcolor=#FFFF00] [r=0 c=1 rs=1 cs=1]
              RenderText {#text} at (1,1) size 69x17
                text run at (1,1) width 69: "width=260"
          RenderTableRow {TR} at (0,23) size 400x19
            RenderTableCell {TD} at (2,23) size 396x19 [bgcolor=#FF00FF] [r=1 c=0 rs=1 cs=2]
              RenderText {#text} at (1,1) size 138x17
                text run at (1,1) width 138: "colspan=2 width=400"
      RenderBlock {DIV} at (0,747) size 406x7 [border: (3px solid #FF0000)]
      RenderTable {TABLE} at (0,753) size 400x45
        RenderTableSection {TBODY} at (0,0) size 400x44
          RenderTableRow {TR} at (0,2) size 400x19
            RenderTableCell {TD} at (2,2) size 140x19 [bgcolor=#00FF00] [r=0 c=0 rs=1 cs=1]
              RenderText {#text} at (1,1) size 69x17
                text run at (1,1) width 69: "width=140"
            RenderTableCell {TD} at (143,2) size 256x19 [bgcolor=#FFFF00] [r=0 c=1 rs=1 cs=1]
              RenderText {#text} at (1,1) size 69x17
                text run at (1,1) width 69: "width=260"
          RenderTableRow {TR} at (0,23) size 400x19
            RenderTableCell {TD} at (2,23) size 397x19 [bgcolor=#FF00FF] [r=1 c=0 rs=1 cs=2]
              RenderText {#text} at (1,1) size 138x17
                text run at (1,1) width 138: "colspan=2 width=400"
      RenderBlock {DIV} at (0,797) size 406x7 [border: (3px solid #FF0000)]
      RenderTable {TABLE} at (0,803) size 400x45
        RenderTableSection {TBODY} at (0,0) size 400x44
          RenderTableRow {TR} at (0,2) size 400x19
            RenderTableCell {TD} at (2,2) size 140x19 [bgcolor=#00FF00] [r=0 c=0 rs=1 cs=1]
              RenderText {#text} at (1,1) size 69x17
                text run at (1,1) width 69: "width=140"
            RenderTableCell {TD} at (143,2) size 256x19 [bgcolor=#FFFF00] [r=0 c=1 rs=1 cs=1]
              RenderText {#text} at (1,1) size 69x17
                text run at (1,1) width 69: "width=260"
          RenderTableRow {TR} at (0,23) size 400x19
            RenderTableCell {TD} at (2,23) size 397x19 [bgcolor=#FF00FF] [r=1 c=0 rs=1 cs=2]
              RenderText {#text} at (1,1) size 65x17
                text run at (1,1) width 65: "colspan=2"
      RenderBlock {DIV} at (0,847) size 406x7 [border: (3px solid #FF0000)]
      RenderTable {TABLE} at (0,853) size 400x45
        RenderTableSection {TBODY} at (0,0) size 400x44
          RenderTableRow {TR} at (0,2) size 400x19
            RenderTableCell {TD} at (2,2) size 138x19 [bgcolor=#00FF00] [r=0 c=0 rs=1 cs=1]
              RenderText {#text} at (1,1) size 74x17
                text run at (1,1) width 74: "width=35%"
            RenderTableCell {TD} at (141,2) size 257x19 [bgcolor=#FFFF00] [r=0 c=1 rs=1 cs=1]
              RenderText {#text} at (1,1) size 31x17
                text run at (1,1) width 31: "plain"
          RenderTableRow {TR} at (0,23) size 400x19
            RenderTableCell {TD} at (2,23) size 396x19 [bgcolor=#FF00FF] [r=1 c=0 rs=1 cs=2]
              RenderText {#text} at (1,1) size 65x17
                text run at (1,1) width 65: "colspan=2"
      RenderBlock {DIV} at (0,897) size 406x7 [border: (3px solid #FF0000)]
      RenderTable {TABLE} at (0,903) size 400x45
        RenderTableSection {TBODY} at (0,0) size 400x44
          RenderTableRow {TR} at (0,2) size 400x19
            RenderTableCell {TD} at (2,2) size 138x19 [bgcolor=#00FF00] [r=0 c=0 rs=1 cs=1]
              RenderText {#text} at (1,1) size 31x17
                text run at (1,1) width 31: "plain"
            RenderTableCell {TD} at (141,2) size 257x19 [bgcolor=#FFFF00] [r=0 c=1 rs=1 cs=1]
              RenderText {#text} at (1,1) size 74x17
                text run at (1,1) width 74: "width=65%"
          RenderTableRow {TR} at (0,23) size 400x19
            RenderTableCell {TD} at (2,23) size 396x19 [bgcolor=#FF00FF] [r=1 c=0 rs=1 cs=2]
              RenderText {#text} at (1,1) size 65x17
                text run at (1,1) width 65: "colspan=2"
      RenderBlock {DIV} at (0,947) size 406x7 [border: (3px solid #FF0000)]
      RenderTable {TABLE} at (0,953) size 400x45
        RenderTableSection {TBODY} at (0,0) size 400x44
          RenderTableRow {TR} at (0,2) size 400x19
            RenderTableCell {TD} at (2,2) size 138x19 [bgcolor=#00FF00] [r=0 c=0 rs=1 cs=1]
              RenderText {#text} at (1,1) size 74x17
                text run at (1,1) width 74: "width=35%"
            RenderTableCell {TD} at (141,2) size 258x19 [bgcolor=#FFFF00] [r=0 c=1 rs=1 cs=1]
              RenderText {#text} at (1,1) size 74x17
                text run at (1,1) width 74: "width=65%"
          RenderTableRow {TR} at (0,23) size 400x19
            RenderTableCell {TD} at (2,23) size 397x19 [bgcolor=#FF00FF] [r=1 c=0 rs=1 cs=2]
              RenderText {#text} at (1,1) size 65x17
                text run at (1,1) width 65: "colspan=2"
      RenderBlock {DIV} at (0,997) size 406x7 [border: (3px solid #FF0000)]
      RenderBlock {H3} at (0,1021) size 769x22
        RenderText {#text} at (0,0) size 39x21
          text run at (0,0) width 39: "50%"
      RenderBlock {DIV} at (0,1061) size 406x7 [border: (3px solid #FF0000)]
      RenderTable {TABLE} at (0,1067) size 400x45
        RenderTableSection {TBODY} at (0,0) size 400x44
          RenderTableRow {TR} at (0,2) size 400x19
            RenderTableCell {TD} at (2,2) size 197x19 [bgcolor=#00FF00] [r=0 c=0 rs=1 cs=1]
              RenderText {#text} at (1,1) size 74x17
                text run at (1,1) width 74: "width=50%"
            RenderTableCell {TD} at (201,2) size 197x19 [bgcolor=#FFFF00] [r=0 c=1 rs=1 cs=1]
              RenderText {#text} at (1,1) size 31x17
                text run at (1,1) width 31: "plain"
          RenderTableRow {TR} at (0,23) size 400x19
            RenderTableCell {TD} at (2,23) size 396x19 [bgcolor=#FF00FF] [r=1 c=0 rs=1 cs=2]
              RenderText {#text} at (1,1) size 138x17
                text run at (1,1) width 138: "colspan=2 width=400"
      RenderBlock {DIV} at (0,1111) size 406x7 [border: (3px solid #FF0000)]
      RenderTable {TABLE} at (0,1117) size 400x45
        RenderTableSection {TBODY} at (0,0) size 400x44
          RenderTableRow {TR} at (0,2) size 400x19
            RenderTableCell {TD} at (2,2) size 197x19 [bgcolor=#00FF00] [r=0 c=0 rs=1 cs=1]
              RenderText {#text} at (1,1) size 31x17
                text run at (1,1) width 31: "plain"
            RenderTableCell {TD} at (201,2) size 197x19 [bgcolor=#FFFF00] [r=0 c=1 rs=1 cs=1]
              RenderText {#text} at (1,1) size 74x17
                text run at (1,1) width 74: "width=50%"
          RenderTableRow {TR} at (0,23) size 400x19
            RenderTableCell {TD} at (2,23) size 396x19 [bgcolor=#FF00FF] [r=1 c=0 rs=1 cs=2]
              RenderText {#text} at (1,1) size 138x17
                text run at (1,1) width 138: "colspan=2 width=400"
      RenderBlock {DIV} at (0,1161) size 406x7 [border: (3px solid #FF0000)]
      RenderTable {TABLE} at (0,1167) size 400x45
        RenderTableSection {TBODY} at (0,0) size 400x44
          RenderTableRow {TR} at (0,2) size 400x19
            RenderTableCell {TD} at (2,2) size 197x19 [bgcolor=#00FF00] [r=0 c=0 rs=1 cs=1]
              RenderText {#text} at (1,1) size 74x17
                text run at (1,1) width 74: "width=50%"
            RenderTableCell {TD} at (201,2) size 197x19 [bgcolor=#FFFF00] [r=0 c=1 rs=1 cs=1]
              RenderText {#text} at (1,1) size 74x17
                text run at (1,1) width 74: "width=50%"
          RenderTableRow {TR} at (0,23) size 400x19
            RenderTableCell {TD} at (2,23) size 396x19 [bgcolor=#FF00FF] [r=1 c=0 rs=1 cs=2]
              RenderText {#text} at (1,1) size 138x17
                text run at (1,1) width 138: "colspan=2 width=400"
      RenderBlock {DIV} at (0,1211) size 406x7 [border: (3px solid #FF0000)]
      RenderTable {TABLE} at (0,1217) size 400x45
        RenderTableSection {TBODY} at (0,0) size 400x44
          RenderTableRow {TR} at (0,2) size 400x19
            RenderTableCell {TD} at (2,2) size 197x19 [bgcolor=#00FF00] [r=0 c=0 rs=1 cs=1]
              RenderText {#text} at (1,1) size 31x17
                text run at (1,1) width 31: "plain"
            RenderTableCell {TD} at (201,2) size 197x19 [bgcolor=#FFFF00] [r=0 c=1 rs=1 cs=1]
              RenderText {#text} at (1,1) size 31x17
                text run at (1,1) width 31: "plain"
          RenderTableRow {TR} at (0,23) size 400x19
            RenderTableCell {TD} at (2,23) size 396x19 [bgcolor=#FF00FF] [r=1 c=0 rs=1 cs=2]
              RenderText {#text} at (1,1) size 138x17
                text run at (1,1) width 138: "colspan=2 width=400"
      RenderBlock {DIV} at (0,1261) size 406x7 [border: (3px solid #FF0000)]
      RenderTable {TABLE} at (0,1267) size 400x45
        RenderTableSection {TBODY} at (0,0) size 400x44
          RenderTableRow {TR} at (0,2) size 400x19
            RenderTableCell {TD} at (2,2) size 197x19 [bgcolor=#00FF00] [r=0 c=0 rs=1 cs=1]
              RenderText {#text} at (1,1) size 69x17
                text run at (1,1) width 69: "width=200"
            RenderTableCell {TD} at (201,2) size 197x19 [bgcolor=#FFFF00] [r=0 c=1 rs=1 cs=1]
              RenderText {#text} at (1,1) size 69x17
                text run at (1,1) width 69: "width=200"
          RenderTableRow {TR} at (0,23) size 400x19
            RenderTableCell {TD} at (2,23) size 396x19 [bgcolor=#FF00FF] [r=1 c=0 rs=1 cs=2]
              RenderText {#text} at (1,1) size 65x17
                text run at (1,1) width 65: "colspan=2"
      RenderBlock {DIV} at (0,1311) size 406x7 [border: (3px solid #FF0000)]
      RenderBlock {H2} at (0,1337) size 769x27
        RenderText {#text} at (0,0) size 230x26
          text run at (0,0) width 230: "Tables Without Width"
      RenderBlock {P} at (0,1383) size 769x35
        RenderText {#text} at (0,0) size 753x34
          text run at (0,0) width 753: "The following tables have no width. They should still be the same size, by virtue of them having a 400 pixel cell and no"
          text run at (0,17) width 154: "padding/margin/borders."
      RenderBlock {H3} at (0,1436) size 769x22
        RenderText {#text} at (0,0) size 65x21
          text run at (0,0) width 65: "260/140"
      RenderBlock {DIV} at (0,1475) size 406x7 [border: (3px solid #FF0000)]
      RenderTable {TABLE} at (0,1481) size 406x45
        RenderTableSection {TBODY} at (0,0) size 406x44
          RenderTableRow {TR} at (0,2) size 406x19
            RenderTableCell {TD} at (2,2) size 258x19 [bgcolor=#00FF00] [r=0 c=0 rs=1 cs=1]
              RenderText {#text} at (1,1) size 31x17
                text run at (1,1) width 31: "plain"
            RenderTableCell {TD} at (262,2) size 142x19 [bgcolor=#FFFF00] [r=0 c=1 rs=1 cs=1]
              RenderText {#text} at (1,1) size 69x17
                text run at (1,1) width 69: "width=140"
          RenderTableRow {TR} at (0,23) size 406x19
            RenderTableCell {TD} at (2,23) size 402x19 [bgcolor=#FF00FF] [r=1 c=0 rs=1 cs=2]
              RenderText {#text} at (1,1) size 138x17
                text run at (1,1) width 138: "colspan=2 width=400"
      RenderBlock {DIV} at (0,1525) size 406x7 [border: (3px solid #FF0000)]
      RenderTable {TABLE} at (0,1531) size 406x45
        RenderTableSection {TBODY} at (0,0) size 406x44
          RenderTableRow {TR} at (0,2) size 406x19
            RenderTableCell {TD} at (2,2) size 262x19 [bgcolor=#00FF00] [r=0 c=0 rs=1 cs=1]
              RenderText {#text} at (1,1) size 69x17
                text run at (1,1) width 69: "width=260"
            RenderTableCell {TD} at (266,2) size 138x19 [bgcolor=#FFFF00] [r=0 c=1 rs=1 cs=1]
              RenderText {#text} at (1,1) size 31x17
                text run at (1,1) width 31: "plain"
          RenderTableRow {TR} at (0,23) size 406x19
            RenderTableCell {TD} at (2,23) size 402x19 [bgcolor=#FF00FF] [r=1 c=0 rs=1 cs=2]
              RenderText {#text} at (1,1) size 138x17
                text run at (1,1) width 138: "colspan=2 width=400"
      RenderBlock {DIV} at (0,1575) size 406x7 [border: (3px solid #FF0000)]
      RenderTable {TABLE} at (0,1581) size 410x45
        RenderTableSection {TBODY} at (0,0) size 410x44
          RenderTableRow {TR} at (0,2) size 410x19
            RenderTableCell {TD} at (2,2) size 262x19 [bgcolor=#00FF00] [r=0 c=0 rs=1 cs=1]
              RenderText {#text} at (1,1) size 69x17
                text run at (1,1) width 69: "width=260"
            RenderTableCell {TD} at (266,2) size 142x19 [bgcolor=#FFFF00] [r=0 c=1 rs=1 cs=1]
              RenderText {#text} at (1,1) size 69x17
                text run at (1,1) width 69: "width=140"
          RenderTableRow {TR} at (0,23) size 410x19
            RenderTableCell {TD} at (2,23) size 406x19 [bgcolor=#FF00FF] [r=1 c=0 rs=1 cs=2]
              RenderText {#text} at (1,1) size 138x17
                text run at (1,1) width 138: "colspan=2 width=400"
      RenderBlock {DIV} at (0,1625) size 406x7 [border: (3px solid #FF0000)]
      RenderTable {TABLE} at (0,1631) size 410x45
        RenderTableSection {TBODY} at (0,0) size 410x44
          RenderTableRow {TR} at (0,2) size 410x19
            RenderTableCell {TD} at (2,2) size 262x19 [bgcolor=#00FF00] [r=0 c=0 rs=1 cs=1]
              RenderText {#text} at (1,1) size 69x17
                text run at (1,1) width 69: "width=260"
            RenderTableCell {TD} at (266,2) size 142x19 [bgcolor=#FFFF00] [r=0 c=1 rs=1 cs=1]
              RenderText {#text} at (1,1) size 69x17
                text run at (1,1) width 69: "width=140"
          RenderTableRow {TR} at (0,23) size 410x19
            RenderTableCell {TD} at (2,23) size 406x19 [bgcolor=#FF00FF] [r=1 c=0 rs=1 cs=2]
              RenderText {#text} at (1,1) size 65x17
                text run at (1,1) width 65: "colspan=2"
      RenderBlock {DIV} at (0,1675) size 406x7 [border: (3px solid #FF0000)]
      RenderBlock {H3} at (0,1700) size 769x22
        RenderText {#text} at (0,0) size 65x21
          text run at (0,0) width 65: "140/260"
      RenderBlock {DIV} at (0,1740) size 406x7 [border: (3px solid #FF0000)]
      RenderTable {TABLE} at (0,1746) size 406x45
        RenderTableSection {TBODY} at (0,0) size 406x44
          RenderTableRow {TR} at (0,2) size 406x19
            RenderTableCell {TD} at (2,2) size 142x19 [bgcolor=#00FF00] [r=0 c=0 rs=1 cs=1]
              RenderText {#text} at (1,1) size 69x17
                text run at (1,1) width 69: "width=140"
            RenderTableCell {TD} at (146,2) size 258x19 [bgcolor=#FFFF00] [r=0 c=1 rs=1 cs=1]
              RenderText {#text} at (1,1) size 31x17
                text run at (1,1) width 31: "plain"
          RenderTableRow {TR} at (0,23) size 406x19
            RenderTableCell {TD} at (2,23) size 402x19 [bgcolor=#FF00FF] [r=1 c=0 rs=1 cs=2]
              RenderText {#text} at (1,1) size 138x17
                text run at (1,1) width 138: "colspan=2 width=400"
      RenderBlock {DIV} at (0,1790) size 406x7 [border: (3px solid #FF0000)]
      RenderTable {TABLE} at (0,1796) size 406x45
        RenderTableSection {TBODY} at (0,0) size 406x44
          RenderTableRow {TR} at (0,2) size 406x19
            RenderTableCell {TD} at (2,2) size 138x19 [bgcolor=#00FF00] [r=0 c=0 rs=1 cs=1]
              RenderText {#text} at (1,1) size 31x17
                text run at (1,1) width 31: "plain"
            RenderTableCell {TD} at (142,2) size 262x19 [bgcolor=#FFFF00] [r=0 c=1 rs=1 cs=1]
              RenderText {#text} at (1,1) size 69x17
                text run at (1,1) width 69: "width=260"
          RenderTableRow {TR} at (0,23) size 406x19
            RenderTableCell {TD} at (2,23) size 402x19 [bgcolor=#FF00FF] [r=1 c=0 rs=1 cs=2]
              RenderText {#text} at (1,1) size 138x17
                text run at (1,1) width 138: "colspan=2 width=400"
      RenderBlock {DIV} at (0,1840) size 406x7 [border: (3px solid #FF0000)]
      RenderTable {TABLE} at (0,1846) size 410x45
        RenderTableSection {TBODY} at (0,0) size 410x44
          RenderTableRow {TR} at (0,2) size 410x19
            RenderTableCell {TD} at (2,2) size 142x19 [bgcolor=#00FF00] [r=0 c=0 rs=1 cs=1]
              RenderText {#text} at (1,1) size 69x17
                text run at (1,1) width 69: "width=140"
            RenderTableCell {TD} at (146,2) size 262x19 [bgcolor=#FFFF00] [r=0 c=1 rs=1 cs=1]
              RenderText {#text} at (1,1) size 69x17
                text run at (1,1) width 69: "width=260"
          RenderTableRow {TR} at (0,23) size 410x19
            RenderTableCell {TD} at (2,23) size 406x19 [bgcolor=#FF00FF] [r=1 c=0 rs=1 cs=2]
              RenderText {#text} at (1,1) size 138x17
                text run at (1,1) width 138: "colspan=2 width=400"
      RenderBlock {DIV} at (0,1890) size 406x7 [border: (3px solid #FF0000)]
      RenderTable {TABLE} at (0,1896) size 410x45
        RenderTableSection {TBODY} at (0,0) size 410x44
          RenderTableRow {TR} at (0,2) size 410x19
            RenderTableCell {TD} at (2,2) size 142x19 [bgcolor=#00FF00] [r=0 c=0 rs=1 cs=1]
              RenderText {#text} at (1,1) size 69x17
                text run at (1,1) width 69: "width=140"
            RenderTableCell {TD} at (146,2) size 262x19 [bgcolor=#FFFF00] [r=0 c=1 rs=1 cs=1]
              RenderText {#text} at (1,1) size 69x17
                text run at (1,1) width 69: "width=260"
          RenderTableRow {TR} at (0,23) size 410x19
            RenderTableCell {TD} at (2,23) size 406x19 [bgcolor=#FF00FF] [r=1 c=0 rs=1 cs=2]
              RenderText {#text} at (1,1) size 65x17
                text run at (1,1) width 65: "colspan=2"
      RenderBlock {DIV} at (0,1940) size 406x7 [border: (3px solid #FF0000)]
      RenderBlock {H3} at (0,1964) size 769x22
        RenderText {#text} at (0,0) size 39x21
          text run at (0,0) width 39: "50%"
      RenderBlock {DIV} at (0,2004) size 406x7 [border: (3px solid #FF0000)]
      RenderTable {TABLE} at (0,2010) size 564x45
        RenderTableSection {TBODY} at (0,0) size 564x44
          RenderTableRow {TR} at (0,2) size 564x19
            RenderTableCell {TD} at (2,2) size 279x19 [bgcolor=#00FF00] [r=0 c=0 rs=1 cs=1]
              RenderText {#text} at (1,1) size 74x17
                text run at (1,1) width 74: "width=50%"
            RenderTableCell {TD} at (282,2) size 280x19 [bgcolor=#FFFF00] [r=0 c=1 rs=1 cs=1]
              RenderText {#text} at (1,1) size 31x17
                text run at (1,1) width 31: "plain"
          RenderTableRow {TR} at (0,23) size 564x19
            RenderTableCell {TD} at (2,23) size 560x19 [bgcolor=#FF00FF] [r=1 c=0 rs=1 cs=2]
              RenderText {#text} at (1,1) size 138x17
                text run at (1,1) width 138: "colspan=2 width=400"
      RenderBlock {DIV} at (0,2054) size 406x7 [border: (3px solid #FF0000)]
      RenderTable {TABLE} at (0,2060) size 564x45
        RenderTableSection {TBODY} at (0,0) size 564x44
          RenderTableRow {TR} at (0,2) size 564x19
            RenderTableCell {TD} at (2,2) size 279x19 [bgcolor=#00FF00] [r=0 c=0 rs=1 cs=1]
              RenderText {#text} at (1,1) size 31x17
                text run at (1,1) width 31: "plain"
            RenderTableCell {TD} at (282,2) size 280x19 [bgcolor=#FFFF00] [r=0 c=1 rs=1 cs=1]
              RenderText {#text} at (1,1) size 74x17
                text run at (1,1) width 74: "width=50%"
          RenderTableRow {TR} at (0,23) size 564x19
            RenderTableCell {TD} at (2,23) size 560x19 [bgcolor=#FF00FF] [r=1 c=0 rs=1 cs=2]
              RenderText {#text} at (1,1) size 138x17
                text run at (1,1) width 138: "colspan=2 width=400"
      RenderBlock {DIV} at (0,2104) size 406x7 [border: (3px solid #FF0000)]
      RenderTable {TABLE} at (0,2110) size 406x45
        RenderTableSection {TBODY} at (0,0) size 406x44
          RenderTableRow {TR} at (0,2) size 406x19
            RenderTableCell {TD} at (2,2) size 200x19 [bgcolor=#00FF00] [r=0 c=0 rs=1 cs=1]
              RenderText {#text} at (1,1) size 74x17
                text run at (1,1) width 74: "width=50%"
            RenderTableCell {TD} at (204,2) size 200x19 [bgcolor=#FFFF00] [r=0 c=1 rs=1 cs=1]
              RenderText {#text} at (1,1) size 74x17
                text run at (1,1) width 74: "width=50%"
          RenderTableRow {TR} at (0,23) size 406x19
            RenderTableCell {TD} at (2,23) size 402x19 [bgcolor=#FF00FF] [r=1 c=0 rs=1 cs=2]
              RenderText {#text} at (1,1) size 138x17
                text run at (1,1) width 138: "colspan=2 width=400"
      RenderBlock {DIV} at (0,2154) size 406x7 [border: (3px solid #FF0000)]
      RenderTable {TABLE} at (0,2160) size 406x45
        RenderTableSection {TBODY} at (0,0) size 406x44
          RenderTableRow {TR} at (0,2) size 406x19
            RenderTableCell {TD} at (2,2) size 200x19 [bgcolor=#00FF00] [r=0 c=0 rs=1 cs=1]
              RenderText {#text} at (1,1) size 31x17
                text run at (1,1) width 31: "plain"
            RenderTableCell {TD} at (204,2) size 200x19 [bgcolor=#FFFF00] [r=0 c=1 rs=1 cs=1]
              RenderText {#text} at (1,1) size 31x17
                text run at (1,1) width 31: "plain"
          RenderTableRow {TR} at (0,23) size 406x19
            RenderTableCell {TD} at (2,23) size 402x19 [bgcolor=#FF00FF] [r=1 c=0 rs=1 cs=2]
              RenderText {#text} at (1,1) size 138x17
                text run at (1,1) width 138: "colspan=2 width=400"
      RenderBlock {DIV} at (0,2204) size 406x7 [border: (3px solid #FF0000)]
      RenderTable {TABLE} at (0,2210) size 410x45
        RenderTableSection {TBODY} at (0,0) size 410x44
          RenderTableRow {TR} at (0,2) size 410x19
            RenderTableCell {TD} at (2,2) size 202x19 [bgcolor=#00FF00] [r=0 c=0 rs=1 cs=1]
              RenderText {#text} at (1,1) size 69x17
                text run at (1,1) width 69: "width=200"
            RenderTableCell {TD} at (206,2) size 202x19 [bgcolor=#FFFF00] [r=0 c=1 rs=1 cs=1]
              RenderText {#text} at (1,1) size 69x17
                text run at (1,1) width 69: "width=200"
          RenderTableRow {TR} at (0,23) size 410x19
            RenderTableCell {TD} at (2,23) size 406x19 [bgcolor=#FF00FF] [r=1 c=0 rs=1 cs=2]
              RenderText {#text} at (1,1) size 65x17
                text run at (1,1) width 65: "colspan=2"
      RenderBlock {DIV} at (0,2254) size 406x7 [border: (3px solid #FF0000)]
