layer at (0,0) size 800x1081
  RenderView at (0,0) size 800x600
layer at (0,0) size 800x1081
  RenderBlock {HTML} at (0,0) size 800x1081
    RenderBody {BODY} at (8,8) size 784x584
      RenderBlock (floating) {DIV} at (0,0) size 352x864 [border: (1px solid #FF0000)]
        RenderBlock (anonymous) at (1,1) size 350x14
          RenderText {#text} at (0,-2) size 179x17
            text run at (0,-2) width 179: "Plain textarea with little content"
        RenderBlock {DIV} at (1,15) size 352x43 [border: (1px solid #FF0000)]
          RenderText {#text} at (1,26) size 13x17
            text run at (1,26) width 13: "A "
          RenderText {#text} at (167,26) size 14x17
            text run at (167,26) width 14: " B"
        RenderBlock (anonymous) at (1,58) size 350x14
          RenderText {#text} at (0,-2) size 77x17
            text run at (0,-2) width 77: "Plain textarea"
        RenderBlock {DIV} at (1,72) size 352x43 [border: (1px solid #FF0000)]
          RenderText {#text} at (1,26) size 13x17
            text run at (1,26) width 13: "A "
          RenderText {#text} at (167,26) size 14x17
            text run at (167,26) width 14: " B"
        RenderBlock (anonymous) at (1,115) size 350x14
          RenderText {#text} at (0,-2) size 98x17
            text run at (0,-2) width 98: "Disabled textarea"
        RenderBlock {DIV} at (1,129) size 352x43 [border: (1px solid #FF0000)]
          RenderText {#text} at (1,26) size 13x17
            text run at (1,26) width 13: "A "
          RenderText {#text} at (167,26) size 14x17
            text run at (167,26) width 14: " B"
        RenderBlock (anonymous) at (1,172) size 350x14
          RenderText {#text} at (0,-2) size 123x17
            text run at (0,-2) width 123: "style=\"padding:10px\""
        RenderBlock {DIV} at (1,186) size 352x59 [border: (1px solid #FF0000)]
          RenderText {#text} at (1,42) size 13x17
            text run at (1,42) width 13: "A "
          RenderText {#text} at (183,42) size 14x17
            text run at (183,42) width 14: " B"
        RenderBlock (anonymous) at (1,245) size 350x14
          RenderText {#text} at (0,-2) size 116x17
            text run at (0,-2) width 116: "style=\"padding:0px\""
        RenderBlock {DIV} at (1,259) size 352x39 [border: (1px solid #FF0000)]
          RenderText {#text} at (1,22) size 13x17
            text run at (1,22) width 13: "A "
          RenderText {#text} at (163,22) size 14x17
            text run at (163,22) width 14: " B"
        RenderBlock (anonymous) at (1,298) size 350x14
          RenderText {#text} at (0,-2) size 118x17
            text run at (0,-2) width 118: "style=\"margin:10px\""
        RenderBlock {DIV} at (1,312) size 352x59 [border: (1px solid #FF0000)]
          RenderText {#text} at (1,42) size 13x17
            text run at (1,42) width 13: "A "
          RenderText {#text} at (183,42) size 14x17
            text run at (183,42) width 14: " B"
        RenderBlock (anonymous) at (1,371) size 350x14
          RenderText {#text} at (0,-2) size 111x17
            text run at (0,-2) width 111: "style=\"margin:0px\""
        RenderBlock {DIV} at (1,385) size 352x39 [border: (1px solid #FF0000)]
          RenderText {#text} at (1,22) size 13x17
            text run at (1,22) width 13: "A "
          RenderText {#text} at (163,22) size 14x17
            text run at (163,22) width 14: " B"
        RenderBlock (anonymous) at (1,424) size 350x14
          RenderText {#text} at (0,-2) size 38x17
            text run at (0,-2) width 38: "cols=3"
        RenderBlock {DIV} at (1,438) size 352x43 [border: (1px solid #FF0000)]
          RenderText {#text} at (1,26) size 13x17
            text run at (1,26) width 13: "A "
          RenderText {#text} at (63,26) size 14x17
            text run at (63,26) width 14: " B"
        RenderBlock (anonymous) at (1,481) size 350x14
          RenderText {#text} at (0,-2) size 43x17
            text run at (0,-2) width 43: "rows=3"
        RenderBlock {DIV} at (1,495) size 352x57 [border: (1px solid #FF0000)]
          RenderText {#text} at (1,40) size 13x17
            text run at (1,40) width 13: "A "
          RenderText {#text} at (167,40) size 14x17
            text run at (167,40) width 14: " B"
        RenderBlock (anonymous) at (1,552) size 350x14
          RenderText {#text} at (0,-2) size 45x17
            text run at (0,-2) width 45: "cols=10"
        RenderBlock {DIV} at (1,566) size 352x43 [border: (1px solid #FF0000)]
          RenderText {#text} at (1,26) size 13x17
            text run at (1,26) width 13: "A "
          RenderText {#text} at (106,26) size 14x17
            text run at (106,26) width 14: " B"
        RenderBlock (anonymous) at (1,609) size 350x14
          RenderText {#text} at (0,-2) size 50x17
            text run at (0,-2) width 50: "rows=10"
        RenderBlock {DIV} at (1,623) size 352x155 [border: (1px solid #FF0000)]
          RenderText {#text} at (1,138) size 13x17
            text run at (1,138) width 13: "A "
          RenderText {#text} at (167,138) size 14x17
            text run at (167,138) width 14: " B"
        RenderBlock (anonymous) at (1,778) size 350x14
          RenderText {#text} at (0,-2) size 84x17
            text run at (0,-2) width 84: "cols=5 rows=4"
        RenderBlock {DIV} at (1,792) size 352x71 [border: (1px solid #FF0000)]
          RenderText {#text} at (1,54) size 13x17
            text run at (1,54) width 13: "A "
          RenderText {#text} at (75,54) size 14x17
            text run at (75,54) width 14: " B"
      RenderBlock (floating) {DIV} at (352,0) size 352x1073 [border: (1px solid #FF0000)]
        RenderBlock (anonymous) at (1,1) size 350x14
          RenderText {#text} at (0,-2) size 110x17
            text run at (0,-2) width 110: "style=\"width:60px\""
        RenderBlock {DIV} at (1,15) size 352x43 [border: (1px solid #FF0000)]
          RenderText {#text} at (1,26) size 13x17
            text run at (1,26) width 13: "A "
          RenderText {#text} at (73,26) size 14x17
            text run at (73,26) width 14: " B"
        RenderBlock (anonymous) at (1,58) size 350x14
          RenderText {#text} at (0,-2) size 191x17
            text run at (0,-2) width 191: "style=\"width:60px;padding:20px\""
        RenderBlock {DIV} at (1,72) size 352x79 [border: (1px solid #FF0000)]
          RenderText {#text} at (1,62) size 13x17
            text run at (1,62) width 13: "A "
          RenderText {#text} at (73,62) size 14x17
            text run at (73,62) width 14: " B"
        RenderBlock (anonymous) at (1,151) size 350x14
          RenderText {#text} at (0,-2) size 170x17
            text run at (0,-2) width 170: "style=\"width:60px;padding:0\""
        RenderBlock {DIV} at (1,165) size 352x39 [border: (1px solid #FF0000)]
          RenderText {#text} at (1,22) size 13x17
            text run at (1,22) width 13: "A "
          RenderText {#text} at (73,22) size 14x17
            text run at (73,22) width 14: " B"
        RenderBlock (anonymous) at (1,204) size 350x14
          RenderText {#text} at (0,-2) size 113x17
            text run at (0,-2) width 113: "style=\"height:60px\""
        RenderBlock {DIV} at (1,218) size 352x65 [border: (1px solid #FF0000)]
          RenderText {#text} at (1,48) size 13x17
            text run at (1,48) width 13: "A "
          RenderText {#text} at (167,48) size 14x17
            text run at (167,48) width 14: " B"
        RenderBlock (anonymous) at (1,283) size 350x14
          RenderText {#text} at (0,-2) size 181x17
            text run at (0,-2) width 181: "style=\"width:60px;height:60px\""
        RenderBlock {DIV} at (1,297) size 352x65 [border: (1px solid #FF0000)]
          RenderText {#text} at (1,48) size 13x17
            text run at (1,48) width 13: "A "
          RenderText {#text} at (73,48) size 14x17
            text run at (73,48) width 14: " B"
        RenderBlock (anonymous) at (1,362) size 350x14
          RenderText {#text} at (0,-2) size 139x17
            text run at (0,-2) width 139: "style=\"overflow:hidden\""
        RenderBlock {DIV} at (1,376) size 352x43 [border: (1px solid #FF0000)]
          RenderText {#text} at (1,26) size 13x17
            text run at (1,26) width 13: "A "
          RenderText {#text} at (167,26) size 14x17
            text run at (167,26) width 14: " B"
        RenderBlock (anonymous) at (1,419) size 350x14
          RenderText {#text} at (0,-2) size 132x17
            text run at (0,-2) width 132: "style=\"overflow:scroll\""
        RenderBlock {DIV} at (1,433) size 352x58 [border: (1px solid #FF0000)]
          RenderText {#text} at (1,41) size 13x17
            text run at (1,41) width 13: "A "
          RenderText {#text} at (167,41) size 14x17
            text run at (167,41) width 14: " B"
        RenderBlock (anonymous) at (1,491) size 350x14
          RenderText {#text} at (0,-2) size 277x17
            text run at (0,-2) width 277: "style=\"overflow:hidden;width:60px;height:60px\""
        RenderBlock {DIV} at (1,505) size 352x65 [border: (1px solid #FF0000)]
          RenderText {#text} at (1,48) size 13x17
            text run at (1,48) width 13: "A "
          RenderText {#text} at (73,48) size 14x17
            text run at (73,48) width 14: " B"
        RenderBlock (anonymous) at (1,570) size 350x14
          RenderText {#text} at (0,-2) size 270x17
            text run at (0,-2) width 270: "style=\"overflow:scroll;width:60px;height:60px\""
        RenderBlock {DIV} at (1,584) size 352x65 [border: (1px solid #FF0000)]
          RenderText {#text} at (1,48) size 13x17
            text run at (1,48) width 13: "A "
          RenderText {#text} at (73,48) size 14x17
            text run at (73,48) width 14: " B"
        RenderBlock (anonymous) at (1,649) size 350x14
          RenderText {#text} at (0,-2) size 222x17
            text run at (0,-2) width 222: "cols=5 style=\"width:60px;height:60px\""
        RenderBlock {DIV} at (1,663) size 352x65 [border: (1px solid #FF0000)]
          RenderText {#text} at (1,48) size 13x17
            text run at (1,48) width 13: "A "
          RenderText {#text} at (73,48) size 14x17
            text run at (73,48) width 14: " B"
        RenderBlock (anonymous) at (1,728) size 350x14
          RenderText {#text} at (0,-2) size 226x17
            text run at (0,-2) width 226: "rows=4 style=\"width:60px;height:60px\""
        RenderBlock {DIV} at (1,742) size 352x65 [border: (1px solid #FF0000)]
          RenderText {#text} at (1,48) size 13x17
            text run at (1,48) width 13: "A "
          RenderText {#text} at (73,48) size 14x17
            text run at (73,48) width 14: " B"
        RenderBlock (anonymous) at (1,807) size 350x14
          RenderText {#text} at (0,-2) size 267x17
            text run at (0,-2) width 267: "cols=5 rows=4 style=\"width:60px;height:60px\""
        RenderBlock {DIV} at (1,821) size 352x65 [border: (1px solid #FF0000)]
          RenderText {#text} at (1,48) size 13x17
            text run at (1,48) width 13: "A "
          RenderText {#text} at (73,48) size 14x17
            text run at (73,48) width 14: " B"
        RenderBlock (anonymous) at (1,886) size 350x14
          RenderText {#text} at (0,-2) size 64x17
            text run at (0,-2) width 64: "wrap=\"off\""
        RenderBlock {DIV} at (1,900) size 352x58 [border: (1px solid #FF0000)]
          RenderText {#text} at (1,41) size 13x17
            text run at (1,41) width 13: "A "
          RenderText {#text} at (167,41) size 14x17
            text run at (167,41) width 5: " "
            text run at (171,41) width 10: "B"
        RenderBlock (anonymous) at (1,958) size 350x14
          RenderText {#text} at (0,-2) size 73x17
            text run at (0,-2) width 73: "wrap=\"hard\""
        RenderBlock {DIV} at (1,972) size 352x43 [border: (1px solid #FF0000)]
          RenderText {#text} at (1,26) size 13x17
            text run at (1,26) width 13: "A "
          RenderText {#text} at (167,26) size 14x17
            text run at (167,26) width 5: " "
            text run at (171,26) width 10: "B"
        RenderBlock (anonymous) at (1,1015) size 350x14
          RenderText {#text} at (0,-2) size 69x17
            text run at (0,-2) width 69: "wrap=\"soft\""
        RenderBlock {DIV} at (1,1029) size 352x43 [border: (1px solid #FF0000)]
          RenderText {#text} at (1,26) size 13x17
            text run at (1,26) width 13: "A "
          RenderText {#text} at (167,26) size 14x17
            text run at (167,26) width 5: " "
            text run at (171,26) width 10: "B"
layer at (25,26) size 150x34 clip at (26,27) size 148x32
  RenderTextControl {TEXTAREA} at (15,3) size 151x34 [bgcolor=#FFFFFF] [border: (1px solid #4C4C4C)]
    RenderBlock {DIV} at (3,3) size 144x14
      RenderText {#text} at (3,0) size 92x14
        text run at (3,0) width 92: "Lorem ipsum dolor"
layer at (25,83) size 150x34 clip at (26,84) size 133x32 scrollHeight 60
  RenderTextControl {TEXTAREA} at (15,3) size 151x34 [bgcolor=#FFFFFF] [border: (1px solid #4C4C4C)]
    RenderBlock {DIV} at (3,3) size 129x56
      RenderText {#text} at (3,0) size 119x56
        text run at (3,0) width 92: "Lorem ipsum dolor"
        text run at (94,0) width 4: " "
        text run at (3,14) width 117: "ABCDEFGHIJKLMNOP"
        text run at (3,28) width 78: "QRSTUVWXYZ"
        text run at (80,28) width 4: " "
        text run at (3,42) width 116: "abcdefghijklmnopqrstuv"
        text run at (118,42) width 4: " "
layer at (25,197) size 166x50 clip at (26,198) size 149x48 scrollHeight 76
  RenderTextControl {TEXTAREA} at (15,3) size 167x50 [bgcolor=#FFFFFF] [border: (1px solid #4C4C4C)]
    RenderBlock {DIV} at (11,11) size 129x56
      RenderText {#text} at (3,0) size 119x56
        text run at (3,0) width 92: "Lorem ipsum dolor"
        text run at (94,0) width 4: " "
        text run at (3,14) width 117: "ABCDEFGHIJKLMNOP"
        text run at (3,28) width 78: "QRSTUVWXYZ"
        text run at (80,28) width 4: " "
        text run at (3,42) width 116: "abcdefghijklmnopqrstuv"
        text run at (118,42) width 4: " "
layer at (25,270) size 146x30 clip at (26,271) size 129x28 scrollHeight 56
  RenderTextControl {TEXTAREA} at (15,3) size 147x30 [bgcolor=#FFFFFF] [border: (1px solid #4C4C4C)]
    RenderBlock {DIV} at (1,1) size 129x56
      RenderText {#text} at (3,0) size 119x56
        text run at (3,0) width 92: "Lorem ipsum dolor"
        text run at (94,0) width 4: " "
        text run at (3,14) width 117: "ABCDEFGHIJKLMNOP"
        text run at (3,28) width 78: "QRSTUVWXYZ"
        text run at (80,28) width 4: " "
        text run at (3,42) width 116: "abcdefghijklmnopqrstuv"
        text run at (118,42) width 4: " "
layer at (33,331) size 150x34 clip at (34,332) size 133x32 scrollHeight 60
  RenderTextControl {TEXTAREA} at (23,11) size 151x34 [bgcolor=#FFFFFF] [border: (1px solid #4C4C4C)]
    RenderBlock {DIV} at (3,3) size 129x56
      RenderText {#text} at (3,0) size 119x56
        text run at (3,0) width 92: "Lorem ipsum dolor"
        text run at (94,0) width 4: " "
        text run at (3,14) width 117: "ABCDEFGHIJKLMNOP"
        text run at (3,28) width 78: "QRSTUVWXYZ"
        text run at (80,28) width 4: " "
        text run at (3,42) width 116: "abcdefghijklmnopqrstuv"
        text run at (118,42) width 4: " "
layer at (23,394) size 150x34 clip at (24,395) size 133x32 scrollHeight 60
  RenderTextControl {TEXTAREA} at (13,1) size 151x34 [bgcolor=#FFFFFF] [border: (1px solid #4C4C4C)]
    RenderBlock {DIV} at (3,3) size 129x56
      RenderText {#text} at (3,0) size 119x56
        text run at (3,0) width 92: "Lorem ipsum dolor"
        text run at (94,0) width 4: " "
        text run at (3,14) width 117: "ABCDEFGHIJKLMNOP"
        text run at (3,28) width 78: "QRSTUVWXYZ"
        text run at (80,28) width 4: " "
        text run at (3,42) width 116: "abcdefghijklmnopqrstuv"
        text run at (118,42) width 4: " "
layer at (25,449) size 46x34 clip at (26,450) size 29x32 scrollHeight 368
  RenderTextControl {TEXTAREA} at (15,3) size 47x34 [bgcolor=#FFFFFF] [border: (1px solid #4C4C4C)]
    RenderBlock {DIV} at (3,3) size 25x364
      RenderText {#text} at (3,0) size 19x364
        text run at (3,0) width 16: "Lor"
        text run at (3,14) width 16: "em"
        text run at (18,14) width 4: " "
        text run at (3,28) width 15: "ips"
        text run at (3,42) width 16: "um"
        text run at (18,42) width 4: " "
        text run at (3,56) width 15: "dol"
        text run at (3,70) width 10: "or"
        text run at (12,70) width 4: " "
        text run at (3,84) width 15: "AB"
        text run at (3,98) width 16: "CD"
        text run at (3,112) width 15: "EF"
        text run at (3,126) width 17: "GH"
        text run at (3,140) width 16: "IJK"
        text run at (3,154) width 16: "LM"
        text run at (3,168) width 17: "NO"
        text run at (3,182) width 16: "PQ"
        text run at (3,196) width 16: "RS"
        text run at (3,210) width 15: "TU"
        text run at (3,224) width 18: "VW"
        text run at (3,238) width 15: "XY"
        text run at (3,252) width 7: "Z"
        text run at (9,252) width 4: " "
        text run at (3,266) width 18: "abc"
        text run at (3,280) width 16: "def"
        text run at (3,294) width 18: "ghij"
        text run at (3,308) width 18: "klm"
        text run at (3,322) width 19: "nop"
        text run at (3,336) width 19: "qrst"
        text run at (3,350) width 12: "uv"
        text run at (14,350) width 4: " "
layer at (25,506) size 150x48 clip at (26,507) size 133x46 scrollHeight 60
  RenderTextControl {TEXTAREA} at (15,3) size 151x48 [bgcolor=#FFFFFF] [border: (1px solid #4C4C4C)]
    RenderBlock {DIV} at (3,3) size 129x56
      RenderText {#text} at (3,0) size 119x56
        text run at (3,0) width 92: "Lorem ipsum dolor"
        text run at (94,0) width 4: " "
        text run at (3,14) width 117: "ABCDEFGHIJKLMNOP"
        text run at (3,28) width 78: "QRSTUVWXYZ"
        text run at (80,28) width 4: " "
        text run at (3,42) width 116: "abcdefghijklmnopqrstuv"
        text run at (118,42) width 4: " "
layer at (25,577) size 89x34 clip at (26,578) size 72x32 scrollHeight 116
  RenderTextControl {TEXTAREA} at (15,3) size 90x34 [bgcolor=#FFFFFF] [border: (1px solid #4C4C4C)]
    RenderBlock {DIV} at (3,3) size 68x112
      RenderText {#text} at (3,0) size 62x112
        text run at (3,0) width 32: "Lorem"
        text run at (34,0) width 4: " "
        text run at (3,14) width 57: "ipsum dolor"
        text run at (59,14) width 4: " "
        text run at (3,28) width 62: "ABCDEFGH"
        text run at (3,42) width 56: "IJKLMNOP"
        text run at (3,56) width 57: "QRSTUVW"
        text run at (3,70) width 22: "XYZ"
        text run at (24,70) width 4: " "
        text run at (3,84) width 59: "abcdefghijkl"
        text run at (3,98) width 58: "mnopqrstuv"
        text run at (60,98) width 4: " "
layer at (25,634) size 150x146 clip at (26,635) size 148x144
  RenderTextControl {TEXTAREA} at (15,3) size 151x146 [bgcolor=#FFFFFF] [border: (1px solid #4C4C4C)]
    RenderBlock {DIV} at (3,3) size 144x56
      RenderText {#text} at (3,0) size 133x56
        text run at (3,0) width 92: "Lorem ipsum dolor"
        text run at (94,0) width 4: " "
        text run at (3,14) width 133: "ABCDEFGHIJKLMNOPQR"
        text run at (3,28) width 62: "STUVWXYZ"
        text run at (64,28) width 4: " "
        text run at (3,42) width 116: "abcdefghijklmnopqrstuv"
        text run at (118,42) width 4: " "
layer at (25,803) size 58x62 clip at (26,804) size 41x60 scrollHeight 228
  RenderTextControl {TEXTAREA} at (15,3) size 59x62 [bgcolor=#FFFFFF] [border: (1px solid #4C4C4C)]
    RenderBlock {DIV} at (3,3) size 37x224
      RenderText {#text} at (3,0) size 31x224
        text run at (3,0) width 23: "Lore"
        text run at (3,14) width 10: "m"
        text run at (12,14) width 4: " "
        text run at (3,28) width 30: "ipsum"
        text run at (32,28) width 2: " "
        text run at (3,42) width 25: "dolor"
        text run at (27,42) width 4: " "
        text run at (3,56) width 31: "ABCD"
        text run at (3,70) width 31: "EFGH"
        text run at (3,84) width 23: "IJKL"
        text run at (3,98) width 26: "MNO"
        text run at (3,112) width 24: "PQR"
        text run at (3,126) width 30: "STUV"
        text run at (3,140) width 26: "WXY"
        text run at (3,154) width 7: "Z"
        text run at (9,154) width 4: " "
        text run at (3,168) width 30: "abcde"
        text run at (3,182) width 29: "fghijkl"
        text run at (3,196) width 28: "mnop"
        text run at (3,210) width 30: "qrstuv"
        text run at (32,210) width 2: " "
layer at (375,26) size 60x34 clip at (376,27) size 43x32 scrollHeight 200
  RenderTextControl {TEXTAREA} at (13,3) size 61x34 [bgcolor=#FFFFFF] [border: (1px solid #4C4C4C)]
    RenderBlock {DIV} at (3,3) size 39x196
      RenderText {#text} at (3,0) size 33x196
        text run at (3,0) width 32: "Lorem"
        text run at (34,0) width 2: " "
        text run at (3,14) width 30: "ipsum"
        text run at (32,14) width 4: " "
        text run at (3,28) width 25: "dolor"
        text run at (27,28) width 4: " "
        text run at (3,42) width 31: "ABCD"
        text run at (3,56) width 31: "EFGH"
        text run at (3,70) width 32: "IJKLM"
        text run at (3,84) width 33: "NOPQ"
        text run at (3,98) width 30: "RSTU"
        text run at (3,112) width 33: "VWXY"
        text run at (3,126) width 7: "Z"
        text run at (9,126) width 4: " "
        text run at (3,140) width 30: "abcde"
        text run at (3,154) width 29: "fghijkl"
        text run at (3,168) width 28: "mnop"
        text run at (3,182) width 30: "qrstuv"
        text run at (32,182) width 4: " "
layer at (375,83) size 60x70 clip at (376,84) size 43x68 scrollHeight 992
  RenderTextControl {TEXTAREA} at (13,3) size 61x70 [bgcolor=#FFFFFF] [border: (1px solid #4C4C4C)]
    RenderBlock {DIV} at (21,21) size 6x952
      RenderText {#text} at (3,0) size 11x952
        text run at (3,0) width 7: "L"
        text run at (3,14) width 7: "o"
        text run at (3,28) width 4: "r"
        text run at (3,42) width 7: "e"
        text run at (3,56) width 10: "m"
        text run at (3,70) width 0: " "
        text run at (3,84) width 3: "i"
        text run at (3,98) width 7: "p"
        text run at (3,112) width 6: "s"
        text run at (3,126) width 7: "u"
        text run at (3,140) width 10: "m"
        text run at (3,154) width 0: " "
        text run at (3,168) width 7: "d"
        text run at (3,182) width 7: "o"
        text run at (3,196) width 3: "l"
        text run at (3,210) width 7: "o"
        text run at (3,224) width 4: "r"
        text run at (3,238) width 0: " "
        text run at (3,252) width 8: "A"
        text run at (3,266) width 8: "B"
        text run at (3,280) width 8: "C"
        text run at (3,294) width 8: "D"
        text run at (3,308) width 8: "E"
        text run at (3,322) width 7: "F"
        text run at (3,336) width 9: "G"
        text run at (3,350) width 8: "H"
        text run at (3,364) width 4: "I"
        text run at (3,378) width 6: "J"
        text run at (3,392) width 8: "K"
        text run at (3,406) width 7: "L"
        text run at (3,420) width 10: "M"
        text run at (3,434) width 8: "N"
        text run at (3,448) width 9: "O"
        text run at (3,462) width 8: "P"
        text run at (3,476) width 9: "Q"
        text run at (3,490) width 8: "R"
        text run at (3,504) width 8: "S"
        text run at (3,518) width 7: "T"
        text run at (3,532) width 8: "U"
        text run at (3,546) width 8: "V"
        text run at (3,560) width 11: "W"
        text run at (3,574) width 8: "X"
        text run at (3,588) width 8: "Y"
        text run at (3,602) width 7: "Z"
        text run at (3,616) width 0: " "
        text run at (3,630) width 7: "a"
        text run at (3,644) width 7: "b"
        text run at (3,658) width 6: "c"
        text run at (3,672) width 7: "d"
        text run at (3,686) width 7: "e"
        text run at (3,700) width 4: "f"
        text run at (3,714) width 7: "g"
        text run at (3,728) width 7: "h"
        text run at (3,742) width 3: "i"
        text run at (3,756) width 3: "j"
        text run at (3,770) width 6: "k"
        text run at (3,784) width 3: "l"
        text run at (3,798) width 10: "m"
        text run at (3,812) width 7: "n"
        text run at (3,826) width 7: "o"
        text run at (3,840) width 7: "p"
        text run at (3,854) width 7: "q"
        text run at (3,868) width 4: "r"
        text run at (3,882) width 6: "s"
        text run at (3,896) width 4: "t"
        text run at (3,910) width 7: "u"
        text run at (3,924) width 6: "v"
        text run at (3,938) width 0: " "
layer at (375,176) size 60x30 clip at (376,177) size 43x28 scrollHeight 182
  RenderTextControl {TEXTAREA} at (13,3) size 61x30 [bgcolor=#FFFFFF] [border: (1px solid #4C4C4C)]
    RenderBlock {DIV} at (1,1) size 43x182
      RenderText {#text} at (3,0) size 37x182
        text run at (3,0) width 32: "Lorem"
        text run at (34,0) width 4: " "
        text run at (3,14) width 30: "ipsum"
        text run at (32,14) width 4: " "
        text run at (3,28) width 25: "dolor"
        text run at (27,28) width 4: " "
        text run at (3,42) width 31: "ABCD"
        text run at (3,56) width 34: "EFGHI"
        text run at (3,70) width 37: "JKLMN"
        text run at (3,84) width 33: "OPQR"
        text run at (3,98) width 30: "STUV"
        text run at (3,112) width 32: "WXYZ"
        text run at (34,112) width 4: " "
        text run at (3,126) width 34: "abcdef"
        text run at (3,140) width 35: "ghijklm"
        text run at (3,154) width 37: "nopqrst"
        text run at (3,168) width 12: "uv"
        text run at (14,168) width 4: " "
layer at (377,227) size 150x60 clip at (378,228) size 133x58 scrollHeight 60
  RenderTextControl {TEXTAREA} at (15,1) size 151x60 [bgcolor=#FFFFFF] [border: (1px solid #4C4C4C)]
    RenderBlock {DIV} at (3,3) size 129x56
      RenderText {#text} at (3,0) size 119x56
        text run at (3,0) width 92: "Lorem ipsum dolor"
        text run at (94,0) width 4: " "
        text run at (3,14) width 117: "ABCDEFGHIJKLMNOP"
        text run at (3,28) width 78: "QRSTUVWXYZ"
        text run at (80,28) width 4: " "
        text run at (3,42) width 116: "abcdefghijklmnopqrstuv"
        text run at (118,42) width 4: " "
layer at (375,306) size 60x60 clip at (376,307) size 43x58 scrollHeight 200
  RenderTextControl {TEXTAREA} at (13,1) size 61x60 [bgcolor=#FFFFFF] [border: (1px solid #4C4C4C)]
    RenderBlock {DIV} at (3,3) size 39x196
      RenderText {#text} at (3,0) size 33x196
        text run at (3,0) width 32: "Lorem"
        text run at (34,0) width 2: " "
        text run at (3,14) width 30: "ipsum"
        text run at (32,14) width 4: " "
        text run at (3,28) width 25: "dolor"
        text run at (27,28) width 4: " "
        text run at (3,42) width 31: "ABCD"
        text run at (3,56) width 31: "EFGH"
        text run at (3,70) width 32: "IJKLM"
        text run at (3,84) width 33: "NOPQ"
        text run at (3,98) width 30: "RSTU"
        text run at (3,112) width 33: "VWXY"
        text run at (3,126) width 7: "Z"
        text run at (9,126) width 4: " "
        text run at (3,140) width 30: "abcde"
        text run at (3,154) width 29: "fghijkl"
        text run at (3,168) width 28: "mnop"
        text run at (3,182) width 30: "qrstuv"
        text run at (32,182) width 4: " "
layer at (377,387) size 150x34 clip at (378,388) size 148x32 scrollHeight 60
  RenderTextControl {TEXTAREA} at (15,3) size 151x34 [bgcolor=#FFFFFF] [border: (1px solid #4C4C4C)]
    RenderBlock {DIV} at (3,3) size 144x56
      RenderText {#text} at (3,0) size 133x56
        text run at (3,0) width 92: "Lorem ipsum dolor"
        text run at (94,0) width 4: " "
        text run at (3,14) width 133: "ABCDEFGHIJKLMNOPQR"
        text run at (3,28) width 62: "STUVWXYZ"
        text run at (64,28) width 4: " "
        text run at (3,42) width 116: "abcdefghijklmnopqrstuv"
        text run at (118,42) width 4: " "
layer at (377,444) size 150x49 clip at (378,445) size 133x32 scrollHeight 60
  RenderTextControl {TEXTAREA} at (15,3) size 151x49 [bgcolor=#FFFFFF] [border: (1px solid #4C4C4C)]
    RenderBlock {DIV} at (3,3) size 129x56
      RenderText {#text} at (3,0) size 119x56
        text run at (3,0) width 92: "Lorem ipsum dolor"
        text run at (94,0) width 4: " "
        text run at (3,14) width 117: "ABCDEFGHIJKLMNOP"
        text run at (3,28) width 78: "QRSTUVWXYZ"
        text run at (80,28) width 4: " "
        text run at (3,42) width 116: "abcdefghijklmnopqrstuv"
        text run at (118,42) width 4: " "
layer at (375,514) size 60x60 clip at (376,515) size 58x58 scrollHeight 158
  RenderTextControl {TEXTAREA} at (13,1) size 61x60 [bgcolor=#FFFFFF] [border: (1px solid #4C4C4C)]
    RenderBlock {DIV} at (3,3) size 54x154
      RenderText {#text} at (3,0) size 48x154
        text run at (3,0) width 32: "Lorem"
        text run at (34,0) width 4: " "
        text run at (3,14) width 30: "ipsum"
        text run at (32,14) width 4: " "
        text run at (3,28) width 25: "dolor"
        text run at (27,28) width 4: " "
        text run at (3,42) width 45: "ABCDEF"
        text run at (3,56) width 48: "GHIJKLM"
        text run at (3,70) width 48: "NOPQRS"
        text run at (3,84) width 48: "TUVWXY"
        text run at (3,98) width 7: "Z"
        text run at (9,98) width 4: " "
        text run at (3,112) width 48: "abcdefghi"
        text run at (3,126) width 48: "jklmnopqr"
        text run at (3,140) width 21: "stuv"
        text run at (23,140) width 4: " "
layer at (375,593) size 60x60 clip at (376,594) size 43x43 scrollHeight 200
  RenderTextControl {TEXTAREA} at (13,1) size 61x60 [bgcolor=#FFFFFF] [border: (1px solid #4C4C4C)]
    RenderBlock {DIV} at (3,3) size 39x196
      RenderText {#text} at (3,0) size 33x196
        text run at (3,0) width 32: "Lorem"
        text run at (34,0) width 2: " "
        text run at (3,14) width 30: "ipsum"
        text run at (32,14) width 4: " "
        text run at (3,28) width 25: "dolor"
        text run at (27,28) width 4: " "
        text run at (3,42) width 31: "ABCD"
        text run at (3,56) width 31: "EFGH"
        text run at (3,70) width 32: "IJKLM"
        text run at (3,84) width 33: "NOPQ"
        text run at (3,98) width 30: "RSTU"
        text run at (3,112) width 33: "VWXY"
        text run at (3,126) width 7: "Z"
        text run at (9,126) width 4: " "
        text run at (3,140) width 30: "abcde"
        text run at (3,154) width 29: "fghijkl"
        text run at (3,168) width 28: "mnop"
        text run at (3,182) width 30: "qrstuv"
        text run at (32,182) width 4: " "
layer at (375,672) size 60x60 clip at (376,673) size 43x58 scrollHeight 200
  RenderTextControl {TEXTAREA} at (13,1) size 61x60 [bgcolor=#FFFFFF] [border: (1px solid #4C4C4C)]
    RenderBlock {DIV} at (3,3) size 39x196
      RenderText {#text} at (3,0) size 33x196
        text run at (3,0) width 32: "Lorem"
        text run at (34,0) width 2: " "
        text run at (3,14) width 30: "ipsum"
        text run at (32,14) width 4: " "
        text run at (3,28) width 25: "dolor"
        text run at (27,28) width 4: " "
        text run at (3,42) width 31: "ABCD"
        text run at (3,56) width 31: "EFGH"
        text run at (3,70) width 32: "IJKLM"
        text run at (3,84) width 33: "NOPQ"
        text run at (3,98) width 30: "RSTU"
        text run at (3,112) width 33: "VWXY"
        text run at (3,126) width 7: "Z"
        text run at (9,126) width 4: " "
        text run at (3,140) width 30: "abcde"
        text run at (3,154) width 29: "fghijkl"
        text run at (3,168) width 28: "mnop"
        text run at (3,182) width 30: "qrstuv"
        text run at (32,182) width 4: " "
layer at (375,751) size 60x60 clip at (376,752) size 43x58 scrollHeight 200
  RenderTextControl {TEXTAREA} at (13,1) size 61x60 [bgcolor=#FFFFFF] [border: (1px solid #4C4C4C)]
    RenderBlock {DIV} at (3,3) size 39x196
      RenderText {#text} at (3,0) size 33x196
        text run at (3,0) width 32: "Lorem"
        text run at (34,0) width 2: " "
        text run at (3,14) width 30: "ipsum"
        text run at (32,14) width 4: " "
        text run at (3,28) width 25: "dolor"
        text run at (27,28) width 4: " "
        text run at (3,42) width 31: "ABCD"
        text run at (3,56) width 31: "EFGH"
        text run at (3,70) width 32: "IJKLM"
        text run at (3,84) width 33: "NOPQ"
        text run at (3,98) width 30: "RSTU"
        text run at (3,112) width 33: "VWXY"
        text run at (3,126) width 7: "Z"
        text run at (9,126) width 4: " "
        text run at (3,140) width 30: "abcde"
        text run at (3,154) width 29: "fghijkl"
        text run at (3,168) width 28: "mnop"
        text run at (3,182) width 30: "qrstuv"
        text run at (32,182) width 4: " "
layer at (375,830) size 60x60 clip at (376,831) size 43x58 scrollHeight 200
  RenderTextControl {TEXTAREA} at (13,1) size 61x60 [bgcolor=#FFFFFF] [border: (1px solid #4C4C4C)]
    RenderBlock {DIV} at (3,3) size 39x196
      RenderText {#text} at (3,0) size 33x196
        text run at (3,0) width 32: "Lorem"
        text run at (34,0) width 2: " "
        text run at (3,14) width 30: "ipsum"
        text run at (32,14) width 4: " "
        text run at (3,28) width 25: "dolor"
        text run at (27,28) width 4: " "
        text run at (3,42) width 31: "ABCD"
        text run at (3,56) width 31: "EFGH"
        text run at (3,70) width 32: "IJKLM"
        text run at (3,84) width 33: "NOPQ"
        text run at (3,98) width 30: "RSTU"
        text run at (3,112) width 33: "VWXY"
        text run at (3,126) width 7: "Z"
        text run at (9,126) width 4: " "
        text run at (3,140) width 30: "abcde"
        text run at (3,154) width 29: "fghijkl"
        text run at (3,168) width 28: "mnop"
        text run at (3,182) width 30: "qrstuv"
        text run at (32,182) width 4: " "
layer at (377,911) size 150x49 clip at (378,912) size 133x32 scrollWidth 173 scrollHeight 228
  RenderTextControl {TEXTAREA} at (15,3) size 151x49 [bgcolor=#FFFFFF] [border: (1px solid #4C4C4C)]
    RenderBlock {DIV} at (3,3) size 129x224
      RenderText {#text} at (3,0) size 169x210
        text run at (3,0) width 4: " "
        text run at (6,0) width 1: " "
        text run at (3,14) width 169: "This is a text area with wrap=\"soft\""
        text run at (171,14) width 1: " "
        text run at (3,28) width 169: "This is a text area with wrap=\"soft\""
        text run at (171,28) width 1: " "
        text run at (3,42) width 169: "This is a text area with wrap=\"soft\""
        text run at (171,42) width 1: " "
        text run at (3,56) width 169: "This is a text area with wrap=\"soft\""
        text run at (171,56) width 1: " "
        text run at (3,70) width 169: "This is a text area with wrap=\"soft\""
        text run at (171,70) width 1: " "
        text run at (3,84) width 169: "This is a text area with wrap=\"soft\""
        text run at (171,84) width 1: " "
        text run at (3,98) width 169: "This is a text area with wrap=\"soft\""
        text run at (171,98) width 1: " "
        text run at (3,112) width 169: "This is a text area with wrap=\"soft\""
        text run at (171,112) width 1: " "
        text run at (3,126) width 169: "This is a text area with wrap=\"soft\""
        text run at (171,126) width 1: " "
        text run at (3,140) width 169: "This is a text area with wrap=\"soft\""
        text run at (171,140) width 1: " "
        text run at (3,154) width 169: "This is a text area with wrap=\"soft\""
        text run at (171,154) width 1: " "
        text run at (3,168) width 169: "This is a text area with wrap=\"soft\""
        text run at (171,168) width 1: " "
        text run at (3,182) width 169: "This is a text area with wrap=\"soft\""
        text run at (171,182) width 1: " "
        text run at (3,196) width 169: "This is a text area with wrap=\"soft\""
        text run at (171,196) width 1: " "
      RenderBR {BR} at (3,210) size 0x14
layer at (377,983) size 150x34 clip at (378,984) size 133x32 scrollHeight 424
  RenderTextControl {TEXTAREA} at (15,3) size 151x34 [bgcolor=#FFFFFF] [border: (1px solid #4C4C4C)]
    RenderBlock {DIV} at (3,3) size 129x420
      RenderText {#text} at (3,0) size 113x406
        text run at (3,0) width 4: " "
        text run at (6,0) width 1: " "
        text run at (3,14) width 110: "This is a text area with"
        text run at (112,14) width 4: " "
        text run at (3,28) width 56: "wrap=\"soft\""
        text run at (58,28) width 1: " "
        text run at (3,42) width 110: "This is a text area with"
        text run at (112,42) width 4: " "
        text run at (3,56) width 56: "wrap=\"soft\""
        text run at (58,56) width 1: " "
        text run at (3,70) width 110: "This is a text area with"
        text run at (112,70) width 4: " "
        text run at (3,84) width 56: "wrap=\"soft\""
        text run at (58,84) width 1: " "
        text run at (3,98) width 110: "This is a text area with"
        text run at (112,98) width 4: " "
        text run at (3,112) width 56: "wrap=\"soft\""
        text run at (58,112) width 1: " "
        text run at (3,126) width 110: "This is a text area with"
        text run at (112,126) width 4: " "
        text run at (3,140) width 56: "wrap=\"soft\""
        text run at (58,140) width 1: " "
        text run at (3,154) width 110: "This is a text area with"
        text run at (112,154) width 4: " "
        text run at (3,168) width 56: "wrap=\"soft\""
        text run at (58,168) width 1: " "
        text run at (3,182) width 110: "This is a text area with"
        text run at (112,182) width 4: " "
        text run at (3,196) width 56: "wrap=\"soft\""
        text run at (58,196) width 1: " "
        text run at (3,210) width 110: "This is a text area with"
        text run at (112,210) width 4: " "
        text run at (3,224) width 56: "wrap=\"soft\""
        text run at (58,224) width 1: " "
        text run at (3,238) width 110: "This is a text area with"
        text run at (112,238) width 4: " "
        text run at (3,252) width 56: "wrap=\"soft\""
        text run at (58,252) width 1: " "
        text run at (3,266) width 110: "This is a text area with"
        text run at (112,266) width 4: " "
        text run at (3,280) width 56: "wrap=\"soft\""
        text run at (58,280) width 1: " "
        text run at (3,294) width 110: "This is a text area with"
        text run at (112,294) width 4: " "
        text run at (3,308) width 56: "wrap=\"soft\""
        text run at (58,308) width 1: " "
        text run at (3,322) width 110: "This is a text area with"
        text run at (112,322) width 4: " "
        text run at (3,336) width 56: "wrap=\"soft\""
        text run at (58,336) width 1: " "
        text run at (3,350) width 110: "This is a text area with"
        text run at (112,350) width 4: " "
        text run at (3,364) width 56: "wrap=\"soft\""
        text run at (58,364) width 1: " "
        text run at (3,378) width 110: "This is a text area with"
        text run at (112,378) width 4: " "
        text run at (3,392) width 56: "wrap=\"soft\""
        text run at (58,392) width 1: " "
      RenderBR {BR} at (3,406) size 0x14
layer at (377,1040) size 150x34 clip at (378,1041) size 133x32 scrollHeight 424
  RenderTextControl {TEXTAREA} at (15,3) size 151x34 [bgcolor=#FFFFFF] [border: (1px solid #4C4C4C)]
    RenderBlock {DIV} at (3,3) size 129x420
      RenderText {#text} at (3,0) size 113x406
        text run at (3,0) width 4: " "
        text run at (6,0) width 1: " "
        text run at (3,14) width 110: "This is a text area with"
        text run at (112,14) width 4: " "
        text run at (3,28) width 56: "wrap=\"soft\""
        text run at (58,28) width 1: " "
        text run at (3,42) width 110: "This is a text area with"
        text run at (112,42) width 4: " "
        text run at (3,56) width 56: "wrap=\"soft\""
        text run at (58,56) width 1: " "
        text run at (3,70) width 110: "This is a text area with"
        text run at (112,70) width 4: " "
        text run at (3,84) width 56: "wrap=\"soft\""
        text run at (58,84) width 1: " "
        text run at (3,98) width 110: "This is a text area with"
        text run at (112,98) width 4: " "
        text run at (3,112) width 56: "wrap=\"soft\""
        text run at (58,112) width 1: " "
        text run at (3,126) width 110: "This is a text area with"
        text run at (112,126) width 4: " "
        text run at (3,140) width 56: "wrap=\"soft\""
        text run at (58,140) width 1: " "
        text run at (3,154) width 110: "This is a text area with"
        text run at (112,154) width 4: " "
        text run at (3,168) width 56: "wrap=\"soft\""
        text run at (58,168) width 1: " "
        text run at (3,182) width 110: "This is a text area with"
        text run at (112,182) width 4: " "
        text run at (3,196) width 56: "wrap=\"soft\""
        text run at (58,196) width 1: " "
        text run at (3,210) width 110: "This is a text area with"
        text run at (112,210) width 4: " "
        text run at (3,224) width 56: "wrap=\"soft\""
        text run at (58,224) width 1: " "
        text run at (3,238) width 110: "This is a text area with"
        text run at (112,238) width 4: " "
        text run at (3,252) width 56: "wrap=\"soft\""
        text run at (58,252) width 1: " "
        text run at (3,266) width 110: "This is a text area with"
        text run at (112,266) width 4: " "
        text run at (3,280) width 56: "wrap=\"soft\""
        text run at (58,280) width 1: " "
        text run at (3,294) width 110: "This is a text area with"
        text run at (112,294) width 4: " "
        text run at (3,308) width 56: "wrap=\"soft\""
        text run at (58,308) width 1: " "
        text run at (3,322) width 110: "This is a text area with"
        text run at (112,322) width 4: " "
        text run at (3,336) width 56: "wrap=\"soft\""
        text run at (58,336) width 1: " "
        text run at (3,350) width 110: "This is a text area with"
        text run at (112,350) width 4: " "
        text run at (3,364) width 56: "wrap=\"soft\""
        text run at (58,364) width 1: " "
        text run at (3,378) width 110: "This is a text area with"
        text run at (112,378) width 4: " "
        text run at (3,392) width 56: "wrap=\"soft\""
        text run at (58,392) width 1: " "
      RenderBR {BR} at (3,406) size 0x14
layer at (25,140) size 150x34 clip at (26,141) size 133x32 scrollHeight 60
  RenderTextControl {TEXTAREA} at (15,3) size 151x34 [bgcolor=#FFFFFF] [border: (1px solid #4C4C4C)]
    RenderBlock {DIV} at (3,3) size 129x56 [color=#545454]
      RenderText {#text} at (3,0) size 119x56
        text run at (3,0) width 92: "Lorem ipsum dolor"
        text run at (94,0) width 4: " "
        text run at (3,14) width 117: "ABCDEFGHIJKLMNOP"
        text run at (3,28) width 78: "QRSTUVWXYZ"
        text run at (80,28) width 4: " "
        text run at (3,42) width 116: "abcdefghijklmnopqrstuv"
        text run at (118,42) width 4: " "
