layer at (0,0) size 800x1371
  RenderView at (0,0) size 800x600
layer at (0,0) size 800x1371
  RenderBlock {HTML} at (0,0) size 800x1371
    RenderBody {BODY} at (0,0) size 800x1371
      RenderPartObject {IFRAME} at (0,0) size 800x702
        layer at (0,0) size 800x702
          RenderView at (0,0) size 800x702
        layer at (0,0) size 800x702
          RenderBlock {HTML} at (0,0) size 800x702
            RenderBody {BODY} at (0,5) size 800x697
              RenderBlock {DIV} at (0,0) size 800x20
                RenderText {#text} at (0,0) size 196x19
                  text run at (0,0) width 196: "CompatMode: CSS1Compat"
              RenderBlock (anonymous) at (0,25) size 800x672
                RenderBlock {DIV} at (0,31) size 156x59 [border: (1px solid #0000FF)]
                  RenderBlock {SPAN} at (1,12) size 80x0
                  RenderBR {BR} at (81,1) size 0x14
                RenderBlock {DIV} at (156,31) size 156x59 [border: (1px solid #0000FF)]
                  RenderBlock {SPAN} at (1,1) size 80x15
                    RenderText {#text} at (0,0) size 78x14
                      text run at (0,0) width 78: "disabled: \"true\","
                  RenderBR {BR} at (81,1) size 0x14
                RenderBlock {DIV} at (312,0) size 172x90 [border: (1px solid #0000FF)]
                  RenderBlock {SPAN} at (1,1) size 80x30
                    RenderText {#text} at (0,0) size 79x29
                      text run at (0,0) width 26: "style:"
                      text run at (0,15) width 79: "\"padding:10px\","
                  RenderBR {BR} at (81,16) size 0x14
                RenderBlock {DIV} at (484,20) size 152x70 [border: (1px solid #0000FF)]
                  RenderBlock {SPAN} at (1,1) size 80x30
                    RenderText {#text} at (0,0) size 73x29
                      text run at (0,0) width 26: "style:"
                      text run at (0,15) width 73: "\"padding:0px\","
                  RenderBR {BR} at (81,16) size 0x14
                RenderBlock {DIV} at (0,125) size 172x90 [border: (1px solid #0000FF)]
                  RenderBlock {SPAN} at (1,1) size 80x30
                    RenderText {#text} at (0,0) size 74x29
                      text run at (0,0) width 26: "style:"
                      text run at (0,15) width 74: "\"margin:10px\","
                  RenderBR {BR} at (81,16) size 0x14
                RenderBlock {DIV} at (172,145) size 152x70 [border: (1px solid #0000FF)]
                  RenderBlock {SPAN} at (1,1) size 80x30
                    RenderText {#text} at (0,0) size 68x29
                      text run at (0,0) width 26: "style:"
                      text run at (0,15) width 68: "\"margin:0px\","
                  RenderBR {BR} at (81,16) size 0x14
                RenderBlock {DIV} at (324,141) size 82x74 [border: (1px solid #0000FF)]
                  RenderBlock {SPAN} at (1,1) size 80x30
                    RenderText {#text} at (0,0) size 68x29
                      text run at (0,0) width 26: "style:"
                      text run at (0,15) width 68: "\"width:60px\","
                  RenderBR {BR} at (81,16) size 0x14
                RenderBlock {DIV} at (406,90) size 104x125 [border: (1px solid #0000FF)]
                  RenderBlock {SPAN} at (1,1) size 80x45
                    RenderText {#text} at (0,0) size 74x44
                      text run at (0,0) width 26: "style:"
                      text run at (0,15) width 63: "\"width:60px;"
                      text run at (0,30) width 74: "padding:20px\","
                  RenderBR {BR} at (81,31) size 0x14
                RenderBlock {DIV} at (510,130) size 82x85 [border: (1px solid #0000FF)]
                  RenderBlock {SPAN} at (1,1) size 80x45
                    RenderText {#text} at (0,0) size 63x44
                      text run at (0,0) width 26: "style:"
                      text run at (0,15) width 63: "\"width:60px;"
                      text run at (0,30) width 56: "padding:0\","
                  RenderBR {BR} at (81,31) size 0x14
                RenderBlock {DIV} at (592,113) size 156x102 [border: (1px solid #0000FF)]
                  RenderBlock {SPAN} at (1,1) size 80x30
                    RenderText {#text} at (0,0) size 71x29
                      text run at (0,0) width 26: "style:"
                      text run at (0,15) width 71: "\"height:60px\","
                  RenderBR {BR} at (81,16) size 0x14
                RenderBlock {DIV} at (0,230) size 82x117 [border: (1px solid #0000FF)]
                  RenderBlock {SPAN} at (1,1) size 80x45
                    RenderText {#text} at (0,0) size 66x44
                      text run at (0,0) width 26: "style:"
                      text run at (0,15) width 63: "\"width:60px;"
                      text run at (0,30) width 66: "height:60px\","
                  RenderBR {BR} at (81,31) size 0x14
                RenderBlock {DIV} at (82,273) size 156x74 [border: (1px solid #0000FF)]
                  RenderBlock {SPAN} at (1,1) size 80x30
                    RenderText {#text} at (0,0) size 93x29
                      text run at (0,0) width 26: "style:"
                      text run at (0,15) width 93: "\"overflow:hidden\","
                  RenderBR {BR} at (81,16) size 0x14
                RenderBlock {DIV} at (238,258) size 156x89 [border: (1px solid #0000FF)]
                  RenderBlock {SPAN} at (1,1) size 80x30
                    RenderText {#text} at (0,0) size 87x29
                      text run at (0,0) width 26: "style:"
                      text run at (0,15) width 87: "\"overflow:scroll\","
                  RenderBR {BR} at (81,16) size 0x14
                RenderBlock {DIV} at (394,215) size 82x132 [border: (1px solid #0000FF)]
                  RenderBlock {SPAN} at (1,1) size 80x60
                    RenderText {#text} at (0,0) size 88x59
                      text run at (0,0) width 26: "style:"
                      text run at (0,15) width 88: "\"overflow:hidden;"
                      text run at (0,30) width 59: "width:60px;"
                      text run at (0,45) width 66: "height:60px\","
                  RenderBR {BR} at (81,46) size 0x14
                RenderBlock {DIV} at (476,215) size 82x132 [border: (1px solid #0000FF)]
                  RenderBlock {SPAN} at (1,1) size 80x60
                    RenderText {#text} at (0,0) size 82x59
                      text run at (0,0) width 26: "style:"
                      text run at (0,15) width 82: "\"overflow:scroll;"
                      text run at (0,30) width 59: "width:60px;"
                      text run at (0,45) width 66: "height:60px\","
                  RenderBR {BR} at (81,46) size 0x14
                RenderBlock {DIV} at (558,230) size 82x117 [border: (1px solid #0000FF)]
                  RenderBlock {SPAN} at (1,1) size 80x45
                    RenderText {#text} at (0,0) size 74x44
                      text run at (0,0) width 74: "cols: \"5\", style:"
                      text run at (0,15) width 63: "\"width:60px;"
                      text run at (0,30) width 66: "height:60px\","
                  RenderBR {BR} at (81,31) size 0x14
                RenderBlock {DIV} at (640,230) size 82x117 [border: (1px solid #0000FF)]
                  RenderBlock {SPAN} at (1,1) size 80x45
                    RenderText {#text} at (0,0) size 78x44
                      text run at (0,0) width 78: "rows: \"4\", style:"
                      text run at (0,15) width 63: "\"width:60px;"
                      text run at (0,30) width 66: "height:60px\","
                  RenderBR {BR} at (81,31) size 0x14
                RenderBlock {DIV} at (0,347) size 82x132 [border: (1px solid #0000FF)]
                  RenderBlock {SPAN} at (1,1) size 80x60
                    RenderText {#text} at (0,0) size 75x59
                      text run at (0,0) width 75: "cols: \"5\", rows:"
                      text run at (0,15) width 48: "\"4\", style:"
                      text run at (0,30) width 63: "\"width:60px;"
                      text run at (0,45) width 66: "height:60px\","
                  RenderBR {BR} at (81,46) size 0x14
                RenderBlock {DIV} at (82,420) size 82x59 [border: (1px solid #0000FF)]
                  RenderBlock {SPAN} at (1,1) size 80x15
                    RenderText {#text} at (0,0) size 45x14
                      text run at (0,0) width 45: "cols: \"3\","
                  RenderBR {BR} at (81,1) size 0x14
                RenderBlock {DIV} at (164,406) size 156x73 [border: (1px solid #0000FF)]
                  RenderBlock {SPAN} at (1,1) size 80x15
                    RenderText {#text} at (0,0) size 49x14
                      text run at (0,0) width 49: "rows: \"3\","
                  RenderBR {BR} at (81,1) size 0x14
                RenderBlock {DIV} at (320,420) size 82x59 [border: (1px solid #0000FF)]
                  RenderBlock {SPAN} at (1,1) size 80x15
                    RenderText {#text} at (0,0) size 45x14
                      text run at (0,0) width 45: "cols: \"7\","
                  RenderBR {BR} at (81,1) size 0x14
                RenderBlock {DIV} at (402,350) size 156x129 [border: (1px solid #0000FF)]
                  RenderBlock {SPAN} at (1,1) size 80x15
                    RenderText {#text} at (0,0) size 49x14
                      text run at (0,0) width 49: "rows: \"7\","
                  RenderBR {BR} at (81,1) size 0x14
                RenderBlock {DIV} at (558,377) size 82x102 [border: (1px solid #0000FF)]
                  RenderBlock {SPAN} at (1,1) size 80x30
                    RenderText {#text} at (0,0) size 75x29
                      text run at (0,0) width 75: "cols: \"5\", rows:"
                      text run at (0,15) width 19: "\"4\","
                  RenderBR {BR} at (81,16) size 0x14
                RenderBlock {DIV} at (640,405) size 156x74 [border: (1px solid #0000FF)]
                  RenderBlock {SPAN} at (1,1) size 80x15
                    RenderText {#text} at (0,0) size 57x14
                      text run at (0,0) width 57: "wrap: \"off\","
                  RenderBR {BR} at (81,1) size 0x14
                RenderBlock {DIV} at (0,494) size 156x59 [border: (1px solid #0000FF)]
                  RenderBlock {SPAN} at (1,1) size 80x15
                    RenderText {#text} at (0,0) size 65x14
                      text run at (0,0) width 65: "wrap: \"hard\","
                  RenderBR {BR} at (81,1) size 0x14
                RenderBlock {DIV} at (156,494) size 156x59 [border: (1px solid #0000FF)]
                  RenderBlock {SPAN} at (1,1) size 80x15
                    RenderText {#text} at (0,0) size 62x14
                      text run at (0,0) width 62: "wrap: \"soft\","
                  RenderBR {BR} at (81,1) size 0x14
                RenderBlock {DIV} at (312,479) size 156x74 [border: (1px solid #0000FF)]
                  RenderBlock {SPAN} at (1,1) size 80x30
                    RenderText {#text} at (0,0) size 72x29
                      text run at (0,0) width 65: "style: \"white-"
                      text run at (0,15) width 72: "space:normal\","
                  RenderBR {BR} at (81,16) size 0x14
                RenderBlock {DIV} at (468,479) size 156x74 [border: (1px solid #0000FF)]
                  RenderBlock {SPAN} at (1,1) size 80x30
                    RenderText {#text} at (0,0) size 65x29
                      text run at (0,0) width 65: "style: \"white-"
                      text run at (0,15) width 54: "space:pre\","
                  RenderBR {BR} at (81,16) size 0x14
                RenderBlock {DIV} at (624,479) size 156x74 [border: (1px solid #0000FF)]
                  RenderBlock {SPAN} at (1,1) size 80x30
                    RenderText {#text} at (0,0) size 78x29
                      text run at (0,0) width 65: "style: \"white-"
                      text run at (0,15) width 78: "space:prewrap\","
                  RenderBR {BR} at (81,16) size 0x14
                RenderBlock {DIV} at (0,598) size 156x74 [border: (1px solid #0000FF)]
                  RenderBlock {SPAN} at (1,1) size 80x30
                    RenderText {#text} at (0,0) size 74x29
                      text run at (0,0) width 65: "style: \"white-"
                      text run at (0,15) width 74: "space:nowrap\","
                  RenderBR {BR} at (81,16) size 0x14
                RenderBlock {DIV} at (156,598) size 156x74 [border: (1px solid #0000FF)]
                  RenderBlock {SPAN} at (1,1) size 80x30
                    RenderText {#text} at (0,0) size 76x29
                      text run at (0,0) width 65: "style: \"white-"
                      text run at (0,15) width 76: "space:pre-line\","
                  RenderBR {BR} at (81,16) size 0x14
                RenderBlock {DIV} at (312,583) size 156x89 [border: (1px solid #0000FF)]
                  RenderBlock {SPAN} at (1,1) size 80x30
                    RenderText {#text} at (0,0) size 70x29
                      text run at (0,0) width 63: "style: \"word-"
                      text run at (0,15) width 70: "wrap:normal\","
                  RenderBR {BR} at (81,16) size 0x14
                RenderBlock {DIV} at (468,553) size 156x119 [border: (1px solid #0000FF)]
                  RenderBlock {SPAN} at (1,1) size 80x60
                    RenderText {#text} at (0,0) size 65x59
                      text run at (0,0) width 57: "wrap: \"off\","
                      text run at (0,15) width 65: "style: \"white-"
                      text run at (0,30) width 50: "space:pre-"
                      text run at (0,45) width 32: "wrap\","
                  RenderBR {BR} at (81,46) size 0x14
        layer at (3,79) size 150x34 clip at (4,80) size 148x32
          RenderTextControl {TEXTAREA} at (3,18) size 150x34 [bgcolor=#FFFFFF] [border: (1px solid #4C4C4C)]
            RenderBlock {DIV} at (3,3) size 144x14
              RenderText {#text} at (3,0) size 92x14
                text run at (3,0) width 92: "Lorem ipsum dolor"
        layer at (315,63) size 166x50 clip at (316,64) size 149x48 scrollHeight 76
          RenderTextControl {TEXTAREA} at (3,33) size 166x50 [bgcolor=#FFFFFF] [border: (1px solid #4C4C4C)]
            RenderBlock {DIV} at (11,11) size 129x56
              RenderText {#text} at (3,0) size 117x56
                text run at (3,0) width 95: "Lorem ipsum  dolor"
                text run at (97,0) width 4: " "
                text run at (3,14) width 117: "ABCDEFGHIJKLMNOP"
                text run at (3,28) width 78: "QRSTUVWXYZ"
                text run at (80,28) width 4: " "
                text run at (3,42) width 116: "abcdefghijklmnopqrstuv"
        layer at (487,83) size 146x30 clip at (488,84) size 129x28 scrollHeight 56
          RenderTextControl {TEXTAREA} at (3,33) size 146x30 [bgcolor=#FFFFFF] [border: (1px solid #4C4C4C)]
            RenderBlock {DIV} at (1,1) size 129x56
              RenderText {#text} at (3,0) size 117x56
                text run at (3,0) width 95: "Lorem ipsum  dolor"
                text run at (97,0) width 4: " "
                text run at (3,14) width 117: "ABCDEFGHIJKLMNOP"
                text run at (3,28) width 78: "QRSTUVWXYZ"
                text run at (80,28) width 4: " "
                text run at (3,42) width 116: "abcdefghijklmnopqrstuv"
        layer at (11,196) size 150x34 clip at (12,197) size 133x32 scrollHeight 60
          RenderTextControl {TEXTAREA} at (11,41) size 150x34 [bgcolor=#FFFFFF] [border: (1px solid #4C4C4C)]
            RenderBlock {DIV} at (3,3) size 129x56
              RenderText {#text} at (3,0) size 117x56
                text run at (3,0) width 95: "Lorem ipsum  dolor"
                text run at (97,0) width 4: " "
                text run at (3,14) width 117: "ABCDEFGHIJKLMNOP"
                text run at (3,28) width 78: "QRSTUVWXYZ"
                text run at (80,28) width 4: " "
                text run at (3,42) width 116: "abcdefghijklmnopqrstuv"
        layer at (173,206) size 150x34 clip at (174,207) size 133x32 scrollHeight 60
          RenderTextControl {TEXTAREA} at (1,31) size 150x34 [bgcolor=#FFFFFF] [border: (1px solid #4C4C4C)]
            RenderBlock {DIV} at (3,3) size 129x56
              RenderText {#text} at (3,0) size 117x56
                text run at (3,0) width 95: "Lorem ipsum  dolor"
                text run at (97,0) width 4: " "
                text run at (3,14) width 117: "ABCDEFGHIJKLMNOP"
                text run at (3,28) width 78: "QRSTUVWXYZ"
                text run at (80,28) width 4: " "
                text run at (3,42) width 116: "abcdefghijklmnopqrstuv"
        layer at (325,204) size 66x34 clip at (326,205) size 49x32 scrollHeight 186
          RenderTextControl {TEXTAREA} at (1,33) size 66x34 [bgcolor=#FFFFFF] [border: (1px solid #4C4C4C)]
            RenderBlock {DIV} at (3,3) size 45x182
              RenderText {#text} at (3,0) size 38x182
                text run at (3,0) width 32: "Lorem"
                text run at (34,0) width 4: " "
                text run at (3,14) width 30: "ipsum"
                text run at (32,14) width 7: "  "
                text run at (3,28) width 25: "dolor"
                text run at (27,28) width 4: " "
                text run at (3,42) width 38: "ABCDE"
                text run at (3,56) width 32: "FGHIJ"
                text run at (3,70) width 31: "KLMN"
                text run at (3,84) width 33: "OPQR"
                text run at (3,98) width 30: "STUV"
                text run at (3,112) width 32: "WXYZ"
                text run at (34,112) width 4: " "
                text run at (3,126) width 34: "abcdef"
                text run at (3,140) width 35: "ghijklm"
                text run at (3,154) width 37: "nopqrst"
                text run at (3,168) width 12: "uv"
        layer at (407,168) size 102x70 clip at (408,169) size 85x68 scrollHeight 222
          RenderTextControl {TEXTAREA} at (1,48) size 102x70 [bgcolor=#FFFFFF] [border: (1px solid #4C4C4C)]
            RenderBlock {DIV} at (21,21) size 45x182
              RenderText {#text} at (3,0) size 38x182
                text run at (3,0) width 32: "Lorem"
                text run at (34,0) width 4: " "
                text run at (3,14) width 30: "ipsum"
                text run at (32,14) width 7: "  "
                text run at (3,28) width 25: "dolor"
                text run at (27,28) width 4: " "
                text run at (3,42) width 38: "ABCDE"
                text run at (3,56) width 32: "FGHIJ"
                text run at (3,70) width 31: "KLMN"
                text run at (3,84) width 33: "OPQR"
                text run at (3,98) width 30: "STUV"
                text run at (3,112) width 32: "WXYZ"
                text run at (34,112) width 4: " "
                text run at (3,126) width 34: "abcdef"
                text run at (3,140) width 35: "ghijklm"
                text run at (3,154) width 37: "nopqrst"
                text run at (3,168) width 12: "uv"
        layer at (511,208) size 62x30 clip at (512,209) size 45x28 scrollHeight 182
          RenderTextControl {TEXTAREA} at (1,48) size 62x30 [bgcolor=#FFFFFF] [border: (1px solid #4C4C4C)]
            RenderBlock {DIV} at (1,1) size 45x182
              RenderText {#text} at (3,0) size 38x182
                text run at (3,0) width 32: "Lorem"
                text run at (34,0) width 4: " "
                text run at (3,14) width 30: "ipsum"
                text run at (32,14) width 7: "  "
                text run at (3,28) width 25: "dolor"
                text run at (27,28) width 4: " "
                text run at (3,42) width 38: "ABCDE"
                text run at (3,56) width 32: "FGHIJ"
                text run at (3,70) width 31: "KLMN"
                text run at (3,84) width 33: "OPQR"
                text run at (3,98) width 30: "STUV"
                text run at (3,112) width 32: "WXYZ"
                text run at (34,112) width 4: " "
                text run at (3,126) width 34: "abcdef"
                text run at (3,140) width 35: "ghijklm"
                text run at (3,154) width 37: "nopqrst"
                text run at (3,168) width 12: "uv"
        layer at (595,174) size 150x66 clip at (596,175) size 148x64
          RenderTextControl {TEXTAREA} at (3,31) size 150x66 [bgcolor=#FFFFFF] [border: (1px solid #4C4C4C)]
            RenderBlock {DIV} at (3,3) size 144x56
              RenderText {#text} at (3,0) size 133x56
                text run at (3,0) width 95: "Lorem ipsum  dolor"
                text run at (97,0) width 4: " "
                text run at (3,14) width 133: "ABCDEFGHIJKLMNOPQR"
                text run at (3,28) width 62: "STUVWXYZ"
                text run at (64,28) width 4: " "
                text run at (3,42) width 116: "abcdefghijklmnopqrstuv"
        layer at (1,306) size 66x66 clip at (2,307) size 49x64 scrollHeight 186
          RenderTextControl {TEXTAREA} at (1,46) size 66x66 [bgcolor=#FFFFFF] [border: (1px solid #4C4C4C)]
            RenderBlock {DIV} at (3,3) size 45x182
              RenderText {#text} at (3,0) size 38x182
                text run at (3,0) width 32: "Lorem"
                text run at (34,0) width 4: " "
                text run at (3,14) width 30: "ipsum"
                text run at (32,14) width 7: "  "
                text run at (3,28) width 25: "dolor"
                text run at (27,28) width 4: " "
                text run at (3,42) width 38: "ABCDE"
                text run at (3,56) width 32: "FGHIJ"
                text run at (3,70) width 31: "KLMN"
                text run at (3,84) width 33: "OPQR"
                text run at (3,98) width 30: "STUV"
                text run at (3,112) width 32: "WXYZ"
                text run at (34,112) width 4: " "
                text run at (3,126) width 34: "abcdef"
                text run at (3,140) width 35: "ghijklm"
                text run at (3,154) width 37: "nopqrst"
                text run at (3,168) width 12: "uv"
        layer at (85,336) size 150x34 clip at (86,337) size 148x32 scrollHeight 60
          RenderTextControl {TEXTAREA} at (3,33) size 150x34 [bgcolor=#FFFFFF] [border: (1px solid #4C4C4C)]
            RenderBlock {DIV} at (3,3) size 144x56
              RenderText {#text} at (3,0) size 133x56
                text run at (3,0) width 95: "Lorem ipsum  dolor"
                text run at (97,0) width 4: " "
                text run at (3,14) width 133: "ABCDEFGHIJKLMNOPQR"
                text run at (3,28) width 62: "STUVWXYZ"
                text run at (64,28) width 4: " "
                text run at (3,42) width 116: "abcdefghijklmnopqrstuv"
        layer at (241,321) size 150x49 clip at (242,322) size 133x32 scrollHeight 60
          RenderTextControl {TEXTAREA} at (3,33) size 150x49 [bgcolor=#FFFFFF] [border: (1px solid #4C4C4C)]
            RenderBlock {DIV} at (3,3) size 129x56
              RenderText {#text} at (3,0) size 117x56
                text run at (3,0) width 95: "Lorem ipsum  dolor"
                text run at (97,0) width 4: " "
                text run at (3,14) width 117: "ABCDEFGHIJKLMNOP"
                text run at (3,28) width 78: "QRSTUVWXYZ"
                text run at (80,28) width 4: " "
                text run at (3,42) width 116: "abcdefghijklmnopqrstuv"
        layer at (395,306) size 66x66 clip at (396,307) size 64x64 scrollHeight 144
          RenderTextControl {TEXTAREA} at (1,61) size 66x66 [bgcolor=#FFFFFF] [border: (1px solid #4C4C4C)]
            RenderBlock {DIV} at (3,3) size 60x140
              RenderText {#text} at (3,0) size 54x140
                text run at (3,0) width 32: "Lorem"
                text run at (34,0) width 4: " "
                text run at (3,14) width 30: "ipsum"
                text run at (32,14) width 7: "  "
                text run at (3,28) width 25: "dolor"
                text run at (27,28) width 4: " "
                text run at (3,42) width 54: "ABCDEFG"
                text run at (3,56) width 48: "HIJKLMN"
                text run at (3,70) width 47: "OPQRST"
                text run at (3,84) width 48: "UVWXYZ"
                text run at (50,84) width 4: " "
                text run at (3,98) width 51: "abcdefghij"
                text run at (3,112) width 54: "klmnopqrst"
                text run at (3,126) width 12: "uv"
        layer at (477,306) size 66x66 clip at (478,307) size 49x49 scrollHeight 186
          RenderTextControl {TEXTAREA} at (1,61) size 66x66 [bgcolor=#FFFFFF] [border: (1px solid #4C4C4C)]
            RenderBlock {DIV} at (3,3) size 45x182
              RenderText {#text} at (3,0) size 38x182
                text run at (3,0) width 32: "Lorem"
                text run at (34,0) width 4: " "
                text run at (3,14) width 30: "ipsum"
                text run at (32,14) width 7: "  "
                text run at (3,28) width 25: "dolor"
                text run at (27,28) width 4: " "
                text run at (3,42) width 38: "ABCDE"
                text run at (3,56) width 32: "FGHIJ"
                text run at (3,70) width 31: "KLMN"
                text run at (3,84) width 33: "OPQR"
                text run at (3,98) width 30: "STUV"
                text run at (3,112) width 32: "WXYZ"
                text run at (34,112) width 4: " "
                text run at (3,126) width 34: "abcdef"
                text run at (3,140) width 35: "ghijklm"
                text run at (3,154) width 37: "nopqrst"
                text run at (3,168) width 12: "uv"
        layer at (559,306) size 66x66 clip at (560,307) size 49x64 scrollHeight 186
          RenderTextControl {TEXTAREA} at (1,46) size 66x66 [bgcolor=#FFFFFF] [border: (1px solid #4C4C4C)]
            RenderBlock {DIV} at (3,3) size 45x182
              RenderText {#text} at (3,0) size 38x182
                text run at (3,0) width 32: "Lorem"
                text run at (34,0) width 4: " "
                text run at (3,14) width 30: "ipsum"
                text run at (32,14) width 7: "  "
                text run at (3,28) width 25: "dolor"
                text run at (27,28) width 4: " "
                text run at (3,42) width 38: "ABCDE"
                text run at (3,56) width 32: "FGHIJ"
                text run at (3,70) width 31: "KLMN"
                text run at (3,84) width 33: "OPQR"
                text run at (3,98) width 30: "STUV"
                text run at (3,112) width 32: "WXYZ"
                text run at (34,112) width 4: " "
                text run at (3,126) width 34: "abcdef"
                text run at (3,140) width 35: "ghijklm"
                text run at (3,154) width 37: "nopqrst"
                text run at (3,168) width 12: "uv"
        layer at (641,306) size 66x66 clip at (642,307) size 49x64 scrollHeight 186
          RenderTextControl {TEXTAREA} at (1,46) size 66x66 [bgcolor=#FFFFFF] [border: (1px solid #4C4C4C)]
            RenderBlock {DIV} at (3,3) size 45x182
              RenderText {#text} at (3,0) size 38x182
                text run at (3,0) width 32: "Lorem"
                text run at (34,0) width 4: " "
                text run at (3,14) width 30: "ipsum"
                text run at (32,14) width 7: "  "
                text run at (3,28) width 25: "dolor"
                text run at (27,28) width 4: " "
                text run at (3,42) width 38: "ABCDE"
                text run at (3,56) width 32: "FGHIJ"
                text run at (3,70) width 31: "KLMN"
                text run at (3,84) width 33: "OPQR"
                text run at (3,98) width 30: "STUV"
                text run at (3,112) width 32: "WXYZ"
                text run at (34,112) width 4: " "
                text run at (3,126) width 34: "abcdef"
                text run at (3,140) width 35: "ghijklm"
                text run at (3,154) width 37: "nopqrst"
                text run at (3,168) width 12: "uv"
        layer at (1,438) size 66x66 clip at (2,439) size 49x64 scrollHeight 186
          RenderTextControl {TEXTAREA} at (1,61) size 66x66 [bgcolor=#FFFFFF] [border: (1px solid #4C4C4C)]
            RenderBlock {DIV} at (3,3) size 45x182
              RenderText {#text} at (3,0) size 38x182
                text run at (3,0) width 32: "Lorem"
                text run at (34,0) width 4: " "
                text run at (3,14) width 30: "ipsum"
                text run at (32,14) width 7: "  "
                text run at (3,28) width 25: "dolor"
                text run at (27,28) width 4: " "
                text run at (3,42) width 38: "ABCDE"
                text run at (3,56) width 32: "FGHIJ"
                text run at (3,70) width 31: "KLMN"
                text run at (3,84) width 33: "OPQR"
                text run at (3,98) width 30: "STUV"
                text run at (3,112) width 32: "WXYZ"
                text run at (34,112) width 4: " "
                text run at (3,126) width 34: "abcdef"
                text run at (3,140) width 35: "ghijklm"
                text run at (3,154) width 37: "nopqrst"
                text run at (3,168) width 12: "uv"
        layer at (85,468) size 46x34 clip at (86,469) size 29x32 scrollHeight 368
          RenderTextControl {TEXTAREA} at (3,18) size 46x34 [bgcolor=#FFFFFF] [border: (1px solid #4C4C4C)]
            RenderBlock {DIV} at (3,3) size 25x364
              RenderText {#text} at (3,0) size 19x364
                text run at (3,0) width 16: "Lor"
                text run at (3,14) width 16: "em"
                text run at (18,14) width 4: " "
                text run at (3,28) width 15: "ips"
                text run at (3,42) width 16: "um"
                text run at (18,42) width 4: "  "
                text run at (3,56) width 15: "dol"
                text run at (3,70) width 10: "or"
                text run at (12,70) width 4: " "
                text run at (3,84) width 15: "AB"
                text run at (3,98) width 16: "CD"
                text run at (3,112) width 15: "EF"
                text run at (3,126) width 17: "GH"
                text run at (3,140) width 16: "IJK"
                text run at (3,154) width 16: "LM"
                text run at (3,168) width 17: "NO"
                text run at (3,182) width 16: "PQ"
                text run at (3,196) width 16: "RS"
                text run at (3,210) width 15: "TU"
                text run at (3,224) width 18: "VW"
                text run at (3,238) width 15: "XY"
                text run at (3,252) width 7: "Z"
                text run at (9,252) width 4: " "
                text run at (3,266) width 18: "abc"
                text run at (3,280) width 16: "def"
                text run at (3,294) width 18: "ghij"
                text run at (3,308) width 18: "klm"
                text run at (3,322) width 19: "nop"
                text run at (3,336) width 19: "qrst"
                text run at (3,350) width 12: "uv"
        layer at (167,454) size 150x48 clip at (168,455) size 133x46 scrollHeight 60
          RenderTextControl {TEXTAREA} at (3,18) size 150x48 [bgcolor=#FFFFFF] [border: (1px solid #4C4C4C)]
            RenderBlock {DIV} at (3,3) size 129x56
              RenderText {#text} at (3,0) size 117x56
                text run at (3,0) width 95: "Lorem ipsum  dolor"
                text run at (97,0) width 4: " "
                text run at (3,14) width 117: "ABCDEFGHIJKLMNOP"
                text run at (3,28) width 78: "QRSTUVWXYZ"
                text run at (80,28) width 4: " "
                text run at (3,42) width 116: "abcdefghijklmnopqrstuv"
        layer at (323,468) size 70x34 clip at (324,469) size 53x32 scrollHeight 158
          RenderTextControl {TEXTAREA} at (3,18) size 70x34 [bgcolor=#FFFFFF] [border: (1px solid #4C4C4C)]
            RenderBlock {DIV} at (3,3) size 49x154
              RenderText {#text} at (3,0) size 43x154
                text run at (3,0) width 32: "Lorem"
                text run at (34,0) width 4: " "
                text run at (3,14) width 30: "ipsum"
                text run at (32,14) width 7: "  "
                text run at (3,28) width 25: "dolor"
                text run at (27,28) width 4: " "
                text run at (3,42) width 38: "ABCDE"
                text run at (3,56) width 40: "FGHIJK"
                text run at (3,70) width 40: "LMNOP"
                text run at (3,84) width 39: "QRSTU"
                text run at (3,98) width 40: "VWXYZ"
                text run at (42,98) width 4: " "
                text run at (3,112) width 40: "abcdefg"
                text run at (3,126) width 41: "hijklmno"
                text run at (3,140) width 37: "pqrstuv"
        layer at (405,398) size 150x104 clip at (406,399) size 148x102
          RenderTextControl {TEXTAREA} at (3,18) size 150x104 [bgcolor=#FFFFFF] [border: (1px solid #4C4C4C)]
            RenderBlock {DIV} at (3,3) size 144x56
              RenderText {#text} at (3,0) size 133x56
                text run at (3,0) width 95: "Lorem ipsum  dolor"
                text run at (97,0) width 4: " "
                text run at (3,14) width 133: "ABCDEFGHIJKLMNOPQR"
                text run at (3,28) width 62: "STUVWXYZ"
                text run at (64,28) width 4: " "
                text run at (3,42) width 116: "abcdefghijklmnopqrstuv"
        layer at (561,440) size 58x62 clip at (562,441) size 41x60 scrollHeight 228
          RenderTextControl {TEXTAREA} at (3,33) size 58x62 [bgcolor=#FFFFFF] [border: (1px solid #4C4C4C)]
            RenderBlock {DIV} at (3,3) size 37x224
              RenderText {#text} at (3,0) size 31x224
                text run at (3,0) width 23: "Lore"
                text run at (3,14) width 10: "m"
                text run at (12,14) width 4: " "
                text run at (3,28) width 30: "ipsum"
                text run at (32,28) width 2: "  "
                text run at (3,42) width 25: "dolor"
                text run at (27,42) width 4: " "
                text run at (3,56) width 31: "ABCD"
                text run at (3,70) width 31: "EFGH"
                text run at (3,84) width 23: "IJKL"
                text run at (3,98) width 26: "MNO"
                text run at (3,112) width 24: "PQR"
                text run at (3,126) width 30: "STUV"
                text run at (3,140) width 26: "WXY"
                text run at (3,154) width 7: "Z"
                text run at (9,154) width 4: " "
                text run at (3,168) width 30: "abcde"
                text run at (3,182) width 29: "fghijkl"
                text run at (3,196) width 28: "mnop"
                text run at (3,210) width 30: "qrstuv"
        layer at (643,453) size 150x49 clip at (644,454) size 148x32 scrollWidth 415
          RenderTextControl {TEXTAREA} at (3,18) size 150x49 [bgcolor=#FFFFFF] [border: (1px solid #4C4C4C)]
            RenderBlock {DIV} at (3,3) size 144x14
              RenderText {#text} at (3,0) size 410x14
                text run at (3,0) width 410: "Lorem ipsum  dolor ABCDEFGHIJKLMNOPQRSTUVWXYZ abcdefghijklmnopqrstuv"
        layer at (3,542) size 150x34 clip at (4,543) size 133x32 scrollHeight 60
          RenderTextControl {TEXTAREA} at (3,18) size 150x34 [bgcolor=#FFFFFF] [border: (1px solid #4C4C4C)]
            RenderBlock {DIV} at (3,3) size 129x56
              RenderText {#text} at (3,0) size 117x56
                text run at (3,0) width 95: "Lorem ipsum  dolor"
                text run at (97,0) width 4: " "
                text run at (3,14) width 117: "ABCDEFGHIJKLMNOP"
                text run at (3,28) width 78: "QRSTUVWXYZ"
                text run at (80,28) width 4: " "
                text run at (3,42) width 116: "abcdefghijklmnopqrstuv"
        layer at (159,542) size 150x34 clip at (160,543) size 133x32 scrollHeight 60
          RenderTextControl {TEXTAREA} at (3,18) size 150x34 [bgcolor=#FFFFFF] [border: (1px solid #4C4C4C)]
            RenderBlock {DIV} at (3,3) size 129x56
              RenderText {#text} at (3,0) size 117x56
                text run at (3,0) width 95: "Lorem ipsum  dolor"
                text run at (97,0) width 4: " "
                text run at (3,14) width 117: "ABCDEFGHIJKLMNOP"
                text run at (3,28) width 78: "QRSTUVWXYZ"
                text run at (80,28) width 4: " "
                text run at (3,42) width 116: "abcdefghijklmnopqrstuv"
        layer at (315,542) size 150x34 clip at (316,543) size 133x32 scrollHeight 60
          RenderTextControl {TEXTAREA} at (3,33) size 150x34 [bgcolor=#FFFFFF] [border: (1px solid #4C4C4C)]
            RenderBlock {DIV} at (3,3) size 129x56
              RenderText {#text} at (3,0) size 117x56
                text run at (3,0) width 67: "Lorem ipsum "
                text run at (69,0) width 26: "dolor"
                text run at (94,0) width 4: " "
                text run at (3,14) width 117: "ABCDEFGHIJKLMNOP"
                text run at (3,28) width 78: "QRSTUVWXYZ"
                text run at (80,28) width 4: " "
                text run at (3,42) width 116: "abcdefghijklmnopqrstuv"
        layer at (471,542) size 150x34 clip at (472,543) size 133x32 scrollHeight 60
          RenderTextControl {TEXTAREA} at (3,33) size 150x34 [bgcolor=#FFFFFF] [border: (1px solid #4C4C4C)]
            RenderBlock {DIV} at (3,3) size 129x56
              RenderText {#text} at (3,0) size 120x56
                text run at (3,0) width 120: "Lorem ipsum  dolor ABC"
                text run at (3,14) width 118: "DEFGHIJKLMNOPQRS"
                text run at (3,28) width 115: "TUVWXYZ abcdefghijkl"
                text run at (3,42) width 58: "mnopqrstuv"
        layer at (627,542) size 150x34 clip at (628,543) size 133x32 scrollHeight 60
          RenderTextControl {TEXTAREA} at (3,33) size 150x34 [bgcolor=#FFFFFF] [border: (1px solid #4C4C4C)]
            RenderBlock {DIV} at (3,3) size 129x56
              RenderText {#text} at (3,0) size 117x56
                text run at (3,0) width 95: "Lorem ipsum  dolor"
                text run at (97,0) width 4: " "
                text run at (3,14) width 117: "ABCDEFGHIJKLMNOP"
                text run at (3,28) width 78: "QRSTUVWXYZ"
                text run at (80,28) width 4: " "
                text run at (3,42) width 116: "abcdefghijklmnopqrstuv"
        layer at (3,661) size 150x34 clip at (4,662) size 133x17 scrollWidth 412 scrollHeight 18
          RenderTextControl {TEXTAREA} at (3,33) size 150x34 [bgcolor=#FFFFFF] [border: (1px solid #4C4C4C)]
            RenderBlock {DIV} at (3,3) size 144x14
              RenderText {#text} at (3,0) size 407x14
                text run at (3,0) width 67: "Lorem ipsum "
                text run at (69,0) width 341: "dolor ABCDEFGHIJKLMNOPQRSTUVWXYZ abcdefghijklmnopqrstuv"
        layer at (159,661) size 150x34 clip at (160,662) size 133x32 scrollHeight 60
          RenderTextControl {TEXTAREA} at (3,33) size 150x34 [bgcolor=#FFFFFF] [border: (1px solid #4C4C4C)]
            RenderBlock {DIV} at (3,3) size 129x56
              RenderText {#text} at (3,0) size 117x56
                text run at (3,0) width 67: "Lorem ipsum "
                text run at (69,0) width 26: "dolor"
                text run at (94,0) width 4: " "
                text run at (3,14) width 117: "ABCDEFGHIJKLMNOP"
                text run at (3,28) width 78: "QRSTUVWXYZ"
                text run at (80,28) width 4: " "
                text run at (3,42) width 116: "abcdefghijklmnopqrstuv"
        layer at (315,646) size 150x49 clip at (316,647) size 133x32 scrollWidth 199 scrollHeight 46
          RenderTextControl {TEXTAREA} at (3,33) size 150x49 [bgcolor=#FFFFFF] [border: (1px solid #4C4C4C)]
            RenderBlock {DIV} at (3,3) size 144x42
              RenderText {#text} at (3,0) size 194x42
                text run at (3,0) width 95: "Lorem ipsum  dolor"
                text run at (97,0) width 4: " "
                text run at (3,14) width 194: "ABCDEFGHIJKLMNOPQRSTUVWXYZ"
                text run at (3,28) width 119: " abcdefghijklmnopqrstuv"
        layer at (471,646) size 150x49 clip at (472,647) size 133x32 scrollWidth 199 scrollHeight 46
          RenderTextControl {TEXTAREA} at (3,63) size 150x49 [bgcolor=#FFFFFF] [border: (1px solid #4C4C4C)]
            RenderBlock {DIV} at (3,3) size 144x42
              RenderText {#text} at (3,0) size 194x42
                text run at (3,0) width 95: "Lorem ipsum  dolor"
                text run at (97,0) width 4: " "
                text run at (3,14) width 194: "ABCDEFGHIJKLMNOPQRSTUVWXYZ"
                text run at (3,28) width 119: " abcdefghijklmnopqrstuv"
        layer at (159,79) size 150x34 clip at (160,80) size 133x32 scrollHeight 60
          RenderTextControl {TEXTAREA} at (3,18) size 150x34 [bgcolor=#FFFFFF] [border: (1px solid #4C4C4C)]
            RenderBlock {DIV} at (3,3) size 129x56 [color=#545454]
              RenderText {#text} at (3,0) size 117x56
                text run at (3,0) width 95: "Lorem ipsum  dolor"
                text run at (97,0) width 4: " "
                text run at (3,14) width 117: "ABCDEFGHIJKLMNOP"
                text run at (3,28) width 78: "QRSTUVWXYZ"
                text run at (80,28) width 4: " "
                text run at (3,42) width 116: "abcdefghijklmnopqrstuv"
      RenderPartObject {IFRAME} at (0,702) size 800x669
        layer at (0,0) size 800x669
          RenderView at (0,0) size 800x669
        layer at (0,0) size 800x669
          RenderBlock {HTML} at (0,0) size 800x669
            RenderBody {BODY} at (0,5) size 800x664
              RenderBlock {DIV} at (0,0) size 800x20
                RenderText {#text} at (0,0) size 194x19
                  text run at (0,0) width 194: "CompatMode: BackCompat"
              RenderBlock (anonymous) at (0,25) size 800x639
                RenderBlock {DIV} at (0,46) size 156x40 [border: (1px solid #0000FF)]
                  RenderBlock {SPAN} at (1,1) size 80x0
                  RenderBR {BR} at (81,1) size 0x0
                RenderBlock {DIV} at (156,31) size 156x55 [border: (1px solid #0000FF)]
                  RenderBlock {SPAN} at (1,1) size 80x15
                    RenderText {#text} at (0,0) size 78x14
                      text run at (0,0) width 78: "disabled: \"true\","
                  RenderBR {BR} at (81,12) size 0x0
                RenderBlock {DIV} at (312,0) size 172x86 [border: (1px solid #0000FF)]
                  RenderBlock {SPAN} at (1,1) size 80x30
                    RenderText {#text} at (0,0) size 79x29
                      text run at (0,0) width 26: "style:"
                      text run at (0,15) width 79: "\"padding:10px\","
                  RenderBR {BR} at (81,27) size 0x0
                RenderBlock {DIV} at (484,20) size 152x66 [border: (1px solid #0000FF)]
                  RenderBlock {SPAN} at (1,1) size 80x30
                    RenderText {#text} at (0,0) size 73x29
                      text run at (0,0) width 26: "style:"
                      text run at (0,15) width 73: "\"padding:0px\","
                  RenderBR {BR} at (81,27) size 0x0
                RenderBlock {DIV} at (0,121) size 172x86 [border: (1px solid #0000FF)]
                  RenderBlock {SPAN} at (1,1) size 80x30
                    RenderText {#text} at (0,0) size 74x29
                      text run at (0,0) width 26: "style:"
                      text run at (0,15) width 74: "\"margin:10px\","
                  RenderBR {BR} at (81,27) size 0x0
                RenderBlock {DIV} at (172,141) size 152x66 [border: (1px solid #0000FF)]
                  RenderBlock {SPAN} at (1,1) size 80x30
                    RenderText {#text} at (0,0) size 68x29
                      text run at (0,0) width 26: "style:"
                      text run at (0,15) width 68: "\"margin:0px\","
                  RenderBR {BR} at (81,27) size 0x0
                RenderBlock {DIV} at (324,137) size 82x70 [border: (1px solid #0000FF)]
                  RenderBlock {SPAN} at (1,1) size 80x30
                    RenderText {#text} at (0,0) size 68x29
                      text run at (0,0) width 26: "style:"
                      text run at (0,15) width 68: "\"width:60px\","
                  RenderBR {BR} at (81,27) size 0x0
                RenderBlock {DIV} at (406,86) size 82x121 [border: (1px solid #0000FF)]
                  RenderBlock {SPAN} at (1,1) size 80x45
                    RenderText {#text} at (0,0) size 74x44
                      text run at (0,0) width 26: "style:"
                      text run at (0,15) width 63: "\"width:60px;"
                      text run at (0,30) width 74: "padding:20px\","
                  RenderBR {BR} at (81,42) size 0x0
                RenderBlock {DIV} at (488,126) size 82x81 [border: (1px solid #0000FF)]
                  RenderBlock {SPAN} at (1,1) size 80x45
                    RenderText {#text} at (0,0) size 63x44
                      text run at (0,0) width 26: "style:"
                      text run at (0,15) width 63: "\"width:60px;"
                      text run at (0,30) width 56: "padding:0\","
                  RenderBR {BR} at (81,42) size 0x0
                RenderBlock {DIV} at (570,115) size 156x92 [border: (1px solid #0000FF)]
                  RenderBlock {SPAN} at (1,1) size 80x30
                    RenderText {#text} at (0,0) size 71x29
                      text run at (0,0) width 26: "style:"
                      text run at (0,15) width 71: "\"height:60px\","
                  RenderBR {BR} at (81,27) size 0x0
                RenderBlock {DIV} at (0,222) size 82x107 [border: (1px solid #0000FF)]
                  RenderBlock {SPAN} at (1,1) size 80x45
                    RenderText {#text} at (0,0) size 66x44
                      text run at (0,0) width 26: "style:"
                      text run at (0,15) width 63: "\"width:60px;"
                      text run at (0,30) width 66: "height:60px\","
                  RenderBR {BR} at (81,42) size 0x0
                RenderBlock {DIV} at (82,259) size 156x70 [border: (1px solid #0000FF)]
                  RenderBlock {SPAN} at (1,1) size 80x30
                    RenderText {#text} at (0,0) size 93x29
                      text run at (0,0) width 26: "style:"
                      text run at (0,15) width 93: "\"overflow:hidden\","
                  RenderBR {BR} at (81,27) size 0x0
                RenderBlock {DIV} at (238,244) size 156x85 [border: (1px solid #0000FF)]
                  RenderBlock {SPAN} at (1,1) size 80x30
                    RenderText {#text} at (0,0) size 87x29
                      text run at (0,0) width 26: "style:"
                      text run at (0,15) width 87: "\"overflow:scroll\","
                  RenderBR {BR} at (81,27) size 0x0
                RenderBlock {DIV} at (394,207) size 82x122 [border: (1px solid #0000FF)]
                  RenderBlock {SPAN} at (1,1) size 80x60
                    RenderText {#text} at (0,0) size 88x59
                      text run at (0,0) width 26: "style:"
                      text run at (0,15) width 88: "\"overflow:hidden;"
                      text run at (0,30) width 59: "width:60px;"
                      text run at (0,45) width 66: "height:60px\","
                  RenderBR {BR} at (81,57) size 0x0
                RenderBlock {DIV} at (476,207) size 82x122 [border: (1px solid #0000FF)]
                  RenderBlock {SPAN} at (1,1) size 80x60
                    RenderText {#text} at (0,0) size 82x59
                      text run at (0,0) width 26: "style:"
                      text run at (0,15) width 82: "\"overflow:scroll;"
                      text run at (0,30) width 59: "width:60px;"
                      text run at (0,45) width 66: "height:60px\","
                  RenderBR {BR} at (81,57) size 0x0
                RenderBlock {DIV} at (558,222) size 82x107 [border: (1px solid #0000FF)]
                  RenderBlock {SPAN} at (1,1) size 80x45
                    RenderText {#text} at (0,0) size 74x44
                      text run at (0,0) width 74: "cols: \"5\", style:"
                      text run at (0,15) width 63: "\"width:60px;"
                      text run at (0,30) width 66: "height:60px\","
                  RenderBR {BR} at (81,42) size 0x0
                RenderBlock {DIV} at (640,222) size 82x107 [border: (1px solid #0000FF)]
                  RenderBlock {SPAN} at (1,1) size 80x45
                    RenderText {#text} at (0,0) size 78x44
                      text run at (0,0) width 78: "rows: \"4\", style:"
                      text run at (0,15) width 63: "\"width:60px;"
                      text run at (0,30) width 66: "height:60px\","
                  RenderBR {BR} at (81,42) size 0x0
                RenderBlock {DIV} at (0,332) size 82x122 [border: (1px solid #0000FF)]
                  RenderBlock {SPAN} at (1,1) size 80x60
                    RenderText {#text} at (0,0) size 75x59
                      text run at (0,0) width 75: "cols: \"5\", rows:"
                      text run at (0,15) width 48: "\"4\", style:"
                      text run at (0,30) width 63: "\"width:60px;"
                      text run at (0,45) width 66: "height:60px\","
                  RenderBR {BR} at (81,57) size 0x0
                RenderBlock {DIV} at (82,399) size 82x55 [border: (1px solid #0000FF)]
                  RenderBlock {SPAN} at (1,1) size 80x15
                    RenderText {#text} at (0,0) size 45x14
                      text run at (0,0) width 45: "cols: \"3\","
                  RenderBR {BR} at (81,12) size 0x0
                RenderBlock {DIV} at (164,385) size 156x69 [border: (1px solid #0000FF)]
                  RenderBlock {SPAN} at (1,1) size 80x15
                    RenderText {#text} at (0,0) size 49x14
                      text run at (0,0) width 49: "rows: \"3\","
                  RenderBR {BR} at (81,12) size 0x0
                RenderBlock {DIV} at (320,399) size 82x55 [border: (1px solid #0000FF)]
                  RenderBlock {SPAN} at (1,1) size 80x15
                    RenderText {#text} at (0,0) size 45x14
                      text run at (0,0) width 45: "cols: \"7\","
                  RenderBR {BR} at (81,12) size 0x0
                RenderBlock {DIV} at (402,329) size 156x125 [border: (1px solid #0000FF)]
                  RenderBlock {SPAN} at (1,1) size 80x15
                    RenderText {#text} at (0,0) size 49x14
                      text run at (0,0) width 49: "rows: \"7\","
                  RenderBR {BR} at (81,12) size 0x0
                RenderBlock {DIV} at (558,356) size 82x98 [border: (1px solid #0000FF)]
                  RenderBlock {SPAN} at (1,1) size 80x30
                    RenderText {#text} at (0,0) size 75x29
                      text run at (0,0) width 75: "cols: \"5\", rows:"
                      text run at (0,15) width 19: "\"4\","
                  RenderBR {BR} at (81,27) size 0x0
                RenderBlock {DIV} at (640,384) size 156x70 [border: (1px solid #0000FF)]
                  RenderBlock {SPAN} at (1,1) size 80x15
                    RenderText {#text} at (0,0) size 57x14
                      text run at (0,0) width 57: "wrap: \"off\","
                  RenderBR {BR} at (81,12) size 0x0
                RenderBlock {DIV} at (0,469) size 156x55 [border: (1px solid #0000FF)]
                  RenderBlock {SPAN} at (1,1) size 80x15
                    RenderText {#text} at (0,0) size 65x14
                      text run at (0,0) width 65: "wrap: \"hard\","
                  RenderBR {BR} at (81,12) size 0x0
                RenderBlock {DIV} at (156,469) size 156x55 [border: (1px solid #0000FF)]
                  RenderBlock {SPAN} at (1,1) size 80x15
                    RenderText {#text} at (0,0) size 62x14
                      text run at (0,0) width 62: "wrap: \"soft\","
                  RenderBR {BR} at (81,12) size 0x0
                RenderBlock {DIV} at (312,454) size 156x70 [border: (1px solid #0000FF)]
                  RenderBlock {SPAN} at (1,1) size 80x30
                    RenderText {#text} at (0,0) size 72x29
                      text run at (0,0) width 65: "style: \"white-"
                      text run at (0,15) width 72: "space:normal\","
                  RenderBR {BR} at (81,27) size 0x0
                RenderBlock {DIV} at (468,454) size 156x70 [border: (1px solid #0000FF)]
                  RenderBlock {SPAN} at (1,1) size 80x30
                    RenderText {#text} at (0,0) size 65x29
                      text run at (0,0) width 65: "style: \"white-"
                      text run at (0,15) width 54: "space:pre\","
                  RenderBR {BR} at (81,27) size 0x0
                RenderBlock {DIV} at (624,454) size 156x70 [border: (1px solid #0000FF)]
                  RenderBlock {SPAN} at (1,1) size 80x30
                    RenderText {#text} at (0,0) size 78x29
                      text run at (0,0) width 65: "style: \"white-"
                      text run at (0,15) width 78: "space:prewrap\","
                  RenderBR {BR} at (81,27) size 0x0
                RenderBlock {DIV} at (0,569) size 156x70 [border: (1px solid #0000FF)]
                  RenderBlock {SPAN} at (1,1) size 80x30
                    RenderText {#text} at (0,0) size 74x29
                      text run at (0,0) width 65: "style: \"white-"
                      text run at (0,15) width 74: "space:nowrap\","
                  RenderBR {BR} at (81,27) size 0x0
                RenderBlock {DIV} at (156,569) size 156x70 [border: (1px solid #0000FF)]
                  RenderBlock {SPAN} at (1,1) size 80x30
                    RenderText {#text} at (0,0) size 76x29
                      text run at (0,0) width 65: "style: \"white-"
                      text run at (0,15) width 76: "space:pre-line\","
                  RenderBR {BR} at (81,27) size 0x0
                RenderBlock {DIV} at (312,554) size 156x85 [border: (1px solid #0000FF)]
                  RenderBlock {SPAN} at (1,1) size 80x30
                    RenderText {#text} at (0,0) size 70x29
                      text run at (0,0) width 63: "style: \"word-"
                      text run at (0,15) width 70: "wrap:normal\","
                  RenderBR {BR} at (81,27) size 0x0
                RenderBlock {DIV} at (468,524) size 156x115 [border: (1px solid #0000FF)]
                  RenderBlock {SPAN} at (1,1) size 80x60
                    RenderText {#text} at (0,0) size 65x59
                      text run at (0,0) width 57: "wrap: \"off\","
                      text run at (0,15) width 65: "style: \"white-"
                      text run at (0,30) width 50: "space:pre-"
                      text run at (0,45) width 32: "wrap\","
                  RenderBR {BR} at (81,57) size 0x0
        layer at (3,79) size 150x34 clip at (4,80) size 148x32
          RenderTextControl {TEXTAREA} at (3,3) size 150x34 [bgcolor=#FFFFFF] [border: (1px solid #4C4C4C)]
            RenderBlock {DIV} at (3,3) size 144x14
              RenderText {#text} at (3,0) size 92x14
                text run at (3,0) width 92: "Lorem ipsum dolor"
        layer at (315,63) size 166x50 clip at (316,64) size 149x48 scrollHeight 76
          RenderTextControl {TEXTAREA} at (3,33) size 166x50 [bgcolor=#FFFFFF] [border: (1px solid #4C4C4C)]
            RenderBlock {DIV} at (11,11) size 129x56
              RenderText {#text} at (3,0) size 117x56
                text run at (3,0) width 95: "Lorem ipsum  dolor"
                text run at (97,0) width 4: " "
                text run at (3,14) width 117: "ABCDEFGHIJKLMNOP"
                text run at (3,28) width 78: "QRSTUVWXYZ"
                text run at (80,28) width 4: " "
                text run at (3,42) width 116: "abcdefghijklmnopqrstuv"
        layer at (487,83) size 146x30 clip at (488,84) size 129x28 scrollHeight 56
          RenderTextControl {TEXTAREA} at (3,33) size 146x30 [bgcolor=#FFFFFF] [border: (1px solid #4C4C4C)]
            RenderBlock {DIV} at (1,1) size 129x56
              RenderText {#text} at (3,0) size 117x56
                text run at (3,0) width 95: "Lorem ipsum  dolor"
                text run at (97,0) width 4: " "
                text run at (3,14) width 117: "ABCDEFGHIJKLMNOP"
                text run at (3,28) width 78: "QRSTUVWXYZ"
                text run at (80,28) width 4: " "
                text run at (3,42) width 116: "abcdefghijklmnopqrstuv"
        layer at (11,192) size 150x34 clip at (12,193) size 133x32 scrollHeight 60
          RenderTextControl {TEXTAREA} at (11,41) size 150x34 [bgcolor=#FFFFFF] [border: (1px solid #4C4C4C)]
            RenderBlock {DIV} at (3,3) size 129x56
              RenderText {#text} at (3,0) size 117x56
                text run at (3,0) width 95: "Lorem ipsum  dolor"
                text run at (97,0) width 4: " "
                text run at (3,14) width 117: "ABCDEFGHIJKLMNOP"
                text run at (3,28) width 78: "QRSTUVWXYZ"
                text run at (80,28) width 4: " "
                text run at (3,42) width 116: "abcdefghijklmnopqrstuv"
        layer at (173,202) size 150x34 clip at (174,203) size 133x32 scrollHeight 60
          RenderTextControl {TEXTAREA} at (1,31) size 150x34 [bgcolor=#FFFFFF] [border: (1px solid #4C4C4C)]
            RenderBlock {DIV} at (3,3) size 129x56
              RenderText {#text} at (3,0) size 117x56
                text run at (3,0) width 95: "Lorem ipsum  dolor"
                text run at (97,0) width 4: " "
                text run at (3,14) width 117: "ABCDEFGHIJKLMNOP"
                text run at (3,28) width 78: "QRSTUVWXYZ"
                text run at (80,28) width 4: " "
                text run at (3,42) width 116: "abcdefghijklmnopqrstuv"
        layer at (325,200) size 60x34 clip at (326,201) size 43x32 scrollHeight 200
          RenderTextControl {TEXTAREA} at (1,33) size 60x34 [bgcolor=#FFFFFF] [border: (1px solid #4C4C4C)]
            RenderBlock {DIV} at (3,3) size 39x196
              RenderText {#text} at (3,0) size 33x196
                text run at (3,0) width 32: "Lorem"
                text run at (34,0) width 2: " "
                text run at (3,14) width 30: "ipsum"
                text run at (32,14) width 4: "  "
                text run at (3,28) width 25: "dolor"
                text run at (27,28) width 4: " "
                text run at (3,42) width 31: "ABCD"
                text run at (3,56) width 31: "EFGH"
                text run at (3,70) width 32: "IJKLM"
                text run at (3,84) width 33: "NOPQ"
                text run at (3,98) width 30: "RSTU"
                text run at (3,112) width 33: "VWXY"
                text run at (3,126) width 7: "Z"
                text run at (9,126) width 4: " "
                text run at (3,140) width 30: "abcde"
                text run at (3,154) width 29: "fghijkl"
                text run at (3,168) width 28: "mnop"
                text run at (3,182) width 30: "qrstuv"
        layer at (407,164) size 60x70 clip at (408,165) size 43x68 scrollHeight 992
          RenderTextControl {TEXTAREA} at (1,48) size 60x70 [bgcolor=#FFFFFF] [border: (1px solid #4C4C4C)]
            RenderBlock {DIV} at (21,21) size 6x952
              RenderText {#text} at (3,0) size 11x952
                text run at (3,0) width 7: "L"
                text run at (3,14) width 7: "o"
                text run at (3,28) width 4: "r"
                text run at (3,42) width 7: "e"
                text run at (3,56) width 10: "m"
                text run at (3,70) width 0: " "
                text run at (3,84) width 3: "i"
                text run at (3,98) width 7: "p"
                text run at (3,112) width 6: "s"
                text run at (3,126) width 7: "u"
                text run at (3,140) width 10: "m"
                text run at (3,154) width 0: " "
                text run at (3,168) width 0: " "
                text run at (3,182) width 7: "d"
                text run at (3,196) width 7: "o"
                text run at (3,210) width 3: "l"
                text run at (3,224) width 7: "o"
                text run at (3,238) width 4: "r"
                text run at (3,252) width 0: " "
                text run at (3,266) width 8: "A"
                text run at (3,280) width 8: "B"
                text run at (3,294) width 8: "C"
                text run at (3,308) width 8: "D"
                text run at (3,322) width 8: "E"
                text run at (3,336) width 7: "F"
                text run at (3,350) width 9: "G"
                text run at (3,364) width 8: "H"
                text run at (3,378) width 4: "I"
                text run at (3,392) width 6: "J"
                text run at (3,406) width 8: "K"
                text run at (3,420) width 7: "L"
                text run at (3,434) width 10: "M"
                text run at (3,448) width 8: "N"
                text run at (3,462) width 9: "O"
                text run at (3,476) width 8: "P"
                text run at (3,490) width 9: "Q"
                text run at (3,504) width 8: "R"
                text run at (3,518) width 8: "S"
                text run at (3,532) width 7: "T"
                text run at (3,546) width 8: "U"
                text run at (3,560) width 8: "V"
                text run at (3,574) width 11: "W"
                text run at (3,588) width 8: "X"
                text run at (3,602) width 8: "Y"
                text run at (3,616) width 7: "Z"
                text run at (3,630) width 0: " "
                text run at (3,644) width 7: "a"
                text run at (3,658) width 7: "b"
                text run at (3,672) width 6: "c"
                text run at (3,686) width 7: "d"
                text run at (3,700) width 7: "e"
                text run at (3,714) width 4: "f"
                text run at (3,728) width 7: "g"
                text run at (3,742) width 7: "h"
                text run at (3,756) width 3: "i"
                text run at (3,770) width 3: "j"
                text run at (3,784) width 6: "k"
                text run at (3,798) width 3: "l"
                text run at (3,812) width 10: "m"
                text run at (3,826) width 7: "n"
                text run at (3,840) width 7: "o"
                text run at (3,854) width 7: "p"
                text run at (3,868) width 7: "q"
                text run at (3,882) width 4: "r"
                text run at (3,896) width 6: "s"
                text run at (3,910) width 4: "t"
                text run at (3,924) width 7: "u"
                text run at (3,938) width 6: "v"
        layer at (489,204) size 60x30 clip at (490,205) size 43x28 scrollHeight 182
          RenderTextControl {TEXTAREA} at (1,48) size 60x30 [bgcolor=#FFFFFF] [border: (1px solid #4C4C4C)]
            RenderBlock {DIV} at (1,1) size 43x182
              RenderText {#text} at (3,0) size 37x182
                text run at (3,0) width 32: "Lorem"
                text run at (34,0) width 4: " "
                text run at (3,14) width 30: "ipsum"
                text run at (32,14) width 7: "  "
                text run at (3,28) width 25: "dolor"
                text run at (27,28) width 4: " "
                text run at (3,42) width 31: "ABCD"
                text run at (3,56) width 34: "EFGHI"
                text run at (3,70) width 37: "JKLMN"
                text run at (3,84) width 33: "OPQR"
                text run at (3,98) width 30: "STUV"
                text run at (3,112) width 32: "WXYZ"
                text run at (34,112) width 4: " "
                text run at (3,126) width 34: "abcdef"
                text run at (3,140) width 35: "ghijklm"
                text run at (3,154) width 37: "nopqrst"
                text run at (3,168) width 12: "uv"
        layer at (573,176) size 150x60 clip at (574,177) size 133x58 scrollHeight 60
          RenderTextControl {TEXTAREA} at (3,31) size 150x60 [bgcolor=#FFFFFF] [border: (1px solid #4C4C4C)]
            RenderBlock {DIV} at (3,3) size 129x56
              RenderText {#text} at (3,0) size 117x56
                text run at (3,0) width 95: "Lorem ipsum  dolor"
                text run at (97,0) width 4: " "
                text run at (3,14) width 117: "ABCDEFGHIJKLMNOP"
                text run at (3,28) width 78: "QRSTUVWXYZ"
                text run at (80,28) width 4: " "
                text run at (3,42) width 116: "abcdefghijklmnopqrstuv"
        layer at (1,298) size 60x60 clip at (2,299) size 43x58 scrollHeight 200
          RenderTextControl {TEXTAREA} at (1,46) size 60x60 [bgcolor=#FFFFFF] [border: (1px solid #4C4C4C)]
            RenderBlock {DIV} at (3,3) size 39x196
              RenderText {#text} at (3,0) size 33x196
                text run at (3,0) width 32: "Lorem"
                text run at (34,0) width 2: " "
                text run at (3,14) width 30: "ipsum"
                text run at (32,14) width 4: "  "
                text run at (3,28) width 25: "dolor"
                text run at (27,28) width 4: " "
                text run at (3,42) width 31: "ABCD"
                text run at (3,56) width 31: "EFGH"
                text run at (3,70) width 32: "IJKLM"
                text run at (3,84) width 33: "NOPQ"
                text run at (3,98) width 30: "RSTU"
                text run at (3,112) width 33: "VWXY"
                text run at (3,126) width 7: "Z"
                text run at (9,126) width 4: " "
                text run at (3,140) width 30: "abcde"
                text run at (3,154) width 29: "fghijkl"
                text run at (3,168) width 28: "mnop"
                text run at (3,182) width 30: "qrstuv"
        layer at (85,322) size 150x34 clip at (86,323) size 148x32 scrollHeight 60
          RenderTextControl {TEXTAREA} at (3,33) size 150x34 [bgcolor=#FFFFFF] [border: (1px solid #4C4C4C)]
            RenderBlock {DIV} at (3,3) size 144x56
              RenderText {#text} at (3,0) size 133x56
                text run at (3,0) width 95: "Lorem ipsum  dolor"
                text run at (97,0) width 4: " "
                text run at (3,14) width 133: "ABCDEFGHIJKLMNOPQR"
                text run at (3,28) width 62: "STUVWXYZ"
                text run at (64,28) width 4: " "
                text run at (3,42) width 116: "abcdefghijklmnopqrstuv"
        layer at (241,307) size 150x49 clip at (242,308) size 133x32 scrollHeight 60
          RenderTextControl {TEXTAREA} at (3,33) size 150x49 [bgcolor=#FFFFFF] [border: (1px solid #4C4C4C)]
            RenderBlock {DIV} at (3,3) size 129x56
              RenderText {#text} at (3,0) size 117x56
                text run at (3,0) width 95: "Lorem ipsum  dolor"
                text run at (97,0) width 4: " "
                text run at (3,14) width 117: "ABCDEFGHIJKLMNOP"
                text run at (3,28) width 78: "QRSTUVWXYZ"
                text run at (80,28) width 4: " "
                text run at (3,42) width 116: "abcdefghijklmnopqrstuv"
        layer at (395,298) size 60x60 clip at (396,299) size 58x58 scrollHeight 158
          RenderTextControl {TEXTAREA} at (1,61) size 60x60 [bgcolor=#FFFFFF] [border: (1px solid #4C4C4C)]
            RenderBlock {DIV} at (3,3) size 54x154
              RenderText {#text} at (3,0) size 48x154
                text run at (3,0) width 32: "Lorem"
                text run at (34,0) width 4: " "
                text run at (3,14) width 30: "ipsum"
                text run at (32,14) width 7: "  "
                text run at (3,28) width 25: "dolor"
                text run at (27,28) width 4: " "
                text run at (3,42) width 45: "ABCDEF"
                text run at (3,56) width 48: "GHIJKLM"
                text run at (3,70) width 48: "NOPQRS"
                text run at (3,84) width 48: "TUVWXY"
                text run at (3,98) width 7: "Z"
                text run at (9,98) width 4: " "
                text run at (3,112) width 48: "abcdefghi"
                text run at (3,126) width 48: "jklmnopqr"
                text run at (3,140) width 21: "stuv"
        layer at (477,298) size 60x60 clip at (478,299) size 43x43 scrollHeight 200
          RenderTextControl {TEXTAREA} at (1,61) size 60x60 [bgcolor=#FFFFFF] [border: (1px solid #4C4C4C)]
            RenderBlock {DIV} at (3,3) size 39x196
              RenderText {#text} at (3,0) size 33x196
                text run at (3,0) width 32: "Lorem"
                text run at (34,0) width 2: " "
                text run at (3,14) width 30: "ipsum"
                text run at (32,14) width 4: "  "
                text run at (3,28) width 25: "dolor"
                text run at (27,28) width 4: " "
                text run at (3,42) width 31: "ABCD"
                text run at (3,56) width 31: "EFGH"
                text run at (3,70) width 32: "IJKLM"
                text run at (3,84) width 33: "NOPQ"
                text run at (3,98) width 30: "RSTU"
                text run at (3,112) width 33: "VWXY"
                text run at (3,126) width 7: "Z"
                text run at (9,126) width 4: " "
                text run at (3,140) width 30: "abcde"
                text run at (3,154) width 29: "fghijkl"
                text run at (3,168) width 28: "mnop"
                text run at (3,182) width 30: "qrstuv"
        layer at (559,298) size 60x60 clip at (560,299) size 43x58 scrollHeight 200
          RenderTextControl {TEXTAREA} at (1,46) size 60x60 [bgcolor=#FFFFFF] [border: (1px solid #4C4C4C)]
            RenderBlock {DIV} at (3,3) size 39x196
              RenderText {#text} at (3,0) size 33x196
                text run at (3,0) width 32: "Lorem"
                text run at (34,0) width 2: " "
                text run at (3,14) width 30: "ipsum"
                text run at (32,14) width 4: "  "
                text run at (3,28) width 25: "dolor"
                text run at (27,28) width 4: " "
                text run at (3,42) width 31: "ABCD"
                text run at (3,56) width 31: "EFGH"
                text run at (3,70) width 32: "IJKLM"
                text run at (3,84) width 33: "NOPQ"
                text run at (3,98) width 30: "RSTU"
                text run at (3,112) width 33: "VWXY"
                text run at (3,126) width 7: "Z"
                text run at (9,126) width 4: " "
                text run at (3,140) width 30: "abcde"
                text run at (3,154) width 29: "fghijkl"
                text run at (3,168) width 28: "mnop"
                text run at (3,182) width 30: "qrstuv"
        layer at (641,298) size 60x60 clip at (642,299) size 43x58 scrollHeight 200
          RenderTextControl {TEXTAREA} at (1,46) size 60x60 [bgcolor=#FFFFFF] [border: (1px solid #4C4C4C)]
            RenderBlock {DIV} at (3,3) size 39x196
              RenderText {#text} at (3,0) size 33x196
                text run at (3,0) width 32: "Lorem"
                text run at (34,0) width 2: " "
                text run at (3,14) width 30: "ipsum"
                text run at (32,14) width 4: "  "
                text run at (3,28) width 25: "dolor"
                text run at (27,28) width 4: " "
                text run at (3,42) width 31: "ABCD"
                text run at (3,56) width 31: "EFGH"
                text run at (3,70) width 32: "IJKLM"
                text run at (3,84) width 33: "NOPQ"
                text run at (3,98) width 30: "RSTU"
                text run at (3,112) width 33: "VWXY"
                text run at (3,126) width 7: "Z"
                text run at (9,126) width 4: " "
                text run at (3,140) width 30: "abcde"
                text run at (3,154) width 29: "fghijkl"
                text run at (3,168) width 28: "mnop"
                text run at (3,182) width 30: "qrstuv"
        layer at (1,423) size 60x60 clip at (2,424) size 43x58 scrollHeight 200
          RenderTextControl {TEXTAREA} at (1,61) size 60x60 [bgcolor=#FFFFFF] [border: (1px solid #4C4C4C)]
            RenderBlock {DIV} at (3,3) size 39x196
              RenderText {#text} at (3,0) size 33x196
                text run at (3,0) width 32: "Lorem"
                text run at (34,0) width 2: " "
                text run at (3,14) width 30: "ipsum"
                text run at (32,14) width 4: "  "
                text run at (3,28) width 25: "dolor"
                text run at (27,28) width 4: " "
                text run at (3,42) width 31: "ABCD"
                text run at (3,56) width 31: "EFGH"
                text run at (3,70) width 32: "IJKLM"
                text run at (3,84) width 33: "NOPQ"
                text run at (3,98) width 30: "RSTU"
                text run at (3,112) width 33: "VWXY"
                text run at (3,126) width 7: "Z"
                text run at (9,126) width 4: " "
                text run at (3,140) width 30: "abcde"
                text run at (3,154) width 29: "fghijkl"
                text run at (3,168) width 28: "mnop"
                text run at (3,182) width 30: "qrstuv"
        layer at (85,447) size 46x34 clip at (86,448) size 29x32 scrollHeight 368
          RenderTextControl {TEXTAREA} at (3,18) size 46x34 [bgcolor=#FFFFFF] [border: (1px solid #4C4C4C)]
            RenderBlock {DIV} at (3,3) size 25x364
              RenderText {#text} at (3,0) size 19x364
                text run at (3,0) width 16: "Lor"
                text run at (3,14) width 16: "em"
                text run at (18,14) width 4: " "
                text run at (3,28) width 15: "ips"
                text run at (3,42) width 16: "um"
                text run at (18,42) width 4: "  "
                text run at (3,56) width 15: "dol"
                text run at (3,70) width 10: "or"
                text run at (12,70) width 4: " "
                text run at (3,84) width 15: "AB"
                text run at (3,98) width 16: "CD"
                text run at (3,112) width 15: "EF"
                text run at (3,126) width 17: "GH"
                text run at (3,140) width 16: "IJK"
                text run at (3,154) width 16: "LM"
                text run at (3,168) width 17: "NO"
                text run at (3,182) width 16: "PQ"
                text run at (3,196) width 16: "RS"
                text run at (3,210) width 15: "TU"
                text run at (3,224) width 18: "VW"
                text run at (3,238) width 15: "XY"
                text run at (3,252) width 7: "Z"
                text run at (9,252) width 4: " "
                text run at (3,266) width 18: "abc"
                text run at (3,280) width 16: "def"
                text run at (3,294) width 18: "ghij"
                text run at (3,308) width 18: "klm"
                text run at (3,322) width 19: "nop"
                text run at (3,336) width 19: "qrst"
                text run at (3,350) width 12: "uv"
        layer at (167,433) size 150x48 clip at (168,434) size 133x46 scrollHeight 60
          RenderTextControl {TEXTAREA} at (3,18) size 150x48 [bgcolor=#FFFFFF] [border: (1px solid #4C4C4C)]
            RenderBlock {DIV} at (3,3) size 129x56
              RenderText {#text} at (3,0) size 117x56
                text run at (3,0) width 95: "Lorem ipsum  dolor"
                text run at (97,0) width 4: " "
                text run at (3,14) width 117: "ABCDEFGHIJKLMNOP"
                text run at (3,28) width 78: "QRSTUVWXYZ"
                text run at (80,28) width 4: " "
                text run at (3,42) width 116: "abcdefghijklmnopqrstuv"
        layer at (323,447) size 70x34 clip at (324,448) size 53x32 scrollHeight 158
          RenderTextControl {TEXTAREA} at (3,18) size 70x34 [bgcolor=#FFFFFF] [border: (1px solid #4C4C4C)]
            RenderBlock {DIV} at (3,3) size 49x154
              RenderText {#text} at (3,0) size 43x154
                text run at (3,0) width 32: "Lorem"
                text run at (34,0) width 4: " "
                text run at (3,14) width 30: "ipsum"
                text run at (32,14) width 7: "  "
                text run at (3,28) width 25: "dolor"
                text run at (27,28) width 4: " "
                text run at (3,42) width 38: "ABCDE"
                text run at (3,56) width 40: "FGHIJK"
                text run at (3,70) width 40: "LMNOP"
                text run at (3,84) width 39: "QRSTU"
                text run at (3,98) width 40: "VWXYZ"
                text run at (42,98) width 4: " "
                text run at (3,112) width 40: "abcdefg"
                text run at (3,126) width 41: "hijklmno"
                text run at (3,140) width 37: "pqrstuv"
        layer at (405,377) size 150x104 clip at (406,378) size 148x102
          RenderTextControl {TEXTAREA} at (3,18) size 150x104 [bgcolor=#FFFFFF] [border: (1px solid #4C4C4C)]
            RenderBlock {DIV} at (3,3) size 144x56
              RenderText {#text} at (3,0) size 133x56
                text run at (3,0) width 95: "Lorem ipsum  dolor"
                text run at (97,0) width 4: " "
                text run at (3,14) width 133: "ABCDEFGHIJKLMNOPQR"
                text run at (3,28) width 62: "STUVWXYZ"
                text run at (64,28) width 4: " "
                text run at (3,42) width 116: "abcdefghijklmnopqrstuv"
        layer at (561,419) size 58x62 clip at (562,420) size 41x60 scrollHeight 228
          RenderTextControl {TEXTAREA} at (3,33) size 58x62 [bgcolor=#FFFFFF] [border: (1px solid #4C4C4C)]
            RenderBlock {DIV} at (3,3) size 37x224
              RenderText {#text} at (3,0) size 31x224
                text run at (3,0) width 23: "Lore"
                text run at (3,14) width 10: "m"
                text run at (12,14) width 4: " "
                text run at (3,28) width 30: "ipsum"
                text run at (32,28) width 2: "  "
                text run at (3,42) width 25: "dolor"
                text run at (27,42) width 4: " "
                text run at (3,56) width 31: "ABCD"
                text run at (3,70) width 31: "EFGH"
                text run at (3,84) width 23: "IJKL"
                text run at (3,98) width 26: "MNO"
                text run at (3,112) width 24: "PQR"
                text run at (3,126) width 30: "STUV"
                text run at (3,140) width 26: "WXY"
                text run at (3,154) width 7: "Z"
                text run at (9,154) width 4: " "
                text run at (3,168) width 30: "abcde"
                text run at (3,182) width 29: "fghijkl"
                text run at (3,196) width 28: "mnop"
                text run at (3,210) width 30: "qrstuv"
        layer at (643,432) size 150x49 clip at (644,433) size 148x32 scrollWidth 415
          RenderTextControl {TEXTAREA} at (3,18) size 150x49 [bgcolor=#FFFFFF] [border: (1px solid #4C4C4C)]
            RenderBlock {DIV} at (3,3) size 144x14
              RenderText {#text} at (3,0) size 410x14
                text run at (3,0) width 410: "Lorem ipsum  dolor ABCDEFGHIJKLMNOPQRSTUVWXYZ abcdefghijklmnopqrstuv"
        layer at (3,517) size 150x34 clip at (4,518) size 133x32 scrollHeight 60
          RenderTextControl {TEXTAREA} at (3,18) size 150x34 [bgcolor=#FFFFFF] [border: (1px solid #4C4C4C)]
            RenderBlock {DIV} at (3,3) size 129x56
              RenderText {#text} at (3,0) size 117x56
                text run at (3,0) width 95: "Lorem ipsum  dolor"
                text run at (97,0) width 4: " "
                text run at (3,14) width 117: "ABCDEFGHIJKLMNOP"
                text run at (3,28) width 78: "QRSTUVWXYZ"
                text run at (80,28) width 4: " "
                text run at (3,42) width 116: "abcdefghijklmnopqrstuv"
        layer at (159,517) size 150x34 clip at (160,518) size 133x32 scrollHeight 60
          RenderTextControl {TEXTAREA} at (3,18) size 150x34 [bgcolor=#FFFFFF] [border: (1px solid #4C4C4C)]
            RenderBlock {DIV} at (3,3) size 129x56
              RenderText {#text} at (3,0) size 117x56
                text run at (3,0) width 95: "Lorem ipsum  dolor"
                text run at (97,0) width 4: " "
                text run at (3,14) width 117: "ABCDEFGHIJKLMNOP"
                text run at (3,28) width 78: "QRSTUVWXYZ"
                text run at (80,28) width 4: " "
                text run at (3,42) width 116: "abcdefghijklmnopqrstuv"
        layer at (315,517) size 150x34 clip at (316,518) size 133x32 scrollHeight 60
          RenderTextControl {TEXTAREA} at (3,33) size 150x34 [bgcolor=#FFFFFF] [border: (1px solid #4C4C4C)]
            RenderBlock {DIV} at (3,3) size 129x56
              RenderText {#text} at (3,0) size 117x56
                text run at (3,0) width 67: "Lorem ipsum "
                text run at (69,0) width 26: "dolor"
                text run at (94,0) width 4: " "
                text run at (3,14) width 117: "ABCDEFGHIJKLMNOP"
                text run at (3,28) width 78: "QRSTUVWXYZ"
                text run at (80,28) width 4: " "
                text run at (3,42) width 116: "abcdefghijklmnopqrstuv"
        layer at (471,517) size 150x34 clip at (472,518) size 133x32 scrollHeight 60
          RenderTextControl {TEXTAREA} at (3,33) size 150x34 [bgcolor=#FFFFFF] [border: (1px solid #4C4C4C)]
            RenderBlock {DIV} at (3,3) size 129x56
              RenderText {#text} at (3,0) size 120x56
                text run at (3,0) width 120: "Lorem ipsum  dolor ABC"
                text run at (3,14) width 118: "DEFGHIJKLMNOPQRS"
                text run at (3,28) width 115: "TUVWXYZ abcdefghijkl"
                text run at (3,42) width 58: "mnopqrstuv"
        layer at (627,517) size 150x34 clip at (628,518) size 133x32 scrollHeight 60
          RenderTextControl {TEXTAREA} at (3,33) size 150x34 [bgcolor=#FFFFFF] [border: (1px solid #4C4C4C)]
            RenderBlock {DIV} at (3,3) size 129x56
              RenderText {#text} at (3,0) size 117x56
                text run at (3,0) width 95: "Lorem ipsum  dolor"
                text run at (97,0) width 4: " "
                text run at (3,14) width 117: "ABCDEFGHIJKLMNOP"
                text run at (3,28) width 78: "QRSTUVWXYZ"
                text run at (80,28) width 4: " "
                text run at (3,42) width 116: "abcdefghijklmnopqrstuv"
        layer at (3,632) size 150x34 clip at (4,633) size 133x17 scrollWidth 412 scrollHeight 18
          RenderTextControl {TEXTAREA} at (3,33) size 150x34 [bgcolor=#FFFFFF] [border: (1px solid #4C4C4C)]
            RenderBlock {DIV} at (3,3) size 144x14
              RenderText {#text} at (3,0) size 407x14
                text run at (3,0) width 67: "Lorem ipsum "
                text run at (69,0) width 341: "dolor ABCDEFGHIJKLMNOPQRSTUVWXYZ abcdefghijklmnopqrstuv"
        layer at (159,632) size 150x34 clip at (160,633) size 133x32 scrollHeight 60
          RenderTextControl {TEXTAREA} at (3,33) size 150x34 [bgcolor=#FFFFFF] [border: (1px solid #4C4C4C)]
            RenderBlock {DIV} at (3,3) size 129x56
              RenderText {#text} at (3,0) size 117x56
                text run at (3,0) width 67: "Lorem ipsum "
                text run at (69,0) width 26: "dolor"
                text run at (94,0) width 4: " "
                text run at (3,14) width 117: "ABCDEFGHIJKLMNOP"
                text run at (3,28) width 78: "QRSTUVWXYZ"
                text run at (80,28) width 4: " "
                text run at (3,42) width 116: "abcdefghijklmnopqrstuv"
        layer at (315,617) size 150x49 clip at (316,618) size 133x32 scrollWidth 199 scrollHeight 46
          RenderTextControl {TEXTAREA} at (3,33) size 150x49 [bgcolor=#FFFFFF] [border: (1px solid #4C4C4C)]
            RenderBlock {DIV} at (3,3) size 144x42
              RenderText {#text} at (3,0) size 194x42
                text run at (3,0) width 95: "Lorem ipsum  dolor"
                text run at (97,0) width 4: " "
                text run at (3,14) width 194: "ABCDEFGHIJKLMNOPQRSTUVWXYZ"
                text run at (3,28) width 119: " abcdefghijklmnopqrstuv"
        layer at (471,617) size 150x49 clip at (472,618) size 133x32 scrollWidth 199 scrollHeight 46
          RenderTextControl {TEXTAREA} at (3,63) size 150x49 [bgcolor=#FFFFFF] [border: (1px solid #4C4C4C)]
            RenderBlock {DIV} at (3,3) size 144x42
              RenderText {#text} at (3,0) size 194x42
                text run at (3,0) width 95: "Lorem ipsum  dolor"
                text run at (97,0) width 4: " "
                text run at (3,14) width 194: "ABCDEFGHIJKLMNOPQRSTUVWXYZ"
                text run at (3,28) width 119: " abcdefghijklmnopqrstuv"
        layer at (159,79) size 150x34 clip at (160,80) size 133x32 scrollHeight 60
          RenderTextControl {TEXTAREA} at (3,18) size 150x34 [bgcolor=#FFFFFF] [border: (1px solid #4C4C4C)]
            RenderBlock {DIV} at (3,3) size 129x56 [color=#545454]
              RenderText {#text} at (3,0) size 117x56
                text run at (3,0) width 95: "Lorem ipsum  dolor"
                text run at (97,0) width 4: " "
                text run at (3,14) width 117: "ABCDEFGHIJKLMNOP"
                text run at (3,28) width 78: "QRSTUVWXYZ"
                text run at (80,28) width 4: " "
                text run at (3,42) width 116: "abcdefghijklmnopqrstuv"
      RenderText {#text} at (0,0) size 0x0
