layer at (0,0) size 800x600
  RenderView at (0,0) size 800x600
layer at (0,0) size 800x68
  RenderBlock {test} at (0,0) size 800x68
    RenderBlock {p} at (0,16) size 800x36
      RenderInline (generated) at (0,0) size 182x17 [bgcolor=#00FF00]
        RenderText at (0,0) size 182x17
          text run at (0,0) width 182: "GENERATED CONTENT "
      RenderText {#text} at (181,0) size 735x35
        text run at (181,0) width 554: "You should see before this paragraph the words GENERATED CONTENT over green"
        text run at (0,18) width 75: "background"
