layer at (0,0) size 800x600
  RenderView at (0,0) size 800x600
layer at (0,0) size 800x600
  RenderBlock {HTML} at (0,0) size 800x600
    RenderBody {BODY} at (8,8) size 784x584 [bgcolor=#FFFFFF]
      RenderTable {TABLE} at (0,0) size 784x307 [border: (3px solid #008000)]
        RenderBlock {CAPTION} at (0,0) size 784x23 [border: (3px solid #FFA500)]
          RenderText {#text} at (278,3) size 228x17
            text run at (278,3) width 228: "caption text caption text caption text"
        RenderTableSection {TBODY} at (3,26) size 778x278
          RenderTableRow {TR} at (0,2) size 778x274
            RenderTableCell {TD} at (2,2) size 774x274 [r=0 c=0 rs=1 cs=1]
              RenderText {#text} at (1,1) size 770x272
                text run at (1,1) width 740: "table text which should wrap table text which should wrap table text which should wrap table text which should wrap"
                text run at (1,18) width 740: "table text which should wrap table text which should wrap table text which should wrap table text which should wrap"
                text run at (1,35) width 740: "table text which should wrap table text which should wrap table text which should wrap table text which should wrap"
                text run at (1,52) width 740: "table text which should wrap table text which should wrap table text which should wrap table text which should wrap"
                text run at (1,69) width 740: "table text which should wrap table text which should wrap table text which should wrap table text which should wrap"
                text run at (1,86) width 740: "table text which should wrap table text which should wrap table text which should wrap table text which should wrap"
                text run at (1,103) width 740: "table text which should wrap table text which should wrap table text which should wrap table text which should wrap"
                text run at (1,120) width 740: "table text which should wrap table text which should wrap table text which should wrap table text which should wrap"
                text run at (1,137) width 740: "table text which should wrap table text which should wrap table text which should wrap table text which should wrap"
                text run at (1,154) width 740: "table text which should wrap table text which should wrap table text which should wrap table text which should wrap"
                text run at (1,171) width 770: "table text which should wrap table text which should wraptable text which should wrap table text which should wrap table"
                text run at (1,188) width 767: "text which should wrap table text which should wrap table text which should wrap table text which should wrap table text"
                text run at (1,205) width 740: "which should wrap table text which should wrap table text which should wrap table text which should wrap table text"
                text run at (1,222) width 740: "which should wrap table text which should wrap table text which should wrap table text which should wrap table text"
                text run at (1,239) width 740: "which should wrap table text which should wrap table text which should wrap table text which should wrap table text"
                text run at (1,256) width 493: "which should wrap table text which should wrap table text which should wrap"
