layer at (0,0) size 800x600
  RenderView at (0,0) size 800x600
layer at (0,0) size 800x600
  RenderBlock {HTML} at (0,0) size 800x600
    RenderBody {BODY} at (8,8) size 784x584 [bgcolor=#FFFFFF]
      RenderTable {TABLE} at (0,0) size 784x137 [border: (3px solid #008000)]
        RenderBlock {CAPTION} at (0,0) size 784x23 [border: (3px solid #FFA500)]
          RenderText {#text} at (355,3) size 74x17
            text run at (355,3) width 74: "caption text"
        RenderTableSection {TBODY} at (3,26) size 778x108
          RenderTableRow {TR} at (0,2) size 778x104
            RenderTableCell {TD} at (2,2) size 774x104 [r=0 c=0 rs=1 cs=1]
              RenderText {#text} at (1,1) size 740x102
                text run at (1,1) width 740: "table text which should wrap table text which should wrap table text which should wrap table text which should wrap"
                text run at (1,18) width 740: "table text which should wrap table text which should wrap table text which should wrap table text which should wrap"
                text run at (1,35) width 740: "table text which should wrap table text which should wrap table text which should wrap table text which should wrap"
                text run at (1,52) width 740: "table text which should wrap table text which should wrap table text which should wrap table text which should wrap"
                text run at (1,69) width 740: "table text which should wrap table text which should wrap table text which should wrap table text which should wrap"
                text run at (1,86) width 182: "table text which should wrap"
