layer at (0,0) size 1024x768
  RenderView at (0,0) size 1024x768
layer at (0,0) size 1024x768
  RenderBlock {HTML} at (0,0) size 1024x768
    RenderBody {BODY} at (8,8) size 1008x752
      RenderText {#text} at (154,23) size 255x19
        text run at (154,23) width 255: " --> This should be outside the textarea."
layer at (10,10) size 150x34 clip at (11,11) size 148x32
  RenderTextControl {TEXTAREA} at (2,2) size 150x34 [bgcolor=#FFFFFF] [border: (1px solid #4C4C4C)]
    RenderBlock {DIV} at (3,3) size 144x14
      RenderText {#text} at (3,0) size 17x14
        text run at (3,0) width 17: "<!--"
