layer at (0,0) size 800x600
  RenderView at (0,0) size 800x600
layer at (0,0) size 800x106
  RenderBlock {HTML} at (0,0) size 800x106
    RenderBody {BODY} at (8,8) size 784x90
      RenderBlock (anonymous) at (0,0) size 784x34
        RenderText {#text} at (0,0) size 771x34
          text run at (0,0) width 771: "This test makes sure punctuation laid out with the system font does not use vertical glyphs. The test passes if the semicolon"
          text run at (0,17) width 447: "below looks like a regular horizontal semicolon (;) and is not sideways."
      RenderBlock {DIV} at (0,34) size 784x56
        RenderText {#text} at (0,0) size 14x56
          text run at (0,0) width 14: ";"
