layer at (0,0) size 800x600
  RenderView at (0,0) size 800x600
layer at (0,0) size 800x328
  RenderBlock {HTML} at (0,0) size 800x328
    RenderBody {BODY} at (8,16) size 784x296
      RenderBlock {P} at (0,0) size 784x23
        RenderTextControl {INPUT} at (645,2) size 137x19 [bgcolor=#FFFFFF] [border: (2px inset #000000)]
          RenderFlexibleBox {DIV} at (3,3) size 131x13
            RenderBlock {DIV} at (13,0) size 118x13
        RenderText {#text} at (0,0) size 0x0
      RenderBlock {P} at (0,39) size 784x23
        RenderTextControl {INPUT} at (645,2) size 137x19 [bgcolor=#FFFFFF] [border: (2px inset #000000)]
          RenderFlexibleBox {DIV} at (3,3) size 131x13
            RenderBlock {DIV} at (13,0) size 118x13
        RenderText {#text} at (0,0) size 0x0
      RenderBlock {P} at (0,78) size 784x23
        RenderTextControl {INPUT} at (2,2) size 137x19 [bgcolor=#FFFFFF] [border: (2px inset #000000)]
          RenderFlexibleBox {DIV} at (3,3) size 131x13
            RenderBlock {DIV} at (13,0) size 118x13
        RenderText {#text} at (0,0) size 0x0
      RenderBlock {P} at (0,117) size 784x23
        RenderTextControl {INPUT} at (2,2) size 137x19 [bgcolor=#FFFFFF] [border: (2px inset #000000)]
          RenderFlexibleBox {DIV} at (3,3) size 131x13
            RenderBlock {DIV} at (13,0) size 118x13
        RenderText {#text} at (0,0) size 0x0
        RenderText {#text} at (0,0) size 0x0
      RenderBlock {P} at (0,156) size 784x23
        RenderTextControl {INPUT} at (2,2) size 137x19 [bgcolor=#FFFFFF] [border: (2px inset #000000)]
          RenderFlexibleBox {DIV} at (3,3) size 131x13
            RenderBlock {DIV} at (0,0) size 118x13
        RenderText {#text} at (0,0) size 0x0
      RenderBlock {P} at (0,195) size 784x23
        RenderTextControl {INPUT} at (2,2) size 137x19 [bgcolor=#FFFFFF] [border: (2px inset #000000)]
          RenderFlexibleBox {DIV} at (3,3) size 131x13
            RenderBlock {DIV} at (0,0) size 118x13
        RenderText {#text} at (0,0) size 0x0
        RenderText {#text} at (0,0) size 0x0
      RenderBlock {P} at (0,234) size 784x23
        RenderTextControl {INPUT} at (2,2) size 137x19 [bgcolor=#FFFFFF] [border: (2px inset #000000)]
          RenderFlexibleBox {DIV} at (3,3) size 131x13
            RenderBlock {DIV} at (13,0) size 118x13
        RenderText {#text} at (0,0) size 0x0
      RenderBlock {P} at (0,273) size 784x23
        RenderTextControl {INPUT} at (2,2) size 137x19 [bgcolor=#FFFFFF] [border: (2px inset #000000)]
          RenderFlexibleBox {DIV} at (3,3) size 131x13
            RenderBlock {DIV} at (13,0) size 118x13
        RenderText {#text} at (0,0) size 0x0
        RenderText {#text} at (0,0) size 0x0
layer at (670,21) size 117x13
  RenderBlock {DIV} at (0,0) size 118x13
    RenderText {#text} at (110,0) size 8x13
      text run at (110,0) width 8: "1"
layer at (670,60) size 117x13
  RenderBlock {DIV} at (0,0) size 118x13
    RenderText {#text} at (110,0) size 8x13
      text run at (110,0) width 8: "2"
layer at (26,99) size 117x13
  RenderBlock {DIV} at (0,0) size 118x13
    RenderText {#text} at (110,0) size 8x13
      text run at (110,0) width 8: "3"
layer at (26,138) size 117x13
  RenderBlock {DIV} at (0,0) size 118x13
    RenderText {#text} at (91,0) size 27x13
      text run at (91,0) width 27: "1234"
layer at (13,177) size 117x13
  RenderBlock {DIV} at (0,0) size 118x13
    RenderText {#text} at (0,0) size 7x13
      text run at (0,0) width 7: "5"
layer at (13,216) size 117x13
  RenderBlock {DIV} at (0,0) size 118x13
    RenderText {#text} at (0,0) size 7x13
      text run at (0,0) width 7: "6"
layer at (26,255) size 117x13
  RenderBlock {DIV} at (0,0) size 118x13
    RenderText {#text} at (110,0) size 8x13
      text run at (110,0) width 8: "7"
layer at (26,294) size 117x13
  RenderBlock {DIV} at (0,0) size 118x13
    RenderText {#text} at (110,0) size 8x13
      text run at (110,0) width 8: "8"
layer at (656,20) size 13x15
  RenderBlock (relative positioned) {DIV} at (-1,-1) size 13x15
layer at (656,59) size 13x15
  RenderBlock (relative positioned) {DIV} at (-1,-1) size 13x15
layer at (12,98) size 13x15
  RenderBlock (relative positioned) {DIV} at (-1,-1) size 13x15
layer at (12,137) size 13x15
  RenderBlock (relative positioned) {DIV} at (-1,-1) size 13x15
layer at (131,176) size 13x15
  RenderBlock (relative positioned) {DIV} at (118,-1) size 14x15
layer at (131,215) size 13x15
  RenderBlock (relative positioned) {DIV} at (118,-1) size 14x15
layer at (12,254) size 13x15
  RenderBlock (relative positioned) {DIV} at (-1,-1) size 13x15
layer at (12,293) size 13x15
  RenderBlock (relative positioned) {DIV} at (-1,-1) size 13x15
caret: position 4 of child 0 {#text} of child 0 {DIV} of child 0 {DIV} of child 0 {DIV} of {#document-fragment} of child 0 {INPUT} of child 6 {P} of body
