layer at (0,0) size 800x600
  RenderView at (0,0) size 800x600
layer at (0,0) size 800x62
  RenderBlock {HTML} at (0,0) size 800x62
    RenderBody {BODY} at (8,8) size 784x46
      RenderBR {BR} at (140,2) size 1x18
      RenderTextControl {INPUT} at (2,25) size 137x19 [bgcolor=#FFFFFF] [border: (2px inset #000000)]
        RenderFlexibleBox {DIV} at (3,3) size 131x13
          RenderBlock {DIV} at (0,0) size 118x13
      RenderText {#text} at (0,0) size 0x0
layer at (13,36) size 117x13
  RenderBlock {DIV} at (0,0) size 118x13
    RenderText {#text} at (0,0) size 14x13
      text run at (0,0) width 14: "10"
layer at (10,10) size 136x19
  RenderTextControl {INPUT} at (2,2) size 137x19 [bgcolor=#FFFFFF] [border: (2px inset #000000)]
    RenderFlexibleBox {DIV} at (3,3) size 131x13
      RenderBlock {DIV} at (0,0) size 118x13
layer at (13,13) size 117x13
  RenderBlock {DIV} at (0,0) size 118x13
    RenderText {#text} at (0,0) size 14x13
      text run at (0,0) width 14: "10"
layer at (131,12) size 13x15
  RenderBlock (relative positioned) {DIV} at (118,-1) size 14x15
layer at (131,35) size 13x15
  RenderBlock (relative positioned) {DIV} at (118,-1) size 14x15
