layer at (0,0) size 800x600
  RenderView at (0,0) size 800x600
layer at (0,0) size 800x600
  RenderBlock {HTML} at (0,0) size 800x600
    RenderBody {BODY} at (8,8) size 784x584
      RenderBlock {P} at (0,0) size 784x36
        RenderText {#text} at (0,0) size 762x36
          text run at (0,0) width 762: "Test appearances of spin buttons. Disabled state and read-only state should have appearances different from the normal"
          text run at (0,18) width 34: "state."
      RenderBlock {DIV} at (0,52) size 784x33
        RenderInline {LABEL} at (0,0) size 319x18
          RenderTextControl {INPUT} at (2,2) size 229x29 [bgcolor=#FFFFFF] [border: (2px inset #000000)]
            RenderFlexibleBox {DIV} at (3,3) size 223x23
              RenderBlock {DIV} at (0,0) size 204x23
          RenderText {#text} at (232,10) size 87x18
            text run at (232,10) width 87: " Normal state"
      RenderBlock {DIV} at (0,85) size 784x33
        RenderInline {LABEL} at (0,0) size 327x18
          RenderTextControl {INPUT} at (2,2) size 229x29 [bgcolor=#FFFFFF] [border: (2px inset #000000)]
            RenderFlexibleBox {DIV} at (3,3) size 223x23
              RenderBlock {DIV} at (0,0) size 204x23
          RenderText {#text} at (232,10) size 95x18
            text run at (232,10) width 95: " Disabled state"
      RenderBlock {DIV} at (0,118) size 784x33
        RenderInline {LABEL} at (0,0) size 337x18
          RenderTextControl {INPUT} at (2,2) size 229x29 [bgcolor=#FFFFFF] [border: (2px inset #000000)]
            RenderFlexibleBox {DIV} at (3,3) size 223x23
              RenderBlock {DIV} at (0,0) size 204x23
          RenderText {#text} at (232,10) size 105x18
            text run at (232,10) width 105: " Read-only state"
layer at (13,65) size 204x23
  RenderBlock {DIV} at (0,0) size 204x23
    RenderText {#text} at (0,0) size 12x23
      text run at (0,0) width 12: "0"
layer at (13,98) size 204x23
  RenderBlock {DIV} at (0,0) size 204x23 [color=#545454]
    RenderText {#text} at (0,0) size 12x23
      text run at (0,0) width 12: "0"
layer at (13,131) size 204x23
  RenderBlock {DIV} at (0,0) size 204x23
    RenderText {#text} at (0,0) size 12x23
      text run at (0,0) width 12: "0"
layer at (218,64) size 19x25
  RenderBlock (relative positioned) {DIV} at (204,-1) size 20x25
layer at (218,97) size 19x25
  RenderBlock (relative positioned) {DIV} at (204,-1) size 20x25
layer at (218,130) size 19x25
  RenderBlock (relative positioned) {DIV} at (204,-1) size 20x25
