layer at (0,0) size 800x600
  RenderView at (0,0) size 800x600
layer at (0,0) size 800x92
  RenderBlock {test} at (0,0) size 800x92
    RenderBlock {div} at (0,16) size 800x60
      RenderBlock {p} at (0,0) size 800x20 [color=#00FF00]
        RenderInline {a} at (0,0) size 286x19 [color=#000000]
          RenderText {#text} at (0,0) size 286x19
            text run at (0,0) width 286: "This text should turn green while it is active."
        RenderText {#text} at (0,0) size 0x0
      RenderBlock {p} at (0,36) size 800x24 [color=#00FF00]
        RenderButton {button} at (2,2) size 237x20 [color=#000000] [bgcolor=#FFFFFF02] [border: (1px solid #4C4C4C)]
          RenderBlock (anonymous) at (12,3) size 213x14
            RenderText {#text} at (0,0) size 213x14
              text run at (0,0) width 213: "This text should turn green while it is active."
        RenderText {#text} at (0,0) size 0x0
