layer at (0,0) size 800x600
  RenderView at (0,0) size 800x600
layer at (0,0) size 800x416
  RenderBlock {test} at (0,0) size 800x416
    RenderBlock {p} at (0,16) size 800x20 [bgcolor=#00FF00]
      RenderText {#text} at (0,0) size 297x19
        text run at (0,0) width 297: "This paragraph should have green background"
    RenderBlock {address} at (0,52) size 800x20
      RenderText {#text} at (0,0) size 234x19
        text run at (0,0) width 234: "And this address should be unstyled."
    RenderBlock {p} at (0,88) size 800x20 [bgcolor=#00FF00]
      RenderText {#text} at (0,0) size 332x19
        text run at (0,0) width 332: "This paragraph should also have green background!"
    RenderBlock {p} at (0,124) size 800x20
      RenderText {#text} at (0,0) size 244x19
        text run at (0,0) width 244: "But this one should be unstyled again."
    RenderBlock {dl} at (0,160) size 800x240
      RenderBlock {dt} at (0,0) size 800x20
        RenderText {#text} at (0,0) size 129x19
          text run at (0,0) width 129: "First definition term"
      RenderBlock {dd} at (40,20) size 760x20
        RenderText {#text} at (0,0) size 96x19
          text run at (0,0) width 96: "First definition"
      RenderBlock {dt} at (0,40) size 800x20 [bgcolor=#00FF00]
        RenderText {#text} at (0,0) size 375x19
          text run at (0,0) width 375: "Second definition term that should have green background"
      RenderBlock {dd} at (40,60) size 760x20 [bgcolor=#00FF00]
        RenderText {#text} at (0,0) size 342x19
          text run at (0,0) width 342: "Second definition that should have green background"
      RenderBlock {dt} at (0,80) size 800x20 [bgcolor=#00FF00]
        RenderText {#text} at (0,0) size 364x19
          text run at (0,0) width 364: "Third definition term that should have green background"
      RenderBlock {dd} at (40,100) size 760x20 [bgcolor=#00FF00]
        RenderText {#text} at (0,0) size 330x19
          text run at (0,0) width 330: "Third definition that should have green background"
      RenderBlock {dt} at (0,120) size 800x20
        RenderText {#text} at (0,0) size 143x19
          text run at (0,0) width 143: "Fourth definition term"
      RenderBlock {dd} at (40,140) size 760x20
        RenderText {#text} at (0,0) size 109x19
          text run at (0,0) width 109: "Fourth definition"
      RenderBlock {dt} at (0,160) size 800x20 [bgcolor=#00FF00]
        RenderText {#text} at (0,0) size 359x19
          text run at (0,0) width 359: "Fifth definition term that should have green background"
      RenderBlock {dd} at (40,180) size 760x20 [bgcolor=#00FF00]
        RenderText {#text} at (0,0) size 326x19
          text run at (0,0) width 326: "Fifth definition that should have green background"
      RenderBlock {dt} at (0,200) size 800x20 [bgcolor=#00FF00]
        RenderText {#text} at (0,0) size 362x19
          text run at (0,0) width 362: "Sixth definition term that should have green background"
      RenderBlock {dd} at (40,220) size 760x20 [bgcolor=#00FF00]
        RenderText {#text} at (0,0) size 328x19
          text run at (0,0) width 328: "Sixth definition that should have green background"
