layer at (0,0) size 800x600
  RenderView at (0,0) size 800x600
layer at (0,0) size 800x105
  RenderBlock {html} at (0,0) size 800x105
    RenderBody {body} at (8,16) size 784x81
      RenderBlock {p} at (0,0) size 784x17
        RenderText {#text} at (0,0) size 380x17
          text run at (0,0) width 380: "There should be no red below, except for antialiasing issues."
layer at (8,49) size 784x48
  RenderBlock (relative positioned) {div} at (0,33) size 784x48
layer at (8,49) size 784x48
  RenderBlock (relative positioned) zI: 1 {div} at (0,0) size 784x48 [color=#FF0000]
    RenderTable {table} at (1,1) size 53x46 [border: (1px outset #808080)]
      RenderTableSection {tbody} at (1,1) size 51x44
        RenderTableRow {tr} at (0,2) size 51x40
          RenderTableCell {td} at (2,2) size 47x40 [border: (1px inset #808080)] [r=0 c=0 rs=1 cs=1]
            RenderText {#text} at (2,2) size 43x36
              text run at (2,2) width 43: "TD"
layer at (8,49) size 55x48
  RenderBlock (positioned) zI: 2 {div} at (0,0) size 55x48 [color=#008000]
    RenderTable {table} at (1,1) size 53x46 [border: (1px outset #808080)]
      RenderTableSection {tbody} at (1,1) size 51x44
        RenderTableRow {tr} at (0,2) size 51x40
          RenderTableCell {td} at (2,2) size 47x40 [border: (1px inset #808080)] [r=0 c=0 rs=1 cs=1]
            RenderText {#text} at (2,2) size 43x36
              text run at (2,2) width 43: "TD"
