layer at (0,0) size 800x600
  RenderView at (0,0) size 800x600
layer at (0,0) size 800x95
  RenderBlock {html} at (0,0) size 800x95
    RenderBody {body} at (8,16) size 784x71
      RenderBlock {p} at (0,0) size 784x17
        RenderText {#text} at (0,0) size 380x17
          text run at (0,0) width 380: "There should be no red below, except for antialiasing issues."
layer at (8,49) size 784x38
  RenderBlock (relative positioned) {div} at (0,33) size 784x38
layer at (8,49) size 784x38
  RenderBlock (relative positioned) zI: 1 {div} at (0,0) size 784x38 [color=#FF0000]
    RenderText zI: 1 {#text} at (1,1) size 76x36
      text run at (1,1) width 76: "a bc d"
layer at (8,49) size 78x38
  RenderBlock (positioned) zI: 2 {div} at (0,0) size 78x38 [color=#008000]
    RenderTable at (1,1) size 76x36
      RenderTableSection (anonymous) at (0,0) size 76x36
        RenderTableRow (anonymous) at (0,0) size 76x36
          RenderTableCell {span} at (0,0) size 38x36 [r=0 c=0 rs=1 cs=1]
            RenderText {#text} at (0,0) size 38x36
              text run at (0,0) width 38: "a b"
          RenderTableCell {span} at (38,0) size 38x36 [r=0 c=1 rs=1 cs=1]
            RenderText {#text} at (0,0) size 38x36
              text run at (0,0) width 38: "c d"
