layer at (0,0) size 785x585
  RenderView at (0,0) size 785x585
layer at (0,0) size 785x178
  RenderBlock {html} at (0,0) size 785x178
    RenderBody {body} at (8,8) size 162x162 [color=#000080] [border: (1px solid #000080)]
      RenderBlock {p} at (1,17) size 160x68
        RenderText {#text} at (0,0) size 142x68
          text run at (0,0) width 102: "There should be"
          text run at (0,17) width 105: "scrollbars for the"
          text run at (0,34) width 142: "viewport -- not for this"
          text run at (0,51) width 28: "box."
      RenderBlock {p} at (1,101) size 160x17 [color=#808080]
        RenderText {#text} at (0,0) size 106x17
          text run at (0,0) width 106: "This is filler text."
      RenderBlock {p} at (1,134) size 160x17 [color=#808080]
        RenderText {#text} at (0,0) size 106x17
          text run at (0,0) width 106: "This is filler text."
      RenderBlock {p} at (1,167) size 160x17 [color=#808080]
        RenderText {#text} at (0,0) size 106x17
          text run at (0,0) width 106: "This is filler text."
      RenderBlock {p} at (1,200) size 160x17 [color=#808080]
        RenderText {#text} at (0,0) size 106x17
          text run at (0,0) width 106: "This is filler text."
