layer at (0,0) size 800x600
  RenderView at (0,0) size 800x600
layer at (0,0) size 800x162
  RenderBlock {html} at (0,0) size 800x162
layer at (0,0) size 162x162 clip at (1,1) size 145x145 scrollHeight 215
  RenderBlock {body} at (0,0) size 162x162 [color=#000080] [border: (1px solid #000080)]
    RenderBlock {p} at (1,17) size 145x51
      RenderText {#text} at (0,0) size 145x51
        text run at (0,0) width 102: "There should be"
        text run at (0,17) width 145: "scrollbars for this box -"
        text run at (0,34) width 138: "- not for the viewport."
    RenderBlock {p} at (1,84) size 145x17 [color=#808080]
      RenderText {#text} at (0,0) size 106x17
        text run at (0,0) width 106: "This is filler text."
    RenderBlock {p} at (1,117) size 145x17 [color=#808080]
      RenderText {#text} at (0,0) size 106x17
        text run at (0,0) width 106: "This is filler text."
    RenderBlock {p} at (1,150) size 145x17 [color=#808080]
      RenderText {#text} at (0,0) size 106x17
        text run at (0,0) width 106: "This is filler text."
    RenderBlock {p} at (1,183) size 145x17 [color=#808080]
      RenderText {#text} at (0,0) size 106x17
        text run at (0,0) width 106: "This is filler text."
