layer at (0,0) size 800x600
  RenderView at (0,0) size 800x600
layer at (0,0) size 800x600
  RenderBlock {HTML} at (0,0) size 800x600
    RenderBody {BODY} at (8,8) size 784x576
      RenderBlock (anonymous) at (0,0) size 784x18
        RenderText {#text} at (0,0) size 264x17
          text run at (0,0) width 264: "The select should not contain blank items "
        RenderBR {BR} at (264,14) size 0x0
      RenderBlock {FORM} at (0,18) size 784x28
        RenderInline {B} at (0,0) size 47x17
          RenderText {#text} at (0,5) size 47x17
            text run at (0,5) width 47: "Search"
        RenderText {#text} at (47,5) size 4x17
          text run at (47,5) width 4: " "
        RenderTextControl {INPUT} at (53,2) size 156x24 [bgcolor=#FFFFFF] [border: (2px inset #000000)]
        RenderText {#text} at (211,5) size 4x17
          text run at (211,5) width 4: " "
        RenderMenuList {SELECT} at (217,4) size 56x20 [bgcolor=#FFFFFF] [border: (1px solid #000000)]
          RenderBlock (anonymous) at (1,1) size 54x18
            RenderText at (0,0) size 40x17
              text run at (0,0) width 40: "Excite"
        RenderText {#text} at (0,0) size 0x0
      RenderBlock (anonymous) at (0,62) size 784x36
        RenderBR {BR} at (0,0) size 0x17
        RenderText {#text} at (0,18) size 264x17
          text run at (0,18) width 264: "The select should not contain blank items "
        RenderBR {BR} at (264,32) size 0x0
      RenderBlock {FORM} at (0,98) size 784x24
        RenderMenuList {SELECT} at (2,2) size 230x20 [bgcolor=#FFFFFF] [border: (1px solid #000000)]
          RenderBlock (anonymous) at (1,1) size 228x18
            RenderText at (0,0) size 73x17
              text run at (0,0) width 73: "Quick Link"
layer at (64,31) size 150x18
  RenderBlock {DIV} at (3,3) size 150x18
