layer at (0,0) size 1045x585
  RenderView at (0,0) size 800x585
layer at (0,0) size 800x585
  RenderBlock {HTML} at (0,0) size 800x585
    RenderBody {BODY} at (8,8) size 784x569
      RenderTable {TABLE} at (0,0) size 1037x154 [border: (2px solid #0000FF)]
        RenderTableSection {TBODY} at (2,2) size 1033x150
          RenderTableRow {TR} at (0,2) size 1033x146
            RenderTableCell {TD} at (2,2) size 253x146 [border: (1px solid #C0C0C0)] [r=0 c=0 rs=1 cs=1]
              RenderTable {TABLE} at (2,2) size 249x142 [border: (2px solid #008000)]
                RenderTableSection {TBODY} at (2,2) size 245x138
                  RenderTableRow {TR} at (0,2) size 245x92
                    RenderTableCell {TD} at (2,2) size 241x92 [border: (1px solid #C0C0C0)] [r=0 c=0 rs=1 cs=1]
                      RenderTable {TABLE} at (2,2) size 188x40 [border: (2px solid #FF0000)]
                        RenderTableSection {TBODY} at (2,2) size 184x36
                          RenderTableRow {TR} at (0,2) size 184x32
                            RenderTableCell {TD} at (2,2) size 180x32 [border: (1px solid #C0C0C0)] [r=0 c=0 rs=1 cs=1]
                              RenderTextControl {INPUT} at (4,4) size 172x24 [bgcolor=#FFFFFF] [border: (2px inset #000000)]
                              RenderText {#text} at (0,0) size 0x0
                      RenderTable {TABLE} at (2,42) size 237x48 [border: (2px solid #FF0000)]
                        RenderTableSection {TBODY} at (2,2) size 233x44
                          RenderTableRow {TR} at (0,2) size 233x40
                            RenderTableCell {TD} at (2,2) size 229x40 [border: (1px solid #C0C0C0)] [r=0 c=0 rs=1 cs=1]
                              RenderText {#text} at (2,2) size 201x35
                                text run at (2,2) width 201: "THIS TABLE NEEDS TO BE"
                                text run at (2,20) width 43: "HERE"
                  RenderTableRow {TR} at (0,96) size 245x40
                    RenderTableCell {TD} at (2,96) size 241x40 [border: (1px solid #C0C0C0)] [r=1 c=0 rs=1 cs=1]
                      RenderTable {TABLE} at (2,2) size 237x36 [border: (2px solid #FF0000)]
                        RenderTableSection {TBODY} at (2,2) size 233x32
                          RenderTableRow {TR} at (0,2) size 233x28
                            RenderTableCell {TD} at (2,2) size 229x28 [border: (1px solid #C0C0C0)] [r=0 c=0 rs=1 cs=1]
                              RenderMenuList {SELECT} at (4,4) size 221x20 [bgcolor=#FFFFFF] [border: (1px solid #000000)]
                                RenderBlock (anonymous) at (1,1) size 219x18
                                  RenderText at (0,0) size 219x17
                                    text run at (0,0) width 219: "USE THIS JAVASCRIPT HERE"
                              RenderText {#text} at (0,0) size 0x0
            RenderTableCell {TD} at (257,2) size 774x40 [border: (1px solid #C0C0C0)] [r=0 c=1 rs=1 cs=1]
              RenderText {#text} at (2,2) size 770x35
                text run at (2,2) width 770: "KEEPoTHEoTEXToHEREoASoLONGoASoPOSSIBLEooKEEPoTHEoTEXToHEREoASoLONGoASoPOSSIBLE"
                text run at (2,20) width 618: "THIS SIMULATES THE PROBLEM ON THE WWW.MAPBLAST.COM/ \"CREATE MAP\""
layer at (31,31) size 166x18 scrollWidth 194
  RenderBlock {DIV} at (3,3) size 166x18
    RenderText {#text} at (0,0) size 193x17
      text run at (0,0) width 193: "THIS NEEDS THIS VALUE"
