layer at (0,0) size 800x600
  RenderView at (0,0) size 800x600
layer at (0,0) size 800x203
  RenderBlock {HTML} at (0,0) size 800x203
    RenderBody {BODY} at (8,16) size 784x179
      RenderBlock {P} at (0,0) size 784x20
        RenderText {#text} at (0,0) size 310x19
          text run at (0,0) width 310: "Test passes if there is no red visible on the page."
layer at (8,52) size 784x143
  RenderBlock (relative positioned) {DIV} at (0,36) size 784x143 [color=#FF0000]
    RenderTable {DIV} at (0,0) size 220x143
      RenderTableSection (anonymous) at (0,0) size 220x143
        RenderTableRow {DIV} at (0,0) size 220x143
layer at (8,52) size 220x143
  RenderTableCell {DIV} at (0,0) size 220x143 [r=0 c=0 rs=1 cs=1]
    RenderText {#text} at (0,-2) size 109x249
      text run at (0,-2) width 109: "AAAAAAAAA"
      text run at (0,18) width 109: "BBBBBBBBB"
      text run at (0,38) width 109: "CCCCCCCCC"
      text run at (0,58) width 109: "DDDDDDDDD"
      text run at (0,78) width 109: "EEEEEEEEE"
      text run at (0,98) width 109: "FFFFFFFFF"
      text run at (0,118) width 109: "GGGGGGGGG"
      text run at (0,143) width 109: "HHHHHHHHH"
      text run at (0,163) width 109: "IIIIIIIII"
      text run at (0,183) width 109: "JJJJJJJJJ"
      text run at (0,203) width 109: "KKKKKKKKK"
      text run at (0,223) width 109: "LLLLLLLLL"
layer at (8,52) size 220x120
  RenderBlock (positioned) {DIV} at (0,0) size 220x120 [color=#008000]
layer at (8,52) size 100x120
  RenderBlock (positioned) {DIV} at (0,0) size 100x120
    RenderText {#text} at (0,-2) size 109x124
      text run at (0,-2) width 109: "AAAAAAAAA"
      text run at (0,18) width 109: "BBBBBBBBB"
      text run at (0,38) width 109: "CCCCCCCCC"
      text run at (0,58) width 109: "DDDDDDDDD"
      text run at (0,78) width 109: "EEEEEEEEE"
      text run at (0,98) width 109: "FFFFFFFFF"
layer at (128,52) size 100x120
  RenderBlock (positioned) {DIV} at (120,0) size 100x120
    RenderText {#text} at (0,-2) size 109x124
      text run at (0,-2) width 109: "GGGGGGGGG"
      text run at (0,18) width 109: "HHHHHHHHH"
      text run at (0,38) width 109: "IIIIIIIII"
      text run at (0,58) width 109: "JJJJJJJJJ"
      text run at (0,78) width 109: "KKKKKKKKK"
      text run at (0,98) width 109: "LLLLLLLLL"
