layer at (0,0) size 800x600
  RenderView at (0,0) size 800x600
layer at (0,0) size 800x600
  RenderBlock {HTML} at (0,0) size 800x600
    RenderBody {BODY} at (8,8) size 784x576
      RenderBlock {FORM} at (0,0) size 784x29
        RenderTable {TABLE} at (0,0) size 699x29 [bgcolor=#FFE030] [border: (1px outset #808080)]
          RenderTableSection {TBODY} at (1,1) size 697x27
            RenderTableRow {TR} at (0,0) size 697x27
              RenderTableCell {TD} at (0,0) size 697x27 [border: (1px inset #808080)] [r=0 c=0 rs=1 cs=1]
                RenderInline {NOBR} at (0,0) size 695x18
                  RenderTextControl {INPUT} at (3,3) size 219x21 [bgcolor=#FFFFFF] [border: (2px inset #000000)]
                  RenderText {#text} at (224,4) size 13x18
                    text run at (224,4) width 13: " - "
                  RenderTextControl {INPUT} at (239,3) size 219x21 [bgcolor=#FFFFFF] [border: (2px inset #000000)]
                  RenderText {#text} at (460,4) size 13x18
                    text run at (460,4) width 13: " - "
                  RenderTextControl {INPUT} at (475,3) size 219x21 [bgcolor=#FFFFFF] [border: (2px inset #000000)]
                RenderText {#text} at (0,0) size 0x0
            RenderTableRow {TR} at (0,27) size 697x0
layer at (14,15) size 215x15
  RenderBlock {DIV} at (2,3) size 215x15
layer at (250,15) size 215x15
  RenderBlock {DIV} at (2,3) size 215x15
layer at (486,15) size 215x15
  RenderBlock {DIV} at (2,3) size 215x15
