layer at (0,0) size 800x600
  RenderView at (0,0) size 800x600
layer at (0,0) size 800x600
  RenderBlock {HTML} at (0,0) size 800x600
    RenderBody {BODY} at (8,8) size 784x584
      RenderText {#text} at (0,0) size 328x18
        text run at (0,0) width 328: "This tests that you can set the placeholder text color."
      RenderBR {BR} at (328,14) size 0x0
      RenderTextControl {INPUT} at (2,20) size 146x19 [bgcolor=#FFFFFF] [border: (2px inset #000000)]
      RenderText {#text} at (149,20) size 5x18
        text run at (149,20) width 5: " "
      RenderTextControl {INPUT} at (155,20) size 167x19 [bgcolor=#FFFFFF] [border: (2px inset #000000)]
        RenderFlexibleBox {DIV} at (3,3) size 161x13
          RenderBlock {DIV} at (0,1) size 8x11
          RenderBlock {DIV} at (8,0) size 140x13
          RenderBlock {DIV} at (147,1) size 14x11
      RenderText {#text} at (323,20) size 5x18
        text run at (323,20) width 5: " "
      RenderTextControl {INPUT} at (329,20) size 146x19 [bgcolor=#FFFFFF] [border: (2px inset #000000)]
      RenderText {#text} at (476,20) size 5x18
        text run at (476,20) width 5: " "
      RenderTextControl {INPUT} at (482,20) size 146x19 [bgcolor=#FFFFFF] [border: (2px inset #000000)]
      RenderText {#text} at (629,20) size 5x18
        text run at (629,20) width 5: " "
      RenderTextControl {INPUT} at (635,20) size 146x19 [bgcolor=#FFFFFF] [border: (2px inset #000000)]
      RenderText {#text} at (0,0) size 0x0
      RenderTextControl {INPUT} at (2,43) size 146x19 [bgcolor=#FFFFFF] [border: (2px inset #000000)]
      RenderText {#text} at (0,0) size 0x0
layer at (13,31) size 139x13
  RenderBlock {DIV} at (3,3) size 140x13 [color=#640000]
    RenderText {#text} at (0,0) size 21x13
      text run at (0,0) width 21: "text"
layer at (13,31) size 139x13
  RenderBlock {DIV} at (3,3) size 140x13
layer at (174,31) size 139x13
  RenderBlock {DIV} at (11,3) size 140x13 [color=#640000]
    RenderText {#text} at (0,0) size 35x13
      text run at (0,0) width 35: "search"
layer at (174,31) size 139x13
  RenderBlock {DIV} at (0,0) size 140x13
layer at (340,31) size 139x13
  RenderBlock {DIV} at (3,3) size 140x13 [color=#640000]
    RenderText {#text} at (0,0) size 50x13
      text run at (0,0) width 50: "password"
layer at (340,31) size 139x13
  RenderBlock {DIV} at (3,3) size 140x13
layer at (493,31) size 139x13
  RenderBlock {DIV} at (3,3) size 140x13 [color=#640000]
    RenderText {#text} at (0,0) size 69x13
      text run at (0,0) width 69: "disabled text"
layer at (493,31) size 139x13
  RenderBlock {DIV} at (3,3) size 140x13 [color=#545454]
layer at (647,31) size 139x13
  RenderBlock {DIV} at (3,3) size 140x13 [color=#A9A9A9]
    RenderText {#text} at (0,0) size 38x13
      text run at (0,0) width 38: "default"
layer at (647,31) size 139x13
  RenderBlock {DIV} at (3,3) size 140x13
layer at (13,54) size 139x13
  RenderBlock {DIV} at (3,3) size 140x13 [color=#A9A9A9]
    RenderText {#text} at (0,0) size 86x13
      text run at (0,0) width 86: "default disabled"
layer at (13,54) size 139x13
  RenderBlock {DIV} at (3,3) size 140x13
