layer at (0,0) size 800x600
  RenderView at (0,0) size 800x600
layer at (0,0) size 800x600
  RenderBlock {HTML} at (0,0) size 800x600
    RenderBody {BODY} at (8,8) size 784x584
      RenderText {#text} at (0,0) size 368x18
        text run at (0,0) width 368: "This tests that aqua-style search fields do not honor height."
      RenderBR {BR} at (368,14) size 0x0
      RenderTextControl {INPUT} at (0,22) size 141x17 [bgcolor=#FFFFFF] [border: (2px inset #000000)]
        RenderFlexibleBox {DIV} at (3,3) size 135x11
          RenderBlock {DIV} at (0,1) size 8x9
          RenderBlock {DIV} at (8,0) size 114x11
          RenderBlock {DIV} at (121,1) size 14x9
      RenderText {#text} at (140,20) size 5x18
        text run at (140,20) width 5: " "
      RenderTextControl {INPUT} at (146,20) size 167x19 [bgcolor=#FFFFFF] [border: (2px inset #000000)]
        RenderFlexibleBox {DIV} at (3,3) size 161x13
          RenderBlock {DIV} at (0,1) size 8x11
          RenderBlock {DIV} at (8,0) size 140x13
          RenderBlock {DIV} at (147,1) size 14x11
      RenderText {#text} at (314,20) size 5x18
        text run at (314,20) width 5: " "
      RenderTextControl {INPUT} at (320,18) size 198x22 [bgcolor=#FFFFFF] [border: (2px inset #000000)]
        RenderFlexibleBox {DIV} at (3,3) size 191x16
          RenderBlock {DIV} at (0,1) size 10x14
          RenderBlock {DIV} at (10,0) size 165x16
          RenderBlock {DIV} at (174,1) size 17x14
      RenderText {#text} at (0,0) size 0x0
layer at (19,33) size 114x11
  RenderBlock {DIV} at (0,0) size 114x11
    RenderText {#text} at (0,0) size 20x11
      text run at (0,0) width 20: "mini"
layer at (166,31) size 139x13
  RenderBlock {DIV} at (0,0) size 140x13
    RenderText {#text} at (0,0) size 28x13
      text run at (0,0) width 28: "small"
layer at (342,29) size 164x16
  RenderBlock {DIV} at (0,0) size 165x16
    RenderText {#text} at (0,0) size 45x16
      text run at (0,0) width 45: "regular"
