layer at (0,0) size 800x600
  RenderView at (0,0) size 800x600
layer at (0,0) size 800x600
  RenderBlock {HTML} at (0,0) size 800x600
    RenderBody {BODY} at (8,8) size 784x584
      RenderBlock {FORM} at (0,0) size 784x25
        RenderMenuList {SELECT} at (2,2) size 90x20 [bgcolor=#FFFFFF02] [border: (1px solid #4C4C4C)]
          RenderBlock (anonymous) at (6,3) size 78x14
            RenderText at (0,0) size 57x14
              text run at (0,0) width 57: "append cell"
        RenderText {#text} at (94,1) size 53x19
          text run at (94,1) width 53: "   tbody "
        RenderTextControl {INPUT} at (148,2) size 45x22 [bgcolor=#FFFFFF] [border: (1px solid #4C4C4C)]
        RenderText {#text} at (194,1) size 41x19
          text run at (194,1) width 41: "   row "
        RenderTextControl {INPUT} at (236,2) size 45x22 [bgcolor=#FFFFFF] [border: (1px solid #4C4C4C)]
        RenderText {#text} at (282,1) size 37x19
          text run at (282,1) width 37: "   col "
        RenderTextControl {INPUT} at (320,2) size 44x22 [bgcolor=#FFFFFF] [border: (1px solid #4C4C4C)]
        RenderText {#text} at (365,1) size 75x19
          text run at (365,1) width 75: "   row span "
        RenderTextControl {INPUT} at (441,2) size 45x22 [bgcolor=#FFFFFF] [border: (1px solid #4C4C4C)]
        RenderText {#text} at (487,1) size 70x19
          text run at (487,1) width 70: "   col span "
        RenderTextControl {INPUT} at (558,2) size 44x22 [bgcolor=#FFFFFF] [border: (1px solid #4C4C4C)]
        RenderText {#text} at (603,1) size 21x19
          text run at (603,1) width 21: "     "
        RenderButton {INPUT} at (625,2) size 49x20 [bgcolor=#FFFFFF02] [border: (1px solid #4C4C4C)]
          RenderBlock (anonymous) at (12,3) size 24x14
            RenderText at (0,0) size 24x14
              text run at (0,0) width 24: "Do It"
        RenderText {#text} at (0,0) size 0x0
      RenderBlock (anonymous) at (0,41) size 784x20
        RenderBR {BR} at (0,0) size 0x19
      RenderTable {TABLE} at (0,61) size 63x56 [bgcolor=#FFA500] [border: (1px outset #808080)]
        RenderTableSection {TBODY} at (1,1) size 61x54
          RenderTableRow {TR} at (0,2) size 61x24
            RenderTableCell {TD} at (2,2) size 28x24 [border: (1px inset #808080)] [r=0 c=0 rs=1 cs=1]
              RenderText {#text} at (2,2) size 23x19
                text run at (2,2) width 23: "c11"
          RenderTableRow {TR} at (0,28) size 61x24
            RenderTableCell {TD} at (2,28) size 28x24 [border: (1px inset #808080)] [r=1 c=0 rs=1 cs=1]
              RenderText {#text} at (2,2) size 24x19
                text run at (2,2) width 24: "c21"
            RenderTableCell {TD} at (31,28) size 28x24 [border: (1px inset #808080)] [r=1 c=1 rs=1 cs=1]
              RenderText {#text} at (2,2) size 24x19
                text run at (2,2) width 24: "c22"
      RenderBlock (anonymous) at (0,117) size 784x20
        RenderBR {BR} at (0,0) size 0x19
layer at (163,13) size 30x14
  RenderBlock {DIV} at (6,3) size 32x15
    RenderText {#text} at (0,0) size 7x14
      text run at (0,0) width 7: "0"
layer at (251,13) size 30x14
  RenderBlock {DIV} at (6,3) size 32x15
    RenderText {#text} at (0,0) size 7x14
      text run at (0,0) width 7: "0"
layer at (335,13) size 30x14
  RenderBlock {DIV} at (6,3) size 32x15
    RenderText {#text} at (0,0) size 7x14
      text run at (0,0) width 7: "0"
layer at (456,13) size 30x14
  RenderBlock {DIV} at (6,3) size 32x15
    RenderText {#text} at (0,0) size 7x14
      text run at (0,0) width 7: "1"
layer at (573,13) size 30x14
  RenderBlock {DIV} at (6,3) size 32x15
    RenderText {#text} at (0,0) size 7x14
      text run at (0,0) width 7: "1"
