layer at (0,0) size 800x600
  RenderView at (0,0) size 800x600
layer at (0,0) size 800x223
  RenderBlock {HTML} at (0,0) size 800x223
    RenderBody {BODY} at (8,16) size 784x199
      RenderBlock {P} at (0,0) size 784x27
        RenderText {#text} at (0,0) size 683x26
          text run at (0,0) width 683: "The look of the controls should not change when styled under strict mode."
      RenderBlock (anonymous) at (0,43) size 784x156
        RenderText {#text} at (300,135) size 4x19
          text run at (300,135) width 4: " "
        RenderText {#text} at (604,135) size 4x19
          text run at (604,135) width 4: " "
        RenderText {#text} at (608,129) size 52x26
          text run at (608,129) width 52: "FAIL"
layer at (8,59) size 300x150
  RenderEmbeddedObject {VIDEO} at (0,0) size 300x150 [color=#FF0000]
layer at (312,59) size 300x150
  RenderEmbeddedObject {VIDEO} at (304,0) size 300x150
layer at (8,59) size 300x150
  RenderFlexibleBox {DIV} at (0,0) size 300x150
layer at (312,59) size 300x150
  RenderFlexibleBox {DIV} at (0,0) size 300x150
