layer at (0,0) size 800x600
  RenderView at (0,0) size 800x600
layer at (0,0) size 800x235
  RenderBlock {HTML} at (0,0) size 800x235
    RenderBody {BODY} at (8,16) size 784x211
      RenderBlock {P} at (0,0) size 784x40
        RenderText {#text} at (0,0) size 781x39
          text run at (0,0) width 781: "Test that pausing the media element in \"playing\" event handler pauses the media immediately. The video should show the"
          text run at (0,20) width 72: "first frame."
      RenderBlock (anonymous) at (0,56) size 784x155
        RenderText {#text} at (0,0) size 0x0
layer at (8,72) size 300x150
  RenderEmbeddedObject {VIDEO} at (0,0) size 300x150
layer at (8,72) size 300x150
  RenderFlexibleBox {DIV} at (0,0) size 300x150
