layer at (0,0) size 800x600
  RenderView at (0,0) size 800x600
layer at (0,0) size 800x600
  RenderBlock {HTML} at (0,0) size 800x600
    RenderBody {BODY} at (8,8) size 784x584
      RenderBlock {P} at (0,0) size 784x20
        RenderText {#text} at (0,0) size 438x19
          text run at (0,0) width 438: "Slider drawing with no source. The controls should render correctly."
      RenderBlock (anonymous) at (0,36) size 784x152
        RenderText {#text} at (0,0) size 0x0
layer at (8,44) size 302x152
  RenderVideo {VIDEO} at (0,0) size 302x152 [border: (1px solid #000000)]
layer at (9,45) size 300x150
  RenderFlexibleBox {DIV} at (1,1) size 300x150
layer at (84,45) size 150x150
  RenderButton {BUTTON} at (75,0) size 150x150 [bgcolor=#FFFFFF02]
