layer at (0,0) size 800x600
  RenderView at (0,0) size 800x600
layer at (0,0) size 800x600
  RenderBlock {HTML} at (0,0) size 800x600
    RenderBody {BODY} at (8,8) size 784x584
      RenderText {#text} at (0,0) size 505x19
        text run at (0,0) width 505: "This tests that toggling the display property won't make the controls disappear."
      RenderBR {BR} at (504,15) size 1x0
      RenderText {#text} at (0,0) size 0x0
layer at (8,28) size 300x150
  RenderEmbeddedObject {VIDEO} at (0,20) size 300x150
layer at (8,28) size 300x150
  RenderFlexibleBox {DIV} at (0,0) size 300x150
