layer at (0,0) size 800x600
  RenderView at (0,0) size 800x600
layer at (0,0) size 800x600
  RenderBlock {HTML} at (0,0) size 800x600
    RenderBody {BODY} at (8,8) size 784x584
      RenderBlock (anonymous) at (0,0) size 784x17
        RenderText {#text} at (0,0) size 146x17
          text run at (0,0) width 146: "Scrollbars should work"
layer at (8,25) size 100x100 clip at (8,25) size 85x85 scrollWidth 238 scrollHeight 170
  RenderBlock (relative positioned) {DIV} at (0,17) size 100x100
    RenderText {#text} at (0,0) size 238x17
      text run at (0,0) width 238: "aaaaaaaaaaaaaaaaaaaaaaaaaaaaaaaaaa"
    RenderBR {BR} at (0,0) size 0x0
    RenderText {#text} at (0,17) size 7x17
      text run at (0,17) width 7: "a"
    RenderBR {BR} at (7,31) size 0x0
    RenderText {#text} at (0,34) size 7x17
      text run at (0,34) width 7: "a"
    RenderBR {BR} at (7,48) size 0x0
    RenderText {#text} at (0,51) size 7x17
      text run at (0,51) width 7: "a"
    RenderBR {BR} at (7,65) size 0x0
    RenderText {#text} at (0,68) size 7x17
      text run at (0,68) width 7: "a"
    RenderBR {BR} at (7,82) size 0x0
    RenderText {#text} at (0,85) size 7x17
      text run at (0,85) width 7: "a"
    RenderBR {BR} at (7,99) size 0x0
    RenderText {#text} at (0,102) size 7x17
      text run at (0,102) width 7: "a"
    RenderBR {BR} at (7,116) size 0x0
    RenderText {#text} at (0,119) size 7x17
      text run at (0,119) width 7: "a"
    RenderBR {BR} at (7,133) size 0x0
    RenderText {#text} at (0,136) size 7x17
      text run at (0,136) width 7: "a"
    RenderBR {BR} at (7,150) size 0x0
    RenderText {#text} at (0,153) size 7x17
      text run at (0,153) width 7: "a"
    RenderBR {BR} at (7,167) size 0x0
