layer at (0,0) size 800x600
  RenderView at (0,0) size 800x600
layer at (0,0) size 800x240
  RenderBlock {HTML} at (0,0) size 800x240
    RenderBody {BODY} at (8,8) size 784x224
      RenderTextControl {INPUT} at (2,2) size 208x28 [bgcolor=#FFFFFF]
        RenderFlexibleBox {DIV} at (4,6) size 201x18
          RenderBlock {DIV} at (0,9) size 0x0
          RenderBlock {DIV} at (0,0) size 185x18
          RenderBlock {DIV} at (185,1) size 16x16
      RenderText {#text} at (212,8) size 4x17
        text run at (212,8) width 4: " "
      RenderBR {BR} at (0,0) size 0x0
      RenderTextControl {INPUT} at (2,34) size 208x28 [bgcolor=#FFFFFF]
        RenderFlexibleBox {DIV} at (4,6) size 201x18
          RenderBlock {DIV} at (0,9) size 0x0
          RenderBlock {DIV} at (0,0) size 185x18
          RenderBlock {DIV} at (185,1) size 16x16
      RenderText {#text} at (212,40) size 4x17
        text run at (212,40) width 4: " "
      RenderBR {BR} at (0,0) size 0x0
      RenderTextControl {INPUT} at (2,66) size 226x28 [bgcolor=#FFFFFF]
        RenderFlexibleBox {DIV} at (4,6) size 219x18
          RenderBlock {DIV} at (0,1) size 18x16
          RenderBlock {DIV} at (18,0) size 185x18
          RenderBlock {DIV} at (203,1) size 16x16
      RenderText {#text} at (230,72) size 4x17
        text run at (230,72) width 4: " "
      RenderBR {BR} at (0,0) size 0x0
      RenderTextControl {INPUT} at (2,98) size 226x28 [bgcolor=#FFFFFF]
        RenderFlexibleBox {DIV} at (4,6) size 219x18
          RenderBlock {DIV} at (0,1) size 18x16
          RenderBlock {DIV} at (18,0) size 185x18
          RenderBlock {DIV} at (203,1) size 16x16
      RenderText {#text} at (230,104) size 4x17
        text run at (230,104) width 4: " "
      RenderBR {BR} at (0,0) size 0x0
      RenderTextControl {INPUT} at (2,130) size 226x28 [bgcolor=#FFFFFF]
        RenderFlexibleBox {DIV} at (4,6) size 219x18
          RenderBlock {DIV} at (0,1) size 18x16
          RenderBlock {DIV} at (18,0) size 185x18
          RenderBlock {DIV} at (203,1) size 16x16
      RenderText {#text} at (230,136) size 4x17
        text run at (230,136) width 4: " "
      RenderBR {BR} at (0,0) size 0x0
      RenderTextControl {INPUT} at (2,162) size 226x28 [bgcolor=#FFFFFF]
        RenderFlexibleBox {DIV} at (4,6) size 219x18
          RenderBlock {DIV} at (0,1) size 18x16
          RenderBlock {DIV} at (18,0) size 185x18
          RenderBlock {DIV} at (203,1) size 16x16
      RenderText {#text} at (230,168) size 4x17
        text run at (230,168) width 4: " "
      RenderBR {BR} at (0,0) size 0x0
      RenderTextControl {INPUT} at (2,194) size 406x28 [bgcolor=#FFFFFF]
        RenderFlexibleBox {DIV} at (4,6) size 399x18
          RenderBlock {DIV} at (0,1) size 18x16
          RenderBlock {DIV} at (18,0) size 365x18
          RenderBlock {DIV} at (383,1) size 16x16
      RenderText {#text} at (0,0) size 0x0
layer at (14,16) size 185x18
  RenderBlock {DIV} at (0,0) size 185x18
layer at (14,48) size 185x18
  RenderBlock {DIV} at (0,0) size 185x18
    RenderText {#text} at (0,0) size 180x17
      text run at (0,0) width 180: "12345678901234567890"
layer at (32,80) size 185x18
  RenderBlock {DIV} at (0,0) size 185x18
layer at (32,112) size 185x18
  RenderBlock {DIV} at (0,0) size 185x18
    RenderText {#text} at (0,0) size 180x17
      text run at (0,0) width 180: "12345678901234567890"
layer at (32,144) size 185x18
  RenderBlock {DIV} at (0,0) size 185x18
layer at (32,176) size 185x18
  RenderBlock {DIV} at (0,0) size 185x18
    RenderText {#text} at (0,0) size 180x17
      text run at (0,0) width 180: "12345678901234567890"
layer at (32,208) size 365x18
  RenderBlock {DIV} at (0,0) size 365x18
    RenderText {#text} at (0,0) size 360x17
      text run at (0,0) width 360: "1234567890123456789012345678901234567890"
