layer at (0,0) size 800x600
  RenderView at (0,0) size 800x600
layer at (0,0) size 800x226
  RenderBlock {HTML} at (0,0) size 800x226
    RenderBody {BODY} at (8,16) size 784x202
      RenderBlock {P} at (0,0) size 784x18
        RenderText {#text} at (0,0) size 391x17
          text run at (0,0) width 391: "Test passes if all the T and surrounding punctuation are green."
      RenderBlock {DIV} at (0,34) size 784x42
        RenderInline (generated) at (0,0) size 46x40 [color=#008000]
          RenderText {#text} at (0,1) size 46x40
            text run at (0,1) width 46: "(T)"
        RenderText {#text} at (46,19) size 17x17
          text run at (46,19) width 17: "est"
      RenderBlock {DIV} at (0,76) size 784x42
        RenderInline (generated) at (0,0) size 54x40 [color=#008000]
          RenderText {#text} at (0,1) size 54x40
            text run at (0,1) width 54: "\x{201C}T\x{201D}"
        RenderText {#text} at (54,19) size 17x17
          text run at (54,19) width 17: "est"
      RenderBlock {DIV} at (0,118) size 784x42
        RenderInline (generated) at (0,0) size 76x40 [color=#008000]
          RenderText {#text} at (0,1) size 76x40
            text run at (0,1) width 76: "\x{AB} T \x{BB}"
        RenderText {#text} at (76,19) size 17x17
          text run at (76,19) width 17: "est"
      RenderBlock {DIV} at (0,160) size 784x42
        RenderInline (generated) at (0,0) size 76x40 [color=#008000]
          RenderText {#text} at (0,1) size 76x40
            text run at (0,1) width 76: "\x{AB} T \x{BB}"
        RenderText {#text} at (76,19) size 33x17
          text run at (76,19) width 33: "    est"
