layer at (0,0) size 800x600
  RenderView at (0,0) size 800x600
layer at (0,0) size 800x526
  RenderBlock {HTML} at (0,0) size 800x526
    RenderBody {BODY} at (8,8) size 784x510
      RenderBlock (anonymous) at (0,0) size 784x18
        RenderText {#text} at (0,0) size 652x17
          text run at (0,0) width 652: "The text in the button, popup menu and list box should have the same case as in the accompanying text."
      RenderBlock {DIV} at (0,18) size 784x82
        RenderMenuList {SELECT} at (2,50) size 96x30 [color=#2E3436] [bgcolor=#FFFFFF] [border: (1px solid #2E3436)]
          RenderBlock (anonymous) at (1,1) size 94x28
            RenderText at (9,5) size 53x17
              text run at (9,5) width 53: "HELLO"
        RenderText {#text} at (100,56) size 4x17
          text run at (100,56) width 4: " "
        RenderListBox {SELECT} at (106,2) size 81x73 [bgcolor=#FFFFFF] [border: (1px inset #808080)]
        RenderText {#text} at (189,56) size 4x17
          text run at (189,56) width 4: " "
        RenderInline {SPAN} at (0,0) size 118x17
          RenderText {#text} at (193,56) size 118x17
            text run at (193,56) width 118: "HELLO WORLD"
        RenderText {#text} at (0,0) size 0x0
      RenderBlock {DIV} at (0,100) size 784x82
        RenderMenuList {SELECT} at (2,50) size 90x30 [color=#2E3436] [bgcolor=#FFFFFF] [border: (1px solid #2E3436)]
          RenderBlock (anonymous) at (1,1) size 88x28
            RenderText at (9,5) size 48x17
              text run at (9,5) width 48: "HeLLo"
        RenderText {#text} at (94,56) size 4x17
          text run at (94,56) width 4: " "
        RenderListBox {SELECT} at (100,2) size 75x73 [bgcolor=#FFFFFF] [border: (1px inset #808080)]
        RenderText {#text} at (177,56) size 4x17
          text run at (177,56) width 4: " "
        RenderInline {SPAN} at (0,0) size 103x17
          RenderText {#text} at (181,56) size 103x17
            text run at (181,56) width 103: "HeLLo WoRLd"
        RenderText {#text} at (0,0) size 0x0
      RenderBlock {DIV} at (0,182) size 784x82
        RenderMenuList {SELECT} at (2,50) size 75x30 [color=#2E3436] [bgcolor=#FFFFFF] [border: (1px solid #2E3436)]
          RenderBlock (anonymous) at (1,1) size 73x28
            RenderText at (9,5) size 35x17
              text run at (9,5) width 35: "hello"
        RenderText {#text} at (79,56) size 4x17
          text run at (79,56) width 4: " "
        RenderListBox {SELECT} at (85,2) size 60x73 [bgcolor=#FFFFFF] [border: (1px inset #808080)]
        RenderText {#text} at (147,56) size 4x17
          text run at (147,56) width 4: " "
        RenderInline {SPAN} at (0,0) size 72x17
          RenderText {#text} at (151,56) size 72x17
            text run at (151,56) width 72: "hello world"
        RenderText {#text} at (0,0) size 0x0
      RenderBlock {DIV} at (0,264) size 784x82
        RenderMenuList {SELECT} at (2,50) size 80x30 [color=#2E3436] [bgcolor=#FFFFFF] [border: (1px solid #2E3436)]
          RenderBlock (anonymous) at (1,1) size 78x28
            RenderText at (9,5) size 22x17
              text run at (9,5) width 22: "SS"
        RenderText {#text} at (84,56) size 4x17
          text run at (84,56) width 4: " "
        RenderListBox {SELECT} at (90,2) size 65x73 [bgcolor=#FFFFFF] [border: (1px inset #808080)]
        RenderText {#text} at (157,56) size 4x17
          text run at (157,56) width 4: " "
        RenderInline {SPAN} at (0,0) size 58x17
          RenderText {#text} at (161,56) size 58x17
            text run at (161,56) width 58: "SS SSSS"
        RenderText {#text} at (0,0) size 0x0
      RenderBlock {DIV} at (0,346) size 784x82
        RenderMenuList {SELECT} at (2,50) size 56x30 [color=#2E3436] [bgcolor=#FFFFFF] [border: (1px solid #2E3436)]
          RenderBlock (anonymous) at (1,1) size 54x28
            RenderText at (9,5) size 10x17
              text run at (9,5) width 10: "\x{DF}"
        RenderText {#text} at (60,56) size 4x17
          text run at (60,56) width 4: " "
        RenderListBox {SELECT} at (66,2) size 41x73 [bgcolor=#FFFFFF] [border: (1px inset #808080)]
        RenderText {#text} at (109,56) size 4x17
          text run at (109,56) width 4: " "
        RenderInline {SPAN} at (0,0) size 28x17
          RenderText {#text} at (113,56) size 28x17
            text run at (113,56) width 28: "\x{DF} \x{DF}\x{DF}"
        RenderText {#text} at (0,0) size 0x0
      RenderBlock {DIV} at (0,428) size 784x82
        RenderMenuList {SELECT} at (2,50) size 56x30 [color=#2E3436] [bgcolor=#FFFFFF] [border: (1px solid #2E3436)]
          RenderBlock (anonymous) at (1,1) size 54x28
            RenderText at (9,5) size 10x17
              text run at (9,5) width 10: "\x{DF}"
        RenderText {#text} at (60,56) size 4x17
          text run at (60,56) width 4: " "
        RenderListBox {SELECT} at (66,2) size 41x73 [bgcolor=#FFFFFF] [border: (1px inset #808080)]
        RenderText {#text} at (109,56) size 4x17
          text run at (109,56) width 4: " "
        RenderInline {SPAN} at (0,0) size 28x17
          RenderText {#text} at (113,56) size 28x17
            text run at (113,56) width 28: "\x{DF} \x{DF}\x{DF}"
        RenderText {#text} at (0,0) size 0x0
