layer at (0,0) size 800x600
  RenderView at (0,0) size 800x600
layer at (0,0) size 800x600
  RenderBlock {HTML} at (0,0) size 800x600
    RenderBody {BODY} at (8,8) size 784x584
      RenderBlock {P} at (0,0) size 784x34
        RenderText {#text} at (0,0) size 172x17
          text run at (0,0) width 172: "This is a regression test for "
        RenderInline {I} at (0,0) size 763x34
          RenderInline {A} at (0,0) size 301x17 [color=#0000EE]
            RenderText {#text} at (172,0) size 301x17
              text run at (172,0) width 301: "http://bugs.webkit.org/show_bug.cgi?id=11672"
          RenderText {#text} at (473,0) size 763x34
            text run at (473,0) width 4: " "
            text run at (477,0) width 286: "REGRESSION (r17068): Repro crash due to"
            text run at (0,17) width 146: "painting without layout"
        RenderText {#text} at (146,17) size 128x17
          text run at (146,17) width 128: ". It should not crash."
layer at (8,58) size 6x6
  RenderTable {TABLE} at (0,50) size 6x6
    RenderTableSection {TBODY} at (0,0) size 6x6
      RenderTableRow {TR} at (0,2) size 6x2
        RenderTableCell {TD} at (2,2) size 2x2 [r=0 c=0 rs=1 cs=1]
layer at (11,61) size 42x34
  RenderBlock (positioned) {DIV} at (3,3) size 42x34
    RenderText {#text} at (0,0) size 42x34
      text run at (0,0) width 42: "Lorem"
      text run at (0,17) width 38: "ipsum"
