layer at (0,0) size 800x600
  RenderView at (0,0) size 800x600
layer at (0,0) size 800x148
  RenderBlock {HTML} at (0,0) size 800x148
    RenderBody {BODY} at (8,16) size 784x116
      RenderBlock {P} at (0,0) size 784x17
        RenderText {#text} at (0,0) size 256x17
          text run at (0,0) width 256: "There should be three green lines below."
      RenderBlock {P} at (0,33) size 784x17 [color=#FFFFFF] [bgcolor=#FF0000]
        RenderText {#text} at (0,0) size 163x17
          text run at (0,0) width 163: "This line should be green."
      RenderBlock {P} at (0,66) size 784x17 [color=#FFFFFF] [bgcolor=#FF0000]
        RenderText {#text} at (0,0) size 163x17
          text run at (0,0) width 163: "This line should be green."
      RenderBlock {P} at (0,99) size 784x17 [color=#FFFFFF] [bgcolor=#FF0000]
        RenderText {#text} at (0,0) size 163x17
          text run at (0,0) width 163: "This line should be green."
