layer at (0,0) size 800x600
  RenderView at (0,0) size 800x600
layer at (0,0) size 800x93
  RenderBlock {HTML} at (0,0) size 800x93
    RenderBody {BODY} at (8,16) size 784x61
      RenderBlock {P} at (0,0) size 784x27 [color=#0000FF] [border: none (10px double #0000FF) none]
        RenderText {#text} at (0,0) size 374x17
          text run at (0,0) width 374: "This paragraph should have two blue lines directly under it."
      RenderBlock {P} at (0,43) size 784x18 [color=#0000FF] [border: none (1px solid #0000FF) none]
        RenderText {#text} at (0,0) size 420x17
          text run at (0,0) width 420: "This paragraph should have a single thin blue line directly under it."
