layer at (0,0) size 800x600
  RenderView at (0,0) size 800x600
layer at (0,0) size 800x512
  RenderBlock {HTML} at (0,0) size 800x512
    RenderBody {BODY} at (8,16) size 784x480
      RenderBlock {P} at (0,0) size 784x17
        RenderText {#text} at (0,0) size 269x17
          text run at (0,0) width 269: "The borders below should be as described:"
      RenderBlock {P} at (0,33) size 784x27 [border: (5px dotted #000080)]
        RenderText {#text} at (5,5) size 104x17
          text run at (5,5) width 104: "Blue and dotted."
      RenderBlock {P} at (0,76) size 784x27 [border: (5px dashed #000080)]
        RenderText {#text} at (5,5) size 109x17
          text run at (5,5) width 109: "Blue and dashed."
      RenderBlock {P} at (0,119) size 784x27 [border: (5px solid #000080)]
        RenderText {#text} at (5,5) size 95x17
          text run at (5,5) width 95: "Blue and solid."
      RenderBlock {P} at (0,162) size 784x27 [border: (5px double #000080)]
        RenderText {#text} at (5,5) size 108x17
          text run at (5,5) width 108: "Blue and double."
      RenderBlock {P} at (0,205) size 784x27 [border: (5px groove #FFA500)]
        RenderText {#text} at (5,5) size 126x17
          text run at (5,5) width 126: "Orange and groove."
      RenderBlock {P} at (0,248) size 784x27 [border: (5px ridge #FFA500)]
        RenderText {#text} at (5,5) size 114x17
          text run at (5,5) width 114: "Orange and ridge."
      RenderBlock {P} at (0,291) size 784x27 [border: (5px inset #FFA500)]
        RenderText {#text} at (5,5) size 111x17
          text run at (5,5) width 111: "Orange and inset."
      RenderBlock {P} at (0,334) size 784x27 [border: (5px outset #FFA500)]
        RenderText {#text} at (5,5) size 119x17
          text run at (5,5) width 119: "Orange and outset."
      RenderBlock {P} at (0,377) size 784x27 [border: (5px double #0000FF) (5px groove #0000FF) (5px double #0000FF) (5px groove #0000FF)]
        RenderText {#text} at (5,5) size 475x17
          text run at (5,5) width 475: "Blue and double on top and bottom; Blue and grooved on the left and right."
      RenderBlock {P} at (0,420) size 784x27 [border: (5px dotted #0000FF) (5px double #0000FF) (5px dashed #0000FF) (5px solid #0000FF)]
        RenderText {#text} at (5,5) size 521x17
          text run at (5,5) width 521: "Blue borders which are, in clockwise order from top: dotted, double, dashed, solid."
      RenderBlock {P} at (0,463) size 784x17
        RenderText {#text} at (0,0) size 278x17
          text run at (0,0) width 278: "This paragraph should have no border at all."
