layer at (0,0) size 800x600
  RenderView at (0,0) size 800x600
layer at (0,0) size 800x107
  RenderBlock {HTML} at (0,0) size 800x107
    RenderBody {BODY} at (8,16) size 784x83
      RenderBlock {P} at (0,0) size 784x17
        RenderText {#text} at (0,0) size 240x17
          text run at (0,0) width 240: "The next two bars should be identical:"
      RenderBlock {DIV} at (0,33) size 160x17
        RenderBlock {P} at (0,0) size 240x17 [color=#FFFF00] [bgcolor=#000080]
          RenderText {#text} at (0,0) size 39x17
            text run at (0,0) width 39: "TEST"
      RenderBlock {DIV} at (0,66) size 240x17 [color=#FFFF00] [bgcolor=#000080]
        RenderText {#text} at (0,0) size 39x17
          text run at (0,0) width 39: "TEST"
