layer at (0,0) size 800x600
  RenderView at (0,0) size 800x600
layer at (0,0) size 800x39
  RenderBlock {HTML} at (0,0) size 800x39
    RenderBody {BODY} at (8,8) size 784x23
      RenderBlock {DIV} at (0,0) size 784x23
        RenderBlock {DIV} at (0,0) size 784x23 [color=#008000] [border: (3px solid #008000) (15px solid #008000)]
          RenderText {#text} at (15,3) size 230x17
            text run at (15,3) width 230: "There should be no red on this page."
