layer at (0,0) size 800x600
  RenderView at (0,0) size 800x600
layer at (0,0) size 800x166
  RenderBlock {HTML} at (0,0) size 800x166
    RenderBody {BODY} at (8,16) size 784x134
      RenderBlock {P} at (0,0) size 784x17
        RenderText {#text} at (0,0) size 415x17
          text run at (0,0) width 415: "The three boxes below should have progressively thinner borders."
      RenderBlock {P} at (0,33) size 784x27 [border: (5px solid #000000)]
        RenderText {#text} at (5,5) size 12x17
          text run at (5,5) width 12: "A"
      RenderBlock {P} at (0,76) size 784x23 [border: (3px solid #000000)]
        RenderText {#text} at (3,3) size 11x17
          text run at (3,3) width 11: "B"
      RenderBlock {P} at (0,115) size 784x19 [border: (1px solid #000000)]
        RenderText {#text} at (1,1) size 11x17
          text run at (1,1) width 11: "C"
