layer at (0,0) size 800x600
  RenderView at (0,0) size 800x600
layer at (0,0) size 800x166
  RenderBlock {HTML} at (0,0) size 800x166
    RenderBody {BODY} at (8,16) size 784x134
      RenderBlock {P} at (0,0) size 784x17 [color=#000080]
        RenderText {#text} at (0,0) size 589x17
          text run at (0,0) width 371: "In the following test, the teal blocks must be just inside the "
          text run at (371,0) width 218: "top and sides of the blue rectangle."
      RenderBlock {DIV} at (0,33) size 784x101
        RenderBlock {DIV} at (16,0) size 752x101 [color=#0000FF] [bgcolor=#000080] [border: (8px solid #0000FF) none (8px solid #0000FF)]
          RenderBlock (floating) {P} at (8,8) size 176x84 [color=#00FFFF] [bgcolor=#008080] [border: (4px solid #00FFFF)]
            RenderText {#text} at (8,8) size 146x68
              text run at (8,8) width 146: "Teal block. Teal block."
              text run at (8,25) width 146: "Teal block. Teal block."
              text run at (8,42) width 146: "Teal block. Teal block."
              text run at (8,59) width 146: "Teal block. Teal block."
          RenderBlock (floating) {P} at (568,8) size 176x84 [color=#00FFFF] [bgcolor=#008080] [border: (4px solid #00FFFF)]
            RenderText {#text} at (8,8) size 146x68
              text run at (8,8) width 146: "Teal block. Teal block."
              text run at (8,25) width 146: "Teal block. Teal block."
              text run at (8,42) width 146: "Teal block. Teal block."
              text run at (8,59) width 146: "Teal block. Teal block."
          RenderText {#text} at (184,8) size 358x85
            text run at (184,8) width 327: "Blue rectangle. Blue rectangle. Blue rectangle. Blue"
            text run at (184,25) width 358: "rectangle. Blue rectangle. Blue rectangle. Blue rectangle."
            text run at (184,42) width 99: "Blue rectangle. "
            text run at (283,42) width 228: "Blue rectangle. Blue rectangle. Blue"
            text run at (184,59) width 358: "rectangle. Blue rectangle. Blue rectangle. Blue rectangle."
            text run at (184,76) width 194: "Blue rectangle. Blue rectangle."
