layer at (0,0) size 785x750
  RenderView at (0,0) size 785x600
layer at (0,0) size 785x750
  RenderBlock {HTML} at (0,0) size 785x750
    RenderBody {BODY} at (8,32) size 769x686
      RenderBlock {P} at (32,0) size 705x108 [color=#000080]
        RenderText {#text} at (0,0) size 673x108
          text run at (0,0) width 673: "\x{21E9} The following blue box should be exactly half the"
          text run at (0,36) width 81: "width "
          text run at (81,36) width 560: "of the viewport, on the left of the 50% ruler"
          text run at (0,72) width 74: "mark."
      RenderBlock (floating) {DIV} at (0,140) size 385x323 [color=#FFFFFF] [bgcolor=#0000FF]
        RenderText {#text} at (0,0) size 384x323
          text run at (0,0) width 384: "ignore this float text ignore this float text ignore this"
          text run at (0,17) width 42: "float "
          text run at (42,17) width 342: "text ignore this float text ignore this float text"
          text run at (0,34) width 78: "ignore this "
          text run at (78,34) width 306: "float text ignore this float text ignore this"
          text run at (0,51) width 125: "float text ignore "
          text run at (125,51) width 259: "this float text ignore this float text"
          text run at (0,68) width 155: "ignore this float text "
          text run at (155,68) width 229: "ignore this float text ignore this"
          text run at (0,85) width 198: "float text ignore this float "
          text run at (198,85) width 186: "text ignore this float text"
          text run at (0,102) width 234: "ignore this float text ignore this "
          text run at (234,102) width 150: "float text ignore this"
          text run at (0,119) width 282: "float text ignore this float text ignore "
          text run at (282,119) width 102: "this float text"
          text run at (0,136) width 311: "ignore this float text ignore this float text "
          text run at (311,136) width 73: "ignore this"
          text run at (0,153) width 355: "float text ignore this float text ignore this float "
          text run at (355,153) width 29: "text"
          text run at (0,170) width 384: "ignore this float text ignore this float text ignore this"
          text run at (0,187) width 384: "float text ignore this float text ignore this float text"
          text run at (0,204) width 47: "ignore "
          text run at (47,204) width 337: "this float text ignore this float text ignore this"
          text run at (0,221) width 77: "float text "
          text run at (77,221) width 307: "ignore this float text ignore this float text"
          text run at (0,238) width 120: "ignore this float "
          text run at (120,238) width 264: "text ignore this float text ignore this"
          text run at (0,255) width 156: "float text ignore this "
          text run at (156,255) width 228: "float text ignore this float text"
          text run at (0,272) width 203: "ignore this float text ignore "
          text run at (203,272) width 181: "this float text ignore this"
          text run at (0,289) width 234: "float text ignore this float text "
          text run at (234,289) width 150: "ignore this float text"
          text run at (0,306) width 259: "ignore this float text ignore this float"
      RenderBlock {DIV} at (0,140) size 769x442 [color=#C0C0C0]
        RenderText {#text} at (384,0) size 769x442
          text run at (384,0) width 385: "this is some dummy text this is some dummy text this is"
          text run at (384,17) width 97: "some dummy "
          text run at (480,17) width 289: "text this is some dummy text this is some"
          text run at (384,34) width 169: "dummy text this is some "
          text run at (552,34) width 217: "dummy text this is some dummy"
          text run at (384,51) width 230: "text this is some dummy text this is "
          text run at (613,51) width 156: "some dummy text this is"
          text run at (384,68) width 304: "some dummy text this is some dummy text "
          text run at (687,68) width 82: "this is some"
          text run at (384,85) width 385: "dummy text this is some dummy text this is some dummy"
          text run at (384,102) width 385: "text this is some dummy text this is some dummy text this is"
          text run at (384,119) width 41: "some "
          text run at (424,119) width 345: "dummy text this is some dummy text this is some"
          text run at (384,136) width 129: "dummy text this is "
          text run at (512,136) width 257: "some dummy text this is some dummy"
          text run at (384,153) width 188: "text this is some dummy text "
          text run at (571,153) width 198: "this is some dummy text this is"
          text run at (384,170) width 273: "some dummy text this is some dummy "
          text run at (656,170) width 113: "text this is some"
          text run at (384,187) width 337: "dummy text this is some dummy text this is some "
          text run at (720,187) width 49: "dummy"
          text run at (384,204) width 385: "text this is some dummy text this is some dummy text this is"
          text run at (384,221) width 385: "some dummy text this is some dummy text this is some"
          text run at (384,238) width 84: "dummy text "
          text run at (467,238) width 302: "this is some dummy text this is some dummy"
          text run at (384,255) width 160: "text this is some dummy "
          text run at (543,255) width 226: "text this is some dummy text this is"
          text run at (384,272) width 217: "some dummy text this is some "
          text run at (600,272) width 169: "dummy text this is some"
          text run at (384,289) width 298: "dummy text this is some dummy text this is "
          text run at (681,289) width 88: "some dummy"
          text run at (384,306) width 348: "text this is some dummy text this is some dummy text "
          text run at (731,306) width 38: "this is"
          text run at (0,323) width 404: "some dummy text this is some dummy text this is some dummy "
          text run at (404,323) width 365: "text this is some dummy text this is some dummy text this"
          text run at (0,340) width 52: "is some "
          text run at (52,340) width 443: "dummy text this is some dummy text this is some dummy text this is "
          text run at (495,340) width 274: "some dummy text this is some dummy text"
          text run at (0,357) width 160: "this is some dummy text "
          text run at (160,357) width 453: "this is some dummy text this is some dummy text this is some dummy "
          text run at (613,357) width 156: "text this is some dummy"
          text run at (0,374) width 277: "text this is some dummy text this is some "
          text run at (277,374) width 459: "dummy text this is some dummy text this is some dummy text this is "
          text run at (736,374) width 33: "some"
          text run at (0,391) width 406: "dummy text this is some dummy text this is some dummy text "
          text run at (406,391) width 363: "this is some dummy text this is some dummy text this is"
          text run at (0,408) width 89: "some dummy "
          text run at (89,408) width 420: "text this is some dummy text this is some dummy text this is some "
          text run at (509,408) width 260: "dummy text this is some dummy text this"
          text run at (0,425) width 170: "is some dummy text this is "
          text run at (170,425) width 268: "some dummy text this is some dummy text"
      RenderBlock {P} at (32,614) size 705x72 [color=#000080]
        RenderText {#text} at (19,0) size 686x72
          text run at (19,0) width 686: "The above gray text should flow around the blue box."
          text run at (678,36) width 27: "\x{21E7}"
