layer at (0,0) size 800x600
  RenderView at (0,0) size 800x600
layer at (0,0) size 800x281
  RenderBlock {HTML} at (0,0) size 800x281
    RenderBody {BODY} at (8,8) size 784x265
      RenderBlock (floating) {DIV} at (0,0) size 196x265 [color=#FFFFFF] [bgcolor=#000080]
        RenderBlock {P} at (0,0) size 196x265
          RenderText {#text} at (0,0) size 185x265
            text run at (0,0) width 137: "\x{21E6} This"
            text run at (0,53) width 166: "blue box"
            text run at (0,106) width 185: "should be"
            text run at (0,159) width 118: "on the"
            text run at (0,212) width 75: "left."
      RenderBlock (floating) {DIV} at (588,0) size 196x265 [color=#FFFFFF] [bgcolor=#008080]
        RenderBlock {P} at (0,0) size 196x265
          RenderText {#text} at (0,0) size 185x265
            text run at (0,0) width 165: "This teal"
            text run at (0,53) width 72: "box"
            text run at (0,106) width 185: "should be"
            text run at (0,159) width 118: "on the"
            text run at (0,212) width 154: "right. \x{21E8}"
      RenderBlock {P} at (0,0) size 784x265
        RenderText {#text} at (196,0) size 365x265
          text run at (196,0) width 365: "This text should be"
          text run at (196,53) width 335: "in between a blue"
          text run at (196,106) width 317: "box on the \x{21E6}left"
          text run at (196,159) width 326: "and a teal box on"
          text run at (196,212) width 212: "the right\x{21E8}."
