layer at (0,0) size 800x600
  RenderView at (0,0) size 800x600
layer at (0,0) size 800x573
  RenderBlock {HTML} at (0,0) size 800x573
    RenderBody {BODY} at (8,16) size 784x549
      RenderBlock {P} at (0,0) size 784x17
        RenderText {#text} at (0,0) size 417x17
          text run at (0,0) width 374: "The blue text should not go past the 50% mark on the ruler "
          text run at (374,0) width 43: "below."
      RenderBlock {DIV} at (0,33) size 392x476 [color=#0000FF]
        RenderText {#text} at (0,0) size 388x476
          text run at (0,0) width 388: "a bit of dummy text a bit of dummy text a bit of dummy text a"
          text run at (0,17) width 377: "bit of dummy text a bit of dummy text a bit of dummy text a"
          text run at (0,34) width 37: "bit of "
          text run at (37,34) width 340: "dummy text a bit of dummy text a bit of dummy text a"
          text run at (0,51) width 89: "bit of dummy "
          text run at (89,51) width 288: "text a bit of dummy text a bit of dummy text a"
          text run at (0,68) width 127: "bit of dummy text a "
          text run at (127,68) width 250: "bit of dummy text a bit of dummy text a"
          text run at (0,85) width 164: "bit of dummy text a bit of "
          text run at (164,85) width 213: "dummy text a bit of dummy text a"
          text run at (0,102) width 216: "bit of dummy text a bit of dummy "
          text run at (216,102) width 161: "text a bit of dummy text a"
          text run at (0,119) width 254: "bit of dummy text a bit of dummy text a "
          text run at (254,119) width 123: "bit of dummy text a"
          text run at (0,136) width 291: "bit of dummy text a bit of dummy text a bit of "
          text run at (291,136) width 86: "dummy text a"
          text run at (0,153) width 343: "bit of dummy text a bit of dummy text a bit of dummy "
          text run at (343,153) width 34: "text a"
          text run at (0,170) width 377: "bit of dummy text a bit of dummy text a bit of dummy text a"
          text run at (0,187) width 377: "bit of dummy text a bit of dummy text a bit of dummy text a"
          text run at (0,204) width 37: "bit of "
          text run at (37,204) width 340: "dummy text a bit of dummy text a bit of dummy text a"
          text run at (0,221) width 89: "bit of dummy "
          text run at (89,221) width 288: "text a bit of dummy text a bit of dummy text a"
          text run at (0,238) width 127: "bit of dummy text a "
          text run at (127,238) width 250: "bit of dummy text a bit of dummy text a"
          text run at (0,255) width 164: "bit of dummy text a bit of "
          text run at (164,255) width 213: "dummy text a bit of dummy text a"
          text run at (0,272) width 216: "bit of dummy text a bit of dummy "
          text run at (216,272) width 161: "text a bit of dummy text a"
          text run at (0,289) width 254: "bit of dummy text a bit of dummy text a "
          text run at (254,289) width 123: "bit of dummy text a"
          text run at (0,306) width 291: "bit of dummy text a bit of dummy text a bit of "
          text run at (291,306) width 86: "dummy text a"
          text run at (0,323) width 343: "bit of dummy text a bit of dummy text a bit of dummy "
          text run at (343,323) width 34: "text a"
          text run at (0,340) width 377: "bit of dummy text a bit of dummy text a bit of dummy text a"
          text run at (0,357) width 377: "bit of dummy text a bit of dummy text a bit of dummy text a"
          text run at (0,374) width 37: "bit of "
          text run at (37,374) width 340: "dummy text a bit of dummy text a bit of dummy text a"
          text run at (0,391) width 89: "bit of dummy "
          text run at (89,391) width 288: "text a bit of dummy text a bit of dummy text a"
          text run at (0,408) width 127: "bit of dummy text a "
          text run at (127,408) width 250: "bit of dummy text a bit of dummy text a"
          text run at (0,425) width 164: "bit of dummy text a bit of "
          text run at (164,425) width 213: "dummy text a bit of dummy text a"
          text run at (0,442) width 216: "bit of dummy text a bit of dummy "
          text run at (216,442) width 161: "text a bit of dummy text a"
          text run at (0,459) width 216: "bit of dummy text a bit of dummy "
          text run at (216,459) width 23: "text"
