layer at (0,0) size 800x600
  RenderView at (0,0) size 800x600
layer at (0,0) size 800x211
  RenderBlock {HTML} at (0,0) size 800x211
    RenderBody {BODY} at (8,16) size 784x187
      RenderBlock {P} at (0,0) size 784x17
        RenderText {#text} at (0,0) size 400x17
          text run at (0,0) width 400: "The square below should be exactly 50 pixels high on the ruler."
      RenderBlock {DIV} at (0,33) size 784x154
        RenderImage {IMG} at (45,0) size 50x50
