layer at (0,0) size 785x2768
  RenderView at (0,0) size 785x600
layer at (0,0) size 785x2768
  RenderBlock {HTML} at (0,0) size 785x2768
    RenderBody {BODY} at (8,8) size 769x2752
      RenderBlock {DIV} at (0,0) size 769x17 [color=#C0C0C0]
        RenderText {#text} at (0,0) size 83x17
          text run at (0,0) width 83: "Dummy text."
      RenderBlock {DIV} at (0,17) size 769x17 [color=#C0C0C0]
        RenderText {#text} at (0,0) size 83x17
          text run at (0,0) width 83: "Dummy text."
      RenderBlock {DIV} at (0,34) size 769x17 [color=#C0C0C0]
        RenderText {#text} at (0,0) size 83x17
          text run at (0,0) width 83: "Dummy text."
      RenderBlock {P} at (0,67) size 769x17
        RenderText {#text} at (0,0) size 617x17
          text run at (0,0) width 396: "Scroll this document. A line of blue should remain stuck at the "
          text run at (396,0) width 221: "top of the viewport the whole time."
      RenderBlock {DIV} at (0,100) size 769x17 [color=#C0C0C0]
        RenderText {#text} at (0,0) size 83x17
          text run at (0,0) width 83: "Dummy text."
      RenderBlock {DIV} at (0,117) size 769x17 [color=#C0C0C0]
        RenderText {#text} at (0,0) size 83x17
          text run at (0,0) width 83: "Dummy text."
      RenderBlock {DIV} at (0,134) size 769x17 [color=#C0C0C0]
        RenderText {#text} at (0,0) size 83x17
          text run at (0,0) width 83: "Dummy text."
      RenderBlock {DIV} at (0,151) size 769x17 [color=#C0C0C0]
        RenderText {#text} at (0,0) size 83x17
          text run at (0,0) width 83: "Dummy text."
      RenderBlock {DIV} at (0,168) size 769x17 [color=#C0C0C0]
        RenderText {#text} at (0,0) size 83x17
          text run at (0,0) width 83: "Dummy text."
      RenderBlock {DIV} at (0,185) size 769x17 [color=#C0C0C0]
        RenderText {#text} at (0,0) size 83x17
          text run at (0,0) width 83: "Dummy text."
      RenderBlock {DIV} at (0,202) size 769x17 [color=#C0C0C0]
        RenderText {#text} at (0,0) size 83x17
          text run at (0,0) width 83: "Dummy text."
      RenderBlock {DIV} at (0,219) size 769x17 [color=#C0C0C0]
        RenderText {#text} at (0,0) size 83x17
          text run at (0,0) width 83: "Dummy text."
      RenderBlock {DIV} at (0,236) size 769x17 [color=#C0C0C0]
        RenderText {#text} at (0,0) size 83x17
          text run at (0,0) width 83: "Dummy text."
      RenderBlock {DIV} at (0,253) size 769x17 [color=#C0C0C0]
        RenderText {#text} at (0,0) size 83x17
          text run at (0,0) width 83: "Dummy text."
      RenderBlock {DIV} at (0,270) size 769x17 [color=#C0C0C0]
        RenderText {#text} at (0,0) size 83x17
          text run at (0,0) width 83: "Dummy text."
      RenderBlock {DIV} at (0,287) size 769x17 [color=#C0C0C0]
        RenderText {#text} at (0,0) size 83x17
          text run at (0,0) width 83: "Dummy text."
      RenderBlock {DIV} at (0,304) size 769x17 [color=#C0C0C0]
        RenderText {#text} at (0,0) size 83x17
          text run at (0,0) width 83: "Dummy text."
      RenderBlock {DIV} at (0,321) size 769x17 [color=#C0C0C0]
        RenderText {#text} at (0,0) size 83x17
          text run at (0,0) width 83: "Dummy text."
      RenderBlock {DIV} at (0,338) size 769x17 [color=#C0C0C0]
        RenderText {#text} at (0,0) size 83x17
          text run at (0,0) width 83: "Dummy text."
      RenderBlock {DIV} at (0,355) size 769x17 [color=#C0C0C0]
        RenderText {#text} at (0,0) size 83x17
          text run at (0,0) width 83: "Dummy text."
      RenderBlock {DIV} at (0,372) size 769x17 [color=#C0C0C0]
        RenderText {#text} at (0,0) size 83x17
          text run at (0,0) width 83: "Dummy text."
      RenderBlock {DIV} at (0,389) size 769x17 [color=#C0C0C0]
        RenderText {#text} at (0,0) size 83x17
          text run at (0,0) width 83: "Dummy text."
      RenderBlock {DIV} at (0,406) size 769x17 [color=#C0C0C0]
        RenderText {#text} at (0,0) size 83x17
          text run at (0,0) width 83: "Dummy text."
      RenderBlock {DIV} at (0,423) size 769x17 [color=#C0C0C0]
        RenderText {#text} at (0,0) size 83x17
          text run at (0,0) width 83: "Dummy text."
      RenderBlock {DIV} at (0,440) size 769x17 [color=#C0C0C0]
        RenderText {#text} at (0,0) size 83x17
          text run at (0,0) width 83: "Dummy text."
      RenderBlock {DIV} at (0,457) size 769x17 [color=#C0C0C0]
        RenderText {#text} at (0,0) size 83x17
          text run at (0,0) width 83: "Dummy text."
      RenderBlock {DIV} at (0,474) size 769x17 [color=#C0C0C0]
        RenderText {#text} at (0,0) size 83x17
          text run at (0,0) width 83: "Dummy text."
      RenderBlock {DIV} at (0,491) size 769x17 [color=#C0C0C0]
        RenderText {#text} at (0,0) size 83x17
          text run at (0,0) width 83: "Dummy text."
      RenderBlock {DIV} at (0,508) size 769x17 [color=#C0C0C0]
        RenderText {#text} at (0,0) size 83x17
          text run at (0,0) width 83: "Dummy text."
      RenderBlock {DIV} at (0,525) size 769x17 [color=#C0C0C0]
        RenderText {#text} at (0,0) size 83x17
          text run at (0,0) width 83: "Dummy text."
      RenderBlock {DIV} at (0,542) size 769x17 [color=#C0C0C0]
        RenderText {#text} at (0,0) size 83x17
          text run at (0,0) width 83: "Dummy text."
      RenderBlock {DIV} at (0,559) size 769x17 [color=#C0C0C0]
        RenderText {#text} at (0,0) size 83x17
          text run at (0,0) width 83: "Dummy text."
      RenderBlock {DIV} at (0,576) size 769x17 [color=#C0C0C0]
        RenderText {#text} at (0,0) size 83x17
          text run at (0,0) width 83: "Dummy text."
      RenderBlock {DIV} at (0,593) size 769x17 [color=#C0C0C0]
        RenderText {#text} at (0,0) size 83x17
          text run at (0,0) width 83: "Dummy text."
      RenderBlock {DIV} at (0,610) size 769x17 [color=#C0C0C0]
        RenderText {#text} at (0,0) size 83x17
          text run at (0,0) width 83: "Dummy text."
      RenderBlock {DIV} at (0,627) size 769x17 [color=#C0C0C0]
        RenderText {#text} at (0,0) size 83x17
          text run at (0,0) width 83: "Dummy text."
      RenderBlock {DIV} at (0,644) size 769x17 [color=#C0C0C0]
        RenderText {#text} at (0,0) size 83x17
          text run at (0,0) width 83: "Dummy text."
      RenderBlock {DIV} at (0,661) size 769x17 [color=#C0C0C0]
        RenderText {#text} at (0,0) size 83x17
          text run at (0,0) width 83: "Dummy text."
      RenderBlock {DIV} at (0,678) size 769x17 [color=#C0C0C0]
        RenderText {#text} at (0,0) size 83x17
          text run at (0,0) width 83: "Dummy text."
      RenderBlock {DIV} at (0,695) size 769x17 [color=#C0C0C0]
        RenderText {#text} at (0,0) size 83x17
          text run at (0,0) width 83: "Dummy text."
      RenderBlock {DIV} at (0,712) size 769x17 [color=#C0C0C0]
        RenderText {#text} at (0,0) size 83x17
          text run at (0,0) width 83: "Dummy text."
      RenderBlock {DIV} at (0,729) size 769x17 [color=#C0C0C0]
        RenderText {#text} at (0,0) size 83x17
          text run at (0,0) width 83: "Dummy text."
      RenderBlock {DIV} at (0,746) size 769x17 [color=#C0C0C0]
        RenderText {#text} at (0,0) size 83x17
          text run at (0,0) width 83: "Dummy text."
      RenderBlock {DIV} at (0,763) size 769x17 [color=#C0C0C0]
        RenderText {#text} at (0,0) size 83x17
          text run at (0,0) width 83: "Dummy text."
      RenderBlock {DIV} at (0,780) size 769x17 [color=#C0C0C0]
        RenderText {#text} at (0,0) size 83x17
          text run at (0,0) width 83: "Dummy text."
      RenderBlock {DIV} at (0,797) size 769x17 [color=#C0C0C0]
        RenderText {#text} at (0,0) size 83x17
          text run at (0,0) width 83: "Dummy text."
      RenderBlock {DIV} at (0,814) size 769x17 [color=#C0C0C0]
        RenderText {#text} at (0,0) size 83x17
          text run at (0,0) width 83: "Dummy text."
      RenderBlock {DIV} at (0,831) size 769x17 [color=#C0C0C0]
        RenderText {#text} at (0,0) size 83x17
          text run at (0,0) width 83: "Dummy text."
      RenderBlock {DIV} at (0,848) size 769x17 [color=#C0C0C0]
        RenderText {#text} at (0,0) size 83x17
          text run at (0,0) width 83: "Dummy text."
      RenderBlock {DIV} at (0,865) size 769x17 [color=#C0C0C0]
        RenderText {#text} at (0,0) size 83x17
          text run at (0,0) width 83: "Dummy text."
      RenderBlock {DIV} at (0,882) size 769x17 [color=#C0C0C0]
        RenderText {#text} at (0,0) size 83x17
          text run at (0,0) width 83: "Dummy text."
      RenderBlock {DIV} at (0,899) size 769x17 [color=#C0C0C0]
        RenderText {#text} at (0,0) size 83x17
          text run at (0,0) width 83: "Dummy text."
      RenderBlock {DIV} at (0,916) size 769x17 [color=#C0C0C0]
        RenderText {#text} at (0,0) size 83x17
          text run at (0,0) width 83: "Dummy text."
      RenderBlock {DIV} at (0,933) size 769x17 [color=#C0C0C0]
        RenderText {#text} at (0,0) size 83x17
          text run at (0,0) width 83: "Dummy text."
      RenderBlock {DIV} at (0,950) size 769x17 [color=#C0C0C0]
        RenderText {#text} at (0,0) size 83x17
          text run at (0,0) width 83: "Dummy text."
      RenderBlock {DIV} at (0,967) size 769x17 [color=#C0C0C0]
        RenderText {#text} at (0,0) size 83x17
          text run at (0,0) width 83: "Dummy text."
      RenderBlock {DIV} at (0,984) size 769x17 [color=#C0C0C0]
        RenderText {#text} at (0,0) size 83x17
          text run at (0,0) width 83: "Dummy text."
      RenderBlock {DIV} at (0,1001) size 769x17 [color=#C0C0C0]
        RenderText {#text} at (0,0) size 83x17
          text run at (0,0) width 83: "Dummy text."
      RenderBlock {DIV} at (0,1018) size 769x17 [color=#C0C0C0]
        RenderText {#text} at (0,0) size 83x17
          text run at (0,0) width 83: "Dummy text."
      RenderBlock {DIV} at (0,1035) size 769x17 [color=#C0C0C0]
        RenderText {#text} at (0,0) size 83x17
          text run at (0,0) width 83: "Dummy text."
      RenderBlock {DIV} at (0,1052) size 769x17 [color=#C0C0C0]
        RenderText {#text} at (0,0) size 83x17
          text run at (0,0) width 83: "Dummy text."
      RenderBlock {DIV} at (0,1069) size 769x17 [color=#C0C0C0]
        RenderText {#text} at (0,0) size 83x17
          text run at (0,0) width 83: "Dummy text."
      RenderBlock {DIV} at (0,1086) size 769x17 [color=#C0C0C0]
        RenderText {#text} at (0,0) size 83x17
          text run at (0,0) width 83: "Dummy text."
      RenderBlock {DIV} at (0,1103) size 769x17 [color=#C0C0C0]
        RenderText {#text} at (0,0) size 83x17
          text run at (0,0) width 83: "Dummy text."
      RenderBlock {DIV} at (0,1120) size 769x17 [color=#C0C0C0]
        RenderText {#text} at (0,0) size 83x17
          text run at (0,0) width 83: "Dummy text."
      RenderBlock {DIV} at (0,1137) size 769x17 [color=#C0C0C0]
        RenderText {#text} at (0,0) size 83x17
          text run at (0,0) width 83: "Dummy text."
      RenderBlock {DIV} at (0,1154) size 769x17 [color=#C0C0C0]
        RenderText {#text} at (0,0) size 83x17
          text run at (0,0) width 83: "Dummy text."
      RenderBlock {DIV} at (0,1171) size 769x17 [color=#C0C0C0]
        RenderText {#text} at (0,0) size 83x17
          text run at (0,0) width 83: "Dummy text."
      RenderBlock {DIV} at (0,1188) size 769x17 [color=#C0C0C0]
        RenderText {#text} at (0,0) size 83x17
          text run at (0,0) width 83: "Dummy text."
      RenderBlock {DIV} at (0,1205) size 769x17 [color=#C0C0C0]
        RenderText {#text} at (0,0) size 83x17
          text run at (0,0) width 83: "Dummy text."
      RenderBlock {DIV} at (0,1222) size 769x17 [color=#C0C0C0]
        RenderText {#text} at (0,0) size 83x17
          text run at (0,0) width 83: "Dummy text."
      RenderBlock {DIV} at (0,1239) size 769x17 [color=#C0C0C0]
        RenderText {#text} at (0,0) size 83x17
          text run at (0,0) width 83: "Dummy text."
      RenderBlock {DIV} at (0,1256) size 769x17 [color=#C0C0C0]
        RenderText {#text} at (0,0) size 83x17
          text run at (0,0) width 83: "Dummy text."
      RenderBlock {DIV} at (0,1273) size 769x17 [color=#C0C0C0]
        RenderText {#text} at (0,0) size 83x17
          text run at (0,0) width 83: "Dummy text."
      RenderBlock {DIV} at (0,1290) size 769x17 [color=#C0C0C0]
        RenderText {#text} at (0,0) size 83x17
          text run at (0,0) width 83: "Dummy text."
      RenderBlock {DIV} at (0,1307) size 769x17 [color=#C0C0C0]
        RenderText {#text} at (0,0) size 83x17
          text run at (0,0) width 83: "Dummy text."
      RenderBlock {DIV} at (0,1324) size 769x17 [color=#C0C0C0]
        RenderText {#text} at (0,0) size 83x17
          text run at (0,0) width 83: "Dummy text."
      RenderBlock {DIV} at (0,1341) size 769x17 [color=#C0C0C0]
        RenderText {#text} at (0,0) size 83x17
          text run at (0,0) width 83: "Dummy text."
      RenderBlock {DIV} at (0,1358) size 769x17 [color=#C0C0C0]
        RenderText {#text} at (0,0) size 83x17
          text run at (0,0) width 83: "Dummy text."
      RenderBlock {DIV} at (0,1375) size 769x17 [color=#C0C0C0]
        RenderText {#text} at (0,0) size 83x17
          text run at (0,0) width 83: "Dummy text."
      RenderBlock {DIV} at (0,1392) size 769x17 [color=#C0C0C0]
        RenderText {#text} at (0,0) size 83x17
          text run at (0,0) width 83: "Dummy text."
      RenderBlock {DIV} at (0,1409) size 769x17 [color=#C0C0C0]
        RenderText {#text} at (0,0) size 83x17
          text run at (0,0) width 83: "Dummy text."
      RenderBlock {DIV} at (0,1426) size 769x17 [color=#C0C0C0]
        RenderText {#text} at (0,0) size 83x17
          text run at (0,0) width 83: "Dummy text."
      RenderBlock {DIV} at (0,1443) size 769x17 [color=#C0C0C0]
        RenderText {#text} at (0,0) size 83x17
          text run at (0,0) width 83: "Dummy text."
      RenderBlock {DIV} at (0,1460) size 769x17 [color=#C0C0C0]
        RenderText {#text} at (0,0) size 83x17
          text run at (0,0) width 83: "Dummy text."
      RenderBlock {DIV} at (0,1477) size 769x17 [color=#C0C0C0]
        RenderText {#text} at (0,0) size 83x17
          text run at (0,0) width 83: "Dummy text."
      RenderBlock {DIV} at (0,1494) size 769x17 [color=#C0C0C0]
        RenderText {#text} at (0,0) size 83x17
          text run at (0,0) width 83: "Dummy text."
      RenderBlock {DIV} at (0,1511) size 769x17 [color=#C0C0C0]
        RenderText {#text} at (0,0) size 83x17
          text run at (0,0) width 83: "Dummy text."
      RenderBlock {DIV} at (0,1528) size 769x17 [color=#C0C0C0]
        RenderText {#text} at (0,0) size 83x17
          text run at (0,0) width 83: "Dummy text."
      RenderBlock {DIV} at (0,1545) size 769x17 [color=#C0C0C0]
        RenderText {#text} at (0,0) size 83x17
          text run at (0,0) width 83: "Dummy text."
      RenderBlock {DIV} at (0,1562) size 769x17 [color=#C0C0C0]
        RenderText {#text} at (0,0) size 83x17
          text run at (0,0) width 83: "Dummy text."
      RenderBlock {DIV} at (0,1579) size 769x17 [color=#C0C0C0]
        RenderText {#text} at (0,0) size 83x17
          text run at (0,0) width 83: "Dummy text."
      RenderBlock {DIV} at (0,1596) size 769x17 [color=#C0C0C0]
        RenderText {#text} at (0,0) size 83x17
          text run at (0,0) width 83: "Dummy text."
      RenderBlock {DIV} at (0,1613) size 769x17 [color=#C0C0C0]
        RenderText {#text} at (0,0) size 83x17
          text run at (0,0) width 83: "Dummy text."
      RenderBlock {DIV} at (0,1630) size 769x17 [color=#C0C0C0]
        RenderText {#text} at (0,0) size 83x17
          text run at (0,0) width 83: "Dummy text."
      RenderBlock {DIV} at (0,1647) size 769x17 [color=#C0C0C0]
        RenderText {#text} at (0,0) size 83x17
          text run at (0,0) width 83: "Dummy text."
      RenderBlock {DIV} at (0,1664) size 769x17 [color=#C0C0C0]
        RenderText {#text} at (0,0) size 83x17
          text run at (0,0) width 83: "Dummy text."
      RenderBlock {DIV} at (0,1681) size 769x17 [color=#C0C0C0]
        RenderText {#text} at (0,0) size 83x17
          text run at (0,0) width 83: "Dummy text."
      RenderBlock {DIV} at (0,1698) size 769x17 [color=#C0C0C0]
        RenderText {#text} at (0,0) size 83x17
          text run at (0,0) width 83: "Dummy text."
      RenderBlock {DIV} at (0,1715) size 769x17 [color=#C0C0C0]
        RenderText {#text} at (0,0) size 83x17
          text run at (0,0) width 83: "Dummy text."
      RenderBlock {DIV} at (0,1732) size 769x17 [color=#C0C0C0]
        RenderText {#text} at (0,0) size 83x17
          text run at (0,0) width 83: "Dummy text."
      RenderBlock {DIV} at (0,1749) size 769x17 [color=#C0C0C0]
        RenderText {#text} at (0,0) size 83x17
          text run at (0,0) width 83: "Dummy text."
      RenderBlock {DIV} at (0,1766) size 769x17 [color=#C0C0C0]
        RenderText {#text} at (0,0) size 83x17
          text run at (0,0) width 83: "Dummy text."
      RenderBlock {DIV} at (0,1783) size 769x17 [color=#C0C0C0]
        RenderText {#text} at (0,0) size 83x17
          text run at (0,0) width 83: "Dummy text."
      RenderBlock {DIV} at (0,1800) size 769x17 [color=#C0C0C0]
        RenderText {#text} at (0,0) size 83x17
          text run at (0,0) width 83: "Dummy text."
      RenderBlock {DIV} at (0,1817) size 769x17 [color=#C0C0C0]
        RenderText {#text} at (0,0) size 83x17
          text run at (0,0) width 83: "Dummy text."
      RenderBlock {DIV} at (0,1834) size 769x17 [color=#C0C0C0]
        RenderText {#text} at (0,0) size 83x17
          text run at (0,0) width 83: "Dummy text."
      RenderBlock {DIV} at (0,1851) size 769x17 [color=#C0C0C0]
        RenderText {#text} at (0,0) size 83x17
          text run at (0,0) width 83: "Dummy text."
      RenderBlock {DIV} at (0,1868) size 769x17 [color=#C0C0C0]
        RenderText {#text} at (0,0) size 83x17
          text run at (0,0) width 83: "Dummy text."
      RenderBlock {DIV} at (0,1885) size 769x17 [color=#C0C0C0]
        RenderText {#text} at (0,0) size 83x17
          text run at (0,0) width 83: "Dummy text."
      RenderBlock {DIV} at (0,1902) size 769x17 [color=#C0C0C0]
        RenderText {#text} at (0,0) size 83x17
          text run at (0,0) width 83: "Dummy text."
      RenderBlock {DIV} at (0,1919) size 769x17 [color=#C0C0C0]
        RenderText {#text} at (0,0) size 83x17
          text run at (0,0) width 83: "Dummy text."
      RenderBlock {DIV} at (0,1936) size 769x17 [color=#C0C0C0]
        RenderText {#text} at (0,0) size 83x17
          text run at (0,0) width 83: "Dummy text."
      RenderBlock {DIV} at (0,1953) size 769x17 [color=#C0C0C0]
        RenderText {#text} at (0,0) size 83x17
          text run at (0,0) width 83: "Dummy text."
      RenderBlock {DIV} at (0,1970) size 769x17 [color=#C0C0C0]
        RenderText {#text} at (0,0) size 83x17
          text run at (0,0) width 83: "Dummy text."
      RenderBlock {DIV} at (0,1987) size 769x17 [color=#C0C0C0]
        RenderText {#text} at (0,0) size 83x17
          text run at (0,0) width 83: "Dummy text."
      RenderBlock {DIV} at (0,2004) size 769x17 [color=#C0C0C0]
        RenderText {#text} at (0,0) size 83x17
          text run at (0,0) width 83: "Dummy text."
      RenderBlock {DIV} at (0,2021) size 769x17 [color=#C0C0C0]
        RenderText {#text} at (0,0) size 83x17
          text run at (0,0) width 83: "Dummy text."
      RenderBlock {DIV} at (0,2038) size 769x17 [color=#C0C0C0]
        RenderText {#text} at (0,0) size 83x17
          text run at (0,0) width 83: "Dummy text."
      RenderBlock {DIV} at (0,2055) size 769x17 [color=#C0C0C0]
        RenderText {#text} at (0,0) size 83x17
          text run at (0,0) width 83: "Dummy text."
      RenderBlock {DIV} at (0,2072) size 769x17 [color=#C0C0C0]
        RenderText {#text} at (0,0) size 83x17
          text run at (0,0) width 83: "Dummy text."
      RenderBlock {DIV} at (0,2089) size 769x17 [color=#C0C0C0]
        RenderText {#text} at (0,0) size 83x17
          text run at (0,0) width 83: "Dummy text."
      RenderBlock {DIV} at (0,2106) size 769x17 [color=#C0C0C0]
        RenderText {#text} at (0,0) size 83x17
          text run at (0,0) width 83: "Dummy text."
      RenderBlock {DIV} at (0,2123) size 769x17 [color=#C0C0C0]
        RenderText {#text} at (0,0) size 83x17
          text run at (0,0) width 83: "Dummy text."
      RenderBlock {DIV} at (0,2140) size 769x17 [color=#C0C0C0]
        RenderText {#text} at (0,0) size 83x17
          text run at (0,0) width 83: "Dummy text."
      RenderBlock {DIV} at (0,2157) size 769x17 [color=#C0C0C0]
        RenderText {#text} at (0,0) size 83x17
          text run at (0,0) width 83: "Dummy text."
      RenderBlock {DIV} at (0,2174) size 769x17 [color=#C0C0C0]
        RenderText {#text} at (0,0) size 83x17
          text run at (0,0) width 83: "Dummy text."
      RenderBlock {DIV} at (0,2191) size 769x17 [color=#C0C0C0]
        RenderText {#text} at (0,0) size 83x17
          text run at (0,0) width 83: "Dummy text."
      RenderBlock {DIV} at (0,2208) size 769x17 [color=#C0C0C0]
        RenderText {#text} at (0,0) size 83x17
          text run at (0,0) width 83: "Dummy text."
      RenderBlock {DIV} at (0,2225) size 769x17 [color=#C0C0C0]
        RenderText {#text} at (0,0) size 83x17
          text run at (0,0) width 83: "Dummy text."
      RenderBlock {DIV} at (0,2242) size 769x17 [color=#C0C0C0]
        RenderText {#text} at (0,0) size 83x17
          text run at (0,0) width 83: "Dummy text."
      RenderBlock {DIV} at (0,2259) size 769x17 [color=#C0C0C0]
        RenderText {#text} at (0,0) size 83x17
          text run at (0,0) width 83: "Dummy text."
      RenderBlock {DIV} at (0,2276) size 769x17 [color=#C0C0C0]
        RenderText {#text} at (0,0) size 83x17
          text run at (0,0) width 83: "Dummy text."
      RenderBlock {DIV} at (0,2293) size 769x17 [color=#C0C0C0]
        RenderText {#text} at (0,0) size 83x17
          text run at (0,0) width 83: "Dummy text."
      RenderBlock {DIV} at (0,2310) size 769x17 [color=#C0C0C0]
        RenderText {#text} at (0,0) size 83x17
          text run at (0,0) width 83: "Dummy text."
      RenderBlock {DIV} at (0,2327) size 769x17 [color=#C0C0C0]
        RenderText {#text} at (0,0) size 83x17
          text run at (0,0) width 83: "Dummy text."
      RenderBlock {DIV} at (0,2344) size 769x17 [color=#C0C0C0]
        RenderText {#text} at (0,0) size 83x17
          text run at (0,0) width 83: "Dummy text."
      RenderBlock {DIV} at (0,2361) size 769x17 [color=#C0C0C0]
        RenderText {#text} at (0,0) size 83x17
          text run at (0,0) width 83: "Dummy text."
      RenderBlock {DIV} at (0,2378) size 769x17 [color=#C0C0C0]
        RenderText {#text} at (0,0) size 83x17
          text run at (0,0) width 83: "Dummy text."
      RenderBlock {DIV} at (0,2395) size 769x17 [color=#C0C0C0]
        RenderText {#text} at (0,0) size 83x17
          text run at (0,0) width 83: "Dummy text."
      RenderBlock {DIV} at (0,2412) size 769x17 [color=#C0C0C0]
        RenderText {#text} at (0,0) size 83x17
          text run at (0,0) width 83: "Dummy text."
      RenderBlock {DIV} at (0,2429) size 769x17 [color=#C0C0C0]
        RenderText {#text} at (0,0) size 83x17
          text run at (0,0) width 83: "Dummy text."
      RenderBlock {DIV} at (0,2446) size 769x17 [color=#C0C0C0]
        RenderText {#text} at (0,0) size 83x17
          text run at (0,0) width 83: "Dummy text."
      RenderBlock {DIV} at (0,2463) size 769x17 [color=#C0C0C0]
        RenderText {#text} at (0,0) size 83x17
          text run at (0,0) width 83: "Dummy text."
      RenderBlock {DIV} at (0,2480) size 769x17 [color=#C0C0C0]
        RenderText {#text} at (0,0) size 83x17
          text run at (0,0) width 83: "Dummy text."
      RenderBlock {DIV} at (0,2497) size 769x17 [color=#C0C0C0]
        RenderText {#text} at (0,0) size 83x17
          text run at (0,0) width 83: "Dummy text."
      RenderBlock {DIV} at (0,2514) size 769x17 [color=#C0C0C0]
        RenderText {#text} at (0,0) size 83x17
          text run at (0,0) width 83: "Dummy text."
      RenderBlock {DIV} at (0,2531) size 769x17 [color=#C0C0C0]
        RenderText {#text} at (0,0) size 83x17
          text run at (0,0) width 83: "Dummy text."
      RenderBlock {DIV} at (0,2548) size 769x17 [color=#C0C0C0]
        RenderText {#text} at (0,0) size 83x17
          text run at (0,0) width 83: "Dummy text."
      RenderBlock {DIV} at (0,2565) size 769x17 [color=#C0C0C0]
        RenderText {#text} at (0,0) size 83x17
          text run at (0,0) width 83: "Dummy text."
      RenderBlock {DIV} at (0,2582) size 769x17 [color=#C0C0C0]
        RenderText {#text} at (0,0) size 83x17
          text run at (0,0) width 83: "Dummy text."
      RenderBlock {DIV} at (0,2599) size 769x17 [color=#C0C0C0]
        RenderText {#text} at (0,0) size 83x17
          text run at (0,0) width 83: "Dummy text."
      RenderBlock {DIV} at (0,2616) size 769x17 [color=#C0C0C0]
        RenderText {#text} at (0,0) size 83x17
          text run at (0,0) width 83: "Dummy text."
      RenderBlock {DIV} at (0,2633) size 769x17 [color=#C0C0C0]
        RenderText {#text} at (0,0) size 83x17
          text run at (0,0) width 83: "Dummy text."
      RenderBlock {DIV} at (0,2650) size 769x17 [color=#C0C0C0]
        RenderText {#text} at (0,0) size 83x17
          text run at (0,0) width 83: "Dummy text."
      RenderBlock {DIV} at (0,2667) size 769x17 [color=#C0C0C0]
        RenderText {#text} at (0,0) size 83x17
          text run at (0,0) width 83: "Dummy text."
      RenderBlock {DIV} at (0,2684) size 769x17 [color=#C0C0C0]
        RenderText {#text} at (0,0) size 83x17
          text run at (0,0) width 83: "Dummy text."
      RenderBlock {DIV} at (0,2701) size 769x17 [color=#C0C0C0]
        RenderText {#text} at (0,0) size 83x17
          text run at (0,0) width 83: "Dummy text."
      RenderBlock {DIV} at (0,2718) size 769x17 [color=#C0C0C0]
        RenderText {#text} at (0,0) size 83x17
          text run at (0,0) width 83: "Dummy text."
      RenderBlock {DIV} at (0,2735) size 769x17 [color=#C0C0C0]
        RenderText {#text} at (0,0) size 83x17
          text run at (0,0) width 83: "Dummy text."
