layer at (0,0) size 800x600
  RenderView at (0,0) size 800x600
layer at (0,0) size 800x345
  RenderBlock {HTML} at (0,0) size 800x345
    RenderBody {BODY} at (8,16) size 784x321
      RenderBlock {P} at (0,0) size 784x17
        RenderText {#text} at (0,0) size 472x17
          text run at (0,0) width 472: "There should be a solid single uninterrupted smooth column of blue below."
      RenderBlock {DIV} at (96,33) size 592x48 [color=#000080]
        RenderText {#text} at (0,0) size 48x48
          text run at (0,0) width 48: "x"
      RenderBlock {DIV} at (96,81) size 592x48 [color=#000080]
        RenderText {#text} at (0,0) size 48x48
          text run at (0,0) width 48: "x"
      RenderBlock {DIV} at (96,129) size 592x48 [color=#000080]
        RenderText {#text} at (0,0) size 48x48
          text run at (0,0) width 48: "x"
      RenderBlock {DIV} at (96,177) size 592x48 [color=#000080]
        RenderText {#text} at (0,0) size 48x48
          text run at (0,0) width 48: "x"
      RenderBlock {DIV} at (96,225) size 592x48 [color=#000080]
        RenderText {#text} at (0,0) size 48x48
          text run at (0,0) width 48: "x"
      RenderBlock {DIV} at (96,273) size 592x48 [color=#000080]
        RenderText {#text} at (0,0) size 48x48
          text run at (0,0) width 48: "x"
