layer at (0,0) size 800x600
  RenderView at (0,0) size 800x600
layer at (0,0) size 800x201
  RenderBlock {HTML} at (0,0) size 800x201
    RenderBody {BODY} at (8,16) size 784x177
      RenderBlock {P} at (0,0) size 784x17
        RenderText {#text} at (0,0) size 708x17
          text run at (0,0) width 708: "There should be a stripy pattern of yellow and aqua below (each vertical stripe should be straight and unbroken)."
      RenderBlock {DIV} at (48,33) size 360x24 [color=#00FFFF] [bgcolor=#FFFF00]
        RenderText {#text} at (0,0) size 312x24
          text run at (0,0) width 312: "x  x    xx xx"
      RenderBlock {DIV} at (48,57) size 360x24 [color=#00FFFF] [bgcolor=#FFFF00]
        RenderText {#text} at (0,0) size 312x24
          text run at (0,0) width 312: "x  x    xx xx"
      RenderBlock {DIV} at (48,81) size 360x24 [color=#00FFFF] [bgcolor=#FFFF00]
        RenderText {#text} at (0,0) size 312x24
          text run at (0,0) width 312: "x  x    xx xx"
      RenderBlock {DIV} at (48,105) size 360x24 [color=#00FFFF] [bgcolor=#FFFF00]
        RenderText {#text} at (0,0) size 216x24
          text run at (0,0) width 216: "xx "
        RenderInline {SPAN} at (0,0) size 120x24
          RenderText {#text} at (216,0) size 120x24
            text run at (216,0) width 120: "xx xx"
        RenderText {#text} at (0,0) size 0x0
      RenderBlock {DIV} at (48,129) size 360x24 [color=#00FFFF] [bgcolor=#FFFF00]
        RenderText {#text} at (0,0) size 312x24
          text run at (0,0) width 312: "x  x    xx xx"
      RenderBlock {DIV} at (48,153) size 360x24 [color=#00FFFF] [bgcolor=#FFFF00]
        RenderText {#text} at (0,0) size 300x24
          text run at (0,0) width 300: "x     x         x x   x x"
