layer at (0,0) size 800x600
  RenderView at (0,0) size 800x600
layer at (0,0) size 800x102
  RenderBlock {HTML} at (0,0) size 800x102
    RenderBody {BODY} at (8,16) size 784x78
      RenderBlock {P} at (0,0) size 784x17
        RenderText {#text} at (0,0) size 413x17
          text run at (0,0) width 413: "There should be a single small column of blue below with no red:"
      RenderBlock {DIV} at (0,33) size 784x15
        RenderImage {IMG} at (384,0) size 16x15
      RenderBlock {DIV} at (0,48) size 784x15
        RenderImage {IMG} at (384,0) size 16x15
      RenderBlock {DIV} at (0,63) size 784x15 [color=#0000FF]
        RenderText {#text} at (384,0) size 16x15
          text run at (384,0) width 16: "X"
