layer at (0,0) size 800x600
  RenderView at (0,0) size 800x600
layer at (0,0) size 800x600
  RenderBlock {HTML} at (0,0) size 800x600
    RenderBody {BODY} at (8,8) size 784x576
      RenderBlock {P} at (0,0) size 784x17
        RenderText {#text} at (0,0) size 395x17
          text run at (0,0) width 395: "Tests list item numbering when there are anonymous list items."
      RenderBlock {OL} at (0,33) size 784x17
        RenderListItem at (40,0) size 744x17
          RenderListMarker at (-20,0) size 16x17: "1"
          RenderText at (0,0) size 34x17
            text run at (0,0) width 34: "ONE"
      RenderBlock {OL} at (0,66) size 784x34
        RenderListItem {LI} at (40,0) size 744x17
          RenderListMarker at (-20,0) size 16x17: "1"
          RenderText {#text} at (0,0) size 23x17
            text run at (0,0) width 23: "one"
        RenderListItem at (40,17) size 744x17
          RenderListMarker at (-20,0) size 16x17: "2"
          RenderText at (0,0) size 37x17
            text run at (0,0) width 37: "TWO"
      RenderBlock {OL} at (0,116) size 784x17
        RenderListItem at (40,0) size 744x17
          RenderListMarker at (-20,0) size 16x17: "1"
          RenderText at (0,0) size 34x17
            text run at (0,0) width 34: "ONE"
      RenderBlock {OL} at (0,149) size 784x34
        RenderListItem at (40,0) size 744x17
          RenderListMarker at (-20,0) size 16x17: "1"
          RenderText at (0,0) size 34x17
            text run at (0,0) width 34: "ONE"
        RenderListItem {LI} at (40,17) size 744x17
          RenderListMarker at (-20,0) size 16x17: "2"
          RenderText {#text} at (0,0) size 24x17
            text run at (0,0) width 24: "two"
      RenderBlock {OL} at (0,199) size 784x68
        RenderListItem {LI} at (40,0) size 744x17
          RenderListMarker at (-20,0) size 16x17: "1"
          RenderText {#text} at (0,0) size 23x17
            text run at (0,0) width 23: "one"
        RenderBlock {DIV} at (40,17) size 744x34
          RenderBlock (anonymous) at (0,0) size 744x17
            RenderText {#text} at (0,0) size 20x17
              text run at (0,0) width 20: "div"
          RenderListItem at (0,17) size 744x17
            RenderListMarker at (-20,0) size 16x17: "2"
            RenderText at (0,0) size 37x17
              text run at (0,0) width 37: "TWO"
        RenderListItem {LI} at (40,51) size 744x17
          RenderListMarker at (-20,0) size 16x17: "3"
          RenderText {#text} at (0,0) size 31x17
            text run at (0,0) width 31: "three"
      RenderBlock {OL} at (0,283) size 784x68
        RenderListItem {LI} at (40,0) size 744x17
          RenderListMarker at (-20,0) size 16x17: "1"
          RenderText {#text} at (0,0) size 23x17
            text run at (0,0) width 23: "one"
        RenderBlock {DIV} at (40,17) size 744x34
          RenderListItem at (0,0) size 744x17
            RenderListMarker at (-20,0) size 16x17: "2"
            RenderText at (0,0) size 37x17
              text run at (0,0) width 37: "TWO"
          RenderBlock (anonymous) at (0,17) size 744x17
            RenderText {#text} at (0,0) size 20x17
              text run at (0,0) width 20: "div"
        RenderListItem {LI} at (40,51) size 744x17
          RenderListMarker at (-20,0) size 16x17: "3"
          RenderText {#text} at (0,0) size 31x17
            text run at (0,0) width 31: "three"
