layer at (0,0) size 1518x585
  RenderView at (0,0) size 800x585
layer at (0,0) size 800x585
  RenderBlock {HTML} at (0,0) size 800x585
    RenderBody {BODY} at (8,8) size 784x561
      RenderBlock {OL} at (0,0) size 784x17
        RenderListItem {LI} at (40,0) size 744x17
          RenderListMarker at (-20,0) size 16x17: "1"
          RenderText {#text} at (0,0) size 1470x17
            text run at (0,0) width 1470: "aaaaaaaaaaaaaaaaaaaaaaaaaaaaaaaaaaaaaaaaaaaaaaaaaaaaaaaaaaaaaaaaaaaaaaaaaaaaaaaaaaaaaaaaaaaaaaaaaaaaaaaaaaaaaaaaaaaaaaaaaaaaaaaaaaaaaaaaaaaaaaaaaaaaaaaaaaaaaaaaaaaaaaaaaaaaaaaaaaaaaaaaaaaaaaaaaaaaaaaaaaaaaaaaaa"
      RenderBlock {OL} at (0,33) size 784x34
        RenderListItem {LI} at (40,0) size 744x34
          RenderListMarker at (0,0) size 16x17: "1"
          RenderText {#text} at (0,17) size 1470x17
            text run at (0,17) width 1470: "aaaaaaaaaaaaaaaaaaaaaaaaaaaaaaaaaaaaaaaaaaaaaaaaaaaaaaaaaaaaaaaaaaaaaaaaaaaaaaaaaaaaaaaaaaaaaaaaaaaaaaaaaaaaaaaaaaaaaaaaaaaaaaaaaaaaaaaaaaaaaaaaaaaaaaaaaaaaaaaaaaaaaaaaaaaaaaaaaaaaaaaaaaaaaaaaaaaaaaaaaaaaaaaaaa"
