layer at (0,0) size 800x600
  RenderView at (0,0) size 800x600
layer at (0,0) size 800x600
  RenderBlock {HTML} at (0,0) size 800x600
    RenderBody {BODY} at (8,8) size 784x576
      RenderBlock {BLOCKQUOTE} at (40,0) size 704x51
        RenderBlock {BLOCKQUOTE} at (40,0) size 624x51
          RenderBlock {OL} at (0,0) size 624x51
            RenderListItem {LI} at (40,0) size 584x51
              RenderListMarker at (-92,0) size 88x17: "CYWOQVJ"
              RenderBR {BR} at (0,0) size 0x17
              RenderText {#text} at (0,17) size 487x34
                text run at (0,17) width 189: "SUCCESS (you didn't crash) "
                text run at (189,17) width 298: "Our behavior here matches WinIE not FireFox."
                text run at (0,34) width 343: "http://bugzilla.opendarwin.org/show_bug.cgi?id=8542"
