layer at (0,0) size 785x1471
  RenderView at (0,0) size 785x600
layer at (0,0) size 785x1471
  RenderBlock {HTML} at (0,0) size 785x1471
    RenderBody {BODY} at (8,8) size 769x1455 [bgcolor=#CCCCCC]
      RenderBlock {P} at (0,0) size 769x17
        RenderText {#text} at (0,0) size 355x17
          text run at (0,0) width 355: "The style declarations which apply to the text below are:"
      RenderBlock {PRE} at (0,33) size 769x150
        RenderText {#text} at (0,0) size 304x150
          text run at (0,0) width 232: ".one {list-style-type: disc;}"
          text run at (0,15) width 248: ".two {list-style-type: circle;}"
          text run at (0,30) width 264: ".three {list-style-type: square;}"
          text run at (0,45) width 296: ".four {list-style-type: lower-roman;}"
          text run at (0,60) width 296: ".five {list-style-type: upper-roman;}"
          text run at (0,75) width 288: ".six {list-style-type: lower-alpha;}"
          text run at (0,90) width 304: ".seven {list-style-type: upper-alpha;}"
          text run at (0,105) width 272: ".eight {list-style-type: decimal;}"
          text run at (0,120) width 240: ".nine {list-style-type: none;}"
          text run at (0,135) width 0: " "
      RenderBlock {HR} at (0,196) size 769x2 [border: (1px inset #000000)]
      RenderBlock {UL} at (0,214) size 769x51
        RenderListItem {LI} at (40,0) size 729x17
          RenderListMarker at (-17,0) size 7x17: bullet
          RenderText {#text} at (0,0) size 62x17
            text run at (0,0) width 62: "This list..."
        RenderListItem {LI} at (40,17) size 729x17
          RenderListMarker at (-17,0) size 7x17: bullet
          RenderText {#text} at (0,0) size 113x17
            text run at (0,0) width 113: "...should feature..."
        RenderListItem {LI} at (40,34) size 729x17
          RenderListMarker at (-17,0) size 7x17: bullet
          RenderText {#text} at (0,0) size 133x17
            text run at (0,0) width 133: "...discs for each item."
      RenderBlock {UL} at (0,281) size 769x51
        RenderListItem {LI} at (40,0) size 729x17
          RenderListMarker at (-17,0) size 7x17: white bullet
          RenderText {#text} at (0,0) size 62x17
            text run at (0,0) width 62: "This list..."
        RenderListItem {LI} at (40,17) size 729x17
          RenderListMarker at (-17,0) size 7x17: white bullet
          RenderText {#text} at (0,0) size 113x17
            text run at (0,0) width 113: "...should feature..."
        RenderListItem {LI} at (40,34) size 729x17
          RenderListMarker at (-17,0) size 7x17: white bullet
          RenderText {#text} at (0,0) size 142x17
            text run at (0,0) width 142: "...circles for each item."
      RenderBlock {UL} at (0,348) size 769x51
        RenderListItem {LI} at (40,0) size 729x17
          RenderListMarker at (-17,0) size 7x17: black square
          RenderText {#text} at (0,0) size 62x17
            text run at (0,0) width 62: "This list..."
        RenderListItem {LI} at (40,17) size 729x17
          RenderListMarker at (-17,0) size 7x17: black square
          RenderText {#text} at (0,0) size 113x17
            text run at (0,0) width 113: "...should feature..."
        RenderListItem {LI} at (40,34) size 729x17
          RenderListMarker at (-17,0) size 7x17: black square
          RenderText {#text} at (0,0) size 149x17
            text run at (0,0) width 149: "...squares for each item."
      RenderBlock {OL} at (0,415) size 769x51
        RenderListItem {LI} at (40,0) size 729x17
          RenderListMarker at (-16,0) size 12x17: "i"
          RenderText {#text} at (0,0) size 62x17
            text run at (0,0) width 62: "This list..."
        RenderListItem {LI} at (40,17) size 729x17
          RenderListMarker at (-20,0) size 16x17: "ii"
          RenderText {#text} at (0,0) size 113x17
            text run at (0,0) width 113: "...should feature..."
        RenderListItem {LI} at (40,34) size 729x17
          RenderListMarker at (-24,0) size 20x17: "iii"
          RenderText {#text} at (0,0) size 276x17
            text run at (0,0) width 276: "...lowercase Roman numerals for each item."
      RenderBlock {OL} at (0,482) size 769x51
        RenderListItem {LI} at (40,0) size 729x17
          RenderListMarker at (-17,0) size 13x17: "I"
          RenderText {#text} at (0,0) size 62x17
            text run at (0,0) width 62: "This list..."
        RenderListItem {LI} at (40,17) size 729x17
          RenderListMarker at (-22,0) size 18x17: "II"
          RenderText {#text} at (0,0) size 113x17
            text run at (0,0) width 113: "...should feature..."
        RenderListItem {LI} at (40,34) size 729x17
          RenderListMarker at (-27,0) size 23x17: "III"
          RenderText {#text} at (0,0) size 276x17
            text run at (0,0) width 276: "...uppercase Roman numerals for each item."
      RenderBlock {OL} at (0,549) size 769x51
        RenderListItem {LI} at (40,0) size 729x17
          RenderListMarker at (-19,0) size 15x17: "a"
          RenderText {#text} at (0,0) size 62x17
            text run at (0,0) width 62: "This list..."
        RenderListItem {LI} at (40,17) size 729x17
          RenderListMarker at (-20,0) size 16x17: "b"
          RenderText {#text} at (0,0) size 113x17
            text run at (0,0) width 113: "...should feature..."
        RenderListItem {LI} at (40,34) size 729x17
          RenderListMarker at (-19,0) size 15x17: "c"
          RenderText {#text} at (0,0) size 206x17
            text run at (0,0) width 206: "...lowercase letters for each item."
      RenderBlock {OL} at (0,616) size 769x51
        RenderListItem {LI} at (40,0) size 729x17
          RenderListMarker at (-24,0) size 20x17: "A"
          RenderText {#text} at (0,0) size 62x17
            text run at (0,0) width 62: "This list..."
        RenderListItem {LI} at (40,17) size 729x17
          RenderListMarker at (-23,0) size 19x17: "B"
          RenderText {#text} at (0,0) size 113x17
            text run at (0,0) width 113: "...should feature..."
        RenderListItem {LI} at (40,34) size 729x17
          RenderListMarker at (-23,0) size 19x17: "C"
          RenderText {#text} at (0,0) size 206x17
            text run at (0,0) width 206: "...uppercase letters for each item."
      RenderBlock {OL} at (0,683) size 769x51
        RenderListItem {LI} at (40,0) size 729x17
          RenderListMarker at (-24,0) size 20x17: "A"
          RenderText {#text} at (0,0) size 155x17
            text run at (0,0) width 155: "This list should feature..."
        RenderListItem {LI} at (40,17) size 729x17
          RenderListMarker at (-23,0) size 19x17: "B"
          RenderText {#text} at (0,0) size 147x17
            text run at (0,0) width 147: "...letters for each item..."
        RenderListItem {LI} at (40,34) size 729x17
          RenderListMarker at (-20,0) size 16x17: "3"
          RenderText {#text} at (0,0) size 110x17
            text run at (0,0) width 110: "...except this one."
      RenderBlock {UL} at (0,750) size 769x51
        RenderListItem {LI} at (40,0) size 729x17
          RenderText {#text} at (0,0) size 62x17
            text run at (0,0) width 62: "This list..."
        RenderListItem {LI} at (40,17) size 729x17
          RenderText {#text} at (0,0) size 113x17
            text run at (0,0) width 113: "...should feature..."
        RenderListItem {LI} at (40,34) size 729x17
          RenderText {#text} at (0,0) size 150x17
            text run at (0,0) width 150: "...nothing for each item."
      RenderTable {TABLE} at (0,817) size 338x638 [border: (1px outset #808080)]
        RenderTableSection {TBODY} at (1,1) size 336x636
          RenderTableRow {TR} at (0,0) size 336x25
            RenderTableCell {TD} at (0,0) size 336x25 [bgcolor=#C0C0C0] [border: (1px inset #808080)] [r=0 c=0 rs=1 cs=2]
              RenderInline {STRONG} at (0,0) size 163x17
                RenderText {#text} at (4,4) size 163x17
                  text run at (4,4) width 163: "TABLE Testing Section"
          RenderTableRow {TR} at (0,25) size 336x611
            RenderTableCell {TD} at (0,318) size 12x25 [bgcolor=#C0C0C0] [border: (1px inset #808080)] [r=1 c=0 rs=1 cs=1]
              RenderText {#text} at (4,4) size 4x17
                text run at (4,4) width 4: " "
            RenderTableCell {TD} at (12,25) size 324x611 [border: (1px inset #808080)] [r=1 c=1 rs=1 cs=1]
              RenderBlock {UL} at (4,4) size 316x51
                RenderListItem {LI} at (40,0) size 276x17
                  RenderListMarker at (-17,0) size 7x17: bullet
                  RenderText {#text} at (0,0) size 62x17
                    text run at (0,0) width 62: "This list..."
                RenderListItem {LI} at (40,17) size 276x17
                  RenderListMarker at (-17,0) size 7x17: bullet
                  RenderText {#text} at (0,0) size 113x17
                    text run at (0,0) width 113: "...should feature..."
                RenderListItem {LI} at (40,34) size 276x17
                  RenderListMarker at (-17,0) size 7x17: bullet
                  RenderText {#text} at (0,0) size 133x17
                    text run at (0,0) width 133: "...discs for each item."
              RenderBlock {UL} at (4,71) size 316x51
                RenderListItem {LI} at (40,0) size 276x17
                  RenderListMarker at (-17,0) size 7x17: white bullet
                  RenderText {#text} at (0,0) size 62x17
                    text run at (0,0) width 62: "This list..."
                RenderListItem {LI} at (40,17) size 276x17
                  RenderListMarker at (-17,0) size 7x17: white bullet
                  RenderText {#text} at (0,0) size 113x17
                    text run at (0,0) width 113: "...should feature..."
                RenderListItem {LI} at (40,34) size 276x17
                  RenderListMarker at (-17,0) size 7x17: white bullet
                  RenderText {#text} at (0,0) size 142x17
                    text run at (0,0) width 142: "...circles for each item."
              RenderBlock {UL} at (4,138) size 316x51
                RenderListItem {LI} at (40,0) size 276x17
                  RenderListMarker at (-17,0) size 7x17: black square
                  RenderText {#text} at (0,0) size 62x17
                    text run at (0,0) width 62: "This list..."
                RenderListItem {LI} at (40,17) size 276x17
                  RenderListMarker at (-17,0) size 7x17: black square
                  RenderText {#text} at (0,0) size 113x17
                    text run at (0,0) width 113: "...should feature..."
                RenderListItem {LI} at (40,34) size 276x17
                  RenderListMarker at (-17,0) size 7x17: black square
                  RenderText {#text} at (0,0) size 149x17
                    text run at (0,0) width 149: "...squares for each item."
              RenderBlock {OL} at (4,205) size 316x51
                RenderListItem {LI} at (40,0) size 276x17
                  RenderListMarker at (-16,0) size 12x17: "i"
                  RenderText {#text} at (0,0) size 62x17
                    text run at (0,0) width 62: "This list..."
                RenderListItem {LI} at (40,17) size 276x17
                  RenderListMarker at (-20,0) size 16x17: "ii"
                  RenderText {#text} at (0,0) size 113x17
                    text run at (0,0) width 113: "...should feature..."
                RenderListItem {LI} at (40,34) size 276x17
                  RenderListMarker at (-24,0) size 20x17: "iii"
                  RenderText {#text} at (0,0) size 276x17
                    text run at (0,0) width 276: "...lowercase Roman numerals for each item."
              RenderBlock {OL} at (4,272) size 316x51
                RenderListItem {LI} at (40,0) size 276x17
                  RenderListMarker at (-17,0) size 13x17: "I"
                  RenderText {#text} at (0,0) size 62x17
                    text run at (0,0) width 62: "This list..."
                RenderListItem {LI} at (40,17) size 276x17
                  RenderListMarker at (-22,0) size 18x17: "II"
                  RenderText {#text} at (0,0) size 113x17
                    text run at (0,0) width 113: "...should feature..."
                RenderListItem {LI} at (40,34) size 276x17
                  RenderListMarker at (-27,0) size 23x17: "III"
                  RenderText {#text} at (0,0) size 276x17
                    text run at (0,0) width 276: "...uppercase Roman numerals for each item."
              RenderBlock {OL} at (4,339) size 316x51
                RenderListItem {LI} at (40,0) size 276x17
                  RenderListMarker at (-19,0) size 15x17: "a"
                  RenderText {#text} at (0,0) size 62x17
                    text run at (0,0) width 62: "This list..."
                RenderListItem {LI} at (40,17) size 276x17
                  RenderListMarker at (-20,0) size 16x17: "b"
                  RenderText {#text} at (0,0) size 113x17
                    text run at (0,0) width 113: "...should feature..."
                RenderListItem {LI} at (40,34) size 276x17
                  RenderListMarker at (-19,0) size 15x17: "c"
                  RenderText {#text} at (0,0) size 206x17
                    text run at (0,0) width 206: "...lowercase letters for each item."
              RenderBlock {OL} at (4,406) size 316x51
                RenderListItem {LI} at (40,0) size 276x17
                  RenderListMarker at (-24,0) size 20x17: "A"
                  RenderText {#text} at (0,0) size 62x17
                    text run at (0,0) width 62: "This list..."
                RenderListItem {LI} at (40,17) size 276x17
                  RenderListMarker at (-23,0) size 19x17: "B"
                  RenderText {#text} at (0,0) size 113x17
                    text run at (0,0) width 113: "...should feature..."
                RenderListItem {LI} at (40,34) size 276x17
                  RenderListMarker at (-23,0) size 19x17: "C"
                  RenderText {#text} at (0,0) size 206x17
                    text run at (0,0) width 206: "...uppercase letters for each item."
              RenderBlock {OL} at (4,473) size 316x51
                RenderListItem {LI} at (40,0) size 276x17
                  RenderListMarker at (-24,0) size 20x17: "A"
                  RenderText {#text} at (0,0) size 155x17
                    text run at (0,0) width 155: "This list should feature..."
                RenderListItem {LI} at (40,17) size 276x17
                  RenderListMarker at (-23,0) size 19x17: "B"
                  RenderText {#text} at (0,0) size 147x17
                    text run at (0,0) width 147: "...letters for each item..."
                RenderListItem {LI} at (40,34) size 276x17
                  RenderListMarker at (-20,0) size 16x17: "3"
                  RenderText {#text} at (0,0) size 110x17
                    text run at (0,0) width 110: "...except this one."
              RenderBlock {UL} at (4,540) size 316x51
                RenderListItem {LI} at (40,0) size 276x17
                  RenderText {#text} at (0,0) size 62x17
                    text run at (0,0) width 62: "This list..."
                RenderListItem {LI} at (40,17) size 276x17
                  RenderText {#text} at (0,0) size 113x17
                    text run at (0,0) width 113: "...should feature..."
                RenderListItem {LI} at (40,34) size 276x17
                  RenderText {#text} at (0,0) size 150x17
                    text run at (0,0) width 150: "...nothing for each item."
