layer at (0,0) size 792x1089
  RenderView at (0,0) size 785x585
layer at (0,0) size 785x1089
  RenderBlock {HTML} at (0,0) size 785x1090
    RenderBody {BODY} at (8,8) size 769x1069 [bgcolor=#EEEEEE]
      RenderBlock (anonymous) at (0,0) size 769x19
        RenderInline {SPAN} at (0,0) size 191x15
          RenderText {#text} at (0,0) size 0x0
          RenderInline {SPAN} at (0,0) size 191x15
            RenderText {#text} at (0,0) size 0x0
            RenderTable {TABLE} at (0,0) size 191x19
              RenderTableSection {TBODY} at (0,0) size 191x19
                RenderTableRow {TR} at (0,0) size 191x19
                  RenderTableCell {TD} at (0,0) size 115x19 [r=0 c=0 rs=1 cs=1]
                    RenderText {#text} at (1,1) size 113x17
                      text run at (1,1) width 113: "Record Locator:"
                  RenderTableCell {TD} at (115,0) size 76x19 [r=0 c=1 rs=1 cs=1]
                    RenderInline {B} at (0,0) size 74x17
                      RenderText {#text} at (1,1) size 74x17
                        text run at (1,1) width 74: "WHGNSO"
                    RenderText {#text} at (0,0) size 0x0
            RenderText {#text} at (0,0) size 0x0
          RenderText {#text} at (0,0) size 0x0
      RenderBlock (anonymous) at (0,25) size 769x3
        RenderBlock {HR} at (0,0) size 769x2 [border: (1px inset #000000)]
      RenderBlock (anonymous) at (0,34) size 769x45
        RenderInline {SPAN} at (0,0) size 114x41
          RenderInline {SPAN} at (0,0) size 114x41
            RenderText {#text} at (0,0) size 0x0
            RenderInline {SPAN} at (0,0) size 114x17
              RenderText {#text} at (0,0) size 0x0
              RenderImage {IMG} at (0,0) size 57x21
              RenderText {#text} at (57,1) size 57x17
                text run at (57,1) width 4: " "
                text run at (61,1) width 53: "Names"
              RenderBR {BR} at (114,15) size 0x0
            RenderText {#text} at (0,0) size 0x0
            RenderInline {SPAN} at (0,0) size 104x15
              RenderText {#text} at (0,0) size 0x0
              RenderText {#text} at (0,0) size 0x0
            RenderText {#text} at (0,0) size 0x0
          RenderText {#text} at (0,0) size 0x0
      RenderBlock (anonymous) at (0,84) size 769x3
        RenderBlock {HR} at (0,0) size 769x2 [border: (1px inset #000000)]
      RenderBlock (anonymous) at (0,93) size 769x68
        RenderInline {SPAN} at (0,0) size 592x65
          RenderInline {SPAN} at (0,0) size 592x65
            RenderText {#text} at (0,0) size 0x0
            RenderImage {IMG} at (0,1) size 66x20
            RenderText {#text} at (66,2) size 4x15
              text run at (66,2) width 4: " "
            RenderInline {SPAN} at (0,0) size 83x17
              RenderText {#text} at (70,0) size 83x17
                text run at (70,0) width 83: "Addresses"
              RenderBR {BR} at (153,14) size 0x0
            RenderText {#text} at (0,0) size 0x0
            RenderText {#text} at (0,0) size 0x0
          RenderText {#text} at (0,0) size 0x0
      RenderBlock (anonymous) at (0,167) size 769x3
        RenderBlock {HR} at (0,0) size 769x2 [border: (1px inset #000000)]
      RenderBlock (anonymous) at (0,175) size 769x42
        RenderInline {SPAN} at (0,0) size 130x41
          RenderInline {SPAN} at (0,0) size 130x41
            RenderText {#text} at (0,0) size 0x0
            RenderInline {SPAN} at (0,0) size 130x17
              RenderText {#text} at (0,0) size 0x0
              RenderImage {IMG} at (0,0) size 63x21
              RenderText {#text} at (63,1) size 67x17
                text run at (63,1) width 4: " "
                text run at (67,1) width 63: "Phones "
              RenderBR {BR} at (130,15) size 0x0
            RenderText {#text} at (0,0) size 0x0
      RenderBlock (anonymous) at (0,274) size 769x0
        RenderInline {SPAN} at (0,0) size 0x0
          RenderInline {SPAN} at (0,0) size 0x0
            RenderText {#text} at (0,0) size 0x0
          RenderText {#text} at (0,0) size 0x0
      RenderBlock (anonymous) at (0,281) size 769x3
        RenderBlock {HR} at (0,0) size 769x2 [border: (1px inset #000000)]
      RenderBlock (anonymous) at (0,290) size 769x22
        RenderInline {SPAN} at (0,0) size 132x15
          RenderInline {SPAN} at (0,0) size 132x15
            RenderText {#text} at (0,0) size 0x0
            RenderInline {SPAN} at (0,0) size 132x17
              RenderText {#text} at (0,0) size 0x0
              RenderImage {IMG} at (0,0) size 66x21
              RenderText {#text} at (66,1) size 66x17
                text run at (66,1) width 4: " "
                text run at (70,1) width 62: "Itinerary"
            RenderText {#text} at (0,0) size 0x0
            RenderInline {SPAN} at (0,0) size 0x0
              RenderText {#text} at (0,0) size 0x0
              RenderInline {SPAN} at (0,0) size 0x0
                RenderText {#text} at (0,0) size 0x0
      RenderBlock (anonymous) at (0,311) size 769x58
        RenderTable {TABLE} at (0,0) size 585x57
          RenderTableSection {TBODY} at (0,0) size 585x57
            RenderTableRow {TR} at (0,2) size 585x53
              RenderTableCell {TD} at (2,27) size 2x3 [r=0 c=0 rs=1 cs=1]
              RenderTableCell {TD} at (6,2) size 2x2 [r=0 c=1 rs=1 cs=1]
              RenderTableCell {TD} at (10,17) size 153x23 [r=0 c=2 rs=1 cs=1]
                RenderImage {IMG} at (1,1) size 151x21
                RenderText {#text} at (0,0) size 0x0
              RenderTableCell {TD} at (165,2) size 418x53 [r=0 c=3 rs=1 cs=1]
                RenderText {#text} at (1,1) size 147x17
                  text run at (1,1) width 147: "TUR - Tour Package"
                RenderBR {BR} at (148,15) size 0x0
                RenderText {#text} at (1,18) size 228x17
                  text run at (1,18) width 228: "Date: Sunday, January 12, 2003"
                RenderBR {BR} at (229,32) size 0x0
                RenderText {#text} at (1,35) size 416x17
                  text run at (1,35) width 416: "Comments: -** TICKETLESS CONF CODE IS WHGNSO**"
      RenderBlock (anonymous) at (0,368) size 769x0
        RenderInline {SPAN} at (0,0) size 0x0
          RenderInline {SPAN} at (0,0) size 0x0
            RenderInline {SPAN} at (0,0) size 0x0
              RenderInline {SPAN} at (0,0) size 0x0
              RenderText {#text} at (0,0) size 0x0
      RenderBlock (anonymous) at (0,374) size 769x3
        RenderBlock {HR} at (0,0) size 769x2 [border: (1px inset #000000)]
      RenderBlock (anonymous) at (0,383) size 769x0
        RenderInline {SPAN} at (0,0) size 0x0
          RenderInline {SPAN} at (0,0) size 0x0
            RenderInline {SPAN} at (0,0) size 0x0
              RenderInline {SPAN} at (0,0) size 0x0
                RenderText {#text} at (0,0) size 0x0
      RenderBlock (anonymous) at (0,383) size 769x187
        RenderTable {TABLE} at (0,0) size 714x186
          RenderTableSection {TBODY} at (0,0) size 714x186
            RenderTableRow {TR} at (0,2) size 714x182
              RenderTableCell {TD} at (2,92) size 2x2 [r=0 c=0 rs=1 cs=1]
              RenderTableCell {TD} at (6,2) size 2x2 [r=0 c=1 rs=1 cs=1]
              RenderTableCell {TD} at (10,81) size 94x24 [r=0 c=2 rs=1 cs=1]
                RenderImage {IMG} at (1,1) size 92x21
                RenderText {#text} at (0,0) size 0x0
              RenderTableCell {TD} at (106,2) size 606x182 [r=0 c=3 rs=1 cs=1]
                RenderBlock (anonymous) at (1,1) size 604x119
                  RenderText {#text} at (0,0) size 24x17
                    text run at (0,0) width 24: "Air "
                  RenderBR {BR} at (0,0) size 0x0
                  RenderText {#text} at (0,17) size 486x17
                    text run at (0,17) width 51: "United "
                    text run at (51,17) width 84: "Flight 1187 "
                    text run at (135,17) width 123: "Booking Code:M "
                    text run at (258,17) width 228: "Date: Sunday, January 12, 2003"
                  RenderBR {BR} at (486,31) size 0x0
                  RenderText {#text} at (0,34) size 388x17
                    text run at (0,34) width 388: "From: San Francisco Intl Arpt, San Francisco CA - U.S."
                  RenderBR {BR} at (388,48) size 0x0
                  RenderText {#text} at (0,51) size 405x17
                    text run at (0,51) width 27: "To: "
                    text run at (27,51) width 378: "Burbank Glendale Pasadena Arpt, Burbank CA - U.S."
                  RenderBR {BR} at (405,65) size 0x0
                  RenderText {#text} at (0,68) size 244x17
                    text run at (0,68) width 127: "Departs: 6:05 PM "
                    text run at (127,68) width 117: "Arrives: 7:10 PM"
                  RenderBR {BR} at (244,82) size 0x0
                  RenderText {#text} at (0,85) size 49x17
                    text run at (0,85) width 49: "Status:"
                  RenderInline {SPACE} at (0,0) size 127x34
                    RenderText {#text} at (49,85) size 74x17
                      text run at (49,85) width 74: " confirmed"
                    RenderInline {SPACE} at (0,0) size 127x34
                      RenderText {#text} at (123,85) size 4x17
                        text run at (123,85) width 4: " "
                      RenderBR {BR} at (0,0) size 0x0
                      RenderText {#text} at (0,102) size 45x17
                        text run at (0,102) width 45: "Seats:"
                      RenderBR {BR} at (45,116) size 0x0
                RenderBlock (anonymous) at (1,120) size 604x44
                  RenderTable {TABLE} at (0,0) size 604x44 [border: (1px outset #808080)]
                    RenderTableSection {TBODY} at (1,1) size 602x42
                      RenderTableRow {TR} at (0,0) size 602x21 [bgcolor=#E0E0E0]
                        RenderTableCell {TD} at (0,0) size 98x21 [border: (1px inset #808080)] [r=0 c=0 rs=1 cs=1]
                          RenderText {#text} at (2,2) size 43x17
                            text run at (2,2) width 43: "Name"
                        RenderTableCell {TD} at (98,0) size 37x21 [border: (1px inset #808080)] [r=0 c=1 rs=1 cs=1]
                          RenderText {#text} at (2,2) size 33x17
                            text run at (2,2) width 33: "Seat"
                        RenderTableCell {TD} at (135,0) size 78x21 [border: (1px inset #808080)] [r=0 c=2 rs=1 cs=1]
                          RenderText {#text} at (2,2) size 45x17
                            text run at (2,2) width 45: "Status"
                        RenderTableCell {TD} at (213,0) size 316x21 [border: (1px inset #808080)] [r=0 c=3 rs=1 cs=1]
                          RenderText {#text} at (2,2) size 36x17
                            text run at (2,2) width 36: "Type"
                        RenderTableCell {TD} at (529,0) size 73x21 [border: (1px inset #808080)] [r=0 c=4 rs=1 cs=1]
                          RenderText {#text} at (2,2) size 69x17
                            text run at (2,2) width 69: "Comment"
                      RenderTableRow {TR} at (0,21) size 602x21
                        RenderTableCell {TD} at (0,21) size 98x21 [border: (1px inset #808080)] [r=1 c=0 rs=1 cs=1]
                          RenderText {#text} at (2,2) size 94x17
                            text run at (2,2) width 94: "HAO,SCOTT"
                        RenderTableCell {TD} at (98,21) size 37x21 [border: (1px inset #808080)] [r=1 c=1 rs=1 cs=1]
                          RenderText {#text} at (2,2) size 29x17
                            text run at (2,2) width 29: "08A"
                        RenderTableCell {TD} at (135,21) size 78x21 [border: (1px inset #808080)] [r=1 c=2 rs=1 cs=1]
                          RenderText {#text} at (2,2) size 74x17
                            text run at (2,2) width 74: "confirmed "
                        RenderTableCell {TD} at (213,21) size 316x21 [border: (1px inset #808080)] [r=1 c=3 rs=1 cs=1]
                          RenderText {#text} at (2,2) size 312x17
                            text run at (2,2) width 312: "Non-Smoking, Window Seat, Preferred Seat"
                        RenderTableCell {TD} at (529,21) size 73x21 [border: (1px inset #808080)] [r=1 c=4 rs=1 cs=1]
                          RenderText {#text} at (2,2) size 4x17
                            text run at (2,2) width 4: " "
                RenderBlock (anonymous) at (1,164) size 604x17
                  RenderInline {SPACE} at (0,0) size 0x17
                    RenderInline {SPACE} at (0,0) size 0x17
                      RenderBR {BR} at (0,0) size 0x17
      RenderBlock (anonymous) at (0,569) size 769x0
        RenderInline {SPAN} at (0,0) size 0x0
          RenderInline {SPAN} at (0,0) size 0x0
            RenderInline {SPAN} at (0,0) size 0x0
              RenderInline {SPAN} at (0,0) size 0x0
              RenderText {#text} at (0,0) size 0x0
      RenderBlock (anonymous) at (0,576) size 769x3
        RenderBlock {HR} at (0,0) size 769x2 [border: (1px inset #000000)]
      RenderBlock (anonymous) at (0,584) size 769x0
        RenderInline {SPAN} at (0,0) size 0x0
          RenderInline {SPAN} at (0,0) size 0x0
            RenderInline {SPAN} at (0,0) size 0x0
              RenderInline {SPAN} at (0,0) size 0x0
                RenderText {#text} at (0,0) size 0x0
      RenderBlock (anonymous) at (0,584) size 769x187
        RenderTable {TABLE} at (0,0) size 603x186
          RenderTableSection {TBODY} at (0,0) size 603x186
            RenderTableRow {TR} at (0,2) size 603x182
              RenderTableCell {TD} at (2,92) size 2x2 [r=0 c=0 rs=1 cs=1]
              RenderTableCell {TD} at (6,2) size 2x2 [r=0 c=1 rs=1 cs=1]
              RenderTableCell {TD} at (10,81) size 94x24 [r=0 c=2 rs=1 cs=1]
                RenderImage {IMG} at (1,1) size 92x21
                RenderText {#text} at (0,0) size 0x0
              RenderTableCell {TD} at (106,2) size 495x182 [r=0 c=3 rs=1 cs=1]
                RenderBlock (anonymous) at (1,1) size 493x119
                  RenderText {#text} at (0,0) size 24x17
                    text run at (0,0) width 24: "Air "
                  RenderBR {BR} at (0,0) size 0x0
                  RenderText {#text} at (0,17) size 466x17
                    text run at (0,17) width 51: "United "
                    text run at (51,17) width 75: "Flight 480 "
                    text run at (126,17) width 122: "Booking Code:Q "
                    text run at (248,17) width 218: "Date: Friday, January 24, 2003"
                  RenderBR {BR} at (466,31) size 0x0
                  RenderText {#text} at (0,34) size 423x17
                    text run at (0,34) width 423: "From: Burbank Glendale Pasadena Arpt, Burbank CA - U.S."
                  RenderBR {BR} at (423,48) size 0x0
                  RenderText {#text} at (0,51) size 370x17
                    text run at (0,51) width 27: "To: "
                    text run at (27,51) width 343: "San Francisco Intl Arpt, San Francisco CA - U.S."
                  RenderBR {BR} at (370,65) size 0x0
                  RenderText {#text} at (0,68) size 244x17
                    text run at (0,68) width 127: "Departs: 1:40 PM "
                    text run at (127,68) width 117: "Arrives: 2:50 PM"
                  RenderBR {BR} at (244,82) size 0x0
                  RenderText {#text} at (0,85) size 49x17
                    text run at (0,85) width 49: "Status:"
                  RenderInline {SPACE} at (0,0) size 127x34
                    RenderText {#text} at (49,85) size 74x17
                      text run at (49,85) width 74: " confirmed"
                    RenderInline {SPACE} at (0,0) size 127x34
                      RenderText {#text} at (123,85) size 4x17
                        text run at (123,85) width 4: " "
                      RenderBR {BR} at (0,0) size 0x0
                      RenderText {#text} at (0,102) size 45x17
                        text run at (0,102) width 45: "Seats:"
                      RenderBR {BR} at (45,116) size 0x0
                RenderBlock (anonymous) at (1,120) size 493x44
                  RenderTable {TABLE} at (0,0) size 493x44 [border: (1px outset #808080)]
                    RenderTableSection {TBODY} at (1,1) size 491x42
                      RenderTableRow {TR} at (0,0) size 491x21 [bgcolor=#E0E0E0]
                        RenderTableCell {TD} at (0,0) size 98x21 [border: (1px inset #808080)] [r=0 c=0 rs=1 cs=1]
                          RenderText {#text} at (2,2) size 43x17
                            text run at (2,2) width 43: "Name"
                        RenderTableCell {TD} at (98,0) size 37x21 [border: (1px inset #808080)] [r=0 c=1 rs=1 cs=1]
                          RenderText {#text} at (2,2) size 33x17
                            text run at (2,2) width 33: "Seat"
                        RenderTableCell {TD} at (135,0) size 78x21 [border: (1px inset #808080)] [r=0 c=2 rs=1 cs=1]
                          RenderText {#text} at (2,2) size 45x17
                            text run at (2,2) width 45: "Status"
                        RenderTableCell {TD} at (213,0) size 205x21 [border: (1px inset #808080)] [r=0 c=3 rs=1 cs=1]
                          RenderText {#text} at (2,2) size 36x17
                            text run at (2,2) width 36: "Type"
                        RenderTableCell {TD} at (418,0) size 73x21 [border: (1px inset #808080)] [r=0 c=4 rs=1 cs=1]
                          RenderText {#text} at (2,2) size 69x17
                            text run at (2,2) width 69: "Comment"
                      RenderTableRow {TR} at (0,21) size 491x21
                        RenderTableCell {TD} at (0,21) size 98x21 [border: (1px inset #808080)] [r=1 c=0 rs=1 cs=1]
                          RenderText {#text} at (2,2) size 94x17
                            text run at (2,2) width 94: "HAO,SCOTT"
                        RenderTableCell {TD} at (98,21) size 37x21 [border: (1px inset #808080)] [r=1 c=1 rs=1 cs=1]
                          RenderText {#text} at (2,2) size 28x17
                            text run at (2,2) width 28: "13F"
                        RenderTableCell {TD} at (135,21) size 78x21 [border: (1px inset #808080)] [r=1 c=2 rs=1 cs=1]
                          RenderText {#text} at (2,2) size 74x17
                            text run at (2,2) width 74: "confirmed "
                        RenderTableCell {TD} at (213,21) size 205x21 [border: (1px inset #808080)] [r=1 c=3 rs=1 cs=1]
                          RenderText {#text} at (2,2) size 201x17
                            text run at (2,2) width 201: "Non-Smoking, Window Seat"
                        RenderTableCell {TD} at (418,21) size 73x21 [border: (1px inset #808080)] [r=1 c=4 rs=1 cs=1]
                          RenderText {#text} at (2,2) size 4x17
                            text run at (2,2) width 4: " "
                RenderBlock (anonymous) at (1,164) size 493x17
                  RenderInline {SPACE} at (0,0) size 0x17
                    RenderInline {SPACE} at (0,0) size 0x17
                      RenderBR {BR} at (0,0) size 0x17
      RenderBlock (anonymous) at (0,770) size 769x0
        RenderInline {SPAN} at (0,0) size 0x0
          RenderInline {SPAN} at (0,0) size 0x0
            RenderInline {SPAN} at (0,0) size 0x0
              RenderInline {SPAN} at (0,0) size 0x0
              RenderText {#text} at (0,0) size 0x0
      RenderBlock (anonymous) at (0,777) size 769x3
        RenderBlock {HR} at (0,0) size 769x2 [border: (1px inset #000000)]
      RenderBlock (anonymous) at (0,786) size 769x0
        RenderInline {SPAN} at (0,0) size 0x0
          RenderInline {SPAN} at (0,0) size 0x0
            RenderInline {SPAN} at (0,0) size 0x0
              RenderInline {SPAN} at (0,0) size 0x0
                RenderText {#text} at (0,0) size 0x0
      RenderBlock (anonymous) at (0,786) size 769x109
        RenderTable {TABLE} at (0,0) size 618x108
          RenderTableSection {TBODY} at (0,0) size 618x108
            RenderTableRow {TR} at (0,2) size 618x104
              RenderTableCell {TD} at (2,53) size 2x2 [r=0 c=0 rs=1 cs=1]
              RenderTableCell {TD} at (6,2) size 2x2 [r=0 c=1 rs=1 cs=1]
              RenderTableCell {TD} at (10,42) size 94x24 [r=0 c=2 rs=1 cs=1]
                RenderImage {IMG} at (1,1) size 92x21
                RenderText {#text} at (0,0) size 0x0
              RenderTableCell {TD} at (106,2) size 510x104 [r=0 c=3 rs=1 cs=1]
                RenderText {#text} at (1,1) size 24x17
                  text run at (1,1) width 24: "Air "
                RenderBR {BR} at (0,0) size 0x0
                RenderText {#text} at (1,18) size 508x17
                  text run at (1,18) width 90: "UNKNOWN "
                  text run at (91,18) width 75: "Flight 123 "
                  text run at (166,18) width 121: "Booking Code:Y "
                  text run at (287,18) width 222: "Date: Tuesday, March 25, 2003"
                RenderBR {BR} at (509,32) size 0x0
                RenderText {#text} at (1,35) size 388x17
                  text run at (1,35) width 388: "From: San Francisco Intl Arpt, San Francisco CA - U.S."
                RenderBR {BR} at (389,49) size 0x0
                RenderText {#text} at (1,52) size 370x17
                  text run at (1,52) width 27: "To: "
                  text run at (28,52) width 343: "San Francisco Intl Arpt, San Francisco CA - U.S."
                RenderBR {BR} at (371,66) size 0x0
                RenderText {#text} at (1,69) size 170x17
                  text run at (1,69) width 90: "Departs: n/a "
                  text run at (91,69) width 80: "Arrives: n/a"
                RenderBR {BR} at (171,83) size 0x0
                RenderText {#text} at (1,86) size 49x17
                  text run at (1,86) width 49: "Status:"
                RenderInline {SPACE} at (0,0) size 195x17
                  RenderText {#text} at (50,86) size 191x17
                    text run at (50,86) width 191: " requested, await response"
                  RenderInline {SPACE} at (0,0) size 4x17
                    RenderText {#text} at (241,86) size 4x17
                      text run at (241,86) width 4: " "
                    RenderBR {BR} at (245,100) size 0x0
      RenderBlock (anonymous) at (0,894) size 769x0
        RenderInline {SPAN} at (0,0) size 0x0
          RenderInline {SPAN} at (0,0) size 0x0
            RenderInline {SPAN} at (0,0) size 0x0
              RenderInline {SPAN} at (0,0) size 0x0
              RenderText {#text} at (0,0) size 0x0
      RenderBlock (anonymous) at (0,900) size 769x3
        RenderBlock {HR} at (0,0) size 769x2 [border: (1px inset #000000)]
      RenderBlock (anonymous) at (0,909) size 769x51
        RenderInline {SPAN} at (0,0) size 196x48
          RenderInline {SPAN} at (0,0) size 0x0
            RenderInline {SPAN} at (0,0) size 0x0
            RenderText {#text} at (0,0) size 0x0
          RenderText {#text} at (0,0) size 0x0
          RenderInline {SPAN} at (0,0) size 97x17
            RenderText {#text} at (0,0) size 0x0
            RenderImage {IMG} at (0,0) size 20x20
            RenderText {#text} at (20,0) size 77x17
              text run at (20,0) width 4: " "
              text run at (24,0) width 73: "Remarks:"
            RenderBR {BR} at (97,14) size 0x0
          RenderText {#text} at (0,0) size 0x0
          RenderBR {BR} at (0,20) size 0x15
          RenderInline {SPAN} at (0,0) size 196x15
            RenderText {#text} at (0,35) size 196x15
              text run at (0,35) width 126: "SERVICE FEE MCO "
              text run at (126,35) width 70: "8103220490"
            RenderBR {BR} at (196,47) size 0x0
          RenderText {#text} at (0,0) size 0x0
      RenderBlock (anonymous) at (0,966) size 769x3
        RenderBlock {HR} at (0,0) size 769x2 [border: (1px inset #000000)]
      RenderBlock (anonymous) at (0,974) size 769x22
        RenderInline {SPAN} at (0,0) size 186x15
          RenderInline {SPAN} at (0,0) size 186x17
            RenderText {#text} at (0,0) size 0x0
            RenderImage {IMG} at (0,0) size 66x21
            RenderText {#text} at (66,1) size 4x17
              text run at (66,1) width 4: " "
            RenderInline {B} at (0,0) size 112x17
              RenderText {#text} at (70,1) size 112x17
                text run at (70,1) width 112: "Web Bookings"
            RenderText {#text} at (182,1) size 4x17
              text run at (182,1) width 4: " "
            RenderInline {SPAN} at (0,0) size 0x17
              RenderBR {BR} at (186,15) size 0x0
              RenderInline {SPAN} at (0,0) size 0x0
            RenderText {#text} at (0,0) size 0x0
          RenderText {#text} at (0,0) size 0x0
      RenderBlock (anonymous) at (0,1002) size 769x3
        RenderBlock {HR} at (0,0) size 769x2 [border: (1px inset #000000)]
      RenderBlock (anonymous) at (0,1011) size 769x21
        RenderInline {SPAN} at (0,0) size 277x15
          RenderInline {SPAN} at (0,0) size 277x15
            RenderText {#text} at (0,0) size 0x0
            RenderInline {SPAN} at (0,0) size 277x17
              RenderText {#text} at (0,0) size 0x0
              RenderImage {IMG} at (0,0) size 20x20
              RenderText {#text} at (20,0) size 257x17
                text run at (20,0) width 4: " "
                text run at (24,0) width 253: "Remarks and Service Information"
              RenderBR {BR} at (277,14) size 0x0
            RenderText {#text} at (0,0) size 0x0
            RenderText {#text} at (0,0) size 0x0
      RenderBlock (anonymous) at (0,1037) size 769x32
        RenderBlock {HR} at (0,0) size 769x2 [border: (1px inset #000000)]
        RenderBlock {P} at (0,15) size 769x16
          RenderText {#text} at (0,0) size 204x15
            text run at (0,0) width 204: "This itinerary is subject to change. "
          RenderInline {A} at (0,0) size 163x15 [color=#0000EE]
            RenderText {#text} at (204,0) size 163x15
              text run at (204,0) width 163: "Click here for latest updates"
          RenderText {#text} at (0,0) size 0x0
      RenderBlock (anonymous) at (0,1081) size 769x0
        RenderInline {SPAN} at (0,0) size 0x0
          RenderInline {SPAN} at (0,0) size 0x0
          RenderText {#text} at (0,0) size 0x0
layer at (23,42) size 104x15
  RenderInline (relative positioned) {SPAN} at (0,0) size 104x15
    RenderText {#text} at (0,0) size 0x0
    RenderInline {SPAN} at (0,0) size 104x15
      RenderText {#text} at (0,0) size 0x0
      RenderImage {IMG} at (0,21) size 20x20
      RenderText {#text} at (20,29) size 4x15
        text run at (20,29) width 4: " "
      RenderInline {SPAN} at (0,0) size 80x15
        RenderText {#text} at (24,29) size 80x15
          text run at (24,29) width 80: "HAO, SCOTT"
        RenderBR {BR} at (104,41) size 0x0
        RenderText {#text} at (0,0) size 0x0
      RenderText {#text} at (0,0) size 0x0
    RenderText {#text} at (0,0) size 0x0
layer at (23,102) size 592x38
  RenderInline (relative positioned) {SPAN} at (0,0) size 592x38
    RenderText {#text} at (0,0) size 0x0
    RenderImage {IMG} at (0,21) size 20x20
    RenderText {#text} at (20,29) size 572x15
      text run at (20,29) width 4: " "
      text run at (24,29) width 56: "Address: "
      text run at (80,29) width 512: "ST. JUDE MEDICAL, 21700 OXNARD ST SUITE 800, WOODLAND HILLS CA Z/91367 "
    RenderBR {BR} at (592,41) size 0x0
    RenderImage {IMG} at (0,44) size 20x20
    RenderText {#text} at (20,52) size 409x15
      text run at (20,52) width 4: " "
      text run at (24,52) width 48: "Deliver: "
      text run at (72,52) width 104: "DEBI STANGEL, "
      text run at (176,52) width 117: "119 GLEN COURT, "
      text run at (293,52) width 136: "DANVILLE CA Z/94526"
layer at (23,184) size 20x15
  RenderInline (relative positioned) {SPAN} at (0,0) size 20x15
    RenderText {#text} at (0,0) size 0x0
    RenderImage {IMG} at (0,21) size 20x20
    RenderText {#text} at (0,0) size 0x0
layer at (23,225) size 769x58
  RenderBlock (anonymous) at (0,216) size 769x59
layer at (43,210) size 529x58
  RenderTable {TABLE} at (0,0) size 529x58 [border: (1px outset #808080)]
    RenderTableSection {TBODY} at (1,1) size 527x56
      RenderTableRow {TR} at (0,2) size 527x21 [bgcolor=#E0E0E0]
        RenderTableCell {TD} at (2,2) size 95x21 [border: (1px inset #808080)] [r=0 c=0 rs=1 cs=1]
          RenderText {#text} at (2,2) size 36x17
            text run at (2,2) width 36: "Type"
        RenderTableCell {TD} at (99,2) size 45x21 [border: (1px inset #808080)] [r=0 c=1 rs=1 cs=1]
          RenderText {#text} at (2,2) size 28x17
            text run at (2,2) width 28: "City"
        RenderTableCell {TD} at (146,2) size 379x21 [border: (1px inset #808080)] [r=0 c=2 rs=1 cs=1]
          RenderText {#text} at (2,2) size 47x17
            text run at (2,2) width 47: "Phone"
      RenderTableRow {TR} at (0,25) size 527x0
      RenderTableRow {TR} at (0,27) size 527x21
        RenderTableCell {TD} at (2,27) size 95x21 [border: (1px inset #808080)] [r=2 c=0 rs=1 cs=1]
          RenderText {#text} at (2,2) size 91x17
            text run at (2,2) width 91: "Travel Agent"
        RenderTableCell {TD} at (99,27) size 45x21 [border: (1px inset #808080)] [r=2 c=1 rs=1 cs=1]
          RenderText {#text} at (2,2) size 41x17
            text run at (2,2) width 41: "(LAX)"
        RenderTableCell {TD} at (146,27) size 379x21 [border: (1px inset #808080)] [r=2 c=2 rs=1 cs=1]
          RenderText {#text} at (2,2) size 375x17
            text run at (2,2) width 375: "RQ0/818 990-4053-PLAZA TRAVEL - 05838276-RC"
      RenderTableRow {TR} at (0,50) size 527x0
      RenderTableRow {TR} at (0,52) size 527x0
      RenderTableRow {TR} at (0,54) size 527x0
