layer at (0,0) size 800x600
  RenderView at (0,0) size 800x600
layer at (0,0) size 800x600
  RenderBlock {HTML} at (0,0) size 800x600
    RenderBody {BODY} at (8,8) size 784x584
      RenderBlock (anonymous) at (0,0) size 784x68
        RenderText {#text} at (0,0) size 741x34
          text run at (0,0) width 741: "It should never be the case that deleting a tbody causes a rebuild of the cell map since cells cannot span out of tbodies."
          text run at (0,17) width 150: "However, this is a bug. "
        RenderBR {BR} at (150,31) size 0x0
        RenderBR {BR} at (0,34) size 0x17
        RenderText {#text} at (0,51) size 214x17
          text run at (0,51) width 214: "The 2 tables should look the same"
      RenderTable {TABLE} at (0,68) size 62x50 [bgcolor=#FFA500] [border: (1px outset #808080)]
        RenderTableSection {TBODY} at (1,1) size 60x48
          RenderTableRow {TR} at (0,2) size 60x21
            RenderTableCell {TD} at (2,2) size 27x21 [border: (1px inset #808080)] [r=0 c=0 rs=1 cs=1]
              RenderText {#text} at (2,2) size 23x17
                text run at (2,2) width 23: "c31"
            RenderTableCell {TD} at (31,2) size 27x21 [border: (1px inset #808080)] [r=0 c=1 rs=1 cs=1]
              RenderText {#text} at (2,2) size 23x17
                text run at (2,2) width 23: "c32"
          RenderTableRow {TR} at (0,25) size 60x21
            RenderTableCell {TD} at (2,25) size 27x21 [border: (1px inset #808080)] [r=1 c=0 rs=1 cs=1]
              RenderText {#text} at (2,2) size 23x17
                text run at (2,2) width 23: "c41"
            RenderTableCell {TD} at (31,25) size 27x21 [border: (1px inset #808080)] [r=1 c=1 rs=1 cs=1]
              RenderText {#text} at (2,2) size 23x17
                text run at (2,2) width 23: "c42"
      RenderBlock (anonymous) at (0,118) size 784x17
        RenderBR {BR} at (0,0) size 0x17
      RenderTable {TABLE} at (0,135) size 62x50 [bgcolor=#FFA500] [border: (1px outset #808080)]
        RenderTableSection {TBODY} at (1,1) size 60x48
          RenderTableRow {TR} at (0,2) size 60x21
            RenderTableCell {TD} at (2,2) size 27x21 [border: (1px inset #808080)] [r=0 c=0 rs=1 cs=1]
              RenderText {#text} at (2,2) size 23x17
                text run at (2,2) width 23: "c31"
            RenderTableCell {TD} at (31,2) size 27x21 [border: (1px inset #808080)] [r=0 c=1 rs=1 cs=1]
              RenderText {#text} at (2,2) size 23x17
                text run at (2,2) width 23: "c32"
          RenderTableRow {TR} at (0,25) size 60x21
            RenderTableCell {TD} at (2,25) size 27x21 [border: (1px inset #808080)] [r=1 c=0 rs=1 cs=1]
              RenderText {#text} at (2,2) size 23x17
                text run at (2,2) width 23: "c41"
            RenderTableCell {TD} at (31,25) size 27x21 [border: (1px inset #808080)] [r=1 c=1 rs=1 cs=1]
              RenderText {#text} at (2,2) size 23x17
                text run at (2,2) width 23: "c42"
      RenderBlock (anonymous) at (0,185) size 784x17
        RenderBR {BR} at (0,0) size 0x17
