layer at (0,0) size 800x600
  RenderView at (0,0) size 800x600
layer at (0,0) size 800x600
  RenderBlock {HTML} at (0,0) size 800x600
    RenderBody {BODY} at (8,8) size 784x584
      RenderBlock {P} at (0,0) size 784x34
        RenderText {#text} at (0,0) size 779x34
          text run at (0,0) width 414: "This tests deleting a selection that ends inside an empty table cell. "
          text run at (414,0) width 365: "No merging should happen, only editable selected content"
          text run at (0,17) width 124: "should be removed."
      RenderBlock {DIV} at (0,50) size 784x54
        RenderTable {TABLE} at (0,0) size 16x27 [border: (1px outset #808080)]
          RenderTableSection {TBODY} at (1,1) size 14x25
            RenderTableRow {TR} at (0,2) size 14x21
              RenderTableCell {TD} at (2,10) size 4x5 [border: (1px inset #808080)] [r=0 c=0 rs=1 cs=1]
              RenderTableCell {TD} at (8,2) size 4x21 [border: (1px inset #808080)] [r=0 c=1 rs=1 cs=1]
                RenderBR {BR} at (2,2) size 0x17
        RenderTable {TABLE} at (0,27) size 351x27 [border: (1px outset #808080)]
          RenderTableSection {TBODY} at (1,1) size 349x25
            RenderTableRow {TR} at (0,2) size 349x21
              RenderTableCell {TD} at (2,10) size 4x5 [border: (1px inset #808080)] [r=0 c=0 rs=1 cs=1]
              RenderTableCell {TD} at (8,2) size 339x21 [border: (1px inset #808080)] [r=0 c=1 rs=1 cs=1]
                RenderText {#text} at (2,2) size 335x17
                  text run at (2,2) width 335: "There should be one empty cell to the left of this one."
caret: position 0 of child 0 {BR} of child 3 {TD} of child 0 {TR} of child 0 {TBODY} of child 1 {TABLE} of child 3 {DIV} of body
