EDITING DELEGATE: shouldBeginEditingInDOMRange:range from 0 of DIV > BODY > HTML > #document to 1 of DIV > BODY > HTML > #document
EDITING DELEGATE: webViewDidBeginEditing:WebViewDidBeginEditingNotification
EDITING DELEGATE: webViewDidChangeSelection:WebViewDidChangeSelectionNotification
EDITING DELEGATE: shouldChangeSelectedDOMRange:range from 0 of UL > DIV > BODY > HTML > #document to 0 of UL > DIV > BODY > HTML > #document toDOMRange:range from 0 of DIV > DIV > BODY > HTML > #document to 0 of DIV > DIV > BODY > HTML > #document affinity:NSSelectionAffinityDownstream stillSelecting:FALSE
EDITING DELEGATE: webViewDidChangeSelection:WebViewDidChangeSelectionNotification
EDITING DELEGATE: webViewDidChange:WebViewDidChangeNotification
EDITING DELEGATE: shouldChangeSelectedDOMRange:range from 3 of #text > B > DIV > DIV > BODY > HTML > #document to 3 of #text > B > DIV > DIV > BODY > HTML > #document toDOMRange:range from 3 of #text > B > DIV > DIV > BODY > HTML > #document to 3 of #text > B > DIV > DIV > BODY > HTML > #document affinity:NSSelectionAffinityDownstream stillSelecting:FALSE
EDITING DELEGATE: webViewDidChangeSelection:WebViewDidChangeSelectionNotification
EDITING DELEGATE: webViewDidChange:WebViewDidChangeNotification
layer at (0,0) size 800x600
  RenderView at (0,0) size 800x600
layer at (0,0) size 800x600
  RenderBlock {HTML} at (0,0) size 800x600
    RenderBody {BODY} at (8,8) size 784x576
      RenderBlock {P} at (0,0) size 784x34
        RenderText {#text} at (0,0) size 768x34
          text run at (0,0) width 768: "This tests deletion when the caret is in an empty list item at the beginning of the document. It also makes sure that the style"
          text run at (0,17) width 232: "inside the empty list item is retained. "
          text run at (232,17) width 105: "You should see '"
        RenderInline {B} at (0,0) size 21x17
          RenderText {#text} at (337,17) size 21x17
            text run at (337,17) width 21: "foo"
        RenderText {#text} at (358,17) size 251x17
          text run at (358,17) width 251: "' followed by a list item containing 'bar'."
      RenderBlock {DIV} at (0,50) size 784x50
        RenderBlock {DIV} at (0,0) size 784x17
          RenderInline {B} at (0,0) size 21x17
            RenderText {#text} at (0,0) size 21x17
              text run at (0,0) width 21: "foo"
        RenderBlock {UL} at (0,33) size 784x17
          RenderListItem {LI} at (40,0) size 744x17
            RenderListMarker at (-17,0) size 7x17: bullet
            RenderText {#text} at (0,0) size 20x17
              text run at (0,0) width 20: "bar"
caret: position 3 of child 0 {#text} of child 0 {B} of child 0 {DIV} of child 2 {DIV} of body
