EDITING DELEGATE: shouldBeginEditingInDOMRange:range from 0 of DIV > BODY > HTML > #document to 3 of DIV > BODY > HTML > #document
EDITING DELEGATE: webViewDidBeginEditing:WebViewDidBeginEditingNotification
EDITING DELEGATE: webViewDidChangeSelection:WebViewDidChangeSelectionNotification
EDITING DELEGATE: webViewDidChangeSelection:WebViewDidChangeSelectionNotification
EDITING DELEGATE: webViewDidChangeSelection:WebViewDidChangeSelectionNotification
EDITING DELEGATE: webViewDidChangeSelection:WebViewDidChangeSelectionNotification
EDITING DELEGATE: webViewDidChangeSelection:WebViewDidChangeSelectionNotification
EDITING DELEGATE: webViewDidChangeSelection:WebViewDidChangeSelectionNotification
EDITING DELEGATE: webViewDidChangeSelection:WebViewDidChangeSelectionNotification
EDITING DELEGATE: webViewDidChangeSelection:WebViewDidChangeSelectionNotification
EDITING DELEGATE: shouldDeleteDOMRange:range from 2 of #text > P > DIV > DIV > BODY > HTML > #document to 4 of #text > P > DIV > DIV > BODY > HTML > #document
EDITING DELEGATE: webViewDidChangeSelection:WebViewDidChangeSelectionNotification
EDITING DELEGATE: webViewDidChangeSelection:WebViewDidChangeSelectionNotification
EDITING DELEGATE: webViewDidChange:WebViewDidChangeNotification
layer at (0,0) size 800x600
  RenderView at (0,0) size 800x600
layer at (0,0) size 800x600
  RenderBlock {HTML} at (0,0) size 800x600
    RenderBody {BODY} at (8,8) size 784x584
      RenderBlock {DIV} at (0,0) size 784x226 [border: (2px solid #0000FF)]
        RenderBlock {DIV} at (14,14) size 756x78
          RenderText {#text} at (0,0) size 67x26
            text run at (0,0) width 67: "Tests: "
          RenderBR {BR} at (0,0) size 0x0
          RenderText {#text} at (0,26) size 690x52
            text run at (0,26) width 690: "Deleting when a selection starts in the middle of the last paragraph and"
            text run at (0,52) width 348: "extends to the end of that paragraph"
        RenderBlock {DIV} at (14,108) size 756x104
          RenderText {#text} at (0,0) size 189x26
            text run at (0,0) width 189: "Expected Results: "
          RenderBR {BR} at (189,21) size 0x0
          RenderText {#text} at (0,26) size 738x78
            text run at (0,26) width 738: "Should see the four lines in the red box. First line should be \"one\". Next one"
            text run at (0,52) width 167: "should be \"two\". "
            text run at (167,52) width 508: "Next one should be \"three\". Last one should be \"fo\"."
            text run at (0,78) width 668: "Insertion point should be blinking at the start of the fourth (last) line."
      RenderBlock {DIV} at (0,250) size 784x108
        RenderBlock {DIV} at (0,0) size 784x108 [border: (2px solid #FF0000)]
          RenderBlock (anonymous) at (2,2) size 780x26
            RenderText {#text} at (0,0) size 35x26
              text run at (0,0) width 35: "one"
          RenderBlock {P} at (2,28) size 780x26
            RenderText {#text} at (0,0) size 36x26
              text run at (0,0) width 36: "two"
          RenderBlock {P} at (2,54) size 780x26
            RenderText {#text} at (0,0) size 49x26
              text run at (0,0) width 49: "three"
          RenderBlock {P} at (2,80) size 780x26
            RenderText {#text} at (0,0) size 20x26
              text run at (0,0) width 20: "fo"
caret: position 2 of child 0 {#text} of child 5 {P} of child 1 {DIV} of child 3 {DIV} of body
