layer at (0,0) size 800x600
  RenderView at (0,0) size 800x600
layer at (0,0) size 800x144
  RenderBlock {HTML} at (0,0) size 800x144
    RenderBody {BODY} at (8,8) size 784x128
      RenderBlock {DIV} at (0,0) size 784x105 [border: (3px solid #FF0000)]
        RenderBlock (anonymous) at (3,3) size 778x17
          RenderText {#text} at (0,0) size 134x17
            text run at (0,0) width 134: "Destination container"
        RenderBlock {P} at (3,36) size 778x17
          RenderText {#text} at (0,0) size 23x17
            text run at (0,0) width 23: "one"
        RenderBlock {P} at (3,69) size 778x17
          RenderText {#text} at (0,0) size 24x17
            text run at (0,0) width 24: "two"
      RenderBlock {DIV} at (0,105) size 784x23 [border: (3px solid #0000FF)]
        RenderText {#text} at (3,3) size 106x17
          text run at (3,3) width 106: "Source container"
