layer at (0,0) size 800x600
  RenderView at (0,0) size 800x600
layer at (0,0) size 800x600
  RenderBlock {HTML} at (0,0) size 800x600
    RenderBody {BODY} at (8,8) size 784x576
      RenderBlock {DIV} at (0,0) size 784x34
        RenderText {#text} at (0,0) size 775x34
          text run at (0,0) width 775: "When your cursor is after an empty blockquote, hitting delete should bring the cursor (and the content following the cursor)"
          text run at (0,17) width 422: "back into the blockquote, instead of deleting the empty blockquote."
      RenderBlock {DIV} at (0,50) size 784x17
        RenderBlock {BLOCKQUOTE} at (0,0) size 744x17 [color=#0000FF] [border: none (2px solid #0000FF)]
          RenderText {#text} at (12,0) size 140x17
            text run at (12,0) width 140: "This should be quoted"
        RenderBlock (anonymous) at (0,33) size 784x0
caret: position 0 of child 0 {#text} of child 0 {BLOCKQUOTE} of child 3 {DIV} of body
