layer at (0,0) size 785x768
  RenderView at (0,0) size 785x600
layer at (0,0) size 785x768
  RenderBlock {HTML} at (0,0) size 785x768
    RenderBody {BODY} at (8,8) size 769x752 [bgcolor=#CCCCCC]
      RenderBlock {P} at (0,0) size 769x17
        RenderText {#text} at (0,0) size 355x17
          text run at (0,0) width 355: "The style declarations which apply to the text below are:"
      RenderBlock {PRE} at (0,33) size 769x165
        RenderText {#text} at (0,0) size 576x165
          text run at (0,0) width 576: "<LINK rel=\"stylesheet\" type=\"text/css\" HREF=\"../resources/linktest.css\">"
          text run at (0,15) width 152: "LI {color: purple;}"
          text run at (0,30) width 160: "UL LI {color: blue;}"
          text run at (0,45) width 184: "UL LI LI {color: gray;}"
          text run at (0,60) width 176: "LI.red {color: green;}"
          text run at (0,75) width 216: "UL LI.mar {color: #660000;}"
          text run at (0,90) width 200: "UL LI#gre {color: green;}"
          text run at (0,105) width 160: ".test {color: blue;}"
          text run at (0,120) width 176: ".test {color: purple;}"
          text run at (0,135) width 296: ".one {text-decoration: line-through;}"
          text run at (0,150) width 0: " "
      RenderBlock {HR} at (0,211) size 769x2 [border: (1px inset #000000)]
      RenderBlock {UL} at (0,229) size 769x136
        RenderListItem {LI} at (40,0) size 729x17 [color=#0000FF]
          RenderListMarker at (-17,0) size 7x17: bullet
          RenderText {#text} at (0,0) size 189x17
            text run at (0,0) width 189: "This list item should be blue..."
        RenderListItem {LI} at (40,17) size 729x68 [color=#0000FF]
          RenderBlock (anonymous) at (0,0) size 729x17
            RenderListMarker at (-17,0) size 7x17: bullet
            RenderText {#text} at (0,0) size 289x17
              text run at (0,0) width 289: "...and so should this; neither should be purple."
          RenderBlock {UL} at (0,17) size 729x51
            RenderListItem {LI} at (40,0) size 689x17 [color=#808080]
              RenderListMarker at (-17,0) size 7x17: white bullet
              RenderText {#text} at (0,0) size 190x17
                text run at (0,0) width 190: "This list item should be gray..."
            RenderListItem {LI} at (40,17) size 689x17 [color=#808080]
              RenderListMarker at (-17,0) size 7x17: white bullet
              RenderText {#text} at (0,0) size 113x17
                text run at (0,0) width 113: "...as should this...."
            RenderListItem {LI} at (40,34) size 689x17 [color=#008000]
              RenderListMarker at (-17,0) size 7x17: white bullet
              RenderText {#text} at (0,0) size 193x17
                text run at (0,0) width 193: "...but this one should be green."
        RenderListItem {LI} at (40,85) size 729x17 [color=#660000]
          RenderListMarker at (-17,0) size 7x17: bullet
          RenderText {#text} at (0,0) size 171x17
            text run at (0,0) width 171: "This ought to be dark red..."
        RenderListItem {LI} at (40,102) size 729x17 [color=#008000]
          RenderListMarker at (-17,0) size 7x17: bullet
          RenderText {#text} at (0,0) size 85x17
            text run at (0,0) width 85: "...this green..."
        RenderListItem {LI} at (40,119) size 729x17 [color=#0000FF]
          RenderListMarker at (-17,0) size 7x17: bullet
          RenderText {#text} at (0,0) size 96x17
            text run at (0,0) width 96: "...and this blue."
      RenderBlock {P} at (0,381) size 769x17 [color=#0000FF]
        RenderText {#text} at (0,0) size 279x17
          text run at (0,0) width 279: "This sentence should be blue (STYLE attr.)."
      RenderBlock {P} at (0,414) size 769x18 [color=#800080]
        RenderText {#text} at (0,0) size 204x17
          text run at (0,0) width 204: "This sentence should be purple ["
        RenderInline {CODE} at (0,0) size 96x15
          RenderText {#text} at (204,3) size 96x15
            text run at (204,3) width 96: "class=\"test\""
        RenderText {#text} at (300,0) size 9x17
          text run at (300,0) width 9: "]."
      RenderBlock {P} at (0,448) size 769x17
        RenderText {#text} at (0,0) size 683x17
          text run at (0,0) width 683: "This text should be stricken (overriding the imported underline; only works if LINKed sheets are supported)."
      RenderTable {TABLE} at (0,481) size 705x271 [border: (1px outset #808080)]
        RenderTableSection {TBODY} at (1,1) size 703x269
          RenderTableRow {TR} at (0,0) size 703x25
            RenderTableCell {TD} at (0,0) size 703x25 [bgcolor=#C0C0C0] [border: (1px inset #808080)] [r=0 c=0 rs=1 cs=2]
              RenderInline {STRONG} at (0,0) size 163x17
                RenderText {#text} at (4,4) size 163x17
                  text run at (4,4) width 163: "TABLE Testing Section"
          RenderTableRow {TR} at (0,25) size 703x244
            RenderTableCell {TD} at (0,134) size 12x26 [bgcolor=#C0C0C0] [border: (1px inset #808080)] [r=1 c=0 rs=1 cs=1]
              RenderText {#text} at (4,4) size 4x18
                text run at (4,5) width 4: " "
            RenderTableCell {TD} at (12,25) size 691x244 [border: (1px inset #808080)] [r=1 c=1 rs=1 cs=1]
              RenderBlock {UL} at (4,4) size 683x136
                RenderListItem {LI} at (40,0) size 643x17 [color=#0000FF]
                  RenderListMarker at (-17,0) size 7x17: bullet
                  RenderText {#text} at (0,0) size 189x17
                    text run at (0,0) width 189: "This list item should be blue..."
                RenderListItem {LI} at (40,17) size 643x68 [color=#0000FF]
                  RenderBlock (anonymous) at (0,0) size 643x17
                    RenderListMarker at (-17,0) size 7x17: bullet
                    RenderText {#text} at (0,0) size 289x17
                      text run at (0,0) width 289: "...and so should this; neither should be purple."
                  RenderBlock {UL} at (0,17) size 643x51
                    RenderListItem {LI} at (40,0) size 603x17 [color=#808080]
                      RenderListMarker at (-17,0) size 7x17: white bullet
                      RenderText {#text} at (0,0) size 190x17
                        text run at (0,0) width 190: "This list item should be gray..."
                    RenderListItem {LI} at (40,17) size 603x17 [color=#808080]
                      RenderListMarker at (-17,0) size 7x17: white bullet
                      RenderText {#text} at (0,0) size 113x17
                        text run at (0,0) width 113: "...as should this...."
                    RenderListItem {LI} at (40,34) size 603x17 [color=#008000]
                      RenderListMarker at (-17,0) size 7x17: white bullet
                      RenderText {#text} at (0,0) size 193x17
                        text run at (0,0) width 193: "...but this one should be green."
                RenderListItem {LI} at (40,85) size 643x17 [color=#660000]
                  RenderListMarker at (-17,0) size 7x17: bullet
                  RenderText {#text} at (0,0) size 171x17
                    text run at (0,0) width 171: "This ought to be dark red..."
                RenderListItem {LI} at (40,102) size 643x17 [color=#008000]
                  RenderListMarker at (-17,0) size 7x17: bullet
                  RenderText {#text} at (0,0) size 85x17
                    text run at (0,0) width 85: "...this green..."
                RenderListItem {LI} at (40,119) size 643x17 [color=#0000FF]
                  RenderListMarker at (-17,0) size 7x17: bullet
                  RenderText {#text} at (0,0) size 96x17
                    text run at (0,0) width 96: "...and this blue."
              RenderBlock {P} at (4,156) size 683x17 [color=#0000FF]
                RenderText {#text} at (0,0) size 279x17
                  text run at (0,0) width 279: "This sentence should be blue (STYLE attr.)."
              RenderBlock {P} at (4,189) size 683x18 [color=#800080]
                RenderText {#text} at (0,0) size 204x17
                  text run at (0,0) width 204: "This sentence should be purple ["
                RenderInline {CODE} at (0,0) size 96x15
                  RenderText {#text} at (204,3) size 96x15
                    text run at (204,3) width 96: "class=\"test\""
                RenderText {#text} at (300,0) size 9x17
                  text run at (300,0) width 9: "]."
              RenderBlock {P} at (4,223) size 683x17
                RenderText {#text} at (0,0) size 683x17
                  text run at (0,0) width 683: "This text should be stricken (overriding the imported underline; only works if LINKed sheets are supported)."
