layer at (0,0) size 800x600
  RenderView at (0,0) size 800x600
layer at (0,0) size 800x425
  RenderBlock {HTML} at (0,0) size 800x425
    RenderBody {BODY} at (8,8) size 784x409
      RenderBlock {DIV} at (0,0) size 400x409
        RenderBlock {DIV} at (0,0) size 400x34
          RenderText {#text} at (0,0) size 364x34
            text run at (0,0) width 364: "There should be no vertical space between the two blocks"
            text run at (0,17) width 43: "below."
        RenderBlock (floating) {DIV} at (0,34) size 100x100 [bgcolor=#008000]
        RenderImage {IMG} at (0,134) size 395x275 [bgcolor=#FFFF00]
