layer at (0,0) size 800x600
  RenderView at (0,0) size 800x600
layer at (0,0) size 800x600
  RenderBlock {HTML} at (0,0) size 800x600
    RenderBody {BODY} at (8,8) size 784x584
      RenderBlock {P} at (0,0) size 784x17
        RenderText {#text} at (0,0) size 355x17
          text run at (0,0) width 355: "The style declarations which apply to the text below are:"
      RenderBlock {PRE} at (0,33) size 784x60
        RenderText {#text} at (0,0) size 648x60
          text run at (0,0) width 648: "<LINK rel=\"stylesheet\" type=\"text/css\" media=\"screen\" href=\"../resources/bg.gif\">"
          text run at (0,15) width 296: "@import url(../resources/sec642.css);"
          text run at (0,30) width 352: "BODY {background: url(../resources/bg.gif);}"
          text run at (0,45) width 0: " "
      RenderBlock {HR} at (0,106) size 784x2 [border: (1px inset #000000)]
      RenderBlock {P} at (0,124) size 784x17
        RenderText {#text} at (0,0) size 386x17
          text run at (0,0) width 386: "This page should have a green grid pattern as its background."
      RenderBlock {P} at (0,157) size 784x51 [bgcolor=#FFFFFF]
        RenderText {#text} at (0,0) size 779x51
          text run at (0,0) width 620: "This paragraph should have a white background, but NO image should appear in the background. "
          text run at (620,0) width 159: "If an image, in this case a"
          text run at (0,17) width 756: "red square-- or, indeed, any red at all-- is seen there, then the browser has incorrectly interpreted a URL in relation to the"
          text run at (0,34) width 274: "document's URL, not the stylesheet's URL."
      RenderBlock {P} at (0,224) size 784x51 [bgcolor=#FFFFFF]
        RenderText {#text} at (0,0) size 779x51
          text run at (0,0) width 620: "This paragraph should have a white background, but NO image should appear in the background. "
          text run at (620,0) width 159: "If an image, in this case a"
          text run at (0,17) width 756: "red square-- or, indeed, any red at all-- is seen there, then the browser has incorrectly interpreted a URL in relation to the"
          text run at (0,34) width 274: "document's URL, not the stylesheet's URL."
      RenderTable {TABLE} at (0,291) size 784x186 [border: (1px outset #808080)]
        RenderTableSection {TBODY} at (1,1) size 782x184
          RenderTableRow {TR} at (0,0) size 782x25
            RenderTableCell {TD} at (0,0) size 782x25 [bgcolor=#C0C0C0] [border: (1px inset #808080)] [r=0 c=0 rs=1 cs=2]
              RenderInline {STRONG} at (0,0) size 163x17
                RenderText {#text} at (4,4) size 163x17
                  text run at (4,4) width 163: "TABLE Testing Section"
          RenderTableRow {TR} at (0,25) size 782x159
            RenderTableCell {TD} at (0,92) size 12x25 [bgcolor=#C0C0C0] [border: (1px inset #808080)] [r=1 c=0 rs=1 cs=1]
              RenderText {#text} at (4,4) size 4x17
                text run at (4,4) width 4: " "
            RenderTableCell {TD} at (12,25) size 770x159 [border: (1px inset #808080)] [r=1 c=1 rs=1 cs=1]
              RenderBlock {P} at (4,4) size 762x17
                RenderText {#text} at (0,0) size 386x17
                  text run at (0,0) width 386: "This page should have a green grid pattern as its background."
              RenderBlock {P} at (4,37) size 762x51 [bgcolor=#FFFFFF]
                RenderText {#text} at (0,0) size 759x51
                  text run at (0,0) width 620: "This paragraph should have a white background, but NO image should appear in the background. "
                  text run at (620,0) width 117: "If an image, in this"
                  text run at (0,17) width 759: "case a red square-- or, indeed, any red at all-- is seen there, then the browser has incorrectly interpreted a URL in relation"
                  text run at (0,34) width 313: "to the document's URL, not the stylesheet's URL."
              RenderBlock {P} at (4,104) size 762x51 [bgcolor=#FFFFFF]
                RenderText {#text} at (0,0) size 759x51
                  text run at (0,0) width 620: "This paragraph should have a white background, but NO image should appear in the background. "
                  text run at (620,0) width 117: "If an image, in this"
                  text run at (0,17) width 759: "case a red square-- or, indeed, any red at all-- is seen there, then the browser has incorrectly interpreted a URL in relation"
                  text run at (0,34) width 313: "to the document's URL, not the stylesheet's URL."
