layer at (0,0) size 800x600
  RenderView at (0,0) size 800x600
layer at (0,0) size 800x152
  RenderBlock {HTML} at (0,0) size 800x152
    RenderBody {BODY} at (8,16) size 784x120
      RenderTable {TABLE} at (16,0) size 88x58 [border: (3px solid #FF0000)]
        RenderTableSection {TBODY} at (3,3) size 82x52
          RenderTableRow {TR} at (0,2) size 82x48
            RenderTableCell {TD} at (2,2) size 78x48 [r=0 c=0 rs=1 cs=1]
              RenderTable {TABLE} at (1,1) size 73x23 [color=#FFFFFF] [bgcolor=#800080]
                RenderTableSection {TBODY} at (0,0) size 73x23
                  RenderTableRow {TR} at (0,2) size 73x19
                    RenderTableCell {TD} at (2,2) size 69x19 [r=0 c=0 rs=1 cs=1]
                      RenderText {#text} at (1,1) size 67x17
                        text run at (1,1) width 67: "Table One"
              RenderTable {TABLE} at (1,24) size 76x23 [color=#FFFFFF] [bgcolor=#800080]
                RenderTableSection {TBODY} at (0,0) size 76x23
                  RenderTableRow {TR} at (0,2) size 76x19
                    RenderTableCell {TD} at (2,2) size 72x19 [r=0 c=0 rs=1 cs=1]
                      RenderText {#text} at (1,1) size 70x17
                        text run at (1,1) width 70: "Table Two"
      RenderTable {TABLE} at (16,74) size 70x46 [border: (3px solid #FF0000)]
        RenderTableSection {TBODY} at (3,3) size 64x40
          RenderTableRow {TR} at (0,2) size 64x36
            RenderTableCell {TD} at (2,2) size 60x36 [r=0 c=0 rs=1 cs=1]
              RenderBlock {DIV} at (1,1) size 58x17 [color=#FFFFFF] [bgcolor=#800080]
                RenderText {#text} at (0,0) size 55x17
                  text run at (0,0) width 55: "Div One"
              RenderBlock {DIV} at (1,18) size 58x17 [color=#FFFFFF] [bgcolor=#800080]
                RenderText {#text} at (0,0) size 58x17
                  text run at (0,0) width 58: "Div Two"
