layer at (0,0) size 800x600
  RenderView at (0,0) size 800x600
layer at (0,0) size 800x600
  RenderBlock {HTML} at (0,0) size 800x600
    RenderBody {BODY} at (8,8) size 784x584
      RenderTable {TABLE} at (0,0) size 152x23
        RenderTableSection {TBODY} at (0,0) size 152x23
          RenderTableRow {TR} at (0,2) size 152x19
            RenderTableCell {TH} at (2,2) size 64x19 [r=0 c=0 rs=1 cs=1]
              RenderText {#text} at (1,1) size 62x17
                text run at (1,1) width 62: "Header 1"
            RenderTableCell {TD} at (68,2) size 40x19 [r=0 c=1 rs=1 cs=1]
              RenderText {#text} at (1,1) size 38x17
                text run at (1,1) width 38: "Cell 1"
            RenderTableCell {TD} at (110,2) size 40x19 [r=0 c=2 rs=1 cs=1]
              RenderText {#text} at (1,1) size 38x17
                text run at (1,1) width 38: "Cell 2"
      RenderBlock (anonymous) at (0,23) size 784x51
        RenderText {#text} at (0,0) size 92x17
          text run at (0,0) width 92: "h1 has index 0"
        RenderBR {BR} at (92,14) size 0x0
        RenderText {#text} at (0,17) size 91x17
          text run at (0,17) width 91: "c1 has index 1"
        RenderBR {BR} at (91,31) size 0x0
        RenderText {#text} at (0,34) size 91x17
          text run at (0,34) width 91: "c2 has index 2"
        RenderBR {BR} at (91,48) size 0x0
