layer at (0,0) size 800x600
  RenderView at (0,0) size 800x600
layer at (0,0) size 800x600
  RenderBlock {HTML} at (0,0) size 800x600
    RenderBody {BODY} at (8,8) size 784x584
      RenderBlock {P} at (0,0) size 784x17
        RenderText {#text} at (0,0) size 303x17
          text run at (0,0) width 303: "Both rows should have the same width (725px)."
      RenderTable {TABLE} at (0,33) size 725x34
        RenderTableSection {TBODY} at (0,0) size 725x34
          RenderTableRow {TR} at (0,0) size 725x17
            RenderTableCell {TD} at (0,0) size 90x17 [bgcolor=#7CFC00] [r=0 c=0 rs=1 cs=1]
              RenderText {#text} at (0,0) size 8x17
                text run at (0,0) width 8: "1"
            RenderTableCell {TD} at (90,0) size 90x17 [bgcolor=#008000] [r=0 c=1 rs=1 cs=1]
              RenderText {#text} at (0,0) size 17x17
                text run at (0,0) width 17: "1+"
            RenderTableCell {TD} at (180,0) size 90x17 [bgcolor=#00FFFF] [r=0 c=2 rs=1 cs=1]
              RenderText {#text} at (0,0) size 8x17
                text run at (0,0) width 8: "2"
            RenderTableCell {TD} at (270,0) size 91x17 [bgcolor=#008B8B] [r=0 c=3 rs=1 cs=1]
              RenderText {#text} at (0,0) size 17x17
                text run at (0,0) width 17: "2+"
            RenderTableCell {TD} at (361,0) size 91x17 [bgcolor=#FFFF00] [r=0 c=4 rs=1 cs=1]
              RenderText {#text} at (0,0) size 8x17
                text run at (0,0) width 8: "3"
            RenderTableCell {TD} at (452,0) size 91x17 [bgcolor=#FFD700] [r=0 c=5 rs=1 cs=1]
              RenderText {#text} at (0,0) size 17x17
                text run at (0,0) width 17: "3+"
            RenderTableCell {TD} at (543,0) size 91x17 [bgcolor=#FFA500] [r=0 c=6 rs=1 cs=1]
              RenderText {#text} at (0,0) size 8x17
                text run at (0,0) width 8: "4"
            RenderTableCell {TD} at (634,0) size 91x17 [bgcolor=#FF8C00] [r=0 c=7 rs=1 cs=1]
              RenderText {#text} at (0,0) size 17x17
                text run at (0,0) width 17: "4+"
          RenderTableRow {TR} at (0,17) size 725x17
            RenderTableCell {TD} at (0,17) size 90x17 [r=1 c=0 rs=1 cs=1]
              RenderText {#text} at (0,0) size 4x17
                text run at (0,0) width 4: " "
      RenderTable {TABLE} at (0,67) size 725x17
        RenderTableSection {TBODY} at (0,0) size 725x17
          RenderTableRow {TR} at (0,0) size 725x17
            RenderTableCell {TD} at (0,0) size 181x17 [bgcolor=#7CFC00] [r=0 c=0 rs=1 cs=1]
              RenderText {#text} at (0,0) size 8x17
                text run at (0,0) width 8: "1"
            RenderTableCell {TD} at (181,0) size 181x17 [bgcolor=#00FFFF] [r=0 c=1 rs=1 cs=1]
              RenderText {#text} at (0,0) size 8x17
                text run at (0,0) width 8: "2"
            RenderTableCell {TD} at (362,0) size 181x17 [bgcolor=#FFFF00] [r=0 c=2 rs=1 cs=1]
              RenderText {#text} at (0,0) size 8x17
                text run at (0,0) width 8: "3"
            RenderTableCell {TD} at (543,0) size 182x17 [bgcolor=#FFA500] [r=0 c=3 rs=1 cs=1]
              RenderText {#text} at (0,0) size 8x17
                text run at (0,0) width 8: "4"
      RenderBlock (anonymous) at (0,84) size 784x30
        RenderButton {BUTTON} at (2,2) size 54x26 [bgcolor=#C0C0C0] [border: (2px outset #C0C0C0)]
          RenderBlock (anonymous) at (8,4) size 38x17
            RenderText {#text} at (0,0) size 38x17
              text run at (0,0) width 38: "show"
        RenderText {#text} at (58,6) size 4x17
          text run at (58,6) width 4: " "
        RenderButton {BUTTON} at (64,2) size 47x26 [bgcolor=#C0C0C0] [border: (2px outset #C0C0C0)]
          RenderBlock (anonymous) at (8,4) size 31x17
            RenderText {#text} at (0,0) size 31x17
              text run at (0,0) width 31: "hide"
        RenderText {#text} at (0,0) size 0x0
