layer at (0,0) size 800x600
  RenderView at (0,0) size 800x600
layer at (0,0) size 800x600
  RenderBlock {HTML} at (0,0) size 800x600
    RenderBody {BODY} at (8,8) size 784x584
      RenderBlock {P} at (0,0) size 784x34
        RenderText {#text} at (0,0) size 172x17
          text run at (0,0) width 172: "This is a regression test for "
        RenderInline {I} at (0,0) size 781x34
          RenderInline {A} at (0,0) size 348x17 [color=#0000EE]
            RenderText {#text} at (172,0) size 348x17
              text run at (172,0) width 348: "http://bugzilla.opendarwin.org/show_bug.cgi?id=9652"
          RenderText {#text} at (520,0) size 781x34
            text run at (520,0) width 4: " "
            text run at (524,0) width 257: "Assertion failure when changing an RTL"
            text run at (0,17) width 158: "table cell to display:none"
        RenderText {#text} at (158,17) size 4x17
          text run at (158,17) width 4: "."
      RenderBlock {HR} at (0,50) size 784x2 [border: (1px inset #000000)]
      RenderBlock {P} at (0,68) size 784x17
        RenderText {#text} at (0,0) size 257x17
          text run at (0,0) width 257: "No assertion failure means TEST PASS."
      RenderTable {TABLE} at (0,101) size 50x25 [border: (1px solid #008000)]
        RenderTableSection {TBODY} at (1,1) size 48x23
          RenderTableRow {TR} at (0,2) size 48x19
            RenderTableCell {TD} at (2,2) size 44x19 [r=0 c=0 rs=1 cs=1]
              RenderText {#text} at (1,1) size 42x17
                text run at (1,1) width 42: "Lorem"
