layer at (0,0) size 800x600
  RenderView at (0,0) size 800x600
layer at (0,0) size 800x600
  RenderBlock {HTML} at (0,0) size 800x600
    RenderBody {BODY} at (8,8) size 784x584
      RenderTable {TABLE} at (0,0) size 202x75
        RenderTableSection {TBODY} at (0,0) size 202x75
          RenderTableRow {TR} at (0,2) size 202x71
            RenderTableCell {TD} at (2,2) size 198x71 [r=0 c=0 rs=1 cs=1]
              RenderTable {TABLE} at (1,1) size 196x23
                RenderTableSection {TBODY} at (0,0) size 196x23
                  RenderTableRow {TR} at (0,2) size 196x19
                    RenderTableCell {TD} at (2,2) size 192x19 [r=0 c=0 rs=1 cs=1]
                      RenderText {#text} at (1,1) size 190x17
                        text run at (1,1) width 190: "This should all be on one line."
              RenderTable {TABLE} at (1,24) size 84x46
                RenderTableSection {THEAD} at (0,23) size 84x2
                RenderBlock {CAPTION} at (0,0) size 84x23
                  RenderTable {TABLE} at (14,0) size 56x23
                    RenderTableSection {TBODY} at (0,0) size 56x23
                      RenderTableRow {TR} at (0,2) size 56x19
                        RenderTableCell {TD} at (2,2) size 52x19 [r=0 c=0 rs=1 cs=1]
                          RenderText {#text} at (1,1) size 50x17
                            text run at (1,1) width 50: "Caption"
                RenderTableSection {TBODY} at (0,25) size 84x21
                  RenderTableRow {TR} at (0,0) size 84x19
                    RenderTableCell {TD} at (2,0) size 49x19 [r=0 c=0 rs=1 cs=1]
                      RenderText {#text} at (1,1) size 47x17
                        text run at (1,1) width 47: "Bottom"
                    RenderTableCell {TD} at (53,0) size 29x19 [r=0 c=1 rs=1 cs=1]
                      RenderText {#text} at (1,1) size 27x17
                        text run at (1,1) width 27: "line."
