layer at (0,0) size 843x585
  RenderView at (0,0) size 800x585
layer at (0,0) size 800x478
  RenderBlock {HTML} at (0,0) size 800x478
    RenderBody {BODY} at (8,17) size 784x444
layer at (8,18) size 835x443
  RenderBlock {DIV} at (0,0) size 835x443 [border: (5px solid #800000)]
    RenderBlock {H2} at (5,26) size 825x30 [bgcolor=#EEEEEE]
      RenderText {#text} at (0,0) size 723x29
        text run at (0,0) width 723: "This is a spanning element at the beginning of the columns block."
    RenderMultiColumnSet at (5,77) size 825x361
layer at (13,23) size 404x720 backgroundClip at (0,0) size 843x585 clip at (0,0) size 843x585
  RenderMultiColumnFlowThread at (5,5) size 404x720
    RenderMultiColumnSpannerPlaceholder at (0,0) size 0x0
    RenderBlock (anonymous) at (0,0) size 404x720
      RenderText {#text} at (0,0) size 403x720
        text run at (0,0) width 381: "Lorem ipsum dolor sit amet, consectetuer adipiscing"
        text run at (0,20) width 373: "elit. Nulla varius enim ac mi. Curabitur sollicitudin"
        text run at (0,40) width 363: "felis quis lectus. Quisque adipiscing rhoncus sem."
        text run at (0,60) width 396: "Proin nulla purus, vulputate vel, varius ut, euismod et,"
        text run at (0,80) width 361: "nisi. Sed vitae felis vel orci sagittis aliquam. Cras"
        text run at (0,100) width 347: "convallis adipiscing sem. Nam nonummy enim."
        text run at (0,120) width 370: "Nullam bibendum lobortis neque. Vestibulum velit"
        text run at (0,140) width 377: "orci, tempus euismod, pretium quis, interdum vitae,"
        text run at (0,160) width 351: "nulla. Phasellus eget ante et tortor condimentum"
        text run at (0,180) width 396: "vestibulum. Suspendisse hendrerit quam nec felis. Sed"
        text run at (0,200) width 386: "varius turpis vitae pede. Lorem ipsum dolor sit amet,"
        text run at (0,220) width 207: "consectetuer adipiscing elit. "
        text run at (207,220) width 162: "Lorem ipsum dolor sit"
        text run at (0,240) width 403: "amet, consectetuer adipiscing elit. Nulla varius enim ac"
        text run at (0,260) width 372: "mi. Curabitur sollicitudin felis quis lectus. Quisque"
        text run at (0,280) width 382: "adipiscing rhoncus sem. Proin nulla purus, vulputate"
        text run at (0,300) width 393: "vel, varius ut, euismod et, nisi. Sed vitae felis vel orci"
        text run at (0,320) width 385: "sagittis aliquam. Cras convallis adipiscing sem. Nam"
        text run at (0,340) width 368: "nonummy enim. Nullam bibendum lobortis neque."
        text run at (0,360) width 388: "Vestibulum velit orci, tempus euismod, pretium quis,"
        text run at (0,380) width 362: "interdum vitae, nulla. Phasellus eget ante et tortor"
        text run at (0,400) width 397: "condimentum vestibulum. Suspendisse hendrerit quam"
        text run at (0,420) width 379: "nec felis. Sed varius turpis vitae pede. Lorem ipsum"
        text run at (0,440) width 317: "dolor sit amet, consectetuer adipiscing elit. "
        text run at (317,440) width 48: "Lorem"
        text run at (0,460) width 361: "ipsum dolor sit amet, consectetuer adipiscing elit."
        text run at (0,480) width 376: "Nulla varius enim ac mi. Curabitur sollicitudin felis"
        text run at (0,500) width 371: "quis lectus. Quisque adipiscing rhoncus sem. Proin"
        text run at (0,520) width 388: "nulla purus, vulputate vel, varius ut, euismod et, nisi."
        text run at (0,540) width 395: "Sed vitae felis vel orci sagittis aliquam. Cras convallis"
        text run at (0,560) width 336: "adipiscing sem. Nam nonummy enim. Nullam"
        text run at (0,580) width 349: "bibendum lobortis neque. Vestibulum velit orci,"
        text run at (0,600) width 385: "tempus euismod, pretium quis, interdum vitae, nulla."
        text run at (0,620) width 395: "Phasellus eget ante et tortor condimentum vestibulum."
        text run at (0,640) width 401: "Suspendisse hendrerit quam nec felis. Sed varius turpis"
        text run at (0,660) width 386: "vitae pede. Lorem ipsum dolor sit amet, consectetuer"
        text run at (0,680) width 112: "adipiscing elit. "
        text run at (112,680) width 207: "Lorem ipsum dolor sit amet,"
        text run at (0,700) width 387: "consectetuer adipiscing elit. Nulla varius enim ac mi."
