layer at (0,0) size 785x2040
  RenderView at (0,0) size 785x600
layer at (0,0) size 785x2040
  RenderBlock {HTML} at (0,0) size 785x2040
    RenderBody {BODY} at (8,16) size 769x2008
layer at (8,16) size 760x299
  RenderBlock {DIV} at (0,0) size 760x299 [border: (5px solid #800000)]
    RenderMultiColumnSet at (5,5) size 750x289
layer at (13,21) size 367x578
  RenderMultiColumnFlowThread at (5,5) size 367x578
    RenderText {#text} at (0,0) size 363x578
      text run at (0,0) width 354: "Lorem ipsum dolor sit amet, consectetuer adipiscing elit."
      text run at (0,17) width 351: "Nulla varius enim ac mi. Curabitur sollicitudin felis quis"
      text run at (0,34) width 325: "lectus. Quisque adipiscing rhoncus sem. Proin nulla"
      text run at (0,51) width 358: "purus, vulputate vel, varius ut, euismod et, nisi. Sed vitae"
      text run at (0,68) width 343: "felis vel orci sagittis aliquam. Cras convallis adipiscing"
      text run at (0,85) width 340: "sem. Nam nonummy enim. Nullam bibendum lobortis"
      text run at (0,102) width 344: "neque. Vestibulum velit orci, tempus euismod, pretium"
      text run at (0,119) width 343: "quis, interdum vitae, nulla. Phasellus eget ante et tortor"
      text run at (0,136) width 343: "condimentum vestibulum. Suspendisse hendrerit quam"
      text run at (0,153) width 362: "nec felis. Sed varius turpis vitae pede. Lorem ipsum dolor"
      text run at (0,170) width 233: "sit amet, consectetuer adipiscing elit. "
      text run at (233,170) width 121: "Lorem ipsum dolor"
      text run at (0,187) width 363: "sit amet, consectetuer adipiscing elit. Nulla varius enim ac"
      text run at (0,204) width 318: "mi. Curabitur sollicitudin felis quis lectus. Quisque"
      text run at (0,221) width 356: "adipiscing rhoncus sem. Proin nulla purus, vulputate vel,"
      text run at (0,238) width 354: "varius ut, euismod et, nisi. Sed vitae felis vel orci sagittis"
      text run at (0,255) width 351: "aliquam. Cras convallis adipiscing sem. Nam nonummy"
      text run at (0,272) width 358: "enim. Nullam bibendum lobortis neque. Vestibulum velit"
      text run at (0,289) width 361: "orci, tempus euismod, pretium quis, interdum vitae, nulla."
      text run at (0,306) width 339: "Phasellus eget ante et tortor condimentum vestibulum."
      text run at (0,323) width 345: "Suspendisse hendrerit quam nec felis. Sed varius turpis"
      text run at (0,340) width 331: "vitae pede. Lorem ipsum dolor sit amet, consectetuer"
      text run at (0,357) width 95: "adipiscing elit. "
      text run at (95,357) width 259: "Lorem ipsum dolor sit amet, consectetuer"
      text run at (0,374) width 313: "adipiscing elit. Nulla varius enim ac mi. Curabitur"
      text run at (0,391) width 352: "sollicitudin felis quis lectus. Quisque adipiscing rhoncus"
      text run at (0,408) width 353: "sem. Proin nulla purus, vulputate vel, varius ut, euismod"
      text run at (0,425) width 326: "et, nisi. Sed vitae felis vel orci sagittis aliquam. Cras"
      text run at (0,442) width 350: "convallis adipiscing sem. Nam nonummy enim. Nullam"
      text run at (0,459) width 349: "bibendum lobortis neque. Vestibulum velit orci, tempus"
      text run at (0,476) width 343: "euismod, pretium quis, interdum vitae, nulla. Phasellus"
      text run at (0,493) width 357: "eget ante et tortor condimentum vestibulum. Suspendisse"
      text run at (0,510) width 336: "hendrerit quam nec felis. Sed varius turpis vitae pede."
      text run at (0,527) width 354: "Lorem ipsum dolor sit amet, consectetuer adipiscing elit."
      text run at (0,544) width 354: "Lorem ipsum dolor sit amet, consectetuer adipiscing elit."
      text run at (0,561) width 154: "Nulla varius enim ac mi."
layer at (8,331) size 760x299
  RenderBlock {DIV} at (0,315) size 760x299 [border: (5px solid #800000)]
    RenderMultiColumnSet at (5,5) size 750x289
layer at (13,336) size 367x578
  RenderMultiColumnFlowThread at (5,5) size 367x578
    RenderText {#text} at (0,0) size 363x578
      text run at (0,0) width 354: "Lorem ipsum dolor sit amet, consectetuer adipiscing elit."
      text run at (0,17) width 351: "Nulla varius enim ac mi. Curabitur sollicitudin felis quis"
      text run at (0,34) width 325: "lectus. Quisque adipiscing rhoncus sem. Proin nulla"
      text run at (0,51) width 358: "purus, vulputate vel, varius ut, euismod et, nisi. Sed vitae"
      text run at (0,68) width 343: "felis vel orci sagittis aliquam. Cras convallis adipiscing"
      text run at (0,85) width 340: "sem. Nam nonummy enim. Nullam bibendum lobortis"
      text run at (0,102) width 344: "neque. Vestibulum velit orci, tempus euismod, pretium"
      text run at (0,119) width 343: "quis, interdum vitae, nulla. Phasellus eget ante et tortor"
      text run at (0,136) width 343: "condimentum vestibulum. Suspendisse hendrerit quam"
      text run at (0,153) width 362: "nec felis. Sed varius turpis vitae pede. Lorem ipsum dolor"
      text run at (0,170) width 233: "sit amet, consectetuer adipiscing elit. "
      text run at (233,170) width 121: "Lorem ipsum dolor"
      text run at (0,187) width 363: "sit amet, consectetuer adipiscing elit. Nulla varius enim ac"
      text run at (0,204) width 318: "mi. Curabitur sollicitudin felis quis lectus. Quisque"
      text run at (0,221) width 356: "adipiscing rhoncus sem. Proin nulla purus, vulputate vel,"
      text run at (0,238) width 354: "varius ut, euismod et, nisi. Sed vitae felis vel orci sagittis"
      text run at (0,255) width 351: "aliquam. Cras convallis adipiscing sem. Nam nonummy"
      text run at (0,272) width 358: "enim. Nullam bibendum lobortis neque. Vestibulum velit"
      text run at (0,289) width 361: "orci, tempus euismod, pretium quis, interdum vitae, nulla."
      text run at (0,306) width 339: "Phasellus eget ante et tortor condimentum vestibulum."
      text run at (0,323) width 345: "Suspendisse hendrerit quam nec felis. Sed varius turpis"
      text run at (0,340) width 331: "vitae pede. Lorem ipsum dolor sit amet, consectetuer"
      text run at (0,357) width 95: "adipiscing elit. "
      text run at (95,357) width 259: "Lorem ipsum dolor sit amet, consectetuer"
      text run at (0,374) width 313: "adipiscing elit. Nulla varius enim ac mi. Curabitur"
      text run at (0,391) width 352: "sollicitudin felis quis lectus. Quisque adipiscing rhoncus"
      text run at (0,408) width 353: "sem. Proin nulla purus, vulputate vel, varius ut, euismod"
      text run at (0,425) width 326: "et, nisi. Sed vitae felis vel orci sagittis aliquam. Cras"
      text run at (0,442) width 350: "convallis adipiscing sem. Nam nonummy enim. Nullam"
      text run at (0,459) width 349: "bibendum lobortis neque. Vestibulum velit orci, tempus"
      text run at (0,476) width 343: "euismod, pretium quis, interdum vitae, nulla. Phasellus"
      text run at (0,493) width 357: "eget ante et tortor condimentum vestibulum. Suspendisse"
      text run at (0,510) width 336: "hendrerit quam nec felis. Sed varius turpis vitae pede."
      text run at (0,527) width 354: "Lorem ipsum dolor sit amet, consectetuer adipiscing elit."
      text run at (0,544) width 354: "Lorem ipsum dolor sit amet, consectetuer adipiscing elit."
      text run at (0,561) width 154: "Nulla varius enim ac mi."
layer at (8,646) size 760x332
  RenderBlock {DIV} at (0,630) size 760x332 [border: (5px solid #800000)]
    RenderMultiColumnSet at (5,5) size 750x322
layer at (13,651) size 367x644
  RenderMultiColumnFlowThread at (5,5) size 367x644
    RenderBlock {P} at (0,16) size 367x221
      RenderText {#text} at (0,0) size 363x221
        text run at (0,0) width 354: "Lorem ipsum dolor sit amet, consectetuer adipiscing elit."
        text run at (0,17) width 351: "Nulla varius enim ac mi. Curabitur sollicitudin felis quis"
        text run at (0,34) width 325: "lectus. Quisque adipiscing rhoncus sem. Proin nulla"
        text run at (0,51) width 358: "purus, vulputate vel, varius ut, euismod et, nisi. Sed vitae"
        text run at (0,68) width 343: "felis vel orci sagittis aliquam. Cras convallis adipiscing"
        text run at (0,85) width 340: "sem. Nam nonummy enim. Nullam bibendum lobortis"
        text run at (0,102) width 344: "neque. Vestibulum velit orci, tempus euismod, pretium"
        text run at (0,119) width 343: "quis, interdum vitae, nulla. Phasellus eget ante et tortor"
        text run at (0,136) width 343: "condimentum vestibulum. Suspendisse hendrerit quam"
        text run at (0,153) width 362: "nec felis. Sed varius turpis vitae pede. Lorem ipsum dolor"
        text run at (0,170) width 233: "sit amet, consectetuer adipiscing elit. "
        text run at (233,170) width 121: "Lorem ipsum dolor"
        text run at (0,187) width 363: "sit amet, consectetuer adipiscing elit. Nulla varius enim ac"
        text run at (0,204) width 20: "mi."
    RenderBlock {P} at (0,253) size 367x375
      RenderText {#text} at (0,0) size 363x375
        text run at (0,0) width 354: "Lorem ipsum dolor sit amet, consectetuer adipiscing elit."
        text run at (0,17) width 351: "Nulla varius enim ac mi. Curabitur sollicitudin felis quis"
        text run at (0,34) width 325: "lectus. Quisque adipiscing rhoncus sem. Proin nulla"
        text run at (0,51) width 358: "purus, vulputate vel, varius ut, euismod et, nisi. Sed vitae"
        text run at (0,69) width 343: "felis vel orci sagittis aliquam. Cras convallis adipiscing"
        text run at (0,86) width 340: "sem. Nam nonummy enim. Nullam bibendum lobortis"
        text run at (0,103) width 344: "neque. Vestibulum velit orci, tempus euismod, pretium"
        text run at (0,120) width 343: "quis, interdum vitae, nulla. Phasellus eget ante et tortor"
        text run at (0,137) width 343: "condimentum vestibulum. Suspendisse hendrerit quam"
        text run at (0,154) width 362: "nec felis. Sed varius turpis vitae pede. Lorem ipsum dolor"
        text run at (0,171) width 233: "sit amet, consectetuer adipiscing elit. "
        text run at (233,171) width 121: "Lorem ipsum dolor"
        text run at (0,188) width 363: "sit amet, consectetuer adipiscing elit. Nulla varius enim ac"
        text run at (0,205) width 318: "mi. Curabitur sollicitudin felis quis lectus. Quisque"
        text run at (0,222) width 356: "adipiscing rhoncus sem. Proin nulla purus, vulputate vel,"
        text run at (0,239) width 354: "varius ut, euismod et, nisi. Sed vitae felis vel orci sagittis"
        text run at (0,256) width 351: "aliquam. Cras convallis adipiscing sem. Nam nonummy"
        text run at (0,273) width 358: "enim. Nullam bibendum lobortis neque. Vestibulum velit"
        text run at (0,290) width 361: "orci, tempus euismod, pretium quis, interdum vitae, nulla."
        text run at (0,307) width 339: "Phasellus eget ante et tortor condimentum vestibulum."
        text run at (0,324) width 345: "Suspendisse hendrerit quam nec felis. Sed varius turpis"
        text run at (0,341) width 331: "vitae pede. Lorem ipsum dolor sit amet, consectetuer"
        text run at (0,358) width 91: "adipiscing elit."
layer at (8,994) size 760x316
  RenderBlock {DIV} at (0,978) size 760x316 [border: (5px solid #800000)]
    RenderMultiColumnSet at (5,5) size 750x306
layer at (13,999) size 367x610
  RenderMultiColumnFlowThread at (5,5) size 367x610
    RenderBlock (anonymous) at (0,0) size 367x391
      RenderText {#text} at (0,0) size 363x221
        text run at (0,0) width 354: "Lorem ipsum dolor sit amet, consectetuer adipiscing elit."
        text run at (0,17) width 351: "Nulla varius enim ac mi. Curabitur sollicitudin felis quis"
        text run at (0,34) width 325: "lectus. Quisque adipiscing rhoncus sem. Proin nulla"
        text run at (0,51) width 358: "purus, vulputate vel, varius ut, euismod et, nisi. Sed vitae"
        text run at (0,68) width 343: "felis vel orci sagittis aliquam. Cras convallis adipiscing"
        text run at (0,85) width 340: "sem. Nam nonummy enim. Nullam bibendum lobortis"
        text run at (0,102) width 344: "neque. Vestibulum velit orci, tempus euismod, pretium"
        text run at (0,119) width 343: "quis, interdum vitae, nulla. Phasellus eget ante et tortor"
        text run at (0,136) width 343: "condimentum vestibulum. Suspendisse hendrerit quam"
        text run at (0,153) width 362: "nec felis. Sed varius turpis vitae pede. Lorem ipsum dolor"
        text run at (0,170) width 233: "sit amet, consectetuer adipiscing elit. "
        text run at (233,170) width 121: "Lorem ipsum dolor"
        text run at (0,187) width 363: "sit amet, consectetuer adipiscing elit. Nulla varius enim ac"
        text run at (0,204) width 24: "mi. "
      RenderInline {SPAN} at (0,0) size 42x17
        RenderText {#text} at (24,204) size 42x17
          text run at (24,204) width 42: "Lorem"
      RenderText {#text} at (66,204) size 362x187
        text run at (66,204) width 285: " ipsum dolor sit amet, consectetuer adipiscing"
        text run at (0,221) width 348: "elit. Nulla varius enim ac mi. Curabitur sollicitudin felis"
        text run at (0,238) width 355: "quis lectus. Quisque adipiscing rhoncus sem. Proin nulla"
        text run at (0,255) width 358: "purus, vulputate vel, varius ut, euismod et, nisi. Sed vitae"
        text run at (0,272) width 343: "felis vel orci sagittis aliquam. Cras convallis adipiscing"
        text run at (0,289) width 340: "sem. Nam nonummy enim. Nullam bibendum lobortis"
        text run at (0,306) width 344: "neque. Vestibulum velit orci, tempus euismod, pretium"
        text run at (0,323) width 343: "quis, interdum vitae, nulla. Phasellus eget ante et tortor"
        text run at (0,340) width 343: "condimentum vestibulum. Suspendisse hendrerit quam"
        text run at (0,357) width 362: "nec felis. Sed varius turpis vitae pede. Lorem ipsum dolor"
        text run at (0,374) width 229: "sit amet, consectetuer adipiscing elit."
    RenderBlock {P} at (0,407) size 367x187
      RenderText {#text} at (0,0) size 362x187
        text run at (0,0) width 354: "Lorem ipsum dolor sit amet, consectetuer adipiscing elit."
        text run at (0,17) width 351: "Nulla varius enim ac mi. Curabitur sollicitudin felis quis"
        text run at (0,34) width 325: "lectus. Quisque adipiscing rhoncus sem. Proin nulla"
        text run at (0,51) width 358: "purus, vulputate vel, varius ut, euismod et, nisi. Sed vitae"
        text run at (0,68) width 343: "felis vel orci sagittis aliquam. Cras convallis adipiscing"
        text run at (0,85) width 340: "sem. Nam nonummy enim. Nullam bibendum lobortis"
        text run at (0,102) width 344: "neque. Vestibulum velit orci, tempus euismod, pretium"
        text run at (0,119) width 343: "quis, interdum vitae, nulla. Phasellus eget ante et tortor"
        text run at (0,136) width 343: "condimentum vestibulum. Suspendisse hendrerit quam"
        text run at (0,153) width 362: "nec felis. Sed varius turpis vitae pede. Lorem ipsum dolor"
        text run at (0,170) width 229: "sit amet, consectetuer adipiscing elit."
layer at (8,1326) size 760x333
  RenderBlock {DIV} at (0,1310) size 760x333 [border: (5px solid #800000)]
    RenderMultiColumnSet at (5,5) size 750x323
layer at (13,1331) size 367x627
  RenderMultiColumnFlowThread at (5,5) size 367x627
    RenderBlock (anonymous) at (0,0) size 367x187
      RenderInline {SPAN} at (0,0) size 362x187
        RenderText {#text} at (0,0) size 362x187
          text run at (0,0) width 354: "Lorem ipsum dolor sit amet, consectetuer adipiscing elit."
          text run at (0,17) width 351: "Nulla varius enim ac mi. Curabitur sollicitudin felis quis"
          text run at (0,34) width 325: "lectus. Quisque adipiscing rhoncus sem. Proin nulla"
          text run at (0,51) width 358: "purus, vulputate vel, varius ut, euismod et, nisi. Sed vitae"
          text run at (0,68) width 343: "felis vel orci sagittis aliquam. Cras convallis adipiscing"
          text run at (0,85) width 340: "sem. Nam nonummy enim. Nullam bibendum lobortis"
          text run at (0,102) width 344: "neque. Vestibulum velit orci, tempus euismod, pretium"
          text run at (0,119) width 343: "quis, interdum vitae, nulla. Phasellus eget ante et tortor"
          text run at (0,136) width 343: "condimentum vestibulum. Suspendisse hendrerit quam"
          text run at (0,153) width 362: "nec felis. Sed varius turpis vitae pede. Lorem ipsum dolor"
          text run at (0,170) width 229: "sit amet, consectetuer adipiscing elit."
    RenderBlock (anonymous) at (0,187) size 367x34
      RenderBlock {SPAN} at (0,0) size 367x34
        RenderText {#text} at (0,0) size 354x34
          text run at (0,0) width 354: "Lorem ipsum dolor sit amet, consectetuer adipiscing elit."
          text run at (0,17) width 154: "Nulla varius enim ac mi."
    RenderBlock (anonymous) at (0,221) size 367x187
      RenderInline {SPAN} at (0,0) size 42x17
        RenderText {#text} at (0,0) size 42x17
          text run at (0,0) width 42: "Lorem"
      RenderText {#text} at (42,0) size 362x187
        text run at (42,0) width 312: " ipsum dolor sit amet, consectetuer adipiscing elit."
        text run at (0,17) width 351: "Nulla varius enim ac mi. Curabitur sollicitudin felis quis"
        text run at (0,34) width 325: "lectus. Quisque adipiscing rhoncus sem. Proin nulla"
        text run at (0,51) width 358: "purus, vulputate vel, varius ut, euismod et, nisi. Sed vitae"
        text run at (0,68) width 343: "felis vel orci sagittis aliquam. Cras convallis adipiscing"
        text run at (0,85) width 340: "sem. Nam nonummy enim. Nullam bibendum lobortis"
        text run at (0,102) width 344: "neque. Vestibulum velit orci, tempus euismod, pretium"
        text run at (0,119) width 343: "quis, interdum vitae, nulla. Phasellus eget ante et tortor"
        text run at (0,136) width 343: "condimentum vestibulum. Suspendisse hendrerit quam"
        text run at (0,153) width 362: "nec felis. Sed varius turpis vitae pede. Lorem ipsum dolor"
        text run at (0,170) width 229: "sit amet, consectetuer adipiscing elit."
    RenderBlock {P} at (0,424) size 367x187
      RenderText {#text} at (0,0) size 362x187
        text run at (0,0) width 354: "Lorem ipsum dolor sit amet, consectetuer adipiscing elit."
        text run at (0,17) width 351: "Nulla varius enim ac mi. Curabitur sollicitudin felis quis"
        text run at (0,34) width 325: "lectus. Quisque adipiscing rhoncus sem. Proin nulla"
        text run at (0,51) width 358: "purus, vulputate vel, varius ut, euismod et, nisi. Sed vitae"
        text run at (0,68) width 343: "felis vel orci sagittis aliquam. Cras convallis adipiscing"
        text run at (0,85) width 340: "sem. Nam nonummy enim. Nullam bibendum lobortis"
        text run at (0,102) width 344: "neque. Vestibulum velit orci, tempus euismod, pretium"
        text run at (0,119) width 343: "quis, interdum vitae, nulla. Phasellus eget ante et tortor"
        text run at (0,136) width 343: "condimentum vestibulum. Suspendisse hendrerit quam"
        text run at (0,153) width 362: "nec felis. Sed varius turpis vitae pede. Lorem ipsum dolor"
        text run at (0,170) width 229: "sit amet, consectetuer adipiscing elit."
layer at (8,1675) size 760x349
  RenderBlock {DIV} at (0,1659) size 760x349 [border: (5px solid #800000)]
    RenderMultiColumnSet at (5,5) size 750x339
layer at (13,1680) size 367x678 backgroundClip at (0,0) size 785x2040 clip at (0,0) size 785x2040
  RenderMultiColumnFlowThread at (5,5) size 367x678
    RenderBlock {P} at (0,16) size 367x187
      RenderText {#text} at (0,0) size 362x187
        text run at (0,0) width 354: "Lorem ipsum dolor sit amet, consectetuer adipiscing elit."
        text run at (0,17) width 351: "Nulla varius enim ac mi. Curabitur sollicitudin felis quis"
        text run at (0,34) width 325: "lectus. Quisque adipiscing rhoncus sem. Proin nulla"
        text run at (0,51) width 358: "purus, vulputate vel, varius ut, euismod et, nisi. Sed vitae"
        text run at (0,68) width 343: "felis vel orci sagittis aliquam. Cras convallis adipiscing"
        text run at (0,85) width 340: "sem. Nam nonummy enim. Nullam bibendum lobortis"
        text run at (0,102) width 344: "neque. Vestibulum velit orci, tempus euismod, pretium"
        text run at (0,119) width 343: "quis, interdum vitae, nulla. Phasellus eget ante et tortor"
        text run at (0,136) width 343: "condimentum vestibulum. Suspendisse hendrerit quam"
        text run at (0,153) width 362: "nec felis. Sed varius turpis vitae pede. Lorem ipsum dolor"
        text run at (0,170) width 229: "sit amet, consectetuer adipiscing elit."
    RenderBlock {P} at (0,219) size 367x34
      RenderText {#text} at (0,0) size 354x34
        text run at (0,0) width 354: "Lorem ipsum dolor sit amet, consectetuer adipiscing elit."
        text run at (0,17) width 154: "Nulla varius enim ac mi."
    RenderBlock {P} at (0,269) size 367x189
      RenderText {#text} at (0,0) size 362x189
        text run at (0,0) width 354: "Lorem ipsum dolor sit amet, consectetuer adipiscing elit."
        text run at (0,17) width 351: "Nulla varius enim ac mi. Curabitur sollicitudin felis quis"
        text run at (0,34) width 325: "lectus. Quisque adipiscing rhoncus sem. Proin nulla"
        text run at (0,51) width 358: "purus, vulputate vel, varius ut, euismod et, nisi. Sed vitae"
        text run at (0,70) width 343: "felis vel orci sagittis aliquam. Cras convallis adipiscing"
        text run at (0,87) width 340: "sem. Nam nonummy enim. Nullam bibendum lobortis"
        text run at (0,104) width 344: "neque. Vestibulum velit orci, tempus euismod, pretium"
        text run at (0,121) width 343: "quis, interdum vitae, nulla. Phasellus eget ante et tortor"
        text run at (0,138) width 343: "condimentum vestibulum. Suspendisse hendrerit quam"
        text run at (0,155) width 362: "nec felis. Sed varius turpis vitae pede. Lorem ipsum dolor"
        text run at (0,172) width 229: "sit amet, consectetuer adipiscing elit."
    RenderBlock (anonymous) at (0,474) size 367x17
      RenderInline {SPAN} at (0,0) size 354x17
        RenderText {#text} at (0,0) size 354x17
          text run at (0,0) width 354: "Lorem ipsum dolor sit amet, consectetuer adipiscing elit."
    RenderBlock (anonymous) at (0,491) size 367x17
      RenderBlock {SPAN} at (0,0) size 367x17
        RenderText {#text} at (0,0) size 154x17
          text run at (0,0) width 154: "Nulla varius enim ac mi."
    RenderBlock (anonymous) at (0,508) size 367x170
      RenderInline {SPAN} at (0,0) size 362x170
        RenderText {#text} at (0,0) size 362x170
          text run at (0,0) width 362: "Curabitur sollicitudin felis quis lectus. Quisque adipiscing"
          text run at (0,17) width 350: "rhoncus sem. Proin nulla purus, vulputate vel, varius ut,"
          text run at (0,34) width 350: "euismod et, nisi. Sed vitae felis vel orci sagittis aliquam."
          text run at (0,51) width 332: "Cras convallis adipiscing sem. Nam nonummy enim."
          text run at (0,68) width 351: "Nullam bibendum lobortis neque. Vestibulum velit orci,"
          text run at (0,85) width 329: "tempus euismod, pretium quis, interdum vitae, nulla."
          text run at (0,102) width 339: "Phasellus eget ante et tortor condimentum vestibulum."
          text run at (0,119) width 345: "Suspendisse hendrerit quam nec felis. Sed varius turpis"
          text run at (0,136) width 331: "vitae pede. Lorem ipsum dolor sit amet, consectetuer"
          text run at (0,153) width 91: "adipiscing elit."
      RenderText {#text} at (0,0) size 0x0
