layer at (0,0) size 785x1760
  RenderView at (0,0) size 785x600
layer at (0,0) size 785x1760
  RenderBlock {HTML} at (0,0) size 785x1761
    RenderBody {BODY} at (8,16) size 769x1729
layer at (8,16) size 750x381
  RenderBlock {DIV} at (0,0) size 750x381 [bgcolor=#EEEEEE]
    RenderBlock {H2} at (0,19) size 750x53 [bgcolor=#CCCCCC]
      RenderText {#text} at (0,0) size 687x52
        text run at (0,0) width 670: "This is a spanning element at the beginning of the columns block. "
        text run at (670,0) width 17: "It"
        text run at (0,26) width 527: "should collapse its margins with the top of the page."
    RenderMultiColumnSet at (0,91) size 750x290
layer at (8,16) size 367x578
  RenderMultiColumnFlowThread at (0,0) size 367x578
    RenderMultiColumnSpannerPlaceholder at (0,0) size 0x0
    RenderBlock (anonymous) at (0,0) size 367x578
      RenderText {#text} at (0,0) size 363x578
        text run at (0,0) width 354: "Lorem ipsum dolor sit amet, consectetuer adipiscing elit."
        text run at (0,17) width 351: "Nulla varius enim ac mi. Curabitur sollicitudin felis quis"
        text run at (0,34) width 325: "lectus. Quisque adipiscing rhoncus sem. Proin nulla"
        text run at (0,51) width 358: "purus, vulputate vel, varius ut, euismod et, nisi. Sed vitae"
        text run at (0,68) width 343: "felis vel orci sagittis aliquam. Cras convallis adipiscing"
        text run at (0,85) width 340: "sem. Nam nonummy enim. Nullam bibendum lobortis"
        text run at (0,102) width 344: "neque. Vestibulum velit orci, tempus euismod, pretium"
        text run at (0,119) width 343: "quis, interdum vitae, nulla. Phasellus eget ante et tortor"
        text run at (0,136) width 343: "condimentum vestibulum. Suspendisse hendrerit quam"
        text run at (0,153) width 362: "nec felis. Sed varius turpis vitae pede. Lorem ipsum dolor"
        text run at (0,170) width 233: "sit amet, consectetuer adipiscing elit. "
        text run at (233,170) width 121: "Lorem ipsum dolor"
        text run at (0,187) width 363: "sit amet, consectetuer adipiscing elit. Nulla varius enim ac"
        text run at (0,204) width 318: "mi. Curabitur sollicitudin felis quis lectus. Quisque"
        text run at (0,221) width 356: "adipiscing rhoncus sem. Proin nulla purus, vulputate vel,"
        text run at (0,238) width 354: "varius ut, euismod et, nisi. Sed vitae felis vel orci sagittis"
        text run at (0,255) width 351: "aliquam. Cras convallis adipiscing sem. Nam nonummy"
        text run at (0,272) width 358: "enim. Nullam bibendum lobortis neque. Vestibulum velit"
        text run at (0,289) width 361: "orci, tempus euismod, pretium quis, interdum vitae, nulla."
        text run at (0,306) width 339: "Phasellus eget ante et tortor condimentum vestibulum."
        text run at (0,323) width 345: "Suspendisse hendrerit quam nec felis. Sed varius turpis"
        text run at (0,340) width 331: "vitae pede. Lorem ipsum dolor sit amet, consectetuer"
        text run at (0,357) width 95: "adipiscing elit. "
        text run at (95,357) width 259: "Lorem ipsum dolor sit amet, consectetuer"
        text run at (0,374) width 313: "adipiscing elit. Nulla varius enim ac mi. Curabitur"
        text run at (0,391) width 352: "sollicitudin felis quis lectus. Quisque adipiscing rhoncus"
        text run at (0,408) width 353: "sem. Proin nulla purus, vulputate vel, varius ut, euismod"
        text run at (0,425) width 326: "et, nisi. Sed vitae felis vel orci sagittis aliquam. Cras"
        text run at (0,442) width 350: "convallis adipiscing sem. Nam nonummy enim. Nullam"
        text run at (0,459) width 349: "bibendum lobortis neque. Vestibulum velit orci, tempus"
        text run at (0,476) width 343: "euismod, pretium quis, interdum vitae, nulla. Phasellus"
        text run at (0,493) width 357: "eget ante et tortor condimentum vestibulum. Suspendisse"
        text run at (0,510) width 336: "hendrerit quam nec felis. Sed varius turpis vitae pede."
        text run at (0,527) width 354: "Lorem ipsum dolor sit amet, consectetuer adipiscing elit."
        text run at (0,544) width 354: "Lorem ipsum dolor sit amet, consectetuer adipiscing elit."
        text run at (0,561) width 154: "Nulla varius enim ac mi."
layer at (8,413) size 750x381
  RenderBlock {DIV} at (0,396) size 750x382 [bgcolor=#EEEEEE]
    RenderMultiColumnSet at (0,0) size 750x289
    RenderBlock {H2} at (0,308) size 750x53 [bgcolor=#CCCCCC]
      RenderText {#text} at (0,0) size 696x52
        text run at (0,0) width 606: "This is a spanning element at the end of the columns block. "
        text run at (606,0) width 90: "It should"
        text run at (0,26) width 504: "collapse its margins with the h2 in the next block."
    RenderMultiColumnSet at (0,380) size 750x0
layer at (8,413) size 367x578
  RenderMultiColumnFlowThread at (0,0) size 367x578
    RenderBlock (anonymous) at (0,0) size 367x578
      RenderText {#text} at (0,0) size 363x578
        text run at (0,0) width 354: "Lorem ipsum dolor sit amet, consectetuer adipiscing elit."
        text run at (0,17) width 351: "Nulla varius enim ac mi. Curabitur sollicitudin felis quis"
        text run at (0,34) width 325: "lectus. Quisque adipiscing rhoncus sem. Proin nulla"
        text run at (0,51) width 358: "purus, vulputate vel, varius ut, euismod et, nisi. Sed vitae"
        text run at (0,68) width 343: "felis vel orci sagittis aliquam. Cras convallis adipiscing"
        text run at (0,85) width 340: "sem. Nam nonummy enim. Nullam bibendum lobortis"
        text run at (0,102) width 344: "neque. Vestibulum velit orci, tempus euismod, pretium"
        text run at (0,119) width 343: "quis, interdum vitae, nulla. Phasellus eget ante et tortor"
        text run at (0,136) width 343: "condimentum vestibulum. Suspendisse hendrerit quam"
        text run at (0,153) width 362: "nec felis. Sed varius turpis vitae pede. Lorem ipsum dolor"
        text run at (0,170) width 233: "sit amet, consectetuer adipiscing elit. "
        text run at (233,170) width 121: "Lorem ipsum dolor"
        text run at (0,187) width 363: "sit amet, consectetuer adipiscing elit. Nulla varius enim ac"
        text run at (0,204) width 318: "mi. Curabitur sollicitudin felis quis lectus. Quisque"
        text run at (0,221) width 356: "adipiscing rhoncus sem. Proin nulla purus, vulputate vel,"
        text run at (0,238) width 354: "varius ut, euismod et, nisi. Sed vitae felis vel orci sagittis"
        text run at (0,255) width 351: "aliquam. Cras convallis adipiscing sem. Nam nonummy"
        text run at (0,272) width 358: "enim. Nullam bibendum lobortis neque. Vestibulum velit"
        text run at (0,289) width 361: "orci, tempus euismod, pretium quis, interdum vitae, nulla."
        text run at (0,306) width 339: "Phasellus eget ante et tortor condimentum vestibulum."
        text run at (0,323) width 345: "Suspendisse hendrerit quam nec felis. Sed varius turpis"
        text run at (0,340) width 331: "vitae pede. Lorem ipsum dolor sit amet, consectetuer"
        text run at (0,357) width 95: "adipiscing elit. "
        text run at (95,357) width 259: "Lorem ipsum dolor sit amet, consectetuer"
        text run at (0,374) width 313: "adipiscing elit. Nulla varius enim ac mi. Curabitur"
        text run at (0,391) width 352: "sollicitudin felis quis lectus. Quisque adipiscing rhoncus"
        text run at (0,408) width 353: "sem. Proin nulla purus, vulputate vel, varius ut, euismod"
        text run at (0,425) width 326: "et, nisi. Sed vitae felis vel orci sagittis aliquam. Cras"
        text run at (0,442) width 350: "convallis adipiscing sem. Nam nonummy enim. Nullam"
        text run at (0,459) width 349: "bibendum lobortis neque. Vestibulum velit orci, tempus"
        text run at (0,476) width 343: "euismod, pretium quis, interdum vitae, nulla. Phasellus"
        text run at (0,493) width 357: "eget ante et tortor condimentum vestibulum. Suspendisse"
        text run at (0,510) width 336: "hendrerit quam nec felis. Sed varius turpis vitae pede."
        text run at (0,527) width 354: "Lorem ipsum dolor sit amet, consectetuer adipiscing elit."
        text run at (0,544) width 354: "Lorem ipsum dolor sit amet, consectetuer adipiscing elit."
        text run at (0,561) width 154: "Nulla varius enim ac mi."
    RenderMultiColumnSpannerPlaceholder at (0,578) size 0x0
layer at (8,810) size 750x380
  RenderBlock {DIV} at (0,793) size 750x382 [bgcolor=#EEEEEE]
    RenderBlock {H2} at (0,19) size 750x53 [bgcolor=#CCCCCC]
      RenderText {#text} at (0,0) size 687x52
        text run at (0,0) width 670: "This is a spanning element at the beginning of the columns block. "
        text run at (670,0) width 17: "It"
        text run at (0,26) width 621: "should collapse its margins with the h2 in the previous block."
    RenderMultiColumnSet at (0,91) size 750x290
layer at (8,810) size 367x578
  RenderMultiColumnFlowThread at (0,0) size 367x578
    RenderMultiColumnSpannerPlaceholder at (0,0) size 0x0
    RenderBlock (anonymous) at (0,0) size 367x578
      RenderText {#text} at (0,0) size 363x578
        text run at (0,0) width 354: "Lorem ipsum dolor sit amet, consectetuer adipiscing elit."
        text run at (0,17) width 351: "Nulla varius enim ac mi. Curabitur sollicitudin felis quis"
        text run at (0,34) width 325: "lectus. Quisque adipiscing rhoncus sem. Proin nulla"
        text run at (0,51) width 358: "purus, vulputate vel, varius ut, euismod et, nisi. Sed vitae"
        text run at (0,68) width 343: "felis vel orci sagittis aliquam. Cras convallis adipiscing"
        text run at (0,85) width 340: "sem. Nam nonummy enim. Nullam bibendum lobortis"
        text run at (0,102) width 344: "neque. Vestibulum velit orci, tempus euismod, pretium"
        text run at (0,119) width 343: "quis, interdum vitae, nulla. Phasellus eget ante et tortor"
        text run at (0,136) width 343: "condimentum vestibulum. Suspendisse hendrerit quam"
        text run at (0,153) width 362: "nec felis. Sed varius turpis vitae pede. Lorem ipsum dolor"
        text run at (0,170) width 233: "sit amet, consectetuer adipiscing elit. "
        text run at (233,170) width 121: "Lorem ipsum dolor"
        text run at (0,187) width 363: "sit amet, consectetuer adipiscing elit. Nulla varius enim ac"
        text run at (0,204) width 318: "mi. Curabitur sollicitudin felis quis lectus. Quisque"
        text run at (0,221) width 356: "adipiscing rhoncus sem. Proin nulla purus, vulputate vel,"
        text run at (0,238) width 354: "varius ut, euismod et, nisi. Sed vitae felis vel orci sagittis"
        text run at (0,255) width 351: "aliquam. Cras convallis adipiscing sem. Nam nonummy"
        text run at (0,272) width 358: "enim. Nullam bibendum lobortis neque. Vestibulum velit"
        text run at (0,289) width 361: "orci, tempus euismod, pretium quis, interdum vitae, nulla."
        text run at (0,306) width 339: "Phasellus eget ante et tortor condimentum vestibulum."
        text run at (0,323) width 345: "Suspendisse hendrerit quam nec felis. Sed varius turpis"
        text run at (0,340) width 331: "vitae pede. Lorem ipsum dolor sit amet, consectetuer"
        text run at (0,357) width 95: "adipiscing elit. "
        text run at (95,357) width 259: "Lorem ipsum dolor sit amet, consectetuer"
        text run at (0,374) width 313: "adipiscing elit. Nulla varius enim ac mi. Curabitur"
        text run at (0,391) width 352: "sollicitudin felis quis lectus. Quisque adipiscing rhoncus"
        text run at (0,408) width 353: "sem. Proin nulla purus, vulputate vel, varius ut, euismod"
        text run at (0,425) width 326: "et, nisi. Sed vitae felis vel orci sagittis aliquam. Cras"
        text run at (0,442) width 350: "convallis adipiscing sem. Nam nonummy enim. Nullam"
        text run at (0,459) width 349: "bibendum lobortis neque. Vestibulum velit orci, tempus"
        text run at (0,476) width 343: "euismod, pretium quis, interdum vitae, nulla. Phasellus"
        text run at (0,493) width 357: "eget ante et tortor condimentum vestibulum. Suspendisse"
        text run at (0,510) width 336: "hendrerit quam nec felis. Sed varius turpis vitae pede."
        text run at (0,527) width 354: "Lorem ipsum dolor sit amet, consectetuer adipiscing elit."
        text run at (0,544) width 354: "Lorem ipsum dolor sit amet, consectetuer adipiscing elit."
        text run at (0,561) width 154: "Nulla varius enim ac mi."
layer at (8,1206) size 750x538
  RenderBlock {DIV} at (0,1190) size 750x539 [bgcolor=#EEEEEE]
    RenderMultiColumnSet at (0,0) size 750x187
    RenderBlock {H2} at (0,206) size 750x53 [bgcolor=#CCCCCC]
      RenderText {#text} at (0,0) size 730x52
        text run at (0,0) width 640: "This is a spanning element in the middle of the columns block. "
        text run at (640,0) width 90: "It should"
        text run at (0,26) width 569: "collapse its margins with the spanning element below it."
    RenderMultiColumnSet at (0,278) size 750x0
    RenderBlock {H2} at (0,278) size 750x53 [bgcolor=#CCCCCC]
      RenderText {#text} at (0,0) size 730x52
        text run at (0,0) width 640: "This is a spanning element in the middle of the columns block. "
        text run at (640,0) width 90: "It should"
        text run at (0,26) width 569: "collapse its margins with the spanning element above it."
    RenderMultiColumnSet at (0,350) size 750x188
layer at (8,1206) size 367x748 backgroundClip at (0,0) size 785x1760 clip at (0,0) size 785x1760
  RenderMultiColumnFlowThread at (0,0) size 367x748
    RenderBlock (anonymous) at (0,0) size 367x374
      RenderText {#text} at (0,0) size 363x374
        text run at (0,0) width 354: "Lorem ipsum dolor sit amet, consectetuer adipiscing elit."
        text run at (0,17) width 351: "Nulla varius enim ac mi. Curabitur sollicitudin felis quis"
        text run at (0,34) width 325: "lectus. Quisque adipiscing rhoncus sem. Proin nulla"
        text run at (0,51) width 358: "purus, vulputate vel, varius ut, euismod et, nisi. Sed vitae"
        text run at (0,68) width 343: "felis vel orci sagittis aliquam. Cras convallis adipiscing"
        text run at (0,85) width 340: "sem. Nam nonummy enim. Nullam bibendum lobortis"
        text run at (0,102) width 344: "neque. Vestibulum velit orci, tempus euismod, pretium"
        text run at (0,119) width 343: "quis, interdum vitae, nulla. Phasellus eget ante et tortor"
        text run at (0,136) width 343: "condimentum vestibulum. Suspendisse hendrerit quam"
        text run at (0,153) width 362: "nec felis. Sed varius turpis vitae pede. Lorem ipsum dolor"
        text run at (0,170) width 233: "sit amet, consectetuer adipiscing elit. "
        text run at (233,170) width 121: "Lorem ipsum dolor"
        text run at (0,187) width 363: "sit amet, consectetuer adipiscing elit. Nulla varius enim ac"
        text run at (0,204) width 318: "mi. Curabitur sollicitudin felis quis lectus. Quisque"
        text run at (0,221) width 356: "adipiscing rhoncus sem. Proin nulla purus, vulputate vel,"
        text run at (0,238) width 354: "varius ut, euismod et, nisi. Sed vitae felis vel orci sagittis"
        text run at (0,255) width 351: "aliquam. Cras convallis adipiscing sem. Nam nonummy"
        text run at (0,272) width 358: "enim. Nullam bibendum lobortis neque. Vestibulum velit"
        text run at (0,289) width 361: "orci, tempus euismod, pretium quis, interdum vitae, nulla."
        text run at (0,306) width 339: "Phasellus eget ante et tortor condimentum vestibulum."
        text run at (0,323) width 345: "Suspendisse hendrerit quam nec felis. Sed varius turpis"
        text run at (0,340) width 331: "vitae pede. Lorem ipsum dolor sit amet, consectetuer"
        text run at (0,357) width 91: "adipiscing elit."
    RenderMultiColumnSpannerPlaceholder at (0,374) size 0x0
    RenderMultiColumnSpannerPlaceholder at (0,374) size 0x0
    RenderBlock (anonymous) at (0,374) size 367x374
      RenderText {#text} at (0,0) size 363x374
        text run at (0,0) width 354: "Lorem ipsum dolor sit amet, consectetuer adipiscing elit."
        text run at (0,17) width 351: "Nulla varius enim ac mi. Curabitur sollicitudin felis quis"
        text run at (0,34) width 325: "lectus. Quisque adipiscing rhoncus sem. Proin nulla"
        text run at (0,51) width 358: "purus, vulputate vel, varius ut, euismod et, nisi. Sed vitae"
        text run at (0,68) width 343: "felis vel orci sagittis aliquam. Cras convallis adipiscing"
        text run at (0,85) width 340: "sem. Nam nonummy enim. Nullam bibendum lobortis"
        text run at (0,102) width 344: "neque. Vestibulum velit orci, tempus euismod, pretium"
        text run at (0,119) width 343: "quis, interdum vitae, nulla. Phasellus eget ante et tortor"
        text run at (0,136) width 343: "condimentum vestibulum. Suspendisse hendrerit quam"
        text run at (0,153) width 362: "nec felis. Sed varius turpis vitae pede. Lorem ipsum dolor"
        text run at (0,170) width 233: "sit amet, consectetuer adipiscing elit. "
        text run at (233,170) width 121: "Lorem ipsum dolor"
        text run at (0,187) width 363: "sit amet, consectetuer adipiscing elit. Nulla varius enim ac"
        text run at (0,204) width 318: "mi. Curabitur sollicitudin felis quis lectus. Quisque"
        text run at (0,221) width 356: "adipiscing rhoncus sem. Proin nulla purus, vulputate vel,"
        text run at (0,238) width 354: "varius ut, euismod et, nisi. Sed vitae felis vel orci sagittis"
        text run at (0,255) width 351: "aliquam. Cras convallis adipiscing sem. Nam nonummy"
        text run at (0,272) width 358: "enim. Nullam bibendum lobortis neque. Vestibulum velit"
        text run at (0,289) width 361: "orci, tempus euismod, pretium quis, interdum vitae, nulla."
        text run at (0,306) width 339: "Phasellus eget ante et tortor condimentum vestibulum."
        text run at (0,323) width 345: "Suspendisse hendrerit quam nec felis. Sed varius turpis"
        text run at (0,340) width 331: "vitae pede. Lorem ipsum dolor sit amet, consectetuer"
        text run at (0,357) width 91: "adipiscing elit."
