layer at (0,0) size 785x1482
  RenderView at (0,0) size 785x600
layer at (0,0) size 785x1482
  RenderBlock {HTML} at (0,0) size 785x1482
    RenderBody {BODY} at (8,16) size 769x1450
layer at (8,16) size 760x465
  RenderBlock {DIV} at (0,0) size 760x465 [border: (5px solid #800000)]
    RenderMultiColumnSet at (5,5) size 750x187
    RenderBlock {H2} at (5,211) size 750x27 [bgcolor=#EEEEEE]
      RenderText {#text} at (0,0) size 193x26
        text run at (0,0) width 193: "This is a first span."
    RenderMultiColumnSet at (5,257) size 750x18
    RenderBlock {H2} at (5,294) size 750x27 [bgcolor=#EEEEEE]
      RenderText {#text} at (0,0) size 219x26
        text run at (0,0) width 219: "This is a second span."
    RenderMultiColumnSet at (5,340) size 750x120
layer at (13,21) size 367x629
  RenderMultiColumnFlowThread at (5,5) size 367x629
    RenderBlock (anonymous) at (0,0) size 367x374
      RenderText {#text} at (0,0) size 363x374
        text run at (0,0) width 354: "Lorem ipsum dolor sit amet, consectetuer adipiscing elit."
        text run at (0,17) width 351: "Nulla varius enim ac mi. Curabitur sollicitudin felis quis"
        text run at (0,34) width 325: "lectus. Quisque adipiscing rhoncus sem. Proin nulla"
        text run at (0,51) width 358: "purus, vulputate vel, varius ut, euismod et, nisi. Sed vitae"
        text run at (0,68) width 343: "felis vel orci sagittis aliquam. Cras convallis adipiscing"
        text run at (0,85) width 340: "sem. Nam nonummy enim. Nullam bibendum lobortis"
        text run at (0,102) width 344: "neque. Vestibulum velit orci, tempus euismod, pretium"
        text run at (0,119) width 343: "quis, interdum vitae, nulla. Phasellus eget ante et tortor"
        text run at (0,136) width 343: "condimentum vestibulum. Suspendisse hendrerit quam"
        text run at (0,153) width 362: "nec felis. Sed varius turpis vitae pede. Lorem ipsum dolor"
        text run at (0,170) width 233: "sit amet, consectetuer adipiscing elit. "
        text run at (233,170) width 121: "Lorem ipsum dolor"
        text run at (0,187) width 363: "sit amet, consectetuer adipiscing elit. Nulla varius enim ac"
        text run at (0,204) width 318: "mi. Curabitur sollicitudin felis quis lectus. Quisque"
        text run at (0,221) width 356: "adipiscing rhoncus sem. Proin nulla purus, vulputate vel,"
        text run at (0,238) width 354: "varius ut, euismod et, nisi. Sed vitae felis vel orci sagittis"
        text run at (0,255) width 351: "aliquam. Cras convallis adipiscing sem. Nam nonummy"
        text run at (0,272) width 358: "enim. Nullam bibendum lobortis neque. Vestibulum velit"
        text run at (0,289) width 361: "orci, tempus euismod, pretium quis, interdum vitae, nulla."
        text run at (0,306) width 339: "Phasellus eget ante et tortor condimentum vestibulum."
        text run at (0,323) width 345: "Suspendisse hendrerit quam nec felis. Sed varius turpis"
        text run at (0,340) width 331: "vitae pede. Lorem ipsum dolor sit amet, consectetuer"
        text run at (0,357) width 91: "adipiscing elit."
    RenderMultiColumnSpannerPlaceholder at (0,374) size 0x0
    RenderBlock (anonymous) at (0,374) size 367x34
      RenderText {#text} at (0,0) size 308x34
        text run at (0,0) width 308: "This text should be sitting between two spanning"
        text run at (0,17) width 59: "elements."
    RenderMultiColumnSpannerPlaceholder at (0,408) size 0x0
    RenderBlock (anonymous) at (0,408) size 367x221
      RenderText {#text} at (0,0) size 363x221
        text run at (0,0) width 354: "Lorem ipsum dolor sit amet, consectetuer adipiscing elit."
        text run at (0,17) width 351: "Nulla varius enim ac mi. Curabitur sollicitudin felis quis"
        text run at (0,34) width 325: "lectus. Quisque adipiscing rhoncus sem. Proin nulla"
        text run at (0,51) width 358: "purus, vulputate vel, varius ut, euismod et, nisi. Sed vitae"
        text run at (0,68) width 343: "felis vel orci sagittis aliquam. Cras convallis adipiscing"
        text run at (0,85) width 340: "sem. Nam nonummy enim. Nullam bibendum lobortis"
        text run at (0,102) width 344: "neque. Vestibulum velit orci, tempus euismod, pretium"
        text run at (0,119) width 343: "quis, interdum vitae, nulla. Phasellus eget ante et tortor"
        text run at (0,136) width 343: "condimentum vestibulum. Suspendisse hendrerit quam"
        text run at (0,153) width 362: "nec felis. Sed varius turpis vitae pede. Lorem ipsum dolor"
        text run at (0,170) width 233: "sit amet, consectetuer adipiscing elit. "
        text run at (233,170) width 121: "Lorem ipsum dolor"
        text run at (0,187) width 363: "sit amet, consectetuer adipiscing elit. Nulla varius enim ac"
        text run at (0,204) width 20: "mi."
layer at (8,497) size 760x480
  RenderBlock {DIV} at (0,480) size 760x482 [border: (5px solid #800000)]
    RenderMultiColumnSet at (5,5) size 750x110
    RenderBlock {H2} at (5,134) size 750x27 [bgcolor=#EEEEEE]
      RenderText {#text} at (0,0) size 193x26
        text run at (0,0) width 193: "This is a first span."
    RenderMultiColumnSet at (5,180) size 750x111
    RenderBlock {H2} at (5,310) size 750x27 [bgcolor=#EEEEEE]
      RenderText {#text} at (0,0) size 219x26
        text run at (0,0) width 219: "This is a second span."
    RenderMultiColumnSet at (5,356) size 750x120
layer at (13,502) size 367x661
  RenderMultiColumnFlowThread at (5,5) size 367x661
    RenderBlock {P} at (0,16) size 367x196
      RenderText {#text} at (0,0) size 362x196
        text run at (0,0) width 354: "Lorem ipsum dolor sit amet, consectetuer adipiscing elit."
        text run at (0,17) width 351: "Nulla varius enim ac mi. Curabitur sollicitudin felis quis"
        text run at (0,34) width 325: "lectus. Quisque adipiscing rhoncus sem. Proin nulla"
        text run at (0,51) width 358: "purus, vulputate vel, varius ut, euismod et, nisi. Sed vitae"
        text run at (0,68) width 343: "felis vel orci sagittis aliquam. Cras convallis adipiscing"
        text run at (0,94) width 340: "sem. Nam nonummy enim. Nullam bibendum lobortis"
        text run at (0,111) width 344: "neque. Vestibulum velit orci, tempus euismod, pretium"
        text run at (0,128) width 343: "quis, interdum vitae, nulla. Phasellus eget ante et tortor"
        text run at (0,145) width 343: "condimentum vestibulum. Suspendisse hendrerit quam"
        text run at (0,162) width 362: "nec felis. Sed varius turpis vitae pede. Lorem ipsum dolor"
        text run at (0,179) width 229: "sit amet, consectetuer adipiscing elit."
    RenderMultiColumnSpannerPlaceholder at (0,220) size 0x0
    RenderBlock {P} at (0,236) size 367x196
      RenderText {#text} at (0,0) size 362x196
        text run at (0,0) width 354: "Lorem ipsum dolor sit amet, consectetuer adipiscing elit."
        text run at (0,17) width 351: "Nulla varius enim ac mi. Curabitur sollicitudin felis quis"
        text run at (0,34) width 325: "lectus. Quisque adipiscing rhoncus sem. Proin nulla"
        text run at (0,51) width 358: "purus, vulputate vel, varius ut, euismod et, nisi. Sed vitae"
        text run at (0,68) width 343: "felis vel orci sagittis aliquam. Cras convallis adipiscing"
        text run at (0,94) width 340: "sem. Nam nonummy enim. Nullam bibendum lobortis"
        text run at (0,111) width 344: "neque. Vestibulum velit orci, tempus euismod, pretium"
        text run at (0,128) width 343: "quis, interdum vitae, nulla. Phasellus eget ante et tortor"
        text run at (0,145) width 343: "condimentum vestibulum. Suspendisse hendrerit quam"
        text run at (0,162) width 362: "nec felis. Sed varius turpis vitae pede. Lorem ipsum dolor"
        text run at (0,179) width 229: "sit amet, consectetuer adipiscing elit."
    RenderMultiColumnSpannerPlaceholder at (0,440) size 0x0
    RenderBlock (anonymous) at (0,440) size 367x221
      RenderText {#text} at (0,0) size 363x221
        text run at (0,0) width 354: "Lorem ipsum dolor sit amet, consectetuer adipiscing elit."
        text run at (0,17) width 351: "Nulla varius enim ac mi. Curabitur sollicitudin felis quis"
        text run at (0,34) width 325: "lectus. Quisque adipiscing rhoncus sem. Proin nulla"
        text run at (0,51) width 358: "purus, vulputate vel, varius ut, euismod et, nisi. Sed vitae"
        text run at (0,68) width 343: "felis vel orci sagittis aliquam. Cras convallis adipiscing"
        text run at (0,85) width 340: "sem. Nam nonummy enim. Nullam bibendum lobortis"
        text run at (0,102) width 344: "neque. Vestibulum velit orci, tempus euismod, pretium"
        text run at (0,119) width 343: "quis, interdum vitae, nulla. Phasellus eget ante et tortor"
        text run at (0,136) width 343: "condimentum vestibulum. Suspendisse hendrerit quam"
        text run at (0,153) width 362: "nec felis. Sed varius turpis vitae pede. Lorem ipsum dolor"
        text run at (0,170) width 233: "sit amet, consectetuer adipiscing elit. "
        text run at (233,170) width 121: "Lorem ipsum dolor"
        text run at (0,187) width 363: "sit amet, consectetuer adipiscing elit. Nulla varius enim ac"
        text run at (0,204) width 20: "mi."
layer at (8,993) size 760x473
  RenderBlock {DIV} at (0,977) size 760x473 [border: (5px solid #800000)]
    RenderMultiColumnSet at (5,5) size 750x102
    RenderBlock {H2} at (5,126) size 750x27 [bgcolor=#EEEEEE]
      RenderText {#text} at (0,0) size 193x26
        text run at (0,0) width 193: "This is a first span."
    RenderMultiColumnSet at (5,172) size 750x111
    RenderBlock {H2} at (5,302) size 750x27 [bgcolor=#EEEEEE]
      RenderText {#text} at (0,0) size 219x26
        text run at (0,0) width 219: "This is a second span."
    RenderMultiColumnSet at (5,348) size 750x120
layer at (13,998) size 367x628 backgroundClip at (0,0) size 785x1482 clip at (0,0) size 785x1482
  RenderMultiColumnFlowThread at (5,5) size 367x628
    RenderBlock (anonymous) at (0,0) size 367x0
      RenderInline {SPAN} at (0,0) size 0x0
        RenderText {#text} at (0,0) size 0x0
    RenderBlock (anonymous) at (0,0) size 367x187
      RenderBlock {SPAN} at (0,0) size 367x187
        RenderText {#text} at (0,0) size 362x187
          text run at (0,0) width 354: "Lorem ipsum dolor sit amet, consectetuer adipiscing elit."
          text run at (0,17) width 351: "Nulla varius enim ac mi. Curabitur sollicitudin felis quis"
          text run at (0,34) width 325: "lectus. Quisque adipiscing rhoncus sem. Proin nulla"
          text run at (0,51) width 358: "purus, vulputate vel, varius ut, euismod et, nisi. Sed vitae"
          text run at (0,68) width 343: "felis vel orci sagittis aliquam. Cras convallis adipiscing"
          text run at (0,85) width 340: "sem. Nam nonummy enim. Nullam bibendum lobortis"
          text run at (0,102) width 344: "neque. Vestibulum velit orci, tempus euismod, pretium"
          text run at (0,119) width 343: "quis, interdum vitae, nulla. Phasellus eget ante et tortor"
          text run at (0,136) width 343: "condimentum vestibulum. Suspendisse hendrerit quam"
          text run at (0,153) width 362: "nec felis. Sed varius turpis vitae pede. Lorem ipsum dolor"
          text run at (0,170) width 229: "sit amet, consectetuer adipiscing elit."
    RenderBlock (anonymous) at (0,187) size 367x0
      RenderInline {SPAN} at (0,0) size 0x0
      RenderText {#text} at (0,0) size 0x0
    RenderMultiColumnSpannerPlaceholder at (0,187) size 0x0
    RenderBlock {P} at (0,203) size 367x196
      RenderText {#text} at (0,0) size 362x196
        text run at (0,0) width 354: "Lorem ipsum dolor sit amet, consectetuer adipiscing elit."
        text run at (0,17) width 351: "Nulla varius enim ac mi. Curabitur sollicitudin felis quis"
        text run at (0,34) width 325: "lectus. Quisque adipiscing rhoncus sem. Proin nulla"
        text run at (0,51) width 358: "purus, vulputate vel, varius ut, euismod et, nisi. Sed vitae"
        text run at (0,68) width 343: "felis vel orci sagittis aliquam. Cras convallis adipiscing"
        text run at (0,94) width 340: "sem. Nam nonummy enim. Nullam bibendum lobortis"
        text run at (0,111) width 344: "neque. Vestibulum velit orci, tempus euismod, pretium"
        text run at (0,128) width 343: "quis, interdum vitae, nulla. Phasellus eget ante et tortor"
        text run at (0,145) width 343: "condimentum vestibulum. Suspendisse hendrerit quam"
        text run at (0,162) width 362: "nec felis. Sed varius turpis vitae pede. Lorem ipsum dolor"
        text run at (0,179) width 229: "sit amet, consectetuer adipiscing elit."
    RenderMultiColumnSpannerPlaceholder at (0,407) size 0x0
    RenderBlock (anonymous) at (0,407) size 367x221
      RenderText {#text} at (0,0) size 363x221
        text run at (0,0) width 354: "Lorem ipsum dolor sit amet, consectetuer adipiscing elit."
        text run at (0,17) width 351: "Nulla varius enim ac mi. Curabitur sollicitudin felis quis"
        text run at (0,34) width 325: "lectus. Quisque adipiscing rhoncus sem. Proin nulla"
        text run at (0,51) width 358: "purus, vulputate vel, varius ut, euismod et, nisi. Sed vitae"
        text run at (0,68) width 343: "felis vel orci sagittis aliquam. Cras convallis adipiscing"
        text run at (0,85) width 340: "sem. Nam nonummy enim. Nullam bibendum lobortis"
        text run at (0,102) width 344: "neque. Vestibulum velit orci, tempus euismod, pretium"
        text run at (0,119) width 343: "quis, interdum vitae, nulla. Phasellus eget ante et tortor"
        text run at (0,136) width 343: "condimentum vestibulum. Suspendisse hendrerit quam"
        text run at (0,153) width 362: "nec felis. Sed varius turpis vitae pede. Lorem ipsum dolor"
        text run at (0,170) width 233: "sit amet, consectetuer adipiscing elit. "
        text run at (233,170) width 121: "Lorem ipsum dolor"
        text run at (0,187) width 363: "sit amet, consectetuer adipiscing elit. Nulla varius enim ac"
        text run at (0,204) width 20: "mi."
