layer at (0,0) size 785x1263
  RenderView at (0,0) size 785x600
layer at (0,0) size 785x1263
  RenderBlock {HTML} at (0,0) size 785x1264
    RenderBody {BODY} at (8,16) size 769x1232
layer at (8,16) size 760x389
  RenderBlock {DIV} at (0,0) size 760x389 [border: (5px solid #800000)]
    RenderMultiColumnSet at (5,5) size 750x8
    RenderBlock {H2} at (5,32) size 750x27 [bgcolor=#EEEEEE]
      RenderText {#text} at (0,0) size 276x26
        text run at (0,0) width 276: "This is a spanning element."
    RenderMultiColumnSet at (5,78) size 750x306
layer at (13,21) size 367x602
  RenderMultiColumnFlowThread at (5,5) size 367x602
    RenderBlock {SPAN} at (0,8) size 367x187 [color=#FFFFFF] [bgcolor=#000000]
      RenderMultiColumnSpannerPlaceholder at (0,0) size 0x0
      RenderBlock (anonymous) at (0,0) size 367x187
        RenderText {#text} at (0,0) size 362x187
          text run at (0,0) width 354: "Lorem ipsum dolor sit amet, consectetuer adipiscing elit."
          text run at (0,17) width 351: "Nulla varius enim ac mi. Curabitur sollicitudin felis quis"
          text run at (0,34) width 325: "lectus. Quisque adipiscing rhoncus sem. Proin nulla"
          text run at (0,51) width 358: "purus, vulputate vel, varius ut, euismod et, nisi. Sed vitae"
          text run at (0,68) width 343: "felis vel orci sagittis aliquam. Cras convallis adipiscing"
          text run at (0,85) width 340: "sem. Nam nonummy enim. Nullam bibendum lobortis"
          text run at (0,102) width 344: "neque. Vestibulum velit orci, tempus euismod, pretium"
          text run at (0,119) width 343: "quis, interdum vitae, nulla. Phasellus eget ante et tortor"
          text run at (0,136) width 343: "condimentum vestibulum. Suspendisse hendrerit quam"
          text run at (0,153) width 362: "nec felis. Sed varius turpis vitae pede. Lorem ipsum dolor"
          text run at (0,170) width 229: "sit amet, consectetuer adipiscing elit."
    RenderBlock (anonymous) at (0,211) size 367x391
      RenderText {#text} at (0,0) size 362x187
        text run at (0,0) width 354: "Lorem ipsum dolor sit amet, consectetuer adipiscing elit."
        text run at (0,17) width 351: "Nulla varius enim ac mi. Curabitur sollicitudin felis quis"
        text run at (0,34) width 325: "lectus. Quisque adipiscing rhoncus sem. Proin nulla"
        text run at (0,51) width 358: "purus, vulputate vel, varius ut, euismod et, nisi. Sed vitae"
        text run at (0,68) width 343: "felis vel orci sagittis aliquam. Cras convallis adipiscing"
        text run at (0,85) width 340: "sem. Nam nonummy enim. Nullam bibendum lobortis"
        text run at (0,102) width 344: "neque. Vestibulum velit orci, tempus euismod, pretium"
        text run at (0,119) width 343: "quis, interdum vitae, nulla. Phasellus eget ante et tortor"
        text run at (0,136) width 343: "condimentum vestibulum. Suspendisse hendrerit quam"
        text run at (0,153) width 362: "nec felis. Sed varius turpis vitae pede. Lorem ipsum dolor"
        text run at (0,170) width 233: "sit amet, consectetuer adipiscing elit. "
      RenderInline {SPAN} at (0,0) size 42x17
        RenderText {#text} at (233,170) size 42x17
          text run at (233,170) width 42: "Lorem"
      RenderText {#text} at (275,170) size 363x221
        text run at (275,170) width 79: " ipsum dolor"
        text run at (0,187) width 363: "sit amet, consectetuer adipiscing elit. Nulla varius enim ac"
        text run at (0,204) width 318: "mi. Curabitur sollicitudin felis quis lectus. Quisque"
        text run at (0,221) width 356: "adipiscing rhoncus sem. Proin nulla purus, vulputate vel,"
        text run at (0,238) width 354: "varius ut, euismod et, nisi. Sed vitae felis vel orci sagittis"
        text run at (0,255) width 351: "aliquam. Cras convallis adipiscing sem. Nam nonummy"
        text run at (0,272) width 358: "enim. Nullam bibendum lobortis neque. Vestibulum velit"
        text run at (0,289) width 361: "orci, tempus euismod, pretium quis, interdum vitae, nulla."
        text run at (0,306) width 339: "Phasellus eget ante et tortor condimentum vestibulum."
        text run at (0,323) width 345: "Suspendisse hendrerit quam nec felis. Sed varius turpis"
        text run at (0,340) width 331: "vitae pede. Lorem ipsum dolor sit amet, consectetuer"
        text run at (0,357) width 95: "adipiscing elit. "
        text run at (95,357) width 259: "Lorem ipsum dolor sit amet, consectetuer"
        text run at (0,374) width 249: "adipiscing elit. Nulla varius enim ac mi."
layer at (8,421) size 760x389
  RenderBlock {DIV} at (0,404) size 760x390 [border: (5px solid #800000)]
    RenderMultiColumnSet at (5,5) size 750x305
    RenderBlock {H2} at (5,329) size 750x27 [bgcolor=#EEEEEE]
      RenderText {#text} at (0,0) size 276x26
        text run at (0,0) width 276: "This is a spanning element."
    RenderMultiColumnSet at (5,375) size 750x9
layer at (13,426) size 367x626
  RenderMultiColumnFlowThread at (5,5) size 367x626
    RenderBlock (anonymous) at (0,0) size 367x560
      RenderText {#text} at (0,0) size 363x560
        text run at (0,0) width 354: "Lorem ipsum dolor sit amet, consectetuer adipiscing elit."
        text run at (0,17) width 351: "Nulla varius enim ac mi. Curabitur sollicitudin felis quis"
        text run at (0,34) width 325: "lectus. Quisque adipiscing rhoncus sem. Proin nulla"
        text run at (0,51) width 358: "purus, vulputate vel, varius ut, euismod et, nisi. Sed vitae"
        text run at (0,68) width 343: "felis vel orci sagittis aliquam. Cras convallis adipiscing"
        text run at (0,85) width 340: "sem. Nam nonummy enim. Nullam bibendum lobortis"
        text run at (0,102) width 344: "neque. Vestibulum velit orci, tempus euismod, pretium"
        text run at (0,119) width 343: "quis, interdum vitae, nulla. Phasellus eget ante et tortor"
        text run at (0,136) width 343: "condimentum vestibulum. Suspendisse hendrerit quam"
        text run at (0,153) width 362: "nec felis. Sed varius turpis vitae pede. Lorem ipsum dolor"
        text run at (0,170) width 233: "sit amet, consectetuer adipiscing elit. "
        text run at (233,170) width 121: "Lorem ipsum dolor"
        text run at (0,187) width 363: "sit amet, consectetuer adipiscing elit. Nulla varius enim ac"
        text run at (0,204) width 318: "mi. Curabitur sollicitudin felis quis lectus. Quisque"
        text run at (0,221) width 356: "adipiscing rhoncus sem. Proin nulla purus, vulputate vel,"
        text run at (0,238) width 354: "varius ut, euismod et, nisi. Sed vitae felis vel orci sagittis"
        text run at (0,255) width 351: "aliquam. Cras convallis adipiscing sem. Nam nonummy"
        text run at (0,272) width 358: "enim. Nullam bibendum lobortis neque. Vestibulum velit"
        text run at (0,305) width 361: "orci, tempus euismod, pretium quis, interdum vitae, nulla."
        text run at (0,322) width 339: "Phasellus eget ante et tortor condimentum vestibulum."
        text run at (0,339) width 345: "Suspendisse hendrerit quam nec felis. Sed varius turpis"
        text run at (0,356) width 331: "vitae pede. Lorem ipsum dolor sit amet, consectetuer"
        text run at (0,373) width 95: "adipiscing elit. "
        text run at (95,373) width 259: "Lorem ipsum dolor sit amet, consectetuer"
        text run at (0,390) width 313: "adipiscing elit. Nulla varius enim ac mi. Curabitur"
        text run at (0,407) width 352: "sollicitudin felis quis lectus. Quisque adipiscing rhoncus"
        text run at (0,424) width 353: "sem. Proin nulla purus, vulputate vel, varius ut, euismod"
        text run at (0,441) width 326: "et, nisi. Sed vitae felis vel orci sagittis aliquam. Cras"
        text run at (0,458) width 350: "convallis adipiscing sem. Nam nonummy enim. Nullam"
        text run at (0,475) width 349: "bibendum lobortis neque. Vestibulum velit orci, tempus"
        text run at (0,492) width 343: "euismod, pretium quis, interdum vitae, nulla. Phasellus"
        text run at (0,509) width 357: "eget ante et tortor condimentum vestibulum. Suspendisse"
        text run at (0,526) width 336: "hendrerit quam nec felis. Sed varius turpis vitae pede."
        text run at (0,543) width 354: "Lorem ipsum dolor sit amet, consectetuer adipiscing elit."
    RenderBlock {SPAN} at (0,576) size 367x34 [color=#FFFFFF] [bgcolor=#000000]
      RenderBlock (anonymous) at (0,0) size 367x34
        RenderText {#text} at (0,0) size 354x34
          text run at (0,0) width 354: "Lorem ipsum dolor sit amet, consectetuer adipiscing elit."
          text run at (0,17) width 154: "Nulla varius enim ac mi."
      RenderMultiColumnSpannerPlaceholder at (0,34) size 0x0
layer at (8,826) size 760x421
  RenderBlock {DIV} at (0,809) size 760x423 [border: (5px solid #800000)]
    RenderMultiColumnSet at (5,5) size 750x135
    RenderBlock {H2} at (5,159) size 750x27 [bgcolor=#EEEEEE]
      RenderText {#text} at (0,0) size 276x26
        text run at (0,0) width 276: "This is a spanning element."
    RenderMultiColumnSet at (5,205) size 750x212
layer at (13,831) size 367x667 backgroundClip at (0,0) size 785x1263 clip at (0,0) size 785x1263
  RenderMultiColumnFlowThread at (5,5) size 367x667
    RenderBlock {P} at (0,16) size 367x187
      RenderText {#text} at (0,0) size 362x187
        text run at (0,0) width 354: "Lorem ipsum dolor sit amet, consectetuer adipiscing elit."
        text run at (0,17) width 351: "Nulla varius enim ac mi. Curabitur sollicitudin felis quis"
        text run at (0,34) width 325: "lectus. Quisque adipiscing rhoncus sem. Proin nulla"
        text run at (0,51) width 358: "purus, vulputate vel, varius ut, euismod et, nisi. Sed vitae"
        text run at (0,68) width 343: "felis vel orci sagittis aliquam. Cras convallis adipiscing"
        text run at (0,85) width 340: "sem. Nam nonummy enim. Nullam bibendum lobortis"
        text run at (0,102) width 344: "neque. Vestibulum velit orci, tempus euismod, pretium"
        text run at (0,119) width 343: "quis, interdum vitae, nulla. Phasellus eget ante et tortor"
        text run at (0,136) width 343: "condimentum vestibulum. Suspendisse hendrerit quam"
        text run at (0,153) width 362: "nec felis. Sed varius turpis vitae pede. Lorem ipsum dolor"
        text run at (0,170) width 229: "sit amet, consectetuer adipiscing elit."
    RenderBlock {SPAN} at (0,219) size 367x237 [color=#FFFFFF] [bgcolor=#000000]
      RenderBlock (anonymous) at (0,0) size 367x34
        RenderText {#text} at (0,0) size 354x34
          text run at (0,0) width 354: "Lorem ipsum dolor sit amet, consectetuer adipiscing elit."
          text run at (0,17) width 154: "Nulla varius enim ac mi."
      RenderMultiColumnSpannerPlaceholder at (0,34) size 0x0
      RenderBlock {P} at (0,50) size 367x187
        RenderText {#text} at (0,0) size 362x187
          text run at (0,0) width 354: "Lorem ipsum dolor sit amet, consectetuer adipiscing elit."
          text run at (0,17) width 351: "Nulla varius enim ac mi. Curabitur sollicitudin felis quis"
          text run at (0,34) width 325: "lectus. Quisque adipiscing rhoncus sem. Proin nulla"
          text run at (0,51) width 358: "purus, vulputate vel, varius ut, euismod et, nisi. Sed vitae"
          text run at (0,68) width 343: "felis vel orci sagittis aliquam. Cras convallis adipiscing"
          text run at (0,85) width 340: "sem. Nam nonummy enim. Nullam bibendum lobortis"
          text run at (0,102) width 344: "neque. Vestibulum velit orci, tempus euismod, pretium"
          text run at (0,119) width 343: "quis, interdum vitae, nulla. Phasellus eget ante et tortor"
          text run at (0,136) width 343: "condimentum vestibulum. Suspendisse hendrerit quam"
          text run at (0,153) width 362: "nec felis. Sed varius turpis vitae pede. Lorem ipsum dolor"
          text run at (0,170) width 229: "sit amet, consectetuer adipiscing elit."
    RenderBlock (anonymous) at (0,464) size 367x187
      RenderText {#text} at (0,0) size 362x187
        text run at (0,0) width 354: "Lorem ipsum dolor sit amet, consectetuer adipiscing elit."
        text run at (0,17) width 351: "Nulla varius enim ac mi. Curabitur sollicitudin felis quis"
        text run at (0,34) width 325: "lectus. Quisque adipiscing rhoncus sem. Proin nulla"
        text run at (0,51) width 358: "purus, vulputate vel, varius ut, euismod et, nisi. Sed vitae"
        text run at (0,68) width 343: "felis vel orci sagittis aliquam. Cras convallis adipiscing"
        text run at (0,85) width 340: "sem. Nam nonummy enim. Nullam bibendum lobortis"
        text run at (0,102) width 344: "neque. Vestibulum velit orci, tempus euismod, pretium"
        text run at (0,119) width 343: "quis, interdum vitae, nulla. Phasellus eget ante et tortor"
        text run at (0,136) width 343: "condimentum vestibulum. Suspendisse hendrerit quam"
        text run at (0,153) width 362: "nec felis. Sed varius turpis vitae pede. Lorem ipsum dolor"
        text run at (0,170) width 229: "sit amet, consectetuer adipiscing elit."
    RenderBlock {P} at (0,667) size 367x0
