layer at (0,0) size 800x600
  RenderView at (0,0) size 800x600
layer at (0,0) size 800x600
  RenderBlock {HTML} at (0,0) size 800x600
    RenderBody {BODY} at (8,8) size 784x576
      RenderBlock {FORM} at (0,0) size 784x27
        RenderTable {TABLE} at (0,0) size 648x27 [bgcolor=#FFE030] [border: (1px outset #808080)]
          RenderTableSection {TBODY} at (1,1) size 646x25
            RenderTableRow {TR} at (0,0) size 646x25
              RenderTableCell {TD} at (0,0) size 646x25 [border: (1px inset #808080)] [r=0 c=0 rs=1 cs=1]
                RenderInline {NOBR} at (0,0) size 644x18
                  RenderTextControl {INPUT} at (3,3) size 202x19 [bgcolor=#FFFFFF] [border: (2px inset #000000)]
                  RenderText {#text} at (206,3) size 14x18
                    text run at (206,3) width 14: " - "
                  RenderTextControl {INPUT} at (221,3) size 203x19 [bgcolor=#FFFFFF] [border: (2px inset #000000)]
                  RenderText {#text} at (425,3) size 14x18
                    text run at (425,3) width 14: " - "
                  RenderTextControl {INPUT} at (440,3) size 203x19 [bgcolor=#FFFFFF] [border: (2px inset #000000)]
                RenderText {#text} at (0,0) size 0x0
            RenderTableRow {TR} at (0,25) size 646x0
layer at (15,15) size 196x13
  RenderBlock {DIV} at (3,3) size 196x13
layer at (234,15) size 196x13 backgroundClip at (234,15) size 195x13 clip at (234,15) size 195x13
  RenderBlock {DIV} at (3,3) size 196x13
layer at (453,15) size 196x13 backgroundClip at (453,15) size 195x13 clip at (453,15) size 195x13
  RenderBlock {DIV} at (3,3) size 196x13
