layer at (0,0) size 800x600
  RenderView at (0,0) size 800x600
layer at (0,0) size 800x600
  RenderBlock {HTML} at (0,0) size 800x600
    RenderBody {BODY} at (8,8) size 784x584
      RenderTable {TABLE} at (0,0) size 784x65 [bgcolor=#00FFFF] [border: (1px outset #808080)]
        RenderTableSection {TBODY} at (1,1) size 782x63
          RenderTableRow {TR} at (0,2) size 782x59
            RenderTableCell {TD} at (2,2) size 304x59 [border: (1px inset #808080)] [r=0 c=0 rs=1 cs=1]
              RenderInline {FONT} at (0,0) size 100x37 [color=#0000FF]
                RenderText {#text} at (2,2) size 100x37
                  text run at (2,2) width 100: "Mozilla"
              RenderText {#text} at (101,17) size 279x40
                text run at (101,17) width 153: " code available under a "
                text run at (253,17) width 28: "dual"
                text run at (2,39) width 124: "MPL/GPL license. "
                text run at (125,39) width 141: "See the for more info."
              RenderBR {BR} at (265,53) size 1x0
            RenderTableCell {TD} at (308,20) size 472x23 [border: (1px inset #808080)] [r=0 c=1 rs=1 cs=1]
              RenderText {#text} at (2,2) size 245x19
                text run at (2,3) width 245: "foo bar foo bar foo bar foo bar foo bar"
      RenderBlock (anonymous) at (0,65) size 784x41
        RenderBR {BR} at (0,0) size 0x18
        RenderButton {INPUT} at (2,21) size 54x18 [bgcolor=#C0C0C0]
          RenderBlock (anonymous) at (8,2) size 38x13
            RenderText at (0,0) size 38x13
              text run at (0,0) width 38: "Reload"
        RenderText {#text} at (57,20) size 9x18
          text run at (57,20) width 9: "  "
        RenderButton {INPUT} at (67,21) size 84x18 [bgcolor=#C0C0C0]
          RenderBlock (anonymous) at (8,2) size 68x13
            RenderText at (0,0) size 68x13
              text run at (0,0) width 68: "Change Font"
        RenderText {#text} at (152,20) size 9x18
          text run at (152,20) width 9: "  "
        RenderTextControl {INPUT} at (162,20) size 138x19 [bgcolor=#FFFFFF] [border: (2px inset #000000)]
        RenderText {#text} at (0,0) size 0x0
layer at (174,96) size 130x13
  RenderBlock {DIV} at (3,3) size 131x13
    RenderText {#text} at (0,0) size 7x13
      text run at (0,0) width 7: "6"
