layer at (0,0) size 800x600
  RenderView at (0,0) size 800x600
layer at (0,0) size 800x600
  RenderBlock {HTML} at (0,0) size 800x600
    RenderBody {BODY} at (8,8) size 784x576
      RenderBlock (anonymous) at (0,0) size 784x18
        RenderText {#text} at (0,0) size 270x18
          text run at (0,0) width 270: "The select should not contain blank items "
        RenderBR {BR} at (269,14) size 1x0
      RenderBlock {FORM} at (0,18) size 784x23
        RenderInline {B} at (0,0) size 47x18
          RenderText {#text} at (0,2) size 47x18
            text run at (0,2) width 47: "Search"
        RenderText {#text} at (46,2) size 5x18
          text run at (46,2) width 5: " "
        RenderTextControl {INPUT} at (52,2) size 125x19 [bgcolor=#FFFFFF] [border: (2px inset #000000)]
        RenderText {#text} at (178,2) size 5x18
          text run at (178,2) width 5: " "
        RenderMenuList {SELECT} at (184,3) size 77x18 [bgcolor=#FFFFFF]
          RenderBlock (anonymous) at (0,0) size 76x18
            RenderText at (8,2) size 33x13
              text run at (8,2) width 33: "Excite"
        RenderText {#text} at (0,0) size 0x0
      RenderBlock (anonymous) at (0,57) size 784x36
        RenderBR {BR} at (0,0) size 0x18
        RenderText {#text} at (0,18) size 270x18
          text run at (0,18) width 270: "The select should not contain blank items "
        RenderBR {BR} at (269,32) size 1x0
      RenderBlock {FORM} at (0,93) size 784x22
        RenderMenuList {SELECT} at (2,2) size 226x18 [bgcolor=#FFFFFF]
          RenderBlock (anonymous) at (0,0) size 226x18
            RenderText at (8,2) size 56x13
              text run at (8,2) width 56: "Quick Link"
layer at (64,31) size 117x13
  RenderBlock {DIV} at (3,3) size 118x13
