layer at (0,0) size 800x600
  RenderView at (0,0) size 800x600
layer at (0,0) size 800x600
  RenderBlock {HTML} at (0,0) size 800x600
    RenderBody {BODY} at (8,8) size 784x584
      RenderTable {TABLE} at (0,0) size 346x35
        RenderTableSection {TBODY} at (0,0) size 346x35
          RenderTableRow {TR} at (0,2) size 346x31
            RenderTableCell {TD} at (2,2) size 342x31 [r=0 c=0 rs=1 cs=1]
              RenderTable {TABLE} at (1,1) size 340x29
                RenderTableSection {TBODY} at (0,0) size 340x29
                  RenderTableRow {TR} at (0,2) size 340x25
                    RenderTableCell {TH} at (2,4) size 61x21 [r=0 c=0 rs=1 cs=1]
                      RenderText {#text} at (1,1) size 59x19
                        text run at (1,2) width 59: "User ID:"
                    RenderTableCell {TD} at (64,2) size 274x25 [r=0 c=1 rs=1 cs=1]
                      RenderTextControl {INPUT} at (3,3) size 267x19 [bgcolor=#FFFFFF] [border: (2px inset #000000)]
                      RenderText {#text} at (0,0) size 0x0
layer at (82,19) size 261x13
  RenderBlock {DIV} at (3,3) size 261x13
