layer at (0,0) size 996x585
  RenderView at (0,0) size 800x585
layer at (0,0) size 800x585
  RenderBlock {HTML} at (0,0) size 800x585
    RenderBody {BODY} at (8,8) size 784x569
      RenderTable {TABLE} at (0,0) size 988x147 [border: (2px solid #0000FF)]
        RenderTableSection {TBODY} at (2,2) size 984x143
          RenderTableRow {TR} at (0,2) size 984x139
            RenderTableCell {TD} at (2,2) size 222x139 [border: (1px solid #C0C0C0)] [r=0 c=0 rs=1 cs=1]
              RenderTable {TABLE} at (2,2) size 218x135 [border: (2px solid #008000)]
                RenderTableSection {TBODY} at (2,2) size 214x131
                  RenderTableRow {TR} at (0,2) size 214x87
                    RenderTableCell {TD} at (2,2) size 210x87 [border: (1px solid #C0C0C0)] [r=0 c=0 rs=1 cs=1]
                      RenderTable {TABLE} at (2,2) size 153x35 [border: (2px solid #FF0000)]
                        RenderTableSection {TBODY} at (2,2) size 149x31
                          RenderTableRow {TR} at (0,2) size 149x27
                            RenderTableCell {TD} at (2,2) size 145x27 [border: (1px solid #C0C0C0)] [r=0 c=0 rs=1 cs=1]
                              RenderTextControl {INPUT} at (4,4) size 137x19 [bgcolor=#FFFFFF] [border: (2px inset #000000)]
                              RenderText {#text} at (0,0) size 0x0
                      RenderTable {TABLE} at (2,37) size 206x48 [border: (2px solid #FF0000)]
                        RenderTableSection {TBODY} at (2,2) size 202x44
                          RenderTableRow {TR} at (0,2) size 202x40
                            RenderTableCell {TD} at (2,2) size 198x40 [border: (1px solid #C0C0C0)] [r=0 c=0 rs=1 cs=1]
                              RenderText {#text} at (2,2) size 171x36
                                text run at (2,2) width 171: "THIS TABLE NEEDS TO"
                                text run at (2,20) width 67: "BE HERE"
                  RenderTableRow {TR} at (0,91) size 214x38
                    RenderTableCell {TD} at (2,91) size 210x38 [border: (1px solid #C0C0C0)] [r=1 c=0 rs=1 cs=1]
                      RenderTable {TABLE} at (2,2) size 206x34 [border: (2px solid #FF0000)]
                        RenderTableSection {TBODY} at (2,2) size 202x30
                          RenderTableRow {TR} at (0,2) size 202x26
                            RenderTableCell {TD} at (2,2) size 198x26 [border: (1px solid #C0C0C0)] [r=0 c=0 rs=1 cs=1]
                              RenderMenuList {SELECT} at (4,4) size 190x18 [bgcolor=#FFFFFF]
                                RenderBlock (anonymous) at (0,0) size 190x18
                                  RenderText at (8,2) size 159x13
                                    text run at (8,2) width 159: "USE THIS JAVASCRIPT HERE"
                              RenderText {#text} at (0,0) size 0x0
            RenderTableCell {TD} at (226,2) size 756x40 [border: (1px solid #C0C0C0)] [r=0 c=1 rs=1 cs=1]
              RenderText {#text} at (2,2) size 752x36
                text run at (2,2) width 752: "KEEPoTHEoTEXToHEREoASoLONGoASoPOSSIBLEooKEEPoTHEoTEXToHEREoASoLONGoASoPOSSIBLE"
                text run at (2,20) width 602: "THIS SIMULATES THE PROBLEM ON THE WWW.MAPBLAST.COM/ \"CREATE MAP\""
layer at (31,31) size 130x13 scrollWidth 137
  RenderBlock {DIV} at (3,3) size 131x13
    RenderText {#text} at (0,0) size 137x13
      text run at (0,0) width 137: "THIS NEEDS THIS VALUE"
