layer at (0,0) size 800x600
  RenderView at (0,0) size 800x600
layer at (0,0) size 800x270
  RenderBlock {HTML} at (0,0) size 800x270
    RenderBody {BODY} at (8,8) size 784x254
      RenderBlock (anonymous) at (0,0) size 784x40
        RenderText {#text} at (0,0) size 779x39
          text run at (0,0) width 411: "Test for empty buttons, which inherit from RenderFlexibleBox. "
          text run at (410,0) width 369: "Empty <input> buttons should not collapse, which makes"
          text run at (0,20) width 498: "them different from most flex boxes. Empty <button>s should collapse. Note "
        RenderInline {A} at (0,0) size 77x19 [color=#0000EE]
          RenderText {#text} at (497,20) size 77x19
            text run at (497,20) width 77: "bug 110654"
        RenderText {#text} at (573,20) size 5x19
          text run at (573,20) width 5: "."
      RenderBlock {HR} at (0,48) size 784x2 [border: (1px inset #000000)]
      RenderBlock (anonymous) at (0,58) size 784x72
        RenderText {#text} at (0,0) size 81x19
          text run at (0,0) width 81: "Simple case."
        RenderBR {BR} at (80,0) size 1x19
        RenderButton {BUTTON} at (2,22) size 24x20 [bgcolor=#FFFFFF02] [border: (1px solid #4C4C4C)]
        RenderBR {BR} at (28,26) size 0x19
        RenderButton {INPUT} at (2,48) size 24x20 [bgcolor=#FFFFFF02] [border: (1px solid #4C4C4C)]
        RenderBR {BR} at (28,52) size 0x19
      RenderBlock {HR} at (0,138) size 784x2 [border: (1px inset #000000)]
      RenderBlock (anonymous) at (0,148) size 784x106
        RenderText {#text} at (0,0) size 745x39
          text run at (0,0) width 745: "Empty <button> and <input type=button> with overflow: scroll;. The presence of the scrollbar should not shrink the"
          text run at (0,20) width 45: "button."
        RenderBR {BR} at (44,20) size 1x19
        RenderBR {BR} at (43,40) size 0x19
        RenderBR {BR} at (43,73) size 0x19
layer at (10,207) size 39x20 clip at (11,208) size 22x3
  RenderButton {BUTTON} at (2,51) size 39x20 [bgcolor=#FFFFFF02] [border: (1px solid #4C4C4C)]
layer at (10,240) size 39x20 clip at (11,241) size 22x3
  RenderButton {INPUT} at (2,84) size 39x20 [bgcolor=#FFFFFF02] [border: (1px solid #4C4C4C)]
