layer at (0,0) size 785x2275
  RenderView at (0,0) size 785x600
layer at (0,0) size 785x2275
  RenderBlock {HTML} at (0,0) size 785x2276
    RenderBody {BODY} at (8,8) size 769x2252 [bgcolor=#FFDEAD]
      RenderBlock {H1} at (0,0) size 769x72
        RenderInline {FONT} at (0,0) size 473x72 [color=#FF0000]
          RenderText {#text} at (0,0) size 295x36
            text run at (0,0) width 295: "Acceptance Test Case"
          RenderBR {BR} at (295,29) size 0x0
          RenderText {#text} at (0,36) size 473x36
            text run at (0,36) width 473: "Web Browser: Web View (HTML)"
      RenderBlock {P} at (0,93) size 769x27
        RenderInline {FONT} at (0,0) size 357x26 [color=#FF0000]
          RenderInline {B} at (0,0) size 357x26
            RenderText {#text} at (0,0) size 357x26
              text run at (0,0) width 357: "Table: <TH> & <TD> ROWSPAN"
        RenderText {#text} at (0,0) size 0x0
      RenderBlock {HR} at (0,135) size 769x3 [border: (1px inset #000000)]
      RenderBlock (anonymous) at (0,145) size 769x52
        RenderText {#text} at (0,0) size 270x17
          text run at (0,0) width 270: "This acceptance test case tests the optional "
        RenderInline {B} at (0,0) size 41x17
          RenderText {#text} at (270,0) size 41x17
            text run at (270,0) width 41: "<TH>"
        RenderText {#text} at (311,0) size 20x17
          text run at (311,0) width 20: " & "
        RenderInline {B} at (0,0) size 41x17
          RenderText {#text} at (331,0) size 41x17
            text run at (331,0) width 41: "<TD>"
        RenderText {#text} at (372,0) size 27x17
          text run at (372,0) width 27: " tag "
        RenderInline {B} at (0,0) size 83x17
          RenderText {#text} at (399,0) size 83x17
            text run at (399,0) width 83: "ROWSPAN"
        RenderText {#text} at (482,0) size 729x34
          text run at (482,0) width 106: " attribute which, "
          text run at (588,0) width 141: "when placed in a table"
          text run at (0,17) width 554: "header or data tag, specifies how many rows the table header or data cell will span. The "
        RenderInline {B} at (0,0) size 83x17
          RenderText {#text} at (554,17) size 83x17
            text run at (554,17) width 83: "ROWSPAN"
        RenderText {#text} at (637,17) size 762x34
          text run at (637,17) width 125: " attribute is set to an"
          text run at (0,34) width 465: "integer value equal the number of rows the table header or data cell spans."
      RenderBlock {P} at (0,212) size 769x18
        RenderInline {B} at (0,0) size 119x17
          RenderText {#text} at (0,0) size 119x17
            text run at (0,0) width 119: "Test Instructions:"
        RenderText {#text} at (0,0) size 0x0
      RenderBlock {OL} at (0,245) size 769x236
        RenderListItem {LI} at (40,0) size 729x17
          RenderListMarker at (-20,0) size 16x17: "1"
          RenderText {#text} at (0,0) size 498x17
            text run at (0,0) width 498: "Verify that the sample text displays as stated in each of the following test cases:"
        RenderBlock {P} at (40,33) size 729x101
          RenderTable {TABLE} at (0,0) size 526x101 [bgcolor=#F08080]
            RenderTableSection {TBODY} at (0,0) size 526x101
              RenderTableRow {TR} at (0,2) size 526x31
                RenderTableCell {TD} at (2,2) size 96x31 [r=0 c=0 rs=1 cs=1]
                  RenderInline {A} at (0,0) size 82x17 [color=#0000EE]
                    RenderText {#text} at (7,7) size 82x17
                      text run at (7,7) width 82: "Test Case #1"
                RenderTableCell {TD} at (100,2) size 424x31 [r=0 c=1 rs=1 cs=1]
                  RenderInline {FONT} at (0,0) size 312x17 [color=#0000FF]
                    RenderInline {B} at (0,0) size 312x17
                      RenderText {#text} at (7,7) size 312x17
                        text run at (7,7) width 312: "table with header cells spanning multiple rows"
              RenderTableRow {TR} at (0,35) size 526x31
                RenderTableCell {TD} at (2,35) size 96x31 [r=1 c=0 rs=1 cs=1]
                  RenderInline {A} at (0,0) size 82x17 [color=#0000EE]
                    RenderText {#text} at (7,7) size 82x17
                      text run at (7,7) width 82: "Test Case #2"
                RenderTableCell {TD} at (100,35) size 424x31 [r=1 c=1 rs=1 cs=1]
                  RenderInline {FONT} at (0,0) size 295x17 [color=#0000FF]
                    RenderInline {B} at (0,0) size 295x17
                      RenderText {#text} at (7,7) size 295x17
                        text run at (7,7) width 295: "table with data cells spanning multiple rows"
              RenderTableRow {TR} at (0,68) size 526x31
                RenderTableCell {TD} at (2,68) size 96x31 [r=2 c=0 rs=1 cs=1]
                  RenderInline {A} at (0,0) size 82x17 [color=#0000EE]
                    RenderText {#text} at (7,7) size 82x17
                      text run at (7,7) width 82: "Test Case #3"
                RenderTableCell {TD} at (100,68) size 424x31 [r=2 c=1 rs=1 cs=1]
                  RenderInline {FONT} at (0,0) size 410x17 [color=#0000FF]
                    RenderInline {B} at (0,0) size 410x17
                      RenderText {#text} at (7,7) size 410x17
                        text run at (7,7) width 410: "table with nested header & data cells spanning multiple rows"
        RenderBlock {P} at (40,150) size 729x0
        RenderListItem {LI} at (40,150) size 729x17
          RenderListMarker at (-20,0) size 16x17: "2"
          RenderText {#text} at (0,0) size 283x17
            text run at (0,0) width 283: "Verify that the table is maintained when you "
          RenderInline {B} at (0,0) size 129x17
            RenderText {#text} at (283,0) size 129x17
              text run at (283,0) width 129: "minimize/maximize"
          RenderText {#text} at (412,0) size 71x17
            text run at (412,0) width 71: " the screen."
        RenderListItem {LI} at (40,167) size 729x17
          RenderListMarker at (-20,0) size 16x17: "3"
          RenderText {#text} at (0,0) size 283x17
            text run at (0,0) width 283: "Verify that the table is maintained when you "
          RenderInline {B} at (0,0) size 122x17
            RenderText {#text} at (283,0) size 122x17
              text run at (283,0) width 122: "re-size left & right"
          RenderText {#text} at (405,0) size 71x17
            text run at (405,0) width 71: " the screen."
        RenderListItem {LI} at (40,184) size 729x17
          RenderListMarker at (-20,0) size 16x17: "4"
          RenderText {#text} at (0,0) size 283x17
            text run at (0,0) width 283: "Verify that the table is maintained when you "
          RenderInline {B} at (0,0) size 138x17
            RenderText {#text} at (283,0) size 138x17
              text run at (283,0) width 138: "re-size top & bottom"
          RenderText {#text} at (421,0) size 71x17
            text run at (421,0) width 71: " the screen."
        RenderListItem {LI} at (40,201) size 729x17
          RenderListMarker at (-20,0) size 16x17: "5"
          RenderText {#text} at (0,0) size 407x17
            text run at (0,0) width 407: "Verify re-draw takes place correctly after maximizing the screen."
        RenderListItem {LI} at (40,218) size 729x17
          RenderListMarker at (-20,0) size 16x17: "6"
          RenderText {#text} at (0,0) size 131x17
            text run at (0,0) width 131: "Verify reload works."
      RenderBlock {HR} at (0,496) size 769x3 [border: (1px inset #000000)]
      RenderBlock {P} at (0,514) size 769x61
        RenderTable {TABLE} at (0,0) size 654x60 [bgcolor=#F08080] [border: (1px outset #808080)]
          RenderTableSection {TBODY} at (1,1) size 652x58
            RenderTableRow {TR} at (0,2) size 652x54
              RenderTableCell {TH} at (2,2) size 648x54 [border: (1px inset #808080)] [r=0 c=0 rs=1 cs=1]
                RenderInline {A} at (0,0) size 0x0
                RenderText {#text} at (11,11) size 95x17
                  text run at (11,11) width 95: "Test Case #1: "
                RenderInline {FONT} at (0,0) size 312x17 [color=#0000FF]
                  RenderText {#text} at (106,11) size 312x17
                    text run at (106,11) width 312: "table with header cells spanning multiple rows"
                RenderText {#text} at (418,11) size 4x17
                  text run at (418,11) width 4: " "
                RenderInline {FONT} at (0,0) size 625x30
                  RenderInline {I} at (0,0) size 625x30
                    RenderText {#text} at (422,13) size 625x30
                      text run at (422,13) width 214: "(using <TH ROWSPAN=integer value>"
                      text run at (11,28) width 22: "tag)"
                RenderText {#text} at (0,0) size 0x0
      RenderBlock {P} at (0,590) size 769x131
        RenderBlock (anonymous) at (0,0) size 769x17
          RenderBR {BR} at (0,0) size 0x17
        RenderTable {TABLE} at (0,17) size 693x113 [bgcolor=#FFD700] [border: (1px outset #808080)]
          RenderTableSection {TBODY} at (1,1) size 691x111
            RenderTableRow {TR} at (0,2) size 691x107
              RenderTableCell {TD} at (2,2) size 687x107 [border: (1px inset #808080)] [r=0 c=0 rs=1 cs=1]
                RenderInline {FONT} at (0,0) size 659x85 [color=#FF0000]
                  RenderInline {B} at (0,0) size 659x85
                    RenderText {#text} at (11,11) size 356x17
                      text run at (11,11) width 356: "In the following sample table you should see that the "
                    RenderInline {FONT} at (0,0) size 83x17 [color=#0000FF]
                      RenderText {#text} at (367,11) size 83x17
                        text run at (367,11) width 83: "ROWSPAN"
                    RenderText {#text} at (450,11) size 625x34
                      text run at (450,11) width 4: " "
                      text run at (454,11) width 182: "attribute applies an integer"
                      text run at (11,28) width 260: "value equal to the number of rows the "
                    RenderInline {FONT} at (0,0) size 70x17 [color=#0000FF]
                      RenderText {#text} at (271,28) size 70x17
                        text run at (271,28) width 70: "HEADER"
                    RenderText {#text} at (341,28) size 659x68
                      text run at (341,28) width 135: " cell is to span. This "
                      text run at (476,28) width 194: "tells the browser to make the"
                      text run at (11,45) width 637: "table header cell occupy the same vertical space as the integer number of cells specified in rows"
                      text run at (11,62) width 606: "above or below it. The browser flows the contents of the spanning cell to occupy the entire"
                      text run at (11,79) width 102: "spanned space."
      RenderBlock {P} at (0,736) size 769x35
        RenderBR {BR} at (0,0) size 0x17
        RenderBR {BR} at (0,17) size 0x17
      RenderBlock {UL} at (0,786) size 769x252
        RenderTable {TABLE} at (40,0) size 474x251 [border: (1px outset #808080)]
          RenderBlock {CAPTION} at (0,0) size 474x17
            RenderText {#text} at (97,0) size 41x17
              text run at (97,0) width 41: "Table "
            RenderInline {B} at (0,0) size 88x17
              RenderText {#text} at (137,0) size 88x17
                text run at (137,0) width 88: "Header Cells"
            RenderText {#text} at (224,0) size 152x17
              text run at (224,0) width 152: " spanning multiple rows"
          RenderTableSection {TBODY} at (1,18) size 472x232
            RenderTableRow {TR} at (0,2) size 472x21
              RenderTableCell {TH} at (2,5) size 100x38 [bgcolor=#FFE4C4] [border: (1px inset #808080)] [r=0 c=0 rs=2 cs=1]
                RenderText {#text} at (18,2) size 63x17
                  text run at (18,2) width 63: "Header 1"
                RenderBR {BR} at (80,19) size 1x0
                RenderText {#text} at (6,19) size 87x17
                  text run at (6,19) width 87: "span=2 rows"
              RenderTableCell {TD} at (103,2) size 40x21 [bgcolor=#EE82EE] [border: (1px inset #808080)] [r=0 c=1 rs=1 cs=1]
                RenderText {#text} at (2,2) size 31x17
                  text run at (2,2) width 31: "col 1"
              RenderTableCell {TD} at (144,2) size 40x21 [bgcolor=#EE82EE] [border: (1px inset #808080)] [r=0 c=2 rs=1 cs=1]
                RenderText {#text} at (2,2) size 31x17
                  text run at (2,2) width 31: "col 2"
              RenderTableCell {TD} at (185,2) size 40x21 [bgcolor=#EE82EE] [border: (1px inset #808080)] [r=0 c=3 rs=1 cs=1]
                RenderText {#text} at (2,2) size 31x17
                  text run at (2,2) width 31: "col 3"
              RenderTableCell {TD} at (226,2) size 40x21 [bgcolor=#EE82EE] [border: (1px inset #808080)] [r=0 c=4 rs=1 cs=1]
                RenderText {#text} at (2,2) size 31x17
                  text run at (2,2) width 31: "col 4"
              RenderTableCell {TD} at (267,2) size 40x21 [bgcolor=#EE82EE] [border: (1px inset #808080)] [r=0 c=5 rs=1 cs=1]
                RenderText {#text} at (2,2) size 31x17
                  text run at (2,2) width 31: "col 5"
              RenderTableCell {TD} at (308,2) size 40x21 [bgcolor=#EE82EE] [border: (1px inset #808080)] [r=0 c=6 rs=1 cs=1]
                RenderText {#text} at (2,2) size 31x17
                  text run at (2,2) width 31: "col 6"
              RenderTableCell {TD} at (349,2) size 40x21 [bgcolor=#EE82EE] [border: (1px inset #808080)] [r=0 c=7 rs=1 cs=1]
                RenderText {#text} at (2,2) size 31x17
                  text run at (2,2) width 31: "col 7"
              RenderTableCell {TD} at (390,2) size 40x21 [bgcolor=#EE82EE] [border: (1px inset #808080)] [r=0 c=8 rs=1 cs=1]
                RenderText {#text} at (2,2) size 31x17
                  text run at (2,2) width 31: "col 8"
              RenderTableCell {TD} at (431,2) size 39x21 [bgcolor=#EE82EE] [border: (1px inset #808080)] [r=0 c=9 rs=1 cs=1]
                RenderText {#text} at (2,2) size 31x17
                  text run at (2,2) width 31: "col 9"
            RenderTableRow {TR} at (0,25) size 472x21
              RenderTableCell {TD} at (103,25) size 40x21 [bgcolor=#EE82EE] [border: (1px inset #808080)] [r=1 c=1 rs=1 cs=1]
                RenderText {#text} at (2,2) size 31x17
                  text run at (2,2) width 31: "col 1"
              RenderTableCell {TD} at (144,25) size 40x21 [bgcolor=#EE82EE] [border: (1px inset #808080)] [r=1 c=2 rs=1 cs=1]
                RenderText {#text} at (2,2) size 31x17
                  text run at (2,2) width 31: "col 2"
              RenderTableCell {TD} at (185,25) size 40x21 [bgcolor=#EE82EE] [border: (1px inset #808080)] [r=1 c=3 rs=1 cs=1]
                RenderText {#text} at (2,2) size 31x17
                  text run at (2,2) width 31: "col 3"
              RenderTableCell {TD} at (226,25) size 40x21 [bgcolor=#EE82EE] [border: (1px inset #808080)] [r=1 c=4 rs=1 cs=1]
                RenderText {#text} at (2,2) size 31x17
                  text run at (2,2) width 31: "col 4"
              RenderTableCell {TD} at (267,25) size 40x21 [bgcolor=#EE82EE] [border: (1px inset #808080)] [r=1 c=5 rs=1 cs=1]
                RenderText {#text} at (2,2) size 31x17
                  text run at (2,2) width 31: "col 5"
              RenderTableCell {TD} at (308,25) size 40x21 [bgcolor=#EE82EE] [border: (1px inset #808080)] [r=1 c=6 rs=1 cs=1]
                RenderText {#text} at (2,2) size 31x17
                  text run at (2,2) width 31: "col 6"
              RenderTableCell {TD} at (349,25) size 40x21 [bgcolor=#EE82EE] [border: (1px inset #808080)] [r=1 c=7 rs=1 cs=1]
                RenderText {#text} at (2,2) size 31x17
                  text run at (2,2) width 31: "col 7"
              RenderTableCell {TD} at (390,25) size 40x21 [bgcolor=#EE82EE] [border: (1px inset #808080)] [r=1 c=8 rs=1 cs=1]
                RenderText {#text} at (2,2) size 31x17
                  text run at (2,2) width 31: "col 8"
              RenderTableCell {TD} at (431,25) size 39x21 [bgcolor=#EE82EE] [border: (1px inset #808080)] [r=1 c=9 rs=1 cs=1]
                RenderText {#text} at (2,2) size 31x17
                  text run at (2,2) width 31: "col 9"
            RenderTableRow {TR} at (0,48) size 472x21
              RenderTableCell {TH} at (2,85) size 100x39 [bgcolor=#FFE4C4] [border: (1px inset #808080)] [r=2 c=0 rs=5 cs=1]
                RenderText {#text} at (18,2) size 63x18
                  text run at (18,3) width 63: "Header 2"
                RenderBR {BR} at (80,53) size 1x1
                RenderText {#text} at (6,19) size 87x18
                  text run at (6,20) width 87: "span=5 rows"
              RenderTableCell {TD} at (103,48) size 40x21 [bgcolor=#90EE90] [border: (1px inset #808080)] [r=2 c=1 rs=1 cs=1]
                RenderText {#text} at (2,2) size 31x17
                  text run at (2,2) width 31: "col 1"
              RenderTableCell {TD} at (144,48) size 40x21 [bgcolor=#90EE90] [border: (1px inset #808080)] [r=2 c=2 rs=1 cs=1]
                RenderText {#text} at (2,2) size 31x17
                  text run at (2,2) width 31: "col 2"
              RenderTableCell {TD} at (185,48) size 40x21 [bgcolor=#90EE90] [border: (1px inset #808080)] [r=2 c=3 rs=1 cs=1]
                RenderText {#text} at (2,2) size 31x17
                  text run at (2,2) width 31: "col 3"
              RenderTableCell {TD} at (226,48) size 40x21 [bgcolor=#90EE90] [border: (1px inset #808080)] [r=2 c=4 rs=1 cs=1]
                RenderText {#text} at (2,2) size 31x17
                  text run at (2,2) width 31: "col 4"
              RenderTableCell {TD} at (267,48) size 40x21 [bgcolor=#90EE90] [border: (1px inset #808080)] [r=2 c=5 rs=1 cs=1]
                RenderText {#text} at (2,2) size 31x17
                  text run at (2,2) width 31: "col 5"
              RenderTableCell {TD} at (308,48) size 40x21 [bgcolor=#90EE90] [border: (1px inset #808080)] [r=2 c=6 rs=1 cs=1]
                RenderText {#text} at (2,2) size 31x17
                  text run at (2,2) width 31: "col 6"
              RenderTableCell {TD} at (349,48) size 40x21 [bgcolor=#90EE90] [border: (1px inset #808080)] [r=2 c=7 rs=1 cs=1]
                RenderText {#text} at (2,2) size 31x17
                  text run at (2,2) width 31: "col 7"
              RenderTableCell {TD} at (390,48) size 40x21 [bgcolor=#90EE90] [border: (1px inset #808080)] [r=2 c=8 rs=1 cs=1]
                RenderText {#text} at (2,2) size 31x17
                  text run at (2,2) width 31: "col 8"
              RenderTableCell {TD} at (431,48) size 39x21 [bgcolor=#90EE90] [border: (1px inset #808080)] [r=2 c=9 rs=1 cs=1]
                RenderText {#text} at (2,2) size 31x17
                  text run at (2,2) width 31: "col 9"
            RenderTableRow {TR} at (0,71) size 472x21
              RenderTableCell {TD} at (103,71) size 40x21 [bgcolor=#90EE90] [border: (1px inset #808080)] [r=3 c=1 rs=1 cs=1]
                RenderText {#text} at (2,2) size 31x17
                  text run at (2,2) width 31: "col 1"
              RenderTableCell {TD} at (144,71) size 40x21 [bgcolor=#90EE90] [border: (1px inset #808080)] [r=3 c=2 rs=1 cs=1]
                RenderText {#text} at (2,2) size 31x17
                  text run at (2,2) width 31: "col 2"
              RenderTableCell {TD} at (185,71) size 40x21 [bgcolor=#90EE90] [border: (1px inset #808080)] [r=3 c=3 rs=1 cs=1]
                RenderText {#text} at (2,2) size 31x17
                  text run at (2,2) width 31: "col 3"
              RenderTableCell {TD} at (226,71) size 40x21 [bgcolor=#90EE90] [border: (1px inset #808080)] [r=3 c=4 rs=1 cs=1]
                RenderText {#text} at (2,2) size 31x17
                  text run at (2,2) width 31: "col 4"
              RenderTableCell {TD} at (267,71) size 40x21 [bgcolor=#90EE90] [border: (1px inset #808080)] [r=3 c=5 rs=1 cs=1]
                RenderText {#text} at (2,2) size 31x17
                  text run at (2,2) width 31: "col 5"
              RenderTableCell {TD} at (308,71) size 40x21 [bgcolor=#90EE90] [border: (1px inset #808080)] [r=3 c=6 rs=1 cs=1]
                RenderText {#text} at (2,2) size 31x17
                  text run at (2,2) width 31: "col 6"
              RenderTableCell {TD} at (349,71) size 40x21 [bgcolor=#90EE90] [border: (1px inset #808080)] [r=3 c=7 rs=1 cs=1]
                RenderText {#text} at (2,2) size 31x17
                  text run at (2,2) width 31: "col 7"
              RenderTableCell {TD} at (390,71) size 40x21 [bgcolor=#90EE90] [border: (1px inset #808080)] [r=3 c=8 rs=1 cs=1]
                RenderText {#text} at (2,2) size 31x17
                  text run at (2,2) width 31: "col 8"
              RenderTableCell {TD} at (431,71) size 39x21 [bgcolor=#90EE90] [border: (1px inset #808080)] [r=3 c=9 rs=1 cs=1]
                RenderText {#text} at (2,2) size 31x17
                  text run at (2,2) width 31: "col 9"
            RenderTableRow {TR} at (0,94) size 472x21 [bgcolor=#FFE4C4]
              RenderTableCell {TD} at (103,94) size 40x21 [bgcolor=#90EE90] [border: (1px inset #808080)] [r=4 c=1 rs=1 cs=1]
                RenderText {#text} at (2,2) size 31x17
                  text run at (2,2) width 31: "col 1"
              RenderTableCell {TD} at (144,94) size 40x21 [bgcolor=#90EE90] [border: (1px inset #808080)] [r=4 c=2 rs=1 cs=1]
                RenderText {#text} at (2,2) size 31x17
                  text run at (2,2) width 31: "col 2"
              RenderTableCell {TD} at (185,94) size 40x21 [bgcolor=#90EE90] [border: (1px inset #808080)] [r=4 c=3 rs=1 cs=1]
                RenderText {#text} at (2,2) size 31x17
                  text run at (2,2) width 31: "col 3"
              RenderTableCell {TD} at (226,94) size 40x21 [bgcolor=#90EE90] [border: (1px inset #808080)] [r=4 c=4 rs=1 cs=1]
                RenderText {#text} at (2,2) size 31x17
                  text run at (2,2) width 31: "col 4"
              RenderTableCell {TD} at (267,94) size 40x21 [bgcolor=#90EE90] [border: (1px inset #808080)] [r=4 c=5 rs=1 cs=1]
                RenderText {#text} at (2,2) size 31x17
                  text run at (2,2) width 31: "col 5"
              RenderTableCell {TD} at (308,94) size 40x21 [bgcolor=#90EE90] [border: (1px inset #808080)] [r=4 c=6 rs=1 cs=1]
                RenderText {#text} at (2,2) size 31x17
                  text run at (2,2) width 31: "col 6"
              RenderTableCell {TD} at (349,94) size 40x21 [bgcolor=#90EE90] [border: (1px inset #808080)] [r=4 c=7 rs=1 cs=1]
                RenderText {#text} at (2,2) size 31x17
                  text run at (2,2) width 31: "col 7"
              RenderTableCell {TD} at (390,94) size 40x21 [bgcolor=#90EE90] [border: (1px inset #808080)] [r=4 c=8 rs=1 cs=1]
                RenderText {#text} at (2,2) size 31x17
                  text run at (2,2) width 31: "col 8"
              RenderTableCell {TD} at (431,94) size 39x21 [bgcolor=#90EE90] [border: (1px inset #808080)] [r=4 c=9 rs=1 cs=1]
                RenderText {#text} at (2,2) size 31x17
                  text run at (2,2) width 31: "col 9"
            RenderTableRow {TR} at (0,117) size 472x21
              RenderTableCell {TD} at (103,117) size 40x21 [bgcolor=#90EE90] [border: (1px inset #808080)] [r=5 c=1 rs=1 cs=1]
                RenderText {#text} at (2,2) size 31x17
                  text run at (2,2) width 31: "col 1"
              RenderTableCell {TD} at (144,117) size 40x21 [bgcolor=#90EE90] [border: (1px inset #808080)] [r=5 c=2 rs=1 cs=1]
                RenderText {#text} at (2,2) size 31x17
                  text run at (2,2) width 31: "col 2"
              RenderTableCell {TD} at (185,117) size 40x21 [bgcolor=#90EE90] [border: (1px inset #808080)] [r=5 c=3 rs=1 cs=1]
                RenderText {#text} at (2,2) size 31x17
                  text run at (2,2) width 31: "col 3"
              RenderTableCell {TD} at (226,117) size 40x21 [bgcolor=#90EE90] [border: (1px inset #808080)] [r=5 c=4 rs=1 cs=1]
                RenderText {#text} at (2,2) size 31x17
                  text run at (2,2) width 31: "col 4"
              RenderTableCell {TD} at (267,117) size 40x21 [bgcolor=#90EE90] [border: (1px inset #808080)] [r=5 c=5 rs=1 cs=1]
                RenderText {#text} at (2,2) size 31x17
                  text run at (2,2) width 31: "col 5"
              RenderTableCell {TD} at (308,117) size 40x21 [bgcolor=#90EE90] [border: (1px inset #808080)] [r=5 c=6 rs=1 cs=1]
                RenderText {#text} at (2,2) size 31x17
                  text run at (2,2) width 31: "col 6"
              RenderTableCell {TD} at (349,117) size 40x21 [bgcolor=#90EE90] [border: (1px inset #808080)] [r=5 c=7 rs=1 cs=1]
                RenderText {#text} at (2,2) size 31x17
                  text run at (2,2) width 31: "col 7"
              RenderTableCell {TD} at (390,117) size 40x21 [bgcolor=#90EE90] [border: (1px inset #808080)] [r=5 c=8 rs=1 cs=1]
                RenderText {#text} at (2,2) size 31x17
                  text run at (2,2) width 31: "col 8"
              RenderTableCell {TD} at (431,117) size 39x21 [bgcolor=#90EE90] [border: (1px inset #808080)] [r=5 c=9 rs=1 cs=1]
                RenderText {#text} at (2,2) size 31x17
                  text run at (2,2) width 31: "col 9"
            RenderTableRow {TR} at (0,140) size 472x21
              RenderTableCell {TD} at (103,140) size 40x21 [bgcolor=#90EE90] [border: (1px inset #808080)] [r=6 c=1 rs=1 cs=1]
                RenderText {#text} at (2,2) size 31x17
                  text run at (2,2) width 31: "col 1"
              RenderTableCell {TD} at (144,140) size 40x21 [bgcolor=#90EE90] [border: (1px inset #808080)] [r=6 c=2 rs=1 cs=1]
                RenderText {#text} at (2,2) size 31x17
                  text run at (2,2) width 31: "col 2"
              RenderTableCell {TD} at (185,140) size 40x21 [bgcolor=#90EE90] [border: (1px inset #808080)] [r=6 c=3 rs=1 cs=1]
                RenderText {#text} at (2,2) size 31x17
                  text run at (2,2) width 31: "col 3"
              RenderTableCell {TD} at (226,140) size 40x21 [bgcolor=#90EE90] [border: (1px inset #808080)] [r=6 c=4 rs=1 cs=1]
                RenderText {#text} at (2,2) size 31x17
                  text run at (2,2) width 31: "col 4"
              RenderTableCell {TD} at (267,140) size 40x21 [bgcolor=#90EE90] [border: (1px inset #808080)] [r=6 c=5 rs=1 cs=1]
                RenderText {#text} at (2,2) size 31x17
                  text run at (2,2) width 31: "col 5"
              RenderTableCell {TD} at (308,140) size 40x21 [bgcolor=#90EE90] [border: (1px inset #808080)] [r=6 c=6 rs=1 cs=1]
                RenderText {#text} at (2,2) size 31x17
                  text run at (2,2) width 31: "col 6"
              RenderTableCell {TD} at (349,140) size 40x21 [bgcolor=#90EE90] [border: (1px inset #808080)] [r=6 c=7 rs=1 cs=1]
                RenderText {#text} at (2,2) size 31x17
                  text run at (2,2) width 31: "col 7"
              RenderTableCell {TD} at (390,140) size 40x21 [bgcolor=#90EE90] [border: (1px inset #808080)] [r=6 c=8 rs=1 cs=1]
                RenderText {#text} at (2,2) size 31x17
                  text run at (2,2) width 31: "col 8"
              RenderTableCell {TD} at (431,140) size 39x21 [bgcolor=#90EE90] [border: (1px inset #808080)] [r=6 c=9 rs=1 cs=1]
                RenderText {#text} at (2,2) size 31x17
                  text run at (2,2) width 31: "col 9"
            RenderTableRow {TR} at (0,163) size 472x21
              RenderTableCell {TH} at (2,177) size 100x39 [bgcolor=#FFE4C4] [border: (1px inset #808080)] [r=7 c=0 rs=3 cs=1]
                RenderText {#text} at (18,2) size 63x18
                  text run at (18,3) width 63: "Header 3"
                RenderBR {BR} at (80,30) size 1x1
                RenderText {#text} at (6,19) size 87x18
                  text run at (6,20) width 87: "span=3 rows"
              RenderTableCell {TD} at (103,163) size 40x21 [bgcolor=#ADD8E6] [border: (1px inset #808080)] [r=7 c=1 rs=1 cs=1]
                RenderText {#text} at (2,2) size 31x17
                  text run at (2,2) width 31: "col 1"
              RenderTableCell {TD} at (144,163) size 40x21 [bgcolor=#ADD8E6] [border: (1px inset #808080)] [r=7 c=2 rs=1 cs=1]
                RenderText {#text} at (2,2) size 31x17
                  text run at (2,2) width 31: "col 2"
              RenderTableCell {TD} at (185,163) size 40x21 [bgcolor=#ADD8E6] [border: (1px inset #808080)] [r=7 c=3 rs=1 cs=1]
                RenderText {#text} at (2,2) size 31x17
                  text run at (2,2) width 31: "col 3"
              RenderTableCell {TD} at (226,163) size 40x21 [bgcolor=#ADD8E6] [border: (1px inset #808080)] [r=7 c=4 rs=1 cs=1]
                RenderText {#text} at (2,2) size 31x17
                  text run at (2,2) width 31: "col 4"
              RenderTableCell {TD} at (267,163) size 40x21 [bgcolor=#ADD8E6] [border: (1px inset #808080)] [r=7 c=5 rs=1 cs=1]
                RenderText {#text} at (2,2) size 31x17
                  text run at (2,2) width 31: "col 5"
              RenderTableCell {TD} at (308,163) size 40x21 [bgcolor=#ADD8E6] [border: (1px inset #808080)] [r=7 c=6 rs=1 cs=1]
                RenderText {#text} at (2,2) size 31x17
                  text run at (2,2) width 31: "col 6"
              RenderTableCell {TD} at (349,163) size 40x21 [bgcolor=#ADD8E6] [border: (1px inset #808080)] [r=7 c=7 rs=1 cs=1]
                RenderText {#text} at (2,2) size 31x17
                  text run at (2,2) width 31: "col 7"
              RenderTableCell {TD} at (390,163) size 40x21 [bgcolor=#ADD8E6] [border: (1px inset #808080)] [r=7 c=8 rs=1 cs=1]
                RenderText {#text} at (2,2) size 31x17
                  text run at (2,2) width 31: "col 8"
              RenderTableCell {TD} at (431,163) size 39x21 [bgcolor=#ADD8E6] [border: (1px inset #808080)] [r=7 c=9 rs=1 cs=1]
                RenderText {#text} at (2,2) size 31x17
                  text run at (2,2) width 31: "col 9"
            RenderTableRow {TR} at (0,186) size 472x21
              RenderTableCell {TD} at (103,186) size 40x21 [bgcolor=#ADD8E6] [border: (1px inset #808080)] [r=8 c=1 rs=1 cs=1]
                RenderText {#text} at (2,2) size 31x17
                  text run at (2,2) width 31: "col 1"
              RenderTableCell {TD} at (144,186) size 40x21 [bgcolor=#ADD8E6] [border: (1px inset #808080)] [r=8 c=2 rs=1 cs=1]
                RenderText {#text} at (2,2) size 31x17
                  text run at (2,2) width 31: "col 2"
              RenderTableCell {TD} at (185,186) size 40x21 [bgcolor=#ADD8E6] [border: (1px inset #808080)] [r=8 c=3 rs=1 cs=1]
                RenderText {#text} at (2,2) size 31x17
                  text run at (2,2) width 31: "col 3"
              RenderTableCell {TD} at (226,186) size 40x21 [bgcolor=#ADD8E6] [border: (1px inset #808080)] [r=8 c=4 rs=1 cs=1]
                RenderText {#text} at (2,2) size 31x17
                  text run at (2,2) width 31: "col 4"
              RenderTableCell {TD} at (267,186) size 40x21 [bgcolor=#ADD8E6] [border: (1px inset #808080)] [r=8 c=5 rs=1 cs=1]
                RenderText {#text} at (2,2) size 31x17
                  text run at (2,2) width 31: "col 5"
              RenderTableCell {TD} at (308,186) size 40x21 [bgcolor=#ADD8E6] [border: (1px inset #808080)] [r=8 c=6 rs=1 cs=1]
                RenderText {#text} at (2,2) size 31x17
                  text run at (2,2) width 31: "col 6"
              RenderTableCell {TD} at (349,186) size 40x21 [bgcolor=#ADD8E6] [border: (1px inset #808080)] [r=8 c=7 rs=1 cs=1]
                RenderText {#text} at (2,2) size 31x17
                  text run at (2,2) width 31: "col 7"
              RenderTableCell {TD} at (390,186) size 40x21 [bgcolor=#ADD8E6] [border: (1px inset #808080)] [r=8 c=8 rs=1 cs=1]
                RenderText {#text} at (2,2) size 31x17
                  text run at (2,2) width 31: "col 8"
              RenderTableCell {TD} at (431,186) size 39x21 [bgcolor=#ADD8E6] [border: (1px inset #808080)] [r=8 c=9 rs=1 cs=1]
                RenderText {#text} at (2,2) size 31x17
                  text run at (2,2) width 31: "col 9"
            RenderTableRow {TR} at (0,209) size 472x21
              RenderTableCell {TD} at (103,209) size 40x21 [bgcolor=#ADD8E6] [border: (1px inset #808080)] [r=9 c=1 rs=1 cs=1]
                RenderText {#text} at (2,2) size 31x17
                  text run at (2,2) width 31: "col 1"
              RenderTableCell {TD} at (144,209) size 40x21 [bgcolor=#ADD8E6] [border: (1px inset #808080)] [r=9 c=2 rs=1 cs=1]
                RenderText {#text} at (2,2) size 31x17
                  text run at (2,2) width 31: "col 2"
              RenderTableCell {TD} at (185,209) size 40x21 [bgcolor=#ADD8E6] [border: (1px inset #808080)] [r=9 c=3 rs=1 cs=1]
                RenderText {#text} at (2,2) size 31x17
                  text run at (2,2) width 31: "col 3"
              RenderTableCell {TD} at (226,209) size 40x21 [bgcolor=#ADD8E6] [border: (1px inset #808080)] [r=9 c=4 rs=1 cs=1]
                RenderText {#text} at (2,2) size 31x17
                  text run at (2,2) width 31: "col 4"
              RenderTableCell {TD} at (267,209) size 40x21 [bgcolor=#ADD8E6] [border: (1px inset #808080)] [r=9 c=5 rs=1 cs=1]
                RenderText {#text} at (2,2) size 31x17
                  text run at (2,2) width 31: "col 5"
              RenderTableCell {TD} at (308,209) size 40x21 [bgcolor=#ADD8E6] [border: (1px inset #808080)] [r=9 c=6 rs=1 cs=1]
                RenderText {#text} at (2,2) size 31x17
                  text run at (2,2) width 31: "col 6"
              RenderTableCell {TD} at (349,209) size 40x21 [bgcolor=#ADD8E6] [border: (1px inset #808080)] [r=9 c=7 rs=1 cs=1]
                RenderText {#text} at (2,2) size 31x17
                  text run at (2,2) width 31: "col 7"
              RenderTableCell {TD} at (390,209) size 40x21 [bgcolor=#ADD8E6] [border: (1px inset #808080)] [r=9 c=8 rs=1 cs=1]
                RenderText {#text} at (2,2) size 31x17
                  text run at (2,2) width 31: "col 8"
              RenderTableCell {TD} at (431,209) size 39x21 [bgcolor=#ADD8E6] [border: (1px inset #808080)] [r=9 c=9 rs=1 cs=1]
                RenderText {#text} at (2,2) size 31x17
                  text run at (2,2) width 31: "col 9"
      RenderBlock {P} at (0,1053) size 769x0
      RenderBlock {HR} at (0,1053) size 769x3 [border: (1px inset #000000)]
      RenderBlock {P} at (0,1071) size 769x61
        RenderTable {TABLE} at (0,0) size 654x60 [bgcolor=#F08080] [border: (1px outset #808080)]
          RenderTableSection {TBODY} at (1,1) size 652x58
            RenderTableRow {TR} at (0,2) size 652x54
              RenderTableCell {TH} at (2,2) size 648x54 [border: (1px inset #808080)] [r=0 c=0 rs=1 cs=1]
                RenderInline {A} at (0,0) size 0x0
                RenderText {#text} at (11,11) size 95x17
                  text run at (11,11) width 95: "Test Case #2: "
                RenderInline {FONT} at (0,0) size 295x17 [color=#0000FF]
                  RenderText {#text} at (106,11) size 295x17
                    text run at (106,11) width 295: "table with data cells spanning multiple rows"
                RenderText {#text} at (401,11) size 4x17
                  text run at (401,11) width 4: " "
                RenderInline {FONT} at (0,0) size 607x30
                  RenderInline {I} at (0,0) size 607x30
                    RenderText {#text} at (405,13) size 607x30
                      text run at (405,13) width 213: "(using <TD ROWSPAN=integer value>"
                      text run at (11,28) width 22: "tag)"
                RenderText {#text} at (0,0) size 0x0
      RenderBlock {P} at (0,1147) size 769x131
        RenderBlock (anonymous) at (0,0) size 769x17
          RenderBR {BR} at (0,0) size 0x17
        RenderTable {TABLE} at (0,17) size 693x113 [bgcolor=#FFD700] [border: (1px outset #808080)]
          RenderTableSection {TBODY} at (1,1) size 691x111
            RenderTableRow {TR} at (0,2) size 691x107
              RenderTableCell {TD} at (2,2) size 687x107 [border: (1px inset #808080)] [r=0 c=0 rs=1 cs=1]
                RenderInline {FONT} at (0,0) size 664x85 [color=#FF0000]
                  RenderInline {B} at (0,0) size 664x85
                    RenderText {#text} at (11,11) size 356x17
                      text run at (11,11) width 356: "In the following sample table you should see that the "
                    RenderInline {FONT} at (0,0) size 83x17 [color=#0000FF]
                      RenderText {#text} at (367,11) size 83x17
                        text run at (367,11) width 83: "ROWSPAN"
                    RenderText {#text} at (450,11) size 625x34
                      text run at (450,11) width 4: " "
                      text run at (454,11) width 182: "attribute applies an integer"
                      text run at (11,28) width 260: "value equal to the number of rows the "
                    RenderInline {FONT} at (0,0) size 47x17 [color=#0000FF]
                      RenderText {#text} at (271,28) size 47x17
                        text run at (271,28) width 47: "DATA"
                    RenderText {#text} at (318,28) size 664x68
                      text run at (318,28) width 135: " cell is to span. This "
                      text run at (453,28) width 194: "tells the browser to make the"
                      text run at (11,45) width 624: "table data cell occupy the same vertical space as the integer number of cells specified in rows "
                      text run at (635,45) width 40: "above"
                      text run at (11,62) width 623: "or below it. The browser flows the contents of the spanning cell to occupy the entire spanned"
                      text run at (11,79) width 41: "space."
      RenderBlock {P} at (0,1293) size 769x35
        RenderBR {BR} at (0,0) size 0x17
        RenderBR {BR} at (0,17) size 0x17
      RenderBlock {UL} at (0,1343) size 769x252
        RenderTable {TABLE} at (40,0) size 474x251 [border: (1px outset #808080)]
          RenderBlock {CAPTION} at (0,0) size 474x17
            RenderText {#text} at (106,0) size 41x17
              text run at (106,0) width 41: "Table "
            RenderInline {B} at (0,0) size 71x17
              RenderText {#text} at (146,0) size 71x17
                text run at (146,0) width 71: "Data Cells"
            RenderText {#text} at (216,0) size 152x17
              text run at (216,0) width 152: " spanning multiple rows"
          RenderTableSection {TBODY} at (1,18) size 472x232
            RenderTableRow {TR} at (0,2) size 472x21
              RenderTableCell {TH} at (2,2) size 41x21 [bgcolor=#EE82EE] [border: (1px inset #808080)] [r=0 c=0 rs=1 cs=1]
                RenderText {#text} at (2,2) size 37x17
                  text run at (2,2) width 37: "Head"
              RenderTableCell {TD} at (44,5) size 88x38 [bgcolor=#FFFACD] [border: (1px inset #808080)] [r=0 c=1 rs=2 cs=1]
                RenderText {#text} at (2,2) size 42x17
                  text run at (2,2) width 42: "Data 1"
                RenderBR {BR} at (44,19) size 0x0
                RenderText {#text} at (2,19) size 81x17
                  text run at (2,19) width 81: "span=2 rows"
              RenderTableCell {TD} at (133,2) size 36x21 [bgcolor=#EE82EE] [border: (1px inset #808080)] [r=0 c=2 rs=1 cs=1]
                RenderText {#text} at (2,2) size 31x17
                  text run at (2,2) width 31: "col 1"
              RenderTableCell {TD} at (170,2) size 37x21 [bgcolor=#EE82EE] [border: (1px inset #808080)] [r=0 c=3 rs=1 cs=1]
                RenderText {#text} at (2,2) size 31x17
                  text run at (2,2) width 31: "col 2"
              RenderTableCell {TD} at (208,2) size 37x21 [bgcolor=#EE82EE] [border: (1px inset #808080)] [r=0 c=4 rs=1 cs=1]
                RenderText {#text} at (2,2) size 31x17
                  text run at (2,2) width 31: "col 3"
              RenderTableCell {TD} at (246,2) size 36x21 [bgcolor=#EE82EE] [border: (1px inset #808080)] [r=0 c=5 rs=1 cs=1]
                RenderText {#text} at (2,2) size 31x17
                  text run at (2,2) width 31: "col 4"
              RenderTableCell {TD} at (283,2) size 37x21 [bgcolor=#EE82EE] [border: (1px inset #808080)] [r=0 c=6 rs=1 cs=1]
                RenderText {#text} at (2,2) size 31x17
                  text run at (2,2) width 31: "col 5"
              RenderTableCell {TD} at (321,2) size 36x21 [bgcolor=#EE82EE] [border: (1px inset #808080)] [r=0 c=7 rs=1 cs=1]
                RenderText {#text} at (2,2) size 31x17
                  text run at (2,2) width 31: "col 6"
              RenderTableCell {TD} at (358,2) size 37x21 [bgcolor=#EE82EE] [border: (1px inset #808080)] [r=0 c=8 rs=1 cs=1]
                RenderText {#text} at (2,2) size 31x17
                  text run at (2,2) width 31: "col 7"
              RenderTableCell {TD} at (396,2) size 37x21 [bgcolor=#EE82EE] [border: (1px inset #808080)] [r=0 c=9 rs=1 cs=1]
                RenderText {#text} at (2,2) size 31x17
                  text run at (2,2) width 31: "col 8"
              RenderTableCell {TD} at (434,2) size 36x21 [bgcolor=#EE82EE] [border: (1px inset #808080)] [r=0 c=10 rs=1 cs=1]
                RenderText {#text} at (2,2) size 31x17
                  text run at (2,2) width 31: "col 9"
            RenderTableRow {TR} at (0,25) size 472x21
              RenderTableCell {TH} at (2,25) size 41x21 [bgcolor=#EE82EE] [border: (1px inset #808080)] [r=1 c=0 rs=1 cs=1]
                RenderText {#text} at (2,2) size 37x17
                  text run at (2,2) width 37: "Head"
              RenderTableCell {TD} at (133,25) size 36x21 [bgcolor=#EE82EE] [border: (1px inset #808080)] [r=1 c=2 rs=1 cs=1]
                RenderText {#text} at (2,2) size 31x17
                  text run at (2,2) width 31: "col 1"
              RenderTableCell {TD} at (170,25) size 37x21 [bgcolor=#EE82EE] [border: (1px inset #808080)] [r=1 c=3 rs=1 cs=1]
                RenderText {#text} at (2,2) size 31x17
                  text run at (2,2) width 31: "col 2"
              RenderTableCell {TD} at (208,25) size 37x21 [bgcolor=#EE82EE] [border: (1px inset #808080)] [r=1 c=4 rs=1 cs=1]
                RenderText {#text} at (2,2) size 31x17
                  text run at (2,2) width 31: "col 3"
              RenderTableCell {TD} at (246,25) size 36x21 [bgcolor=#EE82EE] [border: (1px inset #808080)] [r=1 c=5 rs=1 cs=1]
                RenderText {#text} at (2,2) size 31x17
                  text run at (2,2) width 31: "col 4"
              RenderTableCell {TD} at (283,25) size 37x21 [bgcolor=#EE82EE] [border: (1px inset #808080)] [r=1 c=6 rs=1 cs=1]
                RenderText {#text} at (2,2) size 31x17
                  text run at (2,2) width 31: "col 5"
              RenderTableCell {TD} at (321,25) size 36x21 [bgcolor=#EE82EE] [border: (1px inset #808080)] [r=1 c=7 rs=1 cs=1]
                RenderText {#text} at (2,2) size 31x17
                  text run at (2,2) width 31: "col 6"
              RenderTableCell {TD} at (358,25) size 37x21 [bgcolor=#EE82EE] [border: (1px inset #808080)] [r=1 c=8 rs=1 cs=1]
                RenderText {#text} at (2,2) size 31x17
                  text run at (2,2) width 31: "col 7"
              RenderTableCell {TD} at (396,25) size 37x21 [bgcolor=#EE82EE] [border: (1px inset #808080)] [r=1 c=9 rs=1 cs=1]
                RenderText {#text} at (2,2) size 31x17
                  text run at (2,2) width 31: "col 8"
              RenderTableCell {TD} at (434,25) size 36x21 [bgcolor=#EE82EE] [border: (1px inset #808080)] [r=1 c=10 rs=1 cs=1]
                RenderText {#text} at (2,2) size 31x17
                  text run at (2,2) width 31: "col 9"
            RenderTableRow {TR} at (0,48) size 472x21
              RenderTableCell {TH} at (2,48) size 41x21 [bgcolor=#90EE90] [border: (1px inset #808080)] [r=2 c=0 rs=1 cs=1]
                RenderText {#text} at (2,2) size 37x17
                  text run at (2,2) width 37: "Head"
              RenderTableCell {TD} at (44,85) size 88x39 [bgcolor=#FFFACD] [border: (1px inset #808080)] [r=2 c=1 rs=5 cs=1]
                RenderText {#text} at (2,2) size 42x18
                  text run at (2,3) width 42: "Data 2"
                RenderBR {BR} at (44,53) size 0x1
                RenderText {#text} at (2,19) size 81x18
                  text run at (2,20) width 81: "span=5 rows"
              RenderTableCell {TD} at (133,48) size 36x21 [bgcolor=#90EE90] [border: (1px inset #808080)] [r=2 c=2 rs=1 cs=1]
                RenderText {#text} at (2,2) size 31x17
                  text run at (2,2) width 31: "col 1"
              RenderTableCell {TD} at (170,48) size 37x21 [bgcolor=#90EE90] [border: (1px inset #808080)] [r=2 c=3 rs=1 cs=1]
                RenderText {#text} at (2,2) size 31x17
                  text run at (2,2) width 31: "col 2"
              RenderTableCell {TD} at (208,48) size 37x21 [bgcolor=#90EE90] [border: (1px inset #808080)] [r=2 c=4 rs=1 cs=1]
                RenderText {#text} at (2,2) size 31x17
                  text run at (2,2) width 31: "col 3"
              RenderTableCell {TD} at (246,48) size 36x21 [bgcolor=#90EE90] [border: (1px inset #808080)] [r=2 c=5 rs=1 cs=1]
                RenderText {#text} at (2,2) size 31x17
                  text run at (2,2) width 31: "col 4"
              RenderTableCell {TD} at (283,48) size 37x21 [bgcolor=#90EE90] [border: (1px inset #808080)] [r=2 c=6 rs=1 cs=1]
                RenderText {#text} at (2,2) size 31x17
                  text run at (2,2) width 31: "col 5"
              RenderTableCell {TD} at (321,48) size 36x21 [bgcolor=#90EE90] [border: (1px inset #808080)] [r=2 c=7 rs=1 cs=1]
                RenderText {#text} at (2,2) size 31x17
                  text run at (2,2) width 31: "col 6"
              RenderTableCell {TD} at (358,48) size 37x21 [bgcolor=#90EE90] [border: (1px inset #808080)] [r=2 c=8 rs=1 cs=1]
                RenderText {#text} at (2,2) size 31x17
                  text run at (2,2) width 31: "col 7"
              RenderTableCell {TD} at (396,48) size 37x21 [bgcolor=#90EE90] [border: (1px inset #808080)] [r=2 c=9 rs=1 cs=1]
                RenderText {#text} at (2,2) size 31x17
                  text run at (2,2) width 31: "col 8"
              RenderTableCell {TD} at (434,48) size 36x21 [bgcolor=#90EE90] [border: (1px inset #808080)] [r=2 c=10 rs=1 cs=1]
                RenderText {#text} at (2,2) size 31x17
                  text run at (2,2) width 31: "col 9"
            RenderTableRow {TR} at (0,71) size 472x21
              RenderTableCell {TH} at (2,71) size 41x21 [bgcolor=#90EE90] [border: (1px inset #808080)] [r=3 c=0 rs=1 cs=1]
                RenderText {#text} at (2,2) size 37x17
                  text run at (2,2) width 37: "Head"
              RenderTableCell {TD} at (133,71) size 36x21 [bgcolor=#90EE90] [border: (1px inset #808080)] [r=3 c=2 rs=1 cs=1]
                RenderText {#text} at (2,2) size 31x17
                  text run at (2,2) width 31: "col 1"
              RenderTableCell {TD} at (170,71) size 37x21 [bgcolor=#90EE90] [border: (1px inset #808080)] [r=3 c=3 rs=1 cs=1]
                RenderText {#text} at (2,2) size 31x17
                  text run at (2,2) width 31: "col 2"
              RenderTableCell {TD} at (208,71) size 37x21 [bgcolor=#90EE90] [border: (1px inset #808080)] [r=3 c=4 rs=1 cs=1]
                RenderText {#text} at (2,2) size 31x17
                  text run at (2,2) width 31: "col 3"
              RenderTableCell {TD} at (246,71) size 36x21 [bgcolor=#90EE90] [border: (1px inset #808080)] [r=3 c=5 rs=1 cs=1]
                RenderText {#text} at (2,2) size 31x17
                  text run at (2,2) width 31: "col 4"
              RenderTableCell {TD} at (283,71) size 37x21 [bgcolor=#90EE90] [border: (1px inset #808080)] [r=3 c=6 rs=1 cs=1]
                RenderText {#text} at (2,2) size 31x17
                  text run at (2,2) width 31: "col 5"
              RenderTableCell {TD} at (321,71) size 36x21 [bgcolor=#90EE90] [border: (1px inset #808080)] [r=3 c=7 rs=1 cs=1]
                RenderText {#text} at (2,2) size 31x17
                  text run at (2,2) width 31: "col 6"
              RenderTableCell {TD} at (358,71) size 37x21 [bgcolor=#90EE90] [border: (1px inset #808080)] [r=3 c=8 rs=1 cs=1]
                RenderText {#text} at (2,2) size 31x17
                  text run at (2,2) width 31: "col 7"
              RenderTableCell {TD} at (396,71) size 37x21 [bgcolor=#90EE90] [border: (1px inset #808080)] [r=3 c=9 rs=1 cs=1]
                RenderText {#text} at (2,2) size 31x17
                  text run at (2,2) width 31: "col 8"
              RenderTableCell {TD} at (434,71) size 36x21 [bgcolor=#90EE90] [border: (1px inset #808080)] [r=3 c=10 rs=1 cs=1]
                RenderText {#text} at (2,2) size 31x17
                  text run at (2,2) width 31: "col 9"
            RenderTableRow {TR} at (0,94) size 472x21
              RenderTableCell {TH} at (2,94) size 41x21 [bgcolor=#90EE90] [border: (1px inset #808080)] [r=4 c=0 rs=1 cs=1]
                RenderText {#text} at (2,2) size 37x17
                  text run at (2,2) width 37: "Head"
              RenderTableCell {TD} at (133,94) size 36x21 [bgcolor=#90EE90] [border: (1px inset #808080)] [r=4 c=2 rs=1 cs=1]
                RenderText {#text} at (2,2) size 31x17
                  text run at (2,2) width 31: "col 1"
              RenderTableCell {TD} at (170,94) size 37x21 [bgcolor=#90EE90] [border: (1px inset #808080)] [r=4 c=3 rs=1 cs=1]
                RenderText {#text} at (2,2) size 31x17
                  text run at (2,2) width 31: "col 2"
              RenderTableCell {TD} at (208,94) size 37x21 [bgcolor=#90EE90] [border: (1px inset #808080)] [r=4 c=4 rs=1 cs=1]
                RenderText {#text} at (2,2) size 31x17
                  text run at (2,2) width 31: "col 3"
              RenderTableCell {TD} at (246,94) size 36x21 [bgcolor=#90EE90] [border: (1px inset #808080)] [r=4 c=5 rs=1 cs=1]
                RenderText {#text} at (2,2) size 31x17
                  text run at (2,2) width 31: "col 4"
              RenderTableCell {TD} at (283,94) size 37x21 [bgcolor=#90EE90] [border: (1px inset #808080)] [r=4 c=6 rs=1 cs=1]
                RenderText {#text} at (2,2) size 31x17
                  text run at (2,2) width 31: "col 5"
              RenderTableCell {TD} at (321,94) size 36x21 [bgcolor=#90EE90] [border: (1px inset #808080)] [r=4 c=7 rs=1 cs=1]
                RenderText {#text} at (2,2) size 31x17
                  text run at (2,2) width 31: "col 6"
              RenderTableCell {TD} at (358,94) size 37x21 [bgcolor=#90EE90] [border: (1px inset #808080)] [r=4 c=8 rs=1 cs=1]
                RenderText {#text} at (2,2) size 31x17
                  text run at (2,2) width 31: "col 7"
              RenderTableCell {TD} at (396,94) size 37x21 [bgcolor=#90EE90] [border: (1px inset #808080)] [r=4 c=9 rs=1 cs=1]
                RenderText {#text} at (2,2) size 31x17
                  text run at (2,2) width 31: "col 8"
              RenderTableCell {TD} at (434,94) size 36x21 [bgcolor=#90EE90] [border: (1px inset #808080)] [r=4 c=10 rs=1 cs=1]
                RenderText {#text} at (2,2) size 31x17
                  text run at (2,2) width 31: "col 9"
            RenderTableRow {TR} at (0,117) size 472x21
              RenderTableCell {TH} at (2,117) size 41x21 [bgcolor=#90EE90] [border: (1px inset #808080)] [r=5 c=0 rs=1 cs=1]
                RenderText {#text} at (2,2) size 37x17
                  text run at (2,2) width 37: "Head"
              RenderTableCell {TD} at (133,117) size 36x21 [bgcolor=#90EE90] [border: (1px inset #808080)] [r=5 c=2 rs=1 cs=1]
                RenderText {#text} at (2,2) size 31x17
                  text run at (2,2) width 31: "col 1"
              RenderTableCell {TD} at (170,117) size 37x21 [bgcolor=#90EE90] [border: (1px inset #808080)] [r=5 c=3 rs=1 cs=1]
                RenderText {#text} at (2,2) size 31x17
                  text run at (2,2) width 31: "col 2"
              RenderTableCell {TD} at (208,117) size 37x21 [bgcolor=#90EE90] [border: (1px inset #808080)] [r=5 c=4 rs=1 cs=1]
                RenderText {#text} at (2,2) size 31x17
                  text run at (2,2) width 31: "col 3"
              RenderTableCell {TD} at (246,117) size 36x21 [bgcolor=#90EE90] [border: (1px inset #808080)] [r=5 c=5 rs=1 cs=1]
                RenderText {#text} at (2,2) size 31x17
                  text run at (2,2) width 31: "col 4"
              RenderTableCell {TD} at (283,117) size 37x21 [bgcolor=#90EE90] [border: (1px inset #808080)] [r=5 c=6 rs=1 cs=1]
                RenderText {#text} at (2,2) size 31x17
                  text run at (2,2) width 31: "col 5"
              RenderTableCell {TD} at (321,117) size 36x21 [bgcolor=#90EE90] [border: (1px inset #808080)] [r=5 c=7 rs=1 cs=1]
                RenderText {#text} at (2,2) size 31x17
                  text run at (2,2) width 31: "col 6"
              RenderTableCell {TD} at (358,117) size 37x21 [bgcolor=#90EE90] [border: (1px inset #808080)] [r=5 c=8 rs=1 cs=1]
                RenderText {#text} at (2,2) size 31x17
                  text run at (2,2) width 31: "col 7"
              RenderTableCell {TD} at (396,117) size 37x21 [bgcolor=#90EE90] [border: (1px inset #808080)] [r=5 c=9 rs=1 cs=1]
                RenderText {#text} at (2,2) size 31x17
                  text run at (2,2) width 31: "col 8"
              RenderTableCell {TD} at (434,117) size 36x21 [bgcolor=#90EE90] [border: (1px inset #808080)] [r=5 c=10 rs=1 cs=1]
                RenderText {#text} at (2,2) size 31x17
                  text run at (2,2) width 31: "col 9"
            RenderTableRow {TR} at (0,140) size 472x21
              RenderTableCell {TH} at (2,140) size 41x21 [bgcolor=#90EE90] [border: (1px inset #808080)] [r=6 c=0 rs=1 cs=1]
                RenderText {#text} at (2,2) size 37x17
                  text run at (2,2) width 37: "Head"
              RenderTableCell {TD} at (133,140) size 36x21 [bgcolor=#90EE90] [border: (1px inset #808080)] [r=6 c=2 rs=1 cs=1]
                RenderText {#text} at (2,2) size 31x17
                  text run at (2,2) width 31: "col 1"
              RenderTableCell {TD} at (170,140) size 37x21 [bgcolor=#90EE90] [border: (1px inset #808080)] [r=6 c=3 rs=1 cs=1]
                RenderText {#text} at (2,2) size 31x17
                  text run at (2,2) width 31: "col 2"
              RenderTableCell {TD} at (208,140) size 37x21 [bgcolor=#90EE90] [border: (1px inset #808080)] [r=6 c=4 rs=1 cs=1]
                RenderText {#text} at (2,2) size 31x17
                  text run at (2,2) width 31: "col 3"
              RenderTableCell {TD} at (246,140) size 36x21 [bgcolor=#90EE90] [border: (1px inset #808080)] [r=6 c=5 rs=1 cs=1]
                RenderText {#text} at (2,2) size 31x17
                  text run at (2,2) width 31: "col 4"
              RenderTableCell {TD} at (283,140) size 37x21 [bgcolor=#90EE90] [border: (1px inset #808080)] [r=6 c=6 rs=1 cs=1]
                RenderText {#text} at (2,2) size 31x17
                  text run at (2,2) width 31: "col 5"
              RenderTableCell {TD} at (321,140) size 36x21 [bgcolor=#90EE90] [border: (1px inset #808080)] [r=6 c=7 rs=1 cs=1]
                RenderText {#text} at (2,2) size 31x17
                  text run at (2,2) width 31: "col 6"
              RenderTableCell {TD} at (358,140) size 37x21 [bgcolor=#90EE90] [border: (1px inset #808080)] [r=6 c=8 rs=1 cs=1]
                RenderText {#text} at (2,2) size 31x17
                  text run at (2,2) width 31: "col 7"
              RenderTableCell {TD} at (396,140) size 37x21 [bgcolor=#90EE90] [border: (1px inset #808080)] [r=6 c=9 rs=1 cs=1]
                RenderText {#text} at (2,2) size 31x17
                  text run at (2,2) width 31: "col 8"
              RenderTableCell {TD} at (434,140) size 36x21 [bgcolor=#90EE90] [border: (1px inset #808080)] [r=6 c=10 rs=1 cs=1]
                RenderText {#text} at (2,2) size 31x17
                  text run at (2,2) width 31: "col 9"
            RenderTableRow {TR} at (0,163) size 472x21
              RenderTableCell {TH} at (2,163) size 41x21 [bgcolor=#ADD8E6] [border: (1px inset #808080)] [r=7 c=0 rs=1 cs=1]
                RenderText {#text} at (2,2) size 37x17
                  text run at (2,2) width 37: "Head"
              RenderTableCell {TD} at (44,177) size 88x39 [bgcolor=#FFFACD] [border: (1px inset #808080)] [r=7 c=1 rs=3 cs=1]
                RenderText {#text} at (2,2) size 42x18
                  text run at (2,3) width 42: "Data 3"
                RenderBR {BR} at (44,30) size 0x1
                RenderText {#text} at (2,19) size 81x18
                  text run at (2,20) width 81: "span=3 rows"
              RenderTableCell {TD} at (133,163) size 36x21 [bgcolor=#ADD8E6] [border: (1px inset #808080)] [r=7 c=2 rs=1 cs=1]
                RenderText {#text} at (2,2) size 31x17
                  text run at (2,2) width 31: "col 1"
              RenderTableCell {TD} at (170,163) size 37x21 [bgcolor=#ADD8E6] [border: (1px inset #808080)] [r=7 c=3 rs=1 cs=1]
                RenderText {#text} at (2,2) size 31x17
                  text run at (2,2) width 31: "col 2"
              RenderTableCell {TD} at (208,163) size 37x21 [bgcolor=#ADD8E6] [border: (1px inset #808080)] [r=7 c=4 rs=1 cs=1]
                RenderText {#text} at (2,2) size 31x17
                  text run at (2,2) width 31: "col 3"
              RenderTableCell {TD} at (246,163) size 36x21 [bgcolor=#ADD8E6] [border: (1px inset #808080)] [r=7 c=5 rs=1 cs=1]
                RenderText {#text} at (2,2) size 31x17
                  text run at (2,2) width 31: "col 4"
              RenderTableCell {TD} at (283,163) size 37x21 [bgcolor=#ADD8E6] [border: (1px inset #808080)] [r=7 c=6 rs=1 cs=1]
                RenderText {#text} at (2,2) size 31x17
                  text run at (2,2) width 31: "col 5"
              RenderTableCell {TD} at (321,163) size 36x21 [bgcolor=#ADD8E6] [border: (1px inset #808080)] [r=7 c=7 rs=1 cs=1]
                RenderText {#text} at (2,2) size 31x17
                  text run at (2,2) width 31: "col 6"
              RenderTableCell {TD} at (358,163) size 37x21 [bgcolor=#ADD8E6] [border: (1px inset #808080)] [r=7 c=8 rs=1 cs=1]
                RenderText {#text} at (2,2) size 31x17
                  text run at (2,2) width 31: "col 7"
              RenderTableCell {TD} at (396,163) size 37x21 [bgcolor=#ADD8E6] [border: (1px inset #808080)] [r=7 c=9 rs=1 cs=1]
                RenderText {#text} at (2,2) size 31x17
                  text run at (2,2) width 31: "col 8"
              RenderTableCell {TD} at (434,163) size 36x21 [bgcolor=#ADD8E6] [border: (1px inset #808080)] [r=7 c=10 rs=1 cs=1]
                RenderText {#text} at (2,2) size 31x17
                  text run at (2,2) width 31: "col 9"
            RenderTableRow {TR} at (0,186) size 472x21
              RenderTableCell {TH} at (2,186) size 41x21 [bgcolor=#ADD8E6] [border: (1px inset #808080)] [r=8 c=0 rs=1 cs=1]
                RenderText {#text} at (2,2) size 37x17
                  text run at (2,2) width 37: "Head"
              RenderTableCell {TD} at (133,186) size 36x21 [bgcolor=#ADD8E6] [border: (1px inset #808080)] [r=8 c=2 rs=1 cs=1]
                RenderText {#text} at (2,2) size 31x17
                  text run at (2,2) width 31: "col 1"
              RenderTableCell {TD} at (170,186) size 37x21 [bgcolor=#ADD8E6] [border: (1px inset #808080)] [r=8 c=3 rs=1 cs=1]
                RenderText {#text} at (2,2) size 31x17
                  text run at (2,2) width 31: "col 2"
              RenderTableCell {TD} at (208,186) size 37x21 [bgcolor=#ADD8E6] [border: (1px inset #808080)] [r=8 c=4 rs=1 cs=1]
                RenderText {#text} at (2,2) size 31x17
                  text run at (2,2) width 31: "col 3"
              RenderTableCell {TD} at (246,186) size 36x21 [bgcolor=#ADD8E6] [border: (1px inset #808080)] [r=8 c=5 rs=1 cs=1]
                RenderText {#text} at (2,2) size 31x17
                  text run at (2,2) width 31: "col 4"
              RenderTableCell {TD} at (283,186) size 37x21 [bgcolor=#ADD8E6] [border: (1px inset #808080)] [r=8 c=6 rs=1 cs=1]
                RenderText {#text} at (2,2) size 31x17
                  text run at (2,2) width 31: "col 5"
              RenderTableCell {TD} at (321,186) size 36x21 [bgcolor=#ADD8E6] [border: (1px inset #808080)] [r=8 c=7 rs=1 cs=1]
                RenderText {#text} at (2,2) size 31x17
                  text run at (2,2) width 31: "col 6"
              RenderTableCell {TD} at (358,186) size 37x21 [bgcolor=#ADD8E6] [border: (1px inset #808080)] [r=8 c=8 rs=1 cs=1]
                RenderText {#text} at (2,2) size 31x17
                  text run at (2,2) width 31: "col 7"
              RenderTableCell {TD} at (396,186) size 37x21 [bgcolor=#ADD8E6] [border: (1px inset #808080)] [r=8 c=9 rs=1 cs=1]
                RenderText {#text} at (2,2) size 31x17
                  text run at (2,2) width 31: "col 8"
              RenderTableCell {TD} at (434,186) size 36x21 [bgcolor=#ADD8E6] [border: (1px inset #808080)] [r=8 c=10 rs=1 cs=1]
                RenderText {#text} at (2,2) size 31x17
                  text run at (2,2) width 31: "col 9"
            RenderTableRow {TR} at (0,209) size 472x21
              RenderTableCell {TH} at (2,209) size 41x21 [bgcolor=#ADD8E6] [border: (1px inset #808080)] [r=9 c=0 rs=1 cs=1]
                RenderText {#text} at (2,2) size 37x17
                  text run at (2,2) width 37: "Head"
              RenderTableCell {TD} at (133,209) size 36x21 [bgcolor=#ADD8E6] [border: (1px inset #808080)] [r=9 c=2 rs=1 cs=1]
                RenderText {#text} at (2,2) size 31x17
                  text run at (2,2) width 31: "col 1"
              RenderTableCell {TD} at (170,209) size 37x21 [bgcolor=#ADD8E6] [border: (1px inset #808080)] [r=9 c=3 rs=1 cs=1]
                RenderText {#text} at (2,2) size 31x17
                  text run at (2,2) width 31: "col 2"
              RenderTableCell {TD} at (208,209) size 37x21 [bgcolor=#ADD8E6] [border: (1px inset #808080)] [r=9 c=4 rs=1 cs=1]
                RenderText {#text} at (2,2) size 31x17
                  text run at (2,2) width 31: "col 3"
              RenderTableCell {TD} at (246,209) size 36x21 [bgcolor=#ADD8E6] [border: (1px inset #808080)] [r=9 c=5 rs=1 cs=1]
                RenderText {#text} at (2,2) size 31x17
                  text run at (2,2) width 31: "col 4"
              RenderTableCell {TD} at (283,209) size 37x21 [bgcolor=#ADD8E6] [border: (1px inset #808080)] [r=9 c=6 rs=1 cs=1]
                RenderText {#text} at (2,2) size 31x17
                  text run at (2,2) width 31: "col 5"
              RenderTableCell {TD} at (321,209) size 36x21 [bgcolor=#ADD8E6] [border: (1px inset #808080)] [r=9 c=7 rs=1 cs=1]
                RenderText {#text} at (2,2) size 31x17
                  text run at (2,2) width 31: "col 6"
              RenderTableCell {TD} at (358,209) size 37x21 [bgcolor=#ADD8E6] [border: (1px inset #808080)] [r=9 c=8 rs=1 cs=1]
                RenderText {#text} at (2,2) size 31x17
                  text run at (2,2) width 31: "col 7"
              RenderTableCell {TD} at (396,209) size 37x21 [bgcolor=#ADD8E6] [border: (1px inset #808080)] [r=9 c=9 rs=1 cs=1]
                RenderText {#text} at (2,2) size 31x17
                  text run at (2,2) width 31: "col 8"
              RenderTableCell {TD} at (434,209) size 36x21 [bgcolor=#ADD8E6] [border: (1px inset #808080)] [r=9 c=10 rs=1 cs=1]
                RenderText {#text} at (2,2) size 31x17
                  text run at (2,2) width 31: "col 9"
      RenderBlock {P} at (0,1610) size 769x0
      RenderBlock {HR} at (0,1610) size 769x3 [border: (1px inset #000000)]
      RenderBlock {P} at (0,1628) size 769x61
        RenderTable {TABLE} at (0,0) size 654x60 [bgcolor=#F08080] [border: (1px outset #808080)]
          RenderTableSection {TBODY} at (1,1) size 652x58
            RenderTableRow {TR} at (0,2) size 652x54
              RenderTableCell {TH} at (2,2) size 648x54 [border: (1px inset #808080)] [r=0 c=0 rs=1 cs=1]
                RenderInline {A} at (0,0) size 0x0
                RenderText {#text} at (11,11) size 95x17
                  text run at (11,11) width 95: "Test Case #3: "
                RenderInline {FONT} at (0,0) size 410x17 [color=#0000FF]
                  RenderText {#text} at (106,11) size 410x17
                    text run at (106,11) width 410: "table with nested header & data cells spanning multiple rows"
                RenderText {#text} at (516,11) size 4x17
                  text run at (516,11) width 4: " "
                RenderInline {FONT} at (0,0) size 571x30
                  RenderInline {I} at (0,0) size 571x30
                    RenderText {#text} at (520,13) size 571x30
                      text run at (520,13) width 62: "(using <TH"
                      text run at (11,28) width 353: "ROWSPAN=integer value> <TD ROWSPAN=integer value> tag)"
                RenderText {#text} at (0,0) size 0x0
      RenderBlock {P} at (0,1704) size 769x35
        RenderBR {BR} at (0,0) size 0x17
        RenderBR {BR} at (0,17) size 0x17
      RenderBlock {UL} at (0,1754) size 769x422
        RenderTable {TABLE} at (40,0) size 474x421 [border: (1px outset #808080)]
          RenderBlock {CAPTION} at (0,0) size 474x17
            RenderText {#text} at (28,0) size 89x17
              text run at (28,0) width 89: "Nested Table "
            RenderInline {B} at (0,0) size 88x17
              RenderText {#text} at (116,0) size 88x17
                text run at (116,0) width 88: "Header Cells"
            RenderText {#text} at (203,0) size 21x17
              text run at (203,0) width 21: " & "
            RenderInline {B} at (0,0) size 71x17
              RenderText {#text} at (223,0) size 71x17
                text run at (223,0) width 71: "Data Cells"
            RenderText {#text} at (293,0) size 152x17
              text run at (293,0) width 152: " spanning multiple rows"
          RenderTableSection {TBODY} at (1,18) size 472x402
            RenderTableRow {TR} at (0,2) size 472x38
              RenderTableCell {TH} at (2,113) size 83x56 [bgcolor=#FFE4C4] [border: (1px inset #808080)] [r=0 c=0 rs=7 cs=1]
                RenderText {#text} at (10,2) size 63x18
                  text run at (10,3) width 63: "Header 1"
                RenderBR {BR} at (72,127) size 1x1
                RenderText {#text} at (16,19) size 50x35
                  text run at (16,20) width 50: "span=7"
                  text run at (24,37) width 34: "rows"
              RenderTableCell {TD} at (86,13) size 78x56 [bgcolor=#FFFACD] [border: (1px inset #808080)] [r=0 c=1 rs=2 cs=1]
                RenderText {#text} at (2,2) size 42x18
                  text run at (2,3) width 42: "Data 1"
                RenderBR {BR} at (44,27) size 0x1
                RenderText {#text} at (2,19) size 46x35
                  text run at (2,20) width 46: "span=2"
                  text run at (2,37) width 31: "rows"
              RenderTableCell {TD} at (165,2) size 33x38 [bgcolor=#EE82EE] [border: (1px inset #808080)] [r=0 c=2 rs=1 cs=1]
                RenderText {#text} at (2,2) size 19x34
                  text run at (2,2) width 19: "col"
                  text run at (2,19) width 8: "1"
              RenderTableCell {TD} at (199,2) size 33x38 [bgcolor=#EE82EE] [border: (1px inset #808080)] [r=0 c=3 rs=1 cs=1]
                RenderText {#text} at (2,2) size 19x34
                  text run at (2,2) width 19: "col"
                  text run at (2,19) width 8: "2"
              RenderTableCell {TD} at (233,2) size 33x38 [bgcolor=#EE82EE] [border: (1px inset #808080)] [r=0 c=4 rs=1 cs=1]
                RenderText {#text} at (2,2) size 19x34
                  text run at (2,2) width 19: "col"
                  text run at (2,19) width 8: "3"
              RenderTableCell {TD} at (267,2) size 33x38 [bgcolor=#EE82EE] [border: (1px inset #808080)] [r=0 c=5 rs=1 cs=1]
                RenderText {#text} at (2,2) size 19x34
                  text run at (2,2) width 19: "col"
                  text run at (2,19) width 8: "4"
              RenderTableCell {TD} at (301,2) size 33x38 [bgcolor=#EE82EE] [border: (1px inset #808080)] [r=0 c=6 rs=1 cs=1]
                RenderText {#text} at (2,2) size 19x34
                  text run at (2,2) width 19: "col"
                  text run at (2,19) width 8: "5"
              RenderTableCell {TD} at (335,2) size 33x38 [bgcolor=#EE82EE] [border: (1px inset #808080)] [r=0 c=7 rs=1 cs=1]
                RenderText {#text} at (2,2) size 19x34
                  text run at (2,2) width 19: "col"
                  text run at (2,19) width 8: "6"
              RenderTableCell {TD} at (369,2) size 33x38 [bgcolor=#EE82EE] [border: (1px inset #808080)] [r=0 c=8 rs=1 cs=1]
                RenderText {#text} at (2,2) size 19x34
                  text run at (2,2) width 19: "col"
                  text run at (2,19) width 8: "7"
              RenderTableCell {TD} at (403,2) size 33x38 [bgcolor=#EE82EE] [border: (1px inset #808080)] [r=0 c=9 rs=1 cs=1]
                RenderText {#text} at (2,2) size 19x34
                  text run at (2,2) width 19: "col"
                  text run at (2,19) width 8: "8"
              RenderTableCell {TD} at (437,2) size 33x38 [bgcolor=#EE82EE] [border: (1px inset #808080)] [r=0 c=10 rs=1 cs=1]
                RenderText {#text} at (2,2) size 19x34
                  text run at (2,2) width 19: "col"
                  text run at (2,19) width 8: "9"
            RenderTableRow {TR} at (0,42) size 472x38
              RenderTableCell {TD} at (165,42) size 33x38 [bgcolor=#EE82EE] [border: (1px inset #808080)] [r=1 c=2 rs=1 cs=1]
                RenderText {#text} at (2,2) size 19x34
                  text run at (2,2) width 19: "col"
                  text run at (2,19) width 8: "1"
              RenderTableCell {TD} at (199,42) size 33x38 [bgcolor=#EE82EE] [border: (1px inset #808080)] [r=1 c=3 rs=1 cs=1]
                RenderText {#text} at (2,2) size 19x34
                  text run at (2,2) width 19: "col"
                  text run at (2,19) width 8: "2"
              RenderTableCell {TD} at (233,42) size 33x38 [bgcolor=#EE82EE] [border: (1px inset #808080)] [r=1 c=4 rs=1 cs=1]
                RenderText {#text} at (2,2) size 19x34
                  text run at (2,2) width 19: "col"
                  text run at (2,19) width 8: "3"
              RenderTableCell {TD} at (267,42) size 33x38 [bgcolor=#EE82EE] [border: (1px inset #808080)] [r=1 c=5 rs=1 cs=1]
                RenderText {#text} at (2,2) size 19x34
                  text run at (2,2) width 19: "col"
                  text run at (2,19) width 8: "4"
              RenderTableCell {TD} at (301,42) size 33x38 [bgcolor=#EE82EE] [border: (1px inset #808080)] [r=1 c=6 rs=1 cs=1]
                RenderText {#text} at (2,2) size 19x34
                  text run at (2,2) width 19: "col"
                  text run at (2,19) width 8: "5"
              RenderTableCell {TD} at (335,42) size 33x38 [bgcolor=#EE82EE] [border: (1px inset #808080)] [r=1 c=7 rs=1 cs=1]
                RenderText {#text} at (2,2) size 19x34
                  text run at (2,2) width 19: "col"
                  text run at (2,19) width 8: "6"
              RenderTableCell {TD} at (369,42) size 33x38 [bgcolor=#EE82EE] [border: (1px inset #808080)] [r=1 c=8 rs=1 cs=1]
                RenderText {#text} at (2,2) size 19x34
                  text run at (2,2) width 19: "col"
                  text run at (2,19) width 8: "7"
              RenderTableCell {TD} at (403,42) size 33x38 [bgcolor=#EE82EE] [border: (1px inset #808080)] [r=1 c=9 rs=1 cs=1]
                RenderText {#text} at (2,2) size 19x34
                  text run at (2,2) width 19: "col"
                  text run at (2,19) width 8: "8"
              RenderTableCell {TD} at (437,42) size 33x38 [bgcolor=#EE82EE] [border: (1px inset #808080)] [r=1 c=10 rs=1 cs=1]
                RenderText {#text} at (2,2) size 19x34
                  text run at (2,2) width 19: "col"
                  text run at (2,19) width 8: "9"
            RenderTableRow {TR} at (0,82) size 472x38
              RenderTableCell {TD} at (86,153) size 78x56 [bgcolor=#FFFACD] [border: (1px inset #808080)] [r=2 c=1 rs=5 cs=1]
                RenderText {#text} at (2,2) size 42x18
                  text run at (2,3) width 42: "Data 2"
                RenderBR {BR} at (44,87) size 0x1
                RenderText {#text} at (2,19) size 46x35
                  text run at (2,20) width 46: "span=5"
                  text run at (2,37) width 31: "rows"
              RenderTableCell {TD} at (165,82) size 33x38 [bgcolor=#90EE90] [border: (1px inset #808080)] [r=2 c=2 rs=1 cs=1]
                RenderText {#text} at (2,2) size 19x34
                  text run at (2,2) width 19: "col"
                  text run at (2,19) width 8: "1"
              RenderTableCell {TD} at (199,82) size 33x38 [bgcolor=#90EE90] [border: (1px inset #808080)] [r=2 c=3 rs=1 cs=1]
                RenderText {#text} at (2,2) size 19x34
                  text run at (2,2) width 19: "col"
                  text run at (2,19) width 8: "2"
              RenderTableCell {TD} at (233,82) size 33x38 [bgcolor=#90EE90] [border: (1px inset #808080)] [r=2 c=4 rs=1 cs=1]
                RenderText {#text} at (2,2) size 19x34
                  text run at (2,2) width 19: "col"
                  text run at (2,19) width 8: "3"
              RenderTableCell {TD} at (267,82) size 33x38 [bgcolor=#90EE90] [border: (1px inset #808080)] [r=2 c=5 rs=1 cs=1]
                RenderText {#text} at (2,2) size 19x34
                  text run at (2,2) width 19: "col"
                  text run at (2,19) width 8: "4"
              RenderTableCell {TD} at (301,82) size 33x38 [bgcolor=#90EE90] [border: (1px inset #808080)] [r=2 c=6 rs=1 cs=1]
                RenderText {#text} at (2,2) size 19x34
                  text run at (2,2) width 19: "col"
                  text run at (2,19) width 8: "5"
              RenderTableCell {TD} at (335,82) size 33x38 [bgcolor=#90EE90] [border: (1px inset #808080)] [r=2 c=7 rs=1 cs=1]
                RenderText {#text} at (2,2) size 19x34
                  text run at (2,2) width 19: "col"
                  text run at (2,19) width 8: "6"
              RenderTableCell {TD} at (369,82) size 33x38 [bgcolor=#90EE90] [border: (1px inset #808080)] [r=2 c=8 rs=1 cs=1]
                RenderText {#text} at (2,2) size 19x34
                  text run at (2,2) width 19: "col"
                  text run at (2,19) width 8: "7"
              RenderTableCell {TD} at (403,82) size 33x38 [bgcolor=#90EE90] [border: (1px inset #808080)] [r=2 c=9 rs=1 cs=1]
                RenderText {#text} at (2,2) size 19x34
                  text run at (2,2) width 19: "col"
                  text run at (2,19) width 8: "8"
              RenderTableCell {TD} at (437,82) size 33x38 [bgcolor=#90EE90] [border: (1px inset #808080)] [r=2 c=10 rs=1 cs=1]
                RenderText {#text} at (2,2) size 19x34
                  text run at (2,2) width 19: "col"
                  text run at (2,19) width 8: "9"
            RenderTableRow {TR} at (0,122) size 472x38
              RenderTableCell {TD} at (165,122) size 33x38 [bgcolor=#90EE90] [border: (1px inset #808080)] [r=3 c=2 rs=1 cs=1]
                RenderText {#text} at (2,2) size 19x34
                  text run at (2,2) width 19: "col"
                  text run at (2,19) width 8: "1"
              RenderTableCell {TD} at (199,122) size 33x38 [bgcolor=#90EE90] [border: (1px inset #808080)] [r=3 c=3 rs=1 cs=1]
                RenderText {#text} at (2,2) size 19x34
                  text run at (2,2) width 19: "col"
                  text run at (2,19) width 8: "2"
              RenderTableCell {TD} at (233,122) size 33x38 [bgcolor=#90EE90] [border: (1px inset #808080)] [r=3 c=4 rs=1 cs=1]
                RenderText {#text} at (2,2) size 19x34
                  text run at (2,2) width 19: "col"
                  text run at (2,19) width 8: "3"
              RenderTableCell {TD} at (267,122) size 33x38 [bgcolor=#90EE90] [border: (1px inset #808080)] [r=3 c=5 rs=1 cs=1]
                RenderText {#text} at (2,2) size 19x34
                  text run at (2,2) width 19: "col"
                  text run at (2,19) width 8: "4"
              RenderTableCell {TD} at (301,122) size 33x38 [bgcolor=#90EE90] [border: (1px inset #808080)] [r=3 c=6 rs=1 cs=1]
                RenderText {#text} at (2,2) size 19x34
                  text run at (2,2) width 19: "col"
                  text run at (2,19) width 8: "5"
              RenderTableCell {TD} at (335,122) size 33x38 [bgcolor=#90EE90] [border: (1px inset #808080)] [r=3 c=7 rs=1 cs=1]
                RenderText {#text} at (2,2) size 19x34
                  text run at (2,2) width 19: "col"
                  text run at (2,19) width 8: "6"
              RenderTableCell {TD} at (369,122) size 33x38 [bgcolor=#90EE90] [border: (1px inset #808080)] [r=3 c=8 rs=1 cs=1]
                RenderText {#text} at (2,2) size 19x34
                  text run at (2,2) width 19: "col"
                  text run at (2,19) width 8: "7"
              RenderTableCell {TD} at (403,122) size 33x38 [bgcolor=#90EE90] [border: (1px inset #808080)] [r=3 c=9 rs=1 cs=1]
                RenderText {#text} at (2,2) size 19x34
                  text run at (2,2) width 19: "col"
                  text run at (2,19) width 8: "8"
              RenderTableCell {TD} at (437,122) size 33x38 [bgcolor=#90EE90] [border: (1px inset #808080)] [r=3 c=10 rs=1 cs=1]
                RenderText {#text} at (2,2) size 19x34
                  text run at (2,2) width 19: "col"
                  text run at (2,19) width 8: "9"
            RenderTableRow {TR} at (0,162) size 472x38
              RenderTableCell {TD} at (165,162) size 33x38 [bgcolor=#90EE90] [border: (1px inset #808080)] [r=4 c=2 rs=1 cs=1]
                RenderText {#text} at (2,2) size 19x34
                  text run at (2,2) width 19: "col"
                  text run at (2,19) width 8: "1"
              RenderTableCell {TD} at (199,162) size 33x38 [bgcolor=#90EE90] [border: (1px inset #808080)] [r=4 c=3 rs=1 cs=1]
                RenderText {#text} at (2,2) size 19x34
                  text run at (2,2) width 19: "col"
                  text run at (2,19) width 8: "2"
              RenderTableCell {TD} at (233,162) size 33x38 [bgcolor=#90EE90] [border: (1px inset #808080)] [r=4 c=4 rs=1 cs=1]
                RenderText {#text} at (2,2) size 19x34
                  text run at (2,2) width 19: "col"
                  text run at (2,19) width 8: "3"
              RenderTableCell {TD} at (267,162) size 33x38 [bgcolor=#90EE90] [border: (1px inset #808080)] [r=4 c=5 rs=1 cs=1]
                RenderText {#text} at (2,2) size 19x34
                  text run at (2,2) width 19: "col"
                  text run at (2,19) width 8: "4"
              RenderTableCell {TD} at (301,162) size 33x38 [bgcolor=#90EE90] [border: (1px inset #808080)] [r=4 c=6 rs=1 cs=1]
                RenderText {#text} at (2,2) size 19x34
                  text run at (2,2) width 19: "col"
                  text run at (2,19) width 8: "5"
              RenderTableCell {TD} at (335,162) size 33x38 [bgcolor=#90EE90] [border: (1px inset #808080)] [r=4 c=7 rs=1 cs=1]
                RenderText {#text} at (2,2) size 19x34
                  text run at (2,2) width 19: "col"
                  text run at (2,19) width 8: "6"
              RenderTableCell {TD} at (369,162) size 33x38 [bgcolor=#90EE90] [border: (1px inset #808080)] [r=4 c=8 rs=1 cs=1]
                RenderText {#text} at (2,2) size 19x34
                  text run at (2,2) width 19: "col"
                  text run at (2,19) width 8: "7"
              RenderTableCell {TD} at (403,162) size 33x38 [bgcolor=#90EE90] [border: (1px inset #808080)] [r=4 c=9 rs=1 cs=1]
                RenderText {#text} at (2,2) size 19x34
                  text run at (2,2) width 19: "col"
                  text run at (2,19) width 8: "8"
              RenderTableCell {TD} at (437,162) size 33x38 [bgcolor=#90EE90] [border: (1px inset #808080)] [r=4 c=10 rs=1 cs=1]
                RenderText {#text} at (2,2) size 19x34
                  text run at (2,2) width 19: "col"
                  text run at (2,19) width 8: "9"
            RenderTableRow {TR} at (0,202) size 472x38
              RenderTableCell {TD} at (165,202) size 33x38 [bgcolor=#90EE90] [border: (1px inset #808080)] [r=5 c=2 rs=1 cs=1]
                RenderText {#text} at (2,2) size 19x34
                  text run at (2,2) width 19: "col"
                  text run at (2,19) width 8: "1"
              RenderTableCell {TD} at (199,202) size 33x38 [bgcolor=#90EE90] [border: (1px inset #808080)] [r=5 c=3 rs=1 cs=1]
                RenderText {#text} at (2,2) size 19x34
                  text run at (2,2) width 19: "col"
                  text run at (2,19) width 8: "2"
              RenderTableCell {TD} at (233,202) size 33x38 [bgcolor=#90EE90] [border: (1px inset #808080)] [r=5 c=4 rs=1 cs=1]
                RenderText {#text} at (2,2) size 19x34
                  text run at (2,2) width 19: "col"
                  text run at (2,19) width 8: "3"
              RenderTableCell {TD} at (267,202) size 33x38 [bgcolor=#90EE90] [border: (1px inset #808080)] [r=5 c=5 rs=1 cs=1]
                RenderText {#text} at (2,2) size 19x34
                  text run at (2,2) width 19: "col"
                  text run at (2,19) width 8: "4"
              RenderTableCell {TD} at (301,202) size 33x38 [bgcolor=#90EE90] [border: (1px inset #808080)] [r=5 c=6 rs=1 cs=1]
                RenderText {#text} at (2,2) size 19x34
                  text run at (2,2) width 19: "col"
                  text run at (2,19) width 8: "5"
              RenderTableCell {TD} at (335,202) size 33x38 [bgcolor=#90EE90] [border: (1px inset #808080)] [r=5 c=7 rs=1 cs=1]
                RenderText {#text} at (2,2) size 19x34
                  text run at (2,2) width 19: "col"
                  text run at (2,19) width 8: "6"
              RenderTableCell {TD} at (369,202) size 33x38 [bgcolor=#90EE90] [border: (1px inset #808080)] [r=5 c=8 rs=1 cs=1]
                RenderText {#text} at (2,2) size 19x34
                  text run at (2,2) width 19: "col"
                  text run at (2,19) width 8: "7"
              RenderTableCell {TD} at (403,202) size 33x38 [bgcolor=#90EE90] [border: (1px inset #808080)] [r=5 c=9 rs=1 cs=1]
                RenderText {#text} at (2,2) size 19x34
                  text run at (2,2) width 19: "col"
                  text run at (2,19) width 8: "8"
              RenderTableCell {TD} at (437,202) size 33x38 [bgcolor=#90EE90] [border: (1px inset #808080)] [r=5 c=10 rs=1 cs=1]
                RenderText {#text} at (2,2) size 19x34
                  text run at (2,2) width 19: "col"
                  text run at (2,19) width 8: "9"
            RenderTableRow {TR} at (0,242) size 472x38
              RenderTableCell {TD} at (165,242) size 33x38 [bgcolor=#90EE90] [border: (1px inset #808080)] [r=6 c=2 rs=1 cs=1]
                RenderText {#text} at (2,2) size 19x34
                  text run at (2,2) width 19: "col"
                  text run at (2,19) width 8: "1"
              RenderTableCell {TD} at (199,242) size 33x38 [bgcolor=#90EE90] [border: (1px inset #808080)] [r=6 c=3 rs=1 cs=1]
                RenderText {#text} at (2,2) size 19x34
                  text run at (2,2) width 19: "col"
                  text run at (2,19) width 8: "2"
              RenderTableCell {TD} at (233,242) size 33x38 [bgcolor=#90EE90] [border: (1px inset #808080)] [r=6 c=4 rs=1 cs=1]
                RenderText {#text} at (2,2) size 19x34
                  text run at (2,2) width 19: "col"
                  text run at (2,19) width 8: "3"
              RenderTableCell {TD} at (267,242) size 33x38 [bgcolor=#90EE90] [border: (1px inset #808080)] [r=6 c=5 rs=1 cs=1]
                RenderText {#text} at (2,2) size 19x34
                  text run at (2,2) width 19: "col"
                  text run at (2,19) width 8: "4"
              RenderTableCell {TD} at (301,242) size 33x38 [bgcolor=#90EE90] [border: (1px inset #808080)] [r=6 c=6 rs=1 cs=1]
                RenderText {#text} at (2,2) size 19x34
                  text run at (2,2) width 19: "col"
                  text run at (2,19) width 8: "5"
              RenderTableCell {TD} at (335,242) size 33x38 [bgcolor=#90EE90] [border: (1px inset #808080)] [r=6 c=7 rs=1 cs=1]
                RenderText {#text} at (2,2) size 19x34
                  text run at (2,2) width 19: "col"
                  text run at (2,19) width 8: "6"
              RenderTableCell {TD} at (369,242) size 33x38 [bgcolor=#90EE90] [border: (1px inset #808080)] [r=6 c=8 rs=1 cs=1]
                RenderText {#text} at (2,2) size 19x34
                  text run at (2,2) width 19: "col"
                  text run at (2,19) width 8: "7"
              RenderTableCell {TD} at (403,242) size 33x38 [bgcolor=#90EE90] [border: (1px inset #808080)] [r=6 c=9 rs=1 cs=1]
                RenderText {#text} at (2,2) size 19x34
                  text run at (2,2) width 19: "col"
                  text run at (2,19) width 8: "8"
              RenderTableCell {TD} at (437,242) size 33x38 [bgcolor=#90EE90] [border: (1px inset #808080)] [r=6 c=10 rs=1 cs=1]
                RenderText {#text} at (2,2) size 19x34
                  text run at (2,2) width 19: "col"
                  text run at (2,19) width 8: "9"
            RenderTableRow {TR} at (0,282) size 472x38
              RenderTableCell {TH} at (2,313) size 83x56 [bgcolor=#FFE4C4] [border: (1px inset #808080)] [r=7 c=0 rs=3 cs=1]
                RenderText {#text} at (10,2) size 63x18
                  text run at (10,3) width 63: "Header 2"
                RenderBR {BR} at (72,47) size 1x1
                RenderText {#text} at (16,19) size 50x35
                  text run at (16,20) width 50: "span=3"
                  text run at (24,37) width 34: "rows"
              RenderTableCell {TD} at (86,313) size 78x56 [bgcolor=#FFFACD] [border: (1px inset #808080)] [r=7 c=1 rs=3 cs=1]
                RenderText {#text} at (2,2) size 42x18
                  text run at (2,3) width 42: "Data 3"
                RenderBR {BR} at (44,47) size 0x1
                RenderText {#text} at (2,19) size 46x35
                  text run at (2,20) width 46: "span=3"
                  text run at (2,37) width 31: "rows"
              RenderTableCell {TD} at (165,282) size 33x38 [bgcolor=#ADD8E6] [border: (1px inset #808080)] [r=7 c=2 rs=1 cs=1]
                RenderText {#text} at (2,2) size 19x34
                  text run at (2,2) width 19: "col"
                  text run at (2,19) width 8: "1"
              RenderTableCell {TD} at (199,282) size 33x38 [bgcolor=#ADD8E6] [border: (1px inset #808080)] [r=7 c=3 rs=1 cs=1]
                RenderText {#text} at (2,2) size 19x34
                  text run at (2,2) width 19: "col"
                  text run at (2,19) width 8: "2"
              RenderTableCell {TD} at (233,282) size 33x38 [bgcolor=#ADD8E6] [border: (1px inset #808080)] [r=7 c=4 rs=1 cs=1]
                RenderText {#text} at (2,2) size 19x34
                  text run at (2,2) width 19: "col"
                  text run at (2,19) width 8: "3"
              RenderTableCell {TD} at (267,282) size 33x38 [bgcolor=#ADD8E6] [border: (1px inset #808080)] [r=7 c=5 rs=1 cs=1]
                RenderText {#text} at (2,2) size 19x34
                  text run at (2,2) width 19: "col"
                  text run at (2,19) width 8: "4"
              RenderTableCell {TD} at (301,282) size 33x38 [bgcolor=#ADD8E6] [border: (1px inset #808080)] [r=7 c=6 rs=1 cs=1]
                RenderText {#text} at (2,2) size 19x34
                  text run at (2,2) width 19: "col"
                  text run at (2,19) width 8: "5"
              RenderTableCell {TD} at (335,282) size 33x38 [bgcolor=#ADD8E6] [border: (1px inset #808080)] [r=7 c=7 rs=1 cs=1]
                RenderText {#text} at (2,2) size 19x34
                  text run at (2,2) width 19: "col"
                  text run at (2,19) width 8: "6"
              RenderTableCell {TD} at (369,282) size 33x38 [bgcolor=#ADD8E6] [border: (1px inset #808080)] [r=7 c=8 rs=1 cs=1]
                RenderText {#text} at (2,2) size 19x34
                  text run at (2,2) width 19: "col"
                  text run at (2,19) width 8: "7"
              RenderTableCell {TD} at (403,282) size 33x38 [bgcolor=#ADD8E6] [border: (1px inset #808080)] [r=7 c=9 rs=1 cs=1]
                RenderText {#text} at (2,2) size 19x34
                  text run at (2,2) width 19: "col"
                  text run at (2,19) width 8: "8"
              RenderTableCell {TD} at (437,282) size 33x38 [bgcolor=#ADD8E6] [border: (1px inset #808080)] [r=7 c=10 rs=1 cs=1]
                RenderText {#text} at (2,2) size 19x34
                  text run at (2,2) width 19: "col"
                  text run at (2,19) width 8: "9"
            RenderTableRow {TR} at (0,322) size 472x38
              RenderTableCell {TD} at (165,322) size 33x38 [bgcolor=#ADD8E6] [border: (1px inset #808080)] [r=8 c=2 rs=1 cs=1]
                RenderText {#text} at (2,2) size 19x34
                  text run at (2,2) width 19: "col"
                  text run at (2,19) width 8: "1"
              RenderTableCell {TD} at (199,322) size 33x38 [bgcolor=#ADD8E6] [border: (1px inset #808080)] [r=8 c=3 rs=1 cs=1]
                RenderText {#text} at (2,2) size 19x34
                  text run at (2,2) width 19: "col"
                  text run at (2,19) width 8: "2"
              RenderTableCell {TD} at (233,322) size 33x38 [bgcolor=#ADD8E6] [border: (1px inset #808080)] [r=8 c=4 rs=1 cs=1]
                RenderText {#text} at (2,2) size 19x34
                  text run at (2,2) width 19: "col"
                  text run at (2,19) width 8: "3"
              RenderTableCell {TD} at (267,322) size 33x38 [bgcolor=#ADD8E6] [border: (1px inset #808080)] [r=8 c=5 rs=1 cs=1]
                RenderText {#text} at (2,2) size 19x34
                  text run at (2,2) width 19: "col"
                  text run at (2,19) width 8: "4"
              RenderTableCell {TD} at (301,322) size 33x38 [bgcolor=#ADD8E6] [border: (1px inset #808080)] [r=8 c=6 rs=1 cs=1]
                RenderText {#text} at (2,2) size 19x34
                  text run at (2,2) width 19: "col"
                  text run at (2,19) width 8: "5"
              RenderTableCell {TD} at (335,322) size 33x38 [bgcolor=#ADD8E6] [border: (1px inset #808080)] [r=8 c=7 rs=1 cs=1]
                RenderText {#text} at (2,2) size 19x34
                  text run at (2,2) width 19: "col"
                  text run at (2,19) width 8: "6"
              RenderTableCell {TD} at (369,322) size 33x38 [bgcolor=#ADD8E6] [border: (1px inset #808080)] [r=8 c=8 rs=1 cs=1]
                RenderText {#text} at (2,2) size 19x34
                  text run at (2,2) width 19: "col"
                  text run at (2,19) width 8: "7"
              RenderTableCell {TD} at (403,322) size 33x38 [bgcolor=#ADD8E6] [border: (1px inset #808080)] [r=8 c=9 rs=1 cs=1]
                RenderText {#text} at (2,2) size 19x34
                  text run at (2,2) width 19: "col"
                  text run at (2,19) width 8: "8"
              RenderTableCell {TD} at (437,322) size 33x38 [bgcolor=#ADD8E6] [border: (1px inset #808080)] [r=8 c=10 rs=1 cs=1]
                RenderText {#text} at (2,2) size 19x34
                  text run at (2,2) width 19: "col"
                  text run at (2,19) width 8: "9"
            RenderTableRow {TR} at (0,362) size 472x38
              RenderTableCell {TD} at (165,362) size 33x38 [bgcolor=#ADD8E6] [border: (1px inset #808080)] [r=9 c=2 rs=1 cs=1]
                RenderText {#text} at (2,2) size 19x34
                  text run at (2,2) width 19: "col"
                  text run at (2,19) width 8: "1"
              RenderTableCell {TD} at (199,362) size 33x38 [bgcolor=#ADD8E6] [border: (1px inset #808080)] [r=9 c=3 rs=1 cs=1]
                RenderText {#text} at (2,2) size 19x34
                  text run at (2,2) width 19: "col"
                  text run at (2,19) width 8: "2"
              RenderTableCell {TD} at (233,362) size 33x38 [bgcolor=#ADD8E6] [border: (1px inset #808080)] [r=9 c=4 rs=1 cs=1]
                RenderText {#text} at (2,2) size 19x34
                  text run at (2,2) width 19: "col"
                  text run at (2,19) width 8: "3"
              RenderTableCell {TD} at (267,362) size 33x38 [bgcolor=#ADD8E6] [border: (1px inset #808080)] [r=9 c=5 rs=1 cs=1]
                RenderText {#text} at (2,2) size 19x34
                  text run at (2,2) width 19: "col"
                  text run at (2,19) width 8: "4"
              RenderTableCell {TD} at (301,362) size 33x38 [bgcolor=#ADD8E6] [border: (1px inset #808080)] [r=9 c=6 rs=1 cs=1]
                RenderText {#text} at (2,2) size 19x34
                  text run at (2,2) width 19: "col"
                  text run at (2,19) width 8: "5"
              RenderTableCell {TD} at (335,362) size 33x38 [bgcolor=#ADD8E6] [border: (1px inset #808080)] [r=9 c=7 rs=1 cs=1]
                RenderText {#text} at (2,2) size 19x34
                  text run at (2,2) width 19: "col"
                  text run at (2,19) width 8: "6"
              RenderTableCell {TD} at (369,362) size 33x38 [bgcolor=#ADD8E6] [border: (1px inset #808080)] [r=9 c=8 rs=1 cs=1]
                RenderText {#text} at (2,2) size 19x34
                  text run at (2,2) width 19: "col"
                  text run at (2,19) width 8: "7"
              RenderTableCell {TD} at (403,362) size 33x38 [bgcolor=#ADD8E6] [border: (1px inset #808080)] [r=9 c=9 rs=1 cs=1]
                RenderText {#text} at (2,2) size 19x34
                  text run at (2,2) width 19: "col"
                  text run at (2,19) width 8: "8"
              RenderTableCell {TD} at (437,362) size 33x38 [bgcolor=#ADD8E6] [border: (1px inset #808080)] [r=9 c=10 rs=1 cs=1]
                RenderText {#text} at (2,2) size 19x34
                  text run at (2,2) width 19: "col"
                  text run at (2,19) width 8: "9"
      RenderBlock {P} at (0,2191) size 769x0
      RenderBlock {HR} at (0,2191) size 769x3 [border: (1px inset #000000)]
      RenderBlock (anonymous) at (0,2201) size 769x18
        RenderImage {IMG} at (0,1) size 13x13
        RenderText {#text} at (13,0) size 129x17
          text run at (13,0) width 129: " Created 9/19/96 by "
        RenderInline {A} at (0,0) size 82x17 [color=#0000EE]
          RenderText {#text} at (142,0) size 82x17
            text run at (142,0) width 82: "Ronald Greti"
        RenderBR {BR} at (224,14) size 0x0
      RenderBlock {P} at (0,2234) size 769x18
        RenderBR {BR} at (0,0) size 0x17
