layer at (0,0) size 785x1269
  RenderView at (0,0) size 785x600
layer at (0,0) size 785x1269
  RenderBlock {HTML} at (0,0) size 785x1269
    RenderBody {BODY} at (8,8) size 769x1245 [bgcolor=#FFDEAD]
      RenderBlock (anonymous) at (0,0) size 769x17
        RenderText {#text} at (0,0) size 596x17
          text run at (0,0) width 596: "If there is missing vertical space between tables and/or tables and other content, it is bug 6997. "
        RenderBR {BR} at (596,14) size 0x0
      RenderBlock {H1} at (0,38) size 769x73
        RenderInline {FONT} at (0,0) size 473x72 [color=#FF0000]
          RenderText {#text} at (0,0) size 295x36
            text run at (0,0) width 295: "Acceptance Test Case"
          RenderBR {BR} at (295,29) size 0x0
          RenderText {#text} at (0,36) size 473x36
            text run at (0,36) width 473: "Web Browser: Web View (HTML)"
      RenderBlock {P} at (0,131) size 769x27
        RenderInline {FONT} at (0,0) size 218x26 [color=#FF0000]
          RenderInline {B} at (0,0) size 218x26
            RenderText {#text} at (0,0) size 218x26
              text run at (0,0) width 218: "Table: <TR> ALIGN"
        RenderText {#text} at (0,0) size 0x0
      RenderBlock {HR} at (0,173) size 769x3 [border: (1px inset #000000)]
      RenderBlock (anonymous) at (0,183) size 769x69
        RenderText {#text} at (0,0) size 270x17
          text run at (0,0) width 270: "This acceptance test case tests the optional "
        RenderInline {B} at (0,0) size 41x17
          RenderText {#text} at (270,0) size 41x17
            text run at (270,0) width 41: "<TR>"
        RenderText {#text} at (311,0) size 27x17
          text run at (311,0) width 27: " tag "
        RenderInline {B} at (0,0) size 53x17
          RenderText {#text} at (338,0) size 53x17
            text run at (338,0) width 53: "ALIGN"
        RenderText {#text} at (391,0) size 765x51
          text run at (391,0) width 179: " attribute which controls the "
          text run at (570,0) width 188: "horizontal alignment of all the"
          text run at (0,17) width 471: "cells in a row. This cause the contents of each cell in the row to be aligned "
          text run at (471,17) width 294: "either LEFT|CENTER|RIGHT with respect to"
          text run at (0,34) width 358: "the current left and right margins of the display window. "
          text run at (358,34) width 29: "The "
        RenderInline {B} at (0,0) size 50x17
          RenderText {#text} at (387,34) size 50x17
            text run at (387,34) width 50: "Header"
        RenderText {#text} at (437,34) size 176x17
          text run at (437,34) width 176: " cells by default are aligned "
        RenderInline {B} at (0,0) size 69x17
          RenderText {#text} at (613,34) size 69x17
            text run at (613,34) width 69: "CENTER"
        RenderText {#text} at (682,34) size 62x17
          text run at (682,34) width 62: " while the"
        RenderInline {B} at (0,0) size 33x17
          RenderText {#text} at (0,51) size 33x17
            text run at (0,51) width 33: "Data"
        RenderText {#text} at (33,51) size 176x17
          text run at (33,51) width 176: " cells by default are aligned "
        RenderInline {B} at (0,0) size 43x17
          RenderText {#text} at (209,51) size 43x17
            text run at (209,51) width 43: "LEFT"
        RenderText {#text} at (252,51) size 4x17
          text run at (252,51) width 4: "."
      RenderBlock {P} at (0,267) size 769x18
        RenderInline {B} at (0,0) size 119x17
          RenderText {#text} at (0,0) size 119x17
            text run at (0,0) width 119: "Test Instructions:"
        RenderText {#text} at (0,0) size 0x0
      RenderBlock {OL} at (0,300) size 769x203
        RenderListItem {LI} at (40,0) size 729x17
          RenderListMarker at (-20,0) size 16x17: "1"
          RenderText {#text} at (0,0) size 498x17
            text run at (0,0) width 498: "Verify that the sample text displays as stated in each of the following test cases:"
        RenderBlock {P} at (40,33) size 729x68
          RenderTable {TABLE} at (0,0) size 718x68 [bgcolor=#F08080]
            RenderTableSection {TBODY} at (0,0) size 718x68
              RenderTableRow {TR} at (0,2) size 718x31
                RenderTableCell {TD} at (2,2) size 96x31 [r=0 c=0 rs=1 cs=1]
                  RenderInline {A} at (0,0) size 82x17 [color=#0000EE]
                    RenderText {#text} at (7,7) size 82x17
                      text run at (7,7) width 82: "Test Case #1"
                RenderTableCell {TD} at (100,2) size 616x31 [r=0 c=1 rs=1 cs=1]
                  RenderInline {FONT} at (0,0) size 602x17 [color=#0000FF]
                    RenderInline {B} at (0,0) size 602x17
                      RenderText {#text} at (7,7) size 602x17
                        text run at (7,7) width 602: "Table displaying Header \"CENTER \"& Data \"LEFT\" default horizontal row alignment"
              RenderTableRow {TR} at (0,35) size 718x31
                RenderTableCell {TD} at (2,35) size 96x31 [r=1 c=0 rs=1 cs=1]
                  RenderInline {A} at (0,0) size 82x17 [color=#0000EE]
                    RenderText {#text} at (7,7) size 82x17
                      text run at (7,7) width 82: "Test Case #2"
                RenderTableCell {TD} at (100,35) size 616x31 [r=1 c=1 rs=1 cs=1]
                  RenderInline {FONT} at (0,0) size 596x17 [color=#0000FF]
                    RenderInline {B} at (0,0) size 596x17
                      RenderText {#text} at (7,7) size 596x17
                        text run at (7,7) width 596: "Tables displaying Header & Data \"LEFT|CENTER|RIGHT\" horizontal row alignment"
        RenderBlock {P} at (40,117) size 729x0
        RenderListItem {LI} at (40,117) size 729x17
          RenderListMarker at (-20,0) size 16x17: "2"
          RenderText {#text} at (0,0) size 283x17
            text run at (0,0) width 283: "Verify that the table is maintained when you "
          RenderInline {B} at (0,0) size 129x17
            RenderText {#text} at (283,0) size 129x17
              text run at (283,0) width 129: "minimize/maximize"
          RenderText {#text} at (412,0) size 71x17
            text run at (412,0) width 71: " the screen."
        RenderListItem {LI} at (40,134) size 729x17
          RenderListMarker at (-20,0) size 16x17: "3"
          RenderText {#text} at (0,0) size 283x17
            text run at (0,0) width 283: "Verify that the table is maintained when you "
          RenderInline {B} at (0,0) size 122x17
            RenderText {#text} at (283,0) size 122x17
              text run at (283,0) width 122: "re-size left & right"
          RenderText {#text} at (405,0) size 71x17
            text run at (405,0) width 71: " the screen."
        RenderListItem {LI} at (40,151) size 729x17
          RenderListMarker at (-20,0) size 16x17: "4"
          RenderText {#text} at (0,0) size 283x17
            text run at (0,0) width 283: "Verify that the table is maintained when you "
          RenderInline {B} at (0,0) size 138x17
            RenderText {#text} at (283,0) size 138x17
              text run at (283,0) width 138: "re-size top & bottom"
          RenderText {#text} at (421,0) size 71x17
            text run at (421,0) width 71: " the screen."
        RenderListItem {LI} at (40,168) size 729x17
          RenderListMarker at (-20,0) size 16x17: "5"
          RenderText {#text} at (0,0) size 407x17
            text run at (0,0) width 407: "Verify re-draw takes place correctly after maximizing the screen."
        RenderListItem {LI} at (40,185) size 729x17
          RenderListMarker at (-20,0) size 16x17: "6"
          RenderText {#text} at (0,0) size 131x17
            text run at (0,0) width 131: "Verify reload works."
      RenderBlock {HR} at (0,518) size 769x3 [border: (1px inset #000000)]
      RenderBlock {P} at (0,536) size 769x61
        RenderTable {TABLE} at (0,0) size 769x60 [bgcolor=#F08080] [border: (1px outset #808080)]
          RenderTableSection {TBODY} at (1,1) size 767x58
            RenderTableRow {TR} at (0,2) size 767x54
              RenderTableCell {TH} at (2,2) size 763x54 [border: (1px inset #808080)] [r=0 c=0 rs=1 cs=1]
                RenderInline {A} at (0,0) size 0x0
                RenderText {#text} at (14,11) size 95x17
                  text run at (14,11) width 95: "Test Case #1: "
                RenderInline {FONT} at (0,0) size 602x17 [color=#0000FF]
                  RenderText {#text} at (109,11) size 602x17
                    text run at (109,11) width 602: "Table displaying Header \"CENTER \"& Data \"LEFT\" default horizontal row alignment"
                RenderText {#text} at (711,11) size 4x17
                  text run at (711,11) width 4: " "
                RenderInline {FONT} at (0,0) size 396x30
                  RenderInline {I} at (0,0) size 396x30
                    RenderText {#text} at (715,13) size 396x30
                      text run at (715,13) width 34: "(using"
                      text run at (353,28) width 57: "<TR> tag)"
                RenderText {#text} at (0,0) size 0x0
      RenderBlock {P} at (0,612) size 769x68
        RenderTable {TABLE} at (0,0) size 347x67 [bgcolor=#FFE4C4] [border: (1px outset #808080)]
          RenderBlock {CAPTION} at (0,0) size 347x17
            RenderText {#text} at (61,0) size 225x17
              text run at (61,0) width 225: "Default Horizontal Row Alignment"
          RenderTableSection {TBODY} at (1,18) size 345x48
            RenderTableRow {TR} at (0,2) size 345x21
              RenderTableCell {TH} at (2,2) size 113x21 [border: (1px inset #808080)] [r=0 c=0 rs=1 cs=1]
                RenderText {#text} at (18,2) size 77x17
                  text run at (18,2) width 77: "row head 1"
              RenderTableCell {TH} at (116,2) size 113x21 [border: (1px inset #808080)] [r=0 c=1 rs=1 cs=1]
                RenderText {#text} at (18,2) size 77x17
                  text run at (18,2) width 77: "row head 2"
              RenderTableCell {TH} at (230,2) size 113x21 [border: (1px inset #808080)] [r=0 c=2 rs=1 cs=1]
                RenderText {#text} at (18,2) size 77x17
                  text run at (18,2) width 77: "row head 3"
            RenderTableRow {TR} at (0,25) size 345x21
              RenderTableCell {TD} at (2,25) size 113x21 [border: (1px inset #808080)] [r=1 c=0 rs=1 cs=1]
                RenderText {#text} at (2,2) size 67x17
                  text run at (2,2) width 67: "row data 1"
              RenderTableCell {TD} at (116,25) size 113x21 [border: (1px inset #808080)] [r=1 c=1 rs=1 cs=1]
                RenderText {#text} at (2,2) size 67x17
                  text run at (2,2) width 67: "row data 2"
              RenderTableCell {TD} at (230,25) size 113x21 [border: (1px inset #808080)] [r=1 c=2 rs=1 cs=1]
                RenderText {#text} at (2,2) size 67x17
                  text run at (2,2) width 67: "row data 3"
      RenderBlock {HR} at (0,695) size 769x3 [border: (1px inset #000000)]
      RenderBlock {P} at (0,713) size 769x61
        RenderTable {TABLE} at (0,0) size 769x60 [bgcolor=#F08080] [border: (1px outset #808080)]
          RenderTableSection {TBODY} at (1,1) size 767x58
            RenderTableRow {TR} at (0,2) size 767x54
              RenderTableCell {TH} at (2,2) size 763x54 [border: (1px inset #808080)] [r=0 c=0 rs=1 cs=1]
                RenderInline {A} at (0,0) size 0x0
                RenderText {#text} at (17,11) size 95x17
                  text run at (17,11) width 95: "Test Case #2: "
                RenderInline {FONT} at (0,0) size 596x17 [color=#0000FF]
                  RenderText {#text} at (112,11) size 596x17
                    text run at (112,11) width 596: "Tables displaying Header & Data \"LEFT|CENTER|RIGHT\" horizontal row alignment"
                RenderText {#text} at (708,11) size 4x17
                  text run at (708,11) width 4: " "
                RenderInline {FONT} at (0,0) size 485x30
                  RenderInline {I} at (0,0) size 485x30
                    RenderText {#text} at (712,13) size 485x30
                      text run at (712,13) width 34: "(using"
                      text run at (261,28) width 241: "<TR ALIGN=LEFT|CENTER|RIGHT> tag)"
                RenderText {#text} at (0,0) size 0x0
      RenderBlock {P} at (0,789) size 769x141
        RenderTable {TABLE} at (0,0) size 347x140 [bgcolor=#FFE4C4] [border: (1px outset #808080)]
          RenderBlock {CAPTION} at (0,0) size 347x17
            RenderText {#text} at (62,0) size 222x17
              text run at (62,0) width 222: "Horizontal Row Alignment=LEFT"
          RenderTableSection {TBODY} at (1,18) size 345x121
            RenderTableRow {TR} at (0,2) size 345x21
              RenderTableCell {TH} at (2,2) size 113x21 [border: (1px inset #808080)] [r=0 c=0 rs=1 cs=1]
                RenderText {#text} at (2,2) size 76x17
                  text run at (2,2) width 76: "row head 1"
              RenderTableCell {TH} at (116,2) size 113x21 [border: (1px inset #808080)] [r=0 c=1 rs=1 cs=1]
                RenderText {#text} at (2,2) size 76x17
                  text run at (2,2) width 76: "row head 2"
              RenderTableCell {TH} at (230,2) size 113x21 [border: (1px inset #808080)] [r=0 c=2 rs=1 cs=1]
                RenderText {#text} at (2,2) size 76x17
                  text run at (2,2) width 76: "row head 3"
            RenderTableRow {TR} at (0,25) size 345x21
              RenderTableCell {TD} at (2,25) size 113x21 [border: (1px inset #808080)] [r=1 c=0 rs=1 cs=1]
                RenderText {#text} at (2,2) size 67x17
                  text run at (2,2) width 67: "row data 1"
              RenderTableCell {TD} at (116,25) size 113x21 [border: (1px inset #808080)] [r=1 c=1 rs=1 cs=1]
                RenderText {#text} at (2,2) size 67x17
                  text run at (2,2) width 67: "row data 2"
              RenderTableCell {TD} at (230,25) size 113x21 [border: (1px inset #808080)] [r=1 c=2 rs=1 cs=1]
                RenderText {#text} at (2,2) size 67x17
                  text run at (2,2) width 67: "row data 3"
            RenderTableRow {TR} at (0,48) size 345x71 [bgcolor=#FFD700]
              RenderTableCell {TD} at (2,48) size 341x71 [border: (1px inset #808080)] [r=2 c=0 rs=1 cs=3]
                RenderBlock (anonymous) at (2,2) size 337x51
                  RenderInline {B} at (0,0) size 319x51
                    RenderInline {FONT} at (0,0) size 319x51 [color=#FF0000]
                      RenderText {#text} at (0,0) size 135x17
                        text run at (0,0) width 135: "Note: The attribute "
                      RenderInline {FONT} at (0,0) size 105x17 [color=#0000FF]
                        RenderText {#text} at (135,0) size 105x17
                          text run at (135,0) width 105: "ALIGN=LEFT"
                      RenderText {#text} at (240,0) size 319x51
                        text run at (240,0) width 48: " has no"
                        text run at (0,17) width 294: "special effect on the row data since it simply"
                        text run at (0,34) width 319: "reiterates the default horizontal row alignment!"
                RenderBlock {P} at (2,69) size 337x0
                  RenderInline {B} at (0,0) size 0x0
                    RenderInline {FONT} at (0,0) size 0x0 [color=#FF0000]
                  RenderText {#text} at (0,0) size 0x0
      RenderBlock {P} at (0,945) size 769x141
        RenderTable {TABLE} at (0,0) size 347x140 [bgcolor=#FFE4C4] [border: (1px outset #808080)]
          RenderBlock {CAPTION} at (0,0) size 347x17
            RenderText {#text} at (50,0) size 247x17
              text run at (50,0) width 247: "Horizontal Row Alignment=CENTER"
          RenderTableSection {TBODY} at (1,18) size 345x121
            RenderTableRow {TR} at (0,2) size 345x21
              RenderTableCell {TH} at (2,2) size 113x21 [border: (1px inset #808080)] [r=0 c=0 rs=1 cs=1]
                RenderText {#text} at (18,2) size 77x17
                  text run at (18,2) width 77: "row head 1"
              RenderTableCell {TH} at (116,2) size 113x21 [border: (1px inset #808080)] [r=0 c=1 rs=1 cs=1]
                RenderText {#text} at (18,2) size 77x17
                  text run at (18,2) width 77: "row head 2"
              RenderTableCell {TH} at (230,2) size 113x21 [border: (1px inset #808080)] [r=0 c=2 rs=1 cs=1]
                RenderText {#text} at (18,2) size 77x17
                  text run at (18,2) width 77: "row head 3"
            RenderTableRow {TR} at (0,25) size 345x21
              RenderTableCell {TD} at (2,25) size 113x21 [border: (1px inset #808080)] [r=1 c=0 rs=1 cs=1]
                RenderText {#text} at (22,2) size 68x17
                  text run at (22,2) width 68: "row data 1"
              RenderTableCell {TD} at (116,25) size 113x21 [border: (1px inset #808080)] [r=1 c=1 rs=1 cs=1]
                RenderText {#text} at (22,2) size 68x17
                  text run at (22,2) width 68: "row data 2"
              RenderTableCell {TD} at (230,25) size 113x21 [border: (1px inset #808080)] [r=1 c=2 rs=1 cs=1]
                RenderText {#text} at (22,2) size 68x17
                  text run at (22,2) width 68: "row data 3"
            RenderTableRow {TR} at (0,48) size 345x71 [bgcolor=#FFD700]
              RenderTableCell {TD} at (2,48) size 341x71 [border: (1px inset #808080)] [r=2 c=0 rs=1 cs=3]
                RenderBlock (anonymous) at (2,2) size 337x51
                  RenderInline {B} at (0,0) size 319x51
                    RenderInline {FONT} at (0,0) size 319x51 [color=#FF0000]
                      RenderText {#text} at (0,0) size 135x17
                        text run at (0,0) width 135: "Note: The attribute "
                      RenderInline {FONT} at (0,0) size 131x17 [color=#0000FF]
                        RenderText {#text} at (135,0) size 131x17
                          text run at (135,0) width 131: "ALIGN=CENTER"
                      RenderText {#text} at (266,0) size 319x51
                        text run at (266,0) width 48: " has no"
                        text run at (0,17) width 297: "special effect on the row head since it simply"
                        text run at (0,34) width 319: "reiterates the default horizontal row alignment!"
                RenderBlock {P} at (2,69) size 337x0
                  RenderInline {B} at (0,0) size 0x0
                    RenderInline {FONT} at (0,0) size 0x0 [color=#FF0000]
                  RenderText {#text} at (0,0) size 0x0
      RenderBlock {P} at (0,1101) size 769x68
        RenderTable {TABLE} at (0,0) size 347x67 [bgcolor=#FFE4C4] [border: (1px outset #808080)]
          RenderBlock {CAPTION} at (0,0) size 347x17
            RenderText {#text} at (57,0) size 233x17
              text run at (57,0) width 233: "Horizontal Row Alignment=RIGHT"
          RenderTableSection {TBODY} at (1,18) size 345x48
            RenderTableRow {TR} at (0,2) size 345x21
              RenderTableCell {TH} at (2,2) size 113x21 [border: (1px inset #808080)] [r=0 c=0 rs=1 cs=1]
                RenderText {#text} at (34,2) size 77x17
                  text run at (34,2) width 77: "row head 1"
              RenderTableCell {TH} at (116,2) size 113x21 [border: (1px inset #808080)] [r=0 c=1 rs=1 cs=1]
                RenderText {#text} at (34,2) size 77x17
                  text run at (34,2) width 77: "row head 2"
              RenderTableCell {TH} at (230,2) size 113x21 [border: (1px inset #808080)] [r=0 c=2 rs=1 cs=1]
                RenderText {#text} at (34,2) size 77x17
                  text run at (34,2) width 77: "row head 3"
            RenderTableRow {TR} at (0,25) size 345x21
              RenderTableCell {TD} at (2,25) size 113x21 [border: (1px inset #808080)] [r=1 c=0 rs=1 cs=1]
                RenderText {#text} at (43,2) size 68x17
                  text run at (43,2) width 68: "row data 1"
              RenderTableCell {TD} at (116,25) size 113x21 [border: (1px inset #808080)] [r=1 c=1 rs=1 cs=1]
                RenderText {#text} at (43,2) size 68x17
                  text run at (43,2) width 68: "row data 2"
              RenderTableCell {TD} at (230,25) size 113x21 [border: (1px inset #808080)] [r=1 c=2 rs=1 cs=1]
                RenderText {#text} at (43,2) size 68x17
                  text run at (43,2) width 68: "row data 3"
      RenderBlock {P} at (0,1184) size 769x0
      RenderBlock {HR} at (0,1184) size 769x3 [border: (1px inset #000000)]
      RenderBlock (anonymous) at (0,1194) size 769x18
        RenderImage {IMG} at (0,1) size 13x13
        RenderText {#text} at (13,0) size 121x17
          text run at (13,0) width 121: " Created 9/9/96 by "
        RenderInline {A} at (0,0) size 82x17 [color=#0000EE]
          RenderText {#text} at (134,0) size 82x17
            text run at (134,0) width 82: "Ronald Greti"
        RenderBR {BR} at (216,14) size 0x0
      RenderBlock {P} at (0,1227) size 769x18
        RenderBR {BR} at (0,0) size 0x17
      RenderBlock {P} at (0,1260) size 769x0
