layer at (0,0) size 800x600
  RenderView at (0,0) size 800x600
layer at (0,0) size 800x574
  RenderBlock {HTML} at (0,0) size 800x574
    RenderBody {BODY} at (8,16) size 784x542
      RenderBlock {P} at (0,0) size 784x85
        RenderMathMLMath {math} at (0,0) size 31x82 [padding: 0 1 0 1]
          RenderMathMLUnderOver {mover} at (1,0) size 29x82
            RenderMathMLSpace {mspace} at (3,79) size 23x3 [bgcolor=#0000FF]
            RenderMathMLOperator {mo} at (-4,0) size 36x80
              RenderMathMLBlock (anonymous, flex) at (3,0) size 29x80
                RenderBlock (anonymous) at (0,0) size 12x80
                  RenderText at (0,0) size 12x80
                    text run at (0,0) width 12: "\x{2190}"
        RenderText {#text} at (30,67) size 5x18
          text run at (30,67) width 5: " "
        RenderMathMLMath {math} at (34,0) size 32x82 [padding: 0 1 0 1]
          RenderMathMLUnderOver {mover} at (1,0) size 29x82
            RenderMathMLSpace {mspace} at (3,79) size 23x3 [bgcolor=#0000FF]
            RenderMathMLOperator {mo} at (-4,0) size 36x80
              RenderMathMLBlock (anonymous, flex) at (3,0) size 29x80
                RenderBlock (anonymous) at (0,0) size 12x80
                  RenderText at (0,0) size 12x80
                    text run at (0,0) width 12: "\x{2192}"
        RenderText {#text} at (65,67) size 5x18
          text run at (65,67) width 5: " "
        RenderMathMLMath {math} at (69,0) size 31x82 [padding: 0 1 0 1]
          RenderMathMLUnderOver {mover} at (1,0) size 29x82
            RenderMathMLSpace {mspace} at (3,79) size 23x3 [bgcolor=#0000FF]
            RenderMathMLOperator {mo} at (-4,0) size 36x80
              RenderMathMLBlock (anonymous, flex) at (3,0) size 29x80
                RenderBlock (anonymous) at (0,0) size 12x80
                  RenderText at (0,0) size 12x80
                    text run at (0,0) width 12: "\x{2194}"
        RenderText {#text} at (99,67) size 5x18
          text run at (99,67) width 5: " "
        RenderMathMLMath {math} at (103,0) size 32x82 [padding: 0 1 0 1]
          RenderMathMLUnderOver {mover} at (1,0) size 29x82
            RenderMathMLSpace {mspace} at (3,79) size 23x3 [bgcolor=#0000FF]
            RenderMathMLOperator {mo} at (-4,0) size 36x80
              RenderMathMLBlock (anonymous, flex) at (3,0) size 29x80
                RenderBlock (anonymous) at (0,0) size 12x80
                  RenderText at (0,0) size 12x80
                    text run at (0,0) width 12: "\x{21A4}"
        RenderText {#text} at (134,67) size 5x18
          text run at (134,67) width 5: " "
        RenderMathMLMath {math} at (138,0) size 32x82 [padding: 0 1 0 1]
          RenderMathMLUnderOver {mover} at (1,0) size 29x82
            RenderMathMLSpace {mspace} at (3,79) size 23x3 [bgcolor=#0000FF]
            RenderMathMLOperator {mo} at (-4,0) size 36x80
              RenderMathMLBlock (anonymous, flex) at (3,0) size 29x80
                RenderBlock (anonymous) at (0,0) size 12x80
                  RenderText at (0,0) size 12x80
                    text run at (0,0) width 12: "\x{21A6}"
        RenderText {#text} at (169,67) size 5x18
          text run at (169,67) width 5: " "
        RenderMathMLMath {math} at (173,0) size 31x82 [padding: 0 1 0 1]
          RenderMathMLUnderOver {mover} at (1,0) size 29x82
            RenderMathMLSpace {mspace} at (3,79) size 23x3 [bgcolor=#0000FF]
            RenderMathMLOperator {mo} at (-4,0) size 36x80
              RenderMathMLBlock (anonymous, flex) at (3,0) size 29x80
                RenderBlock (anonymous) at (0,0) size 12x80
                  RenderText at (0,0) size 12x80
                    text run at (0,0) width 12: "\x{21BC}"
        RenderText {#text} at (203,67) size 5x18
          text run at (203,67) width 5: " "
        RenderMathMLMath {math} at (207,0) size 32x82 [padding: 0 1 0 1]
          RenderMathMLUnderOver {mover} at (1,0) size 29x82
            RenderMathMLSpace {mspace} at (3,79) size 23x3 [bgcolor=#0000FF]
            RenderMathMLOperator {mo} at (-4,0) size 36x80
              RenderMathMLBlock (anonymous, flex) at (3,0) size 29x80
                RenderBlock (anonymous) at (0,0) size 12x80
                  RenderText at (0,0) size 12x80
                    text run at (0,0) width 12: "\x{21BD}"
        RenderText {#text} at (238,67) size 5x18
          text run at (238,67) width 5: " "
        RenderMathMLMath {math} at (242,0) size 32x82 [padding: 0 1 0 1]
          RenderMathMLUnderOver {mover} at (1,0) size 29x82
            RenderMathMLSpace {mspace} at (3,79) size 23x3 [bgcolor=#0000FF]
            RenderMathMLOperator {mo} at (-4,0) size 36x80
              RenderMathMLBlock (anonymous, flex) at (3,0) size 29x80
                RenderBlock (anonymous) at (0,0) size 12x80
                  RenderText at (0,0) size 12x80
                    text run at (0,0) width 12: "\x{21C0}"
        RenderText {#text} at (273,67) size 5x18
          text run at (273,67) width 5: " "
        RenderMathMLMath {math} at (277,0) size 31x82 [padding: 0 1 0 1]
          RenderMathMLUnderOver {mover} at (1,0) size 29x82
            RenderMathMLSpace {mspace} at (3,79) size 23x3 [bgcolor=#0000FF]
            RenderMathMLOperator {mo} at (-4,0) size 36x80
              RenderMathMLBlock (anonymous, flex) at (3,0) size 29x80
                RenderBlock (anonymous) at (0,0) size 12x80
                  RenderText at (0,0) size 12x80
                    text run at (0,0) width 12: "\x{21D0}"
        RenderText {#text} at (307,67) size 5x18
          text run at (307,67) width 5: " "
        RenderMathMLMath {math} at (311,0) size 32x82 [padding: 0 1 0 1]
          RenderMathMLUnderOver {mover} at (1,0) size 29x82
            RenderMathMLSpace {mspace} at (3,79) size 23x3 [bgcolor=#0000FF]
            RenderMathMLOperator {mo} at (-4,0) size 36x80
              RenderMathMLBlock (anonymous, flex) at (3,0) size 29x80
                RenderBlock (anonymous) at (0,0) size 12x80
                  RenderText at (0,0) size 12x80
                    text run at (0,0) width 12: "\x{21D2}"
        RenderText {#text} at (342,67) size 5x18
          text run at (342,67) width 5: " "
        RenderMathMLMath {math} at (346,0) size 32x82 [padding: 0 1 0 1]
          RenderMathMLUnderOver {mover} at (1,0) size 29x82
            RenderMathMLSpace {mspace} at (3,79) size 23x3 [bgcolor=#0000FF]
            RenderMathMLOperator {mo} at (-4,0) size 36x80
              RenderMathMLBlock (anonymous, flex) at (3,0) size 29x80
                RenderBlock (anonymous) at (0,0) size 12x80
                  RenderText at (0,0) size 12x80
                    text run at (0,0) width 12: "\x{21D4}"
        RenderText {#text} at (377,67) size 5x18
          text run at (377,67) width 5: " "
        RenderMathMLMath {math} at (381,0) size 31x82 [padding: 0 1 0 1]
          RenderMathMLUnderOver {mover} at (1,0) size 29x82
            RenderMathMLSpace {mspace} at (3,79) size 23x3 [bgcolor=#0000FF]
            RenderMathMLOperator {mo} at (-4,0) size 36x80
              RenderMathMLBlock (anonymous, flex) at (3,0) size 29x80
                RenderBlock (anonymous) at (0,0) size 12x80
                  RenderText at (0,0) size 12x80
                    text run at (0,0) width 12: "\x{21DA}"
        RenderText {#text} at (411,67) size 5x18
          text run at (411,67) width 5: " "
        RenderMathMLMath {math} at (415,0) size 32x82 [padding: 0 1 0 1]
          RenderMathMLUnderOver {mover} at (1,0) size 29x82
            RenderMathMLSpace {mspace} at (3,79) size 23x3 [bgcolor=#0000FF]
            RenderMathMLOperator {mo} at (-4,0) size 36x80
              RenderMathMLBlock (anonymous, flex) at (3,0) size 29x80
                RenderBlock (anonymous) at (0,0) size 12x80
                  RenderText at (0,0) size 12x80
                    text run at (0,0) width 12: "\x{21DB}"
        RenderText {#text} at (446,67) size 5x18
          text run at (446,67) width 5: " "
        RenderMathMLMath {math} at (450,0) size 25x82 [padding: 0 1 0 1]
          RenderMathMLUnderOver {mover} at (1,0) size 22x82
            RenderMathMLSpace {mspace} at (0,79) size 22x3 [bgcolor=#0000FF]
            RenderMathMLOperator {mo} at (0,0) size 22x80
              RenderMathMLBlock (anonymous, flex) at (0,0) size 22x80
                RenderBlock (anonymous) at (0,0) size 4x80
                  RenderText at (0,0) size 4x80
                    text run at (0,0) width 4: "\x{23B4}"
        RenderText {#text} at (474,67) size 5x18
          text run at (474,67) width 5: " "
        RenderMathMLMath {math} at (478,0) size 25x82 [padding: 0 1 0 1]
          RenderMathMLUnderOver {mover} at (1,0) size 22x82
            RenderMathMLSpace {mspace} at (0,79) size 22x3 [bgcolor=#0000FF]
            RenderMathMLOperator {mo} at (0,0) size 22x80
              RenderMathMLBlock (anonymous, flex) at (0,0) size 22x80
                RenderBlock (anonymous) at (0,0) size 4x80
                  RenderText at (0,0) size 4x80
                    text run at (0,0) width 4: "\x{23B5}"
        RenderText {#text} at (502,67) size 5x18
          text run at (502,67) width 5: " "
        RenderMathMLMath {math} at (506,0) size 27x82 [padding: 0 1 0 1]
          RenderMathMLUnderOver {mover} at (1,0) size 24x82
            RenderMathMLSpace {mspace} at (1,79) size 22x3 [bgcolor=#0000FF]
            RenderMathMLOperator {mo} at (0,0) size 24x80
              RenderMathMLBlock (anonymous, flex) at (0,0) size 24x80
                RenderBlock (anonymous) at (0,0) size 6x80
                  RenderText at (0,0) size 6x80
                    text run at (0,0) width 6: "\x{23DC}"
        RenderText {#text} at (532,67) size 5x18
          text run at (532,67) width 5: " "
        RenderMathMLMath {math} at (536,0) size 27x82 [padding: 0 1 0 1]
          RenderMathMLUnderOver {mover} at (1,0) size 24x82
            RenderMathMLSpace {mspace} at (1,79) size 22x3 [bgcolor=#0000FF]
            RenderMathMLOperator {mo} at (0,0) size 24x80
              RenderMathMLBlock (anonymous, flex) at (0,0) size 24x80
                RenderBlock (anonymous) at (0,0) size 6x80
                  RenderText at (0,0) size 6x80
                    text run at (0,0) width 6: "\x{23DD}"
        RenderText {#text} at (562,67) size 5x18
          text run at (562,67) width 5: " "
        RenderMathMLMath {math} at (566,0) size 27x82 [padding: 0 1 0 1]
          RenderMathMLUnderOver {mover} at (1,0) size 24x82
            RenderMathMLSpace {mspace} at (1,79) size 22x3 [bgcolor=#0000FF]
            RenderMathMLOperator {mo} at (0,0) size 24x80
              RenderMathMLBlock (anonymous, flex) at (0,0) size 24x80
                RenderBlock (anonymous) at (0,0) size 6x80
                  RenderText at (0,0) size 6x80
                    text run at (0,0) width 6: "\x{23DE}"
        RenderText {#text} at (592,67) size 5x18
          text run at (592,67) width 5: " "
        RenderMathMLMath {math} at (596,0) size 27x82 [padding: 0 1 0 1]
          RenderMathMLUnderOver {mover} at (1,0) size 24x82
            RenderMathMLSpace {mspace} at (1,79) size 22x3 [bgcolor=#0000FF]
            RenderMathMLOperator {mo} at (0,0) size 24x80
              RenderMathMLBlock (anonymous, flex) at (0,0) size 24x80
                RenderBlock (anonymous) at (0,0) size 6x80
                  RenderText at (0,0) size 6x80
                    text run at (0,0) width 6: "\x{23DF}"
        RenderText {#text} at (0,0) size 0x0
      RenderBlock {P} at (0,101) size 784x170
        RenderMathMLMath {math} at (0,0) size 59x82 [padding: 0 1 0 1]
          RenderMathMLUnderOver {mover} at (1,0) size 57x82
            RenderMathMLSpace {mspace} at (3,79) size 51x3 [bgcolor=#008000]
            RenderMathMLOperator {mo} at (-4,0) size 64x80
              RenderMathMLBlock (anonymous, flex) at (3,0) size 57x80
                RenderBlock (anonymous) at (0,0) size 12x80
                  RenderText at (0,0) size 12x80
                    text run at (0,0) width 12: "\x{2190}"
        RenderText {#text} at (58,67) size 5x18
          text run at (58,67) width 5: " "
        RenderMathMLMath {math} at (62,0) size 60x82 [padding: 0 1 0 1]
          RenderMathMLUnderOver {mover} at (1,0) size 57x82
            RenderMathMLSpace {mspace} at (3,79) size 51x3 [bgcolor=#008000]
            RenderMathMLOperator {mo} at (-4,0) size 64x80
              RenderMathMLBlock (anonymous, flex) at (3,0) size 57x80
                RenderBlock (anonymous) at (0,0) size 12x80
                  RenderText at (0,0) size 12x80
                    text run at (0,0) width 12: "\x{2192}"
        RenderText {#text} at (121,67) size 5x18
          text run at (121,67) width 5: " "
        RenderMathMLMath {math} at (125,0) size 59x82 [padding: 0 1 0 1]
          RenderMathMLUnderOver {mover} at (1,0) size 57x82
            RenderMathMLSpace {mspace} at (3,79) size 51x3 [bgcolor=#008000]
            RenderMathMLOperator {mo} at (-4,0) size 64x80
              RenderMathMLBlock (anonymous, flex) at (3,0) size 57x80
                RenderBlock (anonymous) at (0,0) size 12x80
                  RenderText at (0,0) size 12x80
                    text run at (0,0) width 12: "\x{2194}"
        RenderText {#text} at (183,67) size 5x18
          text run at (183,67) width 5: " "
        RenderMathMLMath {math} at (187,0) size 60x82 [padding: 0 1 0 1]
          RenderMathMLUnderOver {mover} at (1,0) size 57x82
            RenderMathMLSpace {mspace} at (3,79) size 51x3 [bgcolor=#008000]
            RenderMathMLOperator {mo} at (-4,0) size 64x80
              RenderMathMLBlock (anonymous, flex) at (3,0) size 57x80
                RenderBlock (anonymous) at (0,0) size 12x80
                  RenderText at (0,0) size 12x80
                    text run at (0,0) width 12: "\x{21A4}"
        RenderText {#text} at (246,67) size 5x18
          text run at (246,67) width 5: " "
        RenderMathMLMath {math} at (250,0) size 60x82 [padding: 0 1 0 1]
          RenderMathMLUnderOver {mover} at (1,0) size 57x82
            RenderMathMLSpace {mspace} at (3,79) size 51x3 [bgcolor=#008000]
            RenderMathMLOperator {mo} at (-4,0) size 64x80
              RenderMathMLBlock (anonymous, flex) at (3,0) size 57x80
                RenderBlock (anonymous) at (0,0) size 12x80
                  RenderText at (0,0) size 12x80
                    text run at (0,0) width 12: "\x{21A6}"
        RenderText {#text} at (309,67) size 5x18
          text run at (309,67) width 5: " "
        RenderMathMLMath {math} at (313,0) size 59x82 [padding: 0 1 0 1]
          RenderMathMLUnderOver {mover} at (1,0) size 57x82
            RenderMathMLSpace {mspace} at (3,79) size 51x3 [bgcolor=#008000]
            RenderMathMLOperator {mo} at (-4,0) size 64x80
              RenderMathMLBlock (anonymous, flex) at (3,0) size 57x80
                RenderBlock (anonymous) at (0,0) size 12x80
                  RenderText at (0,0) size 12x80
                    text run at (0,0) width 12: "\x{21BC}"
        RenderText {#text} at (371,67) size 5x18
          text run at (371,67) width 5: " "
        RenderMathMLMath {math} at (375,0) size 60x82 [padding: 0 1 0 1]
          RenderMathMLUnderOver {mover} at (1,0) size 57x82
            RenderMathMLSpace {mspace} at (3,79) size 51x3 [bgcolor=#008000]
            RenderMathMLOperator {mo} at (-4,0) size 64x80
              RenderMathMLBlock (anonymous, flex) at (3,0) size 57x80
                RenderBlock (anonymous) at (0,0) size 12x80
                  RenderText at (0,0) size 12x80
                    text run at (0,0) width 12: "\x{21BD}"
        RenderText {#text} at (434,67) size 5x18
          text run at (434,67) width 5: " "
        RenderMathMLMath {math} at (438,0) size 60x82 [padding: 0 1 0 1]
          RenderMathMLUnderOver {mover} at (1,0) size 57x82
            RenderMathMLSpace {mspace} at (3,79) size 51x3 [bgcolor=#008000]
            RenderMathMLOperator {mo} at (-4,0) size 64x80
              RenderMathMLBlock (anonymous, flex) at (3,0) size 57x80
                RenderBlock (anonymous) at (0,0) size 12x80
                  RenderText at (0,0) size 12x80
                    text run at (0,0) width 12: "\x{21C0}"
        RenderText {#text} at (497,67) size 5x18
          text run at (497,67) width 5: " "
        RenderMathMLMath {math} at (501,0) size 59x82 [padding: 0 1 0 1]
          RenderMathMLUnderOver {mover} at (1,0) size 57x82
            RenderMathMLSpace {mspace} at (3,79) size 51x3 [bgcolor=#008000]
            RenderMathMLOperator {mo} at (-4,0) size 64x80
              RenderMathMLBlock (anonymous, flex) at (3,0) size 57x80
                RenderBlock (anonymous) at (0,0) size 12x80
                  RenderText at (0,0) size 12x80
                    text run at (0,0) width 12: "\x{21D0}"
        RenderText {#text} at (559,67) size 5x18
          text run at (559,67) width 5: " "
        RenderMathMLMath {math} at (563,0) size 60x82 [padding: 0 1 0 1]
          RenderMathMLUnderOver {mover} at (1,0) size 57x82
            RenderMathMLSpace {mspace} at (3,79) size 51x3 [bgcolor=#008000]
            RenderMathMLOperator {mo} at (-4,0) size 64x80
              RenderMathMLBlock (anonymous, flex) at (3,0) size 57x80
                RenderBlock (anonymous) at (0,0) size 12x80
                  RenderText at (0,0) size 12x80
                    text run at (0,0) width 12: "\x{21D2}"
        RenderText {#text} at (622,67) size 5x18
          text run at (622,67) width 5: " "
        RenderMathMLMath {math} at (626,0) size 60x82 [padding: 0 1 0 1]
          RenderMathMLUnderOver {mover} at (1,0) size 57x82
            RenderMathMLSpace {mspace} at (3,79) size 51x3 [bgcolor=#008000]
            RenderMathMLOperator {mo} at (-4,0) size 64x80
              RenderMathMLBlock (anonymous, flex) at (3,0) size 57x80
                RenderBlock (anonymous) at (0,0) size 12x80
                  RenderText at (0,0) size 12x80
                    text run at (0,0) width 12: "\x{21D4}"
        RenderText {#text} at (685,67) size 5x18
          text run at (685,67) width 5: " "
        RenderMathMLMath {math} at (689,0) size 59x82 [padding: 0 1 0 1]
          RenderMathMLUnderOver {mover} at (1,0) size 57x82
            RenderMathMLSpace {mspace} at (3,79) size 51x3 [bgcolor=#008000]
            RenderMathMLOperator {mo} at (-4,0) size 64x80
              RenderMathMLBlock (anonymous, flex) at (3,0) size 57x80
                RenderBlock (anonymous) at (0,0) size 12x80
                  RenderText at (0,0) size 12x80
                    text run at (0,0) width 12: "\x{21DA}"
        RenderText {#text} at (0,0) size 0x0
        RenderMathMLMath {math} at (0,85) size 59x82 [padding: 0 1 0 1]
          RenderMathMLUnderOver {mover} at (1,0) size 57x82
            RenderMathMLSpace {mspace} at (3,79) size 51x3 [bgcolor=#008000]
            RenderMathMLOperator {mo} at (-4,0) size 64x80
              RenderMathMLBlock (anonymous, flex) at (3,0) size 57x80
                RenderBlock (anonymous) at (0,0) size 12x80
                  RenderText at (0,0) size 12x80
                    text run at (0,0) width 12: "\x{21DB}"
        RenderText {#text} at (58,152) size 5x18
          text run at (58,152) width 5: " "
        RenderMathMLMath {math} at (62,85) size 53x82 [padding: 0 1 0 1]
          RenderMathMLUnderOver {mover} at (1,0) size 50x82
            RenderMathMLSpace {mspace} at (0,79) size 50x3 [bgcolor=#008000]
            RenderMathMLOperator {mo} at (0,0) size 50x80
              RenderMathMLBlock (anonymous, flex) at (0,0) size 50x80
                RenderBlock (anonymous) at (0,0) size 4x80
                  RenderText at (0,0) size 4x80
                    text run at (0,0) width 4: "\x{23B4}"
        RenderText {#text} at (114,152) size 5x18
          text run at (114,152) width 5: " "
        RenderMathMLMath {math} at (118,85) size 53x82 [padding: 0 1 0 1]
          RenderMathMLUnderOver {mover} at (1,0) size 50x82
            RenderMathMLSpace {mspace} at (0,79) size 50x3 [bgcolor=#008000]
            RenderMathMLOperator {mo} at (0,0) size 50x80
              RenderMathMLBlock (anonymous, flex) at (0,0) size 50x80
                RenderBlock (anonymous) at (0,0) size 4x80
                  RenderText at (0,0) size 4x80
                    text run at (0,0) width 4: "\x{23B5}"
        RenderText {#text} at (170,152) size 5x18
          text run at (170,152) width 5: " "
        RenderMathMLMath {math} at (174,85) size 53x82 [padding: 0 1 0 1]
          RenderMathMLUnderOver {mover} at (1,0) size 50x82
            RenderMathMLSpace {mspace} at (0,79) size 50x3 [bgcolor=#008000]
            RenderMathMLOperator {mo} at (0,0) size 50x80
              RenderMathMLBlock (anonymous, flex) at (0,0) size 50x80
                RenderBlock (anonymous) at (0,0) size 6x80
                  RenderText at (0,0) size 6x80
                    text run at (0,0) width 6: "\x{23DC}"
        RenderText {#text} at (226,152) size 5x18
          text run at (226,152) width 5: " "
        RenderMathMLMath {math} at (230,85) size 53x82 [padding: 0 1 0 1]
          RenderMathMLUnderOver {mover} at (1,0) size 50x82
            RenderMathMLSpace {mspace} at (0,79) size 50x3 [bgcolor=#008000]
            RenderMathMLOperator {mo} at (0,0) size 50x80
              RenderMathMLBlock (anonymous, flex) at (0,0) size 50x80
                RenderBlock (anonymous) at (0,0) size 6x80
                  RenderText at (0,0) size 6x80
                    text run at (0,0) width 6: "\x{23DD}"
        RenderText {#text} at (282,152) size 5x18
          text run at (282,152) width 5: " "
        RenderMathMLMath {math} at (286,85) size 53x82 [padding: 0 1 0 1]
          RenderMathMLUnderOver {mover} at (1,0) size 50x82
            RenderMathMLSpace {mspace} at (0,79) size 50x3 [bgcolor=#008000]
            RenderMathMLOperator {mo} at (0,0) size 50x80
              RenderMathMLBlock (anonymous, flex) at (0,0) size 50x80
                RenderBlock (anonymous) at (0,0) size 6x80
                  RenderText at (0,0) size 6x80
                    text run at (0,0) width 6: "\x{23DE}"
        RenderText {#text} at (338,152) size 5x18
          text run at (338,152) width 5: " "
        RenderMathMLMath {math} at (342,85) size 53x82 [padding: 0 1 0 1]
          RenderMathMLUnderOver {mover} at (1,0) size 50x82
            RenderMathMLSpace {mspace} at (0,79) size 50x3 [bgcolor=#008000]
            RenderMathMLOperator {mo} at (0,0) size 50x80
              RenderMathMLBlock (anonymous, flex) at (0,0) size 50x80
                RenderBlock (anonymous) at (0,0) size 6x80
                  RenderText at (0,0) size 6x80
                    text run at (0,0) width 6: "\x{23DF}"
        RenderText {#text} at (0,0) size 0x0
      RenderBlock {P} at (0,287) size 784x255
        RenderMathMLMath {math} at (0,0) size 109x82 [padding: 0 1 0 1]
          RenderMathMLUnderOver {mover} at (1,0) size 107x82
            RenderMathMLSpace {mspace} at (3,79) size 101x3 [bgcolor=#FF0000]
            RenderMathMLOperator {mo} at (-4,0) size 114x80
              RenderMathMLBlock (anonymous, flex) at (3,0) size 107x80
                RenderBlock (anonymous) at (0,0) size 12x80
                  RenderText at (0,0) size 12x80
                    text run at (0,0) width 12: "\x{2190}"
        RenderText {#text} at (108,67) size 5x18
          text run at (108,67) width 5: " "
        RenderMathMLMath {math} at (112,0) size 110x82 [padding: 0 1 0 1]
          RenderMathMLUnderOver {mover} at (1,0) size 107x82
            RenderMathMLSpace {mspace} at (3,79) size 101x3 [bgcolor=#FF0000]
            RenderMathMLOperator {mo} at (-4,0) size 114x80
              RenderMathMLBlock (anonymous, flex) at (3,0) size 107x80
                RenderBlock (anonymous) at (0,0) size 12x80
                  RenderText at (0,0) size 12x80
                    text run at (0,0) width 12: "\x{2192}"
        RenderText {#text} at (221,67) size 5x18
          text run at (221,67) width 5: " "
        RenderMathMLMath {math} at (225,0) size 109x82 [padding: 0 1 0 1]
          RenderMathMLUnderOver {mover} at (1,0) size 107x82
            RenderMathMLSpace {mspace} at (3,79) size 101x3 [bgcolor=#FF0000]
            RenderMathMLOperator {mo} at (-4,0) size 114x80
              RenderMathMLBlock (anonymous, flex) at (3,0) size 107x80
                RenderBlock (anonymous) at (0,0) size 12x80
                  RenderText at (0,0) size 12x80
                    text run at (0,0) width 12: "\x{2194}"
        RenderText {#text} at (333,67) size 5x18
          text run at (333,67) width 5: " "
        RenderMathMLMath {math} at (337,0) size 110x82 [padding: 0 1 0 1]
          RenderMathMLUnderOver {mover} at (1,0) size 107x82
            RenderMathMLSpace {mspace} at (3,79) size 101x3 [bgcolor=#FF0000]
            RenderMathMLOperator {mo} at (-4,0) size 114x80
              RenderMathMLBlock (anonymous, flex) at (3,0) size 107x80
                RenderBlock (anonymous) at (0,0) size 12x80
                  RenderText at (0,0) size 12x80
                    text run at (0,0) width 12: "\x{21A4}"
        RenderText {#text} at (446,67) size 5x18
          text run at (446,67) width 5: " "
        RenderMathMLMath {math} at (450,0) size 110x82 [padding: 0 1 0 1]
          RenderMathMLUnderOver {mover} at (1,0) size 107x82
            RenderMathMLSpace {mspace} at (3,79) size 101x3 [bgcolor=#FF0000]
            RenderMathMLOperator {mo} at (-4,0) size 114x80
              RenderMathMLBlock (anonymous, flex) at (3,0) size 107x80
                RenderBlock (anonymous) at (0,0) size 12x80
                  RenderText at (0,0) size 12x80
                    text run at (0,0) width 12: "\x{21A6}"
        RenderText {#text} at (559,67) size 5x18
          text run at (559,67) width 5: " "
        RenderMathMLMath {math} at (563,0) size 109x82 [padding: 0 1 0 1]
          RenderMathMLUnderOver {mover} at (1,0) size 107x82
            RenderMathMLSpace {mspace} at (3,79) size 101x3 [bgcolor=#FF0000]
            RenderMathMLOperator {mo} at (-4,0) size 114x80
              RenderMathMLBlock (anonymous, flex) at (3,0) size 107x80
                RenderBlock (anonymous) at (0,0) size 12x80
                  RenderText at (0,0) size 12x80
                    text run at (0,0) width 12: "\x{21BC}"
        RenderText {#text} at (0,0) size 0x0
        RenderMathMLMath {math} at (0,85) size 109x82 [padding: 0 1 0 1]
          RenderMathMLUnderOver {mover} at (1,0) size 107x82
            RenderMathMLSpace {mspace} at (3,79) size 101x3 [bgcolor=#FF0000]
            RenderMathMLOperator {mo} at (-4,0) size 114x80
              RenderMathMLBlock (anonymous, flex) at (3,0) size 107x80
                RenderBlock (anonymous) at (0,0) size 12x80
                  RenderText at (0,0) size 12x80
                    text run at (0,0) width 12: "\x{21BD}"
        RenderText {#text} at (108,152) size 5x18
          text run at (108,152) width 5: " "
        RenderMathMLMath {math} at (112,85) size 110x82 [padding: 0 1 0 1]
          RenderMathMLUnderOver {mover} at (1,0) size 107x82
            RenderMathMLSpace {mspace} at (3,79) size 101x3 [bgcolor=#FF0000]
            RenderMathMLOperator {mo} at (-4,0) size 114x80
              RenderMathMLBlock (anonymous, flex) at (3,0) size 107x80
                RenderBlock (anonymous) at (0,0) size 12x80
                  RenderText at (0,0) size 12x80
                    text run at (0,0) width 12: "\x{21C0}"
        RenderText {#text} at (221,152) size 5x18
          text run at (221,152) width 5: " "
        RenderMathMLMath {math} at (225,85) size 109x82 [padding: 0 1 0 1]
          RenderMathMLUnderOver {mover} at (1,0) size 107x82
            RenderMathMLSpace {mspace} at (3,79) size 101x3 [bgcolor=#FF0000]
            RenderMathMLOperator {mo} at (-4,0) size 114x80
              RenderMathMLBlock (anonymous, flex) at (3,0) size 107x80
                RenderBlock (anonymous) at (0,0) size 12x80
                  RenderText at (0,0) size 12x80
                    text run at (0,0) width 12: "\x{21D0}"
        RenderText {#text} at (333,152) size 5x18
          text run at (333,152) width 5: " "
        RenderMathMLMath {math} at (337,85) size 110x82 [padding: 0 1 0 1]
          RenderMathMLUnderOver {mover} at (1,0) size 107x82
            RenderMathMLSpace {mspace} at (3,79) size 101x3 [bgcolor=#FF0000]
            RenderMathMLOperator {mo} at (-4,0) size 114x80
              RenderMathMLBlock (anonymous, flex) at (3,0) size 107x80
                RenderBlock (anonymous) at (0,0) size 12x80
                  RenderText at (0,0) size 12x80
                    text run at (0,0) width 12: "\x{21D2}"
        RenderText {#text} at (446,152) size 5x18
          text run at (446,152) width 5: " "
        RenderMathMLMath {math} at (450,85) size 110x82 [padding: 0 1 0 1]
          RenderMathMLUnderOver {mover} at (1,0) size 107x82
            RenderMathMLSpace {mspace} at (3,79) size 101x3 [bgcolor=#FF0000]
            RenderMathMLOperator {mo} at (-4,0) size 114x80
              RenderMathMLBlock (anonymous, flex) at (3,0) size 107x80
                RenderBlock (anonymous) at (0,0) size 12x80
                  RenderText at (0,0) size 12x80
                    text run at (0,0) width 12: "\x{21D4}"
        RenderText {#text} at (559,152) size 5x18
          text run at (559,152) width 5: " "
        RenderMathMLMath {math} at (563,85) size 109x82 [padding: 0 1 0 1]
          RenderMathMLUnderOver {mover} at (1,0) size 107x82
            RenderMathMLSpace {mspace} at (3,79) size 101x3 [bgcolor=#FF0000]
            RenderMathMLOperator {mo} at (-4,0) size 114x80
              RenderMathMLBlock (anonymous, flex) at (3,0) size 107x80
                RenderBlock (anonymous) at (0,0) size 12x80
                  RenderText at (0,0) size 12x80
                    text run at (0,0) width 12: "\x{21DA}"
        RenderText {#text} at (0,0) size 0x0
        RenderMathMLMath {math} at (0,170) size 109x82 [padding: 0 1 0 1]
          RenderMathMLUnderOver {mover} at (1,0) size 107x82
            RenderMathMLSpace {mspace} at (3,79) size 101x3 [bgcolor=#FF0000]
            RenderMathMLOperator {mo} at (-4,0) size 114x80
              RenderMathMLBlock (anonymous, flex) at (3,0) size 107x80
                RenderBlock (anonymous) at (0,0) size 12x80
                  RenderText at (0,0) size 12x80
                    text run at (0,0) width 12: "\x{21DB}"
        RenderText {#text} at (108,237) size 5x18
          text run at (108,237) width 5: " "
        RenderMathMLMath {math} at (112,170) size 103x82 [padding: 0 1 0 1]
          RenderMathMLUnderOver {mover} at (1,0) size 100x82
            RenderMathMLSpace {mspace} at (0,79) size 100x3 [bgcolor=#FF0000]
            RenderMathMLOperator {mo} at (0,0) size 100x80
              RenderMathMLBlock (anonymous, flex) at (0,0) size 100x80
                RenderBlock (anonymous) at (0,0) size 4x80
                  RenderText at (0,0) size 4x80
                    text run at (0,0) width 4: "\x{23B4}"
        RenderText {#text} at (214,237) size 5x18
          text run at (214,237) width 5: " "
        RenderMathMLMath {math} at (218,170) size 103x82 [padding: 0 1 0 1]
          RenderMathMLUnderOver {mover} at (1,0) size 100x82
            RenderMathMLSpace {mspace} at (0,79) size 100x3 [bgcolor=#FF0000]
            RenderMathMLOperator {mo} at (0,0) size 100x80
              RenderMathMLBlock (anonymous, flex) at (0,0) size 100x80
                RenderBlock (anonymous) at (0,0) size 4x80
                  RenderText at (0,0) size 4x80
                    text run at (0,0) width 4: "\x{23B5}"
        RenderText {#text} at (320,237) size 5x18
          text run at (320,237) width 5: " "
        RenderMathMLMath {math} at (324,170) size 103x82 [padding: 0 1 0 1]
          RenderMathMLUnderOver {mover} at (1,0) size 100x82
            RenderMathMLSpace {mspace} at (0,79) size 100x3 [bgcolor=#FF0000]
            RenderMathMLOperator {mo} at (0,0) size 100x80
              RenderMathMLBlock (anonymous, flex) at (0,0) size 100x80
                RenderBlock (anonymous) at (0,0) size 6x80
                  RenderText at (0,0) size 6x80
                    text run at (0,0) width 6: "\x{23DC}"
        RenderText {#text} at (426,237) size 5x18
          text run at (426,237) width 5: " "
        RenderMathMLMath {math} at (430,170) size 103x82 [padding: 0 1 0 1]
          RenderMathMLUnderOver {mover} at (1,0) size 100x82
            RenderMathMLSpace {mspace} at (0,79) size 100x3 [bgcolor=#FF0000]
            RenderMathMLOperator {mo} at (0,0) size 100x80
              RenderMathMLBlock (anonymous, flex) at (0,0) size 100x80
                RenderBlock (anonymous) at (0,0) size 6x80
                  RenderText at (0,0) size 6x80
                    text run at (0,0) width 6: "\x{23DD}"
        RenderText {#text} at (532,237) size 5x18
          text run at (532,237) width 5: " "
        RenderMathMLMath {math} at (536,170) size 103x82 [padding: 0 1 0 1]
          RenderMathMLUnderOver {mover} at (1,0) size 100x82
            RenderMathMLSpace {mspace} at (0,79) size 100x3 [bgcolor=#FF0000]
            RenderMathMLOperator {mo} at (0,0) size 100x80
              RenderMathMLBlock (anonymous, flex) at (0,0) size 100x80
                RenderBlock (anonymous) at (0,0) size 6x80
                  RenderText at (0,0) size 6x80
                    text run at (0,0) width 6: "\x{23DE}"
        RenderText {#text} at (638,237) size 5x18
          text run at (638,237) width 5: " "
        RenderMathMLMath {math} at (642,170) size 103x82 [padding: 0 1 0 1]
          RenderMathMLUnderOver {mover} at (1,0) size 100x82
            RenderMathMLSpace {mspace} at (0,79) size 100x3 [bgcolor=#FF0000]
            RenderMathMLOperator {mo} at (0,0) size 100x80
              RenderMathMLBlock (anonymous, flex) at (0,0) size 100x80
                RenderBlock (anonymous) at (0,0) size 6x80
                  RenderText at (0,0) size 6x80
                    text run at (0,0) width 6: "\x{23DF}"
        RenderText {#text} at (0,0) size 0x0
