layer at (0,0) size 800x600
  RenderView at (0,0) size 800x600
layer at (0,0) size 800x121
  RenderBlock {HTML} at (0,0) size 800x121
    RenderBody {BODY} at (8,16) size 784x89
      RenderBlock {P} at (0,0) size 784x19
        RenderMathMLMath {math} at (0,8) size 18x11 [padding: 0 1 0 1]
          RenderMathMLRow {mstyle} at (1,0) size 16x11
            RenderMathMLUnderOver {mover} at (0,0) size 16x11
              RenderMathMLOperator {mo} at (-5,1) size 26x10
                RenderMathMLBlock (anonymous, flex) at (2,0) size 21x10
                  RenderBlock (anonymous) at (0,0) size 1x10
                    RenderText at (0,0) size 1x0
                      text run at (0,0) width 1: "\x{219C}"
              RenderMathMLSpace {mspace} at (4,0) size 8x1
        RenderText {#text} at (0,0) size 0x0
      RenderBlock {P} at (0,35) size 784x19
        RenderMathMLMath {math} at (0,8) size 28x11 [padding: 0 1 0 1]
          RenderMathMLRow {mstyle} at (1,0) size 26x11
            RenderMathMLUnderOver {mover} at (0,0) size 26x11
              RenderMathMLOperator {mo} at (-6,1) size 38x10
                RenderMathMLBlock (anonymous, flex) at (2,0) size 32x10
                  RenderBlock (anonymous) at (0,0) size 1x10
                    RenderText at (0,0) size 1x0
                      text run at (0,0) width 1: "\x{219C}"
              RenderMathMLSpace {mspace} at (5,0) size 16x1
        RenderText {#text} at (0,0) size 0x0
      RenderBlock {P} at (0,70) size 784x19
        RenderMathMLMath {math} at (0,8) size 158x11 [padding: 0 1 0 1]
          RenderMathMLRow {mstyle} at (1,0) size 156x11
            RenderMathMLUnderOver {mover} at (0,0) size 156x11
              RenderMathMLOperator {mo} at (-3,1) size 162x10
                RenderMathMLBlock (anonymous, flex) at (2,0) size 157x10
                  RenderBlock (anonymous) at (0,0) size 1x10
                    RenderText at (0,0) size 1x0
                      text run at (0,0) width 1: "\x{219C}"
              RenderMathMLSpace {mspace} at (2,0) size 151x1
        RenderText {#text} at (0,0) size 0x0
