layer at (0,0) size 1760x585
  RenderView at (0,0) size 800x585
layer at (0,0) size 1760x585
  RenderBlock {HTML} at (0,0) size 1760x585
    RenderBody {BODY} at (8,8) size 1736x569
      RenderBlock {UL} at (0,0) size 130x202 [border: (1px solid #0000FF)]
        RenderListItem {LI} at (1,41) size 37x160 [border: (5px solid #FFA500)]
          RenderListMarker at (10,-17) size 17x7: bullet
          RenderText {#text} at (10,10) size 17x59
            text run at (10,10) width 59: "First item"
        RenderListItem {LI} at (38,41) size 54x160 [border: (5px solid #FFA500)]
          RenderListMarker at (10,-17) size 17x7: bullet
          RenderText {#text} at (10,10) size 34x138
            text run at (10,10) width 138: "Second and very very"
            text run at (27,10) width 59: "long item"
        RenderListItem {LI} at (92,41) size 37x160 [border: (5px solid #FFA500)]
          RenderListMarker at (10,-17) size 17x7: bullet
          RenderText {#text} at (10,10) size 17x66
            text run at (10,10) width 66: "Third item"
      RenderBlock {UL} at (146,0) size 130x202 [border: (1px solid #FF0000)]
        RenderListItem {LI} at (1,1) size 37x160 [border: (5px solid #FFA500)]
          RenderListMarker at (10,170) size 17x7: bullet
          RenderText {#text} at (10,91) size 17x59
            text run at (10,91) width 59: "First item"
        RenderListItem {LI} at (38,1) size 54x160 [border: (5px solid #FFA500)]
          RenderListMarker at (10,170) size 17x7: bullet
          RenderText {#text} at (10,12) size 34x138
            text run at (10,12) width 138: "Second and very very"
            text run at (27,91) width 59: "long item"
        RenderListItem {LI} at (92,1) size 37x160 [border: (5px solid #FFA500)]
          RenderListMarker at (10,170) size 17x7: bullet
          RenderText {#text} at (10,84) size 17x66
            text run at (10,84) width 66: "Third item"
      RenderBlock {UL} at (292,0) size 130x202 [border: (1px solid #0000FF)]
        RenderListItem {LI} at (1,41) size 37x160 [border: (5px solid #FFA500)]
          RenderListMarker at (10,9) size 17x7: bullet
          RenderText {#text} at (10,24) size 17x59
            text run at (10,24) width 59: "First item"
        RenderListItem {LI} at (38,41) size 54x160 [border: (5px solid #FFA500)]
          RenderListMarker at (10,9) size 17x7: bullet
          RenderText {#text} at (10,24) size 34x120
            text run at (10,24) width 106: "Second and very"
            text run at (27,10) width 91: "very long item"
        RenderListItem {LI} at (92,41) size 37x160 [border: (5px solid #FFA500)]
          RenderListMarker at (10,9) size 17x7: bullet
          RenderText {#text} at (10,24) size 17x66
            text run at (10,24) width 66: "Third item"
      RenderBlock {UL} at (438,0) size 130x202 [border: (1px solid #FF0000)]
        RenderListItem {LI} at (1,1) size 37x160 [border: (5px solid #FFA500)]
          RenderListMarker at (10,144) size 17x7: bullet
          RenderText {#text} at (10,77) size 17x59
            text run at (10,77) width 59: "First item"
        RenderListItem {LI} at (38,1) size 54x160 [border: (5px solid #FFA500)]
          RenderListMarker at (10,144) size 17x7: bullet
          RenderText {#text} at (10,30) size 34x120
            text run at (10,30) width 106: "Second and very"
            text run at (27,59) width 91: "very long item"
        RenderListItem {LI} at (92,1) size 37x160 [border: (5px solid #FFA500)]
          RenderListMarker at (10,144) size 17x7: bullet
          RenderText {#text} at (10,70) size 17x66
            text run at (10,70) width 66: "Third item"
      RenderBlock {UL} at (584,0) size 130x202 [border: (1px solid #0000FF)]
        RenderListItem {LI} at (1,41) size 37x160 [border: (5px solid #FFA500)]
          RenderListMarker at (13,-17) size 10x10
          RenderText {#text} at (10,10) size 17x59
            text run at (10,10) width 59: "First item"
        RenderListItem {LI} at (38,41) size 54x160 [border: (5px solid #FFA500)]
          RenderListMarker at (13,-17) size 10x10
          RenderText {#text} at (10,10) size 34x138
            text run at (10,10) width 138: "Second and very very"
            text run at (27,10) width 59: "long item"
        RenderListItem {LI} at (92,41) size 37x160 [border: (5px solid #FFA500)]
          RenderListMarker at (13,-17) size 10x10
          RenderText {#text} at (10,10) size 17x66
            text run at (10,10) width 66: "Third item"
      RenderBlock {UL} at (730,0) size 130x202 [border: (1px solid #FF0000)]
        RenderListItem {LI} at (1,1) size 37x160 [border: (5px solid #FFA500)]
          RenderListMarker at (13,167) size 10x10
          RenderText {#text} at (10,91) size 17x59
            text run at (10,91) width 59: "First item"
        RenderListItem {LI} at (38,1) size 54x160 [border: (5px solid #FFA500)]
          RenderListMarker at (13,167) size 10x10
          RenderText {#text} at (10,12) size 34x138
            text run at (10,12) width 138: "Second and very very"
            text run at (27,91) width 59: "long item"
        RenderListItem {LI} at (92,1) size 37x160 [border: (5px solid #FFA500)]
          RenderListMarker at (13,167) size 10x10
          RenderText {#text} at (10,84) size 17x66
            text run at (10,84) width 66: "Third item"
      RenderBlock {UL} at (876,0) size 130x202 [border: (1px solid #0000FF)]
        RenderListItem {LI} at (1,41) size 37x160 [border: (5px solid #FFA500)]
          RenderListMarker at (13,10) size 10x10
          RenderText {#text} at (10,27) size 17x59
            text run at (10,27) width 59: "First item"
        RenderListItem {LI} at (38,41) size 54x160 [border: (5px solid #FFA500)]
          RenderListMarker at (13,10) size 10x10
          RenderText {#text} at (10,27) size 34x123
            text run at (10,27) width 106: "Second and very"
            text run at (27,10) width 91: "very long item"
        RenderListItem {LI} at (92,41) size 37x160 [border: (5px solid #FFA500)]
          RenderListMarker at (13,10) size 10x10
          RenderText {#text} at (10,27) size 17x66
            text run at (10,27) width 66: "Third item"
      RenderBlock {UL} at (1022,0) size 130x202 [border: (1px solid #FF0000)]
        RenderListItem {LI} at (1,1) size 37x160 [border: (5px solid #FFA500)]
          RenderListMarker at (13,140) size 10x10
          RenderText {#text} at (10,74) size 17x59
            text run at (10,74) width 59: "First item"
        RenderListItem {LI} at (38,1) size 54x160 [border: (5px solid #FFA500)]
          RenderListMarker at (13,140) size 10x10
          RenderText {#text} at (10,27) size 34x123
            text run at (10,27) width 106: "Second and very"
            text run at (27,59) width 91: "very long item"
        RenderListItem {LI} at (92,1) size 37x160 [border: (5px solid #FFA500)]
          RenderListMarker at (13,140) size 10x10
          RenderText {#text} at (10,67) size 17x66
            text run at (10,67) width 66: "Third item"
      RenderBlock {OL} at (1168,0) size 130x202 [border: (1px solid #0000FF)]
        RenderListItem {LI} at (1,41) size 37x160 [border: (5px solid #FFA500)]
          RenderListMarker at (10,-20) size 17x16: "1"
          RenderText {#text} at (10,10) size 17x59
            text run at (10,10) width 59: "First item"
        RenderListItem {LI} at (38,41) size 54x160 [border: (5px solid #FFA500)]
          RenderListMarker at (10,-20) size 17x16: "2"
          RenderText {#text} at (10,10) size 34x138
            text run at (10,10) width 138: "Second and very very"
            text run at (27,10) width 59: "long item"
        RenderListItem {LI} at (92,41) size 37x160 [border: (5px solid #FFA500)]
          RenderListMarker at (10,-20) size 17x16: "3"
          RenderText {#text} at (10,10) size 17x66
            text run at (10,10) width 66: "Third item"
      RenderBlock {OL} at (1314,0) size 130x202 [border: (1px solid #FF0000)]
        RenderListItem {LI} at (1,1) size 37x160 [border: (5px solid #FFA500)]
          RenderListMarker at (10,164) size 17x16: "1"
          RenderText {#text} at (10,91) size 17x59
            text run at (10,91) width 59: "First item"
        RenderListItem {LI} at (38,1) size 54x160 [border: (5px solid #FFA500)]
          RenderListMarker at (10,164) size 17x16: "2"
          RenderText {#text} at (10,12) size 34x138
            text run at (10,12) width 138: "Second and very very"
            text run at (27,91) width 59: "long item"
        RenderListItem {LI} at (92,1) size 37x160 [border: (5px solid #FFA500)]
          RenderListMarker at (10,164) size 17x16: "3"
          RenderText {#text} at (10,84) size 17x66
            text run at (10,84) width 66: "Third item"
      RenderBlock {OL} at (1460,0) size 130x202 [border: (1px solid #0000FF)]
        RenderListItem {LI} at (1,41) size 37x160 [border: (5px solid #FFA500)]
          RenderListMarker at (10,10) size 17x16: "1"
          RenderText {#text} at (10,26) size 17x59
            text run at (10,26) width 59: "First item"
        RenderListItem {LI} at (38,41) size 54x160 [border: (5px solid #FFA500)]
          RenderListMarker at (10,10) size 17x16: "2"
          RenderText {#text} at (10,26) size 34x122
            text run at (10,26) width 106: "Second and very"
            text run at (27,10) width 91: "very long item"
        RenderListItem {LI} at (92,41) size 37x160 [border: (5px solid #FFA500)]
          RenderListMarker at (10,10) size 17x16: "3"
          RenderText {#text} at (10,26) size 17x66
            text run at (10,26) width 66: "Third item"
      RenderBlock {OL} at (1606,0) size 130x202 [border: (1px solid #FF0000)]
        RenderListItem {LI} at (1,1) size 37x160 [border: (5px solid #FFA500)]
          RenderListMarker at (10,134) size 17x16: "1"
          RenderText {#text} at (10,75) size 17x59
            text run at (10,75) width 59: "First item"
        RenderListItem {LI} at (38,1) size 54x160 [border: (5px solid #FFA500)]
          RenderListMarker at (10,134) size 17x16: "2"
          RenderText {#text} at (10,28) size 34x122
            text run at (10,28) width 106: "Second and very"
            text run at (27,59) width 91: "very long item"
        RenderListItem {LI} at (92,1) size 37x160 [border: (5px solid #FFA500)]
          RenderListMarker at (10,134) size 17x16: "3"
          RenderText {#text} at (10,68) size 17x66
            text run at (10,68) width 66: "Third item"
