layer at (0,0) size 800x600
  RenderView at (0,0) size 800x600
layer at (0,0) size 800x600
  RenderBlock {HTML} at (0,0) size 800x600
    RenderBody {BODY} at (8,8) size 784x576
      RenderBlock {P} at (0,0) size 784x17
        RenderText {#text} at (0,0) size 53x17
          text run at (0,0) width 53: "Test for "
        RenderInline {I} at (0,0) size 641x17
          RenderInline {A} at (0,0) size 301x17 [color=#0000EE]
            RenderText {#text} at (53,0) size 301x17
              text run at (53,0) width 301: "http://bugs.webkit.org/show_bug.cgi?id=14395"
          RenderText {#text} at (354,0) size 340x17
            text run at (354,0) width 4: " "
            text run at (358,0) width 336: "When a <p> is inside <li> two <BR>s are rendered"
        RenderText {#text} at (694,0) size 4x17
          text run at (694,0) width 4: "."
      RenderBlock {P} at (0,33) size 784x17
        RenderText {#text} at (0,0) size 487x17
          text run at (0,0) width 487: "In all of the following, the bullets should be lined up with the first line of text."
      RenderBlock {UL} at (0,66) size 784x17
        RenderListItem {LI} at (40,0) size 744x17
          RenderBlock (anonymous) at (0,0) size 744x0
            RenderInline {SPAN} at (0,0) size 0x0
              RenderText {#text} at (0,0) size 0x0
          RenderBlock (anonymous) at (0,0) size 744x17
            RenderBlock {DIV} at (0,0) size 744x17
              RenderListMarker at (-17,0) size 7x17: bullet
              RenderText {#text} at (0,0) size 27x17
                text run at (0,0) width 27: "item"
          RenderBlock (anonymous) at (0,17) size 744x0
            RenderInline {SPAN} at (0,0) size 0x0
      RenderBlock {UL} at (0,99) size 784x17
        RenderListItem {LI} at (40,0) size 744x17
          RenderBlock (anonymous) at (0,0) size 744x0
            RenderInline {SPAN} at (0,0) size 0x0
              RenderText {#text} at (0,0) size 0x0
            RenderText {#text} at (0,0) size 0x0
          RenderBlock {DIV} at (0,0) size 744x17
            RenderListMarker at (-17,0) size 7x17: bullet
            RenderText {#text} at (0,0) size 27x17
              text run at (0,0) width 27: "item"
      RenderBlock {UL} at (0,132) size 784x17
        RenderListItem {LI} at (40,0) size 744x17
          RenderBlock (anonymous) at (0,0) size 744x0
            RenderInline {SPAN} at (0,0) size 0x0
              RenderText {#text} at (0,0) size 0x0
              RenderInline {I} at (0,0) size 0x0
                RenderText {#text} at (0,0) size 0x0
          RenderBlock (anonymous) at (0,0) size 744x17
            RenderBlock {DIV} at (0,0) size 744x17
              RenderListMarker at (-17,0) size 7x17: bullet
              RenderText {#text} at (0,0) size 27x17
                text run at (0,0) width 27: "item"
          RenderBlock (anonymous) at (0,17) size 744x0
            RenderInline {SPAN} at (0,0) size 0x0
              RenderInline {I} at (0,0) size 0x0
              RenderText {#text} at (0,0) size 0x0
            RenderText {#text} at (0,0) size 0x0
      RenderBlock {UL} at (0,165) size 784x34
        RenderListItem {LI} at (40,0) size 744x34
          RenderBlock (anonymous) at (0,0) size 744x17
            RenderListMarker at (-17,0) size 7x17: bullet
            RenderInline {SPAN} at (0,0) size 40x17
              RenderInline (generated) at (0,0) size 40x17
                RenderText at (0,0) size 40x17
                  text run at (0,0) width 40: "before"
              RenderText {#text} at (0,0) size 0x0
          RenderBlock (anonymous) at (0,17) size 744x17
            RenderBlock {DIV} at (0,0) size 744x17
              RenderText {#text} at (0,0) size 27x17
                text run at (0,0) width 27: "item"
          RenderBlock (anonymous) at (0,34) size 744x0
            RenderInline {SPAN} at (0,0) size 0x0
      RenderBlock {UL} at (0,215) size 784x34
        RenderListItem {LI} at (40,0) size 744x34
          RenderBlock (anonymous) at (0,0) size 744x0
            RenderInline {SPAN} at (0,0) size 0x0
          RenderBlock (anonymous) at (0,0) size 744x17
            RenderBlock {UL} at (0,0) size 744x17
              RenderListItem {LI} at (40,0) size 704x17
                RenderListMarker at (-57,0) size 7x17: bullet
                RenderListMarker at (-17,0) size 7x17: white bullet
                RenderText {#text} at (0,0) size 27x17
                  text run at (0,0) width 27: "item"
          RenderBlock (anonymous) at (0,17) size 744x17
            RenderInline {SPAN} at (0,0) size 0x0
            RenderBR {BR} at (0,0) size 0x17
      RenderBlock {UL} at (0,265) size 784x34
        RenderListItem {LI} at (40,0) size 744x34
          RenderBlock {DIV} at (0,0) size 744x17
            RenderBlock {UL} at (0,0) size 744x17
              RenderListItem {LI} at (40,0) size 704x17
                RenderListMarker at (-57,0) size 7x17: bullet
                RenderListMarker at (-17,0) size 7x17: white bullet
                RenderText {#text} at (0,0) size 27x17
                  text run at (0,0) width 27: "item"
          RenderBlock (anonymous) at (0,17) size 744x17
            RenderBR {BR} at (0,0) size 0x17
      RenderBlock {P} at (0,315) size 784x17
        RenderText {#text} at (0,0) size 522x17
          text run at (0,0) width 522: "In this case, the solid bullet should be one line above the hollow bullet and the text."
      RenderBlock {UL} at (0,348) size 784x51
        RenderListItem {LI} at (40,0) size 744x51
          RenderBlock (anonymous) at (0,0) size 744x17
            RenderListMarker at (-17,0) size 7x17: bullet
          RenderBlock {UL} at (0,17) size 744x17
            RenderListItem {LI} at (40,0) size 704x17
              RenderListMarker at (-17,0) size 7x17: white bullet
              RenderText {#text} at (0,0) size 27x17
                text run at (0,0) width 27: "item"
          RenderBlock (anonymous) at (0,34) size 744x17
            RenderBR {BR} at (0,0) size 0x17
