layer at (0,0) size 800x600
  RenderView at (0,0) size 800x600
layer at (0,0) size 800x186
  RenderBlock {HTML} at (0,0) size 800x186
    RenderBody {BODY} at (8,8) size 784x170
      RenderBlock (anonymous) at (0,0) size 784x20
        RenderInline {DIV} at (0,0) size 528x17 [color=#FFFFFF] [bgcolor=#FF0000]
          RenderText {#text} at (0,2) size 528x17
            text run at (0,2) width 528: "Ahem_font_required_for_this_test."
        RenderText {#text} at (0,0) size 0x0
      RenderTable {TABLE} at (0,20) size 342x150
        RenderTableSection {TBODY} at (0,0) size 342x150
          RenderTableRow {TR} at (0,2) size 342x146
            RenderTableCell {TD} at (2,2) size 338x146 [r=0 c=0 rs=1 cs=1]
              RenderBlock {PRE} at (1,17) size 336x112 [color=#00FF00] [bgcolor=#008000]
                RenderText {#text} at (0,-1) size 336x113
                  text run at (0,-1) width 336: "                     "
                  text run at (336,-1) width 0: " "
                  text run at (0,15) width 336: " xxxx xxxx xxxx xxxx "
                  text run at (336,15) width 0: " "
                  text run at (0,31) width 336: " x  x x  x x    x    "
                  text run at (336,31) width 0: " "
                  text run at (0,47) width 320: " xxxx xxxx xxxx xxxx"
                  text run at (320,47) width 0: " "
                  text run at (0,63) width 336: " x    x  x    x    x "
                  text run at (336,63) width 0: " "
                  text run at (0,79) width 336: " x    x  x xxxx xxxx "
                  text run at (336,79) width 0: " "
                  text run at (0,95) width 336: "                     "
