layer at (0,0) size 800x600
  RenderView at (0,0) size 800x600
layer at (0,0) size 800x600
  RenderBlock {HTML} at (0,0) size 800x600
    RenderBody {BODY} at (8,8) size 784x579
      RenderBlock {PRE} at (0,0) size 784x42
        RenderText {#text} at (0,0) size 8x14
          text run at (0,0) width 8: "1"
        RenderBR {BR} at (7,10) size 1x0
        RenderText {#text} at (0,14) size 8x28
          text run at (0,14) width 0: " "
          text run at (0,28) width 8: "2"
