layer at (0,0) size 800x600
  RenderView at (0,0) size 800x600
layer at (0,0) size 800x600
  RenderBlock {HTML} at (0,0) size 800x600
    RenderBody {BODY} at (8,8) size 784x579
      RenderBlock {PRE} at (0,0) size 784x146
        RenderText {#text} at (0,45) size 24x14
          text run at (0,45) width 24: "One"
        RenderInline {SPAN} at (0,0) size 130x146
          RenderText {#text} at (23,0) size 130x146
            text run at (23,0) width 1: " "
            text run at (0,73) width 130: "Two"
