layer at (0,0) size 800x600
  RenderView at (0,0) size 800x600
layer at (0,0) size 800x600
  RenderBlock {HTML} at (0,0) size 800x600
    RenderBody {BODY} at (8,8) size 784x584
      RenderBR {BR} at (0,0) size 0x17
      RenderBR {BR} at (0,17) size 0x17
      RenderBR {BR} at (0,34) size 0x17
      RenderBR {BR} at (0,51) size 0x17
      RenderText {#text} at (0,68) size 180x17
        text run at (0,68) width 180: "24 green box with word ok: "
      RenderText {#text} at (0,0) size 0x0
      RenderBR {BR} at (0,0) size 0x0
      RenderBR {BR} at (0,85) size 0x17
      RenderBR {BR} at (0,102) size 0x17
      RenderBR {BR} at (0,119) size 0x17
      RenderText {#text} at (0,136) size 180x17
        text run at (0,136) width 180: "25 green box with word ok: "
      RenderText {#text} at (0,0) size 0x0
      RenderBR {BR} at (0,0) size 0x0
      RenderBR {BR} at (0,153) size 0x17
      RenderBR {BR} at (0,170) size 0x17
      RenderBR {BR} at (0,187) size 0x17
      RenderText {#text} at (0,204) size 180x17
        text run at (0,204) width 180: "26 green box with word ok: "
      RenderText {#text} at (0,0) size 0x0
      RenderBR {BR} at (0,0) size 0x0
      RenderBR {BR} at (0,221) size 0x17
      RenderBR {BR} at (0,238) size 0x17
      RenderBR {BR} at (0,255) size 0x17
layer at (0,93) size 800x34
  RenderBlock (positioned) {DIV} at (0,93) size 800x34 [border: (2px solid #FF0000)]
    RenderBlock {DIV} at (2,2) size 796x4 [border: (2px solid #FF0000)]
    RenderBlock {DIV} at (2,6) size 796x21 [border: (2px solid #008000)]
      RenderText {#text} at (2,2) size 16x17
        text run at (2,2) width 16: "ok"
layer at (0,161) size 800x34
  RenderBlock (positioned) {DIV} at (0,161) size 800x34 [border: (2px solid #FF0000)]
    RenderBlock {DIV} at (2,2) size 796x4 [border: (2px solid #FF0000)]
    RenderBlock {DIV} at (2,6) size 796x4 [border: (2px solid #FF0000)]
    RenderBlock {DIV} at (2,10) size 796x21 [border: (2px solid #008000)]
      RenderText {#text} at (2,2) size 16x17
        text run at (2,2) width 16: "ok"
layer at (0,229) size 800x34
  RenderBlock (positioned) {DIV} at (0,229) size 800x34 [border: (2px solid #FF0000)]
    RenderBlock {DIV} at (2,2) size 796x21 [border: (2px solid #FF0000)]
      RenderBlock {DIV} at (2,2) size 792x17
        RenderText {#text} at (0,0) size 27x17
          text run at (0,0) width 27: "blah"
    RenderBlock {DIV} at (2,23) size 796x4 [border: (2px solid #FF0000)]
    RenderBlock {DIV} at (2,27) size 796x21 [border: (2px solid #008000)]
      RenderText {#text} at (2,2) size 16x17
        text run at (2,2) width 16: "ok"
