layer at (0,0) size 800x600
  RenderView at (0,0) size 800x600
layer at (0,0) size 800x600
  RenderBlock {HTML} at (0,0) size 800x600
    RenderBody {BODY} at (8,8) size 784x576
      RenderBlock {P} at (0,0) size 784x17
        RenderText {#text} at (0,0) size 650x17
          text run at (0,0) width 650: "This tests the xslt document() function. If this test is successful, there should be three paragraphs below."
      RenderBlock {P} at (0,33) size 784x17
        RenderText {#text} at (0,0) size 120x17
          text run at (0,0) width 120: "This is a paragraph"
      RenderBlock {P} at (0,66) size 784x17
        RenderText {#text} at (0,0) size 160x17
          text run at (0,0) width 160: "This is another paragraph"
      RenderBlock {P} at (0,99) size 784x17
        RenderText {#text} at (0,0) size 157x17
          text run at (0,0) width 157: "This is a third paragraph."
