layer at (0,0) size 800x600
  RenderView at (0,0) size 800x600
layer at (0,0) size 800x222
  RenderBlock {HTML} at (0,0) size 800x222
    RenderBody {BODY} at (8,16) size 784x198
      RenderBlock {P} at (0,0) size 784x18
        RenderText {#text} at (0,0) size 398x18
          text run at (0,0) width 398: "Test passes if all the T and surrounding punctuation are green."
      RenderBlock {DIV} at (0,34) size 784x41
        RenderInline (generated) at (0,0) size 46x41 [color=#008000]
          RenderText {#text} at (0,0) size 46x41
            text run at (0,0) width 46: "(T)"
        RenderText {#text} at (45,18) size 19x18
          text run at (45,18) width 19: "est"
      RenderBlock {DIV} at (0,75) size 784x41
        RenderInline (generated) at (0,0) size 54x41 [color=#008000]
          RenderText {#text} at (0,0) size 54x41
            text run at (0,0) width 54: "\x{201C}T\x{201D}"
        RenderText {#text} at (53,18) size 19x18
          text run at (53,18) width 19: "est"
      RenderBlock {DIV} at (0,116) size 784x41
        RenderInline (generated) at (0,0) size 76x41 [color=#008000]
          RenderText {#text} at (0,0) size 76x41
            text run at (0,0) width 76: "\x{AB} T \x{BB}"
        RenderText {#text} at (75,18) size 19x18
          text run at (75,18) width 19: "est"
      RenderBlock {DIV} at (0,157) size 784x41
        RenderInline (generated) at (0,0) size 76x41 [color=#008000]
          RenderText {#text} at (0,0) size 76x41
            text run at (0,0) width 76: "\x{AB} T \x{BB}"
        RenderText {#text} at (75,18) size 35x18
          text run at (75,18) width 35: "    est"
