layer at (0,0) size 2041x2404
  RenderView at (0,0) size 785x585
layer at (0,0) size 785x2404
  RenderBlock {HTML} at (0,0) size 785x2405
    RenderBody {BODY} at (8,8) size 769x2389
      RenderBlock {H2} at (0,0) size 769x28
        RenderText {#text} at (0,0) size 139x28
          text run at (0,0) width 139: "word-spacing"
      RenderBlock (floating) {PRE} at (0,60) size 986x169
        RenderBlock {H3} at (0,15) size 986x18
          RenderText {#text} at (0,0) size 145x17
            text run at (0,0) width 145: "In a floated pre"
        RenderBlock (anonymous) at (0,47) size 986x121
          RenderText {#text} at (0,0) size 257x30
            text run at (0,0) width 0: " "
            text run at (0,15) width 257: "Word   spacing test "
          RenderInline {EM} at (0,0) size 24x15
            RenderText {#text} at (256,15) size 24x15
              text run at (256,15) width 24: "for"
          RenderText {#text} at (299,15) size 9x15
            text run at (299,15) width 9: " "
          RenderInline {STRONG} at (0,0) size 63x15
            RenderText {#text} at (307,15) size 63x15
              text run at (307,15) width 63: "elements"
          RenderText {#text} at (389,15) size 9x15
            text run at (389,15) width 9: " "
          RenderInline {TT} at (0,0) size 48x15
            RenderText {#text} at (397,15) size 48x15
              text run at (397,15) width 48: "within"
          RenderText {#text} at (464,15) size 614x30
            text run at (464,15) width 130: " elements too."
            text run at (613,15) width 1: " "
            text run at (0,30) width 257: "Word   spacing test "
          RenderInline {EM} at (0,0) size 24x15
            RenderText {#text} at (256,30) size 24x15
              text run at (256,30) width 24: "for"
          RenderText {#text} at (299,30) size 9x15
            text run at (299,30) width 9: " "
          RenderInline {STRONG} at (0,0) size 63x15
            RenderText {#text} at (307,30) size 63x15
              text run at (307,30) width 63: "elements"
          RenderText {#text} at (389,30) size 9x15
            text run at (389,30) width 9: " "
          RenderInline {TT} at (0,0) size 48x15
            RenderText {#text} at (397,30) size 48x15
              text run at (397,30) width 48: "within"
          RenderText {#text} at (464,30) size 99x15
            text run at (464,30) width 99: " elements "
          RenderText {#text} at (562,30) size 1054x30
            text run at (562,30) width 472: " too. (with comment between elements and too)"
            text run at (1053,30) width 1: " "
            text run at (0,45) width 257: "Word   spacing test "
          RenderInline {EM} at (0,0) size 24x15
            RenderText {#text} at (256,45) size 24x15
              text run at (256,45) width 24: "for"
          RenderText {#text} at (299,45) size 9x15
            text run at (299,45) width 9: " "
          RenderInline {STRONG} at (0,0) size 63x15
            RenderText {#text} at (307,45) size 63x15
              text run at (307,45) width 63: "elements"
          RenderText {#text} at (389,45) size 9x15
            text run at (389,45) width 9: " "
          RenderInline {TT} at (0,0) size 48x15
            RenderText {#text} at (397,45) size 48x15
              text run at (397,45) width 48: "within"
          RenderText {#text} at (464,45) size 71x15
            text run at (464,45) width 71: " elements"
          RenderText {#text} at (554,45) size 1278x30
            text run at (554,45) width 704: " too. (with comment (no preceeding space) between elements and too)"
            text run at (1277,45) width 1: " "
            text run at (0,60) width 257: "Word   spacing test "
          RenderInline {EM} at (0,0) size 24x15
            RenderText {#text} at (256,60) size 24x15
              text run at (256,60) width 24: "for"
          RenderText {#text} at (299,60) size 9x15
            text run at (299,60) width 9: " "
          RenderInline {STRONG} at (0,0) size 63x15
            RenderText {#text} at (307,60) size 63x15
              text run at (307,60) width 63: "elements"
          RenderText {#text} at (389,60) size 9x15
            text run at (389,60) width 9: " "
          RenderInline {TT} at (0,0) size 48x15
            RenderText {#text} at (397,60) size 48x15
              text run at (397,60) width 48: "within"
          RenderText {#text} at (464,60) size 99x15
            text run at (464,60) width 99: " elements "
          RenderText {#text} at (562,60) size 700x15
            text run at (562,60) width 680: "too. (with comment (no trailing space) between elements and too)"
            text run at (1261,60) width 1: " "
          RenderInline {SPAN} at (0,0) size 370x15
            RenderText {#text} at (0,75) size 257x15
              text run at (0,75) width 257: "Word   spacing test "
            RenderInline {EM} at (0,0) size 24x15
              RenderText {#text} at (256,75) size 24x15
                text run at (256,75) width 24: "for"
            RenderText {#text} at (299,75) size 9x15
              text run at (299,75) width 9: " "
            RenderInline {STRONG} at (0,0) size 63x15
              RenderText {#text} at (307,75) size 63x15
                text run at (307,75) width 63: "elements"
          RenderText {#text} at (389,75) size 9x15
            text run at (389,75) width 9: " "
          RenderInline {TT} at (0,0) size 48x15
            RenderText {#text} at (397,75) size 48x15
              text run at (397,75) width 48: "within"
          RenderText {#text} at (464,75) size 1097x30
            text run at (464,75) width 613: " elements too. (with monospace font from Word to elements)"
            text run at (1096,75) width 1: " "
            text run at (0,90) width 257: "Word   spacing test "
          RenderInline {SPAN} at (0,0) size 189x15
            RenderInline {EM} at (0,0) size 24x15
              RenderText {#text} at (256,90) size 24x15
                text run at (256,90) width 24: "for"
            RenderText {#text} at (299,90) size 9x15
              text run at (299,90) width 9: " "
            RenderInline {STRONG} at (0,0) size 63x15
              RenderText {#text} at (307,90) size 63x15
                text run at (307,90) width 63: "elements"
            RenderText {#text} at (389,90) size 9x15
              text run at (389,90) width 9: " "
            RenderInline {TT} at (0,0) size 48x15
              RenderText {#text} at (397,90) size 48x15
                text run at (397,90) width 48: "within"
          RenderText {#text} at (464,90) size 1074x30
            text run at (464,90) width 590: " elements too. (with monospace font from for to within)"
            text run at (1073,90) width 1: " "
            text run at (0,105) width 257: "Word   spacing test "
          RenderInline {EM} at (0,0) size 24x15
            RenderText {#text} at (256,105) size 24x15
              text run at (256,105) width 24: "for"
          RenderText {#text} at (299,105) size 9x15
            text run at (299,105) width 9: " "
          RenderInline {STRONG} at (0,0) size 63x15
            RenderText {#text} at (307,105) size 63x15
              text run at (307,105) width 63: "elements"
          RenderText {#text} at (389,105) size 9x15
            text run at (389,105) width 9: " "
          RenderInline {SPAN} at (0,0) size 189x15
            RenderInline {TT} at (0,0) size 48x15
              RenderText {#text} at (397,105) size 48x15
                text run at (397,105) width 48: "within"
            RenderText {#text} at (464,105) size 122x15
              text run at (464,105) width 122: " elements too"
          RenderText {#text} at (585,105) size 504x15
            text run at (585,105) width 484: ". (with monospace font from elements to too)"
            text run at (1088,105) width 1: " "
      RenderBlock (anonymous) at (0,47) size 769x195
        RenderBR {BR} at (985,0) size 1x18
      RenderBlock {PRE} at (0,256) size 769x153
        RenderBlock {H3} at (0,0) size 769x17
          RenderText {#text} at (0,0) size 181x17
            text run at (0,0) width 181: "In an un-floated pre"
        RenderBlock (anonymous) at (0,32) size 769x121
          RenderText {#text} at (0,0) size 257x30
            text run at (0,0) width 0: " "
            text run at (0,15) width 257: "Word   spacing test "
          RenderInline {EM} at (0,0) size 24x15
            RenderText {#text} at (256,15) size 24x15
              text run at (256,15) width 24: "for"
          RenderText {#text} at (299,15) size 9x15
            text run at (299,15) width 9: " "
          RenderInline {STRONG} at (0,0) size 63x15
            RenderText {#text} at (307,15) size 63x15
              text run at (307,15) width 63: "elements"
          RenderText {#text} at (389,15) size 9x15
            text run at (389,15) width 9: " "
          RenderInline {TT} at (0,0) size 48x15
            RenderText {#text} at (397,15) size 48x15
              text run at (397,15) width 48: "within"
          RenderText {#text} at (464,15) size 614x30
            text run at (464,15) width 130: " elements too."
            text run at (613,15) width 1: " "
            text run at (0,30) width 257: "Word   spacing test "
          RenderInline {EM} at (0,0) size 24x15
            RenderText {#text} at (256,30) size 24x15
              text run at (256,30) width 24: "for"
          RenderText {#text} at (299,30) size 9x15
            text run at (299,30) width 9: " "
          RenderInline {STRONG} at (0,0) size 63x15
            RenderText {#text} at (307,30) size 63x15
              text run at (307,30) width 63: "elements"
          RenderText {#text} at (389,30) size 9x15
            text run at (389,30) width 9: " "
          RenderInline {TT} at (0,0) size 48x15
            RenderText {#text} at (397,30) size 48x15
              text run at (397,30) width 48: "within"
          RenderText {#text} at (464,30) size 99x15
            text run at (464,30) width 99: " elements "
          RenderText {#text} at (562,30) size 1054x30
            text run at (562,30) width 472: " too. (with comment between elements and too)"
            text run at (1053,30) width 1: " "
            text run at (0,45) width 257: "Word   spacing test "
          RenderInline {EM} at (0,0) size 24x15
            RenderText {#text} at (256,45) size 24x15
              text run at (256,45) width 24: "for"
          RenderText {#text} at (299,45) size 9x15
            text run at (299,45) width 9: " "
          RenderInline {STRONG} at (0,0) size 63x15
            RenderText {#text} at (307,45) size 63x15
              text run at (307,45) width 63: "elements"
          RenderText {#text} at (389,45) size 9x15
            text run at (389,45) width 9: " "
          RenderInline {TT} at (0,0) size 48x15
            RenderText {#text} at (397,45) size 48x15
              text run at (397,45) width 48: "within"
          RenderText {#text} at (464,45) size 71x15
            text run at (464,45) width 71: " elements"
          RenderText {#text} at (554,45) size 1278x30
            text run at (554,45) width 704: " too. (with comment (no preceeding space) between elements and too)"
            text run at (1277,45) width 1: " "
            text run at (0,60) width 257: "Word   spacing test "
          RenderInline {EM} at (0,0) size 24x15
            RenderText {#text} at (256,60) size 24x15
              text run at (256,60) width 24: "for"
          RenderText {#text} at (299,60) size 9x15
            text run at (299,60) width 9: " "
          RenderInline {STRONG} at (0,0) size 63x15
            RenderText {#text} at (307,60) size 63x15
              text run at (307,60) width 63: "elements"
          RenderText {#text} at (389,60) size 9x15
            text run at (389,60) width 9: " "
          RenderInline {TT} at (0,0) size 48x15
            RenderText {#text} at (397,60) size 48x15
              text run at (397,60) width 48: "within"
          RenderText {#text} at (464,60) size 99x15
            text run at (464,60) width 99: " elements "
          RenderText {#text} at (562,60) size 700x15
            text run at (562,60) width 680: "too. (with comment (no trailing space) between elements and too)"
            text run at (1261,60) width 1: " "
          RenderInline {SPAN} at (0,0) size 370x15
            RenderText {#text} at (0,75) size 257x15
              text run at (0,75) width 257: "Word   spacing test "
            RenderInline {EM} at (0,0) size 24x15
              RenderText {#text} at (256,75) size 24x15
                text run at (256,75) width 24: "for"
            RenderText {#text} at (299,75) size 9x15
              text run at (299,75) width 9: " "
            RenderInline {STRONG} at (0,0) size 63x15
              RenderText {#text} at (307,75) size 63x15
                text run at (307,75) width 63: "elements"
          RenderText {#text} at (389,75) size 9x15
            text run at (389,75) width 9: " "
          RenderInline {TT} at (0,0) size 48x15
            RenderText {#text} at (397,75) size 48x15
              text run at (397,75) width 48: "within"
          RenderText {#text} at (464,75) size 1097x30
            text run at (464,75) width 613: " elements too. (with monospace font from Word to elements)"
            text run at (1096,75) width 1: " "
            text run at (0,90) width 257: "Word   spacing test "
          RenderInline {SPAN} at (0,0) size 189x15
            RenderInline {EM} at (0,0) size 24x15
              RenderText {#text} at (256,90) size 24x15
                text run at (256,90) width 24: "for"
            RenderText {#text} at (299,90) size 9x15
              text run at (299,90) width 9: " "
            RenderInline {STRONG} at (0,0) size 63x15
              RenderText {#text} at (307,90) size 63x15
                text run at (307,90) width 63: "elements"
            RenderText {#text} at (389,90) size 9x15
              text run at (389,90) width 9: " "
            RenderInline {TT} at (0,0) size 48x15
              RenderText {#text} at (397,90) size 48x15
                text run at (397,90) width 48: "within"
          RenderText {#text} at (464,90) size 1074x30
            text run at (464,90) width 590: " elements too. (with monospace font from for to within)"
            text run at (1073,90) width 1: " "
            text run at (0,105) width 257: "Word   spacing test "
          RenderInline {EM} at (0,0) size 24x15
            RenderText {#text} at (256,105) size 24x15
              text run at (256,105) width 24: "for"
          RenderText {#text} at (299,105) size 9x15
            text run at (299,105) width 9: " "
          RenderInline {STRONG} at (0,0) size 63x15
            RenderText {#text} at (307,105) size 63x15
              text run at (307,105) width 63: "elements"
          RenderText {#text} at (389,105) size 9x15
            text run at (389,105) width 9: " "
          RenderInline {SPAN} at (0,0) size 189x15
            RenderInline {TT} at (0,0) size 48x15
              RenderText {#text} at (397,105) size 48x15
                text run at (397,105) width 48: "within"
            RenderText {#text} at (464,105) size 122x15
              text run at (464,105) width 122: " elements too"
          RenderText {#text} at (585,105) size 504x15
            text run at (585,105) width 484: ". (with monospace font from elements to too)"
            text run at (1088,105) width 1: " "
      RenderBlock (anonymous) at (0,421) size 769x0
        RenderInline {SPAN} at (0,0) size 0x0
          RenderText {#text} at (0,0) size 0x0
      RenderBlock (anonymous) at (0,427) size 769x23
        RenderBlock {H3} at (0,0) size 769x22
          RenderText {#text} at (0,0) size 115x22
            text run at (0,0) width 115: "In a span"
      RenderBlock (anonymous) at (0,468) size 769x271
        RenderInline {SPAN} at (0,0) size 848x234
          RenderText {#text} at (0,0) size 179x18
            text run at (0,0) width 60: "Word "
            text run at (59,0) width 120: "spacing test "
          RenderInline {EM} at (0,0) size 19x18
            RenderText {#text} at (178,0) size 19x18
              text run at (178,0) width 19: "for"
          RenderText {#text} at (216,0) size 5x18
            text run at (216,0) width 5: " "
          RenderInline {STRONG} at (0,0) size 61x18
            RenderText {#text} at (220,0) size 61x18
              text run at (220,0) width 61: "elements"
          RenderText {#text} at (300,0) size 5x18
            text run at (300,0) width 5: " "
          RenderInline {TT} at (0,0) size 48x15
            RenderText {#text} at (304,2) size 48x15
              text run at (304,2) width 48: "within"
          RenderText {#text} at (371,0) size 130x18
            text run at (371,0) width 130: " elements too."
          RenderBR {BR} at (500,14) size 1x0
          RenderText {#text} at (0,18) size 179x18
            text run at (0,18) width 60: "Word "
            text run at (59,18) width 120: "spacing test "
          RenderInline {EM} at (0,0) size 19x18
            RenderText {#text} at (178,18) size 19x18
              text run at (178,18) width 19: "for"
          RenderText {#text} at (216,18) size 5x18
            text run at (216,18) width 5: " "
          RenderInline {STRONG} at (0,0) size 61x18
            RenderText {#text} at (220,18) size 61x18
              text run at (220,18) width 61: "elements"
          RenderText {#text} at (300,18) size 5x18
            text run at (300,18) width 5: " "
          RenderInline {TT} at (0,0) size 48x15
            RenderText {#text} at (304,20) size 48x15
              text run at (304,20) width 48: "within"
          RenderText {#text} at (371,18) size 106x18
            text run at (371,18) width 106: " elements "
          RenderText {#text} at (476,18) size 848x36
            text run at (476,18) width 372: "too. (with comment between elements and"
            text run at (0,36) width 26: "too)"
          RenderBR {BR} at (25,50) size 1x0
          RenderText {#text} at (0,54) size 179x18
            text run at (0,54) width 60: "Word "
            text run at (59,54) width 120: "spacing test "
          RenderInline {EM} at (0,0) size 19x18
            RenderText {#text} at (178,54) size 19x18
              text run at (178,54) width 19: "for"
          RenderText {#text} at (216,54) size 5x18
            text run at (216,54) width 5: " "
          RenderInline {STRONG} at (0,0) size 61x18
            RenderText {#text} at (220,54) size 61x18
              text run at (220,54) width 61: "elements"
          RenderText {#text} at (300,54) size 5x18
            text run at (300,54) width 5: " "
          RenderInline {TT} at (0,0) size 48x15
            RenderText {#text} at (304,56) size 48x15
              text run at (304,56) width 48: "within"
          RenderText {#text} at (371,54) size 62x18
            text run at (371,54) width 62: " elements"
          RenderText {#text} at (452,54) size 847x36
            text run at (452,54) width 395: " too. (with comment (no preceeding space)"
            text run at (0,72) width 232: "between elements and too)"
          RenderBR {BR} at (231,86) size 1x0
          RenderText {#text} at (0,90) size 179x18
            text run at (0,90) width 60: "Word "
            text run at (59,90) width 120: "spacing test "
          RenderInline {EM} at (0,0) size 19x18
            RenderText {#text} at (178,90) size 19x18
              text run at (178,90) width 19: "for"
          RenderText {#text} at (216,90) size 5x18
            text run at (216,90) width 5: " "
          RenderInline {STRONG} at (0,0) size 61x18
            RenderText {#text} at (220,90) size 61x18
              text run at (220,90) width 61: "elements"
          RenderText {#text} at (300,90) size 5x18
            text run at (300,90) width 5: " "
          RenderInline {TT} at (0,0) size 48x15
            RenderText {#text} at (304,92) size 48x15
              text run at (304,92) width 48: "within"
          RenderText {#text} at (371,90) size 106x18
            text run at (371,90) width 106: " elements "
          RenderText {#text} at (476,90) size 823x36
            text run at (476,90) width 347: "too. (with comment (no trailing space)"
            text run at (0,108) width 232: "between elements and too)"
          RenderBR {BR} at (231,122) size 1x0
          RenderInline {SPAN} at (0,0) size 315x15
            RenderText {#text} at (0,128) size 201x15
              text run at (0,128) width 60: "Word "
              text run at (59,128) width 142: "spacing test "
            RenderInline {EM} at (0,0) size 24x15
              RenderText {#text} at (200,128) size 24x15
                text run at (200,128) width 24: "for"
            RenderText {#text} at (243,128) size 9x15
              text run at (243,128) width 9: " "
            RenderInline {STRONG} at (0,0) size 64x15
              RenderText {#text} at (251,128) size 64x15
                text run at (251,128) width 64: "elements"
          RenderText {#text} at (334,126) size 5x18
            text run at (334,126) width 5: " "
          RenderInline {TT} at (0,0) size 47x15
            RenderText {#text} at (338,128) size 47x15
              text run at (338,128) width 47: "within"
          RenderText {#text} at (404,126) size 793x36
            text run at (404,126) width 389: " elements too. (with monospace font from"
            text run at (0,144) width 158: "Word to elements)"
          RenderBR {BR} at (157,158) size 1x0
          RenderText {#text} at (0,162) size 179x18
            text run at (0,162) width 60: "Word "
            text run at (59,162) width 120: "spacing test "
          RenderInline {SPAN} at (0,0) size 189x15
            RenderInline {EM} at (0,0) size 24x15
              RenderText {#text} at (178,164) size 24x15
                text run at (178,164) width 24: "for"
            RenderText {#text} at (221,164) size 9x15
              text run at (221,164) width 9: " "
            RenderInline {STRONG} at (0,0) size 63x15
              RenderText {#text} at (229,164) size 63x15
                text run at (229,164) width 63: "elements"
            RenderText {#text} at (311,164) size 9x15
              text run at (311,164) width 9: " "
            RenderInline {TT} at (0,0) size 48x15
              RenderText {#text} at (319,164) size 48x15
                text run at (319,164) width 48: "within"
          RenderText {#text} at (386,162) size 818x36
            text run at (386,162) width 432: " elements too. (with monospace font from for"
            text run at (0,180) width 83: "to within)"
          RenderBR {BR} at (82,194) size 1x0
          RenderText {#text} at (0,198) size 179x18
            text run at (0,198) width 60: "Word "
            text run at (59,198) width 120: "spacing test "
          RenderInline {EM} at (0,0) size 19x18
            RenderText {#text} at (178,198) size 19x18
              text run at (178,198) width 19: "for"
          RenderText {#text} at (216,198) size 5x18
            text run at (216,198) width 5: " "
          RenderInline {STRONG} at (0,0) size 61x18
            RenderText {#text} at (220,198) size 61x18
              text run at (220,198) width 61: "elements"
          RenderText {#text} at (300,198) size 5x18
            text run at (300,198) width 5: " "
          RenderInline {SPAN} at (0,0) size 209x15
            RenderInline {TT} at (0,0) size 48x15
              RenderText {#text} at (304,200) size 48x15
                text run at (304,200) width 48: "within"
            RenderText {#text} at (371,200) size 142x15
              text run at (371,200) width 142: " elements too"
          RenderText {#text} at (512,198) size 776x36
            text run at (512,198) width 264: ". (with monospace font from"
            text run at (0,216) width 148: "elements to too) "
        RenderText {#text} at (0,0) size 0x0
        RenderBR {BR} at (0,0) size 0x0
        RenderBR {BR} at (0,234) size 0x18
        RenderBR {BR} at (0,252) size 0x18
      RenderBlock {H2} at (0,758) size 769x29
        RenderText {#text} at (0,0) size 140x28
          text run at (0,0) width 140: "letter-spacing"
      RenderBlock (floating) {PRE} at (0,818) size 1191x169
        RenderBlock {H3} at (0,15) size 1191x18
          RenderText {#text} at (0,0) size 225x17
            text run at (0,0) width 225: "In a floated pre"
        RenderBlock (anonymous) at (0,47) size 1191x121
          RenderText {#text} at (0,0) size 282x30
            text run at (0,0) width 0: " "
            text run at (0,15) width 282: "Letter   spacing test "
          RenderInline {EM} at (0,0) size 40x15
            RenderText {#text} at (281,15) size 40x15
              text run at (281,15) width 40: "for"
          RenderText {#text} at (320,15) size 13x15
            text run at (320,15) width 13: " "
          RenderInline {STRONG} at (0,0) size 104x15
            RenderText {#text} at (332,15) size 104x15
              text run at (332,15) width 104: "elements"
          RenderText {#text} at (435,15) size 14x15
            text run at (435,15) width 14: " "
          RenderInline {TT} at (0,0) size 77x15
            RenderText {#text} at (448,15) size 77x15
              text run at (448,15) width 77: "within"
          RenderText {#text} at (524,15) size 705x30
            text run at (524,15) width 181: " elements too."
            text run at (704,15) width 1: " "
            text run at (0,30) width 282: "Letter   spacing test "
          RenderInline {EM} at (0,0) size 40x15
            RenderText {#text} at (281,30) size 40x15
              text run at (281,30) width 40: "for"
          RenderText {#text} at (320,30) size 13x15
            text run at (320,30) width 13: " "
          RenderInline {STRONG} at (0,0) size 104x15
            RenderText {#text} at (332,30) size 104x15
              text run at (332,30) width 104: "elements"
          RenderText {#text} at (435,30) size 14x15
            text run at (435,30) width 14: " "
          RenderInline {TT} at (0,0) size 77x15
            RenderText {#text} at (448,30) size 77x15
              text run at (448,30) width 77: "within"
          RenderText {#text} at (524,30) size 129x15
            text run at (524,30) width 129: " elements "
          RenderText {#text} at (652,30) size 1229x30
            text run at (652,30) width 577: " too. (with comment between elements and too)"
            text run at (1228,30) width 1: " "
            text run at (0,45) width 282: "Letter   spacing test "
          RenderInline {EM} at (0,0) size 40x15
            RenderText {#text} at (281,45) size 40x15
              text run at (281,45) width 40: "for"
          RenderText {#text} at (320,45) size 13x15
            text run at (320,45) width 13: " "
          RenderInline {STRONG} at (0,0) size 104x15
            RenderText {#text} at (332,45) size 104x15
              text run at (332,45) width 104: "elements"
          RenderText {#text} at (435,45) size 14x15
            text run at (435,45) width 14: " "
          RenderInline {TT} at (0,0) size 77x15
            RenderText {#text} at (448,45) size 77x15
              text run at (448,45) width 77: "within"
          RenderText {#text} at (524,45) size 117x15
            text run at (524,45) width 117: " elements"
          RenderText {#text} at (640,45) size 1498x30
            text run at (640,45) width 858: " too. (with comment (no preceeding space) between elements and too)"
            text run at (1497,45) width 1: " "
            text run at (0,60) width 282: "Letter   spacing test "
          RenderInline {EM} at (0,0) size 40x15
            RenderText {#text} at (281,60) size 40x15
              text run at (281,60) width 40: "for"
          RenderText {#text} at (320,60) size 13x15
            text run at (320,60) width 13: " "
          RenderInline {STRONG} at (0,0) size 104x15
            RenderText {#text} at (332,60) size 104x15
              text run at (332,60) width 104: "elements"
          RenderText {#text} at (435,60) size 14x15
            text run at (435,60) width 14: " "
          RenderInline {TT} at (0,0) size 77x15
            RenderText {#text} at (448,60) size 77x15
              text run at (448,60) width 77: "within"
          RenderText {#text} at (524,60) size 129x15
            text run at (524,60) width 129: " elements "
          RenderText {#text} at (652,60) size 821x15
            text run at (652,60) width 821: "too. (with comment (no trailing space) between elements and too)"
            text run at (1472,60) width 1: " "
          RenderInline {SPAN} at (0,0) size 436x15
            RenderText {#text} at (0,75) size 282x15
              text run at (0,75) width 282: "Letter   spacing test "
            RenderInline {EM} at (0,0) size 40x15
              RenderText {#text} at (281,75) size 40x15
                text run at (281,75) width 40: "for"
            RenderText {#text} at (320,75) size 13x15
              text run at (320,75) width 13: " "
            RenderInline {STRONG} at (0,0) size 104x15
              RenderText {#text} at (332,75) size 104x15
                text run at (332,75) width 104: "elements"
          RenderText {#text} at (435,75) size 14x15
            text run at (435,75) width 14: " "
          RenderInline {TT} at (0,0) size 77x15
            RenderText {#text} at (448,75) size 77x15
              text run at (448,75) width 77: "within"
          RenderText {#text} at (524,75) size 1293x30
            text run at (524,75) width 769: " elements too. (with monospace font from Letter to elements)"
            text run at (1292,75) width 1: " "
            text run at (0,90) width 282: "Letter   spacing test "
          RenderInline {SPAN} at (0,0) size 244x15
            RenderInline {EM} at (0,0) size 40x15
              RenderText {#text} at (281,90) size 40x15
                text run at (281,90) width 40: "for"
            RenderText {#text} at (320,90) size 13x15
              text run at (320,90) width 13: " "
            RenderInline {STRONG} at (0,0) size 104x15
              RenderText {#text} at (332,90) size 104x15
                text run at (332,90) width 104: "elements"
            RenderText {#text} at (435,90) size 14x15
              text run at (435,90) width 14: " "
            RenderInline {TT} at (0,0) size 77x15
              RenderText {#text} at (448,90) size 77x15
                text run at (448,90) width 77: "within"
          RenderText {#text} at (524,90) size 1229x30
            text run at (524,90) width 705: " elements too. (with monospace font from for to within)"
            text run at (1228,90) width 1: " "
            text run at (0,105) width 282: "Letter   spacing test "
          RenderInline {EM} at (0,0) size 40x15
            RenderText {#text} at (281,105) size 40x15
              text run at (281,105) width 40: "for"
          RenderText {#text} at (320,105) size 13x15
            text run at (320,105) width 13: " "
          RenderInline {STRONG} at (0,0) size 104x15
            RenderText {#text} at (332,105) size 104x15
              text run at (332,105) width 104: "elements"
          RenderText {#text} at (435,105) size 14x15
            text run at (435,105) width 14: " "
          RenderInline {SPAN} at (0,0) size 244x15
            RenderInline {TT} at (0,0) size 77x15
              RenderText {#text} at (448,105) size 77x15
                text run at (448,105) width 77: "within"
            RenderText {#text} at (524,105) size 168x15
              text run at (524,105) width 168: " elements too"
          RenderText {#text} at (691,105) size 564x15
            text run at (691,105) width 564: ". (with monospace font from elements to too)"
            text run at (1254,105) width 1: " "
      RenderBlock (anonymous) at (0,805) size 769x195
        RenderBR {BR} at (1190,0) size 1x18
      RenderBlock {PRE} at (0,1014) size 769x153
        RenderBlock {H3} at (0,0) size 769x17
          RenderText {#text} at (0,0) size 281x17
            text run at (0,0) width 281: "In an un-floated pre"
        RenderBlock (anonymous) at (0,32) size 769x121
          RenderText {#text} at (0,0) size 282x30
            text run at (0,0) width 0: " "
            text run at (0,15) width 282: "Letter   spacing test "
          RenderInline {EM} at (0,0) size 40x15
            RenderText {#text} at (281,15) size 40x15
              text run at (281,15) width 40: "for"
          RenderText {#text} at (320,15) size 13x15
            text run at (320,15) width 13: " "
          RenderInline {STRONG} at (0,0) size 104x15
            RenderText {#text} at (332,15) size 104x15
              text run at (332,15) width 104: "elements"
          RenderText {#text} at (435,15) size 14x15
            text run at (435,15) width 14: " "
          RenderInline {TT} at (0,0) size 77x15
            RenderText {#text} at (448,15) size 77x15
              text run at (448,15) width 77: "within"
          RenderText {#text} at (524,15) size 705x30
            text run at (524,15) width 181: " elements too."
            text run at (704,15) width 1: " "
            text run at (0,30) width 282: "Letter   spacing test "
          RenderInline {EM} at (0,0) size 40x15
            RenderText {#text} at (281,30) size 40x15
              text run at (281,30) width 40: "for"
          RenderText {#text} at (320,30) size 13x15
            text run at (320,30) width 13: " "
          RenderInline {STRONG} at (0,0) size 104x15
            RenderText {#text} at (332,30) size 104x15
              text run at (332,30) width 104: "elements"
          RenderText {#text} at (435,30) size 14x15
            text run at (435,30) width 14: " "
          RenderInline {TT} at (0,0) size 77x15
            RenderText {#text} at (448,30) size 77x15
              text run at (448,30) width 77: "within"
          RenderText {#text} at (524,30) size 129x15
            text run at (524,30) width 129: " elements "
          RenderText {#text} at (652,30) size 1229x30
            text run at (652,30) width 577: " too. (with comment between elements and too)"
            text run at (1228,30) width 1: " "
            text run at (0,45) width 282: "Letter   spacing test "
          RenderInline {EM} at (0,0) size 40x15
            RenderText {#text} at (281,45) size 40x15
              text run at (281,45) width 40: "for"
          RenderText {#text} at (320,45) size 13x15
            text run at (320,45) width 13: " "
          RenderInline {STRONG} at (0,0) size 104x15
            RenderText {#text} at (332,45) size 104x15
              text run at (332,45) width 104: "elements"
          RenderText {#text} at (435,45) size 14x15
            text run at (435,45) width 14: " "
          RenderInline {TT} at (0,0) size 77x15
            RenderText {#text} at (448,45) size 77x15
              text run at (448,45) width 77: "within"
          RenderText {#text} at (524,45) size 117x15
            text run at (524,45) width 117: " elements"
          RenderText {#text} at (640,45) size 1498x30
            text run at (640,45) width 858: " too. (with comment (no preceeding space) between elements and too)"
            text run at (1497,45) width 1: " "
            text run at (0,60) width 282: "Letter   spacing test "
          RenderInline {EM} at (0,0) size 40x15
            RenderText {#text} at (281,60) size 40x15
              text run at (281,60) width 40: "for"
          RenderText {#text} at (320,60) size 13x15
            text run at (320,60) width 13: " "
          RenderInline {STRONG} at (0,0) size 104x15
            RenderText {#text} at (332,60) size 104x15
              text run at (332,60) width 104: "elements"
          RenderText {#text} at (435,60) size 14x15
            text run at (435,60) width 14: " "
          RenderInline {TT} at (0,0) size 77x15
            RenderText {#text} at (448,60) size 77x15
              text run at (448,60) width 77: "within"
          RenderText {#text} at (524,60) size 129x15
            text run at (524,60) width 129: " elements "
          RenderText {#text} at (652,60) size 821x15
            text run at (652,60) width 821: "too. (with comment (no trailing space) between elements and too)"
            text run at (1472,60) width 1: " "
          RenderInline {SPAN} at (0,0) size 436x15
            RenderText {#text} at (0,75) size 282x15
              text run at (0,75) width 282: "Letter   spacing test "
            RenderInline {EM} at (0,0) size 40x15
              RenderText {#text} at (281,75) size 40x15
                text run at (281,75) width 40: "for"
            RenderText {#text} at (320,75) size 13x15
              text run at (320,75) width 13: " "
            RenderInline {STRONG} at (0,0) size 104x15
              RenderText {#text} at (332,75) size 104x15
                text run at (332,75) width 104: "elements"
          RenderText {#text} at (435,75) size 14x15
            text run at (435,75) width 14: " "
          RenderInline {TT} at (0,0) size 77x15
            RenderText {#text} at (448,75) size 77x15
              text run at (448,75) width 77: "within"
          RenderText {#text} at (524,75) size 1293x30
            text run at (524,75) width 769: " elements too. (with monospace font from Letter to elements)"
            text run at (1292,75) width 1: " "
            text run at (0,90) width 282: "Letter   spacing test "
          RenderInline {SPAN} at (0,0) size 244x15
            RenderInline {EM} at (0,0) size 40x15
              RenderText {#text} at (281,90) size 40x15
                text run at (281,90) width 40: "for"
            RenderText {#text} at (320,90) size 13x15
              text run at (320,90) width 13: " "
            RenderInline {STRONG} at (0,0) size 104x15
              RenderText {#text} at (332,90) size 104x15
                text run at (332,90) width 104: "elements"
            RenderText {#text} at (435,90) size 14x15
              text run at (435,90) width 14: " "
            RenderInline {TT} at (0,0) size 77x15
              RenderText {#text} at (448,90) size 77x15
                text run at (448,90) width 77: "within"
          RenderText {#text} at (524,90) size 1229x30
            text run at (524,90) width 705: " elements too. (with monospace font from for to within)"
            text run at (1228,90) width 1: " "
            text run at (0,105) width 282: "Letter   spacing test "
          RenderInline {EM} at (0,0) size 40x15
            RenderText {#text} at (281,105) size 40x15
              text run at (281,105) width 40: "for"
          RenderText {#text} at (320,105) size 13x15
            text run at (320,105) width 13: " "
          RenderInline {STRONG} at (0,0) size 104x15
            RenderText {#text} at (332,105) size 104x15
              text run at (332,105) width 104: "elements"
          RenderText {#text} at (435,105) size 14x15
            text run at (435,105) width 14: " "
          RenderInline {SPAN} at (0,0) size 244x15
            RenderInline {TT} at (0,0) size 77x15
              RenderText {#text} at (448,105) size 77x15
                text run at (448,105) width 77: "within"
            RenderText {#text} at (524,105) size 168x15
              text run at (524,105) width 168: " elements too"
          RenderText {#text} at (691,105) size 564x15
            text run at (691,105) width 564: ". (with monospace font from elements to too)"
            text run at (1254,105) width 1: " "
      RenderBlock (anonymous) at (0,1179) size 769x19
        RenderBR {BR} at (0,0) size 0x18
        RenderInline {SPAN} at (0,0) size 0x0
          RenderText {#text} at (0,0) size 0x0
      RenderBlock (anonymous) at (0,1216) size 769x23
        RenderBlock {H3} at (0,0) size 769x22
          RenderText {#text} at (0,0) size 120x22
            text run at (0,0) width 120: "In a span"
      RenderBlock (anonymous) at (0,1257) size 769x271
        RenderInline {SPAN} at (0,0) size 723x234
          RenderText {#text} at (0,0) size 222x18
            text run at (0,0) width 78: "Letter "
            text run at (77,0) width 145: "spacing test "
          RenderInline {EM} at (0,0) size 34x18
            RenderText {#text} at (221,0) size 34x18
              text run at (221,0) width 34: "for"
          RenderText {#text} at (254,0) size 10x18
            text run at (254,0) width 10: " "
          RenderInline {STRONG} at (0,0) size 101x18
            RenderText {#text} at (263,0) size 101x18
              text run at (263,0) width 101: "elements"
          RenderText {#text} at (363,0) size 10x18
            text run at (363,0) width 10: " "
          RenderInline {TT} at (0,0) size 78x15
            RenderText {#text} at (372,2) size 78x15
              text run at (372,2) width 78: "within"
          RenderText {#text} at (449,0) size 160x18
            text run at (449,0) width 160: " elements too."
          RenderBR {BR} at (608,14) size 1x0
          RenderText {#text} at (0,18) size 222x18
            text run at (0,18) width 78: "Letter "
            text run at (77,18) width 145: "spacing test "
          RenderInline {EM} at (0,0) size 34x18
            RenderText {#text} at (221,18) size 34x18
              text run at (221,18) width 34: "for"
          RenderText {#text} at (254,18) size 10x18
            text run at (254,18) width 10: " "
          RenderInline {STRONG} at (0,0) size 101x18
            RenderText {#text} at (263,18) size 101x18
              text run at (263,18) width 101: "elements"
          RenderText {#text} at (363,18) size 10x18
            text run at (363,18) width 10: " "
          RenderInline {TT} at (0,0) size 78x15
            RenderText {#text} at (372,20) size 78x15
              text run at (372,20) width 78: "within"
          RenderText {#text} at (449,18) size 116x18
            text run at (449,18) width 116: " elements "
          RenderText {#text} at (564,18) size 677x36
            text run at (564,18) width 113: "too. (with"
            text run at (0,36) width 400: "comment between elements and too)"
          RenderBR {BR} at (399,50) size 1x0
          RenderText {#text} at (0,54) size 222x18
            text run at (0,54) width 78: "Letter "
            text run at (77,54) width 145: "spacing test "
          RenderInline {EM} at (0,0) size 34x18
            RenderText {#text} at (221,54) size 34x18
              text run at (221,54) width 34: "for"
          RenderText {#text} at (254,54) size 10x18
            text run at (254,54) width 10: " "
          RenderInline {STRONG} at (0,0) size 101x18
            RenderText {#text} at (263,54) size 101x18
              text run at (263,54) width 101: "elements"
          RenderText {#text} at (363,54) size 10x18
            text run at (363,54) width 10: " "
          RenderInline {TT} at (0,0) size 78x15
            RenderText {#text} at (372,56) size 78x15
              text run at (372,56) width 78: "within"
          RenderText {#text} at (449,54) size 107x18
            text run at (449,54) width 107: " elements"
          RenderText {#text} at (555,54) size 677x36
            text run at (555,54) width 122: " too. (with"
            text run at (0,72) width 654: "comment (no preceeding space) between elements and too)"
          RenderBR {BR} at (653,86) size 1x0
          RenderText {#text} at (0,90) size 222x18
            text run at (0,90) width 78: "Letter "
            text run at (77,90) width 145: "spacing test "
          RenderInline {EM} at (0,0) size 34x18
            RenderText {#text} at (221,90) size 34x18
              text run at (221,90) width 34: "for"
          RenderText {#text} at (254,90) size 10x18
            text run at (254,90) width 10: " "
          RenderInline {STRONG} at (0,0) size 101x18
            RenderText {#text} at (263,90) size 101x18
              text run at (263,90) width 101: "elements"
          RenderText {#text} at (363,90) size 10x18
            text run at (363,90) width 10: " "
          RenderInline {TT} at (0,0) size 78x15
            RenderText {#text} at (372,92) size 78x15
              text run at (372,92) width 78: "within"
          RenderText {#text} at (449,90) size 116x18
            text run at (449,90) width 116: " elements "
          RenderText {#text} at (564,90) size 677x36
            text run at (564,90) width 113: "too. (with"
            text run at (0,108) width 620: "comment (no trailing space) between elements and too)"
          RenderBR {BR} at (619,122) size 1x0
          RenderInline {SPAN} at (0,0) size 410x15
            RenderText {#text} at (0,128) size 257x15
              text run at (0,128) width 90: "Letter "
              text run at (89,128) width 168: "spacing test "
            RenderInline {EM} at (0,0) size 39x15
              RenderText {#text} at (256,128) size 39x15
                text run at (256,128) width 39: "for"
            RenderText {#text} at (294,128) size 14x15
              text run at (294,128) width 14: " "
            RenderInline {STRONG} at (0,0) size 103x15
              RenderText {#text} at (307,128) size 103x15
                text run at (307,128) width 103: "elements"
          RenderText {#text} at (409,126) size 10x18
            text run at (409,126) width 10: " "
          RenderInline {TT} at (0,0) size 78x15
            RenderText {#text} at (418,128) size 78x15
              text run at (418,128) width 78: "within"
          RenderText {#text} at (495,126) size 723x36
            text run at (495,126) width 228: " elements too. (with"
            text run at (0,144) width 457: "monospace font from Letter to elements)"
          RenderBR {BR} at (456,158) size 1x0
          RenderText {#text} at (0,162) size 222x18
            text run at (0,162) width 78: "Letter "
            text run at (77,162) width 145: "spacing test "
          RenderInline {SPAN} at (0,0) size 244x15
            RenderInline {EM} at (0,0) size 39x15
              RenderText {#text} at (221,164) size 39x15
                text run at (221,164) width 39: "for"
            RenderText {#text} at (259,164) size 14x15
              text run at (259,164) width 14: " "
            RenderInline {STRONG} at (0,0) size 103x15
              RenderText {#text} at (272,164) size 103x15
                text run at (272,164) width 103: "elements"
            RenderText {#text} at (374,164) size 14x15
              text run at (374,164) width 14: " "
            RenderInline {TT} at (0,0) size 78x15
              RenderText {#text} at (387,164) size 78x15
                text run at (387,164) width 78: "within"
          RenderText {#text} at (464,162) size 692x36
            text run at (464,162) width 228: " elements too. (with"
            text run at (0,180) width 397: "monospace font from for to within)"
          RenderBR {BR} at (396,194) size 1x0
          RenderText {#text} at (0,198) size 222x18
            text run at (0,198) width 78: "Letter "
            text run at (77,198) width 145: "spacing test "
          RenderInline {EM} at (0,0) size 34x18
            RenderText {#text} at (221,198) size 34x18
              text run at (221,198) width 34: "for"
          RenderText {#text} at (254,198) size 10x18
            text run at (254,198) width 10: " "
          RenderInline {STRONG} at (0,0) size 101x18
            RenderText {#text} at (263,198) size 101x18
              text run at (263,198) width 101: "elements"
          RenderText {#text} at (363,198) size 10x18
            text run at (363,198) width 10: " "
          RenderInline {SPAN} at (0,0) size 244x15
            RenderInline {TT} at (0,0) size 78x15
              RenderText {#text} at (372,200) size 78x15
                text run at (372,200) width 78: "within"
            RenderText {#text} at (449,200) size 167x15
              text run at (449,200) width 167: " elements too"
          RenderText {#text} at (615,198) size 693x36
            text run at (615,198) width 78: ". (with"
            text run at (0,216) width 433: "monospace font from elements to too) "
        RenderText {#text} at (0,0) size 0x0
        RenderBR {BR} at (0,0) size 0x0
        RenderBR {BR} at (0,234) size 0x18
        RenderBR {BR} at (0,252) size 0x18
      RenderBlock {H2} at (0,1547) size 769x29
        RenderText {#text} at (0,0) size 133x28
          text run at (0,0) width 133: "both-spacing"
      RenderBlock (floating) {PRE} at (0,1608) size 1451x168
        RenderBlock {H3} at (0,15) size 1451x18
          RenderText {#text} at (0,0) size 225x17
            text run at (0,0) width 225: "In a floated pre"
        RenderBlock (anonymous) at (0,47) size 1451x121
          RenderText {#text} at (0,0) size 537x30
            text run at (0,0) width 0: " "
            text run at (0,15) width 537: "Word and letter   spacing test "
          RenderInline {EM} at (0,0) size 40x15
            RenderText {#text} at (536,15) size 40x15
              text run at (536,15) width 40: "for"
          RenderText {#text} at (595,15) size 14x15
            text run at (595,15) width 14: " "
          RenderInline {STRONG} at (0,0) size 103x15
            RenderText {#text} at (608,15) size 103x15
              text run at (608,15) width 103: "elements"
          RenderText {#text} at (730,15) size 14x15
            text run at (730,15) width 14: " "
          RenderInline {TT} at (0,0) size 78x15
            RenderText {#text} at (743,15) size 78x15
              text run at (743,15) width 78: "within"
          RenderText {#text} at (840,15) size 1060x30
            text run at (840,15) width 200: " elements too."
            text run at (1059,15) width 1: " "
            text run at (0,30) width 537: "Word and letter   spacing test "
          RenderInline {EM} at (0,0) size 40x15
            RenderText {#text} at (536,30) size 40x15
              text run at (536,30) width 40: "for"
          RenderText {#text} at (595,30) size 14x15
            text run at (595,30) width 14: " "
          RenderInline {STRONG} at (0,0) size 103x15
            RenderText {#text} at (608,30) size 103x15
              text run at (608,30) width 103: "elements"
          RenderText {#text} at (730,30) size 14x15
            text run at (730,30) width 14: " "
          RenderInline {TT} at (0,0) size 78x15
            RenderText {#text} at (743,30) size 78x15
              text run at (743,30) width 78: "within"
          RenderText {#text} at (840,30) size 149x15
            text run at (840,30) width 149: " elements "
          RenderText {#text} at (988,30) size 1705x30
            text run at (988,30) width 697: " too. (with comment between elements and too)"
            text run at (1704,30) width 1: " "
            text run at (0,45) width 537: "Word and letter   spacing test "
          RenderInline {EM} at (0,0) size 40x15
            RenderText {#text} at (536,45) size 40x15
              text run at (536,45) width 40: "for"
          RenderText {#text} at (595,45) size 14x15
            text run at (595,45) width 14: " "
          RenderInline {STRONG} at (0,0) size 103x15
            RenderText {#text} at (608,45) size 103x15
              text run at (608,45) width 103: "elements"
          RenderText {#text} at (730,45) size 14x15
            text run at (730,45) width 14: " "
          RenderInline {TT} at (0,0) size 78x15
            RenderText {#text} at (743,45) size 78x15
              text run at (743,45) width 78: "within"
          RenderText {#text} at (840,45) size 116x15
            text run at (840,45) width 116: " elements"
          RenderText {#text} at (975,45) size 2033x30
            text run at (975,45) width 1038: " too. (with comment (no preceeding space) between elements and too)"
            text run at (2032,45) width 1: " "
            text run at (0,60) width 537: "Word and letter   spacing test "
          RenderInline {EM} at (0,0) size 40x15
            RenderText {#text} at (536,60) size 40x15
              text run at (536,60) width 40: "for"
          RenderText {#text} at (595,60) size 14x15
            text run at (595,60) width 14: " "
          RenderInline {STRONG} at (0,0) size 103x15
            RenderText {#text} at (608,60) size 103x15
              text run at (608,60) width 103: "elements"
          RenderText {#text} at (730,60) size 14x15
            text run at (730,60) width 14: " "
          RenderInline {TT} at (0,0) size 78x15
            RenderText {#text} at (743,60) size 78x15
              text run at (743,60) width 78: "within"
          RenderText {#text} at (840,60) size 149x15
            text run at (840,60) width 149: " elements "
          RenderText {#text} at (988,60) size 1020x15
            text run at (988,60) width 1000: "too. (with comment (no trailing space) between elements and too)"
            text run at (2007,60) width 1: " "
          RenderInline {SPAN} at (0,0) size 711x15
            RenderText {#text} at (0,75) size 537x15
              text run at (0,75) width 537: "Word and letter   spacing test "
            RenderInline {EM} at (0,0) size 40x15
              RenderText {#text} at (536,75) size 40x15
                text run at (536,75) width 40: "for"
            RenderText {#text} at (595,75) size 14x15
              text run at (595,75) width 14: " "
            RenderInline {STRONG} at (0,0) size 103x15
              RenderText {#text} at (608,75) size 103x15
                text run at (608,75) width 103: "elements"
          RenderText {#text} at (730,75) size 14x15
            text run at (730,75) width 14: " "
          RenderInline {TT} at (0,0) size 78x15
            RenderText {#text} at (743,75) size 78x15
              text run at (743,75) width 78: "within"
          RenderText {#text} at (840,75) size 1763x30
            text run at (840,75) width 903: " elements too. (with monospace font from Word to elements)"
            text run at (1762,75) width 1: " "
            text run at (0,90) width 537: "Word and letter   spacing test "
          RenderInline {SPAN} at (0,0) size 285x15
            RenderInline {EM} at (0,0) size 40x15
              RenderText {#text} at (536,90) size 40x15
                text run at (536,90) width 40: "for"
            RenderText {#text} at (595,90) size 14x15
              text run at (595,90) width 14: " "
            RenderInline {STRONG} at (0,0) size 103x15
              RenderText {#text} at (608,90) size 103x15
                text run at (608,90) width 103: "elements"
            RenderText {#text} at (730,90) size 14x15
              text run at (730,90) width 14: " "
            RenderInline {TT} at (0,0) size 78x15
              RenderText {#text} at (743,90) size 78x15
                text run at (743,90) width 78: "within"
          RenderText {#text} at (840,90) size 1725x30
            text run at (840,90) width 865: " elements too. (with monospace font from for to within)"
            text run at (1724,90) width 1: " "
            text run at (0,105) width 537: "Word and letter   spacing test "
          RenderInline {EM} at (0,0) size 40x15
            RenderText {#text} at (536,105) size 40x15
              text run at (536,105) width 40: "for"
          RenderText {#text} at (595,105) size 14x15
            text run at (595,105) width 14: " "
          RenderInline {STRONG} at (0,0) size 103x15
            RenderText {#text} at (608,105) size 103x15
              text run at (608,105) width 103: "elements"
          RenderText {#text} at (730,105) size 14x15
            text run at (730,105) width 14: " "
          RenderInline {SPAN} at (0,0) size 284x15
            RenderInline {TT} at (0,0) size 78x15
              RenderText {#text} at (743,105) size 78x15
                text run at (743,105) width 78: "within"
            RenderText {#text} at (840,105) size 187x15
              text run at (840,105) width 187: " elements too"
          RenderText {#text} at (1026,105) size 724x15
            text run at (1026,105) width 704: ". (with monospace font from elements to too)"
            text run at (1749,105) width 1: " "
      RenderBlock (anonymous) at (0,1595) size 769x194
        RenderBR {BR} at (1450,0) size 1x18
      RenderBlock {PRE} at (0,1803) size 769x153
        RenderBlock {H3} at (0,0) size 769x17
          RenderText {#text} at (0,0) size 281x17
            text run at (0,0) width 281: "In an un-floated pre"
        RenderBlock (anonymous) at (0,32) size 769x121
          RenderText {#text} at (0,0) size 537x30
            text run at (0,0) width 0: " "
            text run at (0,15) width 537: "Word and letter   spacing test "
          RenderInline {EM} at (0,0) size 40x15
            RenderText {#text} at (536,15) size 40x15
              text run at (536,15) width 40: "for"
          RenderText {#text} at (595,15) size 14x15
            text run at (595,15) width 14: " "
          RenderInline {STRONG} at (0,0) size 103x15
            RenderText {#text} at (608,15) size 103x15
              text run at (608,15) width 103: "elements"
          RenderText {#text} at (730,15) size 14x15
            text run at (730,15) width 14: " "
          RenderInline {TT} at (0,0) size 78x15
            RenderText {#text} at (743,15) size 78x15
              text run at (743,15) width 78: "within"
          RenderText {#text} at (840,15) size 1060x30
            text run at (840,15) width 200: " elements too."
            text run at (1059,15) width 1: " "
            text run at (0,30) width 537: "Word and letter   spacing test "
          RenderInline {EM} at (0,0) size 40x15
            RenderText {#text} at (536,30) size 40x15
              text run at (536,30) width 40: "for"
          RenderText {#text} at (595,30) size 14x15
            text run at (595,30) width 14: " "
          RenderInline {STRONG} at (0,0) size 103x15
            RenderText {#text} at (608,30) size 103x15
              text run at (608,30) width 103: "elements"
          RenderText {#text} at (730,30) size 14x15
            text run at (730,30) width 14: " "
          RenderInline {TT} at (0,0) size 78x15
            RenderText {#text} at (743,30) size 78x15
              text run at (743,30) width 78: "within"
          RenderText {#text} at (840,30) size 149x15
            text run at (840,30) width 149: " elements "
          RenderText {#text} at (988,30) size 1705x30
            text run at (988,30) width 697: " too. (with comment between elements and too)"
            text run at (1704,30) width 1: " "
            text run at (0,45) width 537: "Word and letter   spacing test "
          RenderInline {EM} at (0,0) size 40x15
            RenderText {#text} at (536,45) size 40x15
              text run at (536,45) width 40: "for"
          RenderText {#text} at (595,45) size 14x15
            text run at (595,45) width 14: " "
          RenderInline {STRONG} at (0,0) size 103x15
            RenderText {#text} at (608,45) size 103x15
              text run at (608,45) width 103: "elements"
          RenderText {#text} at (730,45) size 14x15
            text run at (730,45) width 14: " "
          RenderInline {TT} at (0,0) size 78x15
            RenderText {#text} at (743,45) size 78x15
              text run at (743,45) width 78: "within"
          RenderText {#text} at (840,45) size 116x15
            text run at (840,45) width 116: " elements"
          RenderText {#text} at (975,45) size 2033x30
            text run at (975,45) width 1038: " too. (with comment (no preceeding space) between elements and too)"
            text run at (2032,45) width 1: " "
            text run at (0,60) width 537: "Word and letter   spacing test "
          RenderInline {EM} at (0,0) size 40x15
            RenderText {#text} at (536,60) size 40x15
              text run at (536,60) width 40: "for"
          RenderText {#text} at (595,60) size 14x15
            text run at (595,60) width 14: " "
          RenderInline {STRONG} at (0,0) size 103x15
            RenderText {#text} at (608,60) size 103x15
              text run at (608,60) width 103: "elements"
          RenderText {#text} at (730,60) size 14x15
            text run at (730,60) width 14: " "
          RenderInline {TT} at (0,0) size 78x15
            RenderText {#text} at (743,60) size 78x15
              text run at (743,60) width 78: "within"
          RenderText {#text} at (840,60) size 149x15
            text run at (840,60) width 149: " elements "
          RenderText {#text} at (988,60) size 1020x15
            text run at (988,60) width 1000: "too. (with comment (no trailing space) between elements and too)"
            text run at (2007,60) width 1: " "
          RenderInline {SPAN} at (0,0) size 711x15
            RenderText {#text} at (0,75) size 537x15
              text run at (0,75) width 537: "Word and letter   spacing test "
            RenderInline {EM} at (0,0) size 40x15
              RenderText {#text} at (536,75) size 40x15
                text run at (536,75) width 40: "for"
            RenderText {#text} at (595,75) size 14x15
              text run at (595,75) width 14: " "
            RenderInline {STRONG} at (0,0) size 103x15
              RenderText {#text} at (608,75) size 103x15
                text run at (608,75) width 103: "elements"
          RenderText {#text} at (730,75) size 14x15
            text run at (730,75) width 14: " "
          RenderInline {TT} at (0,0) size 78x15
            RenderText {#text} at (743,75) size 78x15
              text run at (743,75) width 78: "within"
          RenderText {#text} at (840,75) size 1763x30
            text run at (840,75) width 903: " elements too. (with monospace font from Word to elements)"
            text run at (1762,75) width 1: " "
            text run at (0,90) width 537: "Word and letter   spacing test "
          RenderInline {SPAN} at (0,0) size 285x15
            RenderInline {EM} at (0,0) size 40x15
              RenderText {#text} at (536,90) size 40x15
                text run at (536,90) width 40: "for"
            RenderText {#text} at (595,90) size 14x15
              text run at (595,90) width 14: " "
            RenderInline {STRONG} at (0,0) size 103x15
              RenderText {#text} at (608,90) size 103x15
                text run at (608,90) width 103: "elements"
            RenderText {#text} at (730,90) size 14x15
              text run at (730,90) width 14: " "
            RenderInline {TT} at (0,0) size 78x15
              RenderText {#text} at (743,90) size 78x15
                text run at (743,90) width 78: "within"
          RenderText {#text} at (840,90) size 1725x30
            text run at (840,90) width 865: " elements too. (with monospace font from for to within)"
            text run at (1724,90) width 1: " "
            text run at (0,105) width 537: "Word and letter   spacing test "
          RenderInline {EM} at (0,0) size 40x15
            RenderText {#text} at (536,105) size 40x15
              text run at (536,105) width 40: "for"
          RenderText {#text} at (595,105) size 14x15
            text run at (595,105) width 14: " "
          RenderInline {STRONG} at (0,0) size 103x15
            RenderText {#text} at (608,105) size 103x15
              text run at (608,105) width 103: "elements"
          RenderText {#text} at (730,105) size 14x15
            text run at (730,105) width 14: " "
          RenderInline {SPAN} at (0,0) size 284x15
            RenderInline {TT} at (0,0) size 78x15
              RenderText {#text} at (743,105) size 78x15
                text run at (743,105) width 78: "within"
            RenderText {#text} at (840,105) size 187x15
              text run at (840,105) width 187: " elements too"
          RenderText {#text} at (1026,105) size 724x15
            text run at (1026,105) width 704: ". (with monospace font from elements to too)"
            text run at (1749,105) width 1: " "
      RenderBlock (anonymous) at (0,1968) size 769x19
        RenderBR {BR} at (0,0) size 0x18
        RenderInline {SPAN} at (0,0) size 0x0
          RenderText {#text} at (0,0) size 0x0
      RenderBlock (anonymous) at (0,2005) size 769x23
        RenderBlock {H3} at (0,0) size 769x22
          RenderText {#text} at (0,0) size 160x22
            text run at (0,0) width 160: "In a span"
      RenderBlock (anonymous) at (0,2046) size 769x343
        RenderInline {SPAN} at (0,0) size 822x342
          RenderText {#text} at (0,0) size 428x18
            text run at (0,0) width 244: "Word and letter "
            text run at (243,0) width 185: "spacing test "
          RenderInline {EM} at (0,0) size 34x18
            RenderText {#text} at (427,0) size 34x18
              text run at (427,0) width 34: "for"
          RenderText {#text} at (480,0) size 10x18
            text run at (480,0) width 10: " "
          RenderInline {STRONG} at (0,0) size 101x18
            RenderText {#text} at (489,0) size 101x18
              text run at (489,0) width 101: "elements"
          RenderText {#text} at (609,0) size 10x18
            text run at (609,0) width 10: " "
          RenderInline {TT} at (0,0) size 78x15
            RenderText {#text} at (618,2) size 78x15
              text run at (618,2) width 78: "within"
          RenderText {#text} at (715,0) size 822x36
            text run at (715,0) width 107: " elements"
            text run at (0,18) width 45: "too."
          RenderBR {BR} at (44,32) size 1x0
          RenderText {#text} at (0,36) size 428x18
            text run at (0,36) width 244: "Word and letter "
            text run at (243,36) width 185: "spacing test "
          RenderInline {EM} at (0,0) size 34x18
            RenderText {#text} at (427,36) size 34x18
              text run at (427,36) width 34: "for"
          RenderText {#text} at (480,36) size 10x18
            text run at (480,36) width 10: " "
          RenderInline {STRONG} at (0,0) size 101x18
            RenderText {#text} at (489,36) size 101x18
              text run at (489,36) width 101: "elements"
          RenderText {#text} at (609,36) size 10x18
            text run at (609,36) width 10: " "
          RenderInline {TT} at (0,0) size 78x15
            RenderText {#text} at (618,38) size 78x15
              text run at (618,38) width 78: "within"
          RenderText {#text} at (715,36) size 107x18
            text run at (715,36) width 107: " elements"
          RenderText {#text} at (0,54) size 641x18
            text run at (0,54) width 641: "too. (with comment between elements and too)"
          RenderBR {BR} at (640,68) size 1x0
          RenderText {#text} at (0,72) size 428x18
            text run at (0,72) width 244: "Word and letter "
            text run at (243,72) width 185: "spacing test "
          RenderInline {EM} at (0,0) size 34x18
            RenderText {#text} at (427,72) size 34x18
              text run at (427,72) width 34: "for"
          RenderText {#text} at (480,72) size 10x18
            text run at (480,72) width 10: " "
          RenderInline {STRONG} at (0,0) size 101x18
            RenderText {#text} at (489,72) size 101x18
              text run at (489,72) width 101: "elements"
          RenderText {#text} at (609,72) size 10x18
            text run at (609,72) width 10: " "
          RenderInline {TT} at (0,0) size 78x15
            RenderText {#text} at (618,74) size 78x15
              text run at (618,74) width 78: "within"
          RenderText {#text} at (715,72) size 107x18
            text run at (715,72) width 107: " elements"
          RenderText {#text} at (0,90) size 688x36
            text run at (0,90) width 688: "too. (with comment (no preceeding space) between"
            text run at (0,108) width 239: "elements and too)"
          RenderBR {BR} at (238,122) size 1x0
          RenderText {#text} at (0,126) size 428x18
            text run at (0,126) width 244: "Word and letter "
            text run at (243,126) width 185: "spacing test "
          RenderInline {EM} at (0,0) size 34x18
            RenderText {#text} at (427,126) size 34x18
              text run at (427,126) width 34: "for"
          RenderText {#text} at (480,126) size 10x18
            text run at (480,126) width 10: " "
          RenderInline {STRONG} at (0,0) size 101x18
            RenderText {#text} at (489,126) size 101x18
              text run at (489,126) width 101: "elements"
          RenderText {#text} at (609,126) size 10x18
            text run at (609,126) width 10: " "
          RenderInline {TT} at (0,0) size 78x15
            RenderText {#text} at (618,128) size 78x15
              text run at (618,128) width 78: "within"
          RenderText {#text} at (715,126) size 107x18
            text run at (715,126) width 107: " elements"
          RenderText {#text} at (0,144) size 654x36
            text run at (0,144) width 654: "too. (with comment (no trailing space) between"
            text run at (0,162) width 239: "elements and too)"
          RenderBR {BR} at (238,176) size 1x0
          RenderInline {SPAN} at (0,0) size 645x15
            RenderText {#text} at (0,182) size 472x15
              text run at (0,182) width 265: "Word and letter "
              text run at (264,182) width 208: "spacing test "
            RenderInline {EM} at (0,0) size 39x15
              RenderText {#text} at (471,182) size 39x15
                text run at (471,182) width 39: "for"
            RenderText {#text} at (529,182) size 14x15
              text run at (529,182) width 14: " "
            RenderInline {STRONG} at (0,0) size 103x15
              RenderText {#text} at (542,182) size 103x15
                text run at (542,182) width 103: "elements"
          RenderText {#text} at (664,180) size 10x18
            text run at (664,180) width 10: " "
          RenderInline {TT} at (0,0) size 78x15
            RenderText {#text} at (673,182) size 78x15
              text run at (673,182) width 78: "within"
          RenderText {#text} at (0,198) size 695x36
            text run at (0,198) width 695: "elements too. (with monospace font from Word to"
            text run at (0,216) width 108: "elements)"
          RenderBR {BR} at (107,230) size 1x0
          RenderText {#text} at (0,234) size 428x18
            text run at (0,234) width 244: "Word and letter "
            text run at (243,234) width 185: "spacing test "
          RenderInline {SPAN} at (0,0) size 284x15
            RenderInline {EM} at (0,0) size 39x15
              RenderText {#text} at (427,236) size 39x15
                text run at (427,236) width 39: "for"
            RenderText {#text} at (485,236) size 14x15
              text run at (485,236) width 14: " "
            RenderInline {STRONG} at (0,0) size 103x15
              RenderText {#text} at (498,236) size 103x15
                text run at (498,236) width 103: "elements"
            RenderText {#text} at (620,236) size 14x15
              text run at (620,236) width 14: " "
            RenderInline {TT} at (0,0) size 78x15
              RenderText {#text} at (633,236) size 78x15
                text run at (633,236) width 78: "within"
          RenderText {#text} at (0,252) size 674x36
            text run at (0,252) width 674: "elements too. (with monospace font from for to"
            text run at (0,270) width 82: "within)"
          RenderBR {BR} at (81,284) size 1x0
          RenderText {#text} at (0,288) size 428x18
            text run at (0,288) width 244: "Word and letter "
            text run at (243,288) width 185: "spacing test "
          RenderInline {EM} at (0,0) size 34x18
            RenderText {#text} at (427,288) size 34x18
              text run at (427,288) width 34: "for"
          RenderText {#text} at (480,288) size 10x18
            text run at (480,288) width 10: " "
          RenderInline {STRONG} at (0,0) size 101x18
            RenderText {#text} at (489,288) size 101x18
              text run at (489,288) width 101: "elements"
          RenderText {#text} at (609,288) size 10x18
            text run at (609,288) width 10: " "
          RenderInline {SPAN} at (0,0) size 696x33
            RenderInline {TT} at (0,0) size 78x15
              RenderText {#text} at (618,290) size 78x15
                text run at (618,290) width 78: "within"
            RenderText {#text} at (0,308) size 174x15
              text run at (0,308) width 174: "elements too"
          RenderText {#text} at (173,306) size 749x36
            text run at (173,306) width 576: ". (with monospace font from elements to"
            text run at (0,324) width 46: "too)"
        RenderText {#text} at (0,0) size 0x0
