layer at (0,0) size 785x1425
  RenderView at (0,0) size 785x600
layer at (8,8) size 769x1417
  RenderBlock {HTML} at (8,8) size 769x1417 [bgcolor=#008000] [border: (16px solid #00FF00)]
    RenderTable at (16,16) size 737x1385
      RenderTableSection (anonymous) at (0,0) size 737x1385
        RenderTableRow (anonymous) at (0,0) size 737x1385
          RenderTableCell {HEAD} at (0,0) size 234x490 [color=#FFFFFF] [bgcolor=#FF0000] [border: (5px solid #FFFFFF)] [r=0 c=0 rs=1 cs=1]
            RenderBlock {META} at (21,37) size 192x2 [border: (1px dotted #FFFFFF)]
            RenderBlock {META} at (21,55) size 192x2 [border: (1px dotted #FFFFFF)]
            RenderBlock {META} at (21,73) size 192x2 [border: (1px dotted #FFFFFF)]
            RenderBlock {META} at (21,91) size 192x2 [border: (1px dotted #FFFFFF)]
            RenderBlock {TITLE} at (21,109) size 192x56 [border: (1px dotted #FFFFFF)]
              RenderText {#text} at (1,1) size 188x54
                text run at (1,1) width 188: "Evil Tests: Rendering BODY"
                text run at (1,19) width 163: "and HEAD as children of"
                text run at (1,37) width 67: "HTML - 2"
            RenderBlock {STYLE} at (21,181) size 192x272 [border: (1px dotted #FFFFFF)]
              RenderText {#text} at (1,1) size 190x270
                text run at (1,1) width 83: "/* Layout */ "
                text run at (83,1) width 57: "HTML {"
                text run at (1,19) width 177: "display: block; border: 1em"
                text run at (1,37) width 166: "lime solid; margin: 8px; }"
                text run at (1,55) width 164: "HEAD, BODY { display:"
                text run at (1,73) width 190: "table-cell; border: solid thick;"
                text run at (1,91) width 182: "padding: 1em; margin: 1em;"
                text run at (1,109) width 12: "} "
                text run at (12,109) width 160: "HEAD > *, BODY > * {"
                text run at (1,127) width 174: "display: block; border: thin"
                text run at (1,145) width 162: "dotted; margin: 1em 0; } "
                text run at (162,145) width 14: "/*"
                text run at (1,163) width 92: "Formatting */ "
                text run at (92,163) width 99: "HTML { color:"
                text run at (1,181) width 179: "black; background: green; }"
                text run at (1,199) width 142: "HEAD { color: white;"
                text run at (1,217) width 125: "background: red; } "
                text run at (125,217) width 57: "BODY {"
                text run at (1,235) width 174: "color: yellow; background:"
                text run at (1,253) width 40: "teal; }"
          RenderTableCell {BODY} at (234,41) size 503x1344 [color=#FFFF00] [bgcolor=#008080] [border: (5px solid #FFFF00)] [r=0 c=1 rs=1 cs=1]
            RenderBlock {H1} at (21,53) size 461x76 [border: (1px dotted #FFFF00)]
              RenderText {#text} at (1,1) size 152x37
                text run at (1,1) width 152: "Rendering "
              RenderInline {CODE} at (0,0) size 63x30
                RenderText {#text} at (153,6) size 63x30
                  text run at (153,6) width 63: "BODY"
              RenderText {#text} at (215,1) size 69x37
                text run at (215,1) width 69: " and "
              RenderInline {CODE} at (0,0) size 63x30
                RenderText {#text} at (283,6) size 63x30
                  text run at (283,6) width 63: "HEAD"
              RenderText {#text} at (345,1) size 381x74
                text run at (345,1) width 37: " as"
                text run at (1,38) width 156: "children of "
              RenderInline {CODE} at (0,0) size 64x30
                RenderText {#text} at (156,43) size 64x30
                  text run at (156,43) width 64: "HTML"
              RenderText {#text} at (219,38) size 43x37
                text run at (219,38) width 43: " - 2"
            RenderBlock {P} at (21,161) size 461x38 [border: (1px dotted #FFFF00)]
              RenderText {#text} at (1,1) size 393x18
                text run at (1,1) width 393: "If you have any comments to make regarding this test, e-mail"
              RenderInline {A} at (0,0) size 186x18 [color=#0000EE]
                RenderText {#text} at (1,19) size 186x18
                  text run at (1,19) width 186: "py8ieh=eviltests@bath.ac.uk"
              RenderText {#text} at (186,19) size 5x18
                text run at (186,19) width 5: "."
            RenderBlock {DL} at (21,215) size 461x92 [border: (1px dotted #FFFF00)]
              RenderBlock {DT} at (1,1) size 459x18
                RenderText {#text} at (0,0) size 83x18
                  text run at (0,0) width 83: "Prerequisites"
              RenderBlock {DD} at (41,19) size 419x72
                RenderText {#text} at (0,0) size 392x54
                  text run at (0,0) width 392: "Browsers that are subjected to this test should support the the"
                  text run at (0,18) width 388: "background, padding, margin, border and color properties of"
                  text run at (0,36) width 160: "CSS, and in addition the "
                RenderInline {CODE} at (0,0) size 63x15
                  RenderText {#text} at (160,38) size 63x15
                    text run at (160,38) width 63: "overflow"
                RenderText {#text} at (222,36) size 400x36
                  text run at (222,36) width 178: " property and fixed position"
                  text run at (0,54) width 109: "stuff from CSS2."
            RenderBlock {H2} at (21,331) size 461x58 [border: (1px dotted #FFFF00)]
              RenderText {#text} at (1,1) size 439x56
                text run at (1,1) width 439: "1. Making the BODY and the HEAD into a"
                text run at (1,29) width 51: "table"
            RenderBlock {P} at (21,413) size 461x20 [border: (1px dotted #FFFF00)]
              RenderText {#text} at (1,1) size 264x18
                text run at (1,1) width 264: "This is really evil, but completely valid..."
            RenderBlock {P} at (21,449) size 461x110 [border: (1px dotted #FFFF00)]
              RenderText {#text} at (1,1) size 452x108
                text run at (1,1) width 450: "This document should have two cells, side by side: one on the left, the"
                text run at (1,19) width 452: "other on the right. The one on the left should be red with white writing"
                text run at (1,37) width 444: "and a thick white border. It should contain four dotted lines separated"
                text run at (1,55) width 419: "by a blank line, followed by a dotted bordered box containing the"
                text run at (1,73) width 403: "document title, and another dotted bordered box containing the"
                text run at (1,91) width 191: "stylesheet, also shown below:"
            RenderBlock {PRE} at (21,575) size 461x17 [border: (1px dotted #FFFF00)]
              RenderText {#text} at (1,1) size 40x15
                text run at (1,1) width 40: "  ..."
            RenderBlock {P} at (21,608) size 461x38 [border: (1px dotted #FFFF00)]
              RenderText {#text} at (1,1) size 419x36
                text run at (1,1) width 419: "The dotted borders and lines and the text in the left cell should be"
                text run at (1,19) width 40: "white."
            RenderBlock {P} at (21,662) size 461x38 [border: (1px dotted #FFFF00)]
              RenderText {#text} at (1,1) size 447x36
                text run at (1,1) width 447: "The right cell should be teal, with yellow text. This paragraph you are"
                text run at (1,19) width 255: "reading now should be in this right cell."
            RenderBlock {P} at (21,716) size 461x20 [border: (1px dotted #FFFF00)]
              RenderText {#text} at (1,1) size 454x18
                text run at (1,1) width 454: "The width of the two cells is left up to the user agent to decide, I think."
            RenderBlock {P} at (21,752) size 461x74 [border: (1px dotted #FFFF00)]
              RenderText {#text} at (1,1) size 443x72
                text run at (1,1) width 443: "The right cell should look similar to the left cell in formatting -- each"
                text run at (1,19) width 442: "box of text should have a yellow dotted border, and there should be a"
                text run at (1,37) width 420: "blank line between each such box. No box should be nested -- the"
                text run at (1,55) width 356: "dotted boxes should always be distinct from each other."
            RenderBlock {P} at (21,842) size 461x38 [border: (1px dotted #FFFF00)]
              RenderText {#text} at (1,1) size 417x36
                text run at (1,1) width 417: "The cells should be the same height, and they should have grown"
                text run at (1,19) width 229: "vertically to accommodate this text."
            RenderBlock {P} at (21,896) size 461x56 [border: (1px dotted #FFFF00)]
              RenderText {#text} at (1,1) size 437x54
                text run at (1,1) width 436: "Around the whole setup should be two borders, dark green and light"
                text run at (1,19) width 437: "green. The cells should be separated from each other and from these"
                text run at (1,37) width 230: "outer borders by 1em of dark green."
            RenderBlock {P} at (21,968) size 461x38 [border: (1px dotted #FFFF00)]
              RenderText {#text} at (1,1) size 446x36
                text run at (1,1) width 446: "There should also be some alternate stylesheets set up to allow you to"
                text run at (1,19) width 388: "display the <META> content. This may help with diagnosis."
            RenderBlock {H2} at (21,1030) size 461x30 [border: (1px dotted #FFFF00)]
              RenderText {#text} at (1,1) size 156x28
                text run at (1,1) width 156: "Submit Results"
            RenderBlock {FORM} at (21,1084) size 461x97 [border: (1px dotted #FFFF00)]
              RenderBlock {P} at (1,17) size 459x63
                RenderText {#text} at (0,0) size 263x18
                  text run at (0,0) width 263: "How does your browser fare on this test?"
                RenderMenuList {SELECT} at (2,20) size 455x18 [color=#000000] [bgcolor=#FFFFFF]
                  RenderBlock (anonymous) at (0,0) size 455x18
                    RenderText at (8,2) size 214x13
                      text run at (8,2) width 214: "Document renders exactly as described."
                RenderText {#text} at (0,0) size 0x0
                RenderInline {LABEL} at (0,0) size 212x18
                  RenderText {#text} at (0,42) size 72x18
                    text run at (0,42) width 72: "Comment: "
                  RenderTextControl {INPUT} at (73,42) size 137x19 [color=#000000] [bgcolor=#FFFFFF] [border: (2px inset #000000)]
                RenderText {#text} at (211,42) size 5x18
                  text run at (211,42) width 5: " "
                RenderButton {INPUT} at (217,43) size 55x18 [color=#000000] [bgcolor=#C0C0C0]
                  RenderBlock (anonymous) at (8,2) size 38x13
                    RenderText at (0,0) size 38x13
                      text run at (0,0) width 38: "Submit"
                RenderText {#text} at (0,0) size 0x0
            RenderBlock {HR} at (21,1197) size 461x2 [border: (1px dotted #FFFF00)]
            RenderBlock {P} at (21,1215) size 461x20 [border: (1px dotted #FFFF00)]
              RenderInline {A} at (0,0) size 162x18 [color=#0000EE]
                RenderText {#text} at (1,1) size 162x18
                  text run at (1,1) width 162: "Up to the Evil Tests Page"
              RenderText {#text} at (162,1) size 5x18
                text run at (162,1) width 5: "."
            RenderBlock {P} at (21,1251) size 461x20 [border: (1px dotted #FFFF00)]
              RenderText {#text} at (1,1) size 177x18
                text run at (1,1) width 177: "This page is maintained by "
              RenderInline {A} at (0,0) size 79x18 [color=#0000EE]
                RenderText {#text} at (177,1) size 79x18
                  text run at (177,1) width 79: "Ian Hickson"
              RenderText {#text} at (255,1) size 10x18
                text run at (255,1) width 10: " ("
              RenderInline {A} at (0,0) size 125x18 [color=#0000EE]
                RenderText {#text} at (264,1) size 125x18
                  text run at (264,1) width 125: "py8ieh@bath.ac.uk"
              RenderText {#text} at (388,1) size 10x18
                text run at (388,1) width 10: ")."
            RenderBlock {P} at (21,1287) size 461x20 [border: (1px dotted #FFFF00)]
              RenderText {#text} at (1,1) size 172x18
                text run at (1,1) width 172: "Last updated in June 1999."
layer at (357,1211) size 130x13
  RenderBlock {DIV} at (3,3) size 131x13
