layer at (0,0) size 800x600
  RenderView at (0,0) size 800x600
layer at (0,0) size 800x600
  RenderBlock {HTML} at (0,0) size 800x600
    RenderBody {BODY} at (8,8) size 784x576
      RenderBlock {FORM} at (0,0) size 784x87
        RenderTable {TABLE} at (0,0) size 290x87 [border: (1px outset #808080)]
          RenderTableSection {TBODY} at (1,1) size 288x85
            RenderTableRow {TR} at (0,2) size 288x81
              RenderTableCell {TD} at (2,2) size 284x81 [border: (1px inset #808080)] [r=0 c=0 rs=1 cs=1]
                RenderTable {TABLE} at (2,2) size 280x77 [border: (2px outset #808080)]
                  RenderTableSection {TBODY} at (2,2) size 276x73
                    RenderTableRow {TR} at (0,2) size 276x40
                      RenderTableCell {TD} at (2,2) size 79x40 [border: (1px inset #808080)] [r=0 c=0 rs=1 cs=1]
                        RenderText {#text} at (2,2) size 57x36
                          text run at (2,2) width 55: "Member"
                          text run at (2,20) width 57: "Number:"
                      RenderTableCell {TD} at (82,8) size 186x28 [border: (1px inset #808080)] [r=0 c=1 rs=1 cs=1]
                        RenderTextControl {INPUT} at (4,4) size 137x19 [bgcolor=#FFFFFF] [border: (2px inset #000000)]
                        RenderText {#text} at (0,0) size 0x0
                    RenderTableRow {TR} at (0,44) size 276x27
                      RenderTableCell {TD} at (2,46) size 79x23 [border: (1px inset #808080)] [r=1 c=0 rs=1 cs=1]
                        RenderText {#text} at (2,2) size 31x19
                          text run at (2,3) width 31: "PIN:"
                      RenderTableCell {TD} at (82,44) size 186x27 [border: (1px inset #808080)] [r=1 c=1 rs=1 cs=1]
                        RenderTextControl {INPUT} at (4,4) size 137x19 [bgcolor=#FFFFFF] [border: (2px inset #000000)]
                          RenderFlexibleBox {DIV} at (3,3) size 131x13
                            RenderBlock {DIV} at (0,0) size 131x13
                        RenderText {#text} at (0,0) size 0x0
                      RenderTableCell {TD} at (269,55) size 5x5 [border: (1px inset #808080)] [r=1 c=2 rs=1 cs=1]
layer at (105,31) size 130x13
  RenderBlock {DIV} at (3,3) size 131x13
layer at (105,66) size 130x13
  RenderBlock {DIV} at (0,0) size 131x13
