layer at (0,0) size 800x600
  RenderView at (0,0) size 800x600
layer at (0,0) size 800x600
  RenderBlock {HTML} at (0,0) size 800x600
    RenderBody {BODY} at (8,8) size 784x584
      RenderText {#text} at (0,0) size 433x18
        text run at (0,0) width 433: "Tests if the volume slider is rendererd properly. This test assumes the"
      RenderBR {BR} at (433,14) size 0x0
      RenderText {#text} at (0,18) size 453x18
        text run at (0,18) width 453: "volume slider is implemented and mouse over the right bottom corner of"
      RenderBR {BR} at (453,32) size 0x0
      RenderText {#text} at (0,36) size 270x18
        text run at (0,36) width 270: "video element will show the volume slider."
      RenderBR {BR} at (270,50) size 0x0
      RenderText {#text} at (0,0) size 0x0
layer at (8,62) size 320x240
  RenderVideo {VIDEO} at (0,54) size 320x240
layer at (8,62) size 320x240
  RenderFlexibleBox {DIV} at (0,0) size 320x240
layer at (8,277) size 320x25
  RenderFlexibleBox {DIV} at (0,215) size 320x25
    RenderButton {INPUT} at (6,3) size 18x18
    RenderButton {INPUT} at (32,4) size 16x16
    RenderFlexibleBox {DIV} at (49,5) size 216x15
      RenderSlider {INPUT} at (45,2) size 126x13
        RenderFlexibleBox {DIV} at (0,0) size 126x13
          RenderBlock {DIV} at (0,2) size 126x8
            RenderBlock {DIV} at (0,0) size 10x8
    RenderButton {INPUT} at (297,4) size 16x16
    RenderBlock {DIV} at (265,6) size 25x12
layer at (57,284) size 45x11
  RenderFlexibleBox {DIV} at (0,2) size 45x11 [color=#FFFFFF]
    RenderBlock (anonymous) at (9,0) size 26x11
      RenderText {#text} at (0,0) size 26x11
        text run at (0,0) width 26: "00:00"
layer at (228,284) size 45x11
  RenderFlexibleBox {DIV} at (171,2) size 45x11 [color=#FFFFFF]
    RenderBlock (anonymous) at (7,0) size 31x11
      RenderText {#text} at (0,0) size 31x11
        text run at (0,0) width 31: "-00:06"
layer at (275,283) size 14x12
  RenderButton zI: 1 {INPUT} at (2,0) size 14x12
layer at (273,188) size 22x114
  RenderBlock (positioned) zI: 2 {DIV} at (265,-89) size 22x114
layer at (279,195) size 10x80
  RenderSlider {INPUT} at (6,7) size 10x80
    RenderFlexibleBox {DIV} at (0,0) size 10x80
      RenderBlock {DIV} at (0,0) size 10x80
        RenderBlock {DIV} at (0,22) size 10x8
layer at (275,283) size 14x12
  RenderButton {INPUT} at (2,95) size 14x12
