layer at (0,0) size 785x604
  RenderView at (0,0) size 785x600
layer at (0,0) size 785x600
  RenderBlock {HTML} at (0,0) size 785x600
    RenderBody {BODY} at (8,8) size 769x584
layer at (0,400) size 504x204
  RenderIFrame {IFRAME} at (0,400) size 504x204 [border: (2px inset #000000)]
    layer at (0,0) size 485x1206
      RenderView at (0,0) size 485x200
    layer at (0,0) size 485x1206
      RenderBlock {HTML} at (0,0) size 485x1206
        RenderBody {BODY} at (8,8) size 469x1190 [bgcolor=#E0F0FC]
          RenderText {#text} at (0,0) size 177x17
            text run at (0,0) width 177: "Lorem ipsum dolor sit amet,"
          RenderBR {BR} at (177,14) size 0x0
          RenderText {#text} at (0,17) size 170x17
            text run at (0,17) width 170: "consectetur adipisicing elit,"
          RenderBR {BR} at (170,31) size 0x0
          RenderText {#text} at (0,34) size 146x17
            text run at (0,34) width 146: "sed do eiusmod tempor"
          RenderBR {BR} at (146,48) size 0x0
          RenderText {#text} at (0,51) size 181x17
            text run at (0,51) width 181: "incididunt ut labore et dolore"
          RenderBR {BR} at (181,65) size 0x0
          RenderText {#text} at (0,68) size 206x17
            text run at (0,68) width 206: "magna aliqua. Ut enim ad minim"
          RenderBR {BR} at (206,82) size 0x0
          RenderText {#text} at (0,85) size 131x17
            text run at (0,85) width 131: "veniam, quis nostrud"
          RenderBR {BR} at (131,99) size 0x0
          RenderText {#text} at (0,102) size 173x17
            text run at (0,102) width 173: "exercitation ullamco laboris"
          RenderBR {BR} at (173,116) size 0x0
          RenderText {#text} at (0,119) size 189x17
            text run at (0,119) width 189: "nisi ut aliquip ex ea commodo"
          RenderBR {BR} at (189,133) size 0x0
          RenderText {#text} at (0,136) size 164x17
            text run at (0,136) width 164: "consequat. Duis aute irure"
          RenderBR {BR} at (164,150) size 0x0
          RenderText {#text} at (0,153) size 152x17
            text run at (0,153) width 152: "dolor in reprehenderit in"
          RenderBR {BR} at (152,167) size 0x0
          RenderText {#text} at (0,170) size 162x17
            text run at (0,170) width 162: "voluptate velit esse cillum"
          RenderBR {BR} at (162,184) size 0x0
          RenderText {#text} at (0,187) size 134x17
            text run at (0,187) width 134: "dolore eu fugiat nulla"
          RenderBR {BR} at (134,201) size 0x0
          RenderText {#text} at (0,204) size 146x17
            text run at (0,204) width 146: "pariatur. Excepteur sint"
          RenderBR {BR} at (146,218) size 0x0
          RenderText {#text} at (0,221) size 143x17
            text run at (0,221) width 143: "occaecat cupidatat non"
          RenderBR {BR} at (143,235) size 0x0
          RenderText {#text} at (0,238) size 164x17
            text run at (0,238) width 164: "proident, sunt in culpa qui"
          RenderBR {BR} at (164,252) size 0x0
          RenderText {#text} at (0,255) size 172x17
            text run at (0,255) width 172: "officia deserunt mollit anim"
          RenderBR {BR} at (172,269) size 0x0
          RenderText {#text} at (0,272) size 93x17
            text run at (0,272) width 93: "id est laborum."
          RenderBR {BR} at (93,286) size 0x0
          RenderBR {BR} at (0,289) size 0x17
          RenderText {#text} at (0,306) size 177x17
            text run at (0,306) width 177: "Lorem ipsum dolor sit amet,"
          RenderBR {BR} at (177,320) size 0x0
          RenderText {#text} at (0,323) size 170x17
            text run at (0,323) width 170: "consectetur adipisicing elit,"
          RenderBR {BR} at (170,337) size 0x0
          RenderText {#text} at (0,340) size 146x17
            text run at (0,340) width 146: "sed do eiusmod tempor"
          RenderBR {BR} at (146,354) size 0x0
          RenderText {#text} at (0,357) size 181x17
            text run at (0,357) width 181: "incididunt ut labore et dolore"
          RenderBR {BR} at (181,371) size 0x0
          RenderText {#text} at (0,374) size 206x17
            text run at (0,374) width 206: "magna aliqua. Ut enim ad minim"
          RenderBR {BR} at (206,388) size 0x0
          RenderText {#text} at (0,391) size 131x17
            text run at (0,391) width 131: "veniam, quis nostrud"
          RenderBR {BR} at (131,405) size 0x0
          RenderText {#text} at (0,408) size 173x17
            text run at (0,408) width 173: "exercitation ullamco laboris"
          RenderBR {BR} at (173,422) size 0x0
          RenderText {#text} at (0,425) size 189x17
            text run at (0,425) width 189: "nisi ut aliquip ex ea commodo"
          RenderBR {BR} at (189,439) size 0x0
          RenderText {#text} at (0,442) size 164x17
            text run at (0,442) width 164: "consequat. Duis aute irure"
          RenderBR {BR} at (164,456) size 0x0
          RenderText {#text} at (0,459) size 152x17
            text run at (0,459) width 152: "dolor in reprehenderit in"
          RenderBR {BR} at (152,473) size 0x0
          RenderText {#text} at (0,476) size 162x17
            text run at (0,476) width 162: "voluptate velit esse cillum"
          RenderBR {BR} at (162,490) size 0x0
          RenderText {#text} at (0,493) size 134x17
            text run at (0,493) width 134: "dolore eu fugiat nulla"
          RenderBR {BR} at (134,507) size 0x0
          RenderText {#text} at (0,510) size 146x17
            text run at (0,510) width 146: "pariatur. Excepteur sint"
          RenderBR {BR} at (146,524) size 0x0
          RenderText {#text} at (0,527) size 143x17
            text run at (0,527) width 143: "occaecat cupidatat non"
          RenderBR {BR} at (143,541) size 0x0
          RenderText {#text} at (0,544) size 164x17
            text run at (0,544) width 164: "proident, sunt in culpa qui"
          RenderBR {BR} at (164,558) size 0x0
          RenderText {#text} at (0,561) size 172x17
            text run at (0,561) width 172: "officia deserunt mollit anim"
          RenderBR {BR} at (172,575) size 0x0
          RenderText {#text} at (0,578) size 93x17
            text run at (0,578) width 93: "id est laborum."
          RenderBR {BR} at (93,592) size 0x0
          RenderText {#text} at (0,595) size 177x17
            text run at (0,595) width 177: "Lorem ipsum dolor sit amet,"
          RenderBR {BR} at (177,609) size 0x0
          RenderText {#text} at (0,612) size 170x17
            text run at (0,612) width 170: "consectetur adipisicing elit,"
          RenderBR {BR} at (170,626) size 0x0
          RenderText {#text} at (0,629) size 146x17
            text run at (0,629) width 146: "sed do eiusmod tempor"
          RenderBR {BR} at (146,643) size 0x0
          RenderText {#text} at (0,646) size 181x17
            text run at (0,646) width 181: "incididunt ut labore et dolore"
          RenderBR {BR} at (181,660) size 0x0
          RenderText {#text} at (0,663) size 206x17
            text run at (0,663) width 206: "magna aliqua. Ut enim ad minim"
          RenderBR {BR} at (206,677) size 0x0
          RenderText {#text} at (0,680) size 131x17
            text run at (0,680) width 131: "veniam, quis nostrud"
          RenderBR {BR} at (131,694) size 0x0
          RenderText {#text} at (0,697) size 173x17
            text run at (0,697) width 173: "exercitation ullamco laboris"
          RenderBR {BR} at (173,711) size 0x0
          RenderText {#text} at (0,714) size 189x17
            text run at (0,714) width 189: "nisi ut aliquip ex ea commodo"
          RenderBR {BR} at (189,728) size 0x0
          RenderText {#text} at (0,731) size 164x17
            text run at (0,731) width 164: "consequat. Duis aute irure"
          RenderBR {BR} at (164,745) size 0x0
          RenderText {#text} at (0,748) size 152x17
            text run at (0,748) width 152: "dolor in reprehenderit in"
          RenderBR {BR} at (152,762) size 0x0
          RenderText {#text} at (0,765) size 162x17
            text run at (0,765) width 162: "voluptate velit esse cillum"
          RenderBR {BR} at (162,779) size 0x0
          RenderText {#text} at (0,782) size 134x17
            text run at (0,782) width 134: "dolore eu fugiat nulla"
          RenderBR {BR} at (134,796) size 0x0
          RenderText {#text} at (0,799) size 146x17
            text run at (0,799) width 146: "pariatur. Excepteur sint"
          RenderBR {BR} at (146,813) size 0x0
          RenderText {#text} at (0,816) size 143x17
            text run at (0,816) width 143: "occaecat cupidatat non"
          RenderBR {BR} at (143,830) size 0x0
          RenderText {#text} at (0,833) size 164x17
            text run at (0,833) width 164: "proident, sunt in culpa qui"
          RenderBR {BR} at (164,847) size 0x0
          RenderText {#text} at (0,850) size 172x17
            text run at (0,850) width 172: "officia deserunt mollit anim"
          RenderBR {BR} at (172,864) size 0x0
          RenderText {#text} at (0,867) size 93x17
            text run at (0,867) width 93: "id est laborum."
          RenderBR {BR} at (93,881) size 0x0
          RenderBR {BR} at (0,884) size 0x17
          RenderText {#text} at (0,901) size 177x17
            text run at (0,901) width 177: "Lorem ipsum dolor sit amet,"
          RenderBR {BR} at (177,915) size 0x0
          RenderText {#text} at (0,918) size 170x17
            text run at (0,918) width 170: "consectetur adipisicing elit,"
          RenderBR {BR} at (170,932) size 0x0
          RenderText {#text} at (0,935) size 146x17
            text run at (0,935) width 146: "sed do eiusmod tempor"
          RenderBR {BR} at (146,949) size 0x0
          RenderText {#text} at (0,952) size 181x17
            text run at (0,952) width 181: "incididunt ut labore et dolore"
          RenderBR {BR} at (181,966) size 0x0
          RenderText {#text} at (0,969) size 206x17
            text run at (0,969) width 206: "magna aliqua. Ut enim ad minim"
          RenderBR {BR} at (206,983) size 0x0
          RenderText {#text} at (0,986) size 131x17
            text run at (0,986) width 131: "veniam, quis nostrud"
          RenderBR {BR} at (131,1000) size 0x0
          RenderText {#text} at (0,1003) size 173x17
            text run at (0,1003) width 173: "exercitation ullamco laboris"
          RenderBR {BR} at (173,1017) size 0x0
          RenderText {#text} at (0,1020) size 189x17
            text run at (0,1020) width 189: "nisi ut aliquip ex ea commodo"
          RenderBR {BR} at (189,1034) size 0x0
          RenderText {#text} at (0,1037) size 164x17
            text run at (0,1037) width 164: "consequat. Duis aute irure"
          RenderBR {BR} at (164,1051) size 0x0
          RenderText {#text} at (0,1054) size 152x17
            text run at (0,1054) width 152: "dolor in reprehenderit in"
          RenderBR {BR} at (152,1068) size 0x0
          RenderText {#text} at (0,1071) size 162x17
            text run at (0,1071) width 162: "voluptate velit esse cillum"
          RenderBR {BR} at (162,1085) size 0x0
          RenderText {#text} at (0,1088) size 134x17
            text run at (0,1088) width 134: "dolore eu fugiat nulla"
          RenderBR {BR} at (134,1102) size 0x0
          RenderText {#text} at (0,1105) size 146x17
            text run at (0,1105) width 146: "pariatur. Excepteur sint"
          RenderBR {BR} at (146,1119) size 0x0
          RenderText {#text} at (0,1122) size 143x17
            text run at (0,1122) width 143: "occaecat cupidatat non"
          RenderBR {BR} at (143,1136) size 0x0
          RenderText {#text} at (0,1139) size 164x17
            text run at (0,1139) width 164: "proident, sunt in culpa qui"
          RenderBR {BR} at (164,1153) size 0x0
          RenderText {#text} at (0,1156) size 172x17
            text run at (0,1156) width 172: "officia deserunt mollit anim"
          RenderBR {BR} at (172,1170) size 0x0
          RenderText {#text} at (0,1173) size 93x17
            text run at (0,1173) width 93: "id est laborum."
          RenderBR {BR} at (93,1187) size 0x0
