layer at (0,0) size 800x600
  RenderView at (0,0) size 800x600
layer at (0,0) size 800x600
  RenderBlock {HTML} at (0,0) size 800x600
    RenderBody {BODY} at (8,8) size 784x576
      RenderBlock (anonymous) at (0,0) size 784x44
        RenderIFrame {IFRAME} at (0,0) size 204x44 [border: (2px inset #000000)]
          layer at (0,0) size 203x43
            RenderView at (0,0) size 185x25
          layer at (0,0) size 185x43
            RenderBlock {HTML} at (0,0) size 185x43
              RenderBody {BODY} at (8,8) size 169x27
                RenderTextControl {INPUT} at (2,2) size 191x23 [bgcolor=#FFFFFF] [border: (2px inset #000000)]
          layer at (13,13) size 185x17
            RenderBlock {DIV} at (3,3) size 185x17
        RenderText {#text} at (0,0) size 0x0
      RenderBlock {P} at (0,60) size 784x27
        RenderText {#text} at (0,5) size 366x17
          text run at (0,5) width 366: "This field should look and act focused. Try to type into it: "
        RenderTextControl {INPUT} at (368,2) size 191x23 [bgcolor=#FFFFFF] [border: (2px inset #000000)]
layer at (379,73) size 185x17
  RenderBlock {DIV} at (3,3) size 185x17
    RenderText {#text} at (0,0) size 44x17
      text run at (0,0) width 44: "PASS"
caret: position 4 of child 0 {#text} of child 0 {DIV} of {#document-fragment} of child 1 {INPUT} of child 3 {P} of body
