layer at (0,0) size 800x600
  RenderView at (0,0) size 800x600
layer at (0,0) size 800x600
  RenderBlock {HTML} at (0,0) size 800x600
    RenderBody {BODY} at (8,8) size 784x584 [bgcolor=#CCCCCC]
      RenderBlock {P} at (0,0) size 784x17
        RenderText {#text} at (0,0) size 355x17
          text run at (0,0) width 355: "The style declarations which apply to the text below are:"
      RenderBlock {PRE} at (0,33) size 784x45
        RenderText {#text} at (0,0) size 256x45
          text run at (0,0) width 256: ".one {font-variant: small-caps;}"
          text run at (0,15) width 224: ".two {font-variant: normal;}"
          text run at (0,30) width 0: " "
      RenderBlock {HR} at (0,91) size 784x2 [border: (1px inset #000000)]
      RenderBlock {P} at (0,109) size 784x17
        RenderText {#text} at (0,0) size 268x17
          text run at (0,0) width 268: "This Paragraph should be in Small Caps."
      RenderBlock {P} at (0,142) size 784x17
        RenderText {#text} at (0,0) size 574x17
          text run at (0,0) width 574: "This Paragraph should be in Small Caps, but the Last Word in the Sentence should be "
        RenderInline {SPAN} at (0,0) size 48x17
          RenderText {#text} at (574,0) size 48x17
            text run at (574,0) width 48: "Normal"
        RenderText {#text} at (622,0) size 4x17
          text run at (622,0) width 4: "."
      RenderTable {TABLE} at (0,175) size 648x85 [border: (1px outset #808080)]
        RenderTableSection {TBODY} at (1,1) size 646x83
          RenderTableRow {TR} at (0,0) size 646x25
            RenderTableCell {TD} at (0,0) size 646x25 [bgcolor=#C0C0C0] [border: (1px inset #808080)] [r=0 c=0 rs=1 cs=2]
              RenderInline {STRONG} at (0,0) size 163x17
                RenderText {#text} at (4,4) size 163x17
                  text run at (4,4) width 163: "TABLE Testing Section"
          RenderTableRow {TR} at (0,25) size 646x58
            RenderTableCell {TD} at (0,41) size 12x26 [bgcolor=#C0C0C0] [border: (1px inset #808080)] [r=1 c=0 rs=1 cs=1]
              RenderText {#text} at (4,4) size 4x18
                text run at (4,5) width 4: " "
            RenderTableCell {TD} at (12,25) size 634x58 [border: (1px inset #808080)] [r=1 c=1 rs=1 cs=1]
              RenderBlock {P} at (4,4) size 626x17
                RenderText {#text} at (0,0) size 268x17
                  text run at (0,0) width 268: "This Paragraph should be in Small Caps."
              RenderBlock {P} at (4,37) size 626x17
                RenderText {#text} at (0,0) size 574x17
                  text run at (0,0) width 574: "This Paragraph should be in Small Caps, but the Last Word in the Sentence should be "
                RenderInline {SPAN} at (0,0) size 48x17
                  RenderText {#text} at (574,0) size 48x17
                    text run at (574,0) width 48: "Normal"
                RenderText {#text} at (622,0) size 4x17
                  text run at (622,0) width 4: "."
