layer at (0,0) size 785x1235
  RenderView at (0,0) size 785x600
layer at (0,0) size 785x1235
  RenderBlock {HTML} at (0,0) size 785x1235
    RenderBody {BODY} at (8,8) size 769x1219 [bgcolor=#CCCCCC]
      RenderBlock {P} at (0,0) size 769x17
        RenderText {#text} at (0,0) size 355x17
          text run at (0,0) width 355: "The style declarations which apply to the text below are:"
      RenderBlock {PRE} at (0,33) size 769x135
        RenderText {#text} at (0,0) size 312x135
          text run at (0,0) width 216: "DIV.a {font-family: serif;}"
          text run at (0,15) width 248: "DIV.b {font-family: monospace;}"
          text run at (0,30) width 208: ".one {font-family: serif;}"
          text run at (0,45) width 248: ".two {font-family: sans-serif;}"
          text run at (0,60) width 240: ".three {font-family: cursive;}"
          text run at (0,75) width 232: ".four {font-family: fantasy;}"
          text run at (0,90) width 248: ".five {font-family: monospace;}"
          text run at (0,105) width 312: ".six {font-family: sans-serif,cursive;}"
          text run at (0,120) width 304: ".seven {font-family: monospace,serif;}"
      RenderBlock {HR} at (0,181) size 769x2 [border: (1px inset #000000)]
      RenderBlock {DIV} at (0,199) size 769x180
        RenderBlock {P} at (0,0) size 769x17
          RenderText {#text} at (0,0) size 638x17
            text run at (0,0) width 638: "This sentence is normal for the first division, which is the next five sentences; it should be a serif font."
        RenderBlock {P} at (0,33) size 769x17
          RenderText {#text} at (0,0) size 242x17
            text run at (0,0) width 242: "This sentence should be in a serif font."
        RenderBlock {P} at (0,66) size 769x17
          RenderText {#text} at (0,0) size 311x17
            text run at (0,0) width 311: "This sentence should be in a sans-serif font."
        RenderBlock {P} at (0,99) size 769x17
          RenderText {#text} at (0,0) size 260x17
            text run at (0,0) width 260: "This sentence should be in a cursive font."
        RenderBlock {P} at (0,132) size 769x17
          RenderText {#text} at (0,0) size 260x17
            text run at (0,0) width 260: "This sentence should be in a fantasy font."
        RenderBlock {P} at (0,165) size 769x15
          RenderText {#text} at (0,0) size 352x15
            text run at (0,0) width 352: "This sentence should be in a monospace font."
      RenderBlock {HR} at (0,392) size 769x2 [border: (1px inset #000000)]
      RenderBlock {P} at (0,410) size 769x17
        RenderText {#text} at (0,0) size 396x17
          text run at (0,0) width 396: "This sentence should be in a sans-serif font, not cursive."
      RenderBlock {P} at (0,443) size 769x18
        RenderText {#text} at (0,0) size 550x18
          text run at (0,0) width 550: "This sentence should be in a monospace font, not serif."
      RenderBlock {HR} at (0,477) size 769x2 [border: (1px inset #000000)]
      RenderBlock {DIV} at (0,492) size 769x193
        RenderBlock {P} at (0,0) size 769x30
          RenderText {#text} at (0,0) size 768x30
            text run at (0,0) width 768: "This sentence is normal for the first division, which is the next five sentences; it should be a"
            text run at (0,15) width 120: "monospace font."
        RenderBlock {P} at (0,46) size 769x17
          RenderText {#text} at (0,0) size 242x17
            text run at (0,0) width 242: "This sentence should be in a serif font."
        RenderBlock {P} at (0,79) size 769x17
          RenderText {#text} at (0,0) size 311x17
            text run at (0,0) width 311: "This sentence should be in a sans-serif font."
        RenderBlock {P} at (0,112) size 769x17
          RenderText {#text} at (0,0) size 260x17
            text run at (0,0) width 260: "This sentence should be in a cursive font."
        RenderBlock {P} at (0,145) size 769x17
          RenderText {#text} at (0,0) size 260x17
            text run at (0,0) width 260: "This sentence should be in a fantasy font."
        RenderBlock {P} at (0,178) size 769x15
          RenderText {#text} at (0,0) size 352x15
            text run at (0,0) width 352: "This sentence should be in a monospace font."
      RenderTable {TABLE} at (0,698) size 769x521 [border: (1px outset #808080)]
        RenderTableSection {TBODY} at (1,1) size 767x519
          RenderTableRow {TR} at (0,0) size 767x25
            RenderTableCell {TD} at (0,0) size 767x25 [bgcolor=#C0C0C0] [border: (1px inset #808080)] [r=0 c=0 rs=1 cs=2]
              RenderInline {STRONG} at (0,0) size 163x17
                RenderText {#text} at (4,4) size 163x17
                  text run at (4,4) width 163: "TABLE Testing Section"
          RenderTableRow {TR} at (0,25) size 767x494
            RenderTableCell {TD} at (0,259) size 12x26 [bgcolor=#C0C0C0] [border: (1px inset #808080)] [r=1 c=0 rs=1 cs=1]
              RenderText {#text} at (4,4) size 4x18
                text run at (4,5) width 4: " "
            RenderTableCell {TD} at (12,25) size 755x494 [border: (1px inset #808080)] [r=1 c=1 rs=1 cs=1]
              RenderBlock {DIV} at (4,4) size 747x180
                RenderBlock {P} at (0,0) size 747x17
                  RenderText {#text} at (0,0) size 638x17
                    text run at (0,0) width 638: "This sentence is normal for the first division, which is the next five sentences; it should be a serif font."
                RenderBlock {P} at (0,33) size 747x17
                  RenderText {#text} at (0,0) size 242x17
                    text run at (0,0) width 242: "This sentence should be in a serif font."
                RenderBlock {P} at (0,66) size 747x17
                  RenderText {#text} at (0,0) size 311x17
                    text run at (0,0) width 311: "This sentence should be in a sans-serif font."
                RenderBlock {P} at (0,99) size 747x17
                  RenderText {#text} at (0,0) size 260x17
                    text run at (0,0) width 260: "This sentence should be in a cursive font."
                RenderBlock {P} at (0,132) size 747x17
                  RenderText {#text} at (0,0) size 260x17
                    text run at (0,0) width 260: "This sentence should be in a fantasy font."
                RenderBlock {P} at (0,165) size 747x15
                  RenderText {#text} at (0,0) size 352x15
                    text run at (0,0) width 352: "This sentence should be in a monospace font."
              RenderBlock {HR} at (4,197) size 747x2 [border: (1px inset #000000)]
              RenderBlock {P} at (4,215) size 747x17
                RenderText {#text} at (0,0) size 396x17
                  text run at (0,0) width 396: "This sentence should be in a sans-serif font, not cursive."
              RenderBlock {P} at (4,248) size 747x18
                RenderText {#text} at (0,0) size 550x18
                  text run at (0,0) width 550: "This sentence should be in a monospace font, not serif."
              RenderBlock {HR} at (4,282) size 747x2 [border: (1px inset #000000)]
              RenderBlock {DIV} at (4,297) size 747x193
                RenderBlock {P} at (0,0) size 747x30
                  RenderText {#text} at (0,0) size 728x30
                    text run at (0,0) width 728: "This sentence is normal for the first division, which is the next five sentences; it should"
                    text run at (0,15) width 160: "be a monospace font."
                RenderBlock {P} at (0,46) size 747x17
                  RenderText {#text} at (0,0) size 242x17
                    text run at (0,0) width 242: "This sentence should be in a serif font."
                RenderBlock {P} at (0,79) size 747x17
                  RenderText {#text} at (0,0) size 311x17
                    text run at (0,0) width 311: "This sentence should be in a sans-serif font."
                RenderBlock {P} at (0,112) size 747x17
                  RenderText {#text} at (0,0) size 260x17
                    text run at (0,0) width 260: "This sentence should be in a cursive font."
                RenderBlock {P} at (0,145) size 747x17
                  RenderText {#text} at (0,0) size 260x17
                    text run at (0,0) width 260: "This sentence should be in a fantasy font."
                RenderBlock {P} at (0,178) size 747x15
                  RenderText {#text} at (0,0) size 352x15
                    text run at (0,0) width 352: "This sentence should be in a monospace font."
