layer at (0,0) size 800x20085
  RenderView at (0,0) size 800x600
layer at (0,0) size 800x20085
  RenderBlock {html} at (0,0) size 800x20085
    RenderBody {body} at (8,16) size 784x20061
      RenderBlock {p} at (0,0) size 784x40
        RenderText {#text} at (0,0) size 780x39
          text run at (0,0) width 415: "The circle below is a link. When you activate the circle, nothing "
          text run at (414,0) width 366: "should happen. If the document scrolls or the image pans"
          text run at (0,20) width 67: "when you "
          text run at (66,20) width 227: "activate the link, the test has failed."
      RenderBlock (anonymous) at (0,56) size 784x20005
        RenderSVGRoot {svg} at (8,72) size 100x20000
          RenderSVGContainer {a} at (8,72) size 100x100
            RenderSVGPath {circle} at (8,72) size 100x100 [fill={[type=SOLID] [color=#0000FF]}] [cx=50.00] [cy=50.00] [r=50.00]
          RenderSVGPath {circle} at (8,19972) size 100x100 [fill={[type=SOLID] [color=#FF0000]}] [cx=50.00] [cy=19950.00] [r=50.00]
        RenderText {#text} at (0,0) size 0x0
