layer at (0,0) size 800x600
  RenderView at (0,0) size 800x600
layer at (0,0) size 800x600
  RenderBlock {HTML} at (0,0) size 800x600
    RenderBody {BODY} at (8,8) size 784x584
      RenderBlock {METER} at (0,0) size 50x50 [bgcolor=#FF0000]
      RenderText {#text} at (50,35) size 4x19
        text run at (50,35) width 4: " "
      RenderBlock {METER} at (54,0) size 50x50 [bgcolor=#FF0000]
      RenderText {#text} at (104,35) size 4x19
        text run at (104,35) width 4: " "
      RenderInline {METER} at (0,0) size 0x0 [bgcolor=#FF0000]
      RenderText {#text} at (0,0) size 0x0
      RenderBlock {METER} at (108,0) size 50x50 [bgcolor=#FF0000]
      RenderText {#text} at (0,0) size 0x0
