layer at (0,0) size 800x600
  RenderView at (0,0) size 800x600
layer at (0,0) size 800x600
  RenderBlock {HTML} at (0,0) size 800x600
    RenderBody {BODY} at (8,8) size 784x584 [bgcolor=#CCCCCC]
      RenderBlock {P} at (0,0) size 784x17
        RenderText {#text} at (0,0) size 355x17
          text run at (0,0) width 355: "The style declarations which apply to the text below are:"
      RenderBlock {PRE} at (0,33) size 784x45
        RenderText {#text} at (0,0) size 728x45
          text run at (0,0) width 392: ".one {border-color: purple; border-style: solid;}"
          text run at (0,15) width 568: ".two {border-color: purple; border-width: medium; border-style: solid;}"
          text run at (0,30) width 728: ".three {border-color: purple green blue yellow; border-width: medium; border-style: solid;}"
      RenderBlock {HR} at (0,91) size 784x2 [border: (1px inset #000000)]
      RenderBlock {P} at (0,109) size 784x68 [bgcolor=#C0C0C0]
        RenderText {#text} at (0,0) size 677x17
          text run at (0,0) width 677: "This is an unstyled element, save for the background color, and containing inline elements with a classes of "
        RenderInline {SPAN} at (0,0) size 63x23 [border: (3px solid #800080)]
          RenderText {#text} at (680,0) size 57x17
            text run at (680,0) width 57: "class one"
        RenderText {#text} at (740,0) size 8x17
          text run at (740,0) width 8: ", "
        RenderInline {SPAN} at (0,0) size 781x40 [border: (3px solid #800080)]
          RenderText {#text} at (751,0) size 781x34
            text run at (751,0) width 30: "class"
            text run at (0,17) width 24: "two"
        RenderText {#text} at (27,17) size 35x17
          text run at (27,17) width 35: ", and "
        RenderInline {SPAN} at (0,0) size 71x23 [border: (3px solid #800080) (3px solid #008000) (3px solid #0000FF) (3px solid #FFFF00)]
          RenderText {#text} at (65,17) size 65x17
            text run at (65,17) width 65: "class three"
        RenderText {#text} at (133,17) size 764x51
          text run at (133,17) width 8: ". "
          text run at (141,17) width 623: "The effect for each inline element should be to have a purple medium-width solid border in the first"
          text run at (0,34) width 569: "and second cases, and a purple-green-blue-yellow medium-width solid border in the third. "
          text run at (569,34) width 179: "The line-height of the parent"
          text run at (0,51) width 284: "element should not change at all, on any line."
      RenderTable {TABLE} at (0,193) size 784x103 [border: (1px outset #808080)]
        RenderTableSection {TBODY} at (1,1) size 782x101
          RenderTableRow {TR} at (0,0) size 782x25
            RenderTableCell {TD} at (0,0) size 782x25 [bgcolor=#C0C0C0] [border: (1px inset #808080)] [r=0 c=0 rs=1 cs=2]
              RenderInline {STRONG} at (0,0) size 163x17
                RenderText {#text} at (4,4) size 163x17
                  text run at (4,4) width 163: "TABLE Testing Section"
          RenderTableRow {TR} at (0,25) size 782x76
            RenderTableCell {TD} at (0,50) size 12x26 [bgcolor=#C0C0C0] [border: (1px inset #808080)] [r=1 c=0 rs=1 cs=1]
              RenderText {#text} at (4,4) size 4x18
                text run at (4,5) width 4: " "
            RenderTableCell {TD} at (12,25) size 770x76 [border: (1px inset #808080)] [r=1 c=1 rs=1 cs=1]
              RenderBlock {P} at (4,4) size 762x68 [bgcolor=#C0C0C0]
                RenderText {#text} at (0,0) size 677x17
                  text run at (0,0) width 677: "This is an unstyled element, save for the background color, and containing inline elements with a classes of "
                RenderInline {SPAN} at (0,0) size 63x23 [border: (3px solid #800080)]
                  RenderText {#text} at (680,0) size 57x17
                    text run at (680,0) width 57: "class one"
                RenderText {#text} at (740,0) size 4x17
                  text run at (740,0) width 4: ","
                RenderInline {SPAN} at (0,0) size 64x23 [border: (3px solid #800080)]
                  RenderText {#text} at (3,17) size 58x17
                    text run at (3,17) width 58: "class two"
                RenderText {#text} at (64,17) size 35x17
                  text run at (64,17) width 35: ", and "
                RenderInline {SPAN} at (0,0) size 71x23 [border: (3px solid #800080) (3px solid #008000) (3px solid #0000FF) (3px solid #FFFF00)]
                  RenderText {#text} at (102,17) size 65x17
                    text run at (102,17) width 65: "class three"
                RenderText {#text} at (170,17) size 756x51
                  text run at (170,17) width 8: ". "
                  text run at (178,17) width 572: "The effect for each inline element should be to have a purple medium-width solid border in"
                  text run at (0,34) width 620: "the first and second cases, and a purple-green-blue-yellow medium-width solid border in the third. "
                  text run at (620,34) width 136: "The line-height of the"
                  text run at (0,51) width 327: "parent element should not change at all, on any line."
