layer at (0,0) size 800x600
  RenderView at (0,0) size 800x600
layer at (0,0) size 800x600
  RenderBlock {HTML} at (0,0) size 800x600
    RenderBody {BODY} at (8,8) size 784x584 [bgcolor=#CCCCCC]
      RenderBlock {P} at (0,0) size 784x17
        RenderText {#text} at (0,0) size 355x17
          text run at (0,0) width 355: "The style declarations which apply to the text below are:"
      RenderBlock {PRE} at (0,33) size 784x45
        RenderText {#text} at (0,0) size 568x45
          text run at (0,0) width 560: ".one {border-style: dashed; border-color: black; border-width: thick;}"
          text run at (0,15) width 544: ".two {border-style: groove; border-color: red; border-width: thick;}"
          text run at (0,30) width 568: ".three {border-style: none; border-color: purple; border-width: thick;}"
      RenderBlock {HR} at (0,91) size 784x2 [border: (1px inset #000000)]
      RenderBlock {P} at (0,109) size 784x51 [bgcolor=#C0C0C0]
        RenderText {#text} at (0,0) size 664x17
          text run at (0,0) width 664: "This is an unstyled element, save for the background color, and it contains inline elements with classes of "
        RenderInline {SPAN} at (0,0) size 67x27 [border: (5px dashed #000000)]
          RenderText {#text} at (669,0) size 57x17
            text run at (669,0) width 57: "class one"
        RenderText {#text} at (731,0) size 778x34
          text run at (731,0) width 47: ", which"
          text run at (0,17) width 263: "will result in a dashed thick black border; "
        RenderInline {SPAN} at (0,0) size 68x27 [border: (5px groove #FF0000)]
          RenderText {#text} at (268,17) size 58x17
            text run at (268,17) width 58: "class two"
        RenderText {#text} at (331,17) size 373x17
          text run at (331,17) width 373: ", which should result in a grooved thick purple border, and "
        RenderInline {SPAN} at (0,0) size 65x17
          RenderText {#text} at (704,17) size 65x17
            text run at (704,17) width 65: "class three"
        RenderText {#text} at (769,17) size 773x34
          text run at (769,17) width 4: ","
          text run at (0,34) width 246: "which should result in no border at all. "
          text run at (246,34) width 433: "The line-height of the parent element should not change, on any line."
      RenderTable {TABLE} at (0,176) size 784x86 [border: (1px outset #808080)]
        RenderTableSection {TBODY} at (1,1) size 782x84
          RenderTableRow {TR} at (0,0) size 782x25
            RenderTableCell {TD} at (0,0) size 782x25 [bgcolor=#C0C0C0] [border: (1px inset #808080)] [r=0 c=0 rs=1 cs=2]
              RenderInline {STRONG} at (0,0) size 163x17
                RenderText {#text} at (4,4) size 163x17
                  text run at (4,4) width 163: "TABLE Testing Section"
          RenderTableRow {TR} at (0,25) size 782x59
            RenderTableCell {TD} at (0,42) size 12x25 [bgcolor=#C0C0C0] [border: (1px inset #808080)] [r=1 c=0 rs=1 cs=1]
              RenderText {#text} at (4,4) size 4x17
                text run at (4,4) width 4: " "
            RenderTableCell {TD} at (12,25) size 770x59 [border: (1px inset #808080)] [r=1 c=1 rs=1 cs=1]
              RenderBlock {P} at (4,4) size 762x51 [bgcolor=#C0C0C0]
                RenderText {#text} at (0,0) size 664x17
                  text run at (0,0) width 664: "This is an unstyled element, save for the background color, and it contains inline elements with classes of "
                RenderInline {SPAN} at (0,0) size 67x27 [border: (5px dashed #000000)]
                  RenderText {#text} at (669,0) size 57x17
                    text run at (669,0) width 57: "class one"
                RenderText {#text} at (731,0) size 735x34
                  text run at (731,0) width 4: ","
                  text run at (0,17) width 306: "which will result in a dashed thick black border; "
                RenderInline {SPAN} at (0,0) size 68x27 [border: (5px groove #FF0000)]
                  RenderText {#text} at (311,17) size 58x17
                    text run at (311,17) width 58: "class two"
                RenderText {#text} at (374,17) size 369x17
                  text run at (374,17) width 369: ", which should result in a grooved thick purple border, and"
                RenderInline {SPAN} at (0,0) size 65x17
                  RenderText {#text} at (0,34) size 65x17
                    text run at (0,34) width 65: "class three"
                RenderText {#text} at (65,34) size 687x17
                  text run at (65,34) width 254: ", which should result in no border at all. "
                  text run at (319,34) width 433: "The line-height of the parent element should not change, on any line."
