layer at (0,0) size 785x747
  RenderView at (0,0) size 785x600
layer at (0,0) size 785x747
  RenderBlock {HTML} at (0,0) size 785x747
    RenderBody {BODY} at (8,8) size 769x731 [bgcolor=#CCCCCC]
      RenderBlock {P} at (0,0) size 769x17
        RenderText {#text} at (0,0) size 355x17
          text run at (0,0) width 355: "The style declarations which apply to the text below are:"
      RenderBlock {PRE} at (0,33) size 769x90
        RenderText {#text} at (0,0) size 440x90
          text run at (0,0) width 432: ".zero {background-color: silver; border-top-width: 0;}"
          text run at (0,15) width 408: ".one {border-top-width: 25px; border-style: solid;}"
          text run at (0,30) width 416: ".two {border-top-width: thick; border-style: solid;}"
          text run at (0,45) width 440: ".three {border-top-width: medium; border-style: solid;}"
          text run at (0,60) width 416: ".four {border-top-width: thin; border-style: solid;}"
          text run at (0,75) width 248: ".five {border-top-width: 25px;}"
      RenderBlock {HR} at (0,136) size 769x2 [border: (1px inset #000000)]
      RenderBlock {P} at (0,154) size 769x18
        RenderText {#text} at (0,0) size 157x17
          text run at (0,0) width 157: "(These will only work if "
        RenderInline {CODE} at (0,0) size 96x15
          RenderText {#text} at (157,3) size 96x15
            text run at (157,3) width 96: "border-style"
        RenderText {#text} at (253,0) size 89x17
          text run at (253,0) width 89: " is supported.)"
      RenderBlock {P} at (0,188) size 769x17 [bgcolor=#C0C0C0]
        RenderText {#text} at (0,0) size 203x17
          text run at (0,0) width 203: "This element has a class of zero."
      RenderBlock {P} at (0,221) size 769x45 [border: (25px solid #000000) (3px solid #000000)]
        RenderText {#text} at (3,25) size 377x17
          text run at (3,25) width 377: "This paragraph should have a top border width of 25 pixels."
      RenderBlock {P} at (0,282) size 769x25 [border: (5px solid #000000) (3px solid #000000)]
        RenderText {#text} at (3,5) size 334x17
          text run at (3,5) width 334: "This paragraph should have a thick top border width."
      RenderBlock {P} at (0,323) size 769x23 [border: (3px solid #000000)]
        RenderText {#text} at (3,3) size 354x17
          text run at (3,3) width 354: "This paragraph should have a medium top border width."
      RenderBlock {P} at (0,362) size 769x21 [border: (1px solid #000000) (3px solid #000000)]
        RenderText {#text} at (3,1) size 327x17
          text run at (3,1) width 327: "This paragraph should have a thin top border width."
      RenderBlock {P} at (0,399) size 769x18
        RenderText {#text} at (0,0) size 527x17
          text run at (0,0) width 527: "This paragraph should have no border and no extra \"padding\" on its top side, as no "
        RenderInline {CODE} at (0,0) size 96x15
          RenderText {#text} at (527,3) size 96x15
            text run at (527,3) width 96: "border-style"
        RenderText {#text} at (623,0) size 54x17
          text run at (623,0) width 54: " was set."
      RenderTable {TABLE} at (0,433) size 699x298 [border: (1px outset #808080)]
        RenderTableSection {TBODY} at (1,1) size 697x296
          RenderTableRow {TR} at (0,0) size 697x25
            RenderTableCell {TD} at (0,0) size 697x25 [bgcolor=#C0C0C0] [border: (1px inset #808080)] [r=0 c=0 rs=1 cs=2]
              RenderInline {STRONG} at (0,0) size 163x17
                RenderText {#text} at (4,4) size 163x17
                  text run at (4,4) width 163: "TABLE Testing Section"
          RenderTableRow {TR} at (0,25) size 697x271
            RenderTableCell {TD} at (0,148) size 12x25 [bgcolor=#C0C0C0] [border: (1px inset #808080)] [r=1 c=0 rs=1 cs=1]
              RenderText {#text} at (4,4) size 4x17
                text run at (4,4) width 4: " "
            RenderTableCell {TD} at (12,25) size 685x271 [border: (1px inset #808080)] [r=1 c=1 rs=1 cs=1]
              RenderBlock {P} at (4,4) size 677x18
                RenderText {#text} at (0,0) size 157x17
                  text run at (0,0) width 157: "(These will only work if "
                RenderInline {CODE} at (0,0) size 96x15
                  RenderText {#text} at (157,3) size 96x15
                    text run at (157,3) width 96: "border-style"
                RenderText {#text} at (253,0) size 89x17
                  text run at (253,0) width 89: " is supported.)"
              RenderBlock {P} at (4,38) size 677x17 [bgcolor=#C0C0C0]
                RenderText {#text} at (0,0) size 203x17
                  text run at (0,0) width 203: "This element has a class of zero."
              RenderBlock {P} at (4,71) size 677x45 [border: (25px solid #000000) (3px solid #000000)]
                RenderText {#text} at (3,25) size 377x17
                  text run at (3,25) width 377: "This paragraph should have a top border width of 25 pixels."
              RenderBlock {P} at (4,132) size 677x25 [border: (5px solid #000000) (3px solid #000000)]
                RenderText {#text} at (3,5) size 334x17
                  text run at (3,5) width 334: "This paragraph should have a thick top border width."
              RenderBlock {P} at (4,173) size 677x23 [border: (3px solid #000000)]
                RenderText {#text} at (3,3) size 354x17
                  text run at (3,3) width 354: "This paragraph should have a medium top border width."
              RenderBlock {P} at (4,212) size 677x21 [border: (1px solid #000000) (3px solid #000000)]
                RenderText {#text} at (3,1) size 327x17
                  text run at (3,1) width 327: "This paragraph should have a thin top border width."
              RenderBlock {P} at (4,249) size 677x18
                RenderText {#text} at (0,0) size 527x17
                  text run at (0,0) width 527: "This paragraph should have no border and no extra \"padding\" on its top side, as no "
                RenderInline {CODE} at (0,0) size 96x15
                  RenderText {#text} at (527,3) size 96x15
                    text run at (527,3) width 96: "border-style"
                RenderText {#text} at (623,0) size 54x17
                  text run at (623,0) width 54: " was set."
