layer at (0,0) size 785x689
  RenderView at (0,0) size 785x600
layer at (0,0) size 785x689
  RenderBlock {HTML} at (0,0) size 785x689
    RenderBody {BODY} at (8,8) size 769x661 [bgcolor=#CCCCCC]
      RenderBlock {P} at (0,0) size 769x17
        RenderText {#text} at (0,0) size 355x17
          text run at (0,0) width 355: "The style declarations which apply to the text below are:"
      RenderBlock {PRE} at (0,30) size 769x195
        RenderText {#text} at (0,0) size 512x195
          text run at (0,0) width 392: "P { margin: 0; padding: 0; text-align:  justify;}"
          text run at (0,15) width 0: " "
          text run at (0,30) width 336: "DIV.yellow, DIV.blue, DIV.red, DIV.green {"
          text run at (0,45) width 336: " width: 60px; padding: 20px; margin: 10px;"
          text run at (0,60) width 472: " border: 20px solid black; float: left; text-align: center;"
          text run at (0,75) width 360: " font-family: \"Times New Roman\",Times,serif;}"
          text run at (0,90) width 512: "DIV.yellow {margin-left: 0px; background: yellow; color: black;}"
          text run at (0,105) width 336: "DIV.blue {background: blue; color: white;}"
          text run at (0,120) width 320: "DIV.red {background: red; color: black;}"
          text run at (0,135) width 352: "DIV.green {background: green; color: white;}"
          text run at (0,150) width 192: "DIV.below {clear: both;}"
          text run at (0,165) width 200: "TABLE {margin: 20px 0px;}"
          text run at (0,180) width 0: " "
      RenderBlock {HR} at (0,238) size 769x2 [border: (1px inset #000000)]
      RenderBlock {P} at (0,248) size 769x34
        RenderText {#text} at (0,0) size 769x34
          text run at (0,0) width 769: "The four floating DIV elements below should appear next to each other horizontally. The table at the bottom of this page"
          text run at (0,17) width 405: "indicates how the DIV elements should be laid out horizontally. "
          text run at (405,17) width 219: "They should align with each other."
      RenderBlock (floating) {DIV} at (0,292) size 140x97 [bgcolor=#FFFF00] [border: (20px solid #000000)]
        RenderBlock {P} at (40,40) size 60x17
          RenderText {#text} at (0,0) size 47x17
            text run at (0,0) width 47: "Yellow"
      RenderBlock (floating) {DIV} at (160,292) size 140x97 [color=#FFFFFF] [bgcolor=#0000FF] [border: (20px solid #000000)]
        RenderBlock {P} at (40,40) size 60x17
          RenderText {#text} at (0,0) size 30x17
            text run at (0,0) width 30: "Blue"
      RenderBlock (floating) {DIV} at (320,292) size 140x97 [bgcolor=#FF0000] [border: (20px solid #000000)]
        RenderBlock {P} at (40,40) size 60x17
          RenderText {#text} at (0,0) size 26x17
            text run at (0,0) width 26: "Red"
      RenderBlock (floating) {DIV} at (480,292) size 140x97 [color=#FFFFFF] [bgcolor=#008000] [border: (20px solid #000000)]
        RenderBlock {P} at (40,40) size 60x17
          RenderText {#text} at (0,0) size 39x17
            text run at (0,0) width 39: "Green"
      RenderBlock {DIV} at (0,399) size 769x18
        RenderTable {TABLE} at (0,0) size 620x18
          RenderTableSection {TBODY} at (0,0) size 620x18
            RenderTableRow {TR} at (0,0) size 620x18
              RenderTableCell {TD} at (0,8) size 20x2 [bgcolor=#000000] [r=0 c=0 rs=1 cs=1]
                RenderImage {IMG} at (0,0) size 20x1
              RenderTableCell {TD} at (20,8) size 100x2 [bgcolor=#FFFF00] [r=0 c=1 rs=1 cs=1]
                RenderImage {IMG} at (0,0) size 100x1
              RenderTableCell {TD} at (120,9) size 20x0 [bgcolor=#000000] [r=0 c=2 rs=1 cs=1]
              RenderTableCell {TD} at (140,8) size 20x2 [bgcolor=#FFFFFF] [r=0 c=3 rs=1 cs=1]
                RenderImage {IMG} at (0,0) size 20x1
              RenderTableCell {TD} at (160,8) size 20x2 [bgcolor=#000000] [r=0 c=4 rs=1 cs=1]
                RenderImage {IMG} at (0,0) size 20x1
              RenderTableCell {TD} at (180,8) size 100x2 [bgcolor=#0000FF] [r=0 c=5 rs=1 cs=1]
                RenderImage {IMG} at (0,0) size 100x1
              RenderTableCell {TD} at (280,8) size 20x2 [bgcolor=#000000] [r=0 c=6 rs=1 cs=1]
                RenderImage {IMG} at (0,0) size 20x1
              RenderTableCell {TD} at (300,8) size 20x2 [bgcolor=#FFFFFF] [r=0 c=7 rs=1 cs=1]
                RenderImage {IMG} at (0,0) size 20x1
              RenderTableCell {TD} at (320,8) size 20x2 [bgcolor=#000000] [r=0 c=8 rs=1 cs=1]
                RenderImage {IMG} at (0,0) size 20x1
              RenderTableCell {TD} at (340,8) size 100x2 [bgcolor=#FF0000] [r=0 c=9 rs=1 cs=1]
                RenderImage {IMG} at (0,0) size 100x1
              RenderTableCell {TD} at (440,0) size 20x18 [bgcolor=#000000] [r=0 c=10 rs=1 cs=1]
                RenderImage {IMG} at (0,0) size 20x1
                RenderText {#text} at (0,1) size 4x17
                  text run at (0,1) width 4: ";"
              RenderTableCell {TD} at (460,8) size 20x2 [bgcolor=#FFFFFF] [r=0 c=11 rs=1 cs=1]
                RenderImage {IMG} at (0,0) size 20x1
              RenderTableCell {TD} at (480,8) size 20x2 [bgcolor=#000000] [r=0 c=12 rs=1 cs=1]
                RenderImage {IMG} at (0,0) size 20x1
              RenderTableCell {TD} at (500,8) size 100x2 [bgcolor=#008000] [r=0 c=13 rs=1 cs=1]
                RenderImage {IMG} at (0,0) size 100x1
              RenderTableCell {TD} at (600,8) size 20x2 [bgcolor=#000000] [r=0 c=14 rs=1 cs=1]
                RenderImage {IMG} at (0,0) size 20x1
      RenderTable {TABLE} at (0,437) size 769x224 [border: (1px outset #808080)]
        RenderTableSection {TBODY} at (1,1) size 767x222
          RenderTableRow {TR} at (0,0) size 767x25
            RenderTableCell {TD} at (0,0) size 767x25 [bgcolor=#C0C0C0] [border: (1px inset #808080)] [r=0 c=0 rs=1 cs=2]
              RenderInline {STRONG} at (0,0) size 163x17
                RenderText {#text} at (4,4) size 163x17
                  text run at (4,4) width 163: "TABLE Testing Section"
          RenderTableRow {TR} at (0,25) size 767x197
            RenderTableCell {TD} at (0,111) size 12x25 [bgcolor=#C0C0C0] [border: (1px inset #808080)] [r=1 c=0 rs=1 cs=1]
              RenderText {#text} at (4,4) size 4x17
                text run at (4,4) width 4: " "
            RenderTableCell {TD} at (12,25) size 755x197 [border: (1px inset #808080)] [r=1 c=1 rs=1 cs=1]
              RenderBlock {P} at (4,4) size 747x34
                RenderText {#text} at (0,0) size 747x34
                  text run at (0,0) width 747: "The four floating DIV elements below should appear next to each other horizontally. The table at the bottom of this"
                  text run at (0,17) width 439: "page indicates how the DIV elements should be laid out horizontally. "
                  text run at (439,17) width 219: "They should align with each other."
              RenderBlock (floating) {DIV} at (4,48) size 140x97 [bgcolor=#FFFF00] [border: (20px solid #000000)]
                RenderBlock {P} at (40,40) size 60x17
                  RenderText {#text} at (0,0) size 47x17
                    text run at (0,0) width 47: "Yellow"
              RenderBlock (floating) {DIV} at (164,48) size 140x97 [color=#FFFFFF] [bgcolor=#0000FF] [border: (20px solid #000000)]
                RenderBlock {P} at (40,40) size 60x17
                  RenderText {#text} at (0,0) size 30x17
                    text run at (0,0) width 30: "Blue"
              RenderBlock (floating) {DIV} at (324,48) size 140x97 [bgcolor=#FF0000] [border: (20px solid #000000)]
                RenderBlock {P} at (40,40) size 60x17
                  RenderText {#text} at (0,0) size 26x17
                    text run at (0,0) width 26: "Red"
              RenderBlock (floating) {DIV} at (484,48) size 140x97 [color=#FFFFFF] [bgcolor=#008000] [border: (20px solid #000000)]
                RenderBlock {P} at (40,40) size 60x17
                  RenderText {#text} at (0,0) size 39x17
                    text run at (0,0) width 39: "Green"
              RenderBlock {DIV} at (4,155) size 747x18
                RenderTable {TABLE} at (0,0) size 620x18
                  RenderTableSection {TBODY} at (0,0) size 620x18
                    RenderTableRow {TR} at (0,0) size 620x18
                      RenderTableCell {TD} at (0,8) size 20x2 [bgcolor=#000000] [r=0 c=0 rs=1 cs=1]
                        RenderImage {IMG} at (0,0) size 20x1
                      RenderTableCell {TD} at (20,8) size 100x2 [bgcolor=#FFFF00] [r=0 c=1 rs=1 cs=1]
                        RenderImage {IMG} at (0,0) size 100x1
                      RenderTableCell {TD} at (120,9) size 20x0 [bgcolor=#000000] [r=0 c=2 rs=1 cs=1]
                      RenderTableCell {TD} at (140,8) size 20x2 [bgcolor=#FFFFFF] [r=0 c=3 rs=1 cs=1]
                        RenderImage {IMG} at (0,0) size 20x1
                      RenderTableCell {TD} at (160,8) size 20x2 [bgcolor=#000000] [r=0 c=4 rs=1 cs=1]
                        RenderImage {IMG} at (0,0) size 20x1
                      RenderTableCell {TD} at (180,8) size 100x2 [bgcolor=#0000FF] [r=0 c=5 rs=1 cs=1]
                        RenderImage {IMG} at (0,0) size 100x1
                      RenderTableCell {TD} at (280,8) size 20x2 [bgcolor=#000000] [r=0 c=6 rs=1 cs=1]
                        RenderImage {IMG} at (0,0) size 20x1
                      RenderTableCell {TD} at (300,8) size 20x2 [bgcolor=#FFFFFF] [r=0 c=7 rs=1 cs=1]
                        RenderImage {IMG} at (0,0) size 20x1
                      RenderTableCell {TD} at (320,8) size 20x2 [bgcolor=#000000] [r=0 c=8 rs=1 cs=1]
                        RenderImage {IMG} at (0,0) size 20x1
                      RenderTableCell {TD} at (340,8) size 100x2 [bgcolor=#FF0000] [r=0 c=9 rs=1 cs=1]
                        RenderImage {IMG} at (0,0) size 100x1
                      RenderTableCell {TD} at (440,0) size 20x18 [bgcolor=#000000] [r=0 c=10 rs=1 cs=1]
                        RenderImage {IMG} at (0,0) size 20x1
                        RenderText {#text} at (0,1) size 4x17
                          text run at (0,1) width 4: ";"
                      RenderTableCell {TD} at (460,8) size 20x2 [bgcolor=#FFFFFF] [r=0 c=11 rs=1 cs=1]
                        RenderImage {IMG} at (0,0) size 20x1
                      RenderTableCell {TD} at (480,8) size 20x2 [bgcolor=#000000] [r=0 c=12 rs=1 cs=1]
                        RenderImage {IMG} at (0,0) size 20x1
                      RenderTableCell {TD} at (500,8) size 100x2 [bgcolor=#008000] [r=0 c=13 rs=1 cs=1]
                        RenderImage {IMG} at (0,0) size 100x1
                      RenderTableCell {TD} at (600,8) size 20x2 [bgcolor=#000000] [r=0 c=14 rs=1 cs=1]
                        RenderImage {IMG} at (0,0) size 20x1
