layer at (0,0) size 800x600
  RenderView at (0,0) size 800x600
layer at (0,0) size 800x600
  RenderBlock {HTML} at (0,0) size 800x600
    RenderBody {BODY} at (8,8) size 784x584 [bgcolor=#CCCCCC]
      RenderBlock {P} at (0,0) size 784x17
        RenderText {#text} at (0,0) size 355x17
          text run at (0,0) width 355: "The style declarations which apply to the text below are:"
      RenderBlock {PRE} at (0,33) size 784x45
        RenderText {#text} at (0,0) size 160x45
          text run at (0,0) width 152: ".one {float: left;}"
          text run at (0,15) width 160: ".two {float: right;}"
          text run at (0,30) width 0: " "
      RenderBlock {HR} at (0,91) size 784x2 [border: (1px inset #000000)]
      RenderImage {IMG} at (0,101) size 15x50
      RenderBlock {P} at (0,109) size 784x34
        RenderText {#text} at (15,0) size 764x34
          text run at (15,0) width 599: "This text should be flowing past a tall orange rectangle on the left side of the browser window. "
          text run at (614,0) width 165: "In this case, it is the image"
          text run at (15,17) width 212: "which has been floated to the left."
      RenderBlock (anonymous) at (0,159) size 784x17
        RenderBR {BR} at (0,0) size 0x17
      RenderBlock {HR} at (0,184) size 784x2 [border: (1px inset #000000)]
      RenderImage {IMG} at (769,194) size 15x50
      RenderBlock {P} at (0,202) size 784x34
        RenderText {#text} at (0,0) size 731x34
          text run at (0,0) width 608: "This text should be flowing past a tall orange rectangle on the right side of the browser window. "
          text run at (608,0) width 123: "In this case, it is the"
          text run at (0,17) width 263: "image which has been floated to the right."
      RenderTable {TABLE} at (0,252) size 784x170 [border: (1px outset #808080)]
        RenderTableSection {TBODY} at (1,1) size 782x168
          RenderTableRow {TR} at (0,0) size 782x25
            RenderTableCell {TD} at (0,0) size 782x25 [bgcolor=#C0C0C0] [border: (1px inset #808080)] [r=0 c=0 rs=1 cs=2]
              RenderInline {STRONG} at (0,0) size 163x17
                RenderText {#text} at (4,4) size 163x17
                  text run at (4,4) width 163: "TABLE Testing Section"
          RenderTableRow {TR} at (0,25) size 782x143
            RenderTableCell {TD} at (0,84) size 12x25 [bgcolor=#C0C0C0] [border: (1px inset #808080)] [r=1 c=0 rs=1 cs=1]
              RenderText {#text} at (4,4) size 4x17
                text run at (4,4) width 4: " "
            RenderTableCell {TD} at (12,25) size 770x143 [border: (1px inset #808080)] [r=1 c=1 rs=1 cs=1]
              RenderImage {IMG} at (4,4) size 15x50
              RenderBlock {P} at (4,4) size 762x34
                RenderText {#text} at (15,0) size 722x34
                  text run at (15,0) width 599: "This text should be flowing past a tall orange rectangle on the left side of the browser window. "
                  text run at (614,0) width 123: "In this case, it is the"
                  text run at (15,17) width 254: "image which has been floated to the left."
              RenderBlock (anonymous) at (4,54) size 762x17
                RenderBR {BR} at (0,0) size 0x17
              RenderBlock {HR} at (4,79) size 762x2 [border: (1px inset #000000)]
              RenderImage {IMG} at (751,89) size 15x50
              RenderBlock {P} at (4,97) size 762x34
                RenderText {#text} at (0,0) size 731x34
                  text run at (0,0) width 608: "This text should be flowing past a tall orange rectangle on the right side of the browser window. "
                  text run at (608,0) width 123: "In this case, it is the"
                  text run at (0,17) width 263: "image which has been floated to the right."
