layer at (0,0) size 785x966
  RenderView at (0,0) size 785x600
layer at (0,0) size 785x966
  RenderBlock {HTML} at (0,0) size 785x966
    RenderBody {BODY} at (8,8) size 769x950 [bgcolor=#CCCCCC]
      RenderBlock {P} at (0,0) size 769x17
        RenderText {#text} at (0,0) size 355x17
          text run at (0,0) width 355: "The style declarations which apply to the text below are:"
      RenderBlock {PRE} at (0,33) size 769x45
        RenderText {#text} at (0,0) size 168x45
          text run at (0,0) width 160: ".one {height: 50px;}"
          text run at (0,15) width 168: ".two {height: 100px;}"
          text run at (0,30) width 0: " "
      RenderBlock {HR} at (0,91) size 769x2 [border: (1px inset #000000)]
      RenderBlock (anonymous) at (0,101) size 769x50
        RenderImage {IMG} at (0,0) size 50x50
        RenderText {#text} at (0,0) size 0x0
      RenderBlock {P} at (0,167) size 769x17
        RenderText {#text} at (0,0) size 275x17
          text run at (0,0) width 275: "The square above should be fifty pixels tall."
      RenderBlock (anonymous) at (0,200) size 769x100
        RenderImage {IMG} at (0,0) size 100x100
        RenderText {#text} at (0,0) size 0x0
      RenderBlock {P} at (0,316) size 769x17
        RenderText {#text} at (0,0) size 335x17
          text run at (0,0) width 335: "The square above should be 100 pixels tall and wide."
      RenderBlock (anonymous) at (0,349) size 769x100
        RenderImage {IMG} at (0,0) size 30x100
        RenderText {#text} at (0,0) size 0x0
      RenderBlock {P} at (0,465) size 769x35
        RenderText {#text} at (0,0) size 750x34
          text run at (0,0) width 750: "The rectangular image above should be 100 pixels tall and 30 pixels wide (the original image is 50x15, and the size has"
          text run at (0,17) width 150: "been doubled using the "
        RenderInline {CODE} at (0,0) size 48x15
          RenderText {#text} at (150,20) size 48x15
            text run at (150,20) width 48: "height"
        RenderText {#text} at (198,17) size 66x17
          text run at (198,17) width 66: " property)."
      RenderTable {TABLE} at (0,516) size 769x434 [border: (1px outset #808080)]
        RenderTableSection {TBODY} at (1,1) size 767x432
          RenderTableRow {TR} at (0,0) size 767x25
            RenderTableCell {TD} at (0,0) size 767x25 [bgcolor=#C0C0C0] [border: (1px inset #808080)] [r=0 c=0 rs=1 cs=2]
              RenderInline {STRONG} at (0,0) size 163x17
                RenderText {#text} at (4,4) size 163x17
                  text run at (4,4) width 163: "TABLE Testing Section"
          RenderTableRow {TR} at (0,25) size 767x407
            RenderTableCell {TD} at (0,216) size 12x25 [bgcolor=#C0C0C0] [border: (1px inset #808080)] [r=1 c=0 rs=1 cs=1]
              RenderText {#text} at (4,4) size 4x17
                text run at (4,4) width 4: " "
            RenderTableCell {TD} at (12,25) size 755x407 [border: (1px inset #808080)] [r=1 c=1 rs=1 cs=1]
              RenderBlock (anonymous) at (4,4) size 747x50
                RenderImage {IMG} at (0,0) size 50x50
                RenderText {#text} at (0,0) size 0x0
              RenderBlock {P} at (4,70) size 747x17
                RenderText {#text} at (0,0) size 275x17
                  text run at (0,0) width 275: "The square above should be fifty pixels tall."
              RenderBlock (anonymous) at (4,103) size 747x100
                RenderImage {IMG} at (0,0) size 100x100
                RenderText {#text} at (0,0) size 0x0
              RenderBlock {P} at (4,219) size 747x17
                RenderText {#text} at (0,0) size 335x17
                  text run at (0,0) width 335: "The square above should be 100 pixels tall and wide."
              RenderBlock (anonymous) at (4,252) size 747x100
                RenderImage {IMG} at (0,0) size 30x100
                RenderText {#text} at (0,0) size 0x0
              RenderBlock {P} at (4,368) size 747x35
                RenderText {#text} at (0,0) size 725x34
                  text run at (0,0) width 725: "The rectangular image above should be 100 pixels tall and 30 pixels wide (the original image is 50x15, and the size"
                  text run at (0,17) width 175: "has been doubled using the "
                RenderInline {CODE} at (0,0) size 48x15
                  RenderText {#text} at (175,20) size 48x15
                    text run at (175,20) width 48: "height"
                RenderText {#text} at (223,17) size 66x17
                  text run at (223,17) width 66: " property)."
