layer at (0,0) size 787x2581
  RenderView at (0,0) size 785x585
layer at (0,0) size 785x2581
  RenderBlock {HTML} at (0,0) size 785x2581
    RenderBody {BODY} at (8,8) size 769x2565 [bgcolor=#CCCCCC]
      RenderBlock {P} at (0,0) size 769x17
        RenderText {#text} at (0,0) size 355x17
          text run at (0,0) width 355: "The style declarations which apply to the text below are:"
      RenderBlock {PRE} at (0,33) size 769x105
        RenderText {#text} at (0,0) size 360x105
          text run at (0,0) width 352: ".zero {background-color: silver; margin: 0;}"
          text run at (0,15) width 360: ".one {margin: 0.5in; background-color: aqua;}"
          text run at (0,30) width 352: ".two {margin: 25px; background-color: aqua;}"
          text run at (0,45) width 360: ".three {margin: 5em; background-color: aqua;}"
          text run at (0,60) width 352: ".four {margin: 25%; background-color: aqua;}"
          text run at (0,75) width 168: ".five {margin: 25px;}"
          text run at (0,90) width 360: ".six {margin: -10px; background-color: aqua;}"
      RenderBlock {HR} at (0,151) size 769x2 [border: (1px inset #000000)]
      RenderBlock {P} at (0,169) size 769x34
        RenderText {#text} at (0,0) size 738x34
          text run at (0,0) width 738: "NOTE: The following tests are separated by class-zero paragraphs, so as to prevent margin-collapsing as described in"
          text run at (0,17) width 248: "section 4.1.1 of the CSS1 specification."
      RenderBlock {P} at (0,219) size 769x17 [bgcolor=#C0C0C0]
        RenderText {#text} at (0,0) size 203x17
          text run at (0,0) width 203: "This element has a class of zero."
      RenderBlock {P} at (48,284) size 673x17 [bgcolor=#00FFFF]
        RenderText {#text} at (0,0) size 658x17
          text run at (0,0) width 658: "This sentence should have an overall margin of half an inch, which will require extra text in order to test."
      RenderBlock {P} at (0,349) size 769x17 [bgcolor=#C0C0C0]
        RenderText {#text} at (0,0) size 203x17
          text run at (0,0) width 203: "This element has a class of zero."
      RenderBlock {P} at (25,391) size 719x17 [bgcolor=#00FFFF]
        RenderText {#text} at (0,0) size 641x17
          text run at (0,0) width 641: "This sentence should have an overall margin of 25 pixels, which will require extra text in order to test."
      RenderBlock {P} at (0,433) size 769x17 [bgcolor=#C0C0C0]
        RenderText {#text} at (0,0) size 203x17
          text run at (0,0) width 203: "This element has a class of zero."
      RenderBlock {P} at (80,530) size 609x34 [bgcolor=#00FFFF]
        RenderText {#text} at (0,0) size 586x34
          text run at (0,0) width 586: "This sentence should have an overall margin of 5 em, which will require extra text in order to"
          text run at (0,17) width 25: "test."
      RenderBlock {P} at (0,644) size 769x17 [bgcolor=#C0C0C0]
        RenderText {#text} at (0,0) size 203x17
          text run at (0,0) width 203: "This element has a class of zero."
      RenderBlock {P} at (192,853) size 385x52 [bgcolor=#00FFFF]
        RenderText {#text} at (0,0) size 377x51
          text run at (0,0) width 377: "This sentence should have an overall margin of 25%, which"
          text run at (0,17) width 376: "is calculated with respect to the width of the parent element."
          text run at (0,34) width 264: "This will require extra text in order to test."
      RenderBlock {P} at (0,1096) size 769x18 [bgcolor=#C0C0C0]
        RenderText {#text} at (0,0) size 203x17
          text run at (0,0) width 203: "This element has a class of zero."
      RenderBlock {UL} at (25,1138) size 719x119 [bgcolor=#00FFFF]
        RenderListItem {LI} at (40,0) size 679x17
          RenderListMarker at (-17,0) size 7x17: bullet
          RenderText {#text} at (0,0) size 375x17
            text run at (0,0) width 375: "This list has a margin of 25px, and a light blue background."
        RenderListItem {LI} at (40,17) size 679x17
          RenderListMarker at (-17,0) size 7x17: bullet
          RenderText {#text} at (0,0) size 264x17
            text run at (0,0) width 264: "Therefore, it ought to have such a margin."
        RenderListItem {LI} at (65,59) size 629x17
          RenderListMarker at (-17,0) size 7x17: bullet
          RenderText {#text} at (0,0) size 543x17
            text run at (0,0) width 543: "This list item has a margin of 25px, which should cause it to be offset in some fashion."
        RenderListItem {LI} at (40,101) size 679x17
          RenderListMarker at (-17,0) size 7x17: bullet
          RenderText {#text} at (0,0) size 294x17
            text run at (0,0) width 294: "This list item has no special styles applied to it."
      RenderBlock {P} at (0,1281) size 769x18 [bgcolor=#C0C0C0]
        RenderText {#text} at (0,0) size 203x17
          text run at (0,0) width 203: "This element has a class of zero."
      RenderBlock {P} at (-10,1288) size 789x52 [bgcolor=#00FFFF]
        RenderText {#text} at (0,0) size 775x51
          text run at (0,0) width 758: "This paragraph has an overall margin of -10px, which should make it wider than usual as well as shift it upward and pull"
          text run at (0,17) width 369: "subsequent text up toward it, and a light blue background. "
          text run at (369,17) width 386: "In all other respects, however, the element should be normal. "
          text run at (755,17) width 20: "No"
          text run at (0,34) width 528: "styles have been applied to it besides the negative margin and the background color."
      RenderBlock {P} at (0,1329) size 769x18 [bgcolor=#C0C0C0]
        RenderText {#text} at (0,0) size 203x17
          text run at (0,0) width 203: "This element has a class of zero."
      RenderTable {TABLE} at (0,1346) size 769x1219 [border: (1px outset #808080)]
        RenderTableSection {TBODY} at (1,1) size 767x1217
          RenderTableRow {TR} at (0,0) size 767x25
            RenderTableCell {TD} at (0,0) size 767x25 [bgcolor=#C0C0C0] [border: (1px inset #808080)] [r=0 c=0 rs=1 cs=2]
              RenderInline {STRONG} at (0,0) size 163x17
                RenderText {#text} at (4,4) size 163x17
                  text run at (4,4) width 163: "TABLE Testing Section"
          RenderTableRow {TR} at (0,25) size 767x1192
            RenderTableCell {TD} at (0,608) size 12x26 [bgcolor=#C0C0C0] [border: (1px inset #808080)] [r=1 c=0 rs=1 cs=1]
              RenderText {#text} at (4,3) size 4x18
                text run at (4,4) width 4: " "
            RenderTableCell {TD} at (12,25) size 755x1192 [border: (1px inset #808080)] [r=1 c=1 rs=1 cs=1]
              RenderBlock {P} at (4,4) size 747x34
                RenderText {#text} at (0,0) size 738x34
                  text run at (0,0) width 738: "NOTE: The following tests are separated by class-zero paragraphs, so as to prevent margin-collapsing as described in"
                  text run at (0,17) width 248: "section 4.1.1 of the CSS1 specification."
              RenderBlock {P} at (4,54) size 747x17 [bgcolor=#C0C0C0]
                RenderText {#text} at (0,0) size 203x17
                  text run at (0,0) width 203: "This element has a class of zero."
              RenderBlock {P} at (52,119) size 651x34 [bgcolor=#00FFFF]
                RenderText {#text} at (0,0) size 629x34
                  text run at (0,0) width 629: "This sentence should have an overall margin of half an inch, which will require extra text in order to"
                  text run at (0,17) width 25: "test."
              RenderBlock {P} at (4,201) size 747x17 [bgcolor=#C0C0C0]
                RenderText {#text} at (0,0) size 203x17
                  text run at (0,0) width 203: "This element has a class of zero."
              RenderBlock {P} at (29,243) size 697x17 [bgcolor=#00FFFF]
                RenderText {#text} at (0,0) size 641x17
                  text run at (0,0) width 641: "This sentence should have an overall margin of 25 pixels, which will require extra text in order to test."
              RenderBlock {P} at (4,285) size 747x17 [bgcolor=#C0C0C0]
                RenderText {#text} at (0,0) size 203x17
                  text run at (0,0) width 203: "This element has a class of zero."
              RenderBlock {P} at (84,382) size 587x34 [bgcolor=#00FFFF]
                RenderText {#text} at (0,0) size 586x34
                  text run at (0,0) width 586: "This sentence should have an overall margin of 5 em, which will require extra text in order to"
                  text run at (0,17) width 25: "test."
              RenderBlock {P} at (4,496) size 747x17 [bgcolor=#C0C0C0]
                RenderText {#text} at (0,0) size 203x17
                  text run at (0,0) width 203: "This element has a class of zero."
              RenderBlock {P} at (190,699) size 375x52 [bgcolor=#00FFFF]
                RenderText {#text} at (0,0) size 362x51
                  text run at (0,0) width 334: "This sentence should have an overall margin of 25%,"
                  text run at (0,17) width 362: "which is calculated with respect to the width of the parent"
                  text run at (0,34) width 57: "element. "
                  text run at (57,34) width 264: "This will require extra text in order to test."
              RenderBlock {P} at (4,937) size 747x18 [bgcolor=#C0C0C0]
                RenderText {#text} at (0,0) size 203x17
                  text run at (0,0) width 203: "This element has a class of zero."
              RenderBlock {UL} at (29,979) size 697x119 [bgcolor=#00FFFF]
                RenderListItem {LI} at (40,0) size 657x17
                  RenderListMarker at (-17,0) size 7x17: bullet
                  RenderText {#text} at (0,0) size 375x17
                    text run at (0,0) width 375: "This list has a margin of 25px, and a light blue background."
                RenderListItem {LI} at (40,17) size 657x17
                  RenderListMarker at (-17,0) size 7x17: bullet
                  RenderText {#text} at (0,0) size 264x17
                    text run at (0,0) width 264: "Therefore, it ought to have such a margin."
                RenderListItem {LI} at (65,59) size 607x17
                  RenderListMarker at (-17,0) size 7x17: bullet
                  RenderText {#text} at (0,0) size 543x17
                    text run at (0,0) width 543: "This list item has a margin of 25px, which should cause it to be offset in some fashion."
                RenderListItem {LI} at (40,101) size 657x17
                  RenderListMarker at (-17,0) size 7x17: bullet
                  RenderText {#text} at (0,0) size 294x17
                    text run at (0,0) width 294: "This list item has no special styles applied to it."
              RenderBlock {P} at (4,1122) size 747x18 [bgcolor=#C0C0C0]
                RenderText {#text} at (0,0) size 203x17
                  text run at (0,0) width 203: "This element has a class of zero."
              RenderBlock {P} at (-6,1129) size 767x52 [bgcolor=#00FFFF]
                RenderText {#text} at (0,0) size 758x51
                  text run at (0,0) width 758: "This paragraph has an overall margin of -10px, which should make it wider than usual as well as shift it upward and pull"
                  text run at (0,17) width 369: "subsequent text up toward it, and a light blue background. "
                  text run at (369,17) width 382: "In all other respects, however, the element should be normal."
                  text run at (0,34) width 552: "No styles have been applied to it besides the negative margin and the background color."
              RenderBlock {P} at (4,1170) size 747x18 [bgcolor=#C0C0C0]
                RenderText {#text} at (0,0) size 203x17
                  text run at (0,0) width 203: "This element has a class of zero."
