layer at (0,0) size 800x600
  RenderView at (0,0) size 800x600
layer at (0,0) size 800x136
  RenderBlock {html} at (0,0) size 800x136
    RenderBody {body} at (8,16) size 784x104
      RenderBlock {p} at (0,0) size 784x18 [color=#000080]
        RenderText {#text} at (0,0) size 163x18
          text run at (0,0) width 163: "The background color of "
        RenderInline {a} at (0,0) size 116x18 [color=#0000EE]
          RenderText {#text} at (162,0) size 81x18
            text run at (162,0) width 81: "this anchor ("
          RenderInline {strong} at (0,0) size 31x18
            RenderText {#text} at (242,0) size 31x18
              text run at (242,0) width 31: "here"
          RenderText {#text} at (272,0) size 6x18
            text run at (272,0) width 6: ")"
        RenderText {#text} at (277,0) size 395x18
          text run at (277,0) width 395: " should turn to green when the pointing device hovers over it."
      RenderBlock {p} at (0,34) size 784x18 [color=#000080]
        RenderText {#text} at (0,0) size 163x18
          text run at (0,0) width 163: "The background color of "
        RenderInline {a} at (0,0) size 116x18 [color=#FFFFFF] [bgcolor=#008000]
          RenderText {#text} at (162,0) size 81x18
            text run at (162,0) width 81: "this anchor ("
          RenderInline {strong} at (0,0) size 31x18
            RenderText {#text} at (242,0) size 31x18
              text run at (242,0) width 31: "here"
          RenderText {#text} at (272,0) size 6x18
            text run at (272,0) width 6: ")"
        RenderText {#text} at (277,0) size 52x18
          text run at (277,0) width 52: " should "
        RenderInline {strong} at (0,0) size 217x18
          RenderText {#text} at (328,0) size 217x18
            text run at (328,0) width 217: "remain green when you hover it"
        RenderText {#text} at (544,0) size 5x18
          text run at (544,0) width 5: "."
      RenderBlock {p} at (0,68) size 784x36 [color=#000080]
        RenderText {#text} at (0,0) size 163x18
          text run at (0,0) width 163: "The background color of "
        RenderInline {a} at (0,0) size 116x18 [color=#FFFFFF] [bgcolor=#008000]
          RenderText {#text} at (162,0) size 81x18
            text run at (162,0) width 81: "this anchor ("
          RenderInline {strong} at (0,0) size 31x18
            RenderText {#text} at (242,0) size 31x18
              text run at (242,0) width 31: "here"
          RenderText {#text} at (272,0) size 6x18
            text run at (272,0) width 6: ")"
        RenderText {#text} at (277,0) size 52x18
          text run at (277,0) width 52: " should "
        RenderInline {strong} at (0,0) size 362x18
          RenderText {#text} at (328,0) size 362x18
            text run at (328,0) width 362: "remain green when the pointing device hovers over it"
        RenderText {#text} at (689,0) size 740x36
          text run at (689,0) width 51: " (do not"
          text run at (0,18) width 108: "follow that link)."
