layer at (0,0) size 785x1051
  RenderView at (0,0) size 785x600
layer at (0,0) size 785x1051
  RenderBlock {HTML} at (0,0) size 785x1051
    RenderBody {BODY} at (8,8) size 769x1035
      RenderBlock {CENTER} at (0,0) size 769x17
        RenderText {#text} at (322,0) size 125x17
          text run at (322,0) width 125: "bottom caption tests"
      RenderBlock (anonymous) at (0,17) size 769x17
        RenderText {#text} at (0,0) size 103x17
          text run at (0,0) width 103: "table 1 - original"
      RenderTable {TABLE} at (5,44) size 90x94 [border: (10px solid #008000)]
        RenderBlock {CAPTION} at (10,2) size 80x28 [border: (3px solid #800080)]
          RenderText {#text} at (7,6) size 46x17
            text run at (7,6) width 46: "caption"
          RenderBlock {INPUT} at (55,6) size 16x16
        RenderTableSection {TBODY} at (10,40) size 70x44
          RenderTableRow {TR} at (0,2) size 70x19
            RenderTableCell {TD} at (2,2) size 32x19 [r=0 c=0 rs=1 cs=1]
              RenderText {#text} at (1,1) size 30x17
                text run at (1,1) width 30: "Data"
            RenderTableCell {TD} at (36,2) size 32x19 [r=0 c=1 rs=1 cs=1]
              RenderText {#text} at (1,1) size 30x17
                text run at (1,1) width 30: "Data"
          RenderTableRow {TR} at (0,23) size 70x19
            RenderTableCell {TD} at (2,23) size 32x19 [r=1 c=0 rs=1 cs=1]
              RenderText {#text} at (1,1) size 30x17
                text run at (1,1) width 30: "Data"
            RenderTableCell {TD} at (36,23) size 32x19 [r=1 c=1 rs=1 cs=1]
              RenderText {#text} at (1,1) size 30x17
                text run at (1,1) width 30: "Data"
      RenderBlock (anonymous) at (0,143) size 769x17
        RenderText {#text} at (0,0) size 188x17
          text run at (0,0) width 188: "table 2 - caption gains content"
      RenderTable {TABLE} at (5,170) size 90x111 [border: (10px solid #008000)]
        RenderBlock {CAPTION} at (10,2) size 80x45 [border: (3px solid #800080)]
          RenderText {#text} at (7,6) size 46x17
            text run at (7,6) width 46: "caption"
          RenderBlock {INPUT} at (55,6) size 16x16
          RenderText {#text} at (17,25) size 46x17
            text run at (17,25) width 46: "foo foo"
        RenderTableSection {TBODY} at (10,57) size 70x44
          RenderTableRow {TR} at (0,2) size 70x19
            RenderTableCell {TD} at (2,2) size 32x19 [r=0 c=0 rs=1 cs=1]
              RenderText {#text} at (1,1) size 30x17
                text run at (1,1) width 30: "Data"
            RenderTableCell {TD} at (36,2) size 32x19 [r=0 c=1 rs=1 cs=1]
              RenderText {#text} at (1,1) size 30x17
                text run at (1,1) width 30: "Data"
          RenderTableRow {TR} at (0,23) size 70x19
            RenderTableCell {TD} at (2,23) size 32x19 [r=1 c=0 rs=1 cs=1]
              RenderText {#text} at (1,1) size 30x17
                text run at (1,1) width 30: "Data"
            RenderTableCell {TD} at (36,23) size 32x19 [r=1 c=1 rs=1 cs=1]
              RenderText {#text} at (1,1) size 30x17
                text run at (1,1) width 30: "Data"
      RenderBlock (anonymous) at (0,286) size 769x17
        RenderText {#text} at (0,0) size 384x17
          text run at (0,0) width 384: "table 3 - caption gains content extending its max element size"
      RenderTable {TABLE} at (5,313) size 148x111 [border: (10px solid #008000)]
        RenderBlock {CAPTION} at (10,2) size 138x45 [border: (3px solid #800080)]
          RenderText {#text} at (36,6) size 46x17
            text run at (36,6) width 46: "caption"
          RenderBlock {INPUT} at (84,6) size 16x16
          RenderText {#text} at (3,25) size 142x17
            text run at (3,25) width 142: "very_large_very_large"
        RenderTableSection {TBODY} at (10,57) size 128x44
          RenderTableRow {TR} at (0,2) size 128x19
            RenderTableCell {TD} at (2,2) size 61x19 [r=0 c=0 rs=1 cs=1]
              RenderText {#text} at (1,1) size 30x17
                text run at (1,1) width 30: "Data"
            RenderTableCell {TD} at (65,2) size 61x19 [r=0 c=1 rs=1 cs=1]
              RenderText {#text} at (1,1) size 30x17
                text run at (1,1) width 30: "Data"
          RenderTableRow {TR} at (0,23) size 128x19
            RenderTableCell {TD} at (2,23) size 61x19 [r=1 c=0 rs=1 cs=1]
              RenderText {#text} at (1,1) size 30x17
                text run at (1,1) width 30: "Data"
            RenderTableCell {TD} at (65,23) size 61x19 [r=1 c=1 rs=1 cs=1]
              RenderText {#text} at (1,1) size 30x17
                text run at (1,1) width 30: "Data"
      RenderBlock (anonymous) at (0,429) size 769x17
        RenderText {#text} at (0,0) size 186x17
          text run at (0,0) width 186: "table 4 - caption loses content"
      RenderTable {TABLE} at (5,456) size 90x89 [border: (10px solid #008000)]
        RenderBlock {CAPTION} at (10,2) size 80x23 [border: (3px solid #800080)]
          RenderText {#text} at (17,3) size 46x17
            text run at (17,3) width 46: "caption"
        RenderTableSection {TBODY} at (10,35) size 70x44
          RenderTableRow {TR} at (0,2) size 70x19
            RenderTableCell {TD} at (2,2) size 32x19 [r=0 c=0 rs=1 cs=1]
              RenderText {#text} at (1,1) size 30x17
                text run at (1,1) width 30: "Data"
            RenderTableCell {TD} at (36,2) size 32x19 [r=0 c=1 rs=1 cs=1]
              RenderText {#text} at (1,1) size 30x17
                text run at (1,1) width 30: "Data"
          RenderTableRow {TR} at (0,23) size 70x19
            RenderTableCell {TD} at (2,23) size 32x19 [r=1 c=0 rs=1 cs=1]
              RenderText {#text} at (1,1) size 30x17
                text run at (1,1) width 30: "Data"
            RenderTableCell {TD} at (36,23) size 32x19 [r=1 c=1 rs=1 cs=1]
              RenderText {#text} at (1,1) size 30x17
                text run at (1,1) width 30: "Data"
      RenderBlock (anonymous) at (0,550) size 769x17
        RenderText {#text} at (0,0) size 154x17
          text run at (0,0) width 154: "table 5 - table gets wider"
      RenderTable {TABLE} at (5,577) size 136x94 [border: (10px solid #008000)]
        RenderBlock {CAPTION} at (10,2) size 126x28 [border: (3px solid #800080)]
          RenderText {#text} at (30,6) size 46x17
            text run at (30,6) width 46: "caption"
          RenderBlock {INPUT} at (78,6) size 16x16
        RenderTableSection {TBODY} at (10,40) size 116x44
          RenderTableRow {TR} at (0,2) size 116x19
            RenderTableCell {TD} at (2,2) size 32x19 [r=0 c=0 rs=1 cs=1]
              RenderText {#text} at (1,1) size 30x17
                text run at (1,1) width 30: "Data"
            RenderTableCell {TD} at (36,2) size 78x19 [r=0 c=1 rs=1 cs=1]
              RenderText {#text} at (1,1) size 30x17
                text run at (1,1) width 30: "Data"
              RenderText {#text} at (31,1) size 46x17
                text run at (31,1) width 46: "foo foo"
          RenderTableRow {TR} at (0,23) size 116x19
            RenderTableCell {TD} at (2,23) size 32x19 [r=1 c=0 rs=1 cs=1]
              RenderText {#text} at (1,1) size 30x17
                text run at (1,1) width 30: "Data"
            RenderTableCell {TD} at (36,23) size 78x19 [r=1 c=1 rs=1 cs=1]
              RenderText {#text} at (1,1) size 30x17
                text run at (1,1) width 30: "Data"
      RenderBlock (anonymous) at (0,676) size 769x17
        RenderText {#text} at (0,0) size 149x17
          text run at (0,0) width 149: "table 6 - table gets taller"
      RenderTable {TABLE} at (5,703) size 106x115 [border: (10px solid #008000)]
        RenderBlock {CAPTION} at (10,2) size 96x28 [border: (3px solid #800080)]
          RenderText {#text} at (15,6) size 46x17
            text run at (15,6) width 46: "caption"
          RenderBlock {INPUT} at (63,6) size 16x16
        RenderTableSection {TBODY} at (10,40) size 86x65
          RenderTableRow {TR} at (0,2) size 86x19
            RenderTableCell {TD} at (2,2) size 48x19 [r=0 c=0 rs=1 cs=1]
              RenderText {#text} at (1,1) size 30x17
                text run at (1,1) width 30: "Data"
            RenderTableCell {TD} at (52,2) size 32x19 [r=0 c=1 rs=1 cs=1]
              RenderText {#text} at (1,1) size 30x17
                text run at (1,1) width 30: "Data"
          RenderTableRow {TR} at (0,23) size 86x19
            RenderTableCell {TD} at (2,23) size 48x19 [r=1 c=0 rs=1 cs=1]
              RenderText {#text} at (1,1) size 30x17
                text run at (1,1) width 30: "Data"
            RenderTableCell {TD} at (52,23) size 32x19 [r=1 c=1 rs=1 cs=1]
              RenderText {#text} at (1,1) size 30x17
                text run at (1,1) width 30: "Data"
          RenderTableRow {TR} at (0,44) size 86x19
            RenderTableCell {TD} at (2,44) size 48x19 [r=2 c=0 rs=1 cs=1]
              RenderText {#text} at (1,1) size 46x17
                text run at (1,1) width 46: "foo foo"
      RenderBlock (anonymous) at (0,823) size 769x17
        RenderText {#text} at (0,0) size 139x17
          text run at (0,0) width 139: "table 7 - insert caption"
      RenderTable {TABLE} at (5,850) size 90x89 [border: (10px solid #008000)]
        RenderTableSection {TBODY} at (10,35) size 70x44
          RenderTableRow {TR} at (0,2) size 70x19
            RenderTableCell {TD} at (2,2) size 32x19 [r=0 c=0 rs=1 cs=1]
              RenderText {#text} at (1,1) size 30x17
                text run at (1,1) width 30: "Data"
            RenderTableCell {TD} at (36,2) size 32x19 [r=0 c=1 rs=1 cs=1]
              RenderText {#text} at (1,1) size 30x17
                text run at (1,1) width 30: "Data"
          RenderTableRow {TR} at (0,23) size 70x19
            RenderTableCell {TD} at (2,23) size 32x19 [r=1 c=0 rs=1 cs=1]
              RenderText {#text} at (1,1) size 30x17
                text run at (1,1) width 30: "Data"
            RenderTableCell {TD} at (36,23) size 32x19 [r=1 c=1 rs=1 cs=1]
              RenderText {#text} at (1,1) size 30x17
                text run at (1,1) width 30: "Data"
        RenderBlock {CAPTION} at (10,2) size 80x23 [border: (3px solid #800080)]
          RenderText {#text} at (13,3) size 54x17
            text run at (13,3) width 54: "new cap"
      RenderBlock (anonymous) at (0,944) size 769x17
        RenderText {#text} at (0,0) size 152x17
          text run at (0,0) width 152: "table 8 - remove caption"
      RenderTable {TABLE} at (5,971) size 90x64 [border: (10px solid #008000)]
        RenderTableSection {TBODY} at (10,10) size 70x44
          RenderTableRow {TR} at (0,2) size 70x19
            RenderTableCell {TD} at (2,2) size 32x19 [r=0 c=0 rs=1 cs=1]
              RenderText {#text} at (1,1) size 30x17
                text run at (1,1) width 30: "Data"
            RenderTableCell {TD} at (36,2) size 32x19 [r=0 c=1 rs=1 cs=1]
              RenderText {#text} at (1,1) size 30x17
                text run at (1,1) width 30: "Data"
          RenderTableRow {TR} at (0,23) size 70x19
            RenderTableCell {TD} at (2,23) size 32x19 [r=1 c=0 rs=1 cs=1]
              RenderText {#text} at (1,1) size 30x17
                text run at (1,1) width 30: "Data"
            RenderTableCell {TD} at (36,23) size 32x19 [r=1 c=1 rs=1 cs=1]
              RenderText {#text} at (1,1) size 30x17
                text run at (1,1) width 30: "Data"
