layer at (0,0) size 800x600
  RenderView at (0,0) size 800x600
layer at (0,0) size 800x600
  RenderBlock {HTML} at (0,0) size 800x600
    RenderBody {BODY} at (8,8) size 784x584
      RenderTable {TABLE} at (0,0) size 784x40 [border: (2px outset #808080)]
        RenderTableSection {TBODY} at (2,2) size 780x36
          RenderTableRow {TR} at (0,0) size 780x36
            RenderTableCell {TD} at (0,8) size 723x20 [border: (1px inset #808080)] [r=0 c=0 rs=1 cs=1]
              RenderText {#text} at (1,1) size 69x18
                text run at (1,2) width 69: "A Big Cell"
            RenderTableCell {TD} at (723,0) size 57x36 [border: (1px inset #808080)] [r=0 c=1 rs=1 cs=1]
              RenderText {#text} at (1,1) size 33x34
                text run at (1,1) width 12: "A"
                text run at (1,18) width 33: "small"
              RenderInline {SPAN} at (0,0) size 22x17
                RenderText {#text} at (34,18) size 22x17
                  text run at (34,18) width 22: "cell"
      RenderTable {TABLE} at (0,40) size 784x40 [border: (2px outset #808080)]
        RenderTableSection {TBODY} at (2,2) size 780x36
          RenderTableRow {TR} at (0,0) size 780x36
            RenderTableCell {TD} at (0,8) size 716x20 [border: (1px inset #808080)] [r=0 c=0 rs=1 cs=1]
              RenderText {#text} at (1,1) size 69x18
                text run at (1,2) width 69: "A Big Cell"
            RenderTableCell {TD} at (716,0) size 64x36 [border: (1px inset #808080)] [r=0 c=1 rs=1 cs=1]
              RenderText {#text} at (1,1) size 49x17
                text run at (1,1) width 49: "A small"
                text run at (50,1) width 0: " "
              RenderInline {SPAN} at (0,0) size 22x17
                RenderText {#text} at (1,18) size 22x17
                  text run at (1,18) width 22: "cell"
              RenderText {#text} at (23,18) size 40x17
                text run at (23,18) width 40: "block!"
      RenderTable {TABLE} at (0,80) size 784x23 [border: (2px outset #808080)]
        RenderTableSection {TBODY} at (2,2) size 780x19
          RenderTableRow {TR} at (0,0) size 780x19
            RenderTableCell {TD} at (0,0) size 707x19 [border: (1px inset #808080)] [r=0 c=0 rs=1 cs=1]
              RenderText {#text} at (1,1) size 69x17
                text run at (1,1) width 69: "A Big Cell"
            RenderTableCell {TD} at (707,0) size 73x19 [border: (1px inset #808080)] [r=0 c=1 rs=1 cs=1]
              RenderText {#text} at (1,1) size 49x17
                text run at (1,1) width 49: "A small"
              RenderInline {SPAN} at (0,0) size 22x17
                RenderText {#text} at (50,1) size 22x17
                  text run at (50,1) width 22: "cell"
