layer at (0,0) size 800x600
  RenderView at (0,0) size 800x600
layer at (0,0) size 800x600
  RenderBlock {HTML} at (0,0) size 800x600
    RenderBody {BODY} at (8,8) size 784x576
      RenderBlock {DIV} at (0,0) size 396x187 [border: (2px solid #FF0000)]
        RenderBlock {P} at (2,18) size 392x34
          RenderText {#text} at (0,0) size 361x34
            text run at (0,0) width 361: "I\x{2019}m told this is the longest word in the English"
            text run at (0,17) width 322: "language: anti\x{AD}dis\x{AD}est\x{AD}ab\x{AD}lish\x{AD}ment\x{AD}arian\x{AD}ism."
        RenderBlock {P} at (2,68) size 392x34
          RenderText {#text} at (0,0) size 361x34
            text run at (0,0) width 361: "I\x{2019}m told this is the longest word in the English"
            text run at (0,17) width 322: "language: anti\x{AD}dis\x{AD}est\x{AD}ab\x{AD}lish\x{AD}ment\x{AD}arian\x{AD}ism."
        RenderBlock {P} at (2,118) size 392x51
          RenderText {#text} at (0,0) size 361x34
            text run at (0,0) width 361: "I\x{2019}m told this is the longest word in the English"
            text run at (0,17) width 180: "language: anti\x{AD}dis\x{AD}est\x{AD}ab\x{AD}"
          RenderBR {BR} at (180,31) size 0x0
          RenderText {#text} at (0,34) size 142x17
            text run at (0,34) width 142: "lish\x{AD}ment\x{AD}arian\x{AD}ism."
      RenderBlock {P} at (0,203) size 784x0
      RenderBlock (floating) {DIV} at (0,203) size 692x136 [border: (2px solid #FF0000)]
        RenderBlock {P} at (2,18) size 688x17
          RenderText {#text} at (0,0) size 688x17
            text run at (0,0) width 688: "I\x{2019}m told this is the longest word in the English language: anti\x{AD}dis\x{AD}est\x{AD}ab\x{AD}lish\x{AD}ment\x{AD}arian\x{AD}ism."
        RenderBlock {P} at (2,51) size 688x17
          RenderText {#text} at (0,0) size 688x17
            text run at (0,0) width 688: "I\x{2019}m told this is the longest word in the English language: anti\x{AD}dis\x{AD}est\x{AD}ab\x{AD}lish\x{AD}ment\x{AD}arian\x{AD}ism."
        RenderBlock {P} at (2,84) size 688x34
          RenderText {#text} at (0,0) size 546x17
            text run at (0,0) width 546: "I\x{2019}m told this is the longest word in the English language: anti\x{AD}dis\x{AD}est\x{AD}ab\x{AD}"
          RenderBR {BR} at (546,14) size 0x0
          RenderText {#text} at (0,17) size 142x17
            text run at (0,17) width 142: "lish\x{AD}ment\x{AD}arian\x{AD}ism."
