layer at (0,0) size 800x600
  RenderView at (0,0) size 800x600
layer at (0,0) size 800x600
  RenderBlock {HTML} at (0,0) size 800x600
    RenderBody {BODY} at (8,8) size 784x576
      RenderBlock {P} at (0,0) size 784x34
        RenderText {#text} at (0,0) size 212x17
          text run at (0,0) width 212: "This tests for a regression against "
        RenderInline {I} at (0,0) size 759x34
          RenderInline {A} at (0,0) size 348x17 [color=#0000EE]
            RenderText {#text} at (212,0) size 348x17
              text run at (212,0) width 348: "http://bugzilla.opendarwin.org/show_bug.cgi?id=6418"
          RenderText {#text} at (560,0) size 759x34
            text run at (560,0) width 4: " "
            text run at (564,0) width 195: "Incorrect scrollbar when using"
            text run at (0,17) width 279: "overflow:auto and word-wrap:break-word; "
            text run at (279,17) width 87: "in some cases"
        RenderText {#text} at (366,17) size 4x17
          text run at (366,17) width 4: "."
      RenderBlock {HR} at (0,50) size 784x2 [border: (1px inset #000000)]
      RenderBlock {P} at (0,68) size 784x17
        RenderText {#text} at (0,0) size 261x17
          text run at (0,0) width 261: "The first line should break after \x{201C}Lorem\x{201D}."
      RenderBlock {DIV} at (0,101) size 85x36 [border: (1px solid #00FFFF)]
        RenderText {#text} at (1,1) size 42x34
          text run at (1,1) width 42: "Lorem"
          text run at (1,18) width 38: "ipsum"
        RenderInline {SPAN} at (0,0) size 37x17
          RenderText {#text} at (39,18) size 37x17
            text run at (39,18) width 37: " dolor"
        RenderText {#text} at (0,0) size 0x0
      RenderBlock {HR} at (0,145) size 784x2 [border: (1px inset #000000)]
      RenderBlock {P} at (0,163) size 784x17
        RenderText {#text} at (0,0) size 659x17
          text run at (0,0) width 477: "The first line should break after the letter u, so that the gray border does not "
          text run at (477,0) width 182: "extend beyond the cyan box."
      RenderBlock {DIV} at (0,196) size 87x36 [border: (1px solid #00FFFF)]
        RenderInline {SPAN} at (0,0) size 68x34 [border: none (30px solid #C0C0C0) none]
          RenderText {#text} at (1,1) size 68x34
            text run at (1,1) width 68: "Loremipsu"
            text run at (1,18) width 12: "m"
        RenderText {#text} at (0,0) size 0x0
      RenderBlock {HR} at (0,240) size 784x2 [border: (1px inset #000000)]
      RenderBlock {P} at (0,258) size 784x17
        RenderText {#text} at (0,0) size 609x17
          text run at (0,0) width 427: "The first line should break after the letter p, so that the text does not "
          text run at (427,0) width 182: "extend beyond the cyan box."
      RenderBlock {DIV} at (0,291) size 87x36 [border: (1px solid #00FFFF)]
        RenderInline {SPAN} at (0,0) size 84x34 [border: none (30px solid #C0C0C0)]
          RenderText {#text} at (31,1) size 84x34
            text run at (31,1) width 54: "Loremip"
            text run at (1,18) width 26: "sum"
        RenderText {#text} at (0,0) size 0x0
      RenderBlock {HR} at (0,335) size 784x2 [border: (1px inset #000000)]
      RenderBlock {P} at (0,353) size 784x17
        RenderText {#text} at (0,0) size 253x17
          text run at (0,0) width 253: "\x{201C}Dolor\x{201D} should not break into two lines."
layer at (8,394) size 41x19
  RenderBlock (positioned) {DIV} at (8,394) size 41x19
    RenderBlock {DIV} at (0,0) size 41x19 [border: (1px solid #00FFFF)]
      RenderText {#text} at (1,1) size 39x17
        text run at (1,1) width 39: "Dolor"
