layer at (0,0) size 800x600
  RenderView at (0,0) size 800x600
layer at (0,0) size 800x600
  RenderBlock {HTML} at (0,0) size 800x600
    RenderBody {BODY} at (8,8) size 784x584
      RenderBlock {H3} at (0,0) size 784x21
        RenderText {#text} at (0,0) size 377x21
          text run at (0,0) width 377: "tt's, font-family inheriting and font-size: a bug"
      RenderTable {TABLE} at (0,39) size 703x332
        RenderTableSection {TBODY} at (0,0) size 703x331
          RenderTableRow {TR} at (0,10) size 703x172
            RenderTableCell {TD} at (10,10) size 684x172 [r=0 c=0 rs=1 cs=2]
              RenderText {#text} at (1,1) size 259x17
                text run at (1,1) width 259: "The css in the head of this file is like this:"
              RenderBR {BR} at (260,15) size 0x0
              RenderBR {BR} at (1,18) size 0x17
              RenderText {#text} at (1,35) size 84x17
                text run at (1,35) width 84: "html, body { "
              RenderBR {BR} at (85,49) size 0x0
              RenderText {#text} at (1,52) size 156x17
                text run at (1,52) width 156: "    font-family: Verdana; "
              RenderBR {BR} at (157,66) size 0x0
              RenderText {#text} at (1,69) size 8x17
                text run at (1,69) width 8: "}"
              RenderBR {BR} at (9,83) size 0x0
              RenderText {#text} at (1,86) size 57x17
                text run at (1,86) width 57: "tt, span {"
              RenderBR {BR} at (58,100) size 0x0
              RenderText {#text} at (1,103) size 121x17
                text run at (1,103) width 121: "    font-size: 0.8em;"
              RenderBR {BR} at (122,117) size 0x0
              RenderText {#text} at (1,120) size 8x17
                text run at (1,120) width 8: "}"
              RenderBR {BR} at (9,134) size 0x0
              RenderBR {BR} at (1,137) size 0x17
              RenderText {#text} at (1,154) size 681x17
                text run at (1,154) width 681: "The two columns below show that inheriting the font does not correctly inherit the font-size for a <tt> block."
              RenderBR {BR} at (682,168) size 0x0
          RenderTableRow {TR} at (0,192) size 703x19
            RenderTableCell {TH} at (10,192) size 305x19 [r=1 c=0 rs=1 cs=1]
              RenderText {#text} at (138,1) size 29x17
                text run at (138,1) width 29: "<tt>"
            RenderTableCell {TH} at (324,192) size 370x19 [r=1 c=1 rs=1 cs=1]
              RenderText {#text} at (159,1) size 51x17
                text run at (159,1) width 51: "<span>"
          RenderTableRow {TR} at (0,221) size 703x17
            RenderTableCell {TD} at (10,221) size 305x17 [r=2 c=0 rs=1 cs=1]
              RenderInline {TT} at (0,0) size 211x15
                RenderText {#text} at (1,1) size 211x15
                  text run at (1,1) width 211: "font-family: Verdana; font-size: 0.8em;"
              RenderText {#text} at (0,0) size 0x0
            RenderTableCell {TD} at (324,221) size 370x17 [r=2 c=1 rs=1 cs=1]
              RenderInline {SPAN} at (0,0) size 211x15
                RenderText {#text} at (1,1) size 211x15
                  text run at (1,1) width 211: "font-family: Verdana; font-size: 0.8em;"
              RenderText {#text} at (0,0) size 0x0
          RenderTableRow {TR} at (0,248) size 703x17
            RenderTableCell {TD} at (10,248) size 305x17 [r=3 c=0 rs=1 cs=1]
              RenderInline {TT} at (0,0) size 258x15
                RenderText {#text} at (1,1) size 258x15
                  text run at (1,1) width 258: "font-family: inherit (Verdana); font-size: 0.8em;"
              RenderText {#text} at (0,0) size 0x0
            RenderTableCell {TD} at (324,248) size 370x17 [r=3 c=1 rs=1 cs=1]
              RenderInline {SPAN} at (0,0) size 202x15
                RenderText {#text} at (1,1) size 202x15
                  text run at (1,1) width 202: "font-family: inherit; font-size: 0.8em;"
              RenderText {#text} at (0,0) size 0x0
          RenderTableRow {TR} at (0,275) size 703x19
            RenderTableCell {TD} at (10,275) size 305x19 [r=4 c=0 rs=1 cs=1]
              RenderInline {TT} at (0,0) size 245x17
                RenderText {#text} at (1,1) size 245x17
                  text run at (1,1) width 245: "font-family: Verdana; font-size: 1.0em;"
              RenderText {#text} at (0,0) size 0x0
            RenderTableCell {TD} at (324,275) size 370x19 [r=4 c=1 rs=1 cs=1]
              RenderInline {SPAN} at (0,0) size 245x17
                RenderText {#text} at (1,1) size 245x17
                  text run at (1,1) width 245: "font-family: Verdana; font-size: 1.0em;"
              RenderText {#text} at (0,0) size 0x0
          RenderTableRow {TR} at (0,304) size 703x17
            RenderTableCell {TD} at (10,306) size 305x13 [r=5 c=0 rs=1 cs=1]
              RenderInline {TT} at (0,0) size 186x11
                RenderText {#text} at (1,1) size 186x11
                  text run at (1,1) width 186: "default font; font-size: 0.8em;"
              RenderText {#text} at (0,0) size 0x0
            RenderTableCell {TD} at (324,304) size 370x17 [r=5 c=1 rs=1 cs=1]
              RenderInline {SPAN} at (0,0) size 312x15
                RenderText {#text} at (1,1) size 312x15
                  text run at (1,1) width 312: "font-family: courier; font-size: 0.8em;"
              RenderText {#text} at (0,0) size 0x0
