layer at (0,0) size 800x600
  RenderView at (0,0) size 800x600
layer at (0,0) size 800x264
  RenderBlock {HTML} at (0,0) size 800x264
    RenderBody {BODY} at (8,16) size 784x240
      RenderBlock {P} at (0,0) size 784x17
        RenderText {#text} at (0,0) size 496x17
          text run at (0,0) width 496: "The iframes below should remain grey with no repaint artifacts when scrolling."
      RenderBlock {DIV} at (0,33) size 784x207
        RenderBlock {DIV} at (0,0) size 154x207
        RenderText {#text} at (154,190) size 4x17
          text run at (154,190) width 4: " "
        RenderBlock {DIV} at (158,0) size 154x207
        RenderText {#text} at (0,0) size 0x0
layer at (8,49) size 154x207
  RenderBlock (relative positioned) {DIV} at (0,0) size 154x207
layer at (8,50) size 154x207
  RenderBlock (relative positioned) {DIV} at (0,0) size 154x207
    RenderIFrame {IFRAME} at (0,0) size 154x204 [border: (2px inset #000000)]
      layer at (0,0) size 135x1016
        RenderView at (0,0) size 135x200
      layer at (0,0) size 135x1016
        RenderBlock {HTML} at (0,0) size 135x1016
          RenderBody {BODY} at (8,8) size 119x1000 [bgcolor=#C0C0C0]
    RenderText {#text} at (0,0) size 0x0
layer at (166,49) size 154x207
  RenderBlock (relative positioned) {DIV} at (0,0) size 154x207
layer at (166,50) size 154x207
  RenderBlock (relative positioned) {DIV} at (0,0) size 154x207
    RenderIFrame {IFRAME} at (0,0) size 154x204 [border: (2px inset #000000)]
      layer at (0,0) size 135x1016
        RenderView at (0,0) size 135x200
      layer at (0,0) size 135x1016
        RenderBlock {HTML} at (0,0) size 135x1016
          RenderBody {BODY} at (8,8) size 119x1000 [bgcolor=#C0C0C0]
    RenderText {#text} at (0,0) size 0x0
