layer at (0,0) size 785x653
  RenderView at (0,0) size 785x600
layer at (0,0) size 785x600
  RenderBlock {HTML} at (0,0) size 785x600
    RenderBody {BODY} at (0,0) size 785x600 [border: (1px solid #000000)]
layer at (30,500) size 338x153
  RenderBlock (positioned) {DIV} at (30,500) size 338x153
    RenderInline {SPAN} at (0,0) size 298x17 [color=#008000]
      RenderText {#text} at (0,0) size 298x17
        text run at (0,0) width 298: "PASS: event at (44, 44) hit box1 at offset (2, 2)"
    RenderBR {BR} at (298,14) size 0x0
    RenderInline {SPAN} at (0,0) size 298x17 [color=#008000]
      RenderText {#text} at (0,17) size 298x17
        text run at (0,17) width 298: "PASS: event at (69, 55) hit box2 at offset (2, 2)"
    RenderBR {BR} at (298,31) size 0x0
    RenderInline {SPAN} at (0,0) size 330x17 [color=#008000]
      RenderText {#text} at (0,34) size 330x17
        text run at (0,34) width 330: "PASS: event at (165, 182) hit box2 at offset (96, 96)"
    RenderBR {BR} at (330,48) size 0x0
    RenderInline {SPAN} at (0,0) size 306x17 [color=#008000]
      RenderText {#text} at (0,51) size 306x17
        text run at (0,51) width 306: "PASS: event at (333, 79) hit box7 at offset (2, 2)"
    RenderBR {BR} at (306,65) size 0x0
    RenderInline {SPAN} at (0,0) size 314x17 [color=#008000]
      RenderText {#text} at (0,68) size 314x17
        text run at (0,68) width 314: "PASS: event at (87, 325) hit box10 at offset (2, 2)"
    RenderBR {BR} at (314,82) size 0x0
    RenderInline {SPAN} at (0,0) size 338x17 [color=#008000]
      RenderText {#text} at (0,85) size 338x17
        text run at (0,85) width 338: "PASS: event at (196, 467) hit box10 at offset (98, 98)"
    RenderBR {BR} at (338,99) size 0x0
    RenderInline {SPAN} at (0,0) size 322x17 [color=#008000]
      RenderText {#text} at (0,102) size 322x17
        text run at (0,102) width 322: "PASS: event at (333, 325) hit box13 at offset (2, 2)"
    RenderBR {BR} at (322,116) size 0x0
    RenderInline {SPAN} at (0,0) size 322x17 [color=#008000]
      RenderText {#text} at (0,119) size 322x17
        text run at (0,119) width 322: "PASS: event at (353, 352) hit box14 at offset (2, 2)"
    RenderBR {BR} at (322,133) size 0x0
    RenderInline {SPAN} at (0,0) size 338x17 [color=#008000]
      RenderText {#text} at (0,136) size 338x17
        text run at (0,136) width 338: "PASS: event at (472, 507) hit box14 at offset (97, 97)"
    RenderBR {BR} at (338,150) size 0x0
layer at (21,21) size 202x202
  RenderBlock (positioned) {DIV} at (21,21) size 202x202 [border: (1px solid #000000)]
layer at (42,42) size 140x140
  RenderBlock {DIV} at (21,21) size 140x140 [bgcolor=#DDDDDD] [border: (1px solid #000000)]
layer at (63,63) size 100x100
  RenderBlock (relative positioned) {DIV} at (21,21) size 100x100 [bgcolor=#AAAAAA] [border: (1px solid #000000)]
layer at (267,21) size 202x202
  RenderBlock (positioned) {DIV} at (267,21) size 202x202 [border: (1px solid #000000)]
layer at (288,42) size 140x140
  RenderBlock {DIV} at (21,21) size 140x140 [bgcolor=#DDDDDD] [border: (1px solid #000000)]
layer at (309,63) size 100x100
  RenderBlock (relative positioned) {DIV} at (21,21) size 100x100 [bgcolor=#AAAAAA] [border: (1px solid #000000)]
    RenderBlock {DIV} at (21,21) size 100x100 [bgcolor=#0000FF] [border: (1px solid #000000)]
layer at (21,267) size 202x202
  RenderBlock (positioned) {DIV} at (21,267) size 202x202 [border: (1px solid #000000)]
layer at (42,288) size 140x140
  RenderBlock {DIV} at (21,21) size 140x140 [bgcolor=#DDDDDD] [border: (1px solid #000000)]
layer at (63,309) size 100x100
  RenderBlock (relative positioned) {DIV} at (21,21) size 100x100 [bgcolor=#AAAAAA] [border: (1px solid #000000)]
layer at (84,330) size 100x100
  RenderBlock (relative positioned) {DIV} at (21,21) size 100x100 [bgcolor=#0000FF] [border: (1px solid #000000)]
layer at (267,267) size 202x202
  RenderBlock (positioned) {DIV} at (267,267) size 202x202 [border: (1px solid #000000)]
layer at (288,288) size 140x140
  RenderBlock {DIV} at (21,21) size 140x140 [bgcolor=#DDDDDD] [border: (1px solid #000000)]
layer at (309,309) size 100x100
  RenderBlock (relative positioned) {DIV} at (21,21) size 100x100 [bgcolor=#AAAAAA] [border: (1px solid #000000)]
    RenderBlock {DIV} at (21,21) size 100x100 [bgcolor=#C0D69E] [border: (1px solid #000000)]
layer at (351,351) size 100x100
  RenderBlock (relative positioned) {DIV} at (21,21) size 100x100 [bgcolor=#0000FF] [border: (1px solid #000000)]
