layer at (0,0) size 785x789
  RenderView at (0,0) size 785x600
layer at (0,0) size 785x600
  RenderBlock {HTML} at (0,0) size 785x600
    RenderBody {BODY} at (0,0) size 785x600 [border: (1px solid #000000)]
layer at (30,500) size 338x289
  RenderBlock (positioned) {DIV} at (30,500) size 338x289
    RenderInline {SPAN} at (0,0) size 298x17 [color=#008000]
      RenderText {#text} at (0,0) size 298x17
        text run at (0,0) width 298: "PASS: event at (44, 44) hit box1 at offset (2, 2)"
    RenderBR {BR} at (298,14) size 0x0
    RenderInline {SPAN} at (0,0) size 298x17 [color=#008000]
      RenderText {#text} at (0,17) size 298x17
        text run at (0,17) width 298: "PASS: event at (74, 68) hit box2 at offset (2, 2)"
    RenderBR {BR} at (298,31) size 0x0
    RenderInline {SPAN} at (0,0) size 330x17 [color=#008000]
      RenderText {#text} at (0,34) size 330x17
        text run at (0,34) width 330: "PASS: event at (157, 164) hit box2 at offset (98, 98)"
    RenderBR {BR} at (330,48) size 0x0
    RenderInline {SPAN} at (0,0) size 306x17 [color=#008000]
      RenderText {#text} at (0,51) size 306x17
        text run at (0,51) width 306: "PASS: event at (320, 68) hit box4 at offset (2, 2)"
    RenderBR {BR} at (306,65) size 0x0
    RenderInline {SPAN} at (0,0) size 306x17 [color=#008000]
      RenderText {#text} at (0,68) size 306x17
        text run at (0,68) width 306: "PASS: event at (336, 87) hit box5 at offset (2, 2)"
    RenderBR {BR} at (306,82) size 0x0
    RenderInline {SPAN} at (0,0) size 306x17 [color=#008000]
      RenderText {#text} at (0,85) size 306x17
        text run at (0,85) width 306: "PASS: event at (582, 87) hit box8 at offset (2, 2)"
    RenderBR {BR} at (306,99) size 0x0
    RenderInline {SPAN} at (0,0) size 330x17 [color=#008000]
      RenderText {#text} at (0,102) size 330x17
        text run at (0,102) width 330: "PASS: event at (658, 174) hit box8 at offset (86, 86)"
    RenderBR {BR} at (330,116) size 0x0
    RenderInline {SPAN} at (0,0) size 314x17 [color=#008000]
      RenderText {#text} at (0,119) size 314x17
        text run at (0,119) width 314: "PASS: event at (74, 314) hit box10 at offset (2, 2)"
    RenderBR {BR} at (314,133) size 0x0
    RenderInline {SPAN} at (0,0) size 314x17 [color=#008000]
      RenderText {#text} at (0,136) size 314x17
        text run at (0,136) width 314: "PASS: event at (91, 351) hit box11 at offset (2, 2)"
    RenderBR {BR} at (314,150) size 0x0
    RenderInline {SPAN} at (0,0) size 322x17 [color=#008000]
      RenderText {#text} at (0,153) size 322x17
        text run at (0,153) width 322: "PASS: event at (320, 314) hit box13 at offset (2, 2)"
    RenderBR {BR} at (322,167) size 0x0
    RenderInline {SPAN} at (0,0) size 322x17 [color=#008000]
      RenderText {#text} at (0,170) size 322x17
        text run at (0,170) width 322: "PASS: event at (343, 351) hit box14 at offset (2, 2)"
    RenderBR {BR} at (322,184) size 0x0
    RenderInline {SPAN} at (0,0) size 322x17 [color=#008000]
      RenderText {#text} at (0,187) size 322x17
        text run at (0,187) width 322: "PASS: event at (365, 375) hit box15 at offset (2, 2)"
    RenderBR {BR} at (322,201) size 0x0
    RenderInline {SPAN} at (0,0) size 322x17 [color=#008000]
      RenderText {#text} at (0,204) size 322x17
        text run at (0,204) width 322: "PASS: event at (566, 314) hit box17 at offset (2, 2)"
    RenderBR {BR} at (322,218) size 0x0
    RenderInline {SPAN} at (0,0) size 322x17 [color=#008000]
      RenderText {#text} at (0,221) size 322x17
        text run at (0,221) width 322: "PASS: event at (587, 352) hit box18 at offset (2, 2)"
    RenderBR {BR} at (322,235) size 0x0
    RenderInline {SPAN} at (0,0) size 322x17 [color=#008000]
      RenderText {#text} at (0,238) size 322x17
        text run at (0,238) width 322: "PASS: event at (629, 401) hit box19 at offset (2, 2)"
    RenderBR {BR} at (322,252) size 0x0
    RenderInline {SPAN} at (0,0) size 322x17 [color=#008000]
      RenderText {#text} at (0,255) size 322x17
        text run at (0,255) width 322: "PASS: event at (653, 422) hit box20 at offset (2, 2)"
    RenderBR {BR} at (322,269) size 0x0
    RenderInline {SPAN} at (0,0) size 338x17 [color=#008000]
      RenderText {#text} at (0,272) size 338x17
        text run at (0,272) width 338: "PASS: event at (745, 505) hit box20 at offset (86, 87)"
    RenderBR {BR} at (338,286) size 0x0
layer at (21,21) size 202x202
  RenderBlock (positioned) {DIV} at (21,21) size 202x202 [border: (1px solid #000000)]
layer at (42,42) size 140x140
  RenderBlock {DIV} at (21,21) size 140x140 [bgcolor=#DDDDDD] [border: (1px solid #000000)]
layer at (63,63) size 100x100
  RenderBlock (relative positioned) {DIV} at (21,21) size 100x100 [bgcolor=#81AA8A] [border: (1px solid #000000)]
layer at (267,21) size 202x202
  RenderBlock (positioned) {DIV} at (267,21) size 202x202 [border: (1px solid #000000)]
layer at (288,42) size 140x140
  RenderBlock {DIV} at (21,21) size 140x140 [bgcolor=#DDDDDD] [border: (1px solid #000000)]
layer at (309,63) size 100x100
  RenderBlock (relative positioned) {DIV} at (21,21) size 100x100 [bgcolor=#81AA8A] [border: (1px solid #000000)]
    RenderBlock {DIV} at (21,21) size 90x90 [bgcolor=#0000FF] [border: (1px solid #000000)]
layer at (513,21) size 202x202
  RenderBlock (positioned) {DIV} at (513,21) size 202x202 [border: (1px solid #000000)]
layer at (534,42) size 140x140
  RenderBlock {DIV} at (21,21) size 140x140 [bgcolor=#DDDDDD] [border: (1px solid #000000)]
layer at (555,63) size 100x100
  RenderBlock (relative positioned) {DIV} at (21,21) size 100x100 [bgcolor=#81AA8A] [border: (1px solid #000000)]
layer at (576,84) size 90x90
  RenderBlock (relative positioned) {DIV} at (21,21) size 90x90 [bgcolor=#0000FF] [border: (1px solid #000000)]
layer at (21,267) size 202x202
  RenderBlock (positioned) {DIV} at (21,267) size 202x202 [border: (1px solid #000000)]
layer at (42,288) size 140x140
  RenderBlock {DIV} at (21,21) size 140x140 [bgcolor=#DDDDDD] [border: (1px solid #000000)]
layer at (63,309) size 100x100
  RenderBlock (relative positioned) {DIV} at (21,21) size 100x100 [bgcolor=#81AA8A] [border: (1px solid #000000)]
layer at (104,350) size 100x100
  RenderBlock (relative positioned) {DIV} at (41,41) size 100x100 [border: (1px solid #000000)]
layer at (267,267) size 202x202
  RenderBlock (positioned) {DIV} at (267,267) size 202x202 [border: (1px solid #000000)]
layer at (288,288) size 140x140
  RenderBlock {DIV} at (21,21) size 140x140 [bgcolor=#DDDDDD] [border: (1px solid #000000)]
layer at (309,309) size 100x100
  RenderBlock (relative positioned) {DIV} at (21,21) size 100x100 [bgcolor=#81AA8A] [border: (1px solid #000000)]
layer at (350,350) size 100x100
  RenderBlock (relative positioned) {DIV} at (41,41) size 100x100 [border: (1px solid #000000)]
    RenderBlock {DIV} at (21,21) size 90x90 [bgcolor=#0000FF] [border: (1px solid #000000)]
layer at (513,267) size 202x202
  RenderBlock (positioned) {DIV} at (513,267) size 202x202 [border: (1px solid #000000)]
layer at (534,288) size 140x140
  RenderBlock {DIV} at (21,21) size 140x140 [bgcolor=#DDDDDD] [border: (1px solid #000000)]
layer at (555,309) size 100x100
  RenderBlock (relative positioned) {DIV} at (21,21) size 100x100 [bgcolor=#81AA8A] [border: (1px solid #000000)]
layer at (596,350) size 100x100
  RenderBlock (relative positioned) {DIV} at (41,41) size 100x100 [border: (1px solid #000000)]
layer at (637,391) size 100x100
  RenderBlock (relative positioned) {DIV} at (41,41) size 100x100 [bgcolor=#AA7994] [border: (1px solid #000000)]
    RenderBlock {DIV} at (21,21) size 90x90 [bgcolor=#0000FF] [border: (1px solid #000000)]
