layer at (0,0) size 785x840
  RenderView at (0,0) size 785x600
layer at (0,0) size 785x840
  RenderBlock {HTML} at (0,0) size 785x840
    RenderBody {BODY} at (8,8) size 769x824
      RenderBlock {P} at (0,0) size 769x17
        RenderText {#text} at (0,0) size 283x17
          text run at (0,0) width 283: "150% zoom, with width and height attributes"
      RenderBlock (anonymous) at (0,33) size 769x371
        RenderText {#text} at (0,354) size 4x17
          text run at (0,354) width 4: " "
        RenderBR {BR} at (492,368) size 0x0
      RenderBlock {P} at (0,420) size 769x17
        RenderText {#text} at (0,0) size 303x17
          text run at (0,0) width 303: "150% zoom, without width and height attributes"
      RenderBlock (anonymous) at (0,453) size 769x371
        RenderText {#text} at (0,354) size 4x17
          text run at (0,354) width 4: " "
        RenderBR {BR} at (492,368) size 0x0
layer at (12,41) size 488x368
  RenderVideo {VIDEO} at (4,0) size 488x368 [border: (4px solid #FF0000)]
layer at (12,461) size 488x368
  RenderVideo {VIDEO} at (4,0) size 488x368 [border: (4px solid #FF0000)]
