layer at (0,0) size 800x600
  RenderView at (0,0) size 800x600
layer at (0,0) size 800x191
  RenderBlock {HTML} at (0,0) size 800x191
    RenderBody {BODY} at (8,8) size 784x175
      RenderBlock {DIV} at (0,0) size 784x20
        RenderText {#text} at (0,0) size 610x19
          text run at (0,0) width 610: "When the caret is scrolled out, on starting typing it must be brought to the center of the control."
      RenderBlock (anonymous) at (0,20) size 784x155
        RenderText {#text} at (0,0) size 0x0
        RenderText {#text} at (0,0) size 0x0
layer at (10,30) size 90x146 clip at (11,31) size 73x144 scrollHeight 452
  RenderTextControl {TEXTAREA} at (2,2) size 90x146 [bgcolor=#FFFFFF] [border: (1px solid #4C4C4C)]
    RenderBlock {DIV} at (6,3) size 63x448
      RenderText {#text} at (0,0) size 13x434
        text run at (0,0) width 13: "00"
        text run at (12,0) width 1: " "
        text run at (0,14) width 13: "01"
        text run at (12,14) width 1: " "
        text run at (0,28) width 13: "02"
        text run at (12,28) width 1: " "
        text run at (0,42) width 13: "03"
        text run at (12,42) width 1: " "
        text run at (0,56) width 13: "04"
        text run at (12,56) width 1: " "
        text run at (0,70) width 13: "05"
        text run at (12,70) width 1: " "
        text run at (0,84) width 13: "06"
        text run at (12,84) width 1: " "
        text run at (0,98) width 13: "07"
        text run at (12,98) width 1: " "
        text run at (0,112) width 13: "08"
        text run at (12,112) width 1: " "
        text run at (0,126) width 13: "09"
        text run at (12,126) width 1: " "
        text run at (0,140) width 13: "10"
        text run at (12,140) width 1: " "
        text run at (0,154) width 12: "11"
        text run at (11,154) width 1: " "
        text run at (0,168) width 13: "12"
        text run at (12,168) width 1: " "
        text run at (0,182) width 13: "13"
        text run at (12,182) width 1: " "
        text run at (0,196) width 13: "14"
        text run at (12,196) width 1: " "
        text run at (0,210) width 13: "15"
        text run at (12,210) width 1: " "
        text run at (0,224) width 13: "16"
        text run at (12,224) width 1: " "
        text run at (0,238) width 13: "17"
        text run at (12,238) width 1: " "
        text run at (0,252) width 13: "18"
        text run at (12,252) width 1: " "
        text run at (0,266) width 13: "19"
        text run at (12,266) width 1: " "
        text run at (0,280) width 13: "20"
        text run at (12,280) width 1: " "
        text run at (0,294) width 13: "21"
        text run at (12,294) width 1: " "
        text run at (0,308) width 13: "22"
        text run at (12,308) width 1: " "
        text run at (0,322) width 13: "23"
        text run at (12,322) width 1: " "
        text run at (0,336) width 13: "24"
        text run at (12,336) width 1: " "
        text run at (0,350) width 13: "25"
        text run at (12,350) width 1: " "
        text run at (0,364) width 13: "26"
        text run at (12,364) width 1: " "
        text run at (0,378) width 13: "27"
        text run at (12,378) width 1: " "
        text run at (0,392) width 13: "28"
        text run at (12,392) width 1: " "
        text run at (0,406) width 13: "29"
        text run at (12,406) width 1: " "
        text run at (0,420) width 13: "30"
        text run at (12,420) width 1: " "
      RenderBR {BR} at (0,434) size 0x14
caret: position 36 of child 0 {#text} of child 0 {DIV} of {#document-fragment} of child 3 {TEXTAREA} of body
