layer at (0,0) size 785x6752
  RenderView at (0,0) size 785x600
layer at (0,0) size 785x6752
  RenderBlock {HTML} at (0,0) size 785x6752
    RenderBody {BODY} at (8,8) size 769x6736
      RenderBlock (anonymous) at (0,0) size 769x144
        RenderText {#text} at (0,0) size 769x72
          text run at (0,0) width 746: "This test is designed to test the interaction between font-family and font-weight. In particular, our implementation of"
          text run at (0,18) width 759: "font-family accepts PostScript names, which may name a font with a particular weight. However, there is another CSS"
          text run at (0,36) width 769: "property, font-weight, in which the author may also name a particular weight. Our font selection algorithm takes both of"
          text run at (0,54) width 305: "these signals into account when choosing fonts."
        RenderBR {BR} at (304,54) size 1x18
        RenderBR {BR} at (0,72) size 0x18
        RenderText {#text} at (0,90) size 767x54
          text run at (0,90) width 767: "There is currently no good way in JavaScript to find the actual font chosen for some text. Therefore, the best way to test"
          text run at (0,108) width 732: "this aspect of the font selection algorithm is to dump the render tree, therefore testing glyph advances (which are a"
          text run at (0,126) width 159: "property of font weight)."
      RenderBlock {DIV} at (0,144) size 769x18
        RenderText {#text} at (0,0) size 303x18
          text run at (0,0) width 303: "Font: Helvetica Neue Weight: 100 Style: normal"
      RenderBlock {DIV} at (0,162) size 769x18
        RenderText {#text} at (0,0) size 315x18
          text run at (0,0) width 315: "Font: Helvetica Neue Weight: 200 Style: normal"
      RenderBlock {DIV} at (0,180) size 769x18
        RenderText {#text} at (0,0) size 325x18
          text run at (0,0) width 325: "Font: Helvetica Neue Weight: 300 Style: normal"
      RenderBlock {DIV} at (0,198) size 769x18
        RenderText {#text} at (0,0) size 337x18
          text run at (0,0) width 337: "Font: Helvetica Neue Weight: 400 Style: normal"
      RenderBlock {DIV} at (0,216) size 769x19
        RenderText {#text} at (0,0) size 347x19
          text run at (0,0) width 347: "Font: Helvetica Neue Weight: 500 Style: normal"
      RenderBlock {DIV} at (0,235) size 769x19
        RenderText {#text} at (0,0) size 355x19
          text run at (0,0) width 355: "Font: Helvetica Neue Weight: 600 Style: normal"
      RenderBlock {DIV} at (0,254) size 769x19
        RenderText {#text} at (0,0) size 355x19
          text run at (0,0) width 355: "Font: Helvetica Neue Weight: 700 Style: normal"
      RenderBlock {DIV} at (0,273) size 769x19
        RenderText {#text} at (0,0) size 355x19
          text run at (0,0) width 355: "Font: Helvetica Neue Weight: 800 Style: normal"
      RenderBlock {DIV} at (0,292) size 769x19
        RenderText {#text} at (0,0) size 355x19
          text run at (0,0) width 355: "Font: Helvetica Neue Weight: 900 Style: normal"
      RenderBlock {DIV} at (0,311) size 769x18
        RenderText {#text} at (0,0) size 362x18
          text run at (0,0) width 362: "Font: HelveticaNeue-UltraLight Weight: 100 Style: normal"
      RenderBlock {DIV} at (0,329) size 769x18
        RenderText {#text} at (0,0) size 362x18
          text run at (0,0) width 362: "Font: HelveticaNeue-UltraLight Weight: 200 Style: normal"
      RenderBlock {DIV} at (0,347) size 769x18
        RenderText {#text} at (0,0) size 362x18
          text run at (0,0) width 362: "Font: HelveticaNeue-UltraLight Weight: 300 Style: normal"
      RenderBlock {DIV} at (0,365) size 769x18
        RenderText {#text} at (0,0) size 362x18
          text run at (0,0) width 362: "Font: HelveticaNeue-UltraLight Weight: 400 Style: normal"
      RenderBlock {DIV} at (0,383) size 769x18
        RenderText {#text} at (0,0) size 362x18
          text run at (0,0) width 362: "Font: HelveticaNeue-UltraLight Weight: 500 Style: normal"
      RenderBlock {DIV} at (0,401) size 769x19
        RenderText {#text} at (0,0) size 433x19
          text run at (0,0) width 433: "Font: HelveticaNeue-UltraLight Weight: 600 Style: normal"
      RenderBlock {DIV} at (0,420) size 769x19
        RenderText {#text} at (0,0) size 433x19
          text run at (0,0) width 433: "Font: HelveticaNeue-UltraLight Weight: 700 Style: normal"
      RenderBlock {DIV} at (0,439) size 769x19
        RenderText {#text} at (0,0) size 433x19
          text run at (0,0) width 433: "Font: HelveticaNeue-UltraLight Weight: 800 Style: normal"
      RenderBlock {DIV} at (0,458) size 769x19
        RenderText {#text} at (0,0) size 433x19
          text run at (0,0) width 433: "Font: HelveticaNeue-UltraLight Weight: 900 Style: normal"
      RenderBlock {DIV} at (0,477) size 769x18
        RenderText {#text} at (0,0) size 361x18
          text run at (0,0) width 361: "Font: HelveticaNeue-Light Weight: 100 Style: normal"
      RenderBlock {DIV} at (0,495) size 769x18
        RenderText {#text} at (0,0) size 361x18
          text run at (0,0) width 361: "Font: HelveticaNeue-Light Weight: 200 Style: normal"
      RenderBlock {DIV} at (0,513) size 769x18
        RenderText {#text} at (0,0) size 361x18
          text run at (0,0) width 361: "Font: HelveticaNeue-Light Weight: 300 Style: normal"
      RenderBlock {DIV} at (0,531) size 769x18
        RenderText {#text} at (0,0) size 361x18
          text run at (0,0) width 361: "Font: HelveticaNeue-Light Weight: 400 Style: normal"
      RenderBlock {DIV} at (0,549) size 769x18
        RenderText {#text} at (0,0) size 361x18
          text run at (0,0) width 361: "Font: HelveticaNeue-Light Weight: 500 Style: normal"
      RenderBlock {DIV} at (0,567) size 769x19
        RenderText {#text} at (0,0) size 396x19
          text run at (0,0) width 396: "Font: HelveticaNeue-Light Weight: 600 Style: normal"
      RenderBlock {DIV} at (0,586) size 769x19
        RenderText {#text} at (0,0) size 396x19
          text run at (0,0) width 396: "Font: HelveticaNeue-Light Weight: 700 Style: normal"
      RenderBlock {DIV} at (0,605) size 769x19
        RenderText {#text} at (0,0) size 396x19
          text run at (0,0) width 396: "Font: HelveticaNeue-Light Weight: 800 Style: normal"
      RenderBlock {DIV} at (0,624) size 769x19
        RenderText {#text} at (0,0) size 396x19
          text run at (0,0) width 396: "Font: HelveticaNeue-Light Weight: 900 Style: normal"
      RenderBlock {DIV} at (0,643) size 769x18
        RenderText {#text} at (0,0) size 333x18
          text run at (0,0) width 333: "Font: HelveticaNeue Weight: 100 Style: normal"
      RenderBlock {DIV} at (0,661) size 769x18
        RenderText {#text} at (0,0) size 333x18
          text run at (0,0) width 333: "Font: HelveticaNeue Weight: 200 Style: normal"
      RenderBlock {DIV} at (0,679) size 769x18
        RenderText {#text} at (0,0) size 333x18
          text run at (0,0) width 333: "Font: HelveticaNeue Weight: 300 Style: normal"
      RenderBlock {DIV} at (0,697) size 769x18
        RenderText {#text} at (0,0) size 333x18
          text run at (0,0) width 333: "Font: HelveticaNeue Weight: 400 Style: normal"
      RenderBlock {DIV} at (0,715) size 769x18
        RenderText {#text} at (0,0) size 333x18
          text run at (0,0) width 333: "Font: HelveticaNeue Weight: 500 Style: normal"
      RenderBlock {DIV} at (0,733) size 769x19
        RenderText {#text} at (0,0) size 351x19
          text run at (0,0) width 351: "Font: HelveticaNeue Weight: 600 Style: normal"
      RenderBlock {DIV} at (0,752) size 769x19
        RenderText {#text} at (0,0) size 351x19
          text run at (0,0) width 351: "Font: HelveticaNeue Weight: 700 Style: normal"
      RenderBlock {DIV} at (0,771) size 769x19
        RenderText {#text} at (0,0) size 351x19
          text run at (0,0) width 351: "Font: HelveticaNeue Weight: 800 Style: normal"
      RenderBlock {DIV} at (0,790) size 769x19
        RenderText {#text} at (0,0) size 351x19
          text run at (0,0) width 351: "Font: HelveticaNeue Weight: 900 Style: normal"
      RenderBlock {DIV} at (0,809) size 769x19
        RenderText {#text} at (0,0) size 409x19
          text run at (0,0) width 409: "Font: HelveticaNeue-Medium Weight: 100 Style: normal"
      RenderBlock {DIV} at (0,828) size 769x19
        RenderText {#text} at (0,0) size 409x19
          text run at (0,0) width 409: "Font: HelveticaNeue-Medium Weight: 200 Style: normal"
      RenderBlock {DIV} at (0,847) size 769x19
        RenderText {#text} at (0,0) size 409x19
          text run at (0,0) width 409: "Font: HelveticaNeue-Medium Weight: 300 Style: normal"
      RenderBlock {DIV} at (0,866) size 769x19
        RenderText {#text} at (0,0) size 409x19
          text run at (0,0) width 409: "Font: HelveticaNeue-Medium Weight: 400 Style: normal"
      RenderBlock {DIV} at (0,885) size 769x19
        RenderText {#text} at (0,0) size 409x19
          text run at (0,0) width 409: "Font: HelveticaNeue-Medium Weight: 500 Style: normal"
      RenderBlock {DIV} at (0,904) size 769x19
        RenderText {#text} at (0,0) size 419x19
          text run at (0,0) width 419: "Font: HelveticaNeue-Medium Weight: 600 Style: normal"
      RenderBlock {DIV} at (0,923) size 769x19
        RenderText {#text} at (0,0) size 419x19
          text run at (0,0) width 419: "Font: HelveticaNeue-Medium Weight: 700 Style: normal"
      RenderBlock {DIV} at (0,942) size 769x19
        RenderText {#text} at (0,0) size 419x19
          text run at (0,0) width 419: "Font: HelveticaNeue-Medium Weight: 800 Style: normal"
      RenderBlock {DIV} at (0,961) size 769x19
        RenderText {#text} at (0,0) size 419x19
          text run at (0,0) width 419: "Font: HelveticaNeue-Medium Weight: 900 Style: normal"
      RenderBlock {DIV} at (0,980) size 769x19
        RenderText {#text} at (0,0) size 392x19
          text run at (0,0) width 392: "Font: HelveticaNeue-Bold Weight: 100 Style: normal"
      RenderBlock {DIV} at (0,999) size 769x19
        RenderText {#text} at (0,0) size 392x19
          text run at (0,0) width 392: "Font: HelveticaNeue-Bold Weight: 200 Style: normal"
      RenderBlock {DIV} at (0,1018) size 769x19
        RenderText {#text} at (0,0) size 392x19
          text run at (0,0) width 392: "Font: HelveticaNeue-Bold Weight: 300 Style: normal"
      RenderBlock {DIV} at (0,1037) size 769x19
        RenderText {#text} at (0,0) size 392x19
          text run at (0,0) width 392: "Font: HelveticaNeue-Bold Weight: 400 Style: normal"
      RenderBlock {DIV} at (0,1056) size 769x19
        RenderText {#text} at (0,0) size 392x19
          text run at (0,0) width 392: "Font: HelveticaNeue-Bold Weight: 500 Style: normal"
      RenderBlock {DIV} at (0,1075) size 769x19
        RenderText {#text} at (0,0) size 392x19
          text run at (0,0) width 392: "Font: HelveticaNeue-Bold Weight: 600 Style: normal"
      RenderBlock {DIV} at (0,1094) size 769x19
        RenderText {#text} at (0,0) size 392x19
          text run at (0,0) width 392: "Font: HelveticaNeue-Bold Weight: 700 Style: normal"
      RenderBlock {DIV} at (0,1113) size 769x19
        RenderText {#text} at (0,0) size 392x19
          text run at (0,0) width 392: "Font: HelveticaNeue-Bold Weight: 800 Style: normal"
      RenderBlock {DIV} at (0,1132) size 769x19
        RenderText {#text} at (0,0) size 392x19
          text run at (0,0) width 392: "Font: HelveticaNeue-Bold Weight: 900 Style: normal"
      RenderBlock {DIV} at (0,1151) size 769x18
        RenderText {#text} at (0,0) size 388x18
          text run at (0,0) width 388: "Font: HelveticaNeue-UltraLightItalic Weight: 100 Style: normal"
      RenderBlock {DIV} at (0,1169) size 769x18
        RenderText {#text} at (0,0) size 388x18
          text run at (0,0) width 388: "Font: HelveticaNeue-UltraLightItalic Weight: 200 Style: normal"
      RenderBlock {DIV} at (0,1187) size 769x18
        RenderText {#text} at (0,0) size 388x18
          text run at (0,0) width 388: "Font: HelveticaNeue-UltraLightItalic Weight: 300 Style: normal"
      RenderBlock {DIV} at (0,1205) size 769x18
        RenderText {#text} at (0,0) size 388x18
          text run at (0,0) width 388: "Font: HelveticaNeue-UltraLightItalic Weight: 400 Style: normal"
      RenderBlock {DIV} at (0,1223) size 769x18
        RenderText {#text} at (0,0) size 388x18
          text run at (0,0) width 388: "Font: HelveticaNeue-UltraLightItalic Weight: 500 Style: normal"
      RenderBlock {DIV} at (0,1241) size 769x19
        RenderText {#text} at (0,0) size 472x19
          text run at (0,0) width 472: "Font: HelveticaNeue-UltraLightItalic Weight: 600 Style: normal"
      RenderBlock {DIV} at (0,1260) size 769x19
        RenderText {#text} at (0,0) size 472x19
          text run at (0,0) width 472: "Font: HelveticaNeue-UltraLightItalic Weight: 700 Style: normal"
      RenderBlock {DIV} at (0,1279) size 769x19
        RenderText {#text} at (0,0) size 472x19
          text run at (0,0) width 472: "Font: HelveticaNeue-UltraLightItalic Weight: 800 Style: normal"
      RenderBlock {DIV} at (0,1298) size 769x19
        RenderText {#text} at (0,0) size 472x19
          text run at (0,0) width 472: "Font: HelveticaNeue-UltraLightItalic Weight: 900 Style: normal"
      RenderBlock {DIV} at (0,1317) size 769x18
        RenderText {#text} at (0,0) size 391x18
          text run at (0,0) width 391: "Font: HelveticaNeue-LightItalic Weight: 100 Style: normal"
      RenderBlock {DIV} at (0,1335) size 769x18
        RenderText {#text} at (0,0) size 391x18
          text run at (0,0) width 391: "Font: HelveticaNeue-LightItalic Weight: 200 Style: normal"
      RenderBlock {DIV} at (0,1353) size 769x18
        RenderText {#text} at (0,0) size 391x18
          text run at (0,0) width 391: "Font: HelveticaNeue-LightItalic Weight: 300 Style: normal"
      RenderBlock {DIV} at (0,1371) size 769x18
        RenderText {#text} at (0,0) size 391x18
          text run at (0,0) width 391: "Font: HelveticaNeue-LightItalic Weight: 400 Style: normal"
      RenderBlock {DIV} at (0,1389) size 769x18
        RenderText {#text} at (0,0) size 391x18
          text run at (0,0) width 391: "Font: HelveticaNeue-LightItalic Weight: 500 Style: normal"
      RenderBlock {DIV} at (0,1407) size 769x19
        RenderText {#text} at (0,0) size 435x19
          text run at (0,0) width 435: "Font: HelveticaNeue-LightItalic Weight: 600 Style: normal"
      RenderBlock {DIV} at (0,1426) size 769x19
        RenderText {#text} at (0,0) size 435x19
          text run at (0,0) width 435: "Font: HelveticaNeue-LightItalic Weight: 700 Style: normal"
      RenderBlock {DIV} at (0,1445) size 769x19
        RenderText {#text} at (0,0) size 435x19
          text run at (0,0) width 435: "Font: HelveticaNeue-LightItalic Weight: 800 Style: normal"
      RenderBlock {DIV} at (0,1464) size 769x19
        RenderText {#text} at (0,0) size 435x19
          text run at (0,0) width 435: "Font: HelveticaNeue-LightItalic Weight: 900 Style: normal"
      RenderBlock {DIV} at (0,1483) size 769x18
        RenderText {#text} at (0,0) size 371x18
          text run at (0,0) width 371: "Font: HelveticaNeue-Italic Weight: 100 Style: normal"
      RenderBlock {DIV} at (0,1501) size 769x18
        RenderText {#text} at (0,0) size 371x18
          text run at (0,0) width 371: "Font: HelveticaNeue-Italic Weight: 200 Style: normal"
      RenderBlock {DIV} at (0,1519) size 769x18
        RenderText {#text} at (0,0) size 371x18
          text run at (0,0) width 371: "Font: HelveticaNeue-Italic Weight: 300 Style: normal"
      RenderBlock {DIV} at (0,1537) size 769x18
        RenderText {#text} at (0,0) size 371x18
          text run at (0,0) width 371: "Font: HelveticaNeue-Italic Weight: 400 Style: normal"
      RenderBlock {DIV} at (0,1555) size 769x18
        RenderText {#text} at (0,0) size 371x18
          text run at (0,0) width 371: "Font: HelveticaNeue-Italic Weight: 500 Style: normal"
      RenderBlock {DIV} at (0,1573) size 769x19
        RenderText {#text} at (0,0) size 396x19
          text run at (0,0) width 396: "Font: HelveticaNeue-Italic Weight: 600 Style: normal"
      RenderBlock {DIV} at (0,1592) size 769x19
        RenderText {#text} at (0,0) size 396x19
          text run at (0,0) width 396: "Font: HelveticaNeue-Italic Weight: 700 Style: normal"
      RenderBlock {DIV} at (0,1611) size 769x19
        RenderText {#text} at (0,0) size 396x19
          text run at (0,0) width 396: "Font: HelveticaNeue-Italic Weight: 800 Style: normal"
      RenderBlock {DIV} at (0,1630) size 769x19
        RenderText {#text} at (0,0) size 396x19
          text run at (0,0) width 396: "Font: HelveticaNeue-Italic Weight: 900 Style: normal"
      RenderBlock {DIV} at (0,1649) size 769x19
        RenderText {#text} at (0,0) size 431x19
          text run at (0,0) width 431: "Font: HelveticaNeue-BoldItalic Weight: 100 Style: normal"
      RenderBlock {DIV} at (0,1668) size 769x19
        RenderText {#text} at (0,0) size 431x19
          text run at (0,0) width 431: "Font: HelveticaNeue-BoldItalic Weight: 200 Style: normal"
      RenderBlock {DIV} at (0,1687) size 769x19
        RenderText {#text} at (0,0) size 431x19
          text run at (0,0) width 431: "Font: HelveticaNeue-BoldItalic Weight: 300 Style: normal"
      RenderBlock {DIV} at (0,1706) size 769x19
        RenderText {#text} at (0,0) size 431x19
          text run at (0,0) width 431: "Font: HelveticaNeue-BoldItalic Weight: 400 Style: normal"
      RenderBlock {DIV} at (0,1725) size 769x19
        RenderText {#text} at (0,0) size 431x19
          text run at (0,0) width 431: "Font: HelveticaNeue-BoldItalic Weight: 500 Style: normal"
      RenderBlock {DIV} at (0,1744) size 769x19
        RenderText {#text} at (0,0) size 431x19
          text run at (0,0) width 431: "Font: HelveticaNeue-BoldItalic Weight: 600 Style: normal"
      RenderBlock {DIV} at (0,1763) size 769x19
        RenderText {#text} at (0,0) size 431x19
          text run at (0,0) width 431: "Font: HelveticaNeue-BoldItalic Weight: 700 Style: normal"
      RenderBlock {DIV} at (0,1782) size 769x19
        RenderText {#text} at (0,0) size 431x19
          text run at (0,0) width 431: "Font: HelveticaNeue-BoldItalic Weight: 800 Style: normal"
      RenderBlock {DIV} at (0,1801) size 769x19
        RenderText {#text} at (0,0) size 431x19
          text run at (0,0) width 431: "Font: HelveticaNeue-BoldItalic Weight: 900 Style: normal"
      RenderBlock {DIV} at (0,1820) size 769x18
        RenderText {#text} at (0,0) size 287x18
          text run at (0,0) width 287: "Font: Helvetica Neue Weight: 100 Style: italic"
      RenderBlock {DIV} at (0,1838) size 769x18
        RenderText {#text} at (0,0) size 299x18
          text run at (0,0) width 299: "Font: Helvetica Neue Weight: 200 Style: italic"
      RenderBlock {DIV} at (0,1856) size 769x18
        RenderText {#text} at (0,0) size 308x18
          text run at (0,0) width 308: "Font: Helvetica Neue Weight: 300 Style: italic"
      RenderBlock {DIV} at (0,1874) size 769x18
        RenderText {#text} at (0,0) size 320x18
          text run at (0,0) width 320: "Font: Helvetica Neue Weight: 400 Style: italic"
      RenderBlock {DIV} at (0,1892) size 769x19
        RenderText {#text} at (0,0) size 329x19
          text run at (0,0) width 329: "Font: Helvetica Neue Weight: 500 Style: italic"
      RenderBlock {DIV} at (0,1911) size 769x19
        RenderText {#text} at (0,0) size 340x19
          text run at (0,0) width 340: "Font: Helvetica Neue Weight: 600 Style: italic"
      RenderBlock {DIV} at (0,1930) size 769x19
        RenderText {#text} at (0,0) size 340x19
          text run at (0,0) width 340: "Font: Helvetica Neue Weight: 700 Style: italic"
      RenderBlock {DIV} at (0,1949) size 769x19
        RenderText {#text} at (0,0) size 340x19
          text run at (0,0) width 340: "Font: Helvetica Neue Weight: 800 Style: italic"
      RenderBlock {DIV} at (0,1968) size 769x19
        RenderText {#text} at (0,0) size 340x19
          text run at (0,0) width 340: "Font: Helvetica Neue Weight: 900 Style: italic"
      RenderBlock {DIV} at (0,1987) size 769x18
        RenderText {#text} at (0,0) size 345x18
          text run at (0,0) width 345: "Font: HelveticaNeue-UltraLight Weight: 100 Style: italic"
      RenderBlock {DIV} at (0,2005) size 769x18
        RenderText {#text} at (0,0) size 345x18
          text run at (0,0) width 345: "Font: HelveticaNeue-UltraLight Weight: 200 Style: italic"
      RenderBlock {DIV} at (0,2023) size 769x18
        RenderText {#text} at (0,0) size 345x18
          text run at (0,0) width 345: "Font: HelveticaNeue-UltraLight Weight: 300 Style: italic"
      RenderBlock {DIV} at (0,2041) size 769x18
        RenderText {#text} at (0,0) size 345x18
          text run at (0,0) width 345: "Font: HelveticaNeue-UltraLight Weight: 400 Style: italic"
      RenderBlock {DIV} at (0,2059) size 769x18
        RenderText {#text} at (0,0) size 345x18
          text run at (0,0) width 345: "Font: HelveticaNeue-UltraLight Weight: 500 Style: italic"
      RenderBlock {DIV} at (0,2077) size 769x19
        RenderText {#text} at (0,0) size 418x19
          text run at (0,0) width 418: "Font: HelveticaNeue-UltraLight Weight: 600 Style: italic"
      RenderBlock {DIV} at (0,2096) size 769x19
        RenderText {#text} at (0,0) size 418x19
          text run at (0,0) width 418: "Font: HelveticaNeue-UltraLight Weight: 700 Style: italic"
      RenderBlock {DIV} at (0,2115) size 769x19
        RenderText {#text} at (0,0) size 418x19
          text run at (0,0) width 418: "Font: HelveticaNeue-UltraLight Weight: 800 Style: italic"
      RenderBlock {DIV} at (0,2134) size 769x19
        RenderText {#text} at (0,0) size 418x19
          text run at (0,0) width 418: "Font: HelveticaNeue-UltraLight Weight: 900 Style: italic"
      RenderBlock {DIV} at (0,2153) size 769x18
        RenderText {#text} at (0,0) size 344x18
          text run at (0,0) width 344: "Font: HelveticaNeue-Light Weight: 100 Style: italic"
      RenderBlock {DIV} at (0,2171) size 769x18
        RenderText {#text} at (0,0) size 344x18
          text run at (0,0) width 344: "Font: HelveticaNeue-Light Weight: 200 Style: italic"
      RenderBlock {DIV} at (0,2189) size 769x18
        RenderText {#text} at (0,0) size 344x18
          text run at (0,0) width 344: "Font: HelveticaNeue-Light Weight: 300 Style: italic"
      RenderBlock {DIV} at (0,2207) size 769x18
        RenderText {#text} at (0,0) size 344x18
          text run at (0,0) width 344: "Font: HelveticaNeue-Light Weight: 400 Style: italic"
      RenderBlock {DIV} at (0,2225) size 769x18
        RenderText {#text} at (0,0) size 344x18
          text run at (0,0) width 344: "Font: HelveticaNeue-Light Weight: 500 Style: italic"
      RenderBlock {DIV} at (0,2243) size 769x19
        RenderText {#text} at (0,0) size 381x19
          text run at (0,0) width 381: "Font: HelveticaNeue-Light Weight: 600 Style: italic"
      RenderBlock {DIV} at (0,2262) size 769x19
        RenderText {#text} at (0,0) size 381x19
          text run at (0,0) width 381: "Font: HelveticaNeue-Light Weight: 700 Style: italic"
      RenderBlock {DIV} at (0,2281) size 769x19
        RenderText {#text} at (0,0) size 381x19
          text run at (0,0) width 381: "Font: HelveticaNeue-Light Weight: 800 Style: italic"
      RenderBlock {DIV} at (0,2300) size 769x19
        RenderText {#text} at (0,0) size 381x19
          text run at (0,0) width 381: "Font: HelveticaNeue-Light Weight: 900 Style: italic"
      RenderBlock {DIV} at (0,2319) size 769x18
        RenderText {#text} at (0,0) size 315x18
          text run at (0,0) width 315: "Font: HelveticaNeue Weight: 100 Style: italic"
      RenderBlock {DIV} at (0,2337) size 769x18
        RenderText {#text} at (0,0) size 315x18
          text run at (0,0) width 315: "Font: HelveticaNeue Weight: 200 Style: italic"
      RenderBlock {DIV} at (0,2355) size 769x18
        RenderText {#text} at (0,0) size 315x18
          text run at (0,0) width 315: "Font: HelveticaNeue Weight: 300 Style: italic"
      RenderBlock {DIV} at (0,2373) size 769x18
        RenderText {#text} at (0,0) size 315x18
          text run at (0,0) width 315: "Font: HelveticaNeue Weight: 400 Style: italic"
      RenderBlock {DIV} at (0,2391) size 769x18
        RenderText {#text} at (0,0) size 315x18
          text run at (0,0) width 315: "Font: HelveticaNeue Weight: 500 Style: italic"
      RenderBlock {DIV} at (0,2409) size 769x19
        RenderText {#text} at (0,0) size 336x19
          text run at (0,0) width 336: "Font: HelveticaNeue Weight: 600 Style: italic"
      RenderBlock {DIV} at (0,2428) size 769x19
        RenderText {#text} at (0,0) size 336x19
          text run at (0,0) width 336: "Font: HelveticaNeue Weight: 700 Style: italic"
      RenderBlock {DIV} at (0,2447) size 769x19
        RenderText {#text} at (0,0) size 336x19
          text run at (0,0) width 336: "Font: HelveticaNeue Weight: 800 Style: italic"
      RenderBlock {DIV} at (0,2466) size 769x19
        RenderText {#text} at (0,0) size 336x19
          text run at (0,0) width 336: "Font: HelveticaNeue Weight: 900 Style: italic"
      RenderBlock {DIV} at (0,2485) size 769x19
        RenderText {#text} at (0,0) size 391x19
          text run at (0,0) width 391: "Font: HelveticaNeue-Medium Weight: 100 Style: italic"
      RenderBlock {DIV} at (0,2504) size 769x19
        RenderText {#text} at (0,0) size 391x19
          text run at (0,0) width 391: "Font: HelveticaNeue-Medium Weight: 200 Style: italic"
      RenderBlock {DIV} at (0,2523) size 769x19
        RenderText {#text} at (0,0) size 391x19
          text run at (0,0) width 391: "Font: HelveticaNeue-Medium Weight: 300 Style: italic"
      RenderBlock {DIV} at (0,2542) size 769x19
        RenderText {#text} at (0,0) size 391x19
          text run at (0,0) width 391: "Font: HelveticaNeue-Medium Weight: 400 Style: italic"
      RenderBlock {DIV} at (0,2561) size 769x19
        RenderText {#text} at (0,0) size 391x19
          text run at (0,0) width 391: "Font: HelveticaNeue-Medium Weight: 500 Style: italic"
      RenderBlock {DIV} at (0,2580) size 769x19
        RenderText {#text} at (0,0) size 404x19
          text run at (0,0) width 404: "Font: HelveticaNeue-Medium Weight: 600 Style: italic"
      RenderBlock {DIV} at (0,2599) size 769x19
        RenderText {#text} at (0,0) size 404x19
          text run at (0,0) width 404: "Font: HelveticaNeue-Medium Weight: 700 Style: italic"
      RenderBlock {DIV} at (0,2618) size 769x19
        RenderText {#text} at (0,0) size 404x19
          text run at (0,0) width 404: "Font: HelveticaNeue-Medium Weight: 800 Style: italic"
      RenderBlock {DIV} at (0,2637) size 769x19
        RenderText {#text} at (0,0) size 404x19
          text run at (0,0) width 404: "Font: HelveticaNeue-Medium Weight: 900 Style: italic"
      RenderBlock {DIV} at (0,2656) size 769x19
        RenderText {#text} at (0,0) size 377x19
          text run at (0,0) width 377: "Font: HelveticaNeue-Bold Weight: 100 Style: italic"
      RenderBlock {DIV} at (0,2675) size 769x19
        RenderText {#text} at (0,0) size 377x19
          text run at (0,0) width 377: "Font: HelveticaNeue-Bold Weight: 200 Style: italic"
      RenderBlock {DIV} at (0,2694) size 769x19
        RenderText {#text} at (0,0) size 377x19
          text run at (0,0) width 377: "Font: HelveticaNeue-Bold Weight: 300 Style: italic"
      RenderBlock {DIV} at (0,2713) size 769x19
        RenderText {#text} at (0,0) size 377x19
          text run at (0,0) width 377: "Font: HelveticaNeue-Bold Weight: 400 Style: italic"
      RenderBlock {DIV} at (0,2732) size 769x19
        RenderText {#text} at (0,0) size 377x19
          text run at (0,0) width 377: "Font: HelveticaNeue-Bold Weight: 500 Style: italic"
      RenderBlock {DIV} at (0,2751) size 769x19
        RenderText {#text} at (0,0) size 377x19
          text run at (0,0) width 377: "Font: HelveticaNeue-Bold Weight: 600 Style: italic"
      RenderBlock {DIV} at (0,2770) size 769x19
        RenderText {#text} at (0,0) size 377x19
          text run at (0,0) width 377: "Font: HelveticaNeue-Bold Weight: 700 Style: italic"
      RenderBlock {DIV} at (0,2789) size 769x19
        RenderText {#text} at (0,0) size 377x19
          text run at (0,0) width 377: "Font: HelveticaNeue-Bold Weight: 800 Style: italic"
      RenderBlock {DIV} at (0,2808) size 769x19
        RenderText {#text} at (0,0) size 377x19
          text run at (0,0) width 377: "Font: HelveticaNeue-Bold Weight: 900 Style: italic"
      RenderBlock {DIV} at (0,2827) size 769x18
        RenderText {#text} at (0,0) size 372x18
          text run at (0,0) width 372: "Font: HelveticaNeue-UltraLightItalic Weight: 100 Style: italic"
      RenderBlock {DIV} at (0,2845) size 769x18
        RenderText {#text} at (0,0) size 372x18
          text run at (0,0) width 372: "Font: HelveticaNeue-UltraLightItalic Weight: 200 Style: italic"
      RenderBlock {DIV} at (0,2863) size 769x18
        RenderText {#text} at (0,0) size 372x18
          text run at (0,0) width 372: "Font: HelveticaNeue-UltraLightItalic Weight: 300 Style: italic"
      RenderBlock {DIV} at (0,2881) size 769x18
        RenderText {#text} at (0,0) size 372x18
          text run at (0,0) width 372: "Font: HelveticaNeue-UltraLightItalic Weight: 400 Style: italic"
      RenderBlock {DIV} at (0,2899) size 769x18
        RenderText {#text} at (0,0) size 372x18
          text run at (0,0) width 372: "Font: HelveticaNeue-UltraLightItalic Weight: 500 Style: italic"
      RenderBlock {DIV} at (0,2917) size 769x19
        RenderText {#text} at (0,0) size 455x19
          text run at (0,0) width 455: "Font: HelveticaNeue-UltraLightItalic Weight: 600 Style: italic"
      RenderBlock {DIV} at (0,2936) size 769x19
        RenderText {#text} at (0,0) size 455x19
          text run at (0,0) width 455: "Font: HelveticaNeue-UltraLightItalic Weight: 700 Style: italic"
      RenderBlock {DIV} at (0,2955) size 769x19
        RenderText {#text} at (0,0) size 455x19
          text run at (0,0) width 455: "Font: HelveticaNeue-UltraLightItalic Weight: 800 Style: italic"
      RenderBlock {DIV} at (0,2974) size 769x19
        RenderText {#text} at (0,0) size 455x19
          text run at (0,0) width 455: "Font: HelveticaNeue-UltraLightItalic Weight: 900 Style: italic"
      RenderBlock {DIV} at (0,2993) size 769x18
        RenderText {#text} at (0,0) size 375x18
          text run at (0,0) width 375: "Font: HelveticaNeue-LightItalic Weight: 100 Style: italic"
      RenderBlock {DIV} at (0,3011) size 769x18
        RenderText {#text} at (0,0) size 375x18
          text run at (0,0) width 375: "Font: HelveticaNeue-LightItalic Weight: 200 Style: italic"
      RenderBlock {DIV} at (0,3029) size 769x18
        RenderText {#text} at (0,0) size 375x18
          text run at (0,0) width 375: "Font: HelveticaNeue-LightItalic Weight: 300 Style: italic"
      RenderBlock {DIV} at (0,3047) size 769x18
        RenderText {#text} at (0,0) size 375x18
          text run at (0,0) width 375: "Font: HelveticaNeue-LightItalic Weight: 400 Style: italic"
      RenderBlock {DIV} at (0,3065) size 769x18
        RenderText {#text} at (0,0) size 375x18
          text run at (0,0) width 375: "Font: HelveticaNeue-LightItalic Weight: 500 Style: italic"
      RenderBlock {DIV} at (0,3083) size 769x19
        RenderText {#text} at (0,0) size 418x19
          text run at (0,0) width 418: "Font: HelveticaNeue-LightItalic Weight: 600 Style: italic"
      RenderBlock {DIV} at (0,3102) size 769x19
        RenderText {#text} at (0,0) size 418x19
          text run at (0,0) width 418: "Font: HelveticaNeue-LightItalic Weight: 700 Style: italic"
      RenderBlock {DIV} at (0,3121) size 769x19
        RenderText {#text} at (0,0) size 418x19
          text run at (0,0) width 418: "Font: HelveticaNeue-LightItalic Weight: 800 Style: italic"
      RenderBlock {DIV} at (0,3140) size 769x19
        RenderText {#text} at (0,0) size 418x19
          text run at (0,0) width 418: "Font: HelveticaNeue-LightItalic Weight: 900 Style: italic"
      RenderBlock {DIV} at (0,3159) size 769x18
        RenderText {#text} at (0,0) size 355x18
          text run at (0,0) width 355: "Font: HelveticaNeue-Italic Weight: 100 Style: italic"
      RenderBlock {DIV} at (0,3177) size 769x18
        RenderText {#text} at (0,0) size 355x18
          text run at (0,0) width 355: "Font: HelveticaNeue-Italic Weight: 200 Style: italic"
      RenderBlock {DIV} at (0,3195) size 769x18
        RenderText {#text} at (0,0) size 355x18
          text run at (0,0) width 355: "Font: HelveticaNeue-Italic Weight: 300 Style: italic"
      RenderBlock {DIV} at (0,3213) size 769x18
        RenderText {#text} at (0,0) size 355x18
          text run at (0,0) width 355: "Font: HelveticaNeue-Italic Weight: 400 Style: italic"
      RenderBlock {DIV} at (0,3231) size 769x18
        RenderText {#text} at (0,0) size 355x18
          text run at (0,0) width 355: "Font: HelveticaNeue-Italic Weight: 500 Style: italic"
      RenderBlock {DIV} at (0,3249) size 769x19
        RenderText {#text} at (0,0) size 379x19
          text run at (0,0) width 379: "Font: HelveticaNeue-Italic Weight: 600 Style: italic"
      RenderBlock {DIV} at (0,3268) size 769x19
        RenderText {#text} at (0,0) size 379x19
          text run at (0,0) width 379: "Font: HelveticaNeue-Italic Weight: 700 Style: italic"
      RenderBlock {DIV} at (0,3287) size 769x19
        RenderText {#text} at (0,0) size 379x19
          text run at (0,0) width 379: "Font: HelveticaNeue-Italic Weight: 800 Style: italic"
      RenderBlock {DIV} at (0,3306) size 769x19
        RenderText {#text} at (0,0) size 379x19
          text run at (0,0) width 379: "Font: HelveticaNeue-Italic Weight: 900 Style: italic"
      RenderBlock {DIV} at (0,3325) size 769x19
        RenderText {#text} at (0,0) size 414x19
          text run at (0,0) width 414: "Font: HelveticaNeue-BoldItalic Weight: 100 Style: italic"
      RenderBlock {DIV} at (0,3344) size 769x19
        RenderText {#text} at (0,0) size 414x19
          text run at (0,0) width 414: "Font: HelveticaNeue-BoldItalic Weight: 200 Style: italic"
      RenderBlock {DIV} at (0,3363) size 769x19
        RenderText {#text} at (0,0) size 414x19
          text run at (0,0) width 414: "Font: HelveticaNeue-BoldItalic Weight: 300 Style: italic"
      RenderBlock {DIV} at (0,3382) size 769x19
        RenderText {#text} at (0,0) size 414x19
          text run at (0,0) width 414: "Font: HelveticaNeue-BoldItalic Weight: 400 Style: italic"
      RenderBlock {DIV} at (0,3401) size 769x19
        RenderText {#text} at (0,0) size 414x19
          text run at (0,0) width 414: "Font: HelveticaNeue-BoldItalic Weight: 500 Style: italic"
      RenderBlock {DIV} at (0,3420) size 769x19
        RenderText {#text} at (0,0) size 414x19
          text run at (0,0) width 414: "Font: HelveticaNeue-BoldItalic Weight: 600 Style: italic"
      RenderBlock {DIV} at (0,3439) size 769x19
        RenderText {#text} at (0,0) size 414x19
          text run at (0,0) width 414: "Font: HelveticaNeue-BoldItalic Weight: 700 Style: italic"
      RenderBlock {DIV} at (0,3458) size 769x19
        RenderText {#text} at (0,0) size 414x19
          text run at (0,0) width 414: "Font: HelveticaNeue-BoldItalic Weight: 800 Style: italic"
      RenderBlock {DIV} at (0,3477) size 769x19
        RenderText {#text} at (0,0) size 414x19
          text run at (0,0) width 414: "Font: HelveticaNeue-BoldItalic Weight: 900 Style: italic"
      RenderBlock {DIV} at (0,3496) size 769x18
        RenderText {#text} at (0,0) size 254x18
          text run at (0,0) width 254: "Font: Avenir Weight: 100 Style: normal"
      RenderBlock {DIV} at (0,3514) size 769x18
        RenderText {#text} at (0,0) size 254x18
          text run at (0,0) width 254: "Font: Avenir Weight: 200 Style: normal"
      RenderBlock {DIV} at (0,3532) size 769x18
        RenderText {#text} at (0,0) size 254x18
          text run at (0,0) width 254: "Font: Avenir Weight: 300 Style: normal"
      RenderBlock {DIV} at (0,3550) size 769x18
        RenderText {#text} at (0,0) size 254x18
          text run at (0,0) width 254: "Font: Avenir Weight: 400 Style: normal"
      RenderBlock {DIV} at (0,3568) size 769x18
        RenderText {#text} at (0,0) size 254x18
          text run at (0,0) width 254: "Font: Avenir Weight: 500 Style: normal"
      RenderBlock {DIV} at (0,3586) size 769x18
        RenderText {#text} at (0,0) size 271x18
          text run at (0,0) width 271: "Font: Avenir Weight: 600 Style: normal"
      RenderBlock {DIV} at (0,3604) size 769x18
        RenderText {#text} at (0,0) size 271x18
          text run at (0,0) width 271: "Font: Avenir Weight: 700 Style: normal"
      RenderBlock {DIV} at (0,3622) size 769x18
        RenderText {#text} at (0,0) size 271x18
          text run at (0,0) width 271: "Font: Avenir Weight: 800 Style: normal"
      RenderBlock {DIV} at (0,3640) size 769x18
        RenderText {#text} at (0,0) size 271x18
          text run at (0,0) width 271: "Font: Avenir Weight: 900 Style: normal"
      RenderBlock {DIV} at (0,3658) size 769x18
        RenderText {#text} at (0,0) size 294x18
          text run at (0,0) width 294: "Font: Avenir-Light Weight: 100 Style: normal"
      RenderBlock {DIV} at (0,3676) size 769x18
        RenderText {#text} at (0,0) size 294x18
          text run at (0,0) width 294: "Font: Avenir-Light Weight: 200 Style: normal"
      RenderBlock {DIV} at (0,3694) size 769x18
        RenderText {#text} at (0,0) size 294x18
          text run at (0,0) width 294: "Font: Avenir-Light Weight: 300 Style: normal"
      RenderBlock {DIV} at (0,3712) size 769x18
        RenderText {#text} at (0,0) size 294x18
          text run at (0,0) width 294: "Font: Avenir-Light Weight: 400 Style: normal"
      RenderBlock {DIV} at (0,3730) size 769x18
        RenderText {#text} at (0,0) size 294x18
          text run at (0,0) width 294: "Font: Avenir-Light Weight: 500 Style: normal"
      RenderBlock {DIV} at (0,3748) size 769x18
        RenderText {#text} at (0,0) size 313x18
          text run at (0,0) width 313: "Font: Avenir-Light Weight: 600 Style: normal"
      RenderBlock {DIV} at (0,3766) size 769x18
        RenderText {#text} at (0,0) size 313x18
          text run at (0,0) width 313: "Font: Avenir-Light Weight: 700 Style: normal"
      RenderBlock {DIV} at (0,3784) size 769x18
        RenderText {#text} at (0,0) size 313x18
          text run at (0,0) width 313: "Font: Avenir-Light Weight: 800 Style: normal"
      RenderBlock {DIV} at (0,3802) size 769x18
        RenderText {#text} at (0,0) size 313x18
          text run at (0,0) width 313: "Font: Avenir-Light Weight: 900 Style: normal"
      RenderBlock {DIV} at (0,3820) size 769x18
        RenderText {#text} at (0,0) size 294x18
          text run at (0,0) width 294: "Font: Avenir-Book Weight: 100 Style: normal"
      RenderBlock {DIV} at (0,3838) size 769x18
        RenderText {#text} at (0,0) size 294x18
          text run at (0,0) width 294: "Font: Avenir-Book Weight: 200 Style: normal"
      RenderBlock {DIV} at (0,3856) size 769x18
        RenderText {#text} at (0,0) size 294x18
          text run at (0,0) width 294: "Font: Avenir-Book Weight: 300 Style: normal"
      RenderBlock {DIV} at (0,3874) size 769x18
        RenderText {#text} at (0,0) size 294x18
          text run at (0,0) width 294: "Font: Avenir-Book Weight: 400 Style: normal"
      RenderBlock {DIV} at (0,3892) size 769x18
        RenderText {#text} at (0,0) size 294x18
          text run at (0,0) width 294: "Font: Avenir-Book Weight: 500 Style: normal"
      RenderBlock {DIV} at (0,3910) size 769x18
        RenderText {#text} at (0,0) size 311x18
          text run at (0,0) width 311: "Font: Avenir-Book Weight: 600 Style: normal"
      RenderBlock {DIV} at (0,3928) size 769x18
        RenderText {#text} at (0,0) size 311x18
          text run at (0,0) width 311: "Font: Avenir-Book Weight: 700 Style: normal"
      RenderBlock {DIV} at (0,3946) size 769x18
        RenderText {#text} at (0,0) size 311x18
          text run at (0,0) width 311: "Font: Avenir-Book Weight: 800 Style: normal"
      RenderBlock {DIV} at (0,3964) size 769x18
        RenderText {#text} at (0,0) size 311x18
          text run at (0,0) width 311: "Font: Avenir-Book Weight: 900 Style: normal"
      RenderBlock {DIV} at (0,3982) size 769x18
        RenderText {#text} at (0,0) size 314x18
          text run at (0,0) width 314: "Font: Avenir-Medium Weight: 100 Style: normal"
      RenderBlock {DIV} at (0,4000) size 769x18
        RenderText {#text} at (0,0) size 314x18
          text run at (0,0) width 314: "Font: Avenir-Medium Weight: 200 Style: normal"
      RenderBlock {DIV} at (0,4018) size 769x18
        RenderText {#text} at (0,0) size 314x18
          text run at (0,0) width 314: "Font: Avenir-Medium Weight: 300 Style: normal"
      RenderBlock {DIV} at (0,4036) size 769x18
        RenderText {#text} at (0,0) size 314x18
          text run at (0,0) width 314: "Font: Avenir-Medium Weight: 400 Style: normal"
      RenderBlock {DIV} at (0,4054) size 769x18
        RenderText {#text} at (0,0) size 314x18
          text run at (0,0) width 314: "Font: Avenir-Medium Weight: 500 Style: normal"
      RenderBlock {DIV} at (0,4072) size 769x18
        RenderText {#text} at (0,0) size 333x18
          text run at (0,0) width 333: "Font: Avenir-Medium Weight: 600 Style: normal"
      RenderBlock {DIV} at (0,4090) size 769x18
        RenderText {#text} at (0,0) size 333x18
          text run at (0,0) width 333: "Font: Avenir-Medium Weight: 700 Style: normal"
      RenderBlock {DIV} at (0,4108) size 769x18
        RenderText {#text} at (0,0) size 333x18
          text run at (0,0) width 333: "Font: Avenir-Medium Weight: 800 Style: normal"
      RenderBlock {DIV} at (0,4126) size 769x18
        RenderText {#text} at (0,0) size 333x18
          text run at (0,0) width 333: "Font: Avenir-Medium Weight: 900 Style: normal"
      RenderBlock {DIV} at (0,4144) size 769x18
        RenderText {#text} at (0,0) size 297x18
          text run at (0,0) width 297: "Font: Avenir-Black Weight: 100 Style: normal"
      RenderBlock {DIV} at (0,4162) size 769x18
        RenderText {#text} at (0,0) size 297x18
          text run at (0,0) width 297: "Font: Avenir-Black Weight: 200 Style: normal"
      RenderBlock {DIV} at (0,4180) size 769x18
        RenderText {#text} at (0,0) size 297x18
          text run at (0,0) width 297: "Font: Avenir-Black Weight: 300 Style: normal"
      RenderBlock {DIV} at (0,4198) size 769x18
        RenderText {#text} at (0,0) size 297x18
          text run at (0,0) width 297: "Font: Avenir-Black Weight: 400 Style: normal"
      RenderBlock {DIV} at (0,4216) size 769x18
        RenderText {#text} at (0,0) size 297x18
          text run at (0,0) width 297: "Font: Avenir-Black Weight: 500 Style: normal"
      RenderBlock {DIV} at (0,4234) size 769x18
        RenderText {#text} at (0,0) size 315x18
          text run at (0,0) width 315: "Font: Avenir-Black Weight: 600 Style: normal"
      RenderBlock {DIV} at (0,4252) size 769x18
        RenderText {#text} at (0,0) size 315x18
          text run at (0,0) width 315: "Font: Avenir-Black Weight: 700 Style: normal"
      RenderBlock {DIV} at (0,4270) size 769x18
        RenderText {#text} at (0,0) size 315x18
          text run at (0,0) width 315: "Font: Avenir-Black Weight: 800 Style: normal"
      RenderBlock {DIV} at (0,4288) size 769x18
        RenderText {#text} at (0,0) size 315x18
          text run at (0,0) width 315: "Font: Avenir-Black Weight: 900 Style: normal"
      RenderBlock {DIV} at (0,4306) size 769x18
        RenderText {#text} at (0,0) size 301x18
          text run at (0,0) width 301: "Font: Avenir-Heavy Weight: 100 Style: normal"
      RenderBlock {DIV} at (0,4324) size 769x18
        RenderText {#text} at (0,0) size 301x18
          text run at (0,0) width 301: "Font: Avenir-Heavy Weight: 200 Style: normal"
      RenderBlock {DIV} at (0,4342) size 769x18
        RenderText {#text} at (0,0) size 301x18
          text run at (0,0) width 301: "Font: Avenir-Heavy Weight: 300 Style: normal"
      RenderBlock {DIV} at (0,4360) size 769x18
        RenderText {#text} at (0,0) size 301x18
          text run at (0,0) width 301: "Font: Avenir-Heavy Weight: 400 Style: normal"
      RenderBlock {DIV} at (0,4378) size 769x18
        RenderText {#text} at (0,0) size 301x18
          text run at (0,0) width 301: "Font: Avenir-Heavy Weight: 500 Style: normal"
      RenderBlock {DIV} at (0,4396) size 769x18
        RenderText {#text} at (0,0) size 319x18
          text run at (0,0) width 319: "Font: Avenir-Heavy Weight: 600 Style: normal"
      RenderBlock {DIV} at (0,4414) size 769x18
        RenderText {#text} at (0,0) size 319x18
          text run at (0,0) width 319: "Font: Avenir-Heavy Weight: 700 Style: normal"
      RenderBlock {DIV} at (0,4432) size 769x18
        RenderText {#text} at (0,0) size 319x18
          text run at (0,0) width 319: "Font: Avenir-Heavy Weight: 800 Style: normal"
      RenderBlock {DIV} at (0,4450) size 769x18
        RenderText {#text} at (0,0) size 319x18
          text run at (0,0) width 319: "Font: Avenir-Heavy Weight: 900 Style: normal"
      RenderBlock {DIV} at (0,4468) size 769x18
        RenderText {#text} at (0,0) size 346x18
          text run at (0,0) width 346: "Font: Avenir-LightOblique Weight: 100 Style: normal"
      RenderBlock {DIV} at (0,4486) size 769x18
        RenderText {#text} at (0,0) size 346x18
          text run at (0,0) width 346: "Font: Avenir-LightOblique Weight: 200 Style: normal"
      RenderBlock {DIV} at (0,4504) size 769x18
        RenderText {#text} at (0,0) size 346x18
          text run at (0,0) width 346: "Font: Avenir-LightOblique Weight: 300 Style: normal"
      RenderBlock {DIV} at (0,4522) size 769x18
        RenderText {#text} at (0,0) size 346x18
          text run at (0,0) width 346: "Font: Avenir-LightOblique Weight: 400 Style: normal"
      RenderBlock {DIV} at (0,4540) size 769x18
        RenderText {#text} at (0,0) size 346x18
          text run at (0,0) width 346: "Font: Avenir-LightOblique Weight: 500 Style: normal"
      RenderBlock {DIV} at (0,4558) size 769x18
        RenderText {#text} at (0,0) size 368x18
          text run at (0,0) width 368: "Font: Avenir-LightOblique Weight: 600 Style: normal"
      RenderBlock {DIV} at (0,4576) size 769x18
        RenderText {#text} at (0,0) size 368x18
          text run at (0,0) width 368: "Font: Avenir-LightOblique Weight: 700 Style: normal"
      RenderBlock {DIV} at (0,4594) size 769x18
        RenderText {#text} at (0,0) size 368x18
          text run at (0,0) width 368: "Font: Avenir-LightOblique Weight: 800 Style: normal"
      RenderBlock {DIV} at (0,4612) size 769x18
        RenderText {#text} at (0,0) size 368x18
          text run at (0,0) width 368: "Font: Avenir-LightOblique Weight: 900 Style: normal"
      RenderBlock {DIV} at (0,4630) size 769x18
        RenderText {#text} at (0,0) size 346x18
          text run at (0,0) width 346: "Font: Avenir-BookOblique Weight: 100 Style: normal"
      RenderBlock {DIV} at (0,4648) size 769x18
        RenderText {#text} at (0,0) size 346x18
          text run at (0,0) width 346: "Font: Avenir-BookOblique Weight: 200 Style: normal"
      RenderBlock {DIV} at (0,4666) size 769x18
        RenderText {#text} at (0,0) size 346x18
          text run at (0,0) width 346: "Font: Avenir-BookOblique Weight: 300 Style: normal"
      RenderBlock {DIV} at (0,4684) size 769x18
        RenderText {#text} at (0,0) size 346x18
          text run at (0,0) width 346: "Font: Avenir-BookOblique Weight: 400 Style: normal"
      RenderBlock {DIV} at (0,4702) size 769x18
        RenderText {#text} at (0,0) size 346x18
          text run at (0,0) width 346: "Font: Avenir-BookOblique Weight: 500 Style: normal"
      RenderBlock {DIV} at (0,4720) size 769x18
        RenderText {#text} at (0,0) size 366x18
          text run at (0,0) width 366: "Font: Avenir-BookOblique Weight: 600 Style: normal"
      RenderBlock {DIV} at (0,4738) size 769x18
        RenderText {#text} at (0,0) size 366x18
          text run at (0,0) width 366: "Font: Avenir-BookOblique Weight: 700 Style: normal"
      RenderBlock {DIV} at (0,4756) size 769x18
        RenderText {#text} at (0,0) size 366x18
          text run at (0,0) width 366: "Font: Avenir-BookOblique Weight: 800 Style: normal"
      RenderBlock {DIV} at (0,4774) size 769x18
        RenderText {#text} at (0,0) size 366x18
          text run at (0,0) width 366: "Font: Avenir-BookOblique Weight: 900 Style: normal"
      RenderBlock {DIV} at (0,4792) size 769x18
        RenderText {#text} at (0,0) size 365x18
          text run at (0,0) width 365: "Font: Avenir-MediumOblique Weight: 100 Style: normal"
      RenderBlock {DIV} at (0,4810) size 769x18
        RenderText {#text} at (0,0) size 365x18
          text run at (0,0) width 365: "Font: Avenir-MediumOblique Weight: 200 Style: normal"
      RenderBlock {DIV} at (0,4828) size 769x18
        RenderText {#text} at (0,0) size 365x18
          text run at (0,0) width 365: "Font: Avenir-MediumOblique Weight: 300 Style: normal"
      RenderBlock {DIV} at (0,4846) size 769x18
        RenderText {#text} at (0,0) size 365x18
          text run at (0,0) width 365: "Font: Avenir-MediumOblique Weight: 400 Style: normal"
      RenderBlock {DIV} at (0,4864) size 769x18
        RenderText {#text} at (0,0) size 365x18
          text run at (0,0) width 365: "Font: Avenir-MediumOblique Weight: 500 Style: normal"
      RenderBlock {DIV} at (0,4882) size 769x18
        RenderText {#text} at (0,0) size 388x18
          text run at (0,0) width 388: "Font: Avenir-MediumOblique Weight: 600 Style: normal"
      RenderBlock {DIV} at (0,4900) size 769x18
        RenderText {#text} at (0,0) size 388x18
          text run at (0,0) width 388: "Font: Avenir-MediumOblique Weight: 700 Style: normal"
      RenderBlock {DIV} at (0,4918) size 769x18
        RenderText {#text} at (0,0) size 388x18
          text run at (0,0) width 388: "Font: Avenir-MediumOblique Weight: 800 Style: normal"
      RenderBlock {DIV} at (0,4936) size 769x18
        RenderText {#text} at (0,0) size 388x18
          text run at (0,0) width 388: "Font: Avenir-MediumOblique Weight: 900 Style: normal"
      RenderBlock {DIV} at (0,4954) size 769x18
        RenderText {#text} at (0,0) size 348x18
          text run at (0,0) width 348: "Font: Avenir-BlackOblique Weight: 100 Style: normal"
      RenderBlock {DIV} at (0,4972) size 769x18
        RenderText {#text} at (0,0) size 348x18
          text run at (0,0) width 348: "Font: Avenir-BlackOblique Weight: 200 Style: normal"
      RenderBlock {DIV} at (0,4990) size 769x18
        RenderText {#text} at (0,0) size 348x18
          text run at (0,0) width 348: "Font: Avenir-BlackOblique Weight: 300 Style: normal"
      RenderBlock {DIV} at (0,5008) size 769x18
        RenderText {#text} at (0,0) size 348x18
          text run at (0,0) width 348: "Font: Avenir-BlackOblique Weight: 400 Style: normal"
      RenderBlock {DIV} at (0,5026) size 769x18
        RenderText {#text} at (0,0) size 348x18
          text run at (0,0) width 348: "Font: Avenir-BlackOblique Weight: 500 Style: normal"
      RenderBlock {DIV} at (0,5044) size 769x18
        RenderText {#text} at (0,0) size 370x18
          text run at (0,0) width 370: "Font: Avenir-BlackOblique Weight: 600 Style: normal"
      RenderBlock {DIV} at (0,5062) size 769x18
        RenderText {#text} at (0,0) size 370x18
          text run at (0,0) width 370: "Font: Avenir-BlackOblique Weight: 700 Style: normal"
      RenderBlock {DIV} at (0,5080) size 769x18
        RenderText {#text} at (0,0) size 370x18
          text run at (0,0) width 370: "Font: Avenir-BlackOblique Weight: 800 Style: normal"
      RenderBlock {DIV} at (0,5098) size 769x18
        RenderText {#text} at (0,0) size 370x18
          text run at (0,0) width 370: "Font: Avenir-BlackOblique Weight: 900 Style: normal"
      RenderBlock {DIV} at (0,5116) size 769x18
        RenderText {#text} at (0,0) size 240x18
          text run at (0,0) width 240: "Font: Avenir Weight: 100 Style: italic"
      RenderBlock {DIV} at (0,5134) size 769x18
        RenderText {#text} at (0,0) size 240x18
          text run at (0,0) width 240: "Font: Avenir Weight: 200 Style: italic"
      RenderBlock {DIV} at (0,5152) size 769x18
        RenderText {#text} at (0,0) size 240x18
          text run at (0,0) width 240: "Font: Avenir Weight: 300 Style: italic"
      RenderBlock {DIV} at (0,5170) size 769x18
        RenderText {#text} at (0,0) size 240x18
          text run at (0,0) width 240: "Font: Avenir Weight: 400 Style: italic"
      RenderBlock {DIV} at (0,5188) size 769x18
        RenderText {#text} at (0,0) size 240x18
          text run at (0,0) width 240: "Font: Avenir Weight: 500 Style: italic"
      RenderBlock {DIV} at (0,5206) size 769x18
        RenderText {#text} at (0,0) size 247x18
          text run at (0,0) width 247: "Font: Avenir Weight: 600 Style: italic"
      RenderBlock {DIV} at (0,5224) size 769x18
        RenderText {#text} at (0,0) size 247x18
          text run at (0,0) width 247: "Font: Avenir Weight: 700 Style: italic"
      RenderBlock {DIV} at (0,5242) size 769x18
        RenderText {#text} at (0,0) size 247x18
          text run at (0,0) width 247: "Font: Avenir Weight: 800 Style: italic"
      RenderBlock {DIV} at (0,5260) size 769x18
        RenderText {#text} at (0,0) size 247x18
          text run at (0,0) width 247: "Font: Avenir Weight: 900 Style: italic"
      RenderBlock {DIV} at (0,5278) size 769x18
        RenderText {#text} at (0,0) size 279x18
          text run at (0,0) width 279: "Font: Avenir-Light Weight: 100 Style: italic"
      RenderBlock {DIV} at (0,5296) size 769x18
        RenderText {#text} at (0,0) size 279x18
          text run at (0,0) width 279: "Font: Avenir-Light Weight: 200 Style: italic"
      RenderBlock {DIV} at (0,5314) size 769x18
        RenderText {#text} at (0,0) size 279x18
          text run at (0,0) width 279: "Font: Avenir-Light Weight: 300 Style: italic"
      RenderBlock {DIV} at (0,5332) size 769x18
        RenderText {#text} at (0,0) size 279x18
          text run at (0,0) width 279: "Font: Avenir-Light Weight: 400 Style: italic"
      RenderBlock {DIV} at (0,5350) size 769x18
        RenderText {#text} at (0,0) size 279x18
          text run at (0,0) width 279: "Font: Avenir-Light Weight: 500 Style: italic"
      RenderBlock {DIV} at (0,5368) size 769x18
        RenderText {#text} at (0,0) size 287x18
          text run at (0,0) width 287: "Font: Avenir-Light Weight: 600 Style: italic"
      RenderBlock {DIV} at (0,5386) size 769x18
        RenderText {#text} at (0,0) size 287x18
          text run at (0,0) width 287: "Font: Avenir-Light Weight: 700 Style: italic"
      RenderBlock {DIV} at (0,5404) size 769x18
        RenderText {#text} at (0,0) size 287x18
          text run at (0,0) width 287: "Font: Avenir-Light Weight: 800 Style: italic"
      RenderBlock {DIV} at (0,5422) size 769x18
        RenderText {#text} at (0,0) size 287x18
          text run at (0,0) width 287: "Font: Avenir-Light Weight: 900 Style: italic"
      RenderBlock {DIV} at (0,5440) size 769x18
        RenderText {#text} at (0,0) size 278x18
          text run at (0,0) width 278: "Font: Avenir-Book Weight: 100 Style: italic"
      RenderBlock {DIV} at (0,5458) size 769x18
        RenderText {#text} at (0,0) size 278x18
          text run at (0,0) width 278: "Font: Avenir-Book Weight: 200 Style: italic"
      RenderBlock {DIV} at (0,5476) size 769x18
        RenderText {#text} at (0,0) size 278x18
          text run at (0,0) width 278: "Font: Avenir-Book Weight: 300 Style: italic"
      RenderBlock {DIV} at (0,5494) size 769x18
        RenderText {#text} at (0,0) size 278x18
          text run at (0,0) width 278: "Font: Avenir-Book Weight: 400 Style: italic"
      RenderBlock {DIV} at (0,5512) size 769x18
        RenderText {#text} at (0,0) size 278x18
          text run at (0,0) width 278: "Font: Avenir-Book Weight: 500 Style: italic"
      RenderBlock {DIV} at (0,5530) size 769x18
        RenderText {#text} at (0,0) size 287x18
          text run at (0,0) width 287: "Font: Avenir-Book Weight: 600 Style: italic"
      RenderBlock {DIV} at (0,5548) size 769x18
        RenderText {#text} at (0,0) size 287x18
          text run at (0,0) width 287: "Font: Avenir-Book Weight: 700 Style: italic"
      RenderBlock {DIV} at (0,5566) size 769x18
        RenderText {#text} at (0,0) size 287x18
          text run at (0,0) width 287: "Font: Avenir-Book Weight: 800 Style: italic"
      RenderBlock {DIV} at (0,5584) size 769x18
        RenderText {#text} at (0,0) size 287x18
          text run at (0,0) width 287: "Font: Avenir-Book Weight: 900 Style: italic"
      RenderBlock {DIV} at (0,5602) size 769x18
        RenderText {#text} at (0,0) size 298x18
          text run at (0,0) width 298: "Font: Avenir-Medium Weight: 100 Style: italic"
      RenderBlock {DIV} at (0,5620) size 769x18
        RenderText {#text} at (0,0) size 298x18
          text run at (0,0) width 298: "Font: Avenir-Medium Weight: 200 Style: italic"
      RenderBlock {DIV} at (0,5638) size 769x18
        RenderText {#text} at (0,0) size 298x18
          text run at (0,0) width 298: "Font: Avenir-Medium Weight: 300 Style: italic"
      RenderBlock {DIV} at (0,5656) size 769x18
        RenderText {#text} at (0,0) size 298x18
          text run at (0,0) width 298: "Font: Avenir-Medium Weight: 400 Style: italic"
      RenderBlock {DIV} at (0,5674) size 769x18
        RenderText {#text} at (0,0) size 298x18
          text run at (0,0) width 298: "Font: Avenir-Medium Weight: 500 Style: italic"
      RenderBlock {DIV} at (0,5692) size 769x18
        RenderText {#text} at (0,0) size 307x18
          text run at (0,0) width 307: "Font: Avenir-Medium Weight: 600 Style: italic"
      RenderBlock {DIV} at (0,5710) size 769x18
        RenderText {#text} at (0,0) size 307x18
          text run at (0,0) width 307: "Font: Avenir-Medium Weight: 700 Style: italic"
      RenderBlock {DIV} at (0,5728) size 769x18
        RenderText {#text} at (0,0) size 307x18
          text run at (0,0) width 307: "Font: Avenir-Medium Weight: 800 Style: italic"
      RenderBlock {DIV} at (0,5746) size 769x18
        RenderText {#text} at (0,0) size 307x18
          text run at (0,0) width 307: "Font: Avenir-Medium Weight: 900 Style: italic"
      RenderBlock {DIV} at (0,5764) size 769x18
        RenderText {#text} at (0,0) size 282x18
          text run at (0,0) width 282: "Font: Avenir-Black Weight: 100 Style: italic"
      RenderBlock {DIV} at (0,5782) size 769x18
        RenderText {#text} at (0,0) size 282x18
          text run at (0,0) width 282: "Font: Avenir-Black Weight: 200 Style: italic"
      RenderBlock {DIV} at (0,5800) size 769x18
        RenderText {#text} at (0,0) size 282x18
          text run at (0,0) width 282: "Font: Avenir-Black Weight: 300 Style: italic"
      RenderBlock {DIV} at (0,5818) size 769x18
        RenderText {#text} at (0,0) size 282x18
          text run at (0,0) width 282: "Font: Avenir-Black Weight: 400 Style: italic"
      RenderBlock {DIV} at (0,5836) size 769x18
        RenderText {#text} at (0,0) size 282x18
          text run at (0,0) width 282: "Font: Avenir-Black Weight: 500 Style: italic"
      RenderBlock {DIV} at (0,5854) size 769x18
        RenderText {#text} at (0,0) size 290x18
          text run at (0,0) width 290: "Font: Avenir-Black Weight: 600 Style: italic"
      RenderBlock {DIV} at (0,5872) size 769x18
        RenderText {#text} at (0,0) size 290x18
          text run at (0,0) width 290: "Font: Avenir-Black Weight: 700 Style: italic"
      RenderBlock {DIV} at (0,5890) size 769x18
        RenderText {#text} at (0,0) size 290x18
          text run at (0,0) width 290: "Font: Avenir-Black Weight: 800 Style: italic"
      RenderBlock {DIV} at (0,5908) size 769x18
        RenderText {#text} at (0,0) size 290x18
          text run at (0,0) width 290: "Font: Avenir-Black Weight: 900 Style: italic"
      RenderBlock {DIV} at (0,5926) size 769x18
        RenderText {#text} at (0,0) size 286x18
          text run at (0,0) width 286: "Font: Avenir-Heavy Weight: 100 Style: italic"
      RenderBlock {DIV} at (0,5944) size 769x18
        RenderText {#text} at (0,0) size 286x18
          text run at (0,0) width 286: "Font: Avenir-Heavy Weight: 200 Style: italic"
      RenderBlock {DIV} at (0,5962) size 769x18
        RenderText {#text} at (0,0) size 286x18
          text run at (0,0) width 286: "Font: Avenir-Heavy Weight: 300 Style: italic"
      RenderBlock {DIV} at (0,5980) size 769x18
        RenderText {#text} at (0,0) size 286x18
          text run at (0,0) width 286: "Font: Avenir-Heavy Weight: 400 Style: italic"
      RenderBlock {DIV} at (0,5998) size 769x18
        RenderText {#text} at (0,0) size 286x18
          text run at (0,0) width 286: "Font: Avenir-Heavy Weight: 500 Style: italic"
      RenderBlock {DIV} at (0,6016) size 769x18
        RenderText {#text} at (0,0) size 294x18
          text run at (0,0) width 294: "Font: Avenir-Heavy Weight: 600 Style: italic"
      RenderBlock {DIV} at (0,6034) size 769x18
        RenderText {#text} at (0,0) size 294x18
          text run at (0,0) width 294: "Font: Avenir-Heavy Weight: 700 Style: italic"
      RenderBlock {DIV} at (0,6052) size 769x18
        RenderText {#text} at (0,0) size 294x18
          text run at (0,0) width 294: "Font: Avenir-Heavy Weight: 800 Style: italic"
      RenderBlock {DIV} at (0,6070) size 769x18
        RenderText {#text} at (0,0) size 294x18
          text run at (0,0) width 294: "Font: Avenir-Heavy Weight: 900 Style: italic"
      RenderBlock {DIV} at (0,6088) size 769x18
        RenderText {#text} at (0,0) size 331x18
          text run at (0,0) width 331: "Font: Avenir-LightOblique Weight: 100 Style: italic"
      RenderBlock {DIV} at (0,6106) size 769x18
        RenderText {#text} at (0,0) size 331x18
          text run at (0,0) width 331: "Font: Avenir-LightOblique Weight: 200 Style: italic"
      RenderBlock {DIV} at (0,6124) size 769x18
        RenderText {#text} at (0,0) size 331x18
          text run at (0,0) width 331: "Font: Avenir-LightOblique Weight: 300 Style: italic"
      RenderBlock {DIV} at (0,6142) size 769x18
        RenderText {#text} at (0,0) size 331x18
          text run at (0,0) width 331: "Font: Avenir-LightOblique Weight: 400 Style: italic"
      RenderBlock {DIV} at (0,6160) size 769x18
        RenderText {#text} at (0,0) size 331x18
          text run at (0,0) width 331: "Font: Avenir-LightOblique Weight: 500 Style: italic"
      RenderBlock {DIV} at (0,6178) size 769x18
        RenderText {#text} at (0,0) size 340x18
          text run at (0,0) width 340: "Font: Avenir-LightOblique Weight: 600 Style: italic"
      RenderBlock {DIV} at (0,6196) size 769x18
        RenderText {#text} at (0,0) size 340x18
          text run at (0,0) width 340: "Font: Avenir-LightOblique Weight: 700 Style: italic"
      RenderBlock {DIV} at (0,6214) size 769x18
        RenderText {#text} at (0,0) size 340x18
          text run at (0,0) width 340: "Font: Avenir-LightOblique Weight: 800 Style: italic"
      RenderBlock {DIV} at (0,6232) size 769x18
        RenderText {#text} at (0,0) size 340x18
          text run at (0,0) width 340: "Font: Avenir-LightOblique Weight: 900 Style: italic"
      RenderBlock {DIV} at (0,6250) size 769x18
        RenderText {#text} at (0,0) size 330x18
          text run at (0,0) width 330: "Font: Avenir-BookOblique Weight: 100 Style: italic"
      RenderBlock {DIV} at (0,6268) size 769x18
        RenderText {#text} at (0,0) size 330x18
          text run at (0,0) width 330: "Font: Avenir-BookOblique Weight: 200 Style: italic"
      RenderBlock {DIV} at (0,6286) size 769x18
        RenderText {#text} at (0,0) size 330x18
          text run at (0,0) width 330: "Font: Avenir-BookOblique Weight: 300 Style: italic"
      RenderBlock {DIV} at (0,6304) size 769x18
        RenderText {#text} at (0,0) size 330x18
          text run at (0,0) width 330: "Font: Avenir-BookOblique Weight: 400 Style: italic"
      RenderBlock {DIV} at (0,6322) size 769x18
        RenderText {#text} at (0,0) size 330x18
          text run at (0,0) width 330: "Font: Avenir-BookOblique Weight: 500 Style: italic"
      RenderBlock {DIV} at (0,6340) size 769x18
        RenderText {#text} at (0,0) size 339x18
          text run at (0,0) width 339: "Font: Avenir-BookOblique Weight: 600 Style: italic"
      RenderBlock {DIV} at (0,6358) size 769x18
        RenderText {#text} at (0,0) size 339x18
          text run at (0,0) width 339: "Font: Avenir-BookOblique Weight: 700 Style: italic"
      RenderBlock {DIV} at (0,6376) size 769x18
        RenderText {#text} at (0,0) size 339x18
          text run at (0,0) width 339: "Font: Avenir-BookOblique Weight: 800 Style: italic"
      RenderBlock {DIV} at (0,6394) size 769x18
        RenderText {#text} at (0,0) size 339x18
          text run at (0,0) width 339: "Font: Avenir-BookOblique Weight: 900 Style: italic"
      RenderBlock {DIV} at (0,6412) size 769x18
        RenderText {#text} at (0,0) size 349x18
          text run at (0,0) width 349: "Font: Avenir-MediumOblique Weight: 100 Style: italic"
      RenderBlock {DIV} at (0,6430) size 769x18
        RenderText {#text} at (0,0) size 349x18
          text run at (0,0) width 349: "Font: Avenir-MediumOblique Weight: 200 Style: italic"
      RenderBlock {DIV} at (0,6448) size 769x18
        RenderText {#text} at (0,0) size 349x18
          text run at (0,0) width 349: "Font: Avenir-MediumOblique Weight: 300 Style: italic"
      RenderBlock {DIV} at (0,6466) size 769x18
        RenderText {#text} at (0,0) size 349x18
          text run at (0,0) width 349: "Font: Avenir-MediumOblique Weight: 400 Style: italic"
      RenderBlock {DIV} at (0,6484) size 769x18
        RenderText {#text} at (0,0) size 349x18
          text run at (0,0) width 349: "Font: Avenir-MediumOblique Weight: 500 Style: italic"
      RenderBlock {DIV} at (0,6502) size 769x18
        RenderText {#text} at (0,0) size 359x18
          text run at (0,0) width 359: "Font: Avenir-MediumOblique Weight: 600 Style: italic"
      RenderBlock {DIV} at (0,6520) size 769x18
        RenderText {#text} at (0,0) size 359x18
          text run at (0,0) width 359: "Font: Avenir-MediumOblique Weight: 700 Style: italic"
      RenderBlock {DIV} at (0,6538) size 769x18
        RenderText {#text} at (0,0) size 359x18
          text run at (0,0) width 359: "Font: Avenir-MediumOblique Weight: 800 Style: italic"
      RenderBlock {DIV} at (0,6556) size 769x18
        RenderText {#text} at (0,0) size 359x18
          text run at (0,0) width 359: "Font: Avenir-MediumOblique Weight: 900 Style: italic"
      RenderBlock {DIV} at (0,6574) size 769x18
        RenderText {#text} at (0,0) size 333x18
          text run at (0,0) width 333: "Font: Avenir-BlackOblique Weight: 100 Style: italic"
      RenderBlock {DIV} at (0,6592) size 769x18
        RenderText {#text} at (0,0) size 333x18
          text run at (0,0) width 333: "Font: Avenir-BlackOblique Weight: 200 Style: italic"
      RenderBlock {DIV} at (0,6610) size 769x18
        RenderText {#text} at (0,0) size 333x18
          text run at (0,0) width 333: "Font: Avenir-BlackOblique Weight: 300 Style: italic"
      RenderBlock {DIV} at (0,6628) size 769x18
        RenderText {#text} at (0,0) size 333x18
          text run at (0,0) width 333: "Font: Avenir-BlackOblique Weight: 400 Style: italic"
      RenderBlock {DIV} at (0,6646) size 769x18
        RenderText {#text} at (0,0) size 333x18
          text run at (0,0) width 333: "Font: Avenir-BlackOblique Weight: 500 Style: italic"
      RenderBlock {DIV} at (0,6664) size 769x18
        RenderText {#text} at (0,0) size 343x18
          text run at (0,0) width 343: "Font: Avenir-BlackOblique Weight: 600 Style: italic"
      RenderBlock {DIV} at (0,6682) size 769x18
        RenderText {#text} at (0,0) size 343x18
          text run at (0,0) width 343: "Font: Avenir-BlackOblique Weight: 700 Style: italic"
      RenderBlock {DIV} at (0,6700) size 769x18
        RenderText {#text} at (0,0) size 343x18
          text run at (0,0) width 343: "Font: Avenir-BlackOblique Weight: 800 Style: italic"
      RenderBlock {DIV} at (0,6718) size 769x18
        RenderText {#text} at (0,0) size 343x18
          text run at (0,0) width 343: "Font: Avenir-BlackOblique Weight: 900 Style: italic"
