layer at (0,0) size 800x600
  RenderView at (0,0) size 800x600
layer at (0,0) size 800x600
  RenderBlock {HTML} at (0,0) size 800x600
    RenderBody {BODY} at (8,8) size 784x584
      RenderInline {SPAN} at (0,0) size 782x255
        RenderText {#text} at (0,0) size 782x255
          text run at (0,0) width 469: "I am typing a lot of text so that this goes onto many lines. I am still typing. "
          text run at (469,0) width 283: "I am typing a lot of text so that this goes onto"
          text run at (0,17) width 771: "many lines. I am still typing. I am typing a lot of text so that this goes onto many lines. I am still typing. I am typing a lot of"
          text run at (0,34) width 762: "text so that this goes onto many lines. I am still typing. I am typing a lot of text so that this goes onto many lines. I am still"
          text run at (0,51) width 768: "typing. I am typing a lot of text so that this goes onto many lines. I am still typing. I am typing a lot of text so that this goes"
          text run at (0,68) width 766: "onto many lines. I am still typing. I am typing a lot of text so that this goes onto many lines. I am still typing. I am typing a"
          text run at (0,85) width 773: "lot of text so that this goes onto many lines. I am still typing. I am typing a lot of text so that this goes onto many lines. I am"
          text run at (0,102) width 761: "still typing. I am typing a lot of text so that this goes onto many lines. I am still typing. I am typing a lot of text so that this"
          text run at (0,119) width 744: "goes onto many lines. I am still typing. I am typing a lot of text so that this goes onto many lines. I am still typing. I am"
          text run at (0,136) width 759: "typing a lot of text so that this goes onto many lines. I am still typing. I am typing a lot of text so that this goes onto many"
          text run at (0,153) width 777: "lines. I am still typing. I am typing a lot of text so that this goes onto many lines. I am still typing. I am typing a lot of text so"
          text run at (0,170) width 774: "that this goes onto many lines. I am still typing. I am typing a lot of text so that this goes onto many lines. I am still typing. I"
          text run at (0,187) width 782: "am typing a lot of text so that this goes onto many lines. I am still typing. I am typing a lot of text so that this goes onto many"
          text run at (0,204) width 777: "lines. I am still typing. I am typing a lot of text so that this goes onto many lines. I am still typing. I am typing a lot of text so"
          text run at (0,221) width 774: "that this goes onto many lines. I am still typing. I am typing a lot of text so that this goes onto many lines. I am still typing. I"
          text run at (0,238) width 456: "am typing a lot of text so that this goes onto many lines. I am still typing."
      RenderText {#text} at (0,0) size 0x0
