layer at (0,0) size 800x1099
  RenderView at (0,0) size 800x600
layer at (0,0) size 800x600
  RenderBlock {HTML} at (0,0) size 800x600
    RenderBody {BODY} at (0,0) size 800x600
      RenderText {#text} at (0,0) size 424x19
        text run at (0,0) width 424: "ffffffffffffffffffffffffffffffffffffffffffffffffffffffffffffffffffffffffffffffffffff"
      RenderBR {BR} at (423,15) size 1x0
      RenderText {#text} at (0,20) size 424x19
        text run at (0,20) width 424: "ffffffffffffffffffffffffffffffffffffffffffffffffffffffffffffffffffffffffffffffffffff"
      RenderBR {BR} at (423,35) size 1x0
      RenderText {#text} at (0,40) size 424x19
        text run at (0,40) width 424: "ffffffffffffffffffffffffffffffffffffffffffffffffffffffffffffffffffffffffffffffffffff"
      RenderBR {BR} at (423,55) size 1x0
      RenderText {#text} at (0,60) size 424x19
        text run at (0,60) width 424: "ffffffffffffffffffffffffffffffffffffffffffffffffffffffffffffffffffffffffffffffffffff"
      RenderBR {BR} at (423,75) size 1x0
      RenderText {#text} at (0,80) size 424x19
        text run at (0,80) width 424: "ffffffffffffffffffffffffffffffffffffffffffffffffffffffffffffffffffffffffffffffffffff"
      RenderBR {BR} at (423,95) size 1x0
      RenderText {#text} at (0,100) size 424x19
        text run at (0,100) width 424: "ffffffffffffffffffffffffffffffffffffffffffffffffffffffffffffffffffffffffffffffffffff"
      RenderBR {BR} at (423,115) size 1x0
      RenderText {#text} at (0,120) size 424x19
        text run at (0,120) width 424: "ffffffffffffffffffffffffffffffffffffffffffffffffffffffffffffffffffffffffffffffffffff"
      RenderBR {BR} at (423,135) size 1x0
      RenderText {#text} at (0,140) size 424x19
        text run at (0,140) width 424: "ffffffffffffffffffffffffffffffffffffffffffffffffffffffffffffffffffffffffffffffffffff"
      RenderBR {BR} at (423,155) size 1x0
      RenderText {#text} at (0,160) size 424x19
        text run at (0,160) width 424: "ffffffffffffffffffffffffffffffffffffffffffffffffffffffffffffffffffffffffffffffffffff"
      RenderBR {BR} at (423,175) size 1x0
      RenderText {#text} at (0,180) size 424x19
        text run at (0,180) width 424: "ffffffffffffffffffffffffffffffffffffffffffffffffffffffffffffffffffffffffffffffffffff"
      RenderBR {BR} at (423,195) size 1x0
      RenderText {#text} at (0,200) size 424x19
        text run at (0,200) width 424: "ffffffffffffffffffffffffffffffffffffffffffffffffffffffffffffffffffffffffffffffffffff"
      RenderBR {BR} at (423,215) size 1x0
      RenderText {#text} at (0,220) size 424x19
        text run at (0,220) width 424: "ffffffffffffffffffffffffffffffffffffffffffffffffffffffffffffffffffffffffffffffffffff"
      RenderBR {BR} at (423,235) size 1x0
      RenderText {#text} at (0,240) size 424x19
        text run at (0,240) width 424: "ffffffffffffffffffffffffffffffffffffffffffffffffffffffffffffffffffffffffffffffffffff"
      RenderBR {BR} at (423,255) size 1x0
      RenderText {#text} at (0,260) size 424x19
        text run at (0,260) width 424: "ffffffffffffffffffffffffffffffffffffffffffffffffffffffffffffffffffffffffffffffffffff"
      RenderBR {BR} at (423,275) size 1x0
      RenderText {#text} at (0,280) size 424x19
        text run at (0,280) width 424: "ffffffffffffffffffffffffffffffffffffffffffffffffffffffffffffffffffffffffffffffffffff"
      RenderBR {BR} at (423,295) size 1x0
      RenderText {#text} at (0,300) size 424x19
        text run at (0,300) width 424: "ffffffffffffffffffffffffffffffffffffffffffffffffffffffffffffffffffffffffffffffffffff"
      RenderBR {BR} at (423,315) size 1x0
      RenderText {#text} at (0,320) size 424x19
        text run at (0,320) width 424: "ffffffffffffffffffffffffffffffffffffffffffffffffffffffffffffffffffffffffffffffffffff"
      RenderBR {BR} at (423,335) size 1x0
      RenderText {#text} at (0,340) size 424x19
        text run at (0,340) width 424: "ffffffffffffffffffffffffffffffffffffffffffffffffffffffffffffffffffffffffffffffffffff"
      RenderBR {BR} at (423,355) size 1x0
      RenderText {#text} at (0,360) size 424x19
        text run at (0,360) width 424: "ffffffffffffffffffffffffffffffffffffffffffffffffffffffffffffffffffffffffffffffffffff"
      RenderBR {BR} at (423,375) size 1x0
      RenderText {#text} at (0,380) size 424x19
        text run at (0,380) width 424: "ffffffffffffffffffffffffffffffffffffffffffffffffffffffffffffffffffffffffffffffffffff"
      RenderBR {BR} at (423,395) size 1x0
      RenderText {#text} at (0,400) size 424x19
        text run at (0,400) width 424: "ffffffffffffffffffffffffffffffffffffffffffffffffffffffffffffffffffffffffffffffffffff"
      RenderBR {BR} at (423,415) size 1x0
      RenderText {#text} at (0,420) size 424x19
        text run at (0,420) width 424: "ffffffffffffffffffffffffffffffffffffffffffffffffffffffffffffffffffffffffffffffffffff"
      RenderBR {BR} at (423,435) size 1x0
      RenderText {#text} at (0,440) size 424x19
        text run at (0,440) width 424: "ffffffffffffffffffffffffffffffffffffffffffffffffffffffffffffffffffffffffffffffffffff"
      RenderBR {BR} at (423,455) size 1x0
      RenderText {#text} at (0,460) size 424x19
        text run at (0,460) width 424: "ffffffffffffffffffffffffffffffffffffffffffffffffffffffffffffffffffffffffffffffffffff"
      RenderBR {BR} at (423,475) size 1x0
      RenderText {#text} at (0,480) size 424x19
        text run at (0,480) width 424: "ffffffffffffffffffffffffffffffffffffffffffffffffffffffffffffffffffffffffffffffffffff"
      RenderBR {BR} at (423,495) size 1x0
      RenderText {#text} at (0,500) size 424x19
        text run at (0,500) width 424: "ffffffffffffffffffffffffffffffffffffffffffffffffffffffffffffffffffffffffffffffffffff"
      RenderBR {BR} at (423,515) size 1x0
      RenderText {#text} at (0,520) size 424x19
        text run at (0,520) width 424: "ffffffffffffffffffffffffffffffffffffffffffffffffffffffffffffffffffffffffffffffffffff"
      RenderBR {BR} at (423,535) size 1x0
      RenderText {#text} at (0,540) size 424x19
        text run at (0,540) width 424: "ffffffffffffffffffffffffffffffffffffffffffffffffffffffffffffffffffffffffffffffffffff"
      RenderBR {BR} at (423,555) size 1x0
      RenderText {#text} at (0,560) size 424x19
        text run at (0,560) width 424: "ffffffffffffffffffffffffffffffffffffffffffffffffffffffffffffffffffffffffffffffffffff"
      RenderBR {BR} at (423,575) size 1x0
      RenderText {#text} at (0,580) size 424x19
        text run at (0,580) width 424: "ffffffffffffffffffffffffffffffffffffffffffffffffffffffffffffffffffffffffffffffffffff"
      RenderBR {BR} at (423,595) size 1x0
      RenderText {#text} at (0,600) size 424x19
        text run at (0,600) width 424: "ffffffffffffffffffffffffffffffffffffffffffffffffffffffffffffffffffffffffffffffffffff"
      RenderBR {BR} at (423,615) size 1x0
      RenderText {#text} at (0,620) size 424x19
        text run at (0,620) width 424: "ffffffffffffffffffffffffffffffffffffffffffffffffffffffffffffffffffffffffffffffffffff"
      RenderBR {BR} at (423,635) size 1x0
      RenderText {#text} at (0,640) size 424x19
        text run at (0,640) width 424: "ffffffffffffffffffffffffffffffffffffffffffffffffffffffffffffffffffffffffffffffffffff"
      RenderBR {BR} at (423,655) size 1x0
      RenderText {#text} at (0,660) size 424x19
        text run at (0,660) width 424: "ffffffffffffffffffffffffffffffffffffffffffffffffffffffffffffffffffffffffffffffffffff"
      RenderBR {BR} at (423,675) size 1x0
      RenderText {#text} at (0,680) size 424x19
        text run at (0,680) width 424: "ffffffffffffffffffffffffffffffffffffffffffffffffffffffffffffffffffffffffffffffffffff"
      RenderBR {BR} at (423,695) size 1x0
      RenderText {#text} at (0,700) size 424x19
        text run at (0,700) width 424: "ffffffffffffffffffffffffffffffffffffffffffffffffffffffffffffffffffffffffffffffffffff"
      RenderBR {BR} at (423,715) size 1x0
      RenderText {#text} at (0,720) size 424x19
        text run at (0,720) width 424: "ffffffffffffffffffffffffffffffffffffffffffffffffffffffffffffffffffffffffffffffffffff"
      RenderBR {BR} at (423,735) size 1x0
      RenderText {#text} at (0,740) size 424x19
        text run at (0,740) width 424: "ffffffffffffffffffffffffffffffffffffffffffffffffffffffffffffffffffffffffffffffffffff"
      RenderBR {BR} at (423,755) size 1x0
      RenderText {#text} at (0,760) size 424x19
        text run at (0,760) width 424: "ffffffffffffffffffffffffffffffffffffffffffffffffffffffffffffffffffffffffffffffffffff"
      RenderBR {BR} at (423,775) size 1x0
      RenderText {#text} at (0,780) size 424x19
        text run at (0,780) width 424: "ffffffffffffffffffffffffffffffffffffffffffffffffffffffffffffffffffffffffffffffffffff"
      RenderBR {BR} at (423,795) size 1x0
      RenderText {#text} at (0,800) size 424x19
        text run at (0,800) width 424: "ffffffffffffffffffffffffffffffffffffffffffffffffffffffffffffffffffffffffffffffffffff"
      RenderBR {BR} at (423,815) size 1x0
      RenderText {#text} at (0,820) size 424x19
        text run at (0,820) width 424: "ffffffffffffffffffffffffffffffffffffffffffffffffffffffffffffffffffffffffffffffffffff"
      RenderBR {BR} at (423,835) size 1x0
      RenderText {#text} at (0,840) size 424x19
        text run at (0,840) width 424: "ffffffffffffffffffffffffffffffffffffffffffffffffffffffffffffffffffffffffffffffffffff"
      RenderBR {BR} at (423,855) size 1x0
      RenderText {#text} at (0,860) size 424x19
        text run at (0,860) width 424: "ffffffffffffffffffffffffffffffffffffffffffffffffffffffffffffffffffffffffffffffffffff"
      RenderBR {BR} at (423,875) size 1x0
      RenderText {#text} at (0,880) size 424x19
        text run at (0,880) width 424: "ffffffffffffffffffffffffffffffffffffffffffffffffffffffffffffffffffffffffffffffffffff"
      RenderBR {BR} at (423,895) size 1x0
      RenderText {#text} at (0,900) size 424x19
        text run at (0,900) width 424: "ffffffffffffffffffffffffffffffffffffffffffffffffffffffffffffffffffffffffffffffffffff"
      RenderBR {BR} at (423,915) size 1x0
      RenderText {#text} at (0,920) size 424x19
        text run at (0,920) width 424: "ffffffffffffffffffffffffffffffffffffffffffffffffffffffffffffffffffffffffffffffffffff"
      RenderBR {BR} at (423,935) size 1x0
      RenderText {#text} at (0,940) size 424x19
        text run at (0,940) width 424: "ffffffffffffffffffffffffffffffffffffffffffffffffffffffffffffffffffffffffffffffffffff"
      RenderBR {BR} at (423,955) size 1x0
      RenderText {#text} at (0,960) size 424x19
        text run at (0,960) width 424: "ffffffffffffffffffffffffffffffffffffffffffffffffffffffffffffffffffffffffffffffffffff"
      RenderBR {BR} at (423,975) size 1x0
      RenderText {#text} at (0,980) size 424x19
        text run at (0,980) width 424: "ffffffffffffffffffffffffffffffffffffffffffffffffffffffffffffffffffffffffffffffffffff"
      RenderBR {BR} at (423,995) size 1x0
      RenderText {#text} at (0,1000) size 424x19
        text run at (0,1000) width 424: "ffffffffffffffffffffffffffffffffffffffffffffffffffffffffffffffffffffffffffffffffffff"
      RenderBR {BR} at (423,1015) size 1x0
      RenderText {#text} at (0,1020) size 424x19
        text run at (0,1020) width 424: "ffffffffffffffffffffffffffffffffffffffffffffffffffffffffffffffffffffffffffffffffffff"
      RenderBR {BR} at (423,1035) size 1x0
      RenderText {#text} at (0,1040) size 424x19
        text run at (0,1040) width 424: "ffffffffffffffffffffffffffffffffffffffffffffffffffffffffffffffffffffffffffffffffffff"
      RenderBR {BR} at (423,1055) size 1x0
      RenderText {#text} at (0,1060) size 424x19
        text run at (0,1060) width 424: "ffffffffffffffffffffffffffffffffffffffffffffffffffffffffffffffffffffffffffffffffffff"
      RenderBR {BR} at (423,1075) size 1x0
      RenderText {#text} at (0,1080) size 424x19
        text run at (0,1080) width 424: "ffffffffffffffffffffffffffffffffffffffffffffffffffffffffffffffffffffffffffffffffffff"
      RenderBR {BR} at (423,1095) size 1x0
