layer at (0,0) size 785x1582
  RenderView at (0,0) size 785x600
layer at (0,0) size 785x1582
  RenderBlock {HTML} at (0,0) size 785x1582
    RenderBody {BODY} at (8,8) size 769x1566
      RenderTable {TABLE} at (0,0) size 769x75 [border: (1px solid #000000)]
        RenderTableSection {TBODY} at (1,1) size 767x73
          RenderTableRow {TR} at (0,2) size 767x69
            RenderTableCell {TD} at (2,2) size 444x69 [border: (1px solid #000000)] [r=0 c=0 rs=1 cs=1]
              RenderImage {IMG} at (2,2) size 88x65
              RenderImage {IMG} at (90,2) size 88x65
              RenderImage {IMG} at (178,2) size 88x65
              RenderImage {IMG} at (266,2) size 88x65
              RenderImage {IMG} at (354,2) size 88x65
            RenderTableCell {TD} at (448,25) size 317x23 [border: (1px solid #000000)] [r=0 c=1 rs=1 cs=1]
              RenderText {#text} at (2,2) size 160x19
                text run at (2,3) width 160: "Nothing between images"
      RenderTable {TABLE} at (0,75) size 769x335 [border: (1px solid #000000)]
        RenderTableSection {TBODY} at (1,1) size 767x333
          RenderTableRow {TR} at (0,2) size 767x329
            RenderTableCell {TD} at (2,2) size 92x329 [border: (1px solid #000000)] [r=0 c=0 rs=1 cs=1]
              RenderImage {IMG} at (2,2) size 88x65
              RenderText {#text} at (0,0) size 0x0
              RenderImage {IMG} at (2,67) size 88x65
              RenderText {#text} at (0,0) size 0x0
              RenderImage {IMG} at (2,132) size 88x65
              RenderText {#text} at (0,0) size 0x0
              RenderImage {IMG} at (2,197) size 88x65
              RenderText {#text} at (0,0) size 0x0
              RenderImage {IMG} at (2,262) size 88x65
            RenderTableCell {TD} at (96,155) size 669x23 [border: (1px solid #000000)] [r=0 c=1 rs=1 cs=1]
              RenderText {#text} at (2,2) size 152x19
                text run at (2,3) width 152: "Spaces between images"
      RenderTable {TABLE} at (0,410) size 769x335 [border: (1px solid #000000)]
        RenderTableSection {TBODY} at (1,1) size 767x333
          RenderTableRow {TR} at (0,2) size 767x329
            RenderTableCell {TD} at (2,2) size 92x329 [border: (1px solid #000000)] [r=0 c=0 rs=1 cs=1]
              RenderImage {IMG} at (2,2) size 88x65
              RenderText {#text} at (0,0) size 0x0
              RenderImage {IMG} at (2,67) size 88x65
              RenderText {#text} at (0,0) size 0x0
              RenderImage {IMG} at (2,132) size 88x65
              RenderText {#text} at (0,0) size 0x0
              RenderImage {IMG} at (2,197) size 88x65
              RenderText {#text} at (0,0) size 0x0
              RenderImage {IMG} at (2,262) size 88x65
            RenderTableCell {TD} at (96,155) size 669x23 [border: (1px solid #000000)] [r=0 c=1 rs=1 cs=1]
              RenderText {#text} at (2,2) size 168x19
                text run at (2,3) width 168: "Newlines between images"
      RenderTable {TABLE} at (0,745) size 769x79 [border: (1px solid #000000)]
        RenderTableSection {TBODY} at (1,1) size 767x77
          RenderTableRow {TR} at (0,2) size 767x73
            RenderTableCell {TD} at (2,2) size 595x73 [border: (1px solid #000000)] [r=0 c=0 rs=1 cs=1]
              RenderText {#text} at (2,53) size 27x18
                text run at (2,53) width 27: "One"
              RenderImage {IMG} at (28,2) size 89x65
              RenderText {#text} at (116,53) size 29x18
                text run at (116,53) width 29: "Two"
              RenderImage {IMG} at (144,2) size 89x65
              RenderText {#text} at (232,53) size 39x18
                text run at (232,53) width 39: "Three"
              RenderImage {IMG} at (270,2) size 89x65
              RenderText {#text} at (358,53) size 31x18
                text run at (358,53) width 31: "Four"
              RenderImage {IMG} at (388,2) size 89x65
              RenderText {#text} at (476,53) size 29x18
                text run at (476,53) width 29: "Five"
              RenderImage {IMG} at (504,2) size 89x65
            RenderTableCell {TD} at (598,27) size 167x23 [border: (1px solid #000000)] [r=0 c=1 rs=1 cs=1]
              RenderText {#text} at (2,2) size 135x19
                text run at (2,3) width 135: "Text between images"
      RenderTable {TABLE} at (0,824) size 769x369 [border: (1px solid #000000)]
        RenderTableSection {TBODY} at (1,1) size 767x367
          RenderTableRow {TR} at (0,2) size 767x363
            RenderTableCell {TD} at (2,2) size 130x363 [border: (1px solid #000000)] [r=0 c=0 rs=1 cs=1]
              RenderText {#text} at (2,2) size 27x18
                text run at (2,2) width 27: "One"
              RenderImage {IMG} at (2,20) size 88x65
              RenderText {#text} at (90,71) size 29x18
                text run at (90,71) width 29: "Two"
              RenderImage {IMG} at (2,89) size 88x65
              RenderText {#text} at (90,140) size 38x18
                text run at (90,140) width 38: "Three"
              RenderImage {IMG} at (2,158) size 88x65
              RenderText {#text} at (90,209) size 31x18
                text run at (90,209) width 31: "Four"
              RenderImage {IMG} at (2,227) size 88x65
              RenderText {#text} at (90,278) size 29x18
                text run at (90,278) width 29: "Five"
              RenderImage {IMG} at (2,296) size 88x65
            RenderTableCell {TD} at (133,172) size 632x23 [border: (1px solid #000000)] [r=0 c=1 rs=1 cs=1]
              RenderText {#text} at (2,2) size 214x19
                text run at (2,3) width 214: "Text with spaces between images"
      RenderTable {TABLE} at (0,1193) size 769x373 [border: (1px solid #000000)]
        RenderTableSection {TBODY} at (1,1) size 767x371
          RenderTableRow {TR} at (0,2) size 767x367
            RenderTableCell {TD} at (2,2) size 138x367 [border: (1px solid #000000)] [r=0 c=0 rs=1 cs=1]
              RenderText {#text} at (2,2) size 27x87
                text run at (2,2) width 27: "One"
                text run at (2,71) width 12: "A"
              RenderImage {IMG} at (13,20) size 89x65
              RenderText {#text} at (101,71) size 128x87
                text run at (101,71) width 29: "Two"
                text run at (2,140) width 8: "b"
              RenderImage {IMG} at (10,89) size 88x65
              RenderText {#text} at (98,140) size 134x87
                text run at (98,140) width 38: "Three"
                text run at (2,209) width 8: "c"
              RenderImage {IMG} at (9,158) size 89x65
              RenderText {#text} at (97,209) size 126x87
                text run at (97,209) width 31: "Four"
                text run at (2,278) width 8: "d"
              RenderImage {IMG} at (10,227) size 88x65
              RenderText {#text} at (98,278) size 125x87
                text run at (98,278) width 29: "Five"
                text run at (2,347) width 8: "e"
              RenderImage {IMG} at (9,296) size 89x65
            RenderTableCell {TD} at (141,174) size 624x23 [border: (1px solid #000000)] [r=0 c=1 rs=1 cs=1]
              RenderText {#text} at (2,2) size 305x19
                text run at (2,3) width 305: "Text with spaces and more text between images"
