layer at (0,0) size 800x600
  RenderView at (0,0) size 800x600
layer at (0,0) size 800x600
  RenderBlock {HTML} at (0,0) size 800x600
    RenderBody {BODY} at (8,8) size 784x584 [bgcolor=#CCCCCC]
      RenderBlock {P} at (0,0) size 784x17
        RenderText {#text} at (0,0) size 355x17
          text run at (0,0) width 355: "The style declarations which apply to the text below are:"
      RenderBlock {PRE} at (0,33) size 784x75
        RenderText {#text} at (0,0) size 224x75
          text run at (0,0) width 192: ".one {text-align: left;}"
          text run at (0,15) width 200: ".two {text-align: right;}"
          text run at (0,30) width 224: ".three {text-align: center;}"
          text run at (0,45) width 224: ".four {text-align: justify;}"
          text run at (0,60) width 0: " "
      RenderBlock {HR} at (0,121) size 784x2 [border: (1px inset #000000)]
      RenderBlock {P} at (0,139) size 784x17
        RenderText {#text} at (0,0) size 234x17
          text run at (0,0) width 234: "This sentence should be left-justified."
      RenderBlock {P} at (0,172) size 784x17
        RenderText {#text} at (541,0) size 243x17
          text run at (541,0) width 243: "This sentence should be right-justified."
      RenderBlock {P} at (0,205) size 784x17
        RenderText {#text} at (286,0) size 212x17
          text run at (286,0) width 212: "This sentence should be centered."
      RenderBlock {P} at (0,238) size 784x51
        RenderText {#text} at (0,0) size 784x51
          text run at (0,0) width 784: "This sentence should be fully justified, which means that the right and left margins of this paragraph should line up, no"
          text run at (0,17) width 784: "matter how long the paragraph becomes; the exception, of course, is the last line, which should be left-justified in Western"
          text run at (0,34) width 67: "languages."
      RenderTable {TABLE} at (0,305) size 784x185 [border: (1px outset #808080)]
        RenderTableSection {TBODY} at (1,1) size 782x183
          RenderTableRow {TR} at (0,0) size 782x25
            RenderTableCell {TD} at (0,0) size 782x25 [bgcolor=#C0C0C0] [border: (1px inset #808080)] [r=0 c=0 rs=1 cs=2]
              RenderInline {STRONG} at (0,0) size 163x17
                RenderText {#text} at (4,4) size 163x17
                  text run at (4,4) width 163: "TABLE Testing Section"
          RenderTableRow {TR} at (0,25) size 782x158
            RenderTableCell {TD} at (0,91) size 12x26 [bgcolor=#C0C0C0] [border: (1px inset #808080)] [r=1 c=0 rs=1 cs=1]
              RenderText {#text} at (4,4) size 4x18
                text run at (4,5) width 4: " "
            RenderTableCell {TD} at (12,25) size 770x158 [border: (1px inset #808080)] [r=1 c=1 rs=1 cs=1]
              RenderBlock {P} at (4,4) size 762x17
                RenderText {#text} at (0,0) size 234x17
                  text run at (0,0) width 234: "This sentence should be left-justified."
              RenderBlock {P} at (4,37) size 762x17
                RenderText {#text} at (519,0) size 243x17
                  text run at (519,0) width 243: "This sentence should be right-justified."
              RenderBlock {P} at (4,70) size 762x17
                RenderText {#text} at (275,0) size 212x17
                  text run at (275,0) width 212: "This sentence should be centered."
              RenderBlock {P} at (4,103) size 762x51
                RenderText {#text} at (0,0) size 762x51
                  text run at (0,0) width 762: "This sentence should be fully justified, which means that the right and left margins of this paragraph should line up, no"
                  text run at (0,17) width 762: "matter how long the paragraph becomes; the exception, of course, is the last line, which should be left-justified in"
                  text run at (0,34) width 123: "Western languages."
