layer at (0,0) size 800x600
  RenderView at (0,0) size 800x600
layer at (0,0) size 800x600
  RenderBlock {HTML} at (0,0) size 800x600
    RenderBody {BODY} at (8,8) size 784x584
      RenderBlock {P} at (0,0) size 784x34
        RenderText {#text} at (0,0) size 766x34
          text run at (0,0) width 766: "Colgroups are used to identify column groups. This table has two distinct column groups titled 'Airport Location' and 'Car"
          text run at (0,17) width 555: "Rental Information'. The first has a width of 20%; the second has a width of 40% pixels."
      RenderTable {TABLE} at (0,50) size 784x182 [border: (1px outset #808080)]
        RenderTableCol {COLGROUP} at (0,0) size 0x0
        RenderTableCol {COLGROUP} at (0,0) size 0x0
        RenderTableSection {TBODY} at (1,1) size 782x180
          RenderTableRow {TR} at (0,2) size 782x21
            RenderTableCell {TH} at (2,2) size 464x21 [border: (1px inset #808080)] [r=0 c=0 rs=1 cs=2]
              RenderText {#text} at (174,2) size 116x17
                text run at (174,2) width 116: "Airport Location"
            RenderTableCell {TH} at (468,2) size 313x21 [border: (1px inset #808080)] [r=0 c=2 rs=1 cs=3]
              RenderText {#text} at (75,2) size 163x17
                text run at (75,2) width 163: "Car Rental Information"
          RenderTableRow {TR} at (0,25) size 782x38
            RenderTableCell {TH} at (2,33) size 154x22 [border: (1px inset #808080)] [r=1 c=0 rs=1 cs=1]
              RenderText {#text} at (48,2) size 58x18
                text run at (48,3) width 58: "Country"
            RenderTableCell {TH} at (158,33) size 308x22 [border: (1px inset #808080)] [r=1 c=1 rs=1 cs=1]
              RenderText {#text} at (139,2) size 30x18
                text run at (139,3) width 30: "City"
            RenderTableCell {TH} at (468,25) size 104x38 [border: (1px inset #808080)] [r=1 c=2 rs=1 cs=1]
              RenderText {#text} at (34,2) size 68x34
                text run at (34,2) width 36: "ABC"
                text run at (18,19) width 68: "Company"
            RenderTableCell {TH} at (573,25) size 102x38 [border: (1px inset #808080)] [r=1 c=3 rs=1 cs=1]
              RenderText {#text} at (34,2) size 68x34
                text run at (34,2) width 34: "EFG"
                text run at (17,19) width 68: "Company"
            RenderTableCell {TH} at (676,25) size 105x38 [border: (1px inset #808080)] [r=1 c=4 rs=1 cs=1]
              RenderText {#text} at (34,2) size 68x34
                text run at (34,2) width 36: "XYZ"
                text run at (18,19) width 68: "Company"
          RenderTableRow {TR} at (0,65) size 782x21
            RenderTableCell {TD} at (2,65) size 154x21 [border: (1px inset #808080)] [r=2 c=0 rs=1 cs=1]
              RenderText {#text} at (2,2) size 43x17
                text run at (2,2) width 43: "France"
            RenderTableCell {TD} at (158,65) size 308x21 [border: (1px inset #808080)] [r=2 c=1 rs=1 cs=1]
              RenderText {#text} at (2,2) size 31x17
                text run at (2,2) width 31: "Paris"
            RenderTableCell {TD} at (468,65) size 104x21 [border: (1px inset #808080)] [r=2 c=2 rs=1 cs=1]
              RenderText {#text} at (2,2) size 21x17
                text run at (2,2) width 21: "yes"
            RenderTableCell {TD} at (573,65) size 102x21 [border: (1px inset #808080)] [r=2 c=3 rs=1 cs=1]
              RenderText {#text} at (2,2) size 21x17
                text run at (2,2) width 21: "yes"
            RenderTableCell {TD} at (676,65) size 105x21 [border: (1px inset #808080)] [r=2 c=4 rs=1 cs=1]
              RenderText {#text} at (2,2) size 21x17
                text run at (2,2) width 21: "yes"
          RenderTableRow {TR} at (0,88) size 782x21
            RenderTableCell {TD} at (2,88) size 154x21 [border: (1px inset #808080)] [r=3 c=0 rs=1 cs=1]
              RenderText {#text} at (2,2) size 59x17
                text run at (2,2) width 59: "Germany"
            RenderTableCell {TD} at (158,88) size 308x21 [border: (1px inset #808080)] [r=3 c=1 rs=1 cs=1]
              RenderText {#text} at (2,2) size 59x17
                text run at (2,2) width 59: "Frankfurt"
            RenderTableCell {TD} at (468,88) size 104x21 [border: (1px inset #808080)] [r=3 c=2 rs=1 cs=1]
              RenderText {#text} at (2,2) size 21x17
                text run at (2,2) width 21: "yes"
            RenderTableCell {TD} at (573,88) size 102x21 [border: (1px inset #808080)] [r=3 c=3 rs=1 cs=1]
              RenderText {#text} at (2,2) size 21x17
                text run at (2,2) width 21: "yes"
            RenderTableCell {TD} at (676,88) size 105x21 [border: (1px inset #808080)] [r=3 c=4 rs=1 cs=1]
              RenderText {#text} at (2,2) size 21x17
                text run at (2,2) width 21: "yes"
          RenderTableRow {TR} at (0,111) size 782x21
            RenderTableCell {TD} at (2,111) size 154x21 [border: (1px inset #808080)] [r=4 c=0 rs=1 cs=1]
              RenderText {#text} at (2,2) size 53x17
                text run at (2,2) width 53: "England"
            RenderTableCell {TD} at (158,111) size 308x21 [border: (1px inset #808080)] [r=4 c=1 rs=1 cs=1]
              RenderText {#text} at (2,2) size 50x17
                text run at (2,2) width 50: "London"
            RenderTableCell {TD} at (468,111) size 104x21 [border: (1px inset #808080)] [r=4 c=2 rs=1 cs=1]
              RenderText {#text} at (2,2) size 21x17
                text run at (2,2) width 21: "yes"
            RenderTableCell {TD} at (573,111) size 102x21 [border: (1px inset #808080)] [r=4 c=3 rs=1 cs=1]
              RenderText {#text} at (2,2) size 21x17
                text run at (2,2) width 21: "yes"
            RenderTableCell {TD} at (676,111) size 105x21 [border: (1px inset #808080)] [r=4 c=4 rs=1 cs=1]
              RenderText {#text} at (2,2) size 21x17
                text run at (2,2) width 21: "yes"
          RenderTableRow {TR} at (0,134) size 782x21
            RenderTableCell {TD} at (2,134) size 154x21 [border: (1px inset #808080)] [r=5 c=0 rs=1 cs=1]
              RenderText {#text} at (2,2) size 76x17
                text run at (2,2) width 76: "Netherlands"
            RenderTableCell {TD} at (158,134) size 308x21 [border: (1px inset #808080)] [r=5 c=1 rs=1 cs=1]
              RenderText {#text} at (2,2) size 73x17
                text run at (2,2) width 73: "Amsterdam"
            RenderTableCell {TD} at (468,134) size 104x21 [border: (1px inset #808080)] [r=5 c=2 rs=1 cs=1]
              RenderText {#text} at (2,2) size 21x17
                text run at (2,2) width 21: "yes"
            RenderTableCell {TD} at (573,134) size 102x21 [border: (1px inset #808080)] [r=5 c=3 rs=1 cs=1]
              RenderText {#text} at (2,2) size 21x17
                text run at (2,2) width 21: "yes"
            RenderTableCell {TD} at (676,134) size 105x21 [border: (1px inset #808080)] [r=5 c=4 rs=1 cs=1]
              RenderText {#text} at (2,2) size 21x17
                text run at (2,2) width 21: "yes"
          RenderTableRow {TR} at (0,157) size 782x21
            RenderTableCell {TD} at (2,157) size 154x21 [border: (1px inset #808080)] [r=6 c=0 rs=1 cs=1]
              RenderText {#text} at (2,2) size 33x17
                text run at (2,2) width 33: "USA"
            RenderTableCell {TD} at (158,157) size 308x21 [border: (1px inset #808080)] [r=6 c=1 rs=1 cs=1]
              RenderText {#text} at (2,2) size 68x17
                text run at (2,2) width 68: "New York"
            RenderTableCell {TD} at (468,157) size 104x21 [border: (1px inset #808080)] [r=6 c=2 rs=1 cs=1]
              RenderText {#text} at (2,2) size 21x17
                text run at (2,2) width 21: "yes"
            RenderTableCell {TD} at (573,157) size 102x21 [border: (1px inset #808080)] [r=6 c=3 rs=1 cs=1]
              RenderText {#text} at (2,2) size 21x17
                text run at (2,2) width 21: "yes"
            RenderTableCell {TD} at (676,157) size 105x21 [border: (1px inset #808080)] [r=6 c=4 rs=1 cs=1]
              RenderText {#text} at (2,2) size 21x17
                text run at (2,2) width 21: "yes"
