layer at (0,0) size 800x600
  RenderView at (0,0) size 800x600
layer at (0,0) size 800x600
  RenderBlock {HTML} at (0,0) size 800x600
    RenderBody {BODY} at (8,8) size 784x584
      RenderBlock (anonymous) at (0,0) size 784x17
        RenderText {#text} at (0,0) size 208x17
          text run at (0,0) width 208: "TFOOT VALIGN=BASELINE"
      RenderTable {TABLE} at (0,17) size 784x261 [border: (1px outset #808080)]
        RenderTableSection {THEAD} at (1,1) size 782x25
          RenderTableRow {TR} at (0,2) size 782x21
            RenderTableCell {TD} at (2,2) size 304x21 [border: (1px inset #808080)] [r=0 c=0 rs=1 cs=1]
              RenderText {#text} at (2,2) size 56x17
                text run at (2,2) width 56: "THEAD"
            RenderTableCell {TD} at (308,2) size 472x21 [border: (1px inset #808080)] [r=0 c=1 rs=1 cs=1]
              RenderText {#text} at (2,2) size 56x17
                text run at (2,2) width 56: "THEAD"
        RenderTableSection {TFOOT} at (1,49) size 782x211
          RenderTableRow {TR} at (0,0) size 782x209
            RenderTableCell {TD} at (2,0) size 304x189 [border: (1px inset #808080)] [r=0 c=0 rs=1 cs=1]
              RenderImage {IMG} at (2,2) size 300x185
            RenderTableCell {TD} at (308,171) size 472x38 [border: (1px inset #808080)] [r=0 c=1 rs=1 cs=1]
              RenderText {#text} at (2,2) size 466x34
                text run at (2,2) width 466: "This text is within the TFOOT element and should be vertically aligned to"
                text run at (2,19) width 74: "the baseline"
        RenderTableSection {TBODY} at (1,26) size 782x23
          RenderTableRow {TR} at (0,0) size 782x21
            RenderTableCell {TD} at (2,0) size 304x21 [border: (1px inset #808080)] [r=0 c=0 rs=1 cs=1]
              RenderText {#text} at (2,2) size 57x17
                text run at (2,2) width 57: "TBODY"
            RenderTableCell {TD} at (308,0) size 472x21 [border: (1px inset #808080)] [r=0 c=1 rs=1 cs=1]
              RenderText {#text} at (2,2) size 57x17
                text run at (2,2) width 57: "TBODY"
        RenderTableSection {TBODY} at (1,49) size 782x0
