layer at (0,0) size 800x600
  RenderView at (0,0) size 800x600
layer at (0,0) size 800x35
  RenderBlock {html} at (0,0) size 800x35
    RenderBody {body} at (8,8) size 784x0
      RenderTable {table} at (0,0) size 288x27 [border: (1px outset #808080)]
        RenderTableSection (anonymous) at (1,1) size 286x25
          RenderTableRow {tr} at (0,2) size 286x21
            RenderTableCell {td} at (2,2) size 282x21 [border: (1px inset #808080)] [r=0 c=0 rs=1 cs=1]
              RenderText {#text} at (2,2) size 278x17
                text run at (2,2) width 278: "This table should be left aligned on the page"
