layer at (0,0) size 800x600
  RenderView at (0,0) size 800x600
layer at (0,0) size 800x226
  RenderBlock {html} at (0,0) size 800x226
    RenderBody {body} at (8,8) size 784x210
      RenderTable {table} at (0,0) size 784x27 [border: (1px outset #808080)]
        RenderTableSection (anonymous) at (1,1) size 782x25
          RenderTableRow {tr} at (0,2) size 782x21
            RenderTableCell {td} at (2,2) size 778x21 [border: (1px inset #808080)] [r=0 c=0 rs=1 cs=1]
              RenderText {#text} at (2,2) size 440x17
                text run at (2,2) width 405: "This table should have a width 100% of the available horizontal "
                text run at (407,2) width 35: "space"
      RenderBlock (anonymous) at (0,27) size 784x17
        RenderBR {br} at (0,0) size 0x17
      RenderTable {table} at (0,44) size 588x27 [border: (1px outset #808080)]
        RenderTableSection (anonymous) at (1,1) size 586x25
          RenderTableRow {tr} at (0,2) size 586x21
            RenderTableCell {td} at (2,2) size 582x21 [border: (1px inset #808080)] [r=0 c=0 rs=1 cs=1]
              RenderText {#text} at (2,2) size 432x17
                text run at (2,2) width 397: "This table should have a width 75% of the available horizontal "
                text run at (399,2) width 35: "space"
      RenderBlock (anonymous) at (0,71) size 784x17
        RenderBR {br} at (0,0) size 0x17
      RenderTable {table} at (0,88) size 392x44 [border: (1px outset #808080)]
        RenderTableSection (anonymous) at (1,1) size 390x42
          RenderTableRow {tr} at (0,2) size 390x38
            RenderTableCell {td} at (2,2) size 386x38 [border: (1px inset #808080)] [r=0 c=0 rs=1 cs=1]
              RenderText {#text} at (2,2) size 326x34
                text run at (2,2) width 326: "This table should have a width 50% of the available"
                text run at (2,19) width 67: "horizontal "
                text run at (69,19) width 35: "space"
      RenderBlock (anonymous) at (0,132) size 784x17
        RenderBR {br} at (0,0) size 0x17
      RenderTable {table} at (0,149) size 196x61 [border: (1px outset #808080)]
        RenderTableSection (anonymous) at (1,1) size 194x59
          RenderTableRow {tr} at (0,2) size 194x55
            RenderTableCell {td} at (2,2) size 190x55 [border: (1px inset #808080)] [r=0 c=0 rs=1 cs=1]
              RenderText {#text} at (2,2) size 169x51
                text run at (2,2) width 153: "This table should have a"
                text run at (2,19) width 169: "width 25% of the available"
                text run at (2,36) width 67: "horizontal "
                text run at (69,36) width 35: "space"
