layer at (0,0) size 800x600
  RenderView at (0,0) size 800x600
layer at (0,0) size 800x143
  RenderBlock {html} at (0,0) size 800x143
    RenderBody {body} at (8,16) size 784x119
      RenderBlock {p} at (0,0) size 784x17
        RenderText {#text} at (0,0) size 399x17
          text run at (0,0) width 356: "There should be no border around the frame of the table "
          text run at (356,0) width 43: "below."
      RenderTable {table} at (0,33) size 188x86
        RenderTableCol {colgroup} at (0,0) size 0x0
          RenderTableCol {col} at (0,0) size 0x0
        RenderTableCol {colgroup} at (0,0) size 0x0
          RenderTableCol {col} at (0,0) size 0x0
        RenderTableCol {colgroup} at (0,0) size 0x0
          RenderTableCol {col} at (0,0) size 0x0
        RenderTableSection {thead} at (0,0) size 188x23
          RenderTableRow {tr} at (0,2) size 188x19
            RenderTableCell {th} at (2,2) size 60x19 [r=0 c=0 rs=1 cs=1]
              RenderText {#text} at (1,1) size 58x17
                text run at (1,1) width 58: "THEAD"
            RenderTableCell {th} at (64,2) size 60x19 [r=0 c=1 rs=1 cs=1]
              RenderText {#text} at (1,1) size 58x17
                text run at (1,1) width 58: "THEAD"
            RenderTableCell {th} at (126,2) size 60x19 [r=0 c=2 rs=1 cs=1]
              RenderText {#text} at (1,1) size 58x17
                text run at (1,1) width 58: "THEAD"
        RenderTableSection {tfoot} at (0,65) size 188x21
          RenderTableRow {tr} at (0,0) size 188x19
            RenderTableCell {td} at (2,0) size 60x19 [r=0 c=0 rs=1 cs=1]
              RenderText {#text} at (1,1) size 53x17
                text run at (1,1) width 53: "TFOOT"
            RenderTableCell {td} at (64,0) size 60x19 [r=0 c=1 rs=1 cs=1]
              RenderText {#text} at (1,1) size 53x17
                text run at (1,1) width 53: "TFOOT"
            RenderTableCell {td} at (126,0) size 60x19 [r=0 c=2 rs=1 cs=1]
              RenderText {#text} at (1,1) size 53x17
                text run at (1,1) width 53: "TFOOT"
        RenderTableSection {tbody} at (0,23) size 188x42
          RenderTableRow {tr} at (0,0) size 188x19
            RenderTableCell {td} at (2,0) size 60x19 [r=0 c=0 rs=1 cs=1]
              RenderText {#text} at (1,1) size 57x17
                text run at (1,1) width 57: "TBODY"
            RenderTableCell {td} at (64,0) size 60x19 [r=0 c=1 rs=1 cs=1]
              RenderText {#text} at (1,1) size 57x17
                text run at (1,1) width 57: "TBODY"
            RenderTableCell {td} at (126,0) size 60x19 [r=0 c=2 rs=1 cs=1]
              RenderText {#text} at (1,1) size 57x17
                text run at (1,1) width 57: "TBODY"
          RenderTableRow {tr} at (0,21) size 188x19
            RenderTableCell {td} at (2,21) size 60x19 [r=1 c=0 rs=1 cs=1]
              RenderText {#text} at (1,1) size 57x17
                text run at (1,1) width 57: "TBODY"
            RenderTableCell {td} at (64,21) size 60x19 [r=1 c=1 rs=1 cs=1]
              RenderText {#text} at (1,1) size 57x17
                text run at (1,1) width 57: "TBODY"
            RenderTableCell {td} at (126,21) size 60x19 [r=1 c=2 rs=1 cs=1]
              RenderText {#text} at (1,1) size 57x17
                text run at (1,1) width 57: "TBODY"
