layer at (0,0) size 800x600
  RenderView at (0,0) size 800x600
layer at (0,0) size 800x338
  RenderBlock {html} at (0,0) size 800x338
    RenderBody {body} at (8,16) size 784x314
      RenderBlock {p} at (0,0) size 784x17
        RenderText {#text} at (0,0) size 212x17
          text run at (0,0) width 212: "TBODY VALIGN=BASELINE"
      RenderTable {table} at (0,33) size 784x281 [border: (1px outset #808080)]
        RenderTableSection {thead} at (1,1) size 782x25
          RenderTableRow {tr} at (0,2) size 782x21
            RenderTableCell {td} at (2,2) size 214x21 [border: (1px inset #808080)] [r=0 c=0 rs=1 cs=1]
              RenderText {#text} at (2,2) size 56x17
                text run at (2,2) width 56: "THEAD"
            RenderTableCell {td} at (217,2) size 564x21 [border: (1px inset #808080)] [r=0 c=1 rs=1 cs=1]
              RenderText {#text} at (2,2) size 56x17
                text run at (2,2) width 56: "THEAD"
        RenderTableSection {tfoot} at (1,257) size 782x23
          RenderTableRow {tr} at (0,0) size 782x21
            RenderTableCell {td} at (2,0) size 214x21 [border: (1px inset #808080)] [r=0 c=0 rs=1 cs=1]
              RenderText {#text} at (2,2) size 53x17
                text run at (2,2) width 53: "TFOOT"
            RenderTableCell {td} at (217,0) size 564x21 [border: (1px inset #808080)] [r=0 c=1 rs=1 cs=1]
              RenderText {#text} at (2,2) size 53x17
                text run at (2,2) width 53: "TFOOT"
        RenderTableSection {tbody} at (1,26) size 782x231
          RenderTableRow {tr} at (0,0) size 782x229
            RenderTableCell {td} at (2,22) size 214x89 [border: (1px inset #808080)] [r=0 c=0 rs=1 cs=1]
              RenderText {#text} at (2,2) size 206x85
                text run at (2,2) width 204: "Compare the baseline of the first"
                text run at (2,19) width 139: "line of text in this cell "
                text run at (141,19) width 51: "with the"
                text run at (2,36) width 206: "baseline of the first line of text in"
                text run at (2,53) width 115: "the next cell: they "
                text run at (117,53) width 61: "should be"
                text run at (2,70) width 108: "vertically aligned"
            RenderTableCell {td} at (217,0) size 564x229 [border: (1px inset #808080)] [r=0 c=1 rs=1 cs=1]
              RenderText {#text} at (2,2) size 532x225
                text run at (2,2) width 524: "Compare the baseline of the first"
                text run at (2,47) width 70: "line "
                text run at (72,47) width 420: "of text in this cell with the"
                text run at (2,92) width 532: "baseline of the first line of text in"
                text run at (2,137) width 520: "the previous cell: they should be"
                text run at (2,182) width 279: "vertically aligned"
