layer at (0,0) size 785x1586
  RenderView at (0,0) size 785x600
layer at (0,0) size 785x1586
  RenderBlock {html} at (0,0) size 785x1586
    RenderBody {body} at (8,16) size 769x1562 [bgcolor=#FFFFFF]
      RenderBlock {p} at (0,0) size 769x17
        RenderText {#text} at (0,0) size 268x17
          text run at (0,0) width 268: "Black table with a white body background"
      RenderTable {table} at (0,33) size 418x50 [border: (1px outset #808080)]
        RenderTableSection (anonymous) at (1,1) size 416x48
          RenderTableRow {tr} at (0,2) size 416x21
            RenderTableCell {td} at (2,2) size 136x21 [bgcolor=#000000] [border: (1px inset #808080)] [r=0 c=0 rs=1 cs=1]
              RenderText {#text} at (2,2) size 132x17
                text run at (2,2) width 132: "table table table table"
            RenderTableCell {td} at (140,2) size 136x21 [bgcolor=#000000] [border: (1px inset #808080)] [r=0 c=1 rs=1 cs=1]
              RenderText {#text} at (2,2) size 132x17
                text run at (2,2) width 132: "table table table table"
            RenderTableCell {td} at (278,2) size 136x21 [bgcolor=#000000] [border: (1px inset #808080)] [r=0 c=2 rs=1 cs=1]
              RenderText {#text} at (2,2) size 132x17
                text run at (2,2) width 132: "table table table table"
          RenderTableRow {tr} at (0,25) size 416x21
            RenderTableCell {td} at (2,25) size 136x21 [bgcolor=#000000] [border: (1px inset #808080)] [r=1 c=0 rs=1 cs=1]
              RenderText {#text} at (2,2) size 132x17
                text run at (2,2) width 132: "table table table table"
            RenderTableCell {td} at (140,25) size 136x21 [bgcolor=#000000] [border: (1px inset #808080)] [r=1 c=1 rs=1 cs=1]
              RenderText {#text} at (2,2) size 132x17
                text run at (2,2) width 132: "table table table table"
            RenderTableCell {td} at (278,25) size 136x21 [bgcolor=#000000] [border: (1px inset #808080)] [r=1 c=2 rs=1 cs=1]
              RenderText {#text} at (2,2) size 132x17
                text run at (2,2) width 132: "table table table table"
      RenderBlock {p} at (0,99) size 769x17
        RenderText {#text} at (0,0) size 268x17
          text run at (0,0) width 268: "Silver table with a white body background"
      RenderTable {table} at (0,132) size 418x50 [border: (1px outset #808080)]
        RenderTableSection (anonymous) at (1,1) size 416x48
          RenderTableRow {tr} at (0,2) size 416x21
            RenderTableCell {td} at (2,2) size 136x21 [bgcolor=#C0C0C0] [border: (1px inset #808080)] [r=0 c=0 rs=1 cs=1]
              RenderText {#text} at (2,2) size 132x17
                text run at (2,2) width 132: "table table table table"
            RenderTableCell {td} at (140,2) size 136x21 [bgcolor=#C0C0C0] [border: (1px inset #808080)] [r=0 c=1 rs=1 cs=1]
              RenderText {#text} at (2,2) size 132x17
                text run at (2,2) width 132: "table table table table"
            RenderTableCell {td} at (278,2) size 136x21 [bgcolor=#C0C0C0] [border: (1px inset #808080)] [r=0 c=2 rs=1 cs=1]
              RenderText {#text} at (2,2) size 132x17
                text run at (2,2) width 132: "table table table table"
          RenderTableRow {tr} at (0,25) size 416x21
            RenderTableCell {td} at (2,25) size 136x21 [bgcolor=#C0C0C0] [border: (1px inset #808080)] [r=1 c=0 rs=1 cs=1]
              RenderText {#text} at (2,2) size 132x17
                text run at (2,2) width 132: "table table table table"
            RenderTableCell {td} at (140,25) size 136x21 [bgcolor=#C0C0C0] [border: (1px inset #808080)] [r=1 c=1 rs=1 cs=1]
              RenderText {#text} at (2,2) size 132x17
                text run at (2,2) width 132: "table table table table"
            RenderTableCell {td} at (278,25) size 136x21 [bgcolor=#C0C0C0] [border: (1px inset #808080)] [r=1 c=2 rs=1 cs=1]
              RenderText {#text} at (2,2) size 132x17
                text run at (2,2) width 132: "table table table table"
      RenderBlock {p} at (0,198) size 769x17
        RenderText {#text} at (0,0) size 263x17
          text run at (0,0) width 263: "Gray table with a white body background"
      RenderTable {table} at (0,231) size 418x50 [border: (1px outset #808080)]
        RenderTableSection (anonymous) at (1,1) size 416x48
          RenderTableRow {tr} at (0,2) size 416x21
            RenderTableCell {td} at (2,2) size 136x21 [bgcolor=#808080] [border: (1px inset #808080)] [r=0 c=0 rs=1 cs=1]
              RenderText {#text} at (2,2) size 132x17
                text run at (2,2) width 132: "table table table table"
            RenderTableCell {td} at (140,2) size 136x21 [bgcolor=#808080] [border: (1px inset #808080)] [r=0 c=1 rs=1 cs=1]
              RenderText {#text} at (2,2) size 132x17
                text run at (2,2) width 132: "table table table table"
            RenderTableCell {td} at (278,2) size 136x21 [bgcolor=#808080] [border: (1px inset #808080)] [r=0 c=2 rs=1 cs=1]
              RenderText {#text} at (2,2) size 132x17
                text run at (2,2) width 132: "table table table table"
          RenderTableRow {tr} at (0,25) size 416x21
            RenderTableCell {td} at (2,25) size 136x21 [bgcolor=#808080] [border: (1px inset #808080)] [r=1 c=0 rs=1 cs=1]
              RenderText {#text} at (2,2) size 132x17
                text run at (2,2) width 132: "table table table table"
            RenderTableCell {td} at (140,25) size 136x21 [bgcolor=#808080] [border: (1px inset #808080)] [r=1 c=1 rs=1 cs=1]
              RenderText {#text} at (2,2) size 132x17
                text run at (2,2) width 132: "table table table table"
            RenderTableCell {td} at (278,25) size 136x21 [bgcolor=#808080] [border: (1px inset #808080)] [r=1 c=2 rs=1 cs=1]
              RenderText {#text} at (2,2) size 132x17
                text run at (2,2) width 132: "table table table table"
      RenderBlock {p} at (0,297) size 769x17
        RenderText {#text} at (0,0) size 269x17
          text run at (0,0) width 269: "White table with a white body background"
      RenderTable {table} at (0,330) size 418x50 [border: (1px outset #808080)]
        RenderTableSection (anonymous) at (1,1) size 416x48
          RenderTableRow {tr} at (0,2) size 416x21
            RenderTableCell {td} at (2,2) size 136x21 [bgcolor=#FFFFFF] [border: (1px inset #808080)] [r=0 c=0 rs=1 cs=1]
              RenderText {#text} at (2,2) size 132x17
                text run at (2,2) width 132: "table table table table"
            RenderTableCell {td} at (140,2) size 136x21 [bgcolor=#FFFFFF] [border: (1px inset #808080)] [r=0 c=1 rs=1 cs=1]
              RenderText {#text} at (2,2) size 132x17
                text run at (2,2) width 132: "table table table table"
            RenderTableCell {td} at (278,2) size 136x21 [bgcolor=#FFFFFF] [border: (1px inset #808080)] [r=0 c=2 rs=1 cs=1]
              RenderText {#text} at (2,2) size 132x17
                text run at (2,2) width 132: "table table table table"
          RenderTableRow {tr} at (0,25) size 416x21
            RenderTableCell {td} at (2,25) size 136x21 [bgcolor=#FFFFFF] [border: (1px inset #808080)] [r=1 c=0 rs=1 cs=1]
              RenderText {#text} at (2,2) size 132x17
                text run at (2,2) width 132: "table table table table"
            RenderTableCell {td} at (140,25) size 136x21 [bgcolor=#FFFFFF] [border: (1px inset #808080)] [r=1 c=1 rs=1 cs=1]
              RenderText {#text} at (2,2) size 132x17
                text run at (2,2) width 132: "table table table table"
            RenderTableCell {td} at (278,25) size 136x21 [bgcolor=#FFFFFF] [border: (1px inset #808080)] [r=1 c=2 rs=1 cs=1]
              RenderText {#text} at (2,2) size 132x17
                text run at (2,2) width 132: "table table table table"
      RenderBlock {p} at (0,396) size 769x17
        RenderText {#text} at (0,0) size 281x17
          text run at (0,0) width 281: "Maroon table with a white body background"
      RenderTable {table} at (0,429) size 418x50 [border: (1px outset #808080)]
        RenderTableSection (anonymous) at (1,1) size 416x48
          RenderTableRow {tr} at (0,2) size 416x21
            RenderTableCell {td} at (2,2) size 136x21 [bgcolor=#800000] [border: (1px inset #808080)] [r=0 c=0 rs=1 cs=1]
              RenderText {#text} at (2,2) size 132x17
                text run at (2,2) width 132: "table table table table"
            RenderTableCell {td} at (140,2) size 136x21 [bgcolor=#800000] [border: (1px inset #808080)] [r=0 c=1 rs=1 cs=1]
              RenderText {#text} at (2,2) size 132x17
                text run at (2,2) width 132: "table table table table"
            RenderTableCell {td} at (278,2) size 136x21 [bgcolor=#800000] [border: (1px inset #808080)] [r=0 c=2 rs=1 cs=1]
              RenderText {#text} at (2,2) size 132x17
                text run at (2,2) width 132: "table table table table"
          RenderTableRow {tr} at (0,25) size 416x21
            RenderTableCell {td} at (2,25) size 136x21 [bgcolor=#800000] [border: (1px inset #808080)] [r=1 c=0 rs=1 cs=1]
              RenderText {#text} at (2,2) size 132x17
                text run at (2,2) width 132: "table table table table"
            RenderTableCell {td} at (140,25) size 136x21 [bgcolor=#800000] [border: (1px inset #808080)] [r=1 c=1 rs=1 cs=1]
              RenderText {#text} at (2,2) size 132x17
                text run at (2,2) width 132: "table table table table"
            RenderTableCell {td} at (278,25) size 136x21 [bgcolor=#800000] [border: (1px inset #808080)] [r=1 c=2 rs=1 cs=1]
              RenderText {#text} at (2,2) size 132x17
                text run at (2,2) width 132: "table table table table"
      RenderBlock {p} at (0,495) size 769x17
        RenderText {#text} at (0,0) size 257x17
          text run at (0,0) width 257: "Red table with a white body background"
      RenderTable {table} at (0,528) size 418x50 [border: (1px outset #808080)]
        RenderTableSection (anonymous) at (1,1) size 416x48
          RenderTableRow {tr} at (0,2) size 416x21
            RenderTableCell {td} at (2,2) size 136x21 [bgcolor=#FF0000] [border: (1px inset #808080)] [r=0 c=0 rs=1 cs=1]
              RenderText {#text} at (2,2) size 132x17
                text run at (2,2) width 132: "table table table table"
            RenderTableCell {td} at (140,2) size 136x21 [bgcolor=#FF0000] [border: (1px inset #808080)] [r=0 c=1 rs=1 cs=1]
              RenderText {#text} at (2,2) size 132x17
                text run at (2,2) width 132: "table table table table"
            RenderTableCell {td} at (278,2) size 136x21 [bgcolor=#FF0000] [border: (1px inset #808080)] [r=0 c=2 rs=1 cs=1]
              RenderText {#text} at (2,2) size 132x17
                text run at (2,2) width 132: "table table table table"
          RenderTableRow {tr} at (0,25) size 416x21
            RenderTableCell {td} at (2,25) size 136x21 [bgcolor=#FF0000] [border: (1px inset #808080)] [r=1 c=0 rs=1 cs=1]
              RenderText {#text} at (2,2) size 132x17
                text run at (2,2) width 132: "table table table table"
            RenderTableCell {td} at (140,25) size 136x21 [bgcolor=#FF0000] [border: (1px inset #808080)] [r=1 c=1 rs=1 cs=1]
              RenderText {#text} at (2,2) size 132x17
                text run at (2,2) width 132: "table table table table"
            RenderTableCell {td} at (278,25) size 136x21 [bgcolor=#FF0000] [border: (1px inset #808080)] [r=1 c=2 rs=1 cs=1]
              RenderText {#text} at (2,2) size 132x17
                text run at (2,2) width 132: "table table table table"
      RenderBlock {p} at (0,594) size 769x17
        RenderText {#text} at (0,0) size 272x17
          text run at (0,0) width 272: "Purple table with a white body background"
      RenderTable {table} at (0,627) size 418x50 [border: (1px outset #808080)]
        RenderTableSection (anonymous) at (1,1) size 416x48
          RenderTableRow {tr} at (0,2) size 416x21
            RenderTableCell {td} at (2,2) size 136x21 [bgcolor=#800080] [border: (1px inset #808080)] [r=0 c=0 rs=1 cs=1]
              RenderText {#text} at (2,2) size 132x17
                text run at (2,2) width 132: "table table table table"
            RenderTableCell {td} at (140,2) size 136x21 [bgcolor=#800080] [border: (1px inset #808080)] [r=0 c=1 rs=1 cs=1]
              RenderText {#text} at (2,2) size 132x17
                text run at (2,2) width 132: "table table table table"
            RenderTableCell {td} at (278,2) size 136x21 [bgcolor=#800080] [border: (1px inset #808080)] [r=0 c=2 rs=1 cs=1]
              RenderText {#text} at (2,2) size 132x17
                text run at (2,2) width 132: "table table table table"
          RenderTableRow {tr} at (0,25) size 416x21
            RenderTableCell {td} at (2,25) size 136x21 [bgcolor=#800080] [border: (1px inset #808080)] [r=1 c=0 rs=1 cs=1]
              RenderText {#text} at (2,2) size 132x17
                text run at (2,2) width 132: "table table table table"
            RenderTableCell {td} at (140,25) size 136x21 [bgcolor=#800080] [border: (1px inset #808080)] [r=1 c=1 rs=1 cs=1]
              RenderText {#text} at (2,2) size 132x17
                text run at (2,2) width 132: "table table table table"
            RenderTableCell {td} at (278,25) size 136x21 [bgcolor=#800080] [border: (1px inset #808080)] [r=1 c=2 rs=1 cs=1]
              RenderText {#text} at (2,2) size 132x17
                text run at (2,2) width 132: "table table table table"
      RenderBlock {p} at (0,693) size 769x17
        RenderText {#text} at (0,0) size 280x17
          text run at (0,0) width 280: "Fuchsia table with a white body background"
      RenderTable {table} at (0,726) size 418x50 [border: (1px outset #808080)]
        RenderTableSection (anonymous) at (1,1) size 416x48
          RenderTableRow {tr} at (0,2) size 416x21
            RenderTableCell {td} at (2,2) size 136x21 [bgcolor=#FF00FF] [border: (1px inset #808080)] [r=0 c=0 rs=1 cs=1]
              RenderText {#text} at (2,2) size 132x17
                text run at (2,2) width 132: "table table table table"
            RenderTableCell {td} at (140,2) size 136x21 [bgcolor=#FF00FF] [border: (1px inset #808080)] [r=0 c=1 rs=1 cs=1]
              RenderText {#text} at (2,2) size 132x17
                text run at (2,2) width 132: "table table table table"
            RenderTableCell {td} at (278,2) size 136x21 [bgcolor=#FF00FF] [border: (1px inset #808080)] [r=0 c=2 rs=1 cs=1]
              RenderText {#text} at (2,2) size 132x17
                text run at (2,2) width 132: "table table table table"
          RenderTableRow {tr} at (0,25) size 416x21
            RenderTableCell {td} at (2,25) size 136x21 [bgcolor=#FF00FF] [border: (1px inset #808080)] [r=1 c=0 rs=1 cs=1]
              RenderText {#text} at (2,2) size 132x17
                text run at (2,2) width 132: "table table table table"
            RenderTableCell {td} at (140,25) size 136x21 [bgcolor=#FF00FF] [border: (1px inset #808080)] [r=1 c=1 rs=1 cs=1]
              RenderText {#text} at (2,2) size 132x17
                text run at (2,2) width 132: "table table table table"
            RenderTableCell {td} at (278,25) size 136x21 [bgcolor=#FF00FF] [border: (1px inset #808080)] [r=1 c=2 rs=1 cs=1]
              RenderText {#text} at (2,2) size 132x17
                text run at (2,2) width 132: "table table table table"
      RenderBlock {p} at (0,792) size 769x17
        RenderText {#text} at (0,0) size 270x17
          text run at (0,0) width 270: "Green table with a white body background"
      RenderTable {table} at (0,825) size 418x50 [border: (1px outset #808080)]
        RenderTableSection (anonymous) at (1,1) size 416x48
          RenderTableRow {tr} at (0,2) size 416x21
            RenderTableCell {td} at (2,2) size 136x21 [bgcolor=#008000] [border: (1px inset #808080)] [r=0 c=0 rs=1 cs=1]
              RenderText {#text} at (2,2) size 132x17
                text run at (2,2) width 132: "table table table table"
            RenderTableCell {td} at (140,2) size 136x21 [bgcolor=#008000] [border: (1px inset #808080)] [r=0 c=1 rs=1 cs=1]
              RenderText {#text} at (2,2) size 132x17
                text run at (2,2) width 132: "table table table table"
            RenderTableCell {td} at (278,2) size 136x21 [bgcolor=#008000] [border: (1px inset #808080)] [r=0 c=2 rs=1 cs=1]
              RenderText {#text} at (2,2) size 132x17
                text run at (2,2) width 132: "table table table table"
          RenderTableRow {tr} at (0,25) size 416x21
            RenderTableCell {td} at (2,25) size 136x21 [bgcolor=#008000] [border: (1px inset #808080)] [r=1 c=0 rs=1 cs=1]
              RenderText {#text} at (2,2) size 132x17
                text run at (2,2) width 132: "table table table table"
            RenderTableCell {td} at (140,25) size 136x21 [bgcolor=#008000] [border: (1px inset #808080)] [r=1 c=1 rs=1 cs=1]
              RenderText {#text} at (2,2) size 132x17
                text run at (2,2) width 132: "table table table table"
            RenderTableCell {td} at (278,25) size 136x21 [bgcolor=#008000] [border: (1px inset #808080)] [r=1 c=2 rs=1 cs=1]
              RenderText {#text} at (2,2) size 132x17
                text run at (2,2) width 132: "table table table table"
      RenderBlock {p} at (0,891) size 769x17
        RenderText {#text} at (0,0) size 264x17
          text run at (0,0) width 264: "Lime table with a white body background"
      RenderTable {table} at (0,924) size 418x50 [border: (1px outset #808080)]
        RenderTableSection (anonymous) at (1,1) size 416x48
          RenderTableRow {tr} at (0,2) size 416x21
            RenderTableCell {td} at (2,2) size 136x21 [bgcolor=#00FF00] [border: (1px inset #808080)] [r=0 c=0 rs=1 cs=1]
              RenderText {#text} at (2,2) size 132x17
                text run at (2,2) width 132: "table table table table"
            RenderTableCell {td} at (140,2) size 136x21 [bgcolor=#00FF00] [border: (1px inset #808080)] [r=0 c=1 rs=1 cs=1]
              RenderText {#text} at (2,2) size 132x17
                text run at (2,2) width 132: "table table table table"
            RenderTableCell {td} at (278,2) size 136x21 [bgcolor=#00FF00] [border: (1px inset #808080)] [r=0 c=2 rs=1 cs=1]
              RenderText {#text} at (2,2) size 132x17
                text run at (2,2) width 132: "table table table table"
          RenderTableRow {tr} at (0,25) size 416x21
            RenderTableCell {td} at (2,25) size 136x21 [bgcolor=#00FF00] [border: (1px inset #808080)] [r=1 c=0 rs=1 cs=1]
              RenderText {#text} at (2,2) size 132x17
                text run at (2,2) width 132: "table table table table"
            RenderTableCell {td} at (140,25) size 136x21 [bgcolor=#00FF00] [border: (1px inset #808080)] [r=1 c=1 rs=1 cs=1]
              RenderText {#text} at (2,2) size 132x17
                text run at (2,2) width 132: "table table table table"
            RenderTableCell {td} at (278,25) size 136x21 [bgcolor=#00FF00] [border: (1px inset #808080)] [r=1 c=2 rs=1 cs=1]
              RenderText {#text} at (2,2) size 132x17
                text run at (2,2) width 132: "table table table table"
      RenderBlock {p} at (0,990) size 769x17
        RenderText {#text} at (0,0) size 266x17
          text run at (0,0) width 266: "Olive table with a white body background"
      RenderTable {table} at (0,1023) size 418x50 [border: (1px outset #808080)]
        RenderTableSection (anonymous) at (1,1) size 416x48
          RenderTableRow {tr} at (0,2) size 416x21
            RenderTableCell {td} at (2,2) size 136x21 [bgcolor=#808000] [border: (1px inset #808080)] [r=0 c=0 rs=1 cs=1]
              RenderText {#text} at (2,2) size 132x17
                text run at (2,2) width 132: "table table table table"
            RenderTableCell {td} at (140,2) size 136x21 [bgcolor=#808000] [border: (1px inset #808080)] [r=0 c=1 rs=1 cs=1]
              RenderText {#text} at (2,2) size 132x17
                text run at (2,2) width 132: "table table table table"
            RenderTableCell {td} at (278,2) size 136x21 [bgcolor=#808000] [border: (1px inset #808080)] [r=0 c=2 rs=1 cs=1]
              RenderText {#text} at (2,2) size 132x17
                text run at (2,2) width 132: "table table table table"
          RenderTableRow {tr} at (0,25) size 416x21
            RenderTableCell {td} at (2,25) size 136x21 [bgcolor=#808000] [border: (1px inset #808080)] [r=1 c=0 rs=1 cs=1]
              RenderText {#text} at (2,2) size 132x17
                text run at (2,2) width 132: "table table table table"
            RenderTableCell {td} at (140,25) size 136x21 [bgcolor=#808000] [border: (1px inset #808080)] [r=1 c=1 rs=1 cs=1]
              RenderText {#text} at (2,2) size 132x17
                text run at (2,2) width 132: "table table table table"
            RenderTableCell {td} at (278,25) size 136x21 [bgcolor=#808000] [border: (1px inset #808080)] [r=1 c=2 rs=1 cs=1]
              RenderText {#text} at (2,2) size 132x17
                text run at (2,2) width 132: "table table table table"
      RenderBlock {p} at (0,1089) size 769x17
        RenderText {#text} at (0,0) size 278x17
          text run at (0,0) width 278: "Yellow table with a white body background"
      RenderTable {table} at (0,1122) size 418x50 [border: (1px outset #808080)]
        RenderTableSection (anonymous) at (1,1) size 416x48
          RenderTableRow {tr} at (0,2) size 416x21
            RenderTableCell {td} at (2,2) size 136x21 [bgcolor=#FFFF00] [border: (1px inset #808080)] [r=0 c=0 rs=1 cs=1]
              RenderText {#text} at (2,2) size 132x17
                text run at (2,2) width 132: "table table table table"
            RenderTableCell {td} at (140,2) size 136x21 [bgcolor=#FFFF00] [border: (1px inset #808080)] [r=0 c=1 rs=1 cs=1]
              RenderText {#text} at (2,2) size 132x17
                text run at (2,2) width 132: "table table table table"
            RenderTableCell {td} at (278,2) size 136x21 [bgcolor=#FFFF00] [border: (1px inset #808080)] [r=0 c=2 rs=1 cs=1]
              RenderText {#text} at (2,2) size 132x17
                text run at (2,2) width 132: "table table table table"
          RenderTableRow {tr} at (0,25) size 416x21
            RenderTableCell {td} at (2,25) size 136x21 [bgcolor=#FFFF00] [border: (1px inset #808080)] [r=1 c=0 rs=1 cs=1]
              RenderText {#text} at (2,2) size 132x17
                text run at (2,2) width 132: "table table table table"
            RenderTableCell {td} at (140,25) size 136x21 [bgcolor=#FFFF00] [border: (1px inset #808080)] [r=1 c=1 rs=1 cs=1]
              RenderText {#text} at (2,2) size 132x17
                text run at (2,2) width 132: "table table table table"
            RenderTableCell {td} at (278,25) size 136x21 [bgcolor=#FFFF00] [border: (1px inset #808080)] [r=1 c=2 rs=1 cs=1]
              RenderText {#text} at (2,2) size 132x17
                text run at (2,2) width 132: "table table table table"
      RenderBlock {p} at (0,1188) size 769x17
        RenderText {#text} at (0,0) size 266x17
          text run at (0,0) width 266: "Navy table with a white body background"
      RenderTable {table} at (0,1221) size 418x50 [border: (1px outset #808080)]
        RenderTableSection (anonymous) at (1,1) size 416x48
          RenderTableRow {tr} at (0,2) size 416x21
            RenderTableCell {td} at (2,2) size 136x21 [bgcolor=#000080] [border: (1px inset #808080)] [r=0 c=0 rs=1 cs=1]
              RenderText {#text} at (2,2) size 132x17
                text run at (2,2) width 132: "table table table table"
            RenderTableCell {td} at (140,2) size 136x21 [bgcolor=#000080] [border: (1px inset #808080)] [r=0 c=1 rs=1 cs=1]
              RenderText {#text} at (2,2) size 132x17
                text run at (2,2) width 132: "table table table table"
            RenderTableCell {td} at (278,2) size 136x21 [bgcolor=#000080] [border: (1px inset #808080)] [r=0 c=2 rs=1 cs=1]
              RenderText {#text} at (2,2) size 132x17
                text run at (2,2) width 132: "table table table table"
          RenderTableRow {tr} at (0,25) size 416x21
            RenderTableCell {td} at (2,25) size 136x21 [bgcolor=#000080] [border: (1px inset #808080)] [r=1 c=0 rs=1 cs=1]
              RenderText {#text} at (2,2) size 132x17
                text run at (2,2) width 132: "table table table table"
            RenderTableCell {td} at (140,25) size 136x21 [bgcolor=#000080] [border: (1px inset #808080)] [r=1 c=1 rs=1 cs=1]
              RenderText {#text} at (2,2) size 132x17
                text run at (2,2) width 132: "table table table table"
            RenderTableCell {td} at (278,25) size 136x21 [bgcolor=#000080] [border: (1px inset #808080)] [r=1 c=2 rs=1 cs=1]
              RenderText {#text} at (2,2) size 132x17
                text run at (2,2) width 132: "table table table table"
      RenderBlock {p} at (0,1287) size 769x17
        RenderText {#text} at (0,0) size 261x17
          text run at (0,0) width 261: "Blue table with a white body background"
      RenderTable {table} at (0,1320) size 418x50 [border: (1px outset #808080)]
        RenderTableSection (anonymous) at (1,1) size 416x48
          RenderTableRow {tr} at (0,2) size 416x21
            RenderTableCell {td} at (2,2) size 136x21 [bgcolor=#0000FF] [border: (1px inset #808080)] [r=0 c=0 rs=1 cs=1]
              RenderText {#text} at (2,2) size 132x17
                text run at (2,2) width 132: "table table table table"
            RenderTableCell {td} at (140,2) size 136x21 [bgcolor=#0000FF] [border: (1px inset #808080)] [r=0 c=1 rs=1 cs=1]
              RenderText {#text} at (2,2) size 132x17
                text run at (2,2) width 132: "table table table table"
            RenderTableCell {td} at (278,2) size 136x21 [bgcolor=#0000FF] [border: (1px inset #808080)] [r=0 c=2 rs=1 cs=1]
              RenderText {#text} at (2,2) size 132x17
                text run at (2,2) width 132: "table table table table"
          RenderTableRow {tr} at (0,25) size 416x21
            RenderTableCell {td} at (2,25) size 136x21 [bgcolor=#0000FF] [border: (1px inset #808080)] [r=1 c=0 rs=1 cs=1]
              RenderText {#text} at (2,2) size 132x17
                text run at (2,2) width 132: "table table table table"
            RenderTableCell {td} at (140,25) size 136x21 [bgcolor=#0000FF] [border: (1px inset #808080)] [r=1 c=1 rs=1 cs=1]
              RenderText {#text} at (2,2) size 132x17
                text run at (2,2) width 132: "table table table table"
            RenderTableCell {td} at (278,25) size 136x21 [bgcolor=#0000FF] [border: (1px inset #808080)] [r=1 c=2 rs=1 cs=1]
              RenderText {#text} at (2,2) size 132x17
                text run at (2,2) width 132: "table table table table"
      RenderBlock {p} at (0,1386) size 769x17
        RenderText {#text} at (0,0) size 259x17
          text run at (0,0) width 259: "Teal table with a white body background"
      RenderTable {table} at (0,1419) size 410x44
        RenderTableSection (anonymous) at (0,0) size 410x44
          RenderTableRow {tr} at (0,2) size 410x19
            RenderTableCell {td} at (2,2) size 134x19 [bgcolor=#008080] [r=0 c=0 rs=1 cs=1]
              RenderText {#text} at (1,1) size 132x17
                text run at (1,1) width 132: "table table table table"
            RenderTableCell {td} at (138,2) size 134x19 [bgcolor=#008080] [r=0 c=1 rs=1 cs=1]
              RenderText {#text} at (1,1) size 132x17
                text run at (1,1) width 132: "table table table table"
            RenderTableCell {td} at (274,2) size 134x19 [bgcolor=#008080] [r=0 c=2 rs=1 cs=1]
              RenderText {#text} at (1,1) size 132x17
                text run at (1,1) width 132: "table table table table"
          RenderTableRow {tr} at (0,23) size 410x19
            RenderTableCell {td} at (2,23) size 134x19 [bgcolor=#008080] [r=1 c=0 rs=1 cs=1]
              RenderText {#text} at (1,1) size 132x17
                text run at (1,1) width 132: "table table table table"
            RenderTableCell {td} at (138,23) size 134x19 [bgcolor=#008080] [r=1 c=1 rs=1 cs=1]
              RenderText {#text} at (1,1) size 132x17
                text run at (1,1) width 132: "table table table table"
            RenderTableCell {td} at (274,23) size 134x19 [bgcolor=#008080] [r=1 c=2 rs=1 cs=1]
              RenderText {#text} at (1,1) size 132x17
                text run at (1,1) width 132: "table table table table"
      RenderBlock {p} at (0,1479) size 769x17
        RenderText {#text} at (0,0) size 266x17
          text run at (0,0) width 266: "Aqua table with a white body background"
      RenderTable {table} at (0,1512) size 418x50 [border: (1px outset #808080)]
        RenderTableSection (anonymous) at (1,1) size 416x48
          RenderTableRow {tr} at (0,2) size 416x21
            RenderTableCell {td} at (2,2) size 136x21 [bgcolor=#00FFFF] [border: (1px inset #808080)] [r=0 c=0 rs=1 cs=1]
              RenderText {#text} at (2,2) size 132x17
                text run at (2,2) width 132: "table table table table"
            RenderTableCell {td} at (140,2) size 136x21 [bgcolor=#00FFFF] [border: (1px inset #808080)] [r=0 c=1 rs=1 cs=1]
              RenderText {#text} at (2,2) size 132x17
                text run at (2,2) width 132: "table table table table"
            RenderTableCell {td} at (278,2) size 136x21 [bgcolor=#00FFFF] [border: (1px inset #808080)] [r=0 c=2 rs=1 cs=1]
              RenderText {#text} at (2,2) size 132x17
                text run at (2,2) width 132: "table table table table"
          RenderTableRow {tr} at (0,25) size 416x21
            RenderTableCell {td} at (2,25) size 136x21 [bgcolor=#00FFFF] [border: (1px inset #808080)] [r=1 c=0 rs=1 cs=1]
              RenderText {#text} at (2,2) size 132x17
                text run at (2,2) width 132: "table table table table"
            RenderTableCell {td} at (140,25) size 136x21 [bgcolor=#00FFFF] [border: (1px inset #808080)] [r=1 c=1 rs=1 cs=1]
              RenderText {#text} at (2,2) size 132x17
                text run at (2,2) width 132: "table table table table"
            RenderTableCell {td} at (278,25) size 136x21 [bgcolor=#00FFFF] [border: (1px inset #808080)] [r=1 c=2 rs=1 cs=1]
              RenderText {#text} at (2,2) size 132x17
                text run at (2,2) width 132: "table table table table"
