layer at (0,0) size 800x600
  RenderView at (0,0) size 800x600
layer at (0,0) size 800x199
  RenderBlock {html} at (0,0) size 800x199
    RenderBody {body} at (8,16) size 784x175
      RenderBlock {p} at (0,0) size 784x17
        RenderText {#text} at (0,0) size 396x17
          text run at (0,0) width 396: "The numbers in the THEAD should align at the decimal points"
      RenderTable {table} at (0,33) size 374x142 [border: (1px outset #808080)]
        RenderTableSection {thead} at (1,1) size 372x48
          RenderTableRow {tr} at (0,2) size 372x21
            RenderTableCell {td} at (2,2) size 116x21 [border: (1px inset #808080)] [r=0 c=0 rs=1 cs=1]
              RenderText {#text} at (2,2) size 96x17
                text run at (2,2) width 96: "THEAD 55.00"
            RenderTableCell {td} at (120,2) size 124x21 [border: (1px inset #808080)] [r=0 c=1 rs=1 cs=1]
              RenderText {#text} at (2,2) size 120x17
                text run at (2,2) width 120: "THEAD 55555.00"
            RenderTableCell {td} at (246,2) size 124x21 [border: (1px inset #808080)] [r=0 c=2 rs=1 cs=1]
              RenderText {#text} at (2,2) size 104x17
                text run at (2,2) width 104: "THEAD 555.00"
          RenderTableRow {tr} at (0,25) size 372x21
            RenderTableCell {td} at (2,25) size 116x21 [border: (1px inset #808080)] [r=1 c=0 rs=1 cs=1]
              RenderText {#text} at (2,2) size 112x17
                text run at (2,2) width 112: "THEAD 1234.56"
            RenderTableCell {td} at (120,25) size 124x21 [border: (1px inset #808080)] [r=1 c=1 rs=1 cs=1]
              RenderText {#text} at (2,2) size 104x17
                text run at (2,2) width 104: "THEAD 123.45"
            RenderTableCell {td} at (246,25) size 124x21 [border: (1px inset #808080)] [r=1 c=2 rs=1 cs=1]
              RenderText {#text} at (2,2) size 120x17
                text run at (2,2) width 120: "THEAD 12345.67"
        RenderTableSection {tfoot} at (1,95) size 372x46
          RenderTableRow {tr} at (0,0) size 372x21
            RenderTableCell {td} at (2,0) size 116x21 [border: (1px inset #808080)] [r=0 c=0 rs=1 cs=1]
              RenderText {#text} at (2,2) size 53x17
                text run at (2,2) width 53: "TFOOT"
            RenderTableCell {td} at (120,0) size 124x21 [border: (1px inset #808080)] [r=0 c=1 rs=1 cs=1]
              RenderText {#text} at (2,2) size 53x17
                text run at (2,2) width 53: "TFOOT"
            RenderTableCell {td} at (246,0) size 124x21 [border: (1px inset #808080)] [r=0 c=2 rs=1 cs=1]
              RenderText {#text} at (2,2) size 53x17
                text run at (2,2) width 53: "TFOOT"
          RenderTableRow {tr} at (0,23) size 372x21
            RenderTableCell {td} at (2,23) size 116x21 [border: (1px inset #808080)] [r=1 c=0 rs=1 cs=1]
              RenderText {#text} at (2,2) size 53x17
                text run at (2,2) width 53: "TFOOT"
            RenderTableCell {td} at (120,23) size 124x21 [border: (1px inset #808080)] [r=1 c=1 rs=1 cs=1]
              RenderText {#text} at (2,2) size 53x17
                text run at (2,2) width 53: "TFOOT"
            RenderTableCell {td} at (246,23) size 124x21 [border: (1px inset #808080)] [r=1 c=2 rs=1 cs=1]
              RenderText {#text} at (2,2) size 53x17
                text run at (2,2) width 53: "TFOOT"
        RenderTableSection {tbody} at (1,49) size 372x46
          RenderTableRow {tr} at (0,0) size 372x21
            RenderTableCell {td} at (2,0) size 116x21 [border: (1px inset #808080)] [r=0 c=0 rs=1 cs=1]
              RenderText {#text} at (2,2) size 57x17
                text run at (2,2) width 57: "TBODY"
            RenderTableCell {td} at (120,0) size 124x21 [border: (1px inset #808080)] [r=0 c=1 rs=1 cs=1]
              RenderText {#text} at (2,2) size 57x17
                text run at (2,2) width 57: "TBODY"
            RenderTableCell {td} at (246,0) size 124x21 [border: (1px inset #808080)] [r=0 c=2 rs=1 cs=1]
              RenderText {#text} at (2,2) size 57x17
                text run at (2,2) width 57: "TBODY"
          RenderTableRow {tr} at (0,23) size 372x21
            RenderTableCell {td} at (2,23) size 116x21 [border: (1px inset #808080)] [r=1 c=0 rs=1 cs=1]
              RenderText {#text} at (2,2) size 57x17
                text run at (2,2) width 57: "TBODY"
            RenderTableCell {td} at (120,23) size 124x21 [border: (1px inset #808080)] [r=1 c=1 rs=1 cs=1]
              RenderText {#text} at (2,2) size 57x17
                text run at (2,2) width 57: "TBODY"
            RenderTableCell {td} at (246,23) size 124x21 [border: (1px inset #808080)] [r=1 c=2 rs=1 cs=1]
              RenderText {#text} at (2,2) size 57x17
                text run at (2,2) width 57: "TBODY"
