layer at (0,0) size 800x600
  RenderView at (0,0) size 800x600
layer at (0,0) size 800x270
  RenderBlock {html} at (0,0) size 800x270
    RenderBody {body} at (8,16) size 784x246
      RenderBlock {p} at (0,0) size 784x17
        RenderText {#text} at (0,0) size 167x17
          text run at (0,0) width 167: "TH VALIGN=BOTTOM"
      RenderTable {table} at (0,33) size 784x213 [border: (1px outset #808080)]
        RenderTableSection (anonymous) at (1,1) size 782x211
          RenderTableRow {tr} at (0,2) size 782x207
            RenderTableCell {th} at (2,2) size 204x207 [border: (1px inset #808080)] [r=0 c=0 rs=1 cs=1]
              RenderImage {img} at (2,2) size 200x200
            RenderTableCell {th} at (208,154) size 572x55 [border: (1px inset #808080)] [r=0 c=1 rs=1 cs=1]
              RenderText {#text} at (6,2) size 560x51
                text run at (6,2) width 293: "The bottom of this text should be vertically "
                text run at (298,2) width 268: "aligned to the bottom of the image. x-fill"
                text run at (7,19) width 103: "x-fill x-fill x-fill "
                text run at (109,19) width 307: "x-fill x-fill x-fill x-fill x-fill x-fill x-fill x-fill x-fill "
                text run at (415,19) width 150: "x-fill x-fill x-fill x-fill x-"
                text run at (107,36) width 158: "fill x-fill x-fill x-fill x-fill "
                text run at (264,36) width 201: "x-fill x-fill x-fill x-fill x-fill x-fill"
