layer at (0,0) size 948x585
  RenderView at (0,0) size 800x585
layer at (0,0) size 800x66
  RenderBlock {html} at (0,0) size 800x66
    RenderBody {body} at (8,8) size 784x50
      RenderTable {table} at (0,0) size 940x50 [border: (1px outset #808080)]
        RenderTableSection (anonymous) at (1,1) size 938x48
          RenderTableRow {tr} at (0,2) size 938x21
            RenderTableCell {th} at (2,2) size 934x21 [border: (1px inset #808080)] [r=0 c=0 rs=1 cs=1]
              RenderText {#text} at (2,2) size 930x17
                text run at (2,2) width 282: "The text in the cell should not wrap upon "
                text run at (284,2) width 278: "window resizing        x-fill x-fill x-fill x-fill "
                text run at (562,2) width 306: "x-fill x-fill x-fill x-fill x-fill x-fill x-fill x-fill x-fill "
                text run at (868,2) width 64: "x-fill x-fill"
          RenderTableRow {tr} at (0,25) size 938x21
            RenderTableCell {th} at (2,25) size 934x21 [border: (1px inset #808080)] [r=1 c=0 rs=1 cs=1]
              RenderText {#text} at (2,2) size 930x17
                text run at (2,2) width 282: "The text in the cell should not wrap upon "
                text run at (284,2) width 278: "window resizing        x-fill x-fill x-fill x-fill "
                text run at (562,2) width 306: "x-fill x-fill x-fill x-fill x-fill x-fill x-fill x-fill x-fill "
                text run at (868,2) width 64: "x-fill x-fill"
