layer at (0,0) size 785x685
  RenderView at (0,0) size 785x600
layer at (0,0) size 785x685
  RenderBlock {HTML} at (0,0) size 785x685
    RenderBody {BODY} at (8,16) size 769x659
      RenderBlock {P} at (0,0) size 769x17
        RenderText {#text} at (0,0) size 386x17
          text run at (0,0) width 386: "Test passes if the content of the three black boxes is identical."
      RenderBlock {DIV} at (10,33) size 298x202 [border: (5px solid #000000)]
      RenderBlock {DIV} at (10,245) size 298x202 [border: (5px solid #000000)]
      RenderBlock {DIV} at (10,457) size 298x202 [border: (5px solid #000000)]
