layer at (0,0) size 800x600
  RenderView at (0,0) size 800x600
layer at (0,0) size 800x297
  RenderBlock {HTML} at (0,0) size 800x297
    RenderBody {BODY} at (8,16) size 784x273
      RenderBlock {P} at (0,0) size 784x17
        RenderText {#text} at (0,0) size 476x17
          text run at (0,0) width 476: "Test passes if there is a box below with double border and rounded corners."
      RenderBlock {DIV} at (0,33) size 340x240 [border: (70px double #000000)]
