layer at (0,0) size 800x600
  RenderView at (0,0) size 800x600
layer at (0,0) size 800x159
  RenderBlock {HTML} at (0,0) size 800x159
    RenderBody {BODY} at (8,16) size 784x135
      RenderBlock {P} at (0,0) size 784x17
        RenderText {#text} at (0,0) size 518x17
          text run at (0,0) width 518: "Test passes if the 'Filler Text' below is clipped to the curve of the rounded corners."
layer at (8,49) size 198x102 clip at (11,52) size 192x96 scrollHeight 136
  RenderBlock {DIV} at (0,33) size 198x102 [border: (3px solid #000000)]
    RenderText {#text} at (3,3) size 181x136
      text run at (3,3) width 148: "Filler Text. Filler Text. "
      text run at (151,3) width 33: "Filler"
      text run at (3,20) width 111: "Text. Filler Text. "
      text run at (114,20) width 70: "Filler Text."
      text run at (3,37) width 74: "Filler Text. "
      text run at (77,37) width 107: "Filler Text. Filler"
      text run at (3,54) width 37: "Text. "
      text run at (40,54) width 144: "Filler Text. Filler Text."
      text run at (3,71) width 148: "Filler Text. Filler Text. "
      text run at (151,71) width 33: "Filler"
      text run at (3,88) width 111: "Text. Filler Text. "
      text run at (114,88) width 70: "Filler Text."
      text run at (3,105) width 74: "Filler Text. "
      text run at (77,105) width 107: "Filler Text. Filler"
      text run at (3,122) width 33: "Text."
