layer at (0,0) size 800x600
  RenderView at (0,0) size 800x600
layer at (0,0) size 800x600
  RenderBlock {HTML} at (0,0) size 800x600
    RenderBody {BODY} at (8,8) size 784x584
      RenderBlock {P} at (0,0) size 784x18
        RenderText {#text} at (0,0) size 490x18
          text run at (0,0) width 490: "This tests that the AutoFill button renders. It can only be tested in the test tool."
      RenderBlock {DIV} at (0,34) size 784x25
        RenderTextControl {INPUT} at (2,2) size 149x21 [bgcolor=#FFFFFF] [border: (2px inset #000000)]
          RenderFlexibleBox {DIV} at (2,3) size 145x15
            RenderBlock {DIV} at (0,0) size 125x15
        RenderText {#text} at (153,3) size 4x18
          text run at (153,3) width 4: " "
        RenderTextControl {INPUT} at (159,2) size 149x21 [bgcolor=#FFFFFF] [border: (2px inset #000000)]
          RenderFlexibleBox {DIV} at (2,3) size 145x15
            RenderBlock {DIV} at (0,0) size 125x15
        RenderText {#text} at (310,3) size 4x18
          text run at (310,3) width 4: " "
        RenderTextControl {INPUT} at (316,2) size 149x21 [bgcolor=#FFFFFF] [border: (2px inset #000000)]
          RenderFlexibleBox {DIV} at (2,3) size 145x15
            RenderBlock {DIV} at (0,0) size 125x15
        RenderTextControl {INPUT} at (469,2) size 149x21 [bgcolor=#FFFFFF] [border: (2px inset #000000)]
layer at (12,47) size 125x15
  RenderBlock {DIV} at (0,0) size 125x15
layer at (169,47) size 125x15
  RenderBlock {DIV} at (0,0) size 125x15
layer at (326,47) size 125x15
  RenderBlock {DIV} at (0,0) size 125x15
layer at (479,47) size 145x15
  RenderBlock {DIV} at (2,3) size 145x15
layer at (140,49) size 15x12
  RenderBlock {DIV} at (128,1) size 15x13 [bgcolor=#000000]
layer at (297,49) size 15x12
  RenderBlock {DIV} at (128,1) size 15x13 [bgcolor=#000000]
layer at (454,49) size 15x12
  RenderBlock {DIV} at (128,1) size 15x13 [bgcolor=#000000]
