layer at (0,0) size 800x600
  RenderView at (0,0) size 800x600
layer at (0,0) size 800x322
  RenderBlock {HTML} at (0,0) size 800x322
    RenderBody {BODY} at (8,8) size 784x276
      RenderBlock {P} at (0,0) size 784x49
        RenderText {#text} at (16,16) size 348x17
          text run at (16,16) width 348: "\"ONE\" and \"TWO\" below should be on the same line."
      RenderBlock (floating) {UL} at (0,49) size 186x21 [border: (2px solid #0000FF)]
        RenderBlock (floating) {LI} at (2,2) size 91x17
          RenderBlock {SPAN} at (0,0) size 91x17 [bgcolor=#EEEEEE]
            RenderText {#text} at (0,0) size 34x17
              text run at (0,0) width 34: "ONE"
        RenderBlock (floating) {LI} at (93,2) size 91x17
          RenderBlock {SPAN} at (0,0) size 91x17 [bgcolor=#EEEEEE]
            RenderText {#text} at (0,0) size 37x17
              text run at (0,0) width 37: "TWO"
        RenderBlock {DIV} at (2,2) size 182x0
      RenderBlock {P} at (0,70) size 784x49
        RenderText {#text} at (16,16) size 352x17
          text run at (16,16) width 352: "\"ONE\" and \"TWO\" below should be on different lines."
      RenderBlock (floating) {UL} at (0,119) size 95x38 [border: (2px solid #0000FF)]
        RenderBlock (floating) {LI} at (2,2) size 91x17
          RenderBlock {SPAN} at (0,0) size 91x17 [bgcolor=#EEEEEE]
            RenderText {#text} at (0,0) size 34x17
              text run at (0,0) width 34: "ONE"
        RenderBlock (floating) {LI} at (2,19) size 91x17
          RenderBlock {SPAN} at (0,0) size 91x17 [bgcolor=#EEEEEE]
            RenderText {#text} at (0,0) size 37x17
              text run at (0,0) width 37: "TWO"
        RenderBlock {DIV} at (2,2) size 91x0
      RenderBlock {P} at (0,157) size 784x49
        RenderText {#text} at (16,16) size 348x17
          text run at (16,16) width 348: "\"ONE\" and \"TWO\" below should be on the same line."
      RenderBlock (floating) {UL} at (0,206) size 186x21 [border: (2px solid #0000FF)]
        RenderBlock (floating) {LI} at (2,2) size 91x17
          RenderBlock {SPAN} at (0,0) size 91x17 [bgcolor=#EEEEEE]
            RenderText {#text} at (0,0) size 34x17
              text run at (0,0) width 34: "ONE"
        RenderBlock (floating) {LI} at (93,2) size 91x17
          RenderBlock {SPAN} at (0,0) size 91x17 [bgcolor=#EEEEEE]
            RenderText {#text} at (0,0) size 37x17
              text run at (0,0) width 37: "TWO"
      RenderBlock {P} at (0,227) size 784x49
        RenderText {#text} at (16,16) size 352x17
          text run at (16,16) width 352: "\"ONE\" and \"TWO\" below should be on different lines."
      RenderBlock (floating) {UL} at (0,276) size 95x38 [border: (2px solid #0000FF)]
        RenderBlock (floating) {LI} at (2,2) size 91x17
          RenderBlock {SPAN} at (0,0) size 91x17 [bgcolor=#EEEEEE]
            RenderText {#text} at (0,0) size 34x17
              text run at (0,0) width 34: "ONE"
        RenderBlock (floating) {LI} at (2,19) size 91x17
          RenderBlock {SPAN} at (0,0) size 91x17 [bgcolor=#EEEEEE]
            RenderText {#text} at (0,0) size 37x17
              text run at (0,0) width 37: "TWO"
