layer at (0,0) size 800x600
  RenderView at (0,0) size 800x600
layer at (0,0) size 800x128
  RenderBlock {HTML} at (0,0) size 800x128
    RenderBody {BODY} at (8,8) size 784x74
      RenderBlock (floating) {DIV} at (474,10) size 300x100 [bgcolor=#008000]
      RenderTable {TABLE} at (0,0) size 464x40 [bgcolor=#FFA500]
        RenderTableSection {TBODY} at (0,0) size 464x40
          RenderTableRow {TR} at (0,2) size 464x36
            RenderTableCell {TD} at (2,2) size 460x36 [r=0 c=0 rs=1 cs=1]
              RenderText {#text} at (1,1) size 442x34
                text run at (1,1) width 353: "This is a test and is demonstrating that auto width really "
                text run at (354,1) width 89: "should kick in"
                text run at (1,18) width 31: "here."
layer at (90,48) size 300x34
  RenderBlock {DIV} at (82,40) size 300x34 [bgcolor=#FFA500]
    RenderText {#text} at (0,0) size 270x34
      text run at (0,0) width 270: "This is a test and is demonstrating that auto"
      text run at (0,17) width 79: "width really "
      text run at (79,17) width 124: "should kick in here."
