layer at (0,0) size 800x600
  RenderView at (0,0) size 800x600
layer at (0,0) size 800x600
  RenderBlock {HTML} at (0,0) size 800x600
    RenderBody {BODY} at (8,8) size 784x584
      RenderBlock {P} at (0,0) size 784x17
        RenderText {#text} at (0,0) size 311x17
          text run at (0,0) width 311: "Test shrink-to-fit width for floating elements (see "
        RenderInline {A} at (0,0) size 97x17 [color=#0000EE]
          RenderText {#text} at (311,0) size 97x17
            text run at (311,0) width 97: "CSS 2.1 10.3.5"
        RenderText {#text} at (408,0) size 9x17
          text run at (408,0) width 9: ")."
      RenderBlock {P} at (0,33) size 784x34
        RenderText {#text} at (0,0) size 196x17
          text run at (0,0) width 196: "Shrink-to-fit width is min(max("
        RenderInline {I} at (0,0) size 162x17
          RenderText {#text} at (196,0) size 162x17
            text run at (196,0) width 162: "preferred minimum width"
        RenderText {#text} at (358,0) size 8x17
          text run at (358,0) width 8: ", "
        RenderInline {I} at (0,0) size 97x17
          RenderText {#text} at (366,0) size 97x17
            text run at (366,0) width 97: "available width"
        RenderText {#text} at (463,0) size 13x17
          text run at (463,0) width 13: "), "
        RenderInline {I} at (0,0) size 98x17
          RenderText {#text} at (476,0) size 98x17
            text run at (476,0) width 98: "preferred width"
        RenderText {#text} at (574,0) size 775x34
          text run at (574,0) width 13: "). "
          text run at (587,0) width 188: "In the following cases (except"
          text run at (0,17) width 58: "the \x{201C}x\x{201D}), "
        RenderInline {I} at (0,0) size 162x17
          RenderText {#text} at (58,17) size 162x17
            text run at (58,17) width 162: "preferred minimum width"
        RenderText {#text} at (220,17) size 17x17
          text run at (220,17) width 17: " < "
        RenderInline {I} at (0,0) size 97x17
          RenderText {#text} at (237,17) size 97x17
            text run at (237,17) width 97: "available width"
        RenderText {#text} at (334,17) size 17x17
          text run at (334,17) width 17: " < "
        RenderInline {I} at (0,0) size 98x17
          RenderText {#text} at (351,17) size 98x17
            text run at (351,17) width 98: "preferred width"
        RenderText {#text} at (0,0) size 0x0
      RenderBlock {DIV} at (0,83) size 100x229
        RenderBlock (floating) {DIV} at (0,0) size 100x40 [border: (3px solid #000000)]
          RenderText {#text} at (3,3) size 61x34
            text run at (3,3) width 61: "longword"
            text run at (3,20) width 61: "longword"
        RenderBlock {DIV} at (0,40) size 100x10
        RenderBlock (floating) {DIV} at (0,50) size 100x40 [border: (3px solid #000000)]
          RenderText {#text} at (3,3) size 61x34
            text run at (3,3) width 61: "longword"
            text run at (3,20) width 61: "longword"
        RenderBlock {DIV} at (0,90) size 100x10
        RenderBlock (floating) {DIV} at (0,100) size 100x40 [border: (3px solid #000000)]
          RenderText {#text} at (3,3) size 61x34
            text run at (3,3) width 61: "longword"
            text run at (3,20) width 61: "longword"
        RenderBlock (floating) {DIV} at (86,140) size 14x23 [border: (3px solid #000000)]
          RenderText {#text} at (3,3) size 8x17
            text run at (3,3) width 8: "x"
        RenderBlock {DIV} at (0,163) size 100x10
        RenderBlock (floating) {DIV} at (0,173) size 100x46 [border: (3px solid #000000)]
          RenderBlock {DIV} at (3,3) size 60x20 [bgcolor=#C0C0C0]
          RenderText {#text} at (0,0) size 0x0
          RenderBlock {DIV} at (3,23) size 60x20 [bgcolor=#C0C0C0]
          RenderText {#text} at (0,0) size 0x0
        RenderBlock {DIV} at (0,219) size 100x10
        RenderBlock (floating) {DIV} at (0,229) size 100x46 [border: (3px solid #000000)]
          RenderBlock {DIV} at (3,3) size 60x20 [bgcolor=#C0C0C0]
          RenderText {#text} at (0,0) size 0x0
          RenderBlock {DIV} at (3,23) size 60x20 [bgcolor=#C0C0C0]
          RenderText {#text} at (0,0) size 0x0
