layer at (0,0) size 800x600
  RenderView at (0,0) size 800x600
layer at (0,0) size 800x600
  RenderBlock {HTML} at (0,0) size 800x600
    RenderBody {BODY} at (8,8) size 784x584
      RenderBlock {P} at (0,0) size 784x29
        RenderText {#text} at (0,11) size 421x17
          text run at (0,11) width 421: "The blue borders should coincide with light blue squares, like this: "
        RenderBlock {SPAN} at (421,0) size 25x25 [bgcolor=#ADD8E6] [border: (3px solid #0000FF7F)]
        RenderText {#text} at (446,11) size 196x17
          text run at (446,11) width 8: ". "
          text run at (454,11) width 188: "There should be none of this: "
        RenderBlock {SPAN} at (642,0) size 25x25 [bgcolor=#ADD8E6]
        RenderText {#text} at (667,11) size 51x17
          text run at (667,11) width 4: " "
          text run at (671,11) width 47: "or this: "
        RenderBlock {SPAN} at (718,0) size 25x25 [border: (3px solid #0000FF7F)]
        RenderText {#text} at (743,11) size 4x17
          text run at (743,11) width 4: "."
      RenderBlock (anonymous) at (0,45) size 784x330
        RenderText {#text} at (116,72) size 4x17
          text run at (116,72) width 4: " "
        RenderText {#text} at (236,72) size 4x17
          text run at (236,72) width 4: " "
        RenderText {#text} at (356,72) size 4x17
          text run at (356,72) width 4: " "
        RenderText {#text} at (476,72) size 4x17
          text run at (476,72) width 4: " "
        RenderText {#text} at (596,72) size 4x17
          text run at (596,72) width 4: " "
        RenderText {#text} at (716,72) size 4x17
          text run at (716,72) width 4: " "
        RenderText {#text} at (116,192) size 4x17
          text run at (116,192) width 4: " "
        RenderText {#text} at (206,192) size 4x17
          text run at (206,192) width 4: " "
        RenderText {#text} at (296,192) size 4x17
          text run at (296,192) width 4: " "
        RenderText {#text} at (386,192) size 4x17
          text run at (386,192) width 4: " "
        RenderText {#text} at (476,192) size 4x17
          text run at (476,192) width 4: " "
        RenderText {#text} at (566,192) size 4x17
          text run at (566,192) width 4: " "
        RenderText {#text} at (656,192) size 4x17
          text run at (656,192) width 4: " "
        RenderText {#text} at (0,0) size 0x0
        RenderText {#text} at (86,312) size 4x17
          text run at (86,312) width 4: " "
        RenderText {#text} at (176,312) size 4x17
          text run at (176,312) width 4: " "
        RenderText {#text} at (266,312) size 4x17
          text run at (266,312) width 4: " "
        RenderText {#text} at (356,312) size 4x17
          text run at (356,312) width 4: " "
        RenderText {#text} at (446,312) size 4x17
          text run at (446,312) width 4: " "
        RenderText {#text} at (536,312) size 4x17
          text run at (536,312) width 4: " "
        RenderText {#text} at (0,0) size 0x0
layer at (8,63) size 116x66
  RenderBlock {DIV} at (0,10) size 116x66 [color=#ADD8E6] [border: (3px solid #000000)]
    RenderMultiColumnSet at (8,8) size 100x50
layer at (16,71) size 48x100
  RenderMultiColumnFlowThread at (8,8) size 48x100
    RenderBR {BR} at (0,0) size 0x25
    RenderText {#text} at (0,25) size 25x75
      text run at (0,25) width 25: "x"
      text run at (0,50) width 25: "y"
      text run at (0,75) width 25: "z"
layer at (128,63) size 116x66
  RenderBlock {DIV} at (120,10) size 116x66 [color=#ADD8E6] [border: (3px solid #000000)]
    RenderMultiColumnSet at (8,8) size 100x50
layer at (136,71) size 48x100
  RenderMultiColumnFlowThread at (8,8) size 48x100
    RenderBR {BR} at (0,0) size 0x25
    RenderInline {SPAN} at (0,0) size 25x75
      RenderText {#text} at (0,25) size 25x75
        text run at (0,25) width 25: "x"
        text run at (0,50) width 25: "y"
        text run at (0,75) width 25: "z"
    RenderText {#text} at (0,0) size 0x0
layer at (248,63) size 116x66
  RenderBlock {DIV} at (240,10) size 116x66 [color=#ADD8E6] [border: (3px solid #000000)]
    RenderMultiColumnSet at (8,8) size 100x50
layer at (256,71) size 48x100
  RenderMultiColumnFlowThread at (8,8) size 48x100
    RenderBlock (anonymous) at (0,0) size 48x25
      RenderBR {BR} at (0,0) size 0x25
    RenderBlock {DIV} at (0,25) size 48x75
      RenderText {#text} at (0,0) size 25x75
        text run at (0,0) width 25: "x"
        text run at (0,25) width 25: "y"
        text run at (0,50) width 25: "z"
layer at (368,63) size 116x66
  RenderBlock {DIV} at (360,10) size 116x66 [color=#ADD8E6] [border: (3px solid #000000)]
    RenderMultiColumnSet at (8,8) size 100x50
layer at (376,71) size 48x100
  RenderMultiColumnFlowThread at (8,8) size 48x100
    RenderBlock (anonymous) at (0,0) size 48x25
      RenderBR {BR} at (0,0) size 0x25
    RenderBlock {DIV} at (0,25) size 48x75
      RenderBR {BR} at (0,0) size 0x25
      RenderText {#text} at (0,25) size 25x50
        text run at (0,25) width 25: "y"
        text run at (0,50) width 25: "z"
layer at (488,63) size 116x66
  RenderBlock {DIV} at (480,10) size 116x66 [color=#ADD8E6] [border: (3px solid #000000)]
    RenderMultiColumnSet at (8,8) size 100x50
layer at (496,71) size 48x79
  RenderMultiColumnFlowThread at (8,8) size 48x79
    RenderBlock (anonymous) at (0,0) size 48x25
      RenderBR {BR} at (0,0) size 0x25
    RenderBlock {DIV} at (0,25) size 48x54
      RenderBR {BR} at (0,0) size 0x25
      RenderSlider {INPUT} at (2,27) size 25x25 [color=#909090] [bgcolor=#ADD8E6]
        RenderFlexibleBox {DIV} at (0,0) size 25x25
          RenderBlock {DIV} at (0,12) size 25x0
            RenderBlock {DIV} at (0,0) size 25x0
layer at (608,63) size 116x66
  RenderBlock {DIV} at (600,10) size 116x66 [color=#ADD8E6] [border: (3px solid #000000)]
    RenderMultiColumnSet at (8,8) size 100x50
layer at (616,71) size 48x75
  RenderMultiColumnFlowThread at (8,8) size 48x75
    RenderBlock (anonymous) at (0,0) size 48x25
      RenderBR {BR} at (0,0) size 0x25
    RenderBlock {DIV} at (0,25) size 48x50
      RenderBR {BR} at (0,0) size 0x25
      RenderImage {IMG} at (0,25) size 25x25 [bgcolor=#ADD8E6]
layer at (8,183) size 116x66
  RenderBlock {DIV} at (0,130) size 116x66 [color=#ADD8E6] [border: (3px solid #000000)]
    RenderMultiColumnSet at (8,8) size 100x50
layer at (16,191) size 48x65
  RenderMultiColumnFlowThread at (8,8) size 48x65
    RenderBlock {DIV} at (0,40) size 25x25 [bgcolor=#ADD8E6]
layer at (138,143) size 66x116
  RenderBlock {DIV} at (130,90) size 66x116 [color=#ADD8E6] [border: (3px solid #000000)]
    RenderMultiColumnSet at (8,8) size 50x100
layer at (146,151) size 100x48
  RenderMultiColumnFlowThread at (8,8) size 100x48
    RenderBR {BR} at (0,0) size 25x0
    RenderText {#text} at (25,0) size 75x25
      text run at (25,0) width 25: "x"
      text run at (50,0) width 25: "y"
      text run at (75,0) width 25: "z"
layer at (228,143) size 66x116
  RenderBlock {DIV} at (220,90) size 66x116 [color=#ADD8E6] [border: (3px solid #000000)]
    RenderMultiColumnSet at (8,8) size 50x100
layer at (236,151) size 100x48
  RenderMultiColumnFlowThread at (8,8) size 100x48
    RenderBR {BR} at (0,0) size 25x0
    RenderInline {SPAN} at (0,0) size 75x25
      RenderText {#text} at (25,0) size 75x25
        text run at (25,0) width 25: "x"
        text run at (50,0) width 25: "y"
        text run at (75,0) width 25: "z"
    RenderText {#text} at (0,0) size 0x0
layer at (318,143) size 66x116
  RenderBlock {DIV} at (310,90) size 66x116 [color=#ADD8E6] [border: (3px solid #000000)]
    RenderMultiColumnSet at (8,8) size 50x100
layer at (326,151) size 100x48
  RenderMultiColumnFlowThread at (8,8) size 100x48
    RenderBlock (anonymous) at (0,0) size 25x48
      RenderBR {BR} at (0,0) size 25x0
    RenderBlock {DIV} at (25,0) size 75x48
      RenderText {#text} at (0,0) size 75x25
        text run at (0,0) width 25: "x"
        text run at (25,0) width 25: "y"
        text run at (50,0) width 25: "z"
layer at (408,143) size 66x116
  RenderBlock {DIV} at (400,90) size 66x116 [color=#ADD8E6] [border: (3px solid #000000)]
    RenderMultiColumnSet at (8,8) size 50x100
layer at (416,151) size 100x48
  RenderMultiColumnFlowThread at (8,8) size 100x48
    RenderBlock (anonymous) at (0,0) size 25x48
      RenderBR {BR} at (0,0) size 25x0
    RenderBlock {DIV} at (25,0) size 75x48
      RenderBR {BR} at (0,0) size 25x0
      RenderText {#text} at (25,0) size 50x25
        text run at (25,0) width 25: "y"
        text run at (50,0) width 25: "z"
layer at (498,143) size 66x116
  RenderBlock {DIV} at (490,90) size 66x116 [color=#ADD8E6] [border: (3px solid #000000)]
    RenderMultiColumnSet at (8,8) size 50x100
layer at (506,151) size 79x48
  RenderMultiColumnFlowThread at (8,8) size 79x48
    RenderBlock (anonymous) at (0,0) size 25x48
      RenderBR {BR} at (0,0) size 25x0
    RenderBlock {DIV} at (25,0) size 54x48
      RenderBR {BR} at (0,0) size 25x0
      RenderSlider {INPUT} at (27,2) size 25x25 [color=#909090] [bgcolor=#ADD8E6]
        RenderFlexibleBox {DIV} at (0,0) size 25x25
          RenderBlock {DIV} at (0,12) size 25x0
            RenderBlock {DIV} at (0,0) size 25x0
layer at (588,143) size 66x116
  RenderBlock {DIV} at (580,90) size 66x116 [color=#ADD8E6] [border: (3px solid #000000)]
    RenderMultiColumnSet at (8,8) size 50x100
layer at (596,151) size 75x48
  RenderMultiColumnFlowThread at (8,8) size 75x48
    RenderBlock (anonymous) at (0,0) size 25x48
      RenderBR {BR} at (0,0) size 25x0
    RenderBlock {DIV} at (25,0) size 50x48
      RenderBR {BR} at (0,0) size 25x0
      RenderImage {IMG} at (25,0) size 25x25 [bgcolor=#ADD8E6]
layer at (678,143) size 66x116
  RenderBlock {DIV} at (670,90) size 66x116 [color=#ADD8E6] [border: (3px solid #000000)]
    RenderMultiColumnSet at (8,8) size 50x100
layer at (686,151) size 65x48
  RenderMultiColumnFlowThread at (8,8) size 65x48
    RenderBlock {DIV} at (40,0) size 25x25 [bgcolor=#ADD8E6]
layer at (18,263) size 66x116
  RenderBlock {DIV} at (10,210) size 66x116 [color=#ADD8E6] [border: (3px solid #000000)]
    RenderMultiColumnSet at (8,8) size 50x100
layer at (-24,271) size 100x48 backgroundClip at (0,0) size 800x600 clip at (0,0) size 800x600 outlineClip at (0,0) size 800x600
  RenderMultiColumnFlowThread at (8,8) size 100x48
    RenderBR {BR} at (0,0) size 25x0
    RenderText {#text} at (25,0) size 75x25
      text run at (25,0) width 25: "x"
      text run at (50,0) width 25: "y"
      text run at (75,0) width 25: "z"
layer at (108,263) size 66x116
  RenderBlock {DIV} at (100,210) size 66x116 [color=#ADD8E6] [border: (3px solid #000000)]
    RenderMultiColumnSet at (8,8) size 50x100
layer at (66,271) size 100x48
  RenderMultiColumnFlowThread at (8,8) size 100x48
    RenderBR {BR} at (0,0) size 25x0
    RenderInline {SPAN} at (0,0) size 75x25
      RenderText {#text} at (25,0) size 75x25
        text run at (25,0) width 25: "x"
        text run at (50,0) width 25: "y"
        text run at (75,0) width 25: "z"
    RenderText {#text} at (0,0) size 0x0
layer at (198,263) size 66x116
  RenderBlock {DIV} at (190,210) size 66x116 [color=#ADD8E6] [border: (3px solid #000000)]
    RenderMultiColumnSet at (8,8) size 50x100
layer at (156,271) size 100x48
  RenderMultiColumnFlowThread at (8,8) size 100x48
    RenderBlock (anonymous) at (0,0) size 25x48
      RenderBR {BR} at (0,0) size 25x0
    RenderBlock {DIV} at (25,0) size 75x48
      RenderText {#text} at (0,0) size 75x25
        text run at (0,0) width 25: "x"
        text run at (25,0) width 25: "y"
        text run at (50,0) width 25: "z"
layer at (288,263) size 66x116
  RenderBlock {DIV} at (280,210) size 66x116 [color=#ADD8E6] [border: (3px solid #000000)]
    RenderMultiColumnSet at (8,8) size 50x100
layer at (246,271) size 100x48
  RenderMultiColumnFlowThread at (8,8) size 100x48
    RenderBlock (anonymous) at (0,0) size 25x48
      RenderBR {BR} at (0,0) size 25x0
    RenderBlock {DIV} at (25,0) size 75x48
      RenderBR {BR} at (0,0) size 25x0
      RenderText {#text} at (25,0) size 50x25
        text run at (25,0) width 25: "y"
        text run at (50,0) width 25: "z"
layer at (378,263) size 66x116
  RenderBlock {DIV} at (370,210) size 66x116 [color=#ADD8E6] [border: (3px solid #000000)]
    RenderMultiColumnSet at (8,8) size 50x100
layer at (357,271) size 79x48
  RenderMultiColumnFlowThread at (8,8) size 79x48
    RenderBlock (anonymous) at (0,0) size 25x48
      RenderBR {BR} at (0,0) size 25x0
    RenderBlock {DIV} at (25,0) size 54x48
      RenderBR {BR} at (0,0) size 25x0
      RenderSlider {INPUT} at (27,2) size 25x25 [color=#909090] [bgcolor=#ADD8E6]
        RenderFlexibleBox {DIV} at (0,0) size 25x25
          RenderBlock {DIV} at (0,12) size 25x0
            RenderBlock {DIV} at (0,0) size 25x0
layer at (468,263) size 66x116
  RenderBlock {DIV} at (460,210) size 66x116 [color=#ADD8E6] [border: (3px solid #000000)]
    RenderMultiColumnSet at (8,8) size 50x100
layer at (451,271) size 75x48
  RenderMultiColumnFlowThread at (8,8) size 75x48
    RenderBlock (anonymous) at (0,0) size 25x48
      RenderBR {BR} at (0,0) size 25x0
    RenderBlock {DIV} at (25,0) size 50x48
      RenderBR {BR} at (0,0) size 25x0
      RenderImage {IMG} at (25,0) size 25x25 [bgcolor=#ADD8E6]
layer at (558,263) size 66x116
  RenderBlock {DIV} at (550,210) size 66x116 [color=#ADD8E6] [border: (3px solid #000000)]
    RenderMultiColumnSet at (8,8) size 50x100
layer at (551,271) size 65x48
  RenderMultiColumnFlowThread at (8,8) size 65x48
    RenderBlock {DIV} at (40,0) size 25x25 [bgcolor=#ADD8E6]
layer at (16,96) size 25x25
  RenderBlock (positioned) {DIV} at (16,96) size 25x25 [border: (3px solid #0000FF7F)]
layer at (68,71) size 26x25
  RenderBlock (positioned) {DIV} at (68,71) size 26x25 [border: (3px solid #0000FF7F)]
layer at (68,96) size 26x25
  RenderBlock (positioned) {DIV} at (68,96) size 26x25 [border: (3px solid #0000FF7F)]
layer at (136,96) size 25x25
  RenderBlock (positioned) {DIV} at (136,96) size 25x25 [border: (3px solid #0000FF7F)]
layer at (188,71) size 26x25
  RenderBlock (positioned) {DIV} at (188,71) size 26x25 [border: (3px solid #0000FF7F)]
layer at (188,96) size 26x25
  RenderBlock (positioned) {DIV} at (188,96) size 26x25 [border: (3px solid #0000FF7F)]
layer at (256,96) size 25x25
  RenderBlock (positioned) {DIV} at (256,96) size 25x25 [border: (3px solid #0000FF7F)]
layer at (308,71) size 26x25
  RenderBlock (positioned) {DIV} at (308,71) size 26x25 [border: (3px solid #0000FF7F)]
layer at (308,96) size 26x25
  RenderBlock (positioned) {DIV} at (308,96) size 26x25 [border: (3px solid #0000FF7F)]
layer at (428,71) size 26x25
  RenderBlock (positioned) {DIV} at (428,71) size 26x25 [border: (3px solid #0000FF7F)]
layer at (428,96) size 26x25
  RenderBlock (positioned) {DIV} at (428,96) size 26x25 [border: (3px solid #0000FF7F)]
layer at (550,73) size 26x25
  RenderBlock (positioned) {DIV} at (550,73) size 26x25 [border: (3px solid #0000FF7F)]
layer at (668,71) size 26x25
  RenderBlock (positioned) {DIV} at (668,71) size 26x25 [border: (3px solid #0000FF7F)]
layer at (68,181) size 26x25
  RenderBlock (positioned) {DIV} at (68,181) size 26x25 [border: (3px solid #0000FF7F)]
layer at (171,151) size 25x25
  RenderBlock (positioned) {DIV} at (171,151) size 25x25 [border: (3px solid #0000FF7F)]
layer at (146,203) size 25x26
  RenderBlock (positioned) {DIV} at (146,203) size 25x26 [border: (3px solid #0000FF7F)]
layer at (171,203) size 25x26
  RenderBlock (positioned) {DIV} at (171,203) size 25x26 [border: (3px solid #0000FF7F)]
layer at (261,151) size 25x25
  RenderBlock (positioned) {DIV} at (261,151) size 25x25 [border: (3px solid #0000FF7F)]
layer at (236,203) size 25x26
  RenderBlock (positioned) {DIV} at (236,203) size 25x26 [border: (3px solid #0000FF7F)]
layer at (261,203) size 25x26
  RenderBlock (positioned) {DIV} at (261,203) size 25x26 [border: (3px solid #0000FF7F)]
layer at (351,151) size 25x25
  RenderBlock (positioned) {DIV} at (351,151) size 25x25 [border: (3px solid #0000FF7F)]
layer at (326,203) size 25x26
  RenderBlock (positioned) {DIV} at (326,203) size 25x26 [border: (3px solid #0000FF7F)]
layer at (351,203) size 25x26
  RenderBlock (positioned) {DIV} at (351,203) size 25x26 [border: (3px solid #0000FF7F)]
layer at (416,203) size 25x26
  RenderBlock (positioned) {DIV} at (416,203) size 25x26 [border: (3px solid #0000FF7F)]
layer at (441,203) size 25x26
  RenderBlock (positioned) {DIV} at (441,203) size 25x26 [border: (3px solid #0000FF7F)]
layer at (508,205) size 25x26
  RenderBlock (positioned) {DIV} at (508,205) size 25x26 [border: (3px solid #0000FF7F)]
layer at (596,203) size 25x26
  RenderBlock (positioned) {DIV} at (596,203) size 25x26 [border: (3px solid #0000FF7F)]
layer at (676,203) size 25x26
  RenderBlock (positioned) {DIV} at (676,203) size 25x26 [border: (3px solid #0000FF7F)]
layer at (26,271) size 25x25
  RenderBlock (positioned) {DIV} at (26,271) size 25x25 [border: (3px solid #0000FF7F)]
layer at (51,323) size 25x26
  RenderBlock (positioned) {DIV} at (51,323) size 25x26 [border: (3px solid #0000FF7F)]
layer at (26,323) size 25x26
  RenderBlock (positioned) {DIV} at (26,323) size 25x26 [border: (3px solid #0000FF7F)]
layer at (116,271) size 25x25
  RenderBlock (positioned) {DIV} at (116,271) size 25x25 [border: (3px solid #0000FF7F)]
layer at (141,323) size 25x26
  RenderBlock (positioned) {DIV} at (141,323) size 25x26 [border: (3px solid #0000FF7F)]
layer at (116,323) size 25x26
  RenderBlock (positioned) {DIV} at (116,323) size 25x26 [border: (3px solid #0000FF7F)]
layer at (206,271) size 25x25
  RenderBlock (positioned) {DIV} at (206,271) size 25x25 [border: (3px solid #0000FF7F)]
layer at (231,323) size 25x26
  RenderBlock (positioned) {DIV} at (231,323) size 25x26 [border: (3px solid #0000FF7F)]
layer at (206,323) size 25x26
  RenderBlock (positioned) {DIV} at (206,323) size 25x26 [border: (3px solid #0000FF7F)]
layer at (321,323) size 25x26
  RenderBlock (positioned) {DIV} at (321,323) size 25x26 [border: (3px solid #0000FF7F)]
layer at (296,323) size 25x26
  RenderBlock (positioned) {DIV} at (296,323) size 25x26 [border: (3px solid #0000FF7F)]
layer at (409,325) size 25x26
  RenderBlock (positioned) {DIV} at (409,325) size 25x26 [border: (3px solid #0000FF7F)]
layer at (501,323) size 25x26
  RenderBlock (positioned) {DIV} at (501,323) size 25x26 [border: (3px solid #0000FF7F)]
layer at (601,323) size 25x26
  RenderBlock (positioned) {DIV} at (601,323) size 25x26 [border: (3px solid #0000FF7F)]
