layer at (0,0) size 785x897
  RenderView at (0,0) size 785x600
layer at (0,0) size 785x897
  RenderBlock {HTML} at (0,0) size 785x897
    RenderBody {BODY} at (8,8) size 769x881
      RenderBlock (anonymous) at (0,0) size 769x17
        RenderText {#text} at (0,0) size 107x17
          text run at (0,0) width 107: "auto table cols=2"
      RenderTable {TABLE} at (0,17) size 507x27 [border: (1px outset #808080)]
        RenderTableSection {TBODY} at (1,1) size 505x25
          RenderTableRow {TR} at (0,2) size 505x21
            RenderTableCell {TD} at (2,2) size 248x21 [border: (1px inset #808080)] [r=0 c=0 rs=1 cs=1]
              RenderText {#text} at (2,2) size 244x17
                text run at (2,2) width 244: "auto auto auto auto auto auto auto auto"
            RenderTableCell {TD} at (252,2) size 156x21 [border: (1px inset #808080)] [r=0 c=1 rs=1 cs=1]
              RenderText {#text} at (2,2) size 152x17
                text run at (2,2) width 152: "auto-auto auto auto auto"
            RenderTableCell {TD} at (410,2) size 93x21 [border: (1px inset #808080)] [r=0 c=2 rs=1 cs=1]
              RenderText {#text} at (2,2) size 89x17
                text run at (2,2) width 89: "auto auto auto"
      RenderBlock (anonymous) at (0,44) size 769x34
        RenderBR {BR} at (0,0) size 0x17
        RenderText {#text} at (0,17) size 107x17
          text run at (0,17) width 107: "auto table cols=2"
      RenderTable {TABLE} at (0,78) size 197x27 [border: (1px outset #808080)]
        RenderTableSection {TBODY} at (1,1) size 195x25
          RenderTableRow {TR} at (0,2) size 195x21
            RenderTableCell {TD} at (2,2) size 31x21 [border: (1px inset #808080)] [r=0 c=0 rs=1 cs=1]
              RenderText {#text} at (2,2) size 27x17
                text run at (2,2) width 27: "auto"
            RenderTableCell {TD} at (35,2) size 63x21 [border: (1px inset #808080)] [r=0 c=1 rs=1 cs=1]
              RenderText {#text} at (2,2) size 59x17
                text run at (2,2) width 59: "auto-auto"
            RenderTableCell {TD} at (100,2) size 93x21 [border: (1px inset #808080)] [r=0 c=2 rs=1 cs=1]
              RenderText {#text} at (2,2) size 89x17
                text run at (2,2) width 89: "auto auto auto"
      RenderBlock (anonymous) at (0,105) size 769x34
        RenderBR {BR} at (0,0) size 0x17
        RenderText {#text} at (0,17) size 174x17
          text run at (0,17) width 174: "auto table 2 cols with 1*,1*"
      RenderTable {TABLE} at (0,139) size 197x27 [border: (1px outset #808080)]
        RenderTableCol {COLGROUP} at (0,0) size 0x0
          RenderTableCol {COL} at (0,0) size 0x0
          RenderTableCol {COL} at (0,0) size 0x0
        RenderTableSection {TBODY} at (1,1) size 195x25
          RenderTableRow {TR} at (0,2) size 195x21
            RenderTableCell {TD} at (2,2) size 31x21 [border: (1px inset #808080)] [r=0 c=0 rs=1 cs=1]
              RenderText {#text} at (2,2) size 27x17
                text run at (2,2) width 27: "auto"
            RenderTableCell {TD} at (35,2) size 63x21 [border: (1px inset #808080)] [r=0 c=1 rs=1 cs=1]
              RenderText {#text} at (2,2) size 59x17
                text run at (2,2) width 59: "auto-auto"
            RenderTableCell {TD} at (100,2) size 93x21 [border: (1px inset #808080)] [r=0 c=2 rs=1 cs=1]
              RenderText {#text} at (2,2) size 89x17
                text run at (2,2) width 89: "auto auto auto"
      RenderBlock (anonymous) at (0,166) size 769x34
        RenderBR {BR} at (0,0) size 0x17
        RenderText {#text} at (0,17) size 174x17
          text run at (0,17) width 174: "auto table 2 cols with 2*,1*"
      RenderTable {TABLE} at (0,200) size 197x27 [border: (1px outset #808080)]
        RenderTableCol {COLGROUP} at (0,0) size 0x0
          RenderTableCol {COL} at (0,0) size 0x0
          RenderTableCol {COL} at (0,0) size 0x0
        RenderTableSection {TBODY} at (1,1) size 195x25
          RenderTableRow {TR} at (0,2) size 195x21
            RenderTableCell {TD} at (2,2) size 31x21 [border: (1px inset #808080)] [r=0 c=0 rs=1 cs=1]
              RenderText {#text} at (2,2) size 27x17
                text run at (2,2) width 27: "auto"
            RenderTableCell {TD} at (35,2) size 63x21 [border: (1px inset #808080)] [r=0 c=1 rs=1 cs=1]
              RenderText {#text} at (2,2) size 59x17
                text run at (2,2) width 59: "auto-auto"
            RenderTableCell {TD} at (100,2) size 93x21 [border: (1px inset #808080)] [r=0 c=2 rs=1 cs=1]
              RenderText {#text} at (2,2) size 89x17
                text run at (2,2) width 89: "auto auto auto"
      RenderBlock (anonymous) at (0,227) size 769x34
        RenderBR {BR} at (0,0) size 0x17
        RenderText {#text} at (0,17) size 112x17
          text run at (0,17) width 112: "fixed table cols=2"
      RenderTable {TABLE} at (0,261) size 400x27 [border: (1px outset #808080)]
        RenderTableSection {TBODY} at (1,1) size 398x25
          RenderTableRow {TR} at (0,2) size 398x21
            RenderTableCell {TD} at (2,2) size 65x21 [border: (1px inset #808080)] [r=0 c=0 rs=1 cs=1]
              RenderText {#text} at (2,2) size 27x17
                text run at (2,2) width 27: "auto"
            RenderTableCell {TD} at (68,2) size 133x21 [border: (1px inset #808080)] [r=0 c=1 rs=1 cs=1]
              RenderText {#text} at (2,2) size 59x17
                text run at (2,2) width 59: "auto-auto"
            RenderTableCell {TD} at (202,2) size 195x21 [border: (1px inset #808080)] [r=0 c=2 rs=1 cs=1]
              RenderText {#text} at (2,2) size 89x17
                text run at (2,2) width 89: "auto auto auto"
      RenderBlock (anonymous) at (0,288) size 769x34
        RenderBR {BR} at (0,0) size 0x17
        RenderText {#text} at (0,17) size 107x17
          text run at (0,17) width 107: "auto table cols=3"
      RenderTable {TABLE} at (0,322) size 197x27 [border: (1px outset #808080)]
        RenderTableSection {TBODY} at (1,1) size 195x25
          RenderTableRow {TR} at (0,2) size 195x21
            RenderTableCell {TD} at (2,2) size 31x21 [border: (1px inset #808080)] [r=0 c=0 rs=1 cs=1]
              RenderText {#text} at (2,2) size 27x17
                text run at (2,2) width 27: "auto"
            RenderTableCell {TD} at (35,2) size 63x21 [border: (1px inset #808080)] [r=0 c=1 rs=1 cs=1]
              RenderText {#text} at (2,2) size 59x17
                text run at (2,2) width 59: "auto-auto"
            RenderTableCell {TD} at (100,2) size 93x21 [border: (1px inset #808080)] [r=0 c=2 rs=1 cs=1]
              RenderText {#text} at (2,2) size 89x17
                text run at (2,2) width 89: "auto auto auto"
      RenderBlock (anonymous) at (0,349) size 769x34
        RenderBR {BR} at (0,0) size 0x17
        RenderText {#text} at (0,17) size 112x17
          text run at (0,17) width 112: "fixed table cols=3"
      RenderTable {TABLE} at (0,383) size 400x27 [border: (1px outset #808080)]
        RenderTableSection {TBODY} at (1,1) size 398x25
          RenderTableRow {TR} at (0,2) size 398x21
            RenderTableCell {TD} at (2,2) size 65x21 [border: (1px inset #808080)] [r=0 c=0 rs=1 cs=1]
              RenderText {#text} at (2,2) size 27x17
                text run at (2,2) width 27: "auto"
            RenderTableCell {TD} at (68,2) size 133x21 [border: (1px inset #808080)] [r=0 c=1 rs=1 cs=1]
              RenderText {#text} at (2,2) size 59x17
                text run at (2,2) width 59: "auto-auto"
            RenderTableCell {TD} at (202,2) size 195x21 [border: (1px inset #808080)] [r=0 c=2 rs=1 cs=1]
              RenderText {#text} at (2,2) size 89x17
                text run at (2,2) width 89: "auto auto auto"
      RenderBlock (anonymous) at (0,410) size 769x34
        RenderBR {BR} at (0,0) size 0x17
        RenderText {#text} at (0,17) size 107x17
          text run at (0,17) width 107: "auto table cols=3"
      RenderTable {TABLE} at (0,444) size 370x27 [border: (1px outset #808080)]
        RenderTableSection {TBODY} at (1,1) size 368x25
          RenderTableRow {TR} at (0,2) size 368x21
            RenderTableCell {TD} at (2,2) size 204x21 [border: (1px inset #808080)] [r=0 c=0 rs=1 cs=1]
              RenderText {#text} at (2,2) size 24x17
                text run at (2,2) width 24: "200"
            RenderTableCell {TD} at (208,2) size 63x21 [border: (1px inset #808080)] [r=0 c=1 rs=1 cs=1]
              RenderText {#text} at (2,2) size 59x17
                text run at (2,2) width 59: "auto-auto"
            RenderTableCell {TD} at (273,2) size 93x21 [border: (1px inset #808080)] [r=0 c=2 rs=1 cs=1]
              RenderText {#text} at (2,2) size 89x17
                text run at (2,2) width 89: "auto auto auto"
      RenderBlock (anonymous) at (0,471) size 769x34
        RenderBR {BR} at (0,0) size 0x17
        RenderText {#text} at (0,17) size 112x17
          text run at (0,17) width 112: "fixed table cols=3"
      RenderTable {TABLE} at (0,505) size 400x27 [border: (1px outset #808080)]
        RenderTableSection {TBODY} at (1,1) size 398x25
          RenderTableRow {TR} at (0,2) size 398x21
            RenderTableCell {TD} at (2,2) size 204x21 [border: (1px inset #808080)] [r=0 c=0 rs=1 cs=1]
              RenderText {#text} at (2,2) size 24x17
                text run at (2,2) width 24: "200"
            RenderTableCell {TD} at (208,2) size 76x21 [border: (1px inset #808080)] [r=0 c=1 rs=1 cs=1]
              RenderText {#text} at (2,2) size 59x17
                text run at (2,2) width 59: "auto-auto"
            RenderTableCell {TD} at (285,2) size 112x21 [border: (1px inset #808080)] [r=0 c=2 rs=1 cs=1]
              RenderText {#text} at (2,2) size 89x17
                text run at (2,2) width 89: "auto auto auto"
      RenderBlock (anonymous) at (0,532) size 769x34
        RenderBR {BR} at (0,0) size 0x17
        RenderText {#text} at (0,17) size 107x17
          text run at (0,17) width 107: "auto table cols=2"
      RenderTable {TABLE} at (0,566) size 308x27 [border: (1px outset #808080)]
        RenderTableSection {TBODY} at (1,1) size 306x25
          RenderTableRow {TR} at (0,2) size 306x21
            RenderTableCell {TD} at (2,2) size 31x21 [border: (1px inset #808080)] [r=0 c=0 rs=1 cs=1]
              RenderText {#text} at (2,2) size 27x17
                text run at (2,2) width 27: "auto"
            RenderTableCell {TD} at (35,2) size 63x21 [border: (1px inset #808080)] [r=0 c=1 rs=1 cs=1]
              RenderText {#text} at (2,2) size 59x17
                text run at (2,2) width 59: "auto-auto"
            RenderTableCell {TD} at (100,2) size 204x21 [border: (1px inset #808080)] [r=0 c=2 rs=1 cs=1]
              RenderText {#text} at (2,2) size 24x17
                text run at (2,2) width 24: "200"
      RenderBlock (anonymous) at (0,593) size 769x34
        RenderBR {BR} at (0,0) size 0x17
        RenderText {#text} at (0,17) size 112x17
          text run at (0,17) width 112: "fixed table cols=2"
      RenderTable {TABLE} at (0,627) size 400x27 [border: (1px outset #808080)]
        RenderTableSection {TBODY} at (1,1) size 398x25
          RenderTableRow {TR} at (0,2) size 398x21
            RenderTableCell {TD} at (2,2) size 62x21 [border: (1px inset #808080)] [r=0 c=0 rs=1 cs=1]
              RenderText {#text} at (2,2) size 27x17
                text run at (2,2) width 27: "auto"
            RenderTableCell {TD} at (65,2) size 126x21 [border: (1px inset #808080)] [r=0 c=1 rs=1 cs=1]
              RenderText {#text} at (2,2) size 59x17
                text run at (2,2) width 59: "auto-auto"
            RenderTableCell {TD} at (192,2) size 205x21 [border: (1px inset #808080)] [r=0 c=2 rs=1 cs=1]
              RenderText {#text} at (2,2) size 24x17
                text run at (2,2) width 24: "200"
      RenderBlock (anonymous) at (0,654) size 769x17
        RenderText {#text} at (0,0) size 61x17
          text run at (0,0) width 61: "auto table"
      RenderTable {TABLE} at (0,671) size 87x27 [border: (1px outset #808080)]
        RenderTableSection {TBODY} at (1,1) size 85x25
          RenderTableRow {TR} at (0,2) size 85x21
            RenderTableCell {TD} at (2,2) size 48x21 [border: (1px inset #808080)] [r=0 c=0 rs=1 cs=1]
              RenderText {#text} at (2,2) size 44x17
                text run at (2,2) width 44: "0 0 0 0"
            RenderTableCell {TD} at (52,2) size 31x21 [border: (1px inset #808080)] [r=0 c=1 rs=1 cs=1]
              RenderText {#text} at (2,2) size 27x17
                text run at (2,2) width 27: "auto"
      RenderBlock (anonymous) at (0,698) size 769x34
        RenderBR {BR} at (0,0) size 0x17
        RenderText {#text} at (0,17) size 61x17
          text run at (0,17) width 61: "auto table"
      RenderTable {TABLE} at (0,732) size 139x27 [border: (1px outset #808080)]
        RenderTableSection {TBODY} at (1,1) size 137x25
          RenderTableRow {TR} at (0,2) size 137x21
            RenderTableCell {TD} at (2,2) size 100x21 [border: (1px inset #808080)] [r=0 c=0 rs=1 cs=1]
              RenderText {#text} at (2,2) size 96x17
                text run at (2,2) width 96: "0% 0% 0% 0%"
            RenderTableCell {TD} at (104,2) size 31x21 [border: (1px inset #808080)] [r=0 c=1 rs=1 cs=1]
              RenderText {#text} at (2,2) size 27x17
                text run at (2,2) width 27: "auto"
      RenderBlock (anonymous) at (0,759) size 769x34
        RenderBR {BR} at (0,0) size 0x17
        RenderText {#text} at (0,17) size 61x17
          text run at (0,17) width 61: "auto table"
      RenderTable {TABLE} at (0,793) size 82x27 [border: (1px outset #808080)]
        RenderTableCol {COLGROUP} at (0,0) size 0x0
          RenderTableCol {COL} at (0,0) size 0x0
        RenderTableSection {TBODY} at (1,1) size 80x25
          RenderTableRow {TR} at (0,2) size 80x21
            RenderTableCell {TD} at (2,2) size 43x21 [border: (1px inset #808080)] [r=0 c=0 rs=1 cs=1]
              RenderText {#text} at (2,2) size 39x17
                text run at (2,2) width 39: "0* col"
            RenderTableCell {TD} at (47,2) size 31x21 [border: (1px inset #808080)] [r=0 c=1 rs=1 cs=1]
              RenderText {#text} at (2,2) size 27x17
                text run at (2,2) width 27: "auto"
      RenderBlock (anonymous) at (0,820) size 769x34
        RenderBR {BR} at (0,0) size 0x17
        RenderText {#text} at (0,17) size 66x17
          text run at (0,17) width 66: "fixed table"
      RenderTable {TABLE} at (0,854) size 200x27 [border: (1px outset #808080)]
        RenderTableCol {COLGROUP} at (0,0) size 0x0
          RenderTableCol {COL} at (0,0) size 0x0
        RenderTableSection {TBODY} at (1,1) size 198x25
          RenderTableRow {TR} at (0,2) size 198x21
            RenderTableCell {TD} at (2,2) size 112x21 [border: (1px inset #808080)] [r=0 c=0 rs=1 cs=1]
              RenderText {#text} at (2,2) size 39x17
                text run at (2,2) width 39: "0* col"
            RenderTableCell {TD} at (115,2) size 82x21 [border: (1px inset #808080)] [r=0 c=1 rs=1 cs=1]
              RenderText {#text} at (2,2) size 27x17
                text run at (2,2) width 27: "auto"
