layer at (0,0) size 880x1158
  RenderView at (0,0) size 785x585
layer at (0,0) size 785x1158
  RenderBlock {HTML} at (0,0) size 785x1159
    RenderBody {BODY} at (8,8) size 769x1143 [bgcolor=#CCCCCC]
      RenderBlock {P} at (0,0) size 769x17
        RenderText {#text} at (0,0) size 355x17
          text run at (0,0) width 355: "The style declarations which apply to the text below are:"
      RenderBlock {PRE} at (0,33) size 769x30
        RenderText {#text} at (0,0) size 872x30
          text run at (0,0) width 872: "BODY {background-image: url(../resources/bg.gif); background-repeat: repeat-x; background-attachment: fixed;}"
          text run at (0,15) width 0: " "
      RenderBlock {HR} at (0,76) size 769x2 [border: (1px inset #000000)]
      RenderBlock {P} at (0,94) size 769x85
        RenderText {#text} at (0,0) size 763x85
          text run at (0,0) width 763: "This document should have a green grid-pattern line across the top of the page (or at least a tiled background) which does"
          text run at (0,17) width 201: "NOT scroll with the document. "
          text run at (201,17) width 552: "It should, instead, appear to be a fixed pattern past which the content scrolls, even when"
          text run at (0,34) width 195: "the end of the page is reached. "
          text run at (195,34) width 566: "In addition, the default Test Suite background should NOT appear, as it's been overridden"
          text run at (0,51) width 174: "by the styles shown above. "
          text run at (174,51) width 546: "I'll have to add a lot of extra text to the page in order to make all this something we can"
          text run at (0,68) width 98: "actually check. "
          text run at (98,68) width 227: "Don't worry, I'll think of something."
      RenderBlock {P} at (0,195) size 769x17
        RenderText {#text} at (0,0) size 508x17
          text run at (0,0) width 417: "In fact, why not the relevant section from the CSS1 specification? "
          text run at (417,0) width 91: "A capital idea."
      RenderBlock {HR} at (0,228) size 769x2 [border: (1px inset #000000)]
      RenderBlock {HR} at (0,238) size 769x2 [border: (1px inset #000000)]
      RenderBlock {H4} at (0,261) size 769x18
        RenderInline {A} at (0,0) size 220x17
          RenderText {#text} at (0,0) size 220x17
            text run at (0,0) width 220: "5.3.5    'background-attachment'"
        RenderText {#text} at (0,0) size 0x0
      RenderBlock {P} at (0,299) size 769x86
        RenderInline {EM} at (0,0) size 42x17
          RenderText {#text} at (0,0) size 42x17
            text run at (0,0) width 42: "Value:"
        RenderText {#text} at (42,0) size 81x17
          text run at (42,0) width 81: " scroll | fixed"
        RenderBR {BR} at (123,14) size 0x0
        RenderInline {EM} at (0,0) size 42x17
          RenderText {#text} at (0,17) size 42x17
            text run at (0,17) width 42: "Initial:"
        RenderText {#text} at (42,17) size 38x17
          text run at (42,17) width 38: " scroll"
        RenderBR {BR} at (80,31) size 0x0
        RenderInline {EM} at (0,0) size 68x17
          RenderText {#text} at (0,34) size 68x17
            text run at (0,34) width 68: "Applies to:"
        RenderText {#text} at (68,34) size 78x17
          text run at (68,34) width 78: " all elements"
        RenderBR {BR} at (146,48) size 0x0
        RenderInline {EM} at (0,0) size 62x17
          RenderText {#text} at (0,51) size 62x17
            text run at (0,51) width 62: "Inherited:"
        RenderText {#text} at (62,51) size 20x17
          text run at (62,51) width 20: " no"
        RenderBR {BR} at (82,65) size 0x0
        RenderInline {EM} at (0,0) size 121x17
          RenderText {#text} at (0,68) size 121x17
            text run at (0,68) width 121: "Percentage values:"
        RenderText {#text} at (121,68) size 32x17
          text run at (121,68) width 32: " N/A"
        RenderBR {BR} at (153,82) size 0x0
      RenderBlock {P} at (0,400) size 769x35
        RenderText {#text} at (0,0) size 765x34
          text run at (0,0) width 765: "If a background image is specified, the value of 'background-attachment' determines if it is fixed with regard to the canvas"
          text run at (0,17) width 230: "or if it scrolls along with the content."
      RenderBlock {PRE} at (0,450) size 769x76
        RenderText {#text} at (0,0) size 296x75
          text run at (0,0) width 72: "  BODY { "
          text run at (0,15) width 296: "    background: red url(pendant.gif);"
          text run at (0,30) width 256: "    background-repeat: repeat-y;"
          text run at (0,45) width 264: "    background-attachment: fixed;"
          text run at (0,60) width 24: "  }"
      RenderBlock {P} at (0,541) size 769x52
        RenderInline {EM} at (0,0) size 72x17
          RenderText {#text} at (0,0) size 72x17
            text run at (0,0) width 72: "CSS1 core:"
        RenderText {#text} at (72,0) size 767x51
          text run at (72,0) width 671: " UAs may treat 'fixed' as 'scroll'. However, it is recommended they interpret 'fixed' correctly, at least on the"
          text run at (0,17) width 767: "HTML and BODY elements, since there is no way for an author to provide an image only for those browsers that support"
          text run at (0,34) width 42: "'fixed'."
      RenderTable {TABLE} at (0,608) size 769x535 [border: (1px outset #808080)]
        RenderTableSection {TBODY} at (1,1) size 767x532
          RenderTableRow {TR} at (0,0) size 767x25
            RenderTableCell {TD} at (0,0) size 767x25 [bgcolor=#C0C0C0] [border: (1px inset #808080)] [r=0 c=0 rs=1 cs=2]
              RenderInline {STRONG} at (0,0) size 163x17
                RenderText {#text} at (4,4) size 163x17
                  text run at (4,4) width 163: "TABLE Testing Section"
          RenderTableRow {TR} at (0,25) size 767x507
            RenderTableCell {TD} at (0,265) size 12x26 [bgcolor=#C0C0C0] [border: (1px inset #808080)] [r=1 c=0 rs=1 cs=1]
              RenderText {#text} at (4,4) size 4x18
                text run at (4,5) width 4: " "
            RenderTableCell {TD} at (12,25) size 755x507 [border: (1px inset #808080)] [r=1 c=1 rs=1 cs=1]
              RenderBlock {P} at (4,4) size 747x85
                RenderText {#text} at (0,0) size 747x85
                  text run at (0,0) width 730: "This document should have a green grid-pattern line across the top of the page (or at least a tiled background) which"
                  text run at (0,17) width 234: "does NOT scroll with the document. "
                  text run at (234,17) width 513: "It should, instead, appear to be a fixed pattern past which the content scrolls, even"
                  text run at (0,34) width 234: "when the end of the page is reached. "
                  text run at (234,34) width 494: "In addition, the default Test Suite background should NOT appear, as it's been"
                  text run at (0,51) width 246: "overridden by the styles shown above. "
                  text run at (246,51) width 497: "I'll have to add a lot of extra text to the page in order to make all this something"
                  text run at (0,68) width 147: "we can actually check. "
                  text run at (147,68) width 227: "Don't worry, I'll think of something."
              RenderBlock {P} at (4,105) size 747x17
                RenderText {#text} at (0,0) size 508x17
                  text run at (0,0) width 417: "In fact, why not the relevant section from the CSS1 specification? "
                  text run at (417,0) width 91: "A capital idea."
              RenderBlock {HR} at (4,138) size 747x2 [border: (1px inset #000000)]
              RenderBlock {HR} at (4,148) size 747x2 [border: (1px inset #000000)]
              RenderBlock {H4} at (4,171) size 747x18
                RenderInline {A} at (0,0) size 220x17
                  RenderText {#text} at (0,0) size 220x17
                    text run at (0,0) width 220: "5.3.5    'background-attachment'"
                RenderText {#text} at (0,0) size 0x0
              RenderBlock {P} at (4,209) size 747x86
                RenderInline {EM} at (0,0) size 42x17
                  RenderText {#text} at (0,0) size 42x17
                    text run at (0,0) width 42: "Value:"
                RenderText {#text} at (42,0) size 81x17
                  text run at (42,0) width 81: " scroll | fixed"
                RenderBR {BR} at (123,14) size 0x0
                RenderInline {EM} at (0,0) size 42x17
                  RenderText {#text} at (0,17) size 42x17
                    text run at (0,17) width 42: "Initial:"
                RenderText {#text} at (42,17) size 38x17
                  text run at (42,17) width 38: " scroll"
                RenderBR {BR} at (80,31) size 0x0
                RenderInline {EM} at (0,0) size 68x17
                  RenderText {#text} at (0,34) size 68x17
                    text run at (0,34) width 68: "Applies to:"
                RenderText {#text} at (68,34) size 78x17
                  text run at (68,34) width 78: " all elements"
                RenderBR {BR} at (146,48) size 0x0
                RenderInline {EM} at (0,0) size 62x17
                  RenderText {#text} at (0,51) size 62x17
                    text run at (0,51) width 62: "Inherited:"
                RenderText {#text} at (62,51) size 20x17
                  text run at (62,51) width 20: " no"
                RenderBR {BR} at (82,65) size 0x0
                RenderInline {EM} at (0,0) size 121x17
                  RenderText {#text} at (0,68) size 121x17
                    text run at (0,68) width 121: "Percentage values:"
                RenderText {#text} at (121,68) size 32x17
                  text run at (121,68) width 32: " N/A"
                RenderBR {BR} at (153,82) size 0x0
              RenderBlock {P} at (4,310) size 747x35
                RenderText {#text} at (0,0) size 718x34
                  text run at (0,0) width 718: "If a background image is specified, the value of 'background-attachment' determines if it is fixed with regard to the"
                  text run at (0,17) width 277: "canvas or if it scrolls along with the content."
              RenderBlock {PRE} at (4,360) size 747x76
                RenderText {#text} at (0,0) size 296x75
                  text run at (0,0) width 72: "  BODY { "
                  text run at (0,15) width 296: "    background: red url(pendant.gif);"
                  text run at (0,30) width 256: "    background-repeat: repeat-y;"
                  text run at (0,45) width 264: "    background-attachment: fixed;"
                  text run at (0,60) width 24: "  }"
              RenderBlock {P} at (4,451) size 747x52
                RenderInline {EM} at (0,0) size 72x17
                  RenderText {#text} at (0,0) size 72x17
                    text run at (0,0) width 72: "CSS1 core:"
                RenderText {#text} at (72,0) size 743x51
                  text run at (72,0) width 671: " UAs may treat 'fixed' as 'scroll'. However, it is recommended they interpret 'fixed' correctly, at least on the"
                  text run at (0,17) width 716: "HTML and BODY elements, since there is no way for an author to provide an image only for those browsers that"
                  text run at (0,34) width 93: "support 'fixed'."
