layer at (0,0) size 800x600
  RenderView at (0,0) size 800x600
layer at (0,0) size 800x600
  RenderBlock {HTML} at (0,0) size 800x600
    RenderBody {BODY} at (8,8) size 784x584 [bgcolor=#CCCCCC]
      RenderBlock {P} at (0,0) size 784x17
        RenderText {#text} at (0,0) size 355x17
          text run at (0,0) width 355: "The style declarations which apply to the text below are:"
      RenderBlock {PRE} at (0,33) size 784x45
        RenderText {#text} at (0,0) size 376x45
          text run at (0,0) width 376: "P {background-image: url(../resources/bg.gif);}"
          text run at (0,15) width 240: ".one {background-image: none;}"
          text run at (0,30) width 0: " "
      RenderBlock {HR} at (0,91) size 784x2 [border: (1px inset #000000)]
      RenderBlock {P} at (0,109) size 784x34
        RenderText {#text} at (0,0) size 746x34
          text run at (0,0) width 502: "This sentence should be backed by an image-- a green grid pattern, in this case. "
          text run at (502,0) width 244: "The background image should also tile"
          text run at (0,17) width 664: "along both axes, because no repeat direction is specified (specific tests for repeating are found elsewhere)."
      RenderBlock {P} at (0,159) size 784x69
        RenderText {#text} at (0,0) size 596x17
          text run at (0,0) width 596: "This sentence should be backed by a repeated green-grid image, as should the last three words "
        RenderInline {STRONG} at (0,0) size 102x17
          RenderInline {SPAN} at (0,0) size 102x17
            RenderText {#text} at (596,0) size 102x17
              text run at (596,0) width 102: "in this sentence"
        RenderText {#text} at (698,0) size 770x34
          text run at (698,0) width 8: ". "
          text run at (706,0) width 64: "If it is not,"
          text run at (0,17) width 31: "then "
        RenderInline {CODE} at (0,0) size 32x15
          RenderText {#text} at (31,20) size 32x15
            text run at (31,20) width 32: "none"
        RenderText {#text} at (63,17) size 169x17
          text run at (63,17) width 164: " is interpreted incorrectly. "
          text run at (227,17) width 5: "("
        RenderInline {CODE} at (0,0) size 32x15
          RenderText {#text} at (232,20) size 32x15
            text run at (232,20) width 32: "none"
        RenderText {#text} at (264,17) size 771x52
          text run at (264,17) width 502: " means that the element has no background image, allowing the parent to \"shine"
          text run at (0,35) width 771: "through\" by default; since the parent of the words \"in this sentence\" is the paragraph, then the paragraph's image should be"
          text run at (0,52) width 50: "visible.)"
      RenderBlock {P} at (0,244) size 784x34
        RenderText {#text} at (0,0) size 765x34
          text run at (0,0) width 765: "This sentence should NOT be backed by a repeated green-grid image, allowing the page's background to \"shine through\""
          text run at (0,17) width 48: "instead."
      RenderTable {TABLE} at (0,294) size 784x204 [border: (1px outset #808080)]
        RenderTableSection {TBODY} at (1,1) size 782x202
          RenderTableRow {TR} at (0,0) size 782x25
            RenderTableCell {TD} at (0,0) size 782x25 [bgcolor=#C0C0C0] [border: (1px inset #808080)] [r=0 c=0 rs=1 cs=2]
              RenderInline {STRONG} at (0,0) size 163x17
                RenderText {#text} at (4,4) size 163x17
                  text run at (4,4) width 163: "TABLE Testing Section"
          RenderTableRow {TR} at (0,25) size 782x177
            RenderTableCell {TD} at (0,101) size 12x25 [bgcolor=#C0C0C0] [border: (1px inset #808080)] [r=1 c=0 rs=1 cs=1]
              RenderText {#text} at (4,4) size 4x17
                text run at (4,4) width 4: " "
            RenderTableCell {TD} at (12,25) size 770x177 [border: (1px inset #808080)] [r=1 c=1 rs=1 cs=1]
              RenderBlock {P} at (4,4) size 762x34
                RenderText {#text} at (0,0) size 746x34
                  text run at (0,0) width 502: "This sentence should be backed by an image-- a green grid pattern, in this case. "
                  text run at (502,0) width 244: "The background image should also tile"
                  text run at (0,17) width 664: "along both axes, because no repeat direction is specified (specific tests for repeating are found elsewhere)."
              RenderBlock {P} at (4,54) size 762x69
                RenderText {#text} at (0,0) size 596x17
                  text run at (0,0) width 596: "This sentence should be backed by a repeated green-grid image, as should the last three words "
                RenderInline {STRONG} at (0,0) size 102x17
                  RenderInline {SPAN} at (0,0) size 102x17
                    RenderText {#text} at (596,0) size 102x17
                      text run at (596,0) width 102: "in this sentence"
                RenderText {#text} at (698,0) size 742x34
                  text run at (698,0) width 8: ". "
                  text run at (706,0) width 36: "If it is"
                  text run at (0,17) width 59: "not, then "
                RenderInline {CODE} at (0,0) size 32x15
                  RenderText {#text} at (59,20) size 32x15
                    text run at (59,20) width 32: "none"
                RenderText {#text} at (91,17) size 169x17
                  text run at (91,17) width 164: " is interpreted incorrectly. "
                  text run at (255,17) width 5: "("
                RenderInline {CODE} at (0,0) size 32x15
                  RenderText {#text} at (260,20) size 32x15
                    text run at (260,20) width 32: "none"
                RenderText {#text} at (292,17) size 750x52
                  text run at (292,17) width 458: " means that the element has no background image, allowing the parent to"
                  text run at (0,35) width 750: "\"shine through\" by default; since the parent of the words \"in this sentence\" is the paragraph, then the paragraph's image"
                  text run at (0,52) width 115: "should be visible.)"
              RenderBlock {P} at (4,139) size 762x34
                RenderText {#text} at (0,0) size 705x34
                  text run at (0,0) width 705: "This sentence should NOT be backed by a repeated green-grid image, allowing the page's background to \"shine"
                  text run at (0,17) width 108: "through\" instead."
