layer at (0,0) size 800x600
  RenderView at (0,0) size 800x600
layer at (0,0) size 800x219
  RenderBlock {html} at (0,0) size 800x219
    RenderBody {body} at (8,16) size 784x17 [color=#000080]
      RenderBlock {p} at (0,0) size 784x17
        RenderText {#text} at (0,0) size 429x17
          text run at (0,0) width 429: "There should be scrollbars for the box below -- not for the viewport."
layer at (8,49) size 162x162 clip at (9,50) size 145x145
  RenderBody {body} at (8,49) size 162x162 [color=#000080] [border: (1px solid #000080)]
