layer at (0,0) size 785x662
  RenderView at (0,0) size 785x600
layer at (0,0) size 785x662
  RenderBlock {HTML} at (0,0) size 785x662
    RenderBody {BODY} at (8,8) size 769x625
      RenderBlock (anonymous) at (0,0) size 769x150
        RenderInline {SPAN} at (0,0) size 264x127 [border: (5px solid #000000)]
          RenderText {#text} at (5,16) size 55x17
            text run at (5,16) width 55: "This text"
          RenderBR {BR} at (60,30) size 0x0
          RenderText {#text} at (0,66) size 76x17
            text run at (0,66) width 76: "should have"
          RenderBR {BR} at (76,80) size 0x0
          RenderText {#text} at (0,116) size 259x17
            text run at (0,116) width 259: "a multi-line shadow with a border-radius."
        RenderText {#text} at (0,0) size 0x0
      RenderBlock {DIV} at (0,150) size 120x120 [border: (10px solid #000000)]
        RenderText {#text} at (10,10) size 87x51
          text run at (10,10) width 29: "50%"
          text run at (10,27) width 69: "transparent"
          text run at (10,44) width 87: "black shadow"
      RenderTable {TABLE} at (0,270) size 184x255
        RenderTableSection {TBODY} at (0,0) size 184x255
          RenderTableRow {TR} at (0,10) size 184x39
            RenderTableCell {TD} at (10,10) size 48x39 [border: (1px solid #000000)] [r=0 c=0 rs=1 cs=1]
              RenderText {#text} at (11,11) size 26x17
                text run at (11,11) width 26: "Cell"
            RenderTableCell {TD} at (68,10) size 48x39 [border: (1px solid #000000)] [r=0 c=1 rs=1 cs=1]
              RenderText {#text} at (11,11) size 26x17
                text run at (11,11) width 26: "Cell"
            RenderTableCell {TD} at (126,10) size 48x39 [border: (1px solid #000000)] [r=0 c=2 rs=1 cs=1]
              RenderText {#text} at (11,11) size 26x17
                text run at (11,11) width 26: "Cell"
          RenderTableRow {TR} at (0,59) size 184x39
            RenderTableCell {TD} at (10,59) size 48x39 [border: (1px solid #000000)] [r=1 c=0 rs=1 cs=1]
              RenderText {#text} at (11,11) size 26x17
                text run at (11,11) width 26: "Cell"
            RenderTableCell {TD} at (68,59) size 48x39 [border: (1px solid #000000)] [r=1 c=1 rs=1 cs=1]
              RenderText {#text} at (11,11) size 26x17
                text run at (11,11) width 26: "Cell"
            RenderTableCell {TD} at (126,59) size 48x39 [border: (1px solid #000000)] [r=1 c=2 rs=1 cs=1]
              RenderText {#text} at (11,11) size 26x17
                text run at (11,11) width 26: "Cell"
          RenderTableRow {TR} at (0,108) size 184x39
            RenderTableCell {TD} at (10,108) size 48x39 [border: (1px solid #000000)] [r=2 c=0 rs=1 cs=1]
              RenderText {#text} at (11,11) size 26x17
                text run at (11,11) width 26: "Cell"
            RenderTableCell {TD} at (68,108) size 48x39 [border: (1px solid #000000)] [r=2 c=1 rs=1 cs=1]
              RenderText {#text} at (11,11) size 26x17
                text run at (11,11) width 26: "Cell"
            RenderTableCell {TD} at (126,108) size 48x39 [border: (1px solid #000000)] [r=2 c=2 rs=1 cs=1]
              RenderText {#text} at (11,11) size 26x17
                text run at (11,11) width 26: "Cell"
          RenderTableRow {TR} at (0,157) size 184x39
            RenderTableCell {TD} at (10,157) size 48x39 [border: (1px solid #000000)] [r=3 c=0 rs=1 cs=1]
              RenderText {#text} at (11,11) size 26x17
                text run at (11,11) width 26: "Cell"
            RenderTableCell {TD} at (68,157) size 48x39 [border: (1px solid #000000)] [r=3 c=1 rs=1 cs=1]
              RenderText {#text} at (11,11) size 26x17
                text run at (11,11) width 26: "Cell"
            RenderTableCell {TD} at (126,157) size 48x39 [border: (1px solid #000000)] [r=3 c=2 rs=1 cs=1]
              RenderText {#text} at (11,11) size 26x17
                text run at (11,11) width 26: "Cell"
          RenderTableRow {TR} at (0,206) size 184x39
            RenderTableCell {TD} at (10,206) size 48x39 [border: (1px solid #000000)] [r=4 c=0 rs=1 cs=1]
              RenderText {#text} at (11,11) size 26x17
                text run at (11,11) width 26: "Cell"
            RenderTableCell {TD} at (68,206) size 48x39 [border: (1px solid #000000)] [r=4 c=1 rs=1 cs=1]
              RenderText {#text} at (11,11) size 26x17
                text run at (11,11) width 26: "Cell"
            RenderTableCell {TD} at (126,206) size 48x39 [border: (1px solid #000000)] [r=4 c=2 rs=1 cs=1]
              RenderText {#text} at (11,11) size 26x17
                text run at (11,11) width 26: "Cell"
      RenderBlock {P} at (0,541) size 769x34
        RenderText {#text} at (0,0) size 356x17
          text run at (0,0) width 356: "The first line of this div should have a box-shadow on it."
        RenderBR {BR} at (356,14) size 0x0
        RenderText {#text} at (0,17) size 177x17
          text run at (0,17) width 177: "This second line should not."
      RenderBlock {P} at (0,591) size 769x34
        RenderBlock (floating) at (0,0) size 39x63 [bgcolor=#EEEEEE] [border: (1px solid #000000)]
          RenderText {#text} at (5,5) size 29x53
            text run at (5,5) width 29: "T"
        RenderText {#text} at (43,0) size 488x17
          text run at (43,0) width 488: "he first letter of this paragraph should have a border and a nice shadow effect."
        RenderBR {BR} at (531,14) size 0x0
        RenderText {#text} at (43,17) size 162x17
          text run at (43,17) width 162: "It should look pretty cool."
