layer at (0,0) size 800x600
  RenderView at (0,0) size 800x600
layer at (0,0) size 800x600
  RenderBlock {HTML} at (0,0) size 800x600
    RenderBody {BODY} at (8,8) size 784x576 [bgcolor=#008000]
      RenderBlock {P} at (0,0) size 784x402
        RenderIFrame {IFRAME} at (0,0) size 502x402 [bgcolor=#FFFFFF] [border: (1px solid #000000)]
          layer at (0,0) size 500x400
            RenderView at (0,0) size 500x400
          layer at (0,0) size 500x232
            RenderBlock {HTML} at (0,0) size 500x232
              RenderBody {BODY} at (8,16) size 484x208
                RenderBlock {P} at (0,0) size 484x17
                  RenderText {#text} at (0,0) size 186x17
                    text run at (0,0) width 186: "This is the intermediate frame"
                RenderBlock (anonymous) at (0,33) size 484x175
                  RenderIFrame {IFRAME} at (0,0) size 252x172 [border: (1px solid #000000)]
                    layer at (0,0) size 250x170
                      RenderView at (0,0) size 250x170
                    layer at (0,0) size 250x49
                      RenderBlock {HTML} at (0,0) size 250x49
                        RenderBody {BODY} at (8,16) size 234x17 [bgcolor=#C0C0C0]
                          RenderBlock {P} at (0,0) size 234x17
                            RenderText {#text} at (0,0) size 145x17
                              text run at (0,0) width 145: "This is the inner frame."
                  RenderText {#text} at (0,0) size 0x0
