layer at (0,0) size 800x600
  RenderView at (0,0) size 800x600
layer at (0,0) size 800x117
  RenderBlock {HTML} at (0,0) size 800x117
    RenderBody {BODY} at (8,16) size 784x85
      RenderBlock {P} at (0,0) size 784x85
        RenderText {#text} at (0,0) size 776x85
          text run at (0,0) width 254: "This very long paragraph should have a "
          text run at (254,0) width 491: "first line with green background. This very long paragraph should have a first "
          text run at (745,0) width 23: "line"
          text run at (0,17) width 154: "with green background. "
          text run at (154,17) width 309: "This very long paragraph should have a first line "
          text run at (463,17) width 313: "with green background. This very long paragraph"
          text run at (0,34) width 178: "should have a first line with "
          text run at (178,34) width 502: "green background. This very long paragraph should have a first line with green "
          text run at (680,34) width 79: "background."
          text run at (0,51) width 463: "This very long paragraph should have a first line with green background. "
          text run at (463,51) width 305: "This very long paragraph should have a first line"
          text run at (0,68) width 150: "with green background."
