layer at (0,0) size 800x600
  RenderView at (0,0) size 800x600
layer at (0,0) size 800x89
  RenderBlock {HTML} at (0,0) size 800x89
    RenderBody {BODY} at (8,16) size 784x57
      RenderBlock {P} at (0,0) size 784x57
        RenderButton {BUTTON} at (2,2) size 316x26 [color=#808080] [bgcolor=#00FF00] [border: (2px outset #C0C0C0)]
          RenderBlock (anonymous) at (8,4) size 300x17
            RenderText {#text} at (0,0) size 300x17
              text run at (0,0) width 300: "A button (disabled) with green background"
        RenderText {#text} at (320,6) size 4x17
          text run at (320,6) width 4: " "
        RenderBR {BR} at (0,0) size 0x0
        RenderTextControl {INPUT} at (2,32) size 335x23 [bgcolor=#00FF00] [border: (2px inset #000000)]
        RenderText {#text} at (0,0) size 0x0
layer at (13,51) size 329x17
  RenderBlock {DIV} at (3,3) size 329x17 [color=#545454]
    RenderText {#text} at (0,0) size 315x17
      text run at (0,0) width 315: "a text area (disabled) with green background"
