layer at (0,0) size 800x600
  RenderView at (0,0) size 800x600
layer at (0,0) size 800x133
  RenderBlock {HTML} at (0,0) size 800x133
    RenderBody {BODY} at (8,16) size 784x109
      RenderBlock {P} at (0,0) size 784x76 [bgcolor=#00FF00] [border: (5px solid #008000)]
        RenderText {#text} at (21,21) size 728x34
          text run at (21,21) width 728: "This paragraph should have a green background and a green thick solid border because it carries both classes t1 and"
          text run at (21,38) width 16: "t2."
      RenderBlock {DIV} at (0,92) size 784x17 [color=#FFFFFF] [bgcolor=#008000]
        RenderText {#text} at (0,0) size 163x17
          text run at (0,0) width 163: "This line should be green."
