layer at (0,0) size 800x600
  RenderView at (0,0) size 800x600
layer at (0,0) size 800x132
  RenderBlock {HTML} at (0,0) size 800x132
    RenderBody {BODY} at (8,8) size 784x116
      RenderBlock {DIV} at (0,0) size 784x116
        RenderBlock {ADDRESS} at (16,0) size 768x17 [bgcolor=#00FF00]
          RenderText {#text} at (0,0) size 331x17
            text run at (0,0) width 331: "A first address that should have a green background"
        RenderBlock {ADDRESS} at (16,33) size 768x17 [bgcolor=#00FF00]
          RenderText {#text} at (0,0) size 351x17
            text run at (0,0) width 351: "A second address that should have a green background"
        RenderBlock {ADDRESS} at (16,66) size 768x17
          RenderText {#text} at (0,0) size 258x17
            text run at (0,0) width 258: "A third address with normal background"
        RenderBlock (anonymous) at (0,99) size 784x17
          RenderText {#text} at (0,0) size 289x17
            text run at (0,0) width 289: "This div should have three addresses above it."
