layer at (0,0) size 800x600
  RenderView at (0,0) size 800x600
layer at (0,0) size 800x115
  RenderBlock {HTML} at (0,0) size 800x115
    RenderBody {BODY} at (8,16) size 784x83
      RenderBlock {DIV} at (0,0) size 784x83
        RenderBlock {DIV} at (0,0) size 784x83 [color=#FF0000]
          RenderBlock {P} at (0,0) size 784x17 [color=#FFFFFF] [bgcolor=#008000]
            RenderText {#text} at (0,0) size 163x17
              text run at (0,0) width 163: "This line should be green."
          RenderBlock {P} at (0,33) size 784x17 [color=#FFFFFF] [bgcolor=#008000]
            RenderText {#text} at (0,0) size 163x17
              text run at (0,0) width 163: "This line should be green."
          RenderBlock {P} at (0,66) size 784x17 [color=#FFFFFF] [bgcolor=#008000]
            RenderInline {SPAN} at (0,0) size 163x17
              RenderText {#text} at (0,0) size 163x17
                text run at (0,0) width 163: "This line should be green."
