layer at (0,0) size 800x600
  RenderView at (0,0) size 800x600
layer at (0,0) size 800x115
  RenderBlock {HTML} at (0,0) size 800x115
    RenderBody {BODY} at (8,16) size 784x83
      RenderBlock {DIV} at (0,0) size 784x83
        RenderBlock {DIV} at (0,0) size 784x83
          RenderBlock {P} at (0,0) size 784x17 [bgcolor=#FF0000]
            RenderText {#text} at (0,0) size 203x17
              text run at (0,0) width 203: "This line should be unstyled. (2)"
          RenderBlock {P} at (0,33) size 784x17
            RenderText {#text} at (0,0) size 290x17
              text run at (0,0) width 290: "This line should have a green background. (3)"
          RenderBlock {P} at (0,66) size 784x17
            RenderText {#text} at (0,0) size 283x17
              text run at (0,0) width 283: "This line should be unstyled. (4 moving to 1)"
