layer at (0,0) size 800x600
  RenderView at (0,0) size 800x600
layer at (0,0) size 800x368
  RenderBlock {HTML} at (0,0) size 800x368
    RenderBody {BODY} at (8,16) size 784x336
      RenderBlock {P} at (0,0) size 784x17
        RenderText {#text} at (0,0) size 329x17
          text run at (0,0) width 329: "This paragraph is here only to fill space in the DOM"
      RenderBlock {ADDRESS} at (0,33) size 784x17
        RenderText {#text} at (0,0) size 137x17
          text run at (0,0) width 137: "And this address too.."
      RenderBlock {P} at (0,66) size 784x17
        RenderText {#text} at (0,0) size 152x17
          text run at (0,0) width 152: "So does this paragraph !"
      RenderBlock {P} at (0,99) size 784x17 [bgcolor=#00FF00]
        RenderText {#text} at (0,0) size 274x17
          text run at (0,0) width 274: "But this one should have green background"
      RenderBlock {DL} at (0,132) size 784x204
        RenderBlock {DT} at (0,0) size 784x17 [bgcolor=#00FF00]
          RenderText {#text} at (0,0) size 349x17
            text run at (0,0) width 349: "First definition term that should have green background"
        RenderBlock {DD} at (40,17) size 744x17 [bgcolor=#00FF00]
          RenderText {#text} at (0,0) size 317x17
            text run at (0,0) width 317: "First definition that should have green background"
        RenderBlock {DT} at (0,34) size 784x17
          RenderText {#text} at (0,0) size 143x17
            text run at (0,0) width 143: "Second definition term"
        RenderBlock {DD} at (40,51) size 744x17
          RenderText {#text} at (0,0) size 111x17
            text run at (0,0) width 111: "Second definition"
        RenderBlock {DT} at (0,68) size 784x17
          RenderText {#text} at (0,0) size 131x17
            text run at (0,0) width 131: "Third definition term"
        RenderBlock {DD} at (40,85) size 744x17
          RenderText {#text} at (0,0) size 99x17
            text run at (0,0) width 99: "Third definition"
        RenderBlock {DT} at (0,102) size 784x17 [bgcolor=#00FF00]
          RenderText {#text} at (0,0) size 363x17
            text run at (0,0) width 363: "Fourth definition term that should have green background"
        RenderBlock {DD} at (40,119) size 744x17 [bgcolor=#00FF00]
          RenderText {#text} at (0,0) size 331x17
            text run at (0,0) width 331: "Fourth definition that should have green background"
        RenderBlock {DT} at (0,136) size 784x17
          RenderText {#text} at (0,0) size 126x17
            text run at (0,0) width 126: "Fifth definition term"
        RenderBlock {DD} at (40,153) size 744x17
          RenderText {#text} at (0,0) size 94x17
            text run at (0,0) width 94: "Fifth definition"
        RenderBlock {DT} at (0,170) size 784x17
          RenderText {#text} at (0,0) size 129x17
            text run at (0,0) width 129: "Sixth definition term"
        RenderBlock {DD} at (40,187) size 744x17
          RenderText {#text} at (0,0) size 97x17
            text run at (0,0) width 97: "Sixth definition"
