layer at (0,0) size 785x794
  RenderView at (0,0) size 785x600
layer at (0,0) size 785x794
  RenderBlock {HTML} at (0,0) size 785x794
    RenderBody {BODY} at (8,32) size 769x730
      RenderBlock {P} at (32,0) size 705x122 [color=#000080]
        RenderText {#text} at (0,7) size 678x115
          text run at (0,7) width 678: "\x{21E9} The following blue box should be exactly half the"
          text run at (0,48) width 81: "width "
          text run at (81,48) width 560: "of the viewport, on the left of the 50% ruler"
          text run at (0,85) width 74: "mark."
      RenderBlock (floating) {DIV} at (0,154) size 385x342 [color=#FFFFFF] [bgcolor=#0000FF]
        RenderText {#text} at (0,0) size 384x342
          text run at (0,0) width 384: "ignore this float text ignore this float text ignore this"
          text run at (0,18) width 42: "float "
          text run at (42,18) width 342: "text ignore this float text ignore this float text"
          text run at (0,36) width 78: "ignore this "
          text run at (78,36) width 306: "float text ignore this float text ignore this"
          text run at (0,54) width 125: "float text ignore "
          text run at (125,54) width 259: "this float text ignore this float text"
          text run at (0,72) width 155: "ignore this float text "
          text run at (155,72) width 229: "ignore this float text ignore this"
          text run at (0,90) width 198: "float text ignore this float "
          text run at (198,90) width 186: "text ignore this float text"
          text run at (0,108) width 234: "ignore this float text ignore this "
          text run at (234,108) width 150: "float text ignore this"
          text run at (0,126) width 282: "float text ignore this float text ignore "
          text run at (282,126) width 102: "this float text"
          text run at (0,144) width 311: "ignore this float text ignore this float text "
          text run at (311,144) width 73: "ignore this"
          text run at (0,162) width 355: "float text ignore this float text ignore this float "
          text run at (355,162) width 29: "text"
          text run at (0,180) width 384: "ignore this float text ignore this float text ignore this"
          text run at (0,198) width 384: "float text ignore this float text ignore this float text"
          text run at (0,216) width 47: "ignore "
          text run at (47,216) width 337: "this float text ignore this float text ignore this"
          text run at (0,234) width 77: "float text "
          text run at (77,234) width 307: "ignore this float text ignore this float text"
          text run at (0,252) width 120: "ignore this float "
          text run at (120,252) width 264: "text ignore this float text ignore this"
          text run at (0,270) width 156: "float text ignore this "
          text run at (156,270) width 228: "float text ignore this float text"
          text run at (0,288) width 203: "ignore this float text ignore "
          text run at (203,288) width 181: "this float text ignore this"
          text run at (0,306) width 234: "float text ignore this float text "
          text run at (234,306) width 150: "ignore this float text"
          text run at (0,324) width 259: "ignore this float text ignore this float"
      RenderBlock {DIV} at (0,154) size 769x468 [color=#C0C0C0]
        RenderText {#text} at (384,0) size 769x468
          text run at (384,0) width 385: "this is some dummy text this is some dummy text this is"
          text run at (384,18) width 97: "some dummy "
          text run at (480,18) width 289: "text this is some dummy text this is some"
          text run at (384,36) width 169: "dummy text this is some "
          text run at (552,36) width 217: "dummy text this is some dummy"
          text run at (384,54) width 230: "text this is some dummy text this is "
          text run at (613,54) width 156: "some dummy text this is"
          text run at (384,72) width 304: "some dummy text this is some dummy text "
          text run at (687,72) width 82: "this is some"
          text run at (384,90) width 385: "dummy text this is some dummy text this is some dummy"
          text run at (384,108) width 385: "text this is some dummy text this is some dummy text this is"
          text run at (384,126) width 41: "some "
          text run at (424,126) width 345: "dummy text this is some dummy text this is some"
          text run at (384,144) width 129: "dummy text this is "
          text run at (512,144) width 257: "some dummy text this is some dummy"
          text run at (384,162) width 188: "text this is some dummy text "
          text run at (571,162) width 198: "this is some dummy text this is"
          text run at (384,180) width 273: "some dummy text this is some dummy "
          text run at (656,180) width 113: "text this is some"
          text run at (384,198) width 337: "dummy text this is some dummy text this is some "
          text run at (720,198) width 49: "dummy"
          text run at (384,216) width 385: "text this is some dummy text this is some dummy text this is"
          text run at (384,234) width 385: "some dummy text this is some dummy text this is some"
          text run at (384,252) width 84: "dummy text "
          text run at (467,252) width 302: "this is some dummy text this is some dummy"
          text run at (384,270) width 160: "text this is some dummy "
          text run at (543,270) width 226: "text this is some dummy text this is"
          text run at (384,288) width 217: "some dummy text this is some "
          text run at (600,288) width 169: "dummy text this is some"
          text run at (384,306) width 298: "dummy text this is some dummy text this is "
          text run at (681,306) width 88: "some dummy"
          text run at (384,324) width 348: "text this is some dummy text this is some dummy text "
          text run at (731,324) width 38: "this is"
          text run at (0,342) width 404: "some dummy text this is some dummy text this is some dummy "
          text run at (404,342) width 365: "text this is some dummy text this is some dummy text this"
          text run at (0,360) width 52: "is some "
          text run at (52,360) width 443: "dummy text this is some dummy text this is some dummy text this is "
          text run at (495,360) width 274: "some dummy text this is some dummy text"
          text run at (0,378) width 160: "this is some dummy text "
          text run at (160,378) width 453: "this is some dummy text this is some dummy text this is some dummy "
          text run at (613,378) width 156: "text this is some dummy"
          text run at (0,396) width 277: "text this is some dummy text this is some "
          text run at (277,396) width 459: "dummy text this is some dummy text this is some dummy text this is "
          text run at (736,396) width 33: "some"
          text run at (0,414) width 406: "dummy text this is some dummy text this is some dummy text "
          text run at (406,414) width 363: "this is some dummy text this is some dummy text this is"
          text run at (0,432) width 89: "some dummy "
          text run at (89,432) width 420: "text this is some dummy text this is some dummy text this is some "
          text run at (509,432) width 260: "dummy text this is some dummy text this"
          text run at (0,450) width 170: "is some dummy text this is "
          text run at (170,450) width 268: "some dummy text this is some dummy text"
      RenderBlock {P} at (32,654) size 705x76 [color=#000080]
        RenderText {#text} at (19,0) size 686x76
          text run at (19,0) width 686: "The above gray text should flow around the blue box."
          text run at (673,39) width 32: "\x{21E7}"
