layer at (0,0) size 800x600
  RenderView at (0,0) size 800x600
layer at (0,0) size 800x600
  RenderBlock {HTML} at (0,0) size 800x600
    RenderBody {BODY} at (8,8) size 784x584
      RenderBlock (anonymous) at (0,0) size 784x20
        RenderText {#text} at (0,0) size 317x19
          text run at (0,0) width 317: "The body should always have a vertical scrollbar."
      RenderBlock (anonymous) at (0,220) size 784x58
        RenderText {#text} at (154,38) size 4x19
          text run at (154,38) width 4: " "
        RenderText {#text} at (0,0) size 0x0
layer at (8,28) size 300x100 clip at (8,28) size 285x100 scrollHeight 360
  RenderBlock {DIV} at (0,20) size 300x100
    RenderText {#text} at (0,0) size 51x19
      text run at (0,0) width 51: "Y scroll"
    RenderBR {BR} at (50,15) size 1x0
    RenderText {#text} at (0,20) size 51x19
      text run at (0,20) width 51: "Y scroll"
    RenderBR {BR} at (50,35) size 1x0
    RenderText {#text} at (0,40) size 51x19
      text run at (0,40) width 51: "Y scroll"
    RenderBR {BR} at (50,55) size 1x0
    RenderText {#text} at (0,60) size 51x19
      text run at (0,60) width 51: "Y scroll"
    RenderBR {BR} at (50,75) size 1x0
    RenderText {#text} at (0,80) size 51x19
      text run at (0,80) width 51: "Y scroll"
    RenderBR {BR} at (50,95) size 1x0
    RenderText {#text} at (0,100) size 51x19
      text run at (0,100) width 51: "Y scroll"
    RenderBR {BR} at (50,115) size 1x0
    RenderText {#text} at (0,120) size 51x19
      text run at (0,120) width 51: "Y scroll"
    RenderBR {BR} at (50,135) size 1x0
    RenderText {#text} at (0,140) size 51x19
      text run at (0,140) width 51: "Y scroll"
    RenderBR {BR} at (50,155) size 1x0
    RenderText {#text} at (0,160) size 51x19
      text run at (0,160) width 51: "Y scroll"
    RenderBR {BR} at (50,175) size 1x0
    RenderText {#text} at (0,180) size 51x19
      text run at (0,180) width 51: "Y scroll"
    RenderBR {BR} at (50,195) size 1x0
    RenderText {#text} at (0,200) size 51x19
      text run at (0,200) width 51: "Y scroll"
    RenderBR {BR} at (50,215) size 1x0
    RenderText {#text} at (0,220) size 51x19
      text run at (0,220) width 51: "Y scroll"
    RenderBR {BR} at (50,235) size 1x0
    RenderText {#text} at (0,240) size 51x19
      text run at (0,240) width 51: "Y scroll"
    RenderBR {BR} at (50,255) size 1x0
    RenderText {#text} at (0,260) size 51x19
      text run at (0,260) width 51: "Y scroll"
    RenderBR {BR} at (50,275) size 1x0
    RenderText {#text} at (0,280) size 51x19
      text run at (0,280) width 51: "Y scroll"
    RenderBR {BR} at (50,295) size 1x0
    RenderText {#text} at (0,300) size 51x19
      text run at (0,300) width 51: "Y scroll"
    RenderBR {BR} at (50,315) size 1x0
    RenderText {#text} at (0,320) size 51x19
      text run at (0,320) width 51: "Y scroll"
    RenderBR {BR} at (50,335) size 1x0
    RenderText {#text} at (0,340) size 51x19
      text run at (0,340) width 51: "Y scroll"
    RenderBR {BR} at (50,355) size 1x0
layer at (8,128) size 300x100 clip at (8,128) size 300x85 scrollWidth 1208
  RenderBlock {DIV} at (0,120) size 300x100
    RenderText {#text} at (0,0) size 1209x19
      text run at (0,0) width 496: "X scroll X scroll X scroll X scroll X scroll X scroll X scroll X scroll X scroll "
      text run at (495,0) width 332: "X scroll X scroll X scroll X scroll X scroll X scroll "
      text run at (826,0) width 383: "X scroll X scroll X scroll X scroll X scroll X scroll X scroll"
layer at (10,245) size 150x34 clip at (11,246) size 133x32
  RenderTextControl {TEXTAREA} at (2,17) size 150x34 [bgcolor=#FFFFFF] [border: (1px solid #4C4C4C)]
    RenderBlock {DIV} at (3,3) size 129x14
      RenderText {#text} at (3,0) size 81x14
        text run at (3,0) width 81: "Textarea y-scroll"
layer at (168,230) size 150x49 clip at (169,231) size 148x32
  RenderTextControl {TEXTAREA} at (160,2) size 150x49 [bgcolor=#FFFFFF] [border: (1px solid #4C4C4C)]
    RenderBlock {DIV} at (3,3) size 144x14
      RenderText {#text} at (3,0) size 81x14
        text run at (3,0) width 81: "Textarea x-scroll"
