layer at (0,0) size 800x600
  RenderView at (0,0) size 800x600
layer at (0,0) size 800x600
  RenderBlock {HTML} at (0,0) size 800x600
    RenderBody {BODY} at (8,8) size 784x576
      RenderBlock {FORM} at (0,0) size 784x89
        RenderTable {TABLE} at (0,0) size 300x89 [border: (1px outset #808080)]
          RenderTableSection {TBODY} at (1,1) size 298x87
            RenderTableRow {TR} at (0,2) size 298x83
              RenderTableCell {TD} at (2,2) size 294x83 [border: (1px inset #808080)] [r=0 c=0 rs=1 cs=1]
                RenderTable {TABLE} at (2,2) size 290x79 [border: (2px outset #808080)]
                  RenderTableSection {TBODY} at (2,2) size 286x75
                    RenderTableRow {TR} at (0,2) size 286x40
                      RenderTableCell {TD} at (2,2) size 82x40 [border: (1px inset #808080)] [r=0 c=0 rs=1 cs=1]
                        RenderText {#text} at (2,2) size 56x36
                          text run at (2,2) width 53: "Member"
                          text run at (2,20) width 56: "Number:"
                      RenderTableCell {TD} at (85,7) size 194x30 [border: (1px inset #808080)] [r=0 c=1 rs=1 cs=1]
                        RenderTextControl {INPUT} at (4,4) size 149x21 [bgcolor=#FFFFFF] [border: (2px inset #000000)]
                        RenderText {#text} at (0,0) size 0x0
                    RenderTableRow {TR} at (0,44) size 286x29
                      RenderTableCell {TD} at (2,47) size 82x23 [border: (1px inset #808080)] [r=1 c=0 rs=1 cs=1]
                        RenderText {#text} at (2,2) size 30x19
                          text run at (2,3) width 30: "PIN:"
                      RenderTableCell {TD} at (85,44) size 194x29 [border: (1px inset #808080)] [r=1 c=1 rs=1 cs=1]
                        RenderTextControl {INPUT} at (4,4) size 149x21 [bgcolor=#FFFFFF] [border: (2px inset #000000)]
                        RenderText {#text} at (0,0) size 0x0
                      RenderTableCell {TD} at (280,56) size 5x5 [border: (1px inset #808080)] [r=1 c=2 rs=1 cs=1]
layer at (107,30) size 145x15
  RenderBlock {DIV} at (2,3) size 145x15
layer at (107,66) size 145x15
  RenderBlock {DIV} at (2,3) size 145x15
