layer at (0,0) size 800x600
  RenderView at (0,0) size 800x600
layer at (0,0) size 800x600
  RenderBlock {HTML} at (0,0) size 800x600
    RenderBody {BODY} at (8,8) size 784x579
      RenderBlock {P} at (0,0) size 784x34
        RenderText {#text} at (0,0) size 773x34
          text run at (0,0) width 639: "This tests that inserting a newline at the beginning of quoted content doesn't add an extra quoted line. "
          text run at (639,0) width 134: "The test has passed if"
          text run at (0,17) width 401: "there are no empty lines (quoted or unquoted) in the box below."
      RenderBlock {DIV} at (0,50) size 784x85
        RenderBlock (anonymous) at (0,0) size 784x17
          RenderText {#text} at (0,0) size 59x17
            text run at (0,0) width 59: "unquoted"
          RenderBR {BR} at (59,14) size 0x0
        RenderBlock {BLOCKQUOTE} at (0,17) size 784x17 [color=#0000FF] [border: none (2px solid #0000FF)]
          RenderBlock {DIV} at (12,0) size 772x17
            RenderText {#text} at (0,0) size 96x17
              text run at (0,0) width 96: "quote level one"
        RenderBlock {BLOCKQUOTE} at (0,34) size 784x17 [color=#0000FF] [border: none (2px solid #0000FF)]
          RenderBlock {DIV} at (12,0) size 772x17
            RenderText {#text} at (0,0) size 96x17
              text run at (0,0) width 96: "quote level one"
        RenderBlock (anonymous) at (0,51) size 784x17
          RenderText {#text} at (0,0) size 59x17
            text run at (0,0) width 59: "unquoted"
          RenderBR {BR} at (59,14) size 0x0
        RenderBlock {BLOCKQUOTE} at (0,68) size 784x17 [color=#0000FF] [border: none (2px solid #0000FF)]
          RenderBlock {DIV} at (12,0) size 772x17
            RenderBlock {BLOCKQUOTE} at (0,0) size 772x17 [border: none (2px solid #0000FF)]
              RenderBlock {DIV} at (12,0) size 760x17
                RenderText {#text} at (0,0) size 97x17
                  text run at (0,0) width 97: "quote level two"
      RenderBlock {PRE} at (0,148) size 784x0
caret: position 8 of child 6 {#text} of child 3 {DIV} of body
