layer at (0,0) size 800x600
  RenderView at (0,0) size 800x600
layer at (0,0) size 800x600
  RenderBlock {HTML} at (0,0) size 800x600
    RenderBody {BODY} at (8,8) size 784x579
      RenderBlock {P} at (0,0) size 784x34
        RenderText {#text} at (0,0) size 742x34
          text run at (0,0) width 667: "This tests that inserting a newline in place of a full line of quoted content doesn't add an extra quoted line. "
          text run at (667,0) width 75: "The test has"
          text run at (0,17) width 460: "passed if there are no empty lines (quoted or unquoted) in the box below."
      RenderBlock {DIV} at (0,50) size 784x51
        RenderBlock {BLOCKQUOTE} at (0,0) size 784x17 [color=#0000FF] [border: none (2px solid #0000FF)]
          RenderBlock {DIV} at (12,0) size 772x17
            RenderText {#text} at (0,0) size 43x17
              text run at (0,0) width 43: "quoted"
          RenderBlock {DIV} at (12,17) size 772x0
        RenderBlock (anonymous) at (0,17) size 784x17
          RenderText {#text} at (0,0) size 59x17
            text run at (0,0) width 59: "unquoted"
          RenderBR {BR} at (59,14) size 0x0
        RenderBlock {BLOCKQUOTE} at (0,34) size 784x17 [color=#0000FF] [border: none (2px solid #0000FF)]
          RenderBlock {DIV} at (12,0) size 772x17
            RenderText {#text} at (0,0) size 43x17
              text run at (0,0) width 43: "quoted"
      RenderBlock {PRE} at (0,114) size 784x0
caret: position 8 of child 2 {#text} of child 3 {DIV} of body
