EDITING DELEGATE: shouldBeginEditingInDOMRange:range from 0 of BODY > HTML > #document to 6 of BODY > HTML > #document
EDITING DELEGATE: webViewDidBeginEditing:WebViewDidBeginEditingNotification
EDITING DELEGATE: webViewDidChangeSelection:WebViewDidChangeSelectionNotification
EDITING DELEGATE: webViewDidChangeSelection:WebViewDidChangeSelectionNotification
EDITING DELEGATE: webViewDidChangeSelection:WebViewDidChangeSelectionNotification
EDITING DELEGATE: webViewDidChangeSelection:WebViewDidChangeSelectionNotification
EDITING DELEGATE: webViewDidChangeSelection:WebViewDidChangeSelectionNotification
EDITING DELEGATE: webViewDidChangeSelection:WebViewDidChangeSelectionNotification
EDITING DELEGATE: webViewDidChangeSelection:WebViewDidChangeSelectionNotification
EDITING DELEGATE: webViewDidChangeSelection:WebViewDidChangeSelectionNotification
EDITING DELEGATE: shouldChangeSelectedDOMRange:range from 3 of #text > DIV > BODY > HTML > #document to 3 of #text > DIV > BODY > HTML > #document toDOMRange:range from 0 of DIV > BODY > HTML > #document to 0 of DIV > BODY > HTML > #document affinity:NSSelectionAffinityDownstream stillSelecting:FALSE
EDITING DELEGATE: webViewDidChangeSelection:WebViewDidChangeSelectionNotification
EDITING DELEGATE: webViewDidChange:WebViewDidChangeNotification
layer at (0,0) size 800x600
  RenderView at (0,0) size 800x600
layer at (0,0) size 800x600
  RenderBlock {HTML} at (0,0) size 800x600
    RenderBody {BODY} at (8,8) size 784x584
      RenderBlock (anonymous) at (0,0) size 784x52
        RenderText {#text} at (0,0) size 784x52
          text run at (0,0) width 781: "Test inserting paragraphs: should see two blue boxes, where the second blue box"
          text run at (781,0) width 3: " "
          text run at (0,26) width 245: "starts with an empty line."
      RenderBlock {DIV} at (0,52) size 784x36
      RenderBlock {DIV} at (0,88) size 784x108 [border: (2px solid #0000FF)]
        RenderBlock {DIV} at (14,14) size 756x54 [border: (2px solid #FF0000)]
          RenderText {#text} at (14,14) size 34x26
            text run at (14,14) width 34: "baz"
        RenderBlock (anonymous) at (14,68) size 756x26
          RenderText {#text} at (0,0) size 31x26
            text run at (0,0) width 31: "bar"
      RenderBlock {DIV} at (0,196) size 784x162 [border: (2px solid #0000FF)]
        RenderBlock (anonymous) at (14,14) size 756x26
          RenderBR {BR} at (0,0) size 0x26
        RenderBlock {DIV} at (14,40) size 756x54 [border: (2px solid #FF0000)]
          RenderText {#text} at (14,14) size 32x26
            text run at (14,14) width 32: "foo"
        RenderBlock {DIV} at (14,94) size 756x54 [border: (2px solid #FF0000)]
          RenderBR {BR} at (14,14) size 0x26
caret: position 0 of child 0 {BR} of child 4 {DIV} of body
