EDITING DELEGATE: shouldBeginEditingInDOMRange:range from 0 of BODY > HTML > #document to 16 of BODY > HTML > #document
EDITING DELEGATE: webViewDidBeginEditing:WebViewDidBeginEditingNotification
EDITING DELEGATE: webViewDidChangeSelection:WebViewDidChangeSelectionNotification
EDITING DELEGATE: webViewDidChangeSelection:WebViewDidChangeSelectionNotification
EDITING DELEGATE: webViewDidChangeSelection:WebViewDidChangeSelectionNotification
EDITING DELEGATE: webViewDidChangeSelection:WebViewDidChangeSelectionNotification
EDITING DELEGATE: webViewDidChangeSelection:WebViewDidChangeSelectionNotification
EDITING DELEGATE: webViewDidChangeSelection:WebViewDidChangeSelectionNotification
EDITING DELEGATE: webViewDidChangeSelection:WebViewDidChangeSelectionNotification
EDITING DELEGATE: webViewDidChangeSelection:WebViewDidChangeSelectionNotification
EDITING DELEGATE: webViewDidChangeSelection:WebViewDidChangeSelectionNotification
EDITING DELEGATE: webViewDidChangeSelection:WebViewDidChangeSelectionNotification
EDITING DELEGATE: webViewDidChangeSelection:WebViewDidChangeSelectionNotification
EDITING DELEGATE: webViewDidChangeSelection:WebViewDidChangeSelectionNotification
EDITING DELEGATE: webViewDidChangeSelection:WebViewDidChangeSelectionNotification
EDITING DELEGATE: webViewDidChangeSelection:WebViewDidChangeSelectionNotification
EDITING DELEGATE: webViewDidChangeSelection:WebViewDidChangeSelectionNotification
EDITING DELEGATE: shouldChangeSelectedDOMRange:range from 6 of #text > B > P > BODY > HTML > #document to 6 of #text > B > P > BODY > HTML > #document toDOMRange:range from 0 of P > BODY > HTML > #document to 0 of P > BODY > HTML > #document affinity:NSSelectionAffinityDownstream stillSelecting:FALSE
EDITING DELEGATE: webViewDidChangeSelection:WebViewDidChangeSelectionNotification
EDITING DELEGATE: webViewDidChange:WebViewDidChangeNotification
EDITING DELEGATE: shouldChangeSelectedDOMRange:range from 0 of P > BODY > HTML > #document to 0 of P > BODY > HTML > #document toDOMRange:range from 0 of P > BODY > HTML > #document to 0 of P > BODY > HTML > #document affinity:NSSelectionAffinityDownstream stillSelecting:FALSE
EDITING DELEGATE: webViewDidChangeSelection:WebViewDidChangeSelectionNotification
EDITING DELEGATE: webViewDidChange:WebViewDidChangeNotification
EDITING DELEGATE: shouldChangeSelectedDOMRange:range from 1 of #text > B > P > BODY > HTML > #document to 1 of #text > B > P > BODY > HTML > #document toDOMRange:range from 1 of #text > B > P > BODY > HTML > #document to 1 of #text > B > P > BODY > HTML > #document affinity:NSSelectionAffinityDownstream stillSelecting:FALSE
EDITING DELEGATE: webViewDidChangeSelection:WebViewDidChangeSelectionNotification
EDITING DELEGATE: webViewDidChange:WebViewDidChangeNotification
layer at (0,0) size 785x668
  RenderView at (0,0) size 785x600
layer at (0,0) size 785x668
  RenderBlock {HTML} at (0,0) size 785x668
    RenderBody {BODY} at (8,8) size 769x636
      RenderBlock (anonymous) at (0,0) size 769x78
        RenderText {#text} at (0,0) size 766x52
          text run at (0,0) width 760: "Test inserting paragraphs and managing typing style correctly: \"x\" under \"line"
          text run at (760,0) width 6: " "
          text run at (0,26) width 344: "2\" should be bold. Fix for this bug: "
        RenderInline {A} at (0,0) size 260x26 [color=#0000EE]
          RenderText {#text} at (344,26) size 260x26
            text run at (344,26) width 260: "<rdar://problem/3939523>"
        RenderText {#text} at (604,26) size 755x52
          text run at (604,26) width 145: " in some cases,"
          text run at (749,26) width 6: " "
          text run at (0,52) width 543: "text does not retain style info after pressing return twice"
      RenderBlock {DIV} at (0,78) size 769x12
      RenderBlock {P} at (0,114) size 769x54 [border: (2px solid #0000FF)]
        RenderText {#text} at (14,14) size 55x26
          text run at (14,14) width 55: "line 1"
      RenderBlock {P} at (0,192) size 769x54 [border: (2px solid #0000FF)]
        RenderBR {BR} at (14,14) size 0x26 [bgcolor=#008000]
      RenderBlock {P} at (0,270) size 769x54 [border: (2px solid #0000FF)]
        RenderInline {B} at (0,0) size 56x26
          RenderText {#text} at (14,14) size 56x26
            text run at (14,14) width 56: "line 2"
      RenderBlock {P} at (0,348) size 769x54 [border: (2px solid #0000FF)]
        RenderInline {B} at (0,0) size 0x26
          RenderBR {BR} at (14,14) size 0x26 [bgcolor=#008000]
      RenderBlock {P} at (0,426) size 769x54 [border: (2px solid #0000FF)]
        RenderInline {B} at (0,0) size 12x26
          RenderText {#text} at (14,14) size 12x26
            text run at (14,14) width 12: "x"
      RenderBlock {P} at (0,504) size 769x54 [border: (2px solid #0000FF)]
        RenderBR {BR} at (14,14) size 0x26 [bgcolor=#008000]
      RenderBlock {P} at (0,582) size 769x54 [border: (2px solid #0000FF)]
        RenderText {#text} at (14,14) size 55x26
          text run at (14,14) width 55: "line 3"
caret: position 1 of child 0 {#text} of child 0 {B} of child 11 {P} of body
