layer at (0,0) size 800x1368
  RenderView at (0,0) size 800x600
layer at (0,0) size 800x1368
  RenderBlock {HTML} at (0,0) size 800x1368
    RenderBody {BODY} at (0,0) size 800x1368
      RenderIFrame {IFRAME} at (0,0) size 800x699
        layer at (0,0) size 800x699
          RenderView at (0,0) size 800x699
        layer at (0,0) size 800x699
          RenderBlock {HTML} at (0,0) size 800x699
            RenderBody {BODY} at (0,5) size 800x694
              RenderBlock {DIV} at (0,0) size 800x20
                RenderText {#text} at (0,0) size 196x19
                  text run at (0,0) width 196: "CompatMode: CSS1Compat"
              RenderBlock (anonymous) at (0,25) size 800x669
                RenderBlock {DIV} at (0,31) size 157x59 [border: (1px solid #0000FF)]
                  RenderBlock {SPAN} at (1,12) size 80x0
                  RenderBR {BR} at (81,1) size 0x14
                RenderBlock {DIV} at (157,31) size 157x59 [border: (1px solid #0000FF)]
                  RenderBlock {SPAN} at (1,1) size 80x15
                    RenderText {#text} at (0,0) size 78x14
                      text run at (0,0) width 78: "disabled: \"true\","
                  RenderBR {BR} at (81,1) size 0x14
                RenderBlock {DIV} at (314,0) size 166x90 [border: (1px solid #0000FF)]
                  RenderBlock {SPAN} at (1,1) size 80x30
                    RenderText {#text} at (0,0) size 79x29
                      text run at (0,0) width 26: "style:"
                      text run at (0,15) width 79: "\"padding:10px\","
                  RenderBR {BR} at (81,16) size 0x14
                RenderBlock {DIV} at (480,20) size 146x70 [border: (1px solid #0000FF)]
                  RenderBlock {SPAN} at (1,1) size 80x30
                    RenderText {#text} at (0,0) size 73x29
                      text run at (0,0) width 26: "style:"
                      text run at (0,15) width 73: "\"padding:0px\","
                  RenderBR {BR} at (81,16) size 0x14
                RenderBlock {DIV} at (626,0) size 173x90 [border: (1px solid #0000FF)]
                  RenderBlock {SPAN} at (1,1) size 80x30
                    RenderText {#text} at (0,0) size 74x29
                      text run at (0,0) width 26: "style:"
                      text run at (0,15) width 74: "\"margin:10px\","
                  RenderBR {BR} at (81,16) size 0x14
                RenderBlock {DIV} at (0,145) size 153x70 [border: (1px solid #0000FF)]
                  RenderBlock {SPAN} at (1,1) size 80x30
                    RenderText {#text} at (0,0) size 68x29
                      text run at (0,0) width 26: "style:"
                      text run at (0,15) width 68: "\"margin:0px\","
                  RenderBR {BR} at (81,16) size 0x14
                RenderBlock {DIV} at (153,141) size 82x74 [border: (1px solid #0000FF)]
                  RenderBlock {SPAN} at (1,1) size 80x30
                    RenderText {#text} at (0,0) size 68x29
                      text run at (0,0) width 26: "style:"
                      text run at (0,15) width 68: "\"width:60px\","
                  RenderBR {BR} at (81,16) size 0x14
                RenderBlock {DIV} at (235,90) size 104x125 [border: (1px solid #0000FF)]
                  RenderBlock {SPAN} at (1,1) size 80x45
                    RenderText {#text} at (0,0) size 74x44
                      text run at (0,0) width 26: "style:"
                      text run at (0,15) width 63: "\"width:60px;"
                      text run at (0,30) width 74: "padding:20px\","
                  RenderBR {BR} at (81,31) size 0x14
                RenderBlock {DIV} at (339,130) size 82x85 [border: (1px solid #0000FF)]
                  RenderBlock {SPAN} at (1,1) size 80x45
                    RenderText {#text} at (0,0) size 63x44
                      text run at (0,0) width 26: "style:"
                      text run at (0,15) width 63: "\"width:60px;"
                      text run at (0,30) width 56: "padding:0\","
                  RenderBR {BR} at (81,31) size 0x14
                RenderBlock {DIV} at (421,113) size 157x102 [border: (1px solid #0000FF)]
                  RenderBlock {SPAN} at (1,1) size 80x30
                    RenderText {#text} at (0,0) size 71x29
                      text run at (0,0) width 26: "style:"
                      text run at (0,15) width 71: "\"height:60px\","
                  RenderBR {BR} at (81,16) size 0x14
                RenderBlock {DIV} at (578,98) size 82x117 [border: (1px solid #0000FF)]
                  RenderBlock {SPAN} at (1,1) size 80x45
                    RenderText {#text} at (0,0) size 66x44
                      text run at (0,0) width 26: "style:"
                      text run at (0,15) width 63: "\"width:60px;"
                      text run at (0,30) width 66: "height:60px\","
                  RenderBR {BR} at (81,31) size 0x14
                RenderBlock {DIV} at (0,273) size 157x74 [border: (1px solid #0000FF)]
                  RenderBlock {SPAN} at (1,1) size 80x30
                    RenderText {#text} at (0,0) size 93x29
                      text run at (0,0) width 26: "style:"
                      text run at (0,15) width 93: "\"overflow:hidden\","
                  RenderBR {BR} at (81,16) size 0x14
                RenderBlock {DIV} at (157,258) size 157x89 [border: (1px solid #0000FF)]
                  RenderBlock {SPAN} at (1,1) size 80x30
                    RenderText {#text} at (0,0) size 87x29
                      text run at (0,0) width 26: "style:"
                      text run at (0,15) width 87: "\"overflow:scroll\","
                  RenderBR {BR} at (81,16) size 0x14
                RenderBlock {DIV} at (314,215) size 82x132 [border: (1px solid #0000FF)]
                  RenderBlock {SPAN} at (1,1) size 80x60
                    RenderText {#text} at (0,0) size 88x59
                      text run at (0,0) width 26: "style:"
                      text run at (0,15) width 88: "\"overflow:hidden;"
                      text run at (0,30) width 59: "width:60px;"
                      text run at (0,45) width 66: "height:60px\","
                  RenderBR {BR} at (81,46) size 0x14
                RenderBlock {DIV} at (396,215) size 82x132 [border: (1px solid #0000FF)]
                  RenderBlock {SPAN} at (1,1) size 80x60
                    RenderText {#text} at (0,0) size 82x59
                      text run at (0,0) width 26: "style:"
                      text run at (0,15) width 82: "\"overflow:scroll;"
                      text run at (0,30) width 59: "width:60px;"
                      text run at (0,45) width 66: "height:60px\","
                  RenderBR {BR} at (81,46) size 0x14
                RenderBlock {DIV} at (478,230) size 82x117 [border: (1px solid #0000FF)]
                  RenderBlock {SPAN} at (1,1) size 80x45
                    RenderText {#text} at (0,0) size 74x44
                      text run at (0,0) width 74: "cols: \"5\", style:"
                      text run at (0,15) width 63: "\"width:60px;"
                      text run at (0,30) width 66: "height:60px\","
                  RenderBR {BR} at (81,31) size 0x14
                RenderBlock {DIV} at (560,230) size 82x117 [border: (1px solid #0000FF)]
                  RenderBlock {SPAN} at (1,1) size 80x45
                    RenderText {#text} at (0,0) size 78x44
                      text run at (0,0) width 78: "rows: \"4\", style:"
                      text run at (0,15) width 63: "\"width:60px;"
                      text run at (0,30) width 66: "height:60px\","
                  RenderBR {BR} at (81,31) size 0x14
                RenderBlock {DIV} at (642,215) size 82x132 [border: (1px solid #0000FF)]
                  RenderBlock {SPAN} at (1,1) size 80x60
                    RenderText {#text} at (0,0) size 75x59
                      text run at (0,0) width 75: "cols: \"5\", rows:"
                      text run at (0,15) width 48: "\"4\", style:"
                      text run at (0,30) width 63: "\"width:60px;"
                      text run at (0,45) width 66: "height:60px\","
                  RenderBR {BR} at (81,46) size 0x14
                RenderBlock {DIV} at (0,417) size 82x59 [border: (1px solid #0000FF)]
                  RenderBlock {SPAN} at (1,1) size 80x15
                    RenderText {#text} at (0,0) size 45x14
                      text run at (0,0) width 45: "cols: \"3\","
                  RenderBR {BR} at (81,1) size 0x14
                RenderBlock {DIV} at (82,403) size 157x73 [border: (1px solid #0000FF)]
                  RenderBlock {SPAN} at (1,1) size 80x15
                    RenderText {#text} at (0,0) size 49x14
                      text run at (0,0) width 49: "rows: \"3\","
                  RenderBR {BR} at (81,1) size 0x14
                RenderBlock {DIV} at (239,417) size 82x59 [border: (1px solid #0000FF)]
                  RenderBlock {SPAN} at (1,1) size 80x15
                    RenderText {#text} at (0,0) size 45x14
                      text run at (0,0) width 45: "cols: \"7\","
                  RenderBR {BR} at (81,1) size 0x14
                RenderBlock {DIV} at (321,347) size 157x129 [border: (1px solid #0000FF)]
                  RenderBlock {SPAN} at (1,1) size 80x15
                    RenderText {#text} at (0,0) size 49x14
                      text run at (0,0) width 49: "rows: \"7\","
                  RenderBR {BR} at (81,1) size 0x14
                RenderBlock {DIV} at (478,374) size 82x102 [border: (1px solid #0000FF)]
                  RenderBlock {SPAN} at (1,1) size 80x30
                    RenderText {#text} at (0,0) size 75x29
                      text run at (0,0) width 75: "cols: \"5\", rows:"
                      text run at (0,15) width 19: "\"4\","
                  RenderBR {BR} at (81,16) size 0x14
                RenderBlock {DIV} at (560,402) size 157x74 [border: (1px solid #0000FF)]
                  RenderBlock {SPAN} at (1,1) size 80x15
                    RenderText {#text} at (0,0) size 57x14
                      text run at (0,0) width 57: "wrap: \"off\","
                  RenderBR {BR} at (81,1) size 0x14
                RenderBlock {DIV} at (0,491) size 157x59 [border: (1px solid #0000FF)]
                  RenderBlock {SPAN} at (1,1) size 80x15
                    RenderText {#text} at (0,0) size 65x14
                      text run at (0,0) width 65: "wrap: \"hard\","
                  RenderBR {BR} at (81,1) size 0x14
                RenderBlock {DIV} at (157,491) size 157x59 [border: (1px solid #0000FF)]
                  RenderBlock {SPAN} at (1,1) size 80x15
                    RenderText {#text} at (0,0) size 62x14
                      text run at (0,0) width 62: "wrap: \"soft\","
                  RenderBR {BR} at (81,1) size 0x14
                RenderBlock {DIV} at (314,476) size 157x74 [border: (1px solid #0000FF)]
                  RenderBlock {SPAN} at (1,1) size 80x30
                    RenderText {#text} at (0,0) size 72x29
                      text run at (0,0) width 65: "style: \"white-"
                      text run at (0,15) width 72: "space:normal\","
                  RenderBR {BR} at (81,16) size 0x14
                RenderBlock {DIV} at (471,476) size 157x74 [border: (1px solid #0000FF)]
                  RenderBlock {SPAN} at (1,1) size 80x30
                    RenderText {#text} at (0,0) size 65x29
                      text run at (0,0) width 65: "style: \"white-"
                      text run at (0,15) width 54: "space:pre\","
                  RenderBR {BR} at (81,16) size 0x14
                RenderBlock {DIV} at (628,476) size 157x74 [border: (1px solid #0000FF)]
                  RenderBlock {SPAN} at (1,1) size 80x30
                    RenderText {#text} at (0,0) size 78x29
                      text run at (0,0) width 65: "style: \"white-"
                      text run at (0,15) width 78: "space:prewrap\","
                  RenderBR {BR} at (81,16) size 0x14
                RenderBlock {DIV} at (0,595) size 157x74 [border: (1px solid #0000FF)]
                  RenderBlock {SPAN} at (1,1) size 80x30
                    RenderText {#text} at (0,0) size 74x29
                      text run at (0,0) width 65: "style: \"white-"
                      text run at (0,15) width 74: "space:nowrap\","
                  RenderBR {BR} at (81,16) size 0x14
                RenderBlock {DIV} at (157,595) size 157x74 [border: (1px solid #0000FF)]
                  RenderBlock {SPAN} at (1,1) size 80x30
                    RenderText {#text} at (0,0) size 76x29
                      text run at (0,0) width 65: "style: \"white-"
                      text run at (0,15) width 76: "space:pre-line\","
                  RenderBR {BR} at (81,16) size 0x14
                RenderBlock {DIV} at (314,580) size 157x89 [border: (1px solid #0000FF)]
                  RenderBlock {SPAN} at (1,1) size 80x30
                    RenderText {#text} at (0,0) size 70x29
                      text run at (0,0) width 63: "style: \"word-"
                      text run at (0,15) width 70: "wrap:normal\","
                  RenderBR {BR} at (81,16) size 0x14
                RenderBlock {DIV} at (471,550) size 157x119 [border: (1px solid #0000FF)]
                  RenderBlock {SPAN} at (1,1) size 80x60
                    RenderText {#text} at (0,0) size 65x59
                      text run at (0,0) width 57: "wrap: \"off\","
                      text run at (0,15) width 65: "style: \"white-"
                      text run at (0,30) width 50: "space:pre-"
                      text run at (0,45) width 32: "wrap\","
                  RenderBR {BR} at (81,46) size 0x14
        layer at (3,79) size 151x34 clip at (4,80) size 149x32
          RenderTextControl {TEXTAREA} at (3,18) size 151x34 [bgcolor=#FFFFFF] [border: (1px solid #4C4C4C)]
            RenderBlock {DIV} at (6,3) size 139x14
              RenderText {#text} at (0,0) size 92x14
                text run at (0,0) width 92: "Lorem ipsum dolor"
        layer at (317,63) size 160x50 clip at (318,64) size 143x48 scrollHeight 76
          RenderTextControl {TEXTAREA} at (3,33) size 160x50 [bgcolor=#FFFFFF] [border: (1px solid #4C4C4C)]
            RenderBlock {DIV} at (11,11) size 123x56
              RenderText {#text} at (0,0) size 117x56
                text run at (0,0) width 95: "Lorem ipsum  dolor"
                text run at (94,0) width 4: " "
                text run at (0,14) width 117: "ABCDEFGHIJKLMNOP"
                text run at (0,28) width 78: "QRSTUVWXYZ"
                text run at (77,28) width 4: " "
                text run at (0,42) width 116: "abcdefghijklmnopqrstuv"
        layer at (483,83) size 140x30 clip at (484,84) size 123x28 scrollHeight 56
          RenderTextControl {TEXTAREA} at (3,33) size 140x30 [bgcolor=#FFFFFF] [border: (1px solid #4C4C4C)]
            RenderBlock {DIV} at (1,1) size 123x56
              RenderText {#text} at (0,0) size 117x56
                text run at (0,0) width 95: "Lorem ipsum  dolor"
                text run at (94,0) width 4: " "
                text run at (0,14) width 117: "ABCDEFGHIJKLMNOP"
                text run at (0,28) width 78: "QRSTUVWXYZ"
                text run at (77,28) width 4: " "
                text run at (0,42) width 116: "abcdefghijklmnopqrstuv"
        layer at (637,71) size 151x34 clip at (638,72) size 134x32 scrollHeight 60
          RenderTextControl {TEXTAREA} at (11,41) size 151x34 [bgcolor=#FFFFFF] [border: (1px solid #4C4C4C)]
            RenderBlock {DIV} at (6,3) size 124x56
              RenderText {#text} at (0,0) size 117x56
                text run at (0,0) width 95: "Lorem ipsum  dolor"
                text run at (94,0) width 4: " "
                text run at (0,14) width 117: "ABCDEFGHIJKLMNOP"
                text run at (0,28) width 78: "QRSTUVWXYZ"
                text run at (77,28) width 4: " "
                text run at (0,42) width 116: "abcdefghijklmnopqrstuv"
        layer at (1,206) size 151x34 clip at (2,207) size 134x32 scrollHeight 60
          RenderTextControl {TEXTAREA} at (1,31) size 151x34 [bgcolor=#FFFFFF] [border: (1px solid #4C4C4C)]
            RenderBlock {DIV} at (6,3) size 124x56
              RenderText {#text} at (0,0) size 117x56
                text run at (0,0) width 95: "Lorem ipsum  dolor"
                text run at (94,0) width 4: " "
                text run at (0,14) width 117: "ABCDEFGHIJKLMNOP"
                text run at (0,28) width 78: "QRSTUVWXYZ"
                text run at (77,28) width 4: " "
                text run at (0,42) width 116: "abcdefghijklmnopqrstuv"
        layer at (154,204) size 73x34 clip at (155,205) size 56x32 scrollHeight 158
          RenderTextControl {TEXTAREA} at (1,33) size 73x34 [bgcolor=#FFFFFF] [border: (1px solid #4C4C4C)]
            RenderBlock {DIV} at (6,3) size 46x154
              RenderText {#text} at (0,0) size 45x154
                text run at (0,0) width 32: "Lorem"
                text run at (31,0) width 4: " "
                text run at (0,14) width 30: "ipsum"
                text run at (29,14) width 7: "  "
                text run at (0,28) width 25: "dolor"
                text run at (24,28) width 4: " "
                text run at (0,42) width 45: "ABCDEF"
                text run at (0,56) width 39: "GHIJKL"
                text run at (0,70) width 42: "MNOPQ"
                text run at (0,84) width 38: "RSTUV"
                text run at (0,98) width 32: "WXYZ"
                text run at (31,98) width 4: " "
                text run at (0,112) width 40: "abcdefg"
                text run at (0,126) width 41: "hijklmno"
                text run at (0,140) width 37: "pqrstuv"
        layer at (236,168) size 102x70 clip at (237,169) size 85x68 scrollHeight 194
          RenderTextControl {TEXTAREA} at (1,48) size 102x70 [bgcolor=#FFFFFF] [border: (1px solid #4C4C4C)]
            RenderBlock {DIV} at (21,21) size 45x154
              RenderText {#text} at (0,0) size 45x154
                text run at (0,0) width 32: "Lorem"
                text run at (31,0) width 4: " "
                text run at (0,14) width 30: "ipsum"
                text run at (29,14) width 7: "  "
                text run at (0,28) width 25: "dolor"
                text run at (24,28) width 4: " "
                text run at (0,42) width 45: "ABCDEF"
                text run at (0,56) width 39: "GHIJKL"
                text run at (0,70) width 42: "MNOPQ"
                text run at (0,84) width 38: "RSTUV"
                text run at (0,98) width 32: "WXYZ"
                text run at (31,98) width 4: " "
                text run at (0,112) width 40: "abcdefg"
                text run at (0,126) width 41: "hijklmno"
                text run at (0,140) width 37: "pqrstuv"
        layer at (340,208) size 62x30 clip at (341,209) size 45x28 scrollHeight 154
          RenderTextControl {TEXTAREA} at (1,48) size 62x30 [bgcolor=#FFFFFF] [border: (1px solid #4C4C4C)]
            RenderBlock {DIV} at (1,1) size 45x154
              RenderText {#text} at (0,0) size 45x154
                text run at (0,0) width 32: "Lorem"
                text run at (31,0) width 4: " "
                text run at (0,14) width 30: "ipsum"
                text run at (29,14) width 7: "  "
                text run at (0,28) width 25: "dolor"
                text run at (24,28) width 4: " "
                text run at (0,42) width 45: "ABCDEF"
                text run at (0,56) width 39: "GHIJKL"
                text run at (0,70) width 42: "MNOPQ"
                text run at (0,84) width 38: "RSTUV"
                text run at (0,98) width 32: "WXYZ"
                text run at (31,98) width 4: " "
                text run at (0,112) width 40: "abcdefg"
                text run at (0,126) width 41: "hijklmno"
                text run at (0,140) width 37: "pqrstuv"
        layer at (424,174) size 151x66 clip at (425,175) size 149x64
          RenderTextControl {TEXTAREA} at (3,31) size 151x66 [bgcolor=#FFFFFF] [border: (1px solid #4C4C4C)]
            RenderBlock {DIV} at (6,3) size 139x56
              RenderText {#text} at (0,0) size 133x56
                text run at (0,0) width 95: "Lorem ipsum  dolor"
                text run at (94,0) width 4: " "
                text run at (0,14) width 133: "ABCDEFGHIJKLMNOPQR"
                text run at (0,28) width 62: "STUVWXYZ"
                text run at (61,28) width 4: " "
                text run at (0,42) width 116: "abcdefghijklmnopqrstuv"
        layer at (579,174) size 73x66 clip at (580,175) size 56x64 scrollHeight 158
          RenderTextControl {TEXTAREA} at (1,46) size 73x66 [bgcolor=#FFFFFF] [border: (1px solid #4C4C4C)]
            RenderBlock {DIV} at (6,3) size 46x154
              RenderText {#text} at (0,0) size 45x154
                text run at (0,0) width 32: "Lorem"
                text run at (31,0) width 4: " "
                text run at (0,14) width 30: "ipsum"
                text run at (29,14) width 7: "  "
                text run at (0,28) width 25: "dolor"
                text run at (24,28) width 4: " "
                text run at (0,42) width 45: "ABCDEF"
                text run at (0,56) width 39: "GHIJKL"
                text run at (0,70) width 42: "MNOPQ"
                text run at (0,84) width 38: "RSTUV"
                text run at (0,98) width 32: "WXYZ"
                text run at (31,98) width 4: " "
                text run at (0,112) width 40: "abcdefg"
                text run at (0,126) width 41: "hijklmno"
                text run at (0,140) width 37: "pqrstuv"
        layer at (3,336) size 151x34 clip at (4,337) size 149x32 scrollHeight 60
          RenderTextControl {TEXTAREA} at (3,33) size 151x34 [bgcolor=#FFFFFF] [border: (1px solid #4C4C4C)]
            RenderBlock {DIV} at (6,3) size 139x56
              RenderText {#text} at (0,0) size 133x56
                text run at (0,0) width 95: "Lorem ipsum  dolor"
                text run at (94,0) width 4: " "
                text run at (0,14) width 133: "ABCDEFGHIJKLMNOPQR"
                text run at (0,28) width 62: "STUVWXYZ"
                text run at (61,28) width 4: " "
                text run at (0,42) width 116: "abcdefghijklmnopqrstuv"
        layer at (160,321) size 151x49 clip at (161,322) size 134x32 scrollHeight 60
          RenderTextControl {TEXTAREA} at (3,33) size 151x49 [bgcolor=#FFFFFF] [border: (1px solid #4C4C4C)]
            RenderBlock {DIV} at (6,3) size 124x56
              RenderText {#text} at (0,0) size 117x56
                text run at (0,0) width 95: "Lorem ipsum  dolor"
                text run at (94,0) width 4: " "
                text run at (0,14) width 117: "ABCDEFGHIJKLMNOP"
                text run at (0,28) width 78: "QRSTUVWXYZ"
                text run at (77,28) width 4: " "
                text run at (0,42) width 116: "abcdefghijklmnopqrstuv"
        layer at (315,306) size 73x66 clip at (316,307) size 71x64 scrollHeight 116
          RenderTextControl {TEXTAREA} at (1,61) size 73x66 [bgcolor=#FFFFFF] [border: (1px solid #4C4C4C)]
            RenderBlock {DIV} at (6,3) size 61x112
              RenderText {#text} at (0,0) size 60x112
                text run at (0,0) width 32: "Lorem"
                text run at (31,0) width 4: " "
                text run at (0,14) width 60: "ipsum  dolor"
                text run at (59,14) width 1: " "
                text run at (0,28) width 54: "ABCDEFG"
                text run at (0,42) width 56: "HIJKLMNO"
                text run at (0,56) width 54: "PQRSTUV"
                text run at (0,70) width 32: "WXYZ"
                text run at (31,70) width 4: " "
                text run at (0,84) width 59: "abcdefghijkl"
                text run at (0,98) width 58: "mnopqrstuv"
        layer at (397,306) size 73x66 clip at (398,307) size 56x49 scrollHeight 158
          RenderTextControl {TEXTAREA} at (1,61) size 73x66 [bgcolor=#FFFFFF] [border: (1px solid #4C4C4C)]
            RenderBlock {DIV} at (6,3) size 46x154
              RenderText {#text} at (0,0) size 45x154
                text run at (0,0) width 32: "Lorem"
                text run at (31,0) width 4: " "
                text run at (0,14) width 30: "ipsum"
                text run at (29,14) width 7: "  "
                text run at (0,28) width 25: "dolor"
                text run at (24,28) width 4: " "
                text run at (0,42) width 45: "ABCDEF"
                text run at (0,56) width 39: "GHIJKL"
                text run at (0,70) width 42: "MNOPQ"
                text run at (0,84) width 38: "RSTUV"
                text run at (0,98) width 32: "WXYZ"
                text run at (31,98) width 4: " "
                text run at (0,112) width 40: "abcdefg"
                text run at (0,126) width 41: "hijklmno"
                text run at (0,140) width 37: "pqrstuv"
        layer at (479,306) size 73x66 clip at (480,307) size 56x64 scrollHeight 158
          RenderTextControl {TEXTAREA} at (1,46) size 73x66 [bgcolor=#FFFFFF] [border: (1px solid #4C4C4C)]
            RenderBlock {DIV} at (6,3) size 46x154
              RenderText {#text} at (0,0) size 45x154
                text run at (0,0) width 32: "Lorem"
                text run at (31,0) width 4: " "
                text run at (0,14) width 30: "ipsum"
                text run at (29,14) width 7: "  "
                text run at (0,28) width 25: "dolor"
                text run at (24,28) width 4: " "
                text run at (0,42) width 45: "ABCDEF"
                text run at (0,56) width 39: "GHIJKL"
                text run at (0,70) width 42: "MNOPQ"
                text run at (0,84) width 38: "RSTUV"
                text run at (0,98) width 32: "WXYZ"
                text run at (31,98) width 4: " "
                text run at (0,112) width 40: "abcdefg"
                text run at (0,126) width 41: "hijklmno"
                text run at (0,140) width 37: "pqrstuv"
        layer at (561,306) size 73x66 clip at (562,307) size 56x64 scrollHeight 158
          RenderTextControl {TEXTAREA} at (1,46) size 73x66 [bgcolor=#FFFFFF] [border: (1px solid #4C4C4C)]
            RenderBlock {DIV} at (6,3) size 46x154
              RenderText {#text} at (0,0) size 45x154
                text run at (0,0) width 32: "Lorem"
                text run at (31,0) width 4: " "
                text run at (0,14) width 30: "ipsum"
                text run at (29,14) width 7: "  "
                text run at (0,28) width 25: "dolor"
                text run at (24,28) width 4: " "
                text run at (0,42) width 45: "ABCDEF"
                text run at (0,56) width 39: "GHIJKL"
                text run at (0,70) width 42: "MNOPQ"
                text run at (0,84) width 38: "RSTUV"
                text run at (0,98) width 32: "WXYZ"
                text run at (31,98) width 4: " "
                text run at (0,112) width 40: "abcdefg"
                text run at (0,126) width 41: "hijklmno"
                text run at (0,140) width 37: "pqrstuv"
        layer at (643,306) size 73x66 clip at (644,307) size 56x64 scrollHeight 158
          RenderTextControl {TEXTAREA} at (1,61) size 73x66 [bgcolor=#FFFFFF] [border: (1px solid #4C4C4C)]
            RenderBlock {DIV} at (6,3) size 46x154
              RenderText {#text} at (0,0) size 45x154
                text run at (0,0) width 32: "Lorem"
                text run at (31,0) width 4: " "
                text run at (0,14) width 30: "ipsum"
                text run at (29,14) width 7: "  "
                text run at (0,28) width 25: "dolor"
                text run at (24,28) width 4: " "
                text run at (0,42) width 45: "ABCDEF"
                text run at (0,56) width 39: "GHIJKL"
                text run at (0,70) width 42: "MNOPQ"
                text run at (0,84) width 38: "RSTUV"
                text run at (0,98) width 32: "WXYZ"
                text run at (31,98) width 4: " "
                text run at (0,112) width 40: "abcdefg"
                text run at (0,126) width 41: "hijklmno"
                text run at (0,140) width 37: "pqrstuv"
        layer at (3,465) size 47x34 clip at (4,466) size 30x32 scrollHeight 368
          RenderTextControl {TEXTAREA} at (3,18) size 47x34 [bgcolor=#FFFFFF] [border: (1px solid #4C4C4C)]
            RenderBlock {DIV} at (6,3) size 20x364
              RenderText {#text} at (0,0) size 19x364
                text run at (0,0) width 16: "Lor"
                text run at (0,14) width 16: "em"
                text run at (15,14) width 4: " "
                text run at (0,28) width 15: "ips"
                text run at (0,42) width 16: "um"
                text run at (15,42) width 4: "  "
                text run at (0,56) width 15: "dol"
                text run at (0,70) width 10: "or"
                text run at (9,70) width 4: " "
                text run at (0,84) width 15: "AB"
                text run at (0,98) width 16: "CD"
                text run at (0,112) width 15: "EF"
                text run at (0,126) width 17: "GH"
                text run at (0,140) width 16: "IJK"
                text run at (0,154) width 16: "LM"
                text run at (0,168) width 17: "NO"
                text run at (0,182) width 16: "PQ"
                text run at (0,196) width 16: "RS"
                text run at (0,210) width 15: "TU"
                text run at (0,224) width 18: "VW"
                text run at (0,238) width 15: "XY"
                text run at (0,252) width 7: "Z"
                text run at (6,252) width 4: " "
                text run at (0,266) width 18: "abc"
                text run at (0,280) width 16: "def"
                text run at (0,294) width 18: "ghij"
                text run at (0,308) width 18: "klm"
                text run at (0,322) width 19: "nop"
                text run at (0,336) width 19: "qrst"
                text run at (0,350) width 12: "uv"
        layer at (85,451) size 151x48 clip at (86,452) size 134x46 scrollHeight 60
          RenderTextControl {TEXTAREA} at (3,18) size 151x48 [bgcolor=#FFFFFF] [border: (1px solid #4C4C4C)]
            RenderBlock {DIV} at (6,3) size 124x56
              RenderText {#text} at (0,0) size 117x56
                text run at (0,0) width 95: "Lorem ipsum  dolor"
                text run at (94,0) width 4: " "
                text run at (0,14) width 117: "ABCDEFGHIJKLMNOP"
                text run at (0,28) width 78: "QRSTUVWXYZ"
                text run at (77,28) width 4: " "
                text run at (0,42) width 116: "abcdefghijklmnopqrstuv"
        layer at (242,465) size 71x34 clip at (243,466) size 54x32 scrollHeight 158
          RenderTextControl {TEXTAREA} at (3,18) size 71x34 [bgcolor=#FFFFFF] [border: (1px solid #4C4C4C)]
            RenderBlock {DIV} at (6,3) size 44x154
              RenderText {#text} at (0,0) size 43x154
                text run at (0,0) width 32: "Lorem"
                text run at (31,0) width 4: " "
                text run at (0,14) width 30: "ipsum"
                text run at (29,14) width 7: "  "
                text run at (0,28) width 25: "dolor"
                text run at (24,28) width 4: " "
                text run at (0,42) width 38: "ABCDE"
                text run at (0,56) width 40: "FGHIJK"
                text run at (0,70) width 40: "LMNOP"
                text run at (0,84) width 39: "QRSTU"
                text run at (0,98) width 40: "VWXYZ"
                text run at (39,98) width 4: " "
                text run at (0,112) width 40: "abcdefg"
                text run at (0,126) width 41: "hijklmno"
                text run at (0,140) width 37: "pqrstuv"
        layer at (324,395) size 151x104 clip at (325,396) size 149x102
          RenderTextControl {TEXTAREA} at (3,18) size 151x104 [bgcolor=#FFFFFF] [border: (1px solid #4C4C4C)]
            RenderBlock {DIV} at (6,3) size 139x56
              RenderText {#text} at (0,0) size 133x56
                text run at (0,0) width 95: "Lorem ipsum  dolor"
                text run at (94,0) width 4: " "
                text run at (0,14) width 133: "ABCDEFGHIJKLMNOPQR"
                text run at (0,28) width 62: "STUVWXYZ"
                text run at (61,28) width 4: " "
                text run at (0,42) width 116: "abcdefghijklmnopqrstuv"
        layer at (481,437) size 59x62 clip at (482,438) size 42x60 scrollHeight 228
          RenderTextControl {TEXTAREA} at (3,33) size 59x62 [bgcolor=#FFFFFF] [border: (1px solid #4C4C4C)]
            RenderBlock {DIV} at (6,3) size 32x224
              RenderText {#text} at (0,0) size 31x224
                text run at (0,0) width 23: "Lore"
                text run at (0,14) width 10: "m"
                text run at (9,14) width 4: " "
                text run at (0,28) width 30: "ipsum"
                text run at (29,28) width 2: "  "
                text run at (0,42) width 25: "dolor"
                text run at (24,42) width 4: " "
                text run at (0,56) width 31: "ABCD"
                text run at (0,70) width 31: "EFGH"
                text run at (0,84) width 23: "IJKL"
                text run at (0,98) width 26: "MNO"
                text run at (0,112) width 24: "PQR"
                text run at (0,126) width 30: "STUV"
                text run at (0,140) width 26: "WXY"
                text run at (0,154) width 7: "Z"
                text run at (6,154) width 4: " "
                text run at (0,168) width 30: "abcde"
                text run at (0,182) width 29: "fghijkl"
                text run at (0,196) width 28: "mnop"
                text run at (0,210) width 30: "qrstuv"
        layer at (563,450) size 151x49 clip at (564,451) size 149x32 scrollWidth 415
          RenderTextControl {TEXTAREA} at (3,18) size 151x49 [bgcolor=#FFFFFF] [border: (1px solid #4C4C4C)]
            RenderBlock {DIV} at (6,3) size 139x14
              RenderText {#text} at (0,0) size 410x14
                text run at (0,0) width 410: "Lorem ipsum  dolor ABCDEFGHIJKLMNOPQRSTUVWXYZ abcdefghijklmnopqrstuv"
        layer at (3,539) size 151x34 clip at (4,540) size 134x32 scrollHeight 60
          RenderTextControl {TEXTAREA} at (3,18) size 151x34 [bgcolor=#FFFFFF] [border: (1px solid #4C4C4C)]
            RenderBlock {DIV} at (6,3) size 124x56
              RenderText {#text} at (0,0) size 117x56
                text run at (0,0) width 95: "Lorem ipsum  dolor"
                text run at (94,0) width 4: " "
                text run at (0,14) width 117: "ABCDEFGHIJKLMNOP"
                text run at (0,28) width 78: "QRSTUVWXYZ"
                text run at (77,28) width 4: " "
                text run at (0,42) width 116: "abcdefghijklmnopqrstuv"
        layer at (160,539) size 151x34 clip at (161,540) size 134x32 scrollHeight 60
          RenderTextControl {TEXTAREA} at (3,18) size 151x34 [bgcolor=#FFFFFF] [border: (1px solid #4C4C4C)]
            RenderBlock {DIV} at (6,3) size 124x56
              RenderText {#text} at (0,0) size 117x56
                text run at (0,0) width 95: "Lorem ipsum  dolor"
                text run at (94,0) width 4: " "
                text run at (0,14) width 117: "ABCDEFGHIJKLMNOP"
                text run at (0,28) width 78: "QRSTUVWXYZ"
                text run at (77,28) width 4: " "
                text run at (0,42) width 116: "abcdefghijklmnopqrstuv"
        layer at (317,539) size 151x34 clip at (318,540) size 134x32 scrollHeight 60
          RenderTextControl {TEXTAREA} at (3,33) size 151x34 [bgcolor=#FFFFFF] [border: (1px solid #4C4C4C)]
            RenderBlock {DIV} at (6,3) size 124x56
              RenderText {#text} at (0,0) size 117x56
                text run at (0,0) width 67: "Lorem ipsum "
                text run at (66,0) width 26: "dolor"
                text run at (91,0) width 4: " "
                text run at (0,14) width 117: "ABCDEFGHIJKLMNOP"
                text run at (0,28) width 78: "QRSTUVWXYZ"
                text run at (77,28) width 4: " "
                text run at (0,42) width 116: "abcdefghijklmnopqrstuv"
        layer at (474,539) size 151x34 clip at (475,540) size 134x32 scrollHeight 60
          RenderTextControl {TEXTAREA} at (3,33) size 151x34 [bgcolor=#FFFFFF] [border: (1px solid #4C4C4C)]
            RenderBlock {DIV} at (6,3) size 124x56
              RenderText {#text} at (0,0) size 120x56
                text run at (0,0) width 120: "Lorem ipsum  dolor ABC"
                text run at (0,14) width 118: "DEFGHIJKLMNOPQRS"
                text run at (0,28) width 115: "TUVWXYZ abcdefghijkl"
                text run at (0,42) width 58: "mnopqrstuv"
        layer at (631,539) size 151x34 clip at (632,540) size 134x32 scrollHeight 60
          RenderTextControl {TEXTAREA} at (3,33) size 151x34 [bgcolor=#FFFFFF] [border: (1px solid #4C4C4C)]
            RenderBlock {DIV} at (6,3) size 124x56
              RenderText {#text} at (0,0) size 117x56
                text run at (0,0) width 95: "Lorem ipsum  dolor"
                text run at (94,0) width 4: " "
                text run at (0,14) width 117: "ABCDEFGHIJKLMNOP"
                text run at (0,28) width 78: "QRSTUVWXYZ"
                text run at (77,28) width 4: " "
                text run at (0,42) width 116: "abcdefghijklmnopqrstuv"
        layer at (3,658) size 151x34 clip at (4,659) size 134x17 scrollWidth 412 scrollHeight 18
          RenderTextControl {TEXTAREA} at (3,33) size 151x34 [bgcolor=#FFFFFF] [border: (1px solid #4C4C4C)]
            RenderBlock {DIV} at (6,3) size 139x14
              RenderText {#text} at (0,0) size 407x14
                text run at (0,0) width 67: "Lorem ipsum "
                text run at (66,0) width 341: "dolor ABCDEFGHIJKLMNOPQRSTUVWXYZ abcdefghijklmnopqrstuv"
        layer at (160,658) size 151x34 clip at (161,659) size 134x32 scrollHeight 60
          RenderTextControl {TEXTAREA} at (3,33) size 151x34 [bgcolor=#FFFFFF] [border: (1px solid #4C4C4C)]
            RenderBlock {DIV} at (6,3) size 124x56
              RenderText {#text} at (0,0) size 117x56
                text run at (0,0) width 67: "Lorem ipsum "
                text run at (66,0) width 26: "dolor"
                text run at (91,0) width 4: " "
                text run at (0,14) width 117: "ABCDEFGHIJKLMNOP"
                text run at (0,28) width 78: "QRSTUVWXYZ"
                text run at (77,28) width 4: " "
                text run at (0,42) width 116: "abcdefghijklmnopqrstuv"
        layer at (317,643) size 151x49 clip at (318,644) size 134x32 scrollWidth 199 scrollHeight 46
          RenderTextControl {TEXTAREA} at (3,33) size 151x49 [bgcolor=#FFFFFF] [border: (1px solid #4C4C4C)]
            RenderBlock {DIV} at (6,3) size 139x42
              RenderText {#text} at (0,0) size 194x42
                text run at (0,0) width 95: "Lorem ipsum  dolor"
                text run at (94,0) width 4: " "
                text run at (0,14) width 194: "ABCDEFGHIJKLMNOPQRSTUVWXYZ"
                text run at (0,28) width 119: " abcdefghijklmnopqrstuv"
        layer at (474,643) size 151x49 clip at (475,644) size 134x32 scrollWidth 199 scrollHeight 46
          RenderTextControl {TEXTAREA} at (3,63) size 151x49 [bgcolor=#FFFFFF] [border: (1px solid #4C4C4C)]
            RenderBlock {DIV} at (6,3) size 139x42
              RenderText {#text} at (0,0) size 194x42
                text run at (0,0) width 95: "Lorem ipsum  dolor"
                text run at (94,0) width 4: " "
                text run at (0,14) width 194: "ABCDEFGHIJKLMNOPQRSTUVWXYZ"
                text run at (0,28) width 119: " abcdefghijklmnopqrstuv"
        layer at (160,79) size 151x34 clip at (161,80) size 134x32 scrollHeight 60
          RenderTextControl {TEXTAREA} at (3,18) size 151x34 [bgcolor=#FFFFFF] [border: (1px solid #4C4C4C)]
            RenderBlock {DIV} at (6,3) size 124x56 [color=#545454]
              RenderText {#text} at (0,0) size 117x56
                text run at (0,0) width 95: "Lorem ipsum  dolor"
                text run at (94,0) width 4: " "
                text run at (0,14) width 117: "ABCDEFGHIJKLMNOP"
                text run at (0,28) width 78: "QRSTUVWXYZ"
                text run at (77,28) width 4: " "
                text run at (0,42) width 116: "abcdefghijklmnopqrstuv"
      RenderIFrame {IFRAME} at (0,699) size 800x669
        layer at (0,0) size 800x669
          RenderView at (0,0) size 800x669
        layer at (0,0) size 800x669
          RenderBlock {HTML} at (0,0) size 800x669
            RenderBody {BODY} at (0,5) size 800x664
              RenderBlock {DIV} at (0,0) size 800x20
                RenderText {#text} at (0,0) size 194x19
                  text run at (0,0) width 194: "CompatMode: BackCompat"
              RenderBlock (anonymous) at (0,25) size 800x639
                RenderBlock {DIV} at (0,46) size 157x40 [border: (1px solid #0000FF)]
                  RenderBlock {SPAN} at (1,1) size 80x0
                  RenderBR {BR} at (81,1) size 0x0
                RenderBlock {DIV} at (157,31) size 157x55 [border: (1px solid #0000FF)]
                  RenderBlock {SPAN} at (1,1) size 80x15
                    RenderText {#text} at (0,0) size 78x14
                      text run at (0,0) width 78: "disabled: \"true\","
                  RenderBR {BR} at (81,12) size 0x0
                RenderBlock {DIV} at (314,0) size 166x86 [border: (1px solid #0000FF)]
                  RenderBlock {SPAN} at (1,1) size 80x30
                    RenderText {#text} at (0,0) size 79x29
                      text run at (0,0) width 26: "style:"
                      text run at (0,15) width 79: "\"padding:10px\","
                  RenderBR {BR} at (81,27) size 0x0
                RenderBlock {DIV} at (480,20) size 146x66 [border: (1px solid #0000FF)]
                  RenderBlock {SPAN} at (1,1) size 80x30
                    RenderText {#text} at (0,0) size 73x29
                      text run at (0,0) width 26: "style:"
                      text run at (0,15) width 73: "\"padding:0px\","
                  RenderBR {BR} at (81,27) size 0x0
                RenderBlock {DIV} at (626,0) size 173x86 [border: (1px solid #0000FF)]
                  RenderBlock {SPAN} at (1,1) size 80x30
                    RenderText {#text} at (0,0) size 74x29
                      text run at (0,0) width 26: "style:"
                      text run at (0,15) width 74: "\"margin:10px\","
                  RenderBR {BR} at (81,27) size 0x0
                RenderBlock {DIV} at (0,141) size 153x66 [border: (1px solid #0000FF)]
                  RenderBlock {SPAN} at (1,1) size 80x30
                    RenderText {#text} at (0,0) size 68x29
                      text run at (0,0) width 26: "style:"
                      text run at (0,15) width 68: "\"margin:0px\","
                  RenderBR {BR} at (81,27) size 0x0
                RenderBlock {DIV} at (153,137) size 82x70 [border: (1px solid #0000FF)]
                  RenderBlock {SPAN} at (1,1) size 80x30
                    RenderText {#text} at (0,0) size 68x29
                      text run at (0,0) width 26: "style:"
                      text run at (0,15) width 68: "\"width:60px\","
                  RenderBR {BR} at (81,27) size 0x0
                RenderBlock {DIV} at (235,86) size 82x121 [border: (1px solid #0000FF)]
                  RenderBlock {SPAN} at (1,1) size 80x45
                    RenderText {#text} at (0,0) size 74x44
                      text run at (0,0) width 26: "style:"
                      text run at (0,15) width 63: "\"width:60px;"
                      text run at (0,30) width 74: "padding:20px\","
                  RenderBR {BR} at (81,42) size 0x0
                RenderBlock {DIV} at (317,126) size 82x81 [border: (1px solid #0000FF)]
                  RenderBlock {SPAN} at (1,1) size 80x45
                    RenderText {#text} at (0,0) size 63x44
                      text run at (0,0) width 26: "style:"
                      text run at (0,15) width 63: "\"width:60px;"
                      text run at (0,30) width 56: "padding:0\","
                  RenderBR {BR} at (81,42) size 0x0
                RenderBlock {DIV} at (399,115) size 157x92 [border: (1px solid #0000FF)]
                  RenderBlock {SPAN} at (1,1) size 80x30
                    RenderText {#text} at (0,0) size 71x29
                      text run at (0,0) width 26: "style:"
                      text run at (0,15) width 71: "\"height:60px\","
                  RenderBR {BR} at (81,27) size 0x0
                RenderBlock {DIV} at (556,100) size 82x107 [border: (1px solid #0000FF)]
                  RenderBlock {SPAN} at (1,1) size 80x45
                    RenderText {#text} at (0,0) size 66x44
                      text run at (0,0) width 26: "style:"
                      text run at (0,15) width 63: "\"width:60px;"
                      text run at (0,30) width 66: "height:60px\","
                  RenderBR {BR} at (81,42) size 0x0
                RenderBlock {DIV} at (638,137) size 157x70 [border: (1px solid #0000FF)]
                  RenderBlock {SPAN} at (1,1) size 80x30
                    RenderText {#text} at (0,0) size 93x29
                      text run at (0,0) width 26: "style:"
                      text run at (0,15) width 93: "\"overflow:hidden\","
                  RenderBR {BR} at (81,27) size 0x0
                RenderBlock {DIV} at (0,244) size 157x85 [border: (1px solid #0000FF)]
                  RenderBlock {SPAN} at (1,1) size 80x30
                    RenderText {#text} at (0,0) size 87x29
                      text run at (0,0) width 26: "style:"
                      text run at (0,15) width 87: "\"overflow:scroll\","
                  RenderBR {BR} at (81,27) size 0x0
                RenderBlock {DIV} at (157,207) size 82x122 [border: (1px solid #0000FF)]
                  RenderBlock {SPAN} at (1,1) size 80x60
                    RenderText {#text} at (0,0) size 88x59
                      text run at (0,0) width 26: "style:"
                      text run at (0,15) width 88: "\"overflow:hidden;"
                      text run at (0,30) width 59: "width:60px;"
                      text run at (0,45) width 66: "height:60px\","
                  RenderBR {BR} at (81,57) size 0x0
                RenderBlock {DIV} at (239,207) size 82x122 [border: (1px solid #0000FF)]
                  RenderBlock {SPAN} at (1,1) size 80x60
                    RenderText {#text} at (0,0) size 82x59
                      text run at (0,0) width 26: "style:"
                      text run at (0,15) width 82: "\"overflow:scroll;"
                      text run at (0,30) width 59: "width:60px;"
                      text run at (0,45) width 66: "height:60px\","
                  RenderBR {BR} at (81,57) size 0x0
                RenderBlock {DIV} at (321,222) size 82x107 [border: (1px solid #0000FF)]
                  RenderBlock {SPAN} at (1,1) size 80x45
                    RenderText {#text} at (0,0) size 74x44
                      text run at (0,0) width 74: "cols: \"5\", style:"
                      text run at (0,15) width 63: "\"width:60px;"
                      text run at (0,30) width 66: "height:60px\","
                  RenderBR {BR} at (81,42) size 0x0
                RenderBlock {DIV} at (403,222) size 82x107 [border: (1px solid #0000FF)]
                  RenderBlock {SPAN} at (1,1) size 80x45
                    RenderText {#text} at (0,0) size 78x44
                      text run at (0,0) width 78: "rows: \"4\", style:"
                      text run at (0,15) width 63: "\"width:60px;"
                      text run at (0,30) width 66: "height:60px\","
                  RenderBR {BR} at (81,42) size 0x0
                RenderBlock {DIV} at (485,207) size 82x122 [border: (1px solid #0000FF)]
                  RenderBlock {SPAN} at (1,1) size 80x60
                    RenderText {#text} at (0,0) size 75x59
                      text run at (0,0) width 75: "cols: \"5\", rows:"
                      text run at (0,15) width 48: "\"4\", style:"
                      text run at (0,30) width 63: "\"width:60px;"
                      text run at (0,45) width 66: "height:60px\","
                  RenderBR {BR} at (81,57) size 0x0
                RenderBlock {DIV} at (567,274) size 82x55 [border: (1px solid #0000FF)]
                  RenderBlock {SPAN} at (1,1) size 80x15
                    RenderText {#text} at (0,0) size 45x14
                      text run at (0,0) width 45: "cols: \"3\","
                  RenderBR {BR} at (81,12) size 0x0
                RenderBlock {DIV} at (0,385) size 157x69 [border: (1px solid #0000FF)]
                  RenderBlock {SPAN} at (1,1) size 80x15
                    RenderText {#text} at (0,0) size 49x14
                      text run at (0,0) width 49: "rows: \"3\","
                  RenderBR {BR} at (81,12) size 0x0
                RenderBlock {DIV} at (157,399) size 82x55 [border: (1px solid #0000FF)]
                  RenderBlock {SPAN} at (1,1) size 80x15
                    RenderText {#text} at (0,0) size 45x14
                      text run at (0,0) width 45: "cols: \"7\","
                  RenderBR {BR} at (81,12) size 0x0
                RenderBlock {DIV} at (239,329) size 157x125 [border: (1px solid #0000FF)]
                  RenderBlock {SPAN} at (1,1) size 80x15
                    RenderText {#text} at (0,0) size 49x14
                      text run at (0,0) width 49: "rows: \"7\","
                  RenderBR {BR} at (81,12) size 0x0
                RenderBlock {DIV} at (396,356) size 82x98 [border: (1px solid #0000FF)]
                  RenderBlock {SPAN} at (1,1) size 80x30
                    RenderText {#text} at (0,0) size 75x29
                      text run at (0,0) width 75: "cols: \"5\", rows:"
                      text run at (0,15) width 19: "\"4\","
                  RenderBR {BR} at (81,27) size 0x0
                RenderBlock {DIV} at (478,384) size 157x70 [border: (1px solid #0000FF)]
                  RenderBlock {SPAN} at (1,1) size 80x15
                    RenderText {#text} at (0,0) size 57x14
                      text run at (0,0) width 57: "wrap: \"off\","
                  RenderBR {BR} at (81,12) size 0x0
                RenderBlock {DIV} at (635,399) size 157x55 [border: (1px solid #0000FF)]
                  RenderBlock {SPAN} at (1,1) size 80x15
                    RenderText {#text} at (0,0) size 65x14
                      text run at (0,0) width 65: "wrap: \"hard\","
                  RenderBR {BR} at (81,12) size 0x0
                RenderBlock {DIV} at (0,469) size 157x55 [border: (1px solid #0000FF)]
                  RenderBlock {SPAN} at (1,1) size 80x15
                    RenderText {#text} at (0,0) size 62x14
                      text run at (0,0) width 62: "wrap: \"soft\","
                  RenderBR {BR} at (81,12) size 0x0
                RenderBlock {DIV} at (157,454) size 157x70 [border: (1px solid #0000FF)]
                  RenderBlock {SPAN} at (1,1) size 80x30
                    RenderText {#text} at (0,0) size 72x29
                      text run at (0,0) width 65: "style: \"white-"
                      text run at (0,15) width 72: "space:normal\","
                  RenderBR {BR} at (81,27) size 0x0
                RenderBlock {DIV} at (314,454) size 157x70 [border: (1px solid #0000FF)]
                  RenderBlock {SPAN} at (1,1) size 80x30
                    RenderText {#text} at (0,0) size 65x29
                      text run at (0,0) width 65: "style: \"white-"
                      text run at (0,15) width 54: "space:pre\","
                  RenderBR {BR} at (81,27) size 0x0
                RenderBlock {DIV} at (471,454) size 157x70 [border: (1px solid #0000FF)]
                  RenderBlock {SPAN} at (1,1) size 80x30
                    RenderText {#text} at (0,0) size 78x29
                      text run at (0,0) width 65: "style: \"white-"
                      text run at (0,15) width 78: "space:prewrap\","
                  RenderBR {BR} at (81,27) size 0x0
                RenderBlock {DIV} at (628,454) size 157x70 [border: (1px solid #0000FF)]
                  RenderBlock {SPAN} at (1,1) size 80x30
                    RenderText {#text} at (0,0) size 74x29
                      text run at (0,0) width 65: "style: \"white-"
                      text run at (0,15) width 74: "space:nowrap\","
                  RenderBR {BR} at (81,27) size 0x0
                RenderBlock {DIV} at (0,569) size 157x70 [border: (1px solid #0000FF)]
                  RenderBlock {SPAN} at (1,1) size 80x30
                    RenderText {#text} at (0,0) size 76x29
                      text run at (0,0) width 65: "style: \"white-"
                      text run at (0,15) width 76: "space:pre-line\","
                  RenderBR {BR} at (81,27) size 0x0
                RenderBlock {DIV} at (157,554) size 157x85 [border: (1px solid #0000FF)]
                  RenderBlock {SPAN} at (1,1) size 80x30
                    RenderText {#text} at (0,0) size 70x29
                      text run at (0,0) width 63: "style: \"word-"
                      text run at (0,15) width 70: "wrap:normal\","
                  RenderBR {BR} at (81,27) size 0x0
                RenderBlock {DIV} at (314,524) size 157x115 [border: (1px solid #0000FF)]
                  RenderBlock {SPAN} at (1,1) size 80x60
                    RenderText {#text} at (0,0) size 65x59
                      text run at (0,0) width 57: "wrap: \"off\","
                      text run at (0,15) width 65: "style: \"white-"
                      text run at (0,30) width 50: "space:pre-"
                      text run at (0,45) width 32: "wrap\","
                  RenderBR {BR} at (81,57) size 0x0
        layer at (3,79) size 151x34 clip at (4,80) size 149x32
          RenderTextControl {TEXTAREA} at (3,3) size 151x34 [bgcolor=#FFFFFF] [border: (1px solid #4C4C4C)]
            RenderBlock {DIV} at (6,3) size 139x14
              RenderText {#text} at (0,0) size 92x14
                text run at (0,0) width 92: "Lorem ipsum dolor"
        layer at (317,63) size 160x50 clip at (318,64) size 143x48 scrollHeight 76
          RenderTextControl {TEXTAREA} at (3,33) size 160x50 [bgcolor=#FFFFFF] [border: (1px solid #4C4C4C)]
            RenderBlock {DIV} at (11,11) size 123x56
              RenderText {#text} at (0,0) size 117x56
                text run at (0,0) width 95: "Lorem ipsum  dolor"
                text run at (94,0) width 4: " "
                text run at (0,14) width 117: "ABCDEFGHIJKLMNOP"
                text run at (0,28) width 78: "QRSTUVWXYZ"
                text run at (77,28) width 4: " "
                text run at (0,42) width 116: "abcdefghijklmnopqrstuv"
        layer at (483,83) size 140x30 clip at (484,84) size 123x28 scrollHeight 56
          RenderTextControl {TEXTAREA} at (3,33) size 140x30 [bgcolor=#FFFFFF] [border: (1px solid #4C4C4C)]
            RenderBlock {DIV} at (1,1) size 123x56
              RenderText {#text} at (0,0) size 117x56
                text run at (0,0) width 95: "Lorem ipsum  dolor"
                text run at (94,0) width 4: " "
                text run at (0,14) width 117: "ABCDEFGHIJKLMNOP"
                text run at (0,28) width 78: "QRSTUVWXYZ"
                text run at (77,28) width 4: " "
                text run at (0,42) width 116: "abcdefghijklmnopqrstuv"
        layer at (637,71) size 151x34 clip at (638,72) size 134x32 scrollHeight 60
          RenderTextControl {TEXTAREA} at (11,41) size 151x34 [bgcolor=#FFFFFF] [border: (1px solid #4C4C4C)]
            RenderBlock {DIV} at (6,3) size 124x56
              RenderText {#text} at (0,0) size 117x56
                text run at (0,0) width 95: "Lorem ipsum  dolor"
                text run at (94,0) width 4: " "
                text run at (0,14) width 117: "ABCDEFGHIJKLMNOP"
                text run at (0,28) width 78: "QRSTUVWXYZ"
                text run at (77,28) width 4: " "
                text run at (0,42) width 116: "abcdefghijklmnopqrstuv"
        layer at (1,202) size 151x34 clip at (2,203) size 134x32 scrollHeight 60
          RenderTextControl {TEXTAREA} at (1,31) size 151x34 [bgcolor=#FFFFFF] [border: (1px solid #4C4C4C)]
            RenderBlock {DIV} at (6,3) size 124x56
              RenderText {#text} at (0,0) size 117x56
                text run at (0,0) width 95: "Lorem ipsum  dolor"
                text run at (94,0) width 4: " "
                text run at (0,14) width 117: "ABCDEFGHIJKLMNOP"
                text run at (0,28) width 78: "QRSTUVWXYZ"
                text run at (77,28) width 4: " "
                text run at (0,42) width 116: "abcdefghijklmnopqrstuv"
        layer at (154,200) size 60x34 clip at (155,201) size 43x32 scrollHeight 200
          RenderTextControl {TEXTAREA} at (1,33) size 60x34 [bgcolor=#FFFFFF] [border: (1px solid #4C4C4C)]
            RenderBlock {DIV} at (6,3) size 33x196
              RenderText {#text} at (0,0) size 32x196
                text run at (0,0) width 32: "Lorem"
                text run at (31,0) width 1: " "
                text run at (0,14) width 30: "ipsum"
                text run at (29,14) width 3: "  "
                text run at (0,28) width 25: "dolor"
                text run at (24,28) width 4: " "
                text run at (0,42) width 31: "ABCD"
                text run at (0,56) width 31: "EFGH"
                text run at (0,70) width 32: "IJKLM"
                text run at (0,84) width 24: "NOP"
                text run at (0,98) width 31: "QRST"
                text run at (0,112) width 26: "UVW"
                text run at (0,126) width 22: "XYZ"
                text run at (21,126) width 4: " "
                text run at (0,140) width 30: "abcde"
                text run at (0,154) width 29: "fghijkl"
                text run at (0,168) width 28: "mnop"
                text run at (0,182) width 30: "qrstuv"
        layer at (236,164) size 60x70 clip at (237,165) size 43x68 scrollHeight 992
          RenderTextControl {TEXTAREA} at (1,48) size 60x70 [bgcolor=#FFFFFF] [border: (1px solid #4C4C4C)]
            RenderBlock {DIV} at (21,21) size 3x952
              RenderText {#text} at (0,0) size 11x952
                text run at (0,0) width 7: "L"
                text run at (0,14) width 7: "o"
                text run at (0,28) width 4: "r"
                text run at (0,42) width 7: "e"
                text run at (0,56) width 10: "m"
                text run at (0,70) width 3: " "
                text run at (0,84) width 3: "i"
                text run at (0,98) width 7: "p"
                text run at (0,112) width 6: "s"
                text run at (0,126) width 7: "u"
                text run at (0,140) width 10: "m"
                text run at (0,154) width 3: " "
                text run at (0,168) width 3: " "
                text run at (0,182) width 7: "d"
                text run at (0,196) width 7: "o"
                text run at (0,210) width 3: "l"
                text run at (0,224) width 7: "o"
                text run at (0,238) width 4: "r"
                text run at (0,252) width 3: " "
                text run at (0,266) width 8: "A"
                text run at (0,280) width 8: "B"
                text run at (0,294) width 8: "C"
                text run at (0,308) width 8: "D"
                text run at (0,322) width 8: "E"
                text run at (0,336) width 7: "F"
                text run at (0,350) width 9: "G"
                text run at (0,364) width 8: "H"
                text run at (0,378) width 4: "I"
                text run at (0,392) width 6: "J"
                text run at (0,406) width 8: "K"
                text run at (0,420) width 7: "L"
                text run at (0,434) width 10: "M"
                text run at (0,448) width 8: "N"
                text run at (0,462) width 9: "O"
                text run at (0,476) width 8: "P"
                text run at (0,490) width 9: "Q"
                text run at (0,504) width 8: "R"
                text run at (0,518) width 8: "S"
                text run at (0,532) width 7: "T"
                text run at (0,546) width 8: "U"
                text run at (0,560) width 8: "V"
                text run at (0,574) width 11: "W"
                text run at (0,588) width 8: "X"
                text run at (0,602) width 8: "Y"
                text run at (0,616) width 7: "Z"
                text run at (0,630) width 3: " "
                text run at (0,644) width 7: "a"
                text run at (0,658) width 7: "b"
                text run at (0,672) width 6: "c"
                text run at (0,686) width 7: "d"
                text run at (0,700) width 7: "e"
                text run at (0,714) width 4: "f"
                text run at (0,728) width 7: "g"
                text run at (0,742) width 7: "h"
                text run at (0,756) width 3: "i"
                text run at (0,770) width 3: "j"
                text run at (0,784) width 6: "k"
                text run at (0,798) width 3: "l"
                text run at (0,812) width 10: "m"
                text run at (0,826) width 7: "n"
                text run at (0,840) width 7: "o"
                text run at (0,854) width 7: "p"
                text run at (0,868) width 7: "q"
                text run at (0,882) width 4: "r"
                text run at (0,896) width 6: "s"
                text run at (0,910) width 4: "t"
                text run at (0,924) width 7: "u"
                text run at (0,938) width 6: "v"
        layer at (318,204) size 60x30 clip at (319,205) size 43x28 scrollHeight 154
          RenderTextControl {TEXTAREA} at (1,48) size 60x30 [bgcolor=#FFFFFF] [border: (1px solid #4C4C4C)]
            RenderBlock {DIV} at (1,1) size 43x154
              RenderText {#text} at (0,0) size 43x154
                text run at (0,0) width 32: "Lorem"
                text run at (31,0) width 4: " "
                text run at (0,14) width 30: "ipsum"
                text run at (29,14) width 7: "  "
                text run at (0,28) width 25: "dolor"
                text run at (24,28) width 4: " "
                text run at (0,42) width 38: "ABCDE"
                text run at (0,56) width 40: "FGHIJK"
                text run at (0,70) width 40: "LMNOP"
                text run at (0,84) width 39: "QRSTU"
                text run at (0,98) width 40: "VWXYZ"
                text run at (39,98) width 4: " "
                text run at (0,112) width 40: "abcdefg"
                text run at (0,126) width 41: "hijklmno"
                text run at (0,140) width 37: "pqrstuv"
        layer at (402,176) size 151x60 clip at (403,177) size 134x58 scrollHeight 60
          RenderTextControl {TEXTAREA} at (3,31) size 151x60 [bgcolor=#FFFFFF] [border: (1px solid #4C4C4C)]
            RenderBlock {DIV} at (6,3) size 124x56
              RenderText {#text} at (0,0) size 117x56
                text run at (0,0) width 95: "Lorem ipsum  dolor"
                text run at (94,0) width 4: " "
                text run at (0,14) width 117: "ABCDEFGHIJKLMNOP"
                text run at (0,28) width 78: "QRSTUVWXYZ"
                text run at (77,28) width 4: " "
                text run at (0,42) width 116: "abcdefghijklmnopqrstuv"
        layer at (557,176) size 60x60 clip at (558,177) size 43x58 scrollHeight 200
          RenderTextControl {TEXTAREA} at (1,46) size 60x60 [bgcolor=#FFFFFF] [border: (1px solid #4C4C4C)]
            RenderBlock {DIV} at (6,3) size 33x196
              RenderText {#text} at (0,0) size 32x196
                text run at (0,0) width 32: "Lorem"
                text run at (31,0) width 1: " "
                text run at (0,14) width 30: "ipsum"
                text run at (29,14) width 3: "  "
                text run at (0,28) width 25: "dolor"
                text run at (24,28) width 4: " "
                text run at (0,42) width 31: "ABCD"
                text run at (0,56) width 31: "EFGH"
                text run at (0,70) width 32: "IJKLM"
                text run at (0,84) width 24: "NOP"
                text run at (0,98) width 31: "QRST"
                text run at (0,112) width 26: "UVW"
                text run at (0,126) width 22: "XYZ"
                text run at (21,126) width 4: " "
                text run at (0,140) width 30: "abcde"
                text run at (0,154) width 29: "fghijkl"
                text run at (0,168) width 28: "mnop"
                text run at (0,182) width 30: "qrstuv"
        layer at (641,200) size 151x34 clip at (642,201) size 149x32 scrollHeight 60
          RenderTextControl {TEXTAREA} at (3,33) size 151x34 [bgcolor=#FFFFFF] [border: (1px solid #4C4C4C)]
            RenderBlock {DIV} at (6,3) size 139x56
              RenderText {#text} at (0,0) size 133x56
                text run at (0,0) width 95: "Lorem ipsum  dolor"
                text run at (94,0) width 4: " "
                text run at (0,14) width 133: "ABCDEFGHIJKLMNOPQR"
                text run at (0,28) width 62: "STUVWXYZ"
                text run at (61,28) width 4: " "
                text run at (0,42) width 116: "abcdefghijklmnopqrstuv"
        layer at (3,307) size 151x49 clip at (4,308) size 134x32 scrollHeight 60
          RenderTextControl {TEXTAREA} at (3,33) size 151x49 [bgcolor=#FFFFFF] [border: (1px solid #4C4C4C)]
            RenderBlock {DIV} at (6,3) size 124x56
              RenderText {#text} at (0,0) size 117x56
                text run at (0,0) width 95: "Lorem ipsum  dolor"
                text run at (94,0) width 4: " "
                text run at (0,14) width 117: "ABCDEFGHIJKLMNOP"
                text run at (0,28) width 78: "QRSTUVWXYZ"
                text run at (77,28) width 4: " "
                text run at (0,42) width 116: "abcdefghijklmnopqrstuv"
        layer at (158,298) size 60x60 clip at (159,299) size 58x58 scrollHeight 158
          RenderTextControl {TEXTAREA} at (1,61) size 60x60 [bgcolor=#FFFFFF] [border: (1px solid #4C4C4C)]
            RenderBlock {DIV} at (6,3) size 48x154
              RenderText {#text} at (0,0) size 47x154
                text run at (0,0) width 32: "Lorem"
                text run at (31,0) width 4: " "
                text run at (0,14) width 30: "ipsum"
                text run at (29,14) width 7: "  "
                text run at (0,28) width 25: "dolor"
                text run at (24,28) width 4: " "
                text run at (0,42) width 45: "ABCDEF"
                text run at (0,56) width 39: "GHIJKL"
                text run at (0,70) width 42: "MNOPQ"
                text run at (0,84) width 38: "RSTUV"
                text run at (0,98) width 32: "WXYZ"
                text run at (31,98) width 4: " "
                text run at (0,112) width 46: "abcdefgh"
                text run at (0,126) width 47: "ijklmnopq"
                text run at (0,140) width 24: "rstuv"
        layer at (240,298) size 60x60 clip at (241,299) size 43x43 scrollHeight 200
          RenderTextControl {TEXTAREA} at (1,61) size 60x60 [bgcolor=#FFFFFF] [border: (1px solid #4C4C4C)]
            RenderBlock {DIV} at (6,3) size 33x196
              RenderText {#text} at (0,0) size 32x196
                text run at (0,0) width 32: "Lorem"
                text run at (31,0) width 1: " "
                text run at (0,14) width 30: "ipsum"
                text run at (29,14) width 3: "  "
                text run at (0,28) width 25: "dolor"
                text run at (24,28) width 4: " "
                text run at (0,42) width 31: "ABCD"
                text run at (0,56) width 31: "EFGH"
                text run at (0,70) width 32: "IJKLM"
                text run at (0,84) width 24: "NOP"
                text run at (0,98) width 31: "QRST"
                text run at (0,112) width 26: "UVW"
                text run at (0,126) width 22: "XYZ"
                text run at (21,126) width 4: " "
                text run at (0,140) width 30: "abcde"
                text run at (0,154) width 29: "fghijkl"
                text run at (0,168) width 28: "mnop"
                text run at (0,182) width 30: "qrstuv"
        layer at (322,298) size 60x60 clip at (323,299) size 43x58 scrollHeight 200
          RenderTextControl {TEXTAREA} at (1,46) size 60x60 [bgcolor=#FFFFFF] [border: (1px solid #4C4C4C)]
            RenderBlock {DIV} at (6,3) size 33x196
              RenderText {#text} at (0,0) size 32x196
                text run at (0,0) width 32: "Lorem"
                text run at (31,0) width 1: " "
                text run at (0,14) width 30: "ipsum"
                text run at (29,14) width 3: "  "
                text run at (0,28) width 25: "dolor"
                text run at (24,28) width 4: " "
                text run at (0,42) width 31: "ABCD"
                text run at (0,56) width 31: "EFGH"
                text run at (0,70) width 32: "IJKLM"
                text run at (0,84) width 24: "NOP"
                text run at (0,98) width 31: "QRST"
                text run at (0,112) width 26: "UVW"
                text run at (0,126) width 22: "XYZ"
                text run at (21,126) width 4: " "
                text run at (0,140) width 30: "abcde"
                text run at (0,154) width 29: "fghijkl"
                text run at (0,168) width 28: "mnop"
                text run at (0,182) width 30: "qrstuv"
        layer at (404,298) size 60x60 clip at (405,299) size 43x58 scrollHeight 200
          RenderTextControl {TEXTAREA} at (1,46) size 60x60 [bgcolor=#FFFFFF] [border: (1px solid #4C4C4C)]
            RenderBlock {DIV} at (6,3) size 33x196
              RenderText {#text} at (0,0) size 32x196
                text run at (0,0) width 32: "Lorem"
                text run at (31,0) width 1: " "
                text run at (0,14) width 30: "ipsum"
                text run at (29,14) width 3: "  "
                text run at (0,28) width 25: "dolor"
                text run at (24,28) width 4: " "
                text run at (0,42) width 31: "ABCD"
                text run at (0,56) width 31: "EFGH"
                text run at (0,70) width 32: "IJKLM"
                text run at (0,84) width 24: "NOP"
                text run at (0,98) width 31: "QRST"
                text run at (0,112) width 26: "UVW"
                text run at (0,126) width 22: "XYZ"
                text run at (21,126) width 4: " "
                text run at (0,140) width 30: "abcde"
                text run at (0,154) width 29: "fghijkl"
                text run at (0,168) width 28: "mnop"
                text run at (0,182) width 30: "qrstuv"
        layer at (486,298) size 60x60 clip at (487,299) size 43x58 scrollHeight 200
          RenderTextControl {TEXTAREA} at (1,61) size 60x60 [bgcolor=#FFFFFF] [border: (1px solid #4C4C4C)]
            RenderBlock {DIV} at (6,3) size 33x196
              RenderText {#text} at (0,0) size 32x196
                text run at (0,0) width 32: "Lorem"
                text run at (31,0) width 1: " "
                text run at (0,14) width 30: "ipsum"
                text run at (29,14) width 3: "  "
                text run at (0,28) width 25: "dolor"
                text run at (24,28) width 4: " "
                text run at (0,42) width 31: "ABCD"
                text run at (0,56) width 31: "EFGH"
                text run at (0,70) width 32: "IJKLM"
                text run at (0,84) width 24: "NOP"
                text run at (0,98) width 31: "QRST"
                text run at (0,112) width 26: "UVW"
                text run at (0,126) width 22: "XYZ"
                text run at (21,126) width 4: " "
                text run at (0,140) width 30: "abcde"
                text run at (0,154) width 29: "fghijkl"
                text run at (0,168) width 28: "mnop"
                text run at (0,182) width 30: "qrstuv"
        layer at (570,322) size 47x34 clip at (571,323) size 30x32 scrollHeight 368
          RenderTextControl {TEXTAREA} at (3,18) size 47x34 [bgcolor=#FFFFFF] [border: (1px solid #4C4C4C)]
            RenderBlock {DIV} at (6,3) size 20x364
              RenderText {#text} at (0,0) size 19x364
                text run at (0,0) width 16: "Lor"
                text run at (0,14) width 16: "em"
                text run at (15,14) width 4: " "
                text run at (0,28) width 15: "ips"
                text run at (0,42) width 16: "um"
                text run at (15,42) width 4: "  "
                text run at (0,56) width 15: "dol"
                text run at (0,70) width 10: "or"
                text run at (9,70) width 4: " "
                text run at (0,84) width 15: "AB"
                text run at (0,98) width 16: "CD"
                text run at (0,112) width 15: "EF"
                text run at (0,126) width 17: "GH"
                text run at (0,140) width 16: "IJK"
                text run at (0,154) width 16: "LM"
                text run at (0,168) width 17: "NO"
                text run at (0,182) width 16: "PQ"
                text run at (0,196) width 16: "RS"
                text run at (0,210) width 15: "TU"
                text run at (0,224) width 18: "VW"
                text run at (0,238) width 15: "XY"
                text run at (0,252) width 7: "Z"
                text run at (6,252) width 4: " "
                text run at (0,266) width 18: "abc"
                text run at (0,280) width 16: "def"
                text run at (0,294) width 18: "ghij"
                text run at (0,308) width 18: "klm"
                text run at (0,322) width 19: "nop"
                text run at (0,336) width 19: "qrst"
                text run at (0,350) width 12: "uv"
        layer at (3,433) size 151x48 clip at (4,434) size 134x46 scrollHeight 60
          RenderTextControl {TEXTAREA} at (3,18) size 151x48 [bgcolor=#FFFFFF] [border: (1px solid #4C4C4C)]
            RenderBlock {DIV} at (6,3) size 124x56
              RenderText {#text} at (0,0) size 117x56
                text run at (0,0) width 95: "Lorem ipsum  dolor"
                text run at (94,0) width 4: " "
                text run at (0,14) width 117: "ABCDEFGHIJKLMNOP"
                text run at (0,28) width 78: "QRSTUVWXYZ"
                text run at (77,28) width 4: " "
                text run at (0,42) width 116: "abcdefghijklmnopqrstuv"
        layer at (160,447) size 71x34 clip at (161,448) size 54x32 scrollHeight 158
          RenderTextControl {TEXTAREA} at (3,18) size 71x34 [bgcolor=#FFFFFF] [border: (1px solid #4C4C4C)]
            RenderBlock {DIV} at (6,3) size 44x154
              RenderText {#text} at (0,0) size 43x154
                text run at (0,0) width 32: "Lorem"
                text run at (31,0) width 4: " "
                text run at (0,14) width 30: "ipsum"
                text run at (29,14) width 7: "  "
                text run at (0,28) width 25: "dolor"
                text run at (24,28) width 4: " "
                text run at (0,42) width 38: "ABCDE"
                text run at (0,56) width 40: "FGHIJK"
                text run at (0,70) width 40: "LMNOP"
                text run at (0,84) width 39: "QRSTU"
                text run at (0,98) width 40: "VWXYZ"
                text run at (39,98) width 4: " "
                text run at (0,112) width 40: "abcdefg"
                text run at (0,126) width 41: "hijklmno"
                text run at (0,140) width 37: "pqrstuv"
        layer at (242,377) size 151x104 clip at (243,378) size 149x102
          RenderTextControl {TEXTAREA} at (3,18) size 151x104 [bgcolor=#FFFFFF] [border: (1px solid #4C4C4C)]
            RenderBlock {DIV} at (6,3) size 139x56
              RenderText {#text} at (0,0) size 133x56
                text run at (0,0) width 95: "Lorem ipsum  dolor"
                text run at (94,0) width 4: " "
                text run at (0,14) width 133: "ABCDEFGHIJKLMNOPQR"
                text run at (0,28) width 62: "STUVWXYZ"
                text run at (61,28) width 4: " "
                text run at (0,42) width 116: "abcdefghijklmnopqrstuv"
        layer at (399,419) size 59x62 clip at (400,420) size 42x60 scrollHeight 228
          RenderTextControl {TEXTAREA} at (3,33) size 59x62 [bgcolor=#FFFFFF] [border: (1px solid #4C4C4C)]
            RenderBlock {DIV} at (6,3) size 32x224
              RenderText {#text} at (0,0) size 31x224
                text run at (0,0) width 23: "Lore"
                text run at (0,14) width 10: "m"
                text run at (9,14) width 4: " "
                text run at (0,28) width 30: "ipsum"
                text run at (29,28) width 2: "  "
                text run at (0,42) width 25: "dolor"
                text run at (24,42) width 4: " "
                text run at (0,56) width 31: "ABCD"
                text run at (0,70) width 31: "EFGH"
                text run at (0,84) width 23: "IJKL"
                text run at (0,98) width 26: "MNO"
                text run at (0,112) width 24: "PQR"
                text run at (0,126) width 30: "STUV"
                text run at (0,140) width 26: "WXY"
                text run at (0,154) width 7: "Z"
                text run at (6,154) width 4: " "
                text run at (0,168) width 30: "abcde"
                text run at (0,182) width 29: "fghijkl"
                text run at (0,196) width 28: "mnop"
                text run at (0,210) width 30: "qrstuv"
        layer at (481,432) size 151x49 clip at (482,433) size 149x32 scrollWidth 415
          RenderTextControl {TEXTAREA} at (3,18) size 151x49 [bgcolor=#FFFFFF] [border: (1px solid #4C4C4C)]
            RenderBlock {DIV} at (6,3) size 139x14
              RenderText {#text} at (0,0) size 410x14
                text run at (0,0) width 410: "Lorem ipsum  dolor ABCDEFGHIJKLMNOPQRSTUVWXYZ abcdefghijklmnopqrstuv"
        layer at (638,447) size 151x34 clip at (639,448) size 134x32 scrollHeight 60
          RenderTextControl {TEXTAREA} at (3,18) size 151x34 [bgcolor=#FFFFFF] [border: (1px solid #4C4C4C)]
            RenderBlock {DIV} at (6,3) size 124x56
              RenderText {#text} at (0,0) size 117x56
                text run at (0,0) width 95: "Lorem ipsum  dolor"
                text run at (94,0) width 4: " "
                text run at (0,14) width 117: "ABCDEFGHIJKLMNOP"
                text run at (0,28) width 78: "QRSTUVWXYZ"
                text run at (77,28) width 4: " "
                text run at (0,42) width 116: "abcdefghijklmnopqrstuv"
        layer at (3,517) size 151x34 clip at (4,518) size 134x32 scrollHeight 60
          RenderTextControl {TEXTAREA} at (3,18) size 151x34 [bgcolor=#FFFFFF] [border: (1px solid #4C4C4C)]
            RenderBlock {DIV} at (6,3) size 124x56
              RenderText {#text} at (0,0) size 117x56
                text run at (0,0) width 95: "Lorem ipsum  dolor"
                text run at (94,0) width 4: " "
                text run at (0,14) width 117: "ABCDEFGHIJKLMNOP"
                text run at (0,28) width 78: "QRSTUVWXYZ"
                text run at (77,28) width 4: " "
                text run at (0,42) width 116: "abcdefghijklmnopqrstuv"
        layer at (160,517) size 151x34 clip at (161,518) size 134x32 scrollHeight 60
          RenderTextControl {TEXTAREA} at (3,33) size 151x34 [bgcolor=#FFFFFF] [border: (1px solid #4C4C4C)]
            RenderBlock {DIV} at (6,3) size 124x56
              RenderText {#text} at (0,0) size 117x56
                text run at (0,0) width 67: "Lorem ipsum "
                text run at (66,0) width 26: "dolor"
                text run at (91,0) width 4: " "
                text run at (0,14) width 117: "ABCDEFGHIJKLMNOP"
                text run at (0,28) width 78: "QRSTUVWXYZ"
                text run at (77,28) width 4: " "
                text run at (0,42) width 116: "abcdefghijklmnopqrstuv"
        layer at (317,517) size 151x34 clip at (318,518) size 134x32 scrollHeight 60
          RenderTextControl {TEXTAREA} at (3,33) size 151x34 [bgcolor=#FFFFFF] [border: (1px solid #4C4C4C)]
            RenderBlock {DIV} at (6,3) size 124x56
              RenderText {#text} at (0,0) size 120x56
                text run at (0,0) width 120: "Lorem ipsum  dolor ABC"
                text run at (0,14) width 118: "DEFGHIJKLMNOPQRS"
                text run at (0,28) width 115: "TUVWXYZ abcdefghijkl"
                text run at (0,42) width 58: "mnopqrstuv"
        layer at (474,517) size 151x34 clip at (475,518) size 134x32 scrollHeight 60
          RenderTextControl {TEXTAREA} at (3,33) size 151x34 [bgcolor=#FFFFFF] [border: (1px solid #4C4C4C)]
            RenderBlock {DIV} at (6,3) size 124x56
              RenderText {#text} at (0,0) size 117x56
                text run at (0,0) width 95: "Lorem ipsum  dolor"
                text run at (94,0) width 4: " "
                text run at (0,14) width 117: "ABCDEFGHIJKLMNOP"
                text run at (0,28) width 78: "QRSTUVWXYZ"
                text run at (77,28) width 4: " "
                text run at (0,42) width 116: "abcdefghijklmnopqrstuv"
        layer at (631,517) size 151x34 clip at (632,518) size 134x17 scrollWidth 412 scrollHeight 18
          RenderTextControl {TEXTAREA} at (3,33) size 151x34 [bgcolor=#FFFFFF] [border: (1px solid #4C4C4C)]
            RenderBlock {DIV} at (6,3) size 139x14
              RenderText {#text} at (0,0) size 407x14
                text run at (0,0) width 67: "Lorem ipsum "
                text run at (66,0) width 341: "dolor ABCDEFGHIJKLMNOPQRSTUVWXYZ abcdefghijklmnopqrstuv"
        layer at (3,632) size 151x34 clip at (4,633) size 134x32 scrollHeight 60
          RenderTextControl {TEXTAREA} at (3,33) size 151x34 [bgcolor=#FFFFFF] [border: (1px solid #4C4C4C)]
            RenderBlock {DIV} at (6,3) size 124x56
              RenderText {#text} at (0,0) size 117x56
                text run at (0,0) width 67: "Lorem ipsum "
                text run at (66,0) width 26: "dolor"
                text run at (91,0) width 4: " "
                text run at (0,14) width 117: "ABCDEFGHIJKLMNOP"
                text run at (0,28) width 78: "QRSTUVWXYZ"
                text run at (77,28) width 4: " "
                text run at (0,42) width 116: "abcdefghijklmnopqrstuv"
        layer at (160,617) size 151x49 clip at (161,618) size 134x32 scrollWidth 199 scrollHeight 46
          RenderTextControl {TEXTAREA} at (3,33) size 151x49 [bgcolor=#FFFFFF] [border: (1px solid #4C4C4C)]
            RenderBlock {DIV} at (6,3) size 139x42
              RenderText {#text} at (0,0) size 194x42
                text run at (0,0) width 95: "Lorem ipsum  dolor"
                text run at (94,0) width 4: " "
                text run at (0,14) width 194: "ABCDEFGHIJKLMNOPQRSTUVWXYZ"
                text run at (0,28) width 119: " abcdefghijklmnopqrstuv"
        layer at (317,617) size 151x49 clip at (318,618) size 134x32 scrollWidth 199 scrollHeight 46
          RenderTextControl {TEXTAREA} at (3,63) size 151x49 [bgcolor=#FFFFFF] [border: (1px solid #4C4C4C)]
            RenderBlock {DIV} at (6,3) size 139x42
              RenderText {#text} at (0,0) size 194x42
                text run at (0,0) width 95: "Lorem ipsum  dolor"
                text run at (94,0) width 4: " "
                text run at (0,14) width 194: "ABCDEFGHIJKLMNOPQRSTUVWXYZ"
                text run at (0,28) width 119: " abcdefghijklmnopqrstuv"
        layer at (160,79) size 151x34 clip at (161,80) size 134x32 scrollHeight 60
          RenderTextControl {TEXTAREA} at (3,18) size 151x34 [bgcolor=#FFFFFF] [border: (1px solid #4C4C4C)]
            RenderBlock {DIV} at (6,3) size 124x56 [color=#545454]
              RenderText {#text} at (0,0) size 117x56
                text run at (0,0) width 95: "Lorem ipsum  dolor"
                text run at (94,0) width 4: " "
                text run at (0,14) width 117: "ABCDEFGHIJKLMNOP"
                text run at (0,28) width 78: "QRSTUVWXYZ"
                text run at (77,28) width 4: " "
                text run at (0,42) width 116: "abcdefghijklmnopqrstuv"
      RenderText {#text} at (0,0) size 0x0
