layer at (0,0) size 800x600
  RenderView at (0,0) size 800x600
layer at (0,0) size 800x600
  RenderBlock {HTML} at (0,0) size 800x600
    RenderBody {BODY} at (8,8) size 784x584
      RenderText {#text} at (0,0) size 453x19
        text run at (0,0) width 453: "This tests that a scrollbar will appear when text overflows the textarea "
      RenderBR {BR} at (452,15) size 1x0
      RenderText {#text} at (0,0) size 0x0
layer at (10,30) size 151x90 clip at (11,31) size 134x88 scrollHeight 130
  RenderTextControl {TEXTAREA} at (2,22) size 151x90 [bgcolor=#FFFFFF] [border: (1px solid #4C4C4C)]
    RenderBlock {DIV} at (6,3) size 124x126
      RenderText {#text} at (0,0) size 7x56
        text run at (0,0) width 7: "1"
        text run at (6,0) width 1: " "
        text run at (0,14) width 7: "2"
        text run at (6,14) width 1: " "
        text run at (0,28) width 7: "3"
        text run at (6,28) width 1: " "
        text run at (0,42) width 7: "4"
        text run at (6,42) width 1: " "
      RenderText {#text} at (0,56) size 7x14
        text run at (0,56) width 7: "5"
      RenderText {#text} at (6,56) size 1x14
        text run at (6,56) width 1: " "
      RenderText {#text} at (0,70) size 7x14
        text run at (0,70) width 7: "6"
      RenderText {#text} at (6,70) size 1x14
        text run at (6,70) width 1: " "
      RenderText {#text} at (0,84) size 7x14
        text run at (0,84) width 7: "7"
      RenderText {#text} at (6,84) size 1x14
        text run at (6,84) width 1: " "
      RenderText {#text} at (0,98) size 7x14
        text run at (0,98) width 7: "8"
      RenderText {#text} at (6,98) size 1x14
        text run at (6,98) width 1: " "
      RenderText {#text} at (0,112) size 0x14
        text run at (0,112) width 0: " "
caret: position 0 of child 9 {#text} of child 0 {DIV} of {#document-fragment} of child 3 {TEXTAREA} of body
