layer at (0,0) size 800x852
  RenderView at (0,0) size 800x600
layer at (0,0) size 800x852
  RenderBlock {HTML} at (0,0) size 800x852
    RenderBody {BODY} at (8,8) size 784x836
      RenderBlock {P} at (0,0) size 784x20
        RenderText {#text} at (0,0) size 712x19
          text run at (0,0) width 712: "The dominant plugin should play automatically, and then so should the identical plugin that is added a bit later."
      RenderBlock {DIV} at (0,36) size 784x600
        RenderEmbeddedObject {EMBED} at (0,0) size 600x600
        RenderText {#text} at (0,0) size 0x0
      RenderBlock {DIV} at (0,636) size 784x200
        RenderEmbeddedObject {EMBED} at (0,0) size 200x200
