EDITING DELEGATE: shouldBeginEditingInDOMRange:range from 0 of DIV > BODY > HTML > #document to 3 of DIV > BODY > HTML > #document
EDITING DELEGATE: webViewDidBeginEditing:WebViewDidBeginEditingNotification
EDITING DELEGATE: webViewDidChangeSelection:WebViewDidChangeSelectionNotification
EDITING DELEGATE: webViewDidChangeSelection:WebViewDidChangeSelectionNotification
EDITING DELEGATE: webViewDidChangeSelection:WebViewDidChangeSelectionNotification
EDITING DELEGATE: shouldInsertText:k replacingDOMRange:range from 9 of #text > DIV > DIV > BODY > HTML > #document to 9 of #text > DIV > DIV > BODY > HTML > #document givenAction:WebViewInsertActionTyped
EDITING DELEGATE: shouldChangeSelectedDOMRange:range from 9 of #text > DIV > DIV > BODY > HTML > #document to 9 of #text > DIV > DIV > BODY > HTML > #document toDOMRange:range from 10 of #text > DIV > DIV > BODY > HTML > #document to 10 of #text > DIV > DIV > BODY > HTML > #document affinity:NSSelectionAffinityDownstream stillSelecting:FALSE
EDITING DELEGATE: webViewDidChangeSelection:WebViewDidChangeSelectionNotification
EDITING DELEGATE: webViewDidChange:WebViewDidChangeNotification
EDITING DELEGATE: webViewDidChangeSelection:WebViewDidChangeSelectionNotification
EDITING DELEGATE: shouldInsertText:a replacingDOMRange:range from 14 of #text > DIV > DIV > BODY > HTML > #document to 14 of #text > DIV > DIV > BODY > HTML > #document givenAction:WebViewInsertActionTyped
EDITING DELEGATE: shouldChangeSelectedDOMRange:range from 14 of #text > DIV > DIV > BODY > HTML > #document to 14 of #text > DIV > DIV > BODY > HTML > #document toDOMRange:range from 15 of #text > DIV > DIV > BODY > HTML > #document to 15 of #text > DIV > DIV > BODY > HTML > #document affinity:NSSelectionAffinityDownstream stillSelecting:FALSE
EDITING DELEGATE: webViewDidChangeSelection:WebViewDidChangeSelectionNotification
EDITING DELEGATE: webViewDidChange:WebViewDidChangeNotification
EDITING DELEGATE: shouldInsertText:y replacingDOMRange:range from 15 of #text > DIV > DIV > BODY > HTML > #document to 15 of #text > DIV > DIV > BODY > HTML > #document givenAction:WebViewInsertActionTyped
EDITING DELEGATE: shouldChangeSelectedDOMRange:range from 15 of #text > DIV > DIV > BODY > HTML > #document to 15 of #text > DIV > DIV > BODY > HTML > #document toDOMRange:range from 16 of #text > DIV > DIV > BODY > HTML > #document to 16 of #text > DIV > DIV > BODY > HTML > #document affinity:NSSelectionAffinityDownstream stillSelecting:FALSE
EDITING DELEGATE: webViewDidChangeSelection:WebViewDidChangeSelectionNotification
EDITING DELEGATE: webViewDidChange:WebViewDidChangeNotification
layer at (0,0) size 800x600
  RenderView at (0,0) size 800x600
layer at (0,0) size 800x600
  RenderBlock {HTML} at (0,0) size 800x600
    RenderBody {BODY} at (8,8) size 784x584
      RenderBlock {DIV} at (0,0) size 784x194 [border: (2px solid #0000FF)]
        RenderBlock {DIV} at (14,14) size 756x60
          RenderText {#text} at (0,1) size 66x28
            text run at (0,1) width 66: "Tests: "
          RenderBR {BR} at (0,0) size 0x0
          RenderText {#text} at (0,31) size 220x28
            text run at (0,31) width 220: "ctrl-a, ctrl-k, and ctrl-y"
        RenderBlock {DIV} at (14,90) size 756x90
          RenderText {#text} at (0,1) size 190x28
            text run at (0,1) width 190: "Expected Results: "
          RenderBR {BR} at (189,23) size 1x0
          RenderBR {BR} at (0,31) size 0x28
          RenderText {#text} at (0,61) size 220x28
            text run at (0,61) width 220: "one two three four five"
      RenderBlock {DIV} at (0,218) size 784x34
        RenderBlock {DIV} at (0,0) size 784x34 [border: (2px solid #FF0000)]
          RenderText {#text} at (2,3) size 255x28
            text run at (2,3) width 255: "one five ktwo aythree four"
caret: position 16 of child 0 {#text} of child 1 {DIV} of child 3 {DIV} of body
