layer at (0,0) size 800x600
  RenderView at (0,0) size 800x600
layer at (0,0) size 800x140
  RenderBlock {HTML} at (0,0) size 800x140
    RenderBody {BODY} at (8,8) size 784x124
      RenderBlock {DIV} at (0,0) size 784x40 [color=#008000]
        RenderBlock {DIV} at (0,0) size 784x40 [color=#FF0000] [border: (3px solid #008000)]
          RenderBlock {DIV} at (3,3) size 778x34 [color=#008000]
            RenderText {#text} at (0,0) size 766x34
              text run at (0,0) width 409: "This should have a green border, because the computed value of "
              text run at (409,0) width 357: "'border-color' set to its initial value is the computed value"
              text run at (0,17) width 274: "of 'color', which is then inherited as a color."
      RenderBlock {DIV} at (0,56) size 784x23 [color=#008000]
        RenderBlock {DIV} at (0,0) size 784x23 [color=#FF0000] [border: (3px solid #008000)]
          RenderBlock {DIV} at (3,3) size 778x17 [color=#008000]
            RenderText {#text} at (0,0) size 56x17
              text run at (0,0) width 56: "This too."
      RenderBlock {DIV} at (0,95) size 784x29 [color=#008000] [border: (3px solid #008000)]
        RenderBlock {DIV} at (3,3) size 778x23 [color=#FF0000] [border: (3px solid #008000)]
          RenderBlock {DIV} at (3,3) size 772x17 [color=#008000]
            RenderText {#text} at (0,0) size 56x17
              text run at (0,0) width 56: "This too."
