layer at (0,0) size 800x600
  RenderView at (0,0) size 800x600
layer at (0,0) size 800x452
  RenderBlock {HTML} at (0,0) size 800x452
    RenderBody {BODY} at (8,20) size 784x422
layer at (18,20) size 764x422
  RenderBlock {DIV} at (10,0) size 764x422
    RenderTable {TABLE} at (20,0) size 131x53 [border: none]
      RenderTableSection {TBODY} at (0,0) size 130x52
        RenderTableRow {TR} at (0,0) size 130x13
          RenderTableCell {TD} at (0,5) size 13x3 [border: (1px solid #000000)] [r=0 c=0 rs=1 cs=1]
          RenderTableCell {TD} at (13,5) size 13x3 [border: (1px solid #000000)] [r=0 c=1 rs=1 cs=1]
          RenderTableCell {TD} at (26,5) size 13x3 [border: (1px solid #000000)] [r=0 c=2 rs=1 cs=1]
          RenderTableCell {TD} at (39,5) size 13x3 [border: (1px solid #000000)] [r=0 c=3 rs=1 cs=1]
          RenderTableCell {TD} at (52,5) size 13x3 [border: (1px solid #000000)] [r=0 c=4 rs=1 cs=1]
          RenderTableCell {TD} at (65,5) size 13x3 [border: (1px solid #000000)] [r=0 c=5 rs=1 cs=1]
          RenderTableCell {TD} at (78,5) size 13x3 [border: (1px solid #000000)] [r=0 c=6 rs=1 cs=1]
          RenderTableCell {TD} at (91,5) size 13x3 [border: (1px solid #000000)] [r=0 c=7 rs=1 cs=1]
          RenderTableCell {TD} at (104,5) size 13x3 [border: (1px solid #000000)] [r=0 c=8 rs=1 cs=1]
          RenderTableCell {TD} at (117,5) size 13x3 [border: (1px solid #000000)] [r=0 c=9 rs=1 cs=1]
        RenderTableRow {TR} at (0,13) size 130x13
          RenderTableCell {TD} at (0,18) size 13x3 [border: (1px solid #000000)] [r=1 c=0 rs=1 cs=1]
          RenderTableCell {TD} at (13,18) size 13x3 [border: (1px solid #000000)] [r=1 c=1 rs=1 cs=1]
          RenderTableCell {TD} at (26,18) size 13x3 [border: (1px solid #000000)] [r=1 c=2 rs=1 cs=1]
          RenderTableCell {TD} at (39,18) size 13x3 [border: (1px solid #000000)] [r=1 c=3 rs=1 cs=1]
          RenderTableCell {TD} at (52,18) size 13x3 [border: (1px solid #000000)] [r=1 c=4 rs=1 cs=1]
          RenderTableCell {TD} at (65,18) size 13x3 [border: (1px solid #000000)] [r=1 c=5 rs=1 cs=1]
          RenderTableCell {TD} at (78,18) size 13x3 [border: (1px solid #000000)] [r=1 c=6 rs=1 cs=1]
          RenderTableCell {TD} at (91,18) size 13x3 [border: (1px solid #000000)] [r=1 c=7 rs=1 cs=1]
          RenderTableCell {TD} at (104,18) size 13x3 [border: (1px solid #000000)] [r=1 c=8 rs=1 cs=1]
          RenderTableCell {TD} at (117,18) size 13x3 [border: (1px solid #000000)] [r=1 c=9 rs=1 cs=1]
        RenderTableRow {TR} at (0,26) size 130x13
          RenderTableCell {TD} at (0,31) size 13x3 [border: (1px solid #000000)] [r=2 c=0 rs=1 cs=1]
          RenderTableCell {TD} at (13,31) size 13x3 [border: (1px solid #000000)] [r=2 c=1 rs=1 cs=1]
          RenderTableCell {TD} at (26,31) size 13x3 [border: (1px solid #000000)] [r=2 c=2 rs=1 cs=1]
          RenderTableCell {TD} at (39,31) size 13x3 [border: (1px solid #000000)] [r=2 c=3 rs=1 cs=1]
          RenderTableCell {TD} at (52,31) size 13x3 [border: (1px solid #000000)] [r=2 c=4 rs=1 cs=1]
          RenderTableCell {TD} at (65,31) size 13x3 [border: (1px solid #000000)] [r=2 c=5 rs=1 cs=1]
          RenderTableCell {TD} at (78,31) size 13x3 [border: (1px solid #000000)] [r=2 c=6 rs=1 cs=1]
          RenderTableCell {TD} at (91,31) size 13x3 [border: (1px solid #000000)] [r=2 c=7 rs=1 cs=1]
          RenderTableCell {TD} at (104,31) size 13x3 [border: (1px solid #000000)] [r=2 c=8 rs=1 cs=1]
          RenderTableCell {TD} at (117,31) size 13x3 [border: (1px solid #000000)] [r=2 c=9 rs=1 cs=1]
        RenderTableRow {TR} at (0,39) size 130x13
          RenderTableCell {TD} at (0,44) size 13x3 [border: (1px solid #000000)] [r=3 c=0 rs=1 cs=1]
          RenderTableCell {TD} at (13,44) size 13x3 [border: (1px solid #000000)] [r=3 c=1 rs=1 cs=1]
          RenderTableCell {TD} at (26,44) size 13x3 [border: (1px solid #000000)] [r=3 c=2 rs=1 cs=1]
          RenderTableCell {TD} at (39,44) size 13x3 [border: (1px solid #000000)] [r=3 c=3 rs=1 cs=1]
          RenderTableCell {TD} at (52,44) size 13x3 [border: (1px solid #000000)] [r=3 c=4 rs=1 cs=1]
          RenderTableCell {TD} at (65,44) size 13x3 [border: (1px solid #000000)] [r=3 c=5 rs=1 cs=1]
          RenderTableCell {TD} at (78,44) size 13x3 [border: (1px solid #000000)] [r=3 c=6 rs=1 cs=1]
          RenderTableCell {TD} at (91,44) size 13x3 [border: (1px solid #000000)] [r=3 c=7 rs=1 cs=1]
          RenderTableCell {TD} at (104,44) size 13x3 [border: (1px solid #000000)] [r=3 c=8 rs=1 cs=1]
          RenderTableCell {TD} at (117,44) size 13x3 [border: (1px solid #000000)] [r=3 c=9 rs=1 cs=1]
    RenderTable {TABLE} at (20,73) size 162x66
      RenderTableSection {TBODY} at (0,0) size 162x66
        RenderTableRow {TR} at (0,2) size 162x14
          RenderTableCell {TD} at (2,7) size 14x4 [border: (1px solid #000000)] [r=0 c=0 rs=1 cs=1]
          RenderTableCell {TD} at (18,7) size 14x4 [border: (1px solid #000000)] [r=0 c=1 rs=1 cs=1]
          RenderTableCell {TD} at (34,7) size 14x4 [border: (1px solid #000000)] [r=0 c=2 rs=1 cs=1]
          RenderTableCell {TD} at (50,7) size 14x4 [border: (1px solid #000000)] [r=0 c=3 rs=1 cs=1]
          RenderTableCell {TD} at (66,7) size 14x4 [border: (1px solid #000000)] [r=0 c=4 rs=1 cs=1]
          RenderTableCell {TD} at (82,7) size 14x4 [border: (1px solid #000000)] [r=0 c=5 rs=1 cs=1]
          RenderTableCell {TD} at (98,7) size 14x4 [border: (1px solid #000000)] [r=0 c=6 rs=1 cs=1]
          RenderTableCell {TD} at (114,7) size 14x4 [border: (1px solid #000000)] [r=0 c=7 rs=1 cs=1]
          RenderTableCell {TD} at (130,7) size 14x4 [border: (1px solid #000000)] [r=0 c=8 rs=1 cs=1]
          RenderTableCell {TD} at (146,7) size 14x4 [border: (1px solid #000000)] [r=0 c=9 rs=1 cs=1]
        RenderTableRow {TR} at (0,18) size 162x14
          RenderTableCell {TD} at (2,23) size 14x4 [border: (1px solid #000000)] [r=1 c=0 rs=1 cs=1]
          RenderTableCell {TD} at (18,23) size 14x4 [border: (1px solid #000000)] [r=1 c=1 rs=1 cs=1]
          RenderTableCell {TD} at (34,23) size 14x4 [border: (1px solid #000000)] [r=1 c=2 rs=1 cs=1]
          RenderTableCell {TD} at (50,23) size 14x4 [border: (1px solid #000000)] [r=1 c=3 rs=1 cs=1]
          RenderTableCell {TD} at (66,23) size 14x4 [border: (1px solid #000000)] [r=1 c=4 rs=1 cs=1]
          RenderTableCell {TD} at (82,23) size 14x4 [border: (1px solid #000000)] [r=1 c=5 rs=1 cs=1]
          RenderTableCell {TD} at (98,23) size 14x4 [border: (1px solid #000000)] [r=1 c=6 rs=1 cs=1]
          RenderTableCell {TD} at (114,23) size 14x4 [border: (1px solid #000000)] [r=1 c=7 rs=1 cs=1]
          RenderTableCell {TD} at (130,23) size 14x4 [border: (1px solid #000000)] [r=1 c=8 rs=1 cs=1]
          RenderTableCell {TD} at (146,23) size 14x4 [border: (1px solid #000000)] [r=1 c=9 rs=1 cs=1]
        RenderTableRow {TR} at (0,34) size 162x14
          RenderTableCell {TD} at (2,39) size 14x4 [border: (1px solid #000000)] [r=2 c=0 rs=1 cs=1]
          RenderTableCell {TD} at (18,39) size 14x4 [border: (1px solid #000000)] [r=2 c=1 rs=1 cs=1]
          RenderTableCell {TD} at (34,39) size 14x4 [border: (1px solid #000000)] [r=2 c=2 rs=1 cs=1]
          RenderTableCell {TD} at (50,39) size 14x4 [border: (1px solid #000000)] [r=2 c=3 rs=1 cs=1]
          RenderTableCell {TD} at (66,39) size 14x4 [border: (1px solid #000000)] [r=2 c=4 rs=1 cs=1]
          RenderTableCell {TD} at (82,39) size 14x4 [border: (1px solid #000000)] [r=2 c=5 rs=1 cs=1]
          RenderTableCell {TD} at (98,39) size 14x4 [border: (1px solid #000000)] [r=2 c=6 rs=1 cs=1]
          RenderTableCell {TD} at (114,39) size 14x4 [border: (1px solid #000000)] [r=2 c=7 rs=1 cs=1]
          RenderTableCell {TD} at (130,39) size 14x4 [border: (1px solid #000000)] [r=2 c=8 rs=1 cs=1]
          RenderTableCell {TD} at (146,39) size 14x4 [border: (1px solid #000000)] [r=2 c=9 rs=1 cs=1]
        RenderTableRow {TR} at (0,50) size 162x14
          RenderTableCell {TD} at (2,55) size 14x4 [border: (1px solid #000000)] [r=3 c=0 rs=1 cs=1]
          RenderTableCell {TD} at (18,55) size 14x4 [border: (1px solid #000000)] [r=3 c=1 rs=1 cs=1]
          RenderTableCell {TD} at (34,55) size 14x4 [border: (1px solid #000000)] [r=3 c=2 rs=1 cs=1]
          RenderTableCell {TD} at (50,55) size 14x4 [border: (1px solid #000000)] [r=3 c=3 rs=1 cs=1]
          RenderTableCell {TD} at (66,55) size 14x4 [border: (1px solid #000000)] [r=3 c=4 rs=1 cs=1]
          RenderTableCell {TD} at (82,55) size 14x4 [border: (1px solid #000000)] [r=3 c=5 rs=1 cs=1]
          RenderTableCell {TD} at (98,55) size 14x4 [border: (1px solid #000000)] [r=3 c=6 rs=1 cs=1]
          RenderTableCell {TD} at (114,55) size 14x4 [border: (1px solid #000000)] [r=3 c=7 rs=1 cs=1]
          RenderTableCell {TD} at (130,55) size 14x4 [border: (1px solid #000000)] [r=3 c=8 rs=1 cs=1]
          RenderTableCell {TD} at (146,55) size 14x4 [border: (1px solid #000000)] [r=3 c=9 rs=1 cs=1]
    RenderBlock {DIV} at (10,269) size 744x153
      RenderInline {SPAN} at (0,0) size 78x38
        RenderText {#text} at (6,0) size 72x17
          text run at (6,0) width 72: "I am a span"
        RenderBR {BR} at (78,0) size 0x17
        RenderText {#text} at (0,17) size 28x17
          text run at (0,17) width 28: "I am"
      RenderText {#text} at (34,17) size 4x17
        text run at (34,17) width 4: " "
      RenderInline {SPAN} at (0,0) size 74x38
        RenderText {#text} at (44,17) size 28x17
          text run at (44,17) width 28: "I am"
        RenderBR {BR} at (72,17) size 0x17
        RenderText {#text} at (0,34) size 72x17
          text run at (0,34) width 72: "a span I am"
      RenderText {#text} at (78,34) size 4x17
        text run at (78,34) width 4: " "
      RenderInline {SPAN} at (0,0) size 160x38
        RenderText {#text} at (88,34) size 72x17
          text run at (88,34) width 72: "I am a span"
        RenderBR {BR} at (160,34) size 0x17
        RenderText {#text} at (0,51) size 28x17
          text run at (0,51) width 28: "I am"
      RenderText {#text} at (34,51) size 4x17
        text run at (34,51) width 4: " "
      RenderInline {SPAN} at (0,0) size 74x38
        RenderText {#text} at (44,51) size 28x17
          text run at (44,51) width 28: "I am"
        RenderBR {BR} at (72,51) size 0x17
        RenderText {#text} at (0,68) size 72x17
          text run at (0,68) width 72: "a span I am"
      RenderText {#text} at (78,68) size 4x17
        text run at (78,68) width 4: " "
      RenderInline {SPAN} at (0,0) size 160x38
        RenderText {#text} at (88,68) size 72x17
          text run at (88,68) width 72: "I am a span"
        RenderBR {BR} at (160,68) size 0x17
        RenderText {#text} at (0,85) size 28x17
          text run at (0,85) width 28: "I am"
      RenderText {#text} at (34,85) size 4x17
        text run at (34,85) width 4: " "
      RenderInline {SPAN} at (0,0) size 74x38
        RenderText {#text} at (44,85) size 28x17
          text run at (44,85) width 28: "I am"
        RenderBR {BR} at (72,85) size 0x17
        RenderText {#text} at (0,102) size 72x17
          text run at (0,102) width 72: "a span I am"
      RenderText {#text} at (78,102) size 4x17
        text run at (78,102) width 4: " "
      RenderInline {SPAN} at (0,0) size 160x38
        RenderText {#text} at (88,102) size 72x17
          text run at (88,102) width 72: "I am a span"
        RenderBR {BR} at (160,102) size 0x17
        RenderText {#text} at (0,119) size 28x17
          text run at (0,119) width 28: "I am"
      RenderText {#text} at (34,119) size 4x17
        text run at (34,119) width 4: " "
      RenderInline {SPAN} at (0,0) size 74x38
        RenderText {#text} at (44,119) size 28x17
          text run at (44,119) width 28: "I am"
        RenderBR {BR} at (72,119) size 0x17
        RenderText {#text} at (0,136) size 72x17
          text run at (0,136) width 72: "a span I am"
      RenderText {#text} at (0,0) size 0x0
layer at (28,179) size 600x100
  RenderBlock {DIV} at (10,159) size 600x100
    RenderMultiColumnSet at (0,0) size 600x100
layer at (28,179) size 11x1185 backgroundClip at (0,0) size 800x600 clip at (0,0) size 800x600
  RenderMultiColumnFlowThread at (0,0) size 11x1185
    RenderText {#text} at (0,0) size 8x1185
      text run at (0,0) width 8: "_"
      text run at (0,17) width 8: "_"
      text run at (0,34) width 8: "_"
      text run at (0,51) width 8: "_"
      text run at (0,68) width 8: "_"
      text run at (0,100) width 8: "_"
      text run at (0,117) width 8: "_"
      text run at (0,134) width 8: "_"
      text run at (0,151) width 8: "_"
      text run at (0,168) width 8: "_"
      text run at (0,200) width 8: "_"
      text run at (0,217) width 8: "_"
      text run at (0,234) width 8: "_"
      text run at (0,251) width 8: "_"
      text run at (0,268) width 8: "_"
      text run at (0,300) width 8: "_"
      text run at (0,317) width 8: "_"
      text run at (0,334) width 8: "_"
      text run at (0,351) width 8: "_"
      text run at (0,368) width 8: "_"
      text run at (0,400) width 8: "_"
      text run at (0,417) width 8: "_"
      text run at (0,434) width 8: "_"
      text run at (0,451) width 8: "_"
      text run at (0,468) width 8: "_"
      text run at (0,500) width 8: "_"
      text run at (0,517) width 8: "_"
      text run at (0,534) width 8: "_"
      text run at (0,551) width 8: "_"
      text run at (0,568) width 8: "_"
      text run at (0,600) width 8: "_"
      text run at (0,617) width 8: "_"
      text run at (0,634) width 8: "_"
      text run at (0,651) width 8: "_"
      text run at (0,668) width 8: "_"
      text run at (0,700) width 8: "_"
      text run at (0,717) width 8: "_"
      text run at (0,734) width 8: "_"
      text run at (0,751) width 8: "_"
      text run at (0,768) width 8: "_"
      text run at (0,800) width 8: "_"
      text run at (0,817) width 8: "_"
      text run at (0,834) width 8: "_"
      text run at (0,851) width 8: "_"
      text run at (0,868) width 8: "_"
      text run at (0,900) width 8: "_"
      text run at (0,917) width 8: "_"
      text run at (0,934) width 8: "_"
      text run at (0,951) width 8: "_"
      text run at (0,968) width 8: "_"
      text run at (0,1000) width 8: "_"
      text run at (0,1017) width 8: "_"
      text run at (0,1034) width 8: "_"
      text run at (0,1051) width 8: "_"
      text run at (0,1068) width 8: "_"
      text run at (0,1100) width 8: "_"
      text run at (0,1117) width 8: "_"
      text run at (0,1134) width 8: "_"
      text run at (0,1151) width 8: "_"
      text run at (0,1168) width 8: "_"
