layer at (0,0) size 800x600
  RenderView at (0,0) size 800x600
layer at (0,0) size 800x535
  RenderBlock {HTML} at (0,0) size 800x535
    RenderBody {BODY} at (8,8) size 784x519
      RenderBlock {DIV} at (10,10) size 150x150 [border: (50px solid #0000007F)]
      RenderText {#text} at (170,156) size 4x17
        text run at (170,156) width 4: " "
      RenderBlock {DIV} at (184,10) size 150x150 [border: (50px solid #0000007F) (50px double #0000007F) (50px solid #0000007F)]
      RenderText {#text} at (344,156) size 4x17
        text run at (344,156) width 4: " "
      RenderBlock {DIV} at (358,10) size 150x150 [border: (50px solid #0000007F) none (50px solid #0000007F)]
      RenderText {#text} at (518,156) size 4x17
        text run at (518,156) width 4: " "
      RenderBlock {DIV} at (532,10) size 150x150 [border: (50px solid #0000007F) (50px solid #00000000) (50px solid #0000007F)]
      RenderText {#text} at (692,156) size 4x17
        text run at (692,156) width 4: " "
      RenderBR {BR} at (0,0) size 0x0
      RenderBlock {DIV} at (10,183) size 150x150 [border: (50px solid #0000007F) none (50px solid #0000007F)]
      RenderText {#text} at (170,329) size 4x17
        text run at (170,329) width 4: " "
      RenderBlock {DIV} at (184,183) size 150x150 [border: (50px solid #0000007F) none (50px solid #00000000) (50px solid #0000007F)]
      RenderText {#text} at (344,329) size 4x17
        text run at (344,329) width 4: " "
      RenderBlock {DIV} at (358,183) size 150x150 [border: (50px solid #0000007F) none (50px solid #0000007F)]
      RenderText {#text} at (518,329) size 4x17
        text run at (518,329) width 4: " "
      RenderBlock {DIV} at (532,183) size 150x150 [border: (50px solid #0000007F) none (50px groove #0000007F) (50px solid #0000007F)]
      RenderText {#text} at (692,329) size 4x17
        text run at (692,329) width 4: " "
      RenderBR {BR} at (0,0) size 0x0
      RenderBlock {DIV} at (10,356) size 150x150 [border: (50px solid #0000007F) (50px double #0000007F) (50px solid #0000007F)]
      RenderText {#text} at (170,502) size 4x17
        text run at (170,502) width 4: " "
      RenderBlock {DIV} at (184,356) size 150x150 [border: (50px solid #0000007F) none (50px double #0000007F) (50px solid #0000007F)]
      RenderText {#text} at (344,502) size 4x17
        text run at (344,502) width 4: " "
      RenderBlock {DIV} at (358,356) size 150x150 [border: (50px solid #0000007F) (50px solid #0080007F) (50px solid #0000007F)]
      RenderText {#text} at (518,502) size 4x17
        text run at (518,502) width 4: " "
      RenderBlock {DIV} at (532,356) size 150x150 [border: (50px solid #0000007F) (50px solid #0080007F) (50px solid #0000007F) (50px solid #0080007F)]
      RenderText {#text} at (0,0) size 0x0
