layer at (0,0) size 800x600
  RenderView at (0,0) size 800x600
layer at (0,0) size 800x600
  RenderBlock {HTML} at (0,0) size 800x600
    RenderBody {BODY} at (8,8) size 784x584
      RenderBlock {DIV} at (8,8) size 126x57 [border: (3px solid #000000)]
        RenderText {#text} at (3,3) size 70x51
          text run at (3,3) width 51: "There is"
          text run at (3,20) width 70: "remarkable"
          text run at (3,37) width 60: "evidence."
      RenderText {#text} at (142,45) size 4x17
        text run at (142,45) width 4: " "
      RenderBlock {DIV} at (154,8) size 126x57 [border: (3px solid #000000)]
        RenderText {#text} at (3,3) size 70x51
          text run at (3,3) width 51: "There is"
          text run at (3,20) width 70: "remarkable"
          text run at (3,37) width 60: "evidence."
      RenderText {#text} at (288,45) size 4x17
        text run at (288,45) width 4: " "
      RenderBlock {DIV} at (300,8) size 126x57 [border: (3px solid #000000)]
        RenderText {#text} at (3,3) size 70x51
          text run at (3,3) width 51: "There is"
          text run at (3,20) width 70: "remarkable"
          text run at (3,37) width 60: "evidence."
      RenderText {#text} at (434,45) size 4x17
        text run at (434,45) width 4: " "
      RenderBlock {DIV} at (446,8) size 126x57 [border: (3px solid #000000)]
        RenderText {#text} at (3,3) size 70x51
          text run at (3,3) width 51: "There is"
          text run at (3,20) width 70: "remarkable"
          text run at (3,37) width 60: "evidence."
      RenderText {#text} at (580,45) size 4x17
        text run at (580,45) width 4: " "
      RenderBlock {DIV} at (592,8) size 126x57 [border: (3px solid #000000)]
        RenderText {#text} at (3,3) size 70x51
          text run at (3,3) width 51: "There is"
          text run at (3,20) width 70: "remarkable"
          text run at (3,37) width 60: "evidence."
      RenderText {#text} at (726,45) size 4x17
        text run at (726,45) width 4: " "
      RenderBlock {DIV} at (8,81) size 126x57 [border: (3px solid #000000)]
        RenderText {#text} at (3,3) size 70x51
          text run at (3,3) width 51: "There is"
          text run at (3,20) width 70: "remarkable"
          text run at (3,37) width 60: "evidence."
      RenderText {#text} at (142,118) size 4x17
        text run at (142,118) width 4: " "
      RenderBlock {DIV} at (154,81) size 126x57 [border: (3px solid #000000)]
        RenderText {#text} at (3,3) size 70x51
          text run at (3,3) width 51: "There is"
          text run at (3,20) width 70: "remarkable"
          text run at (3,37) width 60: "evidence."
      RenderText {#text} at (288,118) size 4x17
        text run at (288,118) width 4: " "
      RenderBlock {DIV} at (300,81) size 126x57 [border: (3px solid #000000)]
        RenderText {#text} at (3,3) size 70x51
          text run at (3,3) width 51: "There is"
          text run at (3,20) width 70: "remarkable"
          text run at (3,37) width 60: "evidence."
      RenderText {#text} at (434,118) size 4x17
        text run at (434,118) width 4: " "
      RenderBlock {DIV} at (446,81) size 126x57 [border: (3px solid #000000)]
        RenderText {#text} at (3,3) size 70x51
          text run at (3,3) width 51: "There is"
          text run at (3,20) width 70: "remarkable"
          text run at (3,37) width 60: "evidence."
      RenderText {#text} at (580,118) size 4x17
        text run at (580,118) width 4: " "
      RenderBlock {DIV} at (592,81) size 126x57 [border: (3px solid #000000)]
        RenderText {#text} at (3,3) size 70x51
          text run at (3,3) width 51: "There is"
          text run at (3,20) width 70: "remarkable"
          text run at (3,37) width 60: "evidence."
      RenderText {#text} at (0,0) size 0x0
