layer at (0,0) size 800x600
  RenderView at (0,0) size 800x600
layer at (0,0) size 800x470
  RenderBlock {HTML} at (0,0) size 800x470
    RenderBody {BODY} at (8,8) size 784x441
      RenderBlock (anonymous) at (0,0) size 784x17
        RenderText {#text} at (0,0) size 82x17
          text run at (0,0) width 82: "This is good:"
      RenderBlock {DIV} at (0,38) size 100x49
        RenderBlock {P} at (0,0) size 100x48 [border: (1px solid #008000)]
          RenderText {#text} at (38,1) size 61x46
            text run at (38,1) width 61: "Lorem"
            text run at (41,24) width 58: "ipsum"
      RenderBlock (anonymous) at (0,107) size 784x18
        RenderText {#text} at (0,0) size 284x17
          text run at (0,0) width 284: "The following three should look like \x{201C}good\x{201D}:"
      RenderBlock {DIV} at (0,145) size 100x188
        RenderBlock {P} at (0,0) size 100x48 [border: (1px solid #0000FF)]
          RenderText {#text} at (38,1) size 61x46
            text run at (38,1) width 61: "Lorem"
            text run at (40,24) width 59: "\x{131}psum"
        RenderBlock {P} at (0,69) size 100x49 [border: (1px solid #0000FF)]
          RenderText {#text} at (38,1) size 61x46
            text run at (38,1) width 61: "Lorem"
            text run at (40,24) width 59: "\x{131}psum"
        RenderBlock {P} at (0,138) size 100x49 [border: (1px solid #0000FF)]
          RenderText {#text} at (36,1) size 63x46
            text run at (36,1) width 63: "Lore\x{1E3F}"
            text run at (41,24) width 58: "ipsum"
      RenderBlock (anonymous) at (0,353) size 784x18
        RenderText {#text} at (0,0) size 73x17
          text run at (0,0) width 73: "This is bad:"
      RenderBlock {DIV} at (0,392) size 100x49
        RenderBlock {P} at (0,0) size 100x48 [border: (1px solid #FF0000)]
          RenderText {#text} at (32,1) size 67x46
            text run at (32,1) width 67: "Lorem "
            text run at (41,24) width 58: "ipsum"
