layer at (0,0) size 785x6741
  RenderView at (0,0) size 785x600
layer at (0,0) size 785x6741
  RenderBlock {HTML} at (0,0) size 785x6741
    RenderBody {BODY} at (8,8) size 769x6725
      RenderBlock (anonymous) at (0,0) size 769x144
        RenderText {#text} at (0,0) size 769x72
          text run at (0,0) width 746: "This test is designed to test the interaction between font-family and font-weight. In particular, our implementation of"
          text run at (0,18) width 759: "font-family accepts PostScript names, which may name a font with a particular weight. However, there is another CSS"
          text run at (0,36) width 769: "property, font-weight, in which the author may also name a particular weight. Our font selection algorithm takes both of"
          text run at (0,54) width 305: "these signals into account when choosing fonts."
        RenderBR {BR} at (304,54) size 1x18
        RenderBR {BR} at (0,72) size 0x18
        RenderText {#text} at (0,90) size 767x54
          text run at (0,90) width 767: "There is currently no good way in JavaScript to find the actual font chosen for some text. Therefore, the best way to test"
          text run at (0,108) width 732: "this aspect of the font selection algorithm is to dump the render tree, therefore testing glyph advances (which are a"
          text run at (0,126) width 159: "property of font weight)."
      RenderBlock {DIV} at (0,144) size 769x18
        RenderText {#text} at (0,0) size 303x18
          text run at (0,0) width 303: "Font: Helvetica Neue Weight: 100 Style: normal"
      RenderBlock {DIV} at (0,162) size 769x18
        RenderText {#text} at (0,0) size 325x18
          text run at (0,0) width 325: "Font: Helvetica Neue Weight: 200 Style: normal"
      RenderBlock {DIV} at (0,180) size 769x18
        RenderText {#text} at (0,0) size 325x18
          text run at (0,0) width 325: "Font: Helvetica Neue Weight: 300 Style: normal"
      RenderBlock {DIV} at (0,198) size 769x18
        RenderText {#text} at (0,0) size 337x18
          text run at (0,0) width 337: "Font: Helvetica Neue Weight: 400 Style: normal"
      RenderBlock {DIV} at (0,216) size 769x19
        RenderText {#text} at (0,0) size 347x19
          text run at (0,0) width 347: "Font: Helvetica Neue Weight: 500 Style: normal"
      RenderBlock {DIV} at (0,235) size 769x19
        RenderText {#text} at (0,0) size 355x19
          text run at (0,0) width 355: "Font: Helvetica Neue Weight: 600 Style: normal"
      RenderBlock {DIV} at (0,254) size 769x19
        RenderText {#text} at (0,0) size 355x19
          text run at (0,0) width 355: "Font: Helvetica Neue Weight: 700 Style: normal"
      RenderBlock {DIV} at (0,273) size 769x19
        RenderText {#text} at (0,0) size 355x19
          text run at (0,0) width 355: "Font: Helvetica Neue Weight: 800 Style: normal"
      RenderBlock {DIV} at (0,292) size 769x19
        RenderText {#text} at (0,0) size 355x19
          text run at (0,0) width 355: "Font: Helvetica Neue Weight: 900 Style: normal"
      RenderBlock {DIV} at (0,311) size 769x18
        RenderText {#text} at (0,0) size 362x18
          text run at (0,0) width 362: "Font: HelveticaNeue-UltraLight Weight: 100 Style: normal"
      RenderBlock {DIV} at (0,329) size 769x18
        RenderText {#text} at (0,0) size 362x18
          text run at (0,0) width 362: "Font: HelveticaNeue-UltraLight Weight: 200 Style: normal"
      RenderBlock {DIV} at (0,347) size 769x18
        RenderText {#text} at (0,0) size 362x18
          text run at (0,0) width 362: "Font: HelveticaNeue-UltraLight Weight: 300 Style: normal"
      RenderBlock {DIV} at (0,365) size 769x18
        RenderText {#text} at (0,0) size 362x18
          text run at (0,0) width 362: "Font: HelveticaNeue-UltraLight Weight: 400 Style: normal"
      RenderBlock {DIV} at (0,383) size 769x18
        RenderText {#text} at (0,0) size 362x18
          text run at (0,0) width 362: "Font: HelveticaNeue-UltraLight Weight: 500 Style: normal"
      RenderBlock {DIV} at (0,401) size 769x19
        RenderText {#text} at (0,0) size 433x19
          text run at (0,0) width 433: "Font: HelveticaNeue-UltraLight Weight: 600 Style: normal"
      RenderBlock {DIV} at (0,420) size 769x19
        RenderText {#text} at (0,0) size 433x19
          text run at (0,0) width 433: "Font: HelveticaNeue-UltraLight Weight: 700 Style: normal"
      RenderBlock {DIV} at (0,439) size 769x19
        RenderText {#text} at (0,0) size 433x19
          text run at (0,0) width 433: "Font: HelveticaNeue-UltraLight Weight: 800 Style: normal"
      RenderBlock {DIV} at (0,458) size 769x19
        RenderText {#text} at (0,0) size 433x19
          text run at (0,0) width 433: "Font: HelveticaNeue-UltraLight Weight: 900 Style: normal"
      RenderBlock {DIV} at (0,477) size 769x18
        RenderText {#text} at (0,0) size 361x18
          text run at (0,0) width 361: "Font: HelveticaNeue-Light Weight: 100 Style: normal"
      RenderBlock {DIV} at (0,495) size 769x18
        RenderText {#text} at (0,0) size 361x18
          text run at (0,0) width 361: "Font: HelveticaNeue-Light Weight: 200 Style: normal"
      RenderBlock {DIV} at (0,513) size 769x18
        RenderText {#text} at (0,0) size 361x18
          text run at (0,0) width 361: "Font: HelveticaNeue-Light Weight: 300 Style: normal"
      RenderBlock {DIV} at (0,531) size 769x18
        RenderText {#text} at (0,0) size 361x18
          text run at (0,0) width 361: "Font: HelveticaNeue-Light Weight: 400 Style: normal"
      RenderBlock {DIV} at (0,549) size 769x18
        RenderText {#text} at (0,0) size 361x18
          text run at (0,0) width 361: "Font: HelveticaNeue-Light Weight: 500 Style: normal"
      RenderBlock {DIV} at (0,567) size 769x19
        RenderText {#text} at (0,0) size 396x19
          text run at (0,0) width 396: "Font: HelveticaNeue-Light Weight: 600 Style: normal"
      RenderBlock {DIV} at (0,586) size 769x19
        RenderText {#text} at (0,0) size 396x19
          text run at (0,0) width 396: "Font: HelveticaNeue-Light Weight: 700 Style: normal"
      RenderBlock {DIV} at (0,605) size 769x19
        RenderText {#text} at (0,0) size 396x19
          text run at (0,0) width 396: "Font: HelveticaNeue-Light Weight: 800 Style: normal"
      RenderBlock {DIV} at (0,624) size 769x19
        RenderText {#text} at (0,0) size 396x19
          text run at (0,0) width 396: "Font: HelveticaNeue-Light Weight: 900 Style: normal"
      RenderBlock {DIV} at (0,643) size 769x18
        RenderText {#text} at (0,0) size 333x18
          text run at (0,0) width 333: "Font: HelveticaNeue Weight: 100 Style: normal"
      RenderBlock {DIV} at (0,661) size 769x18
        RenderText {#text} at (0,0) size 333x18
          text run at (0,0) width 333: "Font: HelveticaNeue Weight: 200 Style: normal"
      RenderBlock {DIV} at (0,679) size 769x18
        RenderText {#text} at (0,0) size 333x18
          text run at (0,0) width 333: "Font: HelveticaNeue Weight: 300 Style: normal"
      RenderBlock {DIV} at (0,697) size 769x18
        RenderText {#text} at (0,0) size 333x18
          text run at (0,0) width 333: "Font: HelveticaNeue Weight: 400 Style: normal"
      RenderBlock {DIV} at (0,715) size 769x18
        RenderText {#text} at (0,0) size 333x18
          text run at (0,0) width 333: "Font: HelveticaNeue Weight: 500 Style: normal"
      RenderBlock {DIV} at (0,733) size 769x19
        RenderText {#text} at (0,0) size 351x19
          text run at (0,0) width 351: "Font: HelveticaNeue Weight: 600 Style: normal"
      RenderBlock {DIV} at (0,752) size 769x19
        RenderText {#text} at (0,0) size 351x19
          text run at (0,0) width 351: "Font: HelveticaNeue Weight: 700 Style: normal"
      RenderBlock {DIV} at (0,771) size 769x19
        RenderText {#text} at (0,0) size 351x19
          text run at (0,0) width 351: "Font: HelveticaNeue Weight: 800 Style: normal"
      RenderBlock {DIV} at (0,790) size 769x19
        RenderText {#text} at (0,0) size 351x19
          text run at (0,0) width 351: "Font: HelveticaNeue Weight: 900 Style: normal"
      RenderBlock {DIV} at (0,809) size 769x19
        RenderText {#text} at (0,0) size 409x19
          text run at (0,0) width 409: "Font: HelveticaNeue-Medium Weight: 100 Style: normal"
      RenderBlock {DIV} at (0,828) size 769x19
        RenderText {#text} at (0,0) size 409x19
          text run at (0,0) width 409: "Font: HelveticaNeue-Medium Weight: 200 Style: normal"
      RenderBlock {DIV} at (0,847) size 769x19
        RenderText {#text} at (0,0) size 409x19
          text run at (0,0) width 409: "Font: HelveticaNeue-Medium Weight: 300 Style: normal"
      RenderBlock {DIV} at (0,866) size 769x19
        RenderText {#text} at (0,0) size 409x19
          text run at (0,0) width 409: "Font: HelveticaNeue-Medium Weight: 400 Style: normal"
      RenderBlock {DIV} at (0,885) size 769x19
        RenderText {#text} at (0,0) size 409x19
          text run at (0,0) width 409: "Font: HelveticaNeue-Medium Weight: 500 Style: normal"
      RenderBlock {DIV} at (0,904) size 769x19
        RenderText {#text} at (0,0) size 419x19
          text run at (0,0) width 419: "Font: HelveticaNeue-Medium Weight: 600 Style: normal"
      RenderBlock {DIV} at (0,923) size 769x19
        RenderText {#text} at (0,0) size 419x19
          text run at (0,0) width 419: "Font: HelveticaNeue-Medium Weight: 700 Style: normal"
      RenderBlock {DIV} at (0,942) size 769x19
        RenderText {#text} at (0,0) size 419x19
          text run at (0,0) width 419: "Font: HelveticaNeue-Medium Weight: 800 Style: normal"
      RenderBlock {DIV} at (0,961) size 769x19
        RenderText {#text} at (0,0) size 419x19
          text run at (0,0) width 419: "Font: HelveticaNeue-Medium Weight: 900 Style: normal"
      RenderBlock {DIV} at (0,980) size 769x19
        RenderText {#text} at (0,0) size 392x19
          text run at (0,0) width 392: "Font: HelveticaNeue-Bold Weight: 100 Style: normal"
      RenderBlock {DIV} at (0,999) size 769x19
        RenderText {#text} at (0,0) size 392x19
          text run at (0,0) width 392: "Font: HelveticaNeue-Bold Weight: 200 Style: normal"
      RenderBlock {DIV} at (0,1018) size 769x19
        RenderText {#text} at (0,0) size 392x19
          text run at (0,0) width 392: "Font: HelveticaNeue-Bold Weight: 300 Style: normal"
      RenderBlock {DIV} at (0,1037) size 769x19
        RenderText {#text} at (0,0) size 392x19
          text run at (0,0) width 392: "Font: HelveticaNeue-Bold Weight: 400 Style: normal"
      RenderBlock {DIV} at (0,1056) size 769x19
        RenderText {#text} at (0,0) size 392x19
          text run at (0,0) width 392: "Font: HelveticaNeue-Bold Weight: 500 Style: normal"
      RenderBlock {DIV} at (0,1075) size 769x19
        RenderText {#text} at (0,0) size 392x19
          text run at (0,0) width 392: "Font: HelveticaNeue-Bold Weight: 600 Style: normal"
      RenderBlock {DIV} at (0,1094) size 769x19
        RenderText {#text} at (0,0) size 392x19
          text run at (0,0) width 392: "Font: HelveticaNeue-Bold Weight: 700 Style: normal"
      RenderBlock {DIV} at (0,1113) size 769x19
        RenderText {#text} at (0,0) size 392x19
          text run at (0,0) width 392: "Font: HelveticaNeue-Bold Weight: 800 Style: normal"
      RenderBlock {DIV} at (0,1132) size 769x19
        RenderText {#text} at (0,0) size 392x19
          text run at (0,0) width 392: "Font: HelveticaNeue-Bold Weight: 900 Style: normal"
      RenderBlock {DIV} at (0,1151) size 769x18
        RenderText {#text} at (0,0) size 388x18
          text run at (0,0) width 388: "Font: HelveticaNeue-UltraLightItalic Weight: 100 Style: normal"
      RenderBlock {DIV} at (0,1169) size 769x18
        RenderText {#text} at (0,0) size 388x18
          text run at (0,0) width 388: "Font: HelveticaNeue-UltraLightItalic Weight: 200 Style: normal"
      RenderBlock {DIV} at (0,1187) size 769x18
        RenderText {#text} at (0,0) size 388x18
          text run at (0,0) width 388: "Font: HelveticaNeue-UltraLightItalic Weight: 300 Style: normal"
      RenderBlock {DIV} at (0,1205) size 769x18
        RenderText {#text} at (0,0) size 388x18
          text run at (0,0) width 388: "Font: HelveticaNeue-UltraLightItalic Weight: 400 Style: normal"
      RenderBlock {DIV} at (0,1223) size 769x18
        RenderText {#text} at (0,0) size 388x18
          text run at (0,0) width 388: "Font: HelveticaNeue-UltraLightItalic Weight: 500 Style: normal"
      RenderBlock {DIV} at (0,1241) size 769x19
        RenderText {#text} at (0,0) size 470x19
          text run at (0,0) width 470: "Font: HelveticaNeue-UltraLightItalic Weight: 600 Style: normal"
      RenderBlock {DIV} at (0,1260) size 769x19
        RenderText {#text} at (0,0) size 470x19
          text run at (0,0) width 470: "Font: HelveticaNeue-UltraLightItalic Weight: 700 Style: normal"
      RenderBlock {DIV} at (0,1279) size 769x19
        RenderText {#text} at (0,0) size 470x19
          text run at (0,0) width 470: "Font: HelveticaNeue-UltraLightItalic Weight: 800 Style: normal"
      RenderBlock {DIV} at (0,1298) size 769x19
        RenderText {#text} at (0,0) size 470x19
          text run at (0,0) width 470: "Font: HelveticaNeue-UltraLightItalic Weight: 900 Style: normal"
      RenderBlock {DIV} at (0,1317) size 769x18
        RenderText {#text} at (0,0) size 391x18
          text run at (0,0) width 391: "Font: HelveticaNeue-LightItalic Weight: 100 Style: normal"
      RenderBlock {DIV} at (0,1335) size 769x18
        RenderText {#text} at (0,0) size 391x18
          text run at (0,0) width 391: "Font: HelveticaNeue-LightItalic Weight: 200 Style: normal"
      RenderBlock {DIV} at (0,1353) size 769x18
        RenderText {#text} at (0,0) size 391x18
          text run at (0,0) width 391: "Font: HelveticaNeue-LightItalic Weight: 300 Style: normal"
      RenderBlock {DIV} at (0,1371) size 769x18
        RenderText {#text} at (0,0) size 391x18
          text run at (0,0) width 391: "Font: HelveticaNeue-LightItalic Weight: 400 Style: normal"
      RenderBlock {DIV} at (0,1389) size 769x18
        RenderText {#text} at (0,0) size 391x18
          text run at (0,0) width 391: "Font: HelveticaNeue-LightItalic Weight: 500 Style: normal"
      RenderBlock {DIV} at (0,1407) size 769x19
        RenderText {#text} at (0,0) size 433x19
          text run at (0,0) width 433: "Font: HelveticaNeue-LightItalic Weight: 600 Style: normal"
      RenderBlock {DIV} at (0,1426) size 769x19
        RenderText {#text} at (0,0) size 433x19
          text run at (0,0) width 433: "Font: HelveticaNeue-LightItalic Weight: 700 Style: normal"
      RenderBlock {DIV} at (0,1445) size 769x19
        RenderText {#text} at (0,0) size 433x19
          text run at (0,0) width 433: "Font: HelveticaNeue-LightItalic Weight: 800 Style: normal"
      RenderBlock {DIV} at (0,1464) size 769x19
        RenderText {#text} at (0,0) size 433x19
          text run at (0,0) width 433: "Font: HelveticaNeue-LightItalic Weight: 900 Style: normal"
      RenderBlock {DIV} at (0,1483) size 769x18
        RenderText {#text} at (0,0) size 371x18
          text run at (0,0) width 371: "Font: HelveticaNeue-Italic Weight: 100 Style: normal"
      RenderBlock {DIV} at (0,1501) size 769x18
        RenderText {#text} at (0,0) size 371x18
          text run at (0,0) width 371: "Font: HelveticaNeue-Italic Weight: 200 Style: normal"
      RenderBlock {DIV} at (0,1519) size 769x18
        RenderText {#text} at (0,0) size 371x18
          text run at (0,0) width 371: "Font: HelveticaNeue-Italic Weight: 300 Style: normal"
      RenderBlock {DIV} at (0,1537) size 769x18
        RenderText {#text} at (0,0) size 371x18
          text run at (0,0) width 371: "Font: HelveticaNeue-Italic Weight: 400 Style: normal"
      RenderBlock {DIV} at (0,1555) size 769x18
        RenderText {#text} at (0,0) size 371x18
          text run at (0,0) width 371: "Font: HelveticaNeue-Italic Weight: 500 Style: normal"
      RenderBlock {DIV} at (0,1573) size 769x19
        RenderText {#text} at (0,0) size 394x19
          text run at (0,0) width 394: "Font: HelveticaNeue-Italic Weight: 600 Style: normal"
      RenderBlock {DIV} at (0,1592) size 769x19
        RenderText {#text} at (0,0) size 394x19
          text run at (0,0) width 394: "Font: HelveticaNeue-Italic Weight: 700 Style: normal"
      RenderBlock {DIV} at (0,1611) size 769x19
        RenderText {#text} at (0,0) size 394x19
          text run at (0,0) width 394: "Font: HelveticaNeue-Italic Weight: 800 Style: normal"
      RenderBlock {DIV} at (0,1630) size 769x19
        RenderText {#text} at (0,0) size 394x19
          text run at (0,0) width 394: "Font: HelveticaNeue-Italic Weight: 900 Style: normal"
      RenderBlock {DIV} at (0,1649) size 769x19
        RenderText {#text} at (0,0) size 431x19
          text run at (0,0) width 431: "Font: HelveticaNeue-BoldItalic Weight: 100 Style: normal"
      RenderBlock {DIV} at (0,1668) size 769x19
        RenderText {#text} at (0,0) size 431x19
          text run at (0,0) width 431: "Font: HelveticaNeue-BoldItalic Weight: 200 Style: normal"
      RenderBlock {DIV} at (0,1687) size 769x19
        RenderText {#text} at (0,0) size 431x19
          text run at (0,0) width 431: "Font: HelveticaNeue-BoldItalic Weight: 300 Style: normal"
      RenderBlock {DIV} at (0,1706) size 769x19
        RenderText {#text} at (0,0) size 431x19
          text run at (0,0) width 431: "Font: HelveticaNeue-BoldItalic Weight: 400 Style: normal"
      RenderBlock {DIV} at (0,1725) size 769x19
        RenderText {#text} at (0,0) size 431x19
          text run at (0,0) width 431: "Font: HelveticaNeue-BoldItalic Weight: 500 Style: normal"
      RenderBlock {DIV} at (0,1744) size 769x19
        RenderText {#text} at (0,0) size 431x19
          text run at (0,0) width 431: "Font: HelveticaNeue-BoldItalic Weight: 600 Style: normal"
      RenderBlock {DIV} at (0,1763) size 769x19
        RenderText {#text} at (0,0) size 431x19
          text run at (0,0) width 431: "Font: HelveticaNeue-BoldItalic Weight: 700 Style: normal"
      RenderBlock {DIV} at (0,1782) size 769x19
        RenderText {#text} at (0,0) size 431x19
          text run at (0,0) width 431: "Font: HelveticaNeue-BoldItalic Weight: 800 Style: normal"
      RenderBlock {DIV} at (0,1801) size 769x19
        RenderText {#text} at (0,0) size 431x19
          text run at (0,0) width 431: "Font: HelveticaNeue-BoldItalic Weight: 900 Style: normal"
      RenderBlock {DIV} at (0,1820) size 769x18
        RenderText {#text} at (0,0) size 287x18
          text run at (0,0) width 287: "Font: Helvetica Neue Weight: 100 Style: italic"
      RenderBlock {DIV} at (0,1838) size 769x18
        RenderText {#text} at (0,0) size 308x18
          text run at (0,0) width 308: "Font: Helvetica Neue Weight: 200 Style: italic"
      RenderBlock {DIV} at (0,1856) size 769x18
        RenderText {#text} at (0,0) size 308x18
          text run at (0,0) width 308: "Font: Helvetica Neue Weight: 300 Style: italic"
      RenderBlock {DIV} at (0,1874) size 769x18
        RenderText {#text} at (0,0) size 320x18
          text run at (0,0) width 320: "Font: Helvetica Neue Weight: 400 Style: italic"
      RenderBlock {DIV} at (0,1892) size 769x18
        RenderText {#text} at (0,0) size 320x18
          text run at (0,0) width 320: "Font: Helvetica Neue Weight: 500 Style: italic"
      RenderBlock {DIV} at (0,1910) size 769x19
        RenderText {#text} at (0,0) size 340x19
          text run at (0,0) width 340: "Font: Helvetica Neue Weight: 600 Style: italic"
      RenderBlock {DIV} at (0,1929) size 769x19
        RenderText {#text} at (0,0) size 340x19
          text run at (0,0) width 340: "Font: Helvetica Neue Weight: 700 Style: italic"
      RenderBlock {DIV} at (0,1948) size 769x19
        RenderText {#text} at (0,0) size 340x19
          text run at (0,0) width 340: "Font: Helvetica Neue Weight: 800 Style: italic"
      RenderBlock {DIV} at (0,1967) size 769x19
        RenderText {#text} at (0,0) size 340x19
          text run at (0,0) width 340: "Font: Helvetica Neue Weight: 900 Style: italic"
      RenderBlock {DIV} at (0,1986) size 769x18
        RenderText {#text} at (0,0) size 345x18
          text run at (0,0) width 345: "Font: HelveticaNeue-UltraLight Weight: 100 Style: italic"
      RenderBlock {DIV} at (0,2004) size 769x18
        RenderText {#text} at (0,0) size 376x18
          text run at (0,0) width 376: "Font: HelveticaNeue-UltraLight Weight: 200 Style: italic"
      RenderBlock {DIV} at (0,2022) size 769x18
        RenderText {#text} at (0,0) size 376x18
          text run at (0,0) width 376: "Font: HelveticaNeue-UltraLight Weight: 300 Style: italic"
      RenderBlock {DIV} at (0,2040) size 769x18
        RenderText {#text} at (0,0) size 391x18
          text run at (0,0) width 391: "Font: HelveticaNeue-UltraLight Weight: 400 Style: italic"
      RenderBlock {DIV} at (0,2058) size 769x18
        RenderText {#text} at (0,0) size 391x18
          text run at (0,0) width 391: "Font: HelveticaNeue-UltraLight Weight: 500 Style: italic"
      RenderBlock {DIV} at (0,2076) size 769x19
        RenderText {#text} at (0,0) size 418x19
          text run at (0,0) width 418: "Font: HelveticaNeue-UltraLight Weight: 600 Style: italic"
      RenderBlock {DIV} at (0,2095) size 769x19
        RenderText {#text} at (0,0) size 418x19
          text run at (0,0) width 418: "Font: HelveticaNeue-UltraLight Weight: 700 Style: italic"
      RenderBlock {DIV} at (0,2114) size 769x19
        RenderText {#text} at (0,0) size 418x19
          text run at (0,0) width 418: "Font: HelveticaNeue-UltraLight Weight: 800 Style: italic"
      RenderBlock {DIV} at (0,2133) size 769x19
        RenderText {#text} at (0,0) size 418x19
          text run at (0,0) width 418: "Font: HelveticaNeue-UltraLight Weight: 900 Style: italic"
      RenderBlock {DIV} at (0,2152) size 769x18
        RenderText {#text} at (0,0) size 317x18
          text run at (0,0) width 317: "Font: HelveticaNeue-Light Weight: 100 Style: italic"
      RenderBlock {DIV} at (0,2170) size 769x18
        RenderText {#text} at (0,0) size 344x18
          text run at (0,0) width 344: "Font: HelveticaNeue-Light Weight: 200 Style: italic"
      RenderBlock {DIV} at (0,2188) size 769x18
        RenderText {#text} at (0,0) size 344x18
          text run at (0,0) width 344: "Font: HelveticaNeue-Light Weight: 300 Style: italic"
      RenderBlock {DIV} at (0,2206) size 769x18
        RenderText {#text} at (0,0) size 357x18
          text run at (0,0) width 357: "Font: HelveticaNeue-Light Weight: 400 Style: italic"
      RenderBlock {DIV} at (0,2224) size 769x18
        RenderText {#text} at (0,0) size 357x18
          text run at (0,0) width 357: "Font: HelveticaNeue-Light Weight: 500 Style: italic"
      RenderBlock {DIV} at (0,2242) size 769x19
        RenderText {#text} at (0,0) size 381x19
          text run at (0,0) width 381: "Font: HelveticaNeue-Light Weight: 600 Style: italic"
      RenderBlock {DIV} at (0,2261) size 769x19
        RenderText {#text} at (0,0) size 381x19
          text run at (0,0) width 381: "Font: HelveticaNeue-Light Weight: 700 Style: italic"
      RenderBlock {DIV} at (0,2280) size 769x19
        RenderText {#text} at (0,0) size 381x19
          text run at (0,0) width 381: "Font: HelveticaNeue-Light Weight: 800 Style: italic"
      RenderBlock {DIV} at (0,2299) size 769x19
        RenderText {#text} at (0,0) size 381x19
          text run at (0,0) width 381: "Font: HelveticaNeue-Light Weight: 900 Style: italic"
      RenderBlock {DIV} at (0,2318) size 769x18
        RenderText {#text} at (0,0) size 282x18
          text run at (0,0) width 282: "Font: HelveticaNeue Weight: 100 Style: italic"
      RenderBlock {DIV} at (0,2336) size 769x18
        RenderText {#text} at (0,0) size 304x18
          text run at (0,0) width 304: "Font: HelveticaNeue Weight: 200 Style: italic"
      RenderBlock {DIV} at (0,2354) size 769x18
        RenderText {#text} at (0,0) size 304x18
          text run at (0,0) width 304: "Font: HelveticaNeue Weight: 300 Style: italic"
      RenderBlock {DIV} at (0,2372) size 769x18
        RenderText {#text} at (0,0) size 315x18
          text run at (0,0) width 315: "Font: HelveticaNeue Weight: 400 Style: italic"
      RenderBlock {DIV} at (0,2390) size 769x18
        RenderText {#text} at (0,0) size 315x18
          text run at (0,0) width 315: "Font: HelveticaNeue Weight: 500 Style: italic"
      RenderBlock {DIV} at (0,2408) size 769x19
        RenderText {#text} at (0,0) size 336x19
          text run at (0,0) width 336: "Font: HelveticaNeue Weight: 600 Style: italic"
      RenderBlock {DIV} at (0,2427) size 769x19
        RenderText {#text} at (0,0) size 336x19
          text run at (0,0) width 336: "Font: HelveticaNeue Weight: 700 Style: italic"
      RenderBlock {DIV} at (0,2446) size 769x19
        RenderText {#text} at (0,0) size 336x19
          text run at (0,0) width 336: "Font: HelveticaNeue Weight: 800 Style: italic"
      RenderBlock {DIV} at (0,2465) size 769x19
        RenderText {#text} at (0,0) size 336x19
          text run at (0,0) width 336: "Font: HelveticaNeue Weight: 900 Style: italic"
      RenderBlock {DIV} at (0,2484) size 769x18
        RenderText {#text} at (0,0) size 339x18
          text run at (0,0) width 339: "Font: HelveticaNeue-Medium Weight: 100 Style: italic"
      RenderBlock {DIV} at (0,2502) size 769x18
        RenderText {#text} at (0,0) size 366x18
          text run at (0,0) width 366: "Font: HelveticaNeue-Medium Weight: 200 Style: italic"
      RenderBlock {DIV} at (0,2520) size 769x18
        RenderText {#text} at (0,0) size 366x18
          text run at (0,0) width 366: "Font: HelveticaNeue-Medium Weight: 300 Style: italic"
      RenderBlock {DIV} at (0,2538) size 769x18
        RenderText {#text} at (0,0) size 379x18
          text run at (0,0) width 379: "Font: HelveticaNeue-Medium Weight: 400 Style: italic"
      RenderBlock {DIV} at (0,2556) size 769x18
        RenderText {#text} at (0,0) size 379x18
          text run at (0,0) width 379: "Font: HelveticaNeue-Medium Weight: 500 Style: italic"
      RenderBlock {DIV} at (0,2574) size 769x19
        RenderText {#text} at (0,0) size 404x19
          text run at (0,0) width 404: "Font: HelveticaNeue-Medium Weight: 600 Style: italic"
      RenderBlock {DIV} at (0,2593) size 769x19
        RenderText {#text} at (0,0) size 404x19
          text run at (0,0) width 404: "Font: HelveticaNeue-Medium Weight: 700 Style: italic"
      RenderBlock {DIV} at (0,2612) size 769x19
        RenderText {#text} at (0,0) size 404x19
          text run at (0,0) width 404: "Font: HelveticaNeue-Medium Weight: 800 Style: italic"
      RenderBlock {DIV} at (0,2631) size 769x19
        RenderText {#text} at (0,0) size 404x19
          text run at (0,0) width 404: "Font: HelveticaNeue-Medium Weight: 900 Style: italic"
      RenderBlock {DIV} at (0,2650) size 769x18
        RenderText {#text} at (0,0) size 316x18
          text run at (0,0) width 316: "Font: HelveticaNeue-Bold Weight: 100 Style: italic"
      RenderBlock {DIV} at (0,2668) size 769x18
        RenderText {#text} at (0,0) size 342x18
          text run at (0,0) width 342: "Font: HelveticaNeue-Bold Weight: 200 Style: italic"
      RenderBlock {DIV} at (0,2686) size 769x18
        RenderText {#text} at (0,0) size 342x18
          text run at (0,0) width 342: "Font: HelveticaNeue-Bold Weight: 300 Style: italic"
      RenderBlock {DIV} at (0,2704) size 769x18
        RenderText {#text} at (0,0) size 355x18
          text run at (0,0) width 355: "Font: HelveticaNeue-Bold Weight: 400 Style: italic"
      RenderBlock {DIV} at (0,2722) size 769x18
        RenderText {#text} at (0,0) size 355x18
          text run at (0,0) width 355: "Font: HelveticaNeue-Bold Weight: 500 Style: italic"
      RenderBlock {DIV} at (0,2740) size 769x19
        RenderText {#text} at (0,0) size 377x19
          text run at (0,0) width 377: "Font: HelveticaNeue-Bold Weight: 600 Style: italic"
      RenderBlock {DIV} at (0,2759) size 769x19
        RenderText {#text} at (0,0) size 377x19
          text run at (0,0) width 377: "Font: HelveticaNeue-Bold Weight: 700 Style: italic"
      RenderBlock {DIV} at (0,2778) size 769x19
        RenderText {#text} at (0,0) size 377x19
          text run at (0,0) width 377: "Font: HelveticaNeue-Bold Weight: 800 Style: italic"
      RenderBlock {DIV} at (0,2797) size 769x19
        RenderText {#text} at (0,0) size 377x19
          text run at (0,0) width 377: "Font: HelveticaNeue-Bold Weight: 900 Style: italic"
      RenderBlock {DIV} at (0,2816) size 769x18
        RenderText {#text} at (0,0) size 372x18
          text run at (0,0) width 372: "Font: HelveticaNeue-UltraLightItalic Weight: 100 Style: italic"
      RenderBlock {DIV} at (0,2834) size 769x18
        RenderText {#text} at (0,0) size 372x18
          text run at (0,0) width 372: "Font: HelveticaNeue-UltraLightItalic Weight: 200 Style: italic"
      RenderBlock {DIV} at (0,2852) size 769x18
        RenderText {#text} at (0,0) size 372x18
          text run at (0,0) width 372: "Font: HelveticaNeue-UltraLightItalic Weight: 300 Style: italic"
      RenderBlock {DIV} at (0,2870) size 769x18
        RenderText {#text} at (0,0) size 372x18
          text run at (0,0) width 372: "Font: HelveticaNeue-UltraLightItalic Weight: 400 Style: italic"
      RenderBlock {DIV} at (0,2888) size 769x18
        RenderText {#text} at (0,0) size 372x18
          text run at (0,0) width 372: "Font: HelveticaNeue-UltraLightItalic Weight: 500 Style: italic"
      RenderBlock {DIV} at (0,2906) size 769x19
        RenderText {#text} at (0,0) size 455x19
          text run at (0,0) width 455: "Font: HelveticaNeue-UltraLightItalic Weight: 600 Style: italic"
      RenderBlock {DIV} at (0,2925) size 769x19
        RenderText {#text} at (0,0) size 455x19
          text run at (0,0) width 455: "Font: HelveticaNeue-UltraLightItalic Weight: 700 Style: italic"
      RenderBlock {DIV} at (0,2944) size 769x19
        RenderText {#text} at (0,0) size 455x19
          text run at (0,0) width 455: "Font: HelveticaNeue-UltraLightItalic Weight: 800 Style: italic"
      RenderBlock {DIV} at (0,2963) size 769x19
        RenderText {#text} at (0,0) size 455x19
          text run at (0,0) width 455: "Font: HelveticaNeue-UltraLightItalic Weight: 900 Style: italic"
      RenderBlock {DIV} at (0,2982) size 769x18
        RenderText {#text} at (0,0) size 375x18
          text run at (0,0) width 375: "Font: HelveticaNeue-LightItalic Weight: 100 Style: italic"
      RenderBlock {DIV} at (0,3000) size 769x18
        RenderText {#text} at (0,0) size 375x18
          text run at (0,0) width 375: "Font: HelveticaNeue-LightItalic Weight: 200 Style: italic"
      RenderBlock {DIV} at (0,3018) size 769x18
        RenderText {#text} at (0,0) size 375x18
          text run at (0,0) width 375: "Font: HelveticaNeue-LightItalic Weight: 300 Style: italic"
      RenderBlock {DIV} at (0,3036) size 769x18
        RenderText {#text} at (0,0) size 375x18
          text run at (0,0) width 375: "Font: HelveticaNeue-LightItalic Weight: 400 Style: italic"
      RenderBlock {DIV} at (0,3054) size 769x18
        RenderText {#text} at (0,0) size 375x18
          text run at (0,0) width 375: "Font: HelveticaNeue-LightItalic Weight: 500 Style: italic"
      RenderBlock {DIV} at (0,3072) size 769x19
        RenderText {#text} at (0,0) size 418x19
          text run at (0,0) width 418: "Font: HelveticaNeue-LightItalic Weight: 600 Style: italic"
      RenderBlock {DIV} at (0,3091) size 769x19
        RenderText {#text} at (0,0) size 418x19
          text run at (0,0) width 418: "Font: HelveticaNeue-LightItalic Weight: 700 Style: italic"
      RenderBlock {DIV} at (0,3110) size 769x19
        RenderText {#text} at (0,0) size 418x19
          text run at (0,0) width 418: "Font: HelveticaNeue-LightItalic Weight: 800 Style: italic"
      RenderBlock {DIV} at (0,3129) size 769x19
        RenderText {#text} at (0,0) size 418x19
          text run at (0,0) width 418: "Font: HelveticaNeue-LightItalic Weight: 900 Style: italic"
      RenderBlock {DIV} at (0,3148) size 769x18
        RenderText {#text} at (0,0) size 355x18
          text run at (0,0) width 355: "Font: HelveticaNeue-Italic Weight: 100 Style: italic"
      RenderBlock {DIV} at (0,3166) size 769x18
        RenderText {#text} at (0,0) size 355x18
          text run at (0,0) width 355: "Font: HelveticaNeue-Italic Weight: 200 Style: italic"
      RenderBlock {DIV} at (0,3184) size 769x18
        RenderText {#text} at (0,0) size 355x18
          text run at (0,0) width 355: "Font: HelveticaNeue-Italic Weight: 300 Style: italic"
      RenderBlock {DIV} at (0,3202) size 769x18
        RenderText {#text} at (0,0) size 355x18
          text run at (0,0) width 355: "Font: HelveticaNeue-Italic Weight: 400 Style: italic"
      RenderBlock {DIV} at (0,3220) size 769x18
        RenderText {#text} at (0,0) size 355x18
          text run at (0,0) width 355: "Font: HelveticaNeue-Italic Weight: 500 Style: italic"
      RenderBlock {DIV} at (0,3238) size 769x19
        RenderText {#text} at (0,0) size 379x19
          text run at (0,0) width 379: "Font: HelveticaNeue-Italic Weight: 600 Style: italic"
      RenderBlock {DIV} at (0,3257) size 769x19
        RenderText {#text} at (0,0) size 379x19
          text run at (0,0) width 379: "Font: HelveticaNeue-Italic Weight: 700 Style: italic"
      RenderBlock {DIV} at (0,3276) size 769x19
        RenderText {#text} at (0,0) size 379x19
          text run at (0,0) width 379: "Font: HelveticaNeue-Italic Weight: 800 Style: italic"
      RenderBlock {DIV} at (0,3295) size 769x19
        RenderText {#text} at (0,0) size 379x19
          text run at (0,0) width 379: "Font: HelveticaNeue-Italic Weight: 900 Style: italic"
      RenderBlock {DIV} at (0,3314) size 769x19
        RenderText {#text} at (0,0) size 414x19
          text run at (0,0) width 414: "Font: HelveticaNeue-BoldItalic Weight: 100 Style: italic"
      RenderBlock {DIV} at (0,3333) size 769x19
        RenderText {#text} at (0,0) size 414x19
          text run at (0,0) width 414: "Font: HelveticaNeue-BoldItalic Weight: 200 Style: italic"
      RenderBlock {DIV} at (0,3352) size 769x19
        RenderText {#text} at (0,0) size 414x19
          text run at (0,0) width 414: "Font: HelveticaNeue-BoldItalic Weight: 300 Style: italic"
      RenderBlock {DIV} at (0,3371) size 769x19
        RenderText {#text} at (0,0) size 414x19
          text run at (0,0) width 414: "Font: HelveticaNeue-BoldItalic Weight: 400 Style: italic"
      RenderBlock {DIV} at (0,3390) size 769x19
        RenderText {#text} at (0,0) size 414x19
          text run at (0,0) width 414: "Font: HelveticaNeue-BoldItalic Weight: 500 Style: italic"
      RenderBlock {DIV} at (0,3409) size 769x19
        RenderText {#text} at (0,0) size 414x19
          text run at (0,0) width 414: "Font: HelveticaNeue-BoldItalic Weight: 600 Style: italic"
      RenderBlock {DIV} at (0,3428) size 769x19
        RenderText {#text} at (0,0) size 414x19
          text run at (0,0) width 414: "Font: HelveticaNeue-BoldItalic Weight: 700 Style: italic"
      RenderBlock {DIV} at (0,3447) size 769x19
        RenderText {#text} at (0,0) size 414x19
          text run at (0,0) width 414: "Font: HelveticaNeue-BoldItalic Weight: 800 Style: italic"
      RenderBlock {DIV} at (0,3466) size 769x19
        RenderText {#text} at (0,0) size 414x19
          text run at (0,0) width 414: "Font: HelveticaNeue-BoldItalic Weight: 900 Style: italic"
      RenderBlock {DIV} at (0,3485) size 769x18
        RenderText {#text} at (0,0) size 254x18
          text run at (0,0) width 254: "Font: Avenir Weight: 100 Style: normal"
      RenderBlock {DIV} at (0,3503) size 769x18
        RenderText {#text} at (0,0) size 254x18
          text run at (0,0) width 254: "Font: Avenir Weight: 200 Style: normal"
      RenderBlock {DIV} at (0,3521) size 769x18
        RenderText {#text} at (0,0) size 254x18
          text run at (0,0) width 254: "Font: Avenir Weight: 300 Style: normal"
      RenderBlock {DIV} at (0,3539) size 769x18
        RenderText {#text} at (0,0) size 254x18
          text run at (0,0) width 254: "Font: Avenir Weight: 400 Style: normal"
      RenderBlock {DIV} at (0,3557) size 769x18
        RenderText {#text} at (0,0) size 254x18
          text run at (0,0) width 254: "Font: Avenir Weight: 500 Style: normal"
      RenderBlock {DIV} at (0,3575) size 769x18
        RenderText {#text} at (0,0) size 271x18
          text run at (0,0) width 271: "Font: Avenir Weight: 600 Style: normal"
      RenderBlock {DIV} at (0,3593) size 769x18
        RenderText {#text} at (0,0) size 271x18
          text run at (0,0) width 271: "Font: Avenir Weight: 700 Style: normal"
      RenderBlock {DIV} at (0,3611) size 769x18
        RenderText {#text} at (0,0) size 271x18
          text run at (0,0) width 271: "Font: Avenir Weight: 800 Style: normal"
      RenderBlock {DIV} at (0,3629) size 769x18
        RenderText {#text} at (0,0) size 271x18
          text run at (0,0) width 271: "Font: Avenir Weight: 900 Style: normal"
      RenderBlock {DIV} at (0,3647) size 769x18
        RenderText {#text} at (0,0) size 294x18
          text run at (0,0) width 294: "Font: Avenir-Light Weight: 100 Style: normal"
      RenderBlock {DIV} at (0,3665) size 769x18
        RenderText {#text} at (0,0) size 294x18
          text run at (0,0) width 294: "Font: Avenir-Light Weight: 200 Style: normal"
      RenderBlock {DIV} at (0,3683) size 769x18
        RenderText {#text} at (0,0) size 294x18
          text run at (0,0) width 294: "Font: Avenir-Light Weight: 300 Style: normal"
      RenderBlock {DIV} at (0,3701) size 769x18
        RenderText {#text} at (0,0) size 294x18
          text run at (0,0) width 294: "Font: Avenir-Light Weight: 400 Style: normal"
      RenderBlock {DIV} at (0,3719) size 769x18
        RenderText {#text} at (0,0) size 294x18
          text run at (0,0) width 294: "Font: Avenir-Light Weight: 500 Style: normal"
      RenderBlock {DIV} at (0,3737) size 769x18
        RenderText {#text} at (0,0) size 313x18
          text run at (0,0) width 313: "Font: Avenir-Light Weight: 600 Style: normal"
      RenderBlock {DIV} at (0,3755) size 769x18
        RenderText {#text} at (0,0) size 313x18
          text run at (0,0) width 313: "Font: Avenir-Light Weight: 700 Style: normal"
      RenderBlock {DIV} at (0,3773) size 769x18
        RenderText {#text} at (0,0) size 313x18
          text run at (0,0) width 313: "Font: Avenir-Light Weight: 800 Style: normal"
      RenderBlock {DIV} at (0,3791) size 769x18
        RenderText {#text} at (0,0) size 313x18
          text run at (0,0) width 313: "Font: Avenir-Light Weight: 900 Style: normal"
      RenderBlock {DIV} at (0,3809) size 769x18
        RenderText {#text} at (0,0) size 294x18
          text run at (0,0) width 294: "Font: Avenir-Book Weight: 100 Style: normal"
      RenderBlock {DIV} at (0,3827) size 769x18
        RenderText {#text} at (0,0) size 294x18
          text run at (0,0) width 294: "Font: Avenir-Book Weight: 200 Style: normal"
      RenderBlock {DIV} at (0,3845) size 769x18
        RenderText {#text} at (0,0) size 294x18
          text run at (0,0) width 294: "Font: Avenir-Book Weight: 300 Style: normal"
      RenderBlock {DIV} at (0,3863) size 769x18
        RenderText {#text} at (0,0) size 294x18
          text run at (0,0) width 294: "Font: Avenir-Book Weight: 400 Style: normal"
      RenderBlock {DIV} at (0,3881) size 769x18
        RenderText {#text} at (0,0) size 294x18
          text run at (0,0) width 294: "Font: Avenir-Book Weight: 500 Style: normal"
      RenderBlock {DIV} at (0,3899) size 769x18
        RenderText {#text} at (0,0) size 311x18
          text run at (0,0) width 311: "Font: Avenir-Book Weight: 600 Style: normal"
      RenderBlock {DIV} at (0,3917) size 769x18
        RenderText {#text} at (0,0) size 311x18
          text run at (0,0) width 311: "Font: Avenir-Book Weight: 700 Style: normal"
      RenderBlock {DIV} at (0,3935) size 769x18
        RenderText {#text} at (0,0) size 311x18
          text run at (0,0) width 311: "Font: Avenir-Book Weight: 800 Style: normal"
      RenderBlock {DIV} at (0,3953) size 769x18
        RenderText {#text} at (0,0) size 311x18
          text run at (0,0) width 311: "Font: Avenir-Book Weight: 900 Style: normal"
      RenderBlock {DIV} at (0,3971) size 769x18
        RenderText {#text} at (0,0) size 314x18
          text run at (0,0) width 314: "Font: Avenir-Medium Weight: 100 Style: normal"
      RenderBlock {DIV} at (0,3989) size 769x18
        RenderText {#text} at (0,0) size 314x18
          text run at (0,0) width 314: "Font: Avenir-Medium Weight: 200 Style: normal"
      RenderBlock {DIV} at (0,4007) size 769x18
        RenderText {#text} at (0,0) size 314x18
          text run at (0,0) width 314: "Font: Avenir-Medium Weight: 300 Style: normal"
      RenderBlock {DIV} at (0,4025) size 769x18
        RenderText {#text} at (0,0) size 314x18
          text run at (0,0) width 314: "Font: Avenir-Medium Weight: 400 Style: normal"
      RenderBlock {DIV} at (0,4043) size 769x18
        RenderText {#text} at (0,0) size 314x18
          text run at (0,0) width 314: "Font: Avenir-Medium Weight: 500 Style: normal"
      RenderBlock {DIV} at (0,4061) size 769x18
        RenderText {#text} at (0,0) size 333x18
          text run at (0,0) width 333: "Font: Avenir-Medium Weight: 600 Style: normal"
      RenderBlock {DIV} at (0,4079) size 769x18
        RenderText {#text} at (0,0) size 333x18
          text run at (0,0) width 333: "Font: Avenir-Medium Weight: 700 Style: normal"
      RenderBlock {DIV} at (0,4097) size 769x18
        RenderText {#text} at (0,0) size 333x18
          text run at (0,0) width 333: "Font: Avenir-Medium Weight: 800 Style: normal"
      RenderBlock {DIV} at (0,4115) size 769x18
        RenderText {#text} at (0,0) size 333x18
          text run at (0,0) width 333: "Font: Avenir-Medium Weight: 900 Style: normal"
      RenderBlock {DIV} at (0,4133) size 769x18
        RenderText {#text} at (0,0) size 297x18
          text run at (0,0) width 297: "Font: Avenir-Black Weight: 100 Style: normal"
      RenderBlock {DIV} at (0,4151) size 769x18
        RenderText {#text} at (0,0) size 297x18
          text run at (0,0) width 297: "Font: Avenir-Black Weight: 200 Style: normal"
      RenderBlock {DIV} at (0,4169) size 769x18
        RenderText {#text} at (0,0) size 297x18
          text run at (0,0) width 297: "Font: Avenir-Black Weight: 300 Style: normal"
      RenderBlock {DIV} at (0,4187) size 769x18
        RenderText {#text} at (0,0) size 297x18
          text run at (0,0) width 297: "Font: Avenir-Black Weight: 400 Style: normal"
      RenderBlock {DIV} at (0,4205) size 769x18
        RenderText {#text} at (0,0) size 297x18
          text run at (0,0) width 297: "Font: Avenir-Black Weight: 500 Style: normal"
      RenderBlock {DIV} at (0,4223) size 769x18
        RenderText {#text} at (0,0) size 315x18
          text run at (0,0) width 315: "Font: Avenir-Black Weight: 600 Style: normal"
      RenderBlock {DIV} at (0,4241) size 769x18
        RenderText {#text} at (0,0) size 315x18
          text run at (0,0) width 315: "Font: Avenir-Black Weight: 700 Style: normal"
      RenderBlock {DIV} at (0,4259) size 769x18
        RenderText {#text} at (0,0) size 315x18
          text run at (0,0) width 315: "Font: Avenir-Black Weight: 800 Style: normal"
      RenderBlock {DIV} at (0,4277) size 769x18
        RenderText {#text} at (0,0) size 315x18
          text run at (0,0) width 315: "Font: Avenir-Black Weight: 900 Style: normal"
      RenderBlock {DIV} at (0,4295) size 769x18
        RenderText {#text} at (0,0) size 301x18
          text run at (0,0) width 301: "Font: Avenir-Heavy Weight: 100 Style: normal"
      RenderBlock {DIV} at (0,4313) size 769x18
        RenderText {#text} at (0,0) size 301x18
          text run at (0,0) width 301: "Font: Avenir-Heavy Weight: 200 Style: normal"
      RenderBlock {DIV} at (0,4331) size 769x18
        RenderText {#text} at (0,0) size 301x18
          text run at (0,0) width 301: "Font: Avenir-Heavy Weight: 300 Style: normal"
      RenderBlock {DIV} at (0,4349) size 769x18
        RenderText {#text} at (0,0) size 301x18
          text run at (0,0) width 301: "Font: Avenir-Heavy Weight: 400 Style: normal"
      RenderBlock {DIV} at (0,4367) size 769x18
        RenderText {#text} at (0,0) size 301x18
          text run at (0,0) width 301: "Font: Avenir-Heavy Weight: 500 Style: normal"
      RenderBlock {DIV} at (0,4385) size 769x18
        RenderText {#text} at (0,0) size 319x18
          text run at (0,0) width 319: "Font: Avenir-Heavy Weight: 600 Style: normal"
      RenderBlock {DIV} at (0,4403) size 769x18
        RenderText {#text} at (0,0) size 319x18
          text run at (0,0) width 319: "Font: Avenir-Heavy Weight: 700 Style: normal"
      RenderBlock {DIV} at (0,4421) size 769x18
        RenderText {#text} at (0,0) size 319x18
          text run at (0,0) width 319: "Font: Avenir-Heavy Weight: 800 Style: normal"
      RenderBlock {DIV} at (0,4439) size 769x18
        RenderText {#text} at (0,0) size 319x18
          text run at (0,0) width 319: "Font: Avenir-Heavy Weight: 900 Style: normal"
      RenderBlock {DIV} at (0,4457) size 769x18
        RenderText {#text} at (0,0) size 346x18
          text run at (0,0) width 346: "Font: Avenir-LightOblique Weight: 100 Style: normal"
      RenderBlock {DIV} at (0,4475) size 769x18
        RenderText {#text} at (0,0) size 346x18
          text run at (0,0) width 346: "Font: Avenir-LightOblique Weight: 200 Style: normal"
      RenderBlock {DIV} at (0,4493) size 769x18
        RenderText {#text} at (0,0) size 346x18
          text run at (0,0) width 346: "Font: Avenir-LightOblique Weight: 300 Style: normal"
      RenderBlock {DIV} at (0,4511) size 769x18
        RenderText {#text} at (0,0) size 346x18
          text run at (0,0) width 346: "Font: Avenir-LightOblique Weight: 400 Style: normal"
      RenderBlock {DIV} at (0,4529) size 769x18
        RenderText {#text} at (0,0) size 346x18
          text run at (0,0) width 346: "Font: Avenir-LightOblique Weight: 500 Style: normal"
      RenderBlock {DIV} at (0,4547) size 769x18
        RenderText {#text} at (0,0) size 368x18
          text run at (0,0) width 368: "Font: Avenir-LightOblique Weight: 600 Style: normal"
      RenderBlock {DIV} at (0,4565) size 769x18
        RenderText {#text} at (0,0) size 368x18
          text run at (0,0) width 368: "Font: Avenir-LightOblique Weight: 700 Style: normal"
      RenderBlock {DIV} at (0,4583) size 769x18
        RenderText {#text} at (0,0) size 368x18
          text run at (0,0) width 368: "Font: Avenir-LightOblique Weight: 800 Style: normal"
      RenderBlock {DIV} at (0,4601) size 769x18
        RenderText {#text} at (0,0) size 368x18
          text run at (0,0) width 368: "Font: Avenir-LightOblique Weight: 900 Style: normal"
      RenderBlock {DIV} at (0,4619) size 769x18
        RenderText {#text} at (0,0) size 346x18
          text run at (0,0) width 346: "Font: Avenir-BookOblique Weight: 100 Style: normal"
      RenderBlock {DIV} at (0,4637) size 769x18
        RenderText {#text} at (0,0) size 346x18
          text run at (0,0) width 346: "Font: Avenir-BookOblique Weight: 200 Style: normal"
      RenderBlock {DIV} at (0,4655) size 769x18
        RenderText {#text} at (0,0) size 346x18
          text run at (0,0) width 346: "Font: Avenir-BookOblique Weight: 300 Style: normal"
      RenderBlock {DIV} at (0,4673) size 769x18
        RenderText {#text} at (0,0) size 346x18
          text run at (0,0) width 346: "Font: Avenir-BookOblique Weight: 400 Style: normal"
      RenderBlock {DIV} at (0,4691) size 769x18
        RenderText {#text} at (0,0) size 346x18
          text run at (0,0) width 346: "Font: Avenir-BookOblique Weight: 500 Style: normal"
      RenderBlock {DIV} at (0,4709) size 769x18
        RenderText {#text} at (0,0) size 366x18
          text run at (0,0) width 366: "Font: Avenir-BookOblique Weight: 600 Style: normal"
      RenderBlock {DIV} at (0,4727) size 769x18
        RenderText {#text} at (0,0) size 366x18
          text run at (0,0) width 366: "Font: Avenir-BookOblique Weight: 700 Style: normal"
      RenderBlock {DIV} at (0,4745) size 769x18
        RenderText {#text} at (0,0) size 366x18
          text run at (0,0) width 366: "Font: Avenir-BookOblique Weight: 800 Style: normal"
      RenderBlock {DIV} at (0,4763) size 769x18
        RenderText {#text} at (0,0) size 366x18
          text run at (0,0) width 366: "Font: Avenir-BookOblique Weight: 900 Style: normal"
      RenderBlock {DIV} at (0,4781) size 769x18
        RenderText {#text} at (0,0) size 365x18
          text run at (0,0) width 365: "Font: Avenir-MediumOblique Weight: 100 Style: normal"
      RenderBlock {DIV} at (0,4799) size 769x18
        RenderText {#text} at (0,0) size 365x18
          text run at (0,0) width 365: "Font: Avenir-MediumOblique Weight: 200 Style: normal"
      RenderBlock {DIV} at (0,4817) size 769x18
        RenderText {#text} at (0,0) size 365x18
          text run at (0,0) width 365: "Font: Avenir-MediumOblique Weight: 300 Style: normal"
      RenderBlock {DIV} at (0,4835) size 769x18
        RenderText {#text} at (0,0) size 365x18
          text run at (0,0) width 365: "Font: Avenir-MediumOblique Weight: 400 Style: normal"
      RenderBlock {DIV} at (0,4853) size 769x18
        RenderText {#text} at (0,0) size 365x18
          text run at (0,0) width 365: "Font: Avenir-MediumOblique Weight: 500 Style: normal"
      RenderBlock {DIV} at (0,4871) size 769x18
        RenderText {#text} at (0,0) size 388x18
          text run at (0,0) width 388: "Font: Avenir-MediumOblique Weight: 600 Style: normal"
      RenderBlock {DIV} at (0,4889) size 769x18
        RenderText {#text} at (0,0) size 388x18
          text run at (0,0) width 388: "Font: Avenir-MediumOblique Weight: 700 Style: normal"
      RenderBlock {DIV} at (0,4907) size 769x18
        RenderText {#text} at (0,0) size 388x18
          text run at (0,0) width 388: "Font: Avenir-MediumOblique Weight: 800 Style: normal"
      RenderBlock {DIV} at (0,4925) size 769x18
        RenderText {#text} at (0,0) size 388x18
          text run at (0,0) width 388: "Font: Avenir-MediumOblique Weight: 900 Style: normal"
      RenderBlock {DIV} at (0,4943) size 769x18
        RenderText {#text} at (0,0) size 348x18
          text run at (0,0) width 348: "Font: Avenir-BlackOblique Weight: 100 Style: normal"
      RenderBlock {DIV} at (0,4961) size 769x18
        RenderText {#text} at (0,0) size 348x18
          text run at (0,0) width 348: "Font: Avenir-BlackOblique Weight: 200 Style: normal"
      RenderBlock {DIV} at (0,4979) size 769x18
        RenderText {#text} at (0,0) size 348x18
          text run at (0,0) width 348: "Font: Avenir-BlackOblique Weight: 300 Style: normal"
      RenderBlock {DIV} at (0,4997) size 769x18
        RenderText {#text} at (0,0) size 348x18
          text run at (0,0) width 348: "Font: Avenir-BlackOblique Weight: 400 Style: normal"
      RenderBlock {DIV} at (0,5015) size 769x18
        RenderText {#text} at (0,0) size 348x18
          text run at (0,0) width 348: "Font: Avenir-BlackOblique Weight: 500 Style: normal"
      RenderBlock {DIV} at (0,5033) size 769x18
        RenderText {#text} at (0,0) size 370x18
          text run at (0,0) width 370: "Font: Avenir-BlackOblique Weight: 600 Style: normal"
      RenderBlock {DIV} at (0,5051) size 769x18
        RenderText {#text} at (0,0) size 370x18
          text run at (0,0) width 370: "Font: Avenir-BlackOblique Weight: 700 Style: normal"
      RenderBlock {DIV} at (0,5069) size 769x18
        RenderText {#text} at (0,0) size 370x18
          text run at (0,0) width 370: "Font: Avenir-BlackOblique Weight: 800 Style: normal"
      RenderBlock {DIV} at (0,5087) size 769x18
        RenderText {#text} at (0,0) size 370x18
          text run at (0,0) width 370: "Font: Avenir-BlackOblique Weight: 900 Style: normal"
      RenderBlock {DIV} at (0,5105) size 769x18
        RenderText {#text} at (0,0) size 240x18
          text run at (0,0) width 240: "Font: Avenir Weight: 100 Style: italic"
      RenderBlock {DIV} at (0,5123) size 769x18
        RenderText {#text} at (0,0) size 240x18
          text run at (0,0) width 240: "Font: Avenir Weight: 200 Style: italic"
      RenderBlock {DIV} at (0,5141) size 769x18
        RenderText {#text} at (0,0) size 240x18
          text run at (0,0) width 240: "Font: Avenir Weight: 300 Style: italic"
      RenderBlock {DIV} at (0,5159) size 769x18
        RenderText {#text} at (0,0) size 240x18
          text run at (0,0) width 240: "Font: Avenir Weight: 400 Style: italic"
      RenderBlock {DIV} at (0,5177) size 769x18
        RenderText {#text} at (0,0) size 240x18
          text run at (0,0) width 240: "Font: Avenir Weight: 500 Style: italic"
      RenderBlock {DIV} at (0,5195) size 769x18
        RenderText {#text} at (0,0) size 247x18
          text run at (0,0) width 247: "Font: Avenir Weight: 600 Style: italic"
      RenderBlock {DIV} at (0,5213) size 769x18
        RenderText {#text} at (0,0) size 247x18
          text run at (0,0) width 247: "Font: Avenir Weight: 700 Style: italic"
      RenderBlock {DIV} at (0,5231) size 769x18
        RenderText {#text} at (0,0) size 247x18
          text run at (0,0) width 247: "Font: Avenir Weight: 800 Style: italic"
      RenderBlock {DIV} at (0,5249) size 769x18
        RenderText {#text} at (0,0) size 247x18
          text run at (0,0) width 247: "Font: Avenir Weight: 900 Style: italic"
      RenderBlock {DIV} at (0,5267) size 769x18
        RenderText {#text} at (0,0) size 279x18
          text run at (0,0) width 279: "Font: Avenir-Light Weight: 100 Style: italic"
      RenderBlock {DIV} at (0,5285) size 769x18
        RenderText {#text} at (0,0) size 279x18
          text run at (0,0) width 279: "Font: Avenir-Light Weight: 200 Style: italic"
      RenderBlock {DIV} at (0,5303) size 769x18
        RenderText {#text} at (0,0) size 279x18
          text run at (0,0) width 279: "Font: Avenir-Light Weight: 300 Style: italic"
      RenderBlock {DIV} at (0,5321) size 769x18
        RenderText {#text} at (0,0) size 279x18
          text run at (0,0) width 279: "Font: Avenir-Light Weight: 400 Style: italic"
      RenderBlock {DIV} at (0,5339) size 769x18
        RenderText {#text} at (0,0) size 279x18
          text run at (0,0) width 279: "Font: Avenir-Light Weight: 500 Style: italic"
      RenderBlock {DIV} at (0,5357) size 769x18
        RenderText {#text} at (0,0) size 287x18
          text run at (0,0) width 287: "Font: Avenir-Light Weight: 600 Style: italic"
      RenderBlock {DIV} at (0,5375) size 769x18
        RenderText {#text} at (0,0) size 287x18
          text run at (0,0) width 287: "Font: Avenir-Light Weight: 700 Style: italic"
      RenderBlock {DIV} at (0,5393) size 769x18
        RenderText {#text} at (0,0) size 287x18
          text run at (0,0) width 287: "Font: Avenir-Light Weight: 800 Style: italic"
      RenderBlock {DIV} at (0,5411) size 769x18
        RenderText {#text} at (0,0) size 287x18
          text run at (0,0) width 287: "Font: Avenir-Light Weight: 900 Style: italic"
      RenderBlock {DIV} at (0,5429) size 769x18
        RenderText {#text} at (0,0) size 278x18
          text run at (0,0) width 278: "Font: Avenir-Book Weight: 100 Style: italic"
      RenderBlock {DIV} at (0,5447) size 769x18
        RenderText {#text} at (0,0) size 278x18
          text run at (0,0) width 278: "Font: Avenir-Book Weight: 200 Style: italic"
      RenderBlock {DIV} at (0,5465) size 769x18
        RenderText {#text} at (0,0) size 278x18
          text run at (0,0) width 278: "Font: Avenir-Book Weight: 300 Style: italic"
      RenderBlock {DIV} at (0,5483) size 769x18
        RenderText {#text} at (0,0) size 278x18
          text run at (0,0) width 278: "Font: Avenir-Book Weight: 400 Style: italic"
      RenderBlock {DIV} at (0,5501) size 769x18
        RenderText {#text} at (0,0) size 278x18
          text run at (0,0) width 278: "Font: Avenir-Book Weight: 500 Style: italic"
      RenderBlock {DIV} at (0,5519) size 769x18
        RenderText {#text} at (0,0) size 287x18
          text run at (0,0) width 287: "Font: Avenir-Book Weight: 600 Style: italic"
      RenderBlock {DIV} at (0,5537) size 769x18
        RenderText {#text} at (0,0) size 287x18
          text run at (0,0) width 287: "Font: Avenir-Book Weight: 700 Style: italic"
      RenderBlock {DIV} at (0,5555) size 769x18
        RenderText {#text} at (0,0) size 287x18
          text run at (0,0) width 287: "Font: Avenir-Book Weight: 800 Style: italic"
      RenderBlock {DIV} at (0,5573) size 769x18
        RenderText {#text} at (0,0) size 287x18
          text run at (0,0) width 287: "Font: Avenir-Book Weight: 900 Style: italic"
      RenderBlock {DIV} at (0,5591) size 769x18
        RenderText {#text} at (0,0) size 298x18
          text run at (0,0) width 298: "Font: Avenir-Medium Weight: 100 Style: italic"
      RenderBlock {DIV} at (0,5609) size 769x18
        RenderText {#text} at (0,0) size 298x18
          text run at (0,0) width 298: "Font: Avenir-Medium Weight: 200 Style: italic"
      RenderBlock {DIV} at (0,5627) size 769x18
        RenderText {#text} at (0,0) size 298x18
          text run at (0,0) width 298: "Font: Avenir-Medium Weight: 300 Style: italic"
      RenderBlock {DIV} at (0,5645) size 769x18
        RenderText {#text} at (0,0) size 298x18
          text run at (0,0) width 298: "Font: Avenir-Medium Weight: 400 Style: italic"
      RenderBlock {DIV} at (0,5663) size 769x18
        RenderText {#text} at (0,0) size 298x18
          text run at (0,0) width 298: "Font: Avenir-Medium Weight: 500 Style: italic"
      RenderBlock {DIV} at (0,5681) size 769x18
        RenderText {#text} at (0,0) size 307x18
          text run at (0,0) width 307: "Font: Avenir-Medium Weight: 600 Style: italic"
      RenderBlock {DIV} at (0,5699) size 769x18
        RenderText {#text} at (0,0) size 307x18
          text run at (0,0) width 307: "Font: Avenir-Medium Weight: 700 Style: italic"
      RenderBlock {DIV} at (0,5717) size 769x18
        RenderText {#text} at (0,0) size 307x18
          text run at (0,0) width 307: "Font: Avenir-Medium Weight: 800 Style: italic"
      RenderBlock {DIV} at (0,5735) size 769x18
        RenderText {#text} at (0,0) size 307x18
          text run at (0,0) width 307: "Font: Avenir-Medium Weight: 900 Style: italic"
      RenderBlock {DIV} at (0,5753) size 769x18
        RenderText {#text} at (0,0) size 282x18
          text run at (0,0) width 282: "Font: Avenir-Black Weight: 100 Style: italic"
      RenderBlock {DIV} at (0,5771) size 769x18
        RenderText {#text} at (0,0) size 282x18
          text run at (0,0) width 282: "Font: Avenir-Black Weight: 200 Style: italic"
      RenderBlock {DIV} at (0,5789) size 769x18
        RenderText {#text} at (0,0) size 282x18
          text run at (0,0) width 282: "Font: Avenir-Black Weight: 300 Style: italic"
      RenderBlock {DIV} at (0,5807) size 769x18
        RenderText {#text} at (0,0) size 282x18
          text run at (0,0) width 282: "Font: Avenir-Black Weight: 400 Style: italic"
      RenderBlock {DIV} at (0,5825) size 769x18
        RenderText {#text} at (0,0) size 282x18
          text run at (0,0) width 282: "Font: Avenir-Black Weight: 500 Style: italic"
      RenderBlock {DIV} at (0,5843) size 769x18
        RenderText {#text} at (0,0) size 290x18
          text run at (0,0) width 290: "Font: Avenir-Black Weight: 600 Style: italic"
      RenderBlock {DIV} at (0,5861) size 769x18
        RenderText {#text} at (0,0) size 290x18
          text run at (0,0) width 290: "Font: Avenir-Black Weight: 700 Style: italic"
      RenderBlock {DIV} at (0,5879) size 769x18
        RenderText {#text} at (0,0) size 290x18
          text run at (0,0) width 290: "Font: Avenir-Black Weight: 800 Style: italic"
      RenderBlock {DIV} at (0,5897) size 769x18
        RenderText {#text} at (0,0) size 290x18
          text run at (0,0) width 290: "Font: Avenir-Black Weight: 900 Style: italic"
      RenderBlock {DIV} at (0,5915) size 769x18
        RenderText {#text} at (0,0) size 286x18
          text run at (0,0) width 286: "Font: Avenir-Heavy Weight: 100 Style: italic"
      RenderBlock {DIV} at (0,5933) size 769x18
        RenderText {#text} at (0,0) size 286x18
          text run at (0,0) width 286: "Font: Avenir-Heavy Weight: 200 Style: italic"
      RenderBlock {DIV} at (0,5951) size 769x18
        RenderText {#text} at (0,0) size 286x18
          text run at (0,0) width 286: "Font: Avenir-Heavy Weight: 300 Style: italic"
      RenderBlock {DIV} at (0,5969) size 769x18
        RenderText {#text} at (0,0) size 286x18
          text run at (0,0) width 286: "Font: Avenir-Heavy Weight: 400 Style: italic"
      RenderBlock {DIV} at (0,5987) size 769x18
        RenderText {#text} at (0,0) size 286x18
          text run at (0,0) width 286: "Font: Avenir-Heavy Weight: 500 Style: italic"
      RenderBlock {DIV} at (0,6005) size 769x18
        RenderText {#text} at (0,0) size 294x18
          text run at (0,0) width 294: "Font: Avenir-Heavy Weight: 600 Style: italic"
      RenderBlock {DIV} at (0,6023) size 769x18
        RenderText {#text} at (0,0) size 294x18
          text run at (0,0) width 294: "Font: Avenir-Heavy Weight: 700 Style: italic"
      RenderBlock {DIV} at (0,6041) size 769x18
        RenderText {#text} at (0,0) size 294x18
          text run at (0,0) width 294: "Font: Avenir-Heavy Weight: 800 Style: italic"
      RenderBlock {DIV} at (0,6059) size 769x18
        RenderText {#text} at (0,0) size 294x18
          text run at (0,0) width 294: "Font: Avenir-Heavy Weight: 900 Style: italic"
      RenderBlock {DIV} at (0,6077) size 769x18
        RenderText {#text} at (0,0) size 331x18
          text run at (0,0) width 331: "Font: Avenir-LightOblique Weight: 100 Style: italic"
      RenderBlock {DIV} at (0,6095) size 769x18
        RenderText {#text} at (0,0) size 331x18
          text run at (0,0) width 331: "Font: Avenir-LightOblique Weight: 200 Style: italic"
      RenderBlock {DIV} at (0,6113) size 769x18
        RenderText {#text} at (0,0) size 331x18
          text run at (0,0) width 331: "Font: Avenir-LightOblique Weight: 300 Style: italic"
      RenderBlock {DIV} at (0,6131) size 769x18
        RenderText {#text} at (0,0) size 331x18
          text run at (0,0) width 331: "Font: Avenir-LightOblique Weight: 400 Style: italic"
      RenderBlock {DIV} at (0,6149) size 769x18
        RenderText {#text} at (0,0) size 331x18
          text run at (0,0) width 331: "Font: Avenir-LightOblique Weight: 500 Style: italic"
      RenderBlock {DIV} at (0,6167) size 769x18
        RenderText {#text} at (0,0) size 340x18
          text run at (0,0) width 340: "Font: Avenir-LightOblique Weight: 600 Style: italic"
      RenderBlock {DIV} at (0,6185) size 769x18
        RenderText {#text} at (0,0) size 340x18
          text run at (0,0) width 340: "Font: Avenir-LightOblique Weight: 700 Style: italic"
      RenderBlock {DIV} at (0,6203) size 769x18
        RenderText {#text} at (0,0) size 340x18
          text run at (0,0) width 340: "Font: Avenir-LightOblique Weight: 800 Style: italic"
      RenderBlock {DIV} at (0,6221) size 769x18
        RenderText {#text} at (0,0) size 340x18
          text run at (0,0) width 340: "Font: Avenir-LightOblique Weight: 900 Style: italic"
      RenderBlock {DIV} at (0,6239) size 769x18
        RenderText {#text} at (0,0) size 330x18
          text run at (0,0) width 330: "Font: Avenir-BookOblique Weight: 100 Style: italic"
      RenderBlock {DIV} at (0,6257) size 769x18
        RenderText {#text} at (0,0) size 330x18
          text run at (0,0) width 330: "Font: Avenir-BookOblique Weight: 200 Style: italic"
      RenderBlock {DIV} at (0,6275) size 769x18
        RenderText {#text} at (0,0) size 330x18
          text run at (0,0) width 330: "Font: Avenir-BookOblique Weight: 300 Style: italic"
      RenderBlock {DIV} at (0,6293) size 769x18
        RenderText {#text} at (0,0) size 330x18
          text run at (0,0) width 330: "Font: Avenir-BookOblique Weight: 400 Style: italic"
      RenderBlock {DIV} at (0,6311) size 769x18
        RenderText {#text} at (0,0) size 330x18
          text run at (0,0) width 330: "Font: Avenir-BookOblique Weight: 500 Style: italic"
      RenderBlock {DIV} at (0,6329) size 769x18
        RenderText {#text} at (0,0) size 339x18
          text run at (0,0) width 339: "Font: Avenir-BookOblique Weight: 600 Style: italic"
      RenderBlock {DIV} at (0,6347) size 769x18
        RenderText {#text} at (0,0) size 339x18
          text run at (0,0) width 339: "Font: Avenir-BookOblique Weight: 700 Style: italic"
      RenderBlock {DIV} at (0,6365) size 769x18
        RenderText {#text} at (0,0) size 339x18
          text run at (0,0) width 339: "Font: Avenir-BookOblique Weight: 800 Style: italic"
      RenderBlock {DIV} at (0,6383) size 769x18
        RenderText {#text} at (0,0) size 339x18
          text run at (0,0) width 339: "Font: Avenir-BookOblique Weight: 900 Style: italic"
      RenderBlock {DIV} at (0,6401) size 769x18
        RenderText {#text} at (0,0) size 349x18
          text run at (0,0) width 349: "Font: Avenir-MediumOblique Weight: 100 Style: italic"
      RenderBlock {DIV} at (0,6419) size 769x18
        RenderText {#text} at (0,0) size 349x18
          text run at (0,0) width 349: "Font: Avenir-MediumOblique Weight: 200 Style: italic"
      RenderBlock {DIV} at (0,6437) size 769x18
        RenderText {#text} at (0,0) size 349x18
          text run at (0,0) width 349: "Font: Avenir-MediumOblique Weight: 300 Style: italic"
      RenderBlock {DIV} at (0,6455) size 769x18
        RenderText {#text} at (0,0) size 349x18
          text run at (0,0) width 349: "Font: Avenir-MediumOblique Weight: 400 Style: italic"
      RenderBlock {DIV} at (0,6473) size 769x18
        RenderText {#text} at (0,0) size 349x18
          text run at (0,0) width 349: "Font: Avenir-MediumOblique Weight: 500 Style: italic"
      RenderBlock {DIV} at (0,6491) size 769x18
        RenderText {#text} at (0,0) size 359x18
          text run at (0,0) width 359: "Font: Avenir-MediumOblique Weight: 600 Style: italic"
      RenderBlock {DIV} at (0,6509) size 769x18
        RenderText {#text} at (0,0) size 359x18
          text run at (0,0) width 359: "Font: Avenir-MediumOblique Weight: 700 Style: italic"
      RenderBlock {DIV} at (0,6527) size 769x18
        RenderText {#text} at (0,0) size 359x18
          text run at (0,0) width 359: "Font: Avenir-MediumOblique Weight: 800 Style: italic"
      RenderBlock {DIV} at (0,6545) size 769x18
        RenderText {#text} at (0,0) size 359x18
          text run at (0,0) width 359: "Font: Avenir-MediumOblique Weight: 900 Style: italic"
      RenderBlock {DIV} at (0,6563) size 769x18
        RenderText {#text} at (0,0) size 333x18
          text run at (0,0) width 333: "Font: Avenir-BlackOblique Weight: 100 Style: italic"
      RenderBlock {DIV} at (0,6581) size 769x18
        RenderText {#text} at (0,0) size 333x18
          text run at (0,0) width 333: "Font: Avenir-BlackOblique Weight: 200 Style: italic"
      RenderBlock {DIV} at (0,6599) size 769x18
        RenderText {#text} at (0,0) size 333x18
          text run at (0,0) width 333: "Font: Avenir-BlackOblique Weight: 300 Style: italic"
      RenderBlock {DIV} at (0,6617) size 769x18
        RenderText {#text} at (0,0) size 333x18
          text run at (0,0) width 333: "Font: Avenir-BlackOblique Weight: 400 Style: italic"
      RenderBlock {DIV} at (0,6635) size 769x18
        RenderText {#text} at (0,0) size 333x18
          text run at (0,0) width 333: "Font: Avenir-BlackOblique Weight: 500 Style: italic"
      RenderBlock {DIV} at (0,6653) size 769x18
        RenderText {#text} at (0,0) size 343x18
          text run at (0,0) width 343: "Font: Avenir-BlackOblique Weight: 600 Style: italic"
      RenderBlock {DIV} at (0,6671) size 769x18
        RenderText {#text} at (0,0) size 343x18
          text run at (0,0) width 343: "Font: Avenir-BlackOblique Weight: 700 Style: italic"
      RenderBlock {DIV} at (0,6689) size 769x18
        RenderText {#text} at (0,0) size 343x18
          text run at (0,0) width 343: "Font: Avenir-BlackOblique Weight: 800 Style: italic"
      RenderBlock {DIV} at (0,6707) size 769x18
        RenderText {#text} at (0,0) size 343x18
          text run at (0,0) width 343: "Font: Avenir-BlackOblique Weight: 900 Style: italic"
