layer at (0,0) size 785x1683
  RenderView at (0,0) size 785x600
layer at (0,0) size 785x1683
  RenderBlock {HTML} at (0,0) size 785x1683
    RenderBody {BODY} at (8,8) size 769x1667 [bgcolor=#CCCCCC]
      RenderBlock {P} at (0,0) size 769x17
        RenderText {#text} at (0,0) size 355x17
          text run at (0,0) width 355: "The style declarations which apply to the text below are:"
      RenderBlock {PRE} at (0,33) size 769x180
        RenderText {#text} at (0,0) size 288x180
          text run at (0,0) width 160: "BODY {color: black;}"
          text run at (0,15) width 152: ".one {color: #080;}"
          text run at (0,30) width 176: ".two {color: #008000;}"
          text run at (0,45) width 232: ".three {color: rgb(0,128,0);}"
          text run at (0,60) width 240: ".four {color: rgb(0%,50%,0%);}"
          text run at (0,75) width 288: ".five {color: rgb(0.0%,50.0%,0.0%);}"
          text run at (0,90) width 160: ".six {color: green;}"
          text run at (0,105) width 232: ".seven {color: invalidValue;}"
          text run at (0,120) width 256: ".eight {color: rgb(0,128,1280);}"
          text run at (0,135) width 240: ".nine {color: rgb(0,128,255);}"
          text run at (0,150) width 264: ".ten {color: rgb(50%,-500%,60%);}"
          text run at (0,165) width 264: ".eleven {color: rgb(50%,0%,60%);}"
      RenderBlock {HR} at (0,226) size 769x2 [border: (1px inset #000000)]
      RenderBlock {P} at (0,244) size 769x17
        RenderText {#text} at (0,0) size 193x17
          text run at (0,0) width 193: "This sentence should be black."
      RenderBlock {P} at (0,277) size 769x17 [color=#008800]
        RenderText {#text} at (0,0) size 507x17
          text run at (0,0) width 507: "This sentence should be green, although slightly different from those that follow."
      RenderBlock {P} at (0,310) size 769x17 [color=#008000]
        RenderText {#text} at (0,0) size 194x17
          text run at (0,0) width 194: "This sentence should be green."
      RenderBlock {P} at (0,343) size 769x17 [color=#008000]
        RenderText {#text} at (0,0) size 194x17
          text run at (0,0) width 194: "This sentence should be green."
      RenderBlock {P} at (0,376) size 769x17 [color=#008000]
        RenderText {#text} at (0,0) size 194x17
          text run at (0,0) width 194: "This sentence should be green."
      RenderBlock {P} at (0,409) size 769x17 [color=#008000]
        RenderText {#text} at (0,0) size 194x17
          text run at (0,0) width 194: "This sentence should be green."
      RenderBlock {P} at (0,442) size 769x17 [color=#008000]
        RenderText {#text} at (0,0) size 194x17
          text run at (0,0) width 194: "This sentence should be green."
      RenderBlock {P} at (0,475) size 769x18
        RenderText {#text} at (0,0) size 407x17
          text run at (0,0) width 407: "This sentence should be black, because the value given for class "
        RenderInline {CODE} at (0,0) size 48x15
          RenderText {#text} at (407,3) size 48x15
            text run at (407,3) width 48: ".seven"
        RenderText {#text} at (455,0) size 65x17
          text run at (455,0) width 65: " is invalid."
      RenderBlock {P} at (0,509) size 769x34 [color=#0080FF]
        RenderText {#text} at (0,0) size 726x34
          text run at (0,0) width 726: "This sentence should be a shade of blue-green which, on a typical RGB computer display, exactly matches the next"
          text run at (0,17) width 67: "paragraph."
      RenderBlock {P} at (0,559) size 769x34 [color=#0080FF]
        RenderText {#text} at (0,0) size 753x34
          text run at (0,0) width 753: "This sentence should be a shade of blue-green which, on a typical RGB computer display, exactly matches the previous"
          text run at (0,17) width 67: "paragraph."
      RenderBlock {P} at (0,609) size 769x34 [color=#800099]
        RenderText {#text} at (0,0) size 699x34
          text run at (0,0) width 699: "This sentence should be a shade of purple which, on a typical RGB computer display, exactly matches the next"
          text run at (0,17) width 67: "paragraph."
      RenderBlock {P} at (0,659) size 769x34 [color=#800099]
        RenderText {#text} at (0,0) size 726x34
          text run at (0,0) width 726: "This sentence should be a shade of purple which, on a typical RGB computer display, exactly matches the previous"
          text run at (0,17) width 67: "paragraph."
      RenderBlock {P} at (0,709) size 769x17
        RenderText {#text} at (0,0) size 193x17
          text run at (0,0) width 193: "This sentence should be black."
      RenderBlock {P} at (0,742) size 769x18 [color=#008800]
        RenderText {#text} at (0,0) size 399x17
          text run at (0,0) width 399: "This sentence should be a slightly different green, and used the "
        RenderInline {TT} at (0,0) size 40x15
          RenderText {#text} at (399,3) size 40x15
            text run at (399,3) width 40: "style"
        RenderText {#text} at (439,0) size 59x17
          text run at (439,0) width 59: " attribute."
      RenderBlock {P} at (0,776) size 769x18 [color=#008000]
        RenderText {#text} at (0,0) size 281x17
          text run at (0,0) width 281: "This sentence should be green, and used the "
        RenderInline {TT} at (0,0) size 40x15
          RenderText {#text} at (281,3) size 40x15
            text run at (281,3) width 40: "style"
        RenderText {#text} at (321,0) size 59x17
          text run at (321,0) width 59: " attribute."
      RenderBlock {P} at (0,810) size 769x18 [color=#008000]
        RenderText {#text} at (0,0) size 281x17
          text run at (0,0) width 281: "This sentence should be green, and used the "
        RenderInline {TT} at (0,0) size 40x15
          RenderText {#text} at (281,3) size 40x15
            text run at (281,3) width 40: "style"
        RenderText {#text} at (321,0) size 59x17
          text run at (321,0) width 59: " attribute."
      RenderBlock {P} at (0,844) size 769x18 [color=#008000]
        RenderText {#text} at (0,0) size 281x17
          text run at (0,0) width 281: "This sentence should be green, and used the "
        RenderInline {TT} at (0,0) size 40x15
          RenderText {#text} at (281,3) size 40x15
            text run at (281,3) width 40: "style"
        RenderText {#text} at (321,0) size 59x17
          text run at (321,0) width 59: " attribute."
      RenderBlock {P} at (0,878) size 769x18 [color=#008000]
        RenderText {#text} at (0,0) size 281x17
          text run at (0,0) width 281: "This sentence should be green, and used the "
        RenderInline {TT} at (0,0) size 40x15
          RenderText {#text} at (281,3) size 40x15
            text run at (281,3) width 40: "style"
        RenderText {#text} at (321,0) size 59x17
          text run at (321,0) width 59: " attribute."
      RenderBlock {P} at (0,912) size 769x18 [color=#008000]
        RenderText {#text} at (0,0) size 281x17
          text run at (0,0) width 281: "This sentence should be green, and used the "
        RenderInline {TT} at (0,0) size 40x15
          RenderText {#text} at (281,3) size 40x15
            text run at (281,3) width 40: "style"
        RenderText {#text} at (321,0) size 59x17
          text run at (321,0) width 59: " attribute."
      RenderTable {TABLE} at (0,946) size 769x721 [border: (1px outset #808080)]
        RenderTableSection {TBODY} at (1,1) size 767x719
          RenderTableRow {TR} at (0,0) size 767x25
            RenderTableCell {TD} at (0,0) size 767x25 [bgcolor=#C0C0C0] [border: (1px inset #808080)] [r=0 c=0 rs=1 cs=2]
              RenderInline {STRONG} at (0,0) size 163x17
                RenderText {#text} at (4,4) size 163x17
                  text run at (4,4) width 163: "TABLE Testing Section"
          RenderTableRow {TR} at (0,25) size 767x694
            RenderTableCell {TD} at (0,359) size 12x26 [bgcolor=#C0C0C0] [border: (1px inset #808080)] [r=1 c=0 rs=1 cs=1]
              RenderText {#text} at (4,4) size 4x18
                text run at (4,5) width 4: " "
            RenderTableCell {TD} at (12,25) size 755x694 [border: (1px inset #808080)] [r=1 c=1 rs=1 cs=1]
              RenderBlock {P} at (4,4) size 747x17
                RenderText {#text} at (0,0) size 193x17
                  text run at (0,0) width 193: "This sentence should be black."
              RenderBlock {P} at (4,37) size 747x17 [color=#008800]
                RenderText {#text} at (0,0) size 507x17
                  text run at (0,0) width 507: "This sentence should be green, although slightly different from those that follow."
              RenderBlock {P} at (4,70) size 747x17 [color=#008000]
                RenderText {#text} at (0,0) size 194x17
                  text run at (0,0) width 194: "This sentence should be green."
              RenderBlock {P} at (4,103) size 747x17 [color=#008000]
                RenderText {#text} at (0,0) size 194x17
                  text run at (0,0) width 194: "This sentence should be green."
              RenderBlock {P} at (4,136) size 747x17 [color=#008000]
                RenderText {#text} at (0,0) size 194x17
                  text run at (0,0) width 194: "This sentence should be green."
              RenderBlock {P} at (4,169) size 747x17 [color=#008000]
                RenderText {#text} at (0,0) size 194x17
                  text run at (0,0) width 194: "This sentence should be green."
              RenderBlock {P} at (4,202) size 747x17 [color=#008000]
                RenderText {#text} at (0,0) size 194x17
                  text run at (0,0) width 194: "This sentence should be green."
              RenderBlock {P} at (4,235) size 747x18
                RenderText {#text} at (0,0) size 407x17
                  text run at (0,0) width 407: "This sentence should be black, because the value given for class "
                RenderInline {CODE} at (0,0) size 48x15
                  RenderText {#text} at (407,3) size 48x15
                    text run at (407,3) width 48: ".seven"
                RenderText {#text} at (455,0) size 65x17
                  text run at (455,0) width 65: " is invalid."
              RenderBlock {P} at (4,269) size 747x34 [color=#0080FF]
                RenderText {#text} at (0,0) size 726x34
                  text run at (0,0) width 726: "This sentence should be a shade of blue-green which, on a typical RGB computer display, exactly matches the next"
                  text run at (0,17) width 67: "paragraph."
              RenderBlock {P} at (4,319) size 747x34 [color=#0080FF]
                RenderText {#text} at (0,0) size 695x34
                  text run at (0,0) width 695: "This sentence should be a shade of blue-green which, on a typical RGB computer display, exactly matches the"
                  text run at (0,17) width 125: "previous paragraph."
              RenderBlock {P} at (4,369) size 747x34 [color=#800099]
                RenderText {#text} at (0,0) size 699x34
                  text run at (0,0) width 699: "This sentence should be a shade of purple which, on a typical RGB computer display, exactly matches the next"
                  text run at (0,17) width 67: "paragraph."
              RenderBlock {P} at (4,419) size 747x34 [color=#800099]
                RenderText {#text} at (0,0) size 726x34
                  text run at (0,0) width 726: "This sentence should be a shade of purple which, on a typical RGB computer display, exactly matches the previous"
                  text run at (0,17) width 67: "paragraph."
              RenderBlock {P} at (4,469) size 747x17
                RenderText {#text} at (0,0) size 193x17
                  text run at (0,0) width 193: "This sentence should be black."
              RenderBlock {P} at (4,502) size 747x18 [color=#008800]
                RenderText {#text} at (0,0) size 399x17
                  text run at (0,0) width 399: "This sentence should be a slightly different green, and used the "
                RenderInline {TT} at (0,0) size 40x15
                  RenderText {#text} at (399,3) size 40x15
                    text run at (399,3) width 40: "style"
                RenderText {#text} at (439,0) size 59x17
                  text run at (439,0) width 59: " attribute."
              RenderBlock {P} at (4,536) size 747x18 [color=#008000]
                RenderText {#text} at (0,0) size 281x17
                  text run at (0,0) width 281: "This sentence should be green, and used the "
                RenderInline {TT} at (0,0) size 40x15
                  RenderText {#text} at (281,3) size 40x15
                    text run at (281,3) width 40: "style"
                RenderText {#text} at (321,0) size 59x17
                  text run at (321,0) width 59: " attribute."
              RenderBlock {P} at (4,570) size 747x18 [color=#008000]
                RenderText {#text} at (0,0) size 281x17
                  text run at (0,0) width 281: "This sentence should be green, and used the "
                RenderInline {TT} at (0,0) size 40x15
                  RenderText {#text} at (281,3) size 40x15
                    text run at (281,3) width 40: "style"
                RenderText {#text} at (321,0) size 59x17
                  text run at (321,0) width 59: " attribute."
              RenderBlock {P} at (4,604) size 747x18 [color=#008000]
                RenderText {#text} at (0,0) size 281x17
                  text run at (0,0) width 281: "This sentence should be green, and used the "
                RenderInline {TT} at (0,0) size 40x15
                  RenderText {#text} at (281,3) size 40x15
                    text run at (281,3) width 40: "style"
                RenderText {#text} at (321,0) size 59x17
                  text run at (321,0) width 59: " attribute."
              RenderBlock {P} at (4,638) size 747x18 [color=#008000]
                RenderText {#text} at (0,0) size 281x17
                  text run at (0,0) width 281: "This sentence should be green, and used the "
                RenderInline {TT} at (0,0) size 40x15
                  RenderText {#text} at (281,3) size 40x15
                    text run at (281,3) width 40: "style"
                RenderText {#text} at (321,0) size 59x17
                  text run at (321,0) width 59: " attribute."
              RenderBlock {P} at (4,672) size 747x18 [color=#008000]
                RenderText {#text} at (0,0) size 281x17
                  text run at (0,0) width 281: "This sentence should be green, and used the "
                RenderInline {TT} at (0,0) size 40x15
                  RenderText {#text} at (281,3) size 40x15
                    text run at (281,3) width 40: "style"
                RenderText {#text} at (321,0) size 59x17
                  text run at (321,0) width 59: " attribute."
