layer at (0,0) size 800x922
  RenderView at (0,0) size 800x600
layer at (0,0) size 800x922
  RenderBlock {HTML} at (0,0) size 800x923
    RenderBody {BODY} at (8,8) size 784x907
      RenderBlock (anonymous) at (0,0) size 784x20
        RenderText {#text} at (0,0) size 379x19
          text run at (0,0) width 379: "All of the boxes below should be 20x20 and look identical."
      RenderBlock {H1} at (0,41) size 784x39
        RenderText {#text} at (0,1) size 204x36
          text run at (0,1) width 204: "Normal Blocks"
      RenderBlock {DIV} at (5,100) size 20x21 [color=#FFFFFF] [bgcolor=#FFA500] [border: (2px solid #000000)]
      RenderBlock {DIV} at (5,130) size 20x21 [color=#FFFFFF] [bgcolor=#FFA500] [border: (2px solid #000000)]
      RenderBlock {DIV} at (5,160) size 20x21 [color=#FFFFFF] [bgcolor=#FFA500] [border: (2px solid #000000)]
      RenderBlock {DIV} at (5,190) size 20x21 [color=#FFFFFF] [bgcolor=#FFA500] [border: (2px solid #000000)]
        RenderBR {BR} at (6,6) size 0x19
        RenderBR {BR} at (6,26) size 0x19
        RenderBR {BR} at (6,46) size 0x19
      RenderBlock {H1} at (0,232) size 784x39
        RenderText {#text} at (0,1) size 179x36
          text run at (0,1) width 179: "Inline Blocks"
      RenderBlock (anonymous) at (0,291) size 784x41
        RenderBlock {DIV} at (5,10) size 20x20 [color=#FFFFFF] [bgcolor=#FFA500] [border: (2px solid #000000)]
        RenderBlock {DIV} at (35,10) size 20x20 [color=#FFFFFF] [bgcolor=#FFA500] [border: (2px solid #000000)]
        RenderBlock {DIV} at (65,10) size 20x20 [color=#FFFFFF] [bgcolor=#FFA500] [border: (2px solid #000000)]
        RenderBlock {DIV} at (95,10) size 20x20 [color=#FFFFFF] [bgcolor=#FFA500] [border: (2px solid #000000)]
          RenderBR {BR} at (6,6) size 0x19
          RenderBR {BR} at (6,26) size 0x19
          RenderBR {BR} at (6,46) size 0x19
        RenderText {#text} at (0,0) size 0x0
      RenderBlock {H1} at (0,353) size 784x39
        RenderText {#text} at (0,1) size 241x36
          text run at (0,1) width 241: "Positioned Blocks"
      RenderBlock (anonymous) at (0,412) size 784x21
        RenderBR {BR} at (0,0) size 0x19
      RenderBlock {H1} at (0,454) size 784x39
        RenderText {#text} at (0,1) size 209x36
          text run at (0,1) width 209: "Floating blocks"
      RenderBlock (floating) {DIV} at (5,523) size 20x21 [color=#FFFFFF] [bgcolor=#FFA500] [border: (2px solid #000000)]
      RenderBlock (floating) {DIV} at (35,523) size 20x21 [color=#FFFFFF] [bgcolor=#FFA500] [border: (2px solid #000000)]
      RenderBlock (floating) {DIV} at (65,523) size 20x21 [color=#FFFFFF] [bgcolor=#FFA500] [border: (2px solid #000000)]
      RenderBlock (floating) {DIV} at (95,523) size 20x21 [color=#FFFFFF] [bgcolor=#FFA500] [border: (2px solid #000000)]
        RenderBR {BR} at (6,6) size 0x19
        RenderBR {BR} at (6,26) size 0x19
        RenderBR {BR} at (6,46) size 0x19
      RenderBlock (anonymous) at (0,513) size 784x41
        RenderBR {BR} at (120,0) size 0x19
      RenderBlock {H1} at (0,574) size 784x39
        RenderText {#text} at (0,1) size 211x36
          text run at (0,1) width 211: "Normal Images"
      RenderBlock (anonymous) at (0,634) size 784x41
        RenderImage {IMG} at (5,10) size 20x20 [color=#FFFFFF] [bgcolor=#FFA500] [border: (2px solid #000000)]
        RenderImage {IMG} at (35,10) size 20x20 [color=#FFFFFF] [bgcolor=#FFA500] [border: (2px solid #000000)]
        RenderImage {IMG} at (65,10) size 20x20 [color=#FFFFFF] [bgcolor=#FFA500] [border: (2px solid #000000)]
        RenderImage {IMG} at (95,10) size 20x20 [color=#FFFFFF] [bgcolor=#FFA500] [border: (2px solid #000000)]
        RenderText {#text} at (0,0) size 0x0
      RenderBlock {H1} at (0,695) size 784x39
        RenderText {#text} at (0,1) size 248x36
          text run at (0,1) width 248: "Positioned Images"
      RenderBlock (anonymous) at (0,755) size 784x21
        RenderBR {BR} at (0,0) size 0x19
      RenderBlock {H1} at (0,796) size 784x39
        RenderText {#text} at (0,1) size 220x36
          text run at (0,1) width 220: "Floating Images"
      RenderImage {IMG} at (5,866) size 20x21 [color=#FFFFFF] [bgcolor=#FFA500] [border: (2px solid #000000)]
      RenderImage {IMG} at (35,866) size 20x21 [color=#FFFFFF] [bgcolor=#FFA500] [border: (2px solid #000000)]
      RenderImage {IMG} at (65,866) size 20x21 [color=#FFFFFF] [bgcolor=#FFA500] [border: (2px solid #000000)]
      RenderImage {IMG} at (95,866) size 20x21 [color=#FFFFFF] [bgcolor=#FFA500] [border: (2px solid #000000)]
      RenderBlock (anonymous) at (0,856) size 784x41
        RenderBR {BR} at (120,0) size 0x19
      RenderBlock {HR} at (0,904) size 784x3 [border: (1px inset #000000)]
layer at (13,431) size 20x20
  RenderBlock (positioned) {DIV} at (13,430) size 20x21 [color=#FFFFFF] [bgcolor=#FFA500] [border: (2px solid #000000)]
layer at (43,431) size 20x20
  RenderBlock (positioned) {DIV} at (43,430) size 20x21 [color=#FFFFFF] [bgcolor=#FFA500] [border: (2px solid #000000)]
layer at (73,431) size 20x20
  RenderBlock (positioned) {DIV} at (73,430) size 20x21 [color=#FFFFFF] [bgcolor=#FFA500] [border: (2px solid #000000)]
layer at (103,431) size 20x20
  RenderBlock (positioned) {DIV} at (103,430) size 20x21 [color=#FFFFFF] [bgcolor=#FFA500] [border: (2px solid #000000)]
    RenderBR {BR} at (6,6) size 0x19
    RenderBR {BR} at (6,26) size 0x19
    RenderBR {BR} at (6,46) size 0x19
layer at (13,773) size 20x20
  RenderImage {IMG} at (13,773) size 20x21 [color=#FFFFFF] [bgcolor=#FFA500] [border: (2px solid #000000)]
layer at (43,773) size 20x20
  RenderImage {IMG} at (43,773) size 20x21 [color=#FFFFFF] [bgcolor=#FFA500] [border: (2px solid #000000)]
layer at (73,773) size 20x20
  RenderImage {IMG} at (73,773) size 20x21 [color=#FFFFFF] [bgcolor=#FFA500] [border: (2px solid #000000)]
layer at (103,773) size 20x20
  RenderImage {IMG} at (103,773) size 20x21 [color=#FFFFFF] [bgcolor=#FFA500] [border: (2px solid #000000)]
