layer at (0,0) size 800x1600
  RenderView at (0,0) size 800x600
layer at (0,0) size 800x1600
  RenderBlock {HTML} at (0,0) size 800x1600
    RenderBody {BODY} at (8,8) size 784x1584
      RenderBlock {DIV} at (0,0) size 442x392
        RenderBlock {H2} at (0,19) size 442x31
          RenderText {#text} at (0,1) size 50x28
            text run at (0,1) width 50: "Both"
      RenderText {#text} at (0,0) size 0x0
      RenderBlock {DIV} at (0,396) size 442x392
        RenderBlock {H2} at (0,19) size 442x31
          RenderText {#text} at (0,1) size 155x28
            text run at (0,1) width 155: "Just horizontal"
      RenderText {#text} at (0,0) size 0x0
      RenderBlock {DIV} at (0,792) size 442x392
        RenderBlock {H2} at (0,19) size 442x31
          RenderText {#text} at (0,1) size 126x28
            text run at (0,1) width 126: "Just vertical"
      RenderText {#text} at (0,0) size 0x0
      RenderBlock {DIV} at (0,1188) size 442x392
        RenderBlock {H2} at (0,19) size 442x31
          RenderText {#text} at (0,1) size 125x28
            text run at (0,1) width 125: "None visible"
      RenderText {#text} at (0,0) size 0x0
layer at (28,78) size 402x302 clip at (29,79) size 400x300 scrollWidth 600 scrollHeight 528
  RenderBlock {DIV} at (20,69) size 402x303 [border: (1px solid #000000)]
    RenderBlock {DIV} at (1,1) size 600x528
      RenderText {#text} at (0,2) size 600x524
        text run at (0,2) width 565: "Lorem ipsum dolor sit amet, consectetur adipisicing elit, sed do eiusmod tempor"
        text run at (0,26) width 587: "incididunt ut labore et dolore magna aliqua. Ut enim ad minim veniam, quis nostrud"
        text run at (0,50) width 600: "exercitation ullamco laboris nisi ut aliquip ex ea commodo consequat. Duis aute irure"
        text run at (0,74) width 571: "dolor in reprehenderit in voluptate velit esse cillum dolore eu fugiat nulla pariatur."
        text run at (0,98) width 571: "Excepteur sint occaecat cupidatat non proident, sunt in culpa qui officia deserunt"
        text run at (0,122) width 191: "mollit anim id est laborum. "
        text run at (190,122) width 394: "Lorem ipsum dolor sit amet, consectetur adipisicing elit,"
        text run at (0,146) width 560: "sed do eiusmod tempor incididunt ut labore et dolore magna aliqua. Ut enim ad"
        text run at (0,170) width 533: "minim veniam, quis nostrud exercitation ullamco laboris nisi ut aliquip ex ea"
        text run at (0,194) width 576: "commodo consequat. Duis aute irure dolor in reprehenderit in voluptate velit esse"
        text run at (0,218) width 598: "cillum dolore eu fugiat nulla pariatur. Excepteur sint occaecat cupidatat non proident,"
        text run at (0,242) width 424: "sunt in culpa qui officia deserunt mollit anim id est laborum. "
        text run at (423,242) width 154: "Lorem ipsum dolor sit"
        text run at (0,266) width 564: "amet, consectetur adipisicing elit, sed do eiusmod tempor incididunt ut labore et"
        text run at (0,290) width 577: "dolore magna aliqua. Ut enim ad minim veniam, quis nostrud exercitation ullamco"
        text run at (0,314) width 511: "laboris nisi ut aliquip ex ea commodo consequat. Duis aute irure dolor in"
        text run at (0,338) width 590: "reprehenderit in voluptate velit esse cillum dolore eu fugiat nulla pariatur. Excepteur"
        text run at (0,362) width 592: "sint occaecat cupidatat non proident, sunt in culpa qui officia deserunt mollit anim id"
        text run at (0,386) width 93: "est laborum. "
        text run at (92,386) width 447: "Lorem ipsum dolor sit amet, consectetur adipisicing elit, sed do"
        text run at (0,410) width 555: "eiusmod tempor incididunt ut labore et dolore magna aliqua. Ut enim ad minim"
        text run at (0,434) width 561: "veniam, quis nostrud exercitation ullamco laboris nisi ut aliquip ex ea commodo"
        text run at (0,458) width 595: "consequat. Duis aute irure dolor in reprehenderit in voluptate velit esse cillum dolore"
        text run at (0,482) width 598: "eu fugiat nulla pariatur. Excepteur sint occaecat cupidatat non proident, sunt in culpa"
        text run at (0,506) width 325: "qui officia deserunt mollit anim id est laborum."
layer at (28,474) size 402x302 clip at (29,475) size 400x300 scrollWidth 600 scrollHeight 528
  RenderBlock {DIV} at (20,69) size 402x303 [border: (1px solid #000000)]
    RenderBlock {DIV} at (1,1) size 600x528
      RenderText {#text} at (0,2) size 600x524
        text run at (0,2) width 565: "Lorem ipsum dolor sit amet, consectetur adipisicing elit, sed do eiusmod tempor"
        text run at (0,26) width 587: "incididunt ut labore et dolore magna aliqua. Ut enim ad minim veniam, quis nostrud"
        text run at (0,50) width 600: "exercitation ullamco laboris nisi ut aliquip ex ea commodo consequat. Duis aute irure"
        text run at (0,74) width 571: "dolor in reprehenderit in voluptate velit esse cillum dolore eu fugiat nulla pariatur."
        text run at (0,98) width 571: "Excepteur sint occaecat cupidatat non proident, sunt in culpa qui officia deserunt"
        text run at (0,122) width 191: "mollit anim id est laborum. "
        text run at (190,122) width 394: "Lorem ipsum dolor sit amet, consectetur adipisicing elit,"
        text run at (0,146) width 560: "sed do eiusmod tempor incididunt ut labore et dolore magna aliqua. Ut enim ad"
        text run at (0,170) width 533: "minim veniam, quis nostrud exercitation ullamco laboris nisi ut aliquip ex ea"
        text run at (0,194) width 576: "commodo consequat. Duis aute irure dolor in reprehenderit in voluptate velit esse"
        text run at (0,218) width 598: "cillum dolore eu fugiat nulla pariatur. Excepteur sint occaecat cupidatat non proident,"
        text run at (0,242) width 424: "sunt in culpa qui officia deserunt mollit anim id est laborum. "
        text run at (423,242) width 154: "Lorem ipsum dolor sit"
        text run at (0,266) width 564: "amet, consectetur adipisicing elit, sed do eiusmod tempor incididunt ut labore et"
        text run at (0,290) width 577: "dolore magna aliqua. Ut enim ad minim veniam, quis nostrud exercitation ullamco"
        text run at (0,314) width 511: "laboris nisi ut aliquip ex ea commodo consequat. Duis aute irure dolor in"
        text run at (0,338) width 590: "reprehenderit in voluptate velit esse cillum dolore eu fugiat nulla pariatur. Excepteur"
        text run at (0,362) width 592: "sint occaecat cupidatat non proident, sunt in culpa qui officia deserunt mollit anim id"
        text run at (0,386) width 93: "est laborum. "
        text run at (92,386) width 447: "Lorem ipsum dolor sit amet, consectetur adipisicing elit, sed do"
        text run at (0,410) width 555: "eiusmod tempor incididunt ut labore et dolore magna aliqua. Ut enim ad minim"
        text run at (0,434) width 561: "veniam, quis nostrud exercitation ullamco laboris nisi ut aliquip ex ea commodo"
        text run at (0,458) width 595: "consequat. Duis aute irure dolor in reprehenderit in voluptate velit esse cillum dolore"
        text run at (0,482) width 598: "eu fugiat nulla pariatur. Excepteur sint occaecat cupidatat non proident, sunt in culpa"
        text run at (0,506) width 325: "qui officia deserunt mollit anim id est laborum."
layer at (28,870) size 402x302 clip at (29,871) size 400x300 scrollWidth 600 scrollHeight 528
  RenderBlock {DIV} at (20,69) size 402x303 [border: (1px solid #000000)]
    RenderBlock {DIV} at (1,1) size 600x528
      RenderText {#text} at (0,2) size 600x524
        text run at (0,2) width 565: "Lorem ipsum dolor sit amet, consectetur adipisicing elit, sed do eiusmod tempor"
        text run at (0,26) width 587: "incididunt ut labore et dolore magna aliqua. Ut enim ad minim veniam, quis nostrud"
        text run at (0,50) width 600: "exercitation ullamco laboris nisi ut aliquip ex ea commodo consequat. Duis aute irure"
        text run at (0,74) width 571: "dolor in reprehenderit in voluptate velit esse cillum dolore eu fugiat nulla pariatur."
        text run at (0,98) width 571: "Excepteur sint occaecat cupidatat non proident, sunt in culpa qui officia deserunt"
        text run at (0,122) width 191: "mollit anim id est laborum. "
        text run at (190,122) width 394: "Lorem ipsum dolor sit amet, consectetur adipisicing elit,"
        text run at (0,146) width 560: "sed do eiusmod tempor incididunt ut labore et dolore magna aliqua. Ut enim ad"
        text run at (0,170) width 533: "minim veniam, quis nostrud exercitation ullamco laboris nisi ut aliquip ex ea"
        text run at (0,194) width 576: "commodo consequat. Duis aute irure dolor in reprehenderit in voluptate velit esse"
        text run at (0,218) width 598: "cillum dolore eu fugiat nulla pariatur. Excepteur sint occaecat cupidatat non proident,"
        text run at (0,242) width 424: "sunt in culpa qui officia deserunt mollit anim id est laborum. "
        text run at (423,242) width 154: "Lorem ipsum dolor sit"
        text run at (0,266) width 564: "amet, consectetur adipisicing elit, sed do eiusmod tempor incididunt ut labore et"
        text run at (0,290) width 577: "dolore magna aliqua. Ut enim ad minim veniam, quis nostrud exercitation ullamco"
        text run at (0,314) width 511: "laboris nisi ut aliquip ex ea commodo consequat. Duis aute irure dolor in"
        text run at (0,338) width 590: "reprehenderit in voluptate velit esse cillum dolore eu fugiat nulla pariatur. Excepteur"
        text run at (0,362) width 592: "sint occaecat cupidatat non proident, sunt in culpa qui officia deserunt mollit anim id"
        text run at (0,386) width 93: "est laborum. "
        text run at (92,386) width 447: "Lorem ipsum dolor sit amet, consectetur adipisicing elit, sed do"
        text run at (0,410) width 555: "eiusmod tempor incididunt ut labore et dolore magna aliqua. Ut enim ad minim"
        text run at (0,434) width 561: "veniam, quis nostrud exercitation ullamco laboris nisi ut aliquip ex ea commodo"
        text run at (0,458) width 595: "consequat. Duis aute irure dolor in reprehenderit in voluptate velit esse cillum dolore"
        text run at (0,482) width 598: "eu fugiat nulla pariatur. Excepteur sint occaecat cupidatat non proident, sunt in culpa"
        text run at (0,506) width 325: "qui officia deserunt mollit anim id est laborum."
layer at (28,1266) size 402x302 clip at (29,1267) size 400x300 scrollWidth 600 scrollHeight 528
  RenderBlock {DIV} at (20,69) size 402x303 [border: (1px solid #000000)]
    RenderBlock {DIV} at (1,1) size 600x528
      RenderText {#text} at (0,2) size 600x524
        text run at (0,2) width 565: "Lorem ipsum dolor sit amet, consectetur adipisicing elit, sed do eiusmod tempor"
        text run at (0,26) width 587: "incididunt ut labore et dolore magna aliqua. Ut enim ad minim veniam, quis nostrud"
        text run at (0,50) width 600: "exercitation ullamco laboris nisi ut aliquip ex ea commodo consequat. Duis aute irure"
        text run at (0,74) width 571: "dolor in reprehenderit in voluptate velit esse cillum dolore eu fugiat nulla pariatur."
        text run at (0,98) width 571: "Excepteur sint occaecat cupidatat non proident, sunt in culpa qui officia deserunt"
        text run at (0,122) width 191: "mollit anim id est laborum. "
        text run at (190,122) width 394: "Lorem ipsum dolor sit amet, consectetur adipisicing elit,"
        text run at (0,146) width 560: "sed do eiusmod tempor incididunt ut labore et dolore magna aliqua. Ut enim ad"
        text run at (0,170) width 533: "minim veniam, quis nostrud exercitation ullamco laboris nisi ut aliquip ex ea"
        text run at (0,194) width 576: "commodo consequat. Duis aute irure dolor in reprehenderit in voluptate velit esse"
        text run at (0,218) width 598: "cillum dolore eu fugiat nulla pariatur. Excepteur sint occaecat cupidatat non proident,"
        text run at (0,242) width 424: "sunt in culpa qui officia deserunt mollit anim id est laborum. "
        text run at (423,242) width 154: "Lorem ipsum dolor sit"
        text run at (0,266) width 564: "amet, consectetur adipisicing elit, sed do eiusmod tempor incididunt ut labore et"
        text run at (0,290) width 577: "dolore magna aliqua. Ut enim ad minim veniam, quis nostrud exercitation ullamco"
        text run at (0,314) width 511: "laboris nisi ut aliquip ex ea commodo consequat. Duis aute irure dolor in"
        text run at (0,338) width 590: "reprehenderit in voluptate velit esse cillum dolore eu fugiat nulla pariatur. Excepteur"
        text run at (0,362) width 592: "sint occaecat cupidatat non proident, sunt in culpa qui officia deserunt mollit anim id"
        text run at (0,386) width 93: "est laborum. "
        text run at (92,386) width 447: "Lorem ipsum dolor sit amet, consectetur adipisicing elit, sed do"
        text run at (0,410) width 555: "eiusmod tempor incididunt ut labore et dolore magna aliqua. Ut enim ad minim"
        text run at (0,434) width 561: "veniam, quis nostrud exercitation ullamco laboris nisi ut aliquip ex ea commodo"
        text run at (0,458) width 595: "consequat. Duis aute irure dolor in reprehenderit in voluptate velit esse cillum dolore"
        text run at (0,482) width 598: "eu fugiat nulla pariatur. Excepteur sint occaecat cupidatat non proident, sunt in culpa"
        text run at (0,506) width 325: "qui officia deserunt mollit anim id est laborum."
