layer at (0,0) size 800x600
  RenderView at (0,0) size 800x600
layer at (0,0) size 800x380
  RenderBlock {html} at (0,0) size 800x380
    RenderBody {body} at (8,16) size 784x348
      RenderBlock {p} at (0,0) size 784x23
        RenderText {#text} at (0,3) size 37x19
          text run at (0,3) width 37: "over: "
        RenderMathMLMath {math} at (37,0) size 13x19 [padding: 0 1 0 1]
          RenderMathMLUnderOver {mover} at (1,0) size 11x19
            RenderBlock {mi} at (0,7) size 11x12
              RenderText {#text} at (0,-4) size 10x19
                text run at (0,-4) width 10: "B"
            RenderBlock {mi} at (2,0) size 7x7
              RenderText {#text} at (0,-5) size 6x14
                text run at (0,-5) width 6: "x"
        RenderText {#text} at (0,0) size 0x0
      RenderBlock {p} at (0,39) size 784x25
        RenderText {#text} at (0,5) size 37x19
          text run at (0,5) width 37: "over: "
        RenderMathMLMath {math} at (37,0) size 13x21 [padding: 0 1 0 1]
          RenderMathMLUnderOver {mover} at (1,0) size 11x21
            RenderBlock {mi} at (0,9) size 11x12
              RenderText {#text} at (0,-4) size 10x19
                text run at (0,-4) width 10: "B"
            RenderBlock {mi} at (2,0) size 7x9
              RenderText {#text} at (0,-5) size 6x14
                text run at (0,-5) width 6: "y"
        RenderText {#text} at (0,0) size 0x0
      RenderBlock {p} at (0,80) size 784x30
        RenderText {#text} at (0,10) size 37x19
          text run at (0,10) width 37: "over: "
        RenderMathMLMath {math} at (37,0) size 19x26 [padding: 0 1 0 1]
          RenderMathMLUnderOver {mover} at (1,0) size 17x26
            RenderBlock {mi} at (0,9) size 17x17
              RenderText {#text} at (0,-6) size 15x28
                text run at (0,-6) width 15: "B"
            RenderBlock {mi} at (5,0) size 7x9
              RenderText {#text} at (0,-5) size 6x14
                text run at (0,-5) width 6: "y"
        RenderText {#text} at (0,0) size 0x0
      RenderBlock {p} at (0,126) size 784x33
        RenderText {#text} at (0,13) size 37x19
          text run at (0,13) width 37: "over: "
        RenderMathMLMath {math} at (37,0) size 20x31 [padding: 0 1 0 1]
          RenderMathMLUnderOver {mover} at (1,0) size 18x31
            RenderMathMLOperator {mo} at (0,9) size 18x22
              RenderMathMLBlock (flex) {mo} at (0,0) size 18x22
                RenderBlock (anonymous) at (0,0) size 18x22
                  RenderText {mo} at (0,-7) size 18x33
                    text run at (0,-7) width 18: "\x{2211}"
            RenderBlock {mi} at (5,0) size 7x9
              RenderText {#text} at (0,-5) size 6x14
                text run at (0,-5) width 6: "y"
        RenderText {#text} at (0,0) size 0x0
      RenderBlock {p} at (0,175) size 784x60
        RenderText {#text} at (0,25) size 37x19
          text run at (0,25) width 37: "over: "
        RenderMathMLMath {math} at (37,0) size 58x60 [padding: 0 1 0 1]
          RenderMathMLUnderOver {mover} at (1,3) size 16x57
            RenderMathMLOperator {mo} at (0,9) size 16x48
            RenderBlock {mi} at (4,0) size 7x9
              RenderText {#text} at (0,-5) size 6x14
                text run at (0,-5) width 6: "y"
          RenderBlock {div} at (17,0) size 40x40
        RenderText {#text} at (0,0) size 0x0
      RenderBlock {p} at (0,251) size 784x27
        RenderText {#text} at (0,7) size 47x19
          text run at (0,7) width 47: "Overs: "
        RenderMathMLMath {math} at (47,3) size 11x20 [padding: 0 1 0 1]
          RenderMathMLUnderOver {mover} at (1,0) size 9x20
            RenderBlock {mi} at (0,11) size 9x9
              RenderText {#text} at (0,-7) size 8x19
                text run at (0,-7) width 8: "x"
            RenderMathMLOperator {mo} at (1,0) size 6x11
              RenderMathMLBlock (flex) {mo} at (0,0) size 6x11
                RenderBlock (anonymous) at (0,0) size 6x11
                  RenderText {mo} at (0,-3) size 6x17
                    text run at (0,-3) width 6: "^"
        RenderText {#text} at (57,7) size 5x19
          text run at (57,7) width 5: " "
        RenderMathMLMath {math} at (62,9) size 13x14 [padding: 0 1 0 1]
          RenderMathMLUnderOver {mover} at (1,0) size 11x14
            RenderBlock {mi} at (0,2) size 11x12
              RenderText {#text} at (0,-4) size 10x19
                text run at (0,-4) width 10: "A"
            RenderMathMLOperator {mo} at (2,0) size 6x2
              RenderMathMLBlock (flex) {mo} at (0,0) size 6x2
                RenderBlock (anonymous) at (0,0) size 6x2
                  RenderText {mo} at (0,-13) size 6x17
                    text run at (0,-13) width 6: "_"
        RenderText {#text} at (74,7) size 5x19
          text run at (74,7) width 5: " "
        RenderMathMLMath {math} at (79,12) size 11x11 [padding: 0 1 0 1]
          RenderMathMLUnderOver {mover} at (1,0) size 9x11
            RenderBlock {mi} at (0,2) size 9x9
              RenderText {#text} at (0,-7) size 8x19
                text run at (0,-7) width 8: "x"
            RenderMathMLOperator {mo} at (1,0) size 6x2
              RenderMathMLBlock (flex) {mo} at (0,0) size 6x2
                RenderBlock (anonymous) at (0,0) size 6x2
                  RenderText {mo} at (0,-13) size 6x17
                    text run at (0,-13) width 6: "_"
        RenderText {#text} at (89,7) size 5x19
          text run at (89,7) width 5: " "
        RenderMathMLMath {math} at (94,0) size 13x23 [padding: 0 1 0 1]
          RenderMathMLUnderOver {mover} at (1,0) size 11x23
            RenderBlock {mi} at (0,11) size 11x12
              RenderText {#text} at (0,-4) size 10x19
                text run at (0,-4) width 10: "A"
            RenderMathMLOperator {mo} at (2,0) size 6x11
              RenderMathMLBlock (flex) {mo} at (0,0) size 6x11
                RenderBlock (anonymous) at (0,0) size 6x11
                  RenderText {mo} at (0,-3) size 6x17
                    text run at (0,-3) width 6: "^"
        RenderText {#text} at (106,7) size 5x19
          text run at (106,7) width 5: " "
        RenderMathMLMath {math} at (111,7) size 14x16 [padding: 0 1 0 1]
          RenderMathMLUnderOver {mover} at (1,0) size 12x16
            RenderBlock {mi} at (1,7) size 9x9
              RenderText {#text} at (0,-7) size 8x19
                text run at (0,-7) width 8: "v"
            RenderMathMLOperator {mo} at (0,0) size 12x7
              RenderMathMLBlock (flex) {mo} at (0,0) size 12x7
                RenderBlock (anonymous) at (0,0) size 12x7
                  RenderText {mo} at (0,-7) size 12x17
                    text run at (0,-7) width 12: "\x{2192}"
        RenderText {#text} at (0,0) size 0x0
      RenderBlock {p} at (0,294) size 784x54
        RenderMathMLMath {math} at (0,0) size 20x50 [padding: 0 1 0 1]
          RenderBlock {mi} at (1,41) size 9x9
            RenderText {#text} at (0,-7) size 8x19
              text run at (0,-7) width 8: "a"
          RenderMathMLUnderOver {mover} at (10,2) size 9x48 [bgcolor=#FFFF00] [padding: 4 0 0 0]
            RenderBlock {mi} at (0,19) size 9x29 [bgcolor=#FFA500]
              RenderText {#text} at (0,13) size 8x19
                text run at (0,13) width 8: "b"
            RenderBlock {mi} at (1,4) size 7x7
              RenderText {#text} at (0,-5) size 6x14
                text run at (0,-5) width 6: "c"
        RenderText {#text} at (0,0) size 0x0
layer at (46,203) size 16x16 scrollHeight 18
  RenderMathMLBlock (flex) {mo} at (0,0) size 16x16
    RenderBlock (anonymous) at (0,0) size 9x16
      RenderText {mo} at (0,-5) size 9x23
        text run at (0,-5) width 9: "\x{2320}"
layer at (46,219) size 16x11 scrollHeight 17
  RenderMathMLBlock (flex) {mo} at (0,16) size 16x11
    RenderBlock (anonymous) at (0,0) size 16x11
layer at (46,230) size 16x5 scrollHeight 17
  RenderMathMLBlock (flex) {mo} at (0,27) size 16x5
    RenderBlock (anonymous) at (0,0) size 16x5
layer at (46,235) size 16x16 scrollHeight 18
  RenderMathMLBlock (flex) {mo} at (0,32) size 16x16
    RenderBlock (anonymous) at (0,0) size 9x16
layer at (46,218) size 16x13 backgroundClip at (46,219) size 16x11 clip at (46,219) size 16x11 outlineClip at (46,219) size 16x11
  RenderBlock (relative positioned) {mo} at (0,0) size 16x13
    RenderText {mo} at (0,-6) size 16x23
      text run at (0,-6) width 16: "\x{23AE}"
layer at (46,229) size 16x13 backgroundClip at (46,230) size 16x5 clip at (46,230) size 16x5 outlineClip at (46,230) size 16x5
  RenderBlock (relative positioned) {mo} at (0,0) size 16x13
    RenderText {mo} at (0,-6) size 16x23
      text run at (0,-6) width 16: "\x{23AE}"
layer at (46,234) size 9x17 backgroundClip at (46,235) size 16x16 clip at (46,235) size 16x16 outlineClip at (46,235) size 16x16
  RenderBlock (relative positioned) {mo} at (0,0) size 9x17
    RenderText {mo} at (0,-5) size 9x23
      text run at (0,-5) width 9: "\x{2321}"
