layer at (0,0) size 800x600
  RenderView at (0,0) size 800x600
layer at (0,0) size 800x491
  RenderBlock {html} at (0,0) size 800x491
    RenderBody {body} at (8,16) size 784x459
      RenderBlock {p} at (0,0) size 784x20
        RenderMathMLMath {math} at (0,4) size 35x12 [padding: 0 1 0 1]
          RenderBlock {mi} at (1,3) size 9x9
            RenderText {#text} at (0,-7) size 8x19
              text run at (0,-7) width 8: "x"
          RenderMathMLOperator {mo} at (13,1) size 10x11 [bgcolor=#C8C8C8]
            RenderMathMLBlock (flex) {mo} at (0,0) size 10x11
              RenderBlock (anonymous) at (0,0) size 10x11
                RenderText {mo} at (0,-8) size 10x23
                  text run at (0,-8) width 10: "+"
          RenderBlock {mn} at (26,0) size 8x12
            RenderText {#text} at (0,-4) size 8x19
              text run at (0,-4) width 8: "1"
        RenderText {#text} at (0,0) size 0x0
      RenderBlock {p} at (0,36) size 784x21
        RenderText {#text} at (0,1) size 41x19
          text run at (0,1) width 41: "16px: "
        RenderMathMLMath {math} at (40,2) size 45x19 [padding: 0 1 0 1]
          RenderMathMLRow {mrow} at (1,0) size 43x19
            RenderMathMLOperator {mo} at (1,0) size 7x19 [bgcolor=#C8C8C8]
              RenderMathMLBlock (flex) {mo} at (0,0) size 7x19
                RenderBlock (anonymous) at (0,0) size 7x19
                  RenderText {mo} at (0,-7) size 7x27
                    text run at (0,-7) width 7: "{"
            RenderBlock {mi} at (9,6) size 9x9
              RenderText {#text} at (0,-7) size 8x19
                text run at (0,-7) width 8: "x"
            RenderBlock {mtext} at (18,3) size 16x16
              RenderBlock {div} at (0,0) size 16x16 [bgcolor=#00FF00]
            RenderMathMLOperator {mo} at (35,0) size 7x19 [bgcolor=#C8C8C8]
              RenderMathMLBlock (flex) {mo} at (0,0) size 7x19
                RenderBlock (anonymous) at (0,0) size 7x19
                  RenderText {mo} at (0,-7) size 7x27
                    text run at (0,-7) width 7: "}"
        RenderText {#text} at (85,1) size 5x19
          text run at (85,1) width 5: " "
        RenderMathMLMath {math} at (89,2) size 43x19 [padding: 0 1 0 1]
          RenderMathMLRow {mrow} at (1,0) size 41x19
            RenderMathMLOperator {mo} at (1,0) size 6x18 [bgcolor=#C8C8C8]
              RenderMathMLBlock (flex) {mo} at (0,0) size 6x18
                RenderBlock (anonymous) at (0,0) size 6x18
                  RenderText {mo} at (0,-7) size 6x27
                    text run at (0,-7) width 6: "["
            RenderBlock {mi} at (8,6) size 9x9
              RenderText {#text} at (0,-7) size 8x19
                text run at (0,-7) width 8: "x"
            RenderBlock {mtext} at (17,3) size 16x16
              RenderBlock {div} at (0,0) size 16x16 [bgcolor=#00FF00]
            RenderMathMLOperator {mo} at (34,0) size 6x18 [bgcolor=#C8C8C8]
              RenderMathMLBlock (flex) {mo} at (0,0) size 6x18
                RenderBlock (anonymous) at (0,0) size 6x18
                  RenderText {mo} at (0,-7) size 6x27
                    text run at (0,-7) width 6: "]"
        RenderText {#text} at (132,1) size 5x19
          text run at (132,1) width 5: " "
        RenderMathMLMath {math} at (136,1) size 45x20 [padding: 0 1 0 1]
          RenderMathMLRow {mrow} at (1,0) size 43x20
            RenderMathMLOperator {mo} at (1,0) size 7x19 [bgcolor=#C8C8C8]
              RenderMathMLBlock (flex) {mo} at (0,0) size 7x19
                RenderBlock (anonymous) at (0,0) size 7x19
                  RenderText {mo} at (0,-6) size 7x27
                    text run at (0,-6) width 7: "("
            RenderBlock {mi} at (9,7) size 9x9
              RenderText {#text} at (0,-7) size 8x19
                text run at (0,-7) width 8: "x"
            RenderBlock {mtext} at (18,4) size 16x16
              RenderBlock {div} at (0,0) size 16x16 [bgcolor=#00FF00]
            RenderMathMLOperator {mo} at (35,0) size 7x19 [bgcolor=#C8C8C8]
              RenderMathMLBlock (flex) {mo} at (0,0) size 7x19
                RenderBlock (anonymous) at (0,0) size 7x19
                  RenderText {mo} at (0,-6) size 7x27
                    text run at (0,-6) width 7: ")"
        RenderText {#text} at (181,1) size 5x19
          text run at (181,1) width 5: " "
        RenderMathMLMath {math} at (185,1) size 41x20 [padding: 0 1 0 1]
          RenderMathMLRow {mrow} at (1,0) size 39x20
            RenderMathMLOperator {mo} at (1,0) size 5x16 [bgcolor=#C8C8C8]
              RenderMathMLBlock (flex) {mo} at (0,0) size 5x16
                RenderBlock (anonymous) at (0,0) size 5x16
                  RenderText {mo} at (0,-6) size 5x27
                    text run at (0,-6) width 5: "|"
            RenderBlock {mi} at (7,7) size 9x9
              RenderText {#text} at (0,-7) size 8x19
                text run at (0,-7) width 8: "x"
            RenderBlock {mtext} at (16,4) size 16x16
              RenderBlock {div} at (0,0) size 16x16 [bgcolor=#00FF00]
            RenderMathMLOperator {mo} at (33,0) size 5x16 [bgcolor=#C8C8C8]
              RenderMathMLBlock (flex) {mo} at (0,0) size 5x16
                RenderBlock (anonymous) at (0,0) size 5x16
                  RenderText {mo} at (0,-6) size 5x27
                    text run at (0,-6) width 5: "|"
        RenderText {#text} at (226,1) size 5x19
          text run at (226,1) width 5: " "
        RenderMathMLMath {math} at (230,0) size 39x21 [padding: 0 1 0 1]
          RenderMathMLRow {mrow} at (1,0) size 37x21
            RenderMathMLOperator {mo} at (1,0) size 10x19 [bgcolor=#C8C8C8]
              RenderMathMLBlock (flex) {mo} at (0,0) size 10x19
                RenderBlock (anonymous) at (0,0) size 10x19
                  RenderText {mo} at (0,-5) size 10x27
                    text run at (0,-5) width 10: "\x{222B}"
            RenderBlock {mi} at (12,8) size 9x9
              RenderText {#text} at (0,-7) size 8x19
                text run at (0,-7) width 8: "x"
            RenderBlock {mtext} at (21,5) size 16x16
              RenderBlock {div} at (0,0) size 16x16 [bgcolor=#00FF00]
        RenderText {#text} at (0,0) size 0x0
      RenderBlock {p} at (0,73) size 784x35
        RenderText {#text} at (0,8) size 41x19
          text run at (0,8) width 41: "24px: "
        RenderMathMLMath {math} at (40,2) size 59x28 [padding: 0 1 0 1]
          RenderMathMLRow {mrow} at (1,0) size 57x28
            RenderMathMLOperator {mo} at (1,0) size 10x27 [bgcolor=#C8C8C8]
              RenderMathMLBlock (flex) {mo} at (0,0) size 10x27
                RenderBlock (anonymous) at (0,0) size 10x27
                  RenderText {mo} at (0,-9) size 10x38
                    text run at (0,-9) width 10: "{"
            RenderBlock {mi} at (12,13) size 9x9
              RenderText {#text} at (0,-7) size 8x19
                text run at (0,-7) width 8: "x"
            RenderBlock {mtext} at (21,4) size 24x24
              RenderBlock {div} at (0,0) size 24x24 [bgcolor=#00FF00]
            RenderMathMLOperator {mo} at (46,0) size 10x27 [bgcolor=#C8C8C8]
              RenderMathMLBlock (flex) {mo} at (0,0) size 10x27
                RenderBlock (anonymous) at (0,0) size 10x27
                  RenderText {mo} at (0,-9) size 10x38
                    text run at (0,-9) width 10: "}"
        RenderText {#text} at (99,8) size 5x19
          text run at (99,8) width 5: " "
        RenderMathMLMath {math} at (103,6) size 71x29 [padding: 0 1 0 1]
          RenderMathMLRow {mrow} at (1,0) size 69x29
            RenderMathMLOperator {mo} at (1,1) size 16x28 [bgcolor=#C8C8C8]
            RenderBlock {mi} at (18,9) size 9x9
              RenderText {#text} at (0,-7) size 8x19
                text run at (0,-7) width 8: "x"
            RenderBlock {mtext} at (27,0) size 24x24
              RenderBlock {div} at (0,0) size 24x24 [bgcolor=#00FF00]
            RenderMathMLOperator {mo} at (52,1) size 16x28 [bgcolor=#C8C8C8]
        RenderText {#text} at (174,8) size 5x19
          text run at (174,8) width 5: " "
        RenderMathMLMath {math} at (178,6) size 71x29 [padding: 0 1 0 1]
          RenderMathMLRow {mrow} at (1,0) size 69x29
            RenderMathMLOperator {mo} at (1,1) size 16x28 [bgcolor=#C8C8C8]
            RenderBlock {mi} at (18,9) size 9x9
              RenderText {#text} at (0,-7) size 8x19
                text run at (0,-7) width 8: "x"
            RenderBlock {mtext} at (27,0) size 24x24
              RenderBlock {div} at (0,0) size 24x24 [bgcolor=#00FF00]
            RenderMathMLOperator {mo} at (52,1) size 16x28 [bgcolor=#C8C8C8]
        RenderText {#text} at (249,8) size 5x19
          text run at (249,8) width 5: " "
        RenderMathMLMath {math} at (253,6) size 71x29 [padding: 0 1 0 1]
          RenderMathMLRow {mrow} at (1,0) size 69x29
            RenderMathMLOperator {mo} at (1,1) size 16x28 [bgcolor=#C8C8C8]
            RenderBlock {mi} at (18,9) size 9x9
              RenderText {#text} at (0,-7) size 8x19
                text run at (0,-7) width 8: "x"
            RenderBlock {mtext} at (27,0) size 24x24
              RenderBlock {div} at (0,0) size 24x24 [bgcolor=#00FF00]
            RenderMathMLOperator {mo} at (52,1) size 16x28 [bgcolor=#C8C8C8]
        RenderText {#text} at (324,8) size 5x19
          text run at (324,8) width 5: " "
        RenderMathMLMath {math} at (328,0) size 52x30 [padding: 0 1 0 1]
          RenderMathMLRow {mrow} at (1,0) size 50x30
            RenderMathMLOperator {mo} at (1,0) size 15x27 [bgcolor=#C8C8C8]
              RenderMathMLBlock (flex) {mo} at (0,0) size 15x27
                RenderBlock (anonymous) at (0,0) size 15x27
                  RenderText {mo} at (0,-7) size 15x38
                    text run at (0,-7) width 15: "\x{222B}"
            RenderBlock {mi} at (17,15) size 9x9
              RenderText {#text} at (0,-7) size 8x19
                text run at (0,-7) width 8: "x"
            RenderBlock {mtext} at (26,6) size 24x24
              RenderBlock {div} at (0,0) size 24x24 [bgcolor=#00FF00]
        RenderText {#text} at (0,0) size 0x0
      RenderBlock {p} at (0,124) size 784x38
        RenderText {#text} at (0,7) size 41x19
          text run at (0,7) width 41: "32px: "
        RenderMathMLMath {math} at (40,0) size 79x38 [padding: 0 1 0 1]
          RenderMathMLRow {mrow} at (1,0) size 77x38
            RenderMathMLOperator {mo} at (1,0) size 16x38 [bgcolor=#C8C8C8]
            RenderBlock {mi} at (18,14) size 9x9
              RenderText {#text} at (0,-7) size 8x19
                text run at (0,-7) width 8: "x"
            RenderBlock {mtext} at (27,0) size 32x32
              RenderBlock {div} at (0,0) size 32x32 [bgcolor=#00FF00]
            RenderMathMLOperator {mo} at (60,0) size 16x38 [bgcolor=#C8C8C8]
        RenderText {#text} at (119,7) size 5x19
          text run at (119,7) width 5: " "
        RenderMathMLMath {math} at (123,0) size 79x38 [padding: 0 1 0 1]
          RenderMathMLRow {mrow} at (1,0) size 77x38
            RenderMathMLOperator {mo} at (1,0) size 16x38 [bgcolor=#C8C8C8]
            RenderBlock {mi} at (18,14) size 9x9
              RenderText {#text} at (0,-7) size 8x19
                text run at (0,-7) width 8: "x"
            RenderBlock {mtext} at (27,0) size 32x32
              RenderBlock {div} at (0,0) size 32x32 [bgcolor=#00FF00]
            RenderMathMLOperator {mo} at (60,0) size 16x38 [bgcolor=#C8C8C8]
        RenderText {#text} at (202,7) size 5x19
          text run at (202,7) width 5: " "
        RenderMathMLMath {math} at (206,0) size 79x38 [padding: 0 1 0 1]
          RenderMathMLRow {mrow} at (1,0) size 77x38
            RenderMathMLOperator {mo} at (1,0) size 16x38 [bgcolor=#C8C8C8]
            RenderBlock {mi} at (18,14) size 9x9
              RenderText {#text} at (0,-7) size 8x19
                text run at (0,-7) width 8: "x"
            RenderBlock {mtext} at (27,0) size 32x32
              RenderBlock {div} at (0,0) size 32x32 [bgcolor=#00FF00]
            RenderMathMLOperator {mo} at (60,0) size 16x38 [bgcolor=#C8C8C8]
        RenderText {#text} at (285,7) size 5x19
          text run at (285,7) width 5: " "
        RenderMathMLMath {math} at (289,0) size 79x38 [padding: 0 1 0 1]
          RenderMathMLRow {mrow} at (1,0) size 77x38
            RenderMathMLOperator {mo} at (1,0) size 16x38 [bgcolor=#C8C8C8]
            RenderBlock {mi} at (18,14) size 9x9
              RenderText {#text} at (0,-7) size 8x19
                text run at (0,-7) width 8: "x"
            RenderBlock {mtext} at (27,0) size 32x32
              RenderBlock {div} at (0,0) size 32x32 [bgcolor=#00FF00]
            RenderMathMLOperator {mo} at (60,0) size 16x38 [bgcolor=#C8C8C8]
        RenderText {#text} at (368,7) size 5x19
          text run at (368,7) width 5: " "
        RenderMathMLMath {math} at (372,0) size 61x38 [padding: 0 1 0 1]
          RenderMathMLRow {mrow} at (1,0) size 59x38
            RenderMathMLOperator {mo} at (1,0) size 16x38 [bgcolor=#C8C8C8]
            RenderBlock {mi} at (18,14) size 9x9
              RenderText {#text} at (0,-7) size 8x19
                text run at (0,-7) width 8: "x"
            RenderBlock {mtext} at (27,0) size 32x32
              RenderBlock {div} at (0,0) size 32x32 [bgcolor=#00FF00]
        RenderText {#text} at (0,0) size 0x0
      RenderBlock {p} at (0,178) size 784x57
        RenderText {#text} at (0,18) size 41x19
          text run at (0,18) width 41: "48px: "
        RenderMathMLMath {math} at (40,0) size 95x57 [padding: 0 1 0 1]
          RenderMathMLRow {mrow} at (1,0) size 93x57
            RenderMathMLOperator {mo} at (1,0) size 16x57 [bgcolor=#C8C8C8]
            RenderBlock {mi} at (18,25) size 9x9
              RenderText {#text} at (0,-7) size 8x19
                text run at (0,-7) width 8: "x"
            RenderBlock {mtext} at (27,0) size 48x48
              RenderBlock {div} at (0,0) size 48x48 [bgcolor=#00FF00]
            RenderMathMLOperator {mo} at (76,0) size 16x57 [bgcolor=#C8C8C8]
        RenderText {#text} at (135,18) size 5x19
          text run at (135,18) width 5: " "
        RenderMathMLMath {math} at (139,0) size 95x57 [padding: 0 1 0 1]
          RenderMathMLRow {mrow} at (1,0) size 93x57
            RenderMathMLOperator {mo} at (1,0) size 16x57 [bgcolor=#C8C8C8]
            RenderBlock {mi} at (18,25) size 9x9
              RenderText {#text} at (0,-7) size 8x19
                text run at (0,-7) width 8: "x"
            RenderBlock {mtext} at (27,0) size 48x48
              RenderBlock {div} at (0,0) size 48x48 [bgcolor=#00FF00]
            RenderMathMLOperator {mo} at (76,0) size 16x57 [bgcolor=#C8C8C8]
        RenderText {#text} at (234,18) size 5x19
          text run at (234,18) width 5: " "
        RenderMathMLMath {math} at (238,0) size 95x57 [padding: 0 1 0 1]
          RenderMathMLRow {mrow} at (1,0) size 93x57
            RenderMathMLOperator {mo} at (1,0) size 16x57 [bgcolor=#C8C8C8]
            RenderBlock {mi} at (18,25) size 9x9
              RenderText {#text} at (0,-7) size 8x19
                text run at (0,-7) width 8: "x"
            RenderBlock {mtext} at (27,0) size 48x48
              RenderBlock {div} at (0,0) size 48x48 [bgcolor=#00FF00]
            RenderMathMLOperator {mo} at (76,0) size 16x57 [bgcolor=#C8C8C8]
        RenderText {#text} at (333,18) size 5x19
          text run at (333,18) width 5: " "
        RenderMathMLMath {math} at (337,0) size 95x57 [padding: 0 1 0 1]
          RenderMathMLRow {mrow} at (1,0) size 93x57
            RenderMathMLOperator {mo} at (1,0) size 16x57 [bgcolor=#C8C8C8]
            RenderBlock {mi} at (18,25) size 9x9
              RenderText {#text} at (0,-7) size 8x19
                text run at (0,-7) width 8: "x"
            RenderBlock {mtext} at (27,0) size 48x48
              RenderBlock {div} at (0,0) size 48x48 [bgcolor=#00FF00]
            RenderMathMLOperator {mo} at (76,0) size 16x57 [bgcolor=#C8C8C8]
        RenderText {#text} at (432,18) size 5x19
          text run at (432,18) width 5: " "
        RenderMathMLMath {math} at (436,0) size 77x57 [padding: 0 1 0 1]
          RenderMathMLRow {mrow} at (1,0) size 75x57
            RenderMathMLOperator {mo} at (1,0) size 16x57 [bgcolor=#C8C8C8]
            RenderBlock {mi} at (18,25) size 9x9
              RenderText {#text} at (0,-7) size 8x19
                text run at (0,-7) width 8: "x"
            RenderBlock {mtext} at (27,0) size 48x48
              RenderBlock {div} at (0,0) size 48x48 [bgcolor=#00FF00]
        RenderText {#text} at (0,0) size 0x0
      RenderBlock {p} at (0,251) size 784x144
        RenderText {#text} at (0,69) size 49x19
          text run at (0,69) width 49: "120px: "
        RenderMathMLMath {math} at (48,0) size 95x144 [padding: 0 1 0 1]
          RenderMathMLRow {mrow} at (1,0) size 93x144
            RenderMathMLOperator {mo} at (1,0) size 16x144 [bgcolor=#C8C8C8]
            RenderBlock {mi} at (18,76) size 9x9
              RenderText {#text} at (0,-7) size 8x19
                text run at (0,-7) width 8: "x"
            RenderBlock {mtext} at (27,3) size 48x120
              RenderBlock {div} at (0,0) size 48x120 [bgcolor=#00FF00]
            RenderMathMLOperator {mo} at (76,0) size 16x144 [bgcolor=#C8C8C8]
        RenderText {#text} at (143,69) size 5x19
          text run at (143,69) width 5: " "
        RenderMathMLMath {math} at (147,0) size 95x144 [padding: 0 1 0 1]
          RenderMathMLRow {mrow} at (1,0) size 93x144
            RenderMathMLOperator {mo} at (1,0) size 16x144 [bgcolor=#C8C8C8]
            RenderBlock {mi} at (18,76) size 9x9
              RenderText {#text} at (0,-7) size 8x19
                text run at (0,-7) width 8: "x"
            RenderBlock {mtext} at (27,3) size 48x120
              RenderBlock {div} at (0,0) size 48x120 [bgcolor=#00FF00]
            RenderMathMLOperator {mo} at (76,0) size 16x144 [bgcolor=#C8C8C8]
        RenderText {#text} at (242,69) size 5x19
          text run at (242,69) width 5: " "
        RenderMathMLMath {math} at (246,0) size 95x144 [padding: 0 1 0 1]
          RenderMathMLRow {mrow} at (1,0) size 93x144
            RenderMathMLOperator {mo} at (1,0) size 16x144 [bgcolor=#C8C8C8]
            RenderBlock {mi} at (18,76) size 9x9
              RenderText {#text} at (0,-7) size 8x19
                text run at (0,-7) width 8: "x"
            RenderBlock {mtext} at (27,3) size 48x120
              RenderBlock {div} at (0,0) size 48x120 [bgcolor=#00FF00]
            RenderMathMLOperator {mo} at (76,0) size 16x144 [bgcolor=#C8C8C8]
        RenderText {#text} at (341,69) size 5x19
          text run at (341,69) width 5: " "
        RenderMathMLMath {math} at (345,0) size 95x144 [padding: 0 1 0 1]
          RenderMathMLRow {mrow} at (1,0) size 93x144
            RenderMathMLOperator {mo} at (1,0) size 16x144 [bgcolor=#C8C8C8]
            RenderBlock {mi} at (18,76) size 9x9
              RenderText {#text} at (0,-7) size 8x19
                text run at (0,-7) width 8: "x"
            RenderBlock {mtext} at (27,3) size 48x120
              RenderBlock {div} at (0,0) size 48x120 [bgcolor=#00FF00]
            RenderMathMLOperator {mo} at (76,0) size 16x144 [bgcolor=#C8C8C8]
        RenderText {#text} at (440,69) size 5x19
          text run at (440,69) width 5: " "
        RenderMathMLMath {math} at (444,0) size 77x144 [padding: 0 1 0 1]
          RenderMathMLRow {mrow} at (1,0) size 75x144
            RenderMathMLOperator {mo} at (1,0) size 16x144 [bgcolor=#C8C8C8]
            RenderBlock {mi} at (18,76) size 9x9
              RenderText {#text} at (0,-7) size 8x19
                text run at (0,-7) width 8: "x"
            RenderBlock {mtext} at (27,3) size 48x120
              RenderBlock {div} at (0,0) size 48x120 [bgcolor=#00FF00]
        RenderText {#text} at (0,0) size 0x0
      RenderBlock {p} at (0,411) size 784x48
        RenderText {#text} at (0,13) size 41x19
          text run at (0,13) width 41: "40px: "
        RenderMathMLMath {math} at (40,0) size 200x48 [padding: 0 1 0 1]
          RenderMathMLRow {mrow} at (1,0) size 198x48
            RenderMathMLOperator {mo} at (1,0) size 16x48 [bgcolor=#C8C8C8]
            RenderBlock {mi} at (18,20) size 9x9
              RenderText {#text} at (0,-7) size 8x19
                text run at (0,-7) width 8: "x"
            RenderMathMLOperator {mo} at (30,26) size 5x5 [bgcolor=#C8C8C8]
              RenderMathMLBlock (flex) {mo} at (0,0) size 5x5
                RenderBlock (anonymous) at (0,0) size 5x5
                  RenderText {mo} at (0,-16) size 5x23
                    text run at (0,-16) width 5: ","
            RenderBlock {mtext} at (38,1) size 40x40
              RenderBlock {div} at (0,0) size 40x40 [bgcolor=#00FF00]
            RenderMathMLOperator {mo} at (81,26) size 5x5 [bgcolor=#C8C8C8]
              RenderMathMLBlock (flex) {mo} at (0,0) size 5x5
                RenderBlock (anonymous) at (0,0) size 5x5
                  RenderText {mo} at (0,-16) size 5x23
                    text run at (0,-16) width 5: ","
            RenderBlock {mtext} at (89,1) size 40x40
              RenderBlock {div} at (0,0) size 40x40 [bgcolor=#00FF00]
            RenderMathMLOperator {mo} at (132,26) size 5x5 [bgcolor=#C8C8C8]
              RenderMathMLBlock (flex) {mo} at (0,0) size 5x5
                RenderBlock (anonymous) at (0,0) size 5x5
                  RenderText {mo} at (0,-16) size 5x23
                    text run at (0,-16) width 5: ","
            RenderBlock {mtext} at (140,1) size 40x40
              RenderBlock {div} at (0,0) size 40x40 [bgcolor=#00FF00]
            RenderMathMLOperator {mo} at (181,0) size 16x48 [bgcolor=#C8C8C8]
        RenderText {#text} at (0,0) size 0x0
layer at (113,96) size 16x12 scrollHeight 17
  RenderMathMLBlock (flex) {mo} at (0,0) size 16x12
    RenderBlock (anonymous) at (0,0) size 16x12
      RenderText {mo} at (0,-6) size 16x23
        text run at (0,-6) width 16: "\x{23A1}"
layer at (113,108) size 16x4 scrollHeight 17
  RenderMathMLBlock (flex) {mo} at (0,12) size 16x4
    RenderBlock (anonymous) at (0,0) size 16x4
layer at (113,112) size 16x12 scrollHeight 17
  RenderMathMLBlock (flex) {mo} at (0,16) size 16x12
    RenderBlock (anonymous) at (0,0) size 16x12
layer at (164,96) size 16x12 scrollHeight 17
  RenderMathMLBlock (flex) {mo} at (0,0) size 16x12
    RenderBlock (anonymous) at (0,0) size 16x12
      RenderText {mo} at (0,-6) size 16x23
        text run at (0,-6) width 16: "\x{23A4}"
layer at (164,108) size 16x4 scrollHeight 17
  RenderMathMLBlock (flex) {mo} at (0,12) size 16x4
    RenderBlock (anonymous) at (0,0) size 16x4
layer at (164,112) size 16x12 scrollHeight 17
  RenderMathMLBlock (flex) {mo} at (0,16) size 16x12
    RenderBlock (anonymous) at (0,0) size 16x12
layer at (188,96) size 16x12 scrollHeight 17
  RenderMathMLBlock (flex) {mo} at (0,0) size 16x12
    RenderBlock (anonymous) at (0,0) size 16x12
      RenderText {mo} at (0,-6) size 16x23
        text run at (0,-6) width 16: "\x{239B}"
layer at (188,108) size 16x4 scrollHeight 17
  RenderMathMLBlock (flex) {mo} at (0,12) size 16x4
    RenderBlock (anonymous) at (0,0) size 16x4
layer at (188,112) size 16x12 scrollHeight 17
  RenderMathMLBlock (flex) {mo} at (0,16) size 16x12
    RenderBlock (anonymous) at (0,0) size 16x12
layer at (239,96) size 16x12 scrollHeight 17
  RenderMathMLBlock (flex) {mo} at (0,0) size 16x12
    RenderBlock (anonymous) at (0,0) size 16x12
      RenderText {mo} at (0,-6) size 16x23
        text run at (0,-6) width 16: "\x{239E}"
layer at (239,108) size 16x4 scrollHeight 17
  RenderMathMLBlock (flex) {mo} at (0,12) size 16x4
    RenderBlock (anonymous) at (0,0) size 16x4
layer at (239,112) size 16x12 scrollHeight 17
  RenderMathMLBlock (flex) {mo} at (0,16) size 16x12
    RenderBlock (anonymous) at (0,0) size 16x12
layer at (263,96) size 16x12 scrollHeight 17
  RenderMathMLBlock (flex) {mo} at (0,0) size 16x12
    RenderBlock (anonymous) at (0,0) size 16x12
      RenderText {mo} at (0,-6) size 16x23
        text run at (0,-6) width 16: "\x{23AA}"
layer at (263,108) size 16x4 scrollHeight 17
  RenderMathMLBlock (flex) {mo} at (0,12) size 16x4
    RenderBlock (anonymous) at (0,0) size 16x4
layer at (263,112) size 16x12 scrollHeight 17
  RenderMathMLBlock (flex) {mo} at (0,16) size 16x12
    RenderBlock (anonymous) at (0,0) size 16x12
layer at (314,96) size 16x12 scrollHeight 17
  RenderMathMLBlock (flex) {mo} at (0,0) size 16x12
    RenderBlock (anonymous) at (0,0) size 16x12
      RenderText {mo} at (0,-6) size 16x23
        text run at (0,-6) width 16: "\x{23AA}"
layer at (314,108) size 16x4 scrollHeight 17
  RenderMathMLBlock (flex) {mo} at (0,12) size 16x4
    RenderBlock (anonymous) at (0,0) size 16x4
layer at (314,112) size 16x12 scrollHeight 17
  RenderMathMLBlock (flex) {mo} at (0,16) size 16x12
    RenderBlock (anonymous) at (0,0) size 16x12
layer at (50,140) size 16x12 scrollHeight 17
  RenderMathMLBlock (flex) {mo} at (0,0) size 16x12
    RenderBlock (anonymous) at (0,0) size 16x12
      RenderText {mo} at (0,-6) size 16x23
        text run at (0,-6) width 16: "\x{23A7}"
layer at (50,152) size 16x1 scrollHeight 17
  RenderMathMLBlock (flex) {mo} at (0,12) size 16x1
    RenderBlock (anonymous) at (0,0) size 16x1
layer at (50,153) size 16x11 scrollHeight 17
  RenderMathMLBlock (flex) {mo} at (0,13) size 16x11
    RenderBlock (anonymous) at (0,0) size 16x11
layer at (50,164) size 16x2 scrollHeight 17
  RenderMathMLBlock (flex) {mo} at (0,24) size 16x2
    RenderBlock (anonymous) at (0,0) size 16x2
layer at (50,166) size 16x12 scrollHeight 17
  RenderMathMLBlock (flex) {mo} at (0,26) size 16x12
    RenderBlock (anonymous) at (0,0) size 16x12
layer at (109,140) size 16x12 scrollHeight 17
  RenderMathMLBlock (flex) {mo} at (0,0) size 16x12
    RenderBlock (anonymous) at (0,0) size 16x12
      RenderText {mo} at (0,-6) size 16x23
        text run at (0,-6) width 16: "\x{23AB}"
layer at (109,152) size 16x1 scrollHeight 17
  RenderMathMLBlock (flex) {mo} at (0,12) size 16x1
    RenderBlock (anonymous) at (0,0) size 16x1
layer at (109,153) size 16x11 scrollHeight 17
  RenderMathMLBlock (flex) {mo} at (0,13) size 16x11
    RenderBlock (anonymous) at (0,0) size 16x11
layer at (109,164) size 16x2 scrollHeight 17
  RenderMathMLBlock (flex) {mo} at (0,24) size 16x2
    RenderBlock (anonymous) at (0,0) size 16x2
layer at (109,166) size 16x12 scrollHeight 17
  RenderMathMLBlock (flex) {mo} at (0,26) size 16x12
    RenderBlock (anonymous) at (0,0) size 16x12
layer at (133,140) size 16x12 scrollHeight 17
  RenderMathMLBlock (flex) {mo} at (0,0) size 16x12
    RenderBlock (anonymous) at (0,0) size 16x12
      RenderText {mo} at (0,-6) size 16x23
        text run at (0,-6) width 16: "\x{23A1}"
layer at (133,152) size 16x11 scrollHeight 17
  RenderMathMLBlock (flex) {mo} at (0,12) size 16x11
    RenderBlock (anonymous) at (0,0) size 16x11
layer at (133,163) size 16x3 scrollHeight 17
  RenderMathMLBlock (flex) {mo} at (0,23) size 16x3
    RenderBlock (anonymous) at (0,0) size 16x3
layer at (133,166) size 16x12 scrollHeight 17
  RenderMathMLBlock (flex) {mo} at (0,26) size 16x12
    RenderBlock (anonymous) at (0,0) size 16x12
layer at (192,140) size 16x12 scrollHeight 17
  RenderMathMLBlock (flex) {mo} at (0,0) size 16x12
    RenderBlock (anonymous) at (0,0) size 16x12
      RenderText {mo} at (0,-6) size 16x23
        text run at (0,-6) width 16: "\x{23A4}"
layer at (192,152) size 16x11 scrollHeight 17
  RenderMathMLBlock (flex) {mo} at (0,12) size 16x11
    RenderBlock (anonymous) at (0,0) size 16x11
layer at (192,163) size 16x3 scrollHeight 17
  RenderMathMLBlock (flex) {mo} at (0,23) size 16x3
    RenderBlock (anonymous) at (0,0) size 16x3
layer at (192,166) size 16x12 scrollHeight 17
  RenderMathMLBlock (flex) {mo} at (0,26) size 16x12
    RenderBlock (anonymous) at (0,0) size 16x12
layer at (216,140) size 16x12 scrollHeight 17
  RenderMathMLBlock (flex) {mo} at (0,0) size 16x12
    RenderBlock (anonymous) at (0,0) size 16x12
      RenderText {mo} at (0,-6) size 16x23
        text run at (0,-6) width 16: "\x{239B}"
layer at (216,152) size 16x11 scrollHeight 17
  RenderMathMLBlock (flex) {mo} at (0,12) size 16x11
    RenderBlock (anonymous) at (0,0) size 16x11
layer at (216,163) size 16x3 scrollHeight 17
  RenderMathMLBlock (flex) {mo} at (0,23) size 16x3
    RenderBlock (anonymous) at (0,0) size 16x3
layer at (216,166) size 16x12 scrollHeight 17
  RenderMathMLBlock (flex) {mo} at (0,26) size 16x12
    RenderBlock (anonymous) at (0,0) size 16x12
layer at (275,140) size 16x12 scrollHeight 17
  RenderMathMLBlock (flex) {mo} at (0,0) size 16x12
    RenderBlock (anonymous) at (0,0) size 16x12
      RenderText {mo} at (0,-6) size 16x23
        text run at (0,-6) width 16: "\x{239E}"
layer at (275,152) size 16x11 scrollHeight 17
  RenderMathMLBlock (flex) {mo} at (0,12) size 16x11
    RenderBlock (anonymous) at (0,0) size 16x11
layer at (275,163) size 16x3 scrollHeight 17
  RenderMathMLBlock (flex) {mo} at (0,23) size 16x3
    RenderBlock (anonymous) at (0,0) size 16x3
layer at (275,166) size 16x12 scrollHeight 17
  RenderMathMLBlock (flex) {mo} at (0,26) size 16x12
    RenderBlock (anonymous) at (0,0) size 16x12
layer at (299,140) size 16x12 scrollHeight 17
  RenderMathMLBlock (flex) {mo} at (0,0) size 16x12
    RenderBlock (anonymous) at (0,0) size 16x12
      RenderText {mo} at (0,-6) size 16x23
        text run at (0,-6) width 16: "\x{23AA}"
layer at (299,152) size 16x11 scrollHeight 17
  RenderMathMLBlock (flex) {mo} at (0,12) size 16x11
    RenderBlock (anonymous) at (0,0) size 16x11
layer at (299,163) size 16x3 scrollHeight 17
  RenderMathMLBlock (flex) {mo} at (0,23) size 16x3
    RenderBlock (anonymous) at (0,0) size 16x3
layer at (299,166) size 16x12 scrollHeight 17
  RenderMathMLBlock (flex) {mo} at (0,26) size 16x12
    RenderBlock (anonymous) at (0,0) size 16x12
layer at (358,140) size 16x12 scrollHeight 17
  RenderMathMLBlock (flex) {mo} at (0,0) size 16x12
    RenderBlock (anonymous) at (0,0) size 16x12
      RenderText {mo} at (0,-6) size 16x23
        text run at (0,-6) width 16: "\x{23AA}"
layer at (358,152) size 16x11 scrollHeight 17
  RenderMathMLBlock (flex) {mo} at (0,12) size 16x11
    RenderBlock (anonymous) at (0,0) size 16x11
layer at (358,163) size 16x3 scrollHeight 17
  RenderMathMLBlock (flex) {mo} at (0,23) size 16x3
    RenderBlock (anonymous) at (0,0) size 16x3
layer at (358,166) size 16x12 scrollHeight 17
  RenderMathMLBlock (flex) {mo} at (0,26) size 16x12
    RenderBlock (anonymous) at (0,0) size 16x12
layer at (382,140) size 16x16 scrollHeight 18
  RenderMathMLBlock (flex) {mo} at (0,0) size 16x16
    RenderBlock (anonymous) at (0,0) size 9x16
      RenderText {mo} at (0,-5) size 9x23
        text run at (0,-5) width 9: "\x{2320}"
layer at (382,156) size 16x6 scrollHeight 17
  RenderMathMLBlock (flex) {mo} at (0,16) size 16x6
    RenderBlock (anonymous) at (0,0) size 16x6
layer at (382,162) size 16x16 scrollHeight 18
  RenderMathMLBlock (flex) {mo} at (0,22) size 16x16
    RenderBlock (anonymous) at (0,0) size 9x16
layer at (50,194) size 16x12 scrollHeight 17
  RenderMathMLBlock (flex) {mo} at (0,0) size 16x12
    RenderBlock (anonymous) at (0,0) size 16x12
      RenderText {mo} at (0,-6) size 16x23
        text run at (0,-6) width 16: "\x{23A7}"
layer at (50,206) size 16x11 scrollHeight 17
  RenderMathMLBlock (flex) {mo} at (0,12) size 16x11
    RenderBlock (anonymous) at (0,0) size 16x11
layer at (50,217) size 16x11 scrollHeight 17
  RenderMathMLBlock (flex) {mo} at (0,23) size 16x11
    RenderBlock (anonymous) at (0,0) size 16x11
layer at (50,228) size 16x11 scrollHeight 17
  RenderMathMLBlock (flex) {mo} at (0,34) size 16x11
    RenderBlock (anonymous) at (0,0) size 16x11
layer at (50,239) size 16x12 scrollHeight 17
  RenderMathMLBlock (flex) {mo} at (0,45) size 16x12
    RenderBlock (anonymous) at (0,0) size 16x12
layer at (125,194) size 16x12 scrollHeight 17
  RenderMathMLBlock (flex) {mo} at (0,0) size 16x12
    RenderBlock (anonymous) at (0,0) size 16x12
      RenderText {mo} at (0,-6) size 16x23
        text run at (0,-6) width 16: "\x{23AB}"
layer at (125,206) size 16x11 scrollHeight 17
  RenderMathMLBlock (flex) {mo} at (0,12) size 16x11
    RenderBlock (anonymous) at (0,0) size 16x11
layer at (125,217) size 16x11 scrollHeight 17
  RenderMathMLBlock (flex) {mo} at (0,23) size 16x11
    RenderBlock (anonymous) at (0,0) size 16x11
layer at (125,228) size 16x11 scrollHeight 17
  RenderMathMLBlock (flex) {mo} at (0,34) size 16x11
    RenderBlock (anonymous) at (0,0) size 16x11
layer at (125,239) size 16x12 scrollHeight 17
  RenderMathMLBlock (flex) {mo} at (0,45) size 16x12
    RenderBlock (anonymous) at (0,0) size 16x12
layer at (149,194) size 16x12 scrollHeight 17
  RenderMathMLBlock (flex) {mo} at (0,0) size 16x12
    RenderBlock (anonymous) at (0,0) size 16x12
      RenderText {mo} at (0,-6) size 16x23
        text run at (0,-6) width 16: "\x{23A1}"
layer at (149,206) size 16x11 scrollHeight 17
  RenderMathMLBlock (flex) {mo} at (0,12) size 16x11
    RenderBlock (anonymous) at (0,0) size 16x11
layer at (149,217) size 16x11 scrollHeight 17
  RenderMathMLBlock (flex) {mo} at (0,23) size 16x11
    RenderBlock (anonymous) at (0,0) size 16x11
layer at (149,228) size 16x11 scrollHeight 17
  RenderMathMLBlock (flex) {mo} at (0,34) size 16x11
    RenderBlock (anonymous) at (0,0) size 16x11
layer at (149,239) size 16x12 scrollHeight 17
  RenderMathMLBlock (flex) {mo} at (0,45) size 16x12
    RenderBlock (anonymous) at (0,0) size 16x12
layer at (224,194) size 16x12 scrollHeight 17
  RenderMathMLBlock (flex) {mo} at (0,0) size 16x12
    RenderBlock (anonymous) at (0,0) size 16x12
      RenderText {mo} at (0,-6) size 16x23
        text run at (0,-6) width 16: "\x{23A4}"
layer at (224,206) size 16x11 scrollHeight 17
  RenderMathMLBlock (flex) {mo} at (0,12) size 16x11
    RenderBlock (anonymous) at (0,0) size 16x11
layer at (224,217) size 16x11 scrollHeight 17
  RenderMathMLBlock (flex) {mo} at (0,23) size 16x11
    RenderBlock (anonymous) at (0,0) size 16x11
layer at (224,228) size 16x11 scrollHeight 17
  RenderMathMLBlock (flex) {mo} at (0,34) size 16x11
    RenderBlock (anonymous) at (0,0) size 16x11
layer at (224,239) size 16x12 scrollHeight 17
  RenderMathMLBlock (flex) {mo} at (0,45) size 16x12
    RenderBlock (anonymous) at (0,0) size 16x12
layer at (248,194) size 16x12 scrollHeight 17
  RenderMathMLBlock (flex) {mo} at (0,0) size 16x12
    RenderBlock (anonymous) at (0,0) size 16x12
      RenderText {mo} at (0,-6) size 16x23
        text run at (0,-6) width 16: "\x{239B}"
layer at (248,206) size 16x11 scrollHeight 17
  RenderMathMLBlock (flex) {mo} at (0,12) size 16x11
    RenderBlock (anonymous) at (0,0) size 16x11
layer at (248,217) size 16x11 scrollHeight 17
  RenderMathMLBlock (flex) {mo} at (0,23) size 16x11
    RenderBlock (anonymous) at (0,0) size 16x11
layer at (248,228) size 16x11 scrollHeight 17
  RenderMathMLBlock (flex) {mo} at (0,34) size 16x11
    RenderBlock (anonymous) at (0,0) size 16x11
layer at (248,239) size 16x12 scrollHeight 17
  RenderMathMLBlock (flex) {mo} at (0,45) size 16x12
    RenderBlock (anonymous) at (0,0) size 16x12
layer at (323,194) size 16x12 scrollHeight 17
  RenderMathMLBlock (flex) {mo} at (0,0) size 16x12
    RenderBlock (anonymous) at (0,0) size 16x12
      RenderText {mo} at (0,-6) size 16x23
        text run at (0,-6) width 16: "\x{239E}"
layer at (323,206) size 16x11 scrollHeight 17
  RenderMathMLBlock (flex) {mo} at (0,12) size 16x11
    RenderBlock (anonymous) at (0,0) size 16x11
layer at (323,217) size 16x11 scrollHeight 17
  RenderMathMLBlock (flex) {mo} at (0,23) size 16x11
    RenderBlock (anonymous) at (0,0) size 16x11
layer at (323,228) size 16x11 scrollHeight 17
  RenderMathMLBlock (flex) {mo} at (0,34) size 16x11
    RenderBlock (anonymous) at (0,0) size 16x11
layer at (323,239) size 16x12 scrollHeight 17
  RenderMathMLBlock (flex) {mo} at (0,45) size 16x12
    RenderBlock (anonymous) at (0,0) size 16x12
layer at (347,194) size 16x12 scrollHeight 17
  RenderMathMLBlock (flex) {mo} at (0,0) size 16x12
    RenderBlock (anonymous) at (0,0) size 16x12
      RenderText {mo} at (0,-6) size 16x23
        text run at (0,-6) width 16: "\x{23AA}"
layer at (347,206) size 16x11 scrollHeight 17
  RenderMathMLBlock (flex) {mo} at (0,12) size 16x11
    RenderBlock (anonymous) at (0,0) size 16x11
layer at (347,217) size 16x11 scrollHeight 17
  RenderMathMLBlock (flex) {mo} at (0,23) size 16x11
    RenderBlock (anonymous) at (0,0) size 16x11
layer at (347,228) size 16x11 scrollHeight 17
  RenderMathMLBlock (flex) {mo} at (0,34) size 16x11
    RenderBlock (anonymous) at (0,0) size 16x11
layer at (347,239) size 16x12 scrollHeight 17
  RenderMathMLBlock (flex) {mo} at (0,45) size 16x12
    RenderBlock (anonymous) at (0,0) size 16x12
layer at (422,194) size 16x12 scrollHeight 17
  RenderMathMLBlock (flex) {mo} at (0,0) size 16x12
    RenderBlock (anonymous) at (0,0) size 16x12
      RenderText {mo} at (0,-6) size 16x23
        text run at (0,-6) width 16: "\x{23AA}"
layer at (422,206) size 16x11 scrollHeight 17
  RenderMathMLBlock (flex) {mo} at (0,12) size 16x11
    RenderBlock (anonymous) at (0,0) size 16x11
layer at (422,217) size 16x11 scrollHeight 17
  RenderMathMLBlock (flex) {mo} at (0,23) size 16x11
    RenderBlock (anonymous) at (0,0) size 16x11
layer at (422,228) size 16x11 scrollHeight 17
  RenderMathMLBlock (flex) {mo} at (0,34) size 16x11
    RenderBlock (anonymous) at (0,0) size 16x11
layer at (422,239) size 16x12 scrollHeight 17
  RenderMathMLBlock (flex) {mo} at (0,45) size 16x12
    RenderBlock (anonymous) at (0,0) size 16x12
layer at (446,194) size 16x16 scrollHeight 18
  RenderMathMLBlock (flex) {mo} at (0,0) size 16x16
    RenderBlock (anonymous) at (0,0) size 9x16
      RenderText {mo} at (0,-5) size 9x23
        text run at (0,-5) width 9: "\x{2320}"
layer at (446,210) size 16x11 scrollHeight 17
  RenderMathMLBlock (flex) {mo} at (0,16) size 16x11
    RenderBlock (anonymous) at (0,0) size 16x11
layer at (446,221) size 16x11 scrollHeight 17
  RenderMathMLBlock (flex) {mo} at (0,27) size 16x11
    RenderBlock (anonymous) at (0,0) size 16x11
layer at (446,232) size 16x3 scrollHeight 17
  RenderMathMLBlock (flex) {mo} at (0,38) size 16x3
    RenderBlock (anonymous) at (0,0) size 16x3
layer at (446,235) size 16x16 scrollHeight 18
  RenderMathMLBlock (flex) {mo} at (0,41) size 16x16
    RenderBlock (anonymous) at (0,0) size 9x16
layer at (58,267) size 16x12 scrollHeight 17
  RenderMathMLBlock (flex) {mo} at (0,0) size 16x12
    RenderBlock (anonymous) at (0,0) size 16x12
      RenderText {mo} at (0,-6) size 16x23
        text run at (0,-6) width 16: "\x{23A7}"
layer at (58,279) size 16x11 scrollHeight 17
  RenderMathMLBlock (flex) {mo} at (0,12) size 16x11
    RenderBlock (anonymous) at (0,0) size 16x11
layer at (58,290) size 16x11 scrollHeight 17
  RenderMathMLBlock (flex) {mo} at (0,23) size 16x11
    RenderBlock (anonymous) at (0,0) size 16x11
layer at (58,301) size 16x11 scrollHeight 17
  RenderMathMLBlock (flex) {mo} at (0,34) size 16x11
    RenderBlock (anonymous) at (0,0) size 16x11
layer at (58,312) size 16x11 scrollHeight 17
  RenderMathMLBlock (flex) {mo} at (0,45) size 16x11
    RenderBlock (anonymous) at (0,0) size 16x11
layer at (58,323) size 16x10 scrollHeight 17
  RenderMathMLBlock (flex) {mo} at (0,56) size 16x10
    RenderBlock (anonymous) at (0,0) size 16x10
layer at (58,333) size 16x11 scrollHeight 17
  RenderMathMLBlock (flex) {mo} at (0,66) size 16x11
    RenderBlock (anonymous) at (0,0) size 16x11
layer at (58,344) size 16x11 scrollHeight 17
  RenderMathMLBlock (flex) {mo} at (0,77) size 16x11
    RenderBlock (anonymous) at (0,0) size 16x11
layer at (58,355) size 16x11 scrollHeight 17
  RenderMathMLBlock (flex) {mo} at (0,88) size 16x11
    RenderBlock (anonymous) at (0,0) size 16x11
layer at (58,366) size 16x11 scrollHeight 17
  RenderMathMLBlock (flex) {mo} at (0,99) size 16x11
    RenderBlock (anonymous) at (0,0) size 16x11
layer at (58,377) size 16x11 scrollHeight 17
  RenderMathMLBlock (flex) {mo} at (0,110) size 16x11
    RenderBlock (anonymous) at (0,0) size 16x11
layer at (58,388) size 16x11 scrollHeight 17
  RenderMathMLBlock (flex) {mo} at (0,121) size 16x11
    RenderBlock (anonymous) at (0,0) size 16x11
layer at (58,399) size 16x12 scrollHeight 17
  RenderMathMLBlock (flex) {mo} at (0,132) size 16x12
    RenderBlock (anonymous) at (0,0) size 16x12
layer at (133,267) size 16x12 scrollHeight 17
  RenderMathMLBlock (flex) {mo} at (0,0) size 16x12
    RenderBlock (anonymous) at (0,0) size 16x12
      RenderText {mo} at (0,-6) size 16x23
        text run at (0,-6) width 16: "\x{23AB}"
layer at (133,279) size 16x11 scrollHeight 17
  RenderMathMLBlock (flex) {mo} at (0,12) size 16x11
    RenderBlock (anonymous) at (0,0) size 16x11
layer at (133,290) size 16x11 scrollHeight 17
  RenderMathMLBlock (flex) {mo} at (0,23) size 16x11
    RenderBlock (anonymous) at (0,0) size 16x11
layer at (133,301) size 16x11 scrollHeight 17
  RenderMathMLBlock (flex) {mo} at (0,34) size 16x11
    RenderBlock (anonymous) at (0,0) size 16x11
layer at (133,312) size 16x11 scrollHeight 17
  RenderMathMLBlock (flex) {mo} at (0,45) size 16x11
    RenderBlock (anonymous) at (0,0) size 16x11
layer at (133,323) size 16x10 scrollHeight 17
  RenderMathMLBlock (flex) {mo} at (0,56) size 16x10
    RenderBlock (anonymous) at (0,0) size 16x10
layer at (133,333) size 16x11 scrollHeight 17
  RenderMathMLBlock (flex) {mo} at (0,66) size 16x11
    RenderBlock (anonymous) at (0,0) size 16x11
layer at (133,344) size 16x11 scrollHeight 17
  RenderMathMLBlock (flex) {mo} at (0,77) size 16x11
    RenderBlock (anonymous) at (0,0) size 16x11
layer at (133,355) size 16x11 scrollHeight 17
  RenderMathMLBlock (flex) {mo} at (0,88) size 16x11
    RenderBlock (anonymous) at (0,0) size 16x11
layer at (133,366) size 16x11 scrollHeight 17
  RenderMathMLBlock (flex) {mo} at (0,99) size 16x11
    RenderBlock (anonymous) at (0,0) size 16x11
layer at (133,377) size 16x11 scrollHeight 17
  RenderMathMLBlock (flex) {mo} at (0,110) size 16x11
    RenderBlock (anonymous) at (0,0) size 16x11
layer at (133,388) size 16x11 scrollHeight 17
  RenderMathMLBlock (flex) {mo} at (0,121) size 16x11
    RenderBlock (anonymous) at (0,0) size 16x11
layer at (133,399) size 16x12 scrollHeight 17
  RenderMathMLBlock (flex) {mo} at (0,132) size 16x12
    RenderBlock (anonymous) at (0,0) size 16x12
layer at (157,267) size 16x12 scrollHeight 17
  RenderMathMLBlock (flex) {mo} at (0,0) size 16x12
    RenderBlock (anonymous) at (0,0) size 16x12
      RenderText {mo} at (0,-6) size 16x23
        text run at (0,-6) width 16: "\x{23A1}"
layer at (157,279) size 16x11 scrollHeight 17
  RenderMathMLBlock (flex) {mo} at (0,12) size 16x11
    RenderBlock (anonymous) at (0,0) size 16x11
layer at (157,290) size 16x11 scrollHeight 17
  RenderMathMLBlock (flex) {mo} at (0,23) size 16x11
    RenderBlock (anonymous) at (0,0) size 16x11
layer at (157,301) size 16x11 scrollHeight 17
  RenderMathMLBlock (flex) {mo} at (0,34) size 16x11
    RenderBlock (anonymous) at (0,0) size 16x11
layer at (157,312) size 16x11 scrollHeight 17
  RenderMathMLBlock (flex) {mo} at (0,45) size 16x11
    RenderBlock (anonymous) at (0,0) size 16x11
layer at (157,323) size 16x11 scrollHeight 17
  RenderMathMLBlock (flex) {mo} at (0,56) size 16x11
    RenderBlock (anonymous) at (0,0) size 16x11
layer at (157,334) size 16x11 scrollHeight 17
  RenderMathMLBlock (flex) {mo} at (0,67) size 16x11
    RenderBlock (anonymous) at (0,0) size 16x11
layer at (157,345) size 16x11 scrollHeight 17
  RenderMathMLBlock (flex) {mo} at (0,78) size 16x11
    RenderBlock (anonymous) at (0,0) size 16x11
layer at (157,356) size 16x11 scrollHeight 17
  RenderMathMLBlock (flex) {mo} at (0,89) size 16x11
    RenderBlock (anonymous) at (0,0) size 16x11
layer at (157,367) size 16x11 scrollHeight 17
  RenderMathMLBlock (flex) {mo} at (0,100) size 16x11
    RenderBlock (anonymous) at (0,0) size 16x11
layer at (157,378) size 16x11 scrollHeight 17
  RenderMathMLBlock (flex) {mo} at (0,111) size 16x11
    RenderBlock (anonymous) at (0,0) size 16x11
layer at (157,389) size 16x10 scrollHeight 17
  RenderMathMLBlock (flex) {mo} at (0,122) size 16x10
    RenderBlock (anonymous) at (0,0) size 16x10
layer at (157,399) size 16x12 scrollHeight 17
  RenderMathMLBlock (flex) {mo} at (0,132) size 16x12
    RenderBlock (anonymous) at (0,0) size 16x12
layer at (232,267) size 16x12 scrollHeight 17
  RenderMathMLBlock (flex) {mo} at (0,0) size 16x12
    RenderBlock (anonymous) at (0,0) size 16x12
      RenderText {mo} at (0,-6) size 16x23
        text run at (0,-6) width 16: "\x{23A4}"
layer at (232,279) size 16x11 scrollHeight 17
  RenderMathMLBlock (flex) {mo} at (0,12) size 16x11
    RenderBlock (anonymous) at (0,0) size 16x11
layer at (232,290) size 16x11 scrollHeight 17
  RenderMathMLBlock (flex) {mo} at (0,23) size 16x11
    RenderBlock (anonymous) at (0,0) size 16x11
layer at (232,301) size 16x11 scrollHeight 17
  RenderMathMLBlock (flex) {mo} at (0,34) size 16x11
    RenderBlock (anonymous) at (0,0) size 16x11
layer at (232,312) size 16x11 scrollHeight 17
  RenderMathMLBlock (flex) {mo} at (0,45) size 16x11
    RenderBlock (anonymous) at (0,0) size 16x11
layer at (232,323) size 16x11 scrollHeight 17
  RenderMathMLBlock (flex) {mo} at (0,56) size 16x11
    RenderBlock (anonymous) at (0,0) size 16x11
layer at (232,334) size 16x11 scrollHeight 17
  RenderMathMLBlock (flex) {mo} at (0,67) size 16x11
    RenderBlock (anonymous) at (0,0) size 16x11
layer at (232,345) size 16x11 scrollHeight 17
  RenderMathMLBlock (flex) {mo} at (0,78) size 16x11
    RenderBlock (anonymous) at (0,0) size 16x11
layer at (232,356) size 16x11 scrollHeight 17
  RenderMathMLBlock (flex) {mo} at (0,89) size 16x11
    RenderBlock (anonymous) at (0,0) size 16x11
layer at (232,367) size 16x11 scrollHeight 17
  RenderMathMLBlock (flex) {mo} at (0,100) size 16x11
    RenderBlock (anonymous) at (0,0) size 16x11
layer at (232,378) size 16x11 scrollHeight 17
  RenderMathMLBlock (flex) {mo} at (0,111) size 16x11
    RenderBlock (anonymous) at (0,0) size 16x11
layer at (232,389) size 16x10 scrollHeight 17
  RenderMathMLBlock (flex) {mo} at (0,122) size 16x10
    RenderBlock (anonymous) at (0,0) size 16x10
layer at (232,399) size 16x12 scrollHeight 17
  RenderMathMLBlock (flex) {mo} at (0,132) size 16x12
    RenderBlock (anonymous) at (0,0) size 16x12
layer at (256,267) size 16x12 scrollHeight 17
  RenderMathMLBlock (flex) {mo} at (0,0) size 16x12
    RenderBlock (anonymous) at (0,0) size 16x12
      RenderText {mo} at (0,-6) size 16x23
        text run at (0,-6) width 16: "\x{239B}"
layer at (256,279) size 16x11 scrollHeight 17
  RenderMathMLBlock (flex) {mo} at (0,12) size 16x11
    RenderBlock (anonymous) at (0,0) size 16x11
layer at (256,290) size 16x11 scrollHeight 17
  RenderMathMLBlock (flex) {mo} at (0,23) size 16x11
    RenderBlock (anonymous) at (0,0) size 16x11
layer at (256,301) size 16x11 scrollHeight 17
  RenderMathMLBlock (flex) {mo} at (0,34) size 16x11
    RenderBlock (anonymous) at (0,0) size 16x11
layer at (256,312) size 16x11 scrollHeight 17
  RenderMathMLBlock (flex) {mo} at (0,45) size 16x11
    RenderBlock (anonymous) at (0,0) size 16x11
layer at (256,323) size 16x11 scrollHeight 17
  RenderMathMLBlock (flex) {mo} at (0,56) size 16x11
    RenderBlock (anonymous) at (0,0) size 16x11
layer at (256,334) size 16x11 scrollHeight 17
  RenderMathMLBlock (flex) {mo} at (0,67) size 16x11
    RenderBlock (anonymous) at (0,0) size 16x11
layer at (256,345) size 16x11 scrollHeight 17
  RenderMathMLBlock (flex) {mo} at (0,78) size 16x11
    RenderBlock (anonymous) at (0,0) size 16x11
layer at (256,356) size 16x11 scrollHeight 17
  RenderMathMLBlock (flex) {mo} at (0,89) size 16x11
    RenderBlock (anonymous) at (0,0) size 16x11
layer at (256,367) size 16x11 scrollHeight 17
  RenderMathMLBlock (flex) {mo} at (0,100) size 16x11
    RenderBlock (anonymous) at (0,0) size 16x11
layer at (256,378) size 16x11 scrollHeight 17
  RenderMathMLBlock (flex) {mo} at (0,111) size 16x11
    RenderBlock (anonymous) at (0,0) size 16x11
layer at (256,389) size 16x10 scrollHeight 17
  RenderMathMLBlock (flex) {mo} at (0,122) size 16x10
    RenderBlock (anonymous) at (0,0) size 16x10
layer at (256,399) size 16x12 scrollHeight 17
  RenderMathMLBlock (flex) {mo} at (0,132) size 16x12
    RenderBlock (anonymous) at (0,0) size 16x12
layer at (331,267) size 16x12 scrollHeight 17
  RenderMathMLBlock (flex) {mo} at (0,0) size 16x12
    RenderBlock (anonymous) at (0,0) size 16x12
      RenderText {mo} at (0,-6) size 16x23
        text run at (0,-6) width 16: "\x{239E}"
layer at (331,279) size 16x11 scrollHeight 17
  RenderMathMLBlock (flex) {mo} at (0,12) size 16x11
    RenderBlock (anonymous) at (0,0) size 16x11
layer at (331,290) size 16x11 scrollHeight 17
  RenderMathMLBlock (flex) {mo} at (0,23) size 16x11
    RenderBlock (anonymous) at (0,0) size 16x11
layer at (331,301) size 16x11 scrollHeight 17
  RenderMathMLBlock (flex) {mo} at (0,34) size 16x11
    RenderBlock (anonymous) at (0,0) size 16x11
layer at (331,312) size 16x11 scrollHeight 17
  RenderMathMLBlock (flex) {mo} at (0,45) size 16x11
    RenderBlock (anonymous) at (0,0) size 16x11
layer at (331,323) size 16x11 scrollHeight 17
  RenderMathMLBlock (flex) {mo} at (0,56) size 16x11
    RenderBlock (anonymous) at (0,0) size 16x11
layer at (331,334) size 16x11 scrollHeight 17
  RenderMathMLBlock (flex) {mo} at (0,67) size 16x11
    RenderBlock (anonymous) at (0,0) size 16x11
layer at (331,345) size 16x11 scrollHeight 17
  RenderMathMLBlock (flex) {mo} at (0,78) size 16x11
    RenderBlock (anonymous) at (0,0) size 16x11
layer at (331,356) size 16x11 scrollHeight 17
  RenderMathMLBlock (flex) {mo} at (0,89) size 16x11
    RenderBlock (anonymous) at (0,0) size 16x11
layer at (331,367) size 16x11 scrollHeight 17
  RenderMathMLBlock (flex) {mo} at (0,100) size 16x11
    RenderBlock (anonymous) at (0,0) size 16x11
layer at (331,378) size 16x11 scrollHeight 17
  RenderMathMLBlock (flex) {mo} at (0,111) size 16x11
    RenderBlock (anonymous) at (0,0) size 16x11
layer at (331,389) size 16x10 scrollHeight 17
  RenderMathMLBlock (flex) {mo} at (0,122) size 16x10
    RenderBlock (anonymous) at (0,0) size 16x10
layer at (331,399) size 16x12 scrollHeight 17
  RenderMathMLBlock (flex) {mo} at (0,132) size 16x12
    RenderBlock (anonymous) at (0,0) size 16x12
layer at (355,267) size 16x12 scrollHeight 17
  RenderMathMLBlock (flex) {mo} at (0,0) size 16x12
    RenderBlock (anonymous) at (0,0) size 16x12
      RenderText {mo} at (0,-6) size 16x23
        text run at (0,-6) width 16: "\x{23AA}"
layer at (355,279) size 16x11 scrollHeight 17
  RenderMathMLBlock (flex) {mo} at (0,12) size 16x11
    RenderBlock (anonymous) at (0,0) size 16x11
layer at (355,290) size 16x11 scrollHeight 17
  RenderMathMLBlock (flex) {mo} at (0,23) size 16x11
    RenderBlock (anonymous) at (0,0) size 16x11
layer at (355,301) size 16x11 scrollHeight 17
  RenderMathMLBlock (flex) {mo} at (0,34) size 16x11
    RenderBlock (anonymous) at (0,0) size 16x11
layer at (355,312) size 16x11 scrollHeight 17
  RenderMathMLBlock (flex) {mo} at (0,45) size 16x11
    RenderBlock (anonymous) at (0,0) size 16x11
layer at (355,323) size 16x11 scrollHeight 17
  RenderMathMLBlock (flex) {mo} at (0,56) size 16x11
    RenderBlock (anonymous) at (0,0) size 16x11
layer at (355,334) size 16x11 scrollHeight 17
  RenderMathMLBlock (flex) {mo} at (0,67) size 16x11
    RenderBlock (anonymous) at (0,0) size 16x11
layer at (355,345) size 16x11 scrollHeight 17
  RenderMathMLBlock (flex) {mo} at (0,78) size 16x11
    RenderBlock (anonymous) at (0,0) size 16x11
layer at (355,356) size 16x11 scrollHeight 17
  RenderMathMLBlock (flex) {mo} at (0,89) size 16x11
    RenderBlock (anonymous) at (0,0) size 16x11
layer at (355,367) size 16x11 scrollHeight 17
  RenderMathMLBlock (flex) {mo} at (0,100) size 16x11
    RenderBlock (anonymous) at (0,0) size 16x11
layer at (355,378) size 16x11 scrollHeight 17
  RenderMathMLBlock (flex) {mo} at (0,111) size 16x11
    RenderBlock (anonymous) at (0,0) size 16x11
layer at (355,389) size 16x10 scrollHeight 17
  RenderMathMLBlock (flex) {mo} at (0,122) size 16x10
    RenderBlock (anonymous) at (0,0) size 16x10
layer at (355,399) size 16x12 scrollHeight 17
  RenderMathMLBlock (flex) {mo} at (0,132) size 16x12
    RenderBlock (anonymous) at (0,0) size 16x12
layer at (430,267) size 16x12 scrollHeight 17
  RenderMathMLBlock (flex) {mo} at (0,0) size 16x12
    RenderBlock (anonymous) at (0,0) size 16x12
      RenderText {mo} at (0,-6) size 16x23
        text run at (0,-6) width 16: "\x{23AA}"
layer at (430,279) size 16x11 scrollHeight 17
  RenderMathMLBlock (flex) {mo} at (0,12) size 16x11
    RenderBlock (anonymous) at (0,0) size 16x11
layer at (430,290) size 16x11 scrollHeight 17
  RenderMathMLBlock (flex) {mo} at (0,23) size 16x11
    RenderBlock (anonymous) at (0,0) size 16x11
layer at (430,301) size 16x11 scrollHeight 17
  RenderMathMLBlock (flex) {mo} at (0,34) size 16x11
    RenderBlock (anonymous) at (0,0) size 16x11
layer at (430,312) size 16x11 scrollHeight 17
  RenderMathMLBlock (flex) {mo} at (0,45) size 16x11
    RenderBlock (anonymous) at (0,0) size 16x11
layer at (430,323) size 16x11 scrollHeight 17
  RenderMathMLBlock (flex) {mo} at (0,56) size 16x11
    RenderBlock (anonymous) at (0,0) size 16x11
layer at (430,334) size 16x11 scrollHeight 17
  RenderMathMLBlock (flex) {mo} at (0,67) size 16x11
    RenderBlock (anonymous) at (0,0) size 16x11
layer at (430,345) size 16x11 scrollHeight 17
  RenderMathMLBlock (flex) {mo} at (0,78) size 16x11
    RenderBlock (anonymous) at (0,0) size 16x11
layer at (430,356) size 16x11 scrollHeight 17
  RenderMathMLBlock (flex) {mo} at (0,89) size 16x11
    RenderBlock (anonymous) at (0,0) size 16x11
layer at (430,367) size 16x11 scrollHeight 17
  RenderMathMLBlock (flex) {mo} at (0,100) size 16x11
    RenderBlock (anonymous) at (0,0) size 16x11
layer at (430,378) size 16x11 scrollHeight 17
  RenderMathMLBlock (flex) {mo} at (0,111) size 16x11
    RenderBlock (anonymous) at (0,0) size 16x11
layer at (430,389) size 16x10 scrollHeight 17
  RenderMathMLBlock (flex) {mo} at (0,122) size 16x10
    RenderBlock (anonymous) at (0,0) size 16x10
layer at (430,399) size 16x12 scrollHeight 17
  RenderMathMLBlock (flex) {mo} at (0,132) size 16x12
    RenderBlock (anonymous) at (0,0) size 16x12
layer at (454,267) size 16x16 scrollHeight 18
  RenderMathMLBlock (flex) {mo} at (0,0) size 16x16
    RenderBlock (anonymous) at (0,0) size 9x16
      RenderText {mo} at (0,-5) size 9x23
        text run at (0,-5) width 9: "\x{2320}"
layer at (454,283) size 16x11 scrollHeight 17
  RenderMathMLBlock (flex) {mo} at (0,16) size 16x11
    RenderBlock (anonymous) at (0,0) size 16x11
layer at (454,294) size 16x11 scrollHeight 17
  RenderMathMLBlock (flex) {mo} at (0,27) size 16x11
    RenderBlock (anonymous) at (0,0) size 16x11
layer at (454,305) size 16x11 scrollHeight 17
  RenderMathMLBlock (flex) {mo} at (0,38) size 16x11
    RenderBlock (anonymous) at (0,0) size 16x11
layer at (454,316) size 16x11 scrollHeight 17
  RenderMathMLBlock (flex) {mo} at (0,49) size 16x11
    RenderBlock (anonymous) at (0,0) size 16x11
layer at (454,327) size 16x11 scrollHeight 17
  RenderMathMLBlock (flex) {mo} at (0,60) size 16x11
    RenderBlock (anonymous) at (0,0) size 16x11
layer at (454,338) size 16x11 scrollHeight 17
  RenderMathMLBlock (flex) {mo} at (0,71) size 16x11
    RenderBlock (anonymous) at (0,0) size 16x11
layer at (454,349) size 16x11 scrollHeight 17
  RenderMathMLBlock (flex) {mo} at (0,82) size 16x11
    RenderBlock (anonymous) at (0,0) size 16x11
layer at (454,360) size 16x11 scrollHeight 17
  RenderMathMLBlock (flex) {mo} at (0,93) size 16x11
    RenderBlock (anonymous) at (0,0) size 16x11
layer at (454,371) size 16x11 scrollHeight 17
  RenderMathMLBlock (flex) {mo} at (0,104) size 16x11
    RenderBlock (anonymous) at (0,0) size 16x11
layer at (454,382) size 16x11 scrollHeight 17
  RenderMathMLBlock (flex) {mo} at (0,115) size 16x11
    RenderBlock (anonymous) at (0,0) size 16x11
layer at (454,393) size 16x2 scrollHeight 17
  RenderMathMLBlock (flex) {mo} at (0,126) size 16x2
    RenderBlock (anonymous) at (0,0) size 16x2
layer at (454,395) size 16x16 scrollHeight 18
  RenderMathMLBlock (flex) {mo} at (0,128) size 16x16
    RenderBlock (anonymous) at (0,0) size 9x16
layer at (50,427) size 16x12 scrollHeight 17
  RenderMathMLBlock (flex) {mo} at (0,0) size 16x12
    RenderBlock (anonymous) at (0,0) size 16x12
      RenderText {mo} at (0,-6) size 16x23
        text run at (0,-6) width 16: "\x{239B}"
layer at (50,439) size 16x11 scrollHeight 17
  RenderMathMLBlock (flex) {mo} at (0,12) size 16x11
    RenderBlock (anonymous) at (0,0) size 16x11
layer at (50,450) size 16x11 scrollHeight 17
  RenderMathMLBlock (flex) {mo} at (0,23) size 16x11
    RenderBlock (anonymous) at (0,0) size 16x11
layer at (50,461) size 16x2 scrollHeight 17
  RenderMathMLBlock (flex) {mo} at (0,34) size 16x2
    RenderBlock (anonymous) at (0,0) size 16x2
layer at (50,463) size 16x12 scrollHeight 17
  RenderMathMLBlock (flex) {mo} at (0,36) size 16x12
    RenderBlock (anonymous) at (0,0) size 16x12
layer at (230,427) size 16x12 scrollHeight 17
  RenderMathMLBlock (flex) {mo} at (0,0) size 16x12
    RenderBlock (anonymous) at (0,0) size 16x12
      RenderText {mo} at (0,-6) size 16x23
        text run at (0,-6) width 16: "\x{239E}"
layer at (230,439) size 16x11 scrollHeight 17
  RenderMathMLBlock (flex) {mo} at (0,12) size 16x11
    RenderBlock (anonymous) at (0,0) size 16x11
layer at (230,450) size 16x11 scrollHeight 17
  RenderMathMLBlock (flex) {mo} at (0,23) size 16x11
    RenderBlock (anonymous) at (0,0) size 16x11
layer at (230,461) size 16x2 scrollHeight 17
  RenderMathMLBlock (flex) {mo} at (0,34) size 16x2
    RenderBlock (anonymous) at (0,0) size 16x2
layer at (230,463) size 16x12 scrollHeight 17
  RenderMathMLBlock (flex) {mo} at (0,36) size 16x12
    RenderBlock (anonymous) at (0,0) size 16x12
layer at (113,107) size 16x13 backgroundClip at (113,108) size 16x4 clip at (113,108) size 16x4 outlineClip at (113,108) size 16x4
  RenderBlock (relative positioned) {mo} at (0,0) size 16x13
    RenderText {mo} at (0,-6) size 16x23
      text run at (0,-6) width 16: "\x{23A2}"
layer at (113,111) size 16x13 backgroundClip at (113,112) size 16x12 clip at (113,112) size 16x12 outlineClip at (113,112) size 16x12
  RenderBlock (relative positioned) {mo} at (0,0) size 16x13
    RenderText {mo} at (0,-6) size 16x23
      text run at (0,-6) width 16: "\x{23A3}"
layer at (164,107) size 16x13 backgroundClip at (164,108) size 16x4 clip at (164,108) size 16x4 outlineClip at (164,108) size 16x4
  RenderBlock (relative positioned) {mo} at (0,0) size 16x13
    RenderText {mo} at (0,-6) size 16x23
      text run at (0,-6) width 16: "\x{23A5}"
layer at (164,111) size 16x13 backgroundClip at (164,112) size 16x12 clip at (164,112) size 16x12 outlineClip at (164,112) size 16x12
  RenderBlock (relative positioned) {mo} at (0,0) size 16x13
    RenderText {mo} at (0,-6) size 16x23
      text run at (0,-6) width 16: "\x{23A6}"
layer at (188,107) size 16x13 backgroundClip at (188,108) size 16x4 clip at (188,108) size 16x4 outlineClip at (188,108) size 16x4
  RenderBlock (relative positioned) {mo} at (0,0) size 16x13
    RenderText {mo} at (0,-6) size 16x23
      text run at (0,-6) width 16: "\x{239C}"
layer at (188,111) size 16x13 backgroundClip at (188,112) size 16x12 clip at (188,112) size 16x12 outlineClip at (188,112) size 16x12
  RenderBlock (relative positioned) {mo} at (0,0) size 16x13
    RenderText {mo} at (0,-6) size 16x23
      text run at (0,-6) width 16: "\x{239D}"
layer at (239,107) size 16x13 backgroundClip at (239,108) size 16x4 clip at (239,108) size 16x4 outlineClip at (239,108) size 16x4
  RenderBlock (relative positioned) {mo} at (0,0) size 16x13
    RenderText {mo} at (0,-6) size 16x23
      text run at (0,-6) width 16: "\x{239F}"
layer at (239,111) size 16x13 backgroundClip at (239,112) size 16x12 clip at (239,112) size 16x12 outlineClip at (239,112) size 16x12
  RenderBlock (relative positioned) {mo} at (0,0) size 16x13
    RenderText {mo} at (0,-6) size 16x23
      text run at (0,-6) width 16: "\x{23A0}"
layer at (263,107) size 16x13 backgroundClip at (263,108) size 16x4 clip at (263,108) size 16x4 outlineClip at (263,108) size 16x4
  RenderBlock (relative positioned) {mo} at (0,0) size 16x13
    RenderText {mo} at (0,-6) size 16x23
      text run at (0,-6) width 16: "\x{23AA}"
layer at (263,111) size 16x13 backgroundClip at (263,112) size 16x12 clip at (263,112) size 16x12 outlineClip at (263,112) size 16x12
  RenderBlock (relative positioned) {mo} at (0,0) size 16x13
    RenderText {mo} at (0,-6) size 16x23
      text run at (0,-6) width 16: "\x{23AA}"
layer at (314,107) size 16x13 backgroundClip at (314,108) size 16x4 clip at (314,108) size 16x4 outlineClip at (314,108) size 16x4
  RenderBlock (relative positioned) {mo} at (0,0) size 16x13
    RenderText {mo} at (0,-6) size 16x23
      text run at (0,-6) width 16: "\x{23AA}"
layer at (314,111) size 16x13 backgroundClip at (314,112) size 16x12 clip at (314,112) size 16x12 outlineClip at (314,112) size 16x12
  RenderBlock (relative positioned) {mo} at (0,0) size 16x13
    RenderText {mo} at (0,-6) size 16x23
      text run at (0,-6) width 16: "\x{23AA}"
layer at (50,151) size 16x13 backgroundClip at (50,152) size 16x1 clip at (50,152) size 16x1 outlineClip at (50,152) size 16x1
  RenderBlock (relative positioned) {mo} at (0,0) size 16x13
    RenderText {mo} at (0,-6) size 16x23
      text run at (0,-6) width 16: "\x{23AA}"
layer at (50,152) size 16x13 backgroundClip at (50,153) size 16x11 clip at (50,153) size 16x11 outlineClip at (50,153) size 16x11
  RenderBlock (relative positioned) {mo} at (0,0) size 16x13
    RenderText {mo} at (0,-6) size 16x23
      text run at (0,-6) width 16: "\x{23A8}"
layer at (50,163) size 16x13 backgroundClip at (50,164) size 16x2 clip at (50,164) size 16x2 outlineClip at (50,164) size 16x2
  RenderBlock (relative positioned) {mo} at (0,0) size 16x13
    RenderText {mo} at (0,-6) size 16x23
      text run at (0,-6) width 16: "\x{23AA}"
layer at (50,165) size 16x13 backgroundClip at (50,166) size 16x12 clip at (50,166) size 16x12 outlineClip at (50,166) size 16x12
  RenderBlock (relative positioned) {mo} at (0,0) size 16x13
    RenderText {mo} at (0,-6) size 16x23
      text run at (0,-6) width 16: "\x{23A9}"
layer at (109,151) size 16x13 backgroundClip at (109,152) size 16x1 clip at (109,152) size 16x1 outlineClip at (109,152) size 16x1
  RenderBlock (relative positioned) {mo} at (0,0) size 16x13
    RenderText {mo} at (0,-6) size 16x23
      text run at (0,-6) width 16: "\x{23AA}"
layer at (109,152) size 16x13 backgroundClip at (109,153) size 16x11 clip at (109,153) size 16x11 outlineClip at (109,153) size 16x11
  RenderBlock (relative positioned) {mo} at (0,0) size 16x13
    RenderText {mo} at (0,-6) size 16x23
      text run at (0,-6) width 16: "\x{23AC}"
layer at (109,163) size 16x13 backgroundClip at (109,164) size 16x2 clip at (109,164) size 16x2 outlineClip at (109,164) size 16x2
  RenderBlock (relative positioned) {mo} at (0,0) size 16x13
    RenderText {mo} at (0,-6) size 16x23
      text run at (0,-6) width 16: "\x{23AA}"
layer at (109,165) size 16x13 backgroundClip at (109,166) size 16x12 clip at (109,166) size 16x12 outlineClip at (109,166) size 16x12
  RenderBlock (relative positioned) {mo} at (0,0) size 16x13
    RenderText {mo} at (0,-6) size 16x23
      text run at (0,-6) width 16: "\x{23AD}"
layer at (133,151) size 16x13 backgroundClip at (133,152) size 16x11 clip at (133,152) size 16x11 outlineClip at (133,152) size 16x11
  RenderBlock (relative positioned) {mo} at (0,0) size 16x13
    RenderText {mo} at (0,-6) size 16x23
      text run at (0,-6) width 16: "\x{23A2}"
layer at (133,162) size 16x13 backgroundClip at (133,163) size 16x3 clip at (133,163) size 16x3 outlineClip at (133,163) size 16x3
  RenderBlock (relative positioned) {mo} at (0,0) size 16x13
    RenderText {mo} at (0,-6) size 16x23
      text run at (0,-6) width 16: "\x{23A2}"
layer at (133,165) size 16x13 backgroundClip at (133,166) size 16x12 clip at (133,166) size 16x12 outlineClip at (133,166) size 16x12
  RenderBlock (relative positioned) {mo} at (0,0) size 16x13
    RenderText {mo} at (0,-6) size 16x23
      text run at (0,-6) width 16: "\x{23A3}"
layer at (192,151) size 16x13 backgroundClip at (192,152) size 16x11 clip at (192,152) size 16x11 outlineClip at (192,152) size 16x11
  RenderBlock (relative positioned) {mo} at (0,0) size 16x13
    RenderText {mo} at (0,-6) size 16x23
      text run at (0,-6) width 16: "\x{23A5}"
layer at (192,162) size 16x13 backgroundClip at (192,163) size 16x3 clip at (192,163) size 16x3 outlineClip at (192,163) size 16x3
  RenderBlock (relative positioned) {mo} at (0,0) size 16x13
    RenderText {mo} at (0,-6) size 16x23
      text run at (0,-6) width 16: "\x{23A5}"
layer at (192,165) size 16x13 backgroundClip at (192,166) size 16x12 clip at (192,166) size 16x12 outlineClip at (192,166) size 16x12
  RenderBlock (relative positioned) {mo} at (0,0) size 16x13
    RenderText {mo} at (0,-6) size 16x23
      text run at (0,-6) width 16: "\x{23A6}"
layer at (216,151) size 16x13 backgroundClip at (216,152) size 16x11 clip at (216,152) size 16x11 outlineClip at (216,152) size 16x11
  RenderBlock (relative positioned) {mo} at (0,0) size 16x13
    RenderText {mo} at (0,-6) size 16x23
      text run at (0,-6) width 16: "\x{239C}"
layer at (216,162) size 16x13 backgroundClip at (216,163) size 16x3 clip at (216,163) size 16x3 outlineClip at (216,163) size 16x3
  RenderBlock (relative positioned) {mo} at (0,0) size 16x13
    RenderText {mo} at (0,-6) size 16x23
      text run at (0,-6) width 16: "\x{239C}"
layer at (216,165) size 16x13 backgroundClip at (216,166) size 16x12 clip at (216,166) size 16x12 outlineClip at (216,166) size 16x12
  RenderBlock (relative positioned) {mo} at (0,0) size 16x13
    RenderText {mo} at (0,-6) size 16x23
      text run at (0,-6) width 16: "\x{239D}"
layer at (275,151) size 16x13 backgroundClip at (275,152) size 16x11 clip at (275,152) size 16x11 outlineClip at (275,152) size 16x11
  RenderBlock (relative positioned) {mo} at (0,0) size 16x13
    RenderText {mo} at (0,-6) size 16x23
      text run at (0,-6) width 16: "\x{239F}"
layer at (275,162) size 16x13 backgroundClip at (275,163) size 16x3 clip at (275,163) size 16x3 outlineClip at (275,163) size 16x3
  RenderBlock (relative positioned) {mo} at (0,0) size 16x13
    RenderText {mo} at (0,-6) size 16x23
      text run at (0,-6) width 16: "\x{239F}"
layer at (275,165) size 16x13 backgroundClip at (275,166) size 16x12 clip at (275,166) size 16x12 outlineClip at (275,166) size 16x12
  RenderBlock (relative positioned) {mo} at (0,0) size 16x13
    RenderText {mo} at (0,-6) size 16x23
      text run at (0,-6) width 16: "\x{23A0}"
layer at (299,151) size 16x13 backgroundClip at (299,152) size 16x11 clip at (299,152) size 16x11 outlineClip at (299,152) size 16x11
  RenderBlock (relative positioned) {mo} at (0,0) size 16x13
    RenderText {mo} at (0,-6) size 16x23
      text run at (0,-6) width 16: "\x{23AA}"
layer at (299,162) size 16x13 backgroundClip at (299,163) size 16x3 clip at (299,163) size 16x3 outlineClip at (299,163) size 16x3
  RenderBlock (relative positioned) {mo} at (0,0) size 16x13
    RenderText {mo} at (0,-6) size 16x23
      text run at (0,-6) width 16: "\x{23AA}"
layer at (299,165) size 16x13 backgroundClip at (299,166) size 16x12 clip at (299,166) size 16x12 outlineClip at (299,166) size 16x12
  RenderBlock (relative positioned) {mo} at (0,0) size 16x13
    RenderText {mo} at (0,-6) size 16x23
      text run at (0,-6) width 16: "\x{23AA}"
layer at (358,151) size 16x13 backgroundClip at (358,152) size 16x11 clip at (358,152) size 16x11 outlineClip at (358,152) size 16x11
  RenderBlock (relative positioned) {mo} at (0,0) size 16x13
    RenderText {mo} at (0,-6) size 16x23
      text run at (0,-6) width 16: "\x{23AA}"
layer at (358,162) size 16x13 backgroundClip at (358,163) size 16x3 clip at (358,163) size 16x3 outlineClip at (358,163) size 16x3
  RenderBlock (relative positioned) {mo} at (0,0) size 16x13
    RenderText {mo} at (0,-6) size 16x23
      text run at (0,-6) width 16: "\x{23AA}"
layer at (358,165) size 16x13 backgroundClip at (358,166) size 16x12 clip at (358,166) size 16x12 outlineClip at (358,166) size 16x12
  RenderBlock (relative positioned) {mo} at (0,0) size 16x13
    RenderText {mo} at (0,-6) size 16x23
      text run at (0,-6) width 16: "\x{23AA}"
layer at (382,155) size 16x13 backgroundClip at (382,156) size 16x6 clip at (382,156) size 16x6 outlineClip at (382,156) size 16x6
  RenderBlock (relative positioned) {mo} at (0,0) size 16x13
    RenderText {mo} at (0,-6) size 16x23
      text run at (0,-6) width 16: "\x{23AE}"
layer at (382,161) size 9x17 backgroundClip at (382,162) size 16x16 clip at (382,162) size 16x16 outlineClip at (382,162) size 16x16
  RenderBlock (relative positioned) {mo} at (0,0) size 9x17
    RenderText {mo} at (0,-5) size 9x23
      text run at (0,-5) width 9: "\x{2321}"
layer at (50,205) size 16x13 backgroundClip at (50,206) size 16x11 clip at (50,206) size 16x11 outlineClip at (50,206) size 16x11
  RenderBlock (relative positioned) {mo} at (0,0) size 16x13
    RenderText {mo} at (0,-6) size 16x23
      text run at (0,-6) width 16: "\x{23AA}"
layer at (50,216) size 16x13 backgroundClip at (50,217) size 16x11 clip at (50,217) size 16x11 outlineClip at (50,217) size 16x11
  RenderBlock (relative positioned) {mo} at (0,0) size 16x13
    RenderText {mo} at (0,-6) size 16x23
      text run at (0,-6) width 16: "\x{23A8}"
layer at (50,227) size 16x13 backgroundClip at (50,228) size 16x11 clip at (50,228) size 16x11 outlineClip at (50,228) size 16x11
  RenderBlock (relative positioned) {mo} at (0,0) size 16x13
    RenderText {mo} at (0,-6) size 16x23
      text run at (0,-6) width 16: "\x{23AA}"
layer at (50,238) size 16x13 backgroundClip at (50,239) size 16x12 clip at (50,239) size 16x12 outlineClip at (50,239) size 16x12
  RenderBlock (relative positioned) {mo} at (0,0) size 16x13
    RenderText {mo} at (0,-6) size 16x23
      text run at (0,-6) width 16: "\x{23A9}"
layer at (125,205) size 16x13 backgroundClip at (125,206) size 16x11 clip at (125,206) size 16x11 outlineClip at (125,206) size 16x11
  RenderBlock (relative positioned) {mo} at (0,0) size 16x13
    RenderText {mo} at (0,-6) size 16x23
      text run at (0,-6) width 16: "\x{23AA}"
layer at (125,216) size 16x13 backgroundClip at (125,217) size 16x11 clip at (125,217) size 16x11 outlineClip at (125,217) size 16x11
  RenderBlock (relative positioned) {mo} at (0,0) size 16x13
    RenderText {mo} at (0,-6) size 16x23
      text run at (0,-6) width 16: "\x{23AC}"
layer at (125,227) size 16x13 backgroundClip at (125,228) size 16x11 clip at (125,228) size 16x11 outlineClip at (125,228) size 16x11
  RenderBlock (relative positioned) {mo} at (0,0) size 16x13
    RenderText {mo} at (0,-6) size 16x23
      text run at (0,-6) width 16: "\x{23AA}"
layer at (125,238) size 16x13 backgroundClip at (125,239) size 16x12 clip at (125,239) size 16x12 outlineClip at (125,239) size 16x12
  RenderBlock (relative positioned) {mo} at (0,0) size 16x13
    RenderText {mo} at (0,-6) size 16x23
      text run at (0,-6) width 16: "\x{23AD}"
layer at (149,205) size 16x13 backgroundClip at (149,206) size 16x11 clip at (149,206) size 16x11 outlineClip at (149,206) size 16x11
  RenderBlock (relative positioned) {mo} at (0,0) size 16x13
    RenderText {mo} at (0,-6) size 16x23
      text run at (0,-6) width 16: "\x{23A2}"
layer at (149,216) size 16x13 backgroundClip at (149,217) size 16x11 clip at (149,217) size 16x11 outlineClip at (149,217) size 16x11
  RenderBlock (relative positioned) {mo} at (0,0) size 16x13
    RenderText {mo} at (0,-6) size 16x23
      text run at (0,-6) width 16: "\x{23A2}"
layer at (149,227) size 16x13 backgroundClip at (149,228) size 16x11 clip at (149,228) size 16x11 outlineClip at (149,228) size 16x11
  RenderBlock (relative positioned) {mo} at (0,0) size 16x13
    RenderText {mo} at (0,-6) size 16x23
      text run at (0,-6) width 16: "\x{23A2}"
layer at (149,238) size 16x13 backgroundClip at (149,239) size 16x12 clip at (149,239) size 16x12 outlineClip at (149,239) size 16x12
  RenderBlock (relative positioned) {mo} at (0,0) size 16x13
    RenderText {mo} at (0,-6) size 16x23
      text run at (0,-6) width 16: "\x{23A3}"
layer at (224,205) size 16x13 backgroundClip at (224,206) size 16x11 clip at (224,206) size 16x11 outlineClip at (224,206) size 16x11
  RenderBlock (relative positioned) {mo} at (0,0) size 16x13
    RenderText {mo} at (0,-6) size 16x23
      text run at (0,-6) width 16: "\x{23A5}"
layer at (224,216) size 16x13 backgroundClip at (224,217) size 16x11 clip at (224,217) size 16x11 outlineClip at (224,217) size 16x11
  RenderBlock (relative positioned) {mo} at (0,0) size 16x13
    RenderText {mo} at (0,-6) size 16x23
      text run at (0,-6) width 16: "\x{23A5}"
layer at (224,227) size 16x13 backgroundClip at (224,228) size 16x11 clip at (224,228) size 16x11 outlineClip at (224,228) size 16x11
  RenderBlock (relative positioned) {mo} at (0,0) size 16x13
    RenderText {mo} at (0,-6) size 16x23
      text run at (0,-6) width 16: "\x{23A5}"
layer at (224,238) size 16x13 backgroundClip at (224,239) size 16x12 clip at (224,239) size 16x12 outlineClip at (224,239) size 16x12
  RenderBlock (relative positioned) {mo} at (0,0) size 16x13
    RenderText {mo} at (0,-6) size 16x23
      text run at (0,-6) width 16: "\x{23A6}"
layer at (248,205) size 16x13 backgroundClip at (248,206) size 16x11 clip at (248,206) size 16x11 outlineClip at (248,206) size 16x11
  RenderBlock (relative positioned) {mo} at (0,0) size 16x13
    RenderText {mo} at (0,-6) size 16x23
      text run at (0,-6) width 16: "\x{239C}"
layer at (248,216) size 16x13 backgroundClip at (248,217) size 16x11 clip at (248,217) size 16x11 outlineClip at (248,217) size 16x11
  RenderBlock (relative positioned) {mo} at (0,0) size 16x13
    RenderText {mo} at (0,-6) size 16x23
      text run at (0,-6) width 16: "\x{239C}"
layer at (248,227) size 16x13 backgroundClip at (248,228) size 16x11 clip at (248,228) size 16x11 outlineClip at (248,228) size 16x11
  RenderBlock (relative positioned) {mo} at (0,0) size 16x13
    RenderText {mo} at (0,-6) size 16x23
      text run at (0,-6) width 16: "\x{239C}"
layer at (248,238) size 16x13 backgroundClip at (248,239) size 16x12 clip at (248,239) size 16x12 outlineClip at (248,239) size 16x12
  RenderBlock (relative positioned) {mo} at (0,0) size 16x13
    RenderText {mo} at (0,-6) size 16x23
      text run at (0,-6) width 16: "\x{239D}"
layer at (323,205) size 16x13 backgroundClip at (323,206) size 16x11 clip at (323,206) size 16x11 outlineClip at (323,206) size 16x11
  RenderBlock (relative positioned) {mo} at (0,0) size 16x13
    RenderText {mo} at (0,-6) size 16x23
      text run at (0,-6) width 16: "\x{239F}"
layer at (323,216) size 16x13 backgroundClip at (323,217) size 16x11 clip at (323,217) size 16x11 outlineClip at (323,217) size 16x11
  RenderBlock (relative positioned) {mo} at (0,0) size 16x13
    RenderText {mo} at (0,-6) size 16x23
      text run at (0,-6) width 16: "\x{239F}"
layer at (323,227) size 16x13 backgroundClip at (323,228) size 16x11 clip at (323,228) size 16x11 outlineClip at (323,228) size 16x11
  RenderBlock (relative positioned) {mo} at (0,0) size 16x13
    RenderText {mo} at (0,-6) size 16x23
      text run at (0,-6) width 16: "\x{239F}"
layer at (323,238) size 16x13 backgroundClip at (323,239) size 16x12 clip at (323,239) size 16x12 outlineClip at (323,239) size 16x12
  RenderBlock (relative positioned) {mo} at (0,0) size 16x13
    RenderText {mo} at (0,-6) size 16x23
      text run at (0,-6) width 16: "\x{23A0}"
layer at (347,205) size 16x13 backgroundClip at (347,206) size 16x11 clip at (347,206) size 16x11 outlineClip at (347,206) size 16x11
  RenderBlock (relative positioned) {mo} at (0,0) size 16x13
    RenderText {mo} at (0,-6) size 16x23
      text run at (0,-6) width 16: "\x{23AA}"
layer at (347,216) size 16x13 backgroundClip at (347,217) size 16x11 clip at (347,217) size 16x11 outlineClip at (347,217) size 16x11
  RenderBlock (relative positioned) {mo} at (0,0) size 16x13
    RenderText {mo} at (0,-6) size 16x23
      text run at (0,-6) width 16: "\x{23AA}"
layer at (347,227) size 16x13 backgroundClip at (347,228) size 16x11 clip at (347,228) size 16x11 outlineClip at (347,228) size 16x11
  RenderBlock (relative positioned) {mo} at (0,0) size 16x13
    RenderText {mo} at (0,-6) size 16x23
      text run at (0,-6) width 16: "\x{23AA}"
layer at (347,238) size 16x13 backgroundClip at (347,239) size 16x12 clip at (347,239) size 16x12 outlineClip at (347,239) size 16x12
  RenderBlock (relative positioned) {mo} at (0,0) size 16x13
    RenderText {mo} at (0,-6) size 16x23
      text run at (0,-6) width 16: "\x{23AA}"
layer at (422,205) size 16x13 backgroundClip at (422,206) size 16x11 clip at (422,206) size 16x11 outlineClip at (422,206) size 16x11
  RenderBlock (relative positioned) {mo} at (0,0) size 16x13
    RenderText {mo} at (0,-6) size 16x23
      text run at (0,-6) width 16: "\x{23AA}"
layer at (422,216) size 16x13 backgroundClip at (422,217) size 16x11 clip at (422,217) size 16x11 outlineClip at (422,217) size 16x11
  RenderBlock (relative positioned) {mo} at (0,0) size 16x13
    RenderText {mo} at (0,-6) size 16x23
      text run at (0,-6) width 16: "\x{23AA}"
layer at (422,227) size 16x13 backgroundClip at (422,228) size 16x11 clip at (422,228) size 16x11 outlineClip at (422,228) size 16x11
  RenderBlock (relative positioned) {mo} at (0,0) size 16x13
    RenderText {mo} at (0,-6) size 16x23
      text run at (0,-6) width 16: "\x{23AA}"
layer at (422,238) size 16x13 backgroundClip at (422,239) size 16x12 clip at (422,239) size 16x12 outlineClip at (422,239) size 16x12
  RenderBlock (relative positioned) {mo} at (0,0) size 16x13
    RenderText {mo} at (0,-6) size 16x23
      text run at (0,-6) width 16: "\x{23AA}"
layer at (446,209) size 16x13 backgroundClip at (446,210) size 16x11 clip at (446,210) size 16x11 outlineClip at (446,210) size 16x11
  RenderBlock (relative positioned) {mo} at (0,0) size 16x13
    RenderText {mo} at (0,-6) size 16x23
      text run at (0,-6) width 16: "\x{23AE}"
layer at (446,220) size 16x13 backgroundClip at (446,221) size 16x11 clip at (446,221) size 16x11 outlineClip at (446,221) size 16x11
  RenderBlock (relative positioned) {mo} at (0,0) size 16x13
    RenderText {mo} at (0,-6) size 16x23
      text run at (0,-6) width 16: "\x{23AE}"
layer at (446,231) size 16x13 backgroundClip at (446,232) size 16x3 clip at (446,232) size 16x3 outlineClip at (446,232) size 16x3
  RenderBlock (relative positioned) {mo} at (0,0) size 16x13
    RenderText {mo} at (0,-6) size 16x23
      text run at (0,-6) width 16: "\x{23AE}"
layer at (446,234) size 9x17 backgroundClip at (446,235) size 16x16 clip at (446,235) size 16x16 outlineClip at (446,235) size 16x16
  RenderBlock (relative positioned) {mo} at (0,0) size 9x17
    RenderText {mo} at (0,-5) size 9x23
      text run at (0,-5) width 9: "\x{2321}"
layer at (58,278) size 16x13 backgroundClip at (58,279) size 16x11 clip at (58,279) size 16x11 outlineClip at (58,279) size 16x11
  RenderBlock (relative positioned) {mo} at (0,0) size 16x13
    RenderText {mo} at (0,-6) size 16x23
      text run at (0,-6) width 16: "\x{23AA}"
layer at (58,289) size 16x13 backgroundClip at (58,290) size 16x11 clip at (58,290) size 16x11 outlineClip at (58,290) size 16x11
  RenderBlock (relative positioned) {mo} at (0,0) size 16x13
    RenderText {mo} at (0,-6) size 16x23
      text run at (0,-6) width 16: "\x{23AA}"
layer at (58,300) size 16x13 backgroundClip at (58,301) size 16x11 clip at (58,301) size 16x11 outlineClip at (58,301) size 16x11
  RenderBlock (relative positioned) {mo} at (0,0) size 16x13
    RenderText {mo} at (0,-6) size 16x23
      text run at (0,-6) width 16: "\x{23AA}"
layer at (58,311) size 16x13 backgroundClip at (58,312) size 16x11 clip at (58,312) size 16x11 outlineClip at (58,312) size 16x11
  RenderBlock (relative positioned) {mo} at (0,0) size 16x13
    RenderText {mo} at (0,-6) size 16x23
      text run at (0,-6) width 16: "\x{23AA}"
layer at (58,322) size 16x13 backgroundClip at (58,323) size 16x10 clip at (58,323) size 16x10 outlineClip at (58,323) size 16x10
  RenderBlock (relative positioned) {mo} at (0,0) size 16x13
    RenderText {mo} at (0,-6) size 16x23
      text run at (0,-6) width 16: "\x{23AA}"
layer at (58,332) size 16x13 backgroundClip at (58,333) size 16x11 clip at (58,333) size 16x11 outlineClip at (58,333) size 16x11
  RenderBlock (relative positioned) {mo} at (0,0) size 16x13
    RenderText {mo} at (0,-6) size 16x23
      text run at (0,-6) width 16: "\x{23A8}"
layer at (58,343) size 16x13 backgroundClip at (58,344) size 16x11 clip at (58,344) size 16x11 outlineClip at (58,344) size 16x11
  RenderBlock (relative positioned) {mo} at (0,0) size 16x13
    RenderText {mo} at (0,-6) size 16x23
      text run at (0,-6) width 16: "\x{23AA}"
layer at (58,354) size 16x13 backgroundClip at (58,355) size 16x11 clip at (58,355) size 16x11 outlineClip at (58,355) size 16x11
  RenderBlock (relative positioned) {mo} at (0,0) size 16x13
    RenderText {mo} at (0,-6) size 16x23
      text run at (0,-6) width 16: "\x{23AA}"
layer at (58,365) size 16x13 backgroundClip at (58,366) size 16x11 clip at (58,366) size 16x11 outlineClip at (58,366) size 16x11
  RenderBlock (relative positioned) {mo} at (0,0) size 16x13
    RenderText {mo} at (0,-6) size 16x23
      text run at (0,-6) width 16: "\x{23AA}"
layer at (58,376) size 16x13 backgroundClip at (58,377) size 16x11 clip at (58,377) size 16x11 outlineClip at (58,377) size 16x11
  RenderBlock (relative positioned) {mo} at (0,0) size 16x13
    RenderText {mo} at (0,-6) size 16x23
      text run at (0,-6) width 16: "\x{23AA}"
layer at (58,387) size 16x13 backgroundClip at (58,388) size 16x11 clip at (58,388) size 16x11 outlineClip at (58,388) size 16x11
  RenderBlock (relative positioned) {mo} at (0,0) size 16x13
    RenderText {mo} at (0,-6) size 16x23
      text run at (0,-6) width 16: "\x{23AA}"
layer at (58,398) size 16x13 backgroundClip at (58,399) size 16x12 clip at (58,399) size 16x12 outlineClip at (58,399) size 16x12
  RenderBlock (relative positioned) {mo} at (0,0) size 16x13
    RenderText {mo} at (0,-6) size 16x23
      text run at (0,-6) width 16: "\x{23A9}"
layer at (133,278) size 16x13 backgroundClip at (133,279) size 16x11 clip at (133,279) size 16x11 outlineClip at (133,279) size 16x11
  RenderBlock (relative positioned) {mo} at (0,0) size 16x13
    RenderText {mo} at (0,-6) size 16x23
      text run at (0,-6) width 16: "\x{23AA}"
layer at (133,289) size 16x13 backgroundClip at (133,290) size 16x11 clip at (133,290) size 16x11 outlineClip at (133,290) size 16x11
  RenderBlock (relative positioned) {mo} at (0,0) size 16x13
    RenderText {mo} at (0,-6) size 16x23
      text run at (0,-6) width 16: "\x{23AA}"
layer at (133,300) size 16x13 backgroundClip at (133,301) size 16x11 clip at (133,301) size 16x11 outlineClip at (133,301) size 16x11
  RenderBlock (relative positioned) {mo} at (0,0) size 16x13
    RenderText {mo} at (0,-6) size 16x23
      text run at (0,-6) width 16: "\x{23AA}"
layer at (133,311) size 16x13 backgroundClip at (133,312) size 16x11 clip at (133,312) size 16x11 outlineClip at (133,312) size 16x11
  RenderBlock (relative positioned) {mo} at (0,0) size 16x13
    RenderText {mo} at (0,-6) size 16x23
      text run at (0,-6) width 16: "\x{23AA}"
layer at (133,322) size 16x13 backgroundClip at (133,323) size 16x10 clip at (133,323) size 16x10 outlineClip at (133,323) size 16x10
  RenderBlock (relative positioned) {mo} at (0,0) size 16x13
    RenderText {mo} at (0,-6) size 16x23
      text run at (0,-6) width 16: "\x{23AA}"
layer at (133,332) size 16x13 backgroundClip at (133,333) size 16x11 clip at (133,333) size 16x11 outlineClip at (133,333) size 16x11
  RenderBlock (relative positioned) {mo} at (0,0) size 16x13
    RenderText {mo} at (0,-6) size 16x23
      text run at (0,-6) width 16: "\x{23AC}"
layer at (133,343) size 16x13 backgroundClip at (133,344) size 16x11 clip at (133,344) size 16x11 outlineClip at (133,344) size 16x11
  RenderBlock (relative positioned) {mo} at (0,0) size 16x13
    RenderText {mo} at (0,-6) size 16x23
      text run at (0,-6) width 16: "\x{23AA}"
layer at (133,354) size 16x13 backgroundClip at (133,355) size 16x11 clip at (133,355) size 16x11 outlineClip at (133,355) size 16x11
  RenderBlock (relative positioned) {mo} at (0,0) size 16x13
    RenderText {mo} at (0,-6) size 16x23
      text run at (0,-6) width 16: "\x{23AA}"
layer at (133,365) size 16x13 backgroundClip at (133,366) size 16x11 clip at (133,366) size 16x11 outlineClip at (133,366) size 16x11
  RenderBlock (relative positioned) {mo} at (0,0) size 16x13
    RenderText {mo} at (0,-6) size 16x23
      text run at (0,-6) width 16: "\x{23AA}"
layer at (133,376) size 16x13 backgroundClip at (133,377) size 16x11 clip at (133,377) size 16x11 outlineClip at (133,377) size 16x11
  RenderBlock (relative positioned) {mo} at (0,0) size 16x13
    RenderText {mo} at (0,-6) size 16x23
      text run at (0,-6) width 16: "\x{23AA}"
layer at (133,387) size 16x13 backgroundClip at (133,388) size 16x11 clip at (133,388) size 16x11 outlineClip at (133,388) size 16x11
  RenderBlock (relative positioned) {mo} at (0,0) size 16x13
    RenderText {mo} at (0,-6) size 16x23
      text run at (0,-6) width 16: "\x{23AA}"
layer at (133,398) size 16x13 backgroundClip at (133,399) size 16x12 clip at (133,399) size 16x12 outlineClip at (133,399) size 16x12
  RenderBlock (relative positioned) {mo} at (0,0) size 16x13
    RenderText {mo} at (0,-6) size 16x23
      text run at (0,-6) width 16: "\x{23AD}"
layer at (157,278) size 16x13 backgroundClip at (157,279) size 16x11 clip at (157,279) size 16x11 outlineClip at (157,279) size 16x11
  RenderBlock (relative positioned) {mo} at (0,0) size 16x13
    RenderText {mo} at (0,-6) size 16x23
      text run at (0,-6) width 16: "\x{23A2}"
layer at (157,289) size 16x13 backgroundClip at (157,290) size 16x11 clip at (157,290) size 16x11 outlineClip at (157,290) size 16x11
  RenderBlock (relative positioned) {mo} at (0,0) size 16x13
    RenderText {mo} at (0,-6) size 16x23
      text run at (0,-6) width 16: "\x{23A2}"
layer at (157,300) size 16x13 backgroundClip at (157,301) size 16x11 clip at (157,301) size 16x11 outlineClip at (157,301) size 16x11
  RenderBlock (relative positioned) {mo} at (0,0) size 16x13
    RenderText {mo} at (0,-6) size 16x23
      text run at (0,-6) width 16: "\x{23A2}"
layer at (157,311) size 16x13 backgroundClip at (157,312) size 16x11 clip at (157,312) size 16x11 outlineClip at (157,312) size 16x11
  RenderBlock (relative positioned) {mo} at (0,0) size 16x13
    RenderText {mo} at (0,-6) size 16x23
      text run at (0,-6) width 16: "\x{23A2}"
layer at (157,322) size 16x13 backgroundClip at (157,323) size 16x11 clip at (157,323) size 16x11 outlineClip at (157,323) size 16x11
  RenderBlock (relative positioned) {mo} at (0,0) size 16x13
    RenderText {mo} at (0,-6) size 16x23
      text run at (0,-6) width 16: "\x{23A2}"
layer at (157,333) size 16x13 backgroundClip at (157,334) size 16x11 clip at (157,334) size 16x11 outlineClip at (157,334) size 16x11
  RenderBlock (relative positioned) {mo} at (0,0) size 16x13
    RenderText {mo} at (0,-6) size 16x23
      text run at (0,-6) width 16: "\x{23A2}"
layer at (157,344) size 16x13 backgroundClip at (157,345) size 16x11 clip at (157,345) size 16x11 outlineClip at (157,345) size 16x11
  RenderBlock (relative positioned) {mo} at (0,0) size 16x13
    RenderText {mo} at (0,-6) size 16x23
      text run at (0,-6) width 16: "\x{23A2}"
layer at (157,355) size 16x13 backgroundClip at (157,356) size 16x11 clip at (157,356) size 16x11 outlineClip at (157,356) size 16x11
  RenderBlock (relative positioned) {mo} at (0,0) size 16x13
    RenderText {mo} at (0,-6) size 16x23
      text run at (0,-6) width 16: "\x{23A2}"
layer at (157,366) size 16x13 backgroundClip at (157,367) size 16x11 clip at (157,367) size 16x11 outlineClip at (157,367) size 16x11
  RenderBlock (relative positioned) {mo} at (0,0) size 16x13
    RenderText {mo} at (0,-6) size 16x23
      text run at (0,-6) width 16: "\x{23A2}"
layer at (157,377) size 16x13 backgroundClip at (157,378) size 16x11 clip at (157,378) size 16x11 outlineClip at (157,378) size 16x11
  RenderBlock (relative positioned) {mo} at (0,0) size 16x13
    RenderText {mo} at (0,-6) size 16x23
      text run at (0,-6) width 16: "\x{23A2}"
layer at (157,388) size 16x13 backgroundClip at (157,389) size 16x10 clip at (157,389) size 16x10 outlineClip at (157,389) size 16x10
  RenderBlock (relative positioned) {mo} at (0,0) size 16x13
    RenderText {mo} at (0,-6) size 16x23
      text run at (0,-6) width 16: "\x{23A2}"
layer at (157,398) size 16x13 backgroundClip at (157,399) size 16x12 clip at (157,399) size 16x12 outlineClip at (157,399) size 16x12
  RenderBlock (relative positioned) {mo} at (0,0) size 16x13
    RenderText {mo} at (0,-6) size 16x23
      text run at (0,-6) width 16: "\x{23A3}"
layer at (232,278) size 16x13 backgroundClip at (232,279) size 16x11 clip at (232,279) size 16x11 outlineClip at (232,279) size 16x11
  RenderBlock (relative positioned) {mo} at (0,0) size 16x13
    RenderText {mo} at (0,-6) size 16x23
      text run at (0,-6) width 16: "\x{23A5}"
layer at (232,289) size 16x13 backgroundClip at (232,290) size 16x11 clip at (232,290) size 16x11 outlineClip at (232,290) size 16x11
  RenderBlock (relative positioned) {mo} at (0,0) size 16x13
    RenderText {mo} at (0,-6) size 16x23
      text run at (0,-6) width 16: "\x{23A5}"
layer at (232,300) size 16x13 backgroundClip at (232,301) size 16x11 clip at (232,301) size 16x11 outlineClip at (232,301) size 16x11
  RenderBlock (relative positioned) {mo} at (0,0) size 16x13
    RenderText {mo} at (0,-6) size 16x23
      text run at (0,-6) width 16: "\x{23A5}"
layer at (232,311) size 16x13 backgroundClip at (232,312) size 16x11 clip at (232,312) size 16x11 outlineClip at (232,312) size 16x11
  RenderBlock (relative positioned) {mo} at (0,0) size 16x13
    RenderText {mo} at (0,-6) size 16x23
      text run at (0,-6) width 16: "\x{23A5}"
layer at (232,322) size 16x13 backgroundClip at (232,323) size 16x11 clip at (232,323) size 16x11 outlineClip at (232,323) size 16x11
  RenderBlock (relative positioned) {mo} at (0,0) size 16x13
    RenderText {mo} at (0,-6) size 16x23
      text run at (0,-6) width 16: "\x{23A5}"
layer at (232,333) size 16x13 backgroundClip at (232,334) size 16x11 clip at (232,334) size 16x11 outlineClip at (232,334) size 16x11
  RenderBlock (relative positioned) {mo} at (0,0) size 16x13
    RenderText {mo} at (0,-6) size 16x23
      text run at (0,-6) width 16: "\x{23A5}"
layer at (232,344) size 16x13 backgroundClip at (232,345) size 16x11 clip at (232,345) size 16x11 outlineClip at (232,345) size 16x11
  RenderBlock (relative positioned) {mo} at (0,0) size 16x13
    RenderText {mo} at (0,-6) size 16x23
      text run at (0,-6) width 16: "\x{23A5}"
layer at (232,355) size 16x13 backgroundClip at (232,356) size 16x11 clip at (232,356) size 16x11 outlineClip at (232,356) size 16x11
  RenderBlock (relative positioned) {mo} at (0,0) size 16x13
    RenderText {mo} at (0,-6) size 16x23
      text run at (0,-6) width 16: "\x{23A5}"
layer at (232,366) size 16x13 backgroundClip at (232,367) size 16x11 clip at (232,367) size 16x11 outlineClip at (232,367) size 16x11
  RenderBlock (relative positioned) {mo} at (0,0) size 16x13
    RenderText {mo} at (0,-6) size 16x23
      text run at (0,-6) width 16: "\x{23A5}"
layer at (232,377) size 16x13 backgroundClip at (232,378) size 16x11 clip at (232,378) size 16x11 outlineClip at (232,378) size 16x11
  RenderBlock (relative positioned) {mo} at (0,0) size 16x13
    RenderText {mo} at (0,-6) size 16x23
      text run at (0,-6) width 16: "\x{23A5}"
layer at (232,388) size 16x13 backgroundClip at (232,389) size 16x10 clip at (232,389) size 16x10 outlineClip at (232,389) size 16x10
  RenderBlock (relative positioned) {mo} at (0,0) size 16x13
    RenderText {mo} at (0,-6) size 16x23
      text run at (0,-6) width 16: "\x{23A5}"
layer at (232,398) size 16x13 backgroundClip at (232,399) size 16x12 clip at (232,399) size 16x12 outlineClip at (232,399) size 16x12
  RenderBlock (relative positioned) {mo} at (0,0) size 16x13
    RenderText {mo} at (0,-6) size 16x23
      text run at (0,-6) width 16: "\x{23A6}"
layer at (256,278) size 16x13 backgroundClip at (256,279) size 16x11 clip at (256,279) size 16x11 outlineClip at (256,279) size 16x11
  RenderBlock (relative positioned) {mo} at (0,0) size 16x13
    RenderText {mo} at (0,-6) size 16x23
      text run at (0,-6) width 16: "\x{239C}"
layer at (256,289) size 16x13 backgroundClip at (256,290) size 16x11 clip at (256,290) size 16x11 outlineClip at (256,290) size 16x11
  RenderBlock (relative positioned) {mo} at (0,0) size 16x13
    RenderText {mo} at (0,-6) size 16x23
      text run at (0,-6) width 16: "\x{239C}"
layer at (256,300) size 16x13 backgroundClip at (256,301) size 16x11 clip at (256,301) size 16x11 outlineClip at (256,301) size 16x11
  RenderBlock (relative positioned) {mo} at (0,0) size 16x13
    RenderText {mo} at (0,-6) size 16x23
      text run at (0,-6) width 16: "\x{239C}"
layer at (256,311) size 16x13 backgroundClip at (256,312) size 16x11 clip at (256,312) size 16x11 outlineClip at (256,312) size 16x11
  RenderBlock (relative positioned) {mo} at (0,0) size 16x13
    RenderText {mo} at (0,-6) size 16x23
      text run at (0,-6) width 16: "\x{239C}"
layer at (256,322) size 16x13 backgroundClip at (256,323) size 16x11 clip at (256,323) size 16x11 outlineClip at (256,323) size 16x11
  RenderBlock (relative positioned) {mo} at (0,0) size 16x13
    RenderText {mo} at (0,-6) size 16x23
      text run at (0,-6) width 16: "\x{239C}"
layer at (256,333) size 16x13 backgroundClip at (256,334) size 16x11 clip at (256,334) size 16x11 outlineClip at (256,334) size 16x11
  RenderBlock (relative positioned) {mo} at (0,0) size 16x13
    RenderText {mo} at (0,-6) size 16x23
      text run at (0,-6) width 16: "\x{239C}"
layer at (256,344) size 16x13 backgroundClip at (256,345) size 16x11 clip at (256,345) size 16x11 outlineClip at (256,345) size 16x11
  RenderBlock (relative positioned) {mo} at (0,0) size 16x13
    RenderText {mo} at (0,-6) size 16x23
      text run at (0,-6) width 16: "\x{239C}"
layer at (256,355) size 16x13 backgroundClip at (256,356) size 16x11 clip at (256,356) size 16x11 outlineClip at (256,356) size 16x11
  RenderBlock (relative positioned) {mo} at (0,0) size 16x13
    RenderText {mo} at (0,-6) size 16x23
      text run at (0,-6) width 16: "\x{239C}"
layer at (256,366) size 16x13 backgroundClip at (256,367) size 16x11 clip at (256,367) size 16x11 outlineClip at (256,367) size 16x11
  RenderBlock (relative positioned) {mo} at (0,0) size 16x13
    RenderText {mo} at (0,-6) size 16x23
      text run at (0,-6) width 16: "\x{239C}"
layer at (256,377) size 16x13 backgroundClip at (256,378) size 16x11 clip at (256,378) size 16x11 outlineClip at (256,378) size 16x11
  RenderBlock (relative positioned) {mo} at (0,0) size 16x13
    RenderText {mo} at (0,-6) size 16x23
      text run at (0,-6) width 16: "\x{239C}"
layer at (256,388) size 16x13 backgroundClip at (256,389) size 16x10 clip at (256,389) size 16x10 outlineClip at (256,389) size 16x10
  RenderBlock (relative positioned) {mo} at (0,0) size 16x13
    RenderText {mo} at (0,-6) size 16x23
      text run at (0,-6) width 16: "\x{239C}"
layer at (256,398) size 16x13 backgroundClip at (256,399) size 16x12 clip at (256,399) size 16x12 outlineClip at (256,399) size 16x12
  RenderBlock (relative positioned) {mo} at (0,0) size 16x13
    RenderText {mo} at (0,-6) size 16x23
      text run at (0,-6) width 16: "\x{239D}"
layer at (331,278) size 16x13 backgroundClip at (331,279) size 16x11 clip at (331,279) size 16x11 outlineClip at (331,279) size 16x11
  RenderBlock (relative positioned) {mo} at (0,0) size 16x13
    RenderText {mo} at (0,-6) size 16x23
      text run at (0,-6) width 16: "\x{239F}"
layer at (331,289) size 16x13 backgroundClip at (331,290) size 16x11 clip at (331,290) size 16x11 outlineClip at (331,290) size 16x11
  RenderBlock (relative positioned) {mo} at (0,0) size 16x13
    RenderText {mo} at (0,-6) size 16x23
      text run at (0,-6) width 16: "\x{239F}"
layer at (331,300) size 16x13 backgroundClip at (331,301) size 16x11 clip at (331,301) size 16x11 outlineClip at (331,301) size 16x11
  RenderBlock (relative positioned) {mo} at (0,0) size 16x13
    RenderText {mo} at (0,-6) size 16x23
      text run at (0,-6) width 16: "\x{239F}"
layer at (331,311) size 16x13 backgroundClip at (331,312) size 16x11 clip at (331,312) size 16x11 outlineClip at (331,312) size 16x11
  RenderBlock (relative positioned) {mo} at (0,0) size 16x13
    RenderText {mo} at (0,-6) size 16x23
      text run at (0,-6) width 16: "\x{239F}"
layer at (331,322) size 16x13 backgroundClip at (331,323) size 16x11 clip at (331,323) size 16x11 outlineClip at (331,323) size 16x11
  RenderBlock (relative positioned) {mo} at (0,0) size 16x13
    RenderText {mo} at (0,-6) size 16x23
      text run at (0,-6) width 16: "\x{239F}"
layer at (331,333) size 16x13 backgroundClip at (331,334) size 16x11 clip at (331,334) size 16x11 outlineClip at (331,334) size 16x11
  RenderBlock (relative positioned) {mo} at (0,0) size 16x13
    RenderText {mo} at (0,-6) size 16x23
      text run at (0,-6) width 16: "\x{239F}"
layer at (331,344) size 16x13 backgroundClip at (331,345) size 16x11 clip at (331,345) size 16x11 outlineClip at (331,345) size 16x11
  RenderBlock (relative positioned) {mo} at (0,0) size 16x13
    RenderText {mo} at (0,-6) size 16x23
      text run at (0,-6) width 16: "\x{239F}"
layer at (331,355) size 16x13 backgroundClip at (331,356) size 16x11 clip at (331,356) size 16x11 outlineClip at (331,356) size 16x11
  RenderBlock (relative positioned) {mo} at (0,0) size 16x13
    RenderText {mo} at (0,-6) size 16x23
      text run at (0,-6) width 16: "\x{239F}"
layer at (331,366) size 16x13 backgroundClip at (331,367) size 16x11 clip at (331,367) size 16x11 outlineClip at (331,367) size 16x11
  RenderBlock (relative positioned) {mo} at (0,0) size 16x13
    RenderText {mo} at (0,-6) size 16x23
      text run at (0,-6) width 16: "\x{239F}"
layer at (331,377) size 16x13 backgroundClip at (331,378) size 16x11 clip at (331,378) size 16x11 outlineClip at (331,378) size 16x11
  RenderBlock (relative positioned) {mo} at (0,0) size 16x13
    RenderText {mo} at (0,-6) size 16x23
      text run at (0,-6) width 16: "\x{239F}"
layer at (331,388) size 16x13 backgroundClip at (331,389) size 16x10 clip at (331,389) size 16x10 outlineClip at (331,389) size 16x10
  RenderBlock (relative positioned) {mo} at (0,0) size 16x13
    RenderText {mo} at (0,-6) size 16x23
      text run at (0,-6) width 16: "\x{239F}"
layer at (331,398) size 16x13 backgroundClip at (331,399) size 16x12 clip at (331,399) size 16x12 outlineClip at (331,399) size 16x12
  RenderBlock (relative positioned) {mo} at (0,0) size 16x13
    RenderText {mo} at (0,-6) size 16x23
      text run at (0,-6) width 16: "\x{23A0}"
layer at (355,278) size 16x13 backgroundClip at (355,279) size 16x11 clip at (355,279) size 16x11 outlineClip at (355,279) size 16x11
  RenderBlock (relative positioned) {mo} at (0,0) size 16x13
    RenderText {mo} at (0,-6) size 16x23
      text run at (0,-6) width 16: "\x{23AA}"
layer at (355,289) size 16x13 backgroundClip at (355,290) size 16x11 clip at (355,290) size 16x11 outlineClip at (355,290) size 16x11
  RenderBlock (relative positioned) {mo} at (0,0) size 16x13
    RenderText {mo} at (0,-6) size 16x23
      text run at (0,-6) width 16: "\x{23AA}"
layer at (355,300) size 16x13 backgroundClip at (355,301) size 16x11 clip at (355,301) size 16x11 outlineClip at (355,301) size 16x11
  RenderBlock (relative positioned) {mo} at (0,0) size 16x13
    RenderText {mo} at (0,-6) size 16x23
      text run at (0,-6) width 16: "\x{23AA}"
layer at (355,311) size 16x13 backgroundClip at (355,312) size 16x11 clip at (355,312) size 16x11 outlineClip at (355,312) size 16x11
  RenderBlock (relative positioned) {mo} at (0,0) size 16x13
    RenderText {mo} at (0,-6) size 16x23
      text run at (0,-6) width 16: "\x{23AA}"
layer at (355,322) size 16x13 backgroundClip at (355,323) size 16x11 clip at (355,323) size 16x11 outlineClip at (355,323) size 16x11
  RenderBlock (relative positioned) {mo} at (0,0) size 16x13
    RenderText {mo} at (0,-6) size 16x23
      text run at (0,-6) width 16: "\x{23AA}"
layer at (355,333) size 16x13 backgroundClip at (355,334) size 16x11 clip at (355,334) size 16x11 outlineClip at (355,334) size 16x11
  RenderBlock (relative positioned) {mo} at (0,0) size 16x13
    RenderText {mo} at (0,-6) size 16x23
      text run at (0,-6) width 16: "\x{23AA}"
layer at (355,344) size 16x13 backgroundClip at (355,345) size 16x11 clip at (355,345) size 16x11 outlineClip at (355,345) size 16x11
  RenderBlock (relative positioned) {mo} at (0,0) size 16x13
    RenderText {mo} at (0,-6) size 16x23
      text run at (0,-6) width 16: "\x{23AA}"
layer at (355,355) size 16x13 backgroundClip at (355,356) size 16x11 clip at (355,356) size 16x11 outlineClip at (355,356) size 16x11
  RenderBlock (relative positioned) {mo} at (0,0) size 16x13
    RenderText {mo} at (0,-6) size 16x23
      text run at (0,-6) width 16: "\x{23AA}"
layer at (355,366) size 16x13 backgroundClip at (355,367) size 16x11 clip at (355,367) size 16x11 outlineClip at (355,367) size 16x11
  RenderBlock (relative positioned) {mo} at (0,0) size 16x13
    RenderText {mo} at (0,-6) size 16x23
      text run at (0,-6) width 16: "\x{23AA}"
layer at (355,377) size 16x13 backgroundClip at (355,378) size 16x11 clip at (355,378) size 16x11 outlineClip at (355,378) size 16x11
  RenderBlock (relative positioned) {mo} at (0,0) size 16x13
    RenderText {mo} at (0,-6) size 16x23
      text run at (0,-6) width 16: "\x{23AA}"
layer at (355,388) size 16x13 backgroundClip at (355,389) size 16x10 clip at (355,389) size 16x10 outlineClip at (355,389) size 16x10
  RenderBlock (relative positioned) {mo} at (0,0) size 16x13
    RenderText {mo} at (0,-6) size 16x23
      text run at (0,-6) width 16: "\x{23AA}"
layer at (355,398) size 16x13 backgroundClip at (355,399) size 16x12 clip at (355,399) size 16x12 outlineClip at (355,399) size 16x12
  RenderBlock (relative positioned) {mo} at (0,0) size 16x13
    RenderText {mo} at (0,-6) size 16x23
      text run at (0,-6) width 16: "\x{23AA}"
layer at (430,278) size 16x13 backgroundClip at (430,279) size 16x11 clip at (430,279) size 16x11 outlineClip at (430,279) size 16x11
  RenderBlock (relative positioned) {mo} at (0,0) size 16x13
    RenderText {mo} at (0,-6) size 16x23
      text run at (0,-6) width 16: "\x{23AA}"
layer at (430,289) size 16x13 backgroundClip at (430,290) size 16x11 clip at (430,290) size 16x11 outlineClip at (430,290) size 16x11
  RenderBlock (relative positioned) {mo} at (0,0) size 16x13
    RenderText {mo} at (0,-6) size 16x23
      text run at (0,-6) width 16: "\x{23AA}"
layer at (430,300) size 16x13 backgroundClip at (430,301) size 16x11 clip at (430,301) size 16x11 outlineClip at (430,301) size 16x11
  RenderBlock (relative positioned) {mo} at (0,0) size 16x13
    RenderText {mo} at (0,-6) size 16x23
      text run at (0,-6) width 16: "\x{23AA}"
layer at (430,311) size 16x13 backgroundClip at (430,312) size 16x11 clip at (430,312) size 16x11 outlineClip at (430,312) size 16x11
  RenderBlock (relative positioned) {mo} at (0,0) size 16x13
    RenderText {mo} at (0,-6) size 16x23
      text run at (0,-6) width 16: "\x{23AA}"
layer at (430,322) size 16x13 backgroundClip at (430,323) size 16x11 clip at (430,323) size 16x11 outlineClip at (430,323) size 16x11
  RenderBlock (relative positioned) {mo} at (0,0) size 16x13
    RenderText {mo} at (0,-6) size 16x23
      text run at (0,-6) width 16: "\x{23AA}"
layer at (430,333) size 16x13 backgroundClip at (430,334) size 16x11 clip at (430,334) size 16x11 outlineClip at (430,334) size 16x11
  RenderBlock (relative positioned) {mo} at (0,0) size 16x13
    RenderText {mo} at (0,-6) size 16x23
      text run at (0,-6) width 16: "\x{23AA}"
layer at (430,344) size 16x13 backgroundClip at (430,345) size 16x11 clip at (430,345) size 16x11 outlineClip at (430,345) size 16x11
  RenderBlock (relative positioned) {mo} at (0,0) size 16x13
    RenderText {mo} at (0,-6) size 16x23
      text run at (0,-6) width 16: "\x{23AA}"
layer at (430,355) size 16x13 backgroundClip at (430,356) size 16x11 clip at (430,356) size 16x11 outlineClip at (430,356) size 16x11
  RenderBlock (relative positioned) {mo} at (0,0) size 16x13
    RenderText {mo} at (0,-6) size 16x23
      text run at (0,-6) width 16: "\x{23AA}"
layer at (430,366) size 16x13 backgroundClip at (430,367) size 16x11 clip at (430,367) size 16x11 outlineClip at (430,367) size 16x11
  RenderBlock (relative positioned) {mo} at (0,0) size 16x13
    RenderText {mo} at (0,-6) size 16x23
      text run at (0,-6) width 16: "\x{23AA}"
layer at (430,377) size 16x13 backgroundClip at (430,378) size 16x11 clip at (430,378) size 16x11 outlineClip at (430,378) size 16x11
  RenderBlock (relative positioned) {mo} at (0,0) size 16x13
    RenderText {mo} at (0,-6) size 16x23
      text run at (0,-6) width 16: "\x{23AA}"
layer at (430,388) size 16x13 backgroundClip at (430,389) size 16x10 clip at (430,389) size 16x10 outlineClip at (430,389) size 16x10
  RenderBlock (relative positioned) {mo} at (0,0) size 16x13
    RenderText {mo} at (0,-6) size 16x23
      text run at (0,-6) width 16: "\x{23AA}"
layer at (430,398) size 16x13 backgroundClip at (430,399) size 16x12 clip at (430,399) size 16x12 outlineClip at (430,399) size 16x12
  RenderBlock (relative positioned) {mo} at (0,0) size 16x13
    RenderText {mo} at (0,-6) size 16x23
      text run at (0,-6) width 16: "\x{23AA}"
layer at (454,282) size 16x13 backgroundClip at (454,283) size 16x11 clip at (454,283) size 16x11 outlineClip at (454,283) size 16x11
  RenderBlock (relative positioned) {mo} at (0,0) size 16x13
    RenderText {mo} at (0,-6) size 16x23
      text run at (0,-6) width 16: "\x{23AE}"
layer at (454,293) size 16x13 backgroundClip at (454,294) size 16x11 clip at (454,294) size 16x11 outlineClip at (454,294) size 16x11
  RenderBlock (relative positioned) {mo} at (0,0) size 16x13
    RenderText {mo} at (0,-6) size 16x23
      text run at (0,-6) width 16: "\x{23AE}"
layer at (454,304) size 16x13 backgroundClip at (454,305) size 16x11 clip at (454,305) size 16x11 outlineClip at (454,305) size 16x11
  RenderBlock (relative positioned) {mo} at (0,0) size 16x13
    RenderText {mo} at (0,-6) size 16x23
      text run at (0,-6) width 16: "\x{23AE}"
layer at (454,315) size 16x13 backgroundClip at (454,316) size 16x11 clip at (454,316) size 16x11 outlineClip at (454,316) size 16x11
  RenderBlock (relative positioned) {mo} at (0,0) size 16x13
    RenderText {mo} at (0,-6) size 16x23
      text run at (0,-6) width 16: "\x{23AE}"
layer at (454,326) size 16x13 backgroundClip at (454,327) size 16x11 clip at (454,327) size 16x11 outlineClip at (454,327) size 16x11
  RenderBlock (relative positioned) {mo} at (0,0) size 16x13
    RenderText {mo} at (0,-6) size 16x23
      text run at (0,-6) width 16: "\x{23AE}"
layer at (454,337) size 16x13 backgroundClip at (454,338) size 16x11 clip at (454,338) size 16x11 outlineClip at (454,338) size 16x11
  RenderBlock (relative positioned) {mo} at (0,0) size 16x13
    RenderText {mo} at (0,-6) size 16x23
      text run at (0,-6) width 16: "\x{23AE}"
layer at (454,348) size 16x13 backgroundClip at (454,349) size 16x11 clip at (454,349) size 16x11 outlineClip at (454,349) size 16x11
  RenderBlock (relative positioned) {mo} at (0,0) size 16x13
    RenderText {mo} at (0,-6) size 16x23
      text run at (0,-6) width 16: "\x{23AE}"
layer at (454,359) size 16x13 backgroundClip at (454,360) size 16x11 clip at (454,360) size 16x11 outlineClip at (454,360) size 16x11
  RenderBlock (relative positioned) {mo} at (0,0) size 16x13
    RenderText {mo} at (0,-6) size 16x23
      text run at (0,-6) width 16: "\x{23AE}"
layer at (454,370) size 16x13 backgroundClip at (454,371) size 16x11 clip at (454,371) size 16x11 outlineClip at (454,371) size 16x11
  RenderBlock (relative positioned) {mo} at (0,0) size 16x13
    RenderText {mo} at (0,-6) size 16x23
      text run at (0,-6) width 16: "\x{23AE}"
layer at (454,381) size 16x13 backgroundClip at (454,382) size 16x11 clip at (454,382) size 16x11 outlineClip at (454,382) size 16x11
  RenderBlock (relative positioned) {mo} at (0,0) size 16x13
    RenderText {mo} at (0,-6) size 16x23
      text run at (0,-6) width 16: "\x{23AE}"
layer at (454,392) size 16x13 backgroundClip at (454,393) size 16x2 clip at (454,393) size 16x2 outlineClip at (454,393) size 16x2
  RenderBlock (relative positioned) {mo} at (0,0) size 16x13
    RenderText {mo} at (0,-6) size 16x23
      text run at (0,-6) width 16: "\x{23AE}"
layer at (454,394) size 9x17 backgroundClip at (454,395) size 16x16 clip at (454,395) size 16x16 outlineClip at (454,395) size 16x16
  RenderBlock (relative positioned) {mo} at (0,0) size 9x17
    RenderText {mo} at (0,-5) size 9x23
      text run at (0,-5) width 9: "\x{2321}"
layer at (50,438) size 16x13 backgroundClip at (50,439) size 16x11 clip at (50,439) size 16x11 outlineClip at (50,439) size 16x11
  RenderBlock (relative positioned) {mo} at (0,0) size 16x13
    RenderText {mo} at (0,-6) size 16x23
      text run at (0,-6) width 16: "\x{239C}"
layer at (50,449) size 16x13 backgroundClip at (50,450) size 16x11 clip at (50,450) size 16x11 outlineClip at (50,450) size 16x11
  RenderBlock (relative positioned) {mo} at (0,0) size 16x13
    RenderText {mo} at (0,-6) size 16x23
      text run at (0,-6) width 16: "\x{239C}"
layer at (50,460) size 16x13 backgroundClip at (50,461) size 16x2 clip at (50,461) size 16x2 outlineClip at (50,461) size 16x2
  RenderBlock (relative positioned) {mo} at (0,0) size 16x13
    RenderText {mo} at (0,-6) size 16x23
      text run at (0,-6) width 16: "\x{239C}"
layer at (50,462) size 16x13 backgroundClip at (50,463) size 16x12 clip at (50,463) size 16x12 outlineClip at (50,463) size 16x12
  RenderBlock (relative positioned) {mo} at (0,0) size 16x13
    RenderText {mo} at (0,-6) size 16x23
      text run at (0,-6) width 16: "\x{239D}"
layer at (230,438) size 16x13 backgroundClip at (230,439) size 16x11 clip at (230,439) size 16x11 outlineClip at (230,439) size 16x11
  RenderBlock (relative positioned) {mo} at (0,0) size 16x13
    RenderText {mo} at (0,-6) size 16x23
      text run at (0,-6) width 16: "\x{239F}"
layer at (230,449) size 16x13 backgroundClip at (230,450) size 16x11 clip at (230,450) size 16x11 outlineClip at (230,450) size 16x11
  RenderBlock (relative positioned) {mo} at (0,0) size 16x13
    RenderText {mo} at (0,-6) size 16x23
      text run at (0,-6) width 16: "\x{239F}"
layer at (230,460) size 16x13 backgroundClip at (230,461) size 16x2 clip at (230,461) size 16x2 outlineClip at (230,461) size 16x2
  RenderBlock (relative positioned) {mo} at (0,0) size 16x13
    RenderText {mo} at (0,-6) size 16x23
      text run at (0,-6) width 16: "\x{239F}"
layer at (230,462) size 16x13 backgroundClip at (230,463) size 16x12 clip at (230,463) size 16x12 outlineClip at (230,463) size 16x12
  RenderBlock (relative positioned) {mo} at (0,0) size 16x13
    RenderText {mo} at (0,-6) size 16x23
      text run at (0,-6) width 16: "\x{23A0}"
