layer at (0,0) size 800x600
  RenderView at (0,0) size 800x600
layer at (0,0) size 800x179
  RenderBlock {html} at (0,0) size 800x179
    RenderBody {body} at (8,16) size 784x147
      RenderBlock {p} at (0,0) size 784x65
        RenderText {#text} at (0,21) size 52x19
          text run at (0,21) width 52: "simple: "
        RenderMathMLMath {math} at (51,0) size 80x65 [padding: 0 1 0 1]
          RenderMathMLTable {mtable} at (1,0) size 78x65
            RenderTableSection (anonymous) at (0,0) size 78x65
              RenderTableRow {mtr} at (0,0) size 78x20
                RenderTableCell {mtd} at (0,0) size 26x20 [r=0 c=0 rs=2 cs=1]
                  RenderMathMLSubSup {msub} at (3,3) size 20x14
                    RenderMathMLBlock (anonymous, flex) at (0,0) size 8x14 [padding: 0 0 5 0]
                      RenderBlock {mi} at (0,0) size 8x9
                        RenderText {#text} at (0,-7) size 8x19
                          text run at (0,-7) width 8: "a"
                    RenderMathMLBlock (anonymous, flex) at (8,0) size 12x14
                      RenderBlock {mn} at (0,4) size 12x10
                        RenderText {#text} at (0,-2) size 12x14
                          text run at (0,-2) width 12: "11"
                RenderTableCell {mtd} at (26,0) size 26x20 [r=0 c=1 rs=1 cs=1]
                  RenderMathMLSubSup {msub} at (3,3) size 20x14
                    RenderMathMLBlock (anonymous, flex) at (0,0) size 8x14 [padding: 0 0 5 0]
                      RenderBlock {mi} at (0,0) size 8x9
                        RenderText {#text} at (0,-7) size 8x19
                          text run at (0,-7) width 8: "a"
                    RenderMathMLBlock (anonymous, flex) at (8,0) size 12x14
                      RenderBlock {mn} at (0,4) size 12x10
                        RenderText {#text} at (0,-2) size 12x14
                          text run at (0,-2) width 12: "12"
                RenderTableCell {mtd} at (52,0) size 26x20 [r=0 c=2 rs=1 cs=1]
                  RenderMathMLSubSup {msub} at (3,3) size 20x14
                    RenderMathMLBlock (anonymous, flex) at (0,0) size 8x14 [padding: 0 0 5 0]
                      RenderBlock {mi} at (0,0) size 8x9
                        RenderText {#text} at (0,-7) size 8x19
                          text run at (0,-7) width 8: "a"
                    RenderMathMLBlock (anonymous, flex) at (8,0) size 12x14
                      RenderBlock {mn} at (0,4) size 12x10
                        RenderText {#text} at (0,-2) size 12x14
                          text run at (0,-2) width 12: "13"
              RenderTableRow {mtr} at (0,20) size 78x25
                RenderTableCell {mtd} at (26,20) size 26x25 [r=1 c=1 rs=1 cs=1]
                  RenderMathMLSubSup {msub} at (3,3) size 20x19
                    RenderMathMLBlock (anonymous, flex) at (0,0) size 8x19 [padding: 0 0 6 0]
                      RenderBlock {mi} at (0,0) size 8x13
                        RenderText {#text} at (0,-3) size 8x19
                          text run at (0,-3) width 8: "b"
                    RenderMathMLBlock (anonymous, flex) at (8,0) size 12x19
                      RenderBlock {mn} at (0,9) size 12x10
                        RenderText {#text} at (0,-2) size 12x14
                          text run at (0,-2) width 12: "22"
                RenderTableCell {mtd} at (52,20) size 26x25 [r=1 c=2 rs=1 cs=1]
                  RenderMathMLSubSup {msub} at (3,3) size 20x19
                    RenderMathMLBlock (anonymous, flex) at (0,0) size 8x19 [padding: 0 0 6 0]
                      RenderBlock {mi} at (0,0) size 8x13
                        RenderText {#text} at (0,-3) size 8x19
                          text run at (0,-3) width 8: "b"
                    RenderMathMLBlock (anonymous, flex) at (8,0) size 12x19
                      RenderBlock {mn} at (0,9) size 12x10
                        RenderText {#text} at (0,-2) size 12x14
                          text run at (0,-2) width 12: "23"
              RenderTableRow {mtr} at (0,45) size 78x20
                RenderTableCell {mtd} at (0,45) size 78x20 [r=2 c=0 rs=1 cs=3]
                  RenderMathMLSubSup {msub} at (29,3) size 20x14
                    RenderMathMLBlock (anonymous, flex) at (0,0) size 8x14 [padding: 0 0 5 0]
                      RenderBlock {mi} at (0,0) size 8x9
                        RenderText {#text} at (0,-7) size 8x19
                          text run at (0,-7) width 8: "c"
                    RenderMathMLBlock (anonymous, flex) at (8,0) size 12x14
                      RenderBlock {mn} at (0,4) size 12x10
                        RenderText {#text} at (0,-2) size 12x14
                          text run at (0,-2) width 12: "31"
        RenderText {#text} at (0,0) size 0x0
      RenderBlock {p} at (0,81) size 784x66
        RenderText {#text} at (0,21) size 318x19
          text run at (0,21) width 318: "left, default (center) and right column alignment: "
        RenderMathMLMath {math} at (317,0) size 244x66 [padding: 0 1 0 1]
          RenderMathMLTable {mtable} at (1,0) size 78x65
            RenderTableSection (anonymous) at (0,0) size 78x65
              RenderTableRow {mtr} at (0,0) size 78x20
                RenderTableCell {mtd} at (0,0) size 26x20 [r=0 c=0 rs=1 cs=1]
                  RenderMathMLSubSup {msub} at (3,3) size 14x14
                    RenderMathMLBlock (anonymous, flex) at (0,0) size 8x14 [padding: 0 0 5 0]
                      RenderBlock {mi} at (0,0) size 8x9
                        RenderText {#text} at (0,-7) size 8x19
                          text run at (0,-7) width 8: "a"
                    RenderMathMLBlock (anonymous, flex) at (8,0) size 6x14
                      RenderBlock {mn} at (0,4) size 6x10
                        RenderText {#text} at (0,-2) size 6x14
                          text run at (0,-2) width 6: "1"
                RenderTableCell {mtd} at (26,0) size 26x20 [r=0 c=1 rs=1 cs=1]
                  RenderMathMLSubSup {msub} at (3,3) size 20x14
                    RenderMathMLBlock (anonymous, flex) at (0,0) size 8x14 [padding: 0 0 5 0]
                      RenderBlock {mi} at (0,0) size 8x9
                        RenderText {#text} at (0,-7) size 8x19
                          text run at (0,-7) width 8: "a"
                    RenderMathMLBlock (anonymous, flex) at (8,0) size 12x14
                      RenderBlock {mn} at (0,4) size 12x10
                        RenderText {#text} at (0,-2) size 12x14
                          text run at (0,-2) width 12: "12"
                RenderTableCell {mtd} at (52,0) size 26x20 [r=0 c=2 rs=1 cs=1]
                  RenderMathMLSubSup {msub} at (3,3) size 20x14
                    RenderMathMLBlock (anonymous, flex) at (0,0) size 8x14 [padding: 0 0 5 0]
                      RenderBlock {mi} at (0,0) size 8x9
                        RenderText {#text} at (0,-7) size 8x19
                          text run at (0,-7) width 8: "a"
                    RenderMathMLBlock (anonymous, flex) at (8,0) size 12x14
                      RenderBlock {mn} at (0,4) size 12x10
                        RenderText {#text} at (0,-2) size 12x14
                          text run at (0,-2) width 12: "13"
              RenderTableRow {mtr} at (0,20) size 78x25
                RenderTableCell {mtd} at (0,20) size 26x25 [r=1 c=0 rs=1 cs=1]
                  RenderMathMLSubSup {msub} at (3,3) size 20x19
                    RenderMathMLBlock (anonymous, flex) at (0,0) size 8x19 [padding: 0 0 6 0]
                      RenderBlock {mi} at (0,0) size 8x13
                        RenderText {#text} at (0,-3) size 8x19
                          text run at (0,-3) width 8: "b"
                    RenderMathMLBlock (anonymous, flex) at (8,0) size 12x19
                      RenderBlock {mn} at (0,9) size 12x10
                        RenderText {#text} at (0,-2) size 12x14
                          text run at (0,-2) width 12: "21"
                RenderTableCell {mtd} at (26,20) size 26x25 [r=1 c=1 rs=1 cs=1]
                  RenderMathMLSubSup {msub} at (3,3) size 14x19
                    RenderMathMLBlock (anonymous, flex) at (0,0) size 8x19 [padding: 0 0 6 0]
                      RenderBlock {mi} at (0,0) size 8x13
                        RenderText {#text} at (0,-3) size 8x19
                          text run at (0,-3) width 8: "b"
                    RenderMathMLBlock (anonymous, flex) at (8,0) size 6x19
                      RenderBlock {mn} at (0,9) size 6x10
                        RenderText {#text} at (0,-2) size 6x14
                          text run at (0,-2) width 6: "2"
                RenderTableCell {mtd} at (52,20) size 26x25 [r=1 c=2 rs=1 cs=1]
                  RenderMathMLSubSup {msub} at (3,3) size 20x19
                    RenderMathMLBlock (anonymous, flex) at (0,0) size 8x19 [padding: 0 0 6 0]
                      RenderBlock {mi} at (0,0) size 8x13
                        RenderText {#text} at (0,-3) size 8x19
                          text run at (0,-3) width 8: "b"
                    RenderMathMLBlock (anonymous, flex) at (8,0) size 12x19
                      RenderBlock {mn} at (0,9) size 12x10
                        RenderText {#text} at (0,-2) size 12x14
                          text run at (0,-2) width 12: "23"
              RenderTableRow {mtr} at (0,45) size 78x20
                RenderTableCell {mtd} at (0,45) size 26x20 [r=2 c=0 rs=1 cs=1]
                  RenderMathMLSubSup {msub} at (3,3) size 20x14
                    RenderMathMLBlock (anonymous, flex) at (0,0) size 8x14 [padding: 0 0 5 0]
                      RenderBlock {mi} at (0,0) size 8x9
                        RenderText {#text} at (0,-7) size 8x19
                          text run at (0,-7) width 8: "c"
                    RenderMathMLBlock (anonymous, flex) at (8,0) size 12x14
                      RenderBlock {mn} at (0,4) size 12x10
                        RenderText {#text} at (0,-2) size 12x14
                          text run at (0,-2) width 12: "31"
                RenderTableCell {mtd} at (26,45) size 26x20 [r=2 c=1 rs=1 cs=1]
                  RenderMathMLSubSup {msub} at (3,3) size 20x14
                    RenderMathMLBlock (anonymous, flex) at (0,0) size 8x14 [padding: 0 0 5 0]
                      RenderBlock {mi} at (0,0) size 8x9
                        RenderText {#text} at (0,-7) size 8x19
                          text run at (0,-7) width 8: "c"
                    RenderMathMLBlock (anonymous, flex) at (8,0) size 12x14
                      RenderBlock {mn} at (0,4) size 12x10
                        RenderText {#text} at (0,-2) size 12x14
                          text run at (0,-2) width 12: "32"
                RenderTableCell {mtd} at (52,45) size 26x20 [r=2 c=2 rs=1 cs=1]
                  RenderMathMLSubSup {msub} at (3,3) size 14x14
                    RenderMathMLBlock (anonymous, flex) at (0,0) size 8x14 [padding: 0 0 5 0]
                      RenderBlock {mi} at (0,0) size 8x9
                        RenderText {#text} at (0,-7) size 8x19
                          text run at (0,-7) width 8: "c"
                    RenderMathMLBlock (anonymous, flex) at (8,0) size 6x14
                      RenderBlock {mn} at (0,4) size 6x10
                        RenderText {#text} at (0,-2) size 6x14
                          text run at (0,-2) width 6: "3"
          RenderBlock {mtext} at (79,34) size 4x5
            RenderText {#text} at (0,-13) size 4x19
              text run at (0,-13) width 4: ","
          RenderMathMLTable {mtable} at (83,0) size 78x65
            RenderTableSection (anonymous) at (0,0) size 78x65
              RenderTableRow {mtr} at (0,0) size 78x20
                RenderTableCell {mtd} at (0,0) size 26x20 [r=0 c=0 rs=1 cs=1]
                  RenderMathMLSubSup {msub} at (6,3) size 14x14
                    RenderMathMLBlock (anonymous, flex) at (0,0) size 8x14 [padding: 0 0 5 0]
                      RenderBlock {mi} at (0,0) size 8x9
                        RenderText {#text} at (0,-7) size 8x19
                          text run at (0,-7) width 8: "a"
                    RenderMathMLBlock (anonymous, flex) at (8,0) size 6x14
                      RenderBlock {mn} at (0,4) size 6x10
                        RenderText {#text} at (0,-2) size 6x14
                          text run at (0,-2) width 6: "1"
                RenderTableCell {mtd} at (26,0) size 26x20 [r=0 c=1 rs=1 cs=1]
                  RenderMathMLSubSup {msub} at (3,3) size 20x14
                    RenderMathMLBlock (anonymous, flex) at (0,0) size 8x14 [padding: 0 0 5 0]
                      RenderBlock {mi} at (0,0) size 8x9
                        RenderText {#text} at (0,-7) size 8x19
                          text run at (0,-7) width 8: "a"
                    RenderMathMLBlock (anonymous, flex) at (8,0) size 12x14
                      RenderBlock {mn} at (0,4) size 12x10
                        RenderText {#text} at (0,-2) size 12x14
                          text run at (0,-2) width 12: "12"
                RenderTableCell {mtd} at (52,0) size 26x20 [r=0 c=2 rs=1 cs=1]
                  RenderMathMLSubSup {msub} at (3,3) size 20x14
                    RenderMathMLBlock (anonymous, flex) at (0,0) size 8x14 [padding: 0 0 5 0]
                      RenderBlock {mi} at (0,0) size 8x9
                        RenderText {#text} at (0,-7) size 8x19
                          text run at (0,-7) width 8: "a"
                    RenderMathMLBlock (anonymous, flex) at (8,0) size 12x14
                      RenderBlock {mn} at (0,4) size 12x10
                        RenderText {#text} at (0,-2) size 12x14
                          text run at (0,-2) width 12: "13"
              RenderTableRow {mtr} at (0,20) size 78x25
                RenderTableCell {mtd} at (0,20) size 26x25 [r=1 c=0 rs=1 cs=1]
                  RenderMathMLSubSup {msub} at (3,3) size 20x19
                    RenderMathMLBlock (anonymous, flex) at (0,0) size 8x19 [padding: 0 0 6 0]
                      RenderBlock {mi} at (0,0) size 8x13
                        RenderText {#text} at (0,-3) size 8x19
                          text run at (0,-3) width 8: "b"
                    RenderMathMLBlock (anonymous, flex) at (8,0) size 12x19
                      RenderBlock {mn} at (0,9) size 12x10
                        RenderText {#text} at (0,-2) size 12x14
                          text run at (0,-2) width 12: "21"
                RenderTableCell {mtd} at (26,20) size 26x25 [r=1 c=1 rs=1 cs=1]
                  RenderMathMLSubSup {msub} at (6,3) size 14x19
                    RenderMathMLBlock (anonymous, flex) at (0,0) size 8x19 [padding: 0 0 6 0]
                      RenderBlock {mi} at (0,0) size 8x13
                        RenderText {#text} at (0,-3) size 8x19
                          text run at (0,-3) width 8: "b"
                    RenderMathMLBlock (anonymous, flex) at (8,0) size 6x19
                      RenderBlock {mn} at (0,9) size 6x10
                        RenderText {#text} at (0,-2) size 6x14
                          text run at (0,-2) width 6: "2"
                RenderTableCell {mtd} at (52,20) size 26x25 [r=1 c=2 rs=1 cs=1]
                  RenderMathMLSubSup {msub} at (3,3) size 20x19
                    RenderMathMLBlock (anonymous, flex) at (0,0) size 8x19 [padding: 0 0 6 0]
                      RenderBlock {mi} at (0,0) size 8x13
                        RenderText {#text} at (0,-3) size 8x19
                          text run at (0,-3) width 8: "b"
                    RenderMathMLBlock (anonymous, flex) at (8,0) size 12x19
                      RenderBlock {mn} at (0,9) size 12x10
                        RenderText {#text} at (0,-2) size 12x14
                          text run at (0,-2) width 12: "23"
              RenderTableRow {mtr} at (0,45) size 78x20
                RenderTableCell {mtd} at (0,45) size 26x20 [r=2 c=0 rs=1 cs=1]
                  RenderMathMLSubSup {msub} at (3,3) size 20x14
                    RenderMathMLBlock (anonymous, flex) at (0,0) size 8x14 [padding: 0 0 5 0]
                      RenderBlock {mi} at (0,0) size 8x9
                        RenderText {#text} at (0,-7) size 8x19
                          text run at (0,-7) width 8: "c"
                    RenderMathMLBlock (anonymous, flex) at (8,0) size 12x14
                      RenderBlock {mn} at (0,4) size 12x10
                        RenderText {#text} at (0,-2) size 12x14
                          text run at (0,-2) width 12: "31"
                RenderTableCell {mtd} at (26,45) size 26x20 [r=2 c=1 rs=1 cs=1]
                  RenderMathMLSubSup {msub} at (3,3) size 20x14
                    RenderMathMLBlock (anonymous, flex) at (0,0) size 8x14 [padding: 0 0 5 0]
                      RenderBlock {mi} at (0,0) size 8x9
                        RenderText {#text} at (0,-7) size 8x19
                          text run at (0,-7) width 8: "c"
                    RenderMathMLBlock (anonymous, flex) at (8,0) size 12x14
                      RenderBlock {mn} at (0,4) size 12x10
                        RenderText {#text} at (0,-2) size 12x14
                          text run at (0,-2) width 12: "32"
                RenderTableCell {mtd} at (52,45) size 26x20 [r=2 c=2 rs=1 cs=1]
                  RenderMathMLSubSup {msub} at (6,3) size 14x14
                    RenderMathMLBlock (anonymous, flex) at (0,0) size 8x14 [padding: 0 0 5 0]
                      RenderBlock {mi} at (0,0) size 8x9
                        RenderText {#text} at (0,-7) size 8x19
                          text run at (0,-7) width 8: "c"
                    RenderMathMLBlock (anonymous, flex) at (8,0) size 6x14
                      RenderBlock {mn} at (0,4) size 6x10
                        RenderText {#text} at (0,-2) size 6x14
                          text run at (0,-2) width 6: "3"
          RenderBlock {mtext} at (161,34) size 4x5
            RenderText {#text} at (0,-13) size 4x19
              text run at (0,-13) width 4: ","
          RenderMathMLTable {mtable} at (165,0) size 78x66
            RenderTableSection (anonymous) at (0,0) size 78x66
              RenderTableRow {mtr} at (0,0) size 78x20
                RenderTableCell {mtd} at (0,0) size 52x21 [r=0 c=0 rs=2 cs=2]
                  RenderMathMLSubSup {msub} at (35,3) size 14x15
                    RenderMathMLBlock (anonymous, flex) at (0,0) size 8x15 [padding: 0 0 6 0]
                      RenderBlock {mi} at (0,0) size 8x9
                        RenderText {#text} at (0,-7) size 8x19
                          text run at (0,-7) width 8: "a"
                    RenderMathMLBlock (anonymous, flex) at (8,0) size 6x15
                      RenderBlock {mn} at (0,5) size 6x10
                        RenderText {#text} at (0,-2) size 6x14
                          text run at (0,-2) width 6: "1"
                RenderTableCell {mtd} at (52,0) size 26x20 [r=0 c=2 rs=1 cs=1]
                  RenderMathMLSubSup {msub} at (3,3) size 20x14
                    RenderMathMLBlock (anonymous, flex) at (0,0) size 8x14 [padding: 0 0 5 0]
                      RenderBlock {mi} at (0,0) size 8x9
                        RenderText {#text} at (0,-7) size 8x19
                          text run at (0,-7) width 8: "a"
                    RenderMathMLBlock (anonymous, flex) at (8,0) size 12x14
                      RenderBlock {mn} at (0,4) size 12x10
                        RenderText {#text} at (0,-2) size 12x14
                          text run at (0,-2) width 12: "13"
              RenderTableRow {mtr} at (0,20) size 78x25
                RenderTableCell {mtd} at (52,20) size 26x25 [r=1 c=2 rs=1 cs=1]
                  RenderMathMLSubSup {msub} at (3,3) size 20x19
                    RenderMathMLBlock (anonymous, flex) at (0,0) size 8x19 [padding: 0 0 6 0]
                      RenderBlock {mi} at (0,0) size 8x13
                        RenderText {#text} at (0,-3) size 8x19
                          text run at (0,-3) width 8: "b"
                    RenderMathMLBlock (anonymous, flex) at (8,0) size 12x19
                      RenderBlock {mn} at (0,9) size 12x10
                        RenderText {#text} at (0,-2) size 12x14
                          text run at (0,-2) width 12: "23"
              RenderTableRow {mtr} at (0,45) size 78x21
                RenderTableCell {mtd} at (0,45) size 26x20 [r=2 c=0 rs=1 cs=1]
                  RenderMathMLSubSup {msub} at (3,3) size 20x14
                    RenderMathMLBlock (anonymous, flex) at (0,0) size 8x14 [padding: 0 0 5 0]
                      RenderBlock {mi} at (0,0) size 8x9
                        RenderText {#text} at (0,-7) size 8x19
                          text run at (0,-7) width 8: "c"
                    RenderMathMLBlock (anonymous, flex) at (8,0) size 12x14
                      RenderBlock {mn} at (0,4) size 12x10
                        RenderText {#text} at (0,-2) size 12x14
                          text run at (0,-2) width 12: "31"
                RenderTableCell {mtd} at (26,45) size 26x20 [r=2 c=1 rs=1 cs=1]
                  RenderMathMLSubSup {msub} at (3,3) size 20x14
                    RenderMathMLBlock (anonymous, flex) at (0,0) size 8x14 [padding: 0 0 5 0]
                      RenderBlock {mi} at (0,0) size 8x9
                        RenderText {#text} at (0,-7) size 8x19
                          text run at (0,-7) width 8: "c"
                    RenderMathMLBlock (anonymous, flex) at (8,0) size 12x14
                      RenderBlock {mn} at (0,4) size 12x10
                        RenderText {#text} at (0,-2) size 12x14
                          text run at (0,-2) width 12: "32"
                RenderTableCell {mtd} at (52,45) size 26x21 [r=2 c=2 rs=1 cs=1]
                  RenderMathMLSubSup {msub} at (9,3) size 14x15
                    RenderMathMLBlock (anonymous, flex) at (0,0) size 8x15 [padding: 0 0 6 0]
                      RenderBlock {mi} at (0,0) size 8x9
                        RenderText {#text} at (0,-7) size 8x19
                          text run at (0,-7) width 8: "c"
                    RenderMathMLBlock (anonymous, flex) at (8,0) size 6x15
                      RenderBlock {mn} at (0,5) size 6x10
                        RenderText {#text} at (0,-2) size 6x14
                          text run at (0,-2) width 6: "3"
        RenderText {#text} at (0,0) size 0x0
