layer at (0,0) size 800x600
  RenderView at (0,0) size 800x600
layer at (0,0) size 800x88
  RenderBlock {html} at (0,0) size 800x88
    RenderBody {body} at (8,16) size 784x56
      RenderBlock {p} at (0,0) size 784x20
        RenderText {#text} at (0,0) size 298x19
          text run at (0,0) width 298: "Following elements should use a regular font: "
        RenderMathMLMath {math} at (297,3) size 63x13 [padding: 0 1 0 1]
          RenderBlock {mn} at (1,1) size 8x12
            RenderText {#text} at (0,-4) size 8x19
              text run at (0,-4) width 8: "1"
          RenderMathMLOperator {mo} at (12,0) size 10x13
            RenderMathMLBlock (flex) {mo} at (0,0) size 10x13
              RenderBlock (anonymous) at (0,0) size 10x13
                RenderText {mo} at (0,-6) size 10x23
                  text run at (0,-6) width 10: "\x{2207}"
          RenderBlock {mtext} at (25,2) size 24x11
            RenderText {#text} at (0,-5) size 24x19
              text run at (0,-5) width 24: "text"
          RenderBlock {ms} at (49,1) size 13x12
            RenderText {#text} at (0,-4) size 13x19
              text run at (0,-4) width 13: "&"
        RenderText {#text} at (0,0) size 0x0
      RenderBlock {p} at (0,36) size 784x20
        RenderText {#text} at (0,0) size 248x19
          text run at (0,0) width 248: "Following element should be in italic: "
        RenderMathMLMath {math} at (247,7) size 11x9 [padding: 0 1 0 1]
          RenderBlock {mi} at (1,0) size 9x9
            RenderText {#text} at (0,-7) size 8x19
              text run at (0,-7) width 8: "x"
        RenderText {#text} at (0,0) size 0x0
