layer at (0,0) size 800x600
  RenderView at (0,0) size 800x600
layer at (0,0) size 800x224
  RenderBlock {html} at (0,0) size 800x224
    RenderBody {body} at (8,16) size 784x192
      RenderBlock {p} at (0,0) size 784x28
        RenderText {#text} at (0,5) size 94x19
          text run at (0,5) width 94: "under & over: "
        RenderMathMLMath {math} at (94,0) size 13x28 [padding: 0 1 0 1]
          RenderMathMLUnderOver {munderover} at (1,0) size 11x28
            RenderBlock {mi} at (0,9) size 11x12
              RenderText {#text} at (0,-4) size 10x19
                text run at (0,-4) width 10: "B"
            RenderBlock {mi} at (2,21) size 7x7
              RenderText {#text} at (0,-5) size 6x14
                text run at (0,-5) width 6: "x"
            RenderBlock {mi} at (2,0) size 7x9
              RenderText {#text} at (0,-5) size 6x14
                text run at (0,-5) width 6: "y"
        RenderText {#text} at (0,0) size 0x0
      RenderBlock {p} at (0,44) size 784x30
        RenderText {#text} at (0,5) size 94x19
          text run at (0,5) width 94: "under & over: "
        RenderMathMLMath {math} at (94,0) size 13x30 [padding: 0 1 0 1]
          RenderMathMLUnderOver {munderover} at (1,0) size 11x30
            RenderBlock {mi} at (0,9) size 11x12
              RenderText {#text} at (0,-4) size 10x19
                text run at (0,-4) width 10: "B"
            RenderBlock {mi} at (1,21) size 9x9
              RenderText {#text} at (0,-3) size 8x14
                text run at (0,-3) width 8: "X"
            RenderBlock {mi} at (2,0) size 7x9
              RenderText {#text} at (0,-5) size 6x14
                text run at (0,-5) width 6: "y"
        RenderText {#text} at (0,0) size 0x0
      RenderBlock {p} at (0,90) size 784x43
        RenderText {#text} at (0,15) size 94x19
          text run at (0,15) width 94: "under & over: "
        RenderMathMLMath {math} at (94,0) size 28x43 [padding: 0 1 0 1]
          RenderMathMLUnderOver {munderover} at (1,0) size 26x43
            RenderMathMLOperator {mo} at (4,11) size 18x22
              RenderMathMLBlock (flex) {mo} at (0,0) size 18x22
                RenderBlock (anonymous) at (0,0) size 18x22
                  RenderText {mo} at (0,-7) size 18x33
                    text run at (0,-7) width 18: "\x{2211}"
            RenderMathMLRow {mrow} at (1,33) size 24x10
              RenderBlock {mi} at (0,1) size 5x9
                RenderText {#text} at (0,-3) size 4x14
                  text run at (0,-3) width 4: "i"
              RenderMathMLOperator {mo} at (7,3) size 8x7
                RenderMathMLBlock (flex) {mo} at (0,0) size 8x7
                  RenderBlock (anonymous) at (0,0) size 8x7
                    RenderText {mo} at (0,-7) size 8x17
                      text run at (0,-7) width 8: "="
              RenderBlock {mi} at (17,0) size 7x10
                RenderText {#text} at (0,-2) size 6x14
                  text run at (0,-2) width 6: "0"
            RenderMathMLRow {mrow} at (0,0) size 26x11
              RenderBlock {mi} at (0,2) size 7x7
                RenderText {#text} at (0,-5) size 6x14
                  text run at (0,-5) width 6: "x"
              RenderMathMLOperator {mo} at (9,0) size 8x9
                RenderMathMLBlock (flex) {mo} at (0,0) size 8x9
                  RenderBlock (anonymous) at (0,0) size 8x9
                    RenderText {mo} at (0,-5) size 8x17
                      text run at (0,-5) width 8: "+"
              RenderBlock {mi} at (19,2) size 7x9
                RenderText {#text} at (0,-5) size 6x14
                  text run at (0,-5) width 6: "y"
        RenderText {#text} at (0,0) size 0x0
      RenderBlock {p} at (0,149) size 784x43
        RenderText {#text} at (0,15) size 94x19
          text run at (0,15) width 94: "under & over: "
        RenderMathMLMath {math} at (94,0) size 30x43 [padding: 0 1 0 1]
          RenderMathMLUnderOver {munderover} at (1,0) size 28x43
            RenderMathMLOperator {mo} at (5,11) size 18x22
              RenderMathMLBlock (flex) {mo} at (0,0) size 18x22
                RenderBlock (anonymous) at (0,0) size 18x22
                  RenderText {mo} at (0,-7) size 18x33
                    text run at (0,-7) width 18: "\x{2211}"
            RenderMathMLRow {mrow} at (2,33) size 24x10
              RenderBlock {mi} at (0,1) size 5x9
                RenderText {#text} at (0,-3) size 4x14
                  text run at (0,-3) width 4: "I"
              RenderMathMLOperator {mo} at (7,3) size 8x7
                RenderMathMLBlock (flex) {mo} at (0,0) size 8x7
                  RenderBlock (anonymous) at (0,0) size 8x7
                    RenderText {mo} at (0,-7) size 8x17
                      text run at (0,-7) width 8: "="
              RenderBlock {mi} at (17,0) size 7x10
                RenderText {#text} at (0,-2) size 6x14
                  text run at (0,-2) width 6: "0"
            RenderMathMLRow {mrow} at (0,0) size 28x11
              RenderBlock {mi} at (0,0) size 9x9
                RenderText {#text} at (0,-3) size 8x14
                  text run at (0,-3) width 8: "X"
              RenderMathMLOperator {mo} at (11,0) size 8x9
                RenderMathMLBlock (flex) {mo} at (0,0) size 8x9
                  RenderBlock (anonymous) at (0,0) size 8x9
                    RenderText {mo} at (0,-5) size 8x17
                      text run at (0,-5) width 8: "+"
              RenderBlock {mi} at (21,2) size 7x9
                RenderText {#text} at (0,-5) size 6x14
                  text run at (0,-5) width 6: "y"
        RenderText {#text} at (0,0) size 0x0
