layer at (0,0) size 800x681
  RenderView at (0,0) size 800x600
layer at (0,0) size 800x681
  RenderBlock {HTML} at (0,0) size 800x681
    RenderBody {BODY} at (8,15) size 784x658
      RenderBlock {DIV} at (0,0) size 784x24
        RenderText {#text} at (0,1) size 106x22
          text run at (0,1) width 106: "H1 / Headline"
      RenderBlock {DIV} at (0,39) size 784x39
        RenderText {#text} at (0,0) size 141x39
          text run at (0,0) width 141: "T0 / Title0"
      RenderBlock {DIV} at (0,93) size 784x33
        RenderText {#text} at (0,0) size 107x32
          text run at (0,0) width 107: "T1 / Title1"
      RenderBlock {DIV} at (0,141) size 784x26
        RenderText {#text} at (0,0) size 89x25
          text run at (0,0) width 89: "T2 / Title2"
      RenderBlock {DIV} at (0,182) size 784x26
        RenderText {#text} at (0,0) size 90x25
          text run at (0,0) width 90: "T3 / Title3"
      RenderBlock {DIV} at (0,223) size 784x50
        RenderText {#text} at (0,1) size 187x47
          text run at (0,1) width 187: "T4 / Title4"
      RenderBlock {DIV} at (0,288) size 784x24
        RenderText {#text} at (0,1) size 706x22
          text run at (0,1) width 706: "Body Text: Lorem ipsum dolor sit amet, consectetur adipiscing elit. Quisque ornare ornare mi"
      RenderBlock {DIV} at (0,327) size 784x26
        RenderText {#text} at (0,2) size 736x22
          text run at (0,2) width 736: "Tall Body Text: Lorem ipsum dolor sit amet, consectetur adipiscing elit. Quisque ornare ornare mi"
      RenderBlock {DIV} at (0,368) size 784x22
        RenderText {#text} at (0,1) size 85x19
          text run at (0,1) width 85: "Subheadline"
      RenderBlock {DIV} at (0,405) size 784x20
        RenderText {#text} at (0,1) size 83x17
          text run at (0,1) width 83: "FN / Footnote"
      RenderBlock {DIV} at (0,440) size 784x17
        RenderText {#text} at (0,1) size 96x15
          text run at (0,1) width 96: "Cap 1 / Caption 1"
      RenderBlock {DIV} at (0,472) size 784x14
        RenderText {#text} at (0,0) size 92x14
          text run at (0,0) width 92: "Cap 2 / Caption 2"
      RenderBlock {DIV} at (0,501) size 784x22
        RenderText {#text} at (0,0) size 154x22
          text run at (0,0) width 154: "Short H1 / Headline"
      RenderBlock {DIV} at (0,538) size 784x22
        RenderText {#text} at (0,0) size 753x22
          text run at (0,0) width 753: "Short Body Text: Lorem ipsum dolor sit amet, consectetur adipiscing elit. Quisque ornare ornare mi"
      RenderBlock {DIV} at (0,575) size 784x20
        RenderText {#text} at (0,0) size 127x19
          text run at (0,0) width 127: "Short Subheadline"
      RenderBlock {DIV} at (0,610) size 784x18
        RenderText {#text} at (0,0) size 120x17
          text run at (0,0) width 120: "Short FN / Footnote"
      RenderBlock {DIV} at (0,643) size 784x15
        RenderText {#text} at (0,0) size 130x15
          text run at (0,0) width 130: "Short Cap 1 / Caption 1"
