layer at (0,0) size 800x2467
  RenderView at (0,0) size 800x600
layer at (0,0) size 800x2467
  RenderBlock {HTML} at (0,0) size 800x2468
    RenderBody {BODY} at (8,8) size 784x2444 [bgcolor=#FFDEAD]
      RenderBlock {H1} at (0,0) size 784x76
        RenderInline {FONT} at (0,0) size 475x74 [color=#FF0000]
          RenderText {#text} at (0,1) size 297x36
            text run at (0,1) width 297: "Acceptance Test Case"
          RenderBR {BR} at (296,30) size 1x0
          RenderText {#text} at (0,39) size 475x36
            text run at (0,39) width 475: "Web Browser: Web View (HTML)"
      RenderBlock {P} at (0,97) size 784x31
        RenderInline {FONT} at (0,0) size 357x28 [color=#FF0000]
          RenderInline {B} at (0,0) size 357x28
            RenderText {#text} at (0,1) size 357x28
              text run at (0,1) width 357: "Table: <TH> & <TD> ROWSPAN"
        RenderText {#text} at (0,0) size 0x0
      RenderBlock {HR} at (0,143) size 784x3 [border: (1px inset #000000)]
      RenderBlock (anonymous) at (0,153) size 784x61
        RenderText {#text} at (0,0) size 277x19
          text run at (0,0) width 277: "This acceptance test case tests the optional "
        RenderInline {B} at (0,0) size 43x19
          RenderText {#text} at (276,0) size 43x19
            text run at (276,0) width 43: "<TH>"
        RenderText {#text} at (318,0) size 21x19
          text run at (318,0) width 21: " & "
        RenderInline {B} at (0,0) size 42x19
          RenderText {#text} at (338,0) size 42x19
            text run at (338,0) width 42: "<TD>"
        RenderText {#text} at (379,0) size 28x19
          text run at (379,0) width 28: " tag "
        RenderInline {B} at (0,0) size 83x19
          RenderText {#text} at (406,0) size 83x19
            text run at (406,0) width 83: "ROWSPAN"
        RenderText {#text} at (488,0) size 740x39
          text run at (488,0) width 109: " attribute which, "
          text run at (596,0) width 144: "when placed in a table"
          text run at (0,20) width 564: "header or data tag, specifies how many rows the table header or data cell will span. The "
        RenderInline {B} at (0,0) size 83x19
          RenderText {#text} at (563,20) size 83x19
            text run at (563,20) width 83: "ROWSPAN"
        RenderText {#text} at (645,20) size 775x39
          text run at (645,20) width 130: " attribute is set to an"
          text run at (0,40) width 475: "integer value equal the number of rows the table header or data cell spans."
      RenderBlock {P} at (0,229) size 784x21
        RenderInline {B} at (0,0) size 122x19
          RenderText {#text} at (0,0) size 122x19
            text run at (0,0) width 122: "Test Instructions:"
        RenderText {#text} at (0,0) size 0x0
      RenderBlock {OL} at (0,265) size 784x263
        RenderListItem {LI} at (40,0) size 744x20
          RenderListMarker at (-21,0) size 16x19: "1"
          RenderText {#text} at (0,0) size 511x19
            text run at (0,0) width 511: "Verify that the sample text displays as stated in each of the following test cases:"
        RenderBlock {P} at (40,36) size 744x110
          RenderTable {TABLE} at (0,0) size 533x110 [bgcolor=#F08080]
            RenderTableSection {TBODY} at (0,0) size 533x110
              RenderTableRow {TR} at (0,2) size 533x34
                RenderTableCell {TD} at (2,2) size 97x34 [r=0 c=0 rs=1 cs=1]
                  RenderInline {A} at (0,0) size 83x19 [color=#0000EE]
                    RenderText {#text} at (7,7) size 83x19
                      text run at (7,7) width 83: "Test Case #1"
                RenderTableCell {TD} at (101,2) size 430x34 [r=0 c=1 rs=1 cs=1]
                  RenderInline {FONT} at (0,0) size 317x19 [color=#0000FF]
                    RenderInline {B} at (0,0) size 317x19
                      RenderText {#text} at (7,7) size 317x19
                        text run at (7,7) width 317: "table with header cells spanning multiple rows"
              RenderTableRow {TR} at (0,38) size 533x34
                RenderTableCell {TD} at (2,38) size 97x34 [r=1 c=0 rs=1 cs=1]
                  RenderInline {A} at (0,0) size 83x19 [color=#0000EE]
                    RenderText {#text} at (7,7) size 83x19
                      text run at (7,7) width 83: "Test Case #2"
                RenderTableCell {TD} at (101,38) size 430x34 [r=1 c=1 rs=1 cs=1]
                  RenderInline {FONT} at (0,0) size 300x19 [color=#0000FF]
                    RenderInline {B} at (0,0) size 300x19
                      RenderText {#text} at (7,7) size 300x19
                        text run at (7,7) width 300: "table with data cells spanning multiple rows"
              RenderTableRow {TR} at (0,74) size 533x34
                RenderTableCell {TD} at (2,74) size 97x34 [r=2 c=0 rs=1 cs=1]
                  RenderInline {A} at (0,0) size 83x19 [color=#0000EE]
                    RenderText {#text} at (7,7) size 83x19
                      text run at (7,7) width 83: "Test Case #3"
                RenderTableCell {TD} at (101,74) size 430x34 [r=2 c=1 rs=1 cs=1]
                  RenderInline {FONT} at (0,0) size 416x19 [color=#0000FF]
                    RenderInline {B} at (0,0) size 416x19
                      RenderText {#text} at (7,7) size 416x19
                        text run at (7,7) width 416: "table with nested header & data cells spanning multiple rows"
        RenderBlock {P} at (40,162) size 744x0
        RenderListItem {LI} at (40,162) size 744x20
          RenderListMarker at (-21,0) size 16x19: "2"
          RenderText {#text} at (0,0) size 289x19
            text run at (0,0) width 289: "Verify that the table is maintained when you "
          RenderInline {B} at (0,0) size 135x19
            RenderText {#text} at (288,0) size 135x19
              text run at (288,0) width 135: "minimize/maximize"
          RenderText {#text} at (422,0) size 73x19
            text run at (422,0) width 73: " the screen."
        RenderListItem {LI} at (40,182) size 744x20
          RenderListMarker at (-21,0) size 16x19: "3"
          RenderText {#text} at (0,0) size 289x19
            text run at (0,0) width 289: "Verify that the table is maintained when you "
          RenderInline {B} at (0,0) size 127x19
            RenderText {#text} at (288,0) size 127x19
              text run at (288,0) width 127: "re-size left & right"
          RenderText {#text} at (414,0) size 73x19
            text run at (414,0) width 73: " the screen."
        RenderListItem {LI} at (40,202) size 744x20
          RenderListMarker at (-21,0) size 16x19: "4"
          RenderText {#text} at (0,0) size 289x19
            text run at (0,0) width 289: "Verify that the table is maintained when you "
          RenderInline {B} at (0,0) size 142x19
            RenderText {#text} at (288,0) size 142x19
              text run at (288,0) width 142: "re-size top & bottom"
          RenderText {#text} at (429,0) size 74x19
            text run at (429,0) width 74: " the screen."
        RenderListItem {LI} at (40,222) size 744x20
          RenderListMarker at (-21,0) size 16x19: "5"
          RenderText {#text} at (0,0) size 418x19
            text run at (0,0) width 418: "Verify re-draw takes place correctly after maximizing the screen."
        RenderListItem {LI} at (40,242) size 744x20
          RenderListMarker at (-21,0) size 16x19: "6"
          RenderText {#text} at (0,0) size 133x19
            text run at (0,0) width 133: "Verify reload works."
      RenderBlock {HR} at (0,543) size 784x3 [border: (1px inset #000000)]
      RenderBlock {P} at (0,561) size 784x65
        RenderTable {TABLE} at (0,0) size 666x64 [bgcolor=#F08080] [border: (1px outset #808080)]
          RenderTableSection {TBODY} at (1,1) size 664x62
            RenderTableRow {TR} at (0,2) size 664x58
              RenderTableCell {TH} at (2,2) size 660x58 [border: (1px inset #808080)] [r=0 c=0 rs=1 cs=1]
                RenderInline {A} at (0,0) size 0x0
                RenderText {#text} at (11,11) size 96x19
                  text run at (11,11) width 96: "Test Case #1: "
                RenderInline {FONT} at (0,0) size 317x19 [color=#0000FF]
                  RenderText {#text} at (106,11) size 317x19
                    text run at (106,11) width 317: "table with header cells spanning multiple rows"
                RenderText {#text} at (423,11) size 4x19
                  text run at (423,11) width 4: " "
                RenderInline {FONT} at (0,0) size 630x32
                  RenderInline {I} at (0,0) size 630x32
                    RenderText {#text} at (427,14) size 630x32
                      text run at (427,14) width 214: "(using <TH ROWSPAN=integer value>"
                      text run at (11,31) width 21: "tag)"
                RenderText {#text} at (0,0) size 0x0
      RenderBlock {P} at (0,641) size 784x129
        RenderBlock (anonymous) at (0,0) size 784x20
          RenderBR {BR} at (0,0) size 0x19
        RenderTable {TABLE} at (0,20) size 705x108 [bgcolor=#FFD700] [border: (1px outset #808080)]
          RenderTableSection {TBODY} at (1,1) size 703x106
            RenderTableRow {TR} at (0,2) size 703x102
              RenderTableCell {TD} at (2,2) size 699x102 [border: (1px inset #808080)] [r=0 c=0 rs=1 cs=1]
                RenderInline {FONT} at (0,0) size 673x79 [color=#FF0000]
                  RenderInline {B} at (0,0) size 673x79
                    RenderText {#text} at (11,11) size 361x19
                      text run at (11,11) width 361: "In the following sample table you should see that the "
                    RenderInline {FONT} at (0,0) size 83x19 [color=#0000FF]
                      RenderText {#text} at (371,11) size 83x19
                        text run at (371,11) width 83: "ROWSPAN"
                    RenderText {#text} at (453,11) size 673x39
                      text run at (453,11) width 5: " "
                      text run at (457,11) width 227: "attribute applies an integer value"
                      text run at (11,31) width 222: "equal to the number of rows the "
                    RenderInline {FONT} at (0,0) size 70x19 [color=#0000FF]
                      RenderText {#text} at (232,31) size 70x19
                        text run at (232,31) width 70: "HEADER"
                    RenderText {#text} at (301,31) size 673x59
                      text run at (301,31) width 138: " cell is to span. This "
                      text run at (438,31) width 236: "tells the browser to make the table"
                      text run at (11,51) width 614: "header cell occupy the same vertical space as the integer number of cells specified in rows "
                      text run at (624,51) width 60: "above or"
                      text run at (11,71) width 656: "below it. The browser flows the contents of the spanning cell to occupy the entire spanned space."
      RenderBlock {P} at (0,785) size 784x41
        RenderBR {BR} at (0,0) size 0x19
        RenderBR {BR} at (0,20) size 0x19
      RenderBlock {UL} at (0,841) size 784x285
        RenderTable {TABLE} at (40,0) size 483x284 [border: (1px outset #808080)]
          RenderBlock {CAPTION} at (0,0) size 483x20
            RenderText {#text} at (99,0) size 42x19
              text run at (99,0) width 42: "Table "
            RenderInline {B} at (0,0) size 89x19
              RenderText {#text} at (140,0) size 89x19
                text run at (140,0) width 89: "Header Cells"
            RenderText {#text} at (228,0) size 156x19
              text run at (228,0) width 156: " spanning multiple rows"
          RenderTableSection {TBODY} at (1,21) size 481x262
            RenderTableRow {TR} at (0,2) size 481x24
              RenderTableCell {TH} at (2,5) size 100x44 [bgcolor=#FFE4C4] [border: (1px inset #808080)] [r=0 c=0 rs=2 cs=1]
                RenderText {#text} at (18,2) size 64x19
                  text run at (18,2) width 64: "Header 1"
                RenderBR {BR} at (81,17) size 1x0
                RenderText {#text} at (6,22) size 88x19
                  text run at (6,22) width 88: "span=2 rows"
              RenderTableCell {TD} at (104,2) size 39x24 [bgcolor=#EE82EE] [border: (1px inset #808080)] [r=0 c=1 rs=1 cs=1]
                RenderText {#text} at (2,2) size 32x19
                  text run at (2,2) width 32: "col 1"
              RenderTableCell {TD} at (145,2) size 40x24 [bgcolor=#EE82EE] [border: (1px inset #808080)] [r=0 c=2 rs=1 cs=1]
                RenderText {#text} at (2,2) size 32x19
                  text run at (2,2) width 32: "col 2"
              RenderTableCell {TD} at (187,2) size 40x24 [bgcolor=#EE82EE] [border: (1px inset #808080)] [r=0 c=3 rs=1 cs=1]
                RenderText {#text} at (2,2) size 32x19
                  text run at (2,2) width 32: "col 3"
              RenderTableCell {TD} at (229,2) size 40x24 [bgcolor=#EE82EE] [border: (1px inset #808080)] [r=0 c=4 rs=1 cs=1]
                RenderText {#text} at (2,2) size 32x19
                  text run at (2,2) width 32: "col 4"
              RenderTableCell {TD} at (271,2) size 40x24 [bgcolor=#EE82EE] [border: (1px inset #808080)] [r=0 c=5 rs=1 cs=1]
                RenderText {#text} at (2,2) size 32x19
                  text run at (2,2) width 32: "col 5"
              RenderTableCell {TD} at (313,2) size 40x24 [bgcolor=#EE82EE] [border: (1px inset #808080)] [r=0 c=6 rs=1 cs=1]
                RenderText {#text} at (2,2) size 32x19
                  text run at (2,2) width 32: "col 6"
              RenderTableCell {TD} at (355,2) size 40x24 [bgcolor=#EE82EE] [border: (1px inset #808080)] [r=0 c=7 rs=1 cs=1]
                RenderText {#text} at (2,2) size 32x19
                  text run at (2,2) width 32: "col 7"
              RenderTableCell {TD} at (397,2) size 40x24 [bgcolor=#EE82EE] [border: (1px inset #808080)] [r=0 c=8 rs=1 cs=1]
                RenderText {#text} at (2,2) size 32x19
                  text run at (2,2) width 32: "col 8"
              RenderTableCell {TD} at (439,2) size 40x24 [bgcolor=#EE82EE] [border: (1px inset #808080)] [r=0 c=9 rs=1 cs=1]
                RenderText {#text} at (2,2) size 32x19
                  text run at (2,2) width 32: "col 9"
            RenderTableRow {TR} at (0,28) size 481x24
              RenderTableCell {TD} at (104,28) size 39x24 [bgcolor=#EE82EE] [border: (1px inset #808080)] [r=1 c=1 rs=1 cs=1]
                RenderText {#text} at (2,2) size 32x19
                  text run at (2,2) width 32: "col 1"
              RenderTableCell {TD} at (145,28) size 40x24 [bgcolor=#EE82EE] [border: (1px inset #808080)] [r=1 c=2 rs=1 cs=1]
                RenderText {#text} at (2,2) size 32x19
                  text run at (2,2) width 32: "col 2"
              RenderTableCell {TD} at (187,28) size 40x24 [bgcolor=#EE82EE] [border: (1px inset #808080)] [r=1 c=3 rs=1 cs=1]
                RenderText {#text} at (2,2) size 32x19
                  text run at (2,2) width 32: "col 3"
              RenderTableCell {TD} at (229,28) size 40x24 [bgcolor=#EE82EE] [border: (1px inset #808080)] [r=1 c=4 rs=1 cs=1]
                RenderText {#text} at (2,2) size 32x19
                  text run at (2,2) width 32: "col 4"
              RenderTableCell {TD} at (271,28) size 40x24 [bgcolor=#EE82EE] [border: (1px inset #808080)] [r=1 c=5 rs=1 cs=1]
                RenderText {#text} at (2,2) size 32x19
                  text run at (2,2) width 32: "col 5"
              RenderTableCell {TD} at (313,28) size 40x24 [bgcolor=#EE82EE] [border: (1px inset #808080)] [r=1 c=6 rs=1 cs=1]
                RenderText {#text} at (2,2) size 32x19
                  text run at (2,2) width 32: "col 6"
              RenderTableCell {TD} at (355,28) size 40x24 [bgcolor=#EE82EE] [border: (1px inset #808080)] [r=1 c=7 rs=1 cs=1]
                RenderText {#text} at (2,2) size 32x19
                  text run at (2,2) width 32: "col 7"
              RenderTableCell {TD} at (397,28) size 40x24 [bgcolor=#EE82EE] [border: (1px inset #808080)] [r=1 c=8 rs=1 cs=1]
                RenderText {#text} at (2,2) size 32x19
                  text run at (2,2) width 32: "col 8"
              RenderTableCell {TD} at (439,28) size 40x24 [bgcolor=#EE82EE] [border: (1px inset #808080)] [r=1 c=9 rs=1 cs=1]
                RenderText {#text} at (2,2) size 32x19
                  text run at (2,2) width 32: "col 9"
            RenderTableRow {TR} at (0,54) size 481x24
              RenderTableCell {TH} at (2,96) size 100x44 [bgcolor=#FFE4C4] [border: (1px inset #808080)] [r=2 c=0 rs=5 cs=1]
                RenderText {#text} at (18,2) size 64x19
                  text run at (18,2) width 64: "Header 2"
                RenderBR {BR} at (81,17) size 1x0
                RenderText {#text} at (6,22) size 88x19
                  text run at (6,22) width 88: "span=5 rows"
              RenderTableCell {TD} at (104,54) size 39x24 [bgcolor=#90EE90] [border: (1px inset #808080)] [r=2 c=1 rs=1 cs=1]
                RenderText {#text} at (2,2) size 32x19
                  text run at (2,2) width 32: "col 1"
              RenderTableCell {TD} at (145,54) size 40x24 [bgcolor=#90EE90] [border: (1px inset #808080)] [r=2 c=2 rs=1 cs=1]
                RenderText {#text} at (2,2) size 32x19
                  text run at (2,2) width 32: "col 2"
              RenderTableCell {TD} at (187,54) size 40x24 [bgcolor=#90EE90] [border: (1px inset #808080)] [r=2 c=3 rs=1 cs=1]
                RenderText {#text} at (2,2) size 32x19
                  text run at (2,2) width 32: "col 3"
              RenderTableCell {TD} at (229,54) size 40x24 [bgcolor=#90EE90] [border: (1px inset #808080)] [r=2 c=4 rs=1 cs=1]
                RenderText {#text} at (2,2) size 32x19
                  text run at (2,2) width 32: "col 4"
              RenderTableCell {TD} at (271,54) size 40x24 [bgcolor=#90EE90] [border: (1px inset #808080)] [r=2 c=5 rs=1 cs=1]
                RenderText {#text} at (2,2) size 32x19
                  text run at (2,2) width 32: "col 5"
              RenderTableCell {TD} at (313,54) size 40x24 [bgcolor=#90EE90] [border: (1px inset #808080)] [r=2 c=6 rs=1 cs=1]
                RenderText {#text} at (2,2) size 32x19
                  text run at (2,2) width 32: "col 6"
              RenderTableCell {TD} at (355,54) size 40x24 [bgcolor=#90EE90] [border: (1px inset #808080)] [r=2 c=7 rs=1 cs=1]
                RenderText {#text} at (2,2) size 32x19
                  text run at (2,2) width 32: "col 7"
              RenderTableCell {TD} at (397,54) size 40x24 [bgcolor=#90EE90] [border: (1px inset #808080)] [r=2 c=8 rs=1 cs=1]
                RenderText {#text} at (2,2) size 32x19
                  text run at (2,2) width 32: "col 8"
              RenderTableCell {TD} at (439,54) size 40x24 [bgcolor=#90EE90] [border: (1px inset #808080)] [r=2 c=9 rs=1 cs=1]
                RenderText {#text} at (2,2) size 32x19
                  text run at (2,2) width 32: "col 9"
            RenderTableRow {TR} at (0,80) size 481x24
              RenderTableCell {TD} at (104,80) size 39x24 [bgcolor=#90EE90] [border: (1px inset #808080)] [r=3 c=1 rs=1 cs=1]
                RenderText {#text} at (2,2) size 32x19
                  text run at (2,2) width 32: "col 1"
              RenderTableCell {TD} at (145,80) size 40x24 [bgcolor=#90EE90] [border: (1px inset #808080)] [r=3 c=2 rs=1 cs=1]
                RenderText {#text} at (2,2) size 32x19
                  text run at (2,2) width 32: "col 2"
              RenderTableCell {TD} at (187,80) size 40x24 [bgcolor=#90EE90] [border: (1px inset #808080)] [r=3 c=3 rs=1 cs=1]
                RenderText {#text} at (2,2) size 32x19
                  text run at (2,2) width 32: "col 3"
              RenderTableCell {TD} at (229,80) size 40x24 [bgcolor=#90EE90] [border: (1px inset #808080)] [r=3 c=4 rs=1 cs=1]
                RenderText {#text} at (2,2) size 32x19
                  text run at (2,2) width 32: "col 4"
              RenderTableCell {TD} at (271,80) size 40x24 [bgcolor=#90EE90] [border: (1px inset #808080)] [r=3 c=5 rs=1 cs=1]
                RenderText {#text} at (2,2) size 32x19
                  text run at (2,2) width 32: "col 5"
              RenderTableCell {TD} at (313,80) size 40x24 [bgcolor=#90EE90] [border: (1px inset #808080)] [r=3 c=6 rs=1 cs=1]
                RenderText {#text} at (2,2) size 32x19
                  text run at (2,2) width 32: "col 6"
              RenderTableCell {TD} at (355,80) size 40x24 [bgcolor=#90EE90] [border: (1px inset #808080)] [r=3 c=7 rs=1 cs=1]
                RenderText {#text} at (2,2) size 32x19
                  text run at (2,2) width 32: "col 7"
              RenderTableCell {TD} at (397,80) size 40x24 [bgcolor=#90EE90] [border: (1px inset #808080)] [r=3 c=8 rs=1 cs=1]
                RenderText {#text} at (2,2) size 32x19
                  text run at (2,2) width 32: "col 8"
              RenderTableCell {TD} at (439,80) size 40x24 [bgcolor=#90EE90] [border: (1px inset #808080)] [r=3 c=9 rs=1 cs=1]
                RenderText {#text} at (2,2) size 32x19
                  text run at (2,2) width 32: "col 9"
            RenderTableRow {TR} at (0,106) size 481x24 [bgcolor=#FFE4C4]
              RenderTableCell {TD} at (104,106) size 39x24 [bgcolor=#90EE90] [border: (1px inset #808080)] [r=4 c=1 rs=1 cs=1]
                RenderText {#text} at (2,2) size 32x19
                  text run at (2,2) width 32: "col 1"
              RenderTableCell {TD} at (145,106) size 40x24 [bgcolor=#90EE90] [border: (1px inset #808080)] [r=4 c=2 rs=1 cs=1]
                RenderText {#text} at (2,2) size 32x19
                  text run at (2,2) width 32: "col 2"
              RenderTableCell {TD} at (187,106) size 40x24 [bgcolor=#90EE90] [border: (1px inset #808080)] [r=4 c=3 rs=1 cs=1]
                RenderText {#text} at (2,2) size 32x19
                  text run at (2,2) width 32: "col 3"
              RenderTableCell {TD} at (229,106) size 40x24 [bgcolor=#90EE90] [border: (1px inset #808080)] [r=4 c=4 rs=1 cs=1]
                RenderText {#text} at (2,2) size 32x19
                  text run at (2,2) width 32: "col 4"
              RenderTableCell {TD} at (271,106) size 40x24 [bgcolor=#90EE90] [border: (1px inset #808080)] [r=4 c=5 rs=1 cs=1]
                RenderText {#text} at (2,2) size 32x19
                  text run at (2,2) width 32: "col 5"
              RenderTableCell {TD} at (313,106) size 40x24 [bgcolor=#90EE90] [border: (1px inset #808080)] [r=4 c=6 rs=1 cs=1]
                RenderText {#text} at (2,2) size 32x19
                  text run at (2,2) width 32: "col 6"
              RenderTableCell {TD} at (355,106) size 40x24 [bgcolor=#90EE90] [border: (1px inset #808080)] [r=4 c=7 rs=1 cs=1]
                RenderText {#text} at (2,2) size 32x19
                  text run at (2,2) width 32: "col 7"
              RenderTableCell {TD} at (397,106) size 40x24 [bgcolor=#90EE90] [border: (1px inset #808080)] [r=4 c=8 rs=1 cs=1]
                RenderText {#text} at (2,2) size 32x19
                  text run at (2,2) width 32: "col 8"
              RenderTableCell {TD} at (439,106) size 40x24 [bgcolor=#90EE90] [border: (1px inset #808080)] [r=4 c=9 rs=1 cs=1]
                RenderText {#text} at (2,2) size 32x19
                  text run at (2,2) width 32: "col 9"
            RenderTableRow {TR} at (0,132) size 481x24
              RenderTableCell {TD} at (104,132) size 39x24 [bgcolor=#90EE90] [border: (1px inset #808080)] [r=5 c=1 rs=1 cs=1]
                RenderText {#text} at (2,2) size 32x19
                  text run at (2,2) width 32: "col 1"
              RenderTableCell {TD} at (145,132) size 40x24 [bgcolor=#90EE90] [border: (1px inset #808080)] [r=5 c=2 rs=1 cs=1]
                RenderText {#text} at (2,2) size 32x19
                  text run at (2,2) width 32: "col 2"
              RenderTableCell {TD} at (187,132) size 40x24 [bgcolor=#90EE90] [border: (1px inset #808080)] [r=5 c=3 rs=1 cs=1]
                RenderText {#text} at (2,2) size 32x19
                  text run at (2,2) width 32: "col 3"
              RenderTableCell {TD} at (229,132) size 40x24 [bgcolor=#90EE90] [border: (1px inset #808080)] [r=5 c=4 rs=1 cs=1]
                RenderText {#text} at (2,2) size 32x19
                  text run at (2,2) width 32: "col 4"
              RenderTableCell {TD} at (271,132) size 40x24 [bgcolor=#90EE90] [border: (1px inset #808080)] [r=5 c=5 rs=1 cs=1]
                RenderText {#text} at (2,2) size 32x19
                  text run at (2,2) width 32: "col 5"
              RenderTableCell {TD} at (313,132) size 40x24 [bgcolor=#90EE90] [border: (1px inset #808080)] [r=5 c=6 rs=1 cs=1]
                RenderText {#text} at (2,2) size 32x19
                  text run at (2,2) width 32: "col 6"
              RenderTableCell {TD} at (355,132) size 40x24 [bgcolor=#90EE90] [border: (1px inset #808080)] [r=5 c=7 rs=1 cs=1]
                RenderText {#text} at (2,2) size 32x19
                  text run at (2,2) width 32: "col 7"
              RenderTableCell {TD} at (397,132) size 40x24 [bgcolor=#90EE90] [border: (1px inset #808080)] [r=5 c=8 rs=1 cs=1]
                RenderText {#text} at (2,2) size 32x19
                  text run at (2,2) width 32: "col 8"
              RenderTableCell {TD} at (439,132) size 40x24 [bgcolor=#90EE90] [border: (1px inset #808080)] [r=5 c=9 rs=1 cs=1]
                RenderText {#text} at (2,2) size 32x19
                  text run at (2,2) width 32: "col 9"
            RenderTableRow {TR} at (0,158) size 481x24
              RenderTableCell {TD} at (104,158) size 39x24 [bgcolor=#90EE90] [border: (1px inset #808080)] [r=6 c=1 rs=1 cs=1]
                RenderText {#text} at (2,2) size 32x19
                  text run at (2,2) width 32: "col 1"
              RenderTableCell {TD} at (145,158) size 40x24 [bgcolor=#90EE90] [border: (1px inset #808080)] [r=6 c=2 rs=1 cs=1]
                RenderText {#text} at (2,2) size 32x19
                  text run at (2,2) width 32: "col 2"
              RenderTableCell {TD} at (187,158) size 40x24 [bgcolor=#90EE90] [border: (1px inset #808080)] [r=6 c=3 rs=1 cs=1]
                RenderText {#text} at (2,2) size 32x19
                  text run at (2,2) width 32: "col 3"
              RenderTableCell {TD} at (229,158) size 40x24 [bgcolor=#90EE90] [border: (1px inset #808080)] [r=6 c=4 rs=1 cs=1]
                RenderText {#text} at (2,2) size 32x19
                  text run at (2,2) width 32: "col 4"
              RenderTableCell {TD} at (271,158) size 40x24 [bgcolor=#90EE90] [border: (1px inset #808080)] [r=6 c=5 rs=1 cs=1]
                RenderText {#text} at (2,2) size 32x19
                  text run at (2,2) width 32: "col 5"
              RenderTableCell {TD} at (313,158) size 40x24 [bgcolor=#90EE90] [border: (1px inset #808080)] [r=6 c=6 rs=1 cs=1]
                RenderText {#text} at (2,2) size 32x19
                  text run at (2,2) width 32: "col 6"
              RenderTableCell {TD} at (355,158) size 40x24 [bgcolor=#90EE90] [border: (1px inset #808080)] [r=6 c=7 rs=1 cs=1]
                RenderText {#text} at (2,2) size 32x19
                  text run at (2,2) width 32: "col 7"
              RenderTableCell {TD} at (397,158) size 40x24 [bgcolor=#90EE90] [border: (1px inset #808080)] [r=6 c=8 rs=1 cs=1]
                RenderText {#text} at (2,2) size 32x19
                  text run at (2,2) width 32: "col 8"
              RenderTableCell {TD} at (439,158) size 40x24 [bgcolor=#90EE90] [border: (1px inset #808080)] [r=6 c=9 rs=1 cs=1]
                RenderText {#text} at (2,2) size 32x19
                  text run at (2,2) width 32: "col 9"
            RenderTableRow {TR} at (0,184) size 481x24
              RenderTableCell {TH} at (2,200) size 100x44 [bgcolor=#FFE4C4] [border: (1px inset #808080)] [r=7 c=0 rs=3 cs=1]
                RenderText {#text} at (18,2) size 64x19
                  text run at (18,2) width 64: "Header 3"
                RenderBR {BR} at (81,17) size 1x0
                RenderText {#text} at (6,22) size 88x19
                  text run at (6,22) width 88: "span=3 rows"
              RenderTableCell {TD} at (104,184) size 39x24 [bgcolor=#ADD8E6] [border: (1px inset #808080)] [r=7 c=1 rs=1 cs=1]
                RenderText {#text} at (2,2) size 32x19
                  text run at (2,2) width 32: "col 1"
              RenderTableCell {TD} at (145,184) size 40x24 [bgcolor=#ADD8E6] [border: (1px inset #808080)] [r=7 c=2 rs=1 cs=1]
                RenderText {#text} at (2,2) size 32x19
                  text run at (2,2) width 32: "col 2"
              RenderTableCell {TD} at (187,184) size 40x24 [bgcolor=#ADD8E6] [border: (1px inset #808080)] [r=7 c=3 rs=1 cs=1]
                RenderText {#text} at (2,2) size 32x19
                  text run at (2,2) width 32: "col 3"
              RenderTableCell {TD} at (229,184) size 40x24 [bgcolor=#ADD8E6] [border: (1px inset #808080)] [r=7 c=4 rs=1 cs=1]
                RenderText {#text} at (2,2) size 32x19
                  text run at (2,2) width 32: "col 4"
              RenderTableCell {TD} at (271,184) size 40x24 [bgcolor=#ADD8E6] [border: (1px inset #808080)] [r=7 c=5 rs=1 cs=1]
                RenderText {#text} at (2,2) size 32x19
                  text run at (2,2) width 32: "col 5"
              RenderTableCell {TD} at (313,184) size 40x24 [bgcolor=#ADD8E6] [border: (1px inset #808080)] [r=7 c=6 rs=1 cs=1]
                RenderText {#text} at (2,2) size 32x19
                  text run at (2,2) width 32: "col 6"
              RenderTableCell {TD} at (355,184) size 40x24 [bgcolor=#ADD8E6] [border: (1px inset #808080)] [r=7 c=7 rs=1 cs=1]
                RenderText {#text} at (2,2) size 32x19
                  text run at (2,2) width 32: "col 7"
              RenderTableCell {TD} at (397,184) size 40x24 [bgcolor=#ADD8E6] [border: (1px inset #808080)] [r=7 c=8 rs=1 cs=1]
                RenderText {#text} at (2,2) size 32x19
                  text run at (2,2) width 32: "col 8"
              RenderTableCell {TD} at (439,184) size 40x24 [bgcolor=#ADD8E6] [border: (1px inset #808080)] [r=7 c=9 rs=1 cs=1]
                RenderText {#text} at (2,2) size 32x19
                  text run at (2,2) width 32: "col 9"
            RenderTableRow {TR} at (0,210) size 481x24
              RenderTableCell {TD} at (104,210) size 39x24 [bgcolor=#ADD8E6] [border: (1px inset #808080)] [r=8 c=1 rs=1 cs=1]
                RenderText {#text} at (2,2) size 32x19
                  text run at (2,2) width 32: "col 1"
              RenderTableCell {TD} at (145,210) size 40x24 [bgcolor=#ADD8E6] [border: (1px inset #808080)] [r=8 c=2 rs=1 cs=1]
                RenderText {#text} at (2,2) size 32x19
                  text run at (2,2) width 32: "col 2"
              RenderTableCell {TD} at (187,210) size 40x24 [bgcolor=#ADD8E6] [border: (1px inset #808080)] [r=8 c=3 rs=1 cs=1]
                RenderText {#text} at (2,2) size 32x19
                  text run at (2,2) width 32: "col 3"
              RenderTableCell {TD} at (229,210) size 40x24 [bgcolor=#ADD8E6] [border: (1px inset #808080)] [r=8 c=4 rs=1 cs=1]
                RenderText {#text} at (2,2) size 32x19
                  text run at (2,2) width 32: "col 4"
              RenderTableCell {TD} at (271,210) size 40x24 [bgcolor=#ADD8E6] [border: (1px inset #808080)] [r=8 c=5 rs=1 cs=1]
                RenderText {#text} at (2,2) size 32x19
                  text run at (2,2) width 32: "col 5"
              RenderTableCell {TD} at (313,210) size 40x24 [bgcolor=#ADD8E6] [border: (1px inset #808080)] [r=8 c=6 rs=1 cs=1]
                RenderText {#text} at (2,2) size 32x19
                  text run at (2,2) width 32: "col 6"
              RenderTableCell {TD} at (355,210) size 40x24 [bgcolor=#ADD8E6] [border: (1px inset #808080)] [r=8 c=7 rs=1 cs=1]
                RenderText {#text} at (2,2) size 32x19
                  text run at (2,2) width 32: "col 7"
              RenderTableCell {TD} at (397,210) size 40x24 [bgcolor=#ADD8E6] [border: (1px inset #808080)] [r=8 c=8 rs=1 cs=1]
                RenderText {#text} at (2,2) size 32x19
                  text run at (2,2) width 32: "col 8"
              RenderTableCell {TD} at (439,210) size 40x24 [bgcolor=#ADD8E6] [border: (1px inset #808080)] [r=8 c=9 rs=1 cs=1]
                RenderText {#text} at (2,2) size 32x19
                  text run at (2,2) width 32: "col 9"
            RenderTableRow {TR} at (0,236) size 481x24
              RenderTableCell {TD} at (104,236) size 39x24 [bgcolor=#ADD8E6] [border: (1px inset #808080)] [r=9 c=1 rs=1 cs=1]
                RenderText {#text} at (2,2) size 32x19
                  text run at (2,2) width 32: "col 1"
              RenderTableCell {TD} at (145,236) size 40x24 [bgcolor=#ADD8E6] [border: (1px inset #808080)] [r=9 c=2 rs=1 cs=1]
                RenderText {#text} at (2,2) size 32x19
                  text run at (2,2) width 32: "col 2"
              RenderTableCell {TD} at (187,236) size 40x24 [bgcolor=#ADD8E6] [border: (1px inset #808080)] [r=9 c=3 rs=1 cs=1]
                RenderText {#text} at (2,2) size 32x19
                  text run at (2,2) width 32: "col 3"
              RenderTableCell {TD} at (229,236) size 40x24 [bgcolor=#ADD8E6] [border: (1px inset #808080)] [r=9 c=4 rs=1 cs=1]
                RenderText {#text} at (2,2) size 32x19
                  text run at (2,2) width 32: "col 4"
              RenderTableCell {TD} at (271,236) size 40x24 [bgcolor=#ADD8E6] [border: (1px inset #808080)] [r=9 c=5 rs=1 cs=1]
                RenderText {#text} at (2,2) size 32x19
                  text run at (2,2) width 32: "col 5"
              RenderTableCell {TD} at (313,236) size 40x24 [bgcolor=#ADD8E6] [border: (1px inset #808080)] [r=9 c=6 rs=1 cs=1]
                RenderText {#text} at (2,2) size 32x19
                  text run at (2,2) width 32: "col 6"
              RenderTableCell {TD} at (355,236) size 40x24 [bgcolor=#ADD8E6] [border: (1px inset #808080)] [r=9 c=7 rs=1 cs=1]
                RenderText {#text} at (2,2) size 32x19
                  text run at (2,2) width 32: "col 7"
              RenderTableCell {TD} at (397,236) size 40x24 [bgcolor=#ADD8E6] [border: (1px inset #808080)] [r=9 c=8 rs=1 cs=1]
                RenderText {#text} at (2,2) size 32x19
                  text run at (2,2) width 32: "col 8"
              RenderTableCell {TD} at (439,236) size 40x24 [bgcolor=#ADD8E6] [border: (1px inset #808080)] [r=9 c=9 rs=1 cs=1]
                RenderText {#text} at (2,2) size 32x19
                  text run at (2,2) width 32: "col 9"
      RenderBlock {P} at (0,1141) size 784x1
      RenderBlock {HR} at (0,1141) size 784x3 [border: (1px inset #000000)]
      RenderBlock {P} at (0,1159) size 784x49
        RenderTable {TABLE} at (0,0) size 666x48 [bgcolor=#F08080] [border: (1px outset #808080)]
          RenderTableSection {TBODY} at (1,1) size 664x46
            RenderTableRow {TR} at (0,2) size 664x42
              RenderTableCell {TH} at (2,2) size 660x42 [border: (1px inset #808080)] [r=0 c=0 rs=1 cs=1]
                RenderInline {A} at (0,0) size 0x0
                RenderText {#text} at (11,11) size 96x19
                  text run at (11,11) width 96: "Test Case #2: "
                RenderInline {FONT} at (0,0) size 301x19 [color=#0000FF]
                  RenderText {#text} at (106,11) size 301x19
                    text run at (106,11) width 301: "table with data cells spanning multiple rows"
                RenderText {#text} at (406,11) size 5x19
                  text run at (406,11) width 5: " "
                RenderInline {FONT} at (0,0) size 237x15
                  RenderInline {I} at (0,0) size 237x15
                    RenderText {#text} at (410,14) size 237x15
                      text run at (410,14) width 237: "(using <TD ROWSPAN=integer value> tag)"
                RenderText {#text} at (0,0) size 0x0
      RenderBlock {P} at (0,1223) size 784x129
        RenderBlock (anonymous) at (0,0) size 784x20
          RenderBR {BR} at (0,0) size 0x19
        RenderTable {TABLE} at (0,20) size 705x108 [bgcolor=#FFD700] [border: (1px outset #808080)]
          RenderTableSection {TBODY} at (1,1) size 703x106
            RenderTableRow {TR} at (0,2) size 703x102
              RenderTableCell {TD} at (2,2) size 699x102 [border: (1px inset #808080)] [r=0 c=0 rs=1 cs=1]
                RenderInline {FONT} at (0,0) size 674x79 [color=#FF0000]
                  RenderInline {B} at (0,0) size 674x79
                    RenderText {#text} at (11,11) size 361x19
                      text run at (11,11) width 361: "In the following sample table you should see that the "
                    RenderInline {FONT} at (0,0) size 83x19 [color=#0000FF]
                      RenderText {#text} at (371,11) size 83x19
                        text run at (371,11) width 83: "ROWSPAN"
                    RenderText {#text} at (453,11) size 673x39
                      text run at (453,11) width 5: " "
                      text run at (457,11) width 227: "attribute applies an integer value"
                      text run at (11,31) width 222: "equal to the number of rows the "
                    RenderInline {FONT} at (0,0) size 47x19 [color=#0000FF]
                      RenderText {#text} at (232,31) size 47x19
                        text run at (232,31) width 47: "DATA"
                    RenderText {#text} at (278,31) size 674x59
                      text run at (278,31) width 138: " cell is to span. This "
                      text run at (415,31) width 270: "tells the browser to make the table data"
                      text run at (11,51) width 563: "cell occupy the same vertical space as the integer number of cells specified in rows "
                      text run at (573,51) width 104: "above or below"
                      text run at (11,71) width 612: "it. The browser flows the contents of the spanning cell to occupy the entire spanned space."
      RenderBlock {P} at (0,1367) size 784x41
        RenderBR {BR} at (0,0) size 0x19
        RenderBR {BR} at (0,20) size 0x19
      RenderBlock {UL} at (0,1423) size 784x285
        RenderTable {TABLE} at (40,0) size 483x284 [border: (1px outset #808080)]
          RenderBlock {CAPTION} at (0,0) size 483x20
            RenderText {#text} at (108,0) size 42x19
              text run at (108,0) width 42: "Table "
            RenderInline {B} at (0,0) size 71x19
              RenderText {#text} at (149,0) size 71x19
                text run at (149,0) width 71: "Data Cells"
            RenderText {#text} at (219,0) size 156x19
              text run at (219,0) width 156: " spanning multiple rows"
          RenderTableSection {TBODY} at (1,21) size 481x262
            RenderTableRow {TR} at (0,2) size 481x24
              RenderTableCell {TH} at (2,2) size 41x24 [bgcolor=#EE82EE] [border: (1px inset #808080)] [r=0 c=0 rs=1 cs=1]
                RenderText {#text} at (2,2) size 37x19
                  text run at (2,2) width 37: "Head"
              RenderTableCell {TD} at (45,5) size 87x44 [bgcolor=#FFFACD] [border: (1px inset #808080)] [r=0 c=1 rs=2 cs=1]
                RenderText {#text} at (2,2) size 43x19
                  text run at (2,2) width 43: "Data 1"
                RenderBR {BR} at (44,17) size 1x0
                RenderText {#text} at (2,22) size 82x19
                  text run at (2,22) width 82: "span=2 rows"
              RenderTableCell {TD} at (134,2) size 36x24 [bgcolor=#EE82EE] [border: (1px inset #808080)] [r=0 c=2 rs=1 cs=1]
                RenderText {#text} at (2,2) size 32x19
                  text run at (2,2) width 32: "col 1"
              RenderTableCell {TD} at (172,2) size 36x24 [bgcolor=#EE82EE] [border: (1px inset #808080)] [r=0 c=3 rs=1 cs=1]
                RenderText {#text} at (2,2) size 32x19
                  text run at (2,2) width 32: "col 2"
              RenderTableCell {TD} at (210,2) size 36x24 [bgcolor=#EE82EE] [border: (1px inset #808080)] [r=0 c=4 rs=1 cs=1]
                RenderText {#text} at (2,2) size 32x19
                  text run at (2,2) width 32: "col 3"
              RenderTableCell {TD} at (248,2) size 36x24 [bgcolor=#EE82EE] [border: (1px inset #808080)] [r=0 c=5 rs=1 cs=1]
                RenderText {#text} at (2,2) size 32x19
                  text run at (2,2) width 32: "col 4"
              RenderTableCell {TD} at (286,2) size 37x24 [bgcolor=#EE82EE] [border: (1px inset #808080)] [r=0 c=6 rs=1 cs=1]
                RenderText {#text} at (2,2) size 32x19
                  text run at (2,2) width 32: "col 5"
              RenderTableCell {TD} at (325,2) size 37x24 [bgcolor=#EE82EE] [border: (1px inset #808080)] [r=0 c=7 rs=1 cs=1]
                RenderText {#text} at (2,2) size 32x19
                  text run at (2,2) width 32: "col 6"
              RenderTableCell {TD} at (364,2) size 37x24 [bgcolor=#EE82EE] [border: (1px inset #808080)] [r=0 c=8 rs=1 cs=1]
                RenderText {#text} at (2,2) size 32x19
                  text run at (2,2) width 32: "col 7"
              RenderTableCell {TD} at (403,2) size 37x24 [bgcolor=#EE82EE] [border: (1px inset #808080)] [r=0 c=9 rs=1 cs=1]
                RenderText {#text} at (2,2) size 32x19
                  text run at (2,2) width 32: "col 8"
              RenderTableCell {TD} at (442,2) size 37x24 [bgcolor=#EE82EE] [border: (1px inset #808080)] [r=0 c=10 rs=1 cs=1]
                RenderText {#text} at (2,2) size 32x19
                  text run at (2,2) width 32: "col 9"
            RenderTableRow {TR} at (0,28) size 481x24
              RenderTableCell {TH} at (2,28) size 41x24 [bgcolor=#EE82EE] [border: (1px inset #808080)] [r=1 c=0 rs=1 cs=1]
                RenderText {#text} at (2,2) size 37x19
                  text run at (2,2) width 37: "Head"
              RenderTableCell {TD} at (134,28) size 36x24 [bgcolor=#EE82EE] [border: (1px inset #808080)] [r=1 c=2 rs=1 cs=1]
                RenderText {#text} at (2,2) size 32x19
                  text run at (2,2) width 32: "col 1"
              RenderTableCell {TD} at (172,28) size 36x24 [bgcolor=#EE82EE] [border: (1px inset #808080)] [r=1 c=3 rs=1 cs=1]
                RenderText {#text} at (2,2) size 32x19
                  text run at (2,2) width 32: "col 2"
              RenderTableCell {TD} at (210,28) size 36x24 [bgcolor=#EE82EE] [border: (1px inset #808080)] [r=1 c=4 rs=1 cs=1]
                RenderText {#text} at (2,2) size 32x19
                  text run at (2,2) width 32: "col 3"
              RenderTableCell {TD} at (248,28) size 36x24 [bgcolor=#EE82EE] [border: (1px inset #808080)] [r=1 c=5 rs=1 cs=1]
                RenderText {#text} at (2,2) size 32x19
                  text run at (2,2) width 32: "col 4"
              RenderTableCell {TD} at (286,28) size 37x24 [bgcolor=#EE82EE] [border: (1px inset #808080)] [r=1 c=6 rs=1 cs=1]
                RenderText {#text} at (2,2) size 32x19
                  text run at (2,2) width 32: "col 5"
              RenderTableCell {TD} at (325,28) size 37x24 [bgcolor=#EE82EE] [border: (1px inset #808080)] [r=1 c=7 rs=1 cs=1]
                RenderText {#text} at (2,2) size 32x19
                  text run at (2,2) width 32: "col 6"
              RenderTableCell {TD} at (364,28) size 37x24 [bgcolor=#EE82EE] [border: (1px inset #808080)] [r=1 c=8 rs=1 cs=1]
                RenderText {#text} at (2,2) size 32x19
                  text run at (2,2) width 32: "col 7"
              RenderTableCell {TD} at (403,28) size 37x24 [bgcolor=#EE82EE] [border: (1px inset #808080)] [r=1 c=9 rs=1 cs=1]
                RenderText {#text} at (2,2) size 32x19
                  text run at (2,2) width 32: "col 8"
              RenderTableCell {TD} at (442,28) size 37x24 [bgcolor=#EE82EE] [border: (1px inset #808080)] [r=1 c=10 rs=1 cs=1]
                RenderText {#text} at (2,2) size 32x19
                  text run at (2,2) width 32: "col 9"
            RenderTableRow {TR} at (0,54) size 481x24
              RenderTableCell {TH} at (2,54) size 41x24 [bgcolor=#90EE90] [border: (1px inset #808080)] [r=2 c=0 rs=1 cs=1]
                RenderText {#text} at (2,2) size 37x19
                  text run at (2,2) width 37: "Head"
              RenderTableCell {TD} at (45,96) size 87x44 [bgcolor=#FFFACD] [border: (1px inset #808080)] [r=2 c=1 rs=5 cs=1]
                RenderText {#text} at (2,2) size 43x19
                  text run at (2,2) width 43: "Data 2"
                RenderBR {BR} at (44,17) size 1x0
                RenderText {#text} at (2,22) size 82x19
                  text run at (2,22) width 82: "span=5 rows"
              RenderTableCell {TD} at (134,54) size 36x24 [bgcolor=#90EE90] [border: (1px inset #808080)] [r=2 c=2 rs=1 cs=1]
                RenderText {#text} at (2,2) size 32x19
                  text run at (2,2) width 32: "col 1"
              RenderTableCell {TD} at (172,54) size 36x24 [bgcolor=#90EE90] [border: (1px inset #808080)] [r=2 c=3 rs=1 cs=1]
                RenderText {#text} at (2,2) size 32x19
                  text run at (2,2) width 32: "col 2"
              RenderTableCell {TD} at (210,54) size 36x24 [bgcolor=#90EE90] [border: (1px inset #808080)] [r=2 c=4 rs=1 cs=1]
                RenderText {#text} at (2,2) size 32x19
                  text run at (2,2) width 32: "col 3"
              RenderTableCell {TD} at (248,54) size 36x24 [bgcolor=#90EE90] [border: (1px inset #808080)] [r=2 c=5 rs=1 cs=1]
                RenderText {#text} at (2,2) size 32x19
                  text run at (2,2) width 32: "col 4"
              RenderTableCell {TD} at (286,54) size 37x24 [bgcolor=#90EE90] [border: (1px inset #808080)] [r=2 c=6 rs=1 cs=1]
                RenderText {#text} at (2,2) size 32x19
                  text run at (2,2) width 32: "col 5"
              RenderTableCell {TD} at (325,54) size 37x24 [bgcolor=#90EE90] [border: (1px inset #808080)] [r=2 c=7 rs=1 cs=1]
                RenderText {#text} at (2,2) size 32x19
                  text run at (2,2) width 32: "col 6"
              RenderTableCell {TD} at (364,54) size 37x24 [bgcolor=#90EE90] [border: (1px inset #808080)] [r=2 c=8 rs=1 cs=1]
                RenderText {#text} at (2,2) size 32x19
                  text run at (2,2) width 32: "col 7"
              RenderTableCell {TD} at (403,54) size 37x24 [bgcolor=#90EE90] [border: (1px inset #808080)] [r=2 c=9 rs=1 cs=1]
                RenderText {#text} at (2,2) size 32x19
                  text run at (2,2) width 32: "col 8"
              RenderTableCell {TD} at (442,54) size 37x24 [bgcolor=#90EE90] [border: (1px inset #808080)] [r=2 c=10 rs=1 cs=1]
                RenderText {#text} at (2,2) size 32x19
                  text run at (2,2) width 32: "col 9"
            RenderTableRow {TR} at (0,80) size 481x24
              RenderTableCell {TH} at (2,80) size 41x24 [bgcolor=#90EE90] [border: (1px inset #808080)] [r=3 c=0 rs=1 cs=1]
                RenderText {#text} at (2,2) size 37x19
                  text run at (2,2) width 37: "Head"
              RenderTableCell {TD} at (134,80) size 36x24 [bgcolor=#90EE90] [border: (1px inset #808080)] [r=3 c=2 rs=1 cs=1]
                RenderText {#text} at (2,2) size 32x19
                  text run at (2,2) width 32: "col 1"
              RenderTableCell {TD} at (172,80) size 36x24 [bgcolor=#90EE90] [border: (1px inset #808080)] [r=3 c=3 rs=1 cs=1]
                RenderText {#text} at (2,2) size 32x19
                  text run at (2,2) width 32: "col 2"
              RenderTableCell {TD} at (210,80) size 36x24 [bgcolor=#90EE90] [border: (1px inset #808080)] [r=3 c=4 rs=1 cs=1]
                RenderText {#text} at (2,2) size 32x19
                  text run at (2,2) width 32: "col 3"
              RenderTableCell {TD} at (248,80) size 36x24 [bgcolor=#90EE90] [border: (1px inset #808080)] [r=3 c=5 rs=1 cs=1]
                RenderText {#text} at (2,2) size 32x19
                  text run at (2,2) width 32: "col 4"
              RenderTableCell {TD} at (286,80) size 37x24 [bgcolor=#90EE90] [border: (1px inset #808080)] [r=3 c=6 rs=1 cs=1]
                RenderText {#text} at (2,2) size 32x19
                  text run at (2,2) width 32: "col 5"
              RenderTableCell {TD} at (325,80) size 37x24 [bgcolor=#90EE90] [border: (1px inset #808080)] [r=3 c=7 rs=1 cs=1]
                RenderText {#text} at (2,2) size 32x19
                  text run at (2,2) width 32: "col 6"
              RenderTableCell {TD} at (364,80) size 37x24 [bgcolor=#90EE90] [border: (1px inset #808080)] [r=3 c=8 rs=1 cs=1]
                RenderText {#text} at (2,2) size 32x19
                  text run at (2,2) width 32: "col 7"
              RenderTableCell {TD} at (403,80) size 37x24 [bgcolor=#90EE90] [border: (1px inset #808080)] [r=3 c=9 rs=1 cs=1]
                RenderText {#text} at (2,2) size 32x19
                  text run at (2,2) width 32: "col 8"
              RenderTableCell {TD} at (442,80) size 37x24 [bgcolor=#90EE90] [border: (1px inset #808080)] [r=3 c=10 rs=1 cs=1]
                RenderText {#text} at (2,2) size 32x19
                  text run at (2,2) width 32: "col 9"
            RenderTableRow {TR} at (0,106) size 481x24
              RenderTableCell {TH} at (2,106) size 41x24 [bgcolor=#90EE90] [border: (1px inset #808080)] [r=4 c=0 rs=1 cs=1]
                RenderText {#text} at (2,2) size 37x19
                  text run at (2,2) width 37: "Head"
              RenderTableCell {TD} at (134,106) size 36x24 [bgcolor=#90EE90] [border: (1px inset #808080)] [r=4 c=2 rs=1 cs=1]
                RenderText {#text} at (2,2) size 32x19
                  text run at (2,2) width 32: "col 1"
              RenderTableCell {TD} at (172,106) size 36x24 [bgcolor=#90EE90] [border: (1px inset #808080)] [r=4 c=3 rs=1 cs=1]
                RenderText {#text} at (2,2) size 32x19
                  text run at (2,2) width 32: "col 2"
              RenderTableCell {TD} at (210,106) size 36x24 [bgcolor=#90EE90] [border: (1px inset #808080)] [r=4 c=4 rs=1 cs=1]
                RenderText {#text} at (2,2) size 32x19
                  text run at (2,2) width 32: "col 3"
              RenderTableCell {TD} at (248,106) size 36x24 [bgcolor=#90EE90] [border: (1px inset #808080)] [r=4 c=5 rs=1 cs=1]
                RenderText {#text} at (2,2) size 32x19
                  text run at (2,2) width 32: "col 4"
              RenderTableCell {TD} at (286,106) size 37x24 [bgcolor=#90EE90] [border: (1px inset #808080)] [r=4 c=6 rs=1 cs=1]
                RenderText {#text} at (2,2) size 32x19
                  text run at (2,2) width 32: "col 5"
              RenderTableCell {TD} at (325,106) size 37x24 [bgcolor=#90EE90] [border: (1px inset #808080)] [r=4 c=7 rs=1 cs=1]
                RenderText {#text} at (2,2) size 32x19
                  text run at (2,2) width 32: "col 6"
              RenderTableCell {TD} at (364,106) size 37x24 [bgcolor=#90EE90] [border: (1px inset #808080)] [r=4 c=8 rs=1 cs=1]
                RenderText {#text} at (2,2) size 32x19
                  text run at (2,2) width 32: "col 7"
              RenderTableCell {TD} at (403,106) size 37x24 [bgcolor=#90EE90] [border: (1px inset #808080)] [r=4 c=9 rs=1 cs=1]
                RenderText {#text} at (2,2) size 32x19
                  text run at (2,2) width 32: "col 8"
              RenderTableCell {TD} at (442,106) size 37x24 [bgcolor=#90EE90] [border: (1px inset #808080)] [r=4 c=10 rs=1 cs=1]
                RenderText {#text} at (2,2) size 32x19
                  text run at (2,2) width 32: "col 9"
            RenderTableRow {TR} at (0,132) size 481x24
              RenderTableCell {TH} at (2,132) size 41x24 [bgcolor=#90EE90] [border: (1px inset #808080)] [r=5 c=0 rs=1 cs=1]
                RenderText {#text} at (2,2) size 37x19
                  text run at (2,2) width 37: "Head"
              RenderTableCell {TD} at (134,132) size 36x24 [bgcolor=#90EE90] [border: (1px inset #808080)] [r=5 c=2 rs=1 cs=1]
                RenderText {#text} at (2,2) size 32x19
                  text run at (2,2) width 32: "col 1"
              RenderTableCell {TD} at (172,132) size 36x24 [bgcolor=#90EE90] [border: (1px inset #808080)] [r=5 c=3 rs=1 cs=1]
                RenderText {#text} at (2,2) size 32x19
                  text run at (2,2) width 32: "col 2"
              RenderTableCell {TD} at (210,132) size 36x24 [bgcolor=#90EE90] [border: (1px inset #808080)] [r=5 c=4 rs=1 cs=1]
                RenderText {#text} at (2,2) size 32x19
                  text run at (2,2) width 32: "col 3"
              RenderTableCell {TD} at (248,132) size 36x24 [bgcolor=#90EE90] [border: (1px inset #808080)] [r=5 c=5 rs=1 cs=1]
                RenderText {#text} at (2,2) size 32x19
                  text run at (2,2) width 32: "col 4"
              RenderTableCell {TD} at (286,132) size 37x24 [bgcolor=#90EE90] [border: (1px inset #808080)] [r=5 c=6 rs=1 cs=1]
                RenderText {#text} at (2,2) size 32x19
                  text run at (2,2) width 32: "col 5"
              RenderTableCell {TD} at (325,132) size 37x24 [bgcolor=#90EE90] [border: (1px inset #808080)] [r=5 c=7 rs=1 cs=1]
                RenderText {#text} at (2,2) size 32x19
                  text run at (2,2) width 32: "col 6"
              RenderTableCell {TD} at (364,132) size 37x24 [bgcolor=#90EE90] [border: (1px inset #808080)] [r=5 c=8 rs=1 cs=1]
                RenderText {#text} at (2,2) size 32x19
                  text run at (2,2) width 32: "col 7"
              RenderTableCell {TD} at (403,132) size 37x24 [bgcolor=#90EE90] [border: (1px inset #808080)] [r=5 c=9 rs=1 cs=1]
                RenderText {#text} at (2,2) size 32x19
                  text run at (2,2) width 32: "col 8"
              RenderTableCell {TD} at (442,132) size 37x24 [bgcolor=#90EE90] [border: (1px inset #808080)] [r=5 c=10 rs=1 cs=1]
                RenderText {#text} at (2,2) size 32x19
                  text run at (2,2) width 32: "col 9"
            RenderTableRow {TR} at (0,158) size 481x24
              RenderTableCell {TH} at (2,158) size 41x24 [bgcolor=#90EE90] [border: (1px inset #808080)] [r=6 c=0 rs=1 cs=1]
                RenderText {#text} at (2,2) size 37x19
                  text run at (2,2) width 37: "Head"
              RenderTableCell {TD} at (134,158) size 36x24 [bgcolor=#90EE90] [border: (1px inset #808080)] [r=6 c=2 rs=1 cs=1]
                RenderText {#text} at (2,2) size 32x19
                  text run at (2,2) width 32: "col 1"
              RenderTableCell {TD} at (172,158) size 36x24 [bgcolor=#90EE90] [border: (1px inset #808080)] [r=6 c=3 rs=1 cs=1]
                RenderText {#text} at (2,2) size 32x19
                  text run at (2,2) width 32: "col 2"
              RenderTableCell {TD} at (210,158) size 36x24 [bgcolor=#90EE90] [border: (1px inset #808080)] [r=6 c=4 rs=1 cs=1]
                RenderText {#text} at (2,2) size 32x19
                  text run at (2,2) width 32: "col 3"
              RenderTableCell {TD} at (248,158) size 36x24 [bgcolor=#90EE90] [border: (1px inset #808080)] [r=6 c=5 rs=1 cs=1]
                RenderText {#text} at (2,2) size 32x19
                  text run at (2,2) width 32: "col 4"
              RenderTableCell {TD} at (286,158) size 37x24 [bgcolor=#90EE90] [border: (1px inset #808080)] [r=6 c=6 rs=1 cs=1]
                RenderText {#text} at (2,2) size 32x19
                  text run at (2,2) width 32: "col 5"
              RenderTableCell {TD} at (325,158) size 37x24 [bgcolor=#90EE90] [border: (1px inset #808080)] [r=6 c=7 rs=1 cs=1]
                RenderText {#text} at (2,2) size 32x19
                  text run at (2,2) width 32: "col 6"
              RenderTableCell {TD} at (364,158) size 37x24 [bgcolor=#90EE90] [border: (1px inset #808080)] [r=6 c=8 rs=1 cs=1]
                RenderText {#text} at (2,2) size 32x19
                  text run at (2,2) width 32: "col 7"
              RenderTableCell {TD} at (403,158) size 37x24 [bgcolor=#90EE90] [border: (1px inset #808080)] [r=6 c=9 rs=1 cs=1]
                RenderText {#text} at (2,2) size 32x19
                  text run at (2,2) width 32: "col 8"
              RenderTableCell {TD} at (442,158) size 37x24 [bgcolor=#90EE90] [border: (1px inset #808080)] [r=6 c=10 rs=1 cs=1]
                RenderText {#text} at (2,2) size 32x19
                  text run at (2,2) width 32: "col 9"
            RenderTableRow {TR} at (0,184) size 481x24
              RenderTableCell {TH} at (2,184) size 41x24 [bgcolor=#ADD8E6] [border: (1px inset #808080)] [r=7 c=0 rs=1 cs=1]
                RenderText {#text} at (2,2) size 37x19
                  text run at (2,2) width 37: "Head"
              RenderTableCell {TD} at (45,200) size 87x44 [bgcolor=#FFFACD] [border: (1px inset #808080)] [r=7 c=1 rs=3 cs=1]
                RenderText {#text} at (2,2) size 43x19
                  text run at (2,2) width 43: "Data 3"
                RenderBR {BR} at (44,17) size 1x0
                RenderText {#text} at (2,22) size 82x19
                  text run at (2,22) width 82: "span=3 rows"
              RenderTableCell {TD} at (134,184) size 36x24 [bgcolor=#ADD8E6] [border: (1px inset #808080)] [r=7 c=2 rs=1 cs=1]
                RenderText {#text} at (2,2) size 32x19
                  text run at (2,2) width 32: "col 1"
              RenderTableCell {TD} at (172,184) size 36x24 [bgcolor=#ADD8E6] [border: (1px inset #808080)] [r=7 c=3 rs=1 cs=1]
                RenderText {#text} at (2,2) size 32x19
                  text run at (2,2) width 32: "col 2"
              RenderTableCell {TD} at (210,184) size 36x24 [bgcolor=#ADD8E6] [border: (1px inset #808080)] [r=7 c=4 rs=1 cs=1]
                RenderText {#text} at (2,2) size 32x19
                  text run at (2,2) width 32: "col 3"
              RenderTableCell {TD} at (248,184) size 36x24 [bgcolor=#ADD8E6] [border: (1px inset #808080)] [r=7 c=5 rs=1 cs=1]
                RenderText {#text} at (2,2) size 32x19
                  text run at (2,2) width 32: "col 4"
              RenderTableCell {TD} at (286,184) size 37x24 [bgcolor=#ADD8E6] [border: (1px inset #808080)] [r=7 c=6 rs=1 cs=1]
                RenderText {#text} at (2,2) size 32x19
                  text run at (2,2) width 32: "col 5"
              RenderTableCell {TD} at (325,184) size 37x24 [bgcolor=#ADD8E6] [border: (1px inset #808080)] [r=7 c=7 rs=1 cs=1]
                RenderText {#text} at (2,2) size 32x19
                  text run at (2,2) width 32: "col 6"
              RenderTableCell {TD} at (364,184) size 37x24 [bgcolor=#ADD8E6] [border: (1px inset #808080)] [r=7 c=8 rs=1 cs=1]
                RenderText {#text} at (2,2) size 32x19
                  text run at (2,2) width 32: "col 7"
              RenderTableCell {TD} at (403,184) size 37x24 [bgcolor=#ADD8E6] [border: (1px inset #808080)] [r=7 c=9 rs=1 cs=1]
                RenderText {#text} at (2,2) size 32x19
                  text run at (2,2) width 32: "col 8"
              RenderTableCell {TD} at (442,184) size 37x24 [bgcolor=#ADD8E6] [border: (1px inset #808080)] [r=7 c=10 rs=1 cs=1]
                RenderText {#text} at (2,2) size 32x19
                  text run at (2,2) width 32: "col 9"
            RenderTableRow {TR} at (0,210) size 481x24
              RenderTableCell {TH} at (2,210) size 41x24 [bgcolor=#ADD8E6] [border: (1px inset #808080)] [r=8 c=0 rs=1 cs=1]
                RenderText {#text} at (2,2) size 37x19
                  text run at (2,2) width 37: "Head"
              RenderTableCell {TD} at (134,210) size 36x24 [bgcolor=#ADD8E6] [border: (1px inset #808080)] [r=8 c=2 rs=1 cs=1]
                RenderText {#text} at (2,2) size 32x19
                  text run at (2,2) width 32: "col 1"
              RenderTableCell {TD} at (172,210) size 36x24 [bgcolor=#ADD8E6] [border: (1px inset #808080)] [r=8 c=3 rs=1 cs=1]
                RenderText {#text} at (2,2) size 32x19
                  text run at (2,2) width 32: "col 2"
              RenderTableCell {TD} at (210,210) size 36x24 [bgcolor=#ADD8E6] [border: (1px inset #808080)] [r=8 c=4 rs=1 cs=1]
                RenderText {#text} at (2,2) size 32x19
                  text run at (2,2) width 32: "col 3"
              RenderTableCell {TD} at (248,210) size 36x24 [bgcolor=#ADD8E6] [border: (1px inset #808080)] [r=8 c=5 rs=1 cs=1]
                RenderText {#text} at (2,2) size 32x19
                  text run at (2,2) width 32: "col 4"
              RenderTableCell {TD} at (286,210) size 37x24 [bgcolor=#ADD8E6] [border: (1px inset #808080)] [r=8 c=6 rs=1 cs=1]
                RenderText {#text} at (2,2) size 32x19
                  text run at (2,2) width 32: "col 5"
              RenderTableCell {TD} at (325,210) size 37x24 [bgcolor=#ADD8E6] [border: (1px inset #808080)] [r=8 c=7 rs=1 cs=1]
                RenderText {#text} at (2,2) size 32x19
                  text run at (2,2) width 32: "col 6"
              RenderTableCell {TD} at (364,210) size 37x24 [bgcolor=#ADD8E6] [border: (1px inset #808080)] [r=8 c=8 rs=1 cs=1]
                RenderText {#text} at (2,2) size 32x19
                  text run at (2,2) width 32: "col 7"
              RenderTableCell {TD} at (403,210) size 37x24 [bgcolor=#ADD8E6] [border: (1px inset #808080)] [r=8 c=9 rs=1 cs=1]
                RenderText {#text} at (2,2) size 32x19
                  text run at (2,2) width 32: "col 8"
              RenderTableCell {TD} at (442,210) size 37x24 [bgcolor=#ADD8E6] [border: (1px inset #808080)] [r=8 c=10 rs=1 cs=1]
                RenderText {#text} at (2,2) size 32x19
                  text run at (2,2) width 32: "col 9"
            RenderTableRow {TR} at (0,236) size 481x24
              RenderTableCell {TH} at (2,236) size 41x24 [bgcolor=#ADD8E6] [border: (1px inset #808080)] [r=9 c=0 rs=1 cs=1]
                RenderText {#text} at (2,2) size 37x19
                  text run at (2,2) width 37: "Head"
              RenderTableCell {TD} at (134,236) size 36x24 [bgcolor=#ADD8E6] [border: (1px inset #808080)] [r=9 c=2 rs=1 cs=1]
                RenderText {#text} at (2,2) size 32x19
                  text run at (2,2) width 32: "col 1"
              RenderTableCell {TD} at (172,236) size 36x24 [bgcolor=#ADD8E6] [border: (1px inset #808080)] [r=9 c=3 rs=1 cs=1]
                RenderText {#text} at (2,2) size 32x19
                  text run at (2,2) width 32: "col 2"
              RenderTableCell {TD} at (210,236) size 36x24 [bgcolor=#ADD8E6] [border: (1px inset #808080)] [r=9 c=4 rs=1 cs=1]
                RenderText {#text} at (2,2) size 32x19
                  text run at (2,2) width 32: "col 3"
              RenderTableCell {TD} at (248,236) size 36x24 [bgcolor=#ADD8E6] [border: (1px inset #808080)] [r=9 c=5 rs=1 cs=1]
                RenderText {#text} at (2,2) size 32x19
                  text run at (2,2) width 32: "col 4"
              RenderTableCell {TD} at (286,236) size 37x24 [bgcolor=#ADD8E6] [border: (1px inset #808080)] [r=9 c=6 rs=1 cs=1]
                RenderText {#text} at (2,2) size 32x19
                  text run at (2,2) width 32: "col 5"
              RenderTableCell {TD} at (325,236) size 37x24 [bgcolor=#ADD8E6] [border: (1px inset #808080)] [r=9 c=7 rs=1 cs=1]
                RenderText {#text} at (2,2) size 32x19
                  text run at (2,2) width 32: "col 6"
              RenderTableCell {TD} at (364,236) size 37x24 [bgcolor=#ADD8E6] [border: (1px inset #808080)] [r=9 c=8 rs=1 cs=1]
                RenderText {#text} at (2,2) size 32x19
                  text run at (2,2) width 32: "col 7"
              RenderTableCell {TD} at (403,236) size 37x24 [bgcolor=#ADD8E6] [border: (1px inset #808080)] [r=9 c=9 rs=1 cs=1]
                RenderText {#text} at (2,2) size 32x19
                  text run at (2,2) width 32: "col 8"
              RenderTableCell {TD} at (442,236) size 37x24 [bgcolor=#ADD8E6] [border: (1px inset #808080)] [r=9 c=10 rs=1 cs=1]
                RenderText {#text} at (2,2) size 32x19
                  text run at (2,2) width 32: "col 9"
      RenderBlock {P} at (0,1723) size 784x1
      RenderBlock {HR} at (0,1723) size 784x3 [border: (1px inset #000000)]
      RenderBlock {P} at (0,1741) size 784x65
        RenderTable {TABLE} at (0,0) size 666x64 [bgcolor=#F08080] [border: (1px outset #808080)]
          RenderTableSection {TBODY} at (1,1) size 664x62
            RenderTableRow {TR} at (0,2) size 664x58
              RenderTableCell {TH} at (2,2) size 660x58 [border: (1px inset #808080)] [r=0 c=0 rs=1 cs=1]
                RenderInline {A} at (0,0) size 0x0
                RenderText {#text} at (11,11) size 96x19
                  text run at (11,11) width 96: "Test Case #3: "
                RenderInline {FONT} at (0,0) size 417x19 [color=#0000FF]
                  RenderText {#text} at (106,11) size 417x19
                    text run at (106,11) width 417: "table with nested header & data cells spanning multiple rows"
                RenderText {#text} at (522,11) size 5x19
                  text run at (522,11) width 5: " "
                RenderInline {FONT} at (0,0) size 578x32
                  RenderInline {I} at (0,0) size 578x32
                    RenderText {#text} at (526,14) size 578x32
                      text run at (526,14) width 63: "(using <TH"
                      text run at (11,31) width 351: "ROWSPAN=integer value> <TD ROWSPAN=integer value> tag)"
                RenderText {#text} at (0,0) size 0x0
      RenderBlock {P} at (0,1821) size 784x41
        RenderBR {BR} at (0,0) size 0x19
        RenderBR {BR} at (0,20) size 0x19
      RenderBlock {UL} at (0,1877) size 784x485
        RenderTable {TABLE} at (40,0) size 483x484 [border: (1px outset #808080)]
          RenderBlock {CAPTION} at (0,0) size 483x20
            RenderText {#text} at (30,0) size 90x19
              text run at (30,0) width 90: "Nested Table "
            RenderInline {B} at (0,0) size 89x19
              RenderText {#text} at (119,0) size 89x19
                text run at (119,0) width 89: "Header Cells"
            RenderText {#text} at (207,0) size 21x19
              text run at (207,0) width 21: " & "
            RenderInline {B} at (0,0) size 72x19
              RenderText {#text} at (227,0) size 72x19
                text run at (227,0) width 72: "Data Cells"
            RenderText {#text} at (298,0) size 155x19
              text run at (298,0) width 155: " spanning multiple rows"
          RenderTableSection {TBODY} at (1,21) size 481x462
            RenderTableRow {TR} at (0,2) size 481x44
              RenderTableCell {TH} at (2,130) size 83x64 [bgcolor=#FFE4C4] [border: (1px inset #808080)] [r=0 c=0 rs=7 cs=1]
                RenderText {#text} at (10,2) size 63x19
                  text run at (10,2) width 63: "Header 1"
                RenderBR {BR} at (72,17) size 1x0
                RenderText {#text} at (16,22) size 51x39
                  text run at (16,22) width 51: "span=7"
                  text run at (25,42) width 33: "rows"
              RenderTableCell {TD} at (87,15) size 78x64 [bgcolor=#FFFACD] [border: (1px inset #808080)] [r=0 c=1 rs=2 cs=1]
                RenderText {#text} at (2,2) size 43x19
                  text run at (2,2) width 43: "Data 1"
                RenderBR {BR} at (44,17) size 1x0
                RenderText {#text} at (2,22) size 47x39
                  text run at (2,22) width 47: "span=2"
                  text run at (2,42) width 32: "rows"
              RenderTableCell {TD} at (167,2) size 32x44 [bgcolor=#EE82EE] [border: (1px inset #808080)] [r=0 c=2 rs=1 cs=1]
                RenderText {#text} at (2,2) size 20x39
                  text run at (2,2) width 20: "col"
                  text run at (2,22) width 8: "1"
              RenderTableCell {TD} at (201,2) size 33x44 [bgcolor=#EE82EE] [border: (1px inset #808080)] [r=0 c=3 rs=1 cs=1]
                RenderText {#text} at (2,2) size 20x39
                  text run at (2,2) width 20: "col"
                  text run at (2,22) width 8: "2"
              RenderTableCell {TD} at (236,2) size 33x44 [bgcolor=#EE82EE] [border: (1px inset #808080)] [r=0 c=4 rs=1 cs=1]
                RenderText {#text} at (2,2) size 20x39
                  text run at (2,2) width 20: "col"
                  text run at (2,22) width 8: "3"
              RenderTableCell {TD} at (271,2) size 33x44 [bgcolor=#EE82EE] [border: (1px inset #808080)] [r=0 c=5 rs=1 cs=1]
                RenderText {#text} at (2,2) size 20x39
                  text run at (2,2) width 20: "col"
                  text run at (2,22) width 8: "4"
              RenderTableCell {TD} at (306,2) size 33x44 [bgcolor=#EE82EE] [border: (1px inset #808080)] [r=0 c=6 rs=1 cs=1]
                RenderText {#text} at (2,2) size 20x39
                  text run at (2,2) width 20: "col"
                  text run at (2,22) width 8: "5"
              RenderTableCell {TD} at (341,2) size 33x44 [bgcolor=#EE82EE] [border: (1px inset #808080)] [r=0 c=7 rs=1 cs=1]
                RenderText {#text} at (2,2) size 20x39
                  text run at (2,2) width 20: "col"
                  text run at (2,22) width 8: "6"
              RenderTableCell {TD} at (376,2) size 33x44 [bgcolor=#EE82EE] [border: (1px inset #808080)] [r=0 c=8 rs=1 cs=1]
                RenderText {#text} at (2,2) size 20x39
                  text run at (2,2) width 20: "col"
                  text run at (2,22) width 8: "7"
              RenderTableCell {TD} at (411,2) size 33x44 [bgcolor=#EE82EE] [border: (1px inset #808080)] [r=0 c=9 rs=1 cs=1]
                RenderText {#text} at (2,2) size 20x39
                  text run at (2,2) width 20: "col"
                  text run at (2,22) width 8: "8"
              RenderTableCell {TD} at (446,2) size 33x44 [bgcolor=#EE82EE] [border: (1px inset #808080)] [r=0 c=10 rs=1 cs=1]
                RenderText {#text} at (2,2) size 20x39
                  text run at (2,2) width 20: "col"
                  text run at (2,22) width 8: "9"
            RenderTableRow {TR} at (0,48) size 481x44
              RenderTableCell {TD} at (167,48) size 32x44 [bgcolor=#EE82EE] [border: (1px inset #808080)] [r=1 c=2 rs=1 cs=1]
                RenderText {#text} at (2,2) size 20x39
                  text run at (2,2) width 20: "col"
                  text run at (2,22) width 8: "1"
              RenderTableCell {TD} at (201,48) size 33x44 [bgcolor=#EE82EE] [border: (1px inset #808080)] [r=1 c=3 rs=1 cs=1]
                RenderText {#text} at (2,2) size 20x39
                  text run at (2,2) width 20: "col"
                  text run at (2,22) width 8: "2"
              RenderTableCell {TD} at (236,48) size 33x44 [bgcolor=#EE82EE] [border: (1px inset #808080)] [r=1 c=4 rs=1 cs=1]
                RenderText {#text} at (2,2) size 20x39
                  text run at (2,2) width 20: "col"
                  text run at (2,22) width 8: "3"
              RenderTableCell {TD} at (271,48) size 33x44 [bgcolor=#EE82EE] [border: (1px inset #808080)] [r=1 c=5 rs=1 cs=1]
                RenderText {#text} at (2,2) size 20x39
                  text run at (2,2) width 20: "col"
                  text run at (2,22) width 8: "4"
              RenderTableCell {TD} at (306,48) size 33x44 [bgcolor=#EE82EE] [border: (1px inset #808080)] [r=1 c=6 rs=1 cs=1]
                RenderText {#text} at (2,2) size 20x39
                  text run at (2,2) width 20: "col"
                  text run at (2,22) width 8: "5"
              RenderTableCell {TD} at (341,48) size 33x44 [bgcolor=#EE82EE] [border: (1px inset #808080)] [r=1 c=7 rs=1 cs=1]
                RenderText {#text} at (2,2) size 20x39
                  text run at (2,2) width 20: "col"
                  text run at (2,22) width 8: "6"
              RenderTableCell {TD} at (376,48) size 33x44 [bgcolor=#EE82EE] [border: (1px inset #808080)] [r=1 c=8 rs=1 cs=1]
                RenderText {#text} at (2,2) size 20x39
                  text run at (2,2) width 20: "col"
                  text run at (2,22) width 8: "7"
              RenderTableCell {TD} at (411,48) size 33x44 [bgcolor=#EE82EE] [border: (1px inset #808080)] [r=1 c=9 rs=1 cs=1]
                RenderText {#text} at (2,2) size 20x39
                  text run at (2,2) width 20: "col"
                  text run at (2,22) width 8: "8"
              RenderTableCell {TD} at (446,48) size 33x44 [bgcolor=#EE82EE] [border: (1px inset #808080)] [r=1 c=10 rs=1 cs=1]
                RenderText {#text} at (2,2) size 20x39
                  text run at (2,2) width 20: "col"
                  text run at (2,22) width 8: "9"
            RenderTableRow {TR} at (0,94) size 481x44
              RenderTableCell {TD} at (87,176) size 78x64 [bgcolor=#FFFACD] [border: (1px inset #808080)] [r=2 c=1 rs=5 cs=1]
                RenderText {#text} at (2,2) size 43x19
                  text run at (2,2) width 43: "Data 2"
                RenderBR {BR} at (44,17) size 1x0
                RenderText {#text} at (2,22) size 47x39
                  text run at (2,22) width 47: "span=5"
                  text run at (2,42) width 32: "rows"
              RenderTableCell {TD} at (167,94) size 32x44 [bgcolor=#90EE90] [border: (1px inset #808080)] [r=2 c=2 rs=1 cs=1]
                RenderText {#text} at (2,2) size 20x39
                  text run at (2,2) width 20: "col"
                  text run at (2,22) width 8: "1"
              RenderTableCell {TD} at (201,94) size 33x44 [bgcolor=#90EE90] [border: (1px inset #808080)] [r=2 c=3 rs=1 cs=1]
                RenderText {#text} at (2,2) size 20x39
                  text run at (2,2) width 20: "col"
                  text run at (2,22) width 8: "2"
              RenderTableCell {TD} at (236,94) size 33x44 [bgcolor=#90EE90] [border: (1px inset #808080)] [r=2 c=4 rs=1 cs=1]
                RenderText {#text} at (2,2) size 20x39
                  text run at (2,2) width 20: "col"
                  text run at (2,22) width 8: "3"
              RenderTableCell {TD} at (271,94) size 33x44 [bgcolor=#90EE90] [border: (1px inset #808080)] [r=2 c=5 rs=1 cs=1]
                RenderText {#text} at (2,2) size 20x39
                  text run at (2,2) width 20: "col"
                  text run at (2,22) width 8: "4"
              RenderTableCell {TD} at (306,94) size 33x44 [bgcolor=#90EE90] [border: (1px inset #808080)] [r=2 c=6 rs=1 cs=1]
                RenderText {#text} at (2,2) size 20x39
                  text run at (2,2) width 20: "col"
                  text run at (2,22) width 8: "5"
              RenderTableCell {TD} at (341,94) size 33x44 [bgcolor=#90EE90] [border: (1px inset #808080)] [r=2 c=7 rs=1 cs=1]
                RenderText {#text} at (2,2) size 20x39
                  text run at (2,2) width 20: "col"
                  text run at (2,22) width 8: "6"
              RenderTableCell {TD} at (376,94) size 33x44 [bgcolor=#90EE90] [border: (1px inset #808080)] [r=2 c=8 rs=1 cs=1]
                RenderText {#text} at (2,2) size 20x39
                  text run at (2,2) width 20: "col"
                  text run at (2,22) width 8: "7"
              RenderTableCell {TD} at (411,94) size 33x44 [bgcolor=#90EE90] [border: (1px inset #808080)] [r=2 c=9 rs=1 cs=1]
                RenderText {#text} at (2,2) size 20x39
                  text run at (2,2) width 20: "col"
                  text run at (2,22) width 8: "8"
              RenderTableCell {TD} at (446,94) size 33x44 [bgcolor=#90EE90] [border: (1px inset #808080)] [r=2 c=10 rs=1 cs=1]
                RenderText {#text} at (2,2) size 20x39
                  text run at (2,2) width 20: "col"
                  text run at (2,22) width 8: "9"
            RenderTableRow {TR} at (0,140) size 481x44
              RenderTableCell {TD} at (167,140) size 32x44 [bgcolor=#90EE90] [border: (1px inset #808080)] [r=3 c=2 rs=1 cs=1]
                RenderText {#text} at (2,2) size 20x39
                  text run at (2,2) width 20: "col"
                  text run at (2,22) width 8: "1"
              RenderTableCell {TD} at (201,140) size 33x44 [bgcolor=#90EE90] [border: (1px inset #808080)] [r=3 c=3 rs=1 cs=1]
                RenderText {#text} at (2,2) size 20x39
                  text run at (2,2) width 20: "col"
                  text run at (2,22) width 8: "2"
              RenderTableCell {TD} at (236,140) size 33x44 [bgcolor=#90EE90] [border: (1px inset #808080)] [r=3 c=4 rs=1 cs=1]
                RenderText {#text} at (2,2) size 20x39
                  text run at (2,2) width 20: "col"
                  text run at (2,22) width 8: "3"
              RenderTableCell {TD} at (271,140) size 33x44 [bgcolor=#90EE90] [border: (1px inset #808080)] [r=3 c=5 rs=1 cs=1]
                RenderText {#text} at (2,2) size 20x39
                  text run at (2,2) width 20: "col"
                  text run at (2,22) width 8: "4"
              RenderTableCell {TD} at (306,140) size 33x44 [bgcolor=#90EE90] [border: (1px inset #808080)] [r=3 c=6 rs=1 cs=1]
                RenderText {#text} at (2,2) size 20x39
                  text run at (2,2) width 20: "col"
                  text run at (2,22) width 8: "5"
              RenderTableCell {TD} at (341,140) size 33x44 [bgcolor=#90EE90] [border: (1px inset #808080)] [r=3 c=7 rs=1 cs=1]
                RenderText {#text} at (2,2) size 20x39
                  text run at (2,2) width 20: "col"
                  text run at (2,22) width 8: "6"
              RenderTableCell {TD} at (376,140) size 33x44 [bgcolor=#90EE90] [border: (1px inset #808080)] [r=3 c=8 rs=1 cs=1]
                RenderText {#text} at (2,2) size 20x39
                  text run at (2,2) width 20: "col"
                  text run at (2,22) width 8: "7"
              RenderTableCell {TD} at (411,140) size 33x44 [bgcolor=#90EE90] [border: (1px inset #808080)] [r=3 c=9 rs=1 cs=1]
                RenderText {#text} at (2,2) size 20x39
                  text run at (2,2) width 20: "col"
                  text run at (2,22) width 8: "8"
              RenderTableCell {TD} at (446,140) size 33x44 [bgcolor=#90EE90] [border: (1px inset #808080)] [r=3 c=10 rs=1 cs=1]
                RenderText {#text} at (2,2) size 20x39
                  text run at (2,2) width 20: "col"
                  text run at (2,22) width 8: "9"
            RenderTableRow {TR} at (0,186) size 481x44
              RenderTableCell {TD} at (167,186) size 32x44 [bgcolor=#90EE90] [border: (1px inset #808080)] [r=4 c=2 rs=1 cs=1]
                RenderText {#text} at (2,2) size 20x39
                  text run at (2,2) width 20: "col"
                  text run at (2,22) width 8: "1"
              RenderTableCell {TD} at (201,186) size 33x44 [bgcolor=#90EE90] [border: (1px inset #808080)] [r=4 c=3 rs=1 cs=1]
                RenderText {#text} at (2,2) size 20x39
                  text run at (2,2) width 20: "col"
                  text run at (2,22) width 8: "2"
              RenderTableCell {TD} at (236,186) size 33x44 [bgcolor=#90EE90] [border: (1px inset #808080)] [r=4 c=4 rs=1 cs=1]
                RenderText {#text} at (2,2) size 20x39
                  text run at (2,2) width 20: "col"
                  text run at (2,22) width 8: "3"
              RenderTableCell {TD} at (271,186) size 33x44 [bgcolor=#90EE90] [border: (1px inset #808080)] [r=4 c=5 rs=1 cs=1]
                RenderText {#text} at (2,2) size 20x39
                  text run at (2,2) width 20: "col"
                  text run at (2,22) width 8: "4"
              RenderTableCell {TD} at (306,186) size 33x44 [bgcolor=#90EE90] [border: (1px inset #808080)] [r=4 c=6 rs=1 cs=1]
                RenderText {#text} at (2,2) size 20x39
                  text run at (2,2) width 20: "col"
                  text run at (2,22) width 8: "5"
              RenderTableCell {TD} at (341,186) size 33x44 [bgcolor=#90EE90] [border: (1px inset #808080)] [r=4 c=7 rs=1 cs=1]
                RenderText {#text} at (2,2) size 20x39
                  text run at (2,2) width 20: "col"
                  text run at (2,22) width 8: "6"
              RenderTableCell {TD} at (376,186) size 33x44 [bgcolor=#90EE90] [border: (1px inset #808080)] [r=4 c=8 rs=1 cs=1]
                RenderText {#text} at (2,2) size 20x39
                  text run at (2,2) width 20: "col"
                  text run at (2,22) width 8: "7"
              RenderTableCell {TD} at (411,186) size 33x44 [bgcolor=#90EE90] [border: (1px inset #808080)] [r=4 c=9 rs=1 cs=1]
                RenderText {#text} at (2,2) size 20x39
                  text run at (2,2) width 20: "col"
                  text run at (2,22) width 8: "8"
              RenderTableCell {TD} at (446,186) size 33x44 [bgcolor=#90EE90] [border: (1px inset #808080)] [r=4 c=10 rs=1 cs=1]
                RenderText {#text} at (2,2) size 20x39
                  text run at (2,2) width 20: "col"
                  text run at (2,22) width 8: "9"
            RenderTableRow {TR} at (0,232) size 481x44
              RenderTableCell {TD} at (167,232) size 32x44 [bgcolor=#90EE90] [border: (1px inset #808080)] [r=5 c=2 rs=1 cs=1]
                RenderText {#text} at (2,2) size 20x39
                  text run at (2,2) width 20: "col"
                  text run at (2,22) width 8: "1"
              RenderTableCell {TD} at (201,232) size 33x44 [bgcolor=#90EE90] [border: (1px inset #808080)] [r=5 c=3 rs=1 cs=1]
                RenderText {#text} at (2,2) size 20x39
                  text run at (2,2) width 20: "col"
                  text run at (2,22) width 8: "2"
              RenderTableCell {TD} at (236,232) size 33x44 [bgcolor=#90EE90] [border: (1px inset #808080)] [r=5 c=4 rs=1 cs=1]
                RenderText {#text} at (2,2) size 20x39
                  text run at (2,2) width 20: "col"
                  text run at (2,22) width 8: "3"
              RenderTableCell {TD} at (271,232) size 33x44 [bgcolor=#90EE90] [border: (1px inset #808080)] [r=5 c=5 rs=1 cs=1]
                RenderText {#text} at (2,2) size 20x39
                  text run at (2,2) width 20: "col"
                  text run at (2,22) width 8: "4"
              RenderTableCell {TD} at (306,232) size 33x44 [bgcolor=#90EE90] [border: (1px inset #808080)] [r=5 c=6 rs=1 cs=1]
                RenderText {#text} at (2,2) size 20x39
                  text run at (2,2) width 20: "col"
                  text run at (2,22) width 8: "5"
              RenderTableCell {TD} at (341,232) size 33x44 [bgcolor=#90EE90] [border: (1px inset #808080)] [r=5 c=7 rs=1 cs=1]
                RenderText {#text} at (2,2) size 20x39
                  text run at (2,2) width 20: "col"
                  text run at (2,22) width 8: "6"
              RenderTableCell {TD} at (376,232) size 33x44 [bgcolor=#90EE90] [border: (1px inset #808080)] [r=5 c=8 rs=1 cs=1]
                RenderText {#text} at (2,2) size 20x39
                  text run at (2,2) width 20: "col"
                  text run at (2,22) width 8: "7"
              RenderTableCell {TD} at (411,232) size 33x44 [bgcolor=#90EE90] [border: (1px inset #808080)] [r=5 c=9 rs=1 cs=1]
                RenderText {#text} at (2,2) size 20x39
                  text run at (2,2) width 20: "col"
                  text run at (2,22) width 8: "8"
              RenderTableCell {TD} at (446,232) size 33x44 [bgcolor=#90EE90] [border: (1px inset #808080)] [r=5 c=10 rs=1 cs=1]
                RenderText {#text} at (2,2) size 20x39
                  text run at (2,2) width 20: "col"
                  text run at (2,22) width 8: "9"
            RenderTableRow {TR} at (0,278) size 481x44
              RenderTableCell {TD} at (167,278) size 32x44 [bgcolor=#90EE90] [border: (1px inset #808080)] [r=6 c=2 rs=1 cs=1]
                RenderText {#text} at (2,2) size 20x39
                  text run at (2,2) width 20: "col"
                  text run at (2,22) width 8: "1"
              RenderTableCell {TD} at (201,278) size 33x44 [bgcolor=#90EE90] [border: (1px inset #808080)] [r=6 c=3 rs=1 cs=1]
                RenderText {#text} at (2,2) size 20x39
                  text run at (2,2) width 20: "col"
                  text run at (2,22) width 8: "2"
              RenderTableCell {TD} at (236,278) size 33x44 [bgcolor=#90EE90] [border: (1px inset #808080)] [r=6 c=4 rs=1 cs=1]
                RenderText {#text} at (2,2) size 20x39
                  text run at (2,2) width 20: "col"
                  text run at (2,22) width 8: "3"
              RenderTableCell {TD} at (271,278) size 33x44 [bgcolor=#90EE90] [border: (1px inset #808080)] [r=6 c=5 rs=1 cs=1]
                RenderText {#text} at (2,2) size 20x39
                  text run at (2,2) width 20: "col"
                  text run at (2,22) width 8: "4"
              RenderTableCell {TD} at (306,278) size 33x44 [bgcolor=#90EE90] [border: (1px inset #808080)] [r=6 c=6 rs=1 cs=1]
                RenderText {#text} at (2,2) size 20x39
                  text run at (2,2) width 20: "col"
                  text run at (2,22) width 8: "5"
              RenderTableCell {TD} at (341,278) size 33x44 [bgcolor=#90EE90] [border: (1px inset #808080)] [r=6 c=7 rs=1 cs=1]
                RenderText {#text} at (2,2) size 20x39
                  text run at (2,2) width 20: "col"
                  text run at (2,22) width 8: "6"
              RenderTableCell {TD} at (376,278) size 33x44 [bgcolor=#90EE90] [border: (1px inset #808080)] [r=6 c=8 rs=1 cs=1]
                RenderText {#text} at (2,2) size 20x39
                  text run at (2,2) width 20: "col"
                  text run at (2,22) width 8: "7"
              RenderTableCell {TD} at (411,278) size 33x44 [bgcolor=#90EE90] [border: (1px inset #808080)] [r=6 c=9 rs=1 cs=1]
                RenderText {#text} at (2,2) size 20x39
                  text run at (2,2) width 20: "col"
                  text run at (2,22) width 8: "8"
              RenderTableCell {TD} at (446,278) size 33x44 [bgcolor=#90EE90] [border: (1px inset #808080)] [r=6 c=10 rs=1 cs=1]
                RenderText {#text} at (2,2) size 20x39
                  text run at (2,2) width 20: "col"
                  text run at (2,22) width 8: "9"
            RenderTableRow {TR} at (0,324) size 481x44
              RenderTableCell {TH} at (2,360) size 83x64 [bgcolor=#FFE4C4] [border: (1px inset #808080)] [r=7 c=0 rs=3 cs=1]
                RenderText {#text} at (10,2) size 63x19
                  text run at (10,2) width 63: "Header 2"
                RenderBR {BR} at (72,17) size 1x0
                RenderText {#text} at (16,22) size 51x39
                  text run at (16,22) width 51: "span=3"
                  text run at (25,42) width 33: "rows"
              RenderTableCell {TD} at (87,360) size 78x64 [bgcolor=#FFFACD] [border: (1px inset #808080)] [r=7 c=1 rs=3 cs=1]
                RenderText {#text} at (2,2) size 43x19
                  text run at (2,2) width 43: "Data 3"
                RenderBR {BR} at (44,17) size 1x0
                RenderText {#text} at (2,22) size 47x39
                  text run at (2,22) width 47: "span=3"
                  text run at (2,42) width 32: "rows"
              RenderTableCell {TD} at (167,324) size 32x44 [bgcolor=#ADD8E6] [border: (1px inset #808080)] [r=7 c=2 rs=1 cs=1]
                RenderText {#text} at (2,2) size 20x39
                  text run at (2,2) width 20: "col"
                  text run at (2,22) width 8: "1"
              RenderTableCell {TD} at (201,324) size 33x44 [bgcolor=#ADD8E6] [border: (1px inset #808080)] [r=7 c=3 rs=1 cs=1]
                RenderText {#text} at (2,2) size 20x39
                  text run at (2,2) width 20: "col"
                  text run at (2,22) width 8: "2"
              RenderTableCell {TD} at (236,324) size 33x44 [bgcolor=#ADD8E6] [border: (1px inset #808080)] [r=7 c=4 rs=1 cs=1]
                RenderText {#text} at (2,2) size 20x39
                  text run at (2,2) width 20: "col"
                  text run at (2,22) width 8: "3"
              RenderTableCell {TD} at (271,324) size 33x44 [bgcolor=#ADD8E6] [border: (1px inset #808080)] [r=7 c=5 rs=1 cs=1]
                RenderText {#text} at (2,2) size 20x39
                  text run at (2,2) width 20: "col"
                  text run at (2,22) width 8: "4"
              RenderTableCell {TD} at (306,324) size 33x44 [bgcolor=#ADD8E6] [border: (1px inset #808080)] [r=7 c=6 rs=1 cs=1]
                RenderText {#text} at (2,2) size 20x39
                  text run at (2,2) width 20: "col"
                  text run at (2,22) width 8: "5"
              RenderTableCell {TD} at (341,324) size 33x44 [bgcolor=#ADD8E6] [border: (1px inset #808080)] [r=7 c=7 rs=1 cs=1]
                RenderText {#text} at (2,2) size 20x39
                  text run at (2,2) width 20: "col"
                  text run at (2,22) width 8: "6"
              RenderTableCell {TD} at (376,324) size 33x44 [bgcolor=#ADD8E6] [border: (1px inset #808080)] [r=7 c=8 rs=1 cs=1]
                RenderText {#text} at (2,2) size 20x39
                  text run at (2,2) width 20: "col"
                  text run at (2,22) width 8: "7"
              RenderTableCell {TD} at (411,324) size 33x44 [bgcolor=#ADD8E6] [border: (1px inset #808080)] [r=7 c=9 rs=1 cs=1]
                RenderText {#text} at (2,2) size 20x39
                  text run at (2,2) width 20: "col"
                  text run at (2,22) width 8: "8"
              RenderTableCell {TD} at (446,324) size 33x44 [bgcolor=#ADD8E6] [border: (1px inset #808080)] [r=7 c=10 rs=1 cs=1]
                RenderText {#text} at (2,2) size 20x39
                  text run at (2,2) width 20: "col"
                  text run at (2,22) width 8: "9"
            RenderTableRow {TR} at (0,370) size 481x44
              RenderTableCell {TD} at (167,370) size 32x44 [bgcolor=#ADD8E6] [border: (1px inset #808080)] [r=8 c=2 rs=1 cs=1]
                RenderText {#text} at (2,2) size 20x39
                  text run at (2,2) width 20: "col"
                  text run at (2,22) width 8: "1"
              RenderTableCell {TD} at (201,370) size 33x44 [bgcolor=#ADD8E6] [border: (1px inset #808080)] [r=8 c=3 rs=1 cs=1]
                RenderText {#text} at (2,2) size 20x39
                  text run at (2,2) width 20: "col"
                  text run at (2,22) width 8: "2"
              RenderTableCell {TD} at (236,370) size 33x44 [bgcolor=#ADD8E6] [border: (1px inset #808080)] [r=8 c=4 rs=1 cs=1]
                RenderText {#text} at (2,2) size 20x39
                  text run at (2,2) width 20: "col"
                  text run at (2,22) width 8: "3"
              RenderTableCell {TD} at (271,370) size 33x44 [bgcolor=#ADD8E6] [border: (1px inset #808080)] [r=8 c=5 rs=1 cs=1]
                RenderText {#text} at (2,2) size 20x39
                  text run at (2,2) width 20: "col"
                  text run at (2,22) width 8: "4"
              RenderTableCell {TD} at (306,370) size 33x44 [bgcolor=#ADD8E6] [border: (1px inset #808080)] [r=8 c=6 rs=1 cs=1]
                RenderText {#text} at (2,2) size 20x39
                  text run at (2,2) width 20: "col"
                  text run at (2,22) width 8: "5"
              RenderTableCell {TD} at (341,370) size 33x44 [bgcolor=#ADD8E6] [border: (1px inset #808080)] [r=8 c=7 rs=1 cs=1]
                RenderText {#text} at (2,2) size 20x39
                  text run at (2,2) width 20: "col"
                  text run at (2,22) width 8: "6"
              RenderTableCell {TD} at (376,370) size 33x44 [bgcolor=#ADD8E6] [border: (1px inset #808080)] [r=8 c=8 rs=1 cs=1]
                RenderText {#text} at (2,2) size 20x39
                  text run at (2,2) width 20: "col"
                  text run at (2,22) width 8: "7"
              RenderTableCell {TD} at (411,370) size 33x44 [bgcolor=#ADD8E6] [border: (1px inset #808080)] [r=8 c=9 rs=1 cs=1]
                RenderText {#text} at (2,2) size 20x39
                  text run at (2,2) width 20: "col"
                  text run at (2,22) width 8: "8"
              RenderTableCell {TD} at (446,370) size 33x44 [bgcolor=#ADD8E6] [border: (1px inset #808080)] [r=8 c=10 rs=1 cs=1]
                RenderText {#text} at (2,2) size 20x39
                  text run at (2,2) width 20: "col"
                  text run at (2,22) width 8: "9"
            RenderTableRow {TR} at (0,416) size 481x44
              RenderTableCell {TD} at (167,416) size 32x44 [bgcolor=#ADD8E6] [border: (1px inset #808080)] [r=9 c=2 rs=1 cs=1]
                RenderText {#text} at (2,2) size 20x39
                  text run at (2,2) width 20: "col"
                  text run at (2,22) width 8: "1"
              RenderTableCell {TD} at (201,416) size 33x44 [bgcolor=#ADD8E6] [border: (1px inset #808080)] [r=9 c=3 rs=1 cs=1]
                RenderText {#text} at (2,2) size 20x39
                  text run at (2,2) width 20: "col"
                  text run at (2,22) width 8: "2"
              RenderTableCell {TD} at (236,416) size 33x44 [bgcolor=#ADD8E6] [border: (1px inset #808080)] [r=9 c=4 rs=1 cs=1]
                RenderText {#text} at (2,2) size 20x39
                  text run at (2,2) width 20: "col"
                  text run at (2,22) width 8: "3"
              RenderTableCell {TD} at (271,416) size 33x44 [bgcolor=#ADD8E6] [border: (1px inset #808080)] [r=9 c=5 rs=1 cs=1]
                RenderText {#text} at (2,2) size 20x39
                  text run at (2,2) width 20: "col"
                  text run at (2,22) width 8: "4"
              RenderTableCell {TD} at (306,416) size 33x44 [bgcolor=#ADD8E6] [border: (1px inset #808080)] [r=9 c=6 rs=1 cs=1]
                RenderText {#text} at (2,2) size 20x39
                  text run at (2,2) width 20: "col"
                  text run at (2,22) width 8: "5"
              RenderTableCell {TD} at (341,416) size 33x44 [bgcolor=#ADD8E6] [border: (1px inset #808080)] [r=9 c=7 rs=1 cs=1]
                RenderText {#text} at (2,2) size 20x39
                  text run at (2,2) width 20: "col"
                  text run at (2,22) width 8: "6"
              RenderTableCell {TD} at (376,416) size 33x44 [bgcolor=#ADD8E6] [border: (1px inset #808080)] [r=9 c=8 rs=1 cs=1]
                RenderText {#text} at (2,2) size 20x39
                  text run at (2,2) width 20: "col"
                  text run at (2,22) width 8: "7"
              RenderTableCell {TD} at (411,416) size 33x44 [bgcolor=#ADD8E6] [border: (1px inset #808080)] [r=9 c=9 rs=1 cs=1]
                RenderText {#text} at (2,2) size 20x39
                  text run at (2,2) width 20: "col"
                  text run at (2,22) width 8: "8"
              RenderTableCell {TD} at (446,416) size 33x44 [bgcolor=#ADD8E6] [border: (1px inset #808080)] [r=9 c=10 rs=1 cs=1]
                RenderText {#text} at (2,2) size 20x39
                  text run at (2,2) width 20: "col"
                  text run at (2,22) width 8: "9"
      RenderBlock {P} at (0,2377) size 784x1
      RenderBlock {HR} at (0,2377) size 784x3 [border: (1px inset #000000)]
      RenderBlock (anonymous) at (0,2387) size 784x21
        RenderImage {IMG} at (0,2) size 13x13
        RenderText {#text} at (13,0) size 131x19
          text run at (13,0) width 131: " Created 9/19/96 by "
        RenderInline {A} at (0,0) size 84x19 [color=#0000EE]
          RenderText {#text} at (143,0) size 84x19
            text run at (143,0) width 84: "Ronald Greti"
        RenderBR {BR} at (226,15) size 1x0
      RenderBlock {P} at (0,2423) size 784x21
        RenderBR {BR} at (0,0) size 0x19
