layer at (0,0) size 800x600
  RenderView at (0,0) size 800x600
layer at (0,0) size 800x600
  RenderBlock {HTML} at (0,0) size 800x600
    RenderBody {BODY} at (8,8) size 784x584
      RenderInline {SPAN} at (0,0) size 13x19
        RenderText {#text} at (0,5) size 13x19
          text run at (0,5) width 13: "\x{F8FF}"
      RenderText {#text} at (12,5) size 5x19
        text run at (12,5) width 5: " "
      RenderInline {SPAN} at (0,0) size 17x23
        RenderText {#text} at (16,2) size 17x23
          text run at (16,2) width 17: "\x{F8FF}"
      RenderText {#text} at (32,5) size 5x19
        text run at (32,5) width 5: " "
      RenderInline {SPAN} at (0,0) size 14x19
        RenderText {#text} at (36,5) size 14x19
          text run at (36,5) width 14: "\x{F8FF}"
      RenderText {#text} at (49,5) size 5x19
        text run at (49,5) width 5: " "
      RenderInline {SPAN} at (0,0) size 16x23
        RenderText {#text} at (53,2) size 16x23
          text run at (53,2) width 16: "\x{F8FF}"
      RenderText {#text} at (68,5) size 5x19
        text run at (68,5) width 5: " "
      RenderInline {SPAN} at (0,0) size 17x23
        RenderText {#text} at (72,2) size 17x23
          text run at (72,2) width 17: "\x{F8FF}"
      RenderText {#text} at (88,5) size 5x19
        text run at (88,5) width 5: " "
      RenderInline {SPAN} at (0,0) size 17x23
        RenderText {#text} at (92,2) size 17x23
          text run at (92,2) width 17: "\x{F8FF}"
      RenderText {#text} at (108,5) size 5x19
        text run at (108,5) width 5: " "
      RenderInline {SPAN} at (0,0) size 17x23
        RenderText {#text} at (112,2) size 17x23
          text run at (112,2) width 17: "\x{F8FF}"
      RenderText {#text} at (128,5) size 5x19
        text run at (128,5) width 5: " "
      RenderInline {SPAN} at (0,0) size 13x20
        RenderText {#text} at (132,4) size 13x20
          text run at (132,4) width 13: "\x{F8FF}"
      RenderText {#text} at (144,5) size 5x19
        text run at (144,5) width 5: " "
      RenderInline {SPAN} at (0,0) size 17x25
        RenderText {#text} at (148,0) size 17x25
          text run at (148,0) width 17: "\x{F8FF}"
      RenderText {#text} at (164,5) size 5x19
        text run at (164,5) width 5: " "
      RenderInline {SPAN} at (0,0) size 17x25
        RenderText {#text} at (168,0) size 17x25
          text run at (168,0) width 17: "\x{F8FF}"
      RenderText {#text} at (184,5) size 5x19
        text run at (184,5) width 5: " "
      RenderInline {SPAN} at (0,0) size 17x25
        RenderText {#text} at (188,0) size 17x25
          text run at (188,0) width 17: "\x{F8FF}"
      RenderText {#text} at (0,0) size 0x0
