layer at (0,0) size 800x1349
  RenderView at (0,0) size 800x600
layer at (0,0) size 800x1349
  RenderBlock {HTML} at (0,0) size 800x1349
    RenderBody {BODY} at (8,8) size 784x1333
      RenderBlock {DIV} at (0,0) size 784x29
        RenderText {#text} at (0,0) size 395x29
          text run at (0,0) width 395: "This is a test for -webkit-system-font"
      RenderBlock {DIV} at (0,29) size 784x58
        RenderText {#text} at (0,0) size 744x58
          text run at (0,0) width 744: "This is a test for -apple-system-font. It should be the same as the line"
          text run at (0,29) width 73: "above."
      RenderBlock {DIV} at (0,87) size 784x74
        RenderText {#text} at (0,0) size 710x74
          text run at (0,0) width 710: "This is a test for -webkit-system-font, using the 'font'"
          text run at (0,37) width 114: "property"
      RenderBlock {DIV} at (0,161) size 784x74
        RenderText {#text} at (0,0) size 696x74
          text run at (0,0) width 696: "This is a test for -apple-system-font, using the 'font'"
          text run at (0,37) width 114: "property"
      RenderBlock {DIV} at (0,235) size 784x29
        RenderInline {B} at (0,0) size 548x29
          RenderText {#text} at (0,0) size 548x29
            text run at (0,0) width 548: "This is a test for -webkit-system-font in bold form"
      RenderBlock {DIV} at (0,264) size 784x29
        RenderInline {I} at (0,0) size 528x29
          RenderText {#text} at (0,0) size 528x29
            text run at (0,0) width 528: "This is a test for -webkit-system-font in italic form"
      RenderBlock {DIV} at (0,293) size 784x37
        RenderText {#text} at (0,0) size 663x37
          text run at (0,0) width 663: "This is a test for -webkit-system-font at size 30px"
      RenderBlock {DIV} at (0,330) size 784x88
        RenderText {#text} at (0,0) size 705x88
          text run at (0,0) width 705: "This is a test for -webkit-system-font at size"
          text run at (0,44) width 81: "36px"
      RenderBlock {DIV} at (0,418) size 784x102
        RenderText {#text} at (0,0) size 738x102
          text run at (0,0) width 738: "This is a test for -webkit-system-font at"
          text run at (0,51) width 179: "size 42px"
      RenderBlock {DIV} at (0,520) size 784x116
        RenderText {#text} at (0,0) size 705x116
          text run at (0,0) width 705: "This is a test for -webkit-system-"
          text run at (0,58) width 355: "font at size 48px"
      RenderBlock {DIV} at (0,636) size 784x132
        RenderText {#text} at (0,0) size 600x132
          text run at (0,0) width 600: "This is a test for -webkit-"
          text run at (0,66) width 594: "system-font at size 54px"
      RenderBlock {DIV} at (0,768) size 784x146
        RenderText {#text} at (0,0) size 666x146
          text run at (0,0) width 666: "This is a test for -webkit-"
          text run at (0,73) width 659: "system-font at size 60px"
      RenderBlock {DIV} at (0,914) size 784x158
        RenderText {#text} at (0,0) size 733x158
          text run at (0,0) width 733: "This is a test for -webkit-"
          text run at (0,79) width 725: "system-font at size 66px"
      RenderBlock {DIV} at (0,1072) size 784x261
        RenderText {#text} at (0,0) size 706x261
          text run at (0,0) width 559: "This is a test for -"
          text run at (0,87) width 706: "webkit-system-font at"
          text run at (0,174) width 306: "size 72px"
