layer at (0,0) size 800x600
  RenderView at (0,0) size 800x600
layer at (0,0) size 800x600
  RenderBlock {HTML} at (0,0) size 800x600
    RenderBody {BODY} at (8,15) size 784x577
      RenderBlock {DIV} at (0,0) size 784x24
        RenderText {#text} at (0,1) size 107x22
          text run at (0,1) width 107: "H1 / Headline"
      RenderBlock {DIV} at (0,39) size 784x24
        RenderText {#text} at (0,1) size 707x22
          text run at (0,1) width 707: "Body Text: Lorem ipsum dolor sit amet, consectetur adipiscing elit. Quisque ornare ornare mi"
      RenderBlock {DIV} at (0,78) size 784x26
        RenderText {#text} at (0,2) size 739x22
          text run at (0,2) width 739: "Tall Body Text: Lorem ipsum dolor sit amet, consectetur adipiscing elit. Quisque ornare ornare mi"
      RenderBlock {DIV} at (0,119) size 784x22
        RenderText {#text} at (0,1) size 87x19
          text run at (0,1) width 87: "Subheadline"
      RenderBlock {DIV} at (0,156) size 784x20
        RenderText {#text} at (0,1) size 81x17
          text run at (0,1) width 81: "FN / Footnote"
      RenderBlock {DIV} at (0,191) size 784x17
        RenderText {#text} at (0,1) size 96x15
          text run at (0,1) width 96: "Cap 1 / Caption 1"
      RenderBlock {DIV} at (0,223) size 784x14
        RenderText {#text} at (0,0) size 88x14
          text run at (0,0) width 88: "Cap 2 / Caption 2"
      RenderBlock {DIV} at (0,252) size 784x22
        RenderText {#text} at (0,0) size 154x22
          text run at (0,0) width 154: "Short H1 / Headline"
      RenderBlock {DIV} at (0,289) size 784x22
        RenderText {#text} at (0,0) size 753x22
          text run at (0,0) width 753: "Short Body Text: Lorem ipsum dolor sit amet, consectetur adipiscing elit. Quisque ornare ornare mi"
      RenderBlock {DIV} at (0,326) size 784x20
        RenderText {#text} at (0,0) size 128x19
          text run at (0,0) width 128: "Short Subheadline"
      RenderBlock {DIV} at (0,361) size 784x18
        RenderText {#text} at (0,0) size 116x17
          text run at (0,0) width 116: "Short FN / Footnote"
      RenderBlock {DIV} at (0,394) size 784x15
        RenderText {#text} at (0,0) size 128x15
          text run at (0,0) width 128: "Short Cap 1 / Caption 1"
