EDITING DELEGATE: shouldBeginEditingInDOMRange:range from 0 of DIV > BODY > HTML > #document to 3 of DIV > BODY > HTML > #document
EDITING DELEGATE: webViewDidBeginEditing:WebViewDidBeginEditingNotification
EDITING DELEGATE: webViewDidChangeSelection:WebViewDidChangeSelectionNotification
EDITING DELEGATE: webViewDidChangeSelection:WebViewDidChangeSelectionNotification
EDITING DELEGATE: webViewDidChangeSelection:WebViewDidChangeSelectionNotification
EDITING DELEGATE: webViewDidChangeSelection:WebViewDidChangeSelectionNotification
EDITING DELEGATE: shouldDeleteDOMRange:range from 3 of DIV > DIV > BODY > HTML > #document to 1 of #text > P > DIV > DIV > BODY > HTML > #document
EDITING DELEGATE: shouldChangeSelectedDOMRange:range from 3 of DIV > DIV > BODY > HTML > #document to 3 of DIV > DIV > BODY > HTML > #document toDOMRange:range from 3 of DIV > DIV > BODY > HTML > #document to 3 of DIV > DIV > BODY > HTML > #document affinity:NSSelectionAffinityDownstream stillSelecting:FALSE
EDITING DELEGATE: webViewDidChangeSelection:WebViewDidChangeSelectionNotification
EDITING DELEGATE: webViewDidChange:WebViewDidChangeNotification
layer at (0,0) size 800x600
  RenderView at (0,0) size 800x600
layer at (0,0) size 800x600
  RenderBlock {HTML} at (0,0) size 800x600
    RenderBody {BODY} at (8,8) size 784x584
      RenderBlock {DIV} at (0,0) size 784x226 [border: (2px solid #0000FF)]
        RenderBlock {DIV} at (14,14) size 756x78
          RenderText {#text} at (0,0) size 67x26
            text run at (0,0) width 67: "Tests: "
          RenderBR {BR} at (0,0) size 0x0
          RenderText {#text} at (0,26) size 741x52
            text run at (0,26) width 741: "Deleting when a selection starts in a blank line created by a BR element and"
            text run at (0,52) width 285: "extends to the end of a block."
        RenderBlock {DIV} at (14,108) size 756x104
          RenderText {#text} at (0,0) size 189x26
            text run at (0,0) width 189: "Expected Results: "
          RenderBR {BR} at (189,21) size 0x0
          RenderText {#text} at (0,26) size 734x78
            text run at (0,26) width 730: "Should see the three lines in the red box. First line should be \"A\". Next two"
            text run at (0,52) width 734: "lines should be empty. Insertion point should be blinking on the second line"
            text run at (0,78) width 198: "(the first blank one)."
      RenderBlock {DIV} at (0,250) size 784x82
        RenderBlock {DIV} at (0,0) size 784x82 [border: (2px solid #FF0000)]
          RenderBlock {P} at (2,2) size 780x26
            RenderText {#text} at (0,0) size 17x26
              text run at (0,0) width 17: "A"
          RenderBlock (anonymous) at (2,28) size 780x26
            RenderBR {BR} at (0,0) size 0x26
          RenderBlock {P} at (2,54) size 780x26
            RenderBR {BR} at (0,0) size 0x26
caret: position 0 of child 3 {BR} of child 1 {DIV} of child 3 {DIV} of body
