layer at (0,0) size 800x600
  RenderView at (0,0) size 800x600
layer at (0,0) size 800x600
  RenderBlock {HTML} at (0,0) size 800x600
    RenderBody {BODY} at (8,8) size 784x584
      RenderTable {TABLE} at (0,0) size 159x149 [border: (2px outset #808080)]
        RenderTableCol {COLGROUP} at (0,0) size 0x0
          RenderTableCol {COL} at (0,0) size 0x0
          RenderTableCol {COL} at (0,0) size 0x0
        RenderTableSection {TBODY} at (2,2) size 155x145
          RenderTableRow {TR} at (0,2) size 155x38
            RenderTableCell {TH} at (2,2) size 49x38 [border: (1px inset #808080)] [r=0 c=0 rs=1 cs=1]
              RenderText {#text} at (15,2) size 37x34
                text run at (15,2) width 19: "La"
                text run at (6,19) width 37: "Mesa"
            RenderTableCell {TD} at (53,10) size 100x22 [border: (1px inset #808080)] [r=0 c=1 rs=1 cs=1]
              RenderText {#text} at (2,2) size 12x18
                text run at (2,3) width 12: "X"
          RenderTableRow {TR} at (0,42) size 155x38
            RenderTableCell {TH} at (2,42) size 49x38 [border: (1px inset #808080)] [r=1 c=0 rs=1 cs=1]
              RenderText {#text} at (17,2) size 43x34
                text run at (17,2) width 15: "El"
                text run at (3,19) width 43: "Cajon"
            RenderTableCell {TD} at (53,50) size 100x22 [border: (1px inset #808080)] [r=1 c=1 rs=1 cs=1]
              RenderText {#text} at (2,2) size 12x18
                text run at (2,3) width 12: "X"
          RenderTableRow {TR} at (0,82) size 155x38
            RenderTableCell {TH} at (2,82) size 49x38 [border: (1px inset #808080)] [r=2 c=0 rs=1 cs=1]
              RenderText {#text} at (3,2) size 43x34
                text run at (3,2) width 43: "Chula"
                text run at (7,19) width 35: "Vista"
            RenderTableCell {TD} at (53,90) size 100x22 [border: (1px inset #808080)] [r=2 c=1 rs=1 cs=1]
              RenderText {#text} at (2,2) size 12x18
                text run at (2,3) width 12: "X"
          RenderTableRow {TR} at (0,122) size 155x21
            RenderTableCell {TH} at (2,122) size 49x21 [border: (1px inset #808080)] [r=3 c=0 rs=1 cs=1]
              RenderText {#text} at (2,2) size 45x17
                text run at (2,2) width 45: "Bonita"
            RenderTableCell {TD} at (53,122) size 100x21 [border: (1px inset #808080)] [r=3 c=1 rs=1 cs=1]
              RenderText {#text} at (2,2) size 28x17
                text run at (2,2) width 28: "N/A"
