layer at (0,0) size 800x600
  RenderView at (0,0) size 800x600
layer at (0,0) size 800x600
  RenderBlock {HTML} at (0,0) size 800x600
    RenderBody {BODY} at (8,8) size 784x584
      RenderBlock (anonymous) at (0,0) size 784x17
        RenderText {#text} at (0,0) size 576x17
          text run at (0,0) width 576: "The TH tag uses the ALIGN attribute. The contents in the TH tag should be center aligned."
        RenderBR {BR} at (576,14) size 0x0
      RenderTable {TABLE} at (0,17) size 293x50 [border: (1px outset #808080)]
        RenderTableSection {TBODY} at (1,1) size 291x48
          RenderTableRow {TR} at (0,2) size 291x21
            RenderTableCell {TH} at (2,2) size 281x21 [border: (1px inset #808080)] [r=0 c=0 rs=1 cs=1]
              RenderText {#text} at (56,2) size 169x17
                text run at (56,2) width 169: "Netscape Communicator"
            RenderTableCell {TH} at (285,10) size 4x5 [border: (1px inset #808080)] [r=0 c=1 rs=1 cs=1]
          RenderTableRow {TR} at (0,25) size 291x21
            RenderTableCell {TD} at (2,25) size 281x21 [border: (1px inset #808080)] [r=1 c=0 rs=1 cs=1]
              RenderText {#text} at (2,2) size 277x17
                text run at (2,2) width 277: "Available on the Mac/PC/UNIX platforms !"
