layer at (0,0) size 800x600
  RenderView at (0,0) size 800x600
layer at (0,0) size 800x600
  RenderBlock {HTML} at (0,0) size 800x600
    RenderBody {BODY} at (8,8) size 784x584
      RenderBlock (anonymous) at (0,0) size 784x34
        RenderText {#text} at (0,0) size 763x34
          text run at (0,0) width 693: "This test case shows how WIDTH can set the width of the table to a fixed size using PERCENT. PERCENT "
          text run at (693,0) width 70: "is based on"
          text run at (0,17) width 444: "the percentage of the space between the current left and right margins. "
          text run at (444,17) width 253: "This first table has a width of 80 percent"
      RenderTable {TABLE} at (0,34) size 628x44
        RenderTableSection {TBODY} at (0,0) size 628x44
          RenderTableRow {TR} at (0,2) size 628x19
            RenderTableCell {TD} at (2,2) size 210x19 [r=0 c=0 rs=1 cs=1]
              RenderText {#text} at (1,1) size 63x17
                text run at (1,1) width 63: "Navigator"
            RenderTableCell {TD} at (213,2) size 220x19 [r=0 c=1 rs=1 cs=1]
              RenderText {#text} at (1,1) size 68x17
                text run at (1,1) width 68: "Messenger"
            RenderTableCell {TD} at (434,2) size 192x19 [r=0 c=2 rs=1 cs=1]
              RenderText {#text} at (1,1) size 54x17
                text run at (1,1) width 54: "Collabra"
          RenderTableRow {TR} at (0,23) size 628x19
            RenderTableCell {TD} at (2,23) size 210x19 [r=1 c=0 rs=1 cs=1]
              RenderText {#text} at (1,1) size 65x17
                text run at (1,1) width 65: "Composer"
            RenderTableCell {TD} at (213,23) size 220x19 [r=1 c=1 rs=1 cs=1]
              RenderText {#text} at (1,1) size 57x17
                text run at (1,1) width 57: "Calendar"
            RenderTableCell {TD} at (434,23) size 192x19 [r=1 c=2 rs=1 cs=1]
              RenderText {#text} at (1,1) size 59x17
                text run at (1,1) width 59: "Netcaster"
      RenderBlock (anonymous) at (0,78) size 784x34
        RenderBR {BR} at (0,0) size 0x17
        RenderText {#text} at (0,17) size 313x17
          text run at (0,17) width 313: "While, this second table has a width of 50 percent"
      RenderTable {TABLE} at (0,112) size 392x44
        RenderTableSection {TBODY} at (0,0) size 392x44
          RenderTableRow {TR} at (0,2) size 392x19
            RenderTableCell {TD} at (2,2) size 130x19 [r=0 c=0 rs=1 cs=1]
              RenderText {#text} at (1,1) size 63x17
                text run at (1,1) width 63: "Navigator"
            RenderTableCell {TD} at (133,2) size 137x19 [r=0 c=1 rs=1 cs=1]
              RenderText {#text} at (1,1) size 68x17
                text run at (1,1) width 68: "Messenger"
            RenderTableCell {TD} at (271,2) size 120x19 [r=0 c=2 rs=1 cs=1]
              RenderText {#text} at (1,1) size 54x17
                text run at (1,1) width 54: "Collabra"
          RenderTableRow {TR} at (0,23) size 392x19
            RenderTableCell {TD} at (2,23) size 130x19 [r=1 c=0 rs=1 cs=1]
              RenderText {#text} at (1,1) size 65x17
                text run at (1,1) width 65: "Composer"
            RenderTableCell {TD} at (133,23) size 137x19 [r=1 c=1 rs=1 cs=1]
              RenderText {#text} at (1,1) size 57x17
                text run at (1,1) width 57: "Calendar"
            RenderTableCell {TD} at (271,23) size 120x19 [r=1 c=2 rs=1 cs=1]
              RenderText {#text} at (1,1) size 59x17
                text run at (1,1) width 59: "Netcaster"
