layer at (0,0) size 800x600
  RenderView at (0,0) size 800x600
layer at (0,0) size 800x600
  RenderBlock {HTML} at (0,0) size 800x600
    RenderBody {BODY} at (8,8) size 784x584
      RenderBlock (anonymous) at (0,0) size 784x51
        RenderText {#text} at (0,0) size 776x51
          text run at (0,0) width 304: "CELLSPACING controls the distance in pixels "
          text run at (304,0) width 472: "between each cell in the table. The first table has a cellspacing of 15 pixels;"
          text run at (0,17) width 250: "the second table isn't using cellspacing. "
          text run at (250,17) width 492: "Notice the difference here. The first table should be rendered with a wider gap"
          text run at (0,34) width 116: "between the cells. "
        RenderBR {BR} at (116,48) size 0x0
      RenderTable {TABLE} at (0,51) size 258x83
        RenderTableSection {TBODY} at (0,0) size 258x83
          RenderTableRow {TR} at (0,15) size 258x19
            RenderTableCell {TD} at (15,15) size 67x19 [r=0 c=0 rs=1 cs=1]
              RenderText {#text} at (1,1) size 63x17
                text run at (1,1) width 63: "Navigator"
            RenderTableCell {TD} at (97,15) size 70x19 [r=0 c=1 rs=1 cs=1]
              RenderText {#text} at (1,1) size 68x17
                text run at (1,1) width 68: "Messenger"
            RenderTableCell {TD} at (182,15) size 61x19 [r=0 c=2 rs=1 cs=1]
              RenderText {#text} at (1,1) size 54x17
                text run at (1,1) width 54: "Collabra"
          RenderTableRow {TR} at (0,49) size 258x19
            RenderTableCell {TD} at (15,49) size 67x19 [r=1 c=0 rs=1 cs=1]
              RenderText {#text} at (1,1) size 65x17
                text run at (1,1) width 65: "Composer"
            RenderTableCell {TD} at (97,49) size 70x19 [r=1 c=1 rs=1 cs=1]
              RenderText {#text} at (1,1) size 57x17
                text run at (1,1) width 57: "Calendar"
            RenderTableCell {TD} at (182,49) size 61x19 [r=1 c=2 rs=1 cs=1]
              RenderText {#text} at (1,1) size 59x17
                text run at (1,1) width 59: "Netcaster"
      RenderBlock (anonymous) at (0,134) size 784x51
        RenderBR {BR} at (0,0) size 0x17
        RenderBR {BR} at (0,17) size 0x17
        RenderText {#text} at (0,34) size 216x17
          text run at (0,34) width 216: "This table contains no cellspacing."
      RenderTable {TABLE} at (0,185) size 206x44
        RenderTableSection {TBODY} at (0,0) size 206x44
          RenderTableRow {TR} at (0,2) size 206x19
            RenderTableCell {TD} at (2,2) size 67x19 [r=0 c=0 rs=1 cs=1]
              RenderText {#text} at (1,1) size 63x17
                text run at (1,1) width 63: "Navigator"
            RenderTableCell {TD} at (71,2) size 70x19 [r=0 c=1 rs=1 cs=1]
              RenderText {#text} at (1,1) size 68x17
                text run at (1,1) width 68: "Messenger"
            RenderTableCell {TD} at (143,2) size 61x19 [r=0 c=2 rs=1 cs=1]
              RenderText {#text} at (1,1) size 54x17
                text run at (1,1) width 54: "Collabra"
          RenderTableRow {TR} at (0,23) size 206x19
            RenderTableCell {TD} at (2,23) size 67x19 [r=1 c=0 rs=1 cs=1]
              RenderText {#text} at (1,1) size 65x17
                text run at (1,1) width 65: "Composer"
            RenderTableCell {TD} at (71,23) size 70x19 [r=1 c=1 rs=1 cs=1]
              RenderText {#text} at (1,1) size 57x17
                text run at (1,1) width 57: "Calendar"
            RenderTableCell {TD} at (143,23) size 61x19 [r=1 c=2 rs=1 cs=1]
              RenderText {#text} at (1,1) size 59x17
                text run at (1,1) width 59: "Netcaster"
