layer at (0,0) size 800x600
  RenderView at (0,0) size 800x600
layer at (0,0) size 800x600
  RenderBlock {HTML} at (0,0) size 800x600
    RenderBody {BODY} at (8,8) size 784x584
      RenderBlock (anonymous) at (0,0) size 784x34
        RenderText {#text} at (0,0) size 781x34
          text run at (0,0) width 598: "This test case shows how WIDTH can set the width of the table to a fixed size using PIXELS. "
          text run at (598,0) width 183: "This first table has a width of"
          text run at (0,17) width 69: "400 pixels."
      RenderTable {TABLE} at (0,34) size 400x44
        RenderTableSection {TBODY} at (0,0) size 400x44
          RenderTableRow {TR} at (0,2) size 400x19
            RenderTableCell {TD} at (2,2) size 133x19 [r=0 c=0 rs=1 cs=1]
              RenderText {#text} at (1,1) size 63x17
                text run at (1,1) width 63: "Navigator"
            RenderTableCell {TD} at (136,2) size 140x19 [r=0 c=1 rs=1 cs=1]
              RenderText {#text} at (1,1) size 68x17
                text run at (1,1) width 68: "Messenger"
            RenderTableCell {TD} at (277,2) size 122x19 [r=0 c=2 rs=1 cs=1]
              RenderText {#text} at (1,1) size 54x17
                text run at (1,1) width 54: "Collabra"
          RenderTableRow {TR} at (0,23) size 400x19
            RenderTableCell {TD} at (2,23) size 133x19 [r=1 c=0 rs=1 cs=1]
              RenderText {#text} at (1,1) size 65x17
                text run at (1,1) width 65: "Composer"
            RenderTableCell {TD} at (136,23) size 140x19 [r=1 c=1 rs=1 cs=1]
              RenderText {#text} at (1,1) size 57x17
                text run at (1,1) width 57: "Calendar"
            RenderTableCell {TD} at (277,23) size 122x19 [r=1 c=2 rs=1 cs=1]
              RenderText {#text} at (1,1) size 59x17
                text run at (1,1) width 59: "Netcaster"
      RenderBlock (anonymous) at (0,78) size 784x34
        RenderBR {BR} at (0,0) size 0x17
        RenderText {#text} at (0,17) size 316x17
          text run at (0,17) width 316: "While, this second table has a width of 300 pixels."
      RenderTable {TABLE} at (0,112) size 300x44
        RenderTableSection {TBODY} at (0,0) size 300x44
          RenderTableRow {TR} at (0,2) size 300x19
            RenderTableCell {TD} at (2,2) size 99x19 [r=0 c=0 rs=1 cs=1]
              RenderText {#text} at (1,1) size 63x17
                text run at (1,1) width 63: "Navigator"
            RenderTableCell {TD} at (102,2) size 105x19 [r=0 c=1 rs=1 cs=1]
              RenderText {#text} at (1,1) size 68x17
                text run at (1,1) width 68: "Messenger"
            RenderTableCell {TD} at (208,2) size 91x19 [r=0 c=2 rs=1 cs=1]
              RenderText {#text} at (1,1) size 54x17
                text run at (1,1) width 54: "Collabra"
          RenderTableRow {TR} at (0,23) size 300x19
            RenderTableCell {TD} at (2,23) size 99x19 [r=1 c=0 rs=1 cs=1]
              RenderText {#text} at (1,1) size 65x17
                text run at (1,1) width 65: "Composer"
            RenderTableCell {TD} at (102,23) size 105x19 [r=1 c=1 rs=1 cs=1]
              RenderText {#text} at (1,1) size 57x17
                text run at (1,1) width 57: "Calendar"
            RenderTableCell {TD} at (208,23) size 91x19 [r=1 c=2 rs=1 cs=1]
              RenderText {#text} at (1,1) size 59x17
                text run at (1,1) width 59: "Netcaster"
