layer at (0,0) size 800x600
  RenderView at (0,0) size 800x600
layer at (0,0) size 800x59
  RenderBlock {html} at (0,0) size 800x59
    RenderBody {body} at (8,8) size 784x43
      RenderTable {table} at (0,0) size 484x43 [border: (1px outset #808080)]
        RenderTableSection (anonymous) at (1,1) size 482x41
          RenderTableRow {tr} at (0,10) size 482x21
            RenderTableCell {td} at (10,10) size 226x21 [border: (1px inset #808080)] [r=0 c=0 rs=1 cs=1]
              RenderText {#text} at (2,2) size 222x17
                text run at (2,2) width 222: "This cell should have 10px spacing"
            RenderTableCell {td} at (246,10) size 226x21 [border: (1px inset #808080)] [r=0 c=1 rs=1 cs=1]
              RenderText {#text} at (2,2) size 222x17
                text run at (2,2) width 222: "This cell should have 10px spacing"
