layer at (0,0) size 800x600
  RenderView at (0,0) size 800x600
layer at (0,0) size 800x137
  RenderBlock {html} at (0,0) size 800x137
    RenderBody {body} at (8,16) size 784x113
      RenderBlock {p} at (0,0) size 784x17
        RenderText {#text} at (0,0) size 485x17
          text run at (0,0) width 408: "There should be rules around each row and column group in the "
          text run at (408,0) width 77: "table below."
      RenderTable {table} at (0,33) size 184x80 [border: none]
        RenderTableCol {colgroup} at (0,0) size 0x0 [border: none (1px solid #000000) none (1px solid #000000)]
          RenderTableCol {col} at (0,0) size 0x0
        RenderTableCol {colgroup} at (0,0) size 0x0 [border: none (1px solid #000000) none (1px solid #000000)]
          RenderTableCol {col} at (0,0) size 0x0
        RenderTableCol {colgroup} at (0,0) size 0x0 [border: none (1px solid #000000) none (1px solid #000000)]
          RenderTableCol {col} at (0,0) size 0x0
        RenderTableSection {thead} at (0,0) size 183x20 [border: (1px solid #808080) none (1px solid #808080) none]
          RenderTableRow {tr} at (0,0) size 183x20
            RenderTableCell {th} at (0,0) size 61x20 [border: (1px none #000000)] [r=0 c=0 rs=1 cs=1]
              RenderText {#text} at (2,2) size 58x17
                text run at (2,2) width 58: "THEAD"
            RenderTableCell {th} at (61,0) size 61x20 [border: (1px none #000000)] [r=0 c=1 rs=1 cs=1]
              RenderText {#text} at (2,2) size 58x17
                text run at (2,2) width 58: "THEAD"
            RenderTableCell {th} at (122,0) size 61x20 [border: (1px none #000000)] [r=0 c=2 rs=1 cs=1]
              RenderText {#text} at (2,2) size 58x17
                text run at (2,2) width 58: "THEAD"
        RenderTableSection {tfoot} at (0,59) size 183x20 [border: (1px solid #808080) none (1px solid #808080) none]
          RenderTableRow {tr} at (0,0) size 183x20
            RenderTableCell {td} at (0,0) size 61x20 [border: (1px none #000000)] [r=0 c=0 rs=1 cs=1]
              RenderText {#text} at (2,2) size 53x17
                text run at (2,2) width 53: "TFOOT"
            RenderTableCell {td} at (61,0) size 61x20 [border: (1px none #000000)] [r=0 c=1 rs=1 cs=1]
              RenderText {#text} at (2,2) size 53x17
                text run at (2,2) width 53: "TFOOT"
            RenderTableCell {td} at (122,0) size 61x20 [border: (1px none #000000)] [r=0 c=2 rs=1 cs=1]
              RenderText {#text} at (2,2) size 53x17
                text run at (2,2) width 53: "TFOOT"
        RenderTableSection {tbody} at (0,20) size 183x39 [border: (1px solid #808080) none (1px solid #808080) none]
          RenderTableRow {tr} at (0,0) size 183x20
            RenderTableCell {td} at (0,0) size 61x20 [border: (1px none #000000)] [r=0 c=0 rs=1 cs=1]
              RenderText {#text} at (2,2) size 57x17
                text run at (2,2) width 57: "TBODY"
            RenderTableCell {td} at (61,0) size 61x20 [border: (1px none #000000)] [r=0 c=1 rs=1 cs=1]
              RenderText {#text} at (2,2) size 57x17
                text run at (2,2) width 57: "TBODY"
            RenderTableCell {td} at (122,0) size 61x20 [border: (1px none #000000)] [r=0 c=2 rs=1 cs=1]
              RenderText {#text} at (2,2) size 57x17
                text run at (2,2) width 57: "TBODY"
          RenderTableRow {tr} at (0,20) size 183x19
            RenderTableCell {td} at (0,20) size 61x19 [border: none] [r=1 c=0 rs=1 cs=1]
              RenderText {#text} at (2,1) size 57x17
                text run at (2,1) width 57: "TBODY"
            RenderTableCell {td} at (61,20) size 61x19 [border: none] [r=1 c=1 rs=1 cs=1]
              RenderText {#text} at (2,1) size 57x17
                text run at (2,1) width 57: "TBODY"
            RenderTableCell {td} at (122,20) size 61x19 [border: none] [r=1 c=2 rs=1 cs=1]
              RenderText {#text} at (2,1) size 57x17
                text run at (2,1) width 57: "TBODY"
