layer at (0,0) size 800x600
  RenderView at (0,0) size 800x600
layer at (0,0) size 800x94
  RenderBlock {html} at (0,0) size 800x94
    RenderBody {body} at (8,8) size 784x78
      RenderTable {table} at (0,0) size 784x78 [border: (1px outset #808080)]
        RenderTableSection (anonymous) at (1,1) size 782x76
          RenderTableRow {tr} at (0,2) size 782x72
            RenderTableCell {td} at (2,2) size 389x72 [border: (1px inset #808080)] [r=0 c=0 rs=1 cs=1]
              RenderText {#text} at (2,2) size 385x68
                text run at (2,2) width 213: "This cell text should be justified "
                text run at (214,2) width 173: "which means that the right"
                text run at (2,19) width 248: "and left margins should line up, no "
                text run at (249,19) width 138: "matter how long the"
                text run at (2,36) width 295: "content becomes (except the last line which "
                text run at (296,36) width 91: "should be left"
                text run at (2,53) width 51: "aligned)"
            RenderTableCell {td} at (392,27) size 389x22 [border: (1px inset #808080)] [r=0 c=1 rs=1 cs=1]
              RenderText {#text} at (2,2) size 224x18
                text run at (2,3) width 224: "This cell text should be left justified"
