layer at (0,0) size 800x600
  RenderView at (0,0) size 800x600
layer at (0,0) size 800x66
  RenderBlock {html} at (0,0) size 800x66
    RenderBody {body} at (8,8) size 784x50
      RenderTable {table} at (0,0) size 188x50 [border: (1px outset #808080)]
        RenderTableSection (anonymous) at (1,1) size 186x48
          RenderTableRow {tr} at (0,2) size 186x21
            RenderTableCell {td} at (2,2) size 182x21 [border: (1px inset #808080)] [r=0 c=0 rs=1 cs=2]
              RenderText {#text} at (2,2) size 178x17
                text run at (2,2) width 178: "This cell spans two columns"
          RenderTableRow {tr} at (0,25) size 186x21
            RenderTableCell {td} at (2,25) size 90x21 [border: (1px inset #808080)] [r=1 c=0 rs=1 cs=1]
              RenderText {#text} at (2,2) size 52x17
                text run at (2,2) width 52: "xxx xxx"
            RenderTableCell {td} at (94,25) size 90x21 [border: (1px inset #808080)] [r=1 c=1 rs=1 cs=1]
              RenderText {#text} at (2,2) size 52x17
                text run at (2,2) width 52: "xxx xxx"
