layer at (0,0) size 800x600
  RenderView at (0,0) size 800x600
layer at (0,0) size 800x316
  RenderBlock {html} at (0,0) size 800x316
    RenderBody {body} at (8,16) size 784x292
      RenderBlock {p} at (0,0) size 784x17
        RenderText {#text} at (0,0) size 163x17
          text run at (0,0) width 163: "THEAD VALIGN=TOP"
      RenderTable {table} at (0,33) size 657x259 [border: (1px outset #808080)]
        RenderTableSection {thead} at (1,1) size 655x211
          RenderTableRow {tr} at (0,2) size 655x207
            RenderTableCell {td} at (2,2) size 204x207 [border: (1px inset #808080)] [r=0 c=0 rs=1 cs=1]
              RenderImage {img} at (2,2) size 200x200
            RenderTableCell {td} at (208,2) size 445x21 [border: (1px inset #808080)] [r=0 c=1 rs=1 cs=1]
              RenderText {#text} at (2,2) size 441x17
                text run at (2,2) width 380: "The top of this text should be vertically aligned to the top of "
                text run at (382,2) width 61: "the image"
        RenderTableSection {tfoot} at (1,235) size 655x23
          RenderTableRow {tr} at (0,0) size 655x21
            RenderTableCell {td} at (2,0) size 204x21 [border: (1px inset #808080)] [r=0 c=0 rs=1 cs=1]
              RenderText {#text} at (2,2) size 53x17
                text run at (2,2) width 53: "TFOOT"
            RenderTableCell {td} at (208,0) size 445x21 [border: (1px inset #808080)] [r=0 c=1 rs=1 cs=1]
              RenderText {#text} at (2,2) size 53x17
                text run at (2,2) width 53: "TFOOT"
        RenderTableSection {tbody} at (1,212) size 655x23
          RenderTableRow {tr} at (0,0) size 655x21
            RenderTableCell {td} at (2,0) size 204x21 [border: (1px inset #808080)] [r=0 c=0 rs=1 cs=1]
              RenderText {#text} at (2,2) size 57x17
                text run at (2,2) width 57: "TBODY"
            RenderTableCell {td} at (208,0) size 445x21 [border: (1px inset #808080)] [r=0 c=1 rs=1 cs=1]
              RenderText {#text} at (2,2) size 57x17
                text run at (2,2) width 57: "TBODY"
