layer at (0,0) size 800x600
  RenderView at (0,0) size 800x600
layer at (0,0) size 800x130
  RenderBlock {html} at (0,0) size 800x130
    RenderBody {body} at (8,16) size 784x106
      RenderBlock {p} at (0,0) size 784x17
        RenderText {#text} at (0,0) size 321x17
          text run at (0,0) width 321: "In this test, the THEAD text should be left aligned."
      RenderTable {table} at (0,33) size 179x73 [border: (1px outset #808080)]
        RenderTableSection {thead} at (1,1) size 177x25
          RenderTableRow {tr} at (0,2) size 177x21
            RenderTableCell {td} at (2,2) size 173x21 [border: (1px inset #808080)] [r=0 c=0 rs=1 cs=1]
              RenderText {#text} at (2,2) size 56x17
                text run at (2,2) width 56: "THEAD"
        RenderTableSection {tfoot} at (1,49) size 177x23
          RenderTableRow {tr} at (0,0) size 177x21
            RenderTableCell {td} at (2,0) size 173x21 [border: (1px inset #808080)] [r=0 c=0 rs=1 cs=1]
              RenderText {#text} at (2,2) size 165x17
                text run at (2,2) width 165: "This text is in the TFOOT"
        RenderTableSection {tbody} at (1,26) size 177x23
          RenderTableRow {tr} at (0,0) size 177x21
            RenderTableCell {td} at (2,0) size 173x21 [border: (1px inset #808080)] [r=0 c=0 rs=1 cs=1]
              RenderText {#text} at (2,2) size 169x17
                text run at (2,2) width 169: "This text is in the TBODY"
