layer at (0,0) size 800x600
  RenderView at (0,0) size 800x600
layer at (0,0) size 800x198
  RenderBlock {html} at (0,0) size 800x198
    RenderBody {body} at (8,16) size 784x174
      RenderBlock {p} at (0,0) size 784x17
        RenderText {#text} at (0,0) size 301x17
          text run at (0,0) width 301: "In this test, the THEAD text should be justified."
      RenderTable {table} at (0,33) size 300x141 [border: (1px outset #808080)]
        RenderTableSection {thead} at (1,1) size 298x93
          RenderTableRow {tr} at (0,2) size 298x89
            RenderTableCell {td} at (2,2) size 294x89 [border: (1px inset #808080)] [r=0 c=0 rs=1 cs=1]
              RenderText {#text} at (2,2) size 290x85
                text run at (2,2) width 290: "This THEAD text should be justified which"
                text run at (2,19) width 137: "means that the right "
                text run at (138,19) width 154: "and left margins should"
                text run at (2,36) width 290: "line up, no matter how long the content"
                text run at (2,53) width 290: "becomes (except the last line which should be"
                text run at (2,70) width 75: "left aligned)"
        RenderTableSection {tfoot} at (1,117) size 298x23
          RenderTableRow {tr} at (0,0) size 298x21
            RenderTableCell {td} at (2,0) size 294x21 [border: (1px inset #808080)] [r=0 c=0 rs=1 cs=1]
              RenderText {#text} at (2,2) size 165x17
                text run at (2,2) width 165: "This text is in the TFOOT"
        RenderTableSection {tbody} at (1,94) size 298x23
          RenderTableRow {tr} at (0,0) size 298x21
            RenderTableCell {td} at (2,0) size 294x21 [border: (1px inset #808080)] [r=0 c=0 rs=1 cs=1]
              RenderText {#text} at (2,2) size 169x17
                text run at (2,2) width 169: "This text is in the TBODY"
