layer at (0,0) size 800x600
  RenderView at (0,0) size 800x600
layer at (0,0) size 800x270
  RenderBlock {html} at (0,0) size 800x270
    RenderBody {body} at (8,16) size 784x246
      RenderBlock {p} at (0,0) size 784x17
        RenderText {#text} at (0,0) size 166x17
          text run at (0,0) width 166: "TR VALIGN=BOTTOM"
      RenderTable {table} at (0,33) size 784x213 [border: (1px outset #808080)]
        RenderTableSection (anonymous) at (1,1) size 782x211
          RenderTableRow {tr} at (0,2) size 782x207
            RenderTableCell {td} at (2,2) size 204x207 [border: (1px inset #808080)] [r=0 c=0 rs=1 cs=1]
              RenderImage {img} at (2,2) size 200x200
            RenderTableCell {td} at (208,154) size 572x55 [border: (1px inset #808080)] [r=0 c=1 rs=1 cs=1]
              RenderText {#text} at (2,2) size 561x51
                text run at (2,2) width 363: "The bottom of this text should be vertically aligned to the "
                text run at (365,2) width 198: "bottom of the image. x-fill x-fill"
                text run at (2,19) width 136: "x-fill x-fill x-fill x-fill "
                text run at (138,19) width 306: "x-fill x-fill x-fill x-fill x-fill x-fill x-fill x-fill x-fill "
                text run at (444,19) width 115: "x-fill x-fill x-fill x-"
                text run at (2,36) width 191: "fill x-fill x-fill x-fill x-fill x-fill "
                text run at (193,36) width 132: "x-fill x-fill x-fill x-fill"
