layer at (0,0) size 800x600
  RenderView at (0,0) size 800x600
layer at (0,0) size 800x290
  RenderBlock {HTML} at (0,0) size 800x290
    RenderBody {BODY} at (8,16) size 784x258
      RenderBlock {P} at (0,0) size 784x18
        RenderText {#text} at (0,0) size 314x18
          text run at (0,0) width 314: "This test is a basic check for using text-overflow."
      RenderBlock {P} at (0,34) size 784x64
        RenderText {#text} at (0,0) size 489x18
          text run at (0,0) width 489: "Apply \"text-overflow:clip\" to inputs. The following input should be clipped:"
        RenderBR {BR} at (488,0) size 1x18
        RenderTextControl {INPUT} at (2,20) size 137x19 [bgcolor=#FFFFFF] [border: (2px inset #000000)]
        RenderText {#text} at (140,20) size 5x18
          text run at (140,20) width 5: " "
        RenderTextControl {INPUT} at (146,20) size 164x19 [bgcolor=#FFFFFF] [border: (2px inset #000000)]
          RenderFlexibleBox {DIV} at (3,0) size 158x19
            RenderBlock {DIV} at (0,0) size 8x19
            RenderBlock {DIV} at (8,3) size 131x13
            RenderBlock {DIV} at (138,0) size 20x19
        RenderText {#text} at (311,20) size 5x18
          text run at (311,20) width 5: " "
        RenderTextControl {INPUT} at (317,20) size 138x19 [bgcolor=#FFFFFF] [border: (2px inset #000000)]
        RenderText {#text} at (456,20) size 5x18
          text run at (456,20) width 5: " "
        RenderTextControl {INPUT} at (462,20) size 164x19 [bgcolor=#FFFFFF] [border: (2px inset #000000)]
          RenderFlexibleBox {DIV} at (3,0) size 158x19
            RenderBlock {DIV} at (0,0) size 8x19
            RenderBlock {DIV} at (8,3) size 131x13
            RenderBlock {DIV} at (138,0) size 20x19
        RenderText {#text} at (627,20) size 5x18
          text run at (627,20) width 5: " "
        RenderTextControl {INPUT} at (633,20) size 137x19 [bgcolor=#FFFFFF] [border: (2px inset #000000)]
          RenderFlexibleBox {DIV} at (3,3) size 131x13
            RenderBlock {DIV} at (0,0) size 131x13
        RenderBR {BR} at (771,20) size 1x18
        RenderTextControl {INPUT} at (2,43) size 137x19 [bgcolor=#FFFFFF] [border: (2px inset #000000)]
        RenderText {#text} at (140,43) size 5x18
          text run at (140,43) width 5: " "
        RenderTextControl {INPUT} at (146,43) size 164x19 [bgcolor=#FFFFFF] [border: (2px inset #000000)]
          RenderFlexibleBox {DIV} at (3,0) size 158x19
            RenderBlock {DIV} at (149,0) size 9x19
            RenderBlock {DIV} at (19,3) size 131x13
            RenderBlock {DIV} at (0,0) size 19x19
        RenderText {#text} at (311,43) size 5x18
          text run at (311,43) width 5: " "
        RenderTextControl {INPUT} at (317,43) size 138x19 [bgcolor=#FFFFFF] [border: (2px inset #000000)]
        RenderText {#text} at (456,43) size 5x18
          text run at (456,43) width 5: " "
        RenderTextControl {INPUT} at (462,43) size 164x19 [bgcolor=#FFFFFF] [border: (2px inset #000000)]
          RenderFlexibleBox {DIV} at (3,0) size 158x19
            RenderBlock {DIV} at (149,0) size 9x19
            RenderBlock {DIV} at (19,3) size 131x13
            RenderBlock {DIV} at (0,0) size 19x19
        RenderText {#text} at (627,43) size 5x18
          text run at (627,43) width 5: " "
        RenderTextControl {INPUT} at (633,43) size 137x19 [bgcolor=#FFFFFF] [border: (2px inset #000000)]
          RenderFlexibleBox {DIV} at (3,3) size 131x13
            RenderBlock {DIV} at (0,0) size 131x13
        RenderText {#text} at (0,0) size 0x0
      RenderBlock {P} at (0,114) size 784x64
        RenderText {#text} at (0,0) size 546x18
          text run at (0,0) width 546: "Apply \"text-overflow:ellipsis\" to inputs. The following input should show an ellipsis:"
        RenderBR {BR} at (545,0) size 1x18
        RenderTextControl {INPUT} at (2,20) size 137x19 [bgcolor=#FFFFFF] [border: (2px inset #000000)]
        RenderText {#text} at (140,20) size 5x18
          text run at (140,20) width 5: " "
        RenderTextControl {INPUT} at (146,20) size 164x19 [bgcolor=#FFFFFF] [border: (2px inset #000000)]
          RenderFlexibleBox {DIV} at (3,0) size 158x19
            RenderBlock {DIV} at (0,0) size 8x19
            RenderBlock {DIV} at (8,3) size 131x13
            RenderBlock {DIV} at (138,0) size 20x19
        RenderText {#text} at (311,20) size 5x18
          text run at (311,20) width 5: " "
        RenderTextControl {INPUT} at (317,20) size 138x19 [bgcolor=#FFFFFF] [border: (2px inset #000000)]
        RenderText {#text} at (456,20) size 5x18
          text run at (456,20) width 5: " "
        RenderTextControl {INPUT} at (462,20) size 164x19 [bgcolor=#FFFFFF] [border: (2px inset #000000)]
          RenderFlexibleBox {DIV} at (3,0) size 158x19
            RenderBlock {DIV} at (0,0) size 8x19
            RenderBlock {DIV} at (8,3) size 131x13
            RenderBlock {DIV} at (138,0) size 20x19
        RenderText {#text} at (627,20) size 5x18
          text run at (627,20) width 5: " "
        RenderTextControl {INPUT} at (633,20) size 137x19 [bgcolor=#FFFFFF] [border: (2px inset #000000)]
          RenderFlexibleBox {DIV} at (3,3) size 131x13
            RenderBlock {DIV} at (0,0) size 131x13
        RenderBR {BR} at (771,20) size 1x18
        RenderTextControl {INPUT} at (2,43) size 137x19 [bgcolor=#FFFFFF] [border: (2px inset #000000)]
        RenderText {#text} at (140,43) size 5x18
          text run at (140,43) width 5: " "
        RenderTextControl {INPUT} at (146,43) size 164x19 [bgcolor=#FFFFFF] [border: (2px inset #000000)]
          RenderFlexibleBox {DIV} at (3,0) size 158x19
            RenderBlock {DIV} at (149,0) size 9x19
            RenderBlock {DIV} at (19,3) size 131x13
            RenderBlock {DIV} at (0,0) size 19x19
        RenderText {#text} at (311,43) size 5x18
          text run at (311,43) width 5: " "
        RenderTextControl {INPUT} at (317,43) size 138x19 [bgcolor=#FFFFFF] [border: (2px inset #000000)]
        RenderText {#text} at (456,43) size 5x18
          text run at (456,43) width 5: " "
        RenderTextControl {INPUT} at (462,43) size 164x19 [bgcolor=#FFFFFF] [border: (2px inset #000000)]
          RenderFlexibleBox {DIV} at (3,0) size 158x19
            RenderBlock {DIV} at (149,0) size 9x19
            RenderBlock {DIV} at (19,3) size 131x13
            RenderBlock {DIV} at (0,0) size 19x19
        RenderText {#text} at (627,43) size 5x18
          text run at (627,43) width 5: " "
        RenderTextControl {INPUT} at (633,43) size 137x19 [bgcolor=#FFFFFF] [border: (2px inset #000000)]
          RenderFlexibleBox {DIV} at (3,3) size 131x13
            RenderBlock {DIV} at (0,0) size 131x13
        RenderText {#text} at (0,0) size 0x0
      RenderBlock {P} at (0,194) size 784x64
        RenderText {#text} at (0,0) size 237x18
          text run at (0,0) width 237: "Dynamic style change text-overflow:"
        RenderBR {BR} at (236,0) size 1x18
        RenderText {#text} at (0,20) size 247x18
          text run at (0,20) width 247: "Clip to ellipsis (should show ellipsis): "
        RenderTextControl {INPUT} at (248,20) size 137x19 [bgcolor=#FFFFFF] [border: (2px inset #000000)]
        RenderText {#text} at (386,20) size 5x18
          text run at (386,20) width 5: " "
        RenderTextControl {INPUT} at (392,20) size 137x19 [bgcolor=#FFFFFF] [border: (2px inset #000000)]
        RenderText {#text} at (530,20) size 5x18
          text run at (530,20) width 5: " "
        RenderBR {BR} at (0,0) size 0x0
        RenderText {#text} at (0,43) size 270x18
          text run at (0,43) width 270: "Ellipsis to clip (should not show ellipsis): "
        RenderTextControl {INPUT} at (271,43) size 138x19 [bgcolor=#FFFFFF] [border: (2px inset #000000)]
        RenderText {#text} at (410,43) size 5x18
          text run at (410,43) width 5: " "
        RenderTextControl {INPUT} at (416,43) size 137x19 [bgcolor=#FFFFFF] [border: (2px inset #000000)]
        RenderText {#text} at (554,43) size 5x18
          text run at (554,43) width 5: " "
        RenderBR {BR} at (0,0) size 0x0
layer at (13,73) size 130x13 scrollWidth 291
  RenderBlock {DIV} at (3,3) size 131x13 [color=#A9A9A9]
    RenderText {#text} at (0,0) size 291x13
      text run at (0,0) width 291: "Lorem ipsum dolor sit amet, consectetur adipiscing elit"
layer at (13,73) size 130x13
  RenderBlock {DIV} at (3,3) size 131x13
layer at (165,73) size 130x13 scrollWidth 291
  RenderBlock {DIV} at (11,3) size 131x13 [color=#A9A9A9]
    RenderText {#text} at (0,0) size 291x13
      text run at (0,0) width 291: "Lorem ipsum dolor sit amet, consectetur adipiscing elit"
layer at (165,73) size 130x13
  RenderBlock {DIV} at (0,0) size 131x13
layer at (329,73) size 130x13 scrollWidth 292
  RenderBlock {DIV} at (3,3) size 131x13
    RenderText {#text} at (0,0) size 291x13
      text run at (0,0) width 291: "Lorem ipsum dolor sit amet, consectetur adipiscing elit"
layer at (481,73) size 130x13 scrollWidth 292
  RenderBlock {DIV} at (0,0) size 131x13
    RenderText {#text} at (0,0) size 291x13
      text run at (0,0) width 291: "Lorem ipsum dolor sit amet, consectetur adipiscing elit"
layer at (644,73) size 130x13 scrollWidth 362
  RenderBlock {DIV} at (0,0) size 131x13
    RenderText {#text} at (0,0) size 361x13
      text run at (0,0) width 361: "\x{2022}\x{2022}\x{2022}\x{2022}\x{2022}\x{2022}\x{2022}\x{2022}\x{2022}\x{2022}\x{2022}\x{2022}\x{2022}\x{2022}\x{2022}\x{2022}\x{2022}\x{2022}\x{2022}\x{2022}\x{2022}\x{2022}\x{2022}\x{2022}\x{2022}\x{2022}\x{2022}\x{2022}\x{2022}\x{2022}\x{2022}\x{2022}\x{2022}\x{2022}\x{2022}\x{2022}\x{2022}\x{2022}\x{2022}\x{2022}\x{2022}\x{2022}\x{2022}\x{2022}\x{2022}\x{2022}\x{2022}\x{2022}\x{2022}\x{2022}\x{2022}\x{2022}\x{2022}\x{2022}\x{2022}"
layer at (13,96) size 130x13 scrollX 160 scrollWidth 291
  RenderBlock {DIV} at (3,3) size 131x13 [color=#A9A9A9]
    RenderText {#text} at (-160,0) size 292x13
      text run at (-160,0) width 291: "Lorem ipsum dolor sit amet, consectetur adipiscing elit"
layer at (13,96) size 130x13
  RenderBlock {DIV} at (3,3) size 131x13
layer at (176,96) size 130x13 scrollX 160 scrollWidth 291
  RenderBlock {DIV} at (22,3) size 131x13 [color=#A9A9A9]
    RenderText {#text} at (-160,0) size 292x13
      text run at (-160,0) width 291: "Lorem ipsum dolor sit amet, consectetur adipiscing elit"
layer at (176,96) size 130x13
  RenderBlock {DIV} at (0,0) size 131x13
layer at (329,96) size 130x13 scrollX 160 scrollWidth 291
  RenderBlock {DIV} at (3,3) size 131x13
    RenderText {#text} at (-160,0) size 292x13
      text run at (-160,0) width 291: "Lorem ipsum dolor sit amet, consectetur adipiscing elit"
layer at (492,96) size 130x13 scrollX 160 scrollWidth 291
  RenderBlock {DIV} at (0,0) size 131x13
    RenderText {#text} at (-160,0) size 292x13
      text run at (-160,0) width 291: "Lorem ipsum dolor sit amet, consectetur adipiscing elit"
layer at (644,96) size 130x13 scrollX 231 scrollWidth 361
  RenderBlock {DIV} at (0,0) size 131x13
    RenderText {#text} at (-230,0) size 362x13
      text run at (-230,0) width 361 RTL: "\x{2022}\x{2022}\x{2022}\x{2022}\x{2022}\x{2022}\x{2022}\x{2022}\x{2022}\x{2022}\x{2022}\x{2022}\x{2022}\x{2022}\x{2022}\x{2022}\x{2022}\x{2022}\x{2022}\x{2022}\x{2022}\x{2022}\x{2022}\x{2022}\x{2022}\x{2022}\x{2022}\x{2022}\x{2022}\x{2022}\x{2022}\x{2022}\x{2022}\x{2022}\x{2022}\x{2022}\x{2022}\x{2022}\x{2022}\x{2022}\x{2022}\x{2022}\x{2022}\x{2022}\x{2022}\x{2022}\x{2022}\x{2022}\x{2022}\x{2022}\x{2022}\x{2022}\x{2022}\x{2022}\x{2022}"
layer at (13,153) size 130x13 scrollWidth 291
  RenderBlock {DIV} at (3,3) size 131x13 [color=#A9A9A9]
    RenderText {#text} at (0,0) size 291x13
      text run at (0,0) width 291: "Lorem ipsum dolor sit amet, consectetur adipiscing elit"
layer at (13,153) size 130x13
  RenderBlock {DIV} at (3,3) size 131x13
layer at (165,153) size 130x13 scrollWidth 291
  RenderBlock {DIV} at (11,3) size 131x13 [color=#A9A9A9]
    RenderText {#text} at (0,0) size 291x13
      text run at (0,0) width 291: "Lorem ipsum dolor sit amet, consectetur adipiscing elit"
layer at (165,153) size 130x13
  RenderBlock {DIV} at (0,0) size 131x13
layer at (329,153) size 130x13 scrollWidth 292
  RenderBlock {DIV} at (3,3) size 131x13
    RenderText {#text} at (0,0) size 291x13
      text run at (0,0) width 291: "Lorem ipsum dolor sit amet, consectetur adipiscing elit"
layer at (481,153) size 130x13 scrollWidth 292
  RenderBlock {DIV} at (0,0) size 131x13
    RenderText {#text} at (0,0) size 291x13
      text run at (0,0) width 291: "Lorem ipsum dolor sit amet, consectetur adipiscing elit"
layer at (644,153) size 130x13 scrollWidth 362
  RenderBlock {DIV} at (0,0) size 131x13
    RenderText {#text} at (0,0) size 361x13
      text run at (0,0) width 361: "\x{2022}\x{2022}\x{2022}\x{2022}\x{2022}\x{2022}\x{2022}\x{2022}\x{2022}\x{2022}\x{2022}\x{2022}\x{2022}\x{2022}\x{2022}\x{2022}\x{2022}\x{2022}\x{2022}\x{2022}\x{2022}\x{2022}\x{2022}\x{2022}\x{2022}\x{2022}\x{2022}\x{2022}\x{2022}\x{2022}\x{2022}\x{2022}\x{2022}\x{2022}\x{2022}\x{2022}\x{2022}\x{2022}\x{2022}\x{2022}\x{2022}\x{2022}\x{2022}\x{2022}\x{2022}\x{2022}\x{2022}\x{2022}\x{2022}\x{2022}\x{2022}\x{2022}\x{2022}\x{2022}\x{2022}"
layer at (13,176) size 130x13 scrollX 160 scrollWidth 291
  RenderBlock {DIV} at (3,3) size 131x13 [color=#A9A9A9]
    RenderText {#text} at (-160,0) size 292x13
      text run at (-160,0) width 291: "Lorem ipsum dolor sit amet, consectetur adipiscing elit"
layer at (13,176) size 130x13
  RenderBlock {DIV} at (3,3) size 131x13
layer at (176,176) size 130x13 scrollX 160 scrollWidth 291
  RenderBlock {DIV} at (22,3) size 131x13 [color=#A9A9A9]
    RenderText {#text} at (-160,0) size 292x13
      text run at (-160,0) width 291: "Lorem ipsum dolor sit amet, consectetur adipiscing elit"
layer at (176,176) size 130x13
  RenderBlock {DIV} at (0,0) size 131x13
layer at (329,176) size 130x13 scrollX 160 scrollWidth 291
  RenderBlock {DIV} at (3,3) size 131x13
    RenderText {#text} at (-160,0) size 292x13
      text run at (-160,0) width 291: "Lorem ipsum dolor sit amet, consectetur adipiscing elit"
layer at (492,176) size 130x13 scrollX 160 scrollWidth 291
  RenderBlock {DIV} at (0,0) size 131x13
    RenderText {#text} at (-160,0) size 292x13
      text run at (-160,0) width 291: "Lorem ipsum dolor sit amet, consectetur adipiscing elit"
layer at (644,176) size 130x13 scrollX 231 scrollWidth 361
  RenderBlock {DIV} at (0,0) size 131x13
    RenderText {#text} at (-230,0) size 362x13
      text run at (-230,0) width 361 RTL: "\x{2022}\x{2022}\x{2022}\x{2022}\x{2022}\x{2022}\x{2022}\x{2022}\x{2022}\x{2022}\x{2022}\x{2022}\x{2022}\x{2022}\x{2022}\x{2022}\x{2022}\x{2022}\x{2022}\x{2022}\x{2022}\x{2022}\x{2022}\x{2022}\x{2022}\x{2022}\x{2022}\x{2022}\x{2022}\x{2022}\x{2022}\x{2022}\x{2022}\x{2022}\x{2022}\x{2022}\x{2022}\x{2022}\x{2022}\x{2022}\x{2022}\x{2022}\x{2022}\x{2022}\x{2022}\x{2022}\x{2022}\x{2022}\x{2022}\x{2022}\x{2022}\x{2022}\x{2022}\x{2022}\x{2022}"
layer at (259,233) size 130x13 scrollWidth 291
  RenderBlock {DIV} at (3,3) size 131x13 [color=#A9A9A9]
    RenderText {#text} at (0,0) size 291x13
      text run at (0,0) width 291: "Lorem ipsum dolor sit amet, consectetur adipiscing elit"
layer at (259,233) size 130x13
  RenderBlock {DIV} at (3,3) size 131x13
layer at (404,233) size 130x13 scrollWidth 292
  RenderBlock {DIV} at (3,3) size 131x13
    RenderText {#text} at (0,0) size 291x13
      text run at (0,0) width 291: "Lorem ipsum dolor sit amet, consectetur adipiscing elit"
layer at (283,256) size 130x13 scrollWidth 291
  RenderBlock {DIV} at (3,3) size 131x13 [color=#A9A9A9]
    RenderText {#text} at (0,0) size 291x13
      text run at (0,0) width 291: "Lorem ipsum dolor sit amet, consectetur adipiscing elit"
layer at (283,256) size 130x13
  RenderBlock {DIV} at (3,3) size 131x13
layer at (427,256) size 130x13 scrollWidth 292
  RenderBlock {DIV} at (3,3) size 131x13
    RenderText {#text} at (0,0) size 291x13
      text run at (0,0) width 291: "Lorem ipsum dolor sit amet, consectetur adipiscing elit"
