layer at (0,0) size 1359x585
  RenderView at (0,0) size 800x585
layer at (0,0) size 800x585
  RenderBlock {HTML} at (0,0) size 800x585
    RenderBody {BODY} at (8,8) size 784x569
      RenderTable {TABLE} at (0,0) size 1351x131
        RenderTableSection {TBODY} at (0,0) size 1351x131
          RenderTableRow {TR} at (0,2) size 1351x19
            RenderTableCell {TH} at (2,10) size 83x2 [r=0 c=0 rs=1 cs=1]
            RenderTableCell {TH} at (87,10) size 314x2 [r=0 c=1 rs=1 cs=1]
            RenderTableCell {TH} at (403,2) size 314x19 [r=0 c=2 rs=1 cs=1]
              RenderText {#text} at (112,1) size 90x17
                text run at (112,1) width 90: "text-align:left"
            RenderTableCell {TH} at (719,2) size 314x19 [r=0 c=3 rs=1 cs=1]
              RenderText {#text} at (102,1) size 110x17
                text run at (102,1) width 110: "text-align:center"
            RenderTableCell {TH} at (1035,2) size 314x19 [r=0 c=4 rs=1 cs=1]
              RenderText {#text} at (106,1) size 102x17
                text run at (106,1) width 102: "text-align:right"
          RenderTableRow {TR} at (0,23) size 1351x34
            RenderTableCell {TH} at (2,39) size 83x2 [r=1 c=0 rs=1 cs=1]
            RenderTableCell {TD} at (87,23) size 314x34 [border: (1px solid #000000)] [r=1 c=1 rs=1 cs=1]
              RenderFileUploadControl {INPUT} at (4,4) size 306x26 "(None)"
                RenderButton {INPUT} at (0,0) size 103x26 [bgcolor=#C0C0C0] [border: (2px outset #C0C0C0)]
                  RenderBlock (anonymous) at (8,4) size 87x17
                    RenderText at (0,0) size 87x17
                      text run at (0,0) width 87: "Choose File"
            RenderTableCell {TD} at (403,23) size 314x34 [border: (1px solid #000000)] [r=1 c=2 rs=1 cs=1]
              RenderFileUploadControl {INPUT} at (4,4) size 306x26 "(None)"
                RenderButton {INPUT} at (0,0) size 103x26 [bgcolor=#C0C0C0] [border: (2px outset #C0C0C0)]
                  RenderBlock (anonymous) at (8,4) size 87x17
                    RenderText at (0,0) size 87x17
                      text run at (0,0) width 87: "Choose File"
            RenderTableCell {TD} at (719,23) size 314x34 [border: (1px solid #000000)] [r=1 c=3 rs=1 cs=1]
              RenderFileUploadControl {INPUT} at (4,4) size 306x26 "(None)"
                RenderButton {INPUT} at (0,0) size 103x26 [bgcolor=#C0C0C0] [border: (2px outset #C0C0C0)]
                  RenderBlock (anonymous) at (8,4) size 87x17
                    RenderText at (0,0) size 87x17
                      text run at (0,0) width 87: "Choose File"
            RenderTableCell {TD} at (1035,23) size 314x34 [border: (1px solid #000000)] [r=1 c=4 rs=1 cs=1]
              RenderFileUploadControl {INPUT} at (4,4) size 306x26 "(None)"
                RenderButton {INPUT} at (0,0) size 103x26 [bgcolor=#C0C0C0] [border: (2px outset #C0C0C0)]
                  RenderBlock (anonymous) at (8,4) size 87x17
                    RenderText at (0,0) size 87x17
                      text run at (0,0) width 87: "Choose File"
          RenderTableRow {TR} at (0,59) size 1351x34
            RenderTableCell {TH} at (2,66) size 83x19 [r=2 c=0 rs=1 cs=1]
              RenderText {#text} at (1,1) size 81x17
                text run at (1,1) width 81: "direction:ltr"
            RenderTableCell {TD} at (87,59) size 314x34 [border: (1px solid #000000)] [r=2 c=1 rs=1 cs=1]
              RenderFileUploadControl {INPUT} at (4,4) size 306x26 "(None)"
                RenderButton {INPUT} at (0,0) size 103x26 [bgcolor=#C0C0C0] [border: (2px outset #C0C0C0)]
                  RenderBlock (anonymous) at (8,4) size 87x17
                    RenderText at (0,0) size 87x17
                      text run at (0,0) width 87: "Choose File"
            RenderTableCell {TD} at (403,59) size 314x34 [border: (1px solid #000000)] [r=2 c=2 rs=1 cs=1]
              RenderFileUploadControl {INPUT} at (4,4) size 306x26 "(None)"
                RenderButton {INPUT} at (0,0) size 103x26 [bgcolor=#C0C0C0] [border: (2px outset #C0C0C0)]
                  RenderBlock (anonymous) at (8,4) size 87x17
                    RenderText at (0,0) size 87x17
                      text run at (0,0) width 87: "Choose File"
            RenderTableCell {TD} at (719,59) size 314x34 [border: (1px solid #000000)] [r=2 c=3 rs=1 cs=1]
              RenderFileUploadControl {INPUT} at (4,4) size 306x26 "(None)"
                RenderButton {INPUT} at (0,0) size 103x26 [bgcolor=#C0C0C0] [border: (2px outset #C0C0C0)]
                  RenderBlock (anonymous) at (8,4) size 87x17
                    RenderText at (0,0) size 87x17
                      text run at (0,0) width 87: "Choose File"
            RenderTableCell {TD} at (1035,59) size 314x34 [border: (1px solid #000000)] [r=2 c=4 rs=1 cs=1]
              RenderFileUploadControl {INPUT} at (4,4) size 306x26 "(None)"
                RenderButton {INPUT} at (0,0) size 103x26 [bgcolor=#C0C0C0] [border: (2px outset #C0C0C0)]
                  RenderBlock (anonymous) at (8,4) size 87x17
                    RenderText at (0,0) size 87x17
                      text run at (0,0) width 87: "Choose File"
          RenderTableRow {TR} at (0,95) size 1351x34
            RenderTableCell {TH} at (2,102) size 83x19 [r=3 c=0 rs=1 cs=1]
              RenderText {#text} at (1,1) size 81x17
                text run at (1,1) width 81: "direction:rtl"
            RenderTableCell {TD} at (87,95) size 314x34 [border: (1px solid #000000)] [r=3 c=1 rs=1 cs=1]
              RenderFileUploadControl {INPUT} at (4,4) size 306x26 "(None)"
                RenderButton {INPUT} at (203,0) size 103x26 [bgcolor=#C0C0C0] [border: (2px outset #C0C0C0)]
                  RenderBlock (anonymous) at (8,4) size 87x17
                    RenderText at (0,0) size 87x17
                      text run at (0,0) width 87: "Choose File"
            RenderTableCell {TD} at (403,95) size 314x34 [border: (1px solid #000000)] [r=3 c=2 rs=1 cs=1]
              RenderFileUploadControl {INPUT} at (4,4) size 306x26 "(None)"
                RenderButton {INPUT} at (203,0) size 103x26 [bgcolor=#C0C0C0] [border: (2px outset #C0C0C0)]
                  RenderBlock (anonymous) at (8,4) size 87x17
                    RenderText at (0,0) size 87x17
                      text run at (0,0) width 87: "Choose File"
            RenderTableCell {TD} at (719,95) size 314x34 [border: (1px solid #000000)] [r=3 c=3 rs=1 cs=1]
              RenderFileUploadControl {INPUT} at (4,4) size 306x26 "(None)"
                RenderButton {INPUT} at (203,0) size 103x26 [bgcolor=#C0C0C0] [border: (2px outset #C0C0C0)]
                  RenderBlock (anonymous) at (8,4) size 87x17
                    RenderText at (0,0) size 87x17
                      text run at (0,0) width 87: "Choose File"
            RenderTableCell {TD} at (1035,95) size 314x34 [border: (1px solid #000000)] [r=3 c=4 rs=1 cs=1]
              RenderFileUploadControl {INPUT} at (4,4) size 306x26 "(None)"
                RenderButton {INPUT} at (203,0) size 103x26 [bgcolor=#C0C0C0] [border: (2px outset #C0C0C0)]
                  RenderBlock (anonymous) at (8,4) size 87x17
                    RenderText at (0,0) size 87x17
                      text run at (0,0) width 87: "Choose File"
