layer at (0,0) size 800x600
  RenderView at (0,0) size 800x600
layer at (0,0) size 800x90
  RenderBlock {HTML} at (0,0) size 800x90
    RenderBody {BODY} at (8,16) size 784x66
      RenderBlock {P} at (0,0) size 784x17
        RenderText {#text} at (0,0) size 193x17
          text run at (0,0) width 193: "There should be no red below."
      RenderBlock {DIV} at (0,49) size 784x17 [bgcolor=#FF0000]
        RenderBlock {DIV} at (0,0) size 784x17
          RenderBlock {DIV} at (0,0) size 784x17
            RenderBlock {DIV} at (0,0) size 784x17 [color=#FFFFFF] [bgcolor=#008000]
              RenderText {#text} at (0,0) size 163x17
                text run at (0,0) width 163: "This line should be green."
