layer at (0,0) size 785x1799
  RenderView at (0,0) size 785x600
layer at (0,0) size 785x1799
  RenderBlock {HTML} at (0,0) size 785x1799
    RenderBody {BODY} at (8,20) size 769x1759 [bgcolor=#A6A972]
      RenderBlock {DIV} at (83,0) size 603x1759 [bgcolor=#FDFDE9] [border: (1px solid #000000)]
        RenderBlock {DIV} at (1,31) size 600x70
        RenderBlock {DIV} at (1,114) size 600x1573
          RenderBlock {P} at (20,0) size 560x80 [color=#333333]
            RenderText {#text} at (0,2) size 517x35
              text run at (0,2) width 517: "We are trying to understand how UVic students perform Shakespeare related research for"
              text run at (0,22) width 263: "classes as well as for their own interest. The "
            RenderInline {A} at (0,0) size 175x15
              RenderText {#text} at (263,22) size 175x15
                text run at (263,22) width 175: "Internet Shakespeare Editions"
            RenderText {#text} at (438,22) size 559x55
              text run at (438,22) width 120: " are being developed"
              text run at (0,42) width 215: "for students as well as Shakespeare "
              text run at (215,42) width 344: "scholars world wide to better understand the man, his plays"
              text run at (0,62) width 148: "and our interpretations of "
              text run at (148,62) width 33: "them."
          RenderBlock {P} at (20,93) size 560x21 [color=#333333]
            RenderText {#text} at (0,2) size 451x15
              text run at (0,2) width 451: "Please take the time to carefully review and complete the following questions."
          RenderBlock {FORM} at (20,138) size 560x1402
            RenderBlock {H2} at (0,0) size 560x15 [color=#333333]
              RenderText {#text} at (0,0) size 183x15
                text run at (0,0) width 183: "PERSONAL INFORMATION"
            RenderBlock (floating) {SPAN} at (0,25) size 325x20 [color=#333333]
              RenderText {#text} at (0,2) size 70x15
                text run at (0,2) width 70: "Your Name*"
            RenderTextControl {INPUT} at (325,25) size 186x23 [bgcolor=#FFFFFF] [border: (2px inset #000000)]
            RenderBlock (floating) {SPAN} at (0,50) size 325x20 [color=#333333]
              RenderText {#text} at (0,2) size 121x15
                text run at (0,2) width 121: "Your e-mail address*"
            RenderTextControl {INPUT} at (325,50) size 186x23 [bgcolor=#FFFFFF] [border: (2px inset #000000)]
            RenderBlock (floating) {SPAN} at (0,75) size 325x20 [color=#333333]
              RenderText {#text} at (0,2) size 126x15
                text run at (0,2) width 126: "Your degree program*"
            RenderMenuList {SELECT} at (325,75) size 180x27 [bgcolor=#FFFFFF] [border: (1px solid #000000)]
              RenderBlock (anonymous) at (1,1) size 178x25
                RenderText at (4,4) size 117x17
                  text run at (4,4) width 117: "Program options"
            RenderBlock (floating) {SPAN} at (0,104) size 325x20 [color=#333333]
              RenderText {#text} at (0,2) size 112x15
                text run at (0,2) width 112: "Your year of study*"
            RenderMenuList {SELECT} at (325,104) size 180x27 [bgcolor=#FFFFFF] [border: (1px solid #000000)]
              RenderBlock (anonymous) at (1,1) size 178x25
                RenderText at (4,4) size 168x17
                  text run at (4,4) width 168: "Years you've been here"
            RenderBlock (floating) {SPAN} at (0,133) size 325x20 [color=#333333]
              RenderText {#text} at (0,2) size 161x15
                text run at (0,2) width 161: "Shakespeare classes taken"
            RenderMenuList {SELECT} at (325,133) size 180x27 [bgcolor=#FFFFFF] [border: (1px solid #000000)]
              RenderBlock (anonymous) at (1,1) size 178x25
                RenderText at (4,4) size 100x17
                  text run at (4,4) width 100: "Number taken"
            RenderBlock {P} at (0,173) size 560x21 [color=#333333]
              RenderText {#text} at (0,2) size 150x15
                text run at (0,2) width 150: "* indicates a required field"
            RenderBlock {H2} at (0,218) size 560x16 [color=#333333]
              RenderText {#text} at (0,0) size 270x15
                text run at (0,0) width 270: "SHAKESPEARE RESEARCH QUESTIONS"
            RenderBlock (floating) {SPAN} at (0,243) size 325x21 [color=#333333]
              RenderText {#text} at (0,2) size 320x15
                text run at (0,2) width 320: "What percentage of your research time is spent online?"
            RenderMenuList {SELECT} at (325,243) size 180x28 [bgcolor=#FFFFFF] [border: (1px solid #000000)]
              RenderBlock (anonymous) at (1,1) size 178x25
                RenderText at (4,4) size 141x17
                  text run at (4,4) width 141: "Percentages of time"
            RenderBlock (floating) {SPAN} at (0,272) size 325x21 [color=#333333]
              RenderText {#text} at (0,2) size 298x35
                text run at (0,2) width 298: "What is holding you back from doing more research"
                text run at (0,22) width 41: "online?"
            RenderMenuList {SELECT} at (325,272) size 180x28 [bgcolor=#FFFFFF] [border: (1px solid #000000)]
              RenderBlock (anonymous) at (1,1) size 178x25
                RenderText at (4,4) size 64x17
                  text run at (4,4) width 64: "Reasons"
            RenderBlock (floating) {SPAN} at (0,301) size 325x21 [color=#333333]
              RenderText {#text} at (0,2) size 220x15
                text run at (0,2) width 220: "Your research is primarily focused on:"
            RenderBlock {SPAN} at (325,301) size 180x24 [color=#333333]
              RenderBlock {INPUT} at (2,3) size 16x16 [color=#000000]
              RenderText {#text} at (20,5) size 33x15
                text run at (20,5) width 33: "Texts"
            RenderBlock {SPAN} at (325,324) size 180x24 [color=#333333]
              RenderBlock {INPUT} at (2,3) size 16x16 [color=#000000]
              RenderText {#text} at (20,5) size 131x15
                text run at (20,5) width 131: "Performance materials"
            RenderBlock {SPAN} at (325,347) size 180x24 [color=#333333]
              RenderBlock {INPUT} at (2,3) size 16x16 [color=#000000]
              RenderText {#text} at (20,5) size 18x15
                text run at (20,5) width 18: "n/a"
            RenderBlock {H2} at (0,395) size 560x16 [color=#333333]
              RenderText {#text} at (0,0) size 335x15
                text run at (0,0) width 335: "INTERNET SHAKESPEARE EDITIONS QUESTIONS"
            RenderBlock (floating) {SPAN} at (0,420) size 325x21 [color=#333333]
              RenderText {#text} at (0,2) size 314x15
                text run at (0,2) width 314: "Have you used UVic's Internet Shakespeare Editions?"
            RenderBlock {SPAN} at (325,420) size 180x24 [color=#333333]
              RenderText {#text} at (0,5) size 23x15
                text run at (0,5) width 23: "Yes"
              RenderBlock {INPUT} at (25,3) size 16x16 [color=#000000]
              RenderText {#text} at (43,5) size 20x15
                text run at (43,5) width 4: " "
                text run at (47,5) width 16: "No"
              RenderBlock {INPUT} at (65,3) size 16x16 [color=#000000]
              RenderText {#text} at (0,0) size 0x0
            RenderBlock {P} at (0,456) size 560x21 [color=#333333]
              RenderText {#text} at (0,2) size 371x15
                text run at (0,2) width 371: "-- If you answered no to this question, skip to the next section --"
            RenderBlock (floating) {SPAN} at (0,489) size 325x21 [color=#333333]
              RenderText {#text} at (0,2) size 278x15
                text run at (0,2) width 278: "Which area of the ISE did you find most useful?"
            RenderMenuList {SELECT} at (325,489) size 180x28 [bgcolor=#FFFFFF] [border: (1px solid #000000)]
              RenderBlock (anonymous) at (1,1) size 178x25
                RenderText at (4,4) size 135x17
                  text run at (4,4) width 135: "Sections of the ISE"
            RenderBlock (floating) {SPAN} at (0,518) size 325x21 [color=#333333]
              RenderText {#text} at (0,2) size 251x15
                text run at (0,2) width 251: "How did you find the navigation of the ISE?"
            RenderMenuList {SELECT} at (325,518) size 180x28 [bgcolor=#FFFFFF] [border: (1px solid #000000)]
              RenderBlock (anonymous) at (1,1) size 178x25
                RenderText at (4,4) size 118x17
                  text run at (4,4) width 118: "Level of difficulty"
            RenderBlock (floating) {SPAN} at (0,547) size 325x21 [color=#333333]
              RenderText {#text} at (0,2) size 214x15
                text run at (0,2) width 214: "Please describe your use of the ISE."
            RenderBlock {H2} at (0,701) size 560x16 [color=#333333]
              RenderText {#text} at (0,0) size 264x15
                text run at (0,0) width 264: "TOOLS IN DEVELOPMENT QUESTIONS"
            RenderBlock {P} at (0,730) size 560x61 [color=#333333]
              RenderText {#text} at (0,2) size 544x55
                text run at (0,2) width 444: "We are in the process of both making new material available and developing "
                text run at (444,2) width 100: "new tools to view"
                text run at (0,22) width 348: "and extrapolate information from Shakespeare's works. The "
                text run at (348,22) width 156: "following images are visual"
                text run at (0,42) width 336: "representations of some of the ideas being thrown around."
            RenderBlock {P} at (0,803) size 560x21 [color=#333333]
              RenderText {#text} at (0,2) size 332x15
                text run at (0,2) width 332: "Please review them carefully and provide feedback below"
            RenderBlock (floating) {SPAN} at (0,836) size 325x21 [color=#333333]
              RenderText {#text} at (0,2) size 147x15
                text run at (0,2) width 147: "Your comments on Fig. 1"
            RenderBlock (floating) {SPAN} at (0,967) size 325x21 [color=#333333]
              RenderText {#text} at (0,2) size 147x15
                text run at (0,2) width 147: "Your comments on Fig. 2"
            RenderBlock (floating) {SPAN} at (0,1098) size 325x21 [color=#333333]
              RenderText {#text} at (0,2) size 147x15
                text run at (0,2) width 147: "Your comments on Fig. 3"
            RenderBlock {H2} at (0,1249) size 560x16 [color=#333333]
              RenderText {#text} at (0,0) size 131x15
                text run at (0,0) width 131: "OTHER FEEDBACK"
            RenderBlock (floating) {SPAN} at (0,1274) size 325x21 [color=#333333]
              RenderText {#text} at (0,2) size 218x15
                text run at (0,2) width 218: "Please enter any other thoughts here."
          RenderBlock {P} at (20,1552) size 560x21 [color=#333333]
            RenderText {#text} at (0,2) size 223x15
              text run at (0,2) width 223: "Thank you for your time filling this out."
        RenderBlock {DIV} at (1,1706) size 600x52 [border: (1px dashed #A6A972) none]
          RenderBlock {SPAN} at (0,16) size 600x20 [color=#333333]
            RenderText {#text} at (244,2) size 112x15
              text run at (244,2) width 112: "\x{A9}2003 Kevin Davis"
layer at (441,301) size 180x17
  RenderBlock {DIV} at (3,3) size 180x17
layer at (441,326) size 180x17
  RenderBlock {DIV} at (3,3) size 180x17
layer at (113,844) size 506x106 clip at (114,845) size 504x104
  RenderTextControl {TEXTAREA} at (0,570) size 506x107 [bgcolor=#FFFFFF] [border: (1px solid #000000)]
    RenderBlock {DIV} at (3,3) size 500x17
layer at (113,1130) size 506x106 clip at (114,1131) size 504x104
  RenderTextControl {TEXTAREA} at (0,856) size 506x107 [bgcolor=#FFFFFF] [border: (1px solid #000000)]
    RenderBlock {DIV} at (3,3) size 500x17
layer at (113,1261) size 506x106 clip at (114,1262) size 504x104
  RenderTextControl {TEXTAREA} at (0,987) size 506x107 [bgcolor=#FFFFFF] [border: (1px solid #000000)]
    RenderBlock {DIV} at (3,3) size 500x17
layer at (113,1392) size 506x106 clip at (114,1393) size 504x104
  RenderTextControl {TEXTAREA} at (0,1118) size 506x107 [bgcolor=#FFFFFF] [border: (1px solid #000000)]
    RenderBlock {DIV} at (3,3) size 500x17
layer at (113,1568) size 506x106 clip at (114,1569) size 504x104
  RenderTextControl {TEXTAREA} at (0,1294) size 506x107 [bgcolor=#FFFFFF] [border: (1px solid #000000)]
    RenderBlock {DIV} at (3,3) size 500x17
