layer at (0,0) size 800x600
  RenderView at (0,0) size 800x600
layer at (0,0) size 800x600
  RenderBlock {HTML} at (0,0) size 800x600
    RenderBody {BODY} at (8,8) size 784x584
      RenderBlock {P} at (0,0) size 784x34
        RenderText {#text} at (0,0) size 725x17
          text run at (0,0) width 725: "This tests that bidirectional text is correctly rendered when using ATSUI in list box controls."
        RenderBR {BR} at (725,14) size 0x0
        RenderText {#text} at (0,17) size 729x17
          text run at (0,17) width 729: "The order of the text below each list box should match the order of the select's option text."
      RenderBlock (anonymous) at (0,50) size 784x94
        RenderText {#text} at (0,0) size 123x17
          text run at (0,0) width 123: "1) direction: rtl;"
        RenderBR {BR} at (123,14) size 0x0
        RenderListBox {SELECT} at (2,19) size 100x73 [bgcolor=#FFFFFF] [border: (1px inset #808080)]
        RenderBR {BR} at (104,87) size 0x0
      RenderBlock {DIV} at (0,144) size 100x17
        RenderText {#text} at (12,0) size 88x17
          text run at (12,0) width 59 RTL: "\x{5D0}\x{5E4}\x{5E8}\x{5E1}\x{5DE}\x{5D5}\x{5DF}"
          text run at (71,0) width 29: "a\x{300}bc"
      RenderBlock (anonymous) at (0,161) size 784x111
        RenderBR {BR} at (0,0) size 0x17
        RenderText {#text} at (0,17) size 123x17
          text run at (0,17) width 123: "2) direction: ltr;"
        RenderBR {BR} at (123,31) size 0x0
        RenderListBox {SELECT} at (2,36) size 100x73 [bgcolor=#FFFFFF] [border: (1px inset #808080)]
        RenderBR {BR} at (104,104) size 0x0
      RenderBlock {DIV} at (0,272) size 100x17
        RenderText {#text} at (0,0) size 88x17
          text run at (0,0) width 29: "a\x{300}bc"
          text run at (29,0) width 59 RTL: "\x{5D0}\x{5E4}\x{5E8}\x{5E1}\x{5DE}\x{5D5}\x{5DF}"
      RenderBlock (anonymous) at (0,289) size 784x111
        RenderBR {BR} at (0,0) size 0x17
        RenderText {#text} at (0,17) size 85x17
          text run at (0,17) width 85: "3) No style"
        RenderBR {BR} at (85,31) size 0x0
        RenderListBox {SELECT} at (2,36) size 100x73 [bgcolor=#FFFFFF] [border: (1px inset #808080)]
        RenderBR {BR} at (104,104) size 0x0
      RenderBlock {DIV} at (0,400) size 100x17
        RenderText {#text} at (0,0) size 88x17
          text run at (0,0) width 29: "a\x{300}bc"
          text run at (29,0) width 59 RTL: "\x{5D0}\x{5E4}\x{5E8}\x{5E1}\x{5DE}\x{5D5}\x{5DF}"
      RenderBlock (anonymous) at (0,417) size 784x17
        RenderBR {BR} at (0,0) size 0x17
