layer at (0,0) size 800x600
  RenderView at (0,0) size 800x600
layer at (0,0) size 800x470
  RenderBlock {HTML} at (0,0) size 800x470
    RenderBody {BODY} at (8,16) size 784x446
      RenderBlock {P} at (0,0) size 784x17
        RenderText {#text} at (0,0) size 571x17
          text run at (0,0) width 571: "The T column should match the R column. The H columns uses <br/> to force line breaks."
      RenderTable {TABLE} at (0,33) size 166x413 [border: none]
        RenderTableSection {TBODY} at (0,0) size 165x412
          RenderTableRow {TR} at (0,0) size 165x22
            RenderTableCell {TD} at (0,9) size 42x4 [r=0 c=0 rs=1 cs=1]
            RenderTableCell {TD} at (41,0) size 46x22 [border: (1px solid #008000)] [r=0 c=1 rs=1 cs=1]
              RenderText {#text} at (3,3) size 12x17
                text run at (3,3) width 12: "H"
            RenderTableCell {TD} at (86,0) size 34x22 [border: (1px solid #008000)] [r=0 c=2 rs=1 cs=1]
              RenderText {#text} at (3,3) size 10x17
                text run at (3,3) width 10: "T"
            RenderTableCell {TD} at (120,0) size 45x22 [border: (1px solid #008000)] [r=0 c=3 rs=1 cs=1]
              RenderText {#text} at (3,3) size 12x17
                text run at (3,3) width 12: "R"
          RenderTableRow {TR} at (0,22) size 165x39
            RenderTableCell {TD} at (0,30) size 42x23 [border: (1px solid #008000)] [r=1 c=0 rs=1 cs=1]
              RenderText {#text} at (3,3) size 9x18
                text run at (3,4) width 9: "1"
            RenderTableCell {TD} at (41,22) size 46x39 [border: (1px solid #008000)] [r=1 c=1 rs=1 cs=1]
              RenderText {#text} at (3,3) size 14x17
                text run at (3,3) width 10 RTL: "\x{5D0}"
                text run at (13,3) width 4: "."
              RenderBR {BR} at (17,17) size 0x0
              RenderText {#text} at (3,20) size 9x17
                text run at (3,20) width 9: "b"
            RenderTableCell {TD} at (86,30) size 34x23 [border: (1px solid #008000)] [r=1 c=2 rs=1 cs=1]
              RenderText {#text} at (3,3) size 27x18
                text run at (3,4) width 10 RTL: "\x{5D0}"
                text run at (13,4) width 17: ". b"
            RenderTableCell {TD} at (120,22) size 45x39 [border: (1px solid #008000)] [r=1 c=3 rs=1 cs=1]
              RenderBlock {P} at (3,3) size 40x17
                RenderText {#text} at (0,0) size 14x17
                  text run at (0,0) width 14 LTR override: "\x{5D0}."
              RenderBlock {P} at (3,20) size 40x17
                RenderText {#text} at (0,0) size 9x17
                  text run at (0,0) width 9 LTR override: "b"
          RenderTableRow {TR} at (0,61) size 165x39
            RenderTableCell {TD} at (0,69) size 42x23 [border: (1px solid #008000)] [r=2 c=0 rs=1 cs=1]
              RenderText {#text} at (3,3) size 9x18
                text run at (3,4) width 9: "2"
            RenderTableCell {TD} at (41,61) size 46x39 [border: (1px solid #008000)] [r=2 c=1 rs=1 cs=1]
              RenderText {#text} at (3,3) size 14x17
                text run at (3,3) width 10 RTL: "\x{5D0}"
                text run at (13,3) width 4: "."
              RenderBR {BR} at (17,17) size 0x0
              RenderText {#text} at (3,20) size 10x17
                text run at (3,20) width 10 RTL: "\x{5D1}"
            RenderTableCell {TD} at (86,69) size 34x23 [border: (1px solid #008000)] [r=2 c=2 rs=1 cs=1]
              RenderText {#text} at (3,3) size 28x18
                text run at (3,4) width 28 RTL: "\x{5D0}. \x{5D1}"
            RenderTableCell {TD} at (120,61) size 45x39 [border: (1px solid #008000)] [r=2 c=3 rs=1 cs=1]
              RenderBlock {P} at (3,3) size 40x17
                RenderText {#text} at (0,0) size 14x17
                  text run at (0,0) width 14 LTR override: ".\x{5D0}"
              RenderBlock {P} at (3,20) size 40x17
                RenderText {#text} at (0,0) size 10x17
                  text run at (0,0) width 10 LTR override: "\x{5D1}"
          RenderTableRow {TR} at (0,100) size 165x39
            RenderTableCell {TD} at (0,108) size 42x23 [border: (1px solid #008000)] [r=3 c=0 rs=1 cs=1]
              RenderText {#text} at (3,3) size 9x18
                text run at (3,4) width 9: "3"
            RenderTableCell {TD} at (41,100) size 46x39 [border: (1px solid #008000)] [r=3 c=1 rs=1 cs=1]
              RenderText {#text} at (3,3) size 20x17
                text run at (3,3) width 20 RTL: "\x{5D0}\x{5D0}"
              RenderBR {BR} at (3,17) size 0x0
              RenderText {#text} at (3,20) size 22x17
                text run at (3,20) width 9: "b"
                text run at (12,20) width 4 RTL: " "
                text run at (16,20) width 9: "1"
            RenderTableCell {TD} at (86,100) size 34x39 [border: (1px solid #008000)] [r=3 c=2 rs=1 cs=1]
              RenderText {#text} at (3,3) size 22x34
                text run at (3,3) width 20 RTL: "\x{5D0}\x{5D0}"
                text run at (3,20) width 9: "b"
                text run at (12,20) width 4 RTL: " "
                text run at (16,20) width 9: "1"
            RenderTableCell {TD} at (120,100) size 45x39 [border: (1px solid #008000)] [r=3 c=3 rs=1 cs=1]
              RenderBlock {P} at (3,3) size 40x17
                RenderText {#text} at (0,0) size 20x17
                  text run at (0,0) width 20 LTR override: "\x{5D0}\x{5D0}"
              RenderBlock {P} at (3,20) size 40x17
                RenderText {#text} at (0,0) size 22x17
                  text run at (0,0) width 22 LTR override: "b 1"
          RenderTableRow {TR} at (0,139) size 165x39
            RenderTableCell {TD} at (0,147) size 42x23 [border: (1px solid #008000)] [r=4 c=0 rs=1 cs=1]
              RenderText {#text} at (3,3) size 9x18
                text run at (3,4) width 9: "4"
            RenderTableCell {TD} at (41,139) size 46x39 [border: (1px solid #008000)] [r=4 c=1 rs=1 cs=1]
              RenderText {#text} at (3,3) size 18x17
                text run at (3,3) width 18: "aa"
              RenderBR {BR} at (3,17) size 0x0
              RenderText {#text} at (3,20) size 22x17
                text run at (3,20) width 9: "b"
                text run at (12,20) width 4 RTL: " "
                text run at (16,20) width 9: "1"
            RenderTableCell {TD} at (86,139) size 34x39 [border: (1px solid #008000)] [r=4 c=2 rs=1 cs=1]
              RenderText {#text} at (3,3) size 22x34
                text run at (3,3) width 18: "aa"
                text run at (3,20) width 22: "1 b"
            RenderTableCell {TD} at (120,139) size 45x39 [border: (1px solid #008000)] [r=4 c=3 rs=1 cs=1]
              RenderBlock {P} at (3,3) size 40x17
                RenderText {#text} at (0,0) size 18x17
                  text run at (0,0) width 18 LTR override: "aa"
              RenderBlock {P} at (3,20) size 40x17
                RenderText {#text} at (0,0) size 22x17
                  text run at (0,0) width 22 LTR override: "1 b"
          RenderTableRow {TR} at (0,178) size 165x39
            RenderTableCell {TD} at (0,186) size 42x23 [border: (1px solid #008000)] [r=5 c=0 rs=1 cs=1]
              RenderText {#text} at (3,3) size 9x18
                text run at (3,4) width 9: "5"
            RenderTableCell {TD} at (41,178) size 46x39 [border: (1px solid #008000)] [r=5 c=1 rs=1 cs=1]
              RenderText {#text} at (3,3) size 20x17
                text run at (3,3) width 20 RTL: "\x{5D0}\x{5D0}"
              RenderBR {BR} at (3,17) size 0x0
              RenderText {#text} at (3,20) size 23x17
                text run at (3,20) width 14 RTL: " \x{5D1}"
                text run at (17,20) width 9: "1"
            RenderTableCell {TD} at (86,178) size 34x39 [border: (1px solid #008000)] [r=5 c=2 rs=1 cs=1]
              RenderText {#text} at (3,3) size 23x34
                text run at (3,3) width 20 RTL: "\x{5D0}\x{5D0}"
                text run at (3,20) width 14 RTL: " \x{5D1}"
                text run at (17,20) width 9: "1"
            RenderTableCell {TD} at (120,178) size 45x39 [border: (1px solid #008000)] [r=5 c=3 rs=1 cs=1]
              RenderBlock {P} at (3,3) size 40x17
                RenderText {#text} at (0,0) size 20x17
                  text run at (0,0) width 20 LTR override: "\x{5D0}\x{5D0}"
              RenderBlock {P} at (3,20) size 40x17
                RenderText {#text} at (0,0) size 23x17
                  text run at (0,0) width 23 LTR override: "\x{5D1} 1"
          RenderTableRow {TR} at (0,217) size 165x39
            RenderTableCell {TD} at (0,225) size 42x23 [border: (1px solid #008000)] [r=6 c=0 rs=1 cs=1]
              RenderText {#text} at (3,3) size 9x18
                text run at (3,4) width 9: "6"
            RenderTableCell {TD} at (41,217) size 46x39 [border: (1px solid #008000)] [r=6 c=1 rs=1 cs=1]
              RenderText {#text} at (3,3) size 18x17
                text run at (3,3) width 18: "aa"
              RenderBR {BR} at (3,17) size 0x0
              RenderText {#text} at (3,20) size 23x17
                text run at (3,20) width 14 RTL: " \x{5D1}"
                text run at (17,20) width 9: "1"
            RenderTableCell {TD} at (86,217) size 34x39 [border: (1px solid #008000)] [r=6 c=2 rs=1 cs=1]
              RenderText {#text} at (3,3) size 23x34
                text run at (3,3) width 18: "aa"
                text run at (3,20) width 14 RTL: " \x{5D1}"
                text run at (17,20) width 9: "1"
            RenderTableCell {TD} at (120,217) size 45x39 [border: (1px solid #008000)] [r=6 c=3 rs=1 cs=1]
              RenderBlock {P} at (3,3) size 40x17
                RenderText {#text} at (0,0) size 18x17
                  text run at (0,0) width 18 LTR override: "aa"
              RenderBlock {P} at (3,20) size 40x17
                RenderText {#text} at (0,0) size 23x17
                  text run at (0,0) width 23 LTR override: "\x{5D1} 1"
          RenderTableRow {TR} at (0,256) size 165x39
            RenderTableCell {TD} at (0,264) size 42x23 [border: (1px solid #008000)] [r=7 c=0 rs=1 cs=1]
              RenderText {#text} at (3,3) size 9x18
                text run at (3,4) width 9: "7"
            RenderTableCell {TD} at (41,256) size 46x39 [border: (1px solid #008000)] [r=7 c=1 rs=1 cs=1]
              RenderText {#text} at (3,3) size 18x17
                text run at (3,3) width 18: "a ("
              RenderBR {BR} at (21,3) size 0x17
              RenderText {#text} at (3,20) size 17x17
                text run at (3,20) width 17: "] b"
            RenderTableCell {TD} at (86,256) size 34x39 [border: (1px solid #008000)] [r=7 c=2 rs=1 cs=1]
              RenderText {#text} at (3,3) size 26x34
                text run at (3,3) width 26: "a ( ]"
                text run at (3,20) width 9: "b"
            RenderTableCell {TD} at (120,256) size 45x39 [border: (1px solid #008000)] [r=7 c=3 rs=1 cs=1]
              RenderBlock {P} at (3,3) size 40x17
                RenderText {#text} at (0,0) size 18x17
                  text run at (0,0) width 18 LTR override: "a ("
              RenderBlock {P} at (3,20) size 40x17
                RenderText {#text} at (0,0) size 17x17
                  text run at (0,0) width 17 LTR override: "] b"
          RenderTableRow {TR} at (0,295) size 165x39
            RenderTableCell {TD} at (0,303) size 42x23 [border: (1px solid #008000)] [r=8 c=0 rs=1 cs=1]
              RenderText {#text} at (3,3) size 9x18
                text run at (3,4) width 9: "8"
            RenderTableCell {TD} at (41,295) size 46x39 [border: (1px solid #008000)] [r=8 c=1 rs=1 cs=1]
              RenderText {#text} at (3,3) size 19x17
                text run at (3,3) width 10 RTL: "\x{5D0}"
                text run at (13,3) width 9: " ("
              RenderBR {BR} at (22,17) size 0x0
              RenderText {#text} at (3,20) size 17x17
                text run at (3,20) width 17: "] b"
            RenderTableCell {TD} at (86,295) size 34x39 [border: (1px solid #008000)] [r=8 c=2 rs=1 cs=1]
              RenderText {#text} at (3,3) size 27x34
                text run at (3,3) width 10 RTL: "\x{5D0}"
                text run at (13,3) width 17: " ( ]"
                text run at (3,20) width 9: "b"
            RenderTableCell {TD} at (120,295) size 45x39 [border: (1px solid #008000)] [r=8 c=3 rs=1 cs=1]
              RenderBlock {P} at (3,3) size 40x17
                RenderText {#text} at (0,0) size 19x17
                  text run at (0,0) width 19 LTR override: "\x{5D0} ("
              RenderBlock {P} at (3,20) size 40x17
                RenderText {#text} at (0,0) size 17x17
                  text run at (0,0) width 17 LTR override: "] b"
          RenderTableRow {TR} at (0,334) size 165x39
            RenderTableCell {TD} at (0,342) size 42x23 [border: (1px solid #008000)] [r=9 c=0 rs=1 cs=1]
              RenderText {#text} at (3,3) size 9x18
                text run at (3,4) width 9: "9"
            RenderTableCell {TD} at (41,334) size 46x39 [border: (1px solid #008000)] [r=9 c=1 rs=1 cs=1]
              RenderText {#text} at (3,3) size 18x17
                text run at (3,3) width 18: "a ("
              RenderBR {BR} at (21,17) size 0x0
              RenderText {#text} at (3,20) size 18x17
                text run at (3,20) width 8: "] "
                text run at (11,20) width 10 RTL: "\x{5D1}"
            RenderTableCell {TD} at (86,334) size 34x39 [border: (1px solid #008000)] [r=9 c=2 rs=1 cs=1]
              RenderText {#text} at (3,3) size 26x34
                text run at (3,3) width 26: "a ( ]"
                text run at (3,20) width 10 RTL: "\x{5D1}"
            RenderTableCell {TD} at (120,334) size 45x39 [border: (1px solid #008000)] [r=9 c=3 rs=1 cs=1]
              RenderBlock {P} at (3,3) size 40x17
                RenderText {#text} at (0,0) size 18x17
                  text run at (0,0) width 18 LTR override: "a ("
              RenderBlock {P} at (3,20) size 40x17
                RenderText {#text} at (0,0) size 18x17
                  text run at (0,0) width 18 LTR override: "] \x{5D1}"
          RenderTableRow {TR} at (0,373) size 165x39
            RenderTableCell {TD} at (0,381) size 42x23 [border: (1px solid #008000)] [r=10 c=0 rs=1 cs=1]
              RenderText {#text} at (3,3) size 18x18
                text run at (3,4) width 18: "10"
            RenderTableCell {TD} at (41,373) size 46x39 [border: (1px solid #008000)] [r=10 c=1 rs=1 cs=1]
              RenderText {#text} at (3,3) size 19x17
                text run at (3,3) width 10 RTL: "\x{5D0}"
                text run at (13,3) width 9: " ("
              RenderBR {BR} at (22,17) size 0x0
              RenderText {#text} at (3,20) size 18x17
                text run at (3,20) width 8: "] "
                text run at (11,20) width 10 RTL: "\x{5D1}"
            RenderTableCell {TD} at (86,373) size 34x39 [border: (1px solid #008000)] [r=10 c=2 rs=1 cs=1]
              RenderText {#text} at (3,3) size 27x34
                text run at (3,3) width 27 RTL: "\x{5D0} ( ]"
                text run at (3,20) width 10 RTL: "\x{5D1}"
            RenderTableCell {TD} at (120,373) size 45x39 [border: (1px solid #008000)] [r=10 c=3 rs=1 cs=1]
              RenderBlock {P} at (3,3) size 40x17
                RenderText {#text} at (0,0) size 19x17
                  text run at (0,0) width 19 LTR override: ") \x{5D0}"
              RenderBlock {P} at (3,20) size 40x17
                RenderText {#text} at (0,0) size 18x17
                  text run at (0,0) width 18 LTR override: "\x{5D1} ["
