layer at (0,0) size 800x600
  RenderView at (0,0) size 800x600
layer at (0,0) size 800x600
  RenderBlock {HTML} at (0,0) size 800x600
    RenderBody {BODY} at (8,8) size 784x576
      RenderBlock (anonymous) at (0,0) size 784x34
        RenderText {#text} at (0,0) size 758x34
          text run at (0,0) width 579: "The following tests text iteration over RTL text embedded with LTR text. "
          text run at (579,0) width 179: "TextIterators are used"
          text run at (0,17) width 277: "for find, spellcheck, and .innerText"
      RenderBlock {HR} at (0,42) size 784x2 [border: (1px inset #000000)]
      RenderBlock (anonymous) at (0,52) size 784x17
        RenderText {#text} at (0,0) size 169x17
          text run at (0,0) width 169: "Embedded Numbers:"
      RenderBlock {DIV} at (0,69) size 784x17 [color=#0000FF]
        RenderText {#text} at (0,0) size 134x17
          text run at (0,0) width 69: "Testing ("
          text run at (69,0) width 15 RTL: "\x{5DF}\x{5DE}"
          text run at (84,0) width 10: "3"
          text run at (94,0) width 34 RTL: "\x{5D7}\x{5D5}\x{5D3}\x{5D0}"
          text run at (128,0) width 6: ")"
      RenderBlock (anonymous) at (0,86) size 784x17
        RenderText {#text} at (0,0) size 126x17
          text run at (0,0) width 126: "Embedded LTR:"
      RenderBlock {DIV} at (0,103) size 784x17 [color=#0000FF]
        RenderText {#text} at (0,0) size 162x17
          text run at (0,0) width 69: "Testing ("
          text run at (69,0) width 34 RTL: "\x{5D7}\x{5D5}\x{5D3}\x{5D0}"
          text run at (103,0) width 38: "hello"
          text run at (141,0) width 15 RTL: "\x{5DF}\x{5DE}"
          text run at (156,0) width 6: ")"
      RenderBlock (anonymous) at (0,120) size 784x17
        RenderText {#text} at (0,0) size 234x17
          text run at (0,0) width 234: "Embedded Numbers and LTR"
      RenderBlock {DIV} at (0,137) size 784x17 [color=#0000FF]
        RenderText {#text} at (0,0) size 161x17
          text run at (0,0) width 69: "Testing ("
          text run at (69,0) width 31 RTL: "\x{5E7}\x{5E7}\x{5E8}"
          text run at (100,0) width 10: "3"
          text run at (110,0) width 35 RTL: "\x{5D9}\x{5E7}\x{5DD}\x{5DC}"
          text run at (145,0) width 16: "h)"
      RenderBlock (anonymous) at (0,154) size 784x17
        RenderText {#text} at (0,0) size 273x17
          text run at (0,0) width 273: "Embedded Numbers with spacing:"
      RenderBlock {DIV} at (0,171) size 784x17 [color=#0000FF]
        RenderText {#text} at (0,0) size 291x17
          text run at (0,0) width 69: "Testing ("
          text run at (69,0) width 39 RTL: " \x{5D7}\x{5D5}\x{5D3}\x{5D0}"
          text run at (108,0) width 30: "300"
          text run at (138,0) width 54 RTL: "\x{5D7}\x{5D5}\x{5D3}\x{5D0}\x{5DF}\x{5DE} "
          text run at (192,0) width 50: "34023"
          text run at (242,0) width 43 RTL: "\x{5D9}\x{5E7}\x{5DA}\x{5DA}\x{5DD}"
          text run at (285,0) width 6: ")"
      RenderBlock (anonymous) at (0,188) size 784x17
        RenderText {#text} at (0,0) size 78x17
          text run at (0,0) width 78: "Plain LTR:"
      RenderBlock {DIV} at (0,205) size 784x17 [color=#0000FF]
        RenderText {#text} at (0,0) size 113x17
          text run at (0,0) width 113: "Testing (hello)"
      RenderBlock (anonymous) at (0,222) size 784x17
        RenderText {#text} at (0,0) size 230x17
          text run at (0,0) width 230: "Embedded LTR with spacing:"
      RenderBlock {DIV} at (0,239) size 784x17 [color=#0000FF]
        RenderText {#text} at (0,0) size 209x17
          text run at (0,0) width 69: "Testing ("
          text run at (69,0) width 67 RTL: "\x{5D7}\x{5D5}\x{5D3}\x{5D9}\x{5E7}\x{5DA}\x{5DA}\x{5DD}"
          text run at (136,0) width 48: " hello "
          text run at (184,0) width 19 RTL: "\x{5DF}\x{5DE}\x{5D9}"
          text run at (203,0) width 6: ")"
      RenderBlock (anonymous) at (0,256) size 784x17
        RenderText {#text} at (0,0) size 205x17
          text run at (0,0) width 205: "Mixed but not embedded:"
      RenderBlock {DIV} at (0,273) size 784x17 [color=#0000FF]
        RenderText {#text} at (0,0) size 152x17
          text run at (0,0) width 107: "Testing (hello"
          text run at (107,0) width 39 RTL: "\x{5D7}\x{5D5}\x{5D3}\x{5DF}\x{5DE}"
          text run at (146,0) width 6: ")"
      RenderBlock (anonymous) at (0,290) size 784x17
        RenderText {#text} at (0,0) size 205x17
          text run at (0,0) width 205: "Mixed but not embedded:"
      RenderBlock {DIV} at (0,307) size 784x17 [color=#0000FF]
        RenderText {#text} at (0,0) size 152x17
          text run at (0,0) width 69: "Testing ("
          text run at (69,0) width 39 RTL: "\x{5D7}\x{5D5}\x{5D3}\x{5DF}\x{5DE}"
          text run at (108,0) width 44: "hello)"
      RenderBlock {OL} at (0,340) size 784x0
