layer at (0,0) size 785x5849
  RenderView at (0,0) size 785x600
layer at (0,0) size 785x5849
  RenderBlock {HTML} at (0,0) size 785x5849
    RenderBody {BODY} at (8,8) size 769x5825
      RenderBlock {P} at (0,0) size 769x17
        RenderText {#text} at (0,0) size 300x17
          text run at (0,0) width 300: "Tests the resolved level of runs of neutral types."
      RenderBlock {DIV} at (0,33) size 769x2888
        RenderBlock {P} at (0,0) size 769x17
          RenderText {#text} at (0,0) size 43x17
            text run at (0,0) width 43: "ab(^cd"
        RenderBlock {P} at (0,33) size 769x17
          RenderText {#text} at (0,0) size 48x17
            text run at (0,0) width 20 RTL: "\x{5D0}\x{5D1}"
            text run at (20,0) width 28: "(^cd"
        RenderBlock {P} at (0,66) size 769x17
          RenderText {#text} at (0,0) size 47x17
            text run at (0,0) width 19 RTL: "\x{627}\x{628}"
            text run at (19,0) width 28: "(^cd"
        RenderBlock {P} at (0,99) size 769x17
          RenderText {#text} at (0,0) size 59x17
            text run at (0,0) width 59: "ab12(^cd"
        RenderBlock {P} at (0,132) size 769x17
          RenderText {#text} at (0,0) size 64x17
            text run at (0,0) width 16: "12"
            text run at (16,0) width 20 RTL: "\x{5D0}\x{5D1}"
            text run at (36,0) width 28: "(^cd"
        RenderBlock {P} at (0,165) size 769x17
          RenderText {#text} at (0,0) size 63x17
            text run at (0,0) width 16: "12"
            text run at (16,0) width 19 RTL: "\x{627}\x{628}"
            text run at (35,0) width 28: "(^cd"
        RenderBlock {P} at (0,198) size 769x17
          RenderText {#text} at (0,0) size 61x17
            text run at (0,0) width 15: "ab"
            text run at (15,0) width 18: "\x{661}\x{662}"
            text run at (33,0) width 28: "(^cd"
        RenderBlock {P} at (0,231) size 769x17
          RenderText {#text} at (0,0) size 66x17
            text run at (0,0) width 18: "\x{661}\x{662}"
            text run at (18,0) width 20 RTL: "\x{5D0}\x{5D1}"
            text run at (38,0) width 28: "(^cd"
        RenderBlock {P} at (0,264) size 769x17
          RenderText {#text} at (0,0) size 65x17
            text run at (0,0) width 18: "\x{661}\x{662}"
            text run at (18,0) width 19 RTL: "\x{627}\x{628}"
            text run at (37,0) width 28: "(^cd"
        RenderBlock {P} at (0,297) size 769x17
          RenderText {#text} at (0,0) size 35x17
            text run at (0,0) width 7: "\x{202A}?"
            text run at (7,0) width 28: "\x{202C}(^cd"
        RenderBlock {P} at (0,330) size 769x17
          RenderText {#text} at (0,0) size 35x17
            text run at (0,0) width 7 RTL: "\x{202B}?"
            text run at (7,0) width 28: "\x{202C}(^cd"
        RenderBlock {P} at (0,363) size 769x17
          RenderText {#text} at (0,0) size 45x17
            text run at (0,0) width 28: "ab(^"
            text run at (28,0) width 17 RTL: "\x{5D2}\x{5D3}"
        RenderBlock {P} at (0,396) size 769x17
          RenderText {#text} at (0,0) size 50x17
            text run at (0,0) width 50 RTL: "\x{5D0}\x{5D1}(^\x{5D2}\x{5D3}"
        RenderBlock {P} at (0,429) size 769x17
          RenderText {#text} at (0,0) size 49x17
            text run at (0,0) width 49 RTL: "\x{627}\x{628}(^\x{5D2}\x{5D3}"
        RenderBlock {P} at (0,462) size 769x17
          RenderText {#text} at (0,0) size 61x17
            text run at (0,0) width 44: "ab12(^"
            text run at (44,0) width 17 RTL: "\x{5D2}\x{5D3}"
        RenderBlock {P} at (0,495) size 769x17
          RenderText {#text} at (0,0) size 66x17
            text run at (0,0) width 30 RTL: "(^\x{5D2}\x{5D3}"
            text run at (30,0) width 16: "12"
            text run at (46,0) width 20 RTL: "\x{5D0}\x{5D1}"
        RenderBlock {P} at (0,528) size 769x17
          RenderText {#text} at (0,0) size 65x17
            text run at (0,0) width 30 RTL: "(^\x{5D2}\x{5D3}"
            text run at (30,0) width 16: "12"
            text run at (46,0) width 19 RTL: "\x{627}\x{628}"
        RenderBlock {P} at (0,561) size 769x17
          RenderText {#text} at (0,0) size 63x17
            text run at (0,0) width 15: "ab"
            text run at (15,0) width 30 RTL: "(^\x{5D2}\x{5D3}"
            text run at (45,0) width 18: "\x{661}\x{662}"
        RenderBlock {P} at (0,594) size 769x17
          RenderText {#text} at (0,0) size 68x17
            text run at (0,0) width 30 RTL: "(^\x{5D2}\x{5D3}"
            text run at (30,0) width 18: "\x{661}\x{662}"
            text run at (48,0) width 20 RTL: "\x{5D0}\x{5D1}"
        RenderBlock {P} at (0,627) size 769x17
          RenderText {#text} at (0,0) size 67x17
            text run at (0,0) width 30 RTL: "(^\x{5D2}\x{5D3}"
            text run at (30,0) width 18: "\x{661}\x{662}"
            text run at (48,0) width 19 RTL: "\x{627}\x{628}"
        RenderBlock {P} at (0,660) size 769x17
          RenderText {#text} at (0,0) size 37x17
            text run at (0,0) width 7: "\x{202A}?"
            text run at (7,0) width 13: "\x{202C}(^"
            text run at (20,0) width 17 RTL: "\x{5D2}\x{5D3}"
        RenderBlock {P} at (0,693) size 769x17
          RenderText {#text} at (0,0) size 37x17
            text run at (0,0) width 30 RTL: "\x{202C}(^\x{5D2}\x{5D3}"
            text run at (30,0) width 7 RTL: "\x{202B}?"
        RenderBlock {P} at (0,726) size 769x17
          RenderText {#text} at (0,0) size 46x17
            text run at (0,0) width 28: "ab(^"
            text run at (28,0) width 18 RTL: "\x{62C}\x{62F}"
        RenderBlock {P} at (0,759) size 769x17
          RenderText {#text} at (0,0) size 51x17
            text run at (0,0) width 51 RTL: "\x{5D0}\x{5D1}(^\x{62C}\x{62F}"
        RenderBlock {P} at (0,792) size 769x17
          RenderText {#text} at (0,0) size 50x17
            text run at (0,0) width 50 RTL: "\x{627}\x{628}(^\x{62C}\x{62F}"
        RenderBlock {P} at (0,825) size 769x17
          RenderText {#text} at (0,0) size 62x17
            text run at (0,0) width 44: "ab12(^"
            text run at (44,0) width 18 RTL: "\x{62C}\x{62F}"
        RenderBlock {P} at (0,858) size 769x17
          RenderText {#text} at (0,0) size 67x17
            text run at (0,0) width 31 RTL: "(^\x{62C}\x{62F}"
            text run at (31,0) width 16: "12"
            text run at (47,0) width 20 RTL: "\x{5D0}\x{5D1}"
        RenderBlock {P} at (0,891) size 769x17
          RenderText {#text} at (0,0) size 66x17
            text run at (0,0) width 31 RTL: "(^\x{62C}\x{62F}"
            text run at (31,0) width 16: "12"
            text run at (47,0) width 19 RTL: "\x{627}\x{628}"
        RenderBlock {P} at (0,924) size 769x17
          RenderText {#text} at (0,0) size 64x17
            text run at (0,0) width 15: "ab"
            text run at (15,0) width 31 RTL: "(^\x{62C}\x{62F}"
            text run at (46,0) width 18: "\x{661}\x{662}"
        RenderBlock {P} at (0,957) size 769x17
          RenderText {#text} at (0,0) size 69x17
            text run at (0,0) width 31 RTL: "(^\x{62C}\x{62F}"
            text run at (31,0) width 18: "\x{661}\x{662}"
            text run at (49,0) width 20 RTL: "\x{5D0}\x{5D1}"
        RenderBlock {P} at (0,990) size 769x17
          RenderText {#text} at (0,0) size 68x17
            text run at (0,0) width 31 RTL: "(^\x{62C}\x{62F}"
            text run at (31,0) width 18: "\x{661}\x{662}"
            text run at (49,0) width 19 RTL: "\x{627}\x{628}"
        RenderBlock {P} at (0,1023) size 769x17
          RenderText {#text} at (0,0) size 38x17
            text run at (0,0) width 7: "\x{202A}?"
            text run at (7,0) width 13: "\x{202C}(^"
            text run at (20,0) width 18 RTL: "\x{62C}\x{62F}"
        RenderBlock {P} at (0,1056) size 769x17
          RenderText {#text} at (0,0) size 38x17
            text run at (0,0) width 31 RTL: "\x{202C}(^\x{62C}\x{62F}"
            text run at (31,0) width 7 RTL: "\x{202B}?"
        RenderBlock {P} at (0,1089) size 769x17
          RenderText {#text} at (0,0) size 64x17
            text run at (0,0) width 44: "ab(^34"
            text run at (44,0) width 13 RTL: "\x{5E9}"
            text run at (57,0) width 7: "z"
        RenderBlock {P} at (0,1122) size 769x17
          RenderText {#text} at (0,0) size 69x17
            text run at (0,0) width 13 RTL: "\x{5E9}"
            text run at (13,0) width 16: "34"
            text run at (29,0) width 33 RTL: "\x{5D0}\x{5D1}(^"
            text run at (62,0) width 7: "z"
        RenderBlock {P} at (0,1155) size 769x17
          RenderText {#text} at (0,0) size 68x17
            text run at (0,0) width 13 RTL: "\x{5E9}"
            text run at (13,0) width 16: "34"
            text run at (29,0) width 32 RTL: "\x{627}\x{628}(^"
            text run at (61,0) width 7: "z"
        RenderBlock {P} at (0,1188) size 769x17
          RenderText {#text} at (0,0) size 80x17
            text run at (0,0) width 60: "ab12(^34"
            text run at (60,0) width 13 RTL: "\x{5E9}"
            text run at (73,0) width 7: "z"
        RenderBlock {P} at (0,1221) size 769x17
          RenderText {#text} at (0,0) size 85x17
            text run at (0,0) width 13 RTL: "\x{5E9}"
            text run at (13,0) width 16: "34"
            text run at (29,0) width 13 RTL: "(^"
            text run at (42,0) width 16: "12"
            text run at (58,0) width 20 RTL: "\x{5D0}\x{5D1}"
            text run at (78,0) width 7: "z"
        RenderBlock {P} at (0,1254) size 769x17
          RenderText {#text} at (0,0) size 84x17
            text run at (0,0) width 13 RTL: "\x{5E9}"
            text run at (13,0) width 16: "34"
            text run at (29,0) width 13 RTL: "(^"
            text run at (42,0) width 16: "12"
            text run at (58,0) width 19 RTL: "\x{627}\x{628}"
            text run at (77,0) width 7: "z"
        RenderBlock {P} at (0,1287) size 769x17
          RenderText {#text} at (0,0) size 82x17
            text run at (0,0) width 15: "ab"
            text run at (15,0) width 18: "\x{661}\x{662}"
            text run at (33,0) width 29: "(^34"
            text run at (62,0) width 13 RTL: "\x{5E9}"
            text run at (75,0) width 7: "z"
        RenderBlock {P} at (0,1320) size 769x17
          RenderText {#text} at (0,0) size 87x17
            text run at (0,0) width 13 RTL: "\x{5E9}"
            text run at (13,0) width 16: "34"
            text run at (29,0) width 13 RTL: "(^"
            text run at (42,0) width 18: "\x{661}\x{662}"
            text run at (60,0) width 20 RTL: "\x{5D0}\x{5D1}"
            text run at (80,0) width 7: "z"
        RenderBlock {P} at (0,1353) size 769x17
          RenderText {#text} at (0,0) size 86x17
            text run at (0,0) width 13 RTL: "\x{5E9}"
            text run at (13,0) width 16: "34"
            text run at (29,0) width 13 RTL: "(^"
            text run at (42,0) width 18: "\x{661}\x{662}"
            text run at (60,0) width 19 RTL: "\x{627}\x{628}"
            text run at (79,0) width 7: "z"
        RenderBlock {P} at (0,1386) size 769x17
          RenderText {#text} at (0,0) size 56x17
            text run at (0,0) width 7: "\x{202A}?"
            text run at (7,0) width 29: "\x{202C}(^34"
            text run at (36,0) width 13 RTL: "\x{5E9}"
            text run at (49,0) width 7: "z"
        RenderBlock {P} at (0,1419) size 769x17
          RenderText {#text} at (0,0) size 56x17
            text run at (0,0) width 13 RTL: "\x{5E9}"
            text run at (13,0) width 16: "34"
            text run at (29,0) width 13 RTL: "\x{202C}(^"
            text run at (42,0) width 7 RTL: "\x{202B}?"
            text run at (49,0) width 7: "z"
        RenderBlock {P} at (0,1452) size 769x17
          RenderText {#text} at (0,0) size 66x17
            text run at (0,0) width 28: "ab(^"
            text run at (28,0) width 13 RTL: "\x{5E9}"
            text run at (41,0) width 18: "\x{663}\x{664}"
            text run at (59,0) width 7: "z"
        RenderBlock {P} at (0,1485) size 769x17
          RenderText {#text} at (0,0) size 71x17
            text run at (0,0) width 13 RTL: "\x{5E9}"
            text run at (13,0) width 18: "\x{663}\x{664}"
            text run at (31,0) width 33 RTL: "\x{5D0}\x{5D1}(^"
            text run at (64,0) width 7: "z"
        RenderBlock {P} at (0,1518) size 769x17
          RenderText {#text} at (0,0) size 70x17
            text run at (0,0) width 13 RTL: "\x{5E9}"
            text run at (13,0) width 18: "\x{663}\x{664}"
            text run at (31,0) width 32 RTL: "\x{627}\x{628}(^"
            text run at (63,0) width 7: "z"
        RenderBlock {P} at (0,1551) size 769x17
          RenderText {#text} at (0,0) size 82x17
            text run at (0,0) width 44: "ab12(^"
            text run at (44,0) width 13 RTL: "\x{5E9}"
            text run at (57,0) width 18: "\x{663}\x{664}"
            text run at (75,0) width 7: "z"
        RenderBlock {P} at (0,1584) size 769x17
          RenderText {#text} at (0,0) size 87x17
            text run at (0,0) width 13 RTL: "\x{5E9}"
            text run at (13,0) width 18: "\x{663}\x{664}"
            text run at (31,0) width 13 RTL: "(^"
            text run at (44,0) width 16: "12"
            text run at (60,0) width 20 RTL: "\x{5D0}\x{5D1}"
            text run at (80,0) width 7: "z"
        RenderBlock {P} at (0,1617) size 769x17
          RenderText {#text} at (0,0) size 86x17
            text run at (0,0) width 13 RTL: "\x{5E9}"
            text run at (13,0) width 18: "\x{663}\x{664}"
            text run at (31,0) width 13 RTL: "(^"
            text run at (44,0) width 16: "12"
            text run at (60,0) width 19 RTL: "\x{627}\x{628}"
            text run at (79,0) width 7: "z"
        RenderBlock {P} at (0,1650) size 769x17
          RenderText {#text} at (0,0) size 84x17
            text run at (0,0) width 15: "ab"
            text run at (15,0) width 13 RTL: "\x{5E9}"
            text run at (28,0) width 18: "\x{663}\x{664}"
            text run at (46,0) width 13 RTL: "(^"
            text run at (59,0) width 18: "\x{661}\x{662}"
            text run at (77,0) width 7: "z"
        RenderBlock {P} at (0,1683) size 769x17
          RenderText {#text} at (0,0) size 89x17
            text run at (0,0) width 13 RTL: "\x{5E9}"
            text run at (13,0) width 18: "\x{663}\x{664}"
            text run at (31,0) width 13 RTL: "(^"
            text run at (44,0) width 18: "\x{661}\x{662}"
            text run at (62,0) width 20 RTL: "\x{5D0}\x{5D1}"
            text run at (82,0) width 7: "z"
        RenderBlock {P} at (0,1716) size 769x17
          RenderText {#text} at (0,0) size 88x17
            text run at (0,0) width 13 RTL: "\x{5E9}"
            text run at (13,0) width 18: "\x{663}\x{664}"
            text run at (31,0) width 13 RTL: "(^"
            text run at (44,0) width 18: "\x{661}\x{662}"
            text run at (62,0) width 19 RTL: "\x{627}\x{628}"
            text run at (81,0) width 7: "z"
        RenderBlock {P} at (0,1749) size 769x17
          RenderText {#text} at (0,0) size 58x17
            text run at (0,0) width 7: "\x{202A}?"
            text run at (7,0) width 13: "\x{202C}(^"
            text run at (20,0) width 13 RTL: "\x{5E9}"
            text run at (33,0) width 18: "\x{663}\x{664}"
            text run at (51,0) width 7: "z"
        RenderBlock {P} at (0,1782) size 769x17
          RenderText {#text} at (0,0) size 58x17
            text run at (0,0) width 13 RTL: "\x{5E9}"
            text run at (13,0) width 18: "\x{663}\x{664}"
            text run at (31,0) width 13 RTL: "\x{202C}(^"
            text run at (44,0) width 7 RTL: "\x{202B}?"
            text run at (51,0) width 7: "z"
        RenderBlock {P} at (0,1815) size 769x17
          RenderText {#text} at (0,0) size 33x17
            text run at (0,0) width 28: "ab(^"
            text run at (28,0) width 5: "\x{202A}!"
            text run at (33,0) width 0: "\x{202C}"
        RenderBlock {P} at (0,1848) size 769x17
          RenderText {#text} at (0,0) size 38x17
            text run at (0,0) width 20 RTL: "\x{5D0}\x{5D1}"
            text run at (20,0) width 13: "(^"
            text run at (33,0) width 5: "\x{202A}!"
            text run at (38,0) width 0: "\x{202C}"
        RenderBlock {P} at (0,1881) size 769x17
          RenderText {#text} at (0,0) size 37x17
            text run at (0,0) width 19 RTL: "\x{627}\x{628}"
            text run at (19,0) width 13: "(^"
            text run at (32,0) width 5: "\x{202A}!"
            text run at (37,0) width 0: "\x{202C}"
        RenderBlock {P} at (0,1914) size 769x17
          RenderText {#text} at (0,0) size 49x17
            text run at (0,0) width 44: "ab12(^"
            text run at (44,0) width 5: "\x{202A}!"
            text run at (49,0) width 0: "\x{202C}"
        RenderBlock {P} at (0,1947) size 769x17
          RenderText {#text} at (0,0) size 54x17
            text run at (0,0) width 16: "12"
            text run at (16,0) width 20 RTL: "\x{5D0}\x{5D1}"
            text run at (36,0) width 13: "(^"
            text run at (49,0) width 5: "\x{202A}!"
            text run at (54,0) width 0: "\x{202C}"
        RenderBlock {P} at (0,1980) size 769x17
          RenderText {#text} at (0,0) size 53x17
            text run at (0,0) width 16: "12"
            text run at (16,0) width 19 RTL: "\x{627}\x{628}"
            text run at (35,0) width 13: "(^"
            text run at (48,0) width 5: "\x{202A}!"
            text run at (53,0) width 0: "\x{202C}"
        RenderBlock {P} at (0,2013) size 769x17
          RenderText {#text} at (0,0) size 51x17
            text run at (0,0) width 15: "ab"
            text run at (15,0) width 18: "\x{661}\x{662}"
            text run at (33,0) width 13: "(^"
            text run at (46,0) width 5: "\x{202A}!"
            text run at (51,0) width 0: "\x{202C}"
        RenderBlock {P} at (0,2046) size 769x17
          RenderText {#text} at (0,0) size 56x17
            text run at (0,0) width 18: "\x{661}\x{662}"
            text run at (18,0) width 20 RTL: "\x{5D0}\x{5D1}"
            text run at (38,0) width 13: "(^"
            text run at (51,0) width 5: "\x{202A}!"
            text run at (56,0) width 0: "\x{202C}"
        RenderBlock {P} at (0,2079) size 769x17
          RenderText {#text} at (0,0) size 55x17
            text run at (0,0) width 18: "\x{661}\x{662}"
            text run at (18,0) width 19 RTL: "\x{627}\x{628}"
            text run at (37,0) width 13: "(^"
            text run at (50,0) width 5: "\x{202A}!"
            text run at (55,0) width 0: "\x{202C}"
        RenderBlock {P} at (0,2112) size 769x17
          RenderText {#text} at (0,0) size 25x17
            text run at (0,0) width 7: "\x{202A}?"
            text run at (7,0) width 13: "\x{202C}(^"
            text run at (20,0) width 5: "\x{202A}!"
            text run at (25,0) width 0: "\x{202C}"
        RenderBlock {P} at (0,2145) size 769x17
          RenderText {#text} at (0,0) size 25x17
            text run at (0,0) width 7 RTL: "\x{202B}?"
            text run at (7,0) width 13: "\x{202C}(^"
            text run at (20,0) width 5: "\x{202A}!"
            text run at (25,0) width 0: "\x{202C}"
        RenderBlock {P} at (0,2178) size 769x17
          RenderText {#text} at (0,0) size 33x17
            text run at (0,0) width 28: "ab(^"
            text run at (28,0) width 5 RTL: "\x{202B}!"
            text run at (33,0) width 0: "\x{202C}"
        RenderBlock {P} at (0,2211) size 769x17
          RenderText {#text} at (0,0) size 38x17
            text run at (0,0) width 5 RTL: "\x{202B}!"
            text run at (5,0) width 33 RTL: "\x{5D0}\x{5D1}(^"
            text run at (38,0) width 0: "\x{202C}"
        RenderBlock {P} at (0,2244) size 769x17
          RenderText {#text} at (0,0) size 37x17
            text run at (0,0) width 5 RTL: "\x{202B}!"
            text run at (5,0) width 32 RTL: "\x{627}\x{628}(^"
            text run at (37,0) width 0: "\x{202C}"
        RenderBlock {P} at (0,2277) size 769x17
          RenderText {#text} at (0,0) size 49x17
            text run at (0,0) width 44: "ab12(^"
            text run at (44,0) width 5 RTL: "\x{202B}!"
            text run at (49,0) width 0: "\x{202C}"
        RenderBlock {P} at (0,2310) size 769x17
          RenderText {#text} at (0,0) size 54x17
            text run at (0,0) width 5 RTL: "\x{202B}!"
            text run at (5,0) width 13 RTL: "(^"
            text run at (18,0) width 16: "12"
            text run at (34,0) width 20 RTL: "\x{5D0}\x{5D1}"
            text run at (54,0) width 0: "\x{202C}"
        RenderBlock {P} at (0,2343) size 769x17
          RenderText {#text} at (0,0) size 53x17
            text run at (0,0) width 5 RTL: "\x{202B}!"
            text run at (5,0) width 13 RTL: "(^"
            text run at (18,0) width 16: "12"
            text run at (34,0) width 19 RTL: "\x{627}\x{628}"
            text run at (53,0) width 0: "\x{202C}"
        RenderBlock {P} at (0,2376) size 769x17
          RenderText {#text} at (0,0) size 51x17
            text run at (0,0) width 15: "ab"
            text run at (15,0) width 5 RTL: "\x{202B}!"
            text run at (20,0) width 13 RTL: "(^"
            text run at (33,0) width 18: "\x{661}\x{662}"
            text run at (51,0) width 0: "\x{202C}"
        RenderBlock {P} at (0,2409) size 769x17
          RenderText {#text} at (0,0) size 56x17
            text run at (0,0) width 5 RTL: "\x{202B}!"
            text run at (5,0) width 13 RTL: "(^"
            text run at (18,0) width 18: "\x{661}\x{662}"
            text run at (36,0) width 20 RTL: "\x{5D0}\x{5D1}"
            text run at (56,0) width 0: "\x{202C}"
        RenderBlock {P} at (0,2442) size 769x17
          RenderText {#text} at (0,0) size 55x17
            text run at (0,0) width 5 RTL: "\x{202B}!"
            text run at (5,0) width 13 RTL: "(^"
            text run at (18,0) width 18: "\x{661}\x{662}"
            text run at (36,0) width 19 RTL: "\x{627}\x{628}"
            text run at (55,0) width 0: "\x{202C}"
        RenderBlock {P} at (0,2475) size 769x17
          RenderText {#text} at (0,0) size 25x17
            text run at (0,0) width 7: "\x{202A}?"
            text run at (7,0) width 13: "\x{202C}(^"
            text run at (20,0) width 5 RTL: "\x{202B}!"
            text run at (25,0) width 0: "\x{202C}"
        RenderBlock {P} at (0,2508) size 769x17
          RenderText {#text} at (0,0) size 25x17
            text run at (0,0) width 5 RTL: "\x{202B}!"
            text run at (5,0) width 13 RTL: "\x{202C}(^"
            text run at (18,0) width 7 RTL: "\x{202B}?"
            text run at (25,0) width 0: "\x{202C}"
        RenderBlock {P} at (0,2541) size 769x17
          RenderText {#text} at (0,0) size 28x17
            text run at (0,0) width 28: "\x{202A}ab(^"
            text run at (28,0) width 0: "\x{202C}"
        RenderBlock {P} at (0,2574) size 769x17
          RenderText {#text} at (0,0) size 33x17
            text run at (0,0) width 20 RTL: "\x{202A}\x{5D0}\x{5D1}"
            text run at (20,0) width 13: "(^"
            text run at (33,0) width 0: "\x{202C}"
        RenderBlock {P} at (0,2607) size 769x17
          RenderText {#text} at (0,0) size 32x17
            text run at (0,0) width 19 RTL: "\x{202A}\x{627}\x{628}"
            text run at (19,0) width 13: "(^"
            text run at (32,0) width 0: "\x{202C}"
        RenderBlock {P} at (0,2640) size 769x17
          RenderText {#text} at (0,0) size 44x17
            text run at (0,0) width 44: "\x{202A}ab12(^"
            text run at (44,0) width 0: "\x{202C}"
        RenderBlock {P} at (0,2673) size 769x17
          RenderText {#text} at (0,0) size 49x17
            text run at (0,0) width 16: "12"
            text run at (16,0) width 20 RTL: "\x{202A}\x{5D0}\x{5D1}"
            text run at (36,0) width 13: "(^"
            text run at (49,0) width 0: "\x{202C}"
        RenderBlock {P} at (0,2706) size 769x17
          RenderText {#text} at (0,0) size 48x17
            text run at (0,0) width 16: "12"
            text run at (16,0) width 19 RTL: "\x{202A}\x{627}\x{628}"
            text run at (35,0) width 13: "(^"
            text run at (48,0) width 0: "\x{202C}"
        RenderBlock {P} at (0,2739) size 769x17
          RenderText {#text} at (0,0) size 46x17
            text run at (0,0) width 15: "\x{202A}ab"
            text run at (15,0) width 18: "\x{661}\x{662}"
            text run at (33,0) width 13: "(^"
            text run at (46,0) width 0: "\x{202C}"
        RenderBlock {P} at (0,2772) size 769x17
          RenderText {#text} at (0,0) size 51x17
            text run at (0,0) width 18: "\x{661}\x{662}"
            text run at (18,0) width 20 RTL: "\x{202A}\x{5D0}\x{5D1}"
            text run at (38,0) width 13: "(^"
            text run at (51,0) width 0: "\x{202C}"
        RenderBlock {P} at (0,2805) size 769x17
          RenderText {#text} at (0,0) size 50x17
            text run at (0,0) width 18: "\x{661}\x{662}"
            text run at (18,0) width 19 RTL: "\x{202A}\x{627}\x{628}"
            text run at (37,0) width 13: "(^"
            text run at (50,0) width 0: "\x{202C}"
        RenderBlock {P} at (0,2838) size 769x17
          RenderText {#text} at (0,0) size 20x17
            text run at (0,0) width 0: "\x{202A}"
            text run at (0,0) width 7: "\x{202A}?"
            text run at (7,0) width 13: "\x{202C}(^"
            text run at (20,0) width 0: "\x{202C}"
        RenderBlock {P} at (0,2871) size 769x17
          RenderText {#text} at (0,0) size 20x17
            text run at (0,0) width 0: "\x{202A}"
            text run at (0,0) width 7 RTL: "\x{202B}?"
            text run at (7,0) width 13: "\x{202C}(^"
            text run at (20,0) width 0: "\x{202C}"
      RenderBlock {DIV} at (0,2937) size 769x2888
        RenderBlock {P} at (0,0) size 769x17
          RenderText {#text} at (0,0) size 43x17
            text run at (0,0) width 43: "ab(^cd"
        RenderBlock {P} at (0,33) size 769x17
          RenderText {#text} at (0,0) size 48x17
            text run at (0,0) width 15: "cd"
            text run at (15,0) width 33 RTL: "\x{5D0}\x{5D1}(^"
        RenderBlock {P} at (0,66) size 769x17
          RenderText {#text} at (0,0) size 47x17
            text run at (0,0) width 15: "cd"
            text run at (15,0) width 32 RTL: "\x{627}\x{628}(^"
        RenderBlock {P} at (0,99) size 769x17
          RenderText {#text} at (0,0) size 59x17
            text run at (0,0) width 59: "ab12(^cd"
        RenderBlock {P} at (0,132) size 769x17
          RenderText {#text} at (0,0) size 64x17
            text run at (0,0) width 15: "cd"
            text run at (15,0) width 13 RTL: "(^"
            text run at (28,0) width 16: "12"
            text run at (44,0) width 20 RTL: "\x{5D0}\x{5D1}"
        RenderBlock {P} at (0,165) size 769x17
          RenderText {#text} at (0,0) size 63x17
            text run at (0,0) width 15: "cd"
            text run at (15,0) width 13 RTL: "(^"
            text run at (28,0) width 16: "12"
            text run at (44,0) width 19 RTL: "\x{627}\x{628}"
        RenderBlock {P} at (0,198) size 769x17
          RenderText {#text} at (0,0) size 61x17
            text run at (0,0) width 15: "cd"
            text run at (15,0) width 13 RTL: "(^"
            text run at (28,0) width 33: "ab\x{661}\x{662}"
        RenderBlock {P} at (0,231) size 769x17
          RenderText {#text} at (0,0) size 66x17
            text run at (0,0) width 15: "cd"
            text run at (15,0) width 13 RTL: "(^"
            text run at (28,0) width 18: "\x{661}\x{662}"
            text run at (46,0) width 20 RTL: "\x{5D0}\x{5D1}"
        RenderBlock {P} at (0,264) size 769x17
          RenderText {#text} at (0,0) size 65x17
            text run at (0,0) width 15: "cd"
            text run at (15,0) width 13 RTL: "(^"
            text run at (28,0) width 18: "\x{661}\x{662}"
            text run at (46,0) width 19 RTL: "\x{627}\x{628}"
        RenderBlock {P} at (0,297) size 769x17
          RenderText {#text} at (0,0) size 35x17
            text run at (0,0) width 7: "\x{202A}?"
            text run at (7,0) width 28: "\x{202C}(^cd"
        RenderBlock {P} at (0,330) size 769x17
          RenderText {#text} at (0,0) size 35x17
            text run at (0,0) width 15: "cd"
            text run at (15,0) width 13 RTL: "\x{202C}(^"
            text run at (28,0) width 7 RTL: "\x{202B}?"
        RenderBlock {P} at (0,363) size 769x17
          RenderText {#text} at (0,0) size 45x17
            text run at (0,0) width 30 RTL: "(^\x{5D2}\x{5D3}"
            text run at (30,0) width 15: "ab"
        RenderBlock {P} at (0,396) size 769x17
          RenderText {#text} at (0,0) size 50x17
            text run at (0,0) width 50 RTL: "\x{5D0}\x{5D1}(^\x{5D2}\x{5D3}"
        RenderBlock {P} at (0,429) size 769x17
          RenderText {#text} at (0,0) size 49x17
            text run at (0,0) width 49 RTL: "\x{627}\x{628}(^\x{5D2}\x{5D3}"
        RenderBlock {P} at (0,462) size 769x17
          RenderText {#text} at (0,0) size 61x17
            text run at (0,0) width 30 RTL: "(^\x{5D2}\x{5D3}"
            text run at (30,0) width 31: "ab12"
        RenderBlock {P} at (0,495) size 769x17
          RenderText {#text} at (0,0) size 66x17
            text run at (0,0) width 30 RTL: "(^\x{5D2}\x{5D3}"
            text run at (30,0) width 16: "12"
            text run at (46,0) width 20 RTL: "\x{5D0}\x{5D1}"
        RenderBlock {P} at (0,528) size 769x17
          RenderText {#text} at (0,0) size 65x17
            text run at (0,0) width 30 RTL: "(^\x{5D2}\x{5D3}"
            text run at (30,0) width 16: "12"
            text run at (46,0) width 19 RTL: "\x{627}\x{628}"
        RenderBlock {P} at (0,561) size 769x17
          RenderText {#text} at (0,0) size 63x17
            text run at (0,0) width 30 RTL: "(^\x{5D2}\x{5D3}"
            text run at (30,0) width 33: "ab\x{661}\x{662}"
        RenderBlock {P} at (0,594) size 769x17
          RenderText {#text} at (0,0) size 68x17
            text run at (0,0) width 30 RTL: "(^\x{5D2}\x{5D3}"
            text run at (30,0) width 18: "\x{661}\x{662}"
            text run at (48,0) width 20 RTL: "\x{5D0}\x{5D1}"
        RenderBlock {P} at (0,627) size 769x17
          RenderText {#text} at (0,0) size 67x17
            text run at (0,0) width 30 RTL: "(^\x{5D2}\x{5D3}"
            text run at (30,0) width 18: "\x{661}\x{662}"
            text run at (48,0) width 19 RTL: "\x{627}\x{628}"
        RenderBlock {P} at (0,660) size 769x17
          RenderText {#text} at (0,0) size 37x17
            text run at (0,0) width 30 RTL: "\x{202C}(^\x{5D2}\x{5D3}"
            text run at (30,0) width 7: "\x{202A}?"
        RenderBlock {P} at (0,693) size 769x17
          RenderText {#text} at (0,0) size 37x17
            text run at (0,0) width 30 RTL: "\x{202C}(^\x{5D2}\x{5D3}"
            text run at (30,0) width 7 RTL: "\x{202B}?"
        RenderBlock {P} at (0,726) size 769x17
          RenderText {#text} at (0,0) size 46x17
            text run at (0,0) width 31 RTL: "(^\x{62C}\x{62F}"
            text run at (31,0) width 15: "ab"
        RenderBlock {P} at (0,759) size 769x17
          RenderText {#text} at (0,0) size 51x17
            text run at (0,0) width 51 RTL: "\x{5D0}\x{5D1}(^\x{62C}\x{62F}"
        RenderBlock {P} at (0,792) size 769x17
          RenderText {#text} at (0,0) size 50x17
            text run at (0,0) width 50 RTL: "\x{627}\x{628}(^\x{62C}\x{62F}"
        RenderBlock {P} at (0,825) size 769x17
          RenderText {#text} at (0,0) size 62x17
            text run at (0,0) width 31 RTL: "(^\x{62C}\x{62F}"
            text run at (31,0) width 31: "ab12"
        RenderBlock {P} at (0,858) size 769x17
          RenderText {#text} at (0,0) size 67x17
            text run at (0,0) width 31 RTL: "(^\x{62C}\x{62F}"
            text run at (31,0) width 16: "12"
            text run at (47,0) width 20 RTL: "\x{5D0}\x{5D1}"
        RenderBlock {P} at (0,891) size 769x17
          RenderText {#text} at (0,0) size 66x17
            text run at (0,0) width 31 RTL: "(^\x{62C}\x{62F}"
            text run at (31,0) width 16: "12"
            text run at (47,0) width 19 RTL: "\x{627}\x{628}"
        RenderBlock {P} at (0,924) size 769x17
          RenderText {#text} at (0,0) size 64x17
            text run at (0,0) width 31 RTL: "(^\x{62C}\x{62F}"
            text run at (31,0) width 33: "ab\x{661}\x{662}"
        RenderBlock {P} at (0,957) size 769x17
          RenderText {#text} at (0,0) size 69x17
            text run at (0,0) width 31 RTL: "(^\x{62C}\x{62F}"
            text run at (31,0) width 18: "\x{661}\x{662}"
            text run at (49,0) width 20 RTL: "\x{5D0}\x{5D1}"
        RenderBlock {P} at (0,990) size 769x17
          RenderText {#text} at (0,0) size 68x17
            text run at (0,0) width 31 RTL: "(^\x{62C}\x{62F}"
            text run at (31,0) width 18: "\x{661}\x{662}"
            text run at (49,0) width 19 RTL: "\x{627}\x{628}"
        RenderBlock {P} at (0,1023) size 769x17
          RenderText {#text} at (0,0) size 38x17
            text run at (0,0) width 31 RTL: "\x{202C}(^\x{62C}\x{62F}"
            text run at (31,0) width 7: "\x{202A}?"
        RenderBlock {P} at (0,1056) size 769x17
          RenderText {#text} at (0,0) size 38x17
            text run at (0,0) width 31 RTL: "\x{202C}(^\x{62C}\x{62F}"
            text run at (31,0) width 7 RTL: "\x{202B}?"
        RenderBlock {P} at (0,1089) size 769x17
          RenderText {#text} at (0,0) size 64x17
            text run at (0,0) width 7: "z"
            text run at (7,0) width 13 RTL: "\x{5E9}"
            text run at (20,0) width 44: "ab(^34"
        RenderBlock {P} at (0,1122) size 769x17
          RenderText {#text} at (0,0) size 69x17
            text run at (0,0) width 7: "z"
            text run at (7,0) width 13 RTL: "\x{5E9}"
            text run at (20,0) width 16: "34"
            text run at (36,0) width 33 RTL: "\x{5D0}\x{5D1}(^"
        RenderBlock {P} at (0,1155) size 769x17
          RenderText {#text} at (0,0) size 68x17
            text run at (0,0) width 7: "z"
            text run at (7,0) width 13 RTL: "\x{5E9}"
            text run at (20,0) width 16: "34"
            text run at (36,0) width 32 RTL: "\x{627}\x{628}(^"
        RenderBlock {P} at (0,1188) size 769x17
          RenderText {#text} at (0,0) size 80x17
            text run at (0,0) width 7: "z"
            text run at (7,0) width 13 RTL: "\x{5E9}"
            text run at (20,0) width 60: "ab12(^34"
        RenderBlock {P} at (0,1221) size 769x17
          RenderText {#text} at (0,0) size 85x17
            text run at (0,0) width 7: "z"
            text run at (7,0) width 13 RTL: "\x{5E9}"
            text run at (20,0) width 16: "34"
            text run at (36,0) width 13 RTL: "(^"
            text run at (49,0) width 16: "12"
            text run at (65,0) width 20 RTL: "\x{5D0}\x{5D1}"
        RenderBlock {P} at (0,1254) size 769x17
          RenderText {#text} at (0,0) size 84x17
            text run at (0,0) width 7: "z"
            text run at (7,0) width 13 RTL: "\x{5E9}"
            text run at (20,0) width 16: "34"
            text run at (36,0) width 13 RTL: "(^"
            text run at (49,0) width 16: "12"
            text run at (65,0) width 19 RTL: "\x{627}\x{628}"
        RenderBlock {P} at (0,1287) size 769x17
          RenderText {#text} at (0,0) size 82x17
            text run at (0,0) width 7: "z"
            text run at (7,0) width 13 RTL: "\x{5E9}"
            text run at (20,0) width 16: "34"
            text run at (36,0) width 13 RTL: "(^"
            text run at (49,0) width 33: "ab\x{661}\x{662}"
        RenderBlock {P} at (0,1320) size 769x17
          RenderText {#text} at (0,0) size 87x17
            text run at (0,0) width 7: "z"
            text run at (7,0) width 13 RTL: "\x{5E9}"
            text run at (20,0) width 16: "34"
            text run at (36,0) width 13 RTL: "(^"
            text run at (49,0) width 18: "\x{661}\x{662}"
            text run at (67,0) width 20 RTL: "\x{5D0}\x{5D1}"
        RenderBlock {P} at (0,1353) size 769x17
          RenderText {#text} at (0,0) size 86x17
            text run at (0,0) width 7: "z"
            text run at (7,0) width 13 RTL: "\x{5E9}"
            text run at (20,0) width 16: "34"
            text run at (36,0) width 13 RTL: "(^"
            text run at (49,0) width 18: "\x{661}\x{662}"
            text run at (67,0) width 19 RTL: "\x{627}\x{628}"
        RenderBlock {P} at (0,1386) size 769x17
          RenderText {#text} at (0,0) size 56x17
            text run at (0,0) width 7: "z"
            text run at (7,0) width 13 RTL: "\x{5E9}"
            text run at (20,0) width 7: "\x{202A}?"
            text run at (27,0) width 29: "\x{202C}(^34"
        RenderBlock {P} at (0,1419) size 769x17
          RenderText {#text} at (0,0) size 56x17
            text run at (0,0) width 7: "z"
            text run at (7,0) width 13 RTL: "\x{5E9}"
            text run at (20,0) width 16: "34"
            text run at (36,0) width 13 RTL: "\x{202C}(^"
            text run at (49,0) width 7 RTL: "\x{202B}?"
        RenderBlock {P} at (0,1452) size 769x17
          RenderText {#text} at (0,0) size 66x17
            text run at (0,0) width 7: "z"
            text run at (7,0) width 13 RTL: "\x{5E9}"
            text run at (20,0) width 18: "\x{663}\x{664}"
            text run at (38,0) width 13 RTL: "(^"
            text run at (51,0) width 15: "ab"
        RenderBlock {P} at (0,1485) size 769x17
          RenderText {#text} at (0,0) size 71x17
            text run at (0,0) width 7: "z"
            text run at (7,0) width 13 RTL: "\x{5E9}"
            text run at (20,0) width 18: "\x{663}\x{664}"
            text run at (38,0) width 33 RTL: "\x{5D0}\x{5D1}(^"
        RenderBlock {P} at (0,1518) size 769x17
          RenderText {#text} at (0,0) size 70x17
            text run at (0,0) width 7: "z"
            text run at (7,0) width 13 RTL: "\x{5E9}"
            text run at (20,0) width 18: "\x{663}\x{664}"
            text run at (38,0) width 32 RTL: "\x{627}\x{628}(^"
        RenderBlock {P} at (0,1551) size 769x17
          RenderText {#text} at (0,0) size 82x17
            text run at (0,0) width 7: "z"
            text run at (7,0) width 13 RTL: "\x{5E9}"
            text run at (20,0) width 18: "\x{663}\x{664}"
            text run at (38,0) width 13 RTL: "(^"
            text run at (51,0) width 31: "ab12"
        RenderBlock {P} at (0,1584) size 769x17
          RenderText {#text} at (0,0) size 87x17
            text run at (0,0) width 7: "z"
            text run at (7,0) width 13 RTL: "\x{5E9}"
            text run at (20,0) width 18: "\x{663}\x{664}"
            text run at (38,0) width 13 RTL: "(^"
            text run at (51,0) width 16: "12"
            text run at (67,0) width 20 RTL: "\x{5D0}\x{5D1}"
        RenderBlock {P} at (0,1617) size 769x17
          RenderText {#text} at (0,0) size 86x17
            text run at (0,0) width 7: "z"
            text run at (7,0) width 13 RTL: "\x{5E9}"
            text run at (20,0) width 18: "\x{663}\x{664}"
            text run at (38,0) width 13 RTL: "(^"
            text run at (51,0) width 16: "12"
            text run at (67,0) width 19 RTL: "\x{627}\x{628}"
        RenderBlock {P} at (0,1650) size 769x17
          RenderText {#text} at (0,0) size 84x17
            text run at (0,0) width 7: "z"
            text run at (7,0) width 13 RTL: "\x{5E9}"
            text run at (20,0) width 18: "\x{663}\x{664}"
            text run at (38,0) width 13 RTL: "(^"
            text run at (51,0) width 33: "ab\x{661}\x{662}"
        RenderBlock {P} at (0,1683) size 769x17
          RenderText {#text} at (0,0) size 89x17
            text run at (0,0) width 7: "z"
            text run at (7,0) width 13 RTL: "\x{5E9}"
            text run at (20,0) width 18: "\x{663}\x{664}"
            text run at (38,0) width 13 RTL: "(^"
            text run at (51,0) width 18: "\x{661}\x{662}"
            text run at (69,0) width 20 RTL: "\x{5D0}\x{5D1}"
        RenderBlock {P} at (0,1716) size 769x17
          RenderText {#text} at (0,0) size 88x17
            text run at (0,0) width 7: "z"
            text run at (7,0) width 13 RTL: "\x{5E9}"
            text run at (20,0) width 18: "\x{663}\x{664}"
            text run at (38,0) width 13 RTL: "(^"
            text run at (51,0) width 18: "\x{661}\x{662}"
            text run at (69,0) width 19 RTL: "\x{627}\x{628}"
        RenderBlock {P} at (0,1749) size 769x17
          RenderText {#text} at (0,0) size 58x17
            text run at (0,0) width 7: "z"
            text run at (7,0) width 13 RTL: "\x{5E9}"
            text run at (20,0) width 18: "\x{663}\x{664}"
            text run at (38,0) width 13 RTL: "\x{202C}(^"
            text run at (51,0) width 7: "\x{202A}?"
        RenderBlock {P} at (0,1782) size 769x17
          RenderText {#text} at (0,0) size 58x17
            text run at (0,0) width 7: "z"
            text run at (7,0) width 13 RTL: "\x{5E9}"
            text run at (20,0) width 18: "\x{663}\x{664}"
            text run at (38,0) width 13 RTL: "\x{202C}(^"
            text run at (51,0) width 7 RTL: "\x{202B}?"
        RenderBlock {P} at (0,1815) size 769x17
          RenderText {#text} at (0,0) size 33x17
            text run at (0,0) width 0 RTL: "\x{202C}"
            text run at (0,0) width 28: "ab(^"
            text run at (28,0) width 5: "\x{202A}!"
        RenderBlock {P} at (0,1848) size 769x17
          RenderText {#text} at (0,0) size 38x17
            text run at (0,0) width 0 RTL: "\x{202C}"
            text run at (0,0) width 5: "\x{202A}!"
            text run at (5,0) width 33 RTL: "\x{5D0}\x{5D1}(^"
        RenderBlock {P} at (0,1881) size 769x17
          RenderText {#text} at (0,0) size 37x17
            text run at (0,0) width 0 RTL: "\x{202C}"
            text run at (0,0) width 5: "\x{202A}!"
            text run at (5,0) width 32 RTL: "\x{627}\x{628}(^"
        RenderBlock {P} at (0,1914) size 769x17
          RenderText {#text} at (0,0) size 49x17
            text run at (0,0) width 0 RTL: "\x{202C}"
            text run at (0,0) width 44: "ab12(^"
            text run at (44,0) width 5: "\x{202A}!"
        RenderBlock {P} at (0,1947) size 769x17
          RenderText {#text} at (0,0) size 54x17
            text run at (0,0) width 0 RTL: "\x{202C}"
            text run at (0,0) width 5: "\x{202A}!"
            text run at (5,0) width 13 RTL: "(^"
            text run at (18,0) width 16: "12"
            text run at (34,0) width 20 RTL: "\x{5D0}\x{5D1}"
        RenderBlock {P} at (0,1980) size 769x17
          RenderText {#text} at (0,0) size 53x17
            text run at (0,0) width 0 RTL: "\x{202C}"
            text run at (0,0) width 5: "\x{202A}!"
            text run at (5,0) width 13 RTL: "(^"
            text run at (18,0) width 16: "12"
            text run at (34,0) width 19 RTL: "\x{627}\x{628}"
        RenderBlock {P} at (0,2013) size 769x17
          RenderText {#text} at (0,0) size 51x17
            text run at (0,0) width 0 RTL: "\x{202C}"
            text run at (0,0) width 5: "\x{202A}!"
            text run at (5,0) width 13 RTL: "(^"
            text run at (18,0) width 33: "ab\x{661}\x{662}"
        RenderBlock {P} at (0,2046) size 769x17
          RenderText {#text} at (0,0) size 56x17
            text run at (0,0) width 0 RTL: "\x{202C}"
            text run at (0,0) width 5: "\x{202A}!"
            text run at (5,0) width 13 RTL: "(^"
            text run at (18,0) width 18: "\x{661}\x{662}"
            text run at (36,0) width 20 RTL: "\x{5D0}\x{5D1}"
        RenderBlock {P} at (0,2079) size 769x17
          RenderText {#text} at (0,0) size 55x17
            text run at (0,0) width 0 RTL: "\x{202C}"
            text run at (0,0) width 5: "\x{202A}!"
            text run at (5,0) width 13 RTL: "(^"
            text run at (18,0) width 18: "\x{661}\x{662}"
            text run at (36,0) width 19 RTL: "\x{627}\x{628}"
        RenderBlock {P} at (0,2112) size 769x17
          RenderText {#text} at (0,0) size 25x17
            text run at (0,0) width 0 RTL: "\x{202C}"
            text run at (0,0) width 7: "\x{202A}?"
            text run at (7,0) width 13: "\x{202C}(^"
            text run at (20,0) width 5: "\x{202A}!"
        RenderBlock {P} at (0,2145) size 769x17
          RenderText {#text} at (0,0) size 25x17
            text run at (0,0) width 0 RTL: "\x{202C}"
            text run at (0,0) width 5: "\x{202A}!"
            text run at (5,0) width 13 RTL: "\x{202C}(^"
            text run at (18,0) width 7 RTL: "\x{202B}?"
        RenderBlock {P} at (0,2178) size 769x17
          RenderText {#text} at (0,0) size 33x17
            text run at (0,0) width 0 RTL: "\x{202C}"
            text run at (0,0) width 5 RTL: "\x{202B}!"
            text run at (5,0) width 13 RTL: "(^"
            text run at (18,0) width 15: "ab"
        RenderBlock {P} at (0,2211) size 769x17
          RenderText {#text} at (0,0) size 38x17
            text run at (0,0) width 0 RTL: "\x{202C}"
            text run at (0,0) width 5 RTL: "\x{202B}!"
            text run at (5,0) width 33 RTL: "\x{5D0}\x{5D1}(^"
        RenderBlock {P} at (0,2244) size 769x17
          RenderText {#text} at (0,0) size 37x17
            text run at (0,0) width 0 RTL: "\x{202C}"
            text run at (0,0) width 5 RTL: "\x{202B}!"
            text run at (5,0) width 32 RTL: "\x{627}\x{628}(^"
        RenderBlock {P} at (0,2277) size 769x17
          RenderText {#text} at (0,0) size 49x17
            text run at (0,0) width 0 RTL: "\x{202C}"
            text run at (0,0) width 5 RTL: "\x{202B}!"
            text run at (5,0) width 13 RTL: "(^"
            text run at (18,0) width 31: "ab12"
        RenderBlock {P} at (0,2310) size 769x17
          RenderText {#text} at (0,0) size 54x17
            text run at (0,0) width 0 RTL: "\x{202C}"
            text run at (0,0) width 5 RTL: "\x{202B}!"
            text run at (5,0) width 13 RTL: "(^"
            text run at (18,0) width 16: "12"
            text run at (34,0) width 20 RTL: "\x{5D0}\x{5D1}"
        RenderBlock {P} at (0,2343) size 769x17
          RenderText {#text} at (0,0) size 53x17
            text run at (0,0) width 0 RTL: "\x{202C}"
            text run at (0,0) width 5 RTL: "\x{202B}!"
            text run at (5,0) width 13 RTL: "(^"
            text run at (18,0) width 16: "12"
            text run at (34,0) width 19 RTL: "\x{627}\x{628}"
        RenderBlock {P} at (0,2376) size 769x17
          RenderText {#text} at (0,0) size 51x17
            text run at (0,0) width 0 RTL: "\x{202C}"
            text run at (0,0) width 5 RTL: "\x{202B}!"
            text run at (5,0) width 13 RTL: "(^"
            text run at (18,0) width 33: "ab\x{661}\x{662}"
        RenderBlock {P} at (0,2409) size 769x17
          RenderText {#text} at (0,0) size 56x17
            text run at (0,0) width 0 RTL: "\x{202C}"
            text run at (0,0) width 5 RTL: "\x{202B}!"
            text run at (5,0) width 13 RTL: "(^"
            text run at (18,0) width 18: "\x{661}\x{662}"
            text run at (36,0) width 20 RTL: "\x{5D0}\x{5D1}"
        RenderBlock {P} at (0,2442) size 769x17
          RenderText {#text} at (0,0) size 55x17
            text run at (0,0) width 0 RTL: "\x{202C}"
            text run at (0,0) width 5 RTL: "\x{202B}!"
            text run at (5,0) width 13 RTL: "(^"
            text run at (18,0) width 18: "\x{661}\x{662}"
            text run at (36,0) width 19 RTL: "\x{627}\x{628}"
        RenderBlock {P} at (0,2475) size 769x17
          RenderText {#text} at (0,0) size 25x17
            text run at (0,0) width 0 RTL: "\x{202C}"
            text run at (0,0) width 5 RTL: "\x{202B}!"
            text run at (5,0) width 13 RTL: "\x{202C}(^"
            text run at (18,0) width 7: "\x{202A}?"
        RenderBlock {P} at (0,2508) size 769x17
          RenderText {#text} at (0,0) size 25x17
            text run at (0,0) width 0 RTL: "\x{202C}"
            text run at (0,0) width 5 RTL: "\x{202B}!"
            text run at (5,0) width 13 RTL: "\x{202C}(^"
            text run at (18,0) width 7 RTL: "\x{202B}?"
        RenderBlock {P} at (0,2541) size 769x17
          RenderText {#text} at (0,0) size 28x17
            text run at (0,0) width 0 RTL: "\x{202C}"
            text run at (0,0) width 28: "\x{202A}ab(^"
        RenderBlock {P} at (0,2574) size 769x17
          RenderText {#text} at (0,0) size 33x17
            text run at (0,0) width 0 RTL: "\x{202C}"
            text run at (0,0) width 20 RTL: "\x{202A}\x{5D0}\x{5D1}"
            text run at (20,0) width 13: "(^"
        RenderBlock {P} at (0,2607) size 769x17
          RenderText {#text} at (0,0) size 32x17
            text run at (0,0) width 0 RTL: "\x{202C}"
            text run at (0,0) width 19 RTL: "\x{202A}\x{627}\x{628}"
            text run at (19,0) width 13: "(^"
        RenderBlock {P} at (0,2640) size 769x17
          RenderText {#text} at (0,0) size 44x17
            text run at (0,0) width 0 RTL: "\x{202C}"
            text run at (0,0) width 44: "\x{202A}ab12(^"
        RenderBlock {P} at (0,2673) size 769x17
          RenderText {#text} at (0,0) size 49x17
            text run at (0,0) width 0 RTL: "\x{202C}"
            text run at (0,0) width 16: "12"
            text run at (16,0) width 20 RTL: "\x{202A}\x{5D0}\x{5D1}"
            text run at (36,0) width 13: "(^"
        RenderBlock {P} at (0,2706) size 769x17
          RenderText {#text} at (0,0) size 48x17
            text run at (0,0) width 0 RTL: "\x{202C}"
            text run at (0,0) width 16: "12"
            text run at (16,0) width 19 RTL: "\x{202A}\x{627}\x{628}"
            text run at (35,0) width 13: "(^"
        RenderBlock {P} at (0,2739) size 769x17
          RenderText {#text} at (0,0) size 46x17
            text run at (0,0) width 0 RTL: "\x{202C}"
            text run at (0,0) width 15: "\x{202A}ab"
            text run at (15,0) width 18: "\x{661}\x{662}"
            text run at (33,0) width 13: "(^"
        RenderBlock {P} at (0,2772) size 769x17
          RenderText {#text} at (0,0) size 51x17
            text run at (0,0) width 0 RTL: "\x{202C}"
            text run at (0,0) width 18: "\x{661}\x{662}"
            text run at (18,0) width 20 RTL: "\x{202A}\x{5D0}\x{5D1}"
            text run at (38,0) width 13: "(^"
        RenderBlock {P} at (0,2805) size 769x17
          RenderText {#text} at (0,0) size 50x17
            text run at (0,0) width 0 RTL: "\x{202C}"
            text run at (0,0) width 18: "\x{661}\x{662}"
            text run at (18,0) width 19 RTL: "\x{202A}\x{627}\x{628}"
            text run at (37,0) width 13: "(^"
        RenderBlock {P} at (0,2838) size 769x17
          RenderText {#text} at (0,0) size 20x17
            text run at (0,0) width 0 RTL: "\x{202C}"
            text run at (0,0) width 0: "\x{202A}"
            text run at (0,0) width 7: "\x{202A}?"
            text run at (7,0) width 13: "\x{202C}(^"
        RenderBlock {P} at (0,2871) size 769x17
          RenderText {#text} at (0,0) size 20x17
            text run at (0,0) width 0 RTL: "\x{202C}"
            text run at (0,0) width 0: "\x{202A}"
            text run at (0,0) width 7 RTL: "\x{202B}?"
            text run at (7,0) width 13: "\x{202C}(^"
