layer at (0,0) size 800x600
  RenderView at (0,0) size 800x600
layer at (0,0) size 800x600
  RenderBlock {HTML} at (0,0) size 800x600
    RenderBody {BODY} at (8,8) size 784x584
      RenderBlock {P} at (0,0) size 784x34
        RenderText {#text} at (0,0) size 104x17
          text run at (0,0) width 104: "This is a test for "
        RenderInline {I} at (0,0) size 749x34
          RenderInline {A} at (0,0) size 348x17 [color=#0000EE]
            RenderText {#text} at (104,0) size 348x17
              text run at (104,0) width 348: "http://bugzilla.opendarwin.org/show_bug.cgi?id=9670"
          RenderText {#text} at (452,0) size 749x34
            text run at (452,0) width 4: " "
            text run at (456,0) width 293: "http://bugzilla.opendarwin.org/show_bug.cgi?"
            text run at (0,17) width 55: "id=9670"
        RenderText {#text} at (55,17) size 4x17
          text run at (55,17) width 4: "."
      RenderBlock {P} at (0,50) size 784x17
        RenderText {#text} at (0,0) size 543x17
          text run at (0,0) width 543: "All text should be aligned with the right edge of its container and should not overflow."
      RenderBlock {HR} at (0,83) size 784x2 [border: (1px inset #000000)]
      RenderBlock {DIV} at (0,93) size 191x54 [bgcolor=#FFFF00]
        RenderText {#text} at (48,0) size 143x54
          text run at (48,0) width 7 RTL: " "
          text run at (55,0) width 136 RTL: "\x{5D0}\x{5DB}\x{5DC}\x{5EA} \x{5E4}\x{5DC}\x{5E4}\x{5DC}?"
          text run at (91,27) width 100 RTL: "\x{5E9}\x{5EA}\x{5D4} \x{5DE}\x{5D9}\x{5E5}!"
      RenderBlock (anonymous) at (0,147) size 784x84
        RenderBR {BR} at (0,0) size 0x17
        RenderText {#text} at (199,67) size 4x17
          text run at (199,67) width 4: " "
        RenderBR {BR} at (0,0) size 0x0
      RenderBlock {DIV} at (0,231) size 191x54 [bgcolor=#FFFF00]
        RenderText {#text} at (48,0) size 143x54
          text run at (48,0) width 7 RTL: " "
          text run at (55,0) width 136 RTL: "\x{5D0}\x{5DB}\x{5DC}\x{5EA} \x{5E4}\x{5DC}\x{5E4}\x{5DC}?"
          text run at (91,27) width 100 RTL: "\x{5E9}\x{5EA}\x{5D4} \x{5DE}\x{5D9}\x{5E5}!"
layer at (8,174) size 199x60 clip at (9,175) size 197x58
  RenderTextControl {TEXTAREA} at (0,19) size 199x60 [bgcolor=#FFFFFF] [border: (1px solid #000000)]
    RenderBlock {DIV} at (3,3) size 193x54
      RenderText {#text} at (0,0) size 193x54
        text run at (0,0) width 0 RTL: " "
        text run at (0,0) width 193 RTL: "\x{5D0}\x{5DB}\x{5DC}\x{5EA} \x{5E4}\x{5DC}\x{5E4}\x{5DC}? \x{5E9}\x{5EA}\x{5D4}"
        text run at (150,27) width 43 RTL: "\x{5DE}\x{5D9}\x{5E5}!"
