layer at (0,0) size 785x22770
  RenderView at (0,0) size 785x600
layer at (0,0) size 785x600
  RenderBlock {HTML} at (0,0) size 785x600
    RenderBody {BODY} at (8,8) size 769x576
      RenderBlock {P} at (0,0) size 769x68
        RenderText {#text} at (0,0) size 764x68
          text run at (0,0) width 764: "The column on the right has explicit spaces. Line breaks should be roughly the same if Thai line breaks are working well."
          text run at (0,17) width 760: "The original source of this text was ICU, and the test program said \"by it's very nature, Thai word breaking is not exact\","
          text run at (0,34) width 759: "so the columns don't match exactly. In a future version we might decide to tweak the right column to match our expected"
          text run at (0,51) width 59: "behavior."
layer at (236,92) size 1x21556
  RenderBlock (positioned) {DIV} at (235,92) size 2x21556
    RenderText {#text} at (0,0) size 74x21556
      text run at (0,0) width 18: "\x{E1A}\x{E17}"
      text run at (0,17) width 41: "\x{E17}\x{E35}\x{E48}\x{E51}\x{E1E}\x{E32}\x{E22}\x{E38}"
      text run at (0,34) width 49: "\x{E44}\x{E0B}\x{E42}\x{E04}\x{E25}\x{E19}"
      text run at (0,51) width 16: "\x{E42}\x{E14}"
      text run at (0,68) width 21: "\x{E42}\x{E23}\x{E18}\x{E35}"
      text run at (0,85) width 31: "\x{E2D}\x{E32}\x{E28}\x{E31}\x{E22}"
      text run at (0,102) width 16: "\x{E2D}\x{E22}\x{E39}\x{E48}"
      text run at (0,119) width 54: "\x{E17}\x{E48}\x{E32}\x{E21}\x{E01}\x{E25}\x{E32}\x{E07}"
      text run at (0,136) width 42: "\x{E17}\x{E38}\x{E48}\x{E07}\x{E43}\x{E2B}\x{E0D}\x{E48}"
      text run at (0,153) width 17: "\x{E43}\x{E19}"
      text run at (0,170) width 44: "\x{E41}\x{E04}\x{E19}\x{E0B}\x{E31}\x{E2A}"
      text run at (0,187) width 18: "\x{E01}\x{E31}\x{E1A}"
      text run at (0,204) width 15: "\x{E25}\x{E38}\x{E07}"
      text run at (0,221) width 13: "\x{E40}\x{E2E}"
      text run at (0,238) width 17: "\x{E19}\x{E23}\x{E35}"
      text run at (0,255) width 35: "\x{E0A}\x{E32}\x{E27}\x{E44}\x{E23}\x{E48}"
      text run at (0,272) width 22: "\x{E41}\x{E25}\x{E30}"
      text run at (0,289) width 15: "\x{E1B}\x{E49}\x{E32}"
      text run at (0,306) width 22: "\x{E40}\x{E2D}\x{E47}\x{E21}"
      text run at (0,323) width 37: "\x{E20}\x{E23}\x{E23}\x{E22}\x{E32}"
      text run at (0,340) width 35: "\x{E0A}\x{E32}\x{E27}\x{E44}\x{E23}\x{E48}"
      text run at (0,357) width 25: "\x{E1A}\x{E49}\x{E32}\x{E19}"
      text run at (0,374) width 23: "\x{E02}\x{E2D}\x{E07}"
      text run at (0,391) width 27: "\x{E1E}\x{E27}\x{E01}"
      text run at (0,408) width 19: "\x{E40}\x{E02}\x{E32}"
      text run at (0,425) width 24: "\x{E2B}\x{E25}\x{E31}\x{E07}"
      text run at (0,442) width 22: "\x{E40}\x{E25}\x{E47}\x{E01}"
      text run at (0,459) width 34: "\x{E40}\x{E1E}\x{E23}\x{E32}\x{E30}"
      text run at (0,476) width 16: "\x{E44}\x{E21}\x{E49}"
      text run at (0,493) width 28: "\x{E2A}\x{E23}\x{E49}\x{E32}\x{E07}"
      text run at (0,510) width 25: "\x{E1A}\x{E49}\x{E32}\x{E19}"
      text run at (0,527) width 24: "\x{E15}\x{E49}\x{E2D}\x{E07}"
      text run at (0,544) width 18: "\x{E02}\x{E19}"
      text run at (0,561) width 15: "\x{E21}\x{E32}"
      text run at (0,578) width 25: "\x{E14}\x{E49}\x{E27}\x{E22}"
      text run at (0,595) width 40: "\x{E40}\x{E01}\x{E27}\x{E35}\x{E22}\x{E19}"
      text run at (0,612) width 24: "\x{E40}\x{E1B}\x{E47}\x{E19}"
      text run at (0,629) width 27: "\x{E23}\x{E30}\x{E22}\x{E30}"
      text run at (0,646) width 22: "\x{E17}\x{E32}\x{E07}"
      text run at (0,663) width 31: "\x{E2B}\x{E25}\x{E32}\x{E22}"
      text run at (0,680) width 24: "\x{E44}\x{E21}\x{E25}\x{E4C}"
      text run at (0,697) width 25: "\x{E1A}\x{E49}\x{E32}\x{E19}"
      text run at (0,714) width 9: "\x{E21}\x{E35}"
      text run at (0,731) width 8: "\x{E2A}\x{E35}\x{E48}"
      text run at (0,748) width 15: "\x{E1D}\x{E32}"
      text run at (0,765) width 9: "\x{E21}\x{E35}"
      text run at (0,782) width 20: "\x{E1E}\x{E37}\x{E49}\x{E19}"
      text run at (0,799) width 18: "\x{E01}\x{E31}\x{E1A}"
      text run at (0,816) width 39: "\x{E2B}\x{E25}\x{E31}\x{E07}\x{E04}\x{E32}"
      text run at (0,833) width 24: "\x{E23}\x{E27}\x{E21}"
      text run at (0,850) width 15: "\x{E17}\x{E33}"
      text run at (0,867) width 24: "\x{E40}\x{E1B}\x{E47}\x{E19}"
      text run at (0,884) width 24: "\x{E2B}\x{E49}\x{E2D}\x{E07}"
      text run at (0,901) width 30: "\x{E40}\x{E14}\x{E35}\x{E22}\x{E27}"
      text run at (0,918) width 17: "\x{E43}\x{E19}"
      text run at (0,935) width 24: "\x{E2B}\x{E49}\x{E2D}\x{E07}"
      text run at (0,952) width 9: "\x{E21}\x{E35}"
      text run at (0,969) width 16: "\x{E17}\x{E31}\x{E49}\x{E07}"
      text run at (0,986) width 20: "\x{E40}\x{E15}\x{E32}"
      text run at (0,1003) width 16: "\x{E2B}\x{E38}\x{E07}"
      text run at (0,1020) width 18: "\x{E15}\x{E49}\x{E21}"
      text run at (0,1037) width 9: "\x{E17}\x{E35}\x{E48}"
      text run at (0,1054) width 27: "\x{E2A}\x{E19}\x{E34}\x{E21}"
      text run at (0,1071) width 9: "\x{E14}\x{E39}"
      text run at (0,1088) width 18: "\x{E02}\x{E36}\x{E49}\x{E19}"
      text run at (0,1105) width 27: "\x{E40}\x{E25}\x{E2D}\x{E30}"
      text run at (0,1122) width 9: "\x{E21}\x{E35}"
      text run at (0,1139) width 9: "\x{E15}\x{E39}\x{E49}"
      text run at (0,1156) width 15: "\x{E43}\x{E2A}\x{E48}"
      text run at (0,1173) width 24: "\x{E16}\x{E49}\x{E27}\x{E22}"
      text run at (0,1190) width 23: "\x{E0A}\x{E32}\x{E21}"
      text run at (0,1207) width 22: "\x{E42}\x{E15}\x{E4A}\x{E30}"
      text run at (0,1224) width 28: "\x{E40}\x{E01}\x{E49}\x{E32}\x{E2D}\x{E35}\x{E49}"
      text run at (0,1241) width 23: "\x{E2A}\x{E32}\x{E21}"
      text run at (0,1258) width 24: "\x{E2B}\x{E23}\x{E37}\x{E2D}"
      text run at (0,1275) width 8: "\x{E2A}\x{E35}\x{E48}"
      text run at (0,1292) width 17: "\x{E15}\x{E31}\x{E27}"
      text run at (0,1309) width 24: "\x{E41}\x{E25}\x{E49}\x{E27}"
      text run at (0,1326) width 9: "\x{E01}\x{E47}"
      text run at (0,1343) width 9: "\x{E21}\x{E35}"
      text run at (0,1360) width 29: "\x{E40}\x{E15}\x{E35}\x{E22}\x{E07}"
      text run at (0,1377) width 28: "\x{E19}\x{E2D}\x{E19}"
      text run at (0,1394) width 15: "\x{E25}\x{E38}\x{E07}"
      text run at (0,1411) width 13: "\x{E40}\x{E2E}"
      text run at (0,1428) width 17: "\x{E19}\x{E23}\x{E35}"
      text run at (0,1445) width 18: "\x{E01}\x{E31}\x{E1A}"
      text run at (0,1462) width 15: "\x{E1B}\x{E49}\x{E32}"
      text run at (0,1479) width 22: "\x{E40}\x{E2D}\x{E47}\x{E21}"
      text run at (0,1496) width 9: "\x{E21}\x{E35}"
      text run at (0,1513) width 29: "\x{E40}\x{E15}\x{E35}\x{E22}\x{E07}"
      text run at (0,1530) width 28: "\x{E19}\x{E2D}\x{E19}"
      text run at (0,1547) width 27: "\x{E43}\x{E2B}\x{E0D}\x{E48}"
      text run at (0,1564) width 16: "\x{E2D}\x{E22}\x{E39}\x{E48}"
      text run at (0,1581) width 9: "\x{E17}\x{E35}\x{E48}"
      text run at (0,1598) width 18: "\x{E21}\x{E38}\x{E21}"
      text run at (0,1615) width 26: "\x{E2B}\x{E19}\x{E36}\x{E48}\x{E07}"
      text run at (0,1632) width 26: "\x{E2A}\x{E48}\x{E27}\x{E19}"
      text run at (0,1649) width 16: "\x{E42}\x{E14}"
      text run at (0,1666) width 14: "\x{E42}\x{E23}"
      text run at (0,1683) width 16: "\x{E18}\x{E35}\x{E21}\x{E35}"
      text run at (0,1700) width 29: "\x{E40}\x{E15}\x{E35}\x{E22}\x{E07}"
      text run at (0,1717) width 22: "\x{E40}\x{E25}\x{E47}\x{E01}"
      text run at (0,1734) width 17: "\x{E2D}\x{E35}\x{E01}"
      text run at (0,1751) width 9: "\x{E17}\x{E35}\x{E48}"
      text run at (0,1768) width 18: "\x{E21}\x{E38}\x{E21}"
      text run at (0,1785) width 26: "\x{E2B}\x{E19}\x{E36}\x{E48}\x{E07}"
      text run at (0,1802) width 25: "\x{E44}\x{E21}\x{E48}\x{E21}\x{E35}"
      text run at (0,1819) width 24: "\x{E2B}\x{E49}\x{E2D}\x{E07}"
      text run at (0,1836) width 16: "\x{E43}\x{E15}\x{E49}"
      text run at (0,1853) width 40: "\x{E40}\x{E1E}\x{E14}\x{E32}\x{E19}"
      text run at (0,1870) width 21: "\x{E40}\x{E25}\x{E22}"
      text run at (0,1887) width 24: "\x{E2B}\x{E49}\x{E2D}\x{E07}"
      text run at (0,1904) width 34: "\x{E43}\x{E15}\x{E49}\x{E16}\x{E38}\x{E19}"
      text run at (0,1921) width 9: "\x{E01}\x{E47}"
      text run at (0,1938) width 25: "\x{E44}\x{E21}\x{E48}\x{E21}\x{E35}"
      text run at (0,1955) width 23: "\x{E40}\x{E27}\x{E49}\x{E19}"
      text run at (0,1972) width 17: "\x{E41}\x{E15}\x{E48}"
      text run at (0,1989) width 9: "\x{E21}\x{E35}"
      text run at (0,2006) width 17: "\x{E42}\x{E1E}"
      text run at (0,2023) width 14: "\x{E23}\x{E07}"
      text run at (0,2040) width 29: "\x{E40}\x{E25}\x{E47}\x{E01}\x{E46}"
      text run at (0,2057) width 9: "\x{E17}\x{E35}\x{E48}"
      text run at (0,2074) width 17: "\x{E02}\x{E38}\x{E14}"
      text run at (0,2091) width 16: "\x{E44}\x{E1B}"
      text run at (0,2108) width 16: "\x{E43}\x{E15}\x{E49}"
      text run at (0,2125) width 20: "\x{E1E}\x{E37}\x{E49}\x{E19}"
      text run at (0,2142) width 29: "\x{E40}\x{E23}\x{E35}\x{E22}\x{E01}"
      text run at (0,2159) width 14: "\x{E27}\x{E48}\x{E32}"
      text run at (0,2176) width 38: "\"\x{E42}\x{E1E}\x{E23}\x{E07}"
      text run at (0,2193) width 56: "\x{E44}\x{E0B}\x{E42}\x{E04}\x{E25}\x{E19}\""
      text run at (0,2210) width 24: "\x{E40}\x{E1B}\x{E47}\x{E19}"
      text run at (0,2227) width 9: "\x{E17}\x{E35}\x{E48}"
      text run at (0,2244) width 57: "\x{E04}\x{E23}\x{E2D}\x{E1A}\x{E04}\x{E23}\x{E31}\x{E27}"
      text run at (0,2261) width 10: "\x{E19}\x{E35}\x{E49}"
      text run at (0,2278) width 14: "\x{E08}\x{E30}"
      text run at (0,2295) width 18: "\x{E21}\x{E38}\x{E14}"
      text run at (0,2312) width 35: "\x{E40}\x{E02}\x{E49}\x{E32}\x{E44}\x{E1B}"
      text run at (0,2329) width 22: "\x{E40}\x{E21}\x{E37}\x{E48}\x{E2D}"
      text run at (0,2346) width 23: "\x{E40}\x{E01}\x{E34}\x{E14}"
      text run at (0,2363) width 17: "\x{E25}\x{E21}"
      text run at (0,2380) width 24: "\x{E21}\x{E2B}\x{E32}"
      text run at (0,2397) width 17: "\x{E20}\x{E31}\x{E22}"
      text run at (0,2414) width 16: "\x{E0B}\x{E36}\x{E48}\x{E07}"
      text run at (0,2431) width 46: "\x{E01}\x{E23}\x{E30}\x{E42}\x{E0A}\x{E01}"
      text run at (0,2448) width 22: "\x{E41}\x{E23}\x{E07}"
      text run at (0,2465) width 18: "\x{E08}\x{E19}"
      text run at (0,2482) width 34: "\x{E1A}\x{E14}\x{E02}\x{E22}\x{E35}\x{E49}"
      text run at (0,2499) width 15: "\x{E2A}\x{E34}\x{E48}\x{E07}"
      text run at (0,2516) width 17: "\x{E01}\x{E48}\x{E2D}"
      text run at (0,2533) width 28: "\x{E2A}\x{E23}\x{E49}\x{E32}\x{E07}"
      text run at (0,2550) width 23: "\x{E43}\x{E14}\x{E46}"
      text run at (0,2567) width 9: "\x{E17}\x{E35}\x{E48}"
      text run at (0,2584) width 29: "\x{E02}\x{E27}\x{E32}\x{E07}"
      text run at (0,2601) width 22: "\x{E17}\x{E32}\x{E07}"
      text run at (0,2618) width 19: "\x{E21}\x{E31}\x{E19}"
      text run at (0,2635) width 16: "\x{E44}\x{E14}\x{E49}"
      text run at (0,2652) width 23: "\x{E15}\x{E23}\x{E07}"
      text run at (0,2669) width 30: "\x{E01}\x{E25}\x{E32}\x{E07}"
      text run at (0,2686) width 20: "\x{E1E}\x{E37}\x{E49}\x{E19}"
      text run at (0,2703) width 9: "\x{E21}\x{E35}"
      text run at (0,2720) width 15: "\x{E1D}\x{E32}"
      text run at (0,2737) width 23: "\x{E40}\x{E1B}\x{E34}\x{E14}"
      text run at (0,2754) width 35: "\x{E40}\x{E02}\x{E49}\x{E32}\x{E44}\x{E1B}"
      text run at (0,2771) width 23: "\x{E08}\x{E32}\x{E01}"
      text run at (0,2788) width 20: "\x{E19}\x{E31}\x{E49}\x{E19}"
      text run at (0,2805) width 9: "\x{E21}\x{E35}"
      text run at (0,2822) width 34: "\x{E1A}\x{E31}\x{E19}\x{E44}\x{E14}"
      text run at (0,2839) width 15: "\x{E25}\x{E07}"
      text run at (0,2856) width 16: "\x{E44}\x{E1B}"
      text run at (0,2873) width 15: "\x{E16}\x{E36}\x{E07}"
      text run at (0,2890) width 31: "\x{E42}\x{E1E}\x{E23}\x{E07}"
      text run at (0,2907) width 18: "\x{E21}\x{E37}\x{E14}"
      text run at (0,2924) width 29: "\x{E40}\x{E25}\x{E47}\x{E01}\x{E46}"
      text run at (0,2941) width 22: "\x{E40}\x{E21}\x{E37}\x{E48}\x{E2D}"
      text run at (0,2958) width 16: "\x{E42}\x{E14}"
      text run at (0,2975) width 21: "\x{E42}\x{E23}\x{E18}\x{E35}"
      text run at (0,2992) width 18: "\x{E22}\x{E37}\x{E19}"
      text run at (0,3009) width 9: "\x{E17}\x{E35}\x{E48}"
      text run at (0,3026) width 24: "\x{E1B}\x{E32}\x{E01}"
      text run at (0,3043) width 31: "\x{E1B}\x{E23}\x{E30}\x{E15}\x{E39}"
      text run at (0,3060) width 22: "\x{E41}\x{E25}\x{E30}"
      text run at (0,3077) width 24: "\x{E21}\x{E2D}\x{E07}"
      text run at (0,3094) width 16: "\x{E44}\x{E1B}"
      text run at (0,3111) width 31: "\x{E23}\x{E2D}\x{E1A}\x{E46}"
      text run at (0,3128) width 20: "\x{E40}\x{E18}\x{E2D}"
      text run at (0,3145) width 16: "\x{E44}\x{E21}\x{E48}"
      text run at (0,3162) width 24: "\x{E40}\x{E2B}\x{E47}\x{E19}"
      text run at (0,3179) width 28: "\x{E2D}\x{E30}\x{E44}\x{E23}"
      text run at (0,3196) width 50: "\x{E19}\x{E2D}\x{E01}\x{E08}\x{E32}\x{E01}"
      text run at (0,3213) width 24: "\x{E17}\x{E49}\x{E2D}\x{E07}"
      text run at (0,3230) width 16: "\x{E17}\x{E38}\x{E48}\x{E07}"
      text run at (0,3247) width 30: "\x{E01}\x{E27}\x{E49}\x{E32}\x{E07}"
      text run at (0,3264) width 8: "\x{E2A}\x{E35}"
      text run at (0,3281) width 20: "\x{E40}\x{E17}\x{E32}"
      text run at (0,3298) width 28: "\x{E2B}\x{E21}\x{E48}\x{E19}"
      text run at (0,3315) width 17: "\x{E17}\x{E31}\x{E48}\x{E27}"
      text run at (0,3332) width 18: "\x{E17}\x{E38}\x{E01}"
      text run at (0,3349) width 25: "\x{E14}\x{E49}\x{E32}\x{E19}"
      text run at (0,3366) width 25: "\x{E44}\x{E21}\x{E48}\x{E21}\x{E35}"
      text run at (0,3383) width 17: "\x{E41}\x{E21}\x{E49}"
      text run at (0,3400) width 34: "\x{E15}\x{E49}\x{E19}\x{E44}\x{E21}\x{E49}"
      text run at (0,3417) width 17: "\x{E2A}\x{E31}\x{E01}"
      text run at (0,3434) width 19: "\x{E15}\x{E49}\x{E19}"
      text run at (0,3451) width 24: "\x{E2B}\x{E23}\x{E37}\x{E2D}"
      text run at (0,3468) width 25: "\x{E1A}\x{E49}\x{E32}\x{E19}"
      text run at (0,3485) width 17: "\x{E2A}\x{E31}\x{E01}"
      text run at (0,3502) width 24: "\x{E2B}\x{E25}\x{E31}\x{E07}"
      text run at (0,3519) width 9: "\x{E17}\x{E35}\x{E48}"
      text run at (0,3536) width 24: "\x{E42}\x{E1C}\x{E25}\x{E48}"
      text run at (0,3553) width 20: "\x{E1E}\x{E49}\x{E19}"
      text run at (0,3570) width 63: "\x{E20}\x{E39}\x{E21}\x{E34}\x{E1B}\x{E23}\x{E30}\x{E40}\x{E17}\x{E28}"
      text run at (0,3587) width 18: "\x{E2D}\x{E31}\x{E19}"
      text run at (0,3604) width 22: "\x{E23}\x{E32}\x{E1A}"
      text run at (0,3621) width 29: "\x{E40}\x{E23}\x{E35}\x{E22}\x{E1A}"
      text run at (0,3638) width 17: "\x{E41}\x{E1C}\x{E48}"
      text run at (0,3655) width 16: "\x{E44}\x{E1B}"
      text run at (0,3672) width 24: "\x{E44}\x{E01}\x{E25}"
      text run at (0,3689) width 18: "\x{E08}\x{E19}"
      text run at (0,3706) width 17: "\x{E08}\x{E14}"
      text run at (0,3723) width 25: "\x{E02}\x{E2D}\x{E1A}"
      text run at (0,3740) width 16: "\x{E1F}\x{E49}\x{E32}"
      text run at (0,3757) width 17: "\x{E17}\x{E31}\x{E48}\x{E27}"
      text run at (0,3774) width 18: "\x{E17}\x{E38}\x{E01}"
      text run at (0,3791) width 18: "\x{E17}\x{E34}\x{E28}"
      text run at (0,3808) width 57: "\x{E14}\x{E27}\x{E07}\x{E15}\x{E30}\x{E27}\x{E31}\x{E19}"
      text run at (0,3825) width 20: "\x{E40}\x{E1C}\x{E32}"
      text run at (0,3842) width 19: "\x{E1C}\x{E37}\x{E19}"
      text run at (0,3859) width 19: "\x{E14}\x{E34}\x{E19}"
      text run at (0,3876) width 9: "\x{E17}\x{E35}\x{E48}"
      text run at (0,3893) width 15: "\x{E44}\x{E16}"
      text run at (0,3910) width 24: "\x{E41}\x{E25}\x{E49}\x{E27}"
      text run at (0,3927) width 18: "\x{E08}\x{E19}"
      text run at (0,3944) width 31: "\x{E01}\x{E25}\x{E32}\x{E22}"
      text run at (0,3961) width 24: "\x{E40}\x{E1B}\x{E47}\x{E19}"
      text run at (0,3978) width 27: "\x{E41}\x{E1C}\x{E48}\x{E19}"
      text run at (0,3995) width 33: "\x{E21}\x{E2B}\x{E36}\x{E21}\x{E32}"
      text run at (0,4012) width 8: "\x{E2A}\x{E35}"
      text run at (0,4029) width 15: "\x{E14}\x{E33}"
      text run at (0,4046) width 9: "\x{E21}\x{E35}"
      text run at (0,4063) width 23: "\x{E23}\x{E2D}\x{E22}"
      text run at (0,4080) width 26: "\x{E41}\x{E15}\x{E01}"
      text run at (0,4097) width 37: "\x{E23}\x{E30}\x{E41}\x{E2B}\x{E07}"
      text run at (0,4114) width 16: "\x{E2D}\x{E22}\x{E39}\x{E48}"
      text run at (0,4131) width 34: "\x{E15}\x{E25}\x{E2D}\x{E14}"
      text run at (0,4148) width 34: "\x{E41}\x{E21}\x{E49}\x{E41}\x{E15}\x{E48}"
      text run at (0,4165) width 26: "\x{E2B}\x{E0D}\x{E49}\x{E32}"
      text run at (0,4182) width 9: "\x{E01}\x{E47}"
      text run at (0,4199) width 16: "\x{E44}\x{E21}\x{E48}"
      text run at (0,4216) width 29: "\x{E40}\x{E02}\x{E35}\x{E22}\x{E27}"
      text run at (0,4233) width 34: "\x{E40}\x{E1E}\x{E23}\x{E32}\x{E30}"
      text run at (0,4250) width 57: "\x{E14}\x{E27}\x{E07}\x{E15}\x{E30}\x{E27}\x{E31}\x{E19}"
      text run at (0,4267) width 20: "\x{E40}\x{E1C}\x{E32}"
      text run at (0,4284) width 25: "\x{E22}\x{E2D}\x{E14}"
      text run at (0,4301) width 16: "\x{E43}\x{E1A}"
      text run at (0,4318) width 22: "\x{E22}\x{E32}\x{E27}"
      text run at (0,4335) width 21: "\x{E40}\x{E2A}\x{E35}\x{E22}"
      text run at (0,4352) width 18: "\x{E08}\x{E19}"
      text run at (0,4369) width 24: "\x{E40}\x{E1B}\x{E47}\x{E19}"
      text run at (0,4386) width 8: "\x{E2A}\x{E35}"
      text run at (0,4403) width 20: "\x{E40}\x{E17}\x{E32}"
      text run at (0,4420) width 28: "\x{E2B}\x{E21}\x{E48}\x{E19}"
      text run at (0,4437) width 24: "\x{E21}\x{E2D}\x{E07}"
      text run at (0,4454) width 24: "\x{E40}\x{E2B}\x{E47}\x{E19}"
      text run at (0,4471) width 16: "\x{E2D}\x{E22}\x{E39}\x{E48}"
      text run at (0,4488) width 32: "\x{E17}\x{E31}\x{E48}\x{E27}\x{E44}\x{E1B}"
      text run at (0,4505) width 23: "\x{E04}\x{E23}\x{E31}\x{E49}\x{E07}"
      text run at (0,4522) width 26: "\x{E2B}\x{E19}\x{E36}\x{E48}\x{E07}"
      text run at (0,4539) width 22: "\x{E40}\x{E04}\x{E22}"
      text run at (0,4556) width 23: "\x{E17}\x{E32}\x{E2A}\x{E35}"
      text run at (0,4573) width 25: "\x{E1A}\x{E49}\x{E32}\x{E19}"
      text run at (0,4590) width 19: "\x{E40}\x{E2D}\x{E32}"
      text run at (0,4607) width 15: "\x{E44}\x{E27}\x{E49}"
      text run at (0,4624) width 17: "\x{E41}\x{E15}\x{E48}"
      text run at (0,4641) width 9: "\x{E01}\x{E47}"
      text run at (0,4658) width 17: "\x{E16}\x{E39}\x{E01}"
      text run at (0,4675) width 57: "\x{E14}\x{E27}\x{E07}\x{E15}\x{E30}\x{E27}\x{E31}\x{E19}"
      text run at (0,4692) width 20: "\x{E40}\x{E1C}\x{E32}"
      text run at (0,4709) width 21: "\x{E40}\x{E2A}\x{E35}\x{E22}"
      text run at (0,4726) width 18: "\x{E08}\x{E19}"
      text run at (0,4743) width 8: "\x{E2A}\x{E35}"
      text run at (0,4760) width 25: "\x{E1E}\x{E2D}\x{E07}"
      text run at (0,4777) width 24: "\x{E41}\x{E25}\x{E49}\x{E27}"
      text run at (0,4794) width 19: "\x{E1D}\x{E19}"
      text run at (0,4811) width 9: "\x{E01}\x{E47}"
      text run at (0,4828) width 14: "\x{E0A}\x{E30}"
      text run at (0,4845) width 19: "\x{E21}\x{E31}\x{E19}"
      text run at (0,4862) width 26: "\x{E2B}\x{E25}\x{E38}\x{E14}"
      text run at (0,4879) width 16: "\x{E44}\x{E1B}"
      text run at (0,4896) width 18: "\x{E08}\x{E19}"
      text run at (0,4913) width 27: "\x{E2B}\x{E21}\x{E14}"
      text run at (0,4930) width 22: "\x{E41}\x{E25}\x{E30}"
      text run at (0,4947) width 27: "\x{E15}\x{E2D}\x{E19}"
      text run at (0,4964) width 10: "\x{E19}\x{E35}\x{E49}"
      text run at (0,4981) width 25: "\x{E1A}\x{E49}\x{E32}\x{E19}"
      text run at (0,4998) width 15: "\x{E08}\x{E36}\x{E07}"
      text run at (0,5015) width 9: "\x{E14}\x{E39}"
      text run at (0,5032) width 61: "\x{E2B}\x{E21}\x{E48}\x{E19}\x{E2B}\x{E21}\x{E2D}\x{E07}"
      text run at (0,5049) width 24: "\x{E40}\x{E1B}\x{E47}\x{E19}"
      text run at (0,5066) width 8: "\x{E2A}\x{E35}"
      text run at (0,5083) width 20: "\x{E40}\x{E17}\x{E32}"
      text run at (0,5100) width 41: "\x{E40}\x{E2B}\x{E21}\x{E37}\x{E2D}\x{E19}"
      text run at (0,5117) width 15: "\x{E2A}\x{E34}\x{E48}\x{E07}"
      text run at (0,5134) width 25: "\x{E2D}\x{E37}\x{E48}\x{E19}\x{E46}"
      text run at (0,5151) width 25: "\x{E14}\x{E49}\x{E27}\x{E22}"
      text run at (0,5168) width 27: "\x{E15}\x{E2D}\x{E19}"
      text run at (0,5185) width 9: "\x{E17}\x{E35}\x{E48}"
      text run at (0,5202) width 15: "\x{E1B}\x{E49}\x{E32}"
      text run at (0,5219) width 22: "\x{E40}\x{E2D}\x{E47}\x{E21}"
      text run at (0,5236) width 22: "\x{E22}\x{E49}\x{E32}\x{E22}"
      text run at (0,5253) width 15: "\x{E21}\x{E32}"
      text run at (0,5270) width 16: "\x{E2D}\x{E22}\x{E39}\x{E48}"
      text run at (0,5287) width 9: "\x{E17}\x{E35}\x{E48}"
      text run at (0,5304) width 10: "\x{E19}\x{E35}\x{E48}"
      text run at (0,5321) width 20: "\x{E40}\x{E18}\x{E2D}"
      text run at (0,5338) width 15: "\x{E22}\x{E31}\x{E07}"
      text run at (0,5355) width 22: "\x{E2A}\x{E32}\x{E27}"
      text run at (0,5372) width 24: "\x{E40}\x{E1B}\x{E47}\x{E19}"
      text run at (0,5389) width 37: "\x{E20}\x{E23}\x{E23}\x{E22}\x{E32}"
      text run at (0,5406) width 9: "\x{E17}\x{E35}\x{E48}"
      text run at (0,5423) width 38: "\x{E07}\x{E14}\x{E07}\x{E32}\x{E21}"
      text run at (0,5440) width 24: "\x{E41}\x{E25}\x{E49}\x{E27}"
      text run at (0,5457) width 26: "\x{E41}\x{E14}\x{E14}"
      text run at (0,5474) width 22: "\x{E41}\x{E25}\x{E30}"
      text run at (0,5491) width 17: "\x{E25}\x{E21}"
      text run at (0,5508) width 25: "\x{E01}\x{E47}\x{E44}\x{E14}\x{E49}"
      text run at (0,5525) width 40: "\x{E40}\x{E1B}\x{E25}\x{E35}\x{E48}\x{E22}\x{E19}"
      text run at (0,5542) width 20: "\x{E40}\x{E18}\x{E2D}"
      text run at (0,5559) width 16: "\x{E44}\x{E1B}"
      text run at (0,5576) width 19: "\x{E40}\x{E2D}\x{E32}"
      text run at (0,5593) width 45: "\x{E1B}\x{E23}\x{E30}\x{E01}\x{E32}\x{E22}"
      text run at (0,5610) width 16: "\x{E44}\x{E1B}"
      text run at (0,5627) width 23: "\x{E08}\x{E32}\x{E01}"
      text run at (0,5644) width 39: "\x{E14}\x{E27}\x{E07}\x{E15}\x{E32}"
      text run at (0,5661) width 20: "\x{E40}\x{E18}\x{E2D}"
      text run at (0,5678) width 33: "\x{E1B}\x{E25}\x{E48}\x{E2D}\x{E22}"
      text run at (0,5695) width 15: "\x{E44}\x{E27}\x{E49}"
      text run at (0,5712) width 17: "\x{E41}\x{E15}\x{E48}"
      text run at (0,5729) width 32: "\x{E04}\x{E27}\x{E32}\x{E21}"
      text run at (0,5746) width 25: "\x{E2A}\x{E38}\x{E02}\x{E38}\x{E21}"
      text run at (0,5763) width 29: "\x{E2D}\x{E22}\x{E48}\x{E32}\x{E07}"
      text run at (0,5780) width 61: "\x{E2B}\x{E21}\x{E48}\x{E19}\x{E2B}\x{E21}\x{E2D}\x{E07}"
      text run at (0,5797) width 19: "\x{E40}\x{E2D}\x{E32}"
      text run at (0,5814) width 8: "\x{E2A}\x{E35}"
      text run at (0,5831) width 24: "\x{E41}\x{E14}\x{E07}"
      text run at (0,5848) width 23: "\x{E08}\x{E32}\x{E01}"
      text run at (0,5865) width 26: "\x{E41}\x{E01}\x{E49}\x{E21}"
      text run at (0,5882) width 22: "\x{E41}\x{E25}\x{E30}"
      text run at (0,5899) width 16: "\x{E23}\x{E34}\x{E21}"
      text run at (0,5916) width 33: "\x{E1D}\x{E35}\x{E1B}\x{E32}\x{E01}"
      text run at (0,5933) width 20: "\x{E40}\x{E18}\x{E2D}"
      text run at (0,5950) width 16: "\x{E44}\x{E1B}"
      text run at (0,5967) width 31: "\x{E01}\x{E25}\x{E32}\x{E22}"
      text run at (0,5984) width 24: "\x{E40}\x{E1B}\x{E47}\x{E19}"
      text run at (0,6001) width 8: "\x{E2A}\x{E35}"
      text run at (0,6018) width 35: "\x{E2B}\x{E21}\x{E48}\x{E19}\x{E46}"
      text run at (0,6035) width 41: "\x{E40}\x{E2B}\x{E21}\x{E37}\x{E2D}\x{E19}"
      text run at (0,6052) width 19: "\x{E01}\x{E31}\x{E19}"
      text run at (0,6069) width 20: "\x{E40}\x{E18}\x{E2D}"
      text run at (0,6086) width 26: "\x{E1C}\x{E2D}\x{E21}"
      text run at (0,6103) width 22: "\x{E41}\x{E25}\x{E30}"
      text run at (0,6120) width 24: "\x{E2B}\x{E25}\x{E31}\x{E07}"
      text run at (0,6137) width 23: "\x{E42}\x{E04}\x{E49}\x{E07}"
      text run at (0,6154) width 22: "\x{E41}\x{E25}\x{E30}"
      text run at (0,6171) width 30: "\x{E40}\x{E14}\x{E35}\x{E4B}\x{E22}\x{E27}"
      text run at (0,6188) width 10: "\x{E19}\x{E35}\x{E49}"
      text run at (0,6205) width 16: "\x{E44}\x{E21}\x{E48}"
      text run at (0,6222) width 22: "\x{E40}\x{E04}\x{E22}"
      text run at (0,6239) width 17: "\x{E22}\x{E34}\x{E49}\x{E21}"
      text run at (0,6256) width 21: "\x{E40}\x{E25}\x{E22}"
      text run at (0,6273) width 22: "\x{E40}\x{E21}\x{E37}\x{E48}\x{E2D}"
      text run at (0,6290) width 16: "\x{E42}\x{E14}"
      text run at (0,6307) width 21: "\x{E42}\x{E23}\x{E18}\x{E35}"
      text run at (0,6324) width 16: "\x{E0B}\x{E36}\x{E48}\x{E07}"
      text run at (0,6341) width 24: "\x{E40}\x{E1B}\x{E47}\x{E19}"
      text run at (0,6358) width 23: "\x{E40}\x{E14}\x{E47}\x{E01}"
      text run at (0,6375) width 38: "\x{E01}\x{E33}\x{E1E}\x{E23}\x{E49}\x{E32}"
      text run at (0,6392) width 15: "\x{E21}\x{E32}"
      text run at (0,6409) width 16: "\x{E2D}\x{E22}\x{E39}\x{E48}"
      text run at (0,6426) width 18: "\x{E01}\x{E31}\x{E1A}"
      text run at (0,6443) width 20: "\x{E40}\x{E18}\x{E2D}"
      text run at (0,6460) width 27: "\x{E15}\x{E2D}\x{E19}"
      text run at (0,6477) width 24: "\x{E41}\x{E23}\x{E01}"
      text run at (0,6494) width 15: "\x{E1B}\x{E49}\x{E32}"
      text run at (0,6511) width 22: "\x{E40}\x{E2D}\x{E47}\x{E21}"
      text run at (0,6528) width 19: "\x{E15}\x{E37}\x{E48}\x{E19}"
      text run at (0,6545) width 24: "\x{E40}\x{E15}\x{E49}\x{E19}"
      text run at (0,6562) width 18: "\x{E01}\x{E31}\x{E1A}"
      text run at (0,6579) width 28: "\x{E40}\x{E2A}\x{E35}\x{E22}\x{E07}"
      text run at (0,6596) width 41: "\x{E2B}\x{E31}\x{E27}\x{E40}\x{E23}\x{E32}\x{E30}"
      text run at (0,6613) width 23: "\x{E02}\x{E2D}\x{E07}"
      text run at (0,6630) width 23: "\x{E40}\x{E14}\x{E47}\x{E01}"
      text run at (0,6647) width 26: "\x{E19}\x{E49}\x{E2D}\x{E22}"
      text run at (0,6664) width 24: "\x{E21}\x{E32}\x{E01}"
      text run at (0,6681) width 20: "\x{E40}\x{E18}\x{E2D}"
      text run at (0,6698) width 14: "\x{E08}\x{E30}"
      text run at (0,6715) width 15: "\x{E2A}\x{E48}\x{E07}"
      text run at (0,6732) width 28: "\x{E40}\x{E2A}\x{E35}\x{E22}\x{E07}"
      text run at (0,6749) width 22: "\x{E23}\x{E49}\x{E2D}\x{E07}"
      text run at (0,6766) width 24: "\x{E41}\x{E25}\x{E49}\x{E27}"
      text run at (0,6783) width 19: "\x{E40}\x{E2D}\x{E32}"
      text run at (0,6800) width 17: "\x{E21}\x{E37}\x{E2D}"
      text run at (0,6817) width 24: "\x{E17}\x{E32}\x{E1A}"
      text run at (0,6834) width 17: "\x{E2D}\x{E01}"
      text run at (0,6851) width 18: "\x{E17}\x{E38}\x{E01}"
      text run at (0,6868) width 23: "\x{E04}\x{E23}\x{E31}\x{E49}\x{E07}"
      text run at (0,6885) width 9: "\x{E17}\x{E35}\x{E48}"
      text run at (0,6902) width 28: "\x{E40}\x{E2A}\x{E35}\x{E22}\x{E07}"
      text run at (0,6919) width 18: "\x{E2D}\x{E31}\x{E19}"
      text run at (0,6936) width 32: "\x{E23}\x{E48}\x{E32}\x{E40}\x{E23}\x{E34}\x{E07}"
      text run at (0,6953) width 23: "\x{E02}\x{E2D}\x{E07}"
      text run at (0,6970) width 16: "\x{E42}\x{E14}"
      text run at (0,6987) width 21: "\x{E42}\x{E23}\x{E18}\x{E35}"
      text run at (0,7004) width 28: "\x{E40}\x{E02}\x{E49}\x{E32}\x{E2B}\x{E39}"
      text run at (0,7021) width 20: "\x{E40}\x{E18}\x{E2D}"
      text run at (0,7038) width 22: "\x{E41}\x{E25}\x{E30}"
      text run at (0,7055) width 20: "\x{E40}\x{E18}\x{E2D}"
      text run at (0,7072) width 20: "\x{E40}\x{E1D}\x{E49}\x{E32}"
      text run at (0,7089) width 24: "\x{E21}\x{E2D}\x{E07}"
      text run at (0,7106) width 23: "\x{E40}\x{E14}\x{E47}\x{E01}"
      text run at (0,7123) width 27: "\x{E2B}\x{E0D}\x{E34}\x{E07}"
      text run at (0,7140) width 33: "\x{E19}\x{E49}\x{E2D}\x{E22}\x{E46}"
      text run at (0,7157) width 25: "\x{E14}\x{E49}\x{E27}\x{E22}"
      text run at (0,7174) width 32: "\x{E04}\x{E27}\x{E32}\x{E21}"
      text run at (0,7191) width 54: "\x{E1B}\x{E23}\x{E30}\x{E2B}\x{E25}\x{E32}\x{E14}"
      text run at (0,7208) width 15: "\x{E43}\x{E08}"
      text run at (0,7225) width 25: "\x{E14}\x{E49}\x{E27}\x{E22}"
      text run at (0,7242) width 15: "\x{E22}\x{E31}\x{E07}"
      text run at (0,7259) width 15: "\x{E2B}\x{E32}"
      text run at (0,7276) width 28: "\x{E2D}\x{E30}\x{E44}\x{E23}"
      text run at (0,7293) width 15: "\x{E21}\x{E32}"
      text run at (0,7310) width 24: "\x{E40}\x{E1B}\x{E47}\x{E19}"
      text run at (0,7327) width 27: "\x{E40}\x{E23}\x{E37}\x{E48}\x{E2D}\x{E07}"
      text run at (0,7344) width 41: "\x{E2B}\x{E31}\x{E27}\x{E40}\x{E23}\x{E32}\x{E30}"
      text run at (0,7361) width 16: "\x{E44}\x{E14}\x{E49}"
      text run at (0,7378) width 15: "\x{E25}\x{E38}\x{E07}"
      text run at (0,7395) width 13: "\x{E40}\x{E2E}"
      text run at (0,7412) width 17: "\x{E19}\x{E23}\x{E35}"
      text run at (0,7429) width 16: "\x{E44}\x{E21}\x{E48}"
      text run at (0,7446) width 22: "\x{E40}\x{E04}\x{E22}"
      text run at (0,7463) width 41: "\x{E2B}\x{E31}\x{E27}\x{E40}\x{E23}\x{E32}\x{E30}"
      text run at (0,7480) width 15: "\x{E25}\x{E38}\x{E07}"
      text run at (0,7497) width 38: "\x{E17}\x{E33}\x{E07}\x{E32}\x{E19}"
      text run at (0,7514) width 28: "\x{E2B}\x{E19}\x{E31}\x{E01}"
      text run at (0,7531) width 23: "\x{E08}\x{E32}\x{E01}"
      text run at (0,7548) width 19: "\x{E40}\x{E0A}\x{E49}\x{E32}"
      text run at (0,7565) width 18: "\x{E22}\x{E31}\x{E19}"
      text run at (0,7582) width 15: "\x{E04}\x{E48}\x{E33}"
      text run at (0,7599) width 22: "\x{E41}\x{E25}\x{E30}"
      text run at (0,7616) width 16: "\x{E44}\x{E21}\x{E48}"
      text run at (0,7633) width 22: "\x{E40}\x{E04}\x{E22}"
      text run at (0,7650) width 24: "\x{E23}\x{E39}\x{E49}\x{E08}\x{E31}\x{E01}"
      text run at (0,7667) width 14: "\x{E27}\x{E48}\x{E32}"
      text run at (0,7684) width 32: "\x{E04}\x{E27}\x{E32}\x{E21}"
      text run at (0,7701) width 32: "\x{E23}\x{E48}\x{E32}\x{E40}\x{E23}\x{E34}\x{E07}"
      text run at (0,7718) width 17: "\x{E04}\x{E37}\x{E2D}"
      text run at (0,7735) width 28: "\x{E2D}\x{E30}\x{E44}\x{E23}"
      text run at (0,7752) width 15: "\x{E25}\x{E38}\x{E07}"
      text run at (0,7769) width 9: "\x{E14}\x{E39}"
      text run at (0,7786) width 61: "\x{E2B}\x{E21}\x{E48}\x{E19}\x{E2B}\x{E21}\x{E2D}\x{E07}"
      text run at (0,7803) width 16: "\x{E44}\x{E1B}"
      text run at (0,7820) width 27: "\x{E2B}\x{E21}\x{E14}"
      text run at (0,7837) width 33: "\x{E15}\x{E31}\x{E49}\x{E07}\x{E41}\x{E15}\x{E48}"
      text run at (0,7854) width 27: "\x{E40}\x{E04}\x{E23}\x{E32}"
      text run at (0,7871) width 22: "\x{E22}\x{E32}\x{E27}"
      text run at (0,7888) width 18: "\x{E08}\x{E19}"
      text run at (0,7905) width 17: "\x{E08}\x{E14}"
      text run at (0,7922) width 42: "\x{E23}\x{E2D}\x{E07}\x{E40}\x{E17}\x{E49}\x{E32}"
      text run at (0,7939) width 18: "\x{E1A}\x{E39}\x{E15}"
      text run at (0,7956) width 18: "\x{E2D}\x{E31}\x{E19}"
      text run at (0,7973) width 32: "\x{E2B}\x{E22}\x{E32}\x{E1A}"
      text run at (0,7990) width 24: "\x{E41}\x{E25}\x{E49}\x{E27}"
      text run at (0,8007) width 15: "\x{E25}\x{E38}\x{E07}"
      text run at (0,8024) width 9: "\x{E01}\x{E47}"
      text run at (0,8041) width 9: "\x{E14}\x{E39}"
      text run at (0,8058) width 52: "\x{E40}\x{E04}\x{E23}\x{E48}\x{E07}\x{E02}\x{E23}\x{E36}\x{E21}"
      text run at (0,8075) width 16: "\x{E19}\x{E48}\x{E32}"
      text run at (0,8092) width 28: "\x{E40}\x{E01}\x{E23}\x{E07}"
      text run at (0,8109) width 23: "\x{E02}\x{E32}\x{E21}"
      text run at (0,8126) width 16: "\x{E44}\x{E21}\x{E48}"
      text run at (0,8143) width 25: "\x{E04}\x{E48}\x{E2D}\x{E22}"
      text run at (0,8160) width 14: "\x{E08}\x{E30}"
      text run at (0,8177) width 19: "\x{E1E}\x{E39}\x{E14}"
      text run at (0,8194) width 9: "\x{E21}\x{E35}"
      text run at (0,8211) width 16: "\x{E42}\x{E15}"
      text run at (0,8228) width 16: "\x{E42}\x{E15}\x{E49}"
      text run at (0,8245) width 9: "\x{E17}\x{E35}\x{E48}"
      text run at (0,8262) width 31: "\x{E17}\x{E33}\x{E43}\x{E2B}\x{E49}"
      text run at (0,8279) width 16: "\x{E42}\x{E14}"
      text run at (0,8296) width 21: "\x{E42}\x{E23}\x{E18}\x{E35}"
      text run at (0,8313) width 41: "\x{E2B}\x{E31}\x{E27}\x{E40}\x{E23}\x{E32}\x{E30}"
      text run at (0,8330) width 16: "\x{E44}\x{E14}\x{E49}"
      text run at (0,8347) width 22: "\x{E41}\x{E25}\x{E30}"
      text run at (0,8364) width 24: "\x{E0A}\x{E48}\x{E27}\x{E22}"
      text run at (0,8381) width 20: "\x{E40}\x{E18}\x{E2D}"
      text run at (0,8398) width 16: "\x{E43}\x{E2B}\x{E49}"
      text run at (0,8415) width 20: "\x{E1E}\x{E49}\x{E19}"
      text run at (0,8432) width 23: "\x{E08}\x{E32}\x{E01}"
      text run at (0,8449) width 31: "\x{E01}\x{E32}\x{E23}\x{E01}"
      text run at (0,8466) width 22: "\x{E25}\x{E32}\x{E22}"
      text run at (0,8483) width 24: "\x{E40}\x{E1B}\x{E47}\x{E19}"
      text run at (0,8500) width 8: "\x{E2A}\x{E35}"
      text run at (0,8517) width 20: "\x{E40}\x{E17}\x{E32}"
      text run at (0,8534) width 28: "\x{E2B}\x{E21}\x{E48}\x{E19}"
      text run at (0,8551) width 41: "\x{E40}\x{E2B}\x{E21}\x{E37}\x{E2D}\x{E19}"
      text run at (0,8568) width 18: "\x{E01}\x{E31}\x{E1A}"
      text run at (0,8585) width 15: "\x{E2A}\x{E34}\x{E48}\x{E07}"
      text run at (0,8602) width 24: "\x{E23}\x{E2D}\x{E1A}"
      text run at (0,8619) width 17: "\x{E15}\x{E31}\x{E27}"
      text run at (0,8636) width 25: "\x{E2D}\x{E37}\x{E48}\x{E19}\x{E46}"
      text run at (0,8653) width 16: "\x{E42}\x{E15}"
      text run at (0,8670) width 16: "\x{E42}\x{E15}\x{E49}"
      text run at (0,8687) width 8: "\x{E2A}\x{E35}"
      text run at (0,8704) width 16: "\x{E44}\x{E21}\x{E48}"
      text run at (0,8721) width 20: "\x{E40}\x{E17}\x{E32}"
      text run at (0,8738) width 28: "\x{E2B}\x{E21}\x{E48}\x{E19}"
      text run at (0,8755) width 17: "\x{E41}\x{E15}\x{E48}"
      text run at (0,8772) width 19: "\x{E21}\x{E31}\x{E19}"
      text run at (0,8789) width 24: "\x{E40}\x{E1B}\x{E47}\x{E19}"
      text run at (0,8806) width 24: "\x{E2B}\x{E21}\x{E32}"
      text run at (0,8823) width 8: "\x{E2A}\x{E35}"
      text run at (0,8840) width 15: "\x{E14}\x{E33}"
      text run at (0,8857) width 17: "\x{E15}\x{E31}\x{E27}"
      text run at (0,8874) width 33: "\x{E19}\x{E49}\x{E2D}\x{E22}\x{E46}"
      text run at (0,8891) width 18: "\x{E02}\x{E19}"
      text run at (0,8908) width 22: "\x{E22}\x{E32}\x{E27}"
      text run at (0,8925) width 17: "\x{E1B}\x{E38}\x{E22}"
      text run at (0,8942) width 39: "\x{E23}\x{E32}\x{E27}\x{E01}\x{E31}\x{E1A}"
      text run at (0,8959) width 25: "\x{E44}\x{E2B}\x{E21}"
      text run at (0,8976) width 9: "\x{E21}\x{E35}"
      text run at (0,8993) width 15: "\x{E15}\x{E32}"
      text run at (0,9010) width 15: "\x{E14}\x{E33}"
      text run at (0,9027) width 22: "\x{E40}\x{E25}\x{E47}\x{E01}"
      text run at (0,9044) width 24: "\x{E40}\x{E1B}\x{E47}\x{E19}"
      text run at (0,9061) width 45: "\x{E1B}\x{E23}\x{E30}\x{E01}\x{E32}\x{E22}"
      text run at (0,9078) width 36: "\x{E23}\x{E37}\x{E48}\x{E19}\x{E40}\x{E23}\x{E34}\x{E07}"
      text run at (0,9095) width 16: "\x{E2D}\x{E22}\x{E39}\x{E48}"
      text run at (0,9112) width 23: "\x{E2A}\x{E2D}\x{E07}"
      text run at (0,9129) width 21: "\x{E02}\x{E49}\x{E32}\x{E07}"
      text run at (0,9146) width 26: "\x{E08}\x{E21}\x{E39}\x{E01}"
      text run at (0,9163) width 22: "\x{E40}\x{E25}\x{E47}\x{E01}"
      text run at (0,9180) width 18: "\x{E2D}\x{E31}\x{E19}"
      text run at (0,9197) width 16: "\x{E19}\x{E48}\x{E32}"
      text run at (0,9214) width 18: "\x{E02}\x{E31}\x{E19}"
      text run at (0,9231) width 23: "\x{E02}\x{E2D}\x{E07}"
      text run at (0,9248) width 19: "\x{E21}\x{E31}\x{E19}"
      text run at (0,9265) width 16: "\x{E42}\x{E15}"
      text run at (0,9282) width 16: "\x{E42}\x{E15}\x{E49}"
      text run at (0,9299) width 23: "\x{E40}\x{E25}\x{E48}\x{E19}"
      text run at (0,9316) width 16: "\x{E17}\x{E31}\x{E49}\x{E07}"
      text run at (0,9333) width 18: "\x{E27}\x{E31}\x{E19}"
      text run at (0,9350) width 22: "\x{E41}\x{E25}\x{E30}"
      text run at (0,9367) width 16: "\x{E42}\x{E14}"
      text run at (0,9384) width 21: "\x{E42}\x{E23}\x{E18}\x{E35}"
      text run at (0,9401) width 9: "\x{E01}\x{E47}"
      text run at (0,9418) width 23: "\x{E40}\x{E25}\x{E48}\x{E19}"
      text run at (0,9435) width 18: "\x{E01}\x{E31}\x{E1A}"
      text run at (0,9452) width 19: "\x{E21}\x{E31}\x{E19}"
      text run at (0,9469) width 22: "\x{E41}\x{E25}\x{E30}"
      text run at (0,9486) width 16: "\x{E23}\x{E31}\x{E01}"
      text run at (0,9503) width 19: "\x{E21}\x{E31}\x{E19}"
      text run at (0,9520) width 30: "\x{E40}\x{E2B}\x{E25}\x{E37}\x{E2D}"
      text run at (0,9537) width 24: "\x{E40}\x{E01}\x{E34}\x{E19}"
      text run at (0,9554) width 42: "\x{E2D}\x{E22}\x{E48}\x{E32}\x{E07}\x{E44}\x{E23}"
      text run at (0,9571) width 33: "\x{E01}\x{E47}\x{E15}\x{E32}\x{E21}"
      text run at (0,9588) width 18: "\x{E27}\x{E31}\x{E19}"
      text run at (0,9605) width 10: "\x{E19}\x{E35}\x{E49}"
      text run at (0,9622) width 16: "\x{E17}\x{E31}\x{E49}\x{E07}"
      text run at (0,9639) width 9: "\x{E04}\x{E39}\x{E48}"
      text run at (0,9656) width 16: "\x{E44}\x{E21}\x{E48}"
      text run at (0,9673) width 16: "\x{E44}\x{E14}\x{E49}"
      text run at (0,9690) width 23: "\x{E40}\x{E25}\x{E48}\x{E19}"
      text run at (0,9707) width 15: "\x{E25}\x{E38}\x{E07}"
      text run at (0,9724) width 13: "\x{E40}\x{E2E}"
      text run at (0,9741) width 17: "\x{E19}\x{E23}\x{E35}"
      text run at (0,9758) width 17: "\x{E19}\x{E31}\x{E48}\x{E07}"
      text run at (0,9775) width 16: "\x{E2D}\x{E22}\x{E39}\x{E48}"
      text run at (0,9792) width 9: "\x{E17}\x{E35}\x{E48}"
      text run at (0,9809) width 34: "\x{E1A}\x{E31}\x{E19}\x{E44}\x{E14}"
      text run at (0,9826) width 31: "\x{E1B}\x{E23}\x{E30}\x{E15}\x{E39}"
      text run at (0,9843) width 22: "\x{E41}\x{E25}\x{E30}"
      text run at (0,9860) width 20: "\x{E40}\x{E1D}\x{E49}\x{E32}"
      text run at (0,9877) width 32: "\x{E01}\x{E31}\x{E07}\x{E27}\x{E25}"
      text run at (0,9894) width 23: "\x{E08}\x{E49}\x{E2D}\x{E07}"
      text run at (0,9911) width 9: "\x{E14}\x{E39}"
      text run at (0,9928) width 40: "\x{E17}\x{E49}\x{E2D}\x{E07}\x{E1F}\x{E49}\x{E32}"
      text run at (0,9945) width 8: "\x{E2A}\x{E35}"
      text run at (0,9962) width 20: "\x{E40}\x{E17}\x{E32}"
      text run at (0,9979) width 28: "\x{E2B}\x{E21}\x{E48}\x{E19}"
      text run at (0,9996) width 18: "\x{E1C}\x{E34}\x{E14}"
      text run at (0,10013) width 27: "\x{E1B}\x{E01}\x{E15}\x{E34}"
      text run at (0,10030) width 16: "\x{E42}\x{E14}"
      text run at (0,10047) width 21: "\x{E42}\x{E23}\x{E18}\x{E35}"
      text run at (0,10064) width 18: "\x{E22}\x{E37}\x{E19}"
      text run at (0,10081) width 9: "\x{E17}\x{E35}\x{E48}"
      text run at (0,10098) width 31: "\x{E1B}\x{E23}\x{E30}\x{E15}\x{E39}"
      text run at (0,10115) width 26: "\x{E01}\x{E2D}\x{E14}"
      text run at (0,10132) width 16: "\x{E42}\x{E15}"
      text run at (0,10149) width 16: "\x{E42}\x{E15}\x{E49}"
      text run at (0,10166) width 15: "\x{E44}\x{E27}\x{E49}"
      text run at (0,10183) width 17: "\x{E43}\x{E19}"
      text run at (0,10200) width 25: "\x{E2D}\x{E49}\x{E2D}\x{E21}"
      text run at (0,10217) width 26: "\x{E41}\x{E02}\x{E19}"
      text run at (0,10234) width 22: "\x{E41}\x{E25}\x{E30}"
      text run at (0,10251) width 9: "\x{E01}\x{E47}"
      text run at (0,10268) width 24: "\x{E21}\x{E2D}\x{E07}"
      text run at (0,10285) width 9: "\x{E14}\x{E39}"
      text run at (0,10302) width 40: "\x{E17}\x{E49}\x{E2D}\x{E07}\x{E1F}\x{E49}\x{E32}"
      text run at (0,10319) width 16: "\x{E2D}\x{E22}\x{E39}\x{E48}"
      text run at (0,10336) width 41: "\x{E40}\x{E2B}\x{E21}\x{E37}\x{E2D}\x{E19}"
      text run at (0,10353) width 19: "\x{E01}\x{E31}\x{E19}"
      text run at (0,10370) width 15: "\x{E1B}\x{E49}\x{E32}"
      text run at (0,10387) width 13: "\x{E40}\x{E2D}\x{E47}"
      text run at (0,10404) width 24: "\x{E21}\x{E01}\x{E33}"
      text run at (0,10421) width 15: "\x{E25}\x{E31}\x{E07}"
      text run at (0,10438) width 21: "\x{E25}\x{E49}\x{E32}\x{E07}"
      text run at (0,10455) width 23: "\x{E0A}\x{E32}\x{E21}"
      text run at (0,10472) width 16: "\x{E2D}\x{E22}\x{E39}\x{E48}"
      text run at (0,10489) width 23: "\x{E08}\x{E32}\x{E01}"
      text run at (0,10506) width 25: "\x{E14}\x{E49}\x{E32}\x{E19}"
      text run at (0,10523) width 32: "\x{E40}\x{E2B}\x{E19}\x{E37}\x{E2D}"
      text run at (0,10540) width 24: "\x{E44}\x{E01}\x{E25}"
      text run at (0,10557) width 25: "\x{E2D}\x{E2D}\x{E01}"
      text run at (0,10574) width 16: "\x{E44}\x{E1B}"
      text run at (0,10591) width 9: "\x{E21}\x{E35}"
      text run at (0,10608) width 28: "\x{E40}\x{E2A}\x{E35}\x{E22}\x{E07}"
      text run at (0,10625) width 17: "\x{E25}\x{E21}"
      text run at (0,10642) width 29: "\x{E04}\x{E23}\x{E32}\x{E07}"
      text run at (0,10659) width 25: "\x{E41}\x{E1C}\x{E48}\x{E27}"
      text run at (0,10676) width 20: "\x{E40}\x{E1A}\x{E32}"
      text run at (0,10693) width 34: "\x{E44}\x{E14}\x{E49}\x{E22}\x{E34}\x{E19}"
      text run at (0,10710) width 15: "\x{E21}\x{E32}"
      text run at (0,10727) width 15: "\x{E25}\x{E38}\x{E07}"
      text run at (0,10744) width 13: "\x{E40}\x{E2E}"
      text run at (0,10761) width 17: "\x{E19}\x{E23}\x{E35}"
      text run at (0,10778) width 22: "\x{E41}\x{E25}\x{E30}"
      text run at (0,10795) width 16: "\x{E42}\x{E14}"
      text run at (0,10812) width 21: "\x{E42}\x{E23}\x{E18}\x{E35}"
      text run at (0,10829) width 24: "\x{E40}\x{E2B}\x{E47}\x{E19}"
      text run at (0,10846) width 19: "\x{E15}\x{E49}\x{E19}"
      text run at (0,10863) width 26: "\x{E2B}\x{E0D}\x{E49}\x{E32}"
      text run at (0,10880) width 15: "\x{E2A}\x{E39}\x{E07}"
      text run at (0,10897) width 23: "\x{E40}\x{E2D}\x{E19}"
      text run at (0,10914) width 24: "\x{E40}\x{E1B}\x{E47}\x{E19}"
      text run at (0,10931) width 27: "\x{E04}\x{E25}\x{E37}\x{E48}\x{E19}"
      text run at (0,10948) width 27: "\x{E01}\x{E48}\x{E2D}\x{E19}"
      text run at (0,10965) width 9: "\x{E17}\x{E35}\x{E48}"
      text run at (0,10982) width 24: "\x{E1E}\x{E32}\x{E22}\x{E38}"
      text run at (0,10999) width 14: "\x{E08}\x{E30}"
      text run at (0,11016) width 15: "\x{E21}\x{E32}"
      text run at (0,11033) width 15: "\x{E16}\x{E36}\x{E07}"
      text run at (0,11050) width 24: "\x{E41}\x{E25}\x{E49}\x{E27}"
      text run at (0,11067) width 9: "\x{E01}\x{E47}"
      text run at (0,11084) width 9: "\x{E21}\x{E35}"
      text run at (0,11101) width 28: "\x{E40}\x{E2A}\x{E35}\x{E22}\x{E07}"
      text run at (0,11118) width 26: "\x{E2B}\x{E27}\x{E35}\x{E14}"
      text run at (0,11135) width 25: "\x{E2B}\x{E27}\x{E34}\x{E27}"
      text run at (0,11152) width 40: "\x{E0A}\x{E31}\x{E14}\x{E40}\x{E08}\x{E19}"
      text run at (0,11169) width 15: "\x{E21}\x{E32}"
      text run at (0,11186) width 23: "\x{E08}\x{E32}\x{E01}"
      text run at (0,11203) width 61: "\x{E1A}\x{E23}\x{E23}\x{E22}\x{E32}\x{E01}\x{E32}\x{E28}"
      text run at (0,11220) width 22: "\x{E17}\x{E32}\x{E07}"
      text run at (0,11237) width 16: "\x{E43}\x{E15}\x{E49}"
      text run at (0,11254) width 22: "\x{E41}\x{E25}\x{E30}"
      text run at (0,11271) width 22: "\x{E40}\x{E21}\x{E37}\x{E48}\x{E2D}"
      text run at (0,11288) width 39: "\x{E40}\x{E2B}\x{E25}\x{E37}\x{E2D}\x{E1A}"
      text run at (0,11305) width 15: "\x{E15}\x{E32}"
      text run at (0,11322) width 16: "\x{E44}\x{E1B}"
      text run at (0,11339) width 22: "\x{E17}\x{E32}\x{E07}"
      text run at (0,11356) width 25: "\x{E14}\x{E49}\x{E32}\x{E19}"
      text run at (0,11373) width 20: "\x{E19}\x{E31}\x{E49}\x{E19}"
      text run at (0,11390) width 9: "\x{E01}\x{E47}"
      text run at (0,11407) width 24: "\x{E40}\x{E2B}\x{E47}\x{E19}"
      text run at (0,11424) width 27: "\x{E04}\x{E25}\x{E37}\x{E48}\x{E19}"
      text run at (0,11441) width 26: "\x{E2B}\x{E0D}\x{E49}\x{E32}"
      text run at (0,11458) width 15: "\x{E21}\x{E32}"
      text run at (0,11475) width 22: "\x{E17}\x{E32}\x{E07}"
      text run at (0,11492) width 25: "\x{E14}\x{E49}\x{E32}\x{E19}"
      text run at (0,11509) width 20: "\x{E19}\x{E31}\x{E49}\x{E19}"
      text run at (0,11526) width 25: "\x{E14}\x{E49}\x{E27}\x{E22}"
      text run at (0,11543) width 15: "\x{E25}\x{E38}\x{E07}"
      text run at (0,11560) width 13: "\x{E40}\x{E2E}"
      text run at (0,11577) width 17: "\x{E19}\x{E23}\x{E35}"
      text run at (0,11594) width 18: "\x{E1C}\x{E38}\x{E14}"
      text run at (0,11611) width 17: "\x{E25}\x{E38}\x{E01}"
      text run at (0,11628) width 18: "\x{E02}\x{E36}\x{E49}\x{E19}"
      text run at (0,11645) width 34: "\x{E17}\x{E31}\x{E19}\x{E43}\x{E14}"
      text run at (0,11662) width 24: "\"\x{E25}\x{E21}"
      text run at (0,11679) width 49: "\x{E44}\x{E0B}\x{E42}\x{E04}\x{E25}\x{E19}"
      text run at (0,11696) width 15: "\x{E21}\x{E32}"
      text run at (0,11713) width 29: "\x{E40}\x{E2D}\x{E47}\x{E21}\""
      text run at (0,11730) width 15: "\x{E25}\x{E38}\x{E07}"
      text run at (0,11747) width 22: "\x{E23}\x{E49}\x{E2D}\x{E07}"
      text run at (0,11764) width 26: "\x{E1A}\x{E2D}\x{E01}"
      text run at (0,11781) width 37: "\x{E20}\x{E23}\x{E23}\x{E22}\x{E32}"
      text run at (0,11798) width 21: "\"\x{E02}\x{E49}\x{E32}"
      text run at (0,11815) width 14: "\x{E08}\x{E30}"
      text run at (0,11832) width 16: "\x{E44}\x{E1B}"
      text run at (0,11849) width 9: "\x{E14}\x{E39}"
      text run at (0,11866) width 25: "\x{E2A}\x{E31}\x{E15}\x{E27}\x{E4C}"
      text run at (0,11883) width 28: "\x{E40}\x{E25}\x{E35}\x{E49}\x{E22}\x{E07}"
      text run at (0,11900) width 42: "\x{E2B}\x{E19}\x{E48}\x{E2D}\x{E22}\""
      text run at (0,11917) width 24: "\x{E41}\x{E25}\x{E49}\x{E27}"
      text run at (0,11934) width 15: "\x{E25}\x{E38}\x{E07}"
      text run at (0,11951) width 9: "\x{E01}\x{E47}"
      text run at (0,11968) width 15: "\x{E27}\x{E34}\x{E48}\x{E07}"
      text run at (0,11985) width 16: "\x{E44}\x{E1B}"
      text run at (0,12002) width 15: "\x{E22}\x{E31}\x{E07}"
      text run at (0,12019) width 22: "\x{E40}\x{E1E}\x{E34}\x{E07}"
      text run at (0,12036) width 9: "\x{E17}\x{E35}\x{E48}"
      text run at (0,12053) width 16: "\x{E27}\x{E31}\x{E27}"
      text run at (0,12070) width 22: "\x{E41}\x{E25}\x{E30}"
      text run at (0,12087) width 15: "\x{E21}\x{E49}\x{E32}"
      text run at (0,12104) width 31: "\x{E2D}\x{E32}\x{E28}\x{E31}\x{E22}"
      text run at (0,12121) width 16: "\x{E2D}\x{E22}\x{E39}\x{E48}"
      text run at (0,12138) width 15: "\x{E1B}\x{E49}\x{E32}"
      text run at (0,12155) width 22: "\x{E40}\x{E2D}\x{E47}\x{E21}"
      text run at (0,12172) width 26: "\x{E2B}\x{E22}\x{E38}\x{E14}"
      text run at (0,12189) width 38: "\x{E17}\x{E33}\x{E07}\x{E32}\x{E19}"
      text run at (0,12206) width 22: "\x{E41}\x{E25}\x{E30}"
      text run at (0,12223) width 15: "\x{E21}\x{E32}"
      text run at (0,12240) width 9: "\x{E17}\x{E35}\x{E48}"
      text run at (0,12257) width 31: "\x{E1B}\x{E23}\x{E30}\x{E15}\x{E39}"
      text run at (0,12274) width 30: "\x{E40}\x{E1E}\x{E35}\x{E22}\x{E07}"
      text run at (0,12291) width 37: "\x{E0A}\x{E32}\x{E22}\x{E15}\x{E32}"
      text run at (0,12308) width 24: "\x{E21}\x{E2D}\x{E07}"
      text run at (0,12325) width 15: "\x{E1B}\x{E49}\x{E32}"
      text run at (0,12342) width 9: "\x{E01}\x{E47}"
      text run at (0,12359) width 26: "\x{E1A}\x{E2D}\x{E01}"
      text run at (0,12376) width 16: "\x{E44}\x{E14}\x{E49}"
      text run at (0,12393) width 14: "\x{E27}\x{E48}\x{E32}"
      text run at (0,12410) width 48: "\x{E2D}\x{E31}\x{E19}\x{E15}\x{E23}\x{E32}\x{E22}"
      text run at (0,12427) width 15: "\x{E21}\x{E32}"
      text run at (0,12444) width 15: "\x{E16}\x{E36}\x{E07}"
      text run at (0,12461) width 24: "\x{E41}\x{E25}\x{E49}\x{E27}"
      text run at (0,12478) width 27: "\"\x{E40}\x{E23}\x{E47}\x{E27}"
      text run at (0,12495) width 16: "\x{E42}\x{E14}"
      text run at (0,12512) width 33: "\x{E42}\x{E23}\x{E18}\x{E35}!\""
      text run at (0,12529) width 15: "\x{E1B}\x{E49}\x{E32}"
      text run at (0,12546) width 41: "\x{E15}\x{E30}\x{E42}\x{E01}\x{E19}"
      text run at (0,12563) width 22: "\"\x{E27}\x{E34}\x{E48}\x{E07}"
      text run at (0,12580) width 16: "\x{E44}\x{E1B}"
      text run at (0,12597) width 24: "\x{E2B}\x{E49}\x{E2D}\x{E07}"
      text run at (0,12614) width 41: "\x{E43}\x{E15}\x{E49}\x{E16}\x{E38}\x{E19}\""
      text run at (0,12631) width 16: "\x{E42}\x{E15}"
      text run at (0,12648) width 16: "\x{E42}\x{E15}\x{E49}"
      text run at (0,12665) width 27: "\x{E1C}\x{E25}\x{E38}\x{E19}"
      text run at (0,12682) width 47: "\x{E01}\x{E23}\x{E30}\x{E42}\x{E14}\x{E14}"
      text run at (0,12699) width 15: "\x{E25}\x{E07}"
      text run at (0,12716) width 23: "\x{E08}\x{E32}\x{E01}"
      text run at (0,12733) width 25: "\x{E2D}\x{E49}\x{E2D}\x{E21}"
      text run at (0,12750) width 26: "\x{E41}\x{E02}\x{E19}"
      text run at (0,12767) width 16: "\x{E42}\x{E14}"
      text run at (0,12784) width 21: "\x{E42}\x{E23}\x{E18}\x{E35}"
      text run at (0,12801) width 24: "\x{E41}\x{E25}\x{E49}\x{E27}"
      text run at (0,12818) width 35: "\x{E40}\x{E02}\x{E49}\x{E32}\x{E44}\x{E1B}"
      text run at (0,12835) width 27: "\x{E0B}\x{E48}\x{E2D}\x{E19}"
      text run at (0,12852) width 16: "\x{E2D}\x{E22}\x{E39}\x{E48}"
      text run at (0,12869) width 16: "\x{E43}\x{E15}\x{E49}"
      text run at (0,12886) width 29: "\x{E40}\x{E15}\x{E35}\x{E22}\x{E07}"
      text run at (0,12903) width 23: "\x{E40}\x{E14}\x{E47}\x{E01}"
      text run at (0,12920) width 27: "\x{E2B}\x{E0D}\x{E34}\x{E07}"
      text run at (0,12937) width 26: "\x{E19}\x{E49}\x{E2D}\x{E22}"
      text run at (0,12954) width 35: "\x{E40}\x{E02}\x{E49}\x{E32}\x{E44}\x{E1B}"
      text run at (0,12971) width 16: "\x{E14}\x{E36}\x{E07}"
      text run at (0,12988) width 19: "\x{E21}\x{E31}\x{E19}"
      text run at (0,13005) width 25: "\x{E2D}\x{E2D}\x{E01}"
      text run at (0,13022) width 15: "\x{E21}\x{E32}"
      text run at (0,13039) width 15: "\x{E1B}\x{E49}\x{E32}"
      text run at (0,13056) width 13: "\x{E40}\x{E2D}\x{E47}"
      text run at (0,13073) width 18: "\x{E21}\x{E01}"
      text run at (0,13090) width 13: "\x{E23}\x{E30}"
      text run at (0,13107) width 23: "\x{E0A}\x{E32}\x{E01}"
      text run at (0,13124) width 15: "\x{E1D}\x{E32}"
      text run at (0,13141) width 9: "\x{E17}\x{E35}\x{E48}"
      text run at (0,13158) width 20: "\x{E1E}\x{E37}\x{E49}\x{E19}"
      text run at (0,13175) width 25: "\x{E2D}\x{E2D}\x{E01}"
      text run at (0,13192) width 29: "\x{E2D}\x{E22}\x{E48}\x{E32}\x{E07}"
      text run at (0,13209) width 17: "\x{E2D}\x{E01}"
      text run at (0,13226) width 18: "\x{E2A}\x{E31}\x{E48}\x{E19}"
      text run at (0,13243) width 27: "\x{E02}\x{E27}\x{E31}\x{E0D}"
      text run at (0,13260) width 23: "\x{E2B}\x{E32}\x{E22}"
      text run at (0,13277) width 19: "\x{E1B}\x{E35}\x{E19}"
      text run at (0,13294) width 34: "\x{E1A}\x{E31}\x{E19}\x{E44}\x{E14}"
      text run at (0,13311) width 16: "\x{E44}\x{E21}\x{E49}"
      text run at (0,13328) width 15: "\x{E25}\x{E07}"
      text run at (0,13345) width 16: "\x{E44}\x{E1B}"
      text run at (0,13362) width 17: "\x{E43}\x{E19}"
      text run at (0,13379) width 31: "\x{E42}\x{E1E}\x{E23}\x{E07}"
      text run at (0,13396) width 22: "\x{E40}\x{E25}\x{E47}\x{E01}"
      text run at (0,13413) width 18: "\x{E2D}\x{E31}\x{E19}"
      text run at (0,13430) width 18: "\x{E21}\x{E37}\x{E14}"
      text run at (0,13447) width 18: "\x{E17}\x{E36}\x{E1A}"
      text run at (0,13464) width 16: "\x{E42}\x{E14}"
      text run at (0,13481) width 21: "\x{E42}\x{E23}\x{E18}\x{E35}"
      text run at (0,13498) width 17: "\x{E08}\x{E31}\x{E1A}"
      text run at (0,13515) width 16: "\x{E42}\x{E15}"
      text run at (0,13532) width 16: "\x{E42}\x{E15}\x{E49}"
      text run at (0,13549) width 16: "\x{E44}\x{E14}\x{E49}"
      text run at (0,13566) width 17: "\x{E43}\x{E19}"
      text run at (0,13583) width 26: "\x{E17}\x{E35}\x{E48}\x{E2A}\x{E38}\x{E14}"
      text run at (0,13600) width 22: "\x{E41}\x{E25}\x{E30}"
      text run at (0,13617) width 15: "\x{E27}\x{E34}\x{E48}\x{E07}"
      text run at (0,13634) width 24: "\x{E15}\x{E32}\x{E21}"
      text run at (0,13651) width 15: "\x{E1B}\x{E49}\x{E32}"
      text run at (0,13668) width 20: "\x{E40}\x{E18}\x{E2D}"
      text run at (0,13685) width 16: "\x{E44}\x{E1B}"
      text run at (0,13702) width 22: "\x{E40}\x{E21}\x{E37}\x{E48}\x{E2D}"
      text run at (0,13719) width 20: "\x{E40}\x{E18}\x{E2D}"
      text run at (0,13736) width 15: "\x{E21}\x{E32}"
      text run at (0,13753) width 16: "\x{E44}\x{E14}\x{E49}"
      text run at (0,13770) width 23: "\x{E04}\x{E23}\x{E36}\x{E48}\x{E07}"
      text run at (0,13787) width 24: "\x{E2B}\x{E49}\x{E2D}\x{E07}"
      text run at (0,13804) width 9: "\x{E01}\x{E47}"
      text run at (0,13821) width 9: "\x{E21}\x{E35}"
      text run at (0,13838) width 28: "\x{E40}\x{E2A}\x{E35}\x{E22}\x{E07}"
      text run at (0,13855) width 26: "\x{E2B}\x{E27}\x{E35}\x{E14}"
      text run at (0,13872) width 25: "\x{E2B}\x{E27}\x{E37}\x{E2D}"
      text run at (0,13889) width 26: "\x{E2A}\x{E48}\x{E27}\x{E19}"
      text run at (0,13906) width 25: "\x{E1A}\x{E49}\x{E32}\x{E19}"
      text run at (0,13923) width 9: "\x{E01}\x{E47}"
      text run at (0,13940) width 18: "\x{E2A}\x{E31}\x{E48}\x{E19}"
      text run at (0,13957) width 29: "\x{E2D}\x{E22}\x{E48}\x{E32}\x{E07}"
      text run at (0,13974) width 22: "\x{E41}\x{E23}\x{E07}"
      text run at (0,13991) width 18: "\x{E08}\x{E19}"
      text run at (0,14008) width 20: "\x{E40}\x{E18}\x{E2D}"
      text run at (0,14025) width 18: "\x{E2B}\x{E01}"
      text run at (0,14042) width 30: "\x{E04}\x{E30}\x{E21}\x{E33}"
      text run at (0,14059) width 17: "\x{E19}\x{E31}\x{E48}\x{E07}"
      text run at (0,14076) width 34: "\x{E08}\x{E49}\x{E33}\x{E40}\x{E1A}\x{E49}\x{E32}"
      text run at (0,14093) width 16: "\x{E2D}\x{E22}\x{E39}\x{E48}"
      text run at (0,14110) width 18: "\x{E01}\x{E31}\x{E1A}"
      text run at (0,14127) width 20: "\x{E1E}\x{E37}\x{E49}\x{E19}"
      text run at (0,14144) width 24: "\x{E41}\x{E25}\x{E49}\x{E27}"
      text run at (0,14161) width 15: "\x{E2A}\x{E34}\x{E48}\x{E07}"
      text run at (0,14178) width 54: "\x{E1B}\x{E23}\x{E30}\x{E2B}\x{E25}\x{E32}\x{E14}"
      text run at (0,14195) width 9: "\x{E01}\x{E47}"
      text run at (0,14212) width 23: "\x{E40}\x{E01}\x{E34}\x{E14}"
      text run at (0,14229) width 18: "\x{E02}\x{E36}\x{E49}\x{E19}"
      text run at (0,14246) width 25: "\x{E1A}\x{E49}\x{E32}\x{E19}"
      text run at (0,14263) width 28: "\x{E2B}\x{E21}\x{E38}\x{E19}"
      text run at (0,14280) width 16: "\x{E44}\x{E1B}"
      text run at (0,14297) width 28: "\x{E2B}\x{E21}\x{E38}\x{E19}"
      text run at (0,14314) width 23: "\x{E21}\x{E32}\x{E2A}"
      text run at (0,14331) width 15: "\x{E2D}\x{E07}"
      text run at (0,14348) width 23: "\x{E2A}\x{E32}\x{E21}"
      text run at (0,14365) width 24: "\x{E23}\x{E2D}\x{E1A}"
      text run at (0,14382) width 24: "\x{E41}\x{E25}\x{E49}\x{E27}"
      text run at (0,14399) width 9: "\x{E01}\x{E47}"
      text run at (0,14416) width 24: "\x{E25}\x{E2D}\x{E22}"
      text run at (0,14433) width 18: "\x{E02}\x{E36}\x{E49}\x{E19}"
      text run at (0,14450) width 8: "\x{E2A}\x{E39}\x{E48}"
      text run at (0,14467) width 38: "\x{E2D}\x{E32}\x{E01}\x{E32}\x{E28}"
      text run at (0,14484) width 29: "\x{E2D}\x{E22}\x{E48}\x{E32}\x{E07}"
      text run at (0,14501) width 21: "\x{E0A}\x{E49}\x{E32}\x{E46}"
      text run at (0,14518) width 16: "\x{E42}\x{E14}"
      text run at (0,14535) width 14: "\x{E42}\x{E23}"
      text run at (0,14552) width 14: "\x{E18}\x{E35}\x{E23}\x{E39}\x{E49}"
      text run at (0,14569) width 17: "\x{E2A}\x{E36}\x{E01}"
      text run at (0,14586) width 39: "\x{E23}\x{E32}\x{E27}\x{E01}\x{E31}\x{E1A}"
      text run at (0,14603) width 14: "\x{E27}\x{E48}\x{E32}"
      text run at (0,14620) width 20: "\x{E40}\x{E18}\x{E2D}"
      text run at (0,14637) width 16: "\x{E44}\x{E14}\x{E49}"
      text run at (0,14654) width 18: "\x{E02}\x{E36}\x{E49}\x{E19}"
      text run at (0,14671) width 16: "\x{E44}\x{E1B}"
      text run at (0,14688) width 18: "\x{E01}\x{E31}\x{E1A}"
      text run at (0,14705) width 17: "\x{E25}\x{E39}\x{E01}"
      text run at (0,14722) width 43: "\x{E1A}\x{E2D}\x{E25}\x{E25}\x{E39}\x{E19}"
      text run at (0,14739) width 24: "\x{E1E}\x{E32}\x{E22}\x{E38}"
      text run at (0,14756) width 32: "\x{E40}\x{E2B}\x{E19}\x{E37}\x{E2D}"
      text run at (0,14773) width 18: "\x{E01}\x{E31}\x{E1A}"
      text run at (0,14790) width 24: "\x{E1E}\x{E32}\x{E22}\x{E38}"
      text run at (0,14807) width 16: "\x{E43}\x{E15}\x{E49}"
      text run at (0,14824) width 15: "\x{E21}\x{E32}"
      text run at (0,14841) width 19: "\x{E1E}\x{E1A}"
      text run at (0,14858) width 19: "\x{E01}\x{E31}\x{E19}"
      text run at (0,14875) width 23: "\x{E15}\x{E23}\x{E07}"
      text run at (0,14892) width 9: "\x{E17}\x{E35}\x{E48}"
      text run at (0,14909) width 25: "\x{E1A}\x{E49}\x{E32}\x{E19}"
      text run at (0,14926) width 27: "\x{E1E}\x{E2D}\x{E14}\x{E35}"
      text run at (0,14943) width 22: "\x{E41}\x{E25}\x{E30}"
      text run at (0,14960) width 31: "\x{E17}\x{E33}\x{E43}\x{E2B}\x{E49}"
      text run at (0,14977) width 23: "\x{E15}\x{E23}\x{E07}"
      text run at (0,14994) width 20: "\x{E19}\x{E31}\x{E49}\x{E19}"
      text run at (0,15011) width 24: "\x{E40}\x{E1B}\x{E47}\x{E19}"
      text run at (0,15028) width 74: "\x{E08}\x{E38}\x{E14}\x{E28}\x{E39}\x{E19}\x{E22}\x{E4C}\x{E01}\x{E25}\x{E32}\x{E07}"
      text run at (0,15045) width 23: "\x{E02}\x{E2D}\x{E07}"
      text run at (0,15062) width 24: "\x{E1E}\x{E32}\x{E22}\x{E38}"
      text run at (0,15079) width 49: "\x{E44}\x{E0B}\x{E42}\x{E04}\x{E25}\x{E19}"
      text run at (0,15096) width 24: "\x{E15}\x{E32}\x{E21}"
      text run at (0,15113) width 27: "\x{E1B}\x{E01}\x{E15}\x{E34}"
      text run at (0,15130) width 23: "\x{E15}\x{E23}\x{E07}"
      text run at (0,15147) width 30: "\x{E01}\x{E25}\x{E32}\x{E07}"
      text run at (0,15164) width 24: "\x{E1E}\x{E32}\x{E22}\x{E38}"
      text run at (0,15181) width 49: "\x{E44}\x{E0B}\x{E42}\x{E04}\x{E25}\x{E19}"
      text run at (0,15198) width 38: "\x{E2D}\x{E32}\x{E01}\x{E32}\x{E28}"
      text run at (0,15215) width 14: "\x{E08}\x{E30}"
      text run at (0,15232) width 17: "\x{E19}\x{E34}\x{E48}\x{E07}"
      text run at (0,15249) width 17: "\x{E41}\x{E15}\x{E48}"
      text run at (0,15266) width 32: "\x{E04}\x{E27}\x{E32}\x{E21}"
      text run at (0,15283) width 37: "\x{E01}\x{E14}\x{E14}\x{E31}\x{E19}"
      text run at (0,15300) width 29: "\x{E2D}\x{E22}\x{E48}\x{E32}\x{E07}"
      text run at (0,15317) width 28: "\x{E2B}\x{E19}\x{E31}\x{E01}"
      text run at (0,15334) width 23: "\x{E02}\x{E2D}\x{E07}"
      text run at (0,15351) width 17: "\x{E25}\x{E21}"
      text run at (0,15368) width 18: "\x{E17}\x{E38}\x{E01}"
      text run at (0,15385) width 25: "\x{E14}\x{E49}\x{E32}\x{E19}"
      text run at (0,15402) width 24: "\x{E23}\x{E2D}\x{E1A}"
      text run at (0,15419) width 25: "\x{E1A}\x{E49}\x{E32}\x{E19}"
      text run at (0,15436) width 31: "\x{E17}\x{E33}\x{E43}\x{E2B}\x{E49}"
      text run at (0,15453) width 25: "\x{E1A}\x{E49}\x{E32}\x{E19}"
      text run at (0,15470) width 24: "\x{E25}\x{E2D}\x{E22}"
      text run at (0,15487) width 15: "\x{E2A}\x{E39}\x{E07}"
      text run at (0,15504) width 25: "\x{E02}\x{E36}\x{E49}\x{E19}\x{E46}"
      text run at (0,15521) width 18: "\x{E08}\x{E19}"
      text run at (0,15538) width 38: "\x{E01}\x{E23}\x{E30}\x{E17}\x{E31}\x{E48}\x{E07}"
      text run at (0,15555) width 18: "\x{E02}\x{E36}\x{E49}\x{E19}"
      text run at (0,15572) width 16: "\x{E44}\x{E1B}"
      text run at (0,15589) width 16: "\x{E2D}\x{E22}\x{E39}\x{E48}"
      text run at (0,15606) width 17: "\x{E2A}\x{E38}\x{E14}"
      text run at (0,15623) width 25: "\x{E22}\x{E2D}\x{E14}"
      text run at (0,15640) width 23: "\x{E02}\x{E2D}\x{E07}"
      text run at (0,15657) width 24: "\x{E1E}\x{E32}\x{E22}\x{E38}"
      text run at (0,15674) width 49: "\x{E44}\x{E0B}\x{E42}\x{E04}\x{E25}\x{E19}"
      text run at (0,15691) width 22: "\x{E41}\x{E25}\x{E30}"
      text run at (0,15708) width 23: "\x{E08}\x{E32}\x{E01}"
      text run at (0,15725) width 23: "\x{E15}\x{E23}\x{E07}"
      text run at (0,15742) width 20: "\x{E19}\x{E31}\x{E49}\x{E19}"
      text run at (0,15759) width 9: "\x{E01}\x{E47}"
      text run at (0,15776) width 17: "\x{E16}\x{E39}\x{E01}"
      text run at (0,15793) width 26: "\x{E2B}\x{E2D}\x{E1A}"
      text run at (0,15810) width 16: "\x{E44}\x{E1B}"
      text run at (0,15827) width 31: "\x{E2B}\x{E25}\x{E32}\x{E22}"
      text run at (0,15844) width 24: "\x{E44}\x{E21}\x{E25}\x{E4C}"
      text run at (0,15861) width 44: "\x{E07}\x{E48}\x{E32}\x{E22}\x{E14}\x{E32}\x{E22}"
      text run at (0,15878) width 39: "\x{E23}\x{E32}\x{E27}\x{E01}\x{E31}\x{E1A}"
      text run at (0,15895) width 26: "\x{E2B}\x{E2D}\x{E1A}"
      text run at (0,15912) width 18: "\x{E02}\x{E19}"
      text run at (0,15929) width 19: "\x{E19}\x{E01}"
      text run at (0,15946) width 18: "\x{E21}\x{E37}\x{E14}"
      text run at (0,15963) width 24: "\x{E21}\x{E32}\x{E01}"
      text run at (0,15980) width 24: "\x{E41}\x{E25}\x{E49}\x{E27}"
      text run at (0,15997) width 17: "\x{E25}\x{E21}"
      text run at (0,16014) width 15: "\x{E22}\x{E31}\x{E07}"
      text run at (0,16031) width 15: "\x{E2A}\x{E48}\x{E07}"
      text run at (0,16048) width 28: "\x{E40}\x{E2A}\x{E35}\x{E22}\x{E07}"
      text run at (0,16065) width 26: "\x{E2B}\x{E27}\x{E35}\x{E14}"
      text run at (0,16082) width 25: "\x{E2B}\x{E27}\x{E37}\x{E2D}"
      text run at (0,16099) width 16: "\x{E19}\x{E48}\x{E32}"
      text run at (0,16116) width 25: "\x{E01}\x{E25}\x{E31}\x{E27}"
      text run at (0,16133) width 16: "\x{E2D}\x{E22}\x{E39}\x{E48}"
      text run at (0,16150) width 24: "\x{E23}\x{E2D}\x{E1A}"
      text run at (0,16167) width 17: "\x{E15}\x{E31}\x{E27}"
      text run at (0,16184) width 20: "\x{E40}\x{E18}\x{E2D}"
      text run at (0,16201) width 17: "\x{E41}\x{E15}\x{E48}"
      text run at (0,16218) width 16: "\x{E42}\x{E14}"
      text run at (0,16235) width 21: "\x{E42}\x{E23}\x{E18}\x{E35}"
      text run at (0,16252) width 24: "\x{E40}\x{E2B}\x{E47}\x{E19}"
      text run at (0,16269) width 14: "\x{E27}\x{E48}\x{E32}"
      text run at (0,16286) width 20: "\x{E40}\x{E18}\x{E2D}"
      text run at (0,16303) width 44: "\x{E2A}\x{E32}\x{E21}\x{E32}\x{E23}\x{E16}"
      text run at (0,16320) width 17: "\x{E19}\x{E31}\x{E48}\x{E07}"
      text run at (0,16337) width 16: "\x{E44}\x{E1B}"
      text run at (0,16354) width 16: "\x{E44}\x{E14}\x{E49}"
      text run at (0,16371) width 29: "\x{E2D}\x{E22}\x{E48}\x{E32}\x{E07}"
      text run at (0,16388) width 44: "\x{E07}\x{E48}\x{E32}\x{E22}\x{E14}\x{E32}\x{E22}"
      text run at (0,16405) width 19: "\x{E19}\x{E31}\x{E01}"
      text run at (0,16422) width 23: "\x{E04}\x{E23}\x{E31}\x{E49}\x{E07}"
      text run at (0,16439) width 26: "\x{E2B}\x{E19}\x{E36}\x{E48}\x{E07}"
      text run at (0,16456) width 24: "\x{E2B}\x{E25}\x{E31}\x{E07}"
      text run at (0,16473) width 23: "\x{E08}\x{E32}\x{E01}"
      text run at (0,16490) width 9: "\x{E17}\x{E35}\x{E48}"
      text run at (0,16507) width 25: "\x{E1A}\x{E49}\x{E32}\x{E19}"
      text run at (0,16524) width 32: "\x{E2A}\x{E30}\x{E14}\x{E38}\x{E14}"
      text run at (0,16541) width 29: "\x{E2D}\x{E22}\x{E48}\x{E32}\x{E07}"
      text run at (0,16558) width 22: "\x{E41}\x{E23}\x{E07}"
      text run at (0,16575) width 22: "\x{E41}\x{E25}\x{E30}"
      text run at (0,16592) width 28: "\x{E2B}\x{E21}\x{E38}\x{E19}"
      text run at (0,16609) width 16: "\x{E44}\x{E1B}"
      text run at (0,16626) width 31: "\x{E23}\x{E2D}\x{E1A}\x{E46}"
      text run at (0,16643) width 23: "\x{E2A}\x{E2D}\x{E07}"
      text run at (0,16660) width 23: "\x{E2A}\x{E32}\x{E21}"
      text run at (0,16677) width 23: "\x{E04}\x{E23}\x{E31}\x{E49}\x{E07}"
      text run at (0,16694) width 17: "\x{E43}\x{E19}"
      text run at (0,16711) width 27: "\x{E15}\x{E2D}\x{E19}"
      text run at (0,16728) width 24: "\x{E41}\x{E23}\x{E01}"
      text run at (0,16745) width 20: "\x{E40}\x{E18}\x{E2D}"
      text run at (0,16762) width 9: "\x{E01}\x{E47}"
      text run at (0,16779) width 24: "\x{E23}\x{E39}\x{E49}\x{E2A}\x{E36}\x{E01}"
      text run at (0,16796) width 14: "\x{E27}\x{E48}\x{E32}"
      text run at (0,16813) width 17: "\x{E15}\x{E31}\x{E27}"
      text run at (0,16830) width 20: "\x{E40}\x{E2D}\x{E07}"
      text run at (0,16847) width 17: "\x{E16}\x{E39}\x{E01}"
      text run at (0,16864) width 32: "\x{E41}\x{E01}\x{E27}\x{E48}\x{E07}"
      text run at (0,16881) width 29: "\x{E2D}\x{E22}\x{E48}\x{E32}\x{E07}"
      text run at (0,16898) width 25: "\x{E41}\x{E1C}\x{E48}\x{E27}"
      text run at (0,16915) width 20: "\x{E40}\x{E1A}\x{E32}"
      text run at (0,16932) width 21: "\x{E23}\x{E32}\x{E27}"
      text run at (0,16949) width 31: "\x{E17}\x{E32}\x{E23}\x{E01}"
      text run at (0,16966) width 17: "\x{E43}\x{E19}"
      text run at (0,16983) width 22: "\x{E40}\x{E1B}\x{E25}"
      text run at (0,17000) width 16: "\x{E42}\x{E15}"
      text run at (0,17017) width 16: "\x{E42}\x{E15}\x{E49}"
      text run at (0,17034) width 16: "\x{E44}\x{E21}\x{E48}"
      text run at (0,17051) width 39: "\x{E0A}\x{E2D}\x{E1A}\x{E43}\x{E08}"
      text run at (0,17068) width 21: "\x{E40}\x{E25}\x{E22}"
      text run at (0,17085) width 19: "\x{E21}\x{E31}\x{E19}"
      text run at (0,17102) width 15: "\x{E27}\x{E34}\x{E48}\x{E07}"
      text run at (0,17119) width 16: "\x{E44}\x{E1B}"
      text run at (0,17136) width 15: "\x{E27}\x{E34}\x{E48}\x{E07}"
      text run at (0,17153) width 22: "\x{E21}\x{E32}\x{E23}"
      text run at (0,17170) width 17: "\x{E2D}\x{E1A}"
      text run at (0,17187) width 24: "\x{E2B}\x{E49}\x{E2D}\x{E07}"
      text run at (0,17204) width 22: "\x{E17}\x{E32}\x{E07}"
      text run at (0,17221) width 27: "\x{E42}\x{E19}\x{E49}\x{E19}"
      text run at (0,17238) width 9: "\x{E17}\x{E35}"
      text run at (0,17255) width 22: "\x{E17}\x{E32}\x{E07}"
      text run at (0,17272) width 10: "\x{E19}\x{E35}\x{E49}"
      text run at (0,17289) width 9: "\x{E17}\x{E35}"
      text run at (0,17306) width 15: "\x{E2A}\x{E48}\x{E07}"
      text run at (0,17323) width 28: "\x{E40}\x{E2A}\x{E35}\x{E22}\x{E07}"
      text run at (0,17340) width 20: "\x{E40}\x{E2B}\x{E48}\x{E32}"
      text run at (0,17357) width 16: "\x{E14}\x{E31}\x{E07}"
      text run at (0,17374) width 24: "\x{E01}\x{E49}\x{E2D}\x{E07}"
      text run at (0,17391) width 17: "\x{E41}\x{E15}\x{E48}"
      text run at (0,17408) width 16: "\x{E42}\x{E14}"
      text run at (0,17425) width 21: "\x{E42}\x{E23}\x{E18}\x{E35}"
      text run at (0,17442) width 17: "\x{E19}\x{E31}\x{E48}\x{E07}"
      text run at (0,17459) width 17: "\x{E19}\x{E34}\x{E48}\x{E07}"
      text run at (0,17476) width 16: "\x{E2D}\x{E22}\x{E39}\x{E48}"
      text run at (0,17493) width 19: "\x{E1A}\x{E19}"
      text run at (0,17510) width 20: "\x{E1E}\x{E37}\x{E49}\x{E19}"
      text run at (0,17527) width 20: "\x{E40}\x{E1D}\x{E49}\x{E32}"
      text run at (0,17544) width 25: "\x{E04}\x{E2D}\x{E22}"
      text run at (0,17561) width 9: "\x{E14}\x{E39}"
      text run at (0,17578) width 14: "\x{E27}\x{E48}\x{E32}"
      text run at (0,17595) width 14: "\x{E08}\x{E30}"
      text run at (0,17612) width 23: "\x{E40}\x{E01}\x{E34}\x{E14}"
      text run at (0,17629) width 28: "\x{E2D}\x{E30}\x{E44}\x{E23}"
      text run at (0,17646) width 18: "\x{E02}\x{E36}\x{E49}\x{E19}"
      text run at (0,17663) width 23: "\x{E04}\x{E23}\x{E31}\x{E49}\x{E07}"
      text run at (0,17680) width 26: "\x{E2B}\x{E19}\x{E36}\x{E48}\x{E07}"
      text run at (0,17697) width 16: "\x{E42}\x{E15}"
      text run at (0,17714) width 16: "\x{E42}\x{E15}\x{E49}"
      text run at (0,17731) width 35: "\x{E40}\x{E02}\x{E49}\x{E32}\x{E44}\x{E1B}"
      text run at (0,17748) width 24: "\x{E43}\x{E01}\x{E25}\x{E49}"
      text run at (0,17765) width 15: "\x{E1D}\x{E32}"
      text run at (0,17782) width 9: "\x{E17}\x{E35}\x{E48}"
      text run at (0,17799) width 20: "\x{E1E}\x{E37}\x{E49}\x{E19}"
      text run at (0,17816) width 24: "\x{E21}\x{E32}\x{E01}"
      text run at (0,17833) width 16: "\x{E44}\x{E1B}"
      text run at (0,17850) width 21: "\x{E40}\x{E25}\x{E22}"
      text run at (0,17867) width 27: "\x{E1E}\x{E25}\x{E31}\x{E14}"
      text run at (0,17884) width 33: "\x{E15}\x{E01}\x{E25}\x{E07}"
      text run at (0,17901) width 16: "\x{E44}\x{E1B}"
      text run at (0,17918) width 9: "\x{E17}\x{E35}"
      text run at (0,17935) width 24: "\x{E41}\x{E23}\x{E01}"
      text run at (0,17952) width 23: "\x{E40}\x{E14}\x{E47}\x{E01}"
      text run at (0,17969) width 27: "\x{E2B}\x{E0D}\x{E34}\x{E07}"
      text run at (0,17986) width 18: "\x{E04}\x{E34}\x{E14}"
      text run at (0,18003) width 14: "\x{E27}\x{E48}\x{E32}"
      text run at (0,18020) width 20: "\x{E40}\x{E18}\x{E2D}"
      text run at (0,18037) width 14: "\x{E08}\x{E30}"
      text run at (0,18054) width 19: "\x{E2A}\x{E39}\x{E0D}"
      text run at (0,18071) width 21: "\x{E40}\x{E2A}\x{E35}\x{E22}"
      text run at (0,18088) width 19: "\x{E21}\x{E31}\x{E19}"
      text run at (0,18105) width 16: "\x{E44}\x{E1B}"
      text run at (0,18122) width 21: "\x{E40}\x{E2A}\x{E35}\x{E22}"
      text run at (0,18139) width 24: "\x{E41}\x{E25}\x{E49}\x{E27}"
      text run at (0,18156) width 17: "\x{E41}\x{E15}\x{E48}"
      text run at (0,18173) width 16: "\x{E0A}\x{E31}\x{E48}\x{E27}"
      text run at (0,18190) width 16: "\x{E04}\x{E23}\x{E39}\x{E48}"
      text run at (0,18207) width 20: "\x{E40}\x{E18}\x{E2D}"
      text run at (0,18224) width 9: "\x{E01}\x{E47}"
      text run at (0,18241) width 24: "\x{E40}\x{E2B}\x{E47}\x{E19}"
      text run at (0,18258) width 9: "\x{E2B}\x{E39}"
      text run at (0,18275) width 23: "\x{E02}\x{E2D}\x{E07}"
      text run at (0,18292) width 19: "\x{E21}\x{E31}\x{E19}"
      text run at (0,18309) width 24: "\x{E42}\x{E1C}\x{E25}\x{E48}"
      text run at (0,18326) width 18: "\x{E02}\x{E36}\x{E49}\x{E19}"
      text run at (0,18343) width 15: "\x{E21}\x{E32}"
      text run at (0,18360) width 23: "\x{E08}\x{E32}\x{E01}"
      text run at (0,18377) width 23: "\x{E0A}\x{E48}\x{E2D}\x{E07}"
      text run at (0,18394) width 20: "\x{E19}\x{E31}\x{E49}\x{E19}"
      text run at (0,18411) width 26: "\x{E17}\x{E31}\x{E49}\x{E07}\x{E19}\x{E35}\x{E49}"
      text run at (0,18428) width 34: "\x{E40}\x{E1E}\x{E23}\x{E32}\x{E30}"
      text run at (0,18445) width 22: "\x{E41}\x{E23}\x{E07}"
      text run at (0,18462) width 18: "\x{E01}\x{E14}"
      text run at (0,18479) width 29: "\x{E2D}\x{E22}\x{E48}\x{E32}\x{E07}"
      text run at (0,18496) width 28: "\x{E2B}\x{E19}\x{E31}\x{E01}"
      text run at (0,18513) width 23: "\x{E02}\x{E2D}\x{E07}"
      text run at (0,18530) width 38: "\x{E2D}\x{E32}\x{E01}\x{E32}\x{E28}"
      text run at (0,18547) width 31: "\x{E17}\x{E33}\x{E43}\x{E2B}\x{E49}"
      text run at (0,18564) width 16: "\x{E42}\x{E15}"
      text run at (0,18581) width 16: "\x{E42}\x{E15}\x{E49}"
      text run at (0,18598) width 16: "\x{E44}\x{E21}\x{E48}"
      text run at (0,18615) width 33: "\x{E15}\x{E01}\x{E25}\x{E07}"
      text run at (0,18632) width 16: "\x{E44}\x{E1B}"
      text run at (0,18649) width 21: "\x{E02}\x{E49}\x{E32}\x{E07}"
      text run at (0,18666) width 21: "\x{E25}\x{E48}\x{E32}\x{E07}"
      text run at (0,18683) width 16: "\x{E42}\x{E14}"
      text run at (0,18700) width 21: "\x{E42}\x{E23}\x{E18}\x{E35}"
      text run at (0,18717) width 33: "\x{E04}\x{E25}\x{E32}\x{E19}"
      text run at (0,18734) width 16: "\x{E44}\x{E1B}"
      text run at (0,18751) width 9: "\x{E17}\x{E35}\x{E48}"
      text run at (0,18768) width 23: "\x{E0A}\x{E48}\x{E2D}\x{E07}"
      text run at (0,18785) width 20: "\x{E19}\x{E31}\x{E49}\x{E19}"
      text run at (0,18802) width 17: "\x{E08}\x{E31}\x{E1A}"
      text run at (0,18819) width 9: "\x{E2B}\x{E39}"
      text run at (0,18836) width 16: "\x{E42}\x{E15}"
      text run at (0,18853) width 16: "\x{E42}\x{E15}\x{E49}"
      text run at (0,18870) width 15: "\x{E44}\x{E27}\x{E49}"
      text run at (0,18887) width 16: "\x{E44}\x{E14}\x{E49}"
      text run at (0,18904) width 22: "\x{E41}\x{E25}\x{E30}"
      text run at (0,18921) width 23: "\x{E25}\x{E32}\x{E01}"
      text run at (0,18938) width 19: "\x{E21}\x{E31}\x{E19}"
      text run at (0,18955) width 15: "\x{E21}\x{E32}"
      text run at (0,18972) width 9: "\x{E17}\x{E35}\x{E48}"
      text run at (0,18989) width 24: "\x{E2B}\x{E49}\x{E2D}\x{E07}"
      text run at (0,19006) width 17: "\x{E2D}\x{E35}\x{E01}"
      text run at (0,19023) width 24: "\x{E2B}\x{E25}\x{E31}\x{E07}"
      text run at (0,19040) width 23: "\x{E08}\x{E32}\x{E01}"
      text run at (0,19057) width 20: "\x{E19}\x{E31}\x{E49}\x{E19}"
      text run at (0,19074) width 9: "\x{E01}\x{E47}"
      text run at (0,19091) width 18: "\x{E1B}\x{E34}\x{E14}"
      text run at (0,19108) width 15: "\x{E1D}\x{E32}"
      text run at (0,19125) width 20: "\x{E1E}\x{E37}\x{E49}\x{E19}"
      text run at (0,19142) width 23: "\x{E40}\x{E1E}\x{E37}\x{E48}\x{E2D}"
      text run at (0,19159) width 14: "\x{E08}\x{E30}"
      text run at (0,19176) width 16: "\x{E44}\x{E14}\x{E49}"
      text run at (0,19193) width 16: "\x{E44}\x{E21}\x{E48}"
      text run at (0,19210) width 23: "\x{E40}\x{E01}\x{E34}\x{E14}"
      text run at (0,19227) width 49: "\x{E2D}\x{E38}\x{E1A}\x{E31}\x{E15}\x{E34}\x{E40}\x{E2B}\x{E15}\x{E38}"
      text run at (0,19244) width 17: "\x{E2D}\x{E35}\x{E01}"
      text run at (0,19261) width 38: "\x{E0A}\x{E31}\x{E48}\x{E27}\x{E42}\x{E21}\x{E07}"
      text run at (0,19278) width 24: "\x{E41}\x{E25}\x{E49}\x{E27}"
      text run at (0,19295) width 38: "\x{E0A}\x{E31}\x{E48}\x{E27}\x{E42}\x{E21}\x{E07}"
      text run at (0,19312) width 19: "\x{E40}\x{E25}\x{E48}\x{E32}"
      text run at (0,19329) width 25: "\x{E1C}\x{E48}\x{E32}\x{E19}"
      text run at (0,19346) width 16: "\x{E44}\x{E1B}"
      text run at (0,19363) width 16: "\x{E42}\x{E14}"
      text run at (0,19380) width 21: "\x{E42}\x{E23}\x{E18}\x{E35}"
      text run at (0,19397) width 32: "\x{E04}\x{E48}\x{E2D}\x{E22}\x{E46}"
      text run at (0,19414) width 23: "\x{E2B}\x{E32}\x{E22}"
      text run at (0,19431) width 25: "\x{E01}\x{E25}\x{E31}\x{E27}"
      text run at (0,19448) width 17: "\x{E41}\x{E15}\x{E48}"
      text run at (0,19465) width 20: "\x{E40}\x{E18}\x{E2D}"
      text run at (0,19482) width 24: "\x{E23}\x{E39}\x{E49}\x{E2A}\x{E36}\x{E01}"
      text run at (0,19499) width 27: "\x{E40}\x{E2B}\x{E07}\x{E32}"
      text run at (0,19516) width 30: "\x{E40}\x{E2B}\x{E25}\x{E37}\x{E2D}"
      text run at (0,19533) width 24: "\x{E40}\x{E01}\x{E34}\x{E19}"
      text run at (0,19550) width 22: "\x{E41}\x{E25}\x{E30}"
      text run at (0,19567) width 17: "\x{E25}\x{E21}"
      text run at (0,19584) width 9: "\x{E01}\x{E47}"
      text run at (0,19601) width 15: "\x{E2A}\x{E48}\x{E07}"
      text run at (0,19618) width 28: "\x{E40}\x{E2A}\x{E35}\x{E22}\x{E07}"
      text run at (0,19635) width 26: "\x{E2B}\x{E27}\x{E35}\x{E14}"
      text run at (0,19652) width 25: "\x{E2B}\x{E27}\x{E37}\x{E2D}"
      text run at (0,19669) width 16: "\x{E14}\x{E31}\x{E07}"
      text run at (0,19686) width 21: "\x{E40}\x{E2A}\x{E35}\x{E22}"
      text run at (0,19703) width 18: "\x{E08}\x{E19}"
      text run at (0,19720) width 20: "\x{E40}\x{E18}\x{E2D}"
      text run at (0,19737) width 26: "\x{E41}\x{E17}\x{E1A}"
      text run at (0,19754) width 14: "\x{E08}\x{E30}"
      text run at (0,19771) width 9: "\x{E2B}\x{E39}"
      text run at (0,19788) width 36: "\x{E2B}\x{E19}\x{E27}\x{E01}"
      text run at (0,19805) width 9: "\x{E17}\x{E35}"
      text run at (0,19822) width 24: "\x{E41}\x{E23}\x{E01}"
      text run at (0,19839) width 20: "\x{E40}\x{E18}\x{E2D}"
      text run at (0,19856) width 31: "\x{E2A}\x{E07}\x{E2A}\x{E31}\x{E22}"
      text run at (0,19873) width 14: "\x{E27}\x{E48}\x{E32}"
      text run at (0,19890) width 30: "\x{E04}\x{E07}\x{E08}\x{E30}"
      text run at (0,19907) width 17: "\x{E16}\x{E39}\x{E01}"
      text run at (0,19924) width 19: "\x{E09}\x{E35}\x{E01}"
      text run at (0,19941) width 45: "\x{E01}\x{E23}\x{E30}\x{E0A}\x{E32}\x{E01}"
      text run at (0,19958) width 25: "\x{E2D}\x{E2D}\x{E01}"
      text run at (0,19975) width 24: "\x{E40}\x{E1B}\x{E47}\x{E19}"
      text run at (0,19992) width 18: "\x{E0A}\x{E34}\x{E49}\x{E19}"
      text run at (0,20009) width 22: "\x{E40}\x{E25}\x{E47}\x{E01}"
      text run at (0,20026) width 18: "\x{E0A}\x{E34}\x{E49}\x{E19}"
      text run at (0,20043) width 26: "\x{E19}\x{E49}\x{E2D}\x{E22}"
      text run at (0,20060) width 22: "\x{E40}\x{E21}\x{E37}\x{E48}\x{E2D}"
      text run at (0,20077) width 25: "\x{E1A}\x{E49}\x{E32}\x{E19}"
      text run at (0,20094) width 23: "\x{E40}\x{E2D}\x{E19}"
      text run at (0,20111) width 17: "\x{E25}\x{E49}\x{E21}"
      text run at (0,20128) width 15: "\x{E25}\x{E07}"
      text run at (0,20145) width 17: "\x{E2D}\x{E35}\x{E01}"
      text run at (0,20162) width 23: "\x{E04}\x{E23}\x{E31}\x{E49}\x{E07}"
      text run at (0,20179) width 17: "\x{E41}\x{E15}\x{E48}"
      text run at (0,20196) width 31: "\x{E2B}\x{E25}\x{E32}\x{E22}"
      text run at (0,20213) width 38: "\x{E0A}\x{E31}\x{E48}\x{E27}\x{E42}\x{E21}\x{E07}"
      text run at (0,20230) width 25: "\x{E1C}\x{E48}\x{E32}\x{E19}"
      text run at (0,20247) width 16: "\x{E44}\x{E1B}"
      text run at (0,20264) width 9: "\x{E01}\x{E47}"
      text run at (0,20281) width 25: "\x{E44}\x{E21}\x{E48}\x{E21}\x{E35}"
      text run at (0,20298) width 28: "\x{E2D}\x{E30}\x{E44}\x{E23}"
      text run at (0,20315) width 23: "\x{E40}\x{E01}\x{E34}\x{E14}"
      text run at (0,20332) width 18: "\x{E02}\x{E36}\x{E49}\x{E19}"
      text run at (0,20349) width 20: "\x{E40}\x{E18}\x{E2D}"
      text run at (0,20366) width 21: "\x{E40}\x{E25}\x{E22}"
      text run at (0,20383) width 22: "\x{E40}\x{E25}\x{E34}\x{E01}"
      text run at (0,20400) width 26: "\x{E27}\x{E34}\x{E15}\x{E01}"
      text run at (0,20417) width 22: "\x{E41}\x{E25}\x{E30}"
      text run at (0,20434) width 36: "\x{E15}\x{E31}\x{E14}\x{E2A}\x{E34}\x{E19}"
      text run at (0,20451) width 15: "\x{E43}\x{E08}"
      text run at (0,20468) width 25: "\x{E04}\x{E2D}\x{E22}"
      text run at (0,20485) width 9: "\x{E14}\x{E39}"
      text run at (0,20502) width 29: "\x{E2D}\x{E22}\x{E48}\x{E32}\x{E07}"
      text run at (0,20519) width 24: "\x{E2A}\x{E07}\x{E1A}"
      text run at (0,20536) width 22: "\x{E41}\x{E25}\x{E30}"
      text run at (0,20553) width 15: "\x{E23}\x{E2D}"
      text run at (0,20570) width 14: "\x{E27}\x{E48}\x{E32}"
      text run at (0,20587) width 42: "\x{E2D}\x{E19}\x{E32}\x{E04}\x{E15}"
      text run at (0,20604) width 14: "\x{E08}\x{E30}"
      text run at (0,20621) width 24: "\x{E40}\x{E1B}\x{E47}\x{E19}"
      text run at (0,20638) width 42: "\x{E2D}\x{E22}\x{E48}\x{E32}\x{E07}\x{E44}\x{E23}"
      text run at (0,20655) width 17: "\x{E43}\x{E19}"
      text run at (0,20672) width 26: "\x{E17}\x{E35}\x{E48}\x{E2A}\x{E38}\x{E14}"
      text run at (0,20689) width 20: "\x{E40}\x{E18}\x{E2D}"
      text run at (0,20706) width 33: "\x{E04}\x{E25}\x{E32}\x{E19}"
      text run at (0,20723) width 23: "\x{E08}\x{E32}\x{E01}"
      text run at (0,20740) width 20: "\x{E1E}\x{E37}\x{E49}\x{E19}"
      text run at (0,20757) width 24: "\x{E2B}\x{E49}\x{E2D}\x{E07}"
      text run at (0,20774) width 9: "\x{E17}\x{E35}\x{E48}"
      text run at (0,20791) width 24: "\x{E42}\x{E22}\x{E01}"
      text run at (0,20808) width 16: "\x{E44}\x{E1B}"
      text run at (0,20825) width 15: "\x{E21}\x{E32}"
      text run at (0,20842) width 18: "\x{E02}\x{E36}\x{E49}\x{E19}"
      text run at (0,20859) width 16: "\x{E44}\x{E1B}"
      text run at (0,20876) width 19: "\x{E1A}\x{E19}"
      text run at (0,20893) width 29: "\x{E40}\x{E15}\x{E35}\x{E22}\x{E07}"
      text run at (0,20910) width 24: "\x{E41}\x{E25}\x{E49}\x{E27}"
      text run at (0,20927) width 9: "\x{E01}\x{E47}"
      text run at (0,20944) width 28: "\x{E19}\x{E2D}\x{E19}"
      text run at (0,20961) width 15: "\x{E25}\x{E07}"
      text run at (0,20978) width 16: "\x{E42}\x{E15}"
      text run at (0,20995) width 16: "\x{E42}\x{E15}\x{E49}"
      text run at (0,21012) width 24: "\x{E15}\x{E32}\x{E21}"
      text run at (0,21029) width 18: "\x{E15}\x{E34}\x{E14}"
      text run at (0,21046) width 15: "\x{E21}\x{E32}"
      text run at (0,21063) width 28: "\x{E19}\x{E2D}\x{E19}"
      text run at (0,21080) width 15: "\x{E25}\x{E07}"
      text run at (0,21097) width 31: "\x{E43}\x{E01}\x{E25}\x{E49}\x{E46}"
      text run at (0,21114) width 20: "\x{E40}\x{E18}\x{E2D}"
      text run at (0,21131) width 16: "\x{E44}\x{E21}\x{E48}"
      text run at (0,21148) width 14: "\x{E0A}\x{E49}\x{E32}"
      text run at (0,21165) width 16: "\x{E42}\x{E14}"
      text run at (0,21182) width 21: "\x{E42}\x{E23}\x{E18}\x{E35}"
      text run at (0,21199) width 9: "\x{E01}\x{E47}"
      text run at (0,21216) width 18: "\x{E1B}\x{E34}\x{E14}"
      text run at (0,21233) width 15: "\x{E15}\x{E32}"
      text run at (0,21250) width 15: "\x{E25}\x{E07}"
      text run at (0,21267) width 26: "\x{E2B}\x{E25}\x{E31}\x{E1A}"
      text run at (0,21284) width 33: "\x{E1C}\x{E25}\x{E47}\x{E2D}\x{E22}"
      text run at (0,21301) width 16: "\x{E44}\x{E1B}"
      text run at (0,21318) width 29: "\x{E2D}\x{E22}\x{E48}\x{E32}\x{E07}"
      text run at (0,21335) width 27: "\x{E2A}\x{E19}\x{E34}\x{E17}"
      text run at (0,21352) width 23: "\x{E17}\x{E31}\x{E49}\x{E07}\x{E46}"
      text run at (0,21369) width 9: "\x{E17}\x{E35}\x{E48}"
      text run at (0,21386) width 25: "\x{E1A}\x{E49}\x{E32}\x{E19}"
      text run at (0,21403) width 24: "\x{E42}\x{E22}\x{E01}"
      text run at (0,21420) width 16: "\x{E44}\x{E1B}"
      text run at (0,21437) width 15: "\x{E21}\x{E32}"
      text run at (0,21454) width 22: "\x{E41}\x{E25}\x{E30}"
      text run at (0,21471) width 17: "\x{E25}\x{E21}"
      text run at (0,21488) width 9: "\x{E01}\x{E47}"
      text run at (0,21505) width 29: "\x{E04}\x{E23}\x{E32}\x{E07}"
      text run at (0,21522) width 26: "\x{E2B}\x{E27}\x{E35}\x{E14}"
      text run at (0,21539) width 25: "\x{E2B}\x{E27}\x{E37}\x{E2D}"
layer at (471,92) size 1x22678
  RenderBlock (positioned) {DIV} at (471,92) size 1x22678
    RenderText {#text} at (0,0) size 61x22678
      text run at (0,0) width 18: "\x{E1A}\x{E17}"
      text run at (0,17) width 9: "\x{E17}\x{E35}\x{E48}"
      text run at (0,34) width 8: "\x{E51}"
      text run at (0,51) width 24: "\x{E1E}\x{E32}\x{E22}\x{E38}"
      text run at (0,68) width 49: "\x{E44}\x{E0B}\x{E42}\x{E04}\x{E25}\x{E19}"
      text run at (0,85) width 16: "\x{E42}\x{E14}"
      text run at (0,102) width 21: "\x{E42}\x{E23}\x{E18}\x{E35}"
      text run at (0,119) width 31: "\x{E2D}\x{E32}\x{E28}\x{E31}\x{E22}"
      text run at (0,136) width 16: "\x{E2D}\x{E22}\x{E39}\x{E48}"
      text run at (0,153) width 24: "\x{E17}\x{E48}\x{E32}\x{E21}"
      text run at (0,170) width 30: "\x{E01}\x{E25}\x{E32}\x{E07}"
      text run at (0,187) width 16: "\x{E17}\x{E38}\x{E48}\x{E07}"
      text run at (0,204) width 27: "\x{E43}\x{E2B}\x{E0D}\x{E48}"
      text run at (0,221) width 17: "\x{E43}\x{E19}"
      text run at (0,238) width 44: "\x{E41}\x{E04}\x{E19}\x{E0B}\x{E31}\x{E2A}"
      text run at (0,255) width 18: "\x{E01}\x{E31}\x{E1A}"
      text run at (0,272) width 15: "\x{E25}\x{E38}\x{E07}"
      text run at (0,289) width 13: "\x{E40}\x{E2E}"
      text run at (0,306) width 17: "\x{E19}\x{E23}\x{E35}"
      text run at (0,323) width 22: "\x{E0A}\x{E32}\x{E27}"
      text run at (0,340) width 14: "\x{E44}\x{E23}\x{E48}"
      text run at (0,357) width 22: "\x{E41}\x{E25}\x{E30}"
      text run at (0,374) width 15: "\x{E1B}\x{E49}\x{E32}"
      text run at (0,391) width 22: "\x{E40}\x{E2D}\x{E47}\x{E21}"
      text run at (0,408) width 37: "\x{E20}\x{E23}\x{E23}\x{E22}\x{E32}"
      text run at (0,425) width 35: "\x{E0A}\x{E32}\x{E27}\x{E44}\x{E23}\x{E48}"
      text run at (0,442) width 25: "\x{E1A}\x{E49}\x{E32}\x{E19}"
      text run at (0,459) width 23: "\x{E02}\x{E2D}\x{E07}"
      text run at (0,476) width 27: "\x{E1E}\x{E27}\x{E01}"
      text run at (0,493) width 19: "\x{E40}\x{E02}\x{E32}"
      text run at (0,510) width 24: "\x{E2B}\x{E25}\x{E31}\x{E07}"
      text run at (0,527) width 22: "\x{E40}\x{E25}\x{E47}\x{E01}"
      text run at (0,544) width 34: "\x{E40}\x{E1E}\x{E23}\x{E32}\x{E30}"
      text run at (0,561) width 16: "\x{E44}\x{E21}\x{E49}"
      text run at (0,578) width 28: "\x{E2A}\x{E23}\x{E49}\x{E32}\x{E07}"
      text run at (0,595) width 25: "\x{E1A}\x{E49}\x{E32}\x{E19}"
      text run at (0,612) width 24: "\x{E15}\x{E49}\x{E2D}\x{E07}"
      text run at (0,629) width 18: "\x{E02}\x{E19}"
      text run at (0,646) width 15: "\x{E21}\x{E32}"
      text run at (0,663) width 25: "\x{E14}\x{E49}\x{E27}\x{E22}"
      text run at (0,680) width 40: "\x{E40}\x{E01}\x{E27}\x{E35}\x{E22}\x{E19}"
      text run at (0,697) width 24: "\x{E40}\x{E1B}\x{E47}\x{E19}"
      text run at (0,714) width 27: "\x{E23}\x{E30}\x{E22}\x{E30}"
      text run at (0,731) width 22: "\x{E17}\x{E32}\x{E07}"
      text run at (0,748) width 31: "\x{E2B}\x{E25}\x{E32}\x{E22}"
      text run at (0,765) width 24: "\x{E44}\x{E21}\x{E25}\x{E4C}"
      text run at (0,782) width 25: "\x{E1A}\x{E49}\x{E32}\x{E19}"
      text run at (0,799) width 9: "\x{E21}\x{E35}"
      text run at (0,816) width 8: "\x{E2A}\x{E35}\x{E48}"
      text run at (0,833) width 15: "\x{E1D}\x{E32}"
      text run at (0,850) width 9: "\x{E21}\x{E35}"
      text run at (0,867) width 20: "\x{E1E}\x{E37}\x{E49}\x{E19}"
      text run at (0,884) width 18: "\x{E01}\x{E31}\x{E1A}"
      text run at (0,901) width 39: "\x{E2B}\x{E25}\x{E31}\x{E07}\x{E04}\x{E32}"
      text run at (0,918) width 24: "\x{E23}\x{E27}\x{E21}"
      text run at (0,935) width 15: "\x{E17}\x{E33}"
      text run at (0,952) width 24: "\x{E40}\x{E1B}\x{E47}\x{E19}"
      text run at (0,969) width 24: "\x{E2B}\x{E49}\x{E2D}\x{E07}"
      text run at (0,986) width 30: "\x{E40}\x{E14}\x{E35}\x{E22}\x{E27}"
      text run at (0,1003) width 17: "\x{E43}\x{E19}"
      text run at (0,1020) width 24: "\x{E2B}\x{E49}\x{E2D}\x{E07}"
      text run at (0,1037) width 9: "\x{E21}\x{E35}"
      text run at (0,1054) width 16: "\x{E17}\x{E31}\x{E49}\x{E07}"
      text run at (0,1071) width 20: "\x{E40}\x{E15}\x{E32}"
      text run at (0,1088) width 16: "\x{E2B}\x{E38}\x{E07}"
      text run at (0,1105) width 18: "\x{E15}\x{E49}\x{E21}"
      text run at (0,1122) width 9: "\x{E17}\x{E35}\x{E48}"
      text run at (0,1139) width 27: "\x{E2A}\x{E19}\x{E34}\x{E21}"
      text run at (0,1156) width 9: "\x{E14}\x{E39}"
      text run at (0,1173) width 18: "\x{E02}\x{E36}\x{E49}\x{E19}"
      text run at (0,1190) width 27: "\x{E40}\x{E25}\x{E2D}\x{E30}"
      text run at (0,1207) width 9: "\x{E21}\x{E35}"
      text run at (0,1224) width 9: "\x{E15}\x{E39}\x{E49}"
      text run at (0,1241) width 15: "\x{E43}\x{E2A}\x{E48}"
      text run at (0,1258) width 24: "\x{E16}\x{E49}\x{E27}\x{E22}"
      text run at (0,1275) width 23: "\x{E0A}\x{E32}\x{E21}"
      text run at (0,1292) width 22: "\x{E42}\x{E15}\x{E4A}\x{E30}"
      text run at (0,1309) width 28: "\x{E40}\x{E01}\x{E49}\x{E32}\x{E2D}\x{E35}\x{E49}"
      text run at (0,1326) width 23: "\x{E2A}\x{E32}\x{E21}"
      text run at (0,1343) width 24: "\x{E2B}\x{E23}\x{E37}\x{E2D}"
      text run at (0,1360) width 8: "\x{E2A}\x{E35}\x{E48}"
      text run at (0,1377) width 17: "\x{E15}\x{E31}\x{E27}"
      text run at (0,1394) width 24: "\x{E41}\x{E25}\x{E49}\x{E27}"
      text run at (0,1411) width 9: "\x{E01}\x{E47}"
      text run at (0,1428) width 9: "\x{E21}\x{E35}"
      text run at (0,1445) width 29: "\x{E40}\x{E15}\x{E35}\x{E22}\x{E07}"
      text run at (0,1462) width 28: "\x{E19}\x{E2D}\x{E19}"
      text run at (0,1479) width 15: "\x{E25}\x{E38}\x{E07}"
      text run at (0,1496) width 13: "\x{E40}\x{E2E}"
      text run at (0,1513) width 17: "\x{E19}\x{E23}\x{E35}"
      text run at (0,1530) width 18: "\x{E01}\x{E31}\x{E1A}"
      text run at (0,1547) width 15: "\x{E1B}\x{E49}\x{E32}"
      text run at (0,1564) width 22: "\x{E40}\x{E2D}\x{E47}\x{E21}"
      text run at (0,1581) width 9: "\x{E21}\x{E35}"
      text run at (0,1598) width 29: "\x{E40}\x{E15}\x{E35}\x{E22}\x{E07}"
      text run at (0,1615) width 28: "\x{E19}\x{E2D}\x{E19}"
      text run at (0,1632) width 27: "\x{E43}\x{E2B}\x{E0D}\x{E48}"
      text run at (0,1649) width 16: "\x{E2D}\x{E22}\x{E39}\x{E48}"
      text run at (0,1666) width 9: "\x{E17}\x{E35}\x{E48}"
      text run at (0,1683) width 18: "\x{E21}\x{E38}\x{E21}"
      text run at (0,1700) width 26: "\x{E2B}\x{E19}\x{E36}\x{E48}\x{E07}"
      text run at (0,1717) width 26: "\x{E2A}\x{E48}\x{E27}\x{E19}"
      text run at (0,1734) width 16: "\x{E42}\x{E14}"
      text run at (0,1751) width 21: "\x{E42}\x{E23}\x{E18}\x{E35}"
      text run at (0,1768) width 9: "\x{E21}\x{E35}"
      text run at (0,1785) width 29: "\x{E40}\x{E15}\x{E35}\x{E22}\x{E07}"
      text run at (0,1802) width 22: "\x{E40}\x{E25}\x{E47}\x{E01}"
      text run at (0,1819) width 17: "\x{E2D}\x{E35}\x{E01}"
      text run at (0,1836) width 9: "\x{E17}\x{E35}\x{E48}"
      text run at (0,1853) width 18: "\x{E21}\x{E38}\x{E21}"
      text run at (0,1870) width 26: "\x{E2B}\x{E19}\x{E36}\x{E48}\x{E07}"
      text run at (0,1887) width 16: "\x{E44}\x{E21}\x{E48}"
      text run at (0,1904) width 9: "\x{E21}\x{E35}"
      text run at (0,1921) width 24: "\x{E2B}\x{E49}\x{E2D}\x{E07}"
      text run at (0,1938) width 16: "\x{E43}\x{E15}\x{E49}"
      text run at (0,1955) width 40: "\x{E40}\x{E1E}\x{E14}\x{E32}\x{E19}"
      text run at (0,1972) width 21: "\x{E40}\x{E25}\x{E22}"
      text run at (0,1989) width 24: "\x{E2B}\x{E49}\x{E2D}\x{E07}"
      text run at (0,2006) width 34: "\x{E43}\x{E15}\x{E49}\x{E16}\x{E38}\x{E19}"
      text run at (0,2023) width 9: "\x{E01}\x{E47}"
      text run at (0,2040) width 16: "\x{E44}\x{E21}\x{E48}"
      text run at (0,2057) width 9: "\x{E21}\x{E35}"
      text run at (0,2074) width 23: "\x{E40}\x{E27}\x{E49}\x{E19}"
      text run at (0,2091) width 17: "\x{E41}\x{E15}\x{E48}"
      text run at (0,2108) width 9: "\x{E21}\x{E35}"
      text run at (0,2125) width 31: "\x{E42}\x{E1E}\x{E23}\x{E07}"
      text run at (0,2142) width 29: "\x{E40}\x{E25}\x{E47}\x{E01}\x{E46}"
      text run at (0,2159) width 9: "\x{E17}\x{E35}\x{E48}"
      text run at (0,2176) width 17: "\x{E02}\x{E38}\x{E14}"
      text run at (0,2193) width 16: "\x{E44}\x{E1B}"
      text run at (0,2210) width 16: "\x{E43}\x{E15}\x{E49}"
      text run at (0,2227) width 20: "\x{E1E}\x{E37}\x{E49}\x{E19}"
      text run at (0,2244) width 29: "\x{E40}\x{E23}\x{E35}\x{E22}\x{E01}"
      text run at (0,2261) width 14: "\x{E27}\x{E48}\x{E32}"
      text run at (0,2278) width 7: "\""
      text run at (0,2295) width 31: "\x{E42}\x{E1E}\x{E23}\x{E07}"
      text run at (0,2312) width 49: "\x{E44}\x{E0B}\x{E42}\x{E04}\x{E25}\x{E19}"
      text run at (0,2329) width 7: "\""
      text run at (0,2346) width 24: "\x{E40}\x{E1B}\x{E47}\x{E19}"
      text run at (0,2363) width 9: "\x{E17}\x{E35}\x{E48}"
      text run at (0,2380) width 57: "\x{E04}\x{E23}\x{E2D}\x{E1A}\x{E04}\x{E23}\x{E31}\x{E27}"
      text run at (0,2397) width 10: "\x{E19}\x{E35}\x{E49}"
      text run at (0,2414) width 14: "\x{E08}\x{E30}"
      text run at (0,2431) width 18: "\x{E21}\x{E38}\x{E14}"
      text run at (0,2448) width 19: "\x{E40}\x{E02}\x{E49}\x{E32}"
      text run at (0,2465) width 16: "\x{E44}\x{E1B}"
      text run at (0,2482) width 22: "\x{E40}\x{E21}\x{E37}\x{E48}\x{E2D}"
      text run at (0,2499) width 23: "\x{E40}\x{E01}\x{E34}\x{E14}"
      text run at (0,2516) width 17: "\x{E25}\x{E21}"
      text run at (0,2533) width 24: "\x{E21}\x{E2B}\x{E32}"
      text run at (0,2550) width 17: "\x{E20}\x{E31}\x{E22}"
      text run at (0,2567) width 16: "\x{E0B}\x{E36}\x{E48}\x{E07}"
      text run at (0,2584) width 46: "\x{E01}\x{E23}\x{E30}\x{E42}\x{E0A}\x{E01}"
      text run at (0,2601) width 22: "\x{E41}\x{E23}\x{E07}"
      text run at (0,2618) width 18: "\x{E08}\x{E19}"
      text run at (0,2635) width 18: "\x{E1A}\x{E14}"
      text run at (0,2652) width 16: "\x{E02}\x{E22}\x{E35}\x{E49}"
      text run at (0,2669) width 15: "\x{E2A}\x{E34}\x{E48}\x{E07}"
      text run at (0,2686) width 17: "\x{E01}\x{E48}\x{E2D}"
      text run at (0,2703) width 28: "\x{E2A}\x{E23}\x{E49}\x{E32}\x{E07}"
      text run at (0,2720) width 16: "\x{E43}\x{E14}"
      text run at (0,2737) width 7: "\x{E46}"
      text run at (0,2754) width 9: "\x{E17}\x{E35}\x{E48}"
      text run at (0,2771) width 29: "\x{E02}\x{E27}\x{E32}\x{E07}"
      text run at (0,2788) width 22: "\x{E17}\x{E32}\x{E07}"
      text run at (0,2805) width 19: "\x{E21}\x{E31}\x{E19}"
      text run at (0,2822) width 16: "\x{E44}\x{E14}\x{E49}"
      text run at (0,2839) width 23: "\x{E15}\x{E23}\x{E07}"
      text run at (0,2856) width 30: "\x{E01}\x{E25}\x{E32}\x{E07}"
      text run at (0,2873) width 20: "\x{E1E}\x{E37}\x{E49}\x{E19}"
      text run at (0,2890) width 9: "\x{E21}\x{E35}"
      text run at (0,2907) width 15: "\x{E1D}\x{E32}"
      text run at (0,2924) width 23: "\x{E40}\x{E1B}\x{E34}\x{E14}"
      text run at (0,2941) width 19: "\x{E40}\x{E02}\x{E49}\x{E32}"
      text run at (0,2958) width 16: "\x{E44}\x{E1B}"
      text run at (0,2975) width 23: "\x{E08}\x{E32}\x{E01}"
      text run at (0,2992) width 20: "\x{E19}\x{E31}\x{E49}\x{E19}"
      text run at (0,3009) width 9: "\x{E21}\x{E35}"
      text run at (0,3026) width 34: "\x{E1A}\x{E31}\x{E19}\x{E44}\x{E14}"
      text run at (0,3043) width 15: "\x{E25}\x{E07}"
      text run at (0,3060) width 16: "\x{E44}\x{E1B}"
      text run at (0,3077) width 15: "\x{E16}\x{E36}\x{E07}"
      text run at (0,3094) width 31: "\x{E42}\x{E1E}\x{E23}\x{E07}"
      text run at (0,3111) width 18: "\x{E21}\x{E37}\x{E14}"
      text run at (0,3128) width 22: "\x{E40}\x{E25}\x{E47}\x{E01}"
      text run at (0,3145) width 7: "\x{E46}"
      text run at (0,3162) width 22: "\x{E40}\x{E21}\x{E37}\x{E48}\x{E2D}"
      text run at (0,3179) width 16: "\x{E42}\x{E14}"
      text run at (0,3196) width 21: "\x{E42}\x{E23}\x{E18}\x{E35}"
      text run at (0,3213) width 18: "\x{E22}\x{E37}\x{E19}"
      text run at (0,3230) width 9: "\x{E17}\x{E35}\x{E48}"
      text run at (0,3247) width 24: "\x{E1B}\x{E32}\x{E01}"
      text run at (0,3264) width 31: "\x{E1B}\x{E23}\x{E30}\x{E15}\x{E39}"
      text run at (0,3281) width 22: "\x{E41}\x{E25}\x{E30}"
      text run at (0,3298) width 24: "\x{E21}\x{E2D}\x{E07}"
      text run at (0,3315) width 16: "\x{E44}\x{E1B}"
      text run at (0,3332) width 24: "\x{E23}\x{E2D}\x{E1A}"
      text run at (0,3349) width 7: "\x{E46}"
      text run at (0,3366) width 20: "\x{E40}\x{E18}\x{E2D}"
      text run at (0,3383) width 16: "\x{E44}\x{E21}\x{E48}"
      text run at (0,3400) width 24: "\x{E40}\x{E2B}\x{E47}\x{E19}"
      text run at (0,3417) width 28: "\x{E2D}\x{E30}\x{E44}\x{E23}"
      text run at (0,3434) width 27: "\x{E19}\x{E2D}\x{E01}"
      text run at (0,3451) width 23: "\x{E08}\x{E32}\x{E01}"
      text run at (0,3468) width 24: "\x{E17}\x{E49}\x{E2D}\x{E07}"
      text run at (0,3485) width 16: "\x{E17}\x{E38}\x{E48}\x{E07}"
      text run at (0,3502) width 30: "\x{E01}\x{E27}\x{E49}\x{E32}\x{E07}"
      text run at (0,3519) width 8: "\x{E2A}\x{E35}"
      text run at (0,3536) width 20: "\x{E40}\x{E17}\x{E32}"
      text run at (0,3553) width 28: "\x{E2B}\x{E21}\x{E48}\x{E19}"
      text run at (0,3570) width 17: "\x{E17}\x{E31}\x{E48}\x{E27}"
      text run at (0,3587) width 18: "\x{E17}\x{E38}\x{E01}"
      text run at (0,3604) width 25: "\x{E14}\x{E49}\x{E32}\x{E19}"
      text run at (0,3621) width 16: "\x{E44}\x{E21}\x{E48}"
      text run at (0,3638) width 9: "\x{E21}\x{E35}"
      text run at (0,3655) width 17: "\x{E41}\x{E21}\x{E49}"
      text run at (0,3672) width 34: "\x{E15}\x{E49}\x{E19}\x{E44}\x{E21}\x{E49}"
      text run at (0,3689) width 17: "\x{E2A}\x{E31}\x{E01}"
      text run at (0,3706) width 19: "\x{E15}\x{E49}\x{E19}"
      text run at (0,3723) width 24: "\x{E2B}\x{E23}\x{E37}\x{E2D}"
      text run at (0,3740) width 25: "\x{E1A}\x{E49}\x{E32}\x{E19}"
      text run at (0,3757) width 17: "\x{E2A}\x{E31}\x{E01}"
      text run at (0,3774) width 24: "\x{E2B}\x{E25}\x{E31}\x{E07}"
      text run at (0,3791) width 9: "\x{E17}\x{E35}\x{E48}"
      text run at (0,3808) width 24: "\x{E42}\x{E1C}\x{E25}\x{E48}"
      text run at (0,3825) width 20: "\x{E1E}\x{E49}\x{E19}"
      text run at (0,3842) width 18: "\x{E20}\x{E39}\x{E21}\x{E34}"
      text run at (0,3859) width 45: "\x{E1B}\x{E23}\x{E30}\x{E40}\x{E17}\x{E28}"
      text run at (0,3876) width 18: "\x{E2D}\x{E31}\x{E19}"
      text run at (0,3893) width 22: "\x{E23}\x{E32}\x{E1A}"
      text run at (0,3910) width 29: "\x{E40}\x{E23}\x{E35}\x{E22}\x{E1A}"
      text run at (0,3927) width 17: "\x{E41}\x{E1C}\x{E48}"
      text run at (0,3944) width 16: "\x{E44}\x{E1B}"
      text run at (0,3961) width 24: "\x{E44}\x{E01}\x{E25}"
      text run at (0,3978) width 18: "\x{E08}\x{E19}"
      text run at (0,3995) width 17: "\x{E08}\x{E14}"
      text run at (0,4012) width 25: "\x{E02}\x{E2D}\x{E1A}"
      text run at (0,4029) width 16: "\x{E1F}\x{E49}\x{E32}"
      text run at (0,4046) width 17: "\x{E17}\x{E31}\x{E48}\x{E27}"
      text run at (0,4063) width 18: "\x{E17}\x{E38}\x{E01}"
      text run at (0,4080) width 18: "\x{E17}\x{E34}\x{E28}"
      text run at (0,4097) width 24: "\x{E14}\x{E27}\x{E07}"
      text run at (0,4114) width 33: "\x{E15}\x{E30}\x{E27}\x{E31}\x{E19}"
      text run at (0,4131) width 20: "\x{E40}\x{E1C}\x{E32}"
      text run at (0,4148) width 19: "\x{E1C}\x{E37}\x{E19}"
      text run at (0,4165) width 19: "\x{E14}\x{E34}\x{E19}"
      text run at (0,4182) width 9: "\x{E17}\x{E35}\x{E48}"
      text run at (0,4199) width 15: "\x{E44}\x{E16}"
      text run at (0,4216) width 24: "\x{E41}\x{E25}\x{E49}\x{E27}"
      text run at (0,4233) width 18: "\x{E08}\x{E19}"
      text run at (0,4250) width 31: "\x{E01}\x{E25}\x{E32}\x{E22}"
      text run at (0,4267) width 24: "\x{E40}\x{E1B}\x{E47}\x{E19}"
      text run at (0,4284) width 27: "\x{E41}\x{E1C}\x{E48}\x{E19}"
      text run at (0,4301) width 33: "\x{E21}\x{E2B}\x{E36}\x{E21}\x{E32}"
      text run at (0,4318) width 8: "\x{E2A}\x{E35}"
      text run at (0,4335) width 15: "\x{E14}\x{E33}"
      text run at (0,4352) width 9: "\x{E21}\x{E35}"
      text run at (0,4369) width 23: "\x{E23}\x{E2D}\x{E22}"
      text run at (0,4386) width 26: "\x{E41}\x{E15}\x{E01}"
      text run at (0,4403) width 37: "\x{E23}\x{E30}\x{E41}\x{E2B}\x{E07}"
      text run at (0,4420) width 16: "\x{E2D}\x{E22}\x{E39}\x{E48}"
      text run at (0,4437) width 34: "\x{E15}\x{E25}\x{E2D}\x{E14}"
      text run at (0,4454) width 34: "\x{E41}\x{E21}\x{E49}\x{E41}\x{E15}\x{E48}"
      text run at (0,4471) width 26: "\x{E2B}\x{E0D}\x{E49}\x{E32}"
      text run at (0,4488) width 9: "\x{E01}\x{E47}"
      text run at (0,4505) width 16: "\x{E44}\x{E21}\x{E48}"
      text run at (0,4522) width 29: "\x{E40}\x{E02}\x{E35}\x{E22}\x{E27}"
      text run at (0,4539) width 34: "\x{E40}\x{E1E}\x{E23}\x{E32}\x{E30}"
      text run at (0,4556) width 24: "\x{E14}\x{E27}\x{E07}"
      text run at (0,4573) width 33: "\x{E15}\x{E30}\x{E27}\x{E31}\x{E19}"
      text run at (0,4590) width 20: "\x{E40}\x{E1C}\x{E32}"
      text run at (0,4607) width 25: "\x{E22}\x{E2D}\x{E14}"
      text run at (0,4624) width 16: "\x{E43}\x{E1A}"
      text run at (0,4641) width 22: "\x{E22}\x{E32}\x{E27}"
      text run at (0,4658) width 21: "\x{E40}\x{E2A}\x{E35}\x{E22}"
      text run at (0,4675) width 18: "\x{E08}\x{E19}"
      text run at (0,4692) width 24: "\x{E40}\x{E1B}\x{E47}\x{E19}"
      text run at (0,4709) width 8: "\x{E2A}\x{E35}"
      text run at (0,4726) width 20: "\x{E40}\x{E17}\x{E32}"
      text run at (0,4743) width 28: "\x{E2B}\x{E21}\x{E48}\x{E19}"
      text run at (0,4760) width 24: "\x{E21}\x{E2D}\x{E07}"
      text run at (0,4777) width 24: "\x{E40}\x{E2B}\x{E47}\x{E19}"
      text run at (0,4794) width 16: "\x{E2D}\x{E22}\x{E39}\x{E48}"
      text run at (0,4811) width 17: "\x{E17}\x{E31}\x{E48}\x{E27}"
      text run at (0,4828) width 16: "\x{E44}\x{E1B}"
      text run at (0,4845) width 23: "\x{E04}\x{E23}\x{E31}\x{E49}\x{E07}"
      text run at (0,4862) width 26: "\x{E2B}\x{E19}\x{E36}\x{E48}\x{E07}"
      text run at (0,4879) width 22: "\x{E40}\x{E04}\x{E22}"
      text run at (0,4896) width 15: "\x{E17}\x{E32}"
      text run at (0,4913) width 8: "\x{E2A}\x{E35}"
      text run at (0,4930) width 25: "\x{E1A}\x{E49}\x{E32}\x{E19}"
      text run at (0,4947) width 19: "\x{E40}\x{E2D}\x{E32}"
      text run at (0,4964) width 15: "\x{E44}\x{E27}\x{E49}"
      text run at (0,4981) width 17: "\x{E41}\x{E15}\x{E48}"
      text run at (0,4998) width 9: "\x{E01}\x{E47}"
      text run at (0,5015) width 17: "\x{E16}\x{E39}\x{E01}"
      text run at (0,5032) width 24: "\x{E14}\x{E27}\x{E07}"
      text run at (0,5049) width 33: "\x{E15}\x{E30}\x{E27}\x{E31}\x{E19}"
      text run at (0,5066) width 20: "\x{E40}\x{E1C}\x{E32}"
      text run at (0,5083) width 21: "\x{E40}\x{E2A}\x{E35}\x{E22}"
      text run at (0,5100) width 18: "\x{E08}\x{E19}"
      text run at (0,5117) width 8: "\x{E2A}\x{E35}"
      text run at (0,5134) width 25: "\x{E1E}\x{E2D}\x{E07}"
      text run at (0,5151) width 24: "\x{E41}\x{E25}\x{E49}\x{E27}"
      text run at (0,5168) width 19: "\x{E1D}\x{E19}"
      text run at (0,5185) width 9: "\x{E01}\x{E47}"
      text run at (0,5202) width 14: "\x{E0A}\x{E30}"
      text run at (0,5219) width 19: "\x{E21}\x{E31}\x{E19}"
      text run at (0,5236) width 26: "\x{E2B}\x{E25}\x{E38}\x{E14}"
      text run at (0,5253) width 16: "\x{E44}\x{E1B}"
      text run at (0,5270) width 18: "\x{E08}\x{E19}"
      text run at (0,5287) width 27: "\x{E2B}\x{E21}\x{E14}"
      text run at (0,5304) width 22: "\x{E41}\x{E25}\x{E30}"
      text run at (0,5321) width 27: "\x{E15}\x{E2D}\x{E19}"
      text run at (0,5338) width 10: "\x{E19}\x{E35}\x{E49}"
      text run at (0,5355) width 25: "\x{E1A}\x{E49}\x{E32}\x{E19}"
      text run at (0,5372) width 15: "\x{E08}\x{E36}\x{E07}"
      text run at (0,5389) width 9: "\x{E14}\x{E39}"
      text run at (0,5406) width 61: "\x{E2B}\x{E21}\x{E48}\x{E19}\x{E2B}\x{E21}\x{E2D}\x{E07}"
      text run at (0,5423) width 24: "\x{E40}\x{E1B}\x{E47}\x{E19}"
      text run at (0,5440) width 8: "\x{E2A}\x{E35}"
      text run at (0,5457) width 20: "\x{E40}\x{E17}\x{E32}"
      text run at (0,5474) width 41: "\x{E40}\x{E2B}\x{E21}\x{E37}\x{E2D}\x{E19}"
      text run at (0,5491) width 15: "\x{E2A}\x{E34}\x{E48}\x{E07}"
      text run at (0,5508) width 18: "\x{E2D}\x{E37}\x{E48}\x{E19}"
      text run at (0,5525) width 7: "\x{E46}"
      text run at (0,5542) width 25: "\x{E14}\x{E49}\x{E27}\x{E22}"
      text run at (0,5559) width 27: "\x{E15}\x{E2D}\x{E19}"
      text run at (0,5576) width 9: "\x{E17}\x{E35}\x{E48}"
      text run at (0,5593) width 15: "\x{E1B}\x{E49}\x{E32}"
      text run at (0,5610) width 22: "\x{E40}\x{E2D}\x{E47}\x{E21}"
      text run at (0,5627) width 22: "\x{E22}\x{E49}\x{E32}\x{E22}"
      text run at (0,5644) width 15: "\x{E21}\x{E32}"
      text run at (0,5661) width 16: "\x{E2D}\x{E22}\x{E39}\x{E48}"
      text run at (0,5678) width 9: "\x{E17}\x{E35}\x{E48}"
      text run at (0,5695) width 10: "\x{E19}\x{E35}\x{E48}"
      text run at (0,5712) width 20: "\x{E40}\x{E18}\x{E2D}"
      text run at (0,5729) width 15: "\x{E22}\x{E31}\x{E07}"
      text run at (0,5746) width 22: "\x{E2A}\x{E32}\x{E27}"
      text run at (0,5763) width 24: "\x{E40}\x{E1B}\x{E47}\x{E19}"
      text run at (0,5780) width 37: "\x{E20}\x{E23}\x{E23}\x{E22}\x{E32}"
      text run at (0,5797) width 9: "\x{E17}\x{E35}\x{E48}"
      text run at (0,5814) width 38: "\x{E07}\x{E14}\x{E07}\x{E32}\x{E21}"
      text run at (0,5831) width 24: "\x{E41}\x{E25}\x{E49}\x{E27}"
      text run at (0,5848) width 26: "\x{E41}\x{E14}\x{E14}"
      text run at (0,5865) width 22: "\x{E41}\x{E25}\x{E30}"
      text run at (0,5882) width 17: "\x{E25}\x{E21}"
      text run at (0,5899) width 9: "\x{E01}\x{E47}"
      text run at (0,5916) width 16: "\x{E44}\x{E14}\x{E49}"
      text run at (0,5933) width 40: "\x{E40}\x{E1B}\x{E25}\x{E35}\x{E48}\x{E22}\x{E19}"
      text run at (0,5950) width 20: "\x{E40}\x{E18}\x{E2D}"
      text run at (0,5967) width 16: "\x{E44}\x{E1B}"
      text run at (0,5984) width 19: "\x{E40}\x{E2D}\x{E32}"
      text run at (0,6001) width 45: "\x{E1B}\x{E23}\x{E30}\x{E01}\x{E32}\x{E22}"
      text run at (0,6018) width 16: "\x{E44}\x{E1B}"
      text run at (0,6035) width 23: "\x{E08}\x{E32}\x{E01}"
      text run at (0,6052) width 39: "\x{E14}\x{E27}\x{E07}\x{E15}\x{E32}"
      text run at (0,6069) width 20: "\x{E40}\x{E18}\x{E2D}"
      text run at (0,6086) width 33: "\x{E1B}\x{E25}\x{E48}\x{E2D}\x{E22}"
      text run at (0,6103) width 15: "\x{E44}\x{E27}\x{E49}"
      text run at (0,6120) width 17: "\x{E41}\x{E15}\x{E48}"
      text run at (0,6137) width 32: "\x{E04}\x{E27}\x{E32}\x{E21}"
      text run at (0,6154) width 25: "\x{E2A}\x{E38}\x{E02}\x{E38}\x{E21}"
      text run at (0,6171) width 29: "\x{E2D}\x{E22}\x{E48}\x{E32}\x{E07}"
      text run at (0,6188) width 61: "\x{E2B}\x{E21}\x{E48}\x{E19}\x{E2B}\x{E21}\x{E2D}\x{E07}"
      text run at (0,6205) width 19: "\x{E40}\x{E2D}\x{E32}"
      text run at (0,6222) width 8: "\x{E2A}\x{E35}"
      text run at (0,6239) width 24: "\x{E41}\x{E14}\x{E07}"
      text run at (0,6256) width 23: "\x{E08}\x{E32}\x{E01}"
      text run at (0,6273) width 26: "\x{E41}\x{E01}\x{E49}\x{E21}"
      text run at (0,6290) width 22: "\x{E41}\x{E25}\x{E30}"
      text run at (0,6307) width 16: "\x{E23}\x{E34}\x{E21}"
      text run at (0,6324) width 33: "\x{E1D}\x{E35}\x{E1B}\x{E32}\x{E01}"
      text run at (0,6341) width 20: "\x{E40}\x{E18}\x{E2D}"
      text run at (0,6358) width 16: "\x{E44}\x{E1B}"
      text run at (0,6375) width 31: "\x{E01}\x{E25}\x{E32}\x{E22}"
      text run at (0,6392) width 24: "\x{E40}\x{E1B}\x{E47}\x{E19}"
      text run at (0,6409) width 8: "\x{E2A}\x{E35}"
      text run at (0,6426) width 28: "\x{E2B}\x{E21}\x{E48}\x{E19}"
      text run at (0,6443) width 7: "\x{E46}"
      text run at (0,6460) width 41: "\x{E40}\x{E2B}\x{E21}\x{E37}\x{E2D}\x{E19}"
      text run at (0,6477) width 19: "\x{E01}\x{E31}\x{E19}"
      text run at (0,6494) width 20: "\x{E40}\x{E18}\x{E2D}"
      text run at (0,6511) width 26: "\x{E1C}\x{E2D}\x{E21}"
      text run at (0,6528) width 22: "\x{E41}\x{E25}\x{E30}"
      text run at (0,6545) width 24: "\x{E2B}\x{E25}\x{E31}\x{E07}"
      text run at (0,6562) width 23: "\x{E42}\x{E04}\x{E49}\x{E07}"
      text run at (0,6579) width 22: "\x{E41}\x{E25}\x{E30}"
      text run at (0,6596) width 30: "\x{E40}\x{E14}\x{E35}\x{E4B}\x{E22}\x{E27}"
      text run at (0,6613) width 10: "\x{E19}\x{E35}\x{E49}"
      text run at (0,6630) width 16: "\x{E44}\x{E21}\x{E48}"
      text run at (0,6647) width 22: "\x{E40}\x{E04}\x{E22}"
      text run at (0,6664) width 17: "\x{E22}\x{E34}\x{E49}\x{E21}"
      text run at (0,6681) width 21: "\x{E40}\x{E25}\x{E22}"
      text run at (0,6698) width 22: "\x{E40}\x{E21}\x{E37}\x{E48}\x{E2D}"
      text run at (0,6715) width 16: "\x{E42}\x{E14}"
      text run at (0,6732) width 21: "\x{E42}\x{E23}\x{E18}\x{E35}"
      text run at (0,6749) width 16: "\x{E0B}\x{E36}\x{E48}\x{E07}"
      text run at (0,6766) width 24: "\x{E40}\x{E1B}\x{E47}\x{E19}"
      text run at (0,6783) width 23: "\x{E40}\x{E14}\x{E47}\x{E01}"
      text run at (0,6800) width 38: "\x{E01}\x{E33}\x{E1E}\x{E23}\x{E49}\x{E32}"
      text run at (0,6817) width 15: "\x{E21}\x{E32}"
      text run at (0,6834) width 16: "\x{E2D}\x{E22}\x{E39}\x{E48}"
      text run at (0,6851) width 18: "\x{E01}\x{E31}\x{E1A}"
      text run at (0,6868) width 20: "\x{E40}\x{E18}\x{E2D}"
      text run at (0,6885) width 27: "\x{E15}\x{E2D}\x{E19}"
      text run at (0,6902) width 24: "\x{E41}\x{E23}\x{E01}"
      text run at (0,6919) width 15: "\x{E1B}\x{E49}\x{E32}"
      text run at (0,6936) width 22: "\x{E40}\x{E2D}\x{E47}\x{E21}"
      text run at (0,6953) width 19: "\x{E15}\x{E37}\x{E48}\x{E19}"
      text run at (0,6970) width 24: "\x{E40}\x{E15}\x{E49}\x{E19}"
      text run at (0,6987) width 18: "\x{E01}\x{E31}\x{E1A}"
      text run at (0,7004) width 28: "\x{E40}\x{E2A}\x{E35}\x{E22}\x{E07}"
      text run at (0,7021) width 41: "\x{E2B}\x{E31}\x{E27}\x{E40}\x{E23}\x{E32}\x{E30}"
      text run at (0,7038) width 23: "\x{E02}\x{E2D}\x{E07}"
      text run at (0,7055) width 23: "\x{E40}\x{E14}\x{E47}\x{E01}"
      text run at (0,7072) width 26: "\x{E19}\x{E49}\x{E2D}\x{E22}"
      text run at (0,7089) width 24: "\x{E21}\x{E32}\x{E01}"
      text run at (0,7106) width 20: "\x{E40}\x{E18}\x{E2D}"
      text run at (0,7123) width 14: "\x{E08}\x{E30}"
      text run at (0,7140) width 15: "\x{E2A}\x{E48}\x{E07}"
      text run at (0,7157) width 28: "\x{E40}\x{E2A}\x{E35}\x{E22}\x{E07}"
      text run at (0,7174) width 22: "\x{E23}\x{E49}\x{E2D}\x{E07}"
      text run at (0,7191) width 24: "\x{E41}\x{E25}\x{E49}\x{E27}"
      text run at (0,7208) width 19: "\x{E40}\x{E2D}\x{E32}"
      text run at (0,7225) width 17: "\x{E21}\x{E37}\x{E2D}"
      text run at (0,7242) width 24: "\x{E17}\x{E32}\x{E1A}"
      text run at (0,7259) width 17: "\x{E2D}\x{E01}"
      text run at (0,7276) width 18: "\x{E17}\x{E38}\x{E01}"
      text run at (0,7293) width 23: "\x{E04}\x{E23}\x{E31}\x{E49}\x{E07}"
      text run at (0,7310) width 9: "\x{E17}\x{E35}\x{E48}"
      text run at (0,7327) width 28: "\x{E40}\x{E2A}\x{E35}\x{E22}\x{E07}"
      text run at (0,7344) width 18: "\x{E2D}\x{E31}\x{E19}"
      text run at (0,7361) width 32: "\x{E23}\x{E48}\x{E32}\x{E40}\x{E23}\x{E34}\x{E07}"
      text run at (0,7378) width 23: "\x{E02}\x{E2D}\x{E07}"
      text run at (0,7395) width 16: "\x{E42}\x{E14}"
      text run at (0,7412) width 21: "\x{E42}\x{E23}\x{E18}\x{E35}"
      text run at (0,7429) width 19: "\x{E40}\x{E02}\x{E49}\x{E32}"
      text run at (0,7446) width 9: "\x{E2B}\x{E39}"
      text run at (0,7463) width 20: "\x{E40}\x{E18}\x{E2D}"
      text run at (0,7480) width 22: "\x{E41}\x{E25}\x{E30}"
      text run at (0,7497) width 20: "\x{E40}\x{E18}\x{E2D}"
      text run at (0,7514) width 20: "\x{E40}\x{E1D}\x{E49}\x{E32}"
      text run at (0,7531) width 24: "\x{E21}\x{E2D}\x{E07}"
      text run at (0,7548) width 23: "\x{E40}\x{E14}\x{E47}\x{E01}"
      text run at (0,7565) width 27: "\x{E2B}\x{E0D}\x{E34}\x{E07}"
      text run at (0,7582) width 26: "\x{E19}\x{E49}\x{E2D}\x{E22}"
      text run at (0,7599) width 7: "\x{E46}"
      text run at (0,7616) width 25: "\x{E14}\x{E49}\x{E27}\x{E22}"
      text run at (0,7633) width 32: "\x{E04}\x{E27}\x{E32}\x{E21}"
      text run at (0,7650) width 54: "\x{E1B}\x{E23}\x{E30}\x{E2B}\x{E25}\x{E32}\x{E14}"
      text run at (0,7667) width 15: "\x{E43}\x{E08}"
      text run at (0,7684) width 25: "\x{E14}\x{E49}\x{E27}\x{E22}"
      text run at (0,7701) width 15: "\x{E22}\x{E31}\x{E07}"
      text run at (0,7718) width 15: "\x{E2B}\x{E32}"
      text run at (0,7735) width 28: "\x{E2D}\x{E30}\x{E44}\x{E23}"
      text run at (0,7752) width 15: "\x{E21}\x{E32}"
      text run at (0,7769) width 24: "\x{E40}\x{E1B}\x{E47}\x{E19}"
      text run at (0,7786) width 27: "\x{E40}\x{E23}\x{E37}\x{E48}\x{E2D}\x{E07}"
      text run at (0,7803) width 41: "\x{E2B}\x{E31}\x{E27}\x{E40}\x{E23}\x{E32}\x{E30}"
      text run at (0,7820) width 16: "\x{E44}\x{E14}\x{E49}"
      text run at (0,7837) width 15: "\x{E25}\x{E38}\x{E07}"
      text run at (0,7854) width 13: "\x{E40}\x{E2E}"
      text run at (0,7871) width 17: "\x{E19}\x{E23}\x{E35}"
      text run at (0,7888) width 16: "\x{E44}\x{E21}\x{E48}"
      text run at (0,7905) width 22: "\x{E40}\x{E04}\x{E22}"
      text run at (0,7922) width 41: "\x{E2B}\x{E31}\x{E27}\x{E40}\x{E23}\x{E32}\x{E30}"
      text run at (0,7939) width 15: "\x{E25}\x{E38}\x{E07}"
      text run at (0,7956) width 38: "\x{E17}\x{E33}\x{E07}\x{E32}\x{E19}"
      text run at (0,7973) width 28: "\x{E2B}\x{E19}\x{E31}\x{E01}"
      text run at (0,7990) width 23: "\x{E08}\x{E32}\x{E01}"
      text run at (0,8007) width 19: "\x{E40}\x{E0A}\x{E49}\x{E32}"
      text run at (0,8024) width 18: "\x{E22}\x{E31}\x{E19}"
      text run at (0,8041) width 15: "\x{E04}\x{E48}\x{E33}"
      text run at (0,8058) width 22: "\x{E41}\x{E25}\x{E30}"
      text run at (0,8075) width 16: "\x{E44}\x{E21}\x{E48}"
      text run at (0,8092) width 22: "\x{E40}\x{E04}\x{E22}"
      text run at (0,8109) width 24: "\x{E23}\x{E39}\x{E49}\x{E08}\x{E31}\x{E01}"
      text run at (0,8126) width 14: "\x{E27}\x{E48}\x{E32}"
      text run at (0,8143) width 32: "\x{E04}\x{E27}\x{E32}\x{E21}"
      text run at (0,8160) width 32: "\x{E23}\x{E48}\x{E32}\x{E40}\x{E23}\x{E34}\x{E07}"
      text run at (0,8177) width 17: "\x{E04}\x{E37}\x{E2D}"
      text run at (0,8194) width 28: "\x{E2D}\x{E30}\x{E44}\x{E23}"
      text run at (0,8211) width 15: "\x{E25}\x{E38}\x{E07}"
      text run at (0,8228) width 9: "\x{E14}\x{E39}"
      text run at (0,8245) width 61: "\x{E2B}\x{E21}\x{E48}\x{E19}\x{E2B}\x{E21}\x{E2D}\x{E07}"
      text run at (0,8262) width 16: "\x{E44}\x{E1B}"
      text run at (0,8279) width 27: "\x{E2B}\x{E21}\x{E14}"
      text run at (0,8296) width 16: "\x{E15}\x{E31}\x{E49}\x{E07}"
      text run at (0,8313) width 17: "\x{E41}\x{E15}\x{E48}"
      text run at (0,8330) width 27: "\x{E40}\x{E04}\x{E23}\x{E32}"
      text run at (0,8347) width 22: "\x{E22}\x{E32}\x{E27}"
      text run at (0,8364) width 18: "\x{E08}\x{E19}"
      text run at (0,8381) width 17: "\x{E08}\x{E14}"
      text run at (0,8398) width 42: "\x{E23}\x{E2D}\x{E07}\x{E40}\x{E17}\x{E49}\x{E32}"
      text run at (0,8415) width 18: "\x{E1A}\x{E39}\x{E15}"
      text run at (0,8432) width 18: "\x{E2D}\x{E31}\x{E19}"
      text run at (0,8449) width 32: "\x{E2B}\x{E22}\x{E32}\x{E1A}"
      text run at (0,8466) width 24: "\x{E41}\x{E25}\x{E49}\x{E27}"
      text run at (0,8483) width 15: "\x{E25}\x{E38}\x{E07}"
      text run at (0,8500) width 9: "\x{E01}\x{E47}"
      text run at (0,8517) width 9: "\x{E14}\x{E39}"
      text run at (0,8534) width 52: "\x{E40}\x{E04}\x{E23}\x{E48}\x{E07}\x{E02}\x{E23}\x{E36}\x{E21}"
      text run at (0,8551) width 16: "\x{E19}\x{E48}\x{E32}"
      text run at (0,8568) width 28: "\x{E40}\x{E01}\x{E23}\x{E07}"
      text run at (0,8585) width 23: "\x{E02}\x{E32}\x{E21}"
      text run at (0,8602) width 16: "\x{E44}\x{E21}\x{E48}"
      text run at (0,8619) width 25: "\x{E04}\x{E48}\x{E2D}\x{E22}"
      text run at (0,8636) width 14: "\x{E08}\x{E30}"
      text run at (0,8653) width 19: "\x{E1E}\x{E39}\x{E14}"
      text run at (0,8670) width 9: "\x{E21}\x{E35}"
      text run at (0,8687) width 16: "\x{E42}\x{E15}"
      text run at (0,8704) width 16: "\x{E42}\x{E15}\x{E49}"
      text run at (0,8721) width 9: "\x{E17}\x{E35}\x{E48}"
      text run at (0,8738) width 15: "\x{E17}\x{E33}"
      text run at (0,8755) width 16: "\x{E43}\x{E2B}\x{E49}"
      text run at (0,8772) width 16: "\x{E42}\x{E14}"
      text run at (0,8789) width 21: "\x{E42}\x{E23}\x{E18}\x{E35}"
      text run at (0,8806) width 41: "\x{E2B}\x{E31}\x{E27}\x{E40}\x{E23}\x{E32}\x{E30}"
      text run at (0,8823) width 16: "\x{E44}\x{E14}\x{E49}"
      text run at (0,8840) width 22: "\x{E41}\x{E25}\x{E30}"
      text run at (0,8857) width 24: "\x{E0A}\x{E48}\x{E27}\x{E22}"
      text run at (0,8874) width 20: "\x{E40}\x{E18}\x{E2D}"
      text run at (0,8891) width 16: "\x{E43}\x{E2B}\x{E49}"
      text run at (0,8908) width 20: "\x{E1E}\x{E49}\x{E19}"
      text run at (0,8925) width 23: "\x{E08}\x{E32}\x{E01}"
      text run at (0,8942) width 22: "\x{E01}\x{E32}\x{E23}"
      text run at (0,8959) width 31: "\x{E01}\x{E25}\x{E32}\x{E22}"
      text run at (0,8976) width 24: "\x{E40}\x{E1B}\x{E47}\x{E19}"
      text run at (0,8993) width 8: "\x{E2A}\x{E35}"
      text run at (0,9010) width 20: "\x{E40}\x{E17}\x{E32}"
      text run at (0,9027) width 28: "\x{E2B}\x{E21}\x{E48}\x{E19}"
      text run at (0,9044) width 41: "\x{E40}\x{E2B}\x{E21}\x{E37}\x{E2D}\x{E19}"
      text run at (0,9061) width 18: "\x{E01}\x{E31}\x{E1A}"
      text run at (0,9078) width 15: "\x{E2A}\x{E34}\x{E48}\x{E07}"
      text run at (0,9095) width 24: "\x{E23}\x{E2D}\x{E1A}"
      text run at (0,9112) width 17: "\x{E15}\x{E31}\x{E27}"
      text run at (0,9129) width 18: "\x{E2D}\x{E37}\x{E48}\x{E19}"
      text run at (0,9146) width 7: "\x{E46}"
      text run at (0,9163) width 16: "\x{E42}\x{E15}"
      text run at (0,9180) width 16: "\x{E42}\x{E15}\x{E49}"
      text run at (0,9197) width 8: "\x{E2A}\x{E35}"
      text run at (0,9214) width 16: "\x{E44}\x{E21}\x{E48}"
      text run at (0,9231) width 20: "\x{E40}\x{E17}\x{E32}"
      text run at (0,9248) width 28: "\x{E2B}\x{E21}\x{E48}\x{E19}"
      text run at (0,9265) width 17: "\x{E41}\x{E15}\x{E48}"
      text run at (0,9282) width 19: "\x{E21}\x{E31}\x{E19}"
      text run at (0,9299) width 24: "\x{E40}\x{E1B}\x{E47}\x{E19}"
      text run at (0,9316) width 24: "\x{E2B}\x{E21}\x{E32}"
      text run at (0,9333) width 8: "\x{E2A}\x{E35}"
      text run at (0,9350) width 15: "\x{E14}\x{E33}"
      text run at (0,9367) width 17: "\x{E15}\x{E31}\x{E27}"
      text run at (0,9384) width 26: "\x{E19}\x{E49}\x{E2D}\x{E22}"
      text run at (0,9401) width 7: "\x{E46}"
      text run at (0,9418) width 18: "\x{E02}\x{E19}"
      text run at (0,9435) width 22: "\x{E22}\x{E32}\x{E27}"
      text run at (0,9452) width 17: "\x{E1B}\x{E38}\x{E22}"
      text run at (0,9469) width 21: "\x{E23}\x{E32}\x{E27}"
      text run at (0,9486) width 18: "\x{E01}\x{E31}\x{E1A}"
      text run at (0,9503) width 25: "\x{E44}\x{E2B}\x{E21}"
      text run at (0,9520) width 9: "\x{E21}\x{E35}"
      text run at (0,9537) width 15: "\x{E15}\x{E32}"
      text run at (0,9554) width 15: "\x{E14}\x{E33}"
      text run at (0,9571) width 22: "\x{E40}\x{E25}\x{E47}\x{E01}"
      text run at (0,9588) width 24: "\x{E40}\x{E1B}\x{E47}\x{E19}"
      text run at (0,9605) width 45: "\x{E1B}\x{E23}\x{E30}\x{E01}\x{E32}\x{E22}"
      text run at (0,9622) width 36: "\x{E23}\x{E37}\x{E48}\x{E19}\x{E40}\x{E23}\x{E34}\x{E07}"
      text run at (0,9639) width 16: "\x{E2D}\x{E22}\x{E39}\x{E48}"
      text run at (0,9656) width 23: "\x{E2A}\x{E2D}\x{E07}"
      text run at (0,9673) width 21: "\x{E02}\x{E49}\x{E32}\x{E07}"
      text run at (0,9690) width 26: "\x{E08}\x{E21}\x{E39}\x{E01}"
      text run at (0,9707) width 22: "\x{E40}\x{E25}\x{E47}\x{E01}"
      text run at (0,9724) width 18: "\x{E2D}\x{E31}\x{E19}"
      text run at (0,9741) width 16: "\x{E19}\x{E48}\x{E32}"
      text run at (0,9758) width 18: "\x{E02}\x{E31}\x{E19}"
      text run at (0,9775) width 23: "\x{E02}\x{E2D}\x{E07}"
      text run at (0,9792) width 19: "\x{E21}\x{E31}\x{E19}"
      text run at (0,9809) width 16: "\x{E42}\x{E15}"
      text run at (0,9826) width 16: "\x{E42}\x{E15}\x{E49}"
      text run at (0,9843) width 23: "\x{E40}\x{E25}\x{E48}\x{E19}"
      text run at (0,9860) width 16: "\x{E17}\x{E31}\x{E49}\x{E07}"
      text run at (0,9877) width 18: "\x{E27}\x{E31}\x{E19}"
      text run at (0,9894) width 22: "\x{E41}\x{E25}\x{E30}"
      text run at (0,9911) width 16: "\x{E42}\x{E14}"
      text run at (0,9928) width 21: "\x{E42}\x{E23}\x{E18}\x{E35}"
      text run at (0,9945) width 9: "\x{E01}\x{E47}"
      text run at (0,9962) width 23: "\x{E40}\x{E25}\x{E48}\x{E19}"
      text run at (0,9979) width 18: "\x{E01}\x{E31}\x{E1A}"
      text run at (0,9996) width 19: "\x{E21}\x{E31}\x{E19}"
      text run at (0,10013) width 22: "\x{E41}\x{E25}\x{E30}"
      text run at (0,10030) width 16: "\x{E23}\x{E31}\x{E01}"
      text run at (0,10047) width 19: "\x{E21}\x{E31}\x{E19}"
      text run at (0,10064) width 30: "\x{E40}\x{E2B}\x{E25}\x{E37}\x{E2D}"
      text run at (0,10081) width 24: "\x{E40}\x{E01}\x{E34}\x{E19}"
      text run at (0,10098) width 42: "\x{E2D}\x{E22}\x{E48}\x{E32}\x{E07}\x{E44}\x{E23}"
      text run at (0,10115) width 9: "\x{E01}\x{E47}"
      text run at (0,10132) width 24: "\x{E15}\x{E32}\x{E21}"
      text run at (0,10149) width 18: "\x{E27}\x{E31}\x{E19}"
      text run at (0,10166) width 10: "\x{E19}\x{E35}\x{E49}"
      text run at (0,10183) width 16: "\x{E17}\x{E31}\x{E49}\x{E07}"
      text run at (0,10200) width 9: "\x{E04}\x{E39}\x{E48}"
      text run at (0,10217) width 16: "\x{E44}\x{E21}\x{E48}"
      text run at (0,10234) width 16: "\x{E44}\x{E14}\x{E49}"
      text run at (0,10251) width 23: "\x{E40}\x{E25}\x{E48}\x{E19}"
      text run at (0,10268) width 15: "\x{E25}\x{E38}\x{E07}"
      text run at (0,10285) width 13: "\x{E40}\x{E2E}"
      text run at (0,10302) width 17: "\x{E19}\x{E23}\x{E35}"
      text run at (0,10319) width 17: "\x{E19}\x{E31}\x{E48}\x{E07}"
      text run at (0,10336) width 16: "\x{E2D}\x{E22}\x{E39}\x{E48}"
      text run at (0,10353) width 9: "\x{E17}\x{E35}\x{E48}"
      text run at (0,10370) width 34: "\x{E1A}\x{E31}\x{E19}\x{E44}\x{E14}"
      text run at (0,10387) width 31: "\x{E1B}\x{E23}\x{E30}\x{E15}\x{E39}"
      text run at (0,10404) width 22: "\x{E41}\x{E25}\x{E30}"
      text run at (0,10421) width 20: "\x{E40}\x{E1D}\x{E49}\x{E32}"
      text run at (0,10438) width 32: "\x{E01}\x{E31}\x{E07}\x{E27}\x{E25}"
      text run at (0,10455) width 23: "\x{E08}\x{E49}\x{E2D}\x{E07}"
      text run at (0,10472) width 9: "\x{E14}\x{E39}"
      text run at (0,10489) width 24: "\x{E17}\x{E49}\x{E2D}\x{E07}"
      text run at (0,10506) width 16: "\x{E1F}\x{E49}\x{E32}"
      text run at (0,10523) width 8: "\x{E2A}\x{E35}"
      text run at (0,10540) width 20: "\x{E40}\x{E17}\x{E32}"
      text run at (0,10557) width 28: "\x{E2B}\x{E21}\x{E48}\x{E19}"
      text run at (0,10574) width 18: "\x{E1C}\x{E34}\x{E14}"
      text run at (0,10591) width 27: "\x{E1B}\x{E01}\x{E15}\x{E34}"
      text run at (0,10608) width 16: "\x{E42}\x{E14}"
      text run at (0,10625) width 21: "\x{E42}\x{E23}\x{E18}\x{E35}"
      text run at (0,10642) width 18: "\x{E22}\x{E37}\x{E19}"
      text run at (0,10659) width 9: "\x{E17}\x{E35}\x{E48}"
      text run at (0,10676) width 31: "\x{E1B}\x{E23}\x{E30}\x{E15}\x{E39}"
      text run at (0,10693) width 26: "\x{E01}\x{E2D}\x{E14}"
      text run at (0,10710) width 16: "\x{E42}\x{E15}"
      text run at (0,10727) width 16: "\x{E42}\x{E15}\x{E49}"
      text run at (0,10744) width 15: "\x{E44}\x{E27}\x{E49}"
      text run at (0,10761) width 17: "\x{E43}\x{E19}"
      text run at (0,10778) width 25: "\x{E2D}\x{E49}\x{E2D}\x{E21}"
      text run at (0,10795) width 26: "\x{E41}\x{E02}\x{E19}"
      text run at (0,10812) width 22: "\x{E41}\x{E25}\x{E30}"
      text run at (0,10829) width 9: "\x{E01}\x{E47}"
      text run at (0,10846) width 24: "\x{E21}\x{E2D}\x{E07}"
      text run at (0,10863) width 9: "\x{E14}\x{E39}"
      text run at (0,10880) width 24: "\x{E17}\x{E49}\x{E2D}\x{E07}"
      text run at (0,10897) width 16: "\x{E1F}\x{E49}\x{E32}"
      text run at (0,10914) width 16: "\x{E2D}\x{E22}\x{E39}\x{E48}"
      text run at (0,10931) width 41: "\x{E40}\x{E2B}\x{E21}\x{E37}\x{E2D}\x{E19}"
      text run at (0,10948) width 19: "\x{E01}\x{E31}\x{E19}"
      text run at (0,10965) width 15: "\x{E1B}\x{E49}\x{E32}"
      text run at (0,10982) width 22: "\x{E40}\x{E2D}\x{E47}\x{E21}"
      text run at (0,10999) width 30: "\x{E01}\x{E33}\x{E25}\x{E31}\x{E07}"
      text run at (0,11016) width 21: "\x{E25}\x{E49}\x{E32}\x{E07}"
      text run at (0,11033) width 23: "\x{E0A}\x{E32}\x{E21}"
      text run at (0,11050) width 16: "\x{E2D}\x{E22}\x{E39}\x{E48}"
      text run at (0,11067) width 23: "\x{E08}\x{E32}\x{E01}"
      text run at (0,11084) width 25: "\x{E14}\x{E49}\x{E32}\x{E19}"
      text run at (0,11101) width 32: "\x{E40}\x{E2B}\x{E19}\x{E37}\x{E2D}"
      text run at (0,11118) width 24: "\x{E44}\x{E01}\x{E25}"
      text run at (0,11135) width 25: "\x{E2D}\x{E2D}\x{E01}"
      text run at (0,11152) width 16: "\x{E44}\x{E1B}"
      text run at (0,11169) width 9: "\x{E21}\x{E35}"
      text run at (0,11186) width 28: "\x{E40}\x{E2A}\x{E35}\x{E22}\x{E07}"
      text run at (0,11203) width 17: "\x{E25}\x{E21}"
      text run at (0,11220) width 29: "\x{E04}\x{E23}\x{E32}\x{E07}"
      text run at (0,11237) width 25: "\x{E41}\x{E1C}\x{E48}\x{E27}"
      text run at (0,11254) width 20: "\x{E40}\x{E1A}\x{E32}"
      text run at (0,11271) width 34: "\x{E44}\x{E14}\x{E49}\x{E22}\x{E34}\x{E19}"
      text run at (0,11288) width 15: "\x{E21}\x{E32}"
      text run at (0,11305) width 15: "\x{E25}\x{E38}\x{E07}"
      text run at (0,11322) width 13: "\x{E40}\x{E2E}"
      text run at (0,11339) width 17: "\x{E19}\x{E23}\x{E35}"
      text run at (0,11356) width 22: "\x{E41}\x{E25}\x{E30}"
      text run at (0,11373) width 16: "\x{E42}\x{E14}"
      text run at (0,11390) width 21: "\x{E42}\x{E23}\x{E18}\x{E35}"
      text run at (0,11407) width 24: "\x{E40}\x{E2B}\x{E47}\x{E19}"
      text run at (0,11424) width 19: "\x{E15}\x{E49}\x{E19}"
      text run at (0,11441) width 26: "\x{E2B}\x{E0D}\x{E49}\x{E32}"
      text run at (0,11458) width 15: "\x{E2A}\x{E39}\x{E07}"
      text run at (0,11475) width 23: "\x{E40}\x{E2D}\x{E19}"
      text run at (0,11492) width 24: "\x{E40}\x{E1B}\x{E47}\x{E19}"
      text run at (0,11509) width 27: "\x{E04}\x{E25}\x{E37}\x{E48}\x{E19}"
      text run at (0,11526) width 27: "\x{E01}\x{E48}\x{E2D}\x{E19}"
      text run at (0,11543) width 9: "\x{E17}\x{E35}\x{E48}"
      text run at (0,11560) width 24: "\x{E1E}\x{E32}\x{E22}\x{E38}"
      text run at (0,11577) width 14: "\x{E08}\x{E30}"
      text run at (0,11594) width 15: "\x{E21}\x{E32}"
      text run at (0,11611) width 15: "\x{E16}\x{E36}\x{E07}"
      text run at (0,11628) width 24: "\x{E41}\x{E25}\x{E49}\x{E27}"
      text run at (0,11645) width 9: "\x{E01}\x{E47}"
      text run at (0,11662) width 9: "\x{E21}\x{E35}"
      text run at (0,11679) width 28: "\x{E40}\x{E2A}\x{E35}\x{E22}\x{E07}"
      text run at (0,11696) width 26: "\x{E2B}\x{E27}\x{E35}\x{E14}"
      text run at (0,11713) width 25: "\x{E2B}\x{E27}\x{E34}\x{E27}"
      text run at (0,11730) width 40: "\x{E0A}\x{E31}\x{E14}\x{E40}\x{E08}\x{E19}"
      text run at (0,11747) width 15: "\x{E21}\x{E32}"
      text run at (0,11764) width 23: "\x{E08}\x{E32}\x{E01}"
      text run at (0,11781) width 61: "\x{E1A}\x{E23}\x{E23}\x{E22}\x{E32}\x{E01}\x{E32}\x{E28}"
      text run at (0,11798) width 22: "\x{E17}\x{E32}\x{E07}"
      text run at (0,11815) width 16: "\x{E43}\x{E15}\x{E49}"
      text run at (0,11832) width 22: "\x{E41}\x{E25}\x{E30}"
      text run at (0,11849) width 22: "\x{E40}\x{E21}\x{E37}\x{E48}\x{E2D}"
      text run at (0,11866) width 39: "\x{E40}\x{E2B}\x{E25}\x{E37}\x{E2D}\x{E1A}"
      text run at (0,11883) width 15: "\x{E15}\x{E32}"
      text run at (0,11900) width 16: "\x{E44}\x{E1B}"
      text run at (0,11917) width 22: "\x{E17}\x{E32}\x{E07}"
      text run at (0,11934) width 25: "\x{E14}\x{E49}\x{E32}\x{E19}"
      text run at (0,11951) width 20: "\x{E19}\x{E31}\x{E49}\x{E19}"
      text run at (0,11968) width 9: "\x{E01}\x{E47}"
      text run at (0,11985) width 24: "\x{E40}\x{E2B}\x{E47}\x{E19}"
      text run at (0,12002) width 27: "\x{E04}\x{E25}\x{E37}\x{E48}\x{E19}"
      text run at (0,12019) width 26: "\x{E2B}\x{E0D}\x{E49}\x{E32}"
      text run at (0,12036) width 15: "\x{E21}\x{E32}"
      text run at (0,12053) width 22: "\x{E17}\x{E32}\x{E07}"
      text run at (0,12070) width 25: "\x{E14}\x{E49}\x{E32}\x{E19}"
      text run at (0,12087) width 20: "\x{E19}\x{E31}\x{E49}\x{E19}"
      text run at (0,12104) width 25: "\x{E14}\x{E49}\x{E27}\x{E22}"
      text run at (0,12121) width 15: "\x{E25}\x{E38}\x{E07}"
      text run at (0,12138) width 13: "\x{E40}\x{E2E}"
      text run at (0,12155) width 17: "\x{E19}\x{E23}\x{E35}"
      text run at (0,12172) width 18: "\x{E1C}\x{E38}\x{E14}"
      text run at (0,12189) width 17: "\x{E25}\x{E38}\x{E01}"
      text run at (0,12206) width 18: "\x{E02}\x{E36}\x{E49}\x{E19}"
      text run at (0,12223) width 19: "\x{E17}\x{E31}\x{E19}"
      text run at (0,12240) width 16: "\x{E43}\x{E14}"
      text run at (0,12257) width 7: "\""
      text run at (0,12274) width 17: "\x{E25}\x{E21}"
      text run at (0,12291) width 49: "\x{E44}\x{E0B}\x{E42}\x{E04}\x{E25}\x{E19}"
      text run at (0,12308) width 15: "\x{E21}\x{E32}"
      text run at (0,12325) width 22: "\x{E40}\x{E2D}\x{E47}\x{E21}"
      text run at (0,12342) width 7: "\""
      text run at (0,12359) width 15: "\x{E25}\x{E38}\x{E07}"
      text run at (0,12376) width 22: "\x{E23}\x{E49}\x{E2D}\x{E07}"
      text run at (0,12393) width 26: "\x{E1A}\x{E2D}\x{E01}"
      text run at (0,12410) width 37: "\x{E20}\x{E23}\x{E23}\x{E22}\x{E32}"
      text run at (0,12427) width 7: "\""
      text run at (0,12444) width 14: "\x{E02}\x{E49}\x{E32}"
      text run at (0,12461) width 14: "\x{E08}\x{E30}"
      text run at (0,12478) width 16: "\x{E44}\x{E1B}"
      text run at (0,12495) width 9: "\x{E14}\x{E39}"
      text run at (0,12512) width 25: "\x{E2A}\x{E31}\x{E15}\x{E27}\x{E4C}"
      text run at (0,12529) width 28: "\x{E40}\x{E25}\x{E35}\x{E49}\x{E22}\x{E07}"
      text run at (0,12546) width 35: "\x{E2B}\x{E19}\x{E48}\x{E2D}\x{E22}"
      text run at (0,12563) width 7: "\""
      text run at (0,12580) width 24: "\x{E41}\x{E25}\x{E49}\x{E27}"
      text run at (0,12597) width 15: "\x{E25}\x{E38}\x{E07}"
      text run at (0,12614) width 9: "\x{E01}\x{E47}"
      text run at (0,12631) width 15: "\x{E27}\x{E34}\x{E48}\x{E07}"
      text run at (0,12648) width 16: "\x{E44}\x{E1B}"
      text run at (0,12665) width 15: "\x{E22}\x{E31}\x{E07}"
      text run at (0,12682) width 22: "\x{E40}\x{E1E}\x{E34}\x{E07}"
      text run at (0,12699) width 9: "\x{E17}\x{E35}\x{E48}"
      text run at (0,12716) width 16: "\x{E27}\x{E31}\x{E27}"
      text run at (0,12733) width 22: "\x{E41}\x{E25}\x{E30}"
      text run at (0,12750) width 15: "\x{E21}\x{E49}\x{E32}"
      text run at (0,12767) width 31: "\x{E2D}\x{E32}\x{E28}\x{E31}\x{E22}"
      text run at (0,12784) width 16: "\x{E2D}\x{E22}\x{E39}\x{E48}"
      text run at (0,12801) width 15: "\x{E1B}\x{E49}\x{E32}"
      text run at (0,12818) width 22: "\x{E40}\x{E2D}\x{E47}\x{E21}"
      text run at (0,12835) width 26: "\x{E2B}\x{E22}\x{E38}\x{E14}"
      text run at (0,12852) width 38: "\x{E17}\x{E33}\x{E07}\x{E32}\x{E19}"
      text run at (0,12869) width 22: "\x{E41}\x{E25}\x{E30}"
      text run at (0,12886) width 15: "\x{E21}\x{E32}"
      text run at (0,12903) width 9: "\x{E17}\x{E35}\x{E48}"
      text run at (0,12920) width 31: "\x{E1B}\x{E23}\x{E30}\x{E15}\x{E39}"
      text run at (0,12937) width 30: "\x{E40}\x{E1E}\x{E35}\x{E22}\x{E07}"
      text run at (0,12954) width 37: "\x{E0A}\x{E32}\x{E22}\x{E15}\x{E32}"
      text run at (0,12971) width 24: "\x{E21}\x{E2D}\x{E07}"
      text run at (0,12988) width 15: "\x{E1B}\x{E49}\x{E32}"
      text run at (0,13005) width 9: "\x{E01}\x{E47}"
      text run at (0,13022) width 26: "\x{E1A}\x{E2D}\x{E01}"
      text run at (0,13039) width 16: "\x{E44}\x{E14}\x{E49}"
      text run at (0,13056) width 14: "\x{E27}\x{E48}\x{E32}"
      text run at (0,13073) width 48: "\x{E2D}\x{E31}\x{E19}\x{E15}\x{E23}\x{E32}\x{E22}"
      text run at (0,13090) width 15: "\x{E21}\x{E32}"
      text run at (0,13107) width 15: "\x{E16}\x{E36}\x{E07}"
      text run at (0,13124) width 24: "\x{E41}\x{E25}\x{E49}\x{E27}"
      text run at (0,13141) width 7: "\""
      text run at (0,13158) width 20: "\x{E40}\x{E23}\x{E47}\x{E27}"
      text run at (0,13175) width 16: "\x{E42}\x{E14}"
      text run at (0,13192) width 21: "\x{E42}\x{E23}\x{E18}\x{E35}"
      text run at (0,13209) width 5: "!"
      text run at (0,13226) width 7: "\""
      text run at (0,13243) width 15: "\x{E1B}\x{E49}\x{E32}"
      text run at (0,13260) width 41: "\x{E15}\x{E30}\x{E42}\x{E01}\x{E19}"
      text run at (0,13277) width 7: "\""
      text run at (0,13294) width 15: "\x{E27}\x{E34}\x{E48}\x{E07}"
      text run at (0,13311) width 16: "\x{E44}\x{E1B}"
      text run at (0,13328) width 24: "\x{E2B}\x{E49}\x{E2D}\x{E07}"
      text run at (0,13345) width 34: "\x{E43}\x{E15}\x{E49}\x{E16}\x{E38}\x{E19}"
      text run at (0,13362) width 7: "\""
      text run at (0,13379) width 16: "\x{E42}\x{E15}"
      text run at (0,13396) width 16: "\x{E42}\x{E15}\x{E49}"
      text run at (0,13413) width 27: "\x{E1C}\x{E25}\x{E38}\x{E19}"
      text run at (0,13430) width 47: "\x{E01}\x{E23}\x{E30}\x{E42}\x{E14}\x{E14}"
      text run at (0,13447) width 15: "\x{E25}\x{E07}"
      text run at (0,13464) width 23: "\x{E08}\x{E32}\x{E01}"
      text run at (0,13481) width 25: "\x{E2D}\x{E49}\x{E2D}\x{E21}"
      text run at (0,13498) width 26: "\x{E41}\x{E02}\x{E19}"
      text run at (0,13515) width 16: "\x{E42}\x{E14}"
      text run at (0,13532) width 21: "\x{E42}\x{E23}\x{E18}\x{E35}"
      text run at (0,13549) width 24: "\x{E41}\x{E25}\x{E49}\x{E27}"
      text run at (0,13566) width 19: "\x{E40}\x{E02}\x{E49}\x{E32}"
      text run at (0,13583) width 16: "\x{E44}\x{E1B}"
      text run at (0,13600) width 27: "\x{E0B}\x{E48}\x{E2D}\x{E19}"
      text run at (0,13617) width 16: "\x{E2D}\x{E22}\x{E39}\x{E48}"
      text run at (0,13634) width 16: "\x{E43}\x{E15}\x{E49}"
      text run at (0,13651) width 29: "\x{E40}\x{E15}\x{E35}\x{E22}\x{E07}"
      text run at (0,13668) width 23: "\x{E40}\x{E14}\x{E47}\x{E01}"
      text run at (0,13685) width 27: "\x{E2B}\x{E0D}\x{E34}\x{E07}"
      text run at (0,13702) width 26: "\x{E19}\x{E49}\x{E2D}\x{E22}"
      text run at (0,13719) width 19: "\x{E40}\x{E02}\x{E49}\x{E32}"
      text run at (0,13736) width 16: "\x{E44}\x{E1B}"
      text run at (0,13753) width 16: "\x{E14}\x{E36}\x{E07}"
      text run at (0,13770) width 19: "\x{E21}\x{E31}\x{E19}"
      text run at (0,13787) width 25: "\x{E2D}\x{E2D}\x{E01}"
      text run at (0,13804) width 15: "\x{E21}\x{E32}"
      text run at (0,13821) width 15: "\x{E1B}\x{E49}\x{E32}"
      text run at (0,13838) width 22: "\x{E40}\x{E2D}\x{E47}\x{E21}"
      text run at (0,13855) width 45: "\x{E01}\x{E23}\x{E30}\x{E0A}\x{E32}\x{E01}"
      text run at (0,13872) width 15: "\x{E1D}\x{E32}"
      text run at (0,13889) width 9: "\x{E17}\x{E35}\x{E48}"
      text run at (0,13906) width 20: "\x{E1E}\x{E37}\x{E49}\x{E19}"
      text run at (0,13923) width 25: "\x{E2D}\x{E2D}\x{E01}"
      text run at (0,13940) width 29: "\x{E2D}\x{E22}\x{E48}\x{E32}\x{E07}"
      text run at (0,13957) width 17: "\x{E2D}\x{E01}"
      text run at (0,13974) width 18: "\x{E2A}\x{E31}\x{E48}\x{E19}"
      text run at (0,13991) width 27: "\x{E02}\x{E27}\x{E31}\x{E0D}"
      text run at (0,14008) width 23: "\x{E2B}\x{E32}\x{E22}"
      text run at (0,14025) width 19: "\x{E1B}\x{E35}\x{E19}"
      text run at (0,14042) width 34: "\x{E1A}\x{E31}\x{E19}\x{E44}\x{E14}"
      text run at (0,14059) width 16: "\x{E44}\x{E21}\x{E49}"
      text run at (0,14076) width 15: "\x{E25}\x{E07}"
      text run at (0,14093) width 16: "\x{E44}\x{E1B}"
      text run at (0,14110) width 17: "\x{E43}\x{E19}"
      text run at (0,14127) width 31: "\x{E42}\x{E1E}\x{E23}\x{E07}"
      text run at (0,14144) width 22: "\x{E40}\x{E25}\x{E47}\x{E01}"
      text run at (0,14161) width 18: "\x{E2D}\x{E31}\x{E19}"
      text run at (0,14178) width 18: "\x{E21}\x{E37}\x{E14}"
      text run at (0,14195) width 18: "\x{E17}\x{E36}\x{E1A}"
      text run at (0,14212) width 16: "\x{E42}\x{E14}"
      text run at (0,14229) width 21: "\x{E42}\x{E23}\x{E18}\x{E35}"
      text run at (0,14246) width 17: "\x{E08}\x{E31}\x{E1A}"
      text run at (0,14263) width 16: "\x{E42}\x{E15}"
      text run at (0,14280) width 16: "\x{E42}\x{E15}\x{E49}"
      text run at (0,14297) width 16: "\x{E44}\x{E14}\x{E49}"
      text run at (0,14314) width 17: "\x{E43}\x{E19}"
      text run at (0,14331) width 9: "\x{E17}\x{E35}\x{E48}"
      text run at (0,14348) width 17: "\x{E2A}\x{E38}\x{E14}"
      text run at (0,14365) width 22: "\x{E41}\x{E25}\x{E30}"
      text run at (0,14382) width 15: "\x{E27}\x{E34}\x{E48}\x{E07}"
      text run at (0,14399) width 24: "\x{E15}\x{E32}\x{E21}"
      text run at (0,14416) width 15: "\x{E1B}\x{E49}\x{E32}"
      text run at (0,14433) width 20: "\x{E40}\x{E18}\x{E2D}"
      text run at (0,14450) width 16: "\x{E44}\x{E1B}"
      text run at (0,14467) width 22: "\x{E40}\x{E21}\x{E37}\x{E48}\x{E2D}"
      text run at (0,14484) width 20: "\x{E40}\x{E18}\x{E2D}"
      text run at (0,14501) width 15: "\x{E21}\x{E32}"
      text run at (0,14518) width 16: "\x{E44}\x{E14}\x{E49}"
      text run at (0,14535) width 23: "\x{E04}\x{E23}\x{E36}\x{E48}\x{E07}"
      text run at (0,14552) width 24: "\x{E2B}\x{E49}\x{E2D}\x{E07}"
      text run at (0,14569) width 9: "\x{E01}\x{E47}"
      text run at (0,14586) width 9: "\x{E21}\x{E35}"
      text run at (0,14603) width 28: "\x{E40}\x{E2A}\x{E35}\x{E22}\x{E07}"
      text run at (0,14620) width 26: "\x{E2B}\x{E27}\x{E35}\x{E14}"
      text run at (0,14637) width 25: "\x{E2B}\x{E27}\x{E37}\x{E2D}"
      text run at (0,14654) width 26: "\x{E2A}\x{E48}\x{E27}\x{E19}"
      text run at (0,14671) width 25: "\x{E1A}\x{E49}\x{E32}\x{E19}"
      text run at (0,14688) width 9: "\x{E01}\x{E47}"
      text run at (0,14705) width 18: "\x{E2A}\x{E31}\x{E48}\x{E19}"
      text run at (0,14722) width 29: "\x{E2D}\x{E22}\x{E48}\x{E32}\x{E07}"
      text run at (0,14739) width 22: "\x{E41}\x{E23}\x{E07}"
      text run at (0,14756) width 18: "\x{E08}\x{E19}"
      text run at (0,14773) width 20: "\x{E40}\x{E18}\x{E2D}"
      text run at (0,14790) width 18: "\x{E2B}\x{E01}"
      text run at (0,14807) width 30: "\x{E04}\x{E30}\x{E21}\x{E33}"
      text run at (0,14824) width 17: "\x{E19}\x{E31}\x{E48}\x{E07}"
      text run at (0,14841) width 34: "\x{E08}\x{E49}\x{E33}\x{E40}\x{E1A}\x{E49}\x{E32}"
      text run at (0,14858) width 16: "\x{E2D}\x{E22}\x{E39}\x{E48}"
      text run at (0,14875) width 18: "\x{E01}\x{E31}\x{E1A}"
      text run at (0,14892) width 20: "\x{E1E}\x{E37}\x{E49}\x{E19}"
      text run at (0,14909) width 24: "\x{E41}\x{E25}\x{E49}\x{E27}"
      text run at (0,14926) width 15: "\x{E2A}\x{E34}\x{E48}\x{E07}"
      text run at (0,14943) width 54: "\x{E1B}\x{E23}\x{E30}\x{E2B}\x{E25}\x{E32}\x{E14}"
      text run at (0,14960) width 9: "\x{E01}\x{E47}"
      text run at (0,14977) width 23: "\x{E40}\x{E01}\x{E34}\x{E14}"
      text run at (0,14994) width 18: "\x{E02}\x{E36}\x{E49}\x{E19}"
      text run at (0,15011) width 25: "\x{E1A}\x{E49}\x{E32}\x{E19}"
      text run at (0,15028) width 28: "\x{E2B}\x{E21}\x{E38}\x{E19}"
      text run at (0,15045) width 16: "\x{E44}\x{E1B}"
      text run at (0,15062) width 28: "\x{E2B}\x{E21}\x{E38}\x{E19}"
      text run at (0,15079) width 15: "\x{E21}\x{E32}"
      text run at (0,15096) width 23: "\x{E2A}\x{E2D}\x{E07}"
      text run at (0,15113) width 23: "\x{E2A}\x{E32}\x{E21}"
      text run at (0,15130) width 24: "\x{E23}\x{E2D}\x{E1A}"
      text run at (0,15147) width 24: "\x{E41}\x{E25}\x{E49}\x{E27}"
      text run at (0,15164) width 9: "\x{E01}\x{E47}"
      text run at (0,15181) width 24: "\x{E25}\x{E2D}\x{E22}"
      text run at (0,15198) width 18: "\x{E02}\x{E36}\x{E49}\x{E19}"
      text run at (0,15215) width 8: "\x{E2A}\x{E39}\x{E48}"
      text run at (0,15232) width 38: "\x{E2D}\x{E32}\x{E01}\x{E32}\x{E28}"
      text run at (0,15249) width 29: "\x{E2D}\x{E22}\x{E48}\x{E32}\x{E07}"
      text run at (0,15266) width 14: "\x{E0A}\x{E49}\x{E32}"
      text run at (0,15283) width 7: "\x{E46}"
      text run at (0,15300) width 16: "\x{E42}\x{E14}"
      text run at (0,15317) width 21: "\x{E42}\x{E23}\x{E18}\x{E35}"
      text run at (0,15334) width 24: "\x{E23}\x{E39}\x{E49}\x{E2A}\x{E36}\x{E01}"
      text run at (0,15351) width 21: "\x{E23}\x{E32}\x{E27}"
      text run at (0,15368) width 18: "\x{E01}\x{E31}\x{E1A}"
      text run at (0,15385) width 14: "\x{E27}\x{E48}\x{E32}"
      text run at (0,15402) width 20: "\x{E40}\x{E18}\x{E2D}"
      text run at (0,15419) width 16: "\x{E44}\x{E14}\x{E49}"
      text run at (0,15436) width 18: "\x{E02}\x{E36}\x{E49}\x{E19}"
      text run at (0,15453) width 16: "\x{E44}\x{E1B}"
      text run at (0,15470) width 18: "\x{E01}\x{E31}\x{E1A}"
      text run at (0,15487) width 17: "\x{E25}\x{E39}\x{E01}"
      text run at (0,15504) width 43: "\x{E1A}\x{E2D}\x{E25}\x{E25}\x{E39}\x{E19}"
      text run at (0,15521) width 24: "\x{E1E}\x{E32}\x{E22}\x{E38}"
      text run at (0,15538) width 32: "\x{E40}\x{E2B}\x{E19}\x{E37}\x{E2D}"
      text run at (0,15555) width 18: "\x{E01}\x{E31}\x{E1A}"
      text run at (0,15572) width 24: "\x{E1E}\x{E32}\x{E22}\x{E38}"
      text run at (0,15589) width 16: "\x{E43}\x{E15}\x{E49}"
      text run at (0,15606) width 15: "\x{E21}\x{E32}"
      text run at (0,15623) width 19: "\x{E1E}\x{E1A}"
      text run at (0,15640) width 19: "\x{E01}\x{E31}\x{E19}"
      text run at (0,15657) width 23: "\x{E15}\x{E23}\x{E07}"
      text run at (0,15674) width 9: "\x{E17}\x{E35}\x{E48}"
      text run at (0,15691) width 25: "\x{E1A}\x{E49}\x{E32}\x{E19}"
      text run at (0,15708) width 18: "\x{E1E}\x{E2D}"
      text run at (0,15725) width 9: "\x{E14}\x{E35}"
      text run at (0,15742) width 22: "\x{E41}\x{E25}\x{E30}"
      text run at (0,15759) width 15: "\x{E17}\x{E33}"
      text run at (0,15776) width 16: "\x{E43}\x{E2B}\x{E49}"
      text run at (0,15793) width 23: "\x{E15}\x{E23}\x{E07}"
      text run at (0,15810) width 20: "\x{E19}\x{E31}\x{E49}\x{E19}"
      text run at (0,15827) width 24: "\x{E40}\x{E1B}\x{E47}\x{E19}"
      text run at (0,15844) width 17: "\x{E08}\x{E38}\x{E14}"
      text run at (0,15861) width 27: "\x{E28}\x{E39}\x{E19}\x{E22}\x{E4C}"
      text run at (0,15878) width 30: "\x{E01}\x{E25}\x{E32}\x{E07}"
      text run at (0,15895) width 23: "\x{E02}\x{E2D}\x{E07}"
      text run at (0,15912) width 24: "\x{E1E}\x{E32}\x{E22}\x{E38}"
      text run at (0,15929) width 49: "\x{E44}\x{E0B}\x{E42}\x{E04}\x{E25}\x{E19}"
      text run at (0,15946) width 24: "\x{E15}\x{E32}\x{E21}"
      text run at (0,15963) width 27: "\x{E1B}\x{E01}\x{E15}\x{E34}"
      text run at (0,15980) width 23: "\x{E15}\x{E23}\x{E07}"
      text run at (0,15997) width 30: "\x{E01}\x{E25}\x{E32}\x{E07}"
      text run at (0,16014) width 24: "\x{E1E}\x{E32}\x{E22}\x{E38}"
      text run at (0,16031) width 49: "\x{E44}\x{E0B}\x{E42}\x{E04}\x{E25}\x{E19}"
      text run at (0,16048) width 38: "\x{E2D}\x{E32}\x{E01}\x{E32}\x{E28}"
      text run at (0,16065) width 14: "\x{E08}\x{E30}"
      text run at (0,16082) width 17: "\x{E19}\x{E34}\x{E48}\x{E07}"
      text run at (0,16099) width 17: "\x{E41}\x{E15}\x{E48}"
      text run at (0,16116) width 32: "\x{E04}\x{E27}\x{E32}\x{E21}"
      text run at (0,16133) width 37: "\x{E01}\x{E14}\x{E14}\x{E31}\x{E19}"
      text run at (0,16150) width 29: "\x{E2D}\x{E22}\x{E48}\x{E32}\x{E07}"
      text run at (0,16167) width 28: "\x{E2B}\x{E19}\x{E31}\x{E01}"
      text run at (0,16184) width 23: "\x{E02}\x{E2D}\x{E07}"
      text run at (0,16201) width 17: "\x{E25}\x{E21}"
      text run at (0,16218) width 18: "\x{E17}\x{E38}\x{E01}"
      text run at (0,16235) width 25: "\x{E14}\x{E49}\x{E32}\x{E19}"
      text run at (0,16252) width 24: "\x{E23}\x{E2D}\x{E1A}"
      text run at (0,16269) width 25: "\x{E1A}\x{E49}\x{E32}\x{E19}"
      text run at (0,16286) width 15: "\x{E17}\x{E33}"
      text run at (0,16303) width 16: "\x{E43}\x{E2B}\x{E49}"
      text run at (0,16320) width 25: "\x{E1A}\x{E49}\x{E32}\x{E19}"
      text run at (0,16337) width 24: "\x{E25}\x{E2D}\x{E22}"
      text run at (0,16354) width 15: "\x{E2A}\x{E39}\x{E07}"
      text run at (0,16371) width 18: "\x{E02}\x{E36}\x{E49}\x{E19}"
      text run at (0,16388) width 7: "\x{E46}"
      text run at (0,16405) width 18: "\x{E08}\x{E19}"
      text run at (0,16422) width 38: "\x{E01}\x{E23}\x{E30}\x{E17}\x{E31}\x{E48}\x{E07}"
      text run at (0,16439) width 18: "\x{E02}\x{E36}\x{E49}\x{E19}"
      text run at (0,16456) width 16: "\x{E44}\x{E1B}"
      text run at (0,16473) width 16: "\x{E2D}\x{E22}\x{E39}\x{E48}"
      text run at (0,16490) width 17: "\x{E2A}\x{E38}\x{E14}"
      text run at (0,16507) width 25: "\x{E22}\x{E2D}\x{E14}"
      text run at (0,16524) width 23: "\x{E02}\x{E2D}\x{E07}"
      text run at (0,16541) width 24: "\x{E1E}\x{E32}\x{E22}\x{E38}"
      text run at (0,16558) width 49: "\x{E44}\x{E0B}\x{E42}\x{E04}\x{E25}\x{E19}"
      text run at (0,16575) width 22: "\x{E41}\x{E25}\x{E30}"
      text run at (0,16592) width 23: "\x{E08}\x{E32}\x{E01}"
      text run at (0,16609) width 23: "\x{E15}\x{E23}\x{E07}"
      text run at (0,16626) width 20: "\x{E19}\x{E31}\x{E49}\x{E19}"
      text run at (0,16643) width 9: "\x{E01}\x{E47}"
      text run at (0,16660) width 17: "\x{E16}\x{E39}\x{E01}"
      text run at (0,16677) width 26: "\x{E2B}\x{E2D}\x{E1A}"
      text run at (0,16694) width 16: "\x{E44}\x{E1B}"
      text run at (0,16711) width 31: "\x{E2B}\x{E25}\x{E32}\x{E22}"
      text run at (0,16728) width 24: "\x{E44}\x{E21}\x{E25}\x{E4C}"
      text run at (0,16745) width 21: "\x{E07}\x{E48}\x{E32}\x{E22}"
      text run at (0,16762) width 23: "\x{E14}\x{E32}\x{E22}"
      text run at (0,16779) width 21: "\x{E23}\x{E32}\x{E27}"
      text run at (0,16796) width 18: "\x{E01}\x{E31}\x{E1A}"
      text run at (0,16813) width 26: "\x{E2B}\x{E2D}\x{E1A}"
      text run at (0,16830) width 18: "\x{E02}\x{E19}"
      text run at (0,16847) width 19: "\x{E19}\x{E01}"
      text run at (0,16864) width 18: "\x{E21}\x{E37}\x{E14}"
      text run at (0,16881) width 24: "\x{E21}\x{E32}\x{E01}"
      text run at (0,16898) width 24: "\x{E41}\x{E25}\x{E49}\x{E27}"
      text run at (0,16915) width 17: "\x{E25}\x{E21}"
      text run at (0,16932) width 15: "\x{E22}\x{E31}\x{E07}"
      text run at (0,16949) width 15: "\x{E2A}\x{E48}\x{E07}"
      text run at (0,16966) width 28: "\x{E40}\x{E2A}\x{E35}\x{E22}\x{E07}"
      text run at (0,16983) width 26: "\x{E2B}\x{E27}\x{E35}\x{E14}"
      text run at (0,17000) width 25: "\x{E2B}\x{E27}\x{E37}\x{E2D}"
      text run at (0,17017) width 16: "\x{E19}\x{E48}\x{E32}"
      text run at (0,17034) width 25: "\x{E01}\x{E25}\x{E31}\x{E27}"
      text run at (0,17051) width 16: "\x{E2D}\x{E22}\x{E39}\x{E48}"
      text run at (0,17068) width 24: "\x{E23}\x{E2D}\x{E1A}"
      text run at (0,17085) width 17: "\x{E15}\x{E31}\x{E27}"
      text run at (0,17102) width 20: "\x{E40}\x{E18}\x{E2D}"
      text run at (0,17119) width 17: "\x{E41}\x{E15}\x{E48}"
      text run at (0,17136) width 16: "\x{E42}\x{E14}"
      text run at (0,17153) width 21: "\x{E42}\x{E23}\x{E18}\x{E35}"
      text run at (0,17170) width 24: "\x{E40}\x{E2B}\x{E47}\x{E19}"
      text run at (0,17187) width 14: "\x{E27}\x{E48}\x{E32}"
      text run at (0,17204) width 20: "\x{E40}\x{E18}\x{E2D}"
      text run at (0,17221) width 44: "\x{E2A}\x{E32}\x{E21}\x{E32}\x{E23}\x{E16}"
      text run at (0,17238) width 17: "\x{E19}\x{E31}\x{E48}\x{E07}"
      text run at (0,17255) width 16: "\x{E44}\x{E1B}"
      text run at (0,17272) width 16: "\x{E44}\x{E14}\x{E49}"
      text run at (0,17289) width 22: "\x{E2D}\x{E22}\x{E48}\x{E32}"
      text run at (0,17306) width 28: "\x{E07}\x{E07}\x{E48}\x{E32}\x{E22}"
      text run at (0,17323) width 23: "\x{E14}\x{E32}\x{E22}"
      text run at (0,17340) width 19: "\x{E19}\x{E31}\x{E01}"
      text run at (0,17357) width 23: "\x{E04}\x{E23}\x{E31}\x{E49}\x{E07}"
      text run at (0,17374) width 26: "\x{E2B}\x{E19}\x{E36}\x{E48}\x{E07}"
      text run at (0,17391) width 24: "\x{E2B}\x{E25}\x{E31}\x{E07}"
      text run at (0,17408) width 23: "\x{E08}\x{E32}\x{E01}"
      text run at (0,17425) width 9: "\x{E17}\x{E35}\x{E48}"
      text run at (0,17442) width 25: "\x{E1A}\x{E49}\x{E32}\x{E19}"
      text run at (0,17459) width 32: "\x{E2A}\x{E30}\x{E14}\x{E38}\x{E14}"
      text run at (0,17476) width 29: "\x{E2D}\x{E22}\x{E48}\x{E32}\x{E07}"
      text run at (0,17493) width 22: "\x{E41}\x{E23}\x{E07}"
      text run at (0,17510) width 22: "\x{E41}\x{E25}\x{E30}"
      text run at (0,17527) width 28: "\x{E2B}\x{E21}\x{E38}\x{E19}"
      text run at (0,17544) width 16: "\x{E44}\x{E1B}"
      text run at (0,17561) width 24: "\x{E23}\x{E2D}\x{E1A}"
      text run at (0,17578) width 7: "\x{E46}"
      text run at (0,17595) width 23: "\x{E2A}\x{E2D}\x{E07}"
      text run at (0,17612) width 23: "\x{E2A}\x{E32}\x{E21}"
      text run at (0,17629) width 23: "\x{E04}\x{E23}\x{E31}\x{E49}\x{E07}"
      text run at (0,17646) width 17: "\x{E43}\x{E19}"
      text run at (0,17663) width 27: "\x{E15}\x{E2D}\x{E19}"
      text run at (0,17680) width 24: "\x{E41}\x{E23}\x{E01}"
      text run at (0,17697) width 20: "\x{E40}\x{E18}\x{E2D}"
      text run at (0,17714) width 9: "\x{E01}\x{E47}"
      text run at (0,17731) width 24: "\x{E23}\x{E39}\x{E49}\x{E2A}\x{E36}\x{E01}"
      text run at (0,17748) width 14: "\x{E27}\x{E48}\x{E32}"
      text run at (0,17765) width 17: "\x{E15}\x{E31}\x{E27}"
      text run at (0,17782) width 20: "\x{E40}\x{E2D}\x{E07}"
      text run at (0,17799) width 17: "\x{E16}\x{E39}\x{E01}"
      text run at (0,17816) width 32: "\x{E41}\x{E01}\x{E27}\x{E48}\x{E07}"
      text run at (0,17833) width 29: "\x{E2D}\x{E22}\x{E48}\x{E32}\x{E07}"
      text run at (0,17850) width 25: "\x{E41}\x{E1C}\x{E48}\x{E27}"
      text run at (0,17867) width 20: "\x{E40}\x{E1A}\x{E32}"
      text run at (0,17884) width 21: "\x{E23}\x{E32}\x{E27}"
      text run at (0,17901) width 31: "\x{E17}\x{E32}\x{E23}\x{E01}"
      text run at (0,17918) width 17: "\x{E43}\x{E19}"
      text run at (0,17935) width 22: "\x{E40}\x{E1B}\x{E25}"
      text run at (0,17952) width 16: "\x{E42}\x{E15}"
      text run at (0,17969) width 16: "\x{E42}\x{E15}\x{E49}"
      text run at (0,17986) width 16: "\x{E44}\x{E21}\x{E48}"
      text run at (0,18003) width 25: "\x{E0A}\x{E2D}\x{E1A}"
      text run at (0,18020) width 15: "\x{E43}\x{E08}"
      text run at (0,18037) width 21: "\x{E40}\x{E25}\x{E22}"
      text run at (0,18054) width 19: "\x{E21}\x{E31}\x{E19}"
      text run at (0,18071) width 15: "\x{E27}\x{E34}\x{E48}\x{E07}"
      text run at (0,18088) width 16: "\x{E44}\x{E1B}"
      text run at (0,18105) width 15: "\x{E27}\x{E34}\x{E48}\x{E07}"
      text run at (0,18122) width 15: "\x{E21}\x{E32}"
      text run at (0,18139) width 24: "\x{E23}\x{E2D}\x{E1A}"
      text run at (0,18156) width 24: "\x{E2B}\x{E49}\x{E2D}\x{E07}"
      text run at (0,18173) width 22: "\x{E17}\x{E32}\x{E07}"
      text run at (0,18190) width 27: "\x{E42}\x{E19}\x{E49}\x{E19}"
      text run at (0,18207) width 9: "\x{E17}\x{E35}"
      text run at (0,18224) width 22: "\x{E17}\x{E32}\x{E07}"
      text run at (0,18241) width 10: "\x{E19}\x{E35}\x{E49}"
      text run at (0,18258) width 9: "\x{E17}\x{E35}"
      text run at (0,18275) width 15: "\x{E2A}\x{E48}\x{E07}"
      text run at (0,18292) width 28: "\x{E40}\x{E2A}\x{E35}\x{E22}\x{E07}"
      text run at (0,18309) width 20: "\x{E40}\x{E2B}\x{E48}\x{E32}"
      text run at (0,18326) width 16: "\x{E14}\x{E31}\x{E07}"
      text run at (0,18343) width 24: "\x{E01}\x{E49}\x{E2D}\x{E07}"
      text run at (0,18360) width 17: "\x{E41}\x{E15}\x{E48}"
      text run at (0,18377) width 16: "\x{E42}\x{E14}"
      text run at (0,18394) width 21: "\x{E42}\x{E23}\x{E18}\x{E35}"
      text run at (0,18411) width 17: "\x{E19}\x{E31}\x{E48}\x{E07}"
      text run at (0,18428) width 17: "\x{E19}\x{E34}\x{E48}\x{E07}"
      text run at (0,18445) width 16: "\x{E2D}\x{E22}\x{E39}\x{E48}"
      text run at (0,18462) width 19: "\x{E1A}\x{E19}"
      text run at (0,18479) width 20: "\x{E1E}\x{E37}\x{E49}\x{E19}"
      text run at (0,18496) width 20: "\x{E40}\x{E1D}\x{E49}\x{E32}"
      text run at (0,18513) width 25: "\x{E04}\x{E2D}\x{E22}"
      text run at (0,18530) width 9: "\x{E14}\x{E39}"
      text run at (0,18547) width 14: "\x{E27}\x{E48}\x{E32}"
      text run at (0,18564) width 14: "\x{E08}\x{E30}"
      text run at (0,18581) width 23: "\x{E40}\x{E01}\x{E34}\x{E14}"
      text run at (0,18598) width 28: "\x{E2D}\x{E30}\x{E44}\x{E23}"
      text run at (0,18615) width 18: "\x{E02}\x{E36}\x{E49}\x{E19}"
      text run at (0,18632) width 23: "\x{E04}\x{E23}\x{E31}\x{E49}\x{E07}"
      text run at (0,18649) width 26: "\x{E2B}\x{E19}\x{E36}\x{E48}\x{E07}"
      text run at (0,18666) width 16: "\x{E42}\x{E15}"
      text run at (0,18683) width 16: "\x{E42}\x{E15}\x{E49}"
      text run at (0,18700) width 19: "\x{E40}\x{E02}\x{E49}\x{E32}"
      text run at (0,18717) width 16: "\x{E44}\x{E1B}"
      text run at (0,18734) width 24: "\x{E43}\x{E01}\x{E25}\x{E49}"
      text run at (0,18751) width 15: "\x{E1D}\x{E32}"
      text run at (0,18768) width 9: "\x{E17}\x{E35}\x{E48}"
      text run at (0,18785) width 20: "\x{E1E}\x{E37}\x{E49}\x{E19}"
      text run at (0,18802) width 24: "\x{E21}\x{E32}\x{E01}"
      text run at (0,18819) width 16: "\x{E44}\x{E1B}"
      text run at (0,18836) width 21: "\x{E40}\x{E25}\x{E22}"
      text run at (0,18853) width 27: "\x{E1E}\x{E25}\x{E31}\x{E14}"
      text run at (0,18870) width 33: "\x{E15}\x{E01}\x{E25}\x{E07}"
      text run at (0,18887) width 16: "\x{E44}\x{E1B}"
      text run at (0,18904) width 9: "\x{E17}\x{E35}"
      text run at (0,18921) width 24: "\x{E41}\x{E23}\x{E01}"
      text run at (0,18938) width 23: "\x{E40}\x{E14}\x{E47}\x{E01}"
      text run at (0,18955) width 27: "\x{E2B}\x{E0D}\x{E34}\x{E07}"
      text run at (0,18972) width 18: "\x{E04}\x{E34}\x{E14}"
      text run at (0,18989) width 14: "\x{E27}\x{E48}\x{E32}"
      text run at (0,19006) width 20: "\x{E40}\x{E18}\x{E2D}"
      text run at (0,19023) width 14: "\x{E08}\x{E30}"
      text run at (0,19040) width 19: "\x{E2A}\x{E39}\x{E0D}"
      text run at (0,19057) width 21: "\x{E40}\x{E2A}\x{E35}\x{E22}"
      text run at (0,19074) width 19: "\x{E21}\x{E31}\x{E19}"
      text run at (0,19091) width 16: "\x{E44}\x{E1B}"
      text run at (0,19108) width 21: "\x{E40}\x{E2A}\x{E35}\x{E22}"
      text run at (0,19125) width 24: "\x{E41}\x{E25}\x{E49}\x{E27}"
      text run at (0,19142) width 17: "\x{E41}\x{E15}\x{E48}"
      text run at (0,19159) width 16: "\x{E0A}\x{E31}\x{E48}\x{E27}"
      text run at (0,19176) width 16: "\x{E04}\x{E23}\x{E39}\x{E48}"
      text run at (0,19193) width 20: "\x{E40}\x{E18}\x{E2D}"
      text run at (0,19210) width 9: "\x{E01}\x{E47}"
      text run at (0,19227) width 24: "\x{E40}\x{E2B}\x{E47}\x{E19}"
      text run at (0,19244) width 9: "\x{E2B}\x{E39}"
      text run at (0,19261) width 23: "\x{E02}\x{E2D}\x{E07}"
      text run at (0,19278) width 19: "\x{E21}\x{E31}\x{E19}"
      text run at (0,19295) width 24: "\x{E42}\x{E1C}\x{E25}\x{E48}"
      text run at (0,19312) width 18: "\x{E02}\x{E36}\x{E49}\x{E19}"
      text run at (0,19329) width 15: "\x{E21}\x{E32}"
      text run at (0,19346) width 23: "\x{E08}\x{E32}\x{E01}"
      text run at (0,19363) width 23: "\x{E0A}\x{E48}\x{E2D}\x{E07}"
      text run at (0,19380) width 20: "\x{E19}\x{E31}\x{E49}\x{E19}"
      text run at (0,19397) width 16: "\x{E17}\x{E31}\x{E49}\x{E07}"
      text run at (0,19414) width 10: "\x{E19}\x{E35}\x{E49}"
      text run at (0,19431) width 34: "\x{E40}\x{E1E}\x{E23}\x{E32}\x{E30}"
      text run at (0,19448) width 22: "\x{E41}\x{E23}\x{E07}"
      text run at (0,19465) width 18: "\x{E01}\x{E14}"
      text run at (0,19482) width 29: "\x{E2D}\x{E22}\x{E48}\x{E32}\x{E07}"
      text run at (0,19499) width 28: "\x{E2B}\x{E19}\x{E31}\x{E01}"
      text run at (0,19516) width 23: "\x{E02}\x{E2D}\x{E07}"
      text run at (0,19533) width 38: "\x{E2D}\x{E32}\x{E01}\x{E32}\x{E28}"
      text run at (0,19550) width 15: "\x{E17}\x{E33}"
      text run at (0,19567) width 16: "\x{E43}\x{E2B}\x{E49}"
      text run at (0,19584) width 16: "\x{E42}\x{E15}"
      text run at (0,19601) width 16: "\x{E42}\x{E15}\x{E49}"
      text run at (0,19618) width 16: "\x{E44}\x{E21}\x{E48}"
      text run at (0,19635) width 33: "\x{E15}\x{E01}\x{E25}\x{E07}"
      text run at (0,19652) width 16: "\x{E44}\x{E1B}"
      text run at (0,19669) width 21: "\x{E02}\x{E49}\x{E32}\x{E07}"
      text run at (0,19686) width 21: "\x{E25}\x{E48}\x{E32}\x{E07}"
      text run at (0,19703) width 16: "\x{E42}\x{E14}"
      text run at (0,19720) width 21: "\x{E42}\x{E23}\x{E18}\x{E35}"
      text run at (0,19737) width 33: "\x{E04}\x{E25}\x{E32}\x{E19}"
      text run at (0,19754) width 16: "\x{E44}\x{E1B}"
      text run at (0,19771) width 9: "\x{E17}\x{E35}\x{E48}"
      text run at (0,19788) width 23: "\x{E0A}\x{E48}\x{E2D}\x{E07}"
      text run at (0,19805) width 20: "\x{E19}\x{E31}\x{E49}\x{E19}"
      text run at (0,19822) width 17: "\x{E08}\x{E31}\x{E1A}"
      text run at (0,19839) width 9: "\x{E2B}\x{E39}"
      text run at (0,19856) width 16: "\x{E42}\x{E15}"
      text run at (0,19873) width 16: "\x{E42}\x{E15}\x{E49}"
      text run at (0,19890) width 15: "\x{E44}\x{E27}\x{E49}"
      text run at (0,19907) width 16: "\x{E44}\x{E14}\x{E49}"
      text run at (0,19924) width 22: "\x{E41}\x{E25}\x{E30}"
      text run at (0,19941) width 23: "\x{E25}\x{E32}\x{E01}"
      text run at (0,19958) width 19: "\x{E21}\x{E31}\x{E19}"
      text run at (0,19975) width 15: "\x{E21}\x{E32}"
      text run at (0,19992) width 9: "\x{E17}\x{E35}\x{E48}"
      text run at (0,20009) width 24: "\x{E2B}\x{E49}\x{E2D}\x{E07}"
      text run at (0,20026) width 17: "\x{E2D}\x{E35}\x{E01}"
      text run at (0,20043) width 24: "\x{E2B}\x{E25}\x{E31}\x{E07}"
      text run at (0,20060) width 23: "\x{E08}\x{E32}\x{E01}"
      text run at (0,20077) width 20: "\x{E19}\x{E31}\x{E49}\x{E19}"
      text run at (0,20094) width 9: "\x{E01}\x{E47}"
      text run at (0,20111) width 18: "\x{E1B}\x{E34}\x{E14}"
      text run at (0,20128) width 15: "\x{E1D}\x{E32}"
      text run at (0,20145) width 20: "\x{E1E}\x{E37}\x{E49}\x{E19}"
      text run at (0,20162) width 23: "\x{E40}\x{E1E}\x{E37}\x{E48}\x{E2D}"
      text run at (0,20179) width 14: "\x{E08}\x{E30}"
      text run at (0,20196) width 16: "\x{E44}\x{E14}\x{E49}"
      text run at (0,20213) width 16: "\x{E44}\x{E21}\x{E48}"
      text run at (0,20230) width 23: "\x{E40}\x{E01}\x{E34}\x{E14}"
      text run at (0,20247) width 49: "\x{E2D}\x{E38}\x{E1A}\x{E31}\x{E15}\x{E34}\x{E40}\x{E2B}\x{E15}\x{E38}"
      text run at (0,20264) width 17: "\x{E2D}\x{E35}\x{E01}"
      text run at (0,20281) width 38: "\x{E0A}\x{E31}\x{E48}\x{E27}\x{E42}\x{E21}\x{E07}"
      text run at (0,20298) width 24: "\x{E41}\x{E25}\x{E49}\x{E27}"
      text run at (0,20315) width 38: "\x{E0A}\x{E31}\x{E48}\x{E27}\x{E42}\x{E21}\x{E07}"
      text run at (0,20332) width 19: "\x{E40}\x{E25}\x{E48}\x{E32}"
      text run at (0,20349) width 25: "\x{E1C}\x{E48}\x{E32}\x{E19}"
      text run at (0,20366) width 16: "\x{E44}\x{E1B}"
      text run at (0,20383) width 16: "\x{E42}\x{E14}"
      text run at (0,20400) width 21: "\x{E42}\x{E23}\x{E18}\x{E35}"
      text run at (0,20417) width 25: "\x{E04}\x{E48}\x{E2D}\x{E22}"
      text run at (0,20434) width 7: "\x{E46}"
      text run at (0,20451) width 23: "\x{E2B}\x{E32}\x{E22}"
      text run at (0,20468) width 25: "\x{E01}\x{E25}\x{E31}\x{E27}"
      text run at (0,20485) width 17: "\x{E41}\x{E15}\x{E48}"
      text run at (0,20502) width 20: "\x{E40}\x{E18}\x{E2D}"
      text run at (0,20519) width 24: "\x{E23}\x{E39}\x{E49}\x{E2A}\x{E36}\x{E01}"
      text run at (0,20536) width 27: "\x{E40}\x{E2B}\x{E07}\x{E32}"
      text run at (0,20553) width 30: "\x{E40}\x{E2B}\x{E25}\x{E37}\x{E2D}"
      text run at (0,20570) width 24: "\x{E40}\x{E01}\x{E34}\x{E19}"
      text run at (0,20587) width 22: "\x{E41}\x{E25}\x{E30}"
      text run at (0,20604) width 17: "\x{E25}\x{E21}"
      text run at (0,20621) width 9: "\x{E01}\x{E47}"
      text run at (0,20638) width 15: "\x{E2A}\x{E48}\x{E07}"
      text run at (0,20655) width 28: "\x{E40}\x{E2A}\x{E35}\x{E22}\x{E07}"
      text run at (0,20672) width 26: "\x{E2B}\x{E27}\x{E35}\x{E14}"
      text run at (0,20689) width 25: "\x{E2B}\x{E27}\x{E37}\x{E2D}"
      text run at (0,20706) width 16: "\x{E14}\x{E31}\x{E07}"
      text run at (0,20723) width 21: "\x{E40}\x{E2A}\x{E35}\x{E22}"
      text run at (0,20740) width 18: "\x{E08}\x{E19}"
      text run at (0,20757) width 20: "\x{E40}\x{E18}\x{E2D}"
      text run at (0,20774) width 26: "\x{E41}\x{E17}\x{E1A}"
      text run at (0,20791) width 14: "\x{E08}\x{E30}"
      text run at (0,20808) width 9: "\x{E2B}\x{E39}"
      text run at (0,20825) width 36: "\x{E2B}\x{E19}\x{E27}\x{E01}"
      text run at (0,20842) width 9: "\x{E17}\x{E35}"
      text run at (0,20859) width 24: "\x{E41}\x{E23}\x{E01}"
      text run at (0,20876) width 20: "\x{E40}\x{E18}\x{E2D}"
      text run at (0,20893) width 31: "\x{E2A}\x{E07}\x{E2A}\x{E31}\x{E22}"
      text run at (0,20910) width 14: "\x{E27}\x{E48}\x{E32}"
      text run at (0,20927) width 16: "\x{E04}\x{E07}"
      text run at (0,20944) width 14: "\x{E08}\x{E30}"
      text run at (0,20961) width 17: "\x{E16}\x{E39}\x{E01}"
      text run at (0,20978) width 19: "\x{E09}\x{E35}\x{E01}"
      text run at (0,20995) width 45: "\x{E01}\x{E23}\x{E30}\x{E0A}\x{E32}\x{E01}"
      text run at (0,21012) width 25: "\x{E2D}\x{E2D}\x{E01}"
      text run at (0,21029) width 24: "\x{E40}\x{E1B}\x{E47}\x{E19}"
      text run at (0,21046) width 18: "\x{E0A}\x{E34}\x{E49}\x{E19}"
      text run at (0,21063) width 22: "\x{E40}\x{E25}\x{E47}\x{E01}"
      text run at (0,21080) width 18: "\x{E0A}\x{E34}\x{E49}\x{E19}"
      text run at (0,21097) width 26: "\x{E19}\x{E49}\x{E2D}\x{E22}"
      text run at (0,21114) width 22: "\x{E40}\x{E21}\x{E37}\x{E48}\x{E2D}"
      text run at (0,21131) width 25: "\x{E1A}\x{E49}\x{E32}\x{E19}"
      text run at (0,21148) width 23: "\x{E40}\x{E2D}\x{E19}"
      text run at (0,21165) width 17: "\x{E25}\x{E49}\x{E21}"
      text run at (0,21182) width 15: "\x{E25}\x{E07}"
      text run at (0,21199) width 17: "\x{E2D}\x{E35}\x{E01}"
      text run at (0,21216) width 23: "\x{E04}\x{E23}\x{E31}\x{E49}\x{E07}"
      text run at (0,21233) width 17: "\x{E41}\x{E15}\x{E48}"
      text run at (0,21250) width 31: "\x{E2B}\x{E25}\x{E32}\x{E22}"
      text run at (0,21267) width 38: "\x{E0A}\x{E31}\x{E48}\x{E27}\x{E42}\x{E21}\x{E07}"
      text run at (0,21284) width 25: "\x{E1C}\x{E48}\x{E32}\x{E19}"
      text run at (0,21301) width 16: "\x{E44}\x{E1B}"
      text run at (0,21318) width 9: "\x{E01}\x{E47}"
      text run at (0,21335) width 16: "\x{E44}\x{E21}\x{E48}"
      text run at (0,21352) width 9: "\x{E21}\x{E35}"
      text run at (0,21369) width 28: "\x{E2D}\x{E30}\x{E44}\x{E23}"
      text run at (0,21386) width 23: "\x{E40}\x{E01}\x{E34}\x{E14}"
      text run at (0,21403) width 18: "\x{E02}\x{E36}\x{E49}\x{E19}"
      text run at (0,21420) width 20: "\x{E40}\x{E18}\x{E2D}"
      text run at (0,21437) width 21: "\x{E40}\x{E25}\x{E22}"
      text run at (0,21454) width 22: "\x{E40}\x{E25}\x{E34}\x{E01}"
      text run at (0,21471) width 26: "\x{E27}\x{E34}\x{E15}\x{E01}"
      text run at (0,21488) width 22: "\x{E41}\x{E25}\x{E30}"
      text run at (0,21505) width 36: "\x{E15}\x{E31}\x{E14}\x{E2A}\x{E34}\x{E19}"
      text run at (0,21522) width 15: "\x{E43}\x{E08}"
      text run at (0,21539) width 25: "\x{E04}\x{E2D}\x{E22}"
      text run at (0,21556) width 9: "\x{E14}\x{E39}"
      text run at (0,21573) width 29: "\x{E2D}\x{E22}\x{E48}\x{E32}\x{E07}"
      text run at (0,21590) width 24: "\x{E2A}\x{E07}\x{E1A}"
      text run at (0,21607) width 22: "\x{E41}\x{E25}\x{E30}"
      text run at (0,21624) width 15: "\x{E23}\x{E2D}"
      text run at (0,21641) width 14: "\x{E27}\x{E48}\x{E32}"
      text run at (0,21658) width 42: "\x{E2D}\x{E19}\x{E32}\x{E04}\x{E15}"
      text run at (0,21675) width 14: "\x{E08}\x{E30}"
      text run at (0,21692) width 24: "\x{E40}\x{E1B}\x{E47}\x{E19}"
      text run at (0,21709) width 42: "\x{E2D}\x{E22}\x{E48}\x{E32}\x{E07}\x{E44}\x{E23}"
      text run at (0,21726) width 17: "\x{E43}\x{E19}"
      text run at (0,21743) width 9: "\x{E17}\x{E35}\x{E48}"
      text run at (0,21760) width 17: "\x{E2A}\x{E38}\x{E14}"
      text run at (0,21777) width 20: "\x{E40}\x{E18}\x{E2D}"
      text run at (0,21794) width 33: "\x{E04}\x{E25}\x{E32}\x{E19}"
      text run at (0,21811) width 23: "\x{E08}\x{E32}\x{E01}"
      text run at (0,21828) width 20: "\x{E1E}\x{E37}\x{E49}\x{E19}"
      text run at (0,21845) width 24: "\x{E2B}\x{E49}\x{E2D}\x{E07}"
      text run at (0,21862) width 9: "\x{E17}\x{E35}\x{E48}"
      text run at (0,21879) width 24: "\x{E42}\x{E22}\x{E01}"
      text run at (0,21896) width 16: "\x{E44}\x{E1B}"
      text run at (0,21913) width 15: "\x{E21}\x{E32}"
      text run at (0,21930) width 18: "\x{E02}\x{E36}\x{E49}\x{E19}"
      text run at (0,21947) width 16: "\x{E44}\x{E1B}"
      text run at (0,21964) width 19: "\x{E1A}\x{E19}"
      text run at (0,21981) width 29: "\x{E40}\x{E15}\x{E35}\x{E22}\x{E07}"
      text run at (0,21998) width 24: "\x{E41}\x{E25}\x{E49}\x{E27}"
      text run at (0,22015) width 9: "\x{E01}\x{E47}"
      text run at (0,22032) width 28: "\x{E19}\x{E2D}\x{E19}"
      text run at (0,22049) width 15: "\x{E25}\x{E07}"
      text run at (0,22066) width 16: "\x{E42}\x{E15}"
      text run at (0,22083) width 16: "\x{E42}\x{E15}\x{E49}"
      text run at (0,22100) width 24: "\x{E15}\x{E32}\x{E21}"
      text run at (0,22117) width 18: "\x{E15}\x{E34}\x{E14}"
      text run at (0,22134) width 15: "\x{E21}\x{E32}"
      text run at (0,22151) width 28: "\x{E19}\x{E2D}\x{E19}"
      text run at (0,22168) width 15: "\x{E25}\x{E07}"
      text run at (0,22185) width 24: "\x{E43}\x{E01}\x{E25}\x{E49}"
      text run at (0,22202) width 7: "\x{E46}"
      text run at (0,22219) width 20: "\x{E40}\x{E18}\x{E2D}"
      text run at (0,22236) width 16: "\x{E44}\x{E21}\x{E48}"
      text run at (0,22253) width 14: "\x{E0A}\x{E49}\x{E32}"
      text run at (0,22270) width 16: "\x{E42}\x{E14}"
      text run at (0,22287) width 21: "\x{E42}\x{E23}\x{E18}\x{E35}"
      text run at (0,22304) width 9: "\x{E01}\x{E47}"
      text run at (0,22321) width 18: "\x{E1B}\x{E34}\x{E14}"
      text run at (0,22338) width 15: "\x{E15}\x{E32}"
      text run at (0,22355) width 15: "\x{E25}\x{E07}"
      text run at (0,22372) width 26: "\x{E2B}\x{E25}\x{E31}\x{E1A}"
      text run at (0,22389) width 33: "\x{E1C}\x{E25}\x{E47}\x{E2D}\x{E22}"
      text run at (0,22406) width 16: "\x{E44}\x{E1B}"
      text run at (0,22423) width 29: "\x{E2D}\x{E22}\x{E48}\x{E32}\x{E07}"
      text run at (0,22440) width 27: "\x{E2A}\x{E19}\x{E34}\x{E17}"
      text run at (0,22457) width 16: "\x{E17}\x{E31}\x{E49}\x{E07}"
      text run at (0,22474) width 7: "\x{E46}"
      text run at (0,22491) width 9: "\x{E17}\x{E35}\x{E48}"
      text run at (0,22508) width 25: "\x{E1A}\x{E49}\x{E32}\x{E19}"
      text run at (0,22525) width 24: "\x{E42}\x{E22}\x{E01}"
      text run at (0,22542) width 16: "\x{E44}\x{E1B}"
      text run at (0,22559) width 15: "\x{E21}\x{E32}"
      text run at (0,22576) width 22: "\x{E41}\x{E25}\x{E30}"
      text run at (0,22593) width 17: "\x{E25}\x{E21}"
      text run at (0,22610) width 9: "\x{E01}\x{E47}"
      text run at (0,22627) width 29: "\x{E04}\x{E23}\x{E32}\x{E07}"
      text run at (0,22644) width 26: "\x{E2B}\x{E27}\x{E35}\x{E14}"
      text run at (0,22661) width 25: "\x{E2B}\x{E27}\x{E37}\x{E2D}"
