layer at (0,0) size 800x600
  RenderView at (0,0) size 800x600
layer at (0,0) size 800x374
  RenderBlock {HTML} at (0,0) size 800x374
    RenderBody {BODY} at (8,8) size 784x358
      RenderBlock {DIV} at (0,0) size 784x358
        RenderBlock (anonymous) at (0,0) size 784x34
          RenderText {#text} at (0,0) size 761x34
            text run at (0,0) width 761: "In all four cases below, the exclamation mark should be on the left side of the first line and on the right side of the second"
            text run at (0,17) width 27: "line."
        RenderBlock {DIV} at (0,34) size 784x324
          RenderBR {BR} at (475,64) size 0x17
          RenderBR {BR} at (475,145) size 0x17
          RenderBR {BR} at (475,226) size 0x17
          RenderText {#text} at (0,0) size 0x0
layer at (10,44) size 471x74 clip at (11,45) size 469x72
  RenderTextControl {TEXTAREA} at (2,2) size 471x74 [bgcolor=#FFFFFF] [border: (1px solid #000000)]
    RenderBlock {DIV} at (3,3) size 465x51
      RenderText {#text} at (424,0) size 465x34
        text run at (424,0) width 0 RTL: " "
        text run at (424,0) width 41 RTL: "\x{5E9}\x{5DC}\x{5D5}\x{5DD}!"
        text run at (0,17) width 39: "hello!"
        text run at (39,17) width 0: " "
      RenderBR {BR} at (465,34) size 0x17
layer at (10,125) size 471x74 clip at (11,126) size 469x72
  RenderTextControl {TEXTAREA} at (2,83) size 471x74 [bgcolor=#FFFFFF] [border: (1px solid #000000)]
    RenderBlock {DIV} at (3,3) size 465x51
      RenderText {#text} at (424,0) size 465x34
        text run at (424,0) width 0 RTL: " "
        text run at (424,0) width 41 RTL: "\x{5E9}\x{5DC}\x{5D5}\x{5DD}!"
        text run at (0,17) width 39: "hello!"
        text run at (39,17) width 0: " "
      RenderBR {BR} at (0,34) size 0x17
layer at (10,206) size 471x74 clip at (11,207) size 469x72
  RenderTextControl {TEXTAREA} at (2,164) size 471x74 [bgcolor=#FFFFFF] [border: (1px solid #000000)]
    RenderBlock {DIV} at (3,3) size 465x51
      RenderText {#text} at (424,0) size 465x34
        text run at (424,0) width 0 RTL: " "
        text run at (424,0) width 41 RTL: "\x{5E9}\x{5DC}\x{5D5}\x{5DD}!"
        text run at (0,17) width 39: "hello!"
        text run at (39,17) width 0: " "
      RenderBR {BR} at (0,34) size 0x17
layer at (10,287) size 471x74 clip at (11,288) size 469x72
  RenderTextControl {TEXTAREA} at (2,245) size 471x74 [bgcolor=#FFFFFF] [border: (1px solid #000000)]
    RenderBlock {DIV} at (3,3) size 465x51
      RenderText {#text} at (424,0) size 465x34
        text run at (424,0) width 0 RTL: " "
        text run at (424,0) width 41 RTL: "\x{5E9}\x{5DC}\x{5D5}\x{5DD}!"
        text run at (0,17) width 39: "hello!"
        text run at (39,17) width 0: " "
      RenderBR {BR} at (465,34) size 0x17
