layer at (0,0) size 800x600
  RenderView at (0,0) size 800x600
layer at (0,0) size 800x600
  RenderBlock {HTML} at (0,0) size 800x600
    RenderBody {BODY} at (8,8) size 784x584
      RenderBlock {P} at (0,0) size 784x20
        RenderText {#text} at (0,0) size 419x19
          text run at (0,0) width 419: "Movie with no audio track. The volume button should not render."
      RenderBlock (anonymous) at (0,36) size 784x288
        RenderText {#text} at (0,0) size 0x0
layer at (8,44) size 352x288
  RenderVideo {VIDEO} at (0,0) size 352x288
layer at (8,44) size 352x288 scrollHeight 338
  RenderFlexibleBox {DIV} at (0,0) size 352x288
layer at (148,152) size 72x72
  RenderBlock (positioned) {DIV} at (140,108) size 72x72
layer at (148,152) size 72x72
  RenderBlock (positioned) {DIV} at (0,0) size 72x72
layer at (148,152) size 72x72
  RenderBlock (positioned) {DIV} at (0,0) size 72x72
