layer at (0,0) size 800x600
  RenderView at (0,0) size 800x600
layer at (0,0) size 800x600
  RenderBlock {HTML} at (0,0) size 800x600
    RenderBody {BODY} at (8,8) size 784x576
      RenderBlock {CENTER} at (0,0) size 784x152
        RenderTable {TABLE} at (340,0) size 104x76
          RenderTableSection {THEAD} at (0,0) size 104x19
            RenderTableRow {TR} at (0,0) size 104x19
              RenderTableCell {TD} at (0,0) size 35x19 [r=0 c=0 rs=1 cs=1]
                RenderText {#text} at (1,1) size 29x17
                  text run at (1,1) width 29: "EST"
              RenderTableCell {TD} at (35,0) size 30x19 [border: none none none (1px solid #808080)] [r=0 c=1 rs=1 cs=1]
                RenderText {#text} at (2,1) size 27x17
                  text run at (2,1) width 27: "1am"
              RenderTableCell {TD} at (65,0) size 39x19 [border: none none none (1px solid #808080)] [r=0 c=2 rs=1 cs=1]
                RenderText {#text} at (2,1) size 28x17
                  text run at (2,1) width 28: "8pm"
          RenderTableSection {TBODY} at (0,19) size 104x38
            RenderTableRow {TR} at (0,0) size 104x19
              RenderTableCell {TD} at (0,0) size 35x19 [r=0 c=0 rs=1 cs=1]
                RenderText {#text} at (1,1) size 30x17
                  text run at (1,1) width 30: "CST"
              RenderTableCell {TD} at (35,0) size 30x19 [border: none none none (1px solid #808080)] [r=0 c=1 rs=1 cs=1]
                RenderText {#text} at (2,1) size 27x17
                  text run at (2,1) width 27: "2am"
              RenderTableCell {TD} at (65,0) size 39x19 [border: none none none (1px solid #808080)] [r=0 c=2 rs=1 cs=1]
                RenderText {#text} at (2,1) size 28x17
                  text run at (2,1) width 28: "9pm"
            RenderTableRow {TR} at (0,19) size 104x19
              RenderTableCell {TD} at (0,19) size 35x19 [r=1 c=0 rs=1 cs=1]
                RenderText {#text} at (1,1) size 33x17
                  text run at (1,1) width 33: "MST"
              RenderTableCell {TD} at (35,19) size 30x19 [border: none none none (1px solid #808080)] [r=1 c=1 rs=1 cs=1]
                RenderText {#text} at (2,1) size 27x17
                  text run at (2,1) width 27: "3am"
              RenderTableCell {TD} at (65,19) size 39x19 [border: none none none (1px solid #808080)] [r=1 c=2 rs=1 cs=1]
                RenderText {#text} at (2,1) size 36x17
                  text run at (2,1) width 36: "10pm"
          RenderTableSection {TFOOT} at (0,57) size 104x19
            RenderTableRow {TR} at (0,0) size 104x19
              RenderTableCell {TD} at (0,0) size 35x19 [r=0 c=0 rs=1 cs=1]
                RenderText {#text} at (1,1) size 28x17
                  text run at (1,1) width 28: "PST"
              RenderTableCell {TD} at (35,0) size 30x19 [border: none none none (1px solid #808080)] [r=0 c=1 rs=1 cs=1]
                RenderText {#text} at (2,1) size 27x17
                  text run at (2,1) width 27: "4am"
              RenderTableCell {TD} at (65,0) size 39x19 [border: none none none (1px solid #808080)] [r=0 c=2 rs=1 cs=1]
                RenderText {#text} at (2,1) size 36x17
                  text run at (2,1) width 36: "11pm"
        RenderBlock {P} at (0,92) size 784x60
          RenderButton {BUTTON} at (233,2) size 96x26 [bgcolor=#C0C0C0] [border: (2px outset #C0C0C0)]
            RenderBlock (anonymous) at (8,4) size 79x17
              RenderText {#text} at (0,0) size 79x17
                text run at (0,0) width 25: "No "
                text run at (25,0) width 54: "borders"
          RenderButton {BUTTON} at (332,2) size 122x26 [bgcolor=#C0C0C0] [border: (2px outset #C0C0C0)]
            RenderBlock (anonymous) at (8,4) size 105x17
              RenderText {#text} at (0,0) size 105x17
                text run at (0,0) width 59: "Exterior "
                text run at (59,0) width 46: "border"
          RenderButton {BUTTON} at (457,2) size 94x26 [bgcolor=#C0C0C0] [border: (2px outset #C0C0C0)]
            RenderBlock (anonymous) at (8,4) size 77x17
              RenderText {#text} at (0,0) size 77x17
                text run at (0,0) width 23: "All "
                text run at (23,0) width 54: "borders"
          RenderBR {BR} at (552,20) size 1x0
          RenderButton {BUTTON} at (187,32) size 131x26 [bgcolor=#C0C0C0] [border: (2px outset #C0C0C0)]
            RenderBlock (anonymous) at (8,4) size 114x17
              RenderText {#text} at (0,0) size 114x17
                text run at (0,0) width 60: "Column "
                text run at (60,0) width 54: "borders"
          RenderButton {BUTTON} at (321,32) size 127x26 [bgcolor=#C0C0C0] [border: (2px outset #C0C0C0)]
            RenderBlock (anonymous) at (8,4) size 110x17
              RenderText {#text} at (0,0) size 110x17
                text run at (0,0) width 56: "Groups "
                text run at (56,0) width 54: "borders"
          RenderButton {BUTTON} at (451,32) size 146x26 [bgcolor=#C0C0C0] [border: (2px outset #C0C0C0)]
            RenderBlock (anonymous) at (8,4) size 129x17
              RenderText {#text} at (0,0) size 129x17
                text run at (0,0) width 45: "Table "
                text run at (45,0) width 84: "row borders"
          RenderText {#text} at (0,0) size 0x0
