EDITING DELEGATE: shouldBeginEditingInDOMRange:range from 0 of BODY > HTML > #document to 6 of BODY > HTML > #document
EDITING DELEGATE: webViewDidBeginEditing:WebViewDidBeginEditingNotification
EDITING DELEGATE: webViewDidChangeSelection:WebViewDidChangeSelectionNotification
EDITING DELEGATE: webViewDidChangeSelection:WebViewDidChangeSelectionNotification
EDITING DELEGATE: webViewDidChangeSelection:WebViewDidChangeSelectionNotification
EDITING DELEGATE: webViewDidChange:WebViewDidChangeNotification
layer at (0,0) size 800x600
  RenderView at (0,0) size 800x600
layer at (0,0) size 800x600
  RenderBlock {HTML} at (0,0) size 800x600
    RenderBody {BODY} at (8,8) size 784x584
      RenderBlock {DIV} at (0,0) size 784x80 [border: (2px solid #0000FF)]
        RenderText {#text} at (14,14) size 698x52
          text run at (14,14) width 692: "Should see \"bar\" centered in its own red box. The \"foo\" and \"baz\" lines"
          text run at (706,14) width 6: " "
          text run at (14,40) width 225: "should not be centered."
      RenderBlock {DIV} at (0,104) size 784x134
        RenderBlock {DIV} at (0,0) size 784x134 [border: (2px solid #FF0000)]
          RenderBlock (anonymous) at (14,14) size 756x26
            RenderText {#text} at (0,0) size 32x26
              text run at (0,0) width 32: "foo"
          RenderBlock {DIV} at (14,40) size 756x54 [border: (2px solid #FF0000)]
            RenderText {#text} at (362,14) size 32x26
              text run at (362,14) width 32: "bar"
          RenderBlock (anonymous) at (14,94) size 756x26
            RenderText {#text} at (0,0) size 34x26
              text run at (0,0) width 34: "baz"
caret: position 1 of child 0 {#text} of child 1 {DIV} of child 1 {DIV} of child 3 {DIV} of body
