EDITING DELEGATE: shouldBeginEditingInDOMRange:range from 0 of DIV > BODY > HTML > #document to 3 of DIV > BODY > HTML > #document
EDITING DELEGATE: webViewDidBeginEditing:WebViewDidBeginEditingNotification
EDITING DELEGATE: webViewDidChangeSelection:WebViewDidChangeSelectionNotification
EDITING DELEGATE: webViewDidChangeSelection:WebViewDidChangeSelectionNotification
EDITING DELEGATE: webViewDidChangeSelection:WebViewDidChangeSelectionNotification
EDITING DELEGATE: webViewDidChangeSelection:WebViewDidChangeSelectionNotification
EDITING DELEGATE: shouldChangeSelectedDOMRange:range from 1 of #text > B > DIV > DIV > DIV > BODY > HTML > #document to 1 of #text > B > DIV > DIV > DIV > BODY > HTML > #document toDOMRange:range from 1 of #text > B > DIV > DIV > DIV > BODY > HTML > #document to 1 of #text > B > DIV > DIV > DIV > BODY > HTML > #document affinity:NSSelectionAffinityDownstream stillSelecting:FALSE
EDITING DELEGATE: webViewDidChangeSelection:WebViewDidChangeSelectionNotification
EDITING DELEGATE: webViewDidChange:WebViewDidChangeNotification
layer at (0,0) size 800x600
  RenderView at (0,0) size 800x600
layer at (0,0) size 800x600
  RenderBlock {HTML} at (0,0) size 800x600
    RenderBody {BODY} at (8,8) size 784x584
      RenderBlock {DIV} at (0,0) size 784x200 [border: (2px solid #0000FF)]
        RenderBlock {DIV} at (14,14) size 756x52
          RenderText {#text} at (0,0) size 67x26
            text run at (0,0) width 67: "Tests: "
          RenderBR {BR} at (0,0) size 0x0
          RenderText {#text} at (0,26) size 600x26
            text run at (0,26) width 600: "Style checks performed on boundaries between style changes."
        RenderBlock {DIV} at (14,82) size 756x104
          RenderBlock (anonymous) at (0,0) size 756x52
            RenderText {#text} at (0,0) size 189x26
              text run at (0,0) width 189: "Expected Results: "
            RenderBR {BR} at (189,21) size 0x0
            RenderText {#text} at (0,26) size 436x26
              text run at (0,26) width 436: "Should see this content in the red box below:"
            RenderInline {B} at (0,0) size 0x0
          RenderBlock (anonymous) at (0,52) size 756x52
            RenderBlock {DIV} at (0,0) size 756x26
              RenderText {#text} at (0,0) size 12x26
                text run at (0,0) width 12: "a"
            RenderBlock {DIV} at (0,26) size 756x26
              RenderText {#text} at (0,0) size 13x26
                text run at (0,0) width 13: "b"
          RenderBlock (anonymous) at (0,104) size 756x0
            RenderInline {B} at (0,0) size 0x0
            RenderText {#text} at (0,0) size 0x0
      RenderBlock {DIV} at (0,224) size 784x56
        RenderBlock {DIV} at (0,0) size 784x56 [border: (2px solid #FF0000)]
          RenderBlock {DIV} at (2,2) size 780x26
            RenderInline {B} at (0,0) size 12x26
              RenderText {#text} at (0,0) size 12x26
                text run at (0,0) width 12: "a"
          RenderBlock {DIV} at (2,28) size 780x26
            RenderInline {B} at (0,0) size 13x26
              RenderText {#text} at (0,0) size 13x26
                text run at (0,0) width 13: "b"
selection start: position 1 of child 0 {#text} of child 0 {B} of child 0 {DIV} of child 1 {DIV} of child 3 {DIV} of body
selection end:   position 1 of child 0 {#text} of child 0 {B} of child 1 {DIV} of child 1 {DIV} of child 3 {DIV} of body
