layer at (0,0) size 800x600
  RenderView at (0,0) size 800x600
layer at (0,0) size 800x600
  RenderBlock {HTML} at (0,0) size 800x600
    RenderBody {BODY} at (8,8) size 784x576
      RenderBlock {P} at (0,0) size 784x36
        RenderText {#text} at (0,0) size 753x36
          text run at (0,0) width 420: "Test that search field text is vertically centered if the search field is "
          text run at (420,0) width 333: "taller than the text. In each of the following pairs of a"
          text run at (0,18) width 103: "search field and "
          text run at (103,18) width 356: "a text field, the vertical position of the text should be the "
          text run at (459,18) width 122: "same in both fields."
      RenderBlock {P} at (0,52) size 784x45
        RenderTextControl {INPUT} at (2,0) size 173x45 [bgcolor=#FFFFFF] [border: (2px inset #000000)]
          RenderFlexibleBox {DIV} at (3,3) size 167x39
            RenderBlock {DIV} at (2,13) size 13x13
            RenderBlock {DIV} at (18,12) size 137x15
            RenderBlock {DIV} at (155,15) size 9x9
        RenderText {#text} at (177,13) size 4x18
          text run at (177,13) width 4: " "
        RenderTextControl {INPUT} at (183,0) size 149x45 [bgcolor=#FFFFFF] [border: (2px inset #000000)]
        RenderText {#text} at (0,0) size 0x0
      RenderBlock {P} at (0,113) size 784x18
        RenderTextControl {INPUT} at (2,2) size 173x16 [bgcolor=#FFFFFF] [border: (2px inset #000000)]
          RenderFlexibleBox {DIV} at (3,0) size 167x16
            RenderBlock {DIV} at (2,1) size 13x13
            RenderBlock {DIV} at (18,0) size 137x15
            RenderBlock {DIV} at (155,3) size 9x9
        RenderText {#text} at (177,0) size 4x18
          text run at (177,0) width 4: " "
        RenderTextControl {INPUT} at (183,2) size 149x16 [bgcolor=#FFFFFF] [border: (2px inset #000000)]
        RenderText {#text} at (0,0) size 0x0
      RenderBlock {P} at (0,147) size 784x18
        RenderTextControl {INPUT} at (2,5) size 173x12 [bgcolor=#FFFFFF] [border: (2px inset #000000)]
          RenderFlexibleBox {DIV} at (3,0) size 167x12
            RenderBlock {DIV} at (2,0) size 13x13
            RenderBlock {DIV} at (18,3) size 137x6
            RenderBlock {DIV} at (155,1) size 9x10
        RenderText {#text} at (177,0) size 4x18
          text run at (177,0) width 4: " "
        RenderTextControl {INPUT} at (183,5) size 149x12 [bgcolor=#FFFFFF] [border: (2px inset #000000)]
        RenderText {#text} at (0,0) size 0x0
layer at (31,75) size 137x15
  RenderBlock {DIV} at (0,0) size 137x15
    RenderText {#text} at (0,0) size 26x15
      text run at (0,0) width 26: "Text"
layer at (193,75) size 145x15
  RenderBlock {DIV} at (2,15) size 145x15
    RenderText {#text} at (0,0) size 26x15
      text run at (0,0) width 26: "Text"
layer at (31,124) size 137x15
  RenderBlock {DIV} at (0,0) size 137x15
    RenderText {#text} at (0,0) size 26x15
      text run at (0,0) width 26: "Text"
layer at (193,124) size 145x15
  RenderBlock {DIV} at (2,0) size 145x16
    RenderText {#text} at (0,0) size 26x15
      text run at (0,0) width 26: "Text"
layer at (31,163) size 137x6 scrollHeight 15
  RenderBlock {DIV} at (0,0) size 137x6
    RenderText {#text} at (0,0) size 26x15
      text run at (0,0) width 26: "Text"
layer at (193,163) size 145x6 scrollHeight 15
  RenderBlock {DIV} at (2,3) size 145x6
    RenderText {#text} at (0,0) size 26x15
      text run at (0,0) width 26: "Text"
