layer at (0,0) size 800x600
  RenderView at (0,0) size 800x600
layer at (0,0) size 800x600
  RenderBlock {HTML} at (0,0) size 800x600
    RenderBody {BODY} at (8,8) size 784x584
      RenderBlock {DIV} at (0,0) size 784x98 [border: (5px solid #FF0000)]
        RenderMenuList {SELECT} at (39,39) size 53x20 [bgcolor=#FFFFFF02] [border: (1px solid #4C4C4C)]
          RenderBlock (anonymous) at (6,3) size 41x14
            RenderText at (0,0) size 21x14
              text run at (0,0) width 21: "One"
        RenderText {#text} at (94,38) size 27x19
          text run at (94,38) width 27: "blaa"
caret: position 0 of child 0 {SELECT} of child 0 {DIV} of body
