layer at (0,0) size 800x600
  RenderView at (0,0) size 800x600
layer at (0,0) size 800x600
  RenderBlock {HTML} at (0,0) size 800x600
    RenderBody {BODY} at (8,8) size 784x576
      RenderBlock {P} at (0,0) size 784x36
        RenderText {#text} at (0,0) size 772x36
          text run at (0,0) width 431: "Test that search field text is vertically centered if the search field is "
          text run at (430,0) width 342: "taller than the text. In each of the following pairs of a"
          text run at (0,18) width 105: "search field and "
          text run at (104,18) width 366: "a text field, the vertical position of the text should be the "
          text run at (469,18) width 125: "same in both fields."
      RenderBlock {P} at (0,52) size 784x45
        RenderTextControl {INPUT} at (2,0) size 176x45 [bgcolor=#FFFFFF] [border: (2px inset #000000)]
          RenderFlexibleBox {DIV} at (3,3) size 170x39
            RenderBlock {DIV} at (0,14) size 17x11
            RenderBlock {DIV} at (17,13) size 140x13
            RenderBlock {DIV} at (156,14) size 14x11
        RenderText {#text} at (179,13) size 5x18
          text run at (179,13) width 5: " "
        RenderTextControl {INPUT} at (185,0) size 146x45 [bgcolor=#FFFFFF] [border: (2px inset #000000)]
        RenderText {#text} at (0,0) size 0x0
      RenderBlock {P} at (0,113) size 784x18
        RenderTextControl {INPUT} at (2,2) size 176x16 [bgcolor=#FFFFFF] [border: (2px inset #000000)]
          RenderFlexibleBox {DIV} at (3,1) size 170x13
            RenderBlock {DIV} at (0,1) size 17x11
            RenderBlock {DIV} at (17,0) size 140x13
            RenderBlock {DIV} at (156,1) size 14x11
        RenderText {#text} at (179,0) size 5x18
          text run at (179,0) width 5: " "
        RenderTextControl {INPUT} at (185,2) size 146x16 [bgcolor=#FFFFFF] [border: (2px inset #000000)]
        RenderText {#text} at (0,0) size 0x0
      RenderBlock {P} at (0,147) size 784x18
        RenderTextControl {INPUT} at (2,5) size 176x12 [bgcolor=#FFFFFF] [border: (2px inset #000000)]
          RenderFlexibleBox {DIV} at (3,0) size 170x12
            RenderBlock {DIV} at (0,0) size 17x12
            RenderBlock {DIV} at (17,3) size 140x6
            RenderBlock {DIV} at (156,0) size 14x12
        RenderText {#text} at (179,0) size 5x18
          text run at (179,0) width 5: " "
        RenderTextControl {INPUT} at (185,5) size 146x12 [bgcolor=#FFFFFF] [border: (2px inset #000000)]
        RenderText {#text} at (0,0) size 0x0
layer at (30,76) size 139x13
  RenderBlock {DIV} at (0,0) size 140x13
    RenderText {#text} at (0,0) size 23x13
      text run at (0,0) width 23: "Text"
layer at (196,76) size 139x13
  RenderBlock {DIV} at (3,16) size 140x13
    RenderText {#text} at (0,0) size 23x13
      text run at (0,0) width 23: "Text"
layer at (30,124) size 139x13
  RenderBlock {DIV} at (0,0) size 140x13
    RenderText {#text} at (0,0) size 23x13
      text run at (0,0) width 23: "Text"
layer at (196,124) size 139x13
  RenderBlock {DIV} at (3,1) size 140x13
    RenderText {#text} at (0,0) size 23x13
      text run at (0,0) width 23: "Text"
layer at (30,163) size 139x6 scrollHeight 13
  RenderBlock {DIV} at (0,0) size 140x6
    RenderText {#text} at (0,0) size 23x13
      text run at (0,0) width 23: "Text"
layer at (196,163) size 139x6 scrollHeight 13
  RenderBlock {DIV} at (3,3) size 140x6
    RenderText {#text} at (0,0) size 23x13
      text run at (0,0) width 23: "Text"
