layer at (0,0) size 800x1338
  RenderView at (0,0) size 800x600
layer at (0,0) size 800x1338
  RenderBlock {HTML} at (0,0) size 800x1338
    RenderBody {BODY} at (0,0) size 800x1338
      RenderPartObject {IFRAME} at (0,0) size 800x684
        layer at (0,0) size 800x684
          RenderView at (0,0) size 800x684
        layer at (0,0) size 800x684
          RenderBlock {HTML} at (0,0) size 800x684
            RenderBody {BODY} at (0,5) size 800x679
              RenderBlock {DIV} at (0,0) size 800x20
                RenderText {#text} at (0,0) size 196x19
                  text run at (0,0) width 196: "CompatMode: CSS1Compat"
              RenderBlock (anonymous) at (0,25) size 800x654
                RenderBlock {DIV} at (0,31) size 141x59 [border: (1px solid #0000FF)]
                  RenderBlock {SPAN} at (1,12) size 80x0
                  RenderBR {BR} at (81,1) size 0x14
                RenderBlock {DIV} at (141,31) size 141x59 [border: (1px solid #0000FF)]
                  RenderBlock {SPAN} at (1,1) size 80x15
                    RenderText {#text} at (0,0) size 78x14
                      text run at (0,0) width 78: "disabled: \"true\","
                  RenderBR {BR} at (81,1) size 0x14
                RenderBlock {DIV} at (282,0) size 157x90 [border: (1px solid #0000FF)]
                  RenderBlock {SPAN} at (1,1) size 80x30
                    RenderText {#text} at (0,0) size 79x29
                      text run at (0,0) width 26: "style:"
                      text run at (0,15) width 79: "\"padding:10px\","
                  RenderBR {BR} at (81,16) size 0x14
                RenderBlock {DIV} at (439,20) size 137x70 [border: (1px solid #0000FF)]
                  RenderBlock {SPAN} at (1,1) size 80x30
                    RenderText {#text} at (0,0) size 73x29
                      text run at (0,0) width 26: "style:"
                      text run at (0,15) width 73: "\"padding:0px\","
                  RenderBR {BR} at (81,16) size 0x14
                RenderBlock {DIV} at (576,0) size 157x90 [border: (1px solid #0000FF)]
                  RenderBlock {SPAN} at (1,1) size 80x30
                    RenderText {#text} at (0,0) size 74x29
                      text run at (0,0) width 26: "style:"
                      text run at (0,15) width 74: "\"margin:10px\","
                  RenderBR {BR} at (81,16) size 0x14
                RenderBlock {DIV} at (0,145) size 137x70 [border: (1px solid #0000FF)]
                  RenderBlock {SPAN} at (1,1) size 80x30
                    RenderText {#text} at (0,0) size 68x29
                      text run at (0,0) width 26: "style:"
                      text run at (0,15) width 68: "\"margin:0px\","
                  RenderBR {BR} at (81,16) size 0x14
                RenderBlock {DIV} at (137,141) size 82x74 [border: (1px solid #0000FF)]
                  RenderBlock {SPAN} at (1,1) size 80x30
                    RenderText {#text} at (0,0) size 68x29
                      text run at (0,0) width 26: "style:"
                      text run at (0,15) width 68: "\"width:60px\","
                  RenderBR {BR} at (81,16) size 0x14
                RenderBlock {DIV} at (219,90) size 104x125 [border: (1px solid #0000FF)]
                  RenderBlock {SPAN} at (1,1) size 80x45
                    RenderText {#text} at (0,0) size 74x44
                      text run at (0,0) width 26: "style:"
                      text run at (0,15) width 63: "\"width:60px;"
                      text run at (0,30) width 74: "padding:20px\","
                  RenderBR {BR} at (81,31) size 0x14
                RenderBlock {DIV} at (323,130) size 82x85 [border: (1px solid #0000FF)]
                  RenderBlock {SPAN} at (1,1) size 80x45
                    RenderText {#text} at (0,0) size 63x44
                      text run at (0,0) width 26: "style:"
                      text run at (0,15) width 63: "\"width:60px;"
                      text run at (0,30) width 56: "padding:0\","
                  RenderBR {BR} at (81,31) size 0x14
                RenderBlock {DIV} at (405,113) size 141x102 [border: (1px solid #0000FF)]
                  RenderBlock {SPAN} at (1,1) size 80x30
                    RenderText {#text} at (0,0) size 71x29
                      text run at (0,0) width 26: "style:"
                      text run at (0,15) width 71: "\"height:60px\","
                  RenderBR {BR} at (81,16) size 0x14
                RenderBlock {DIV} at (546,98) size 82x117 [border: (1px solid #0000FF)]
                  RenderBlock {SPAN} at (1,1) size 80x45
                    RenderText {#text} at (0,0) size 66x44
                      text run at (0,0) width 26: "style:"
                      text run at (0,15) width 63: "\"width:60px;"
                      text run at (0,30) width 66: "height:60px\","
                  RenderBR {BR} at (81,31) size 0x14
                RenderBlock {DIV} at (628,141) size 141x74 [border: (1px solid #0000FF)]
                  RenderBlock {SPAN} at (1,1) size 80x30
                    RenderText {#text} at (0,0) size 93x29
                      text run at (0,0) width 26: "style:"
                      text run at (0,15) width 93: "\"overflow:hidden\","
                  RenderBR {BR} at (81,16) size 0x14
                RenderBlock {DIV} at (0,273) size 141x74 [border: (1px solid #0000FF)]
                  RenderBlock {SPAN} at (1,1) size 80x30
                    RenderText {#text} at (0,0) size 87x29
                      text run at (0,0) width 26: "style:"
                      text run at (0,15) width 87: "\"overflow:scroll\","
                  RenderBR {BR} at (81,16) size 0x14
                RenderBlock {DIV} at (141,215) size 82x132 [border: (1px solid #0000FF)]
                  RenderBlock {SPAN} at (1,1) size 80x60
                    RenderText {#text} at (0,0) size 88x59
                      text run at (0,0) width 26: "style:"
                      text run at (0,15) width 88: "\"overflow:hidden;"
                      text run at (0,30) width 59: "width:60px;"
                      text run at (0,45) width 66: "height:60px\","
                  RenderBR {BR} at (81,46) size 0x14
                RenderBlock {DIV} at (223,215) size 82x132 [border: (1px solid #0000FF)]
                  RenderBlock {SPAN} at (1,1) size 80x60
                    RenderText {#text} at (0,0) size 82x59
                      text run at (0,0) width 26: "style:"
                      text run at (0,15) width 82: "\"overflow:scroll;"
                      text run at (0,30) width 59: "width:60px;"
                      text run at (0,45) width 66: "height:60px\","
                  RenderBR {BR} at (81,46) size 0x14
                RenderBlock {DIV} at (305,230) size 82x117 [border: (1px solid #0000FF)]
                  RenderBlock {SPAN} at (1,1) size 80x45
                    RenderText {#text} at (0,0) size 74x44
                      text run at (0,0) width 74: "cols: \"5\", style:"
                      text run at (0,15) width 63: "\"width:60px;"
                      text run at (0,30) width 66: "height:60px\","
                  RenderBR {BR} at (81,31) size 0x14
                RenderBlock {DIV} at (387,230) size 82x117 [border: (1px solid #0000FF)]
                  RenderBlock {SPAN} at (1,1) size 80x45
                    RenderText {#text} at (0,0) size 78x44
                      text run at (0,0) width 78: "rows: \"4\", style:"
                      text run at (0,15) width 63: "\"width:60px;"
                      text run at (0,30) width 66: "height:60px\","
                  RenderBR {BR} at (81,31) size 0x14
                RenderBlock {DIV} at (469,215) size 82x132 [border: (1px solid #0000FF)]
                  RenderBlock {SPAN} at (1,1) size 80x60
                    RenderText {#text} at (0,0) size 75x59
                      text run at (0,0) width 75: "cols: \"5\", rows:"
                      text run at (0,15) width 48: "\"4\", style:"
                      text run at (0,30) width 63: "\"width:60px;"
                      text run at (0,45) width 66: "height:60px\","
                  RenderBR {BR} at (81,46) size 0x14
                RenderBlock {DIV} at (551,288) size 82x59 [border: (1px solid #0000FF)]
                  RenderBlock {SPAN} at (1,1) size 80x15
                    RenderText {#text} at (0,0) size 45x14
                      text run at (0,0) width 45: "cols: \"3\","
                  RenderBR {BR} at (81,1) size 0x14
                RenderBlock {DIV} at (633,274) size 141x73 [border: (1px solid #0000FF)]
                  RenderBlock {SPAN} at (1,1) size 80x15
                    RenderText {#text} at (0,0) size 49x14
                      text run at (0,0) width 49: "rows: \"3\","
                  RenderBR {BR} at (81,1) size 0x14
                RenderBlock {DIV} at (0,417) size 82x59 [border: (1px solid #0000FF)]
                  RenderBlock {SPAN} at (1,1) size 80x15
                    RenderText {#text} at (0,0) size 45x14
                      text run at (0,0) width 45: "cols: \"7\","
                  RenderBR {BR} at (81,1) size 0x14
                RenderBlock {DIV} at (82,347) size 141x129 [border: (1px solid #0000FF)]
                  RenderBlock {SPAN} at (1,1) size 80x15
                    RenderText {#text} at (0,0) size 49x14
                      text run at (0,0) width 49: "rows: \"7\","
                  RenderBR {BR} at (81,1) size 0x14
                RenderBlock {DIV} at (223,374) size 82x102 [border: (1px solid #0000FF)]
                  RenderBlock {SPAN} at (1,1) size 80x30
                    RenderText {#text} at (0,0) size 75x29
                      text run at (0,0) width 75: "cols: \"5\", rows:"
                      text run at (0,15) width 19: "\"4\","
                  RenderBR {BR} at (81,16) size 0x14
                RenderBlock {DIV} at (305,417) size 141x59 [border: (1px solid #0000FF)]
                  RenderBlock {SPAN} at (1,1) size 80x15
                    RenderText {#text} at (0,0) size 57x14
                      text run at (0,0) width 57: "wrap: \"off\","
                  RenderBR {BR} at (81,1) size 0x14
                RenderBlock {DIV} at (446,417) size 141x59 [border: (1px solid #0000FF)]
                  RenderBlock {SPAN} at (1,1) size 80x15
                    RenderText {#text} at (0,0) size 65x14
                      text run at (0,0) width 65: "wrap: \"hard\","
                  RenderBR {BR} at (81,1) size 0x14
                RenderBlock {DIV} at (587,417) size 141x59 [border: (1px solid #0000FF)]
                  RenderBlock {SPAN} at (1,1) size 80x15
                    RenderText {#text} at (0,0) size 62x14
                      text run at (0,0) width 62: "wrap: \"soft\","
                  RenderBR {BR} at (81,1) size 0x14
                RenderBlock {DIV} at (0,476) size 141x74 [border: (1px solid #0000FF)]
                  RenderBlock {SPAN} at (1,1) size 80x30
                    RenderText {#text} at (0,0) size 72x29
                      text run at (0,0) width 65: "style: \"white-"
                      text run at (0,15) width 72: "space:normal\","
                  RenderBR {BR} at (81,16) size 0x14
                RenderBlock {DIV} at (141,476) size 141x74 [border: (1px solid #0000FF)]
                  RenderBlock {SPAN} at (1,1) size 80x30
                    RenderText {#text} at (0,0) size 65x29
                      text run at (0,0) width 65: "style: \"white-"
                      text run at (0,15) width 54: "space:pre\","
                  RenderBR {BR} at (81,16) size 0x14
                RenderBlock {DIV} at (282,476) size 141x74 [border: (1px solid #0000FF)]
                  RenderBlock {SPAN} at (1,1) size 80x30
                    RenderText {#text} at (0,0) size 78x29
                      text run at (0,0) width 65: "style: \"white-"
                      text run at (0,15) width 78: "space:prewrap\","
                  RenderBR {BR} at (81,16) size 0x14
                RenderBlock {DIV} at (423,476) size 141x74 [border: (1px solid #0000FF)]
                  RenderBlock {SPAN} at (1,1) size 80x30
                    RenderText {#text} at (0,0) size 74x29
                      text run at (0,0) width 65: "style: \"white-"
                      text run at (0,15) width 74: "space:nowrap\","
                  RenderBR {BR} at (81,16) size 0x14
                RenderBlock {DIV} at (564,476) size 141x74 [border: (1px solid #0000FF)]
                  RenderBlock {SPAN} at (1,1) size 80x30
                    RenderText {#text} at (0,0) size 76x29
                      text run at (0,0) width 65: "style: \"white-"
                      text run at (0,15) width 76: "space:pre-line\","
                  RenderBR {BR} at (81,16) size 0x14
                RenderBlock {DIV} at (0,580) size 141x74 [border: (1px solid #0000FF)]
                  RenderBlock {SPAN} at (1,1) size 80x30
                    RenderText {#text} at (0,0) size 70x29
                      text run at (0,0) width 63: "style: \"word-"
                      text run at (0,15) width 70: "wrap:normal\","
                  RenderBR {BR} at (81,16) size 0x14
                RenderBlock {DIV} at (141,550) size 141x104 [border: (1px solid #0000FF)]
                  RenderBlock {SPAN} at (1,1) size 80x60
                    RenderText {#text} at (0,0) size 65x59
                      text run at (0,0) width 57: "wrap: \"off\","
                      text run at (0,15) width 65: "style: \"white-"
                      text run at (0,30) width 50: "space:pre-"
                      text run at (0,45) width 32: "wrap\","
                  RenderBR {BR} at (81,46) size 0x14
        layer at (3,79) size 135x34 clip at (4,80) size 133x32
          RenderTextControl {TEXTAREA} at (3,18) size 135x34 [bgcolor=#FFFFFF] [border: (1px solid #4C4C4C)]
            RenderBlock {DIV} at (3,3) size 129x14
              RenderText {#text} at (3,0) size 92x14
                text run at (3,0) width 92: "Lorem ipsum dolor"
        layer at (285,63) size 151x50 clip at (286,64) size 149x48 scrollHeight 76
          RenderTextControl {TEXTAREA} at (3,33) size 151x50 [bgcolor=#FFFFFF] [border: (1px solid #4C4C4C)]
            RenderBlock {DIV} at (11,11) size 129x56
              RenderText {#text} at (3,0) size 117x56
                text run at (3,0) width 95: "Lorem ipsum  dolor"
                text run at (97,0) width 4: " "
                text run at (3,14) width 117: "ABCDEFGHIJKLMNOP"
                text run at (3,28) width 78: "QRSTUVWXYZ"
                text run at (80,28) width 4: " "
                text run at (3,42) width 116: "abcdefghijklmnopqrstuv"
        layer at (442,83) size 131x30 clip at (443,84) size 129x28 scrollHeight 56
          RenderTextControl {TEXTAREA} at (3,33) size 131x30 [bgcolor=#FFFFFF] [border: (1px solid #4C4C4C)]
            RenderBlock {DIV} at (1,1) size 129x56
              RenderText {#text} at (3,0) size 117x56
                text run at (3,0) width 95: "Lorem ipsum  dolor"
                text run at (97,0) width 4: " "
                text run at (3,14) width 117: "ABCDEFGHIJKLMNOP"
                text run at (3,28) width 78: "QRSTUVWXYZ"
                text run at (80,28) width 4: " "
                text run at (3,42) width 116: "abcdefghijklmnopqrstuv"
        layer at (587,71) size 135x34 clip at (588,72) size 133x32 scrollHeight 60
          RenderTextControl {TEXTAREA} at (11,41) size 135x34 [bgcolor=#FFFFFF] [border: (1px solid #4C4C4C)]
            RenderBlock {DIV} at (3,3) size 129x56
              RenderText {#text} at (3,0) size 117x56
                text run at (3,0) width 95: "Lorem ipsum  dolor"
                text run at (97,0) width 4: " "
                text run at (3,14) width 117: "ABCDEFGHIJKLMNOP"
                text run at (3,28) width 78: "QRSTUVWXYZ"
                text run at (80,28) width 4: " "
                text run at (3,42) width 116: "abcdefghijklmnopqrstuv"
        layer at (1,206) size 135x34 clip at (2,207) size 133x32 scrollHeight 60
          RenderTextControl {TEXTAREA} at (1,31) size 135x34 [bgcolor=#FFFFFF] [border: (1px solid #4C4C4C)]
            RenderBlock {DIV} at (3,3) size 129x56
              RenderText {#text} at (3,0) size 117x56
                text run at (3,0) width 95: "Lorem ipsum  dolor"
                text run at (97,0) width 4: " "
                text run at (3,14) width 117: "ABCDEFGHIJKLMNOP"
                text run at (3,28) width 78: "QRSTUVWXYZ"
                text run at (80,28) width 4: " "
                text run at (3,42) width 116: "abcdefghijklmnopqrstuv"
        layer at (138,204) size 66x34 clip at (139,205) size 64x32 scrollHeight 144
          RenderTextControl {TEXTAREA} at (1,33) size 66x34 [bgcolor=#FFFFFF] [border: (1px solid #4C4C4C)]
            RenderBlock {DIV} at (3,3) size 60x140
              RenderText {#text} at (3,0) size 54x140
                text run at (3,0) width 32: "Lorem"
                text run at (34,0) width 4: " "
                text run at (3,14) width 30: "ipsum"
                text run at (32,14) width 7: "  "
                text run at (3,28) width 25: "dolor"
                text run at (27,28) width 4: " "
                text run at (3,42) width 54: "ABCDEFG"
                text run at (3,56) width 48: "HIJKLMN"
                text run at (3,70) width 47: "OPQRST"
                text run at (3,84) width 48: "UVWXYZ"
                text run at (50,84) width 4: " "
                text run at (3,98) width 51: "abcdefghij"
                text run at (3,112) width 54: "klmnopqrst"
                text run at (3,126) width 12: "uv"
        layer at (220,168) size 102x70 clip at (221,169) size 100x68 scrollHeight 180
          RenderTextControl {TEXTAREA} at (1,48) size 102x70 [bgcolor=#FFFFFF] [border: (1px solid #4C4C4C)]
            RenderBlock {DIV} at (21,21) size 60x140
              RenderText {#text} at (3,0) size 54x140
                text run at (3,0) width 32: "Lorem"
                text run at (34,0) width 4: " "
                text run at (3,14) width 30: "ipsum"
                text run at (32,14) width 7: "  "
                text run at (3,28) width 25: "dolor"
                text run at (27,28) width 4: " "
                text run at (3,42) width 54: "ABCDEFG"
                text run at (3,56) width 48: "HIJKLMN"
                text run at (3,70) width 47: "OPQRST"
                text run at (3,84) width 48: "UVWXYZ"
                text run at (50,84) width 4: " "
                text run at (3,98) width 51: "abcdefghij"
                text run at (3,112) width 54: "klmnopqrst"
                text run at (3,126) width 12: "uv"
        layer at (324,208) size 62x30 clip at (325,209) size 60x28 scrollHeight 140
          RenderTextControl {TEXTAREA} at (1,48) size 62x30 [bgcolor=#FFFFFF] [border: (1px solid #4C4C4C)]
            RenderBlock {DIV} at (1,1) size 60x140
              RenderText {#text} at (3,0) size 54x140
                text run at (3,0) width 32: "Lorem"
                text run at (34,0) width 4: " "
                text run at (3,14) width 30: "ipsum"
                text run at (32,14) width 7: "  "
                text run at (3,28) width 25: "dolor"
                text run at (27,28) width 4: " "
                text run at (3,42) width 54: "ABCDEFG"
                text run at (3,56) width 48: "HIJKLMN"
                text run at (3,70) width 47: "OPQRST"
                text run at (3,84) width 48: "UVWXYZ"
                text run at (50,84) width 4: " "
                text run at (3,98) width 51: "abcdefghij"
                text run at (3,112) width 54: "klmnopqrst"
                text run at (3,126) width 12: "uv"
        layer at (408,174) size 135x66 clip at (409,175) size 133x64
          RenderTextControl {TEXTAREA} at (3,31) size 135x66 [bgcolor=#FFFFFF] [border: (1px solid #4C4C4C)]
            RenderBlock {DIV} at (3,3) size 129x56
              RenderText {#text} at (3,0) size 117x56
                text run at (3,0) width 95: "Lorem ipsum  dolor"
                text run at (97,0) width 4: " "
                text run at (3,14) width 117: "ABCDEFGHIJKLMNOP"
                text run at (3,28) width 78: "QRSTUVWXYZ"
                text run at (80,28) width 4: " "
                text run at (3,42) width 116: "abcdefghijklmnopqrstuv"
        layer at (547,174) size 66x66 clip at (548,175) size 64x64 scrollHeight 144
          RenderTextControl {TEXTAREA} at (1,46) size 66x66 [bgcolor=#FFFFFF] [border: (1px solid #4C4C4C)]
            RenderBlock {DIV} at (3,3) size 60x140
              RenderText {#text} at (3,0) size 54x140
                text run at (3,0) width 32: "Lorem"
                text run at (34,0) width 4: " "
                text run at (3,14) width 30: "ipsum"
                text run at (32,14) width 7: "  "
                text run at (3,28) width 25: "dolor"
                text run at (27,28) width 4: " "
                text run at (3,42) width 54: "ABCDEFG"
                text run at (3,56) width 48: "HIJKLMN"
                text run at (3,70) width 47: "OPQRST"
                text run at (3,84) width 48: "UVWXYZ"
                text run at (50,84) width 4: " "
                text run at (3,98) width 51: "abcdefghij"
                text run at (3,112) width 54: "klmnopqrst"
                text run at (3,126) width 12: "uv"
        layer at (631,204) size 135x34 clip at (632,205) size 133x32 scrollHeight 60
          RenderTextControl {TEXTAREA} at (3,33) size 135x34 [bgcolor=#FFFFFF] [border: (1px solid #4C4C4C)]
            RenderBlock {DIV} at (3,3) size 129x56
              RenderText {#text} at (3,0) size 117x56
                text run at (3,0) width 95: "Lorem ipsum  dolor"
                text run at (97,0) width 4: " "
                text run at (3,14) width 117: "ABCDEFGHIJKLMNOP"
                text run at (3,28) width 78: "QRSTUVWXYZ"
                text run at (80,28) width 4: " "
                text run at (3,42) width 116: "abcdefghijklmnopqrstuv"
        layer at (3,336) size 135x34 clip at (4,337) size 133x32 scrollHeight 60
          RenderTextControl {TEXTAREA} at (3,33) size 135x34 [bgcolor=#FFFFFF] [border: (1px solid #4C4C4C)]
            RenderBlock {DIV} at (3,3) size 129x56
              RenderText {#text} at (3,0) size 117x56
                text run at (3,0) width 95: "Lorem ipsum  dolor"
                text run at (97,0) width 4: " "
                text run at (3,14) width 117: "ABCDEFGHIJKLMNOP"
                text run at (3,28) width 78: "QRSTUVWXYZ"
                text run at (80,28) width 4: " "
                text run at (3,42) width 116: "abcdefghijklmnopqrstuv"
        layer at (142,306) size 66x66 clip at (143,307) size 64x64 scrollHeight 144
          RenderTextControl {TEXTAREA} at (1,61) size 66x66 [bgcolor=#FFFFFF] [border: (1px solid #4C4C4C)]
            RenderBlock {DIV} at (3,3) size 60x140
              RenderText {#text} at (3,0) size 54x140
                text run at (3,0) width 32: "Lorem"
                text run at (34,0) width 4: " "
                text run at (3,14) width 30: "ipsum"
                text run at (32,14) width 7: "  "
                text run at (3,28) width 25: "dolor"
                text run at (27,28) width 4: " "
                text run at (3,42) width 54: "ABCDEFG"
                text run at (3,56) width 48: "HIJKLMN"
                text run at (3,70) width 47: "OPQRST"
                text run at (3,84) width 48: "UVWXYZ"
                text run at (50,84) width 4: " "
                text run at (3,98) width 51: "abcdefghij"
                text run at (3,112) width 54: "klmnopqrst"
                text run at (3,126) width 12: "uv"
        layer at (224,306) size 66x66 clip at (225,307) size 64x64 scrollHeight 144
          RenderTextControl {TEXTAREA} at (1,61) size 66x66 [bgcolor=#FFFFFF] [border: (1px solid #4C4C4C)]
            RenderBlock {DIV} at (3,3) size 60x140
              RenderText {#text} at (3,0) size 54x140
                text run at (3,0) width 32: "Lorem"
                text run at (34,0) width 4: " "
                text run at (3,14) width 30: "ipsum"
                text run at (32,14) width 7: "  "
                text run at (3,28) width 25: "dolor"
                text run at (27,28) width 4: " "
                text run at (3,42) width 54: "ABCDEFG"
                text run at (3,56) width 48: "HIJKLMN"
                text run at (3,70) width 47: "OPQRST"
                text run at (3,84) width 48: "UVWXYZ"
                text run at (50,84) width 4: " "
                text run at (3,98) width 51: "abcdefghij"
                text run at (3,112) width 54: "klmnopqrst"
                text run at (3,126) width 12: "uv"
        layer at (306,306) size 66x66 clip at (307,307) size 64x64 scrollHeight 144
          RenderTextControl {TEXTAREA} at (1,46) size 66x66 [bgcolor=#FFFFFF] [border: (1px solid #4C4C4C)]
            RenderBlock {DIV} at (3,3) size 60x140
              RenderText {#text} at (3,0) size 54x140
                text run at (3,0) width 32: "Lorem"
                text run at (34,0) width 4: " "
                text run at (3,14) width 30: "ipsum"
                text run at (32,14) width 7: "  "
                text run at (3,28) width 25: "dolor"
                text run at (27,28) width 4: " "
                text run at (3,42) width 54: "ABCDEFG"
                text run at (3,56) width 48: "HIJKLMN"
                text run at (3,70) width 47: "OPQRST"
                text run at (3,84) width 48: "UVWXYZ"
                text run at (50,84) width 4: " "
                text run at (3,98) width 51: "abcdefghij"
                text run at (3,112) width 54: "klmnopqrst"
                text run at (3,126) width 12: "uv"
        layer at (388,306) size 66x66 clip at (389,307) size 64x64 scrollHeight 144
          RenderTextControl {TEXTAREA} at (1,46) size 66x66 [bgcolor=#FFFFFF] [border: (1px solid #4C4C4C)]
            RenderBlock {DIV} at (3,3) size 60x140
              RenderText {#text} at (3,0) size 54x140
                text run at (3,0) width 32: "Lorem"
                text run at (34,0) width 4: " "
                text run at (3,14) width 30: "ipsum"
                text run at (32,14) width 7: "  "
                text run at (3,28) width 25: "dolor"
                text run at (27,28) width 4: " "
                text run at (3,42) width 54: "ABCDEFG"
                text run at (3,56) width 48: "HIJKLMN"
                text run at (3,70) width 47: "OPQRST"
                text run at (3,84) width 48: "UVWXYZ"
                text run at (50,84) width 4: " "
                text run at (3,98) width 51: "abcdefghij"
                text run at (3,112) width 54: "klmnopqrst"
                text run at (3,126) width 12: "uv"
        layer at (470,306) size 66x66 clip at (471,307) size 64x64 scrollHeight 144
          RenderTextControl {TEXTAREA} at (1,61) size 66x66 [bgcolor=#FFFFFF] [border: (1px solid #4C4C4C)]
            RenderBlock {DIV} at (3,3) size 60x140
              RenderText {#text} at (3,0) size 54x140
                text run at (3,0) width 32: "Lorem"
                text run at (34,0) width 4: " "
                text run at (3,14) width 30: "ipsum"
                text run at (32,14) width 7: "  "
                text run at (3,28) width 25: "dolor"
                text run at (27,28) width 4: " "
                text run at (3,42) width 54: "ABCDEFG"
                text run at (3,56) width 48: "HIJKLMN"
                text run at (3,70) width 47: "OPQRST"
                text run at (3,84) width 48: "UVWXYZ"
                text run at (50,84) width 4: " "
                text run at (3,98) width 51: "abcdefghij"
                text run at (3,112) width 54: "klmnopqrst"
                text run at (3,126) width 12: "uv"
        layer at (554,336) size 31x34 clip at (555,337) size 29x32 scrollHeight 368
          RenderTextControl {TEXTAREA} at (3,18) size 31x34 [bgcolor=#FFFFFF] [border: (1px solid #4C4C4C)]
            RenderBlock {DIV} at (3,3) size 25x364
              RenderText {#text} at (3,0) size 19x364
                text run at (3,0) width 16: "Lor"
                text run at (3,14) width 16: "em"
                text run at (18,14) width 4: " "
                text run at (3,28) width 15: "ips"
                text run at (3,42) width 16: "um"
                text run at (18,42) width 4: "  "
                text run at (3,56) width 15: "dol"
                text run at (3,70) width 10: "or"
                text run at (12,70) width 4: " "
                text run at (3,84) width 15: "AB"
                text run at (3,98) width 16: "CD"
                text run at (3,112) width 15: "EF"
                text run at (3,126) width 17: "GH"
                text run at (3,140) width 16: "IJK"
                text run at (3,154) width 16: "LM"
                text run at (3,168) width 17: "NO"
                text run at (3,182) width 16: "PQ"
                text run at (3,196) width 16: "RS"
                text run at (3,210) width 15: "TU"
                text run at (3,224) width 18: "VW"
                text run at (3,238) width 15: "XY"
                text run at (3,252) width 7: "Z"
                text run at (9,252) width 4: " "
                text run at (3,266) width 18: "abc"
                text run at (3,280) width 16: "def"
                text run at (3,294) width 18: "ghij"
                text run at (3,308) width 18: "klm"
                text run at (3,322) width 19: "nop"
                text run at (3,336) width 19: "qrst"
                text run at (3,350) width 12: "uv"
        layer at (636,322) size 135x48 clip at (637,323) size 133x46 scrollHeight 60
          RenderTextControl {TEXTAREA} at (3,18) size 135x48 [bgcolor=#FFFFFF] [border: (1px solid #4C4C4C)]
            RenderBlock {DIV} at (3,3) size 129x56
              RenderText {#text} at (3,0) size 117x56
                text run at (3,0) width 95: "Lorem ipsum  dolor"
                text run at (97,0) width 4: " "
                text run at (3,14) width 117: "ABCDEFGHIJKLMNOP"
                text run at (3,28) width 78: "QRSTUVWXYZ"
                text run at (80,28) width 4: " "
                text run at (3,42) width 116: "abcdefghijklmnopqrstuv"
        layer at (3,465) size 55x34 clip at (4,466) size 53x32 scrollHeight 158
          RenderTextControl {TEXTAREA} at (3,18) size 55x34 [bgcolor=#FFFFFF] [border: (1px solid #4C4C4C)]
            RenderBlock {DIV} at (3,3) size 49x154
              RenderText {#text} at (3,0) size 43x154
                text run at (3,0) width 32: "Lorem"
                text run at (34,0) width 4: " "
                text run at (3,14) width 30: "ipsum"
                text run at (32,14) width 7: "  "
                text run at (3,28) width 25: "dolor"
                text run at (27,28) width 4: " "
                text run at (3,42) width 38: "ABCDE"
                text run at (3,56) width 40: "FGHIJK"
                text run at (3,70) width 40: "LMNOP"
                text run at (3,84) width 39: "QRSTU"
                text run at (3,98) width 40: "VWXYZ"
                text run at (42,98) width 4: " "
                text run at (3,112) width 40: "abcdefg"
                text run at (3,126) width 41: "hijklmno"
                text run at (3,140) width 37: "pqrstuv"
        layer at (85,395) size 135x104 clip at (86,396) size 133x102
          RenderTextControl {TEXTAREA} at (3,18) size 135x104 [bgcolor=#FFFFFF] [border: (1px solid #4C4C4C)]
            RenderBlock {DIV} at (3,3) size 129x56
              RenderText {#text} at (3,0) size 117x56
                text run at (3,0) width 95: "Lorem ipsum  dolor"
                text run at (97,0) width 4: " "
                text run at (3,14) width 117: "ABCDEFGHIJKLMNOP"
                text run at (3,28) width 78: "QRSTUVWXYZ"
                text run at (80,28) width 4: " "
                text run at (3,42) width 116: "abcdefghijklmnopqrstuv"
        layer at (226,437) size 43x62 clip at (227,438) size 41x60 scrollHeight 228
          RenderTextControl {TEXTAREA} at (3,33) size 43x62 [bgcolor=#FFFFFF] [border: (1px solid #4C4C4C)]
            RenderBlock {DIV} at (3,3) size 37x224
              RenderText {#text} at (3,0) size 31x224
                text run at (3,0) width 23: "Lore"
                text run at (3,14) width 10: "m"
                text run at (12,14) width 4: " "
                text run at (3,28) width 30: "ipsum"
                text run at (32,28) width 2: "  "
                text run at (3,42) width 25: "dolor"
                text run at (27,42) width 4: " "
                text run at (3,56) width 31: "ABCD"
                text run at (3,70) width 31: "EFGH"
                text run at (3,84) width 23: "IJKL"
                text run at (3,98) width 26: "MNO"
                text run at (3,112) width 24: "PQR"
                text run at (3,126) width 30: "STUV"
                text run at (3,140) width 26: "WXY"
                text run at (3,154) width 7: "Z"
                text run at (9,154) width 4: " "
                text run at (3,168) width 30: "abcde"
                text run at (3,182) width 29: "fghijkl"
                text run at (3,196) width 28: "mnop"
                text run at (3,210) width 30: "qrstuv"
        layer at (308,465) size 135x34 clip at (309,466) size 133x32 scrollWidth 415
          RenderTextControl {TEXTAREA} at (3,18) size 135x34 [bgcolor=#FFFFFF] [border: (1px solid #4C4C4C)]
            RenderBlock {DIV} at (3,3) size 129x14
              RenderText {#text} at (3,0) size 410x14
                text run at (3,0) width 410: "Lorem ipsum  dolor ABCDEFGHIJKLMNOPQRSTUVWXYZ abcdefghijklmnopqrstuv"
        layer at (449,465) size 135x34 clip at (450,466) size 133x32 scrollHeight 60
          RenderTextControl {TEXTAREA} at (3,18) size 135x34 [bgcolor=#FFFFFF] [border: (1px solid #4C4C4C)]
            RenderBlock {DIV} at (3,3) size 129x56
              RenderText {#text} at (3,0) size 117x56
                text run at (3,0) width 95: "Lorem ipsum  dolor"
                text run at (97,0) width 4: " "
                text run at (3,14) width 117: "ABCDEFGHIJKLMNOP"
                text run at (3,28) width 78: "QRSTUVWXYZ"
                text run at (80,28) width 4: " "
                text run at (3,42) width 116: "abcdefghijklmnopqrstuv"
        layer at (590,465) size 135x34 clip at (591,466) size 133x32 scrollHeight 60
          RenderTextControl {TEXTAREA} at (3,18) size 135x34 [bgcolor=#FFFFFF] [border: (1px solid #4C4C4C)]
            RenderBlock {DIV} at (3,3) size 129x56
              RenderText {#text} at (3,0) size 117x56
                text run at (3,0) width 95: "Lorem ipsum  dolor"
                text run at (97,0) width 4: " "
                text run at (3,14) width 117: "ABCDEFGHIJKLMNOP"
                text run at (3,28) width 78: "QRSTUVWXYZ"
                text run at (80,28) width 4: " "
                text run at (3,42) width 116: "abcdefghijklmnopqrstuv"
        layer at (3,539) size 135x34 clip at (4,540) size 133x32 scrollHeight 60
          RenderTextControl {TEXTAREA} at (3,33) size 135x34 [bgcolor=#FFFFFF] [border: (1px solid #4C4C4C)]
            RenderBlock {DIV} at (3,3) size 129x56
              RenderText {#text} at (3,0) size 117x56
                text run at (3,0) width 67: "Lorem ipsum "
                text run at (69,0) width 26: "dolor"
                text run at (94,0) width 4: " "
                text run at (3,14) width 117: "ABCDEFGHIJKLMNOP"
                text run at (3,28) width 78: "QRSTUVWXYZ"
                text run at (80,28) width 4: " "
                text run at (3,42) width 116: "abcdefghijklmnopqrstuv"
        layer at (144,539) size 135x34 clip at (145,540) size 133x32 scrollHeight 60
          RenderTextControl {TEXTAREA} at (3,33) size 135x34 [bgcolor=#FFFFFF] [border: (1px solid #4C4C4C)]
            RenderBlock {DIV} at (3,3) size 129x56
              RenderText {#text} at (3,0) size 120x56
                text run at (3,0) width 120: "Lorem ipsum  dolor ABC"
                text run at (3,14) width 118: "DEFGHIJKLMNOPQRS"
                text run at (3,28) width 115: "TUVWXYZ abcdefghijkl"
                text run at (3,42) width 58: "mnopqrstuv"
        layer at (285,539) size 135x34 clip at (286,540) size 133x32 scrollHeight 60
          RenderTextControl {TEXTAREA} at (3,33) size 135x34 [bgcolor=#FFFFFF] [border: (1px solid #4C4C4C)]
            RenderBlock {DIV} at (3,3) size 129x56
              RenderText {#text} at (3,0) size 117x56
                text run at (3,0) width 95: "Lorem ipsum  dolor"
                text run at (97,0) width 4: " "
                text run at (3,14) width 117: "ABCDEFGHIJKLMNOP"
                text run at (3,28) width 78: "QRSTUVWXYZ"
                text run at (80,28) width 4: " "
                text run at (3,42) width 116: "abcdefghijklmnopqrstuv"
        layer at (426,539) size 135x34 clip at (427,540) size 133x32 scrollWidth 412
          RenderTextControl {TEXTAREA} at (3,33) size 135x34 [bgcolor=#FFFFFF] [border: (1px solid #4C4C4C)]
            RenderBlock {DIV} at (3,3) size 129x14
              RenderText {#text} at (3,0) size 407x14
                text run at (3,0) width 67: "Lorem ipsum "
                text run at (69,0) width 341: "dolor ABCDEFGHIJKLMNOPQRSTUVWXYZ abcdefghijklmnopqrstuv"
        layer at (567,539) size 135x34 clip at (568,540) size 133x32 scrollHeight 60
          RenderTextControl {TEXTAREA} at (3,33) size 135x34 [bgcolor=#FFFFFF] [border: (1px solid #4C4C4C)]
            RenderBlock {DIV} at (3,3) size 129x56
              RenderText {#text} at (3,0) size 117x56
                text run at (3,0) width 67: "Lorem ipsum "
                text run at (69,0) width 26: "dolor"
                text run at (94,0) width 4: " "
                text run at (3,14) width 117: "ABCDEFGHIJKLMNOP"
                text run at (3,28) width 78: "QRSTUVWXYZ"
                text run at (80,28) width 4: " "
                text run at (3,42) width 116: "abcdefghijklmnopqrstuv"
        layer at (3,643) size 135x34 clip at (4,644) size 133x32 scrollWidth 199 scrollHeight 46
          RenderTextControl {TEXTAREA} at (3,33) size 135x34 [bgcolor=#FFFFFF] [border: (1px solid #4C4C4C)]
            RenderBlock {DIV} at (3,3) size 129x42
              RenderText {#text} at (3,0) size 194x42
                text run at (3,0) width 95: "Lorem ipsum  dolor"
                text run at (97,0) width 4: " "
                text run at (3,14) width 194: "ABCDEFGHIJKLMNOPQRSTUVWXYZ"
                text run at (3,28) width 119: " abcdefghijklmnopqrstuv"
        layer at (144,643) size 135x34 clip at (145,644) size 133x32 scrollWidth 199 scrollHeight 46
          RenderTextControl {TEXTAREA} at (3,63) size 135x34 [bgcolor=#FFFFFF] [border: (1px solid #4C4C4C)]
            RenderBlock {DIV} at (3,3) size 129x42
              RenderText {#text} at (3,0) size 194x42
                text run at (3,0) width 95: "Lorem ipsum  dolor"
                text run at (97,0) width 4: " "
                text run at (3,14) width 194: "ABCDEFGHIJKLMNOPQRSTUVWXYZ"
                text run at (3,28) width 119: " abcdefghijklmnopqrstuv"
        layer at (144,79) size 135x34 clip at (145,80) size 133x32 scrollHeight 60
          RenderTextControl {TEXTAREA} at (3,18) size 135x34 [bgcolor=#FFFFFF] [border: (1px solid #4C4C4C)]
            RenderBlock {DIV} at (3,3) size 129x56 [color=#545454]
              RenderText {#text} at (3,0) size 117x56
                text run at (3,0) width 95: "Lorem ipsum  dolor"
                text run at (97,0) width 4: " "
                text run at (3,14) width 117: "ABCDEFGHIJKLMNOP"
                text run at (3,28) width 78: "QRSTUVWXYZ"
                text run at (80,28) width 4: " "
                text run at (3,42) width 116: "abcdefghijklmnopqrstuv"
      RenderPartObject {IFRAME} at (0,684) size 800x654
        layer at (0,0) size 800x654
          RenderView at (0,0) size 800x654
        layer at (0,0) size 800x654
          RenderBlock {HTML} at (0,0) size 800x654
            RenderBody {BODY} at (0,5) size 800x649
              RenderBlock {DIV} at (0,0) size 800x20
                RenderText {#text} at (0,0) size 194x19
                  text run at (0,0) width 194: "CompatMode: BackCompat"
              RenderBlock (anonymous) at (0,25) size 800x624
                RenderBlock {DIV} at (0,46) size 141x40 [border: (1px solid #0000FF)]
                  RenderBlock {SPAN} at (1,1) size 80x0
                  RenderBR {BR} at (81,1) size 0x0
                RenderBlock {DIV} at (141,31) size 141x55 [border: (1px solid #0000FF)]
                  RenderBlock {SPAN} at (1,1) size 80x15
                    RenderText {#text} at (0,0) size 78x14
                      text run at (0,0) width 78: "disabled: \"true\","
                  RenderBR {BR} at (81,12) size 0x0
                RenderBlock {DIV} at (282,0) size 157x86 [border: (1px solid #0000FF)]
                  RenderBlock {SPAN} at (1,1) size 80x30
                    RenderText {#text} at (0,0) size 79x29
                      text run at (0,0) width 26: "style:"
                      text run at (0,15) width 79: "\"padding:10px\","
                  RenderBR {BR} at (81,27) size 0x0
                RenderBlock {DIV} at (439,20) size 137x66 [border: (1px solid #0000FF)]
                  RenderBlock {SPAN} at (1,1) size 80x30
                    RenderText {#text} at (0,0) size 73x29
                      text run at (0,0) width 26: "style:"
                      text run at (0,15) width 73: "\"padding:0px\","
                  RenderBR {BR} at (81,27) size 0x0
                RenderBlock {DIV} at (576,0) size 157x86 [border: (1px solid #0000FF)]
                  RenderBlock {SPAN} at (1,1) size 80x30
                    RenderText {#text} at (0,0) size 74x29
                      text run at (0,0) width 26: "style:"
                      text run at (0,15) width 74: "\"margin:10px\","
                  RenderBR {BR} at (81,27) size 0x0
                RenderBlock {DIV} at (0,141) size 137x66 [border: (1px solid #0000FF)]
                  RenderBlock {SPAN} at (1,1) size 80x30
                    RenderText {#text} at (0,0) size 68x29
                      text run at (0,0) width 26: "style:"
                      text run at (0,15) width 68: "\"margin:0px\","
                  RenderBR {BR} at (81,27) size 0x0
                RenderBlock {DIV} at (137,137) size 82x70 [border: (1px solid #0000FF)]
                  RenderBlock {SPAN} at (1,1) size 80x30
                    RenderText {#text} at (0,0) size 68x29
                      text run at (0,0) width 26: "style:"
                      text run at (0,15) width 68: "\"width:60px\","
                  RenderBR {BR} at (81,27) size 0x0
                RenderBlock {DIV} at (219,86) size 82x121 [border: (1px solid #0000FF)]
                  RenderBlock {SPAN} at (1,1) size 80x45
                    RenderText {#text} at (0,0) size 74x44
                      text run at (0,0) width 26: "style:"
                      text run at (0,15) width 63: "\"width:60px;"
                      text run at (0,30) width 74: "padding:20px\","
                  RenderBR {BR} at (81,42) size 0x0
                RenderBlock {DIV} at (301,126) size 82x81 [border: (1px solid #0000FF)]
                  RenderBlock {SPAN} at (1,1) size 80x45
                    RenderText {#text} at (0,0) size 63x44
                      text run at (0,0) width 26: "style:"
                      text run at (0,15) width 63: "\"width:60px;"
                      text run at (0,30) width 56: "padding:0\","
                  RenderBR {BR} at (81,42) size 0x0
                RenderBlock {DIV} at (383,115) size 141x92 [border: (1px solid #0000FF)]
                  RenderBlock {SPAN} at (1,1) size 80x30
                    RenderText {#text} at (0,0) size 71x29
                      text run at (0,0) width 26: "style:"
                      text run at (0,15) width 71: "\"height:60px\","
                  RenderBR {BR} at (81,27) size 0x0
                RenderBlock {DIV} at (524,100) size 82x107 [border: (1px solid #0000FF)]
                  RenderBlock {SPAN} at (1,1) size 80x45
                    RenderText {#text} at (0,0) size 66x44
                      text run at (0,0) width 26: "style:"
                      text run at (0,15) width 63: "\"width:60px;"
                      text run at (0,30) width 66: "height:60px\","
                  RenderBR {BR} at (81,42) size 0x0
                RenderBlock {DIV} at (606,137) size 141x70 [border: (1px solid #0000FF)]
                  RenderBlock {SPAN} at (1,1) size 80x30
                    RenderText {#text} at (0,0) size 93x29
                      text run at (0,0) width 26: "style:"
                      text run at (0,15) width 93: "\"overflow:hidden\","
                  RenderBR {BR} at (81,27) size 0x0
                RenderBlock {DIV} at (0,259) size 141x70 [border: (1px solid #0000FF)]
                  RenderBlock {SPAN} at (1,1) size 80x30
                    RenderText {#text} at (0,0) size 87x29
                      text run at (0,0) width 26: "style:"
                      text run at (0,15) width 87: "\"overflow:scroll\","
                  RenderBR {BR} at (81,27) size 0x0
                RenderBlock {DIV} at (141,207) size 82x122 [border: (1px solid #0000FF)]
                  RenderBlock {SPAN} at (1,1) size 80x60
                    RenderText {#text} at (0,0) size 88x59
                      text run at (0,0) width 26: "style:"
                      text run at (0,15) width 88: "\"overflow:hidden;"
                      text run at (0,30) width 59: "width:60px;"
                      text run at (0,45) width 66: "height:60px\","
                  RenderBR {BR} at (81,57) size 0x0
                RenderBlock {DIV} at (223,207) size 82x122 [border: (1px solid #0000FF)]
                  RenderBlock {SPAN} at (1,1) size 80x60
                    RenderText {#text} at (0,0) size 82x59
                      text run at (0,0) width 26: "style:"
                      text run at (0,15) width 82: "\"overflow:scroll;"
                      text run at (0,30) width 59: "width:60px;"
                      text run at (0,45) width 66: "height:60px\","
                  RenderBR {BR} at (81,57) size 0x0
                RenderBlock {DIV} at (305,222) size 82x107 [border: (1px solid #0000FF)]
                  RenderBlock {SPAN} at (1,1) size 80x45
                    RenderText {#text} at (0,0) size 74x44
                      text run at (0,0) width 74: "cols: \"5\", style:"
                      text run at (0,15) width 63: "\"width:60px;"
                      text run at (0,30) width 66: "height:60px\","
                  RenderBR {BR} at (81,42) size 0x0
                RenderBlock {DIV} at (387,222) size 82x107 [border: (1px solid #0000FF)]
                  RenderBlock {SPAN} at (1,1) size 80x45
                    RenderText {#text} at (0,0) size 78x44
                      text run at (0,0) width 78: "rows: \"4\", style:"
                      text run at (0,15) width 63: "\"width:60px;"
                      text run at (0,30) width 66: "height:60px\","
                  RenderBR {BR} at (81,42) size 0x0
                RenderBlock {DIV} at (469,207) size 82x122 [border: (1px solid #0000FF)]
                  RenderBlock {SPAN} at (1,1) size 80x60
                    RenderText {#text} at (0,0) size 75x59
                      text run at (0,0) width 75: "cols: \"5\", rows:"
                      text run at (0,15) width 48: "\"4\", style:"
                      text run at (0,30) width 63: "\"width:60px;"
                      text run at (0,45) width 66: "height:60px\","
                  RenderBR {BR} at (81,57) size 0x0
                RenderBlock {DIV} at (551,274) size 82x55 [border: (1px solid #0000FF)]
                  RenderBlock {SPAN} at (1,1) size 80x15
                    RenderText {#text} at (0,0) size 45x14
                      text run at (0,0) width 45: "cols: \"3\","
                  RenderBR {BR} at (81,12) size 0x0
                RenderBlock {DIV} at (633,260) size 141x69 [border: (1px solid #0000FF)]
                  RenderBlock {SPAN} at (1,1) size 80x15
                    RenderText {#text} at (0,0) size 49x14
                      text run at (0,0) width 49: "rows: \"3\","
                  RenderBR {BR} at (81,12) size 0x0
                RenderBlock {DIV} at (0,399) size 82x55 [border: (1px solid #0000FF)]
                  RenderBlock {SPAN} at (1,1) size 80x15
                    RenderText {#text} at (0,0) size 45x14
                      text run at (0,0) width 45: "cols: \"7\","
                  RenderBR {BR} at (81,12) size 0x0
                RenderBlock {DIV} at (82,329) size 141x125 [border: (1px solid #0000FF)]
                  RenderBlock {SPAN} at (1,1) size 80x15
                    RenderText {#text} at (0,0) size 49x14
                      text run at (0,0) width 49: "rows: \"7\","
                  RenderBR {BR} at (81,12) size 0x0
                RenderBlock {DIV} at (223,356) size 82x98 [border: (1px solid #0000FF)]
                  RenderBlock {SPAN} at (1,1) size 80x30
                    RenderText {#text} at (0,0) size 75x29
                      text run at (0,0) width 75: "cols: \"5\", rows:"
                      text run at (0,15) width 19: "\"4\","
                  RenderBR {BR} at (81,27) size 0x0
                RenderBlock {DIV} at (305,399) size 141x55 [border: (1px solid #0000FF)]
                  RenderBlock {SPAN} at (1,1) size 80x15
                    RenderText {#text} at (0,0) size 57x14
                      text run at (0,0) width 57: "wrap: \"off\","
                  RenderBR {BR} at (81,12) size 0x0
                RenderBlock {DIV} at (446,399) size 141x55 [border: (1px solid #0000FF)]
                  RenderBlock {SPAN} at (1,1) size 80x15
                    RenderText {#text} at (0,0) size 65x14
                      text run at (0,0) width 65: "wrap: \"hard\","
                  RenderBR {BR} at (81,12) size 0x0
                RenderBlock {DIV} at (587,399) size 141x55 [border: (1px solid #0000FF)]
                  RenderBlock {SPAN} at (1,1) size 80x15
                    RenderText {#text} at (0,0) size 62x14
                      text run at (0,0) width 62: "wrap: \"soft\","
                  RenderBR {BR} at (81,12) size 0x0
                RenderBlock {DIV} at (0,454) size 141x70 [border: (1px solid #0000FF)]
                  RenderBlock {SPAN} at (1,1) size 80x30
                    RenderText {#text} at (0,0) size 72x29
                      text run at (0,0) width 65: "style: \"white-"
                      text run at (0,15) width 72: "space:normal\","
                  RenderBR {BR} at (81,27) size 0x0
                RenderBlock {DIV} at (141,454) size 141x70 [border: (1px solid #0000FF)]
                  RenderBlock {SPAN} at (1,1) size 80x30
                    RenderText {#text} at (0,0) size 65x29
                      text run at (0,0) width 65: "style: \"white-"
                      text run at (0,15) width 54: "space:pre\","
                  RenderBR {BR} at (81,27) size 0x0
                RenderBlock {DIV} at (282,454) size 141x70 [border: (1px solid #0000FF)]
                  RenderBlock {SPAN} at (1,1) size 80x30
                    RenderText {#text} at (0,0) size 78x29
                      text run at (0,0) width 65: "style: \"white-"
                      text run at (0,15) width 78: "space:prewrap\","
                  RenderBR {BR} at (81,27) size 0x0
                RenderBlock {DIV} at (423,454) size 141x70 [border: (1px solid #0000FF)]
                  RenderBlock {SPAN} at (1,1) size 80x30
                    RenderText {#text} at (0,0) size 74x29
                      text run at (0,0) width 65: "style: \"white-"
                      text run at (0,15) width 74: "space:nowrap\","
                  RenderBR {BR} at (81,27) size 0x0
                RenderBlock {DIV} at (564,454) size 141x70 [border: (1px solid #0000FF)]
                  RenderBlock {SPAN} at (1,1) size 80x30
                    RenderText {#text} at (0,0) size 76x29
                      text run at (0,0) width 65: "style: \"white-"
                      text run at (0,15) width 76: "space:pre-line\","
                  RenderBR {BR} at (81,27) size 0x0
                RenderBlock {DIV} at (0,554) size 141x70 [border: (1px solid #0000FF)]
                  RenderBlock {SPAN} at (1,1) size 80x30
                    RenderText {#text} at (0,0) size 70x29
                      text run at (0,0) width 63: "style: \"word-"
                      text run at (0,15) width 70: "wrap:normal\","
                  RenderBR {BR} at (81,27) size 0x0
                RenderBlock {DIV} at (141,524) size 141x100 [border: (1px solid #0000FF)]
                  RenderBlock {SPAN} at (1,1) size 80x60
                    RenderText {#text} at (0,0) size 65x59
                      text run at (0,0) width 57: "wrap: \"off\","
                      text run at (0,15) width 65: "style: \"white-"
                      text run at (0,30) width 50: "space:pre-"
                      text run at (0,45) width 32: "wrap\","
                  RenderBR {BR} at (81,57) size 0x0
        layer at (3,79) size 135x34 clip at (4,80) size 133x32
          RenderTextControl {TEXTAREA} at (3,3) size 135x34 [bgcolor=#FFFFFF] [border: (1px solid #4C4C4C)]
            RenderBlock {DIV} at (3,3) size 129x14
              RenderText {#text} at (3,0) size 92x14
                text run at (3,0) width 92: "Lorem ipsum dolor"
        layer at (285,63) size 151x50 clip at (286,64) size 149x48 scrollHeight 76
          RenderTextControl {TEXTAREA} at (3,33) size 151x50 [bgcolor=#FFFFFF] [border: (1px solid #4C4C4C)]
            RenderBlock {DIV} at (11,11) size 129x56
              RenderText {#text} at (3,0) size 117x56
                text run at (3,0) width 95: "Lorem ipsum  dolor"
                text run at (97,0) width 4: " "
                text run at (3,14) width 117: "ABCDEFGHIJKLMNOP"
                text run at (3,28) width 78: "QRSTUVWXYZ"
                text run at (80,28) width 4: " "
                text run at (3,42) width 116: "abcdefghijklmnopqrstuv"
        layer at (442,83) size 131x30 clip at (443,84) size 129x28 scrollHeight 56
          RenderTextControl {TEXTAREA} at (3,33) size 131x30 [bgcolor=#FFFFFF] [border: (1px solid #4C4C4C)]
            RenderBlock {DIV} at (1,1) size 129x56
              RenderText {#text} at (3,0) size 117x56
                text run at (3,0) width 95: "Lorem ipsum  dolor"
                text run at (97,0) width 4: " "
                text run at (3,14) width 117: "ABCDEFGHIJKLMNOP"
                text run at (3,28) width 78: "QRSTUVWXYZ"
                text run at (80,28) width 4: " "
                text run at (3,42) width 116: "abcdefghijklmnopqrstuv"
        layer at (587,71) size 135x34 clip at (588,72) size 133x32 scrollHeight 60
          RenderTextControl {TEXTAREA} at (11,41) size 135x34 [bgcolor=#FFFFFF] [border: (1px solid #4C4C4C)]
            RenderBlock {DIV} at (3,3) size 129x56
              RenderText {#text} at (3,0) size 117x56
                text run at (3,0) width 95: "Lorem ipsum  dolor"
                text run at (97,0) width 4: " "
                text run at (3,14) width 117: "ABCDEFGHIJKLMNOP"
                text run at (3,28) width 78: "QRSTUVWXYZ"
                text run at (80,28) width 4: " "
                text run at (3,42) width 116: "abcdefghijklmnopqrstuv"
        layer at (1,202) size 135x34 clip at (2,203) size 133x32 scrollHeight 60
          RenderTextControl {TEXTAREA} at (1,31) size 135x34 [bgcolor=#FFFFFF] [border: (1px solid #4C4C4C)]
            RenderBlock {DIV} at (3,3) size 129x56
              RenderText {#text} at (3,0) size 117x56
                text run at (3,0) width 95: "Lorem ipsum  dolor"
                text run at (97,0) width 4: " "
                text run at (3,14) width 117: "ABCDEFGHIJKLMNOP"
                text run at (3,28) width 78: "QRSTUVWXYZ"
                text run at (80,28) width 4: " "
                text run at (3,42) width 116: "abcdefghijklmnopqrstuv"
        layer at (138,200) size 60x34 clip at (139,201) size 58x32 scrollHeight 158
          RenderTextControl {TEXTAREA} at (1,33) size 60x34 [bgcolor=#FFFFFF] [border: (1px solid #4C4C4C)]
            RenderBlock {DIV} at (3,3) size 54x154
              RenderText {#text} at (3,0) size 48x154
                text run at (3,0) width 32: "Lorem"
                text run at (34,0) width 4: " "
                text run at (3,14) width 30: "ipsum"
                text run at (32,14) width 7: "  "
                text run at (3,28) width 25: "dolor"
                text run at (27,28) width 4: " "
                text run at (3,42) width 45: "ABCDEF"
                text run at (3,56) width 48: "GHIJKLM"
                text run at (3,70) width 48: "NOPQRS"
                text run at (3,84) width 48: "TUVWXY"
                text run at (3,98) width 7: "Z"
                text run at (9,98) width 4: " "
                text run at (3,112) width 48: "abcdefghi"
                text run at (3,126) width 48: "jklmnopqr"
                text run at (3,140) width 21: "stuv"
        layer at (220,164) size 60x70 clip at (221,165) size 58x68 scrollHeight 726
          RenderTextControl {TEXTAREA} at (1,48) size 60x70 [bgcolor=#FFFFFF] [border: (1px solid #4C4C4C)]
            RenderBlock {DIV} at (21,21) size 18x686
              RenderText {#text} at (3,0) size 12x686
                text run at (3,0) width 7: "L"
                text run at (3,14) width 10: "or"
                text run at (3,28) width 7: "e"
                text run at (3,42) width 10: "m"
                text run at (12,42) width 3: " "
                text run at (3,56) width 9: "ip"
                text run at (3,70) width 12: "su"
                text run at (3,84) width 10: "m"
                text run at (12,84) width 3: "  "
                text run at (3,98) width 7: "d"
                text run at (3,112) width 9: "ol"
                text run at (3,126) width 10: "or"
                text run at (12,126) width 3: " "
                text run at (3,140) width 8: "A"
                text run at (3,154) width 8: "B"
                text run at (3,168) width 8: "C"
                text run at (3,182) width 8: "D"
                text run at (3,196) width 8: "E"
                text run at (3,210) width 7: "F"
                text run at (3,224) width 9: "G"
                text run at (3,238) width 11: "HI"
                text run at (3,252) width 6: "J"
                text run at (3,266) width 8: "K"
                text run at (3,280) width 7: "L"
                text run at (3,294) width 10: "M"
                text run at (3,308) width 8: "N"
                text run at (3,322) width 9: "O"
                text run at (3,336) width 8: "P"
                text run at (3,350) width 9: "Q"
                text run at (3,364) width 8: "R"
                text run at (3,378) width 8: "S"
                text run at (3,392) width 7: "T"
                text run at (3,406) width 8: "U"
                text run at (3,420) width 8: "V"
                text run at (3,434) width 11: "W"
                text run at (3,448) width 8: "X"
                text run at (3,462) width 8: "Y"
                text run at (3,476) width 7: "Z"
                text run at (9,476) width 4: " "
                text run at (3,490) width 7: "a"
                text run at (3,504) width 12: "bc"
                text run at (3,518) width 7: "d"
                text run at (3,532) width 10: "ef"
                text run at (3,546) width 7: "g"
                text run at (3,560) width 12: "hij"
                text run at (3,574) width 8: "kl"
                text run at (3,588) width 10: "m"
                text run at (3,602) width 7: "n"
                text run at (3,616) width 7: "o"
                text run at (3,630) width 7: "p"
                text run at (3,644) width 10: "qr"
                text run at (3,658) width 9: "st"
                text run at (3,672) width 12: "uv"
        layer at (302,204) size 60x30 clip at (303,205) size 58x28 scrollHeight 154
          RenderTextControl {TEXTAREA} at (1,48) size 60x30 [bgcolor=#FFFFFF] [border: (1px solid #4C4C4C)]
            RenderBlock {DIV} at (1,1) size 58x154
              RenderText {#text} at (3,0) size 51x154
                text run at (3,0) width 32: "Lorem"
                text run at (34,0) width 4: " "
                text run at (3,14) width 30: "ipsum"
                text run at (32,14) width 7: "  "
                text run at (3,28) width 25: "dolor"
                text run at (27,28) width 4: " "
                text run at (3,42) width 45: "ABCDEF"
                text run at (3,56) width 48: "GHIJKLM"
                text run at (3,70) width 48: "NOPQRS"
                text run at (3,84) width 48: "TUVWXY"
                text run at (3,98) width 7: "Z"
                text run at (9,98) width 4: " "
                text run at (3,112) width 51: "abcdefghij"
                text run at (3,126) width 51: "klmnopqrs"
                text run at (3,140) width 15: "tuv"
        layer at (386,176) size 135x60 clip at (387,177) size 133x58 scrollHeight 60
          RenderTextControl {TEXTAREA} at (3,31) size 135x60 [bgcolor=#FFFFFF] [border: (1px solid #4C4C4C)]
            RenderBlock {DIV} at (3,3) size 129x56
              RenderText {#text} at (3,0) size 117x56
                text run at (3,0) width 95: "Lorem ipsum  dolor"
                text run at (97,0) width 4: " "
                text run at (3,14) width 117: "ABCDEFGHIJKLMNOP"
                text run at (3,28) width 78: "QRSTUVWXYZ"
                text run at (80,28) width 4: " "
                text run at (3,42) width 116: "abcdefghijklmnopqrstuv"
        layer at (525,176) size 60x60 clip at (526,177) size 58x58 scrollHeight 158
          RenderTextControl {TEXTAREA} at (1,46) size 60x60 [bgcolor=#FFFFFF] [border: (1px solid #4C4C4C)]
            RenderBlock {DIV} at (3,3) size 54x154
              RenderText {#text} at (3,0) size 48x154
                text run at (3,0) width 32: "Lorem"
                text run at (34,0) width 4: " "
                text run at (3,14) width 30: "ipsum"
                text run at (32,14) width 7: "  "
                text run at (3,28) width 25: "dolor"
                text run at (27,28) width 4: " "
                text run at (3,42) width 45: "ABCDEF"
                text run at (3,56) width 48: "GHIJKLM"
                text run at (3,70) width 48: "NOPQRS"
                text run at (3,84) width 48: "TUVWXY"
                text run at (3,98) width 7: "Z"
                text run at (9,98) width 4: " "
                text run at (3,112) width 48: "abcdefghi"
                text run at (3,126) width 48: "jklmnopqr"
                text run at (3,140) width 21: "stuv"
        layer at (609,200) size 135x34 clip at (610,201) size 133x32 scrollHeight 60
          RenderTextControl {TEXTAREA} at (3,33) size 135x34 [bgcolor=#FFFFFF] [border: (1px solid #4C4C4C)]
            RenderBlock {DIV} at (3,3) size 129x56
              RenderText {#text} at (3,0) size 117x56
                text run at (3,0) width 95: "Lorem ipsum  dolor"
                text run at (97,0) width 4: " "
                text run at (3,14) width 117: "ABCDEFGHIJKLMNOP"
                text run at (3,28) width 78: "QRSTUVWXYZ"
                text run at (80,28) width 4: " "
                text run at (3,42) width 116: "abcdefghijklmnopqrstuv"
        layer at (3,322) size 135x34 clip at (4,323) size 133x32 scrollHeight 60
          RenderTextControl {TEXTAREA} at (3,33) size 135x34 [bgcolor=#FFFFFF] [border: (1px solid #4C4C4C)]
            RenderBlock {DIV} at (3,3) size 129x56
              RenderText {#text} at (3,0) size 117x56
                text run at (3,0) width 95: "Lorem ipsum  dolor"
                text run at (97,0) width 4: " "
                text run at (3,14) width 117: "ABCDEFGHIJKLMNOP"
                text run at (3,28) width 78: "QRSTUVWXYZ"
                text run at (80,28) width 4: " "
                text run at (3,42) width 116: "abcdefghijklmnopqrstuv"
        layer at (142,298) size 60x60 clip at (143,299) size 58x58 scrollHeight 158
          RenderTextControl {TEXTAREA} at (1,61) size 60x60 [bgcolor=#FFFFFF] [border: (1px solid #4C4C4C)]
            RenderBlock {DIV} at (3,3) size 54x154
              RenderText {#text} at (3,0) size 48x154
                text run at (3,0) width 32: "Lorem"
                text run at (34,0) width 4: " "
                text run at (3,14) width 30: "ipsum"
                text run at (32,14) width 7: "  "
                text run at (3,28) width 25: "dolor"
                text run at (27,28) width 4: " "
                text run at (3,42) width 45: "ABCDEF"
                text run at (3,56) width 48: "GHIJKLM"
                text run at (3,70) width 48: "NOPQRS"
                text run at (3,84) width 48: "TUVWXY"
                text run at (3,98) width 7: "Z"
                text run at (9,98) width 4: " "
                text run at (3,112) width 48: "abcdefghi"
                text run at (3,126) width 48: "jklmnopqr"
                text run at (3,140) width 21: "stuv"
        layer at (224,298) size 60x60 clip at (225,299) size 58x58 scrollHeight 158
          RenderTextControl {TEXTAREA} at (1,61) size 60x60 [bgcolor=#FFFFFF] [border: (1px solid #4C4C4C)]
            RenderBlock {DIV} at (3,3) size 54x154
              RenderText {#text} at (3,0) size 48x154
                text run at (3,0) width 32: "Lorem"
                text run at (34,0) width 4: " "
                text run at (3,14) width 30: "ipsum"
                text run at (32,14) width 7: "  "
                text run at (3,28) width 25: "dolor"
                text run at (27,28) width 4: " "
                text run at (3,42) width 45: "ABCDEF"
                text run at (3,56) width 48: "GHIJKLM"
                text run at (3,70) width 48: "NOPQRS"
                text run at (3,84) width 48: "TUVWXY"
                text run at (3,98) width 7: "Z"
                text run at (9,98) width 4: " "
                text run at (3,112) width 48: "abcdefghi"
                text run at (3,126) width 48: "jklmnopqr"
                text run at (3,140) width 21: "stuv"
        layer at (306,298) size 60x60 clip at (307,299) size 58x58 scrollHeight 158
          RenderTextControl {TEXTAREA} at (1,46) size 60x60 [bgcolor=#FFFFFF] [border: (1px solid #4C4C4C)]
            RenderBlock {DIV} at (3,3) size 54x154
              RenderText {#text} at (3,0) size 48x154
                text run at (3,0) width 32: "Lorem"
                text run at (34,0) width 4: " "
                text run at (3,14) width 30: "ipsum"
                text run at (32,14) width 7: "  "
                text run at (3,28) width 25: "dolor"
                text run at (27,28) width 4: " "
                text run at (3,42) width 45: "ABCDEF"
                text run at (3,56) width 48: "GHIJKLM"
                text run at (3,70) width 48: "NOPQRS"
                text run at (3,84) width 48: "TUVWXY"
                text run at (3,98) width 7: "Z"
                text run at (9,98) width 4: " "
                text run at (3,112) width 48: "abcdefghi"
                text run at (3,126) width 48: "jklmnopqr"
                text run at (3,140) width 21: "stuv"
        layer at (388,298) size 60x60 clip at (389,299) size 58x58 scrollHeight 158
          RenderTextControl {TEXTAREA} at (1,46) size 60x60 [bgcolor=#FFFFFF] [border: (1px solid #4C4C4C)]
            RenderBlock {DIV} at (3,3) size 54x154
              RenderText {#text} at (3,0) size 48x154
                text run at (3,0) width 32: "Lorem"
                text run at (34,0) width 4: " "
                text run at (3,14) width 30: "ipsum"
                text run at (32,14) width 7: "  "
                text run at (3,28) width 25: "dolor"
                text run at (27,28) width 4: " "
                text run at (3,42) width 45: "ABCDEF"
                text run at (3,56) width 48: "GHIJKLM"
                text run at (3,70) width 48: "NOPQRS"
                text run at (3,84) width 48: "TUVWXY"
                text run at (3,98) width 7: "Z"
                text run at (9,98) width 4: " "
                text run at (3,112) width 48: "abcdefghi"
                text run at (3,126) width 48: "jklmnopqr"
                text run at (3,140) width 21: "stuv"
        layer at (470,298) size 60x60 clip at (471,299) size 58x58 scrollHeight 158
          RenderTextControl {TEXTAREA} at (1,61) size 60x60 [bgcolor=#FFFFFF] [border: (1px solid #4C4C4C)]
            RenderBlock {DIV} at (3,3) size 54x154
              RenderText {#text} at (3,0) size 48x154
                text run at (3,0) width 32: "Lorem"
                text run at (34,0) width 4: " "
                text run at (3,14) width 30: "ipsum"
                text run at (32,14) width 7: "  "
                text run at (3,28) width 25: "dolor"
                text run at (27,28) width 4: " "
                text run at (3,42) width 45: "ABCDEF"
                text run at (3,56) width 48: "GHIJKLM"
                text run at (3,70) width 48: "NOPQRS"
                text run at (3,84) width 48: "TUVWXY"
                text run at (3,98) width 7: "Z"
                text run at (9,98) width 4: " "
                text run at (3,112) width 48: "abcdefghi"
                text run at (3,126) width 48: "jklmnopqr"
                text run at (3,140) width 21: "stuv"
        layer at (554,322) size 31x34 clip at (555,323) size 29x32 scrollHeight 368
          RenderTextControl {TEXTAREA} at (3,18) size 31x34 [bgcolor=#FFFFFF] [border: (1px solid #4C4C4C)]
            RenderBlock {DIV} at (3,3) size 25x364
              RenderText {#text} at (3,0) size 19x364
                text run at (3,0) width 16: "Lor"
                text run at (3,14) width 16: "em"
                text run at (18,14) width 4: " "
                text run at (3,28) width 15: "ips"
                text run at (3,42) width 16: "um"
                text run at (18,42) width 4: "  "
                text run at (3,56) width 15: "dol"
                text run at (3,70) width 10: "or"
                text run at (12,70) width 4: " "
                text run at (3,84) width 15: "AB"
                text run at (3,98) width 16: "CD"
                text run at (3,112) width 15: "EF"
                text run at (3,126) width 17: "GH"
                text run at (3,140) width 16: "IJK"
                text run at (3,154) width 16: "LM"
                text run at (3,168) width 17: "NO"
                text run at (3,182) width 16: "PQ"
                text run at (3,196) width 16: "RS"
                text run at (3,210) width 15: "TU"
                text run at (3,224) width 18: "VW"
                text run at (3,238) width 15: "XY"
                text run at (3,252) width 7: "Z"
                text run at (9,252) width 4: " "
                text run at (3,266) width 18: "abc"
                text run at (3,280) width 16: "def"
                text run at (3,294) width 18: "ghij"
                text run at (3,308) width 18: "klm"
                text run at (3,322) width 19: "nop"
                text run at (3,336) width 19: "qrst"
                text run at (3,350) width 12: "uv"
        layer at (636,308) size 135x48 clip at (637,309) size 133x46 scrollHeight 60
          RenderTextControl {TEXTAREA} at (3,18) size 135x48 [bgcolor=#FFFFFF] [border: (1px solid #4C4C4C)]
            RenderBlock {DIV} at (3,3) size 129x56
              RenderText {#text} at (3,0) size 117x56
                text run at (3,0) width 95: "Lorem ipsum  dolor"
                text run at (97,0) width 4: " "
                text run at (3,14) width 117: "ABCDEFGHIJKLMNOP"
                text run at (3,28) width 78: "QRSTUVWXYZ"
                text run at (80,28) width 4: " "
                text run at (3,42) width 116: "abcdefghijklmnopqrstuv"
        layer at (3,447) size 55x34 clip at (4,448) size 53x32 scrollHeight 158
          RenderTextControl {TEXTAREA} at (3,18) size 55x34 [bgcolor=#FFFFFF] [border: (1px solid #4C4C4C)]
            RenderBlock {DIV} at (3,3) size 49x154
              RenderText {#text} at (3,0) size 43x154
                text run at (3,0) width 32: "Lorem"
                text run at (34,0) width 4: " "
                text run at (3,14) width 30: "ipsum"
                text run at (32,14) width 7: "  "
                text run at (3,28) width 25: "dolor"
                text run at (27,28) width 4: " "
                text run at (3,42) width 38: "ABCDE"
                text run at (3,56) width 40: "FGHIJK"
                text run at (3,70) width 40: "LMNOP"
                text run at (3,84) width 39: "QRSTU"
                text run at (3,98) width 40: "VWXYZ"
                text run at (42,98) width 4: " "
                text run at (3,112) width 40: "abcdefg"
                text run at (3,126) width 41: "hijklmno"
                text run at (3,140) width 37: "pqrstuv"
        layer at (85,377) size 135x104 clip at (86,378) size 133x102
          RenderTextControl {TEXTAREA} at (3,18) size 135x104 [bgcolor=#FFFFFF] [border: (1px solid #4C4C4C)]
            RenderBlock {DIV} at (3,3) size 129x56
              RenderText {#text} at (3,0) size 117x56
                text run at (3,0) width 95: "Lorem ipsum  dolor"
                text run at (97,0) width 4: " "
                text run at (3,14) width 117: "ABCDEFGHIJKLMNOP"
                text run at (3,28) width 78: "QRSTUVWXYZ"
                text run at (80,28) width 4: " "
                text run at (3,42) width 116: "abcdefghijklmnopqrstuv"
        layer at (226,419) size 43x62 clip at (227,420) size 41x60 scrollHeight 228
          RenderTextControl {TEXTAREA} at (3,33) size 43x62 [bgcolor=#FFFFFF] [border: (1px solid #4C4C4C)]
            RenderBlock {DIV} at (3,3) size 37x224
              RenderText {#text} at (3,0) size 31x224
                text run at (3,0) width 23: "Lore"
                text run at (3,14) width 10: "m"
                text run at (12,14) width 4: " "
                text run at (3,28) width 30: "ipsum"
                text run at (32,28) width 2: "  "
                text run at (3,42) width 25: "dolor"
                text run at (27,42) width 4: " "
                text run at (3,56) width 31: "ABCD"
                text run at (3,70) width 31: "EFGH"
                text run at (3,84) width 23: "IJKL"
                text run at (3,98) width 26: "MNO"
                text run at (3,112) width 24: "PQR"
                text run at (3,126) width 30: "STUV"
                text run at (3,140) width 26: "WXY"
                text run at (3,154) width 7: "Z"
                text run at (9,154) width 4: " "
                text run at (3,168) width 30: "abcde"
                text run at (3,182) width 29: "fghijkl"
                text run at (3,196) width 28: "mnop"
                text run at (3,210) width 30: "qrstuv"
        layer at (308,447) size 135x34 clip at (309,448) size 133x32 scrollWidth 415
          RenderTextControl {TEXTAREA} at (3,18) size 135x34 [bgcolor=#FFFFFF] [border: (1px solid #4C4C4C)]
            RenderBlock {DIV} at (3,3) size 129x14
              RenderText {#text} at (3,0) size 410x14
                text run at (3,0) width 410: "Lorem ipsum  dolor ABCDEFGHIJKLMNOPQRSTUVWXYZ abcdefghijklmnopqrstuv"
        layer at (449,447) size 135x34 clip at (450,448) size 133x32 scrollHeight 60
          RenderTextControl {TEXTAREA} at (3,18) size 135x34 [bgcolor=#FFFFFF] [border: (1px solid #4C4C4C)]
            RenderBlock {DIV} at (3,3) size 129x56
              RenderText {#text} at (3,0) size 117x56
                text run at (3,0) width 95: "Lorem ipsum  dolor"
                text run at (97,0) width 4: " "
                text run at (3,14) width 117: "ABCDEFGHIJKLMNOP"
                text run at (3,28) width 78: "QRSTUVWXYZ"
                text run at (80,28) width 4: " "
                text run at (3,42) width 116: "abcdefghijklmnopqrstuv"
        layer at (590,447) size 135x34 clip at (591,448) size 133x32 scrollHeight 60
          RenderTextControl {TEXTAREA} at (3,18) size 135x34 [bgcolor=#FFFFFF] [border: (1px solid #4C4C4C)]
            RenderBlock {DIV} at (3,3) size 129x56
              RenderText {#text} at (3,0) size 117x56
                text run at (3,0) width 95: "Lorem ipsum  dolor"
                text run at (97,0) width 4: " "
                text run at (3,14) width 117: "ABCDEFGHIJKLMNOP"
                text run at (3,28) width 78: "QRSTUVWXYZ"
                text run at (80,28) width 4: " "
                text run at (3,42) width 116: "abcdefghijklmnopqrstuv"
        layer at (3,517) size 135x34 clip at (4,518) size 133x32 scrollHeight 60
          RenderTextControl {TEXTAREA} at (3,33) size 135x34 [bgcolor=#FFFFFF] [border: (1px solid #4C4C4C)]
            RenderBlock {DIV} at (3,3) size 129x56
              RenderText {#text} at (3,0) size 117x56
                text run at (3,0) width 67: "Lorem ipsum "
                text run at (69,0) width 26: "dolor"
                text run at (94,0) width 4: " "
                text run at (3,14) width 117: "ABCDEFGHIJKLMNOP"
                text run at (3,28) width 78: "QRSTUVWXYZ"
                text run at (80,28) width 4: " "
                text run at (3,42) width 116: "abcdefghijklmnopqrstuv"
        layer at (144,517) size 135x34 clip at (145,518) size 133x32 scrollHeight 60
          RenderTextControl {TEXTAREA} at (3,33) size 135x34 [bgcolor=#FFFFFF] [border: (1px solid #4C4C4C)]
            RenderBlock {DIV} at (3,3) size 129x56
              RenderText {#text} at (3,0) size 120x56
                text run at (3,0) width 120: "Lorem ipsum  dolor ABC"
                text run at (3,14) width 118: "DEFGHIJKLMNOPQRS"
                text run at (3,28) width 115: "TUVWXYZ abcdefghijkl"
                text run at (3,42) width 58: "mnopqrstuv"
        layer at (285,517) size 135x34 clip at (286,518) size 133x32 scrollHeight 60
          RenderTextControl {TEXTAREA} at (3,33) size 135x34 [bgcolor=#FFFFFF] [border: (1px solid #4C4C4C)]
            RenderBlock {DIV} at (3,3) size 129x56
              RenderText {#text} at (3,0) size 117x56
                text run at (3,0) width 95: "Lorem ipsum  dolor"
                text run at (97,0) width 4: " "
                text run at (3,14) width 117: "ABCDEFGHIJKLMNOP"
                text run at (3,28) width 78: "QRSTUVWXYZ"
                text run at (80,28) width 4: " "
                text run at (3,42) width 116: "abcdefghijklmnopqrstuv"
        layer at (426,517) size 135x34 clip at (427,518) size 133x32 scrollWidth 412
          RenderTextControl {TEXTAREA} at (3,33) size 135x34 [bgcolor=#FFFFFF] [border: (1px solid #4C4C4C)]
            RenderBlock {DIV} at (3,3) size 129x14
              RenderText {#text} at (3,0) size 407x14
                text run at (3,0) width 67: "Lorem ipsum "
                text run at (69,0) width 341: "dolor ABCDEFGHIJKLMNOPQRSTUVWXYZ abcdefghijklmnopqrstuv"
        layer at (567,517) size 135x34 clip at (568,518) size 133x32 scrollHeight 60
          RenderTextControl {TEXTAREA} at (3,33) size 135x34 [bgcolor=#FFFFFF] [border: (1px solid #4C4C4C)]
            RenderBlock {DIV} at (3,3) size 129x56
              RenderText {#text} at (3,0) size 117x56
                text run at (3,0) width 67: "Lorem ipsum "
                text run at (69,0) width 26: "dolor"
                text run at (94,0) width 4: " "
                text run at (3,14) width 117: "ABCDEFGHIJKLMNOP"
                text run at (3,28) width 78: "QRSTUVWXYZ"
                text run at (80,28) width 4: " "
                text run at (3,42) width 116: "abcdefghijklmnopqrstuv"
        layer at (3,617) size 135x34 clip at (4,618) size 133x32 scrollWidth 199 scrollHeight 46
          RenderTextControl {TEXTAREA} at (3,33) size 135x34 [bgcolor=#FFFFFF] [border: (1px solid #4C4C4C)]
            RenderBlock {DIV} at (3,3) size 129x42
              RenderText {#text} at (3,0) size 194x42
                text run at (3,0) width 95: "Lorem ipsum  dolor"
                text run at (97,0) width 4: " "
                text run at (3,14) width 194: "ABCDEFGHIJKLMNOPQRSTUVWXYZ"
                text run at (3,28) width 119: " abcdefghijklmnopqrstuv"
        layer at (144,617) size 135x34 clip at (145,618) size 133x32 scrollWidth 199 scrollHeight 46
          RenderTextControl {TEXTAREA} at (3,63) size 135x34 [bgcolor=#FFFFFF] [border: (1px solid #4C4C4C)]
            RenderBlock {DIV} at (3,3) size 129x42
              RenderText {#text} at (3,0) size 194x42
                text run at (3,0) width 95: "Lorem ipsum  dolor"
                text run at (97,0) width 4: " "
                text run at (3,14) width 194: "ABCDEFGHIJKLMNOPQRSTUVWXYZ"
                text run at (3,28) width 119: " abcdefghijklmnopqrstuv"
        layer at (144,79) size 135x34 clip at (145,80) size 133x32 scrollHeight 60
          RenderTextControl {TEXTAREA} at (3,18) size 135x34 [bgcolor=#FFFFFF] [border: (1px solid #4C4C4C)]
            RenderBlock {DIV} at (3,3) size 129x56 [color=#545454]
              RenderText {#text} at (3,0) size 117x56
                text run at (3,0) width 95: "Lorem ipsum  dolor"
                text run at (97,0) width 4: " "
                text run at (3,14) width 117: "ABCDEFGHIJKLMNOP"
                text run at (3,28) width 78: "QRSTUVWXYZ"
                text run at (80,28) width 4: " "
                text run at (3,42) width 116: "abcdefghijklmnopqrstuv"
      RenderText {#text} at (0,0) size 0x0
