layer at (0,0) size 800x600
  RenderView at (0,0) size 800x600
layer at (0,0) size 800x600
  RenderBlock {HTML} at (0,0) size 800x600
    RenderBody {BODY} at (8,8) size 784x584
layer at (10,10) size 146x20
  RenderButton {BUTTON} at (10,10) size 146x20 [bgcolor=#FFFFFF02] [border: (1px solid #4C4C4C)]
    RenderBlock (anonymous) at (12,3) size 122x14
      RenderText {#text} at (0,0) size 122x14
        text run at (0,0) width 122: "This button is positioned."
layer at (10,10) size 166x20
  RenderButton {INPUT} at (10,10) size 166x20 [bgcolor=#FFFFFF02] [border: (1px solid #4C4C4C)]
    RenderBlock (anonymous) at (12,3) size 142x14
      RenderText at (0,0) size 142x14
        text run at (0,0) width 142: "This button is also positioned"
