layer at (0,0) size 800x600
  RenderView at (0,0) size 800x600
layer at (0,0) size 800x600
  RenderBlock {HTML} at (0,0) size 800x600
    RenderBody {BODY} at (8,8) size 784x584
      RenderButton {BUTTON} at (0,12) size 38x9 [bgcolor=#FFFFFF02] [border: (1px solid #4C4C4C)]
        RenderBlock (anonymous) at (6,1) size 26x7
          RenderText {#text} at (0,0) size 26x7
            text run at (0,0) width 26: "Test Button"
      RenderText {#text} at (37,3) size 5x19
        text run at (37,3) width 5: " "
      RenderButton {BUTTON} at (41,11) size 45x10 [bgcolor=#FFFFFF02] [border: (1px solid #4C4C4C)]
        RenderBlock (anonymous) at (7,1) size 31x8
          RenderText {#text} at (0,0) size 31x8
            text run at (0,0) width 31: "Test Button"
      RenderText {#text} at (85,3) size 5x19
        text run at (85,3) width 5: " "
      RenderButton {BUTTON} at (89,9) size 52x12 [bgcolor=#FFFFFF02] [border: (1px solid #4C4C4C)]
        RenderBlock (anonymous) at (8,1) size 36x10
          RenderText {#text} at (0,0) size 36x10
            text run at (0,0) width 36: "Test Button"
      RenderText {#text} at (140,3) size 5x19
        text run at (140,3) width 5: " "
      RenderButton {BUTTON} at (144,8) size 59x14 [bgcolor=#FFFFFF02] [border: (1px solid #4C4C4C)]
        RenderBlock (anonymous) at (9,1) size 41x12
          RenderText {#text} at (0,0) size 41x11
            text run at (0,0) width 41: "Test Button"
      RenderText {#text} at (202,3) size 5x19
        text run at (202,3) width 5: " "
      RenderButton {BUTTON} at (206,7) size 66x16 [bgcolor=#FFFFFF02] [border: (1px solid #4C4C4C)]
        RenderBlock (anonymous) at (10,2) size 46x12
          RenderText {#text} at (0,0) size 46x12
            text run at (0,0) width 46: "Test Button"
      RenderText {#text} at (271,3) size 5x19
        text run at (271,3) width 5: " "
      RenderButton {BUTTON} at (275,6) size 73x18 [bgcolor=#FFFFFF02] [border: (1px solid #4C4C4C)]
        RenderBlock (anonymous) at (11,2) size 51x14
          RenderText {#text} at (0,0) size 51x13
            text run at (0,0) width 51: "Test Button"
      RenderText {#text} at (347,3) size 5x19
        text run at (347,3) width 5: " "
      RenderButton {BUTTON} at (353,4) size 80x20 [bgcolor=#FFFFFF02] [border: (1px solid #4C4C4C)]
        RenderBlock (anonymous) at (12,3) size 56x14
          RenderText {#text} at (0,0) size 56x14
            text run at (0,0) width 56: "Test Button"
      RenderText {#text} at (434,3) size 5x19
        text run at (434,3) width 5: " "
      RenderButton {INPUT} at (440,4) size 80x20 [bgcolor=#FFFFFF02] [border: (1px solid #4C4C4C)]
        RenderBlock (anonymous) at (12,3) size 56x14
          RenderText at (0,0) size 56x14
            text run at (0,0) width 56: "Test Button"
      RenderText {#text} at (521,3) size 5x19
        text run at (521,3) width 5: " "
      RenderButton {BUTTON} at (527,3) size 87x21 [bgcolor=#FFFFFF02] [border: (1px solid #4C4C4C)]
        RenderBlock (anonymous) at (13,3) size 61x15
          RenderText {#text} at (0,0) size 61x15
            text run at (0,0) width 61: "Test Button"
      RenderText {#text} at (615,3) size 5x19
        text run at (615,3) width 5: " "
      RenderButton {BUTTON} at (621,2) size 94x23 [bgcolor=#FFFFFF02] [border: (1px solid #4C4C4C)]
        RenderBlock (anonymous) at (14,3) size 66x17
          RenderText {#text} at (0,0) size 66x16
            text run at (0,0) width 66: "Test Button"
      RenderText {#text} at (716,3) size 5x19
        text run at (716,3) width 5: " "
      RenderButton {BUTTON} at (2,35) size 101x25 [bgcolor=#FFFFFF02] [border: (1px solid #4C4C4C)]
        RenderBlock (anonymous) at (15,3) size 71x19
          RenderText {#text} at (0,0) size 71x18
            text run at (0,0) width 71: "Test Button"
      RenderText {#text} at (104,37) size 5x19
        text run at (104,37) width 5: " "
      RenderButton {BUTTON} at (110,33) size 108x27 [bgcolor=#FFFFFF02] [border: (1px solid #4C4C4C)]
        RenderBlock (anonymous) at (16,4) size 76x19
          RenderText {#text} at (0,0) size 76x19
            text run at (0,0) width 76: "Test Button"
      RenderText {#text} at (219,37) size 5x19
        text run at (219,37) width 5: " "
      RenderButton {BUTTON} at (225,32) size 115x29 [bgcolor=#FFFFFF02] [border: (1px solid #4C4C4C)]
        RenderBlock (anonymous) at (17,4) size 81x21
          RenderText {#text} at (0,0) size 81x20
            text run at (0,0) width 81: "Test Button"
      RenderText {#text} at (341,37) size 5x19
        text run at (341,37) width 5: " "
      RenderButton {BUTTON} at (347,31) size 122x30 [bgcolor=#FFFFFF02] [border: (1px solid #4C4C4C)]
        RenderBlock (anonymous) at (18,4) size 86x22
          RenderText {#text} at (0,0) size 86x21
            text run at (0,0) width 86: "Test Button"
      RenderText {#text} at (470,37) size 5x19
        text run at (470,37) width 5: " "
      RenderButton {BUTTON} at (476,30) size 129x32 [bgcolor=#FFFFFF02] [border: (1px solid #4C4C4C)]
        RenderBlock (anonymous) at (19,5) size 91x22
          RenderText {#text} at (0,0) size 91x22
            text run at (0,0) width 91: "Test Button"
      RenderText {#text} at (606,37) size 5x19
        text run at (606,37) width 5: " "
      RenderButton {BUTTON} at (612,29) size 136x34 [bgcolor=#FFFFFF02] [border: (1px solid #4C4C4C)]
        RenderBlock (anonymous) at (20,5) size 96x24
          RenderText {#text} at (0,0) size 96x23
            text run at (0,0) width 96: "Test Button"
      RenderText {#text} at (749,37) size 5x19
        text run at (749,37) width 5: " "
      RenderButton {BUTTON} at (2,69) size 143x36 [bgcolor=#FFFFFF02] [border: (1px solid #4C4C4C)]
        RenderBlock (anonymous) at (21,5) size 101x26
          RenderText {#text} at (0,0) size 101x25
            text run at (0,0) width 101: "Test Button"
      RenderText {#text} at (146,79) size 5x19
        text run at (146,79) width 5: " "
      RenderButton {BUTTON} at (152,67) size 150x38 [bgcolor=#FFFFFF02] [border: (1px solid #4C4C4C)]
        RenderBlock (anonymous) at (22,6) size 106x26
          RenderText {#text} at (0,0) size 106x26
            text run at (0,0) width 106: "Test Button"
      RenderText {#text} at (0,0) size 0x0
