layer at (0,0) size 800x600
  RenderView at (0,0) size 800x600
layer at (0,0) size 800x600
  RenderBlock {HTML} at (0,0) size 800x600
    RenderBody {BODY} at (8,8) size 784x584
      RenderMenuList {SELECT} at (2,2) size 61x20 [color=#808080] [bgcolor=#FFFFFF02] [border: (1px solid #4C4C4C)]
        RenderBlock (anonymous) at (6,3) size 49x14
          RenderText at (0,0) size 29x14
            text run at (0,0) width 29: "PASS"
      RenderBR {BR} at (65,16) size 0x0
      RenderMenuList {SELECT} at (2,26) size 61x20 [color=#808080] [bgcolor=#FFFFFF02] [border: (1px solid #4C4C4C)]
        RenderBlock (anonymous) at (6,3) size 49x14
          RenderText at (0,0) size 29x14
            text run at (0,0) width 29: "PASS"
      RenderBR {BR} at (65,40) size 0x0
      RenderMenuList {SELECT} at (2,50) size 61x20 [bgcolor=#FFFFFF02] [border: (1px solid #4C4C4C)]
        RenderBlock (anonymous) at (6,3) size 49x14
          RenderText at (0,0) size 29x14
            text run at (0,0) width 29: "PASS"
      RenderBR {BR} at (65,64) size 0x0
      RenderMenuList {SELECT} at (2,74) size 61x20 [bgcolor=#FFFFFF02] [border: (1px solid #4C4C4C)]
        RenderBlock (anonymous) at (6,3) size 49x14
          RenderText at (0,0) size 29x14
            text run at (0,0) width 29: "PASS"
      RenderBR {BR} at (65,88) size 0x0
      RenderMenuList {SELECT} at (2,98) size 61x20 [color=#808080] [bgcolor=#FFFFFF02] [border: (1px solid #4C4C4C)]
        RenderBlock (anonymous) at (6,3) size 49x14
          RenderText at (0,0) size 29x14
            text run at (0,0) width 29: "PASS"
      RenderBR {BR} at (65,112) size 0x0
      RenderMenuList {SELECT} at (2,122) size 61x20 [color=#808080] [bgcolor=#FFFFFF02] [border: (1px solid #4C4C4C)]
        RenderBlock (anonymous) at (6,3) size 49x14
          RenderText at (0,0) size 29x14
            text run at (0,0) width 29: "PASS"
      RenderBR {BR} at (65,136) size 0x0
      RenderMenuList {SELECT} at (2,146) size 61x20 [bgcolor=#FFFFFF02] [border: (1px solid #4C4C4C)]
        RenderBlock (anonymous) at (6,3) size 49x14
          RenderText at (0,0) size 29x14
            text run at (0,0) width 29: "PASS"
      RenderBR {BR} at (65,160) size 0x0
      RenderMenuList {SELECT} at (2,170) size 61x20 [bgcolor=#FFFFFF02] [border: (1px solid #4C4C4C)]
        RenderBlock (anonymous) at (6,3) size 49x14
          RenderText at (0,0) size 29x14
            text run at (0,0) width 29: "PASS"
      RenderBR {BR} at (65,184) size 0x0
      RenderText {#text} at (0,192) size 495x19
        text run at (0,192) width 495: "PASS: sel1 correctly set to selectedIndex 1 by sel1.options[1].selected = true."
      RenderBR {BR} at (494,207) size 1x0
      RenderText {#text} at (0,212) size 445x19
        text run at (0,212) width 445: "PASS: sel2 correctly set to selectedIndex 1 by sel2.selectedIndex = 1."
      RenderBR {BR} at (444,227) size 1x0
      RenderText {#text} at (0,232) size 495x19
        text run at (0,232) width 495: "PASS: sel3 correctly set to selectedIndex 1 by sel3.options[1].selected = true."
      RenderBR {BR} at (494,247) size 1x0
      RenderText {#text} at (0,252) size 445x19
        text run at (0,252) width 445: "PASS: sel4 correctly set to selectedIndex 1 by sel4.selectedIndex = 1."
      RenderBR {BR} at (444,267) size 1x0
      RenderText {#text} at (0,272) size 495x19
        text run at (0,272) width 495: "PASS: sel5 correctly set to selectedIndex 1 by sel5.options[1].selected = true."
      RenderBR {BR} at (494,287) size 1x0
      RenderText {#text} at (0,292) size 445x19
        text run at (0,292) width 445: "PASS: sel6 correctly set to selectedIndex 1 by sel6.selectedIndex = 1."
      RenderBR {BR} at (444,307) size 1x0
      RenderText {#text} at (0,312) size 495x19
        text run at (0,312) width 495: "PASS: sel7 correctly set to selectedIndex 1 by sel7.options[1].selected = true."
      RenderBR {BR} at (494,327) size 1x0
      RenderText {#text} at (0,332) size 445x19
        text run at (0,332) width 445: "PASS: sel8 correctly set to selectedIndex 1 by sel8.selectedIndex = 1."
      RenderBR {BR} at (444,347) size 1x0
