layer at (0,0) size 800x600
  RenderView at (0,0) size 800x600
layer at (0,0) size 800x600
  RenderBlock {HTML} at (0,0) size 800x600
    RenderBody {BODY} at (8,8) size 784x584
      RenderText {#text} at (0,0) size 523x19
        text run at (0,0) width 523: "This tests that the whole listbox control is hidden when visibility is set to hidden. "
      RenderBR {BR} at (522,15) size 1x0
      RenderMenuList {SELECT} at (2,22) size 176x20 [bgcolor=#FFFFFF02] [border: (1px solid #4C4C4C)]
        RenderBlock (anonymous) at (5,3) size 166x14
          RenderText at (0,0) size 37x14
            text run at (0,0) width 37: "0 Items"
      RenderText {#text} at (0,0) size 0x0
