layer at (0,0) size 800x600
  RenderView at (0,0) size 800x600
layer at (0,0) size 800x600
  RenderBlock {HTML} at (0,0) size 800x600
    RenderBody {BODY} at (8,8) size 784x584
      RenderText {#text} at (0,0) size 408x19
        text run at (0,0) width 408: "This tests that text can not be inserted into a disabled text field. "
      RenderBR {BR} at (407,15) size 1x0
      RenderText {#text} at (0,0) size 0x0
layer at (10,30) size 135x21
  RenderTextControl {INPUT} at (2,22) size 136x22 [bgcolor=#FFFFFF] [border: (1px solid #4C4C4C)]
layer at (17,33) size 122x14
  RenderBlock {DIV} at (6,3) size 123x15 [color=#545454]
    RenderText {#text} at (0,0) size 60x14
      text run at (0,0) width 60: "Test Passed"
