layer at (0,0) size 800x600
  RenderView at (0,0) size 800x600
layer at (0,0) size 800x600
  RenderBlock {HTML} at (0,0) size 800x600
    RenderBody {BODY} at (8,8) size 784x584
      RenderText {#text} at (0,0) size 411x19
        text run at (0,0) width 411: "This tests that text can not be inserted into a readonly text field. "
      RenderBR {BR} at (410,15) size 1x0
      RenderTextControl {INPUT} at (2,22) size 136x22 [bgcolor=#FFFFFF] [border: (1px solid #BCBCBC)]
      RenderText {#text} at (0,0) size 0x0
layer at (17,33) size 122x14
  RenderBlock {DIV} at (6,3) size 123x15
    RenderText {#text} at (0,0) size 60x14
      text run at (0,0) width 60: "Test Passed"
caret: position 11 of child 0 {#text} of child 0 {DIV} of {#document-fragment} of child 2 {INPUT} of body
