layer at (0,0) size 800x600
  RenderView at (0,0) size 800x600
layer at (0,0) size 800x292
  RenderBlock {HTML} at (0,0) size 800x292
    RenderBody {BODY} at (8,8) size 784x276
      RenderBlock (anonymous) at (0,0) size 784x40
        RenderText {#text} at (0,0) size 615x19
          text run at (0,0) width 615: "This test verifies the visual alignment of items in a select element while changing text direction."
        RenderBR {BR} at (614,0) size 1x19
        RenderText {#text} at (0,20) size 438x19
          text run at (0,20) width 438: "All the items in the following select elements should be left-aligned."
      RenderTable {TABLE} at (0,40) size 664x58
        RenderTableSection {TBODY} at (0,0) size 664x58
          RenderTableRow {TR} at (0,2) size 664x26
            RenderTableCell {TD} at (2,2) size 161x26 [r=0 c=0 rs=1 cs=1]
              RenderMenuList {SELECT} at (3,3) size 155x20 [bgcolor=#FFFFFF02] [border: (1px solid #4C4C4C)]
                RenderBlock (anonymous) at (6,3) size 143x14
                  RenderText at (0,0) size 0x14
                    text run at (0,0) width 0: " "
            RenderTableCell {TD} at (165,2) size 166x26 [r=0 c=1 rs=1 cs=1]
              RenderMenuList {SELECT} at (3,3) size 160x20 [bgcolor=#FFFFFF02] [border: (1px solid #4C4C4C)]
                RenderBlock (anonymous) at (6,3) size 148x14
                  RenderText at (0,0) size 0x14
                    text run at (0,0) width 0: " "
            RenderTableCell {TD} at (333,2) size 161x26 [r=0 c=2 rs=1 cs=1]
              RenderMenuList {SELECT} at (3,3) size 155x20 [bgcolor=#FFFFFF02] [border: (1px solid #4C4C4C)]
                RenderBlock (anonymous) at (6,3) size 143x14
                  RenderText at (143,0) size 0x14
                    text run at (143,0) width 0 RTL: " "
            RenderTableCell {TD} at (496,2) size 166x26 [r=0 c=3 rs=1 cs=1]
              RenderMenuList {SELECT} at (3,3) size 160x20 [bgcolor=#FFFFFF02] [border: (1px solid #4C4C4C)]
                RenderBlock (anonymous) at (6,3) size 148x14
                  RenderText at (148,0) size 0x14
                    text run at (148,0) width 0 RTL: " "
          RenderTableRow {TR} at (0,30) size 664x26
            RenderTableCell {TD} at (2,30) size 161x26 [r=1 c=0 rs=1 cs=1]
              RenderMenuList {SELECT} at (3,3) size 155x20 [bgcolor=#FFFFFF02] [border: (1px solid #4C4C4C)]
                RenderBlock (anonymous) at (6,3) size 143x14
                  RenderText at (0,0) size 0x14
                    text run at (0,0) width 0: " "
            RenderTableCell {TD} at (165,30) size 166x26 [r=1 c=1 rs=1 cs=1]
              RenderMenuList {SELECT} at (3,3) size 160x20 [bgcolor=#FFFFFF02] [border: (1px solid #4C4C4C)]
                RenderBlock (anonymous) at (6,3) size 148x14
                  RenderText at (0,0) size 0x14
                    text run at (0,0) width 0: " "
      RenderBlock (anonymous) at (0,98) size 784x20
        RenderText {#text} at (0,0) size 447x19
          text run at (0,0) width 447: "All the items in the following select elements should be right-aligned."
      RenderTable {TABLE} at (0,118) size 656x58
        RenderTableSection {TBODY} at (0,0) size 656x58
          RenderTableRow {TR} at (0,2) size 656x26
            RenderTableCell {TD} at (2,2) size 168x26 [r=0 c=0 rs=1 cs=1]
              RenderMenuList {SELECT} at (3,3) size 162x20 [bgcolor=#FFFFFF02] [border: (1px solid #4C4C4C)]
                RenderBlock (anonymous) at (6,3) size 150x14
                  RenderText at (150,0) size 0x14
                    text run at (150,0) width 0 RTL: " "
            RenderTableCell {TD} at (172,2) size 155x26 [r=0 c=1 rs=1 cs=1]
              RenderMenuList {SELECT} at (3,3) size 149x20 [bgcolor=#FFFFFF02] [border: (1px solid #4C4C4C)]
                RenderBlock (anonymous) at (6,3) size 137x14
                  RenderText at (137,0) size 0x14
                    text run at (137,0) width 0 RTL: " "
            RenderTableCell {TD} at (329,2) size 168x26 [r=0 c=2 rs=1 cs=1]
              RenderMenuList {SELECT} at (3,3) size 162x20 [bgcolor=#FFFFFF02] [border: (1px solid #4C4C4C)]
                RenderBlock (anonymous) at (6,3) size 150x14
                  RenderText at (150,0) size 0x14
                    text run at (150,0) width 0 RTL: " "
            RenderTableCell {TD} at (499,2) size 155x26 [r=0 c=3 rs=1 cs=1]
              RenderMenuList {SELECT} at (3,3) size 149x20 [bgcolor=#FFFFFF02] [border: (1px solid #4C4C4C)]
                RenderBlock (anonymous) at (6,3) size 137x14
                  RenderText at (137,0) size 0x14
                    text run at (137,0) width 0 RTL: " "
          RenderTableRow {TR} at (0,30) size 656x26
            RenderTableCell {TD} at (2,30) size 168x26 [r=1 c=0 rs=1 cs=1]
              RenderMenuList {SELECT} at (3,3) size 162x20 [bgcolor=#FFFFFF02] [border: (1px solid #4C4C4C)]
                RenderBlock (anonymous) at (6,3) size 150x14
                  RenderText at (0,0) size 0x14
                    text run at (0,0) width 0: " "
            RenderTableCell {TD} at (172,30) size 155x26 [r=1 c=1 rs=1 cs=1]
              RenderMenuList {SELECT} at (3,3) size 149x20 [bgcolor=#FFFFFF02] [border: (1px solid #4C4C4C)]
                RenderBlock (anonymous) at (6,3) size 137x14
                  RenderText at (0,0) size 0x14
                    text run at (0,0) width 0: " "
      RenderBlock (anonymous) at (0,176) size 784x20
        RenderText {#text} at (0,0) size 456x19
          text run at (0,0) width 456: "All the items in the following select elements should be center-aligned."
      RenderTable {TABLE} at (0,196) size 692x30
        RenderTableSection {TBODY} at (0,0) size 692x30
          RenderTableRow {TR} at (0,2) size 692x26
            RenderTableCell {TD} at (2,2) size 177x26 [r=0 c=0 rs=1 cs=1]
              RenderMenuList {SELECT} at (3,3) size 171x20 [bgcolor=#FFFFFF02] [border: (1px solid #4C4C4C)]
                RenderBlock (anonymous) at (6,3) size 159x14
                  RenderText at (159,0) size 0x14
                    text run at (159,0) width 0 RTL: " "
            RenderTableCell {TD} at (181,2) size 164x26 [r=0 c=1 rs=1 cs=1]
              RenderMenuList {SELECT} at (3,3) size 158x20 [bgcolor=#FFFFFF02] [border: (1px solid #4C4C4C)]
                RenderBlock (anonymous) at (6,3) size 146x14
                  RenderText at (146,0) size 0x14
                    text run at (146,0) width 0 RTL: " "
            RenderTableCell {TD} at (347,2) size 177x26 [r=0 c=2 rs=1 cs=1]
              RenderMenuList {SELECT} at (3,3) size 171x20 [bgcolor=#FFFFFF02] [border: (1px solid #4C4C4C)]
                RenderBlock (anonymous) at (6,3) size 159x14
                  RenderText at (0,0) size 0x14
                    text run at (0,0) width 0: " "
            RenderTableCell {TD} at (526,2) size 164x26 [r=0 c=3 rs=1 cs=1]
              RenderMenuList {SELECT} at (3,3) size 158x20 [bgcolor=#FFFFFF02] [border: (1px solid #4C4C4C)]
                RenderBlock (anonymous) at (6,3) size 146x14
                  RenderText at (0,0) size 0x14
                    text run at (0,0) width 0: " "
      RenderBlock (anonymous) at (0,226) size 784x20
        RenderText {#text} at (0,0) size 296x19
          text run at (0,0) width 296: "The following tables check mixed alignments."
      RenderTable {TABLE} at (0,246) size 734x30
        RenderTableSection {TBODY} at (0,0) size 734x30
          RenderTableRow {TR} at (0,2) size 734x26
            RenderTableCell {TD} at (2,2) size 173x26 [r=0 c=0 rs=1 cs=1]
              RenderMenuList {SELECT} at (3,3) size 167x20 [bgcolor=#FFFFFF02] [border: (1px solid #4C4C4C)]
                RenderBlock (anonymous) at (6,3) size 155x14
                  RenderText at (155,0) size 0x14
                    text run at (155,0) width 0 RTL: " "
            RenderTableCell {TD} at (177,2) size 173x26 [r=0 c=1 rs=1 cs=1]
              RenderMenuList {SELECT} at (3,3) size 167x20 [bgcolor=#FFFFFF02] [border: (1px solid #4C4C4C)]
                RenderBlock (anonymous) at (6,3) size 155x14
                  RenderText at (0,0) size 0x14
                    text run at (0,0) width 0: " "
            RenderTableCell {TD} at (352,2) size 189x26 [r=0 c=2 rs=1 cs=1]
              RenderMenuList {SELECT} at (3,3) size 183x20 [bgcolor=#FFFFFF02] [border: (1px solid #4C4C4C)]
                RenderBlock (anonymous) at (6,3) size 171x14
                  RenderText at (171,0) size 0x14
                    text run at (171,0) width 0 RTL: " "
            RenderTableCell {TD} at (543,2) size 189x26 [r=0 c=3 rs=1 cs=1]
              RenderMenuList {SELECT} at (3,3) size 183x20 [bgcolor=#FFFFFF02] [border: (1px solid #4C4C4C)]
                RenderBlock (anonymous) at (6,3) size 171x14
                  RenderText at (0,0) size 0x14
                    text run at (0,0) width 0: " "
