layer at (0,0) size 800x600
  RenderView at (0,0) size 800x600
layer at (0,0) size 800x600
  RenderBlock {HTML} at (0,0) size 800x600
    RenderBody {BODY} at (8,8) size 784x584
      RenderText {#text} at (0,0) size 510x19
        text run at (0,0) width 510: "This tests that select elements with a narrow width (1px) are rendered correctly."
      RenderBR {BR} at (509,15) size 1x0
      RenderMenuList {SELECT} at (0,22) size 12x20 [bgcolor=#FFFFFF02] [border: (1px solid #4C4C4C)]
        RenderBlock (anonymous) at (6,3) size 20x14
          RenderText at (0,0) size 18x14
            text run at (0,0) width 18: "test"
      RenderBR {BR} at (12,36) size 0x0
      RenderMenuList {SELECT} at (0,46) size 12x20 [bgcolor=#0000FF] [border: (1px solid #4C4C4C)]
        RenderBlock (anonymous) at (6,3) size 20x14
          RenderText at (0,0) size 18x14
            text run at (0,0) width 18: "test"
      RenderText {#text} at (0,0) size 0x0
