layer at (0,0) size 800x600
  RenderView at (0,0) size 800x600
layer at (0,0) size 800x600
  RenderBlock {HTML} at (0,0) size 800x600
    RenderBody {BODY} at (8,8) size 784x584
      RenderText {#text} at (0,0) size 344x19
        text run at (0,0) width 109: "TEST PASSED: "
        text run at (108,0) width 236: "If the popup menu only says \"Text\". "
      RenderBR {BR} at (343,15) size 1x0
      RenderText {#text} at (0,20) size 426x19
        text run at (0,20) width 107: "TEST FAILED: "
        text run at (106,20) width 320: "If the popup menu says \"document.write('Text')\". "
      RenderBR {BR} at (425,35) size 1x0
      RenderMenuList {SELECT} at (2,42) size 53x20 [bgcolor=#FFFFFF02] [border: (1px solid #4C4C4C)]
        RenderBlock (anonymous) at (6,3) size 41x14
          RenderText at (0,0) size 21x14
            text run at (0,0) width 21: "Text"
      RenderText {#text} at (0,0) size 0x0
