layer at (0,0) size 800x600
  RenderView at (0,0) size 800x600
layer at (0,0) size 800x600
  RenderBlock {HTML} at (0,0) size 800x600
    RenderBody {BODY} at (8,8) size 784x584
      RenderBlock {P} at (0,0) size 784x20
        RenderText {#text} at (0,0) size 392x19
          text run at (0,0) width 392: "Only the second search field should have a cancel button (\x{D7})."
      RenderBlock (anonymous) at (0,36) size 784x25
        RenderTextControl {INPUT} at (2,2) size 136x22 [bgcolor=#FFFFFF] [border: (1px solid #4C4C4C)]
          RenderFlexibleBox {DIV} at (6,3) size 123x15
            RenderBlock {DIV} at (0,7) size 0x0
            RenderBlock {DIV} at (0,0) size 123x14
            RenderBlock {DIV} at (122,7) size 0x0
        RenderText {#text} at (139,1) size 5x19
          text run at (139,1) width 5: " "
        RenderTextControl {INPUT} at (145,2) size 136x22 [bgcolor=#FFFFFF] [border: (1px solid #4C4C4C)]
          RenderFlexibleBox {DIV} at (6,3) size 123x15
            RenderBlock {DIV} at (0,7) size 0x0
            RenderBlock {DIV} at (0,0) size 123x14
            RenderBlock {DIV} at (122,7) size 0x0
        RenderText {#text} at (0,0) size 0x0
layer at (17,49) size 122x14
  RenderBlock {DIV} at (0,0) size 123x14
layer at (160,49) size 122x14
  RenderBlock {DIV} at (0,0) size 123x14
    RenderText {#text} at (0,0) size 39x14
      text run at (0,0) width 39: "this one"
