layer at (0,0) size 800x600
  RenderView at (0,0) size 800x600
layer at (0,0) size 800x600
  RenderBlock {HTML} at (0,0) size 800x600
    RenderBody {BODY} at (8,8) size 784x584
      RenderBlock {DIV} at (0,0) size 784x24
        RenderText {#text} at (0,1) size 127x19
          text run at (0,1) width 127: "Left to right select: "
        RenderMenuList {SELECT} at (128,2) size 112x20 [bgcolor=#FFFFFF02] [border: (1px solid #000000)]
          RenderBlock (anonymous) at (6,3) size 99x14
            RenderText at (0,0) size 44x14
              text run at (0,0) width 44: "Alabama"
        RenderText {#text} at (0,0) size 0x0
      RenderBlock {DIV} at (0,24) size 784x24
        RenderText {#text} at (657,1) size 127x19
          text run at (657,1) width 10 RTL: ": "
          text run at (666,1) width 118: "Right to left select"
        RenderMenuList {SELECT} at (544,2) size 112x20 [bgcolor=#FFFFFF02] [border: (1px solid #000000)]
          RenderBlock (anonymous) at (6,3) size 99x14
            RenderText at (55,0) size 44x14
              text run at (55,0) width 44: "Alabama"
        RenderText {#text} at (0,0) size 0x0
