layer at (0,0) size 800x600
  RenderView at (0,0) size 800x600
layer at (0,0) size 800x36
  RenderBlock {HTML} at (0,0) size 800x36
    RenderBody {BODY} at (8,8) size 784x20 [bgcolor=#666666]
      RenderMenuList {SELECT} at (2,2) size 18x16 [border: (1px solid #4C4C4C)]
        RenderBlock (anonymous) at (5,1) size 8x14
          RenderText at (0,0) size 7x14
            text run at (0,0) width 7: "1"
      RenderText {#text} at (0,0) size 0x0
