layer at (0,0) size 800x600
  RenderView at (0,0) size 800x600
layer at (0,0) size 800x600
  RenderBlock {HTML} at (0,0) size 800x600
    RenderBody {BODY} at (8,8) size 784x584
      RenderMenuList {SELECT} at (2,2) size 69x20 [bgcolor=#FFFFFF02] [border: (1px solid #112E87)]
        RenderBlock (anonymous) at (6,3) size 57x14
          RenderText at (0,0) size 37x14
            text run at (0,0) width 37: "banana"
      RenderText {#text} at (0,0) size 0x0
