layer at (0,0) size 800x600
  RenderView at (0,0) size 800x600
layer at (0,0) size 800x111
  RenderBlock {HTML} at (0,0) size 800x111
    RenderBody {BODY} at (8,16) size 784x87
      RenderBlock {P} at (0,0) size 784x17
        RenderText {#text} at (0,0) size 585x17
          text run at (0,0) width 585: "This tests that the Address Book AutoFill button renders. It can only be tested in the test tool."
      RenderBlock {DIV} at (0,33) size 784x54
        RenderTextControl {INPUT} at (2,2) size 191x23 [bgcolor=#FFFFFF] [border: (2px inset #000000)]
          RenderFlexibleBox {DIV} at (3,3) size 185x17
            RenderBlock {DIV} at (0,0) size 158x17
        RenderText {#text} at (195,5) size 4x17
          text run at (195,5) width 4: " "
        RenderTextControl {INPUT} at (201,2) size 191x23 [bgcolor=#FFFFFF] [border: (2px inset #000000)]
          RenderFlexibleBox {DIV} at (3,3) size 185x17
            RenderBlock {DIV} at (0,0) size 158x17
        RenderText {#text} at (394,5) size 4x17
          text run at (394,5) width 4: " "
        RenderTextControl {INPUT} at (400,2) size 191x23 [bgcolor=#FFFFFF] [border: (2px inset #000000)]
          RenderFlexibleBox {DIV} at (3,3) size 185x17
            RenderBlock {DIV} at (0,0) size 158x17
        RenderText {#text} at (593,5) size 4x17
          text run at (593,5) width 4: " "
        RenderTextControl {INPUT} at (2,29) size 191x23 [bgcolor=#FFFFFF] [border: (2px inset #000000)]
          RenderFlexibleBox {DIV} at (3,3) size 185x17
            RenderBlock {DIV} at (0,0) size 158x17
        RenderTextControl {INPUT} at (197,29) size 191x23 [bgcolor=#FFFFFF] [border: (2px inset #000000)]
          RenderFlexibleBox {DIV} at (3,3) size 185x17
            RenderBlock {DIV} at (0,0) size 158x17
        RenderTextControl {INPUT} at (392,29) size 191x23 [bgcolor=#FFFFFF] [border: (2px inset #000000)]
          RenderFlexibleBox {DIV} at (3,3) size 185x17
            RenderBlock {DIV} at (0,0) size 158x17
layer at (13,54) size 158x17
  RenderBlock {DIV} at (0,0) size 158x17
layer at (212,54) size 158x17
  RenderBlock {DIV} at (0,0) size 158x17
layer at (411,54) size 158x17
  RenderBlock {DIV} at (0,0) size 158x17
layer at (13,81) size 158x17
  RenderBlock {DIV} at (0,0) size 158x17
layer at (208,81) size 158x17
  RenderBlock {DIV} at (0,0) size 158x17
layer at (403,81) size 158x17
  RenderBlock {DIV} at (0,0) size 158x17
layer at (174,57) size 22x12
  RenderBlock {DIV} at (161,2) size 22x13 [bgcolor=#000000]
layer at (373,57) size 22x12
  RenderBlock {DIV} at (161,2) size 22x13 [bgcolor=#000000]
layer at (572,57) size 22x12
  RenderBlock {DIV} at (161,2) size 22x13 [bgcolor=#000000]
layer at (174,84) size 22x12
  RenderBlock {DIV} at (161,2) size 22x13 [bgcolor=#000000]
layer at (369,84) size 22x12
  RenderBlock {DIV} at (161,2) size 22x13 [bgcolor=#000000]
layer at (564,84) size 22x12
  RenderBlock {DIV} at (161,2) size 22x13 [bgcolor=#000000]
