layer at (0,0) size 4347x585
  RenderView at (0,0) size 800x585
layer at (-3547,0) size 4347x585 backgroundClip at (0,0) size 4347x585 clip at (0,0) size 4347x585 outlineClip at (0,0) size 4347x585
  RenderBlock {HTML} at (0,0) size 4348x585
    RenderBody {BODY} at (58,46) size 4231x493
      RenderBlock {H1} at (0,0) size 48x492
        RenderText {#text} at (6,0) size 36x68
          text run at (6,0) width 68: "\x{8349}\x{6795}"
      RenderBlock {H2} at (69,0) size 37x492
        RenderText {#text} at (5,0) size 26x104
          text run at (5,0) width 104: "\x{590F}\x{76EE}\x{6F31}\x{77F3}"
      RenderBlock {DIV} at (125,0) size 4106x492
        RenderBlock (anonymous) at (0,0) size 2340x492
          RenderBR {BR} at (0,0) size 17x0
          RenderBR {BR} at (18,0) size 17x0
          RenderBR {BR} at (36,0) size 17x0
          RenderText {#text} at (54,0) size 17x153
            text run at (54,0) width 153: "\x{3000}\x{3000}\x{3000}\x{3000}\x{3000}\x{3000}\x{3000}\x{3000}\x{4E00}"
          RenderBR {BR} at (54,153) size 17x0
          RenderBR {BR} at (72,0) size 17x0
          RenderText {#text} at (99,0) size 17x17
            text run at (99,0) width 17: "\x{3000}"
          RenderRuby (inline) {RUBY} at (0,0) size 17x34
            RenderRubyRun (anonymous) at (99,14) size 18x40
              RenderRubyText {RT} at (-10,0) size 10x40
                RenderText {#text} at (0,0) size 10x40
                  text run at (0,0) width 40: "\x{3084}\x{307E}\x{307F}\x{3061}"
              RenderRubyBase (anonymous) at (0,0) size 18x40
                RenderInline {RB} at (0,0) size 17x34
                  RenderText {#text} at (0,3) size 17x34
                    text run at (0,3) width 34: "\x{5C71}\x{8DEF}"
          RenderText {#text} at (99,51) size 17x221
            text run at (99,51) width 221: "\x{3092}\x{767B}\x{308A}\x{306A}\x{304C}\x{3089}\x{3001}\x{3053}\x{3046}\x{8003}\x{3048}\x{305F}\x{3002}"
          RenderBR {BR} at (99,272) size 17x0
          RenderText {#text} at (126,0) size 17x17
            text run at (126,0) width 17: "\x{3000}"
          RenderRuby (inline) {RUBY} at (0,0) size 17x17
            RenderRubyRun (anonymous) at (126,17) size 18x17
              RenderRubyText {RT} at (-10,0) size 10x17
                RenderText {#text} at (0,3) size 10x11
                  text run at (0,3) width 10: "\x{3061}"
              RenderRubyBase (anonymous) at (0,0) size 18x17
                RenderInline {RB} at (0,0) size 17x17
                  RenderText {#text} at (0,0) size 17x17
                    text run at (0,0) width 17: "\x{667A}"
          RenderText {#text} at (126,34) size 17x68
            text run at (126,34) width 68: "\x{306B}\x{50CD}\x{3051}\x{3070}"
          RenderRuby (inline) {RUBY} at (0,0) size 17x18
            RenderRubyRun (anonymous) at (126,101) size 18x20
              RenderRubyText {RT} at (-10,0) size 10x20
                RenderText {#text} at (0,0) size 10x20
                  text run at (0,0) width 20: "\x{304B}\x{3069}"
              RenderRubyBase (anonymous) at (0,0) size 18x20
                RenderInline {RB} at (0,0) size 17x18
                  RenderText {#text} at (0,1) size 17x18
                    text run at (0,1) width 17: "\x{89D2}"
          RenderText {#text} at (126,120) size 17x68
            text run at (126,120) width 68: "\x{304C}\x{7ACB}\x{3064}\x{3002}"
          RenderRuby (inline) {RUBY} at (0,0) size 17x22
            RenderRubyRun (anonymous) at (126,184) size 18x30
              RenderRubyText {RT} at (-10,0) size 10x30
                RenderText {#text} at (0,0) size 10x30
                  text run at (0,0) width 30: "\x{3058}\x{3087}\x{3046}"
              RenderRubyBase (anonymous) at (0,0) size 18x30
                RenderInline {RB} at (0,0) size 17x18
                  RenderText {#text} at (0,6) size 17x18
                    text run at (0,6) width 17: "\x{60C5}"
          RenderText {#text} at (126,210) size 17x17
            text run at (126,210) width 17: "\x{306B}"
          RenderRuby (inline) {RUBY} at (0,0) size 17x18
            RenderRubyRun (anonymous) at (126,226) size 18x20
              RenderRubyText {RT} at (-10,0) size 10x20
                RenderText {#text} at (0,0) size 10x20
                  text run at (0,0) width 20: "\x{3055}\x{304A}"
              RenderRubyBase (anonymous) at (0,0) size 18x20
                RenderInline {RB} at (0,0) size 17x18
                  RenderText {#text} at (0,1) size 17x18
                    text run at (0,1) width 17: "\x{68F9}"
          RenderText {#text} at (126,245) size 17x187
            text run at (126,245) width 187: "\x{3055}\x{305B}\x{3070}\x{6D41}\x{3055}\x{308C}\x{308B}\x{3002}\x{610F}\x{5730}\x{3092}"
          RenderRuby (inline) {RUBY} at (0,0) size 17x18
            RenderRubyRun (anonymous) at (126,431) size 18x20
              RenderRubyText {RT} at (-10,0) size 10x20
                RenderText {#text} at (0,0) size 10x20
                  text run at (0,0) width 20: "\x{3068}\x{304A}"
              RenderRubyBase (anonymous) at (0,0) size 18x20
                RenderInline {RB} at (0,0) size 17x18
                  RenderText {#text} at (0,1) size 17x18
                    text run at (0,1) width 17: "\x{901A}"
          RenderText {#text} at (126,450) size 17x34
            text run at (126,450) width 34: "\x{305B}\x{3070}"
          RenderRuby (inline) {RUBY} at (0,0) size 17x46
            RenderRubyRun (anonymous) at (153,0) size 18x50
              RenderRubyText {RT} at (-10,0) size 10x50
                RenderText {#text} at (0,0) size 10x50
                  text run at (0,0) width 50: "\x{304D}\x{3085}\x{3046}\x{304F}\x{3064}"
              RenderRubyBase (anonymous) at (0,0) size 18x50
                RenderInline {RB} at (0,0) size 17x34
                  RenderText {#text} at (0,8) size 17x34
                    text run at (0,8) width 34: "\x{7AAE}\x{5C48}"
          RenderText {#text} at (153,46) size 17x272
            text run at (153,46) width 272: "\x{3060}\x{3002}\x{3068}\x{304B}\x{304F}\x{306B}\x{4EBA}\x{306E}\x{4E16}\x{306F}\x{4F4F}\x{307F}\x{306B}\x{304F}\x{3044}\x{3002}"
          RenderBR {BR} at (153,318) size 17x0
          RenderText {#text} at (180,0) size 17x119
            text run at (180,0) width 119: "\x{3000}\x{4F4F}\x{307F}\x{306B}\x{304F}\x{3055}\x{304C}"
          RenderRuby (inline) {RUBY} at (0,0) size 17x18
            RenderRubyRun (anonymous) at (180,118) size 18x20
              RenderRubyText {RT} at (-10,0) size 10x20
                RenderText {#text} at (0,0) size 10x20
                  text run at (0,0) width 20: "\x{3053}\x{3046}"
              RenderRubyBase (anonymous) at (0,0) size 18x20
                RenderInline {RB} at (0,0) size 17x18
                  RenderText {#text} at (0,1) size 17x18
                    text run at (0,1) width 17: "\x{9AD8}"
          RenderText {#text} at (180,137) size 44x477
            text run at (180,137) width 340: "\x{3058}\x{308B}\x{3068}\x{3001}\x{5B89}\x{3044}\x{6240}\x{3078}\x{5F15}\x{304D}\x{8D8A}\x{3057}\x{305F}\x{304F}\x{306A}\x{308B}\x{3002}\x{3069}\x{3053}\x{3078}"
            text run at (207,0) width 170: "\x{8D8A}\x{3057}\x{3066}\x{3082}\x{4F4F}\x{307F}\x{306B}\x{304F}\x{3044}\x{3068}"
          RenderRuby (inline) {RUBY} at (0,0) size 17x18
            RenderRubyRun (anonymous) at (207,169) size 18x20
              RenderRubyText {RT} at (-10,0) size 10x20
                RenderText {#text} at (0,0) size 10x20
                  text run at (0,0) width 20: "\x{3055}\x{3068}"
              RenderRubyBase (anonymous) at (0,0) size 18x20
                RenderInline {RB} at (0,0) size 17x18
                  RenderText {#text} at (0,1) size 17x18
                    text run at (0,1) width 17: "\x{609F}"
          RenderText {#text} at (207,188) size 17x170
            text run at (207,188) width 170: "\x{3063}\x{305F}\x{6642}\x{3001}\x{8A69}\x{304C}\x{751F}\x{308C}\x{3066}\x{3001}"
          RenderRuby (inline) {RUBY} at (0,0) size 17x17
            RenderRubyRun (anonymous) at (207,358) size 18x17
              RenderRubyText {RT} at (-10,0) size 10x17
                RenderText {#text} at (0,3) size 10x11
                  text run at (0,3) width 10: "\x{3048}"
              RenderRubyBase (anonymous) at (0,0) size 18x17
                RenderInline {RB} at (0,0) size 17x17
                  RenderText {#text} at (0,0) size 17x17
                    text run at (0,0) width 17: "\x{753B}"
          RenderText {#text} at (207,375) size 17x85
            text run at (207,375) width 85: "\x{304C}\x{51FA}\x{6765}\x{308B}\x{3002}"
          RenderBR {BR} at (207,460) size 17x0
          RenderText {#text} at (225,0) size 17x17
            text run at (225,0) width 17: "\x{3000}"
          RenderInline {STRONG} at (0,0) size 17x54
            RenderText {#text} at (225,17) size 17x54
              text run at (225,17) width 54: "\x{4EBA}\x{306E}\x{4E16}"
          RenderText {#text} at (225,71) size 44x479
            text run at (225,71) width 408: "\x{3092}\x{4F5C}\x{3063}\x{305F}\x{3082}\x{306E}\x{306F}\x{795E}\x{3067}\x{3082}\x{306A}\x{3051}\x{308C}\x{3070}\x{9B3C}\x{3067}\x{3082}\x{306A}\x{3044}\x{3002}\x{3084}\x{306F}\x{308A}\x{5411}"
            text run at (252,0) width 51: "\x{3046}\x{4E09}\x{8ED2}"
          RenderRuby (inline) {RUBY} at (0,0) size 17x42
            RenderRubyRun (anonymous) at (252,47) size 18x50
              RenderRubyText {RT} at (-10,0) size 10x50
                RenderText {#text} at (0,0) size 10x50
                  text run at (0,0) width 50: "\x{308A}\x{3087}\x{3046}\x{3069}\x{306A}"
              RenderRubyBase (anonymous) at (0,0) size 18x50
                RenderInline {RB} at (0,0) size 17x34
                  RenderText {#text} at (0,8) size 17x34
                    text run at (0,8) width 34: "\x{4E21}\x{96A3}"
          RenderText {#text} at (252,93) size 35x484
            text run at (252,93) width 391: "\x{308A}\x{306B}\x{3061}\x{3089}\x{3061}\x{3089}\x{3059}\x{308B}\x{305F}\x{3060}\x{306E}\x{4EBA}\x{3067}\x{3042}\x{308B}\x{3002}\x{305F}\x{3060}\x{306E}\x{4EBA}\x{304C}\x{4F5C}\x{3063}"
            text run at (270,0) width 17: "\x{305F}"
          RenderInline {STRONG} at (0,0) size 17x54
            RenderText {#text} at (270,17) size 17x54
              text run at (270,17) width 54: "\x{4EBA}\x{306E}\x{4E16}"
          RenderText {#text} at (270,71) size 17x391
            text run at (270,71) width 391: "\x{304C}\x{4F4F}\x{307F}\x{306B}\x{304F}\x{3044}\x{304B}\x{3089}\x{3068}\x{3066}\x{3001}\x{8D8A}\x{3059}\x{56FD}\x{306F}\x{3042}\x{308B}\x{307E}\x{3044}\x{3002}\x{3042}\x{308C}\x{3070}"
          RenderInline {STRONG} at (0,0) size 35x480
            RenderText {#text} at (270,462) size 35x480
              text run at (270,462) width 18: "\x{4EBA}"
              text run at (288,0) width 54: "\x{3067}\x{306A}\x{3057}"
          RenderText {#text} at (288,54) size 17x170
            text run at (288,54) width 170: "\x{306E}\x{56FD}\x{3078}\x{884C}\x{304F}\x{3070}\x{304B}\x{308A}\x{3060}\x{3002}"
          RenderInline {STRONG} at (0,0) size 17x72
            RenderText {#text} at (288,224) size 17x72
              text run at (288,224) width 72: "\x{4EBA}\x{3067}\x{306A}\x{3057}"
          RenderText {#text} at (288,296) size 17x51
            text run at (288,296) width 51: "\x{306E}\x{56FD}\x{306F}"
          RenderInline {STRONG} at (0,0) size 17x54
            RenderText {#text} at (288,347) size 17x54
              text run at (288,347) width 54: "\x{4EBA}\x{306E}\x{4E16}"
          RenderText {#text} at (288,401) size 35x486
            text run at (288,401) width 85: "\x{3088}\x{308A}\x{3082}\x{306A}\x{304A}"
            text run at (306,0) width 136: "\x{4F4F}\x{307F}\x{306B}\x{304F}\x{304B}\x{308D}\x{3046}\x{3002}"
          RenderBR {BR} at (306,136) size 17x0
          RenderText {#text} at (324,0) size 44x476
            text run at (324,0) width 476: "\x{3000}\x{8D8A}\x{3059}\x{4E8B}\x{306E}\x{306A}\x{3089}\x{306C}\x{4E16}\x{304C}\x{4F4F}\x{307F}\x{306B}\x{304F}\x{3051}\x{308C}\x{3070}\x{3001}\x{4F4F}\x{307F}\x{306B}\x{304F}\x{3044}\x{6240}\x{3092}\x{3069}\x{308C}\x{307B}"
            text run at (351,0) width 51: "\x{3069}\x{304B}\x{3001}"
          RenderRuby (inline) {RUBY} at (0,0) size 17x34
            RenderRubyRun (anonymous) at (351,48) size 18x40
              RenderRubyText {RT} at (-10,0) size 10x40
                RenderText {#text} at (0,0) size 10x40
                  text run at (0,0) width 40: "\x{304F}\x{3064}\x{308D}\x{3052}"
              RenderRubyBase (anonymous) at (0,0) size 18x40
                RenderInline {RB} at (0,0) size 17x34
                  RenderText {#text} at (0,3) size 17x34
                    text run at (0,3) width 34: "\x{5BDB}\x{5BB9}"
          RenderText {#text} at (351,85) size 17x34
            text run at (351,85) width 34: "\x{3066}\x{3001}"
          RenderRuby (inline) {RUBY} at (0,0) size 17x18
            RenderRubyRun (anonymous) at (351,118) size 18x20
              RenderRubyText {RT} at (-10,0) size 10x20
                RenderText {#text} at (0,0) size 10x20
                  text run at (0,0) width 20: "\x{3064}\x{304B}"
              RenderRubyBase (anonymous) at (0,0) size 18x20
                RenderInline {RB} at (0,0) size 17x18
                  RenderText {#text} at (0,1) size 17x18
                    text run at (0,1) width 17: "\x{675F}"
          RenderText {#text} at (351,137) size 17x17
            text run at (351,137) width 17: "\x{306E}"
          RenderRuby (inline) {RUBY} at (0,0) size 17x17
            RenderRubyRun (anonymous) at (351,154) size 18x17
              RenderRubyText {RT} at (-10,0) size 10x17
                RenderText {#text} at (0,3) size 10x11
                  text run at (0,3) width 10: "\x{307E}"
              RenderRubyBase (anonymous) at (0,0) size 18x17
                RenderInline {RB} at (0,0) size 17x17
                  RenderText {#text} at (0,0) size 17x17
                    text run at (0,0) width 17: "\x{9593}"
          RenderText {#text} at (351,171) size 35x477
            text run at (351,171) width 306: "\x{306E}\x{547D}\x{3092}\x{3001}\x{675F}\x{306E}\x{9593}\x{3067}\x{3082}\x{4F4F}\x{307F}\x{3088}\x{304F}\x{305B}\x{306D}\x{3070}\x{306A}\x{3089}"
            text run at (369,0) width 476: "\x{306C}\x{3002}\x{3053}\x{3053}\x{306B}\x{8A69}\x{4EBA}\x{3068}\x{3044}\x{3046}\x{5929}\x{8077}\x{304C}\x{51FA}\x{6765}\x{3066}\x{3001}\x{3053}\x{3053}\x{306B}\x{753B}\x{5BB6}\x{3068}\x{3044}\x{3046}\x{4F7F}\x{547D}\x{304C}"
          RenderRuby (inline) {RUBY} at (0,0) size 17x19
            RenderRubyRun (anonymous) at (396,0) size 18x20
              RenderRubyText {RT} at (-10,0) size 10x20
                RenderText {#text} at (0,0) size 10x20
                  text run at (0,0) width 20: "\x{304F}\x{3060}"
              RenderRubyBase (anonymous) at (0,0) size 18x20
                RenderInline {RB} at (0,0) size 17x18
                  RenderText {#text} at (0,1) size 17x18
                    text run at (0,1) width 17: "\x{964D}"
          RenderText {#text} at (396,19) size 17x255
            text run at (396,19) width 255: "\x{308B}\x{3002}\x{3042}\x{3089}\x{3086}\x{308B}\x{82B8}\x{8853}\x{306E}\x{58EB}\x{306F}\x{4EBA}\x{306E}\x{4E16}\x{3092}"
          RenderRuby (inline) {RUBY} at (0,0) size 17x34
            RenderRubyRun (anonymous) at (396,274) size 18x34
              RenderRubyText {RT} at (-10,0) size 10x34
                RenderText {#text} at (0,2) size 10x30
                  text run at (0,2) width 30: "\x{306E}\x{3069}\x{304B}"
              RenderRubyBase (anonymous) at (0,0) size 18x34
                RenderInline {RB} at (0,0) size 17x34
                  RenderText {#text} at (0,0) size 17x34
                    text run at (0,0) width 34: "\x{9577}\x{9591}"
          RenderText {#text} at (396,308) size 44x478
            text run at (396,308) width 170: "\x{306B}\x{3057}\x{3001}\x{4EBA}\x{306E}\x{5FC3}\x{3092}\x{8C4A}\x{304B}\x{306B}"
            text run at (423,0) width 51: "\x{3059}\x{308B}\x{304C}"
          RenderRuby (inline) {RUBY} at (0,0) size 17x18
            RenderRubyRun (anonymous) at (423,50) size 18x20
              RenderRubyText {RT} at (-10,0) size 10x20
                RenderText {#text} at (0,0) size 10x20
                  text run at (0,0) width 20: "\x{3086}\x{3048}"
              RenderRubyBase (anonymous) at (0,0) size 18x20
                RenderInline {RB} at (0,0) size 17x18
                  RenderText {#text} at (0,1) size 17x18
                    text run at (0,1) width 17: "\x{6545}"
          RenderText {#text} at (423,69) size 17x17
            text run at (423,69) width 17: "\x{306B}"
          RenderRuby (inline) {RUBY} at (0,0) size 17x18
            RenderRubyRun (anonymous) at (423,85) size 18x20
              RenderRubyText {RT} at (-10,0) size 10x20
                RenderText {#text} at (0,0) size 10x20
                  text run at (0,0) width 20: "\x{305F}\x{3063}"
              RenderRubyBase (anonymous) at (0,0) size 18x20
                RenderInline {RB} at (0,0) size 17x18
                  RenderText {#text} at (0,1) size 17x18
                    text run at (0,1) width 17: "\x{5C0A}"
          RenderText {#text} at (423,104) size 17x51
            text run at (423,104) width 51: "\x{3068}\x{3044}\x{3002}"
          RenderBR {BR} at (423,155) size 17x0
          RenderText {#text} at (450,0) size 17x255
            text run at (450,0) width 255: "\x{3000}\x{4F4F}\x{307F}\x{306B}\x{304F}\x{304D}\x{4E16}\x{304B}\x{3089}\x{3001}\x{4F4F}\x{307F}\x{306B}\x{304F}\x{304D}"
          RenderRuby (inline) {RUBY} at (0,0) size 17x22
            RenderRubyRun (anonymous) at (450,251) size 18x30
              RenderRubyText {RT} at (-10,0) size 10x30
                RenderText {#text} at (0,0) size 10x30
                  text run at (0,0) width 30: "\x{308F}\x{305A}\x{3089}"
              RenderRubyBase (anonymous) at (0,0) size 18x30
                RenderInline {RB} at (0,0) size 17x18
                  RenderText {#text} at (0,6) size 17x18
                    text run at (0,6) width 17: "\x{7169}"
          RenderText {#text} at (450,277) size 44x481
            text run at (450,277) width 204: "\x{3044}\x{3092}\x{5F15}\x{304D}\x{629C}\x{3044}\x{3066}\x{3001}\x{3042}\x{308A}\x{304C}\x{305F}"
            text run at (477,0) width 323: "\x{3044}\x{4E16}\x{754C}\x{3092}\x{307E}\x{306E}\x{3042}\x{305F}\x{308A}\x{306B}\x{5199}\x{3059}\x{306E}\x{304C}\x{8A69}\x{3067}\x{3042}\x{308B}\x{3001}"
          RenderRuby (inline) {RUBY} at (0,0) size 17x17
            RenderRubyRun (anonymous) at (477,323) size 18x17
              RenderRubyText {RT} at (-10,0) size 10x17
                RenderText {#text} at (0,3) size 10x11
                  text run at (0,3) width 10: "\x{3048}"
              RenderRubyBase (anonymous) at (0,0) size 18x17
                RenderInline {RB} at (0,0) size 17x17
                  RenderText {#text} at (0,0) size 17x17
                    text run at (0,0) width 17: "\x{753B}"
          RenderText {#text} at (477,340) size 44x476
            text run at (477,340) width 136: "\x{3067}\x{3042}\x{308B}\x{3002}\x{3042}\x{308B}\x{306F}\x{97F3}"
            text run at (504,0) width 204: "\x{697D}\x{3068}\x{5F6B}\x{523B}\x{3067}\x{3042}\x{308B}\x{3002}\x{3053}\x{307E}\x{304B}\x{306B}"
          RenderRuby (inline) {RUBY} at (0,0) size 17x17
            RenderRubyRun (anonymous) at (504,204) size 18x17
              RenderRubyText {RT} at (-10,0) size 10x17
                RenderText {#text} at (0,3) size 10x11
                  text run at (0,3) width 10: "\x{3044}"
              RenderRubyBase (anonymous) at (0,0) size 18x17
                RenderInline {RB} at (0,0) size 17x17
                  RenderText {#text} at (0,0) size 17x17
                    text run at (0,0) width 17: "\x{4E91}"
          RenderText {#text} at (504,221) size 44x476
            text run at (504,221) width 255: "\x{3048}\x{3070}\x{5199}\x{3055}\x{306A}\x{3044}\x{3067}\x{3082}\x{3088}\x{3044}\x{3002}\x{305F}\x{3060}\x{307E}\x{306E}"
            text run at (531,0) width 306: "\x{3042}\x{305F}\x{308A}\x{306B}\x{898B}\x{308C}\x{3070}\x{3001}\x{305D}\x{3053}\x{306B}\x{8A69}\x{3082}\x{751F}\x{304D}\x{3001}\x{6B4C}\x{3082}"
          RenderRuby (inline) {RUBY} at (0,0) size 17x17
            RenderRubyRun (anonymous) at (531,306) size 18x17
              RenderRubyText {RT} at (-10,0) size 10x17
                RenderText {#text} at (0,3) size 10x11
                  text run at (0,3) width 10: "\x{308F}"
              RenderRubyBase (anonymous) at (0,0) size 18x17
                RenderInline {RB} at (0,0) size 17x17
                  RenderText {#text} at (0,0) size 17x17
                    text run at (0,0) width 17: "\x{6E67}"
          RenderText {#text} at (531,323) size 44x476
            text run at (531,323) width 153: "\x{304F}\x{3002}\x{7740}\x{60F3}\x{3092}\x{7D19}\x{306B}\x{843D}\x{3055}"
            text run at (558,0) width 51: "\x{306C}\x{3068}\x{3082}"
          RenderRuby (inline) {RUBY} at (0,0) size 17x42
            RenderRubyRun (anonymous) at (558,47) size 18x50
              RenderRubyText {RT} at (-10,0) size 10x50
                RenderText {#text} at (0,0) size 10x50
                  text run at (0,0) width 50: "\x{304D}\x{3085}\x{3046}\x{305D}\x{3046}"
              RenderRubyBase (anonymous) at (0,0) size 18x50
                RenderInline {RB} at (0,0) size 17x34
                  RenderText {#text} at (0,8) size 17x17
                    text run at (0,8) width 17: "\x{7486}"
                  RenderText {#text} at (0,25) size 17x17
                    text run at (0,25) width 17: "\x{93D8}"
          RenderText {#text} at (558,93) size 17x17
            text run at (558,93) width 17: "\x{306E}"
          RenderRuby (inline) {RUBY} at (0,0) size 17x18
            RenderRubyRun (anonymous) at (558,109) size 18x20
              RenderRubyText {RT} at (-10,0) size 10x20
                RenderText {#text} at (0,0) size 10x20
                  text run at (0,0) width 20: "\x{304A}\x{3093}"
              RenderRubyBase (anonymous) at (0,0) size 18x20
                RenderInline {RB} at (0,0) size 17x18
                  RenderText {#text} at (0,1) size 17x18
                    text run at (0,1) width 17: "\x{97F3}"
          RenderText {#text} at (558,128) size 17x17
            text run at (558,128) width 17: "\x{306F}"
          RenderRuby (inline) {RUBY} at (0,0) size 17x34
            RenderRubyRun (anonymous) at (558,142) size 18x40
              RenderRubyText {RT} at (-10,0) size 10x40
                RenderText {#text} at (0,0) size 10x40
                  text run at (0,0) width 40: "\x{304D}\x{3087}\x{3046}\x{308A}"
              RenderRubyBase (anonymous) at (0,0) size 18x40
                RenderInline {RB} at (0,0) size 17x34
                  RenderText {#text} at (0,3) size 17x34
                    text run at (0,3) width 34: "\x{80F8}\x{88CF}"
          RenderText {#text} at (558,179) size 17x17
            text run at (558,179) width 17: "\x{306B}"
          RenderRuby (inline) {RUBY} at (0,0) size 17x18
            RenderRubyRun (anonymous) at (558,195) size 18x20
              RenderRubyText {RT} at (-10,0) size 10x20
                RenderText {#text} at (0,0) size 10x20
                  text run at (0,0) width 20: "\x{304A}\x{3053}"
              RenderRubyBase (anonymous) at (0,0) size 18x20
                RenderInline {RB} at (0,0) size 17x18
                  RenderText {#text} at (0,1) size 17x18
                    text run at (0,1) width 17: "\x{8D77}"
          RenderText {#text} at (558,214) size 17x34
            text run at (558,214) width 34: "\x{308B}\x{3002}"
          RenderRuby (inline) {RUBY} at (0,0) size 17x34
            RenderRubyRun (anonymous) at (558,245) size 18x40
              RenderRubyText {RT} at (-10,0) size 10x40
                RenderText {#text} at (0,0) size 10x40
                  text run at (0,0) width 40: "\x{305F}\x{3093}\x{305B}\x{3044}"
              RenderRubyBase (anonymous) at (0,0) size 18x40
                RenderInline {RB} at (0,0) size 17x34
                  RenderText {#text} at (0,3) size 17x34
                    text run at (0,3) width 34: "\x{4E39}\x{9752}"
          RenderText {#text} at (558,282) size 17x17
            text run at (558,282) width 17: "\x{306F}"
          RenderRuby (inline) {RUBY} at (0,0) size 17x34
            RenderRubyRun (anonymous) at (558,299) size 18x34
              RenderRubyText {RT} at (-10,0) size 10x34
                RenderText {#text} at (0,7) size 10x20
                  text run at (0,7) width 20: "\x{304C}\x{304B}"
              RenderRubyBase (anonymous) at (0,0) size 18x34
                RenderInline {RB} at (0,0) size 17x34
                  RenderText {#text} at (0,0) size 17x34
                    text run at (0,0) width 34: "\x{753B}\x{67B6}"
          RenderText {#text} at (558,333) size 17x68
            text run at (558,333) width 68: "\x{306B}\x{5411}\x{3063}\x{3066}"
          RenderRuby (inline) {RUBY} at (0,0) size 17x34
            RenderRubyRun (anonymous) at (558,401) size 18x34
              RenderRubyText {RT} at (-10,0) size 10x34
                RenderText {#text} at (0,2) size 10x30
                  text run at (0,2) width 30: "\x{3068}\x{307E}\x{3064}"
              RenderRubyBase (anonymous) at (0,0) size 18x34
                RenderInline {RB} at (0,0) size 17x34
                  RenderText {#text} at (0,0) size 17x34
                    text run at (0,0) width 34: "\x{5857}\x{62B9}"
          RenderText {#text} at (558,435) size 44x486
            text run at (558,435) width 51: "\x{305B}\x{3093}\x{3067}"
            text run at (585,0) width 17: "\x{3082}"
          RenderRuby (inline) {RUBY} at (0,0) size 17x34
            RenderRubyRun (anonymous) at (585,17) size 18x34
              RenderRubyText {RT} at (-10,0) size 10x34
                RenderText {#text} at (0,2) size 10x30
                  text run at (0,2) width 30: "\x{3054}\x{3055}\x{3044}"
              RenderRubyBase (anonymous) at (0,0) size 18x34
                RenderInline {RB} at (0,0) size 17x34
                  RenderText {#text} at (0,0) size 17x34
                    text run at (0,0) width 34: "\x{4E94}\x{5F69}"
          RenderText {#text} at (585,51) size 17x17
            text run at (585,51) width 17: "\x{306E}"
          RenderRuby (inline) {RUBY} at (0,0) size 17x34
            RenderRubyRun (anonymous) at (585,65) size 18x40
              RenderRubyText {RT} at (-10,0) size 10x40
                RenderText {#text} at (0,0) size 10x40
                  text run at (0,0) width 40: "\x{3051}\x{3093}\x{3089}\x{3093}"
              RenderRubyBase (anonymous) at (0,0) size 18x40
                RenderInline {RB} at (0,0) size 17x34
                  RenderText {#text} at (0,3) size 17x34
                    text run at (0,3) width 34: "\x{7D62}\x{721B}"
          RenderText {#text} at (585,102) size 17x17
            text run at (585,102) width 17: "\x{306F}"
          RenderRuby (inline) {RUBY} at (0,0) size 17x22
            RenderRubyRun (anonymous) at (585,115) size 18x30
              RenderRubyText {RT} at (-10,0) size 10x30
                RenderText {#text} at (0,0) size 10x30
                  text run at (0,0) width 30: "\x{304A}\x{306E}\x{305A}"
              RenderRubyBase (anonymous) at (0,0) size 18x30
                RenderInline {RB} at (0,0) size 17x18
                  RenderText {#text} at (0,6) size 17x18
                    text run at (0,6) width 17: "\x{81EA}"
          RenderText {#text} at (585,141) size 17x34
            text run at (585,141) width 34: "\x{304B}\x{3089}"
          RenderRuby (inline) {RUBY} at (0,0) size 17x34
            RenderRubyRun (anonymous) at (585,172) size 18x40
              RenderRubyText {RT} at (-10,0) size 10x40
                RenderText {#text} at (0,0) size 10x40
                  text run at (0,0) width 40: "\x{3057}\x{3093}\x{304C}\x{3093}"
              RenderRubyBase (anonymous) at (0,0) size 18x40
                RenderInline {RB} at (0,0) size 17x34
                  RenderText {#text} at (0,3) size 17x34
                    text run at (0,3) width 34: "\x{5FC3}\x{773C}"
          RenderText {#text} at (585,209) size 17x272
            text run at (585,209) width 272: "\x{306B}\x{6620}\x{308B}\x{3002}\x{305F}\x{3060}\x{304A}\x{306E}\x{304C}\x{4F4F}\x{3080}\x{4E16}\x{3092}\x{3001}\x{304B}\x{304F}"
          RenderRuby (inline) {RUBY} at (0,0) size 17x19
            RenderRubyRun (anonymous) at (612,0) size 18x20
              RenderRubyText {RT} at (-10,0) size 10x20
                RenderText {#text} at (0,0) size 10x20
                  text run at (0,0) width 20: "\x{304B}\x{3093}"
              RenderRubyBase (anonymous) at (0,0) size 18x20
                RenderInline {RB} at (0,0) size 17x18
                  RenderText {#text} at (0,1) size 17x18
                    text run at (0,1) width 17: "\x{89B3}"
          RenderText {#text} at (612,19) size 17x68
            text run at (612,19) width 68: "\x{3058}\x{5F97}\x{3066}\x{3001}"
          RenderRuby (inline) {RUBY} at (0,0) size 17x72
            RenderRubyRun (anonymous) at (612,83) size 18x80
              RenderRubyText {RT} at (-10,0) size 10x80
                RenderText {#text} at (0,0) size 10x80
                  text run at (0,0) width 80: "\x{308C}\x{3044}\x{3060}\x{3044}\x{307B}\x{3046}\x{3059}\x{3093}"
              RenderRubyBase (anonymous) at (0,0) size 18x80
                RenderInline {RB} at (0,0) size 17x68
                  RenderText {#text} at (0,6) size 17x68
                    text run at (0,6) width 68: "\x{970A}\x{53F0}\x{65B9}\x{5BF8}"
          RenderText {#text} at (612,159) size 17x85
            text run at (612,159) width 85: "\x{306E}\x{30AB}\x{30E1}\x{30E9}\x{306B}"
          RenderRuby (inline) {RUBY} at (0,0) size 17x72
            RenderRubyRun (anonymous) at (612,240) size 18x80
              RenderRubyText {RT} at (-10,0) size 10x80
                RenderText {#text} at (0,0) size 10x80
                  text run at (0,0) width 80: "\x{304E}\x{3087}\x{3046}\x{304D}\x{3053}\x{3093}\x{3060}\x{304F}"
              RenderRubyBase (anonymous) at (0,0) size 18x80
                RenderInline {RB} at (0,0) size 17x68
                  RenderText {#text} at (0,6) size 17x68
                    text run at (0,6) width 68: "\x{6F86}\x{5B63}\x{6EB7}\x{6FC1}"
          RenderText {#text} at (612,316) size 44x486
            text run at (612,316) width 170: "\x{306E}\x{4FD7}\x{754C}\x{3092}\x{6E05}\x{304F}\x{3046}\x{3089}\x{3089}\x{304B}"
            text run at (639,0) width 51: "\x{306B}\x{53CE}\x{3081}"
          RenderRuby (inline) {RUBY} at (0,0) size 17x17
            RenderRubyRun (anonymous) at (639,51) size 18x17
              RenderRubyText {RT} at (-10,0) size 10x17
                RenderText {#text} at (0,3) size 10x11
                  text run at (0,3) width 10: "\x{3046}"
              RenderRubyBase (anonymous) at (0,0) size 18x17
                RenderInline {RB} at (0,0) size 17x17
                  RenderText {#text} at (0,0) size 17x17
                    text run at (0,0) width 17: "\x{5F97}"
          RenderText {#text} at (639,68) size 17x34
            text run at (639,68) width 34: "\x{308C}\x{3070}"
          RenderRuby (inline) {RUBY} at (0,0) size 17x17
            RenderRubyRun (anonymous) at (639,102) size 18x17
              RenderRubyText {RT} at (-10,0) size 10x17
                RenderText {#text} at (0,3) size 10x11
                  text run at (0,3) width 10: "\x{305F}"
              RenderRubyBase (anonymous) at (0,0) size 18x17
                RenderInline {RB} at (0,0) size 17x17
                  RenderText {#text} at (0,0) size 17x17
                    text run at (0,0) width 17: "\x{8DB3}"
          RenderText {#text} at (639,119) size 17x102
            text run at (639,119) width 102: "\x{308B}\x{3002}\x{3053}\x{306E}\x{6545}\x{306B}"
          RenderRuby (inline) {RUBY} at (0,0) size 17x34
            RenderRubyRun (anonymous) at (639,221) size 18x34
              RenderRubyText {RT} at (-10,0) size 10x34
                RenderText {#text} at (0,2) size 10x30
                  text run at (0,2) width 30: "\x{3080}\x{305B}\x{3044}"
              RenderRubyBase (anonymous) at (0,0) size 18x34
                RenderInline {RB} at (0,0) size 17x34
                  RenderText {#text} at (0,0) size 17x34
                    text run at (0,0) width 34: "\x{7121}\x{58F0}"
          RenderText {#text} at (639,255) size 17x170
            text run at (639,255) width 170: "\x{306E}\x{8A69}\x{4EBA}\x{306B}\x{306F}\x{4E00}\x{53E5}\x{306A}\x{304F}\x{3001}"
          RenderRuby (inline) {RUBY} at (0,0) size 17x34
            RenderRubyRun (anonymous) at (639,422) size 18x40
              RenderRubyText {RT} at (-10,0) size 10x40
                RenderText {#text} at (0,0) size 10x40
                  text run at (0,0) width 40: "\x{3080}\x{3057}\x{3087}\x{304F}"
              RenderRubyBase (anonymous) at (0,0) size 18x40
                RenderInline {RB} at (0,0) size 17x34
                  RenderText {#text} at (0,3) size 17x34
                    text run at (0,3) width 34: "\x{7121}\x{8272}"
          RenderText {#text} at (639,459) size 44x476
            text run at (639,459) width 17: "\x{306E}"
            text run at (666,0) width 68: "\x{753B}\x{5BB6}\x{306B}\x{306F}"
          RenderRuby (inline) {RUBY} at (0,0) size 17x34
            RenderRubyRun (anonymous) at (666,65) size 18x40
              RenderRubyText {RT} at (-10,0) size 10x40
                RenderText {#text} at (0,0) size 10x40
                  text run at (0,0) width 40: "\x{305B}\x{3063}\x{3051}\x{3093}"
              RenderRubyBase (anonymous) at (0,0) size 18x40
                RenderInline {RB} at (0,0) size 17x34
                  RenderText {#text} at (0,3) size 17x34
                    text run at (0,3) width 34: "\x{5C3A}\x{7E11}"
          RenderText {#text} at (666,102) size 17x102
            text run at (666,102) width 102: "\x{306A}\x{304D}\x{3082}\x{3001}\x{304B}\x{304F}"
          RenderRuby (inline) {RUBY} at (0,0) size 17x34
            RenderRubyRun (anonymous) at (666,201) size 18x40
              RenderRubyText {RT} at (-10,0) size 10x40
                RenderText {#text} at (0,0) size 10x40
                  text run at (0,0) width 40: "\x{3058}\x{3093}\x{305B}\x{3044}"
              RenderRubyBase (anonymous) at (0,0) size 18x40
                RenderInline {RB} at (0,0) size 17x34
                  RenderText {#text} at (0,3) size 17x34
                    text run at (0,3) width 34: "\x{4EBA}\x{4E16}"
          RenderText {#text} at (666,238) size 17x238
            text run at (666,238) width 238: "\x{3092}\x{89B3}\x{3058}\x{5F97}\x{308B}\x{306E}\x{70B9}\x{306B}\x{304A}\x{3044}\x{3066}\x{3001}\x{304B}\x{304F}"
          RenderRuby (inline) {RUBY} at (0,0) size 17x37
            RenderRubyRun (anonymous) at (693,0) size 18x40
              RenderRubyText {RT} at (-10,0) size 10x40
                RenderText {#text} at (0,0) size 10x40
                  text run at (0,0) width 40: "\x{307C}\x{3093}\x{306E}\x{3046}"
              RenderRubyBase (anonymous) at (0,0) size 18x40
                RenderInline {RB} at (0,0) size 17x34
                  RenderText {#text} at (0,3) size 17x34
                    text run at (0,3) width 34: "\x{7169}\x{60A9}"
          RenderText {#text} at (693,37) size 17x17
            text run at (693,37) width 17: "\x{3092}"
          RenderRuby (inline) {RUBY} at (0,0) size 17x34
            RenderRubyRun (anonymous) at (693,54) size 18x34
              RenderRubyText {RT} at (-10,0) size 10x34
                RenderText {#text} at (0,2) size 10x30
                  text run at (0,2) width 30: "\x{3052}\x{3060}\x{3064}"
              RenderRubyBase (anonymous) at (0,0) size 18x34
                RenderInline {RB} at (0,0) size 17x34
                  RenderText {#text} at (0,0) size 17x34
                    text run at (0,0) width 34: "\x{89E3}\x{8131}"
          RenderText {#text} at (693,88) size 17x187
            text run at (693,88) width 187: "\x{3059}\x{308B}\x{306E}\x{70B9}\x{306B}\x{304A}\x{3044}\x{3066}\x{3001}\x{304B}\x{304F}"
          RenderRuby (inline) {RUBY} at (0,0) size 17x72
            RenderRubyRun (anonymous) at (693,271) size 18x80
              RenderRubyText {RT} at (-10,0) size 10x80
                RenderText {#text} at (0,0) size 10x80
                  text run at (0,0) width 80: "\x{3057}\x{3087}\x{3046}\x{3058}\x{3087}\x{3046}\x{304B}\x{3044}"
              RenderRubyBase (anonymous) at (0,0) size 18x80
                RenderInline {RB} at (0,0) size 17x52
                  RenderText {#text} at (0,14) size 17x52
                    text run at (0,14) width 51: "\x{6E05}\x{6D44}\x{754C}"
          RenderText {#text} at (693,347) size 17x17
            text run at (693,347) width 17: "\x{306B}"
          RenderRuby (inline) {RUBY} at (0,0) size 17x52
            RenderRubyRun (anonymous) at (693,360) size 18x60
              RenderRubyText {RT} at (-10,0) size 10x60
                RenderText {#text} at (0,0) size 10x60
                  text run at (0,0) width 60: "\x{3057}\x{3085}\x{3064}\x{306B}\x{3085}\x{3046}"
              RenderRubyBase (anonymous) at (0,0) size 18x60
                RenderInline {RB} at (0,0) size 17x34
                  RenderText {#text} at (0,13) size 17x34
                    text run at (0,13) width 34: "\x{51FA}\x{5165}"
          RenderText {#text} at (693,416) size 44x484
            text run at (693,416) width 68: "\x{3057}\x{5F97}\x{308B}\x{306E}"
            text run at (720,0) width 170: "\x{70B9}\x{306B}\x{304A}\x{3044}\x{3066}\x{3001}\x{307E}\x{305F}\x{3053}\x{306E}"
          RenderRuby (inline) {RUBY} at (0,0) size 17x68
            RenderRubyRun (anonymous) at (720,170) size 18x68
              RenderRubyText {RT} at (-10,0) size 10x68
                RenderText {#text} at (0,9) size 10x50
                  text run at (0,9) width 50: "\x{3075}\x{3069}\x{3046}\x{3075}\x{3058}"
              RenderRubyBase (anonymous) at (0,0) size 18x68
                RenderInline {RB} at (0,0) size 17x68
                  RenderText {#text} at (0,0) size 17x68
                    text run at (0,0) width 68: "\x{4E0D}\x{540C}\x{4E0D}\x{4E8C}"
          RenderText {#text} at (720,238) size 17x17
            text run at (720,238) width 17: "\x{306E}"
          RenderRuby (inline) {RUBY} at (0,0) size 17x34
            RenderRubyRun (anonymous) at (720,252) size 18x40
              RenderRubyText {RT} at (-10,0) size 10x40
                RenderText {#text} at (0,0) size 10x40
                  text run at (0,0) width 40: "\x{3051}\x{3093}\x{3053}\x{3093}"
              RenderRubyBase (anonymous) at (0,0) size 18x40
                RenderInline {RB} at (0,0) size 17x34
                  RenderText {#text} at (0,3) size 17x34
                    text run at (0,3) width 34: "\x{4E7E}\x{5764}"
          RenderText {#text} at (720,289) size 17x17
            text run at (720,289) width 17: "\x{3092}"
          RenderRuby (inline) {RUBY} at (0,0) size 17x42
            RenderRubyRun (anonymous) at (720,302) size 18x50
              RenderRubyText {RT} at (-10,0) size 10x50
                RenderText {#text} at (0,0) size 10x50
                  text run at (0,0) width 50: "\x{3053}\x{3093}\x{308A}\x{3085}\x{3046}"
              RenderRubyBase (anonymous) at (0,0) size 18x50
                RenderInline {RB} at (0,0) size 17x34
                  RenderText {#text} at (0,8) size 17x34
                    text run at (0,8) width 34: "\x{5EFA}\x{7ACB}"
          RenderText {#text} at (720,348) size 44x484
            text run at (720,348) width 136: "\x{3057}\x{5F97}\x{308B}\x{306E}\x{70B9}\x{306B}\x{304A}\x{3044}"
            text run at (747,0) width 34: "\x{3066}\x{3001}"
          RenderRuby (inline) {RUBY} at (0,0) size 17x68
            RenderRubyRun (anonymous) at (747,34) size 18x68
              RenderRubyText {RT} at (-10,0) size 10x68
                RenderText {#text} at (0,9) size 10x50
                  text run at (0,9) width 50: "\x{304C}\x{308A}\x{3057}\x{3088}\x{304F}"
              RenderRubyBase (anonymous) at (0,0) size 18x68
                RenderInline {RB} at (0,0) size 17x68
                  RenderText {#text} at (0,0) size 17x68
                    text run at (0,0) width 68: "\x{6211}\x{5229}\x{79C1}\x{617E}"
          RenderText {#text} at (747,102) size 17x17
            text run at (747,102) width 17: "\x{306E}"
          RenderRuby (inline) {RUBY} at (0,0) size 17x34
            RenderRubyRun (anonymous) at (747,119) size 18x34
              RenderRubyText {RT} at (-10,0) size 10x34
                RenderText {#text} at (0,2) size 10x30
                  text run at (0,2) width 30: "\x{304D}\x{306F}\x{3093}"
              RenderRubyBase (anonymous) at (0,0) size 18x34
                RenderInline {RB} at (0,0) size 17x34
                  RenderText {#text} at (0,0) size 17x34
                    text run at (0,0) width 34: "\x{898A}\x{7D46}"
          RenderText {#text} at (747,153) size 17x17
            text run at (747,153) width 17: "\x{3092}"
          RenderRuby (inline) {RUBY} at (0,0) size 17x34
            RenderRubyRun (anonymous) at (747,167) size 18x40
              RenderRubyText {RT} at (-10,0) size 10x40
                RenderText {#text} at (0,0) size 10x40
                  text run at (0,0) width 40: "\x{305D}\x{3046}\x{3068}\x{3046}"
              RenderRubyBase (anonymous) at (0,0) size 18x40
                RenderInline {RB} at (0,0) size 17x34
                  RenderText {#text} at (0,3) size 17x34
                    text run at (0,3) width 34: "\x{6383}\x{8569}"
          RenderText {#text} at (747,204) size 17x185
            text run at (747,204) width 185: "\x{3059}\x{308B}\x{306E}\x{70B9}\x{306B}\x{304A}\x{3044}\x{3066}\x{3001}\x{2015}\x{2015}"
          RenderRuby (inline) {RUBY} at (0,0) size 17x34
            RenderRubyRun (anonymous) at (747,386) size 18x40
              RenderRubyText {RT} at (-10,0) size 10x40
                RenderText {#text} at (0,0) size 10x40
                  text run at (0,0) width 40: "\x{305B}\x{3093}\x{304D}\x{3093}"
              RenderRubyBase (anonymous) at (0,0) size 18x40
                RenderInline {RB} at (0,0) size 17x34
                  RenderText {#text} at (0,3) size 17x34
                    text run at (0,3) width 34: "\x{5343}\x{91D1}"
          RenderText {#text} at (747,423) size 44x491
            text run at (747,423) width 68: "\x{306E}\x{5B50}\x{3088}\x{308A}"
            text run at (774,0) width 34: "\x{3082}\x{3001}"
          RenderRuby (inline) {RUBY} at (0,0) size 17x42
            RenderRubyRun (anonymous) at (774,30) size 18x50
              RenderRubyText {RT} at (-10,0) size 10x50
                RenderText {#text} at (0,0) size 10x50
                  text run at (0,0) width 50: "\x{3070}\x{3093}\x{3058}\x{3087}\x{3046}"
              RenderRubyBase (anonymous) at (0,0) size 18x50
                RenderInline {RB} at (0,0) size 17x34
                  RenderText {#text} at (0,8) size 17x34
                    text run at (0,8) width 34: "\x{4E07}\x{4E57}"
          RenderText {#text} at (774,76) size 17x221
            text run at (774,76) width 221: "\x{306E}\x{541B}\x{3088}\x{308A}\x{3082}\x{3001}\x{3042}\x{3089}\x{3086}\x{308B}\x{4FD7}\x{754C}\x{306E}"
          RenderRuby (inline) {RUBY} at (0,0) size 17x34
            RenderRubyRun (anonymous) at (774,294) size 18x40
              RenderRubyText {RT} at (-10,0) size 10x40
                RenderText {#text} at (0,0) size 10x40
                  text run at (0,0) width 40: "\x{3061}\x{3087}\x{3046}\x{3058}"
              RenderRubyBase (anonymous) at (0,0) size 18x40
                RenderInline {RB} at (0,0) size 17x34
                  RenderText {#text} at (0,3) size 17x34
                    text run at (0,3) width 34: "\x{5BF5}\x{5150}"
          RenderText {#text} at (774,331) size 17x153
            text run at (774,331) width 153: "\x{3088}\x{308A}\x{3082}\x{5E78}\x{798F}\x{3067}\x{3042}\x{308B}\x{3002}"
          RenderBR {BR} at (774,484) size 17x0
          RenderText {#text} at (801,0) size 17x289
            text run at (801,0) width 289: "\x{3000}\x{4E16}\x{306B}\x{4F4F}\x{3080}\x{3053}\x{3068}\x{4E8C}\x{5341}\x{5E74}\x{306B}\x{3057}\x{3066}\x{3001}\x{4F4F}\x{3080}\x{306B}"
          RenderRuby (inline) {RUBY} at (0,0) size 17x34
            RenderRubyRun (anonymous) at (801,289) size 18x34
              RenderRubyText {RT} at (-10,0) size 10x34
                RenderText {#text} at (0,7) size 10x20
                  text run at (0,7) width 20: "\x{304B}\x{3044}"
              RenderRubyBase (anonymous) at (0,0) size 18x34
                RenderInline {RB} at (0,0) size 17x34
                  RenderText {#text} at (0,0) size 17x34
                    text run at (0,0) width 34: "\x{7532}\x{6590}"
          RenderText {#text} at (801,323) size 44x476
            text run at (801,323) width 153: "\x{3042}\x{308B}\x{4E16}\x{3068}\x{77E5}\x{3063}\x{305F}\x{3002}\x{4E8C}"
            text run at (828,0) width 153: "\x{5341}\x{4E94}\x{5E74}\x{306B}\x{3057}\x{3066}\x{660E}\x{6697}\x{306F}"
          RenderRuby (inline) {RUBY} at (0,0) size 17x34
            RenderRubyRun (anonymous) at (828,150) size 18x40
              RenderRubyText {RT} at (-10,0) size 10x40
                RenderText {#text} at (0,0) size 10x40
                  text run at (0,0) width 40: "\x{3072}\x{3087}\x{3046}\x{308A}"
              RenderRubyBase (anonymous) at (0,0) size 18x40
                RenderInline {RB} at (0,0) size 17x34
                  RenderText {#text} at (0,3) size 17x34
                    text run at (0,3) width 34: "\x{8868}\x{88CF}"
          RenderText {#text} at (828,187) size 44x476
            text run at (828,187) width 289: "\x{306E}\x{3054}\x{3068}\x{304F}\x{3001}\x{65E5}\x{306E}\x{3042}\x{305F}\x{308B}\x{6240}\x{306B}\x{306F}\x{304D}\x{3063}\x{3068}\x{5F71}"
            text run at (855,0) width 187: "\x{304C}\x{3055}\x{3059}\x{3068}\x{609F}\x{3063}\x{305F}\x{3002}\x{4E09}\x{5341}\x{306E}"
          RenderRuby (inline) {RUBY} at (0,0) size 17x34
            RenderRubyRun (anonymous) at (855,184) size 18x40
              RenderRubyText {RT} at (-10,0) size 10x40
                RenderText {#text} at (0,0) size 10x40
                  text run at (0,0) width 40: "\x{3053}\x{3093}\x{306B}\x{3061}"
              RenderRubyBase (anonymous) at (0,0) size 18x40
                RenderInline {RB} at (0,0) size 17x34
                  RenderText {#text} at (0,3) size 17x34
                    text run at (0,3) width 34: "\x{4ECA}\x{65E5}"
          RenderText {#text} at (855,221) size 44x491
            text run at (855,221) width 270: "\x{306F}\x{3053}\x{3046}\x{601D}\x{3046}\x{3066}\x{3044}\x{308B}\x{3002}\x{2015}\x{2015}\x{559C}\x{3073}\x{306E}\x{6DF1}\x{304D}"
            text run at (882,0) width 34: "\x{3068}\x{304D}"
          RenderRuby (inline) {RUBY} at (0,0) size 17x22
            RenderRubyRun (anonymous) at (882,30) size 18x30
              RenderRubyText {RT} at (-10,0) size 10x30
                RenderText {#text} at (0,0) size 10x30
                  text run at (0,0) width 30: "\x{3046}\x{308C}\x{3044}"
              RenderRubyBase (anonymous) at (0,0) size 18x30
                RenderInline {RB} at (0,0) size 17x18
                  RenderText {#text} at (0,6) size 17x18
                    text run at (0,6) width 17: "\x{6182}"
          RenderText {#text} at (882,56) size 17x119
            text run at (882,56) width 119: "\x{3044}\x{3088}\x{3044}\x{3088}\x{6DF1}\x{304F}\x{3001}"
          RenderRuby (inline) {RUBY} at (0,0) size 17x22
            RenderRubyRun (anonymous) at (882,171) size 18x30
              RenderRubyText {RT} at (-10,0) size 10x30
                RenderText {#text} at (0,0) size 10x30
                  text run at (0,0) width 30: "\x{305F}\x{306E}\x{3057}"
              RenderRubyBase (anonymous) at (0,0) size 18x30
                RenderInline {RB} at (0,0) size 17x18
                  RenderText {#text} at (0,6) size 17x18
                    text run at (0,6) width 17: "\x{697D}"
          RenderText {#text} at (882,197) size 44x486
            text run at (882,197) width 289: "\x{307F}\x{306E}\x{5927}\x{3044}\x{306A}\x{308B}\x{307B}\x{3069}\x{82E6}\x{3057}\x{307F}\x{3082}\x{5927}\x{304D}\x{3044}\x{3002}\x{3053}"
            text run at (909,0) width 289: "\x{308C}\x{3092}\x{5207}\x{308A}\x{653E}\x{305D}\x{3046}\x{3068}\x{3059}\x{308B}\x{3068}\x{8EAB}\x{304C}\x{6301}\x{3066}\x{306C}\x{3002}"
          RenderRuby (inline) {RUBY} at (0,0) size 17x18
            RenderRubyRun (anonymous) at (909,288) size 18x20
              RenderRubyText {RT} at (-10,0) size 10x20
                RenderText {#text} at (0,0) size 10x20
                  text run at (0,0) width 20: "\x{304B}\x{305F}"
              RenderRubyBase (anonymous) at (0,0) size 18x20
                RenderInline {RB} at (0,0) size 17x18
                  RenderText {#text} at (0,1) size 17x18
                    text run at (0,1) width 17: "\x{7247}"
          RenderText {#text} at (909,307) size 44x477
            text run at (909,307) width 170: "\x{3065}\x{3051}\x{3088}\x{3046}\x{3068}\x{3059}\x{308C}\x{3070}\x{4E16}\x{304C}"
            text run at (936,0) width 272: "\x{7ACB}\x{305F}\x{306C}\x{3002}\x{91D1}\x{306F}\x{5927}\x{4E8B}\x{3060}\x{3001}\x{5927}\x{4E8B}\x{306A}\x{3082}\x{306E}\x{304C}"
          RenderRuby (inline) {RUBY} at (0,0) size 17x17
            RenderRubyRun (anonymous) at (936,272) size 18x17
              RenderRubyText {RT} at (-10,0) size 10x17
                RenderText {#text} at (0,3) size 10x11
                  text run at (0,3) width 10: "\x{3075}"
              RenderRubyBase (anonymous) at (0,0) size 18x17
                RenderInline {RB} at (0,0) size 17x17
                  RenderText {#text} at (0,0) size 17x17
                    text run at (0,0) width 17: "\x{6B96}"
          RenderText {#text} at (936,289) size 17x51
            text run at (936,289) width 51: "\x{3048}\x{308C}\x{3070}"
          RenderRuby (inline) {RUBY} at (0,0) size 17x17
            RenderRubyRun (anonymous) at (936,340) size 18x17
              RenderRubyText {RT} at (-10,0) size 10x17
                RenderText {#text} at (0,3) size 10x11
                  text run at (0,3) width 10: "\x{306D}"
              RenderRubyBase (anonymous) at (0,0) size 18x17
                RenderInline {RB} at (0,0) size 17x17
                  RenderText {#text} at (0,0) size 17x17
                    text run at (0,0) width 17: "\x{5BDD}"
          RenderText {#text} at (936,357) size 17x17
            text run at (936,357) width 17: "\x{308B}"
          RenderRuby (inline) {RUBY} at (0,0) size 17x17
            RenderRubyRun (anonymous) at (936,374) size 18x17
              RenderRubyText {RT} at (-10,0) size 10x17
                RenderText {#text} at (0,3) size 10x11
                  text run at (0,3) width 10: "\x{307E}"
              RenderRubyBase (anonymous) at (0,0) size 18x17
                RenderInline {RB} at (0,0) size 17x17
                  RenderText {#text} at (0,0) size 17x17
                    text run at (0,0) width 17: "\x{9593}"
          RenderText {#text} at (936,391) size 62x476
            text run at (936,391) width 85: "\x{3082}\x{5FC3}\x{914D}\x{3060}\x{308D}"
            text run at (954,0) width 476: "\x{3046}\x{3002}\x{604B}\x{306F}\x{3046}\x{308C}\x{3057}\x{3044}\x{3001}\x{5B09}\x{3057}\x{3044}\x{604B}\x{304C}\x{7A4D}\x{3082}\x{308C}\x{3070}\x{3001}\x{604B}\x{3092}\x{305B}\x{306C}\x{6614}\x{304C}\x{304B}\x{3048}\x{3063}"
            text run at (981,0) width 306: "\x{3066}\x{604B}\x{3057}\x{304B}\x{308D}\x{3002}\x{95A3}\x{50DA}\x{306E}\x{80A9}\x{306F}\x{6570}\x{767E}\x{4E07}\x{4EBA}\x{306E}\x{8DB3}\x{3092}"
          RenderRuby (inline) {RUBY} at (0,0) size 17x18
            RenderRubyRun (anonymous) at (981,305) size 18x20
              RenderRubyText {RT} at (-10,0) size 10x20
                RenderText {#text} at (0,0) size 10x20
                  text run at (0,0) width 20: "\x{3055}\x{3055}"
              RenderRubyBase (anonymous) at (0,0) size 18x20
                RenderInline {RB} at (0,0) size 17x18
                  RenderText {#text} at (0,1) size 17x18
                    text run at (0,1) width 17: "\x{652F}"
          RenderText {#text} at (981,324) size 17x85
            text run at (981,324) width 85: "\x{3048}\x{3066}\x{3044}\x{308B}\x{3002}"
          RenderRuby (inline) {RUBY} at (0,0) size 17x34
            RenderRubyRun (anonymous) at (981,409) size 18x34
              RenderRubyText {RT} at (-10,0) size 10x34
                RenderText {#text} at (0,2) size 10x30
                  text run at (0,2) width 30: "\x{305B}\x{306A}\x{304B}"
              RenderRubyBase (anonymous) at (0,0) size 18x34
                RenderInline {RB} at (0,0) size 17x34
                  RenderText {#text} at (0,0) size 17x34
                    text run at (0,0) width 34: "\x{80CC}\x{4E2D}"
          RenderText {#text} at (981,443) size 62x477
            text run at (981,443) width 34: "\x{306B}\x{306F}"
            text run at (999,0) width 476: "\x{91CD}\x{3044}\x{5929}\x{4E0B}\x{304C}\x{304A}\x{3076}\x{3055}\x{3063}\x{3066}\x{3044}\x{308B}\x{3002}\x{3046}\x{307E}\x{3044}\x{7269}\x{3082}\x{98DF}\x{308F}\x{306D}\x{3070}\x{60DC}\x{3057}\x{3044}\x{3002}\x{5C11}\x{3057}"
            text run at (1026,0) width 51: "\x{98DF}\x{3048}\x{3070}"
          RenderRuby (inline) {RUBY} at (0,0) size 17x17
            RenderRubyRun (anonymous) at (1026,51) size 18x17
              RenderRubyText {RT} at (-10,0) size 10x17
                RenderText {#text} at (0,3) size 10x11
                  text run at (0,3) width 10: "\x{3042}"
              RenderRubyBase (anonymous) at (0,0) size 18x17
                RenderInline {RB} at (0,0) size 17x17
                  RenderText {#text} at (0,0) size 17x17
                    text run at (0,0) width 17: "\x{98FD}"
          RenderText {#text} at (1026,68) size 17x17
            text run at (1026,68) width 17: "\x{304D}"
          RenderRuby (inline) {RUBY} at (0,0) size 17x17
            RenderRubyRun (anonymous) at (1026,85) size 18x17
              RenderRubyText {RT} at (-10,0) size 10x17
                RenderText {#text} at (0,3) size 10x11
                  text run at (0,3) width 10: "\x{305F}"
              RenderRubyBase (anonymous) at (0,0) size 18x17
                RenderInline {RB} at (0,0) size 17x17
                  RenderText {#text} at (0,0) size 17x17
                    text run at (0,0) width 17: "\x{8DB3}"
          RenderText {#text} at (1026,102) size 17x304
            text run at (1026,102) width 304: "\x{3089}\x{306C}\x{3002}\x{5B58}\x{5206}\x{98DF}\x{3048}\x{3070}\x{3042}\x{3068}\x{304C}\x{4E0D}\x{6109}\x{5FEB}\x{3060}\x{3002}\x{2026}\x{2026}"
          RenderBR {BR} at (1026,406) size 17x0
          RenderText {#text} at (1053,0) size 17x17
            text run at (1053,0) width 17: "\x{3000}"
          RenderRuby (inline) {RUBY} at (0,0) size 17x17
            RenderRubyRun (anonymous) at (1053,17) size 18x17
              RenderRubyText {RT} at (-10,0) size 10x17
                RenderText {#text} at (0,3) size 10x11
                  text run at (0,3) width 10: "\x{3088}"
              RenderRubyBase (anonymous) at (0,0) size 18x17
                RenderInline {RB} at (0,0) size 17x17
                  RenderText {#text} at (0,0) size 17x17
                    text run at (0,0) width 17: "\x{4F59}"
          RenderText {#text} at (1053,34) size 17x17
            text run at (1053,34) width 17: "\x{306E}"
          RenderRuby (inline) {RUBY} at (0,0) size 17x32
            RenderRubyRun (anonymous) at (1053,47) size 18x40
              RenderRubyText {RT} at (-10,0) size 10x40
                RenderText {#text} at (0,0) size 10x40
                  text run at (0,0) width 40: "\x{304B}\x{3093}\x{304C}\x{3048}"
              RenderRubyBase (anonymous) at (0,0) size 18x40
                RenderInline {RB} at (0,0) size 17x18
                  RenderText {#text} at (0,11) size 17x18
                    text run at (0,11) width 17: "\x{8003}"
          RenderText {#text} at (1053,83) size 17x272
            text run at (1053,83) width 272: "\x{304C}\x{3053}\x{3053}\x{307E}\x{3067}\x{6F02}\x{6D41}\x{3057}\x{3066}\x{6765}\x{305F}\x{6642}\x{306B}\x{3001}\x{4F59}\x{306E}"
          RenderRuby (inline) {RUBY} at (0,0) size 17x34
            RenderRubyRun (anonymous) at (1053,355) size 18x34
              RenderRubyText {RT} at (-10,0) size 10x34
                RenderText {#text} at (0,2) size 10x30
                  text run at (0,2) width 30: "\x{3046}\x{305D}\x{304F}"
              RenderRubyBase (anonymous) at (0,0) size 18x34
                RenderInline {RB} at (0,0) size 17x34
                  RenderText {#text} at (0,0) size 17x34
                    text run at (0,0) width 34: "\x{53F3}\x{8DB3}"
          RenderText {#text} at (1053,389) size 17x51
            text run at (1053,389) width 51: "\x{306F}\x{7A81}\x{7136}"
          RenderRuby (inline) {RUBY} at (0,0) size 17x18
            RenderRubyRun (anonymous) at (1053,439) size 18x20
              RenderRubyText {RT} at (-10,0) size 10x20
                RenderText {#text} at (0,0) size 10x20
                  text run at (0,0) width 20: "\x{3059}\x{308F}"
              RenderRubyBase (anonymous) at (0,0) size 18x20
                RenderInline {RB} at (0,0) size 17x18
                  RenderText {#text} at (0,1) size 17x18
                    text run at (0,1) width 17: "\x{5750}"
          RenderText {#text} at (1053,458) size 44x475
            text run at (1053,458) width 17: "\x{308A}"
            text run at (1080,0) width 68: "\x{306E}\x{308F}\x{308B}\x{3044}"
          RenderRuby (inline) {RUBY} at (0,0) size 17x34
            RenderRubyRun (anonymous) at (1080,65) size 18x40
              RenderRubyText {RT} at (-10,0) size 10x40
                RenderText {#text} at (0,0) size 10x40
                  text run at (0,0) width 40: "\x{304B}\x{304F}\x{3044}\x{3057}"
              RenderRubyBase (anonymous) at (0,0) size 18x40
                RenderInline {RB} at (0,0) size 17x34
                  RenderText {#text} at (0,3) size 17x34
                    text run at (0,3) width 34: "\x{89D2}\x{77F3}"
          RenderText {#text} at (1080,102) size 17x17
            text run at (1080,102) width 17: "\x{306E}"
          RenderRuby (inline) {RUBY} at (0,0) size 17x18
            RenderRubyRun (anonymous) at (1080,118) size 18x20
              RenderRubyText {RT} at (-10,0) size 10x20
                RenderText {#text} at (0,0) size 10x20
                  text run at (0,0) width 20: "\x{306F}\x{3057}"
              RenderRubyBase (anonymous) at (0,0) size 18x20
                RenderInline {RB} at (0,0) size 17x18
                  RenderText {#text} at (0,1) size 17x18
                    text run at (0,1) width 17: "\x{7AEF}"
          RenderText {#text} at (1080,137) size 17x51
            text run at (1080,137) width 51: "\x{3092}\x{8E0F}\x{307F}"
          RenderRuby (inline) {RUBY} at (0,0) size 17x17
            RenderRubyRun (anonymous) at (1080,188) size 18x17
              RenderRubyText {RT} at (-10,0) size 10x17
                RenderText {#text} at (0,3) size 10x11
                  text run at (0,3) width 10: "\x{305D}"
              RenderRubyBase (anonymous) at (0,0) size 18x17
                RenderInline {RB} at (0,0) size 17x17
                  RenderText {#text} at (0,0) size 17x17
                    text run at (0,0) width 17: "\x{640D}"
          RenderText {#text} at (1080,205) size 17x85
            text run at (1080,205) width 85: "\x{304F}\x{306A}\x{3063}\x{305F}\x{3002}"
          RenderRuby (inline) {RUBY} at (0,0) size 17x34
            RenderRubyRun (anonymous) at (1080,287) size 18x40
              RenderRubyText {RT} at (-10,0) size 10x40
                RenderText {#text} at (0,0) size 10x40
                  text run at (0,0) width 40: "\x{3078}\x{3044}\x{3053}\x{3046}"
              RenderRubyBase (anonymous) at (0,0) size 18x40
                RenderInline {RB} at (0,0) size 17x34
                  RenderText {#text} at (0,3) size 17x34
                    text run at (0,3) width 34: "\x{5E73}\x{8861}"
          RenderText {#text} at (1080,324) size 44x477
            text run at (1080,324) width 153: "\x{3092}\x{4FDD}\x{3064}\x{305F}\x{3081}\x{306B}\x{3001}\x{3059}\x{308F}"
            text run at (1107,0) width 153: "\x{3084}\x{3068}\x{524D}\x{306B}\x{98DB}\x{3073}\x{51FA}\x{3057}\x{305F}"
          RenderRuby (inline) {RUBY} at (0,0) size 17x34
            RenderRubyRun (anonymous) at (1107,153) size 18x34
              RenderRubyText {RT} at (-10,0) size 10x34
                RenderText {#text} at (0,2) size 10x30
                  text run at (0,2) width 30: "\x{3055}\x{305D}\x{304F}"
              RenderRubyBase (anonymous) at (0,0) size 18x34
                RenderInline {RB} at (0,0) size 17x34
                  RenderText {#text} at (0,0) size 17x34
                    text run at (0,0) width 34: "\x{5DE6}\x{8DB3}"
          RenderText {#text} at (1107,187) size 17x34
            text run at (1107,187) width 34: "\x{304C}\x{3001}"
          RenderRuby (inline) {RUBY} at (0,0) size 17x34
            RenderRubyRun (anonymous) at (1107,221) size 18x34
              RenderRubyText {RT} at (-10,0) size 10x34
                RenderText {#text} at (0,2) size 10x30
                  text run at (0,2) width 30: "\x{3057}\x{305D}\x{3093}"
              RenderRubyBase (anonymous) at (0,0) size 18x34
                RenderInline {RB} at (0,0) size 17x34
                  RenderText {#text} at (0,0) size 17x34
                    text run at (0,0) width 34: "\x{4ED5}\x{640D}"
          RenderText {#text} at (1107,255) size 17x34
            text run at (1107,255) width 34: "\x{3058}\x{306E}"
          RenderRuby (inline) {RUBY} at (0,0) size 17x17
            RenderRubyRun (anonymous) at (1107,289) size 18x17
              RenderRubyText {RT} at (-10,0) size 10x17
                RenderText {#text} at (0,3) size 10x11
                  text run at (0,3) width 10: "\x{3046}"
              RenderRubyBase (anonymous) at (0,0) size 18x17
                RenderInline {RB} at (0,0) size 17x17
                  RenderText {#text} at (0,0) size 17x17
                    text run at (0,0) width 17: "\x{57CB}"
          RenderText {#text} at (1107,306) size 17x17
            text run at (1107,306) width 17: "\x{3081}"
          RenderRuby (inline) {RUBY} at (0,0) size 17x18
            RenderRubyRun (anonymous) at (1107,322) size 18x20
              RenderRubyText {RT} at (-10,0) size 10x20
                RenderText {#text} at (0,0) size 10x20
                  text run at (0,0) width 20: "\x{3042}\x{308F}"
              RenderRubyBase (anonymous) at (0,0) size 18x20
                RenderInline {RB} at (0,0) size 17x18
                  RenderText {#text} at (0,1) size 17x18
                    text run at (0,1) width 17: "\x{5408}"
          RenderText {#text} at (1107,341) size 44x477
            text run at (1107,341) width 136: "\x{305B}\x{3092}\x{3059}\x{308B}\x{3068}\x{5171}\x{306B}\x{3001}"
            text run at (1134,0) width 136: "\x{4F59}\x{306E}\x{8170}\x{306F}\x{5177}\x{5408}\x{3088}\x{304F}"
          RenderRuby (inline) {RUBY} at (0,0) size 17x18
            RenderRubyRun (anonymous) at (1134,135) size 18x20
              RenderRubyText {RT} at (-10,0) size 10x20
                RenderText {#text} at (0,0) size 10x20
                  text run at (0,0) width 20: "\x{307B}\x{3046}"
              RenderRubyBase (anonymous) at (0,0) size 18x20
                RenderInline {RB} at (0,0) size 17x18
                  RenderText {#text} at (0,1) size 17x18
                    text run at (0,1) width 17: "\x{65B9}"
          RenderText {#text} at (1134,154) size 17x153
            text run at (1134,154) width 153: "\x{4E09}\x{5C3A}\x{307B}\x{3069}\x{306A}\x{5CA9}\x{306E}\x{4E0A}\x{306B}"
          RenderRuby (inline) {RUBY} at (0,0) size 17x17
            RenderRubyRun (anonymous) at (1134,307) size 18x17
              RenderRubyText {RT} at (-10,0) size 10x17
                RenderText {#text} at (0,3) size 10x11
                  text run at (0,3) width 10: "\x{304A}"
              RenderRubyBase (anonymous) at (0,0) size 18x17
                RenderInline {RB} at (0,0) size 17x17
                  RenderText {#text} at (0,0) size 17x17
                    text run at (0,0) width 17: "\x{5378}"
          RenderText {#text} at (1134,324) size 44x477
            text run at (1134,324) width 153: "\x{308A}\x{305F}\x{3002}\x{80A9}\x{306B}\x{304B}\x{3051}\x{305F}\x{7D75}"
            text run at (1161,0) width 68: "\x{306E}\x{5177}\x{7BB1}\x{304C}"
          RenderRuby (inline) {RUBY} at (0,0) size 17x18
            RenderRubyRun (anonymous) at (1161,67) size 18x20
              RenderRubyText {RT} at (-10,0) size 10x20
                RenderText {#text} at (0,0) size 10x20
                  text run at (0,0) width 20: "\x{308F}\x{304D}"
              RenderRubyBase (anonymous) at (0,0) size 18x20
                RenderInline {RB} at (0,0) size 17x18
                  RenderText {#text} at (0,1) size 17x18
                    text run at (0,1) width 17: "\x{814B}"
          RenderText {#text} at (1161,86) size 17x68
            text run at (1161,86) width 68: "\x{306E}\x{4E0B}\x{304B}\x{3089}"
          RenderRuby (inline) {RUBY} at (0,0) size 17x18
            RenderRubyRun (anonymous) at (1161,153) size 18x20
              RenderRubyText {RT} at (-10,0) size 10x20
                RenderText {#text} at (0,0) size 10x20
                  text run at (0,0) width 20: "\x{304A}\x{3069}"
              RenderRubyBase (anonymous) at (0,0) size 18x20
                RenderInline {RB} at (0,0) size 17x18
                  RenderText {#text} at (0,1) size 17x18
                    text run at (0,1) width 17: "\x{8E8D}"
          RenderText {#text} at (1161,172) size 17x187
            text run at (1161,172) width 187: "\x{308A}\x{51FA}\x{3057}\x{305F}\x{3060}\x{3051}\x{3067}\x{3001}\x{5E78}\x{3044}\x{3068}"
          RenderRuby (inline) {RUBY} at (0,0) size 17x18
            RenderRubyRun (anonymous) at (1161,358) size 18x20
              RenderRubyText {RT} at (-10,0) size 10x20
                RenderText {#text} at (0,0) size 10x20
                  text run at (0,0) width 20: "\x{306A}\x{3093}"
              RenderRubyBase (anonymous) at (0,0) size 18x20
                RenderInline {RB} at (0,0) size 17x18
                  RenderText {#text} at (0,1) size 17x18
                    text run at (0,1) width 17: "\x{4F55}"
          RenderText {#text} at (1161,377) size 35x479
            text run at (1161,377) width 102: "\x{306E}\x{4E8B}\x{3082}\x{306A}\x{304B}\x{3063}"
            text run at (1179,0) width 34: "\x{305F}\x{3002}"
          RenderBR {BR} at (1179,34) size 17x0
          RenderText {#text} at (1206,0) size 17x255
            text run at (1206,0) width 255: "\x{3000}\x{7ACB}\x{3061}\x{4E0A}\x{304C}\x{308B}\x{6642}\x{306B}\x{5411}\x{3046}\x{3092}\x{898B}\x{308B}\x{3068}\x{3001}"
          RenderRuby (inline) {RUBY} at (0,0) size 17x18
            RenderRubyRun (anonymous) at (1206,254) size 18x20
              RenderRubyText {RT} at (-10,0) size 10x20
                RenderText {#text} at (0,0) size 10x20
                  text run at (0,0) width 20: "\x{307F}\x{3061}"
              RenderRubyBase (anonymous) at (0,0) size 18x20
                RenderInline {RB} at (0,0) size 17x18
                  RenderText {#text} at (0,1) size 17x18
                    text run at (0,1) width 17: "\x{8DEF}"
          RenderText {#text} at (1206,273) size 44x477
            text run at (1206,273) width 204: "\x{304B}\x{3089}\x{5DE6}\x{306E}\x{65B9}\x{306B}\x{30D0}\x{30B1}\x{30C4}\x{3092}\x{4F0F}\x{305B}"
            text run at (1233,0) width 102: "\x{305F}\x{3088}\x{3046}\x{306A}\x{5CF0}\x{304C}"
          RenderRuby (inline) {RUBY} at (0,0) size 17x18
            RenderRubyRun (anonymous) at (1233,101) size 18x20
              RenderRubyText {RT} at (-10,0) size 10x20
                RenderText {#text} at (0,0) size 10x20
                  text run at (0,0) width 20: "\x{305D}\x{3073}"
              RenderRubyBase (anonymous) at (0,0) size 18x20
                RenderInline {RB} at (0,0) size 17x18
                  RenderText {#text} at (0,1) size 17x18
                    text run at (0,1) width 17: "\x{8073}"
          RenderText {#text} at (1233,120) size 17x119
            text run at (1233,120) width 119: "\x{3048}\x{3066}\x{3044}\x{308B}\x{3002}\x{6749}\x{304B}"
          RenderRuby (inline) {RUBY} at (0,0) size 17x22
            RenderRubyRun (anonymous) at (1233,235) size 18x30
              RenderRubyText {RT} at (-10,0) size 10x30
                RenderText {#text} at (0,0) size 10x30
                  text run at (0,0) width 30: "\x{3072}\x{306E}\x{304D}"
              RenderRubyBase (anonymous) at (0,0) size 18x30
                RenderInline {RB} at (0,0) size 17x18
                  RenderText {#text} at (0,6) size 17x18
                    text run at (0,6) width 17: "\x{6A9C}"
          RenderText {#text} at (1233,261) size 17x119
            text run at (1233,261) width 119: "\x{304B}\x{5206}\x{304B}\x{3089}\x{306A}\x{3044}\x{304C}"
          RenderRuby (inline) {RUBY} at (0,0) size 17x34
            RenderRubyRun (anonymous) at (1233,380) size 18x34
              RenderRubyText {RT} at (-10,0) size 10x34
                RenderText {#text} at (0,2) size 10x30
                  text run at (0,2) width 30: "\x{306D}\x{3082}\x{3068}"
              RenderRubyBase (anonymous) at (0,0) size 18x34
                RenderInline {RB} at (0,0) size 17x34
                  RenderText {#text} at (0,0) size 17x34
                    text run at (0,0) width 34: "\x{6839}\x{5143}"
          RenderText {#text} at (1233,414) size 17x34
            text run at (1233,414) width 34: "\x{304B}\x{3089}"
          RenderRuby (inline) {RUBY} at (0,0) size 17x22
            RenderRubyRun (anonymous) at (1233,444) size 18x30
              RenderRubyText {RT} at (-10,0) size 10x30
                RenderText {#text} at (0,0) size 10x30
                  text run at (0,0) width 30: "\x{3044}\x{305F}\x{3060}"
              RenderRubyBase (anonymous) at (0,0) size 18x30
                RenderInline {RB} at (0,0) size 17x18
                  RenderText {#text} at (0,6) size 17x18
                    text run at (0,6) width 17: "\x{9802}"
          RenderText {#text} at (1233,470) size 44x487
            text run at (1233,470) width 17: "\x{304D}"
            text run at (1260,0) width 119: "\x{307E}\x{3067}\x{3053}\x{3068}\x{3054}\x{3068}\x{304F}"
          RenderRuby (inline) {RUBY} at (0,0) size 17x34
            RenderRubyRun (anonymous) at (1260,116) size 18x40
              RenderRubyText {RT} at (-10,0) size 10x40
                RenderText {#text} at (0,0) size 10x40
                  text run at (0,0) width 40: "\x{3042}\x{304A}\x{3050}\x{308D}"
              RenderRubyBase (anonymous) at (0,0) size 18x40
                RenderInline {RB} at (0,0) size 17x34
                  RenderText {#text} at (0,3) size 17x34
                    text run at (0,3) width 34: "\x{84BC}\x{9ED2}"
          RenderText {#text} at (1260,153) size 17x255
            text run at (1260,153) width 255: "\x{3044}\x{4E2D}\x{306B}\x{3001}\x{5C71}\x{685C}\x{304C}\x{8584}\x{8D64}\x{304F}\x{3060}\x{3093}\x{3060}\x{3089}\x{306B}"
          RenderRuby (inline) {RUBY} at (0,0) size 17x34
            RenderRubyRun (anonymous) at (1260,408) size 18x34
              RenderRubyText {RT} at (-10,0) size 10x34
                RenderText {#text} at (0,2) size 10x30
                  text run at (0,2) width 30: "\x{305F}\x{306A}\x{3073}"
              RenderRubyBase (anonymous) at (0,0) size 18x34
                RenderInline {RB} at (0,0) size 17x34
                  RenderText {#text} at (0,0) size 17x34
                    text run at (0,0) width 34: "\x{68DA}\x{5F15}"
          RenderText {#text} at (1260,442) size 44x459
            text run at (1260,442) width 17: "\x{3044}"
            text run at (1287,0) width 34: "\x{3066}\x{3001}"
          RenderRuby (inline) {RUBY} at (0,0) size 17x17
            RenderRubyRun (anonymous) at (1287,34) size 18x17
              RenderRubyText {RT} at (-10,0) size 10x17
                RenderText {#text} at (0,3) size 10x11
                  text run at (0,3) width 10: "\x{3064}"
              RenderRubyBase (anonymous) at (0,0) size 18x17
                RenderInline {RB} at (0,0) size 17x17
                  RenderText {#text} at (0,0) size 17x17
                    text run at (0,0) width 17: "\x{7D9A}"
          RenderText {#text} at (1287,51) size 17x17
            text run at (1287,51) width 17: "\x{304E}"
          RenderRuby (inline) {RUBY} at (0,0) size 17x17
            RenderRubyRun (anonymous) at (1287,68) size 18x17
              RenderRubyText {RT} at (-10,0) size 10x17
                RenderText {#text} at (0,3) size 10x11
                  text run at (0,3) width 10: "\x{3081}"
              RenderRubyBase (anonymous) at (0,0) size 18x17
                RenderInline {RB} at (0,0) size 17x17
                  RenderText {#text} at (0,0) size 17x17
                    text run at (0,0) width 17: "\x{76EE}"
          RenderText {#text} at (1287,85) size 17x17
            text run at (1287,85) width 17: "\x{304C}"
          RenderRuby (inline) {RUBY} at (0,0) size 17x18
            RenderRubyRun (anonymous) at (1287,101) size 18x20
              RenderRubyText {RT} at (-10,0) size 10x20
                RenderText {#text} at (0,0) size 10x20
                  text run at (0,0) width 20: "\x{3057}\x{304B}"
              RenderRubyBase (anonymous) at (0,0) size 18x20
                RenderInline {RB} at (0,0) size 17x18
                  RenderText {#text} at (0,1) size 17x18
                    text run at (0,1) width 17: "\x{78BA}"
          RenderText {#text} at (1287,120) size 17x119
            text run at (1287,120) width 119: "\x{3068}\x{898B}\x{3048}\x{306C}\x{304F}\x{3089}\x{3044}"
          RenderRuby (inline) {RUBY} at (0,0) size 17x18
            RenderRubyRun (anonymous) at (1287,238) size 18x20
              RenderRubyText {RT} at (-10,0) size 10x20
                RenderText {#text} at (0,0) size 10x20
                  text run at (0,0) width 20: "\x{3082}\x{3084}"
              RenderRubyBase (anonymous) at (0,0) size 18x20
                RenderInline {RB} at (0,0) size 17x18
                  RenderText {#text} at (0,1) size 17x18
                    text run at (0,1) width 17: "\x{9744}"
          RenderText {#text} at (1287,257) size 17x153
            text run at (1287,257) width 153: "\x{304C}\x{6FC3}\x{3044}\x{3002}\x{5C11}\x{3057}\x{624B}\x{524D}\x{306B}"
          RenderRuby (inline) {RUBY} at (0,0) size 17x34
            RenderRubyRun (anonymous) at (1287,407) size 18x40
              RenderRubyText {RT} at (-10,0) size 10x40
                RenderText {#text} at (0,0) size 10x40
                  text run at (0,0) width 40: "\x{306F}\x{3052}\x{3084}\x{307E}"
              RenderRubyBase (anonymous) at (0,0) size 18x40
                RenderInline {RB} at (0,0) size 17x34
                  RenderText {#text} at (0,3) size 17x34
                    text run at (0,3) width 34: "\x{79BF}\x{5C71}"
          RenderText {#text} at (1287,444) size 44x478
            text run at (1287,444) width 34: "\x{304C}\x{4E00}"
            text run at (1314,0) width 34: "\x{3064}\x{3001}"
          RenderRuby (inline) {RUBY} at (0,0) size 17x18
            RenderRubyRun (anonymous) at (1314,33) size 18x20
              RenderRubyText {RT} at (-10,0) size 10x20
                RenderText {#text} at (0,0) size 10x20
                  text run at (0,0) width 20: "\x{3050}\x{3093}"
              RenderRubyBase (anonymous) at (0,0) size 18x20
                RenderInline {RB} at (0,0) size 17x18
                  RenderText {#text} at (0,1) size 17x18
                    text run at (0,1) width 17: "\x{7FA4}"
          RenderText {#text} at (1314,52) size 17x102
            text run at (1314,52) width 102: "\x{3092}\x{306C}\x{304D}\x{3093}\x{3067}\x{3066}"
          RenderRuby (inline) {RUBY} at (0,0) size 17x18
            RenderRubyRun (anonymous) at (1314,153) size 18x20
              RenderRubyText {RT} at (-10,0) size 10x20
                RenderText {#text} at (0,0) size 10x20
                  text run at (0,0) width 20: "\x{307E}\x{3086}"
              RenderRubyBase (anonymous) at (0,0) size 18x20
                RenderInline {RB} at (0,0) size 17x18
                  RenderText {#text} at (0,1) size 17x18
                    text run at (0,1) width 17: "\x{7709}"
          RenderText {#text} at (1314,172) size 17x17
            text run at (1314,172) width 17: "\x{306B}"
          RenderRuby (inline) {RUBY} at (0,0) size 17x18
            RenderRubyRun (anonymous) at (1314,188) size 18x20
              RenderRubyText {RT} at (-10,0) size 10x20
                RenderText {#text} at (0,0) size 10x20
                  text run at (0,0) width 20: "\x{305B}\x{307E}"
              RenderRubyBase (anonymous) at (0,0) size 18x20
                RenderInline {RB} at (0,0) size 17x18
                  RenderText {#text} at (0,1) size 17x18
                    text run at (0,1) width 17: "\x{903C}"
          RenderText {#text} at (1314,207) size 17x34
            text run at (1314,207) width 34: "\x{308B}\x{3002}"
          RenderRuby (inline) {RUBY} at (0,0) size 17x17
            RenderRubyRun (anonymous) at (1314,241) size 18x17
              RenderRubyText {RT} at (-10,0) size 10x17
                RenderText {#text} at (0,3) size 10x11
                  text run at (0,3) width 10: "\x{306F}"
              RenderRubyBase (anonymous) at (0,0) size 18x17
                RenderInline {RB} at (0,0) size 17x17
                  RenderText {#text} at (0,0) size 17x17
                    text run at (0,0) width 17: "\x{79BF}"
          RenderText {#text} at (1314,258) size 17x136
            text run at (1314,258) width 136: "\x{3052}\x{305F}\x{5074}\x{9762}\x{306F}\x{5DE8}\x{4EBA}\x{306E}"
          RenderRuby (inline) {RUBY} at (0,0) size 17x18
            RenderRubyRun (anonymous) at (1314,393) size 18x20
              RenderRubyText {RT} at (-10,0) size 10x20
                RenderText {#text} at (0,0) size 10x20
                  text run at (0,0) width 20: "\x{304A}\x{306E}"
              RenderRubyBase (anonymous) at (0,0) size 18x20
                RenderInline {RB} at (0,0) size 17x18
                  RenderText {#text} at (0,1) size 17x18
                    text run at (0,1) width 17: "\x{65A7}"
          RenderText {#text} at (1314,412) size 17x17
            text run at (1314,412) width 17: "\x{3067}"
          RenderRuby (inline) {RUBY} at (0,0) size 17x18
            RenderRubyRun (anonymous) at (1314,428) size 18x20
              RenderRubyText {RT} at (-10,0) size 10x20
                RenderText {#text} at (0,0) size 10x20
                  text run at (0,0) width 20: "\x{3051}\x{305A}"
              RenderRubyBase (anonymous) at (0,0) size 18x20
                RenderInline {RB} at (0,0) size 17x18
                  RenderText {#text} at (0,1) size 17x18
                    text run at (0,1) width 17: "\x{524A}"
          RenderText {#text} at (1314,447) size 44x464
            text run at (1314,447) width 17: "\x{308A}"
            text run at (1341,0) width 306: "\x{53BB}\x{3063}\x{305F}\x{304B}\x{3001}\x{92ED}\x{3069}\x{304D}\x{5E73}\x{9762}\x{3092}\x{3084}\x{3051}\x{306B}\x{8C37}\x{306E}\x{5E95}\x{306B}"
          RenderRuby (inline) {RUBY} at (0,0) size 17x18
            RenderRubyRun (anonymous) at (1341,305) size 18x20
              RenderRubyText {RT} at (-10,0) size 10x20
                RenderText {#text} at (0,0) size 10x20
                  text run at (0,0) width 20: "\x{3046}\x{305A}"
              RenderRubyBase (anonymous) at (0,0) size 18x20
                RenderInline {RB} at (0,0) size 17x18
                  RenderText {#text} at (0,1) size 17x18
                    text run at (0,1) width 17: "\x{57CB}"
          RenderText {#text} at (1341,324) size 17x85
            text run at (1341,324) width 85: "\x{3081}\x{3066}\x{3044}\x{308B}\x{3002}"
          RenderRuby (inline) {RUBY} at (0,0) size 17x34
            RenderRubyRun (anonymous) at (1341,406) size 18x40
              RenderRubyText {RT} at (-10,0) size 10x40
                RenderText {#text} at (0,0) size 10x40
                  text run at (0,0) width 40: "\x{3066}\x{3063}\x{307A}\x{3093}"
              RenderRubyBase (anonymous) at (0,0) size 18x40
                RenderInline {RB} at (0,0) size 17x34
                  RenderText {#text} at (0,3) size 17x34
                    text run at (0,3) width 34: "\x{5929}\x{8FBA}"
          RenderText {#text} at (1341,443) size 44x477
            text run at (1341,443) width 34: "\x{306B}\x{4E00}"
            text run at (1368,0) width 323: "\x{672C}\x{898B}\x{3048}\x{308B}\x{306E}\x{306F}\x{8D64}\x{677E}\x{3060}\x{308D}\x{3046}\x{3002}\x{679D}\x{306E}\x{9593}\x{306E}\x{7A7A}\x{3055}\x{3048}"
          RenderRuby (inline) {RUBY} at (0,0) size 17x34
            RenderRubyRun (anonymous) at (1368,320) size 18x40
              RenderRubyText {RT} at (-10,0) size 10x40
                RenderText {#text} at (0,0) size 10x40
                  text run at (0,0) width 40: "\x{306F}\x{3063}\x{304D}\x{308A}"
              RenderRubyBase (anonymous) at (0,0) size 18x40
                RenderInline {RB} at (0,0) size 17x34
                  RenderText {#text} at (0,3) size 17x34
                    text run at (0,3) width 34: "\x{5224}\x{7136}"
          RenderText {#text} at (1368,357) size 44x476
            text run at (1368,357) width 119: "\x{3057}\x{3066}\x{3044}\x{308B}\x{3002}\x{884C}\x{304F}"
            text run at (1395,0) width 357: "\x{624B}\x{306F}\x{4E8C}\x{4E01}\x{307B}\x{3069}\x{3067}\x{5207}\x{308C}\x{3066}\x{3044}\x{308B}\x{304C}\x{3001}\x{9AD8}\x{3044}\x{6240}\x{304B}\x{3089}\x{8D64}\x{3044}"
          RenderRuby (inline) {RUBY} at (0,0) size 17x34
            RenderRubyRun (anonymous) at (1395,357) size 18x34
              RenderRubyText {RT} at (-10,0) size 10x34
                RenderText {#text} at (0,2) size 10x30
                  text run at (0,2) width 30: "\x{3051}\x{3063}\x{3068}"
              RenderRubyBase (anonymous) at (0,0) size 18x34
                RenderInline {RB} at (0,0) size 17x34
                  RenderText {#text} at (0,0) size 17x34
                    text run at (0,0) width 34: "\x{6BDB}\x{5E03}"
          RenderText {#text} at (1395,391) size 35x476
            text run at (1395,391) width 85: "\x{304C}\x{52D5}\x{3044}\x{3066}\x{6765}"
            text run at (1413,0) width 459: "\x{308B}\x{306E}\x{3092}\x{898B}\x{308B}\x{3068}\x{3001}\x{767B}\x{308C}\x{3070}\x{3042}\x{3059}\x{3053}\x{3078}\x{51FA}\x{308B}\x{306E}\x{3060}\x{308D}\x{3046}\x{3002}\x{8DEF}\x{306F}\x{3059}\x{3053}\x{3076}\x{308B}"
          RenderRuby (inline) {RUBY} at (0,0) size 17x34
            RenderRubyRun (anonymous) at (1440,0) size 18x34
              RenderRubyText {RT} at (-10,0) size 10x34
                RenderText {#text} at (0,2) size 10x30
                  text run at (0,2) width 30: "\x{306A}\x{3093}\x{304E}"
              RenderRubyBase (anonymous) at (0,0) size 18x34
                RenderInline {RB} at (0,0) size 17x34
                  RenderText {#text} at (0,0) size 17x34
                    text run at (0,0) width 34: "\x{96E3}\x{7FA9}"
          RenderText {#text} at (1440,34) size 17x34
            text run at (1440,34) width 34: "\x{3060}\x{3002}"
          RenderBR {BR} at (1440,68) size 17x0
          RenderText {#text} at (1467,0) size 17x221
            text run at (1467,0) width 221: "\x{3000}\x{571F}\x{3092}\x{306A}\x{3089}\x{3059}\x{3060}\x{3051}\x{306A}\x{3089}\x{3055}\x{307B}\x{3069}"
          RenderRuby (inline) {RUBY} at (0,0) size 17x34
            RenderRubyRun (anonymous) at (1467,221) size 18x34
              RenderRubyText {RT} at (-10,0) size 10x34
                RenderText {#text} at (0,7) size 10x20
                  text run at (0,7) width 20: "\x{3066}\x{307E}"
              RenderRubyBase (anonymous) at (0,0) size 18x34
                RenderInline {RB} at (0,0) size 17x34
                  RenderText {#text} at (0,0) size 17x34
                    text run at (0,0) width 34: "\x{624B}\x{9593}"
          RenderText {#text} at (1467,255) size 17x17
            text run at (1467,255) width 17: "\x{3082}"
          RenderRuby (inline) {RUBY} at (0,0) size 17x17
            RenderRubyRun (anonymous) at (1467,272) size 18x17
              RenderRubyText {RT} at (-10,0) size 10x17
                RenderText {#text} at (0,3) size 10x11
                  text run at (0,3) width 10: "\x{3044}"
              RenderRubyBase (anonymous) at (0,0) size 18x17
                RenderInline {RB} at (0,0) size 17x17
                  RenderText {#text} at (0,0) size 17x17
                    text run at (0,0) width 17: "\x{5165}"
          RenderText {#text} at (1467,289) size 44x476
            text run at (1467,289) width 187: "\x{308B}\x{307E}\x{3044}\x{304C}\x{3001}\x{571F}\x{306E}\x{4E2D}\x{306B}\x{306F}\x{5927}"
            text run at (1494,0) width 153: "\x{304D}\x{306A}\x{77F3}\x{304C}\x{3042}\x{308B}\x{3002}\x{571F}\x{306F}"
          RenderRuby (inline) {RUBY} at (0,0) size 17x18
            RenderRubyRun (anonymous) at (1494,152) size 18x20
              RenderRubyText {RT} at (-10,0) size 10x20
                RenderText {#text} at (0,0) size 10x20
                  text run at (0,0) width 20: "\x{305F}\x{3044}"
              RenderRubyBase (anonymous) at (0,0) size 18x20
                RenderInline {RB} at (0,0) size 17x18
                  RenderText {#text} at (0,1) size 17x18
                    text run at (0,1) width 17: "\x{5E73}"
          RenderText {#text} at (1494,171) size 44x477
            text run at (1494,171) width 306: "\x{3089}\x{306B}\x{3057}\x{3066}\x{3082}\x{77F3}\x{306F}\x{5E73}\x{3089}\x{306B}\x{306A}\x{3089}\x{306C}\x{3002}\x{77F3}\x{306F}\x{5207}\x{308A}"
            text run at (1521,0) width 238: "\x{7815}\x{3044}\x{3066}\x{3082}\x{3001}\x{5CA9}\x{306F}\x{59CB}\x{672B}\x{304C}\x{3064}\x{304B}\x{306C}\x{3002}"
          RenderRuby (inline) {RUBY} at (0,0) size 17x34
            RenderRubyRun (anonymous) at (1521,235) size 18x40
              RenderRubyText {RT} at (-10,0) size 10x40
                RenderText {#text} at (0,0) size 10x40
                  text run at (0,0) width 40: "\x{307B}\x{308A}\x{304F}\x{305A}"
              RenderRubyBase (anonymous) at (0,0) size 18x40
                RenderInline {RB} at (0,0) size 17x34
                  RenderText {#text} at (0,3) size 17x34
                    text run at (0,3) width 34: "\x{6398}\x{5D29}"
          RenderText {#text} at (1521,272) size 17x102
            text run at (1521,272) width 102: "\x{3057}\x{305F}\x{571F}\x{306E}\x{4E0A}\x{306B}"
          RenderRuby (inline) {RUBY} at (0,0) size 17x34
            RenderRubyRun (anonymous) at (1521,371) size 18x40
              RenderRubyText {RT} at (-10,0) size 10x40
                RenderText {#text} at (0,0) size 10x40
                  text run at (0,0) width 40: "\x{3086}\x{3046}\x{305C}\x{3093}"
              RenderRubyBase (anonymous) at (0,0) size 18x40
                RenderInline {RB} at (0,0) size 17x34
                  RenderText {#text} at (0,3) size 17x34
                    text run at (0,3) width 34: "\x{60A0}\x{7136}"
          RenderText {#text} at (1521,408) size 17x17
            text run at (1521,408) width 17: "\x{3068}"
          RenderRuby (inline) {RUBY} at (0,0) size 17x22
            RenderRubyRun (anonymous) at (1521,421) size 18x30
              RenderRubyText {RT} at (-10,0) size 10x30
                RenderText {#text} at (0,0) size 10x30
                  text run at (0,0) width 30: "\x{305D}\x{3070}\x{3060}"
              RenderRubyBase (anonymous) at (0,0) size 18x30
                RenderInline {RB} at (0,0) size 17x18
                  RenderText {#text} at (0,6) size 17x18
                    text run at (0,6) width 17: "\x{5CD9}"
          RenderText {#text} at (1521,447) size 44x464
            text run at (1521,447) width 17: "\x{3063}"
            text run at (1548,0) width 204: "\x{3066}\x{3001}\x{543E}\x{3089}\x{306E}\x{305F}\x{3081}\x{306B}\x{9053}\x{3092}\x{8B72}\x{308B}"
          RenderRuby (inline) {RUBY} at (0,0) size 17x34
            RenderRubyRun (anonymous) at (1548,204) size 18x34
              RenderRubyText {RT} at (-10,0) size 10x34
                RenderText {#text} at (0,2) size 10x30
                  text run at (0,2) width 30: "\x{3051}\x{3057}\x{304D}"
              RenderRubyBase (anonymous) at (0,0) size 18x34
                RenderInline {RB} at (0,0) size 17x34
                  RenderText {#text} at (0,0) size 17x34
                    text run at (0,0) width 34: "\x{666F}\x{8272}"
          RenderText {#text} at (1548,238) size 44x476
            text run at (1548,238) width 238: "\x{306F}\x{306A}\x{3044}\x{3002}\x{5411}\x{3046}\x{3067}\x{805E}\x{304B}\x{306C}\x{4E0A}\x{306F}\x{4E57}\x{308A}"
            text run at (1575,0) width 238: "\x{8D8A}\x{3059}\x{304B}\x{3001}\x{5EFB}\x{3089}\x{306A}\x{3051}\x{308C}\x{3070}\x{306A}\x{3089}\x{3093}\x{3002}"
          RenderRuby (inline) {RUBY} at (0,0) size 17x18
            RenderRubyRun (anonymous) at (1575,237) size 18x20
              RenderRubyText {RT} at (-10,0) size 10x20
                RenderText {#text} at (0,0) size 10x20
                  text run at (0,0) width 20: "\x{3044}\x{308F}"
              RenderRubyBase (anonymous) at (0,0) size 18x20
                RenderInline {RB} at (0,0) size 17x18
                  RenderText {#text} at (0,1) size 17x18
                    text run at (0,1) width 17: "\x{5DCC}"
          RenderText {#text} at (1575,256) size 17x119
            text run at (1575,256) width 119: "\x{306E}\x{306A}\x{3044}\x{6240}\x{3067}\x{3055}\x{3048}"
          RenderRuby (inline) {RUBY} at (0,0) size 17x17
            RenderRubyRun (anonymous) at (1575,375) size 18x17
              RenderRubyText {RT} at (-10,0) size 10x17
                RenderText {#text} at (0,3) size 10x11
                  text run at (0,3) width 10: "\x{3042}"
              RenderRubyBase (anonymous) at (0,0) size 18x17
                RenderInline {RB} at (0,0) size 17x17
                  RenderText {#text} at (0,0) size 17x17
                    text run at (0,0) width 17: "\x{6B69}"
          RenderText {#text} at (1575,392) size 44x477
            text run at (1575,392) width 85: "\x{308B}\x{304D}\x{3088}\x{304F}\x{306F}"
            text run at (1602,0) width 238: "\x{306A}\x{3044}\x{3002}\x{5DE6}\x{53F3}\x{304C}\x{9AD8}\x{304F}\x{3063}\x{3066}\x{3001}\x{4E2D}\x{5FC3}\x{304C}"
          RenderRuby (inline) {RUBY} at (0,0) size 17x18
            RenderRubyRun (anonymous) at (1602,237) size 18x20
              RenderRubyText {RT} at (-10,0) size 10x20
                RenderText {#text} at (0,0) size 10x20
                  text run at (0,0) width 20: "\x{304F}\x{307C}"
              RenderRubyBase (anonymous) at (0,0) size 18x20
                RenderInline {RB} at (0,0) size 17x18
                  RenderText {#text} at (0,1) size 17x18
                    text run at (0,1) width 17: "\x{7AAA}"
          RenderText {#text} at (1602,256) size 17x136
            text run at (1602,256) width 136: "\x{3093}\x{3067}\x{3001}\x{307E}\x{308B}\x{3067}\x{4E00}\x{9593}"
          RenderRuby (inline) {RUBY} at (0,0) size 17x18
            RenderRubyRun (anonymous) at (1602,391) size 18x20
              RenderRubyText {RT} at (-10,0) size 10x20
                RenderText {#text} at (0,0) size 10x20
                  text run at (0,0) width 20: "\x{306F}\x{3070}"
              RenderRubyBase (anonymous) at (0,0) size 18x20
                RenderInline {RB} at (0,0) size 17x18
                  RenderText {#text} at (0,1) size 17x18
                    text run at (0,1) width 17: "\x{5E45}"
          RenderText {#text} at (1602,410) size 17x68
            text run at (1602,410) width 68: "\x{3092}\x{4E09}\x{89D2}\x{306B}"
          RenderRuby (inline) {RUBY} at (0,0) size 17x17
            RenderRubyRun (anonymous) at (1629,0) size 18x17
              RenderRubyText {RT} at (-10,0) size 10x17
                RenderText {#text} at (0,3) size 10x11
                  text run at (0,3) width 10: "\x{304F}"
              RenderRubyBase (anonymous) at (0,0) size 18x17
                RenderInline {RB} at (0,0) size 17x17
                  RenderText {#text} at (0,0) size 17x17
                    text run at (0,0) width 17: "\x{7A7F}"
          RenderText {#text} at (1629,17) size 17x136
            text run at (1629,17) width 136: "\x{3063}\x{3066}\x{3001}\x{305D}\x{306E}\x{9802}\x{70B9}\x{304C}"
          RenderRuby (inline) {RUBY} at (0,0) size 17x34
            RenderRubyRun (anonymous) at (1629,150) size 18x40
              RenderRubyText {RT} at (-10,0) size 10x40
                RenderText {#text} at (0,0) size 10x40
                  text run at (0,0) width 40: "\x{307E}\x{3093}\x{306A}\x{304B}"
              RenderRubyBase (anonymous) at (0,0) size 18x40
                RenderInline {RB} at (0,0) size 17x34
                  RenderText {#text} at (0,3) size 17x34
                    text run at (0,3) width 34: "\x{771F}\x{4E2D}"
          RenderText {#text} at (1629,187) size 17x17
            text run at (1629,187) width 17: "\x{3092}"
          RenderRuby (inline) {RUBY} at (0,0) size 17x22
            RenderRubyRun (anonymous) at (1629,200) size 18x30
              RenderRubyText {RT} at (-10,0) size 10x30
                RenderText {#text} at (0,0) size 10x30
                  text run at (0,0) width 30: "\x{3064}\x{3089}\x{306C}"
              RenderRubyBase (anonymous) at (0,0) size 18x30
                RenderInline {RB} at (0,0) size 17x18
                  RenderText {#text} at (0,6) size 17x18
                    text run at (0,6) width 17: "\x{8CAB}"
          RenderText {#text} at (1629,226) size 44x481
            text run at (1629,226) width 255: "\x{3044}\x{3066}\x{3044}\x{308B}\x{3068}\x{8A55}\x{3057}\x{3066}\x{3082}\x{3088}\x{3044}\x{3002}\x{8DEF}\x{3092}\x{884C}"
            text run at (1656,0) width 170: "\x{304F}\x{3068}\x{4E91}\x{308F}\x{3093}\x{3088}\x{308A}\x{5DDD}\x{5E95}\x{3092}"
          RenderRuby (inline) {RUBY} at (0,0) size 17x18
            RenderRubyRun (anonymous) at (1656,169) size 18x20
              RenderRubyText {RT} at (-10,0) size 10x20
                RenderText {#text} at (0,0) size 10x20
                  text run at (0,0) width 20: "\x{308F}\x{305F}"
              RenderRubyBase (anonymous) at (0,0) size 18x20
                RenderInline {RB} at (0,0) size 17x18
                  RenderText {#text} at (0,1) size 17x18
                    text run at (0,1) width 17: "\x{6E09}"
          RenderText {#text} at (1656,188) size 17x170
            text run at (1656,188) width 170: "\x{308B}\x{3068}\x{4E91}\x{3046}\x{65B9}\x{304C}\x{9069}\x{5F53}\x{3060}\x{3002}"
          RenderRuby (inline) {RUBY} at (0,0) size 17x18
            RenderRubyRun (anonymous) at (1656,357) size 18x20
              RenderRubyText {RT} at (-10,0) size 10x20
                RenderText {#text} at (0,0) size 10x20
                  text run at (0,0) width 20: "\x{3082}\x{3068}"
              RenderRubyBase (anonymous) at (0,0) size 18x20
                RenderInline {RB} at (0,0) size 17x18
                  RenderText {#text} at (0,1) size 17x18
                    text run at (0,1) width 17: "\x{56FA}"
          RenderText {#text} at (1656,376) size 44x478
            text run at (1656,376) width 102: "\x{3088}\x{308A}\x{6025}\x{3050}\x{65C5}\x{3067}"
            text run at (1683,0) width 170: "\x{306A}\x{3044}\x{304B}\x{3089}\x{3001}\x{3076}\x{3089}\x{3076}\x{3089}\x{3068}"
          RenderRuby (inline) {RUBY} at (0,0) size 17x34
            RenderRubyRun (anonymous) at (1683,167) size 18x40
              RenderRubyText {RT} at (-10,0) size 10x40
                RenderText {#text} at (0,0) size 10x40
                  text run at (0,0) width 40: "\x{306A}\x{306A}\x{307E}\x{304C}"
              RenderRubyBase (anonymous) at (0,0) size 18x40
                RenderInline {RB} at (0,0) size 17x34
                  RenderText {#text} at (0,3) size 17x34
                    text run at (0,3) width 34: "\x{4E03}\x{66F2}"
          RenderText {#text} at (1683,204) size 17x102
            text run at (1683,204) width 102: "\x{308A}\x{3078}\x{304B}\x{304B}\x{308B}\x{3002}"
          RenderBR {BR} at (1683,306) size 17x0
          RenderText {#text} at (1710,0) size 17x153
            text run at (1710,0) width 153: "\x{3000}\x{305F}\x{3061}\x{307E}\x{3061}\x{8DB3}\x{306E}\x{4E0B}\x{3067}"
          RenderRuby (inline) {RUBY} at (0,0) size 17x34
            RenderRubyRun (anonymous) at (1710,153) size 18x34
              RenderRubyText {RT} at (-10,0) size 10x34
                RenderText {#text} at (0,2) size 10x30
                  text run at (0,2) width 30: "\x{3072}\x{3070}\x{308A}"
              RenderRubyBase (anonymous) at (0,0) size 18x34
                RenderInline {RB} at (0,0) size 17x34
                  RenderText {#text} at (0,0) size 17x34
                    text run at (0,0) width 34: "\x{96F2}\x{96C0}"
          RenderText {#text} at (1710,187) size 17x170
            text run at (1710,187) width 170: "\x{306E}\x{58F0}\x{304C}\x{3057}\x{51FA}\x{3057}\x{305F}\x{3002}\x{8C37}\x{3092}"
          RenderRuby (inline) {RUBY} at (0,0) size 17x34
            RenderRubyRun (anonymous) at (1710,357) size 18x34
              RenderRubyText {RT} at (-10,0) size 10x34
                RenderText {#text} at (0,2) size 10x30
                  text run at (0,2) width 30: "\x{307F}\x{304A}\x{308D}"
              RenderRubyBase (anonymous) at (0,0) size 18x34
                RenderInline {RB} at (0,0) size 17x34
                  RenderText {#text} at (0,0) size 17x34
                    text run at (0,0) width 34: "\x{898B}\x{4E0B}"
          RenderText {#text} at (1710,391) size 62x476
            text run at (1710,391) width 85: "\x{3057}\x{305F}\x{304C}\x{3001}\x{3069}"
            text run at (1728,0) width 459: "\x{3053}\x{3067}\x{9CF4}\x{3044}\x{3066}\x{308B}\x{304B}\x{5F71}\x{3082}\x{5F62}\x{3082}\x{898B}\x{3048}\x{306C}\x{3002}\x{305F}\x{3060}\x{58F0}\x{3060}\x{3051}\x{304C}\x{660E}\x{3089}\x{304B}\x{306B}\x{805E}\x{3048}"
            text run at (1755,0) width 102: "\x{308B}\x{3002}\x{305B}\x{3063}\x{305B}\x{3068}"
          RenderRuby (inline) {RUBY} at (0,0) size 17x18
            RenderRubyRun (anonymous) at (1755,101) size 18x20
              RenderRubyText {RT} at (-10,0) size 10x20
                RenderText {#text} at (0,0) size 10x20
                  text run at (0,0) width 20: "\x{305B}\x{308F}"
              RenderRubyBase (anonymous) at (0,0) size 18x20
                RenderInline {RB} at (0,0) size 17x18
                  RenderText {#text} at (0,1) size 17x18
                    text run at (0,1) width 17: "\x{5FD9}"
          RenderText {#text} at (1755,120) size 17x51
            text run at (1755,120) width 51: "\x{3057}\x{304F}\x{3001}"
          RenderRuby (inline) {RUBY} at (0,0) size 17x34
            RenderRubyRun (anonymous) at (1755,171) size 18x34
              RenderRubyText {RT} at (-10,0) size 10x34
                RenderText {#text} at (0,2) size 10x30
                  text run at (0,2) width 30: "\x{305F}\x{3048}\x{307E}"
              RenderRubyBase (anonymous) at (0,0) size 18x34
                RenderInline {RB} at (0,0) size 17x34
                  RenderText {#text} at (0,0) size 17x34
                    text run at (0,0) width 34: "\x{7D76}\x{9593}"
          RenderText {#text} at (1755,205) size 17x136
            text run at (1755,205) width 136: "\x{306A}\x{304F}\x{9CF4}\x{3044}\x{3066}\x{3044}\x{308B}\x{3002}"
          RenderRuby (inline) {RUBY} at (0,0) size 17x51
            RenderRubyRun (anonymous) at (1755,341) size 18x51
              RenderRubyText {RT} at (-10,0) size 10x51
                RenderText {#text} at (0,0) size 10x51
                  text run at (0,0) width 50: "\x{307B}\x{3046}\x{3044}\x{304F}\x{308A}"
              RenderRubyBase (anonymous) at (0,0) size 18x51
                RenderInline {RB} at (0,0) size 17x51
                  RenderText {#text} at (0,0) size 17x51
                    text run at (0,0) width 51: "\x{65B9}\x{5E7E}\x{91CC}"
          RenderText {#text} at (1755,392) size 44x477
            text run at (1755,392) width 85: "\x{306E}\x{7A7A}\x{6C17}\x{304C}\x{4E00}"
            text run at (1782,0) width 34: "\x{9762}\x{306B}"
          RenderRuby (inline) {RUBY} at (0,0) size 17x18
            RenderRubyRun (anonymous) at (1782,33) size 18x20
              RenderRubyText {RT} at (-10,0) size 10x20
                RenderText {#text} at (0,0) size 10x20
                  text run at (0,0) width 20: "\x{306E}\x{307F}"
              RenderRubyBase (anonymous) at (0,0) size 18x20
                RenderInline {RB} at (0,0) size 17x18
                  RenderText {#text} at (0,1) size 17x18
                    text run at (0,1) width 17: "\x{86A4}"
          RenderText {#text} at (1782,52) size 44x477
            text run at (1782,52) width 425: "\x{306B}\x{523A}\x{3055}\x{308C}\x{3066}\x{3044}\x{305F}\x{305F}\x{307E}\x{308C}\x{306A}\x{3044}\x{3088}\x{3046}\x{306A}\x{6C17}\x{304C}\x{3059}\x{308B}\x{3002}\x{3042}\x{306E}\x{9CE5}\x{306E}\x{9CF4}"
            text run at (1809,0) width 17: "\x{304F}"
          RenderRuby (inline) {RUBY} at (0,0) size 17x17
            RenderRubyRun (anonymous) at (1809,17) size 18x17
              RenderRubyText {RT} at (-10,0) size 10x17
                RenderText {#text} at (0,3) size 10x11
                  text run at (0,3) width 10: "\x{306D}"
              RenderRubyBase (anonymous) at (0,0) size 18x17
                RenderInline {RB} at (0,0) size 17x17
                  RenderText {#text} at (0,0) size 17x17
                    text run at (0,0) width 17: "\x{97F3}"
          RenderText {#text} at (1809,34) size 80x476
            text run at (1809,34) width 442: "\x{306B}\x{306F}\x{77AC}\x{6642}\x{306E}\x{4F59}\x{88D5}\x{3082}\x{306A}\x{3044}\x{3002}\x{306E}\x{3069}\x{304B}\x{306A}\x{6625}\x{306E}\x{65E5}\x{3092}\x{9CF4}\x{304D}\x{5C3D}\x{304F}\x{3057}\x{3001}\x{9CF4}"
            text run at (1827,0) width 476: "\x{304D}\x{3042}\x{304B}\x{3057}\x{3001}\x{307E}\x{305F}\x{9CF4}\x{304D}\x{66AE}\x{3089}\x{3055}\x{306A}\x{3051}\x{308C}\x{3070}\x{6C17}\x{304C}\x{6E08}\x{307E}\x{3093}\x{3068}\x{898B}\x{3048}\x{308B}\x{3002}\x{305D}\x{306E}"
            text run at (1845,0) width 476: "\x{4E0A}\x{3069}\x{3053}\x{307E}\x{3067}\x{3082}\x{767B}\x{3063}\x{3066}\x{884C}\x{304F}\x{3001}\x{3044}\x{3064}\x{307E}\x{3067}\x{3082}\x{767B}\x{3063}\x{3066}\x{884C}\x{304F}\x{3002}\x{96F2}\x{96C0}\x{306F}\x{304D}\x{3063}"
            text run at (1872,0) width 306: "\x{3068}\x{96F2}\x{306E}\x{4E2D}\x{3067}\x{6B7B}\x{306C}\x{306B}\x{76F8}\x{9055}\x{306A}\x{3044}\x{3002}\x{767B}\x{308A}\x{8A70}\x{3081}\x{305F}"
          RenderRuby (inline) {RUBY} at (0,0) size 17x34
            RenderRubyRun (anonymous) at (1872,306) size 18x34
              RenderRubyText {RT} at (-10,0) size 10x34
                RenderText {#text} at (0,2) size 10x30
                  text run at (0,2) width 30: "\x{3042}\x{3052}\x{304F}"
              RenderRubyBase (anonymous) at (0,0) size 18x34
                RenderInline {RB} at (0,0) size 17x34
                  RenderText {#text} at (0,0) size 17x34
                    text run at (0,0) width 34: "\x{63DA}\x{53E5}"
          RenderText {#text} at (1872,340) size 17x119
            text run at (1872,340) width 119: "\x{306F}\x{3001}\x{6D41}\x{308C}\x{3066}\x{96F2}\x{306B}"
          RenderRuby (inline) {RUBY} at (0,0) size 17x17
            RenderRubyRun (anonymous) at (1872,459) size 18x17
              RenderRubyText {RT} at (-10,0) size 10x17
                RenderText {#text} at (0,3) size 10x11
                  text run at (0,3) width 10: "\x{3044}"
              RenderRubyBase (anonymous) at (0,0) size 18x17
                RenderInline {RB} at (0,0) size 17x17
                  RenderText {#text} at (0,0) size 17x17
                    text run at (0,0) width 17: "\x{5165}"
          RenderText {#text} at (1899,0) size 17x51
            text run at (1899,0) width 51: "\x{3063}\x{3066}\x{3001}"
          RenderRuby (inline) {RUBY} at (0,0) size 17x22
            RenderRubyRun (anonymous) at (1899,47) size 18x30
              RenderRubyText {RT} at (-10,0) size 10x30
                RenderText {#text} at (0,0) size 10x30
                  text run at (0,0) width 30: "\x{305F}\x{3060}\x{3088}"
              RenderRubyBase (anonymous) at (0,0) size 18x30
                RenderInline {RB} at (0,0) size 17x18
                  RenderText {#text} at (0,6) size 17x18
                    text run at (0,6) width 17: "\x{6F02}"
          RenderText {#text} at (1899,73) size 44x481
            text run at (1899,73) width 408: "\x{3046}\x{3066}\x{3044}\x{308B}\x{3046}\x{3061}\x{306B}\x{5F62}\x{306F}\x{6D88}\x{3048}\x{3066}\x{306A}\x{304F}\x{306A}\x{3063}\x{3066}\x{3001}\x{305F}\x{3060}\x{58F0}\x{3060}\x{3051}\x{304C}"
            text run at (1926,0) width 34: "\x{7A7A}\x{306E}"
          RenderRuby (inline) {RUBY} at (0,0) size 17x18
            RenderRubyRun (anonymous) at (1926,33) size 18x20
              RenderRubyText {RT} at (-10,0) size 10x20
                RenderText {#text} at (0,0) size 10x20
                  text run at (0,0) width 20: "\x{3046}\x{3061}"
              RenderRubyBase (anonymous) at (0,0) size 18x20
                RenderInline {RB} at (0,0) size 17x18
                  RenderText {#text} at (0,1) size 17x18
                    text run at (0,1) width 17: "\x{88E1}"
          RenderText {#text} at (1926,52) size 17x187
            text run at (1926,52) width 187: "\x{306B}\x{6B8B}\x{308B}\x{306E}\x{304B}\x{3082}\x{77E5}\x{308C}\x{306A}\x{3044}\x{3002}"
          RenderBR {BR} at (1926,239) size 17x0
          RenderText {#text} at (1953,0) size 17x17
            text run at (1953,0) width 17: "\x{3000}"
          RenderRuby (inline) {RUBY} at (0,0) size 17x34
            RenderRubyRun (anonymous) at (1953,14) size 18x40
              RenderRubyText {RT} at (-10,0) size 10x40
                RenderText {#text} at (0,0) size 10x40
                  text run at (0,0) width 40: "\x{3044}\x{308F}\x{304B}\x{3069}"
              RenderRubyBase (anonymous) at (0,0) size 18x40
                RenderInline {RB} at (0,0) size 17x34
                  RenderText {#text} at (0,3) size 17x34
                    text run at (0,3) width 34: "\x{5DCC}\x{89D2}"
          RenderText {#text} at (1953,51) size 17x136
            text run at (1953,51) width 136: "\x{3092}\x{92ED}\x{3069}\x{304F}\x{5EFB}\x{3063}\x{3066}\x{3001}"
          RenderRuby (inline) {RUBY} at (0,0) size 17x34
            RenderRubyRun (anonymous) at (1953,187) size 18x34
              RenderRubyText {RT} at (-10,0) size 10x34
                RenderText {#text} at (0,2) size 10x30
                  text run at (0,2) width 30: "\x{3042}\x{3093}\x{307E}"
              RenderRubyBase (anonymous) at (0,0) size 18x34
                RenderInline {RB} at (0,0) size 17x34
                  RenderText {#text} at (0,0) size 17x34
                    text run at (0,0) width 34: "\x{6309}\x{6469}"
          RenderText {#text} at (1953,221) size 17x34
            text run at (1953,221) width 34: "\x{306A}\x{3089}"
          RenderRuby (inline) {RUBY} at (0,0) size 17x52
            RenderRubyRun (anonymous) at (1953,251) size 18x60
              RenderRubyText {RT} at (-10,0) size 10x60
                RenderText {#text} at (0,0) size 10x60
                  text run at (0,0) width 60: "\x{307E}\x{3063}\x{3055}\x{304B}\x{3055}\x{307E}"
              RenderRubyBase (anonymous) at (0,0) size 18x60
                RenderInline {RB} at (0,0) size 17x52
                  RenderText {#text} at (0,4) size 17x52
                    text run at (0,4) width 51: "\x{771F}\x{9006}\x{69D8}"
          RenderText {#text} at (1953,307) size 17x153
            text run at (1953,307) width 153: "\x{306B}\x{843D}\x{3064}\x{308B}\x{3068}\x{3053}\x{308D}\x{3092}\x{3001}"
          RenderRuby (inline) {RUBY} at (0,0) size 17x19
            RenderRubyRun (anonymous) at (1953,459) size 18x20
              RenderRubyText {RT} at (-10,0) size 10x20
                RenderText {#text} at (0,0) size 10x20
                  text run at (0,0) width 20: "\x{304D}\x{308F}"
              RenderRubyBase (anonymous) at (0,0) size 18x20
                RenderInline {RB} at (0,0) size 17x18
                  RenderText {#text} at (0,1) size 17x18
                    text run at (0,1) width 17: "\x{969B}"
          RenderText {#text} at (1980,0) size 17x170
            text run at (1980,0) width 170: "\x{3069}\x{304F}\x{53F3}\x{3078}\x{5207}\x{308C}\x{3066}\x{3001}\x{6A2A}\x{306B}"
          RenderRuby (inline) {RUBY} at (0,0) size 17x34
            RenderRubyRun (anonymous) at (1980,170) size 18x34
              RenderRubyText {RT} at (-10,0) size 10x34
                RenderText {#text} at (0,2) size 10x30
                  text run at (0,2) width 30: "\x{307F}\x{304A}\x{308D}"
              RenderRubyBase (anonymous) at (0,0) size 18x34
                RenderInline {RB} at (0,0) size 17x34
                  RenderText {#text} at (0,0) size 17x34
                    text run at (0,0) width 34: "\x{898B}\x{4E0B}"
          RenderText {#text} at (1980,204) size 17x51
            text run at (1980,204) width 51: "\x{3059}\x{3068}\x{3001}"
          RenderRuby (inline) {RUBY} at (0,0) size 17x17
            RenderRubyRun (anonymous) at (1980,255) size 18x17
              RenderRubyText {RT} at (-10,0) size 10x17
                RenderText {#text} at (0,3) size 10x11
                  text run at (0,3) width 10: "\x{306A}"
              RenderRubyBase (anonymous) at (0,0) size 18x17
                RenderInline {RB} at (0,0) size 17x17
                  RenderText {#text} at (0,0) size 17x17
                    text run at (0,0) width 17: "\x{83DC}"
          RenderText {#text} at (1980,272) size 44x476
            text run at (1980,272) width 204: "\x{306E}\x{82B1}\x{304C}\x{4E00}\x{9762}\x{306B}\x{898B}\x{3048}\x{308B}\x{3002}\x{96F2}\x{96C0}"
            text run at (2007,0) width 357: "\x{306F}\x{3042}\x{3059}\x{3053}\x{3078}\x{843D}\x{3061}\x{308B}\x{306E}\x{304B}\x{3068}\x{601D}\x{3063}\x{305F}\x{3002}\x{3044}\x{3044}\x{3084}\x{3001}\x{3042}\x{306E}"
          RenderRuby (inline) {RUBY} at (0,0) size 17x34
            RenderRubyRun (anonymous) at (2007,357) size 18x34
              RenderRubyText {RT} at (-10,0) size 10x34
                RenderText {#text} at (0,2) size 10x30
                  text run at (0,2) width 30: "\x{3053}\x{304C}\x{306D}"
              RenderRubyBase (anonymous) at (0,0) size 18x34
                RenderInline {RB} at (0,0) size 17x34
                  RenderText {#text} at (0,0) size 17x34
                    text run at (0,0) width 34: "\x{9EC4}\x{91D1}"
          RenderText {#text} at (2007,391) size 44x476
            text run at (2007,391) width 85: "\x{306E}\x{539F}\x{304B}\x{3089}\x{98DB}"
            text run at (2034,0) width 408: "\x{3073}\x{4E0A}\x{304C}\x{3063}\x{3066}\x{304F}\x{308B}\x{306E}\x{304B}\x{3068}\x{601D}\x{3063}\x{305F}\x{3002}\x{6B21}\x{306B}\x{306F}\x{843D}\x{3061}\x{308B}\x{96F2}\x{96C0}\x{3068}\x{3001}"
          RenderRuby (inline) {RUBY} at (0,0) size 17x18
            RenderRubyRun (anonymous) at (2034,407) size 18x20
              RenderRubyText {RT} at (-10,0) size 10x20
                RenderText {#text} at (0,0) size 10x20
                  text run at (0,0) width 20: "\x{3042}\x{304C}"
              RenderRubyBase (anonymous) at (0,0) size 18x20
                RenderInline {RB} at (0,0) size 17x18
                  RenderText {#text} at (0,1) size 17x18
                    text run at (0,1) width 17: "\x{4E0A}"
          RenderText {#text} at (2034,426) size 17x17
            text run at (2034,426) width 17: "\x{308B}"
          RenderRuby (inline) {RUBY} at (0,0) size 17x34
            RenderRubyRun (anonymous) at (2034,443) size 18x34
              RenderRubyText {RT} at (-10,0) size 10x34
                RenderText {#text} at (0,2) size 10x30
                  text run at (0,2) width 30: "\x{3072}\x{3070}\x{308A}"
              RenderRubyBase (anonymous) at (0,0) size 18x34
                RenderInline {RB} at (0,0) size 17x34
                  RenderText {#text} at (0,0) size 17x34
                    text run at (0,0) width 34: "\x{96F2}\x{96C0}"
          RenderText {#text} at (2052,0) size 44x476
            text run at (2052,0) width 476: "\x{304C}\x{5341}\x{6587}\x{5B57}\x{306B}\x{3059}\x{308C}\x{9055}\x{3046}\x{306E}\x{304B}\x{3068}\x{601D}\x{3063}\x{305F}\x{3002}\x{6700}\x{5F8C}\x{306B}\x{3001}\x{843D}\x{3061}\x{308B}\x{6642}\x{3082}\x{3001}\x{4E0A}\x{308B}"
            text run at (2079,0) width 153: "\x{6642}\x{3082}\x{3001}\x{307E}\x{305F}\x{5341}\x{6587}\x{5B57}\x{306B}"
          RenderRuby (inline) {RUBY} at (0,0) size 17x17
            RenderRubyRun (anonymous) at (2079,153) size 18x17
              RenderRubyText {RT} at (-10,0) size 10x17
                RenderText {#text} at (0,3) size 10x11
                  text run at (0,3) width 10: "\x{3059}"
              RenderRubyBase (anonymous) at (0,0) size 18x17
                RenderInline {RB} at (0,0) size 17x17
                  RenderText {#text} at (0,0) size 17x17
                    text run at (0,0) width 17: "\x{64E6}"
          RenderText {#text} at (2079,170) size 35x476
            text run at (2079,170) width 306: "\x{308C}\x{9055}\x{3046}\x{3068}\x{304D}\x{306B}\x{3082}\x{5143}\x{6C17}\x{3088}\x{304F}\x{9CF4}\x{304D}\x{3064}\x{3065}\x{3051}\x{308B}\x{3060}"
            text run at (2097,0) width 119: "\x{308D}\x{3046}\x{3068}\x{601D}\x{3063}\x{305F}\x{3002}"
          RenderBR {BR} at (2097,119) size 17x0
          RenderText {#text} at (2124,0) size 17x204
            text run at (2124,0) width 204: "\x{3000}\x{6625}\x{306F}\x{7720}\x{304F}\x{306A}\x{308B}\x{3002}\x{732B}\x{306F}\x{9F20}\x{3092}"
          RenderRuby (inline) {RUBY} at (0,0) size 17x17
            RenderRubyRun (anonymous) at (2124,204) size 18x17
              RenderRubyText {RT} at (-10,0) size 10x17
                RenderText {#text} at (0,3) size 10x11
                  text run at (0,3) width 10: "\x{3068}"
              RenderRubyBase (anonymous) at (0,0) size 18x17
                RenderInline {RB} at (0,0) size 17x17
                  RenderText {#text} at (0,0) size 17x17
                    text run at (0,0) width 17: "\x{6355}"
          RenderText {#text} at (2124,221) size 44x476
            text run at (2124,221) width 255: "\x{308B}\x{4E8B}\x{3092}\x{5FD8}\x{308C}\x{3001}\x{4EBA}\x{9593}\x{306F}\x{501F}\x{91D1}\x{306E}\x{3042}\x{308B}\x{4E8B}"
            text run at (2151,0) width 187: "\x{3092}\x{5FD8}\x{308C}\x{308B}\x{3002}\x{6642}\x{306B}\x{306F}\x{81EA}\x{5206}\x{306E}"
          RenderRuby (inline) {RUBY} at (0,0) size 17x32
            RenderRubyRun (anonymous) at (2151,183) size 18x40
              RenderRubyText {RT} at (-10,0) size 10x40
                RenderText {#text} at (0,0) size 10x40
                  text run at (0,0) width 40: "\x{305F}\x{307E}\x{3057}\x{3044}"
              RenderRubyBase (anonymous) at (0,0) size 18x40
                RenderInline {RB} at (0,0) size 17x18
                  RenderText {#text} at (0,11) size 17x18
                    text run at (0,11) width 17: "\x{9B42}"
          RenderText {#text} at (2151,219) size 17x17
            text run at (2151,219) width 17: "\x{306E}"
          RenderRuby (inline) {RUBY} at (0,0) size 17x34
            RenderRubyRun (anonymous) at (2151,233) size 18x40
              RenderRubyText {RT} at (-10,0) size 10x40
                RenderText {#text} at (0,0) size 10x40
                  text run at (0,0) width 40: "\x{3044}\x{3069}\x{3053}\x{308D}"
              RenderRubyBase (anonymous) at (0,0) size 18x40
                RenderInline {RB} at (0,0) size 17x34
                  RenderText {#text} at (0,3) size 17x34
                    text run at (0,3) width 34: "\x{5C45}\x{6240}"
          RenderText {#text} at (2151,270) size 44x491
            text run at (2151,270) width 221: "\x{3055}\x{3048}\x{5FD8}\x{308C}\x{3066}\x{6B63}\x{4F53}\x{306A}\x{304F}\x{306A}\x{308B}\x{3002}\x{305F}"
            text run at (2178,0) width 255: "\x{3060}\x{83DC}\x{306E}\x{82B1}\x{3092}\x{9060}\x{304F}\x{671B}\x{3093}\x{3060}\x{3068}\x{304D}\x{306B}\x{773C}\x{304C}"
          RenderRuby (inline) {RUBY} at (0,0) size 17x17
            RenderRubyRun (anonymous) at (2178,255) size 18x17
              RenderRubyText {RT} at (-10,0) size 10x17
                RenderText {#text} at (0,3) size 10x11
                  text run at (0,3) width 10: "\x{3055}"
              RenderRubyBase (anonymous) at (0,0) size 18x17
                RenderInline {RB} at (0,0) size 17x17
                  RenderText {#text} at (0,0) size 17x17
                    text run at (0,0) width 17: "\x{9192}"
          RenderText {#text} at (2178,272) size 44x476
            text run at (2178,272) width 204: "\x{3081}\x{308B}\x{3002}\x{96F2}\x{96C0}\x{306E}\x{58F0}\x{3092}\x{805E}\x{3044}\x{305F}\x{3068}"
            text run at (2205,0) width 136: "\x{304D}\x{306B}\x{9B42}\x{306E}\x{3042}\x{308A}\x{304B}\x{304C}"
          RenderRuby (inline) {RUBY} at (0,0) size 17x34
            RenderRubyRun (anonymous) at (2205,133) size 18x40
              RenderRubyText {RT} at (-10,0) size 10x40
                RenderText {#text} at (0,0) size 10x40
                  text run at (0,0) width 40: "\x{306F}\x{3093}\x{305C}\x{3093}"
              RenderRubyBase (anonymous) at (0,0) size 18x40
                RenderInline {RB} at (0,0) size 17x34
                  RenderText {#text} at (0,3) size 17x34
                    text run at (0,3) width 34: "\x{5224}\x{7136}"
          RenderText {#text} at (2205,170) size 71x476
            text run at (2205,170) width 306: "\x{3059}\x{308B}\x{3002}\x{96F2}\x{96C0}\x{306E}\x{9CF4}\x{304F}\x{306E}\x{306F}\x{53E3}\x{3067}\x{9CF4}\x{304F}\x{306E}\x{3067}\x{306F}\x{306A}"
            text run at (2223,0) width 476: "\x{3044}\x{3001}\x{9B42}\x{5168}\x{4F53}\x{304C}\x{9CF4}\x{304F}\x{306E}\x{3060}\x{3002}\x{9B42}\x{306E}\x{6D3B}\x{52D5}\x{304C}\x{58F0}\x{306B}\x{3042}\x{3089}\x{308F}\x{308C}\x{305F}\x{3082}\x{306E}\x{306E}\x{3046}\x{3061}"
            text run at (2241,0) width 459: "\x{3067}\x{3001}\x{3042}\x{308C}\x{307B}\x{3069}\x{5143}\x{6C17}\x{306E}\x{3042}\x{308B}\x{3082}\x{306E}\x{306F}\x{306A}\x{3044}\x{3002}\x{3042}\x{3042}\x{6109}\x{5FEB}\x{3060}\x{3002}\x{3053}\x{3046}\x{601D}\x{3063}"
            text run at (2259,0) width 272: "\x{3066}\x{3001}\x{3053}\x{3046}\x{6109}\x{5FEB}\x{306B}\x{306A}\x{308B}\x{306E}\x{304C}\x{8A69}\x{3067}\x{3042}\x{308B}\x{3002}"
          RenderBR {BR} at (2259,272) size 17x0
          RenderText {#text} at (2277,0) size 44x476
            text run at (2277,0) width 476: "\x{3000}\x{305F}\x{3061}\x{307E}\x{3061}\x{30B7}\x{30A7}\x{30EC}\x{30FC}\x{306E}\x{96F2}\x{96C0}\x{306E}\x{8A69}\x{3092}\x{601D}\x{3044}\x{51FA}\x{3057}\x{3066}\x{3001}\x{53E3}\x{306E}\x{3046}\x{3061}\x{3067}\x{899A}\x{3048}"
            text run at (2304,0) width 102: "\x{305F}\x{3068}\x{3053}\x{308D}\x{3060}\x{3051}"
          RenderRuby (inline) {RUBY} at (0,0) size 17x42
            RenderRubyRun (anonymous) at (2304,98) size 18x50
              RenderRubyText {RT} at (-10,0) size 10x50
                RenderText {#text} at (0,0) size 10x50
                  text run at (0,0) width 50: "\x{3042}\x{3093}\x{3057}\x{3087}\x{3046}"
              RenderRubyBase (anonymous) at (0,0) size 18x50
                RenderInline {RB} at (0,0) size 17x34
                  RenderText {#text} at (0,8) size 17x34
                    text run at (0,8) width 34: "\x{6697}\x{8AA6}"
          RenderText {#text} at (2304,144) size 35x484
            text run at (2304,144) width 340: "\x{3057}\x{3066}\x{898B}\x{305F}\x{304C}\x{3001}\x{899A}\x{3048}\x{3066}\x{3044}\x{308B}\x{3068}\x{3053}\x{308D}\x{306F}\x{4E8C}\x{4E09}\x{53E5}\x{3057}\x{304B}"
            text run at (2322,0) width 374: "\x{306A}\x{304B}\x{3063}\x{305F}\x{3002}\x{305D}\x{306E}\x{4E8C}\x{4E09}\x{53E5}\x{306E}\x{306A}\x{304B}\x{306B}\x{3053}\x{3093}\x{306A}\x{306E}\x{304C}\x{3042}\x{308B}\x{3002}"
          RenderBR {BR} at (2322,374) size 17x0
        RenderBlock {DIV} at (2340,32) size 90x460
          RenderText {#text} at (0,0) size 17x191
            text run at (0,0) width 191: "\x{3000}\x{3000}We look before and after"
          RenderBR {BR} at (0,191) size 17x0
          RenderText {#text} at (18,0) size 17x226
            text run at (18,0) width 226: "\x{3000}\x{3000}\x{3000}\x{3000}And pine for what is not:"
          RenderBR {BR} at (18,226) size 17x0
          RenderText {#text} at (36,0) size 17x172
            text run at (36,0) width 172: "\x{3000}\x{3000}Our sincerest laughter"
          RenderBR {BR} at (36,172) size 17x0
          RenderText {#text} at (54,0) size 17x234
            text run at (54,0) width 234: "\x{3000}\x{3000}\x{3000}\x{3000}With some pain is fraught;"
          RenderBR {BR} at (54,234) size 17x0
          RenderText {#text} at (72,0) size 17x355
            text run at (72,0) width 355: "Our sweetest songs are those that tell of saddest thought."
          RenderBR {BR} at (72,355) size 17x0
        RenderBlock (anonymous) at (2430,0) size 1675x492
          RenderText {#text} at (10,0) size 17x119
            text run at (10,0) width 119: "\x{300C}\x{524D}\x{3092}\x{307F}\x{3066}\x{306F}\x{3001}"
          RenderRuby (inline) {RUBY} at (0,0) size 17x18
            RenderRubyRun (anonymous) at (10,118) size 18x20
              RenderRubyText {RT} at (-10,0) size 10x20
                RenderText {#text} at (0,0) size 10x20
                  text run at (0,0) width 20: "\x{3057}\x{308A}"
              RenderRubyBase (anonymous) at (0,0) size 18x20
                RenderInline {RB} at (0,0) size 17x18
                  RenderText {#text} at (0,1) size 17x18
                    text run at (0,1) width 17: "\x{5F8C}"
          RenderText {#text} at (10,137) size 17x102
            text run at (10,137) width 102: "\x{3048}\x{3092}\x{898B}\x{3066}\x{306F}\x{3001}"
          RenderRuby (inline) {RUBY} at (0,0) size 17x34
            RenderRubyRun (anonymous) at (10,239) size 18x34
              RenderRubyText {RT} at (-10,0) size 10x34
                RenderText {#text} at (0,2) size 10x30
                  text run at (0,2) width 30: "\x{3082}\x{306E}\x{307B}"
              RenderRubyBase (anonymous) at (0,0) size 18x34
                RenderInline {RB} at (0,0) size 17x34
                  RenderText {#text} at (0,0) size 17x34
                    text run at (0,0) width 34: "\x{7269}\x{6B32}"
          RenderText {#text} at (10,273) size 62x476
            text run at (10,273) width 187: "\x{3057}\x{3068}\x{3001}\x{3042}\x{3053}\x{304C}\x{308B}\x{308B}\x{304B}\x{306A}\x{308F}"
            text run at (28,0) width 476: "\x{308C}\x{3002}\x{8179}\x{304B}\x{3089}\x{306E}\x{3001}\x{7B11}\x{3068}\x{3044}\x{3048}\x{3069}\x{3001}\x{82E6}\x{3057}\x{307F}\x{306E}\x{3001}\x{305D}\x{3053}\x{306B}\x{3042}\x{308B}\x{3079}\x{3057}\x{3002}\x{3046}\x{3064}"
            text run at (55,0) width 68: "\x{304F}\x{3057}\x{304D}\x{3001}"
          RenderRuby (inline) {RUBY} at (0,0) size 17x18
            RenderRubyRun (anonymous) at (55,67) size 18x20
              RenderRubyText {RT} at (-10,0) size 10x20
                RenderText {#text} at (0,0) size 10x20
                  text run at (0,0) width 20: "\x{304D}\x{308F}"
              RenderRubyBase (anonymous) at (0,0) size 18x20
                RenderInline {RB} at (0,0) size 17x18
                  RenderText {#text} at (0,1) size 17x18
                    text run at (0,1) width 17: "\x{6975}"
          RenderText {#text} at (55,86) size 17x221
            text run at (55,86) width 221: "\x{307F}\x{306E}\x{6B4C}\x{306B}\x{3001}\x{60B2}\x{3057}\x{3055}\x{306E}\x{3001}\x{6975}\x{307F}\x{306E}"
          RenderRuby (inline) {RUBY} at (0,0) size 17x22
            RenderRubyRun (anonymous) at (55,303) size 18x30
              RenderRubyText {RT} at (-10,0) size 10x30
                RenderText {#text} at (0,0) size 10x30
                  text run at (0,0) width 30: "\x{304A}\x{3082}\x{3044}"
              RenderRubyBase (anonymous) at (0,0) size 18x30
                RenderInline {RB} at (0,0) size 17x18
                  RenderText {#text} at (0,6) size 17x18
                    text run at (0,6) width 17: "\x{60F3}"
          RenderText {#text} at (55,329) size 17x17
            text run at (55,329) width 17: "\x{3001}"
          RenderRuby (inline) {RUBY} at (0,0) size 17x18
            RenderRubyRun (anonymous) at (55,345) size 18x20
              RenderRubyText {RT} at (-10,0) size 10x20
                RenderText {#text} at (0,0) size 10x20
                  text run at (0,0) width 20: "\x{3053}\x{3082}"
              RenderRubyBase (anonymous) at (0,0) size 18x20
                RenderInline {RB} at (0,0) size 17x18
                  RenderText {#text} at (0,1) size 17x18
                    text run at (0,1) width 17: "\x{7C60}"
          RenderText {#text} at (55,364) size 17x102
            text run at (55,364) width 102: "\x{308B}\x{3068}\x{305E}\x{77E5}\x{308C}\x{300D}"
          RenderBR {BR} at (55,466) size 17x0
          RenderText {#text} at (73,0) size 44x476
            text run at (73,0) width 476: "\x{3000}\x{306A}\x{308B}\x{307B}\x{3069}\x{3044}\x{304F}\x{3089}\x{8A69}\x{4EBA}\x{304C}\x{5E78}\x{798F}\x{3067}\x{3082}\x{3001}\x{3042}\x{306E}\x{96F2}\x{96C0}\x{306E}\x{3088}\x{3046}\x{306B}\x{601D}\x{3044}\x{5207}\x{3063}"
            text run at (100,0) width 391: "\x{3066}\x{3001}\x{4E00}\x{5FC3}\x{4E0D}\x{4E71}\x{306B}\x{3001}\x{524D}\x{5F8C}\x{3092}\x{5FD8}\x{5374}\x{3057}\x{3066}\x{3001}\x{308F}\x{304C}\x{559C}\x{3073}\x{3092}\x{6B4C}\x{3046}"
          RenderRuby (inline) {RUBY} at (0,0) size 17x18
            RenderRubyRun (anonymous) at (100,390) size 18x20
              RenderRubyText {RT} at (-10,0) size 10x20
                RenderText {#text} at (0,0) size 10x20
                  text run at (0,0) width 20: "\x{308F}\x{3051}"
              RenderRubyBase (anonymous) at (0,0) size 18x20
                RenderInline {RB} at (0,0) size 17x18
                  RenderText {#text} at (0,1) size 17x18
                    text run at (0,1) width 17: "\x{8A33}"
          RenderText {#text} at (100,409) size 44x477
            text run at (100,409) width 68: "\x{306B}\x{306F}\x{884C}\x{304F}"
            text run at (127,0) width 374: "\x{307E}\x{3044}\x{3002}\x{897F}\x{6D0B}\x{306E}\x{8A69}\x{306F}\x{7121}\x{8AD6}\x{306E}\x{4E8B}\x{3001}\x{652F}\x{90A3}\x{306E}\x{8A69}\x{306B}\x{3082}\x{3001}\x{3088}\x{304F}"
          RenderRuby (inline) {RUBY} at (0,0) size 17x34
            RenderRubyRun (anonymous) at (127,371) size 18x40
              RenderRubyText {RT} at (-10,0) size 10x40
                RenderText {#text} at (0,0) size 10x40
                  text run at (0,0) width 40: "\x{3070}\x{3093}\x{3053}\x{304F}"
              RenderRubyBase (anonymous) at (0,0) size 18x40
                RenderInline {RB} at (0,0) size 17x34
                  RenderText {#text} at (0,3) size 17x34
                    text run at (0,3) width 34: "\x{4E07}\x{659B}"
          RenderText {#text} at (127,408) size 17x17
            text run at (127,408) width 17: "\x{306E}"
          RenderRuby (inline) {RUBY} at (0,0) size 17x22
            RenderRubyRun (anonymous) at (127,421) size 18x30
              RenderRubyText {RT} at (-10,0) size 10x30
                RenderText {#text} at (0,0) size 10x30
                  text run at (0,0) width 30: "\x{3046}\x{308C}\x{3044}"
              RenderRubyBase (anonymous) at (0,0) size 18x30
                RenderInline {RB} at (0,0) size 17x18
                  RenderText {#text} at (0,6) size 17x18
                    text run at (0,6) width 17: "\x{6101}"
          RenderText {#text} at (127,447) size 44x481
            text run at (127,447) width 34: "\x{306A}\x{3069}"
            text run at (154,0) width 272: "\x{3068}\x{4E91}\x{3046}\x{5B57}\x{304C}\x{3042}\x{308B}\x{3002}\x{8A69}\x{4EBA}\x{3060}\x{304B}\x{3089}\x{4E07}\x{659B}\x{3067}"
          RenderRuby (inline) {RUBY} at (0,0) size 17x34
            RenderRubyRun (anonymous) at (154,269) size 18x40
              RenderRubyText {RT} at (-10,0) size 10x40
                RenderText {#text} at (0,0) size 10x40
                  text run at (0,0) width 40: "\x{3057}\x{308D}\x{3046}\x{3068}"
              RenderRubyBase (anonymous) at (0,0) size 18x40
                RenderInline {RB} at (0,0) size 17x34
                  RenderText {#text} at (0,3) size 17x34
                    text run at (0,3) width 34: "\x{7D20}\x{4EBA}"
          RenderText {#text} at (154,306) size 17x51
            text run at (154,306) width 51: "\x{306A}\x{3089}\x{4E00}"
          RenderRuby (inline) {RUBY} at (0,0) size 17x18
            RenderRubyRun (anonymous) at (154,356) size 18x20
              RenderRubyText {RT} at (-10,0) size 10x20
                RenderText {#text} at (0,0) size 10x20
                  text run at (0,0) width 20: "\x{3054}\x{3046}"
              RenderRubyBase (anonymous) at (0,0) size 18x20
                RenderInline {RB} at (0,0) size 17x18
                  RenderText {#text} at (0,1) size 17x18
                    text run at (0,1) width 17: "\x{5408}"
          RenderText {#text} at (154,375) size 44x477
            text run at (154,375) width 102: "\x{3067}\x{6E08}\x{3080}\x{304B}\x{3082}\x{77E5}"
            text run at (181,0) width 374: "\x{308C}\x{306C}\x{3002}\x{3057}\x{3066}\x{898B}\x{308B}\x{3068}\x{8A69}\x{4EBA}\x{306F}\x{5E38}\x{306E}\x{4EBA}\x{3088}\x{308A}\x{3082}\x{82E6}\x{52B4}\x{6027}\x{3067}\x{3001}"
          RenderRuby (inline) {RUBY} at (0,0) size 17x34
            RenderRubyRun (anonymous) at (181,371) size 18x40
              RenderRubyText {RT} at (-10,0) size 10x40
                RenderText {#text} at (0,0) size 10x40
                  text run at (0,0) width 40: "\x{307C}\x{3093}\x{3053}\x{3064}"
              RenderRubyBase (anonymous) at (0,0) size 18x40
                RenderInline {RB} at (0,0) size 17x34
                  RenderText {#text} at (0,3) size 17x34
                    text run at (0,3) width 34: "\x{51E1}\x{9AA8}"
          RenderText {#text} at (181,408) size 35x476
            text run at (181,408) width 68: "\x{306E}\x{500D}\x{4EE5}\x{4E0A}"
            text run at (199,0) width 476: "\x{306B}\x{795E}\x{7D4C}\x{304C}\x{92ED}\x{654F}\x{306A}\x{306E}\x{304B}\x{3082}\x{77E5}\x{308C}\x{3093}\x{3002}\x{8D85}\x{4FD7}\x{306E}\x{559C}\x{3073}\x{3082}\x{3042}\x{308D}\x{3046}\x{304C}\x{3001}\x{7121}\x{91CF}\x{306E}"
          RenderRuby (inline) {RUBY} at (0,0) size 17x36
            RenderRubyRun (anonymous) at (226,0) size 18x40
              RenderRubyText {RT} at (-10,0) size 10x40
                RenderText {#text} at (0,0) size 10x40
                  text run at (0,0) width 40: "\x{304B}\x{306A}\x{3057}\x{307F}"
              RenderRubyBase (anonymous) at (0,0) size 18x40
                RenderInline {RB} at (0,0) size 17x18
                  RenderText {#text} at (0,11) size 17x18
                    text run at (0,11) width 17: "\x{60B2}"
          RenderText {#text} at (226,36) size 17x391
            text run at (226,36) width 391: "\x{3082}\x{591A}\x{304B}\x{308D}\x{3046}\x{3002}\x{305D}\x{3093}\x{306A}\x{3089}\x{3070}\x{8A69}\x{4EBA}\x{306B}\x{306A}\x{308B}\x{306E}\x{3082}\x{8003}\x{3048}\x{7269}\x{3060}\x{3002}"
          RenderBR {BR} at (226,427) size 17x0
          RenderText {#text} at (253,0) size 17x136
            text run at (253,0) width 136: "\x{3000}\x{3057}\x{3070}\x{3089}\x{304F}\x{306F}\x{8DEF}\x{304C}"
          RenderRuby (inline) {RUBY} at (0,0) size 17x22
            RenderRubyRun (anonymous) at (253,132) size 18x30
              RenderRubyText {RT} at (-10,0) size 10x30
                RenderText {#text} at (0,0) size 10x30
                  text run at (0,0) width 30: "\x{305F}\x{3044}\x{3089}"
              RenderRubyBase (anonymous) at (0,0) size 18x30
                RenderInline {RB} at (0,0) size 17x18
                  RenderText {#text} at (0,6) size 17x18
                    text run at (0,6) width 17: "\x{5E73}"
          RenderText {#text} at (253,158) size 17x68
            text run at (253,158) width 68: "\x{3067}\x{3001}\x{53F3}\x{306F}"
          RenderRuby (inline) {RUBY} at (0,0) size 17x51
            RenderRubyRun (anonymous) at (253,226) size 18x51
              RenderRubyText {RT} at (-10,0) size 10x51
                RenderText {#text} at (0,0) size 10x51
                  text run at (0,0) width 50: "\x{305E}\x{3046}\x{304D}\x{3084}\x{307E}"
              RenderRubyBase (anonymous) at (0,0) size 18x51
                RenderInline {RB} at (0,0) size 17x51
                  RenderText {#text} at (0,0) size 17x51
                    text run at (0,0) width 51: "\x{96D1}\x{6728}\x{5C71}"
          RenderText {#text} at (253,277) size 44x481
            text run at (253,277) width 204: "\x{3001}\x{5DE6}\x{306F}\x{83DC}\x{306E}\x{82B1}\x{306E}\x{898B}\x{3064}\x{3065}\x{3051}\x{3067}"
            text run at (280,0) width 153: "\x{3042}\x{308B}\x{3002}\x{8DB3}\x{306E}\x{4E0B}\x{306B}\x{6642}\x{3005}"
          RenderRuby (inline) {RUBY} at (0,0) size 17x51
            RenderRubyRun (anonymous) at (280,153) size 18x51
              RenderRubyText {RT} at (-10,0) size 10x51
                RenderText {#text} at (0,5) size 10x41
                  text run at (0,5) width 40: "\x{305F}\x{3093}\x{307D}\x{307D}"
              RenderRubyBase (anonymous) at (0,0) size 18x51
                RenderInline {RB} at (0,0) size 17x51
                  RenderText {#text} at (0,0) size 17x51
                    text run at (0,0) width 51: "\x{84B2}\x{516C}\x{82F1}"
          RenderText {#text} at (280,204) size 17x119
            text run at (280,204) width 119: "\x{3092}\x{8E0F}\x{307F}\x{3064}\x{3051}\x{308B}\x{3002}"
          RenderRuby (inline) {RUBY} at (0,0) size 17x32
            RenderRubyRun (anonymous) at (280,319) size 18x40
              RenderRubyText {RT} at (-10,0) size 10x40
                RenderText {#text} at (0,0) size 10x40
                  text run at (0,0) width 40: "\x{306E}\x{3053}\x{304E}\x{308A}"
              RenderRubyBase (anonymous) at (0,0) size 18x40
                RenderInline {RB} at (0,0) size 17x18
                  RenderText {#text} at (0,11) size 17x18
                    text run at (0,11) width 17: "\x{92F8}"
          RenderText {#text} at (280,355) size 44x491
            text run at (280,355) width 136: "\x{306E}\x{3088}\x{3046}\x{306A}\x{8449}\x{304C}\x{9060}\x{616E}"
            text run at (307,0) width 238: "\x{306A}\x{304F}\x{56DB}\x{65B9}\x{3078}\x{306E}\x{3057}\x{3066}\x{771F}\x{4E2D}\x{306B}\x{9EC4}\x{8272}\x{306A}"
          RenderRuby (inline) {RUBY} at (0,0) size 17x18
            RenderRubyRun (anonymous) at (307,237) size 18x20
              RenderRubyText {RT} at (-10,0) size 10x20
                RenderText {#text} at (0,0) size 10x20
                  text run at (0,0) width 20: "\x{305F}\x{307E}"
              RenderRubyBase (anonymous) at (0,0) size 18x20
                RenderInline {RB} at (0,0) size 17x18
                  RenderText {#text} at (0,1) size 17x18
                    text run at (0,1) width 17: "\x{73E0}"
          RenderText {#text} at (307,256) size 62x477
            text run at (307,256) width 221: "\x{3092}\x{64C1}\x{8B77}\x{3057}\x{3066}\x{3044}\x{308B}\x{3002}\x{83DC}\x{306E}\x{82B1}\x{306B}\x{6C17}"
            text run at (325,0) width 476: "\x{3092}\x{3068}\x{3089}\x{308C}\x{3066}\x{3001}\x{8E0F}\x{307F}\x{3064}\x{3051}\x{305F}\x{3042}\x{3068}\x{3067}\x{3001}\x{6C17}\x{306E}\x{6BD2}\x{306A}\x{4E8B}\x{3092}\x{3057}\x{305F}\x{3068}\x{3001}\x{632F}\x{308A}\x{5411}"
            text run at (352,0) width 357: "\x{3044}\x{3066}\x{898B}\x{308B}\x{3068}\x{3001}\x{9EC4}\x{8272}\x{306A}\x{73E0}\x{306F}\x{4F9D}\x{7136}\x{3068}\x{3057}\x{3066}\x{92F8}\x{306E}\x{306A}\x{304B}\x{306B}"
          RenderRuby (inline) {RUBY} at (0,0) size 17x34
            RenderRubyRun (anonymous) at (352,357) size 18x34
              RenderRubyText {RT} at (-10,0) size 10x34
                RenderText {#text} at (0,2) size 10x30
                  text run at (0,2) width 30: "\x{3061}\x{3093}\x{3056}"
              RenderRubyBase (anonymous) at (0,0) size 18x34
                RenderInline {RB} at (0,0) size 17x34
                  RenderText {#text} at (0,0) size 17x34
                    text run at (0,0) width 34: "\x{93AE}\x{5EA7}"
          RenderText {#text} at (352,391) size 17x85
            text run at (352,391) width 85: "\x{3057}\x{3066}\x{3044}\x{308B}\x{3002}"
          RenderRuby (inline) {RUBY} at (0,0) size 17x34
            RenderRubyRun (anonymous) at (379,0) size 18x34
              RenderRubyText {RT} at (-10,0) size 10x34
                RenderText {#text} at (0,2) size 10x30
                  text run at (0,2) width 30: "\x{306E}\x{3093}\x{304D}"
              RenderRubyBase (anonymous) at (0,0) size 18x34
                RenderInline {RB} at (0,0) size 17x34
                  RenderText {#text} at (0,0) size 17x34
                    text run at (0,0) width 34: "\x{5451}\x{6C17}"
          RenderText {#text} at (379,34) size 17x255
            text run at (379,34) width 255: "\x{306A}\x{3082}\x{306E}\x{3060}\x{3002}\x{307E}\x{305F}\x{8003}\x{3048}\x{3092}\x{3064}\x{3065}\x{3051}\x{308B}\x{3002}"
          RenderBR {BR} at (379,289) size 17x0
          RenderText {#text} at (406,0) size 17x68
            text run at (406,0) width 68: "\x{3000}\x{8A69}\x{4EBA}\x{306B}"
          RenderRuby (inline) {RUBY} at (0,0) size 17x22
            RenderRubyRun (anonymous) at (406,64) size 18x30
              RenderRubyText {RT} at (-10,0) size 10x30
                RenderText {#text} at (0,0) size 10x30
                  text run at (0,0) width 30: "\x{3046}\x{308C}\x{3044}"
              RenderRubyBase (anonymous) at (0,0) size 18x30
                RenderInline {RB} at (0,0) size 17x18
                  RenderText {#text} at (0,6) size 17x18
                    text run at (0,6) width 17: "\x{6182}"
          RenderText {#text} at (406,90) size 17x255
            text run at (406,90) width 255: "\x{306F}\x{3064}\x{304D}\x{3082}\x{306E}\x{304B}\x{3082}\x{77E5}\x{308C}\x{306A}\x{3044}\x{304C}\x{3001}\x{3042}\x{306E}"
          RenderRuby (inline) {RUBY} at (0,0) size 17x34
            RenderRubyRun (anonymous) at (406,345) size 18x34
              RenderRubyText {RT} at (-10,0) size 10x34
                RenderText {#text} at (0,2) size 10x30
                  text run at (0,2) width 30: "\x{3072}\x{3070}\x{308A}"
              RenderRubyBase (anonymous) at (0,0) size 18x34
                RenderInline {RB} at (0,0) size 17x34
                  RenderText {#text} at (0,0) size 17x34
                    text run at (0,0) width 34: "\x{96F2}\x{96C0}"
          RenderText {#text} at (406,379) size 44x481
            text run at (406,379) width 102: "\x{3092}\x{805E}\x{304F}\x{5FC3}\x{6301}\x{306B}"
            text run at (433,0) width 51: "\x{306A}\x{308C}\x{3070}"
          RenderRuby (inline) {RUBY} at (0,0) size 17x34
            RenderRubyRun (anonymous) at (433,51) size 18x34
              RenderRubyText {RT} at (-10,0) size 10x34
                RenderText {#text} at (0,2) size 10x30
                  text run at (0,2) width 30: "\x{307F}\x{3058}\x{3093}"
              RenderRubyBase (anonymous) at (0,0) size 18x34
                RenderInline {RB} at (0,0) size 17x34
                  RenderText {#text} at (0,0) size 17x34
                    text run at (0,0) width 34: "\x{5FAE}\x{5875}"
          RenderText {#text} at (433,85) size 17x17
            text run at (433,85) width 17: "\x{306E}"
          RenderRuby (inline) {RUBY} at (0,0) size 17x17
            RenderRubyRun (anonymous) at (433,102) size 18x17
              RenderRubyText {RT} at (-10,0) size 10x17
                RenderText {#text} at (0,3) size 10x11
                  text run at (0,3) width 10: "\x{304F}"
              RenderRubyBase (anonymous) at (0,0) size 18x17
                RenderInline {RB} at (0,0) size 17x17
                  RenderText {#text} at (0,0) size 17x17
                    text run at (0,0) width 17: "\x{82E6}"
          RenderText {#text} at (433,119) size 17x357
            text run at (433,119) width 357: "\x{3082}\x{306A}\x{3044}\x{3002}\x{83DC}\x{306E}\x{82B1}\x{3092}\x{898B}\x{3066}\x{3082}\x{3001}\x{305F}\x{3060}\x{3046}\x{308C}\x{3057}\x{304F}\x{3066}\x{80F8}\x{304C}"
          RenderRuby (inline) {RUBY} at (0,0) size 17x19
            RenderRubyRun (anonymous) at (460,0) size 18x20
              RenderRubyText {RT} at (-10,0) size 10x20
                RenderText {#text} at (0,0) size 10x20
                  text run at (0,0) width 20: "\x{304A}\x{3069}"
              RenderRubyBase (anonymous) at (0,0) size 18x20
                RenderInline {RB} at (0,0) size 17x18
                  RenderText {#text} at (0,1) size 17x18
                    text run at (0,1) width 17: "\x{8E8D}"
          RenderText {#text} at (460,19) size 44x476
            text run at (460,19) width 457: "\x{308B}\x{3070}\x{304B}\x{308A}\x{3060}\x{3002}\x{84B2}\x{516C}\x{82F1}\x{3082}\x{305D}\x{306E}\x{901A}\x{308A}\x{3001}\x{685C}\x{3082}\x{2015}\x{2015}\x{685C}\x{306F}\x{3044}\x{3064}\x{304B}\x{898B}\x{3048}\x{306A}"
            text run at (487,0) width 272: "\x{304F}\x{306A}\x{3063}\x{305F}\x{3002}\x{3053}\x{3046}\x{5C71}\x{306E}\x{4E2D}\x{3078}\x{6765}\x{3066}\x{81EA}\x{7136}\x{306E}"
          RenderRuby (inline) {RUBY} at (0,0) size 17x34
            RenderRubyRun (anonymous) at (487,269) size 18x40
              RenderRubyText {RT} at (-10,0) size 10x40
                RenderText {#text} at (0,0) size 10x40
                  text run at (0,0) width 40: "\x{3051}\x{3044}\x{3076}\x{3064}"
              RenderRubyBase (anonymous) at (0,0) size 18x40
                RenderInline {RB} at (0,0) size 17x34
                  RenderText {#text} at (0,3) size 17x34
                    text run at (0,3) width 34: "\x{666F}\x{7269}"
          RenderText {#text} at (487,306) size 62x476
            text run at (487,306) width 170: "\x{306B}\x{63A5}\x{3059}\x{308C}\x{3070}\x{3001}\x{898B}\x{308B}\x{3082}\x{306E}"
            text run at (505,0) width 476: "\x{3082}\x{805E}\x{304F}\x{3082}\x{306E}\x{3082}\x{9762}\x{767D}\x{3044}\x{3002}\x{9762}\x{767D}\x{3044}\x{3060}\x{3051}\x{3067}\x{5225}\x{6BB5}\x{306E}\x{82E6}\x{3057}\x{307F}\x{3082}\x{8D77}\x{3089}\x{306C}\x{3002}\x{8D77}"
            text run at (532,0) width 119: "\x{308B}\x{3068}\x{3059}\x{308C}\x{3070}\x{8DB3}\x{304C}"
          RenderRuby (inline) {RUBY} at (0,0) size 17x34
            RenderRubyRun (anonymous) at (532,119) size 18x34
              RenderRubyText {RT} at (-10,0) size 10x34
                RenderText {#text} at (0,2) size 10x30
                  text run at (0,2) width 30: "\x{304F}\x{305F}\x{3073}"
              RenderRubyBase (anonymous) at (0,0) size 18x34
                RenderInline {RB} at (0,0) size 17x34
                  RenderText {#text} at (0,0) size 17x34
                    text run at (0,0) width 34: "\x{8349}\x{81E5}"
          RenderText {#text} at (532,153) size 17x51
            text run at (532,153) width 51: "\x{308C}\x{3066}\x{3001}"
          RenderRuby (inline) {RUBY} at (0,0) size 17x18
            RenderRubyRun (anonymous) at (532,203) size 18x20
              RenderRubyText {RT} at (-10,0) size 10x20
                RenderText {#text} at (0,0) size 10x20
                  text run at (0,0) width 20: "\x{3046}\x{307E}"
              RenderRubyBase (anonymous) at (0,0) size 18x20
                RenderInline {RB} at (0,0) size 17x18
                  RenderText {#text} at (0,1) size 17x18
                    text run at (0,1) width 17: "\x{65E8}"
          RenderText {#text} at (532,222) size 35x477
            text run at (532,222) width 255: "\x{3044}\x{3082}\x{306E}\x{304C}\x{98DF}\x{3079}\x{3089}\x{308C}\x{306C}\x{304F}\x{3089}\x{3044}\x{306E}\x{4E8B}\x{3060}"
            text run at (550,0) width 51: "\x{308D}\x{3046}\x{3002}"
          RenderBR {BR} at (550,51) size 17x0
          RenderText {#text} at (577,0) size 17x442
            text run at (577,0) width 442: "\x{3000}\x{3057}\x{304B}\x{3057}\x{82E6}\x{3057}\x{307F}\x{306E}\x{306A}\x{3044}\x{306E}\x{306F}\x{306A}\x{305C}\x{3060}\x{308D}\x{3046}\x{3002}\x{305F}\x{3060}\x{3053}\x{306E}\x{666F}\x{8272}\x{3092}\x{4E00}"
          RenderRuby (inline) {RUBY} at (0,0) size 17x18
            RenderRubyRun (anonymous) at (577,441) size 18x20
              RenderRubyText {RT} at (-10,0) size 10x20
                RenderText {#text} at (0,0) size 10x20
                  text run at (0,0) width 20: "\x{3077}\x{304F}"
              RenderRubyBase (anonymous) at (0,0) size 18x20
                RenderInline {RB} at (0,0) size 17x18
                  RenderText {#text} at (0,1) size 17x18
                    text run at (0,1) width 17: "\x{5E45}"
          RenderText {#text} at (577,460) size 17x17
            text run at (577,460) width 17: "\x{306E}"
          RenderRuby (inline) {RUBY} at (0,0) size 17x17
            RenderRubyRun (anonymous) at (604,0) size 18x17
              RenderRubyText {RT} at (-10,0) size 10x17
                RenderText {#text} at (0,3) size 10x11
                  text run at (0,3) width 10: "\x{3048}"
              RenderRubyBase (anonymous) at (0,0) size 18x17
                RenderInline {RB} at (0,0) size 17x17
                  RenderText {#text} at (0,0) size 17x17
                    text run at (0,0) width 17: "\x{753B}"
          RenderText {#text} at (604,17) size 17x51
            text run at (604,17) width 51: "\x{3068}\x{3057}\x{3066}"
          RenderRuby (inline) {RUBY} at (0,0) size 17x17
            RenderRubyRun (anonymous) at (604,68) size 18x17
              RenderRubyText {RT} at (-10,0) size 10x17
                RenderText {#text} at (0,3) size 10x11
                  text run at (0,3) width 10: "\x{307F}"
              RenderRubyBase (anonymous) at (0,0) size 18x17
                RenderInline {RB} at (0,0) size 17x17
                  RenderText {#text} at (0,0) size 17x17
                    text run at (0,0) width 17: "\x{89B3}"
          RenderText {#text} at (604,85) size 17x34
            text run at (604,85) width 34: "\x{3001}\x{4E00}"
          RenderRuby (inline) {RUBY} at (0,0) size 17x18
            RenderRubyRun (anonymous) at (604,118) size 18x20
              RenderRubyText {RT} at (-10,0) size 10x20
                RenderText {#text} at (0,0) size 10x20
                  text run at (0,0) width 20: "\x{304B}\x{3093}"
              RenderRubyBase (anonymous) at (0,0) size 18x20
                RenderInline {RB} at (0,0) size 17x18
                  RenderText {#text} at (0,1) size 17x18
                    text run at (0,1) width 17: "\x{5DFB}"
          RenderText {#text} at (604,137) size 17x221
            text run at (604,137) width 221: "\x{306E}\x{8A69}\x{3068}\x{3057}\x{3066}\x{8AAD}\x{3080}\x{304B}\x{3089}\x{3067}\x{3042}\x{308B}\x{3002}"
          RenderRuby (inline) {RUBY} at (0,0) size 17x17
            RenderRubyRun (anonymous) at (604,358) size 18x17
              RenderRubyText {RT} at (-10,0) size 10x17
                RenderText {#text} at (0,3) size 10x11
                  text run at (0,3) width 10: "\x{304C}"
              RenderRubyBase (anonymous) at (0,0) size 18x17
                RenderInline {RB} at (0,0) size 17x17
                  RenderText {#text} at (0,0) size 17x17
                    text run at (0,0) width 17: "\x{753B}"
          RenderText {#text} at (604,375) size 44x477
            text run at (604,375) width 102: "\x{3067}\x{3042}\x{308A}\x{8A69}\x{3067}\x{3042}"
            text run at (631,0) width 68: "\x{308B}\x{4EE5}\x{4E0A}\x{306F}"
          RenderRuby (inline) {RUBY} at (0,0) size 17x34
            RenderRubyRun (anonymous) at (631,68) size 18x34
              RenderRubyText {RT} at (-10,0) size 10x34
                RenderText {#text} at (0,2) size 10x30
                  text run at (0,2) width 30: "\x{3058}\x{3081}\x{3093}"
              RenderRubyBase (anonymous) at (0,0) size 18x34
                RenderInline {RB} at (0,0) size 17x34
                  RenderText {#text} at (0,0) size 17x34
                    text run at (0,0) width 34: "\x{5730}\x{9762}"
          RenderText {#text} at (631,102) size 44x476
            text run at (631,102) width 374: "\x{3092}\x{8CB0}\x{3063}\x{3066}\x{3001}\x{958B}\x{62D3}\x{3059}\x{308B}\x{6C17}\x{306B}\x{3082}\x{306A}\x{3089}\x{306D}\x{3070}\x{3001}\x{9244}\x{9053}\x{3092}\x{304B}\x{3051}"
            text run at (658,0) width 17: "\x{3066}"
          RenderRuby (inline) {RUBY} at (0,0) size 17x34
            RenderRubyRun (anonymous) at (658,14) size 18x40
              RenderRubyText {RT} at (-10,0) size 10x40
                RenderText {#text} at (0,0) size 10x40
                  text run at (0,0) width 40: "\x{3072}\x{3068}\x{3082}\x{3046}"
              RenderRubyBase (anonymous) at (0,0) size 18x40
                RenderInline {RB} at (0,0) size 17x34
                  RenderText {#text} at (0,3) size 17x34
                    text run at (0,3) width 34: "\x{4E00}\x{5132}"
          RenderText {#text} at (658,51) size 17x51
            text run at (658,51) width 51: "\x{3051}\x{3059}\x{308B}"
          RenderRuby (inline) {RUBY} at (0,0) size 17x42
            RenderRubyRun (anonymous) at (658,98) size 18x50
              RenderRubyText {RT} at (-10,0) size 10x50
                RenderText {#text} at (0,0) size 10x50
                  text run at (0,0) width 50: "\x{308A}\x{3087}\x{3046}\x{3051}\x{3093}"
              RenderRubyBase (anonymous) at (0,0) size 18x50
                RenderInline {RB} at (0,0) size 17x34
                  RenderText {#text} at (0,8) size 17x34
                    text run at (0,8) width 34: "\x{4E86}\x{898B}"
          RenderText {#text} at (658,144) size 17x270
            text run at (658,144) width 270: "\x{3082}\x{8D77}\x{3089}\x{306C}\x{3002}\x{305F}\x{3060}\x{3053}\x{306E}\x{666F}\x{8272}\x{304C}\x{2015}\x{2015}\x{8179}\x{306E}"
          RenderRuby (inline) {RUBY} at (0,0) size 17x17
            RenderRubyRun (anonymous) at (658,414) size 18x17
              RenderRubyText {RT} at (-10,0) size 10x17
                RenderText {#text} at (0,3) size 10x11
                  text run at (0,3) width 10: "\x{305F}"
              RenderRubyBase (anonymous) at (0,0) size 18x17
                RenderInline {RB} at (0,0) size 17x17
                  RenderText {#text} at (0,0) size 17x17
                    text run at (0,0) width 17: "\x{8DB3}"
          RenderText {#text} at (658,431) size 62x482
            text run at (658,431) width 51: "\x{3057}\x{306B}\x{3082}"
            text run at (676,0) width 476: "\x{306A}\x{3089}\x{306C}\x{3001}\x{6708}\x{7D66}\x{306E}\x{88DC}\x{3044}\x{306B}\x{3082}\x{306A}\x{3089}\x{306C}\x{3053}\x{306E}\x{666F}\x{8272}\x{304C}\x{666F}\x{8272}\x{3068}\x{3057}\x{3066}\x{306E}\x{307F}\x{3001}\x{4F59}"
            text run at (703,0) width 306: "\x{304C}\x{5FC3}\x{3092}\x{697D}\x{307E}\x{305B}\x{3064}\x{3064}\x{3042}\x{308B}\x{304B}\x{3089}\x{82E6}\x{52B4}\x{3082}\x{5FC3}\x{914D}\x{3082}"
          RenderRuby (inline) {RUBY} at (0,0) size 17x22
            RenderRubyRun (anonymous) at (703,302) size 18x30
              RenderRubyText {RT} at (-10,0) size 10x30
                RenderText {#text} at (0,0) size 10x30
                  text run at (0,0) width 30: "\x{3068}\x{3082}\x{306A}"
              RenderRubyBase (anonymous) at (0,0) size 18x30
                RenderInline {RB} at (0,0) size 17x18
                  RenderText {#text} at (0,6) size 17x18
                    text run at (0,6) width 17: "\x{4F34}"
          RenderText {#text} at (703,328) size 44x481
            text run at (703,328) width 153: "\x{308F}\x{306C}\x{306E}\x{3060}\x{308D}\x{3046}\x{3002}\x{81EA}\x{7136}"
            text run at (730,0) width 153: "\x{306E}\x{529B}\x{306F}\x{3053}\x{3053}\x{306B}\x{304A}\x{3044}\x{3066}"
          RenderRuby (inline) {RUBY} at (0,0) size 17x18
            RenderRubyRun (anonymous) at (730,152) size 18x20
              RenderRubyText {RT} at (-10,0) size 10x20
                RenderText {#text} at (0,0) size 10x20
                  text run at (0,0) width 20: "\x{305F}\x{3063}"
              RenderRubyBase (anonymous) at (0,0) size 18x20
                RenderInline {RB} at (0,0) size 17x18
                  RenderText {#text} at (0,1) size 17x18
                    text run at (0,1) width 17: "\x{5C0A}"
          RenderText {#text} at (730,171) size 17x204
            text run at (730,171) width 204: "\x{3068}\x{3044}\x{3002}\x{543E}\x{4EBA}\x{306E}\x{6027}\x{60C5}\x{3092}\x{77AC}\x{523B}\x{306B}"
          RenderRuby (inline) {RUBY} at (0,0) size 17x34
            RenderRubyRun (anonymous) at (730,375) size 18x34
              RenderRubyText {RT} at (-10,0) size 10x34
                RenderText {#text} at (0,2) size 10x30
                  text run at (0,2) width 30: "\x{3068}\x{3046}\x{3084}"
              RenderRubyBase (anonymous) at (0,0) size 18x34
                RenderInline {RB} at (0,0) size 17x34
                  RenderText {#text} at (0,0) size 17x34
                    text run at (0,0) width 34: "\x{9676}\x{51B6}"
          RenderText {#text} at (730,409) size 17x34
            text run at (730,409) width 34: "\x{3057}\x{3066}"
          RenderRuby (inline) {RUBY} at (0,0) size 17x37
            RenderRubyRun (anonymous) at (730,440) size 18x40
              RenderRubyText {RT} at (-10,0) size 10x40
                RenderText {#text} at (0,0) size 10x40
                  text run at (0,0) width 40: "\x{3058}\x{3085}\x{3093}\x{3053}"
              RenderRubyBase (anonymous) at (0,0) size 18x40
                RenderInline {RB} at (0,0) size 17x34
                  RenderText {#text} at (0,3) size 17x34
                    text run at (0,3) width 34: "\x{9187}\x{4E4E}"
          RenderText {#text} at (748,0) size 17x374
            text run at (748,0) width 374: "\x{3068}\x{3057}\x{3066}\x{9187}\x{306A}\x{308B}\x{8A69}\x{5883}\x{306B}\x{5165}\x{3089}\x{3057}\x{3080}\x{308B}\x{306E}\x{306F}\x{81EA}\x{7136}\x{3067}\x{3042}\x{308B}\x{3002}"
          RenderBR {BR} at (748,374) size 17x0
          RenderText {#text} at (766,0) size 44x476
            text run at (766,0) width 476: "\x{3000}\x{604B}\x{306F}\x{3046}\x{3064}\x{304F}\x{3057}\x{304B}\x{308D}\x{3001}\x{5B5D}\x{3082}\x{3046}\x{3064}\x{304F}\x{3057}\x{304B}\x{308D}\x{3001}\x{5FE0}\x{541B}\x{611B}\x{56FD}\x{3082}\x{7D50}\x{69CB}\x{3060}\x{308D}"
            text run at (793,0) width 170: "\x{3046}\x{3002}\x{3057}\x{304B}\x{3057}\x{81EA}\x{8EAB}\x{304C}\x{305D}\x{306E}"
          RenderRuby (inline) {RUBY} at (0,0) size 17x22
            RenderRubyRun (anonymous) at (793,166) size 18x30
              RenderRubyText {RT} at (-10,0) size 10x30
                RenderText {#text} at (0,0) size 10x30
                  text run at (0,0) width 30: "\x{304D}\x{3087}\x{304F}"
              RenderRubyBase (anonymous) at (0,0) size 18x30
                RenderInline {RB} at (0,0) size 17x18
                  RenderText {#text} at (0,6) size 17x18
                    text run at (0,6) width 17: "\x{5C40}"
          RenderText {#text} at (793,192) size 17x119
            text run at (793,192) width 119: "\x{306B}\x{5F53}\x{308C}\x{3070}\x{5229}\x{5BB3}\x{306E}"
          RenderRuby (inline) {RUBY} at (0,0) size 17x34
            RenderRubyRun (anonymous) at (793,311) size 18x34
              RenderRubyText {RT} at (-10,0) size 10x34
                RenderText {#text} at (0,2) size 10x30
                  text run at (0,2) width 30: "\x{3064}\x{3080}\x{3058}"
              RenderRubyBase (anonymous) at (0,0) size 18x34
                RenderInline {RB} at (0,0) size 17x34
                  RenderText {#text} at (0,0) size 17x34
                    text run at (0,0) width 34: "\x{65CB}\x{98A8}"
          RenderText {#text} at (793,345) size 17x17
            text run at (793,345) width 17: "\x{306B}"
          RenderRuby (inline) {RUBY} at (0,0) size 17x17
            RenderRubyRun (anonymous) at (793,362) size 18x17
              RenderRubyText {RT} at (-10,0) size 10x17
                RenderText {#text} at (0,3) size 10x11
                  text run at (0,3) width 10: "\x{307E}"
              RenderRubyBase (anonymous) at (0,0) size 18x17
                RenderInline {RB} at (0,0) size 17x17
                  RenderText {#text} at (0,0) size 17x17
                    text run at (0,0) width 17: "\x{6372}"
          RenderText {#text} at (793,379) size 44x481
            text run at (793,379) width 102: "\x{304D}\x{8FBC}\x{307E}\x{308C}\x{3066}\x{3001}"
            text run at (820,0) width 306: "\x{3046}\x{3064}\x{304F}\x{3057}\x{304D}\x{4E8B}\x{306B}\x{3082}\x{3001}\x{7D50}\x{69CB}\x{306A}\x{4E8B}\x{306B}\x{3082}\x{3001}\x{76EE}\x{306F}"
          RenderRuby (inline) {RUBY} at (0,0) size 17x18
            RenderRubyRun (anonymous) at (820,305) size 18x20
              RenderRubyText {RT} at (-10,0) size 10x20
                RenderText {#text} at (0,0) size 10x20
                  text run at (0,0) width 20: "\x{304F}\x{3089}"
              RenderRubyBase (anonymous) at (0,0) size 18x20
                RenderInline {RB} at (0,0) size 17x18
                  RenderText {#text} at (0,1) size 17x18
                    text run at (0,1) width 17: "\x{7729}"
          RenderText {#text} at (820,324) size 44x460
            text run at (820,324) width 136: "\x{3093}\x{3067}\x{3057}\x{307E}\x{3046}\x{3002}\x{3057}\x{305F}"
            text run at (847,0) width 255: "\x{304C}\x{3063}\x{3066}\x{3069}\x{3053}\x{306B}\x{8A69}\x{304C}\x{3042}\x{308B}\x{304B}\x{81EA}\x{8EAB}\x{306B}\x{306F}"
          RenderRuby (inline) {RUBY} at (0,0) size 17x17
            RenderRubyRun (anonymous) at (847,255) size 18x17
              RenderRubyText {RT} at (-10,0) size 10x17
                RenderText {#text} at (0,3) size 10x11
                  text run at (0,3) width 10: "\x{3052}"
              RenderRubyBase (anonymous) at (0,0) size 18x17
                RenderInline {RB} at (0,0) size 17x17
                  RenderText {#text} at (0,0) size 17x17
                    text run at (0,0) width 17: "\x{89E3}"
          RenderText {#text} at (847,272) size 17x85
            text run at (847,272) width 85: "\x{3057}\x{304B}\x{306D}\x{308B}\x{3002}"
          RenderBR {BR} at (847,357) size 17x0
          RenderText {#text} at (865,0) size 44x476
            text run at (865,0) width 476: "\x{3000}\x{3053}\x{308C}\x{304C}\x{308F}\x{304B}\x{308B}\x{305F}\x{3081}\x{306B}\x{306F}\x{3001}\x{308F}\x{304B}\x{308B}\x{3060}\x{3051}\x{306E}\x{4F59}\x{88D5}\x{306E}\x{3042}\x{308B}\x{7B2C}\x{4E09}\x{8005}\x{306E}\x{5730}"
            text run at (892,0) width 408: "\x{4F4D}\x{306B}\x{7ACB}\x{305F}\x{306D}\x{3070}\x{306A}\x{3089}\x{306C}\x{3002}\x{4E09}\x{8005}\x{306E}\x{5730}\x{4F4D}\x{306B}\x{7ACB}\x{3066}\x{3070}\x{3053}\x{305D}\x{829D}\x{5C45}\x{306F}"
          RenderRuby (inline) {RUBY} at (0,0) size 17x17
            RenderRubyRun (anonymous) at (892,408) size 18x17
              RenderRubyText {RT} at (-10,0) size 10x17
                RenderText {#text} at (0,3) size 10x11
                  text run at (0,3) width 10: "\x{307F}"
              RenderRubyBase (anonymous) at (0,0) size 18x17
                RenderInline {RB} at (0,0) size 17x17
                  RenderText {#text} at (0,0) size 17x17
                    text run at (0,0) width 17: "\x{89B3}"
          RenderText {#text} at (892,425) size 62x476
            text run at (892,425) width 51: "\x{3066}\x{9762}\x{767D}"
            text run at (910,0) width 476: "\x{3044}\x{3002}\x{5C0F}\x{8AAC}\x{3082}\x{898B}\x{3066}\x{9762}\x{767D}\x{3044}\x{3002}\x{829D}\x{5C45}\x{3092}\x{898B}\x{3066}\x{9762}\x{767D}\x{3044}\x{4EBA}\x{3082}\x{3001}\x{5C0F}\x{8AAC}\x{3092}\x{8AAD}\x{3093}\x{3067}"
            text run at (937,0) width 204: "\x{9762}\x{767D}\x{3044}\x{4EBA}\x{3082}\x{3001}\x{81EA}\x{5DF1}\x{306E}\x{5229}\x{5BB3}\x{306F}"
          RenderRuby (inline) {RUBY} at (0,0) size 17x18
            RenderRubyRun (anonymous) at (937,203) size 18x20
              RenderRubyText {RT} at (-10,0) size 10x20
                RenderText {#text} at (0,0) size 10x20
                  text run at (0,0) width 20: "\x{305F}\x{306A}"
              RenderRubyBase (anonymous) at (0,0) size 18x20
                RenderInline {RB} at (0,0) size 17x18
                  RenderText {#text} at (0,1) size 17x18
                    text run at (0,1) width 17: "\x{68DA}"
          RenderText {#text} at (937,222) size 35x477
            text run at (937,222) width 255: "\x{3078}\x{4E0A}\x{3052}\x{3066}\x{3044}\x{308B}\x{3002}\x{898B}\x{305F}\x{308A}\x{8AAD}\x{3093}\x{3060}\x{308A}\x{3059}"
            text run at (955,0) width 187: "\x{308B}\x{9593}\x{3060}\x{3051}\x{306F}\x{8A69}\x{4EBA}\x{3067}\x{3042}\x{308B}\x{3002}"
          RenderBR {BR} at (955,187) size 17x0
          RenderText {#text} at (982,0) size 17x323
            text run at (982,0) width 323: "\x{3000}\x{305D}\x{308C}\x{3059}\x{3089}\x{3001}\x{666E}\x{901A}\x{306E}\x{829D}\x{5C45}\x{3084}\x{5C0F}\x{8AAC}\x{3067}\x{306F}\x{4EBA}\x{60C5}\x{3092}"
          RenderRuby (inline) {RUBY} at (0,0) size 17x18
            RenderRubyRun (anonymous) at (982,322) size 18x20
              RenderRubyText {RT} at (-10,0) size 10x20
                RenderText {#text} at (0,0) size 10x20
                  text run at (0,0) width 20: "\x{307E}\x{306C}"
              RenderRubyBase (anonymous) at (0,0) size 18x20
                RenderInline {RB} at (0,0) size 17x18
                  RenderText {#text} at (0,1) size 17x18
                    text run at (0,1) width 17: "\x{514D}"
          RenderText {#text} at (982,341) size 80x477
            text run at (982,341) width 136: "\x{304B}\x{308C}\x{306C}\x{3002}\x{82E6}\x{3057}\x{3093}\x{3060}"
            text run at (1000,0) width 476: "\x{308A}\x{3001}\x{6012}\x{3063}\x{305F}\x{308A}\x{3001}\x{9A12}\x{3044}\x{3060}\x{308A}\x{3001}\x{6CE3}\x{3044}\x{305F}\x{308A}\x{3059}\x{308B}\x{3002}\x{898B}\x{308B}\x{3082}\x{306E}\x{3082}\x{3044}\x{3064}\x{304B}\x{305D}"
            text run at (1018,0) width 476: "\x{306E}\x{4E2D}\x{306B}\x{540C}\x{5316}\x{3057}\x{3066}\x{82E6}\x{3057}\x{3093}\x{3060}\x{308A}\x{3001}\x{6012}\x{3063}\x{305F}\x{308A}\x{3001}\x{9A12}\x{3044}\x{3060}\x{308A}\x{3001}\x{6CE3}\x{3044}\x{305F}\x{308A}\x{3059}"
            text run at (1045,0) width 34: "\x{308B}\x{3002}"
          RenderRuby (inline) {RUBY} at (0,0) size 17x34
            RenderRubyRun (anonymous) at (1045,34) size 18x34
              RenderRubyText {RT} at (-10,0) size 10x34
                RenderText {#text} at (0,2) size 10x30
                  text run at (0,2) width 30: "\x{3068}\x{308A}\x{3048}"
              RenderRubyBase (anonymous) at (0,0) size 18x34
                RenderInline {RB} at (0,0) size 17x34
                  RenderText {#text} at (0,0) size 17x34
                    text run at (0,0) width 34: "\x{53D6}\x{67C4}"
          RenderText {#text} at (1045,68) size 17x68
            text run at (1045,68) width 68: "\x{306F}\x{5229}\x{617E}\x{304C}"
          RenderRuby (inline) {RUBY} at (0,0) size 17x18
            RenderRubyRun (anonymous) at (1045,135) size 18x20
              RenderRubyText {RT} at (-10,0) size 10x20
                RenderText {#text} at (0,0) size 10x20
                  text run at (0,0) width 20: "\x{307E}\x{3058}"
              RenderRubyBase (anonymous) at (0,0) size 18x20
                RenderInline {RB} at (0,0) size 17x18
                  RenderText {#text} at (0,1) size 17x18
                    text run at (0,1) width 17: "\x{4EA4}"
          RenderText {#text} at (1045,154) size 17x119
            text run at (1045,154) width 119: "\x{3089}\x{306C}\x{3068}\x{4E91}\x{3046}\x{70B9}\x{306B}"
          RenderRuby (inline) {RUBY} at (0,0) size 17x18
            RenderRubyRun (anonymous) at (1045,272) size 18x20
              RenderRubyText {RT} at (-10,0) size 10x20
                RenderText {#text} at (0,0) size 10x20
                  text run at (0,0) width 20: "\x{305D}\x{3093}"
              RenderRubyBase (anonymous) at (0,0) size 18x20
                RenderInline {RB} at (0,0) size 17x18
                  RenderText {#text} at (0,1) size 17x18
                    text run at (0,1) width 17: "\x{5B58}"
          RenderText {#text} at (1045,291) size 44x478
            text run at (1045,291) width 187: "\x{3059}\x{308B}\x{304B}\x{3082}\x{77E5}\x{308C}\x{306C}\x{304C}\x{3001}\x{4EA4}\x{3089}"
            text run at (1072,0) width 136: "\x{306C}\x{3060}\x{3051}\x{306B}\x{305D}\x{306E}\x{4ED6}\x{306E}"
          RenderRuby (inline) {RUBY} at (0,0) size 17x42
            RenderRubyRun (anonymous) at (1072,132) size 18x50
              RenderRubyText {RT} at (-10,0) size 10x50
                RenderText {#text} at (0,0) size 10x50
                  text run at (0,0) width 50: "\x{3058}\x{3087}\x{3046}\x{3057}\x{3087}"
              RenderRubyBase (anonymous) at (0,0) size 18x50
                RenderInline {RB} at (0,0) size 17x34
                  RenderText {#text} at (0,8) size 17x34
                    text run at (0,8) width 34: "\x{60C5}\x{7DD2}"
          RenderText {#text} at (1072,178) size 44x484
            text run at (1072,178) width 306: "\x{306F}\x{5E38}\x{3088}\x{308A}\x{306F}\x{4F59}\x{8A08}\x{306B}\x{6D3B}\x{52D5}\x{3059}\x{308B}\x{3060}\x{308D}\x{3046}\x{3002}\x{305D}\x{308C}"
            text run at (1099,0) width 17: "\x{304C}"
          RenderRuby (inline) {RUBY} at (0,0) size 17x18
            RenderRubyRun (anonymous) at (1099,16) size 18x20
              RenderRubyText {RT} at (-10,0) size 10x20
                RenderText {#text} at (0,0) size 10x20
                  text run at (0,0) width 20: "\x{3044}\x{3084}"
              RenderRubyBase (anonymous) at (0,0) size 18x20
                RenderInline {RB} at (0,0) size 17x18
                  RenderText {#text} at (0,1) size 17x18
                    text run at (0,1) width 17: "\x{5ACC}"
          RenderText {#text} at (1099,35) size 17x34
            text run at (1099,35) width 34: "\x{3060}\x{3002}"
          RenderBR {BR} at (1099,69) size 17x0
          RenderText {#text} at (1117,0) size 44x476
            text run at (1117,0) width 476: "\x{3000}\x{82E6}\x{3057}\x{3093}\x{3060}\x{308A}\x{3001}\x{6012}\x{3063}\x{305F}\x{308A}\x{3001}\x{9A12}\x{3044}\x{3060}\x{308A}\x{3001}\x{6CE3}\x{3044}\x{305F}\x{308A}\x{306F}\x{4EBA}\x{306E}\x{4E16}\x{306B}\x{3064}\x{304D}"
            text run at (1144,0) width 238: "\x{3082}\x{306E}\x{3060}\x{3002}\x{4F59}\x{3082}\x{4E09}\x{5341}\x{5E74}\x{306E}\x{9593}\x{305D}\x{308C}\x{3092}"
          RenderRuby (inline) {RUBY} at (0,0) size 17x34
            RenderRubyRun (anonymous) at (1144,238) size 18x34
              RenderRubyText {RT} at (-10,0) size 10x34
                RenderText {#text} at (0,2) size 10x30
                  text run at (0,2) width 30: "\x{3057}\x{3068}\x{304A}"
              RenderRubyBase (anonymous) at (0,0) size 18x34
                RenderInline {RB} at (0,0) size 17x34
                  RenderText {#text} at (0,0) size 17x34
                    text run at (0,0) width 34: "\x{4ED5}\x{901A}"
          RenderText {#text} at (1144,272) size 17x51
            text run at (1144,272) width 51: "\x{3057}\x{3066}\x{3001}"
          RenderRuby (inline) {RUBY} at (0,0) size 17x34
            RenderRubyRun (anonymous) at (1144,320) size 18x40
              RenderRubyText {RT} at (-10,0) size 10x40
                RenderText {#text} at (0,0) size 10x40
                  text run at (0,0) width 40: "\x{3042}\x{304D}\x{3042}\x{304D}"
              RenderRubyBase (anonymous) at (0,0) size 18x40
                RenderInline {RB} at (0,0) size 17x34
                  RenderText {#text} at (0,3) size 17x34
                    text run at (0,3) width 34: "\x{98FD}\x{3005}"
          RenderText {#text} at (1144,357) size 17x51
            text run at (1144,357) width 51: "\x{3057}\x{305F}\x{3002}"
          RenderRuby (inline) {RUBY} at (0,0) size 17x17
            RenderRubyRun (anonymous) at (1144,408) size 18x17
              RenderRubyText {RT} at (-10,0) size 10x17
                RenderText {#text} at (0,3) size 10x11
                  text run at (0,3) width 10: "\x{3042}"
              RenderRubyBase (anonymous) at (0,0) size 18x17
                RenderInline {RB} at (0,0) size 17x17
                  RenderText {#text} at (0,0) size 17x17
                    text run at (0,0) width 17: "\x{98FD}"
          RenderText {#text} at (1144,425) size 62x476
            text run at (1144,425) width 51: "\x{304D}\x{98FD}\x{304D}"
            text run at (1162,0) width 476: "\x{3057}\x{305F}\x{4E0A}\x{306B}\x{829D}\x{5C45}\x{3084}\x{5C0F}\x{8AAC}\x{3067}\x{540C}\x{3058}\x{523A}\x{6FC0}\x{3092}\x{7E70}\x{308A}\x{8FD4}\x{3057}\x{3066}\x{306F}\x{5927}\x{5909}\x{3060}\x{3002}\x{4F59}\x{304C}\x{6B32}"
            text run at (1189,0) width 238: "\x{3059}\x{308B}\x{8A69}\x{306F}\x{305D}\x{3093}\x{306A}\x{4E16}\x{9593}\x{7684}\x{306E}\x{4EBA}\x{60C5}\x{3092}"
          RenderRuby (inline) {RUBY} at (0,0) size 17x34
            RenderRubyRun (anonymous) at (1189,238) size 18x34
              RenderRubyText {RT} at (-10,0) size 10x34
                RenderText {#text} at (0,7) size 10x20
                  text run at (0,7) width 20: "\x{3053}\x{3076}"
              RenderRubyBase (anonymous) at (0,0) size 18x34
                RenderInline {RB} at (0,0) size 17x34
                  RenderText {#text} at (0,0) size 17x34
                    text run at (0,0) width 34: "\x{9F13}\x{821E}"
          RenderText {#text} at (1189,272) size 44x476
            text run at (1189,272) width 204: "\x{3059}\x{308B}\x{3088}\x{3046}\x{306A}\x{3082}\x{306E}\x{3067}\x{306F}\x{306A}\x{3044}\x{3002}"
            text run at (1216,0) width 238: "\x{4FD7}\x{5FF5}\x{3092}\x{653E}\x{68C4}\x{3057}\x{3066}\x{3001}\x{3057}\x{3070}\x{3089}\x{304F}\x{3067}\x{3082}"
          RenderRuby (inline) {RUBY} at (0,0) size 17x34
            RenderRubyRun (anonymous) at (1216,235) size 18x40
              RenderRubyText {RT} at (-10,0) size 10x40
                RenderText {#text} at (0,0) size 10x40
                  text run at (0,0) width 40: "\x{3058}\x{3093}\x{304B}\x{3044}"
              RenderRubyBase (anonymous) at (0,0) size 18x40
                RenderInline {RB} at (0,0) size 17x34
                  RenderText {#text} at (0,3) size 17x34
                    text run at (0,3) width 34: "\x{5875}\x{754C}"
          RenderText {#text} at (1216,272) size 98x476
            text run at (1216,272) width 204: "\x{3092}\x{96E2}\x{308C}\x{305F}\x{5FC3}\x{6301}\x{3061}\x{306B}\x{306A}\x{308C}\x{308B}\x{8A69}"
            text run at (1234,0) width 476: "\x{3067}\x{3042}\x{308B}\x{3002}\x{3044}\x{304F}\x{3089}\x{5091}\x{4F5C}\x{3067}\x{3082}\x{4EBA}\x{60C5}\x{3092}\x{96E2}\x{308C}\x{305F}\x{829D}\x{5C45}\x{306F}\x{306A}\x{3044}\x{3001}\x{7406}\x{975E}\x{3092}\x{7D76}\x{3057}"
            text run at (1252,0) width 476: "\x{305F}\x{5C0F}\x{8AAC}\x{306F}\x{5C11}\x{304B}\x{308D}\x{3046}\x{3002}\x{3069}\x{3053}\x{307E}\x{3067}\x{3082}\x{4E16}\x{9593}\x{3092}\x{51FA}\x{308B}\x{4E8B}\x{304C}\x{51FA}\x{6765}\x{306C}\x{306E}\x{304C}\x{5F7C}\x{3089}"
            text run at (1270,0) width 476: "\x{306E}\x{7279}\x{8272}\x{3067}\x{3042}\x{308B}\x{3002}\x{3053}\x{3068}\x{306B}\x{897F}\x{6D0B}\x{306E}\x{8A69}\x{306B}\x{306A}\x{308B}\x{3068}\x{3001}\x{4EBA}\x{4E8B}\x{304C}\x{6839}\x{672C}\x{306B}\x{306A}\x{308B}\x{304B}"
            text run at (1297,0) width 85: "\x{3089}\x{3044}\x{308F}\x{3086}\x{308B}"
          RenderRuby (inline) {RUBY} at (0,0) size 17x34
            RenderRubyRun (anonymous) at (1297,85) size 18x34
              RenderRubyText {RT} at (-10,0) size 10x34
                RenderText {#text} at (0,2) size 10x30
                  text run at (0,2) width 30: "\x{3057}\x{3044}\x{304B}"
              RenderRubyBase (anonymous) at (0,0) size 18x34
                RenderInline {RB} at (0,0) size 17x34
                  RenderText {#text} at (0,0) size 17x34
                    text run at (0,0) width 34: "\x{8A69}\x{6B4C}"
          RenderText {#text} at (1297,119) size 17x170
            text run at (1297,119) width 170: "\x{306E}\x{7D14}\x{7C8B}\x{306A}\x{308B}\x{3082}\x{306E}\x{3082}\x{3053}\x{306E}"
          RenderRuby (inline) {RUBY} at (0,0) size 17x22
            RenderRubyRun (anonymous) at (1297,285) size 18x30
              RenderRubyText {RT} at (-10,0) size 10x30
                RenderText {#text} at (0,0) size 10x30
                  text run at (0,0) width 30: "\x{304D}\x{3087}\x{3046}"
              RenderRubyBase (anonymous) at (0,0) size 18x30
                RenderInline {RB} at (0,0) size 17x18
                  RenderText {#text} at (0,6) size 17x18
                    text run at (0,6) width 17: "\x{5883}"
          RenderText {#text} at (1297,311) size 17x17
            text run at (1297,311) width 17: "\x{3092}"
          RenderRuby (inline) {RUBY} at (0,0) size 17x34
            RenderRubyRun (anonymous) at (1297,328) size 18x34
              RenderRubyText {RT} at (-10,0) size 10x34
                RenderText {#text} at (0,2) size 10x30
                  text run at (0,2) width 30: "\x{3052}\x{3060}\x{3064}"
              RenderRubyBase (anonymous) at (0,0) size 18x34
                RenderInline {RB} at (0,0) size 17x34
                  RenderText {#text} at (0,0) size 17x34
                    text run at (0,0) width 34: "\x{89E3}\x{8131}"
          RenderText {#text} at (1297,362) size 62x476
            text run at (1297,362) width 102: "\x{3059}\x{308B}\x{4E8B}\x{3092}\x{77E5}\x{3089}"
            text run at (1315,0) width 476: "\x{306C}\x{3002}\x{3069}\x{3053}\x{307E}\x{3067}\x{3082}\x{540C}\x{60C5}\x{3060}\x{3068}\x{304B}\x{3001}\x{611B}\x{3060}\x{3068}\x{304B}\x{3001}\x{6B63}\x{7FA9}\x{3060}\x{3068}\x{304B}\x{3001}\x{81EA}\x{7531}\x{3060}\x{3068}"
            text run at (1342,0) width 34: "\x{304B}\x{3001}"
          RenderRuby (inline) {RUBY} at (0,0) size 17x34
            RenderRubyRun (anonymous) at (1342,34) size 18x34
              RenderRubyText {RT} at (-10,0) size 10x34
                RenderText {#text} at (0,2) size 10x30
                  text run at (0,2) width 30: "\x{3046}\x{304D}\x{3088}"
              RenderRubyBase (anonymous) at (0,0) size 18x34
                RenderInline {RB} at (0,0) size 17x34
                  RenderText {#text} at (0,0) size 17x34
                    text run at (0,0) width 34: "\x{6D6E}\x{4E16}"
          RenderText {#text} at (1342,68) size 17x17
            text run at (1342,68) width 17: "\x{306E}"
          RenderRuby (inline) {RUBY} at (0,0) size 17x51
            RenderRubyRun (anonymous) at (1342,85) size 18x51
              RenderRubyText {RT} at (-10,0) size 10x51
                RenderText {#text} at (0,0) size 10x51
                  text run at (0,0) width 50: "\x{304B}\x{3093}\x{3053}\x{3046}\x{3070}"
              RenderRubyBase (anonymous) at (0,0) size 18x51
                RenderInline {RB} at (0,0) size 17x51
                  RenderText {#text} at (0,0) size 17x51
                    text run at (0,0) width 51: "\x{52E7}\x{5DE5}\x{5834}"
          RenderText {#text} at (1342,136) size 17x170
            text run at (1342,136) width 170: "\x{306B}\x{3042}\x{308B}\x{3082}\x{306E}\x{3060}\x{3051}\x{3067}\x{7528}\x{3092}"
          RenderRuby (inline) {RUBY} at (0,0) size 17x18
            RenderRubyRun (anonymous) at (1342,305) size 18x20
              RenderRubyText {RT} at (-10,0) size 10x20
                RenderText {#text} at (0,0) size 10x20
                  text run at (0,0) width 20: "\x{3079}\x{3093}"
              RenderRubyBase (anonymous) at (0,0) size 18x20
                RenderInline {RB} at (0,0) size 17x18
                  RenderText {#text} at (0,1) size 17x18
                    text run at (0,1) width 17: "\x{5F01}"
          RenderText {#text} at (1342,324) size 44x477
            text run at (1342,324) width 153: "\x{3058}\x{3066}\x{3044}\x{308B}\x{3002}\x{3044}\x{304F}\x{3089}\x{8A69}"
            text run at (1369,0) width 187: "\x{7684}\x{306B}\x{306A}\x{3063}\x{3066}\x{3082}\x{5730}\x{9762}\x{306E}\x{4E0A}\x{3092}"
          RenderRuby (inline) {RUBY} at (0,0) size 17x17
            RenderRubyRun (anonymous) at (1369,187) size 18x17
              RenderRubyText {RT} at (-10,0) size 10x17
                RenderText {#text} at (0,3) size 10x11
                  text run at (0,3) width 10: "\x{304B}"
              RenderRubyBase (anonymous) at (0,0) size 18x17
                RenderInline {RB} at (0,0) size 17x17
                  RenderText {#text} at (0,0) size 17x17
                    text run at (0,0) width 17: "\x{99B3}"
          RenderText {#text} at (1369,204) size 17x119
            text run at (1369,204) width 119: "\x{3051}\x{3066}\x{3042}\x{308B}\x{3044}\x{3066}\x{3001}"
          RenderRuby (inline) {RUBY} at (0,0) size 17x18
            RenderRubyRun (anonymous) at (1369,322) size 18x20
              RenderRubyText {RT} at (-10,0) size 10x20
                RenderText {#text} at (0,0) size 10x20
                  text run at (0,0) width 20: "\x{305C}\x{306B}"
              RenderRubyBase (anonymous) at (0,0) size 18x20
                RenderInline {RB} at (0,0) size 17x18
                  RenderText {#text} at (0,1) size 17x18
                    text run at (0,1) width 17: "\x{92AD}"
          RenderText {#text} at (1369,341) size 44x477
            text run at (1369,341) width 136: "\x{306E}\x{52D8}\x{5B9A}\x{3092}\x{5FD8}\x{308C}\x{308B}\x{3072}"
            text run at (1396,0) width 170: "\x{307E}\x{304C}\x{306A}\x{3044}\x{3002}\x{30B7}\x{30A7}\x{30EC}\x{30FC}\x{304C}"
          RenderRuby (inline) {RUBY} at (0,0) size 17x34
            RenderRubyRun (anonymous) at (1396,170) size 18x34
              RenderRubyText {RT} at (-10,0) size 10x34
                RenderText {#text} at (0,2) size 10x30
                  text run at (0,2) width 30: "\x{3072}\x{3070}\x{308A}"
              RenderRubyBase (anonymous) at (0,0) size 18x34
                RenderInline {RB} at (0,0) size 17x34
                  RenderText {#text} at (0,0) size 17x34
                    text run at (0,0) width 34: "\x{96F2}\x{96C0}"
          RenderText {#text} at (1396,204) size 17x272
            text run at (1396,204) width 272: "\x{3092}\x{805E}\x{3044}\x{3066}\x{5606}\x{606F}\x{3057}\x{305F}\x{306E}\x{3082}\x{7121}\x{7406}\x{306F}\x{306A}\x{3044}\x{3002}"
          RenderBR {BR} at (1396,476) size 17x0
          RenderText {#text} at (1423,0) size 17x170
            text run at (1423,0) width 170: "\x{3000}\x{3046}\x{308C}\x{3057}\x{3044}\x{4E8B}\x{306B}\x{6771}\x{6D0B}\x{306E}"
          RenderRuby (inline) {RUBY} at (0,0) size 17x34
            RenderRubyRun (anonymous) at (1423,170) size 18x34
              RenderRubyText {RT} at (-10,0) size 10x34
                RenderText {#text} at (0,2) size 10x30
                  text run at (0,2) width 30: "\x{3057}\x{3044}\x{304B}"
              RenderRubyBase (anonymous) at (0,0) size 18x34
                RenderInline {RB} at (0,0) size 17x34
                  RenderText {#text} at (0,0) size 17x34
                    text run at (0,0) width 34: "\x{8A69}\x{6B4C}"
          RenderText {#text} at (1423,204) size 17x68
            text run at (1423,204) width 68: "\x{306F}\x{305D}\x{3053}\x{3092}"
          RenderRuby (inline) {RUBY} at (0,0) size 17x34
            RenderRubyRun (anonymous) at (1423,272) size 18x34
              RenderRubyText {RT} at (-10,0) size 10x34
                RenderText {#text} at (0,2) size 10x30
                  text run at (0,2) width 30: "\x{3052}\x{3060}\x{3064}"
              RenderRubyBase (anonymous) at (0,0) size 18x34
                RenderInline {RB} at (0,0) size 17x34
                  RenderText {#text} at (0,0) size 17x34
                    text run at (0,0) width 34: "\x{89E3}\x{8131}"
          RenderText {#text} at (1423,306) size 17x119
            text run at (1423,306) width 119: "\x{3057}\x{305F}\x{306E}\x{304C}\x{3042}\x{308B}\x{3002}"
          RenderRuby (inline) {RUBY} at (0,0) size 17x46
            RenderRubyRun (anonymous) at (1423,421) size 18x50
              RenderRubyText {RT} at (-10,0) size 10x50
                RenderText {#text} at (0,0) size 10x50
                  text run at (0,0) width 50: "\x{304D}\x{304F}\x{3092}\x{3068}\x{308B}"
              RenderRubyBase (anonymous) at (0,0) size 18x50
                RenderInline {RB} at (0,0) size 17x34
                  RenderText {#text} at (0,8) size 17x34
                    text run at (0,8) width 34: "\x{63A1}\x{83CA}"
          RenderRuby (inline) {RUBY} at (0,0) size 17x56
            RenderRubyRun (anonymous) at (1450,0) size 18x60
              RenderRubyText {RT} at (-10,0) size 10x60
                RenderText {#text} at (0,0) size 10x60
                  text run at (0,0) width 60: "\x{3068}\x{3046}\x{308A}\x{306E}\x{3082}\x{3068}"
              RenderRubyBase (anonymous) at (0,0) size 18x60
                RenderInline {RB} at (0,0) size 17x52
                  RenderText {#text} at (0,4) size 17x52
                    text run at (0,4) width 51: "\x{6771}\x{7C6C}\x{4E0B}"
          RenderText {#text} at (1450,56) size 17x17
            text run at (1450,56) width 17: "\x{3001}"
          RenderRuby (inline) {RUBY} at (0,0) size 17x66
            RenderRubyRun (anonymous) at (1450,69) size 18x70
              RenderRubyText {RT} at (-10,0) size 10x70
                RenderText {#text} at (0,0) size 10x70
                  text run at (0,0) width 70: "\x{3086}\x{3046}\x{305C}\x{3093}\x{3068}\x{3057}\x{3066}"
              RenderRubyBase (anonymous) at (0,0) size 18x70
                RenderInline {RB} at (0,0) size 17x34
                  RenderText {#text} at (0,18) size 17x34
                    text run at (0,18) width 34: "\x{60A0}\x{7136}"
          RenderRuby (inline) {RUBY} at (0,0) size 17x66
            RenderRubyRun (anonymous) at (1450,139) size 18x70
              RenderRubyText {RT} at (-10,0) size 10x70
                RenderText {#text} at (0,0) size 10x70
                  text run at (0,0) width 70: "\x{306A}\x{3093}\x{3056}\x{3093}\x{3092}\x{307F}\x{308B}"
              RenderRubyBase (anonymous) at (0,0) size 18x70
                RenderInline {RB} at (0,0) size 17x52
                  RenderText {#text} at (0,9) size 17x52
                    text run at (0,9) width 51: "\x{898B}\x{5357}\x{5C71}"
          RenderText {#text} at (1450,205) size 17x136
            text run at (1450,205) width 136: "\x{3002}\x{305F}\x{3060}\x{305D}\x{308C}\x{304E}\x{308A}\x{306E}"
          RenderRuby (inline) {RUBY} at (0,0) size 17x18
            RenderRubyRun (anonymous) at (1450,340) size 18x20
              RenderRubyText {RT} at (-10,0) size 10x20
                RenderText {#text} at (0,0) size 10x20
                  text run at (0,0) width 20: "\x{3046}\x{3061}"
              RenderRubyBase (anonymous) at (0,0) size 18x20
                RenderInline {RB} at (0,0) size 17x18
                  RenderText {#text} at (0,1) size 17x18
                    text run at (0,1) width 17: "\x{88CF}"
          RenderText {#text} at (1450,359) size 44x478
            text run at (1450,359) width 119: "\x{306B}\x{6691}\x{82E6}\x{3057}\x{3044}\x{4E16}\x{306E}"
            text run at (1477,0) width 442: "\x{4E2D}\x{3092}\x{307E}\x{308B}\x{3067}\x{5FD8}\x{308C}\x{305F}\x{5149}\x{666F}\x{304C}\x{51FA}\x{3066}\x{304F}\x{308B}\x{3002}\x{57A3}\x{306E}\x{5411}\x{3046}\x{306B}\x{96A3}\x{308A}\x{306E}\x{5A18}\x{304C}"
          RenderRuby (inline) {RUBY} at (0,0) size 17x18
            RenderRubyRun (anonymous) at (1477,441) size 18x20
              RenderRubyText {RT} at (-10,0) size 10x20
                RenderText {#text} at (0,0) size 10x20
                  text run at (0,0) width 20: "\x{306E}\x{305E}"
              RenderRubyBase (anonymous) at (0,0) size 18x20
                RenderInline {RB} at (0,0) size 17x18
                  RenderText {#text} at (0,1) size 17x18
                    text run at (0,1) width 17: "\x{8997}"
          RenderText {#text} at (1477,460) size 44x477
            text run at (1477,460) width 17: "\x{3044}"
            text run at (1504,0) width 170: "\x{3066}\x{308B}\x{8A33}\x{3067}\x{3082}\x{306A}\x{3051}\x{308C}\x{3070}\x{3001}"
          RenderRuby (inline) {RUBY} at (0,0) size 17x34
            RenderRubyRun (anonymous) at (1504,167) size 18x40
              RenderRubyText {RT} at (-10,0) size 10x40
                RenderText {#text} at (0,0) size 10x40
                  text run at (0,0) width 40: "\x{306A}\x{3093}\x{3056}\x{3093}"
              RenderRubyBase (anonymous) at (0,0) size 18x40
                RenderInline {RB} at (0,0) size 17x34
                  RenderText {#text} at (0,3) size 17x34
                    text run at (0,3) width 34: "\x{5357}\x{5C71}"
          RenderText {#text} at (1504,204) size 44x459
            text run at (1504,204) width 255: "\x{306B}\x{89AA}\x{53CB}\x{304C}\x{5949}\x{8077}\x{3057}\x{3066}\x{3044}\x{308B}\x{6B21}\x{7B2C}\x{3067}\x{3082}\x{306A}"
            text run at (1531,0) width 85: "\x{3044}\x{3002}\x{8D85}\x{7136}\x{3068}"
          RenderRuby (inline) {RUBY} at (0,0) size 17x72
            RenderRubyRun (anonymous) at (1531,81) size 18x80
              RenderRubyText {RT} at (-10,0) size 10x80
                RenderText {#text} at (0,0) size 10x80
                  text run at (0,0) width 80: "\x{3057}\x{3085}\x{3063}\x{305B}\x{3051}\x{3093}\x{3066}\x{304D}"
              RenderRubyBase (anonymous) at (0,0) size 18x80
                RenderInline {RB} at (0,0) size 17x68
                  RenderText {#text} at (0,6) size 17x68
                    text run at (0,6) width 68: "\x{51FA}\x{4E16}\x{9593}\x{7684}"
          RenderText {#text} at (1531,157) size 44x480
            text run at (1531,157) width 323: "\x{306B}\x{5229}\x{5BB3}\x{640D}\x{5F97}\x{306E}\x{6C57}\x{3092}\x{6D41}\x{3057}\x{53BB}\x{3063}\x{305F}\x{5FC3}\x{6301}\x{3061}\x{306B}\x{306A}\x{308C}"
            text run at (1558,0) width 34: "\x{308B}\x{3002}"
          RenderRuby (inline) {RUBY} at (0,0) size 17x26
            RenderRubyRun (anonymous) at (1558,30) size 18x30
              RenderRubyText {RT} at (-10,0) size 10x30
                RenderText {#text} at (0,0) size 10x30
                  text run at (0,0) width 30: "\x{3072}\x{3068}\x{308A}"
              RenderRubyBase (anonymous) at (0,0) size 18x30
                RenderInline {RB} at (0,0) size 17x18
                  RenderText {#text} at (0,6) size 17x18
                    text run at (0,6) width 17: "\x{72EC}"
          RenderRuby (inline) {RUBY} at (0,0) size 17x96
            RenderRubyRun (anonymous) at (1558,60) size 18x100
              RenderRubyText {RT} at (-10,0) size 10x100
                RenderText {#text} at (0,0) size 10x100
                  text run at (0,0) width 100: "\x{3086}\x{3046}\x{3053}\x{3046}\x{306E}\x{3046}\x{3061}\x{306B}\x{3056}\x{3057}"
              RenderRubyBase (anonymous) at (0,0) size 18x100
                RenderInline {RB} at (0,0) size 17x68
                  RenderText {#text} at (0,16) size 17x68
                    text run at (0,16) width 68: "\x{5750}\x{5E7D}\x{7BC1}\x{88CF}"
          RenderText {#text} at (1558,156) size 17x17
            text run at (1558,156) width 17: "\x{3001}"
          RenderRuby (inline) {RUBY} at (0,0) size 17x66
            RenderRubyRun (anonymous) at (1558,169) size 18x70
              RenderRubyText {RT} at (-10,0) size 10x70
                RenderText {#text} at (0,0) size 10x70
                  text run at (0,0) width 70: "\x{304D}\x{3093}\x{3092}\x{3060}\x{3093}\x{3058}\x{3066}"
              RenderRubyBase (anonymous) at (0,0) size 18x70
                RenderInline {RB} at (0,0) size 17x34
                  RenderText {#text} at (0,18) size 17x34
                    text run at (0,18) width 34: "\x{5F3E}\x{7434}"
          RenderRuby (inline) {RUBY} at (0,0) size 17x86
            RenderRubyRun (anonymous) at (1558,239) size 18x90
              RenderRubyText {RT} at (-10,0) size 10x90
                RenderText {#text} at (0,0) size 10x90
                  text run at (0,0) width 90: "\x{307E}\x{305F}\x{3061}\x{3087}\x{3046}\x{3057}\x{3087}\x{3046}\x{3059}"
              RenderRubyBase (anonymous) at (0,0) size 18x90
                RenderInline {RB} at (0,0) size 17x52
                  RenderText {#text} at (0,19) size 17x52
                    text run at (0,19) width 51: "\x{5FA9}\x{9577}\x{562F}"
          RenderText {#text} at (1558,325) size 17x17
            text run at (1558,325) width 17: "\x{3001}"
          RenderRuby (inline) {RUBY} at (0,0) size 17x37
            RenderRubyRun (anonymous) at (1558,339) size 18x40
              RenderRubyText {RT} at (-10,0) size 10x40
                RenderText {#text} at (0,0) size 10x40
                  text run at (0,0) width 40: "\x{3057}\x{3093}\x{308A}\x{3093}"
              RenderRubyBase (anonymous) at (0,0) size 18x40
                RenderInline {RB} at (0,0) size 17x34
                  RenderText {#text} at (0,3) size 17x34
                    text run at (0,3) width 34: "\x{6DF1}\x{6797}"
          RenderRuby (inline) {RUBY} at (0,0) size 17x51
            RenderRubyRun (anonymous) at (1558,379) size 18x51
              RenderRubyText {RT} at (-10,0) size 10x51
                RenderText {#text} at (0,0) size 10x51
                  text run at (0,0) width 50: "\x{3072}\x{3068}\x{3057}\x{3089}\x{305A}"
              RenderRubyBase (anonymous) at (0,0) size 18x51
                RenderInline {RB} at (0,0) size 17x51
                  RenderText {#text} at (0,0) size 17x51
                    text run at (0,0) width 51: "\x{4EBA}\x{4E0D}\x{77E5}"
          RenderText {#text} at (1558,430) size 17x17
            text run at (1558,430) width 17: "\x{3001}"
          RenderRuby (inline) {RUBY} at (0,0) size 17x80
            RenderRubyRun (anonymous) at (1585,0) size 18x80
              RenderRubyText {RT} at (-10,0) size 10x80
                RenderText {#text} at (0,0) size 10x80
                  text run at (0,0) width 80: "\x{3081}\x{3044}\x{3052}\x{3064}\x{304D}\x{305F}\x{308A}\x{3066}"
              RenderRubyBase (anonymous) at (0,0) size 18x80
                RenderInline {RB} at (0,0) size 17x52
                  RenderText {#text} at (0,14) size 17x52
                    text run at (0,14) width 51: "\x{660E}\x{6708}\x{6765}"
          RenderRuby (inline) {RUBY} at (0,0) size 17x46
            RenderRubyRun (anonymous) at (1585,80) size 18x50
              RenderRubyText {RT} at (-10,0) size 10x50
                RenderText {#text} at (0,0) size 10x50
                  text run at (0,0) width 50: "\x{3042}\x{3044}\x{3066}\x{3089}\x{3059}"
              RenderRubyBase (anonymous) at (0,0) size 18x50
                RenderInline {RB} at (0,0) size 17x34
                  RenderText {#text} at (0,8) size 17x34
                    text run at (0,8) width 34: "\x{76F8}\x{7167}"
          RenderText {#text} at (1585,126) size 17x170
            text run at (1585,126) width 170: "\x{3002}\x{305F}\x{3060}\x{4E8C}\x{5341}\x{5B57}\x{306E}\x{3046}\x{3061}\x{306B}"
          RenderRuby (inline) {RUBY} at (0,0) size 17x18
            RenderRubyRun (anonymous) at (1585,295) size 18x20
              RenderRubyText {RT} at (-10,0) size 10x20
                RenderText {#text} at (0,0) size 10x20
                  text run at (0,0) width 20: "\x{3086}\x{3046}"
              RenderRubyBase (anonymous) at (0,0) size 18x20
                RenderInline {RB} at (0,0) size 17x18
                  RenderText {#text} at (0,1) size 17x18
                    text run at (0,1) width 17: "\x{512A}"
          RenderText {#text} at (1585,314) size 17x17
            text run at (1585,314) width 17: "\x{306B}"
          RenderRuby (inline) {RUBY} at (0,0) size 17x52
            RenderRubyRun (anonymous) at (1585,327) size 18x60
              RenderRubyText {RT} at (-10,0) size 10x60
                RenderText {#text} at (0,0) size 10x60
                  text run at (0,0) width 60: "\x{3079}\x{3064}\x{3051}\x{3093}\x{3053}\x{3093}"
              RenderRubyBase (anonymous) at (0,0) size 18x60
                RenderInline {RB} at (0,0) size 17x52
                  RenderText {#text} at (0,4) size 17x52
                    text run at (0,4) width 51: "\x{5225}\x{4E7E}\x{5764}"
          RenderText {#text} at (1585,383) size 17x17
            text run at (1585,383) width 17: "\x{3092}"
          RenderRuby (inline) {RUBY} at (0,0) size 17x42
            RenderRubyRun (anonymous) at (1585,396) size 18x50
              RenderRubyText {RT} at (-10,0) size 10x50
                RenderText {#text} at (0,0) size 10x50
                  text run at (0,0) width 50: "\x{3053}\x{3093}\x{308A}\x{3085}\x{3046}"
              RenderRubyBase (anonymous) at (0,0) size 18x50
                RenderInline {RB} at (0,0) size 17x34
                  RenderText {#text} at (0,8) size 17x34
                    text run at (0,8) width 34: "\x{5EFA}\x{7ACB}"
          RenderText {#text} at (1585,442) size 44x476
            text run at (1585,442) width 34: "\x{3057}\x{3066}"
            text run at (1612,0) width 136: "\x{3044}\x{308B}\x{3002}\x{3053}\x{306E}\x{4E7E}\x{5764}\x{306E}"
          RenderRuby (inline) {RUBY} at (0,0) size 17x34
            RenderRubyRun (anonymous) at (1612,136) size 18x34
              RenderRubyText {RT} at (-10,0) size 10x34
                RenderText {#text} at (0,2) size 10x30
                  text run at (0,2) width 30: "\x{304F}\x{3069}\x{304F}"
              RenderRubyBase (anonymous) at (0,0) size 18x34
                RenderInline {RB} at (0,0) size 17x34
                  RenderText {#text} at (0,0) size 17x34
                    text run at (0,0) width 34: "\x{529F}\x{5FB3}"
          RenderText {#text} at (1612,170) size 17x34
            text run at (1612,170) width 34: "\x{306F}\x{300C}"
          RenderRuby (inline) {RUBY} at (0,0) size 17x51
            RenderRubyRun (anonymous) at (1612,204) size 18x51
              RenderRubyText {RT} at (-10,0) size 10x51
                RenderText {#text} at (0,0) size 10x51
                  text run at (0,0) width 50: "\x{307B}\x{3068}\x{3068}\x{304E}\x{3059}"
              RenderRubyBase (anonymous) at (0,0) size 18x51
                RenderInline {RB} at (0,0) size 17x51
                  RenderText {#text} at (0,0) size 17x51
                    text run at (0,0) width 51: "\x{4E0D}\x{5982}\x{5E30}"
          RenderText {#text} at (1612,255) size 17x51
            text run at (1612,255) width 51: "\x{300D}\x{3084}\x{300C}"
          RenderRuby (inline) {RUBY} at (0,0) size 17x68
            RenderRubyRun (anonymous) at (1612,305) size 18x70
              RenderRubyText {RT} at (-10,0) size 10x70
                RenderText {#text} at (0,0) size 10x70
                  text run at (0,0) width 70: "\x{3053}\x{3093}\x{3058}\x{304D}\x{3084}\x{3057}\x{3083}"
              RenderRubyBase (anonymous) at (0,0) size 18x70
                RenderInline {RB} at (0,0) size 17x68
                  RenderText {#text} at (0,1) size 17x68
                    text run at (0,1) width 68: "\x{91D1}\x{8272}\x{591C}\x{53C9}"
          RenderText {#text} at (1612,374) size 44x476
            text run at (1612,374) width 102: "\x{300D}\x{306E}\x{529F}\x{5FB3}\x{3067}\x{306F}"
            text run at (1639,0) width 442: "\x{306A}\x{3044}\x{3002}\x{6C7D}\x{8239}\x{3001}\x{6C7D}\x{8ECA}\x{3001}\x{6A29}\x{5229}\x{3001}\x{7FA9}\x{52D9}\x{3001}\x{9053}\x{5FB3}\x{3001}\x{793C}\x{7FA9}\x{3067}\x{75B2}\x{308C}\x{679C}\x{3066}\x{305F}"
          RenderRuby (inline) {RUBY} at (0,0) size 17x19
            RenderRubyRun (anonymous) at (1639,441) size 18x20
              RenderRubyText {RT} at (-10,0) size 10x20
                RenderText {#text} at (0,0) size 10x20
                  text run at (0,0) width 20: "\x{306E}\x{3061}"
              RenderRubyBase (anonymous) at (0,0) size 18x20
                RenderInline {RB} at (0,0) size 17x18
                  RenderText {#text} at (0,1) size 17x18
                    text run at (0,1) width 17: "\x{5F8C}"
          RenderText {#text} at (1657,0) size 17x442
            text run at (1657,0) width 442: "\x{306B}\x{3001}\x{3059}\x{3079}\x{3066}\x{3092}\x{5FD8}\x{5374}\x{3057}\x{3066}\x{3050}\x{3063}\x{3059}\x{308A}\x{5BDD}\x{8FBC}\x{3080}\x{3088}\x{3046}\x{306A}\x{529F}\x{5FB3}\x{3067}\x{3042}\x{308B}\x{3002}"
          RenderBR {BR} at (1657,442) size 17x0
