layer at (0,0) size 901x585
  RenderView at (0,0) size 800x585
layer at (0,0) size 800x585
  RenderBlock {HTML} at (0,0) size 800x585
    RenderBody {BODY} at (8,8) size 800x569
      RenderBlock {DIV} at (0,0) size 800x0
      RenderBlock {DIV} at (0,0) size 800x0
      RenderBlock {DIV} at (0,0) size 800x0
      RenderBlock {DIV} at (0,0) size 800x0
      RenderBlock {DIV} at (0,0) size 800x0
      RenderBlock {DIV} at (0,0) size 800x0
      RenderBlock {DIV} at (0,0) size 800x0
      RenderBlock {DIV} at (0,0) size 800x0
layer at (162,548) size 246x27
  RenderBlock (positioned) {FONT} at (162,548) size 246x27
    RenderText {#text} at (0,0) size 246x26
      text run at (0,0) width 246: "RTL-Center-Aligned"
layer at (-85,454) size 93x81 backgroundClip at (0,0) size 901x585 clip at (0,0) size 901x585
  RenderBlock (positioned) {FONT} at (-85,454) size 93x81
    RenderText {#text} at (0,0) size 93x80
      text run at (0,0) width 62: "RTL-"
      text run at (0,27) width 62: "Left-"
      text run at (0,54) width 93: "Aligned"
layer at (577,458) size 231x27
  RenderBlock (positioned) {FONT} at (577,458) size 231x27
    RenderText {#text} at (0,0) size 231x26
      text run at (0,0) width 231: "RTL-Right-Aligned"
layer at (610,408) size 198x27
  RenderBlock (positioned) {FONT} at (610,408) size 198x27
    RenderText {#text} at (0,0) size 198x26
      text run at (0,0) width 198: "RTL-No-Aligned"
layer at (408,358) size 246x27
  RenderBlock (positioned) {FONT} at (408,358) size 246x27
    RenderText {#text} at (0,0) size 246x26
      text run at (0,0) width 246: "LTR-Center-Aligned"
layer at (8,308) size 217x27
  RenderBlock (positioned) {FONT} at (8,308) size 217x27
    RenderText {#text} at (0,0) size 217x26
      text run at (0,0) width 217: "LTR-Left-Aligned"
layer at (808,204) size 93x81
  RenderBlock (positioned) {FONT} at (808,204) size 93x81
    RenderText {#text} at (31,0) size 93x80
      text run at (31,0) width 62: "LTR-"
      text run at (17,27) width 76: "Right-"
      text run at (0,54) width 93: "Aligned"
layer at (8,208) size 198x27
  RenderBlock (positioned) {FONT} at (8,208) size 198x27
    RenderText {#text} at (0,0) size 198x26
      text run at (0,0) width 198: "LTR-No-Aligned"
