layer at (0,0) size 800x600
  RenderView at (0,0) size 800x600
layer at (0,0) size 800x181
  RenderBlock {HTML} at (0,0) size 800x181
    RenderBody {BODY} at (8,16) size 784x149
      RenderBlock {DIV} at (0,0) size 784x149
        RenderBlock {P} at (0,0) size 784x17 [bgcolor=#00FF00]
          RenderText {#text} at (0,0) size 308x17
            text run at (0,0) width 308: "This paragraph should have a green background."
        RenderBlock {P} at (0,33) size 784x17
          RenderText {#text} at (0,0) size 202x17
            text run at (0,0) width 202: "But this one should be unstyled."
        RenderBlock {P} at (0,66) size 784x17
          RenderText {#text} at (0,0) size 236x17
            text run at (0,0) width 236: "And this one should also be unstyled."
        RenderBlock {ADDRESS} at (0,99) size 784x17 [bgcolor=#00FF00]
          RenderText {#text} at (0,0) size 675x17
            text run at (0,0) width 675: "This address is only here to fill some space between two paragraphs and should have a green background."
        RenderBlock {P} at (0,132) size 784x17 [bgcolor=#00FF00]
          RenderText {#text} at (0,0) size 332x17
            text run at (0,0) width 332: "This paragraph should have a green background too."
