layer at (0,0) size 800x600
  RenderView at (0,0) size 800x600
layer at (0,0) size 800x82
  RenderBlock {HTML} at (0,0) size 800x82
    RenderBody {BODY} at (8,16) size 784x50
      RenderBlock {DIV} at (0,0) size 784x17
        RenderBlock {P} at (0,0) size 784x17 [bgcolor=#008000]
          RenderText {#text} at (0,0) size 268x17
            text run at (0,0) width 268: "This line should have a green background."
      RenderBlock {DIV} at (0,33) size 784x17
        RenderBlock {P} at (0,0) size 784x17
          RenderText {#text} at (0,0) size 306x17
            text run at (0,0) width 306: "This line should NOT have a green background."
