layer at (0,0) size 800x600
  RenderView at (0,0) size 800x600
layer at (0,0) size 800x600
  RenderBlock {HTML} at (0,0) size 800x600
    RenderBody {BODY} at (8,8) size 784x584
      RenderBlock {P} at (0,0) size 784x34
        RenderText {#text} at (0,0) size 762x34
          text run at (0,0) width 395: "This page tests using attributes to set style on embed elements. "
          text run at (395,0) width 367: "Previous versions of WebKit supported valign and border,"
          text run at (0,17) width 43: "which "
          text run at (43,17) width 452: "didn't match IE and FF. The only special support should be for 'hidden.'"
      RenderBlock {HR} at (0,50) size 784x2 [border: (1px inset #000000)]
      RenderBlock {DIV} at (0,60) size 784x0
      RenderBlock {DIV} at (0,60) size 784x103
        RenderText {#text} at (50,86) size 122x17
          text run at (50,86) width 4: " "
          text run at (54,86) width 118: "valign top attribute"
      RenderBlock {DIV} at (0,163) size 784x103
        RenderText {#text} at (50,86) size 128x17
          text run at (50,86) width 4: " "
          text run at (54,86) width 124: "border 5px attribute"
      RenderBlock {DIV} at (0,266) size 784x105
        RenderText {#text} at (52,88) size 102x17
          text run at (52,88) width 4: " "
          text run at (56,88) width 98: "hidden attribute"
layer at (8,68) size 50x100
  RenderEmbeddedObject {EMBED} at (0,0) size 50x100
layer at (8,171) size 50x100
  RenderEmbeddedObject {EMBED} at (0,0) size 50x100
layer at (8,274) size 52x102
  RenderEmbeddedObject {EMBED} at (0,0) size 52x102 [border: (1px dashed #000000)]
