layer at (0,0) size 800x600
  RenderView at (0,0) size 800x600
layer at (0,0) size 800x600
  RenderBlock {HTML} at (0,0) size 800x600
    RenderBody {BODY} at (8,8) size 784x576
      RenderBlock (anonymous) at (0,0) size 784x34
        RenderText {#text} at (0,0) size 748x34
          text run at (0,0) width 481: "This tests whether alt text is shown for image-type form input elements with "
          text run at (481,0) width 267: "no src attribute. You should see \"Success\""
          text run at (0,17) width 225: "twice, followed by a blue rectangle."
      RenderBlock {P} at (0,50) size 784x0
      RenderBlock {FORM} at (0,50) size 784x98
        RenderImage {INPUT} at (0,0) size 65x21
        RenderBR {BR} at (65,21) size 0x0
        RenderImage {INPUT} at (0,21) size 102x52 [border: (1px solid #000000)]
        RenderBR {BR} at (102,73) size 0x0
        RenderImage {INPUT} at (0,73) size 75x25
        RenderBR {BR} at (75,98) size 0x0
