layer at (0,0) size 800x600
  RenderView at (0,0) size 800x600
layer at (0,0) size 800x600
  RenderBlock {HTML} at (0,0) size 800x600
    RenderBody {BODY} at (8,8) size 784x584
      RenderBlock {DIV} at (0,0) size 784x68
        RenderText {#text} at (0,0) size 769x34
          text run at (0,0) width 769: "PASS - \"listStyleImage\" property for \"box\" element at 2.5s saw something close to: -webkit-cross-fade(url(blue-100.png),"
          text run at (0,17) width 161: "url(green-100.png), 50%)"
        RenderBR {BR} at (161,31) size 0x0
        RenderText {#text} at (0,34) size 679x17
          text run at (0,34) width 679: "PASS - \"listStyleImage\" property for \"box\" and \"boxStatic\" elements at 2.5s are close enough to each other"
        RenderBR {BR} at (679,48) size 0x0
        RenderText {#text} at (0,51) size 744x17
          text run at (0,51) width 744: "PASS - \"listStyleImage\" property for \"boxShorthand\" and \"boxStatic\" elements at 2.5s are close enough to each other"
        RenderBR {BR} at (744,65) size 0x0
layer at (100,116) size 140x100
  RenderBlock (positioned) {UL} at (100,116) size 140x100
    RenderListItem {LI} at (40,0) size 100x103
      RenderListMarker at (-107,0) size 100x100
      RenderText {#text} at (0,86) size 23x17
        text run at (0,86) width 23: "one"
    RenderListItem {LI} at (40,103) size 100x103
      RenderListMarker at (-107,0) size 100x100
      RenderText {#text} at (0,86) size 24x17
        text run at (0,86) width 24: "two"
layer at (100,366) size 140x100
  RenderBlock (positioned) {UL} at (100,366) size 140x100
    RenderListItem {LI} at (40,0) size 100x103
      RenderListMarker at (-107,0) size 100x100
      RenderText {#text} at (0,86) size 23x17
        text run at (0,86) width 23: "one"
    RenderListItem {LI} at (40,103) size 100x103
      RenderListMarker at (-107,0) size 100x100
      RenderText {#text} at (0,86) size 24x17
        text run at (0,86) width 24: "two"
layer at (400,116) size 140x100
  RenderBlock (positioned) {UL} at (400,116) size 140x100
    RenderListItem {LI} at (40,0) size 100x103
      RenderListMarker at (-107,0) size 100x100
      RenderText {#text} at (0,86) size 23x17
        text run at (0,86) width 23: "one"
    RenderListItem {LI} at (40,103) size 100x103
      RenderListMarker at (-107,0) size 100x100
      RenderText {#text} at (0,86) size 24x17
        text run at (0,86) width 24: "two"
