layer at (0,0) size 800x600
  RenderView at (0,0) size 800x600
layer at (0,0) size 800x344
  RenderBlock {HTML} at (0,0) size 800x344
    RenderBody {BODY} at (8,16) size 784x312
      RenderBlock {P} at (0,0) size 784x25
        RenderTextControl {INPUT} at (645,2) size 137x21 [bgcolor=#FFFFFF] [border: (1px solid #4C4C4C)]
        RenderText {#text} at (0,0) size 0x0
      RenderBlock {P} at (0,41) size 784x25
        RenderTextControl {INPUT} at (645,2) size 137x21 [bgcolor=#FFFFFF] [border: (1px solid #4C4C4C)]
        RenderText {#text} at (0,0) size 0x0
      RenderBlock {P} at (0,82) size 784x25
        RenderTextControl {INPUT} at (2,2) size 137x21 [bgcolor=#FFFFFF] [border: (1px solid #4C4C4C)]
        RenderText {#text} at (0,0) size 0x0
      RenderBlock {P} at (0,123) size 784x25
        RenderTextControl {INPUT} at (2,2) size 137x21 [bgcolor=#FFFFFF] [border: (1px solid #4C4C4C)]
        RenderText {#text} at (0,0) size 0x0
        RenderText {#text} at (0,0) size 0x0
      RenderBlock {P} at (0,164) size 784x25
        RenderTextControl {INPUT} at (2,2) size 137x21 [bgcolor=#FFFFFF] [border: (1px solid #4C4C4C)]
        RenderText {#text} at (0,0) size 0x0
      RenderBlock {P} at (0,205) size 784x25
        RenderTextControl {INPUT} at (2,2) size 137x21 [bgcolor=#FFFFFF] [border: (1px solid #4C4C4C)]
        RenderText {#text} at (0,0) size 0x0
        RenderText {#text} at (0,0) size 0x0
      RenderBlock {P} at (0,246) size 784x25
        RenderTextControl {INPUT} at (2,2) size 137x21 [bgcolor=#FFFFFF] [border: (1px solid #4C4C4C)]
        RenderText {#text} at (0,0) size 0x0
      RenderBlock {P} at (0,287) size 784x25
        RenderTextControl {INPUT} at (2,2) size 137x21 [bgcolor=#FFFFFF] [border: (1px solid #4C4C4C)]
        RenderText {#text} at (0,0) size 0x0
        RenderText {#text} at (0,0) size 0x0
layer at (659,21) size 125x14
  RenderBlock {DIV} at (6,3) size 125x14
    RenderText {#text} at (117,0) size 7x14
      text run at (117,0) width 7: "1"
layer at (659,62) size 125x14
  RenderBlock {DIV} at (6,3) size 125x14
    RenderText {#text} at (117,0) size 7x14
      text run at (117,0) width 7: "2"
layer at (16,103) size 125x14
  RenderBlock {DIV} at (6,3) size 125x14
    RenderText {#text} at (117,0) size 7x14
      text run at (117,0) width 7: "3"
layer at (16,144) size 125x14
  RenderBlock {DIV} at (6,3) size 125x14
    RenderText {#text} at (99,0) size 25x14
      text run at (99,0) width 25: "1234"
layer at (16,185) size 125x14
  RenderBlock {DIV} at (6,3) size 125x14
    RenderText {#text} at (1,0) size 7x14
      text run at (1,0) width 7: "5"
layer at (16,226) size 125x14
  RenderBlock {DIV} at (6,3) size 125x14
    RenderText {#text} at (1,0) size 7x14
      text run at (1,0) width 7: "6"
layer at (16,267) size 125x14
  RenderBlock {DIV} at (6,3) size 125x14
    RenderText {#text} at (117,0) size 7x14
      text run at (117,0) width 7: "7"
layer at (16,308) size 125x14
  RenderBlock {DIV} at (6,3) size 125x14
    RenderText {#text} at (117,0) size 7x14
      text run at (117,0) width 7: "8"
caret: position 4 of child 0 {#text} of child 0 {DIV} of {#shadow-root} of child 0 {INPUT} of child 6 {P} of body
