layer at (0,0) size 785x779
  RenderView at (0,0) size 785x600
layer at (0,0) size 785x779
  RenderBlock {HTML} at (0,0) size 785x779
    RenderBody {BODY} at (8,8) size 769x763
      RenderBlock (anonymous) at (0,0) size 769x17
        RenderText {#text} at (0,0) size 4x17
          text run at (0,0) width 4: " "
      RenderTable {TABLE} at (0,17) size 769x695 [bgcolor=#FFFFCC] [border: (1px outset #808080)]
        RenderTableSection {TBODY} at (1,1) size 767x693
          RenderTableRow {TR} at (0,2) size 767x21
            RenderTableCell {TD} at (2,2) size 615x21 [border: (1px inset #808080)] [r=0 c=0 rs=1 cs=1]
              RenderText {#text} at (2,2) size 53x17
                text run at (2,2) width 53: "Cell one"
            RenderTableCell {TD} at (618,2) size 73x21 [border: (1px inset #808080)] [r=0 c=1 rs=1 cs=1]
              RenderText {#text} at (2,2) size 34x17
                text run at (2,2) width 34: "Cell2"
            RenderTableCell {TD} at (692,2) size 74x21 [border: (1px inset #808080)] [r=0 c=2 rs=1 cs=1]
              RenderText {#text} at (2,2) size 38x17
                text run at (2,2) width 38: "Cell 3"
          RenderTableRow {TR} at (0,25) size 767x21
            RenderTableCell {TD} at (2,25) size 615x21 [border: (1px inset #808080)] [r=1 c=0 rs=1 cs=1]
              RenderText {#text} at (2,2) size 38x17
                text run at (2,2) width 38: "Cell 4"
            RenderTableCell {TD} at (618,25) size 73x21 [border: (1px inset #808080)] [r=1 c=1 rs=1 cs=1]
              RenderText {#text} at (2,2) size 38x17
                text run at (2,2) width 38: "Cell 5"
            RenderTableCell {TD} at (692,25) size 74x21 [border: (1px inset #808080)] [r=1 c=2 rs=1 cs=1]
              RenderText {#text} at (2,2) size 38x17
                text run at (2,2) width 38: "Cell 6"
          RenderTableRow {TR} at (0,48) size 767x643
            RenderTableCell {TD} at (2,48) size 615x643 [border: (1px inset #808080)] [r=2 c=0 rs=1 cs=1]
              RenderTable {TABLE} at (2,2) size 611x622 [bgcolor=#DDDDDD] [border: (1px outset #808080)]
                RenderTableSection {TBODY} at (1,1) size 609x620
                  RenderTableRow {TR} at (0,2) size 609x21
                    RenderTableCell {TD} at (2,2) size 22x21 [border: (1px inset #808080)] [r=0 c=0 rs=1 cs=1]
                      RenderText {#text} at (2,2) size 8x17
                        text run at (2,2) width 8: "1"
                    RenderTableCell {TD} at (25,2) size 559x21 [border: (1px inset #808080)] [r=0 c=1 rs=1 cs=1]
                      RenderText {#text} at (2,2) size 8x17
                        text run at (2,2) width 8: "2"
                    RenderTableCell {TD} at (585,2) size 22x21 [border: (1px inset #808080)] [r=0 c=2 rs=1 cs=1]
                      RenderText {#text} at (2,2) size 8x17
                        text run at (2,2) width 8: "3"
                  RenderTableRow {TR} at (0,25) size 609x570
                    RenderTableCell {TD} at (2,299) size 22x22 [border: (1px inset #808080)] [r=1 c=0 rs=1 cs=1]
                      RenderText {#text} at (2,2) size 8x18
                        text run at (2,3) width 8: "4"
                    RenderTableCell {TD} at (25,25) size 559x570 [border: (1px inset #808080)] [r=1 c=1 rs=1 cs=1]
                      RenderTable {TABLE} at (2,2) size 554x549 [bgcolor=#66FFFF] [border: (1px outset #808080)]
                        RenderTableSection {TBODY} at (1,1) size 552x547
                          RenderTableRow {TR} at (0,2) size 552x497
                            RenderTableCell {TD} at (2,240) size 22x21 [border: (1px inset #808080)] [r=0 c=0 rs=1 cs=1]
                              RenderText {#text} at (2,2) size 8x17
                                text run at (2,2) width 8: "1"
                            RenderTableCell {TD} at (25,2) size 502x497 [border: (1px inset #808080)] [r=0 c=1 rs=1 cs=1]
                              RenderTable {TABLE} at (2,2) size 498x476 [bgcolor=#FF0000] [border: (1px outset #808080)]
                                RenderTableSection {TBODY} at (1,1) size 496x474
                                  RenderTableRow {TR} at (0,2) size 496x21
                                    RenderTableCell {TD} at (2,2) size 23x21 [border: (1px inset #808080)] [r=0 c=0 rs=1 cs=1]
                                      RenderText {#text} at (2,2) size 8x17
                                        text run at (2,2) width 8: "1"
                                    RenderTableCell {TD} at (26,2) size 23x21 [border: (1px inset #808080)] [r=0 c=1 rs=1 cs=1]
                                      RenderText {#text} at (2,2) size 8x17
                                        text run at (2,2) width 8: "2"
                                    RenderTableCell {TD} at (50,2) size 395x21 [border: (1px inset #808080)] [r=0 c=2 rs=1 cs=1]
                                      RenderText {#text} at (2,2) size 8x17
                                        text run at (2,2) width 8: "3"
                                    RenderTableCell {TD} at (446,2) size 23x21 [border: (1px inset #808080)] [r=0 c=3 rs=1 cs=1]
                                      RenderText {#text} at (2,2) size 8x17
                                        text run at (2,2) width 8: "4"
                                    RenderTableCell {TD} at (470,2) size 24x21 [border: (1px inset #808080)] [r=0 c=4 rs=1 cs=1]
                                      RenderText {#text} at (2,2) size 8x17
                                        text run at (2,2) width 8: "5"
                                  RenderTableRow {TR} at (0,25) size 496x378
                                    RenderTableCell {TD} at (2,203) size 23x22 [border: (1px inset #808080)] [r=1 c=0 rs=1 cs=1]
                                      RenderText {#text} at (2,2) size 8x18
                                        text run at (2,3) width 8: "6"
                                    RenderTableCell {TD} at (26,203) size 23x22 [border: (1px inset #808080)] [r=1 c=1 rs=1 cs=1]
                                      RenderText {#text} at (2,2) size 8x18
                                        text run at (2,3) width 8: "7"
                                    RenderTableCell {TD} at (50,25) size 395x378 [border: (1px inset #808080)] [r=1 c=2 rs=1 cs=1]
                                      RenderTable {TABLE} at (2,2) size 391x357 [bgcolor=#66FF99] [border: (1px outset #808080)]
                                        RenderTableSection {TBODY} at (1,1) size 389x355
                                          RenderTableRow {TR} at (0,2) size 389x21
                                            RenderTableCell {TD} at (2,2) size 24x21 [border: (1px inset #808080)] [r=0 c=0 rs=1 cs=1]
                                              RenderText {#text} at (2,2) size 7x17
                                                text run at (2,2) width 7: "a"
                                            RenderTableCell {TD} at (27,2) size 24x21 [border: (1px inset #808080)] [r=0 c=1 rs=1 cs=1]
                                              RenderText {#text} at (2,2) size 8x17
                                                text run at (2,2) width 8: "b"
                                            RenderTableCell {TD} at (52,2) size 285x21 [border: (1px inset #808080)] [r=0 c=2 rs=1 cs=1]
                                              RenderText {#text} at (2,2) size 7x17
                                                text run at (2,2) width 7: "c"
                                            RenderTableCell {TD} at (338,2) size 24x21 [border: (1px inset #808080)] [r=0 c=3 rs=1 cs=1]
                                              RenderText {#text} at (2,2) size 8x17
                                                text run at (2,2) width 8: "d"
                                            RenderTableCell {TD} at (363,2) size 24x21 [border: (1px inset #808080)] [r=0 c=4 rs=1 cs=1]
                                              RenderText {#text} at (2,2) size 7x17
                                                text run at (2,2) width 7: "e"
                                          RenderTableRow {TR} at (0,25) size 389x21
                                            RenderTableCell {TD} at (2,25) size 24x21 [border: (1px inset #808080)] [r=1 c=0 rs=1 cs=1]
                                              RenderText {#text} at (2,2) size 5x17
                                                text run at (2,2) width 5: "f"
                                            RenderTableCell {TD} at (27,25) size 24x21 [border: (1px inset #808080)] [r=1 c=1 rs=1 cs=1]
                                              RenderText {#text} at (2,2) size 8x17
                                                text run at (2,2) width 8: "g"
                                            RenderTableCell {TD} at (52,25) size 285x21 [border: (1px inset #808080)] [r=1 c=2 rs=1 cs=1]
                                              RenderText {#text} at (2,2) size 8x17
                                                text run at (2,2) width 8: "h"
                                            RenderTableCell {TD} at (338,25) size 24x21 [border: (1px inset #808080)] [r=1 c=3 rs=1 cs=1]
                                              RenderText {#text} at (2,2) size 4x17
                                                text run at (2,2) width 4: "i"
                                            RenderTableCell {TD} at (363,25) size 24x21 [border: (1px inset #808080)] [r=1 c=4 rs=1 cs=1]
                                              RenderText {#text} at (2,2) size 4x17
                                                text run at (2,2) width 4: "j"
                                          RenderTableRow {TR} at (0,48) size 389x259
                                            RenderTableCell {TD} at (2,167) size 24x21 [border: (1px inset #808080)] [r=2 c=0 rs=1 cs=1]
                                              RenderText {#text} at (2,2) size 8x17
                                                text run at (2,2) width 8: "k"
                                            RenderTableCell {TD} at (27,167) size 24x21 [border: (1px inset #808080)] [r=2 c=1 rs=1 cs=1]
                                              RenderText {#text} at (2,2) size 4x17
                                                text run at (2,2) width 4: "l"
                                            RenderTableCell {TD} at (52,48) size 285x259 [border: (1px inset #808080)] [r=2 c=2 rs=1 cs=1]
                                              RenderTable {TABLE} at (2,2) size 281x238 [bgcolor=#FF99FF] [border: (1px outset #808080)]
                                                RenderTableSection {TBODY} at (1,1) size 279x236
                                                  RenderTableRow {TR} at (0,2) size 279x21
                                                    RenderTableCell {TD} at (2,2) size 25x21 [border: (1px inset #808080)] [r=0 c=0 rs=1 cs=1]
                                                      RenderText {#text} at (2,2) size 7x17
                                                        text run at (2,2) width 7: "a"
                                                    RenderTableCell {TD} at (28,2) size 26x21 [border: (1px inset #808080)] [r=0 c=1 rs=1 cs=1]
                                                      RenderText {#text} at (2,2) size 8x17
                                                        text run at (2,2) width 8: "b"
                                                    RenderTableCell {TD} at (55,2) size 169x21 [border: (1px inset #808080)] [r=0 c=2 rs=1 cs=1]
                                                      RenderText {#text} at (2,2) size 7x17
                                                        text run at (2,2) width 7: "c"
                                                    RenderTableCell {TD} at (225,2) size 25x21 [border: (1px inset #808080)] [r=0 c=3 rs=1 cs=1]
                                                      RenderText {#text} at (2,2) size 8x17
                                                        text run at (2,2) width 8: "d"
                                                    RenderTableCell {TD} at (251,2) size 26x21 [border: (1px inset #808080)] [r=0 c=4 rs=1 cs=1]
                                                      RenderText {#text} at (2,2) size 7x17
                                                        text run at (2,2) width 7: "e"
                                                  RenderTableRow {TR} at (0,25) size 279x21
                                                    RenderTableCell {TD} at (2,25) size 25x21 [border: (1px inset #808080)] [r=1 c=0 rs=1 cs=1]
                                                      RenderText {#text} at (2,2) size 5x17
                                                        text run at (2,2) width 5: "f"
                                                    RenderTableCell {TD} at (28,25) size 26x21 [border: (1px inset #808080)] [r=1 c=1 rs=1 cs=1]
                                                      RenderText {#text} at (2,2) size 8x17
                                                        text run at (2,2) width 8: "g"
                                                    RenderTableCell {TD} at (55,25) size 169x21 [border: (1px inset #808080)] [r=1 c=2 rs=1 cs=1]
                                                      RenderText {#text} at (2,2) size 8x17
                                                        text run at (2,2) width 8: "h"
                                                    RenderTableCell {TD} at (225,25) size 25x21 [border: (1px inset #808080)] [r=1 c=3 rs=1 cs=1]
                                                      RenderText {#text} at (2,2) size 4x17
                                                        text run at (2,2) width 4: "i"
                                                    RenderTableCell {TD} at (251,25) size 26x21 [border: (1px inset #808080)] [r=1 c=4 rs=1 cs=1]
                                                      RenderText {#text} at (2,2) size 4x17
                                                        text run at (2,2) width 4: "j"
                                                  RenderTableRow {TR} at (0,48) size 279x140
                                                    RenderTableCell {TD} at (2,107) size 25x22 [border: (1px inset #808080)] [r=2 c=0 rs=1 cs=1]
                                                      RenderText {#text} at (2,2) size 8x18
                                                        text run at (2,3) width 8: "k"
                                                    RenderTableCell {TD} at (28,107) size 26x22 [border: (1px inset #808080)] [r=2 c=1 rs=1 cs=1]
                                                      RenderText {#text} at (2,2) size 4x18
                                                        text run at (2,3) width 4: "l"
                                                    RenderTableCell {TD} at (55,48) size 169x140 [border: (1px inset #808080)] [r=2 c=2 rs=1 cs=1]
                                                      RenderTable {TABLE} at (2,2) size 165x119 [bgcolor=#FF9900] [border: (1px outset #808080)]
                                                        RenderTableSection {TBODY} at (1,1) size 163x117
                                                          RenderTableRow {TR} at (0,2) size 163x21
                                                            RenderTableCell {TD} at (2,2) size 29x21 [border: (1px inset #808080)] [r=0 c=0 rs=1 cs=1]
                                                              RenderText {#text} at (2,2) size 7x17
                                                                text run at (2,2) width 7: "a"
                                                            RenderTableCell {TD} at (32,2) size 29x21 [border: (1px inset #808080)] [r=0 c=1 rs=1 cs=1]
                                                              RenderText {#text} at (2,2) size 8x17
                                                                text run at (2,2) width 8: "b"
                                                            RenderTableCell {TD} at (62,2) size 38x21 [border: (1px inset #808080)] [r=0 c=2 rs=1 cs=1]
                                                              RenderText {#text} at (2,2) size 7x17
                                                                text run at (2,2) width 7: "c"
                                                            RenderTableCell {TD} at (101,2) size 29x21 [border: (1px inset #808080)] [r=0 c=3 rs=1 cs=1]
                                                              RenderText {#text} at (2,2) size 8x17
                                                                text run at (2,2) width 8: "d"
                                                            RenderTableCell {TD} at (131,2) size 30x21 [border: (1px inset #808080)] [r=0 c=4 rs=1 cs=1]
                                                              RenderText {#text} at (2,2) size 7x17
                                                                text run at (2,2) width 7: "e"
                                                          RenderTableRow {TR} at (0,25) size 163x21
                                                            RenderTableCell {TD} at (2,25) size 29x21 [border: (1px inset #808080)] [r=1 c=0 rs=1 cs=1]
                                                              RenderText {#text} at (2,2) size 5x17
                                                                text run at (2,2) width 5: "f"
                                                            RenderTableCell {TD} at (32,25) size 29x21 [border: (1px inset #808080)] [r=1 c=1 rs=1 cs=1]
                                                              RenderText {#text} at (2,2) size 8x17
                                                                text run at (2,2) width 8: "g"
                                                            RenderTableCell {TD} at (62,25) size 38x21 [border: (1px inset #808080)] [r=1 c=2 rs=1 cs=1]
                                                              RenderText {#text} at (2,2) size 8x17
                                                                text run at (2,2) width 8: "h"
                                                            RenderTableCell {TD} at (101,25) size 29x21 [border: (1px inset #808080)] [r=1 c=3 rs=1 cs=1]
                                                              RenderText {#text} at (2,2) size 4x17
                                                                text run at (2,2) width 4: "i"
                                                            RenderTableCell {TD} at (131,25) size 30x21 [border: (1px inset #808080)] [r=1 c=4 rs=1 cs=1]
                                                              RenderText {#text} at (2,2) size 4x17
                                                                text run at (2,2) width 4: "j"
                                                          RenderTableRow {TR} at (0,48) size 163x21
                                                            RenderTableCell {TD} at (2,48) size 29x21 [border: (1px inset #808080)] [r=2 c=0 rs=1 cs=1]
                                                              RenderText {#text} at (2,2) size 8x17
                                                                text run at (2,2) width 8: "k"
                                                            RenderTableCell {TD} at (32,48) size 29x21 [border: (1px inset #808080)] [r=2 c=1 rs=1 cs=1]
                                                              RenderText {#text} at (2,2) size 4x17
                                                                text run at (2,2) width 4: "l"
                                                            RenderTableCell {TD} at (62,48) size 38x21 [border: (1px inset #808080)] [r=2 c=2 rs=1 cs=1]
                                                              RenderText {#text} at (2,2) size 12x17
                                                                text run at (2,2) width 12: "m"
                                                            RenderTableCell {TD} at (101,48) size 29x21 [border: (1px inset #808080)] [r=2 c=3 rs=1 cs=1]
                                                              RenderText {#text} at (2,2) size 8x17
                                                                text run at (2,2) width 8: "n"
                                                            RenderTableCell {TD} at (131,48) size 30x21 [border: (1px inset #808080)] [r=2 c=4 rs=1 cs=1]
                                                              RenderText {#text} at (2,2) size 8x17
                                                                text run at (2,2) width 8: "o"
                                                          RenderTableRow {TR} at (0,71) size 163x21
                                                            RenderTableCell {TD} at (2,71) size 29x21 [border: (1px inset #808080)] [r=3 c=0 rs=1 cs=1]
                                                              RenderText {#text} at (2,2) size 8x17
                                                                text run at (2,2) width 8: "p"
                                                            RenderTableCell {TD} at (32,71) size 29x21 [border: (1px inset #808080)] [r=3 c=1 rs=1 cs=1]
                                                              RenderText {#text} at (2,2) size 8x17
                                                                text run at (2,2) width 8: "q"
                                                            RenderTableCell {TD} at (62,71) size 38x21 [border: (1px inset #808080)] [r=3 c=2 rs=1 cs=1]
                                                              RenderText {#text} at (2,2) size 5x17
                                                                text run at (2,2) width 5: "r"
                                                            RenderTableCell {TD} at (101,71) size 29x21 [border: (1px inset #808080)] [r=3 c=3 rs=1 cs=1]
                                                              RenderText {#text} at (2,2) size 6x17
                                                                text run at (2,2) width 6: "s"
                                                            RenderTableCell {TD} at (131,71) size 30x21 [border: (1px inset #808080)] [r=3 c=4 rs=1 cs=1]
                                                              RenderText {#text} at (2,2) size 4x17
                                                                text run at (2,2) width 4: "t"
                                                          RenderTableRow {TR} at (0,94) size 163x21
                                                            RenderTableCell {TD} at (2,94) size 29x21 [border: (1px inset #808080)] [r=4 c=0 rs=1 cs=1]
                                                              RenderText {#text} at (2,2) size 8x17
                                                                text run at (2,2) width 8: "u"
                                                            RenderTableCell {TD} at (32,94) size 29x21 [border: (1px inset #808080)] [r=4 c=1 rs=1 cs=1]
                                                              RenderText {#text} at (2,2) size 8x17
                                                                text run at (2,2) width 8: "v"
                                                            RenderTableCell {TD} at (62,94) size 38x21 [border: (1px inset #808080)] [r=4 c=2 rs=1 cs=1]
                                                              RenderText {#text} at (2,2) size 12x17
                                                                text run at (2,2) width 12: "w"
                                                            RenderTableCell {TD} at (101,94) size 29x21 [border: (1px inset #808080)] [r=4 c=3 rs=1 cs=1]
                                                              RenderText {#text} at (2,2) size 8x17
                                                                text run at (2,2) width 8: "x"
                                                            RenderTableCell {TD} at (131,94) size 30x21 [border: (1px inset #808080)] [r=4 c=4 rs=1 cs=1]
                                                              RenderText {#text} at (2,2) size 8x17
                                                                text run at (2,2) width 8: "y"
                                                      RenderBlock (anonymous) at (2,121) size 165x17
                                                        RenderText {#text} at (0,0) size 4x17
                                                          text run at (0,0) width 4: " "
                                                    RenderTableCell {TD} at (225,107) size 25x22 [border: (1px inset #808080)] [r=2 c=3 rs=1 cs=1]
                                                      RenderText {#text} at (2,2) size 8x18
                                                        text run at (2,3) width 8: "n"
                                                    RenderTableCell {TD} at (251,107) size 26x22 [border: (1px inset #808080)] [r=2 c=4 rs=1 cs=1]
                                                      RenderText {#text} at (2,2) size 8x18
                                                        text run at (2,3) width 8: "o"
                                                  RenderTableRow {TR} at (0,190) size 279x21
                                                    RenderTableCell {TD} at (2,190) size 25x21 [border: (1px inset #808080)] [r=3 c=0 rs=1 cs=1]
                                                      RenderText {#text} at (2,2) size 8x17
                                                        text run at (2,2) width 8: "p"
                                                    RenderTableCell {TD} at (28,190) size 26x21 [border: (1px inset #808080)] [r=3 c=1 rs=1 cs=1]
                                                      RenderText {#text} at (2,2) size 8x17
                                                        text run at (2,2) width 8: "q"
                                                    RenderTableCell {TD} at (55,190) size 169x21 [border: (1px inset #808080)] [r=3 c=2 rs=1 cs=1]
                                                      RenderText {#text} at (2,2) size 5x17
                                                        text run at (2,2) width 5: "r"
                                                    RenderTableCell {TD} at (225,190) size 25x21 [border: (1px inset #808080)] [r=3 c=3 rs=1 cs=1]
                                                      RenderText {#text} at (2,2) size 6x17
                                                        text run at (2,2) width 6: "s"
                                                    RenderTableCell {TD} at (251,190) size 26x21 [border: (1px inset #808080)] [r=3 c=4 rs=1 cs=1]
                                                      RenderText {#text} at (2,2) size 4x17
                                                        text run at (2,2) width 4: "t"
                                                  RenderTableRow {TR} at (0,213) size 279x21
                                                    RenderTableCell {TD} at (2,213) size 25x21 [border: (1px inset #808080)] [r=4 c=0 rs=1 cs=1]
                                                      RenderText {#text} at (2,2) size 8x17
                                                        text run at (2,2) width 8: "u"
                                                    RenderTableCell {TD} at (28,213) size 26x21 [border: (1px inset #808080)] [r=4 c=1 rs=1 cs=1]
                                                      RenderText {#text} at (2,2) size 8x17
                                                        text run at (2,2) width 8: "v"
                                                    RenderTableCell {TD} at (55,213) size 169x21 [border: (1px inset #808080)] [r=4 c=2 rs=1 cs=1]
                                                      RenderText {#text} at (2,2) size 12x17
                                                        text run at (2,2) width 12: "w"
                                                    RenderTableCell {TD} at (225,213) size 25x21 [border: (1px inset #808080)] [r=4 c=3 rs=1 cs=1]
                                                      RenderText {#text} at (2,2) size 8x17
                                                        text run at (2,2) width 8: "x"
                                                    RenderTableCell {TD} at (251,213) size 26x21 [border: (1px inset #808080)] [r=4 c=4 rs=1 cs=1]
                                                      RenderText {#text} at (2,2) size 8x17
                                                        text run at (2,2) width 8: "y"
                                              RenderBlock (anonymous) at (2,240) size 281x17
                                                RenderText {#text} at (0,0) size 4x17
                                                  text run at (0,0) width 4: " "
                                            RenderTableCell {TD} at (338,167) size 24x21 [border: (1px inset #808080)] [r=2 c=3 rs=1 cs=1]
                                              RenderText {#text} at (2,2) size 8x17
                                                text run at (2,2) width 8: "n"
                                            RenderTableCell {TD} at (363,167) size 24x21 [border: (1px inset #808080)] [r=2 c=4 rs=1 cs=1]
                                              RenderText {#text} at (2,2) size 8x17
                                                text run at (2,2) width 8: "o"
                                          RenderTableRow {TR} at (0,309) size 389x21
                                            RenderTableCell {TD} at (2,309) size 24x21 [border: (1px inset #808080)] [r=3 c=0 rs=1 cs=1]
                                              RenderText {#text} at (2,2) size 8x17
                                                text run at (2,2) width 8: "p"
                                            RenderTableCell {TD} at (27,309) size 24x21 [border: (1px inset #808080)] [r=3 c=1 rs=1 cs=1]
                                              RenderText {#text} at (2,2) size 8x17
                                                text run at (2,2) width 8: "q"
                                            RenderTableCell {TD} at (52,309) size 285x21 [border: (1px inset #808080)] [r=3 c=2 rs=1 cs=1]
                                              RenderText {#text} at (2,2) size 5x17
                                                text run at (2,2) width 5: "r"
                                            RenderTableCell {TD} at (338,309) size 24x21 [border: (1px inset #808080)] [r=3 c=3 rs=1 cs=1]
                                              RenderText {#text} at (2,2) size 6x17
                                                text run at (2,2) width 6: "s"
                                            RenderTableCell {TD} at (363,309) size 24x21 [border: (1px inset #808080)] [r=3 c=4 rs=1 cs=1]
                                              RenderText {#text} at (2,2) size 4x17
                                                text run at (2,2) width 4: "t"
                                          RenderTableRow {TR} at (0,332) size 389x21
                                            RenderTableCell {TD} at (2,332) size 24x21 [border: (1px inset #808080)] [r=4 c=0 rs=1 cs=1]
                                              RenderText {#text} at (2,2) size 8x17
                                                text run at (2,2) width 8: "u"
                                            RenderTableCell {TD} at (27,332) size 24x21 [border: (1px inset #808080)] [r=4 c=1 rs=1 cs=1]
                                              RenderText {#text} at (2,2) size 8x17
                                                text run at (2,2) width 8: "v"
                                            RenderTableCell {TD} at (52,332) size 285x21 [border: (1px inset #808080)] [r=4 c=2 rs=1 cs=1]
                                              RenderText {#text} at (2,2) size 12x17
                                                text run at (2,2) width 12: "w"
                                            RenderTableCell {TD} at (338,332) size 24x21 [border: (1px inset #808080)] [r=4 c=3 rs=1 cs=1]
                                              RenderText {#text} at (2,2) size 8x17
                                                text run at (2,2) width 8: "x"
                                            RenderTableCell {TD} at (363,332) size 24x21 [border: (1px inset #808080)] [r=4 c=4 rs=1 cs=1]
                                              RenderText {#text} at (2,2) size 8x17
                                                text run at (2,2) width 8: "y"
                                      RenderBlock (anonymous) at (2,359) size 391x17
                                        RenderText {#text} at (0,0) size 4x17
                                          text run at (0,0) width 4: " "
                                    RenderTableCell {TD} at (446,203) size 23x22 [border: (1px inset #808080)] [r=1 c=3 rs=1 cs=1]
                                      RenderText {#text} at (2,2) size 8x18
                                        text run at (2,3) width 8: "9"
                                    RenderTableCell {TD} at (470,203) size 24x22 [border: (1px inset #808080)] [r=1 c=4 rs=1 cs=1]
                                      RenderText {#text} at (2,2) size 8x18
                                        text run at (2,3) width 8: "0"
                                  RenderTableRow {TR} at (0,405) size 496x21
                                    RenderTableCell {TD} at (2,405) size 23x21 [border: (1px inset #808080)] [r=2 c=0 rs=1 cs=1]
                                      RenderText {#text} at (2,2) size 7x17
                                        text run at (2,2) width 7: "a"
                                    RenderTableCell {TD} at (26,405) size 23x21 [border: (1px inset #808080)] [r=2 c=1 rs=1 cs=1]
                                      RenderText {#text} at (2,2) size 8x17
                                        text run at (2,2) width 8: "b"
                                    RenderTableCell {TD} at (50,405) size 395x21 [border: (1px inset #808080)] [r=2 c=2 rs=1 cs=1]
                                      RenderText {#text} at (2,2) size 7x17
                                        text run at (2,2) width 7: "c"
                                    RenderTableCell {TD} at (446,405) size 23x21 [border: (1px inset #808080)] [r=2 c=3 rs=1 cs=1]
                                      RenderText {#text} at (2,2) size 8x17
                                        text run at (2,2) width 8: "d"
                                    RenderTableCell {TD} at (470,405) size 24x21 [border: (1px inset #808080)] [r=2 c=4 rs=1 cs=1]
                                      RenderText {#text} at (2,2) size 7x17
                                        text run at (2,2) width 7: "e"
                                  RenderTableRow {TR} at (0,428) size 496x21
                                    RenderTableCell {TD} at (2,428) size 23x21 [border: (1px inset #808080)] [r=3 c=0 rs=1 cs=1]
                                      RenderText {#text} at (2,2) size 5x17
                                        text run at (2,2) width 5: "f"
                                    RenderTableCell {TD} at (26,428) size 23x21 [border: (1px inset #808080)] [r=3 c=1 rs=1 cs=1]
                                      RenderText {#text} at (2,2) size 8x17
                                        text run at (2,2) width 8: "g"
                                    RenderTableCell {TD} at (50,428) size 395x21 [border: (1px inset #808080)] [r=3 c=2 rs=1 cs=1]
                                      RenderText {#text} at (2,2) size 8x17
                                        text run at (2,2) width 8: "h"
                                    RenderTableCell {TD} at (446,428) size 23x21 [border: (1px inset #808080)] [r=3 c=3 rs=1 cs=1]
                                      RenderText {#text} at (2,2) size 4x17
                                        text run at (2,2) width 4: "i"
                                    RenderTableCell {TD} at (470,428) size 24x21 [border: (1px inset #808080)] [r=3 c=4 rs=1 cs=1]
                                      RenderText {#text} at (2,2) size 4x17
                                        text run at (2,2) width 4: "j"
                                  RenderTableRow {TR} at (0,451) size 496x21
                                    RenderTableCell {TD} at (2,451) size 23x21 [border: (1px inset #808080)] [r=4 c=0 rs=1 cs=1]
                                      RenderText {#text} at (2,2) size 8x17
                                        text run at (2,2) width 8: "k"
                                    RenderTableCell {TD} at (26,451) size 23x21 [border: (1px inset #808080)] [r=4 c=1 rs=1 cs=1]
                                      RenderText {#text} at (2,2) size 4x17
                                        text run at (2,2) width 4: "l"
                                    RenderTableCell {TD} at (50,451) size 395x21 [border: (1px inset #808080)] [r=4 c=2 rs=1 cs=1]
                                      RenderText {#text} at (2,2) size 12x17
                                        text run at (2,2) width 12: "m"
                                    RenderTableCell {TD} at (446,451) size 23x21 [border: (1px inset #808080)] [r=4 c=3 rs=1 cs=1]
                                      RenderText {#text} at (2,2) size 8x17
                                        text run at (2,2) width 8: "n"
                                    RenderTableCell {TD} at (470,451) size 24x21 [border: (1px inset #808080)] [r=4 c=4 rs=1 cs=1]
                                      RenderText {#text} at (2,2) size 8x17
                                        text run at (2,2) width 8: "o"
                              RenderBlock (anonymous) at (2,478) size 498x17
                                RenderText {#text} at (0,0) size 4x17
                                  text run at (0,0) width 4: " "
                            RenderTableCell {TD} at (528,240) size 23x21 [border: (1px inset #808080)] [r=0 c=2 rs=1 cs=1]
                              RenderText {#text} at (2,2) size 8x17
                                text run at (2,2) width 8: "3"
                          RenderTableRow {TR} at (0,501) size 552x21
                            RenderTableCell {TD} at (2,501) size 22x21 [border: (1px inset #808080)] [r=1 c=0 rs=1 cs=1]
                              RenderText {#text} at (2,2) size 8x17
                                text run at (2,2) width 8: "4"
                            RenderTableCell {TD} at (25,501) size 502x21 [border: (1px inset #808080)] [r=1 c=1 rs=1 cs=1]
                              RenderText {#text} at (2,2) size 8x17
                                text run at (2,2) width 8: "5"
                            RenderTableCell {TD} at (528,501) size 23x21 [border: (1px inset #808080)] [r=1 c=2 rs=1 cs=1]
                              RenderText {#text} at (2,2) size 8x17
                                text run at (2,2) width 8: "6"
                          RenderTableRow {TR} at (0,524) size 552x21
                            RenderTableCell {TD} at (2,524) size 22x21 [border: (1px inset #808080)] [r=2 c=0 rs=1 cs=1]
                              RenderText {#text} at (2,2) size 8x17
                                text run at (2,2) width 8: "7"
                            RenderTableCell {TD} at (25,524) size 502x21 [border: (1px inset #808080)] [r=2 c=1 rs=1 cs=1]
                              RenderText {#text} at (2,2) size 8x17
                                text run at (2,2) width 8: "8"
                            RenderTableCell {TD} at (528,524) size 23x21 [border: (1px inset #808080)] [r=2 c=2 rs=1 cs=1]
                              RenderText {#text} at (2,2) size 8x17
                                text run at (2,2) width 8: "9"
                      RenderBlock (anonymous) at (2,551) size 554x17
                        RenderText {#text} at (0,0) size 4x17
                          text run at (0,0) width 4: " "
                    RenderTableCell {TD} at (585,299) size 22x22 [border: (1px inset #808080)] [r=1 c=2 rs=1 cs=1]
                      RenderText {#text} at (2,2) size 8x18
                        text run at (2,3) width 8: "6"
                  RenderTableRow {TR} at (0,597) size 609x21
                    RenderTableCell {TD} at (2,597) size 22x21 [border: (1px inset #808080)] [r=2 c=0 rs=1 cs=1]
                      RenderText {#text} at (2,2) size 8x17
                        text run at (2,2) width 8: "7"
                    RenderTableCell {TD} at (25,597) size 559x21 [border: (1px inset #808080)] [r=2 c=1 rs=1 cs=1]
                      RenderText {#text} at (2,2) size 8x17
                        text run at (2,2) width 8: "8"
                    RenderTableCell {TD} at (585,597) size 22x21 [border: (1px inset #808080)] [r=2 c=2 rs=1 cs=1]
                      RenderText {#text} at (2,2) size 8x17
                        text run at (2,2) width 8: "9"
              RenderBlock (anonymous) at (2,624) size 611x17
                RenderText {#text} at (0,0) size 4x17
                  text run at (0,0) width 4: " "
            RenderTableCell {TD} at (618,359) size 73x21 [border: (1px inset #808080)] [r=2 c=1 rs=1 cs=1]
              RenderText {#text} at (2,2) size 8x17
                text run at (2,2) width 8: "8"
            RenderTableCell {TD} at (692,359) size 74x21 [border: (1px inset #808080)] [r=2 c=2 rs=1 cs=1]
              RenderText {#text} at (2,2) size 8x17
                text run at (2,2) width 8: "9"
      RenderBlock (anonymous) at (0,712) size 769x34
        RenderText {#text} at (0,0) size 8x17
          text run at (0,0) width 8: "  "
        RenderBR {BR} at (8,14) size 0x0
        RenderText {#text} at (0,17) size 280x17
          text run at (0,17) width 280: "the following text should display on one line"
      RenderTable {TABLE} at (0,746) size 207x17
        RenderTableSection {TBODY} at (0,0) size 207x17
          RenderTableRow {TR} at (0,0) size 207x17
            RenderTableCell {TD} at (0,0) size 207x17 [bgcolor=#B70000] [r=0 c=0 rs=1 cs=1]
              RenderTable {TABLE} at (0,0) size 207x17
                RenderTableSection {TBODY} at (0,0) size 207x17
                  RenderTableRow {TR} at (0,0) size 207x17
                    RenderTableCell {TD} at (0,0) size 13x16 [r=0 c=0 rs=1 cs=1]
                      RenderImage {IMG} at (0,0) size 13x16
                    RenderTableCell {TD} at (13,0) size 190x17 [r=0 c=1 rs=1 cs=1]
                      RenderText {#text} at (0,0) size 162x17
                        text run at (0,0) width 162: "AlphaLinux Distributions"
                    RenderTableCell {TD} at (203,0) size 4x4 [r=0 c=2 rs=1 cs=1]
                      RenderImage {IMG} at (0,0) size 4x4
