layer at (0,0) size 785x1309
  RenderView at (0,0) size 785x600
layer at (0,0) size 785x1309
  RenderBlock {HTML} at (0,0) size 785x1310
    RenderBody {BODY} at (8,8) size 769x1294
      RenderBlock {H1} at (0,0) size 769x36
        RenderText {#text} at (0,0) size 397x36
          text run at (0,0) width 397: "Example 6: Table Stress Test"
      RenderBlock {PRE} at (0,57) size 769x16 [color=#FF0000]
        RenderText {#text} at (0,0) size 272x15
          text run at (0,0) width 272: "Resize document for maximum effect"
      RenderBlock (anonymous) at (0,85) size 769x18
        RenderBR {BR} at (0,0) size 0x17
      RenderBlock {H2} at (0,122) size 769x27
        RenderText {#text} at (0,0) size 501x26
          text run at (0,0) width 501: "Auto-width tables with spans nested 8 levels deep"
      RenderTable {TABLE} at (0,168) size 769x356 [bgcolor=#FF0000] [border: (1px outset #808080)]
        RenderTableSection {TBODY} at (1,1) size 767x353
          RenderTableRow {TR} at (0,2) size 767x21
            RenderTableCell {TD} at (2,2) size 30x21 [border: (1px inset #808080)] [r=0 c=0 rs=1 cs=1]
              RenderText {#text} at (2,2) size 26x17
                text run at (2,2) width 26: "Cell"
            RenderTableCell {TD} at (34,2) size 732x326 [border: (1px inset #808080)] [r=0 c=1 rs=2 cs=2]
              RenderTable {TABLE} at (2,2) size 728x322 [bgcolor=#ADD8E6] [border: (1px outset #808080)]
                RenderTableSection {TBODY} at (1,1) size 726x320
                  RenderTableRow {TR} at (0,2) size 726x21
                    RenderTableCell {TD} at (2,2) size 30x21 [border: (1px inset #808080)] [r=0 c=0 rs=1 cs=1]
                      RenderText {#text} at (2,2) size 26x17
                        text run at (2,2) width 26: "Cell"
                    RenderTableCell {TD} at (34,2) size 690x293 [border: (1px inset #808080)] [r=0 c=1 rs=2 cs=2]
                      RenderTable {TABLE} at (2,2) size 686x289 [bgcolor=#90EE90] [border: (1px outset #808080)]
                        RenderTableSection {TBODY} at (1,1) size 684x287
                          RenderTableRow {TR} at (0,2) size 684x21
                            RenderTableCell {TD} at (2,2) size 30x21 [border: (1px inset #808080)] [r=0 c=0 rs=1 cs=1]
                              RenderText {#text} at (2,2) size 26x17
                                text run at (2,2) width 26: "Cell"
                            RenderTableCell {TD} at (34,2) size 648x260 [border: (1px inset #808080)] [r=0 c=1 rs=2 cs=2]
                              RenderTable {TABLE} at (2,2) size 644x256 [border: (1px outset #808080)]
                                RenderTableSection {TBODY} at (1,1) size 642x254
                                  RenderTableRow {TR} at (0,2) size 642x21
                                    RenderTableCell {TD} at (2,2) size 30x21 [border: (1px inset #808080)] [r=0 c=0 rs=1 cs=1]
                                      RenderText {#text} at (2,2) size 26x17
                                        text run at (2,2) width 26: "Cell"
                                    RenderTableCell {TD} at (34,2) size 606x227 [border: (1px inset #808080)] [r=0 c=1 rs=2 cs=2]
                                      RenderTable {TABLE} at (2,2) size 602x223 [bgcolor=#FFA500] [border: (1px outset #808080)]
                                        RenderTableSection {TBODY} at (1,1) size 600x221
                                          RenderTableRow {TR} at (0,2) size 600x21
                                            RenderTableCell {TD} at (2,2) size 30x21 [border: (1px inset #808080)] [r=0 c=0 rs=1 cs=1]
                                              RenderText {#text} at (2,2) size 26x17
                                                text run at (2,2) width 26: "Cell"
                                            RenderTableCell {TD} at (34,2) size 564x194 [border: (1px inset #808080)] [r=0 c=1 rs=2 cs=2]
                                              RenderTable {TABLE} at (2,2) size 560x190 [bgcolor=#FF0000] [border: (1px outset #808080)]
                                                RenderTableSection {TBODY} at (1,1) size 558x188
                                                  RenderTableRow {TR} at (0,2) size 558x21
                                                    RenderTableCell {TD} at (2,2) size 30x21 [border: (1px inset #808080)] [r=0 c=0 rs=1 cs=1]
                                                      RenderText {#text} at (2,2) size 26x17
                                                        text run at (2,2) width 26: "Cell"
                                                    RenderTableCell {TD} at (34,2) size 522x144 [border: (1px inset #808080)] [r=0 c=1 rs=2 cs=2]
                                                      RenderTable {TABLE} at (2,2) size 518x140 [bgcolor=#ADD8E6] [border: (1px outset #808080)]
                                                        RenderTableSection {TBODY} at (1,1) size 516x138
                                                          RenderTableRow {TR} at (0,2) size 516x21
                                                            RenderTableCell {TD} at (2,2) size 30x21 [border: (1px inset #808080)] [r=0 c=0 rs=1 cs=1]
                                                              RenderText {#text} at (2,2) size 26x17
                                                                text run at (2,2) width 26: "Cell"
                                                            RenderTableCell {TD} at (34,2) size 480x94 [border: (1px inset #808080)] [r=0 c=1 rs=2 cs=2]
                                                              RenderTable {TABLE} at (2,2) size 476x90 [bgcolor=#90EE90] [border: (1px outset #808080)]
                                                                RenderTableSection {TBODY} at (1,1) size 474x88
                                                                  RenderTableRow {TR} at (0,2) size 474x21
                                                                    RenderTableCell {TD} at (2,2) size 30x21 [border: (1px inset #808080)] [r=0 c=0 rs=1 cs=1]
                                                                      RenderText {#text} at (2,2) size 26x17
                                                                        text run at (2,2) width 26: "Cell"
                                                                    RenderTableCell {TD} at (34,5) size 438x38 [border: (1px inset #808080)] [r=0 c=1 rs=2 cs=2]
                                                                      RenderText {#text} at (2,2) size 390x34
                                                                        text run at (2,2) width 390: "Cell, and stuff to test out table cell layout. This should be long"
                                                                        text run at (2,19) width 118: "enough for testing."
                                                                  RenderTableRow {TR} at (0,25) size 474x21
                                                                    RenderTableCell {TD} at (2,25) size 30x21 [border: (1px inset #808080)] [r=1 c=0 rs=1 cs=1]
                                                                      RenderText {#text} at (2,2) size 26x17
                                                                        text run at (2,2) width 26: "Cell"
                                                                  RenderTableRow {TR} at (0,48) size 474x38
                                                                    RenderTableCell {TD} at (2,56) size 30x22 [border: (1px inset #808080)] [r=2 c=0 rs=1 cs=1]
                                                                      RenderText {#text} at (2,2) size 26x18
                                                                        text run at (2,3) width 26: "Cell"
                                                                    RenderTableCell {TD} at (34,48) size 406x38 [border: (1px inset #808080)] [r=2 c=1 rs=1 cs=1]
                                                                      RenderText {#text} at (2,2) size 390x34
                                                                        text run at (2,2) width 390: "Cell, and stuff to test out table cell layout. This should be long"
                                                                        text run at (2,19) width 118: "enough for testing."
                                                                    RenderTableCell {TD} at (441,56) size 31x22 [border: (1px inset #808080)] [r=2 c=2 rs=1 cs=1]
                                                                      RenderText {#text} at (2,2) size 26x18
                                                                        text run at (2,3) width 26: "Cell"
                                                          RenderTableRow {TR} at (0,25) size 516x71
                                                            RenderTableCell {TD} at (2,50) size 30x21 [border: (1px inset #808080)] [r=1 c=0 rs=1 cs=1]
                                                              RenderText {#text} at (2,2) size 26x17
                                                                text run at (2,2) width 26: "Cell"
                                                          RenderTableRow {TR} at (0,98) size 516x38
                                                            RenderTableCell {TD} at (2,106) size 30x22 [border: (1px inset #808080)] [r=2 c=0 rs=1 cs=1]
                                                              RenderText {#text} at (2,2) size 26x18
                                                                text run at (2,3) width 26: "Cell"
                                                            RenderTableCell {TD} at (34,98) size 448x38 [border: (1px inset #808080)] [r=2 c=1 rs=1 cs=1]
                                                              RenderText {#text} at (2,2) size 441x34
                                                                text run at (2,2) width 394: "Cell, and stuff to test out table cell layout. This should be long "
                                                                text run at (396,2) width 47: "enough"
                                                                text run at (2,19) width 67: "for testing."
                                                            RenderTableCell {TD} at (483,106) size 31x22 [border: (1px inset #808080)] [r=2 c=2 rs=1 cs=1]
                                                              RenderText {#text} at (2,2) size 26x18
                                                                text run at (2,3) width 26: "Cell"
                                                  RenderTableRow {TR} at (0,25) size 558x121
                                                    RenderTableCell {TD} at (2,75) size 30x21 [border: (1px inset #808080)] [r=1 c=0 rs=1 cs=1]
                                                      RenderText {#text} at (2,2) size 26x17
                                                        text run at (2,2) width 26: "Cell"
                                                  RenderTableRow {TR} at (0,148) size 558x38
                                                    RenderTableCell {TD} at (2,156) size 30x22 [border: (1px inset #808080)] [r=2 c=0 rs=1 cs=1]
                                                      RenderText {#text} at (2,2) size 26x18
                                                        text run at (2,3) width 26: "Cell"
                                                    RenderTableCell {TD} at (34,148) size 490x38 [border: (1px inset #808080)] [r=2 c=1 rs=1 cs=1]
                                                      RenderText {#text} at (2,2) size 463x34
                                                        text run at (2,2) width 394: "Cell, and stuff to test out table cell layout. This should be long "
                                                        text run at (396,2) width 69: "enough for"
                                                        text run at (2,19) width 45: "testing."
                                                    RenderTableCell {TD} at (525,156) size 31x22 [border: (1px inset #808080)] [r=2 c=2 rs=1 cs=1]
                                                      RenderText {#text} at (2,2) size 26x18
                                                        text run at (2,3) width 26: "Cell"
                                          RenderTableRow {TR} at (0,25) size 600x171
                                            RenderTableCell {TD} at (2,100) size 30x21 [border: (1px inset #808080)] [r=1 c=0 rs=1 cs=1]
                                              RenderText {#text} at (2,2) size 26x17
                                                text run at (2,2) width 26: "Cell"
                                          RenderTableRow {TR} at (0,198) size 600x21
                                            RenderTableCell {TD} at (2,198) size 30x21 [border: (1px inset #808080)] [r=2 c=0 rs=1 cs=1]
                                              RenderText {#text} at (2,2) size 26x17
                                                text run at (2,2) width 26: "Cell"
                                            RenderTableCell {TD} at (34,198) size 531x21 [border: (1px inset #808080)] [r=2 c=1 rs=1 cs=1]
                                              RenderText {#text} at (2,2) size 512x17
                                                text run at (2,2) width 394: "Cell, and stuff to test out table cell layout. This should be long "
                                                text run at (396,2) width 118: "enough for testing."
                                            RenderTableCell {TD} at (566,198) size 32x21 [border: (1px inset #808080)] [r=2 c=2 rs=1 cs=1]
                                              RenderText {#text} at (2,2) size 26x17
                                                text run at (2,2) width 26: "Cell"
                                  RenderTableRow {TR} at (0,25) size 642x204
                                    RenderTableCell {TD} at (2,116) size 30x22 [border: (1px inset #808080)] [r=1 c=0 rs=1 cs=1]
                                      RenderText {#text} at (2,2) size 26x18
                                        text run at (2,3) width 26: "Cell"
                                  RenderTableRow {TR} at (0,231) size 642x21
                                    RenderTableCell {TD} at (2,231) size 30x21 [border: (1px inset #808080)] [r=2 c=0 rs=1 cs=1]
                                      RenderText {#text} at (2,2) size 26x17
                                        text run at (2,2) width 26: "Cell"
                                    RenderTableCell {TD} at (34,231) size 570x21 [border: (1px inset #808080)] [r=2 c=1 rs=1 cs=1]
                                      RenderText {#text} at (2,2) size 512x17
                                        text run at (2,2) width 394: "Cell, and stuff to test out table cell layout. This should be long "
                                        text run at (396,2) width 118: "enough for testing."
                                    RenderTableCell {TD} at (605,231) size 35x21 [border: (1px inset #808080)] [r=2 c=2 rs=1 cs=1]
                                      RenderText {#text} at (2,2) size 26x17
                                        text run at (2,2) width 26: "Cell"
                          RenderTableRow {TR} at (0,25) size 684x237
                            RenderTableCell {TD} at (2,133) size 30x21 [border: (1px inset #808080)] [r=1 c=0 rs=1 cs=1]
                              RenderText {#text} at (2,2) size 26x17
                                text run at (2,2) width 26: "Cell"
                          RenderTableRow {TR} at (0,264) size 684x21
                            RenderTableCell {TD} at (2,264) size 30x21 [border: (1px inset #808080)] [r=2 c=0 rs=1 cs=1]
                              RenderText {#text} at (2,2) size 26x17
                                text run at (2,2) width 26: "Cell"
                            RenderTableCell {TD} at (34,264) size 610x21 [border: (1px inset #808080)] [r=2 c=1 rs=1 cs=1]
                              RenderText {#text} at (2,2) size 512x17
                                text run at (2,2) width 394: "Cell, and stuff to test out table cell layout. This should be long "
                                text run at (396,2) width 118: "enough for testing."
                            RenderTableCell {TD} at (645,264) size 37x21 [border: (1px inset #808080)] [r=2 c=2 rs=1 cs=1]
                              RenderText {#text} at (2,2) size 26x17
                                text run at (2,2) width 26: "Cell"
                  RenderTableRow {TR} at (0,25) size 726x270
                    RenderTableCell {TD} at (2,149) size 30x22 [border: (1px inset #808080)] [r=1 c=0 rs=1 cs=1]
                      RenderText {#text} at (2,2) size 26x18
                        text run at (2,3) width 26: "Cell"
                  RenderTableRow {TR} at (0,297) size 726x21
                    RenderTableCell {TD} at (2,297) size 30x21 [border: (1px inset #808080)] [r=2 c=0 rs=1 cs=1]
                      RenderText {#text} at (2,2) size 26x17
                        text run at (2,2) width 26: "Cell"
                    RenderTableCell {TD} at (34,297) size 650x21 [border: (1px inset #808080)] [r=2 c=1 rs=1 cs=1]
                      RenderText {#text} at (2,2) size 512x17
                        text run at (2,2) width 394: "Cell, and stuff to test out table cell layout. This should be long "
                        text run at (396,2) width 118: "enough for testing."
                    RenderTableCell {TD} at (685,297) size 39x21 [border: (1px inset #808080)] [r=2 c=2 rs=1 cs=1]
                      RenderText {#text} at (2,2) size 26x17
                        text run at (2,2) width 26: "Cell"
          RenderTableRow {TR} at (0,25) size 767x303
            RenderTableCell {TD} at (2,166) size 30x21 [border: (1px inset #808080)] [r=1 c=0 rs=1 cs=1]
              RenderText {#text} at (2,2) size 26x17
                text run at (2,2) width 26: "Cell"
          RenderTableRow {TR} at (0,330) size 767x21
            RenderTableCell {TD} at (2,330) size 30x21 [border: (1px inset #808080)] [r=2 c=0 rs=1 cs=1]
              RenderText {#text} at (2,2) size 26x17
                text run at (2,2) width 26: "Cell"
            RenderTableCell {TD} at (34,330) size 689x21 [border: (1px inset #808080)] [r=2 c=1 rs=1 cs=1]
              RenderText {#text} at (2,2) size 512x17
                text run at (2,2) width 394: "Cell, and stuff to test out table cell layout. This should be long "
                text run at (396,2) width 118: "enough for testing."
            RenderTableCell {TD} at (724,330) size 42x21 [border: (1px inset #808080)] [r=2 c=2 rs=1 cs=1]
              RenderText {#text} at (2,2) size 26x17
                text run at (2,2) width 26: "Cell"
      RenderBlock (anonymous) at (0,523) size 769x18
        RenderBR {BR} at (0,0) size 0x17
      RenderBlock {H2} at (0,560) size 769x27
        RenderText {#text} at (0,0) size 396x26
          text run at (0,0) width 396: "100% width tables nested 6 levels deep"
      RenderTable {TABLE} at (0,606) size 769x688 [bgcolor=#FFFF00] [border: (1px outset #808080)]
        RenderTableSection {TBODY} at (1,1) size 767x685
          RenderTableRow {TR} at (0,2) size 767x21
            RenderTableCell {TD} at (2,2) size 612x21 [border: (1px inset #808080)] [r=0 c=0 rs=1 cs=1]
              RenderText {#text} at (2,2) size 53x17
                text run at (2,2) width 53: "Cell one"
            RenderTableCell {TD} at (615,2) size 75x21 [border: (1px inset #808080)] [r=0 c=1 rs=1 cs=1]
              RenderText {#text} at (2,2) size 34x17
                text run at (2,2) width 34: "Cell2"
            RenderTableCell {TD} at (691,2) size 75x21 [border: (1px inset #808080)] [r=0 c=2 rs=1 cs=1]
              RenderText {#text} at (2,2) size 38x17
                text run at (2,2) width 38: "Cell 3"
          RenderTableRow {TR} at (0,25) size 767x21
            RenderTableCell {TD} at (2,25) size 612x21 [border: (1px inset #808080)] [r=1 c=0 rs=1 cs=1]
              RenderText {#text} at (2,2) size 38x17
                text run at (2,2) width 38: "Cell 4"
            RenderTableCell {TD} at (615,25) size 75x21 [border: (1px inset #808080)] [r=1 c=1 rs=1 cs=1]
              RenderText {#text} at (2,2) size 38x17
                text run at (2,2) width 38: "Cell 5"
            RenderTableCell {TD} at (691,25) size 75x21 [border: (1px inset #808080)] [r=1 c=2 rs=1 cs=1]
              RenderText {#text} at (2,2) size 38x17
                text run at (2,2) width 38: "Cell 6"
          RenderTableRow {TR} at (0,48) size 767x635
            RenderTableCell {TD} at (2,48) size 612x635 [border: (1px inset #808080)] [r=2 c=0 rs=1 cs=1]
              RenderTable {TABLE} at (2,2) size 608x614 [bgcolor=#D3D3D3]
                RenderTableSection {TBODY} at (0,0) size 608x614
                  RenderTableRow {TR} at (0,2) size 608x19
                    RenderTableCell {TD} at (2,2) size 18x19 [r=0 c=0 rs=1 cs=1]
                      RenderText {#text} at (1,1) size 8x17
                        text run at (1,1) width 8: "1"
                    RenderTableCell {TD} at (21,2) size 565x19 [r=0 c=1 rs=1 cs=1]
                      RenderText {#text} at (1,1) size 8x17
                        text run at (1,1) width 8: "2"
                    RenderTableCell {TD} at (587,2) size 19x19 [r=0 c=2 rs=1 cs=1]
                      RenderText {#text} at (1,1) size 8x17
                        text run at (1,1) width 8: "3"
                  RenderTableRow {TR} at (0,23) size 608x568
                    RenderTableCell {TD} at (2,297) size 18x20 [r=1 c=0 rs=1 cs=1]
                      RenderText {#text} at (1,1) size 8x18
                        text run at (1,2) width 8: "4"
                    RenderTableCell {TD} at (21,23) size 565x568 [r=1 c=1 rs=1 cs=1]
                      RenderTable {TABLE} at (1,1) size 562x549 [bgcolor=#ADD8E6] [border: (1px outset #808080)]
                        RenderTableSection {TBODY} at (1,1) size 560x547
                          RenderTableRow {TR} at (0,2) size 560x497
                            RenderTableCell {TD} at (2,240) size 22x21 [border: (1px inset #808080)] [r=0 c=0 rs=1 cs=1]
                              RenderText {#text} at (2,2) size 8x17
                                text run at (2,2) width 8: "1"
                            RenderTableCell {TD} at (25,2) size 509x497 [border: (1px inset #808080)] [r=0 c=1 rs=1 cs=1]
                              RenderTable {TABLE} at (2,2) size 505x476 [bgcolor=#FF0000] [border: (1px outset #808080)]
                                RenderTableSection {TBODY} at (1,1) size 503x474
                                  RenderTableRow {TR} at (0,2) size 503x21
                                    RenderTableCell {TD} at (2,2) size 23x21 [border: (1px inset #808080)] [r=0 c=0 rs=1 cs=1]
                                      RenderText {#text} at (2,2) size 8x17
                                        text run at (2,2) width 8: "1"
                                    RenderTableCell {TD} at (26,2) size 23x21 [border: (1px inset #808080)] [r=0 c=1 rs=1 cs=1]
                                      RenderText {#text} at (2,2) size 8x17
                                        text run at (2,2) width 8: "2"
                                    RenderTableCell {TD} at (50,2) size 402x21 [border: (1px inset #808080)] [r=0 c=2 rs=1 cs=1]
                                      RenderText {#text} at (2,2) size 8x17
                                        text run at (2,2) width 8: "3"
                                    RenderTableCell {TD} at (453,2) size 23x21 [border: (1px inset #808080)] [r=0 c=3 rs=1 cs=1]
                                      RenderText {#text} at (2,2) size 8x17
                                        text run at (2,2) width 8: "4"
                                    RenderTableCell {TD} at (477,2) size 24x21 [border: (1px inset #808080)] [r=0 c=4 rs=1 cs=1]
                                      RenderText {#text} at (2,2) size 8x17
                                        text run at (2,2) width 8: "5"
                                  RenderTableRow {TR} at (0,25) size 503x378
                                    RenderTableCell {TD} at (2,203) size 23x22 [border: (1px inset #808080)] [r=1 c=0 rs=1 cs=1]
                                      RenderText {#text} at (2,2) size 8x18
                                        text run at (2,3) width 8: "6"
                                    RenderTableCell {TD} at (26,203) size 23x22 [border: (1px inset #808080)] [r=1 c=1 rs=1 cs=1]
                                      RenderText {#text} at (2,2) size 8x18
                                        text run at (2,3) width 8: "7"
                                    RenderTableCell {TD} at (50,25) size 402x378 [border: (1px inset #808080)] [r=1 c=2 rs=1 cs=1]
                                      RenderTable {TABLE} at (2,2) size 397x357 [bgcolor=#008000] [border: (1px outset #808080)]
                                        RenderTableSection {TBODY} at (1,1) size 395x355
                                          RenderTableRow {TR} at (0,2) size 395x21
                                            RenderTableCell {TD} at (2,2) size 24x21 [border: (1px inset #808080)] [r=0 c=0 rs=1 cs=1]
                                              RenderText {#text} at (2,2) size 7x17
                                                text run at (2,2) width 7: "a"
                                            RenderTableCell {TD} at (27,2) size 24x21 [border: (1px inset #808080)] [r=0 c=1 rs=1 cs=1]
                                              RenderText {#text} at (2,2) size 8x17
                                                text run at (2,2) width 8: "b"
                                            RenderTableCell {TD} at (52,2) size 290x21 [border: (1px inset #808080)] [r=0 c=2 rs=1 cs=1]
                                              RenderText {#text} at (2,2) size 7x17
                                                text run at (2,2) width 7: "c"
                                            RenderTableCell {TD} at (343,2) size 25x21 [border: (1px inset #808080)] [r=0 c=3 rs=1 cs=1]
                                              RenderText {#text} at (2,2) size 8x17
                                                text run at (2,2) width 8: "d"
                                            RenderTableCell {TD} at (369,2) size 24x21 [border: (1px inset #808080)] [r=0 c=4 rs=1 cs=1]
                                              RenderText {#text} at (2,2) size 7x17
                                                text run at (2,2) width 7: "e"
                                          RenderTableRow {TR} at (0,25) size 395x21
                                            RenderTableCell {TD} at (2,25) size 24x21 [border: (1px inset #808080)] [r=1 c=0 rs=1 cs=1]
                                              RenderText {#text} at (2,2) size 5x17
                                                text run at (2,2) width 5: "f"
                                            RenderTableCell {TD} at (27,25) size 24x21 [border: (1px inset #808080)] [r=1 c=1 rs=1 cs=1]
                                              RenderText {#text} at (2,2) size 8x17
                                                text run at (2,2) width 8: "g"
                                            RenderTableCell {TD} at (52,25) size 290x21 [border: (1px inset #808080)] [r=1 c=2 rs=1 cs=1]
                                              RenderText {#text} at (2,2) size 8x17
                                                text run at (2,2) width 8: "h"
                                            RenderTableCell {TD} at (343,25) size 25x21 [border: (1px inset #808080)] [r=1 c=3 rs=1 cs=1]
                                              RenderText {#text} at (2,2) size 4x17
                                                text run at (2,2) width 4: "i"
                                            RenderTableCell {TD} at (369,25) size 24x21 [border: (1px inset #808080)] [r=1 c=4 rs=1 cs=1]
                                              RenderText {#text} at (2,2) size 4x17
                                                text run at (2,2) width 4: "j"
                                          RenderTableRow {TR} at (0,48) size 395x259
                                            RenderTableCell {TD} at (2,167) size 24x21 [border: (1px inset #808080)] [r=2 c=0 rs=1 cs=1]
                                              RenderText {#text} at (2,2) size 8x17
                                                text run at (2,2) width 8: "k"
                                            RenderTableCell {TD} at (27,167) size 24x21 [border: (1px inset #808080)] [r=2 c=1 rs=1 cs=1]
                                              RenderText {#text} at (2,2) size 4x17
                                                text run at (2,2) width 4: "l"
                                            RenderTableCell {TD} at (52,48) size 290x259 [border: (1px inset #808080)] [r=2 c=2 rs=1 cs=1]
                                              RenderTable {TABLE} at (2,2) size 285x238 [bgcolor=#800080] [border: (1px outset #808080)]
                                                RenderTableSection {TBODY} at (1,1) size 283x236
                                                  RenderTableRow {TR} at (0,2) size 283x21
                                                    RenderTableCell {TD} at (2,2) size 25x21 [border: (1px inset #808080)] [r=0 c=0 rs=1 cs=1]
                                                      RenderText {#text} at (2,2) size 7x17
                                                        text run at (2,2) width 7: "a"
                                                    RenderTableCell {TD} at (29,2) size 25x21 [border: (1px inset #808080)] [r=0 c=1 rs=1 cs=1]
                                                      RenderText {#text} at (2,2) size 8x17
                                                        text run at (2,2) width 8: "b"
                                                    RenderTableCell {TD} at (56,2) size 171x21 [border: (1px inset #808080)] [r=0 c=2 rs=1 cs=1]
                                                      RenderText {#text} at (2,2) size 7x17
                                                        text run at (2,2) width 7: "c"
                                                    RenderTableCell {TD} at (228,2) size 26x21 [border: (1px inset #808080)] [r=0 c=3 rs=1 cs=1]
                                                      RenderText {#text} at (2,2) size 8x17
                                                        text run at (2,2) width 8: "d"
                                                    RenderTableCell {TD} at (255,2) size 26x21 [border: (1px inset #808080)] [r=0 c=4 rs=1 cs=1]
                                                      RenderText {#text} at (2,2) size 7x17
                                                        text run at (2,2) width 7: "e"
                                                  RenderTableRow {TR} at (0,25) size 283x21
                                                    RenderTableCell {TD} at (2,25) size 25x21 [border: (1px inset #808080)] [r=1 c=0 rs=1 cs=1]
                                                      RenderText {#text} at (2,2) size 5x17
                                                        text run at (2,2) width 5: "f"
                                                    RenderTableCell {TD} at (29,25) size 25x21 [border: (1px inset #808080)] [r=1 c=1 rs=1 cs=1]
                                                      RenderText {#text} at (2,2) size 8x17
                                                        text run at (2,2) width 8: "g"
                                                    RenderTableCell {TD} at (56,25) size 171x21 [border: (1px inset #808080)] [r=1 c=2 rs=1 cs=1]
                                                      RenderText {#text} at (2,2) size 8x17
                                                        text run at (2,2) width 8: "h"
                                                    RenderTableCell {TD} at (228,25) size 26x21 [border: (1px inset #808080)] [r=1 c=3 rs=1 cs=1]
                                                      RenderText {#text} at (2,2) size 4x17
                                                        text run at (2,2) width 4: "i"
                                                    RenderTableCell {TD} at (255,25) size 26x21 [border: (1px inset #808080)] [r=1 c=4 rs=1 cs=1]
                                                      RenderText {#text} at (2,2) size 4x17
                                                        text run at (2,2) width 4: "j"
                                                  RenderTableRow {TR} at (0,48) size 283x140
                                                    RenderTableCell {TD} at (2,107) size 25x22 [border: (1px inset #808080)] [r=2 c=0 rs=1 cs=1]
                                                      RenderText {#text} at (2,2) size 8x18
                                                        text run at (2,3) width 8: "k"
                                                    RenderTableCell {TD} at (29,107) size 25x22 [border: (1px inset #808080)] [r=2 c=1 rs=1 cs=1]
                                                      RenderText {#text} at (2,2) size 4x18
                                                        text run at (2,3) width 4: "l"
                                                    RenderTableCell {TD} at (56,48) size 171x140 [border: (1px inset #808080)] [r=2 c=2 rs=1 cs=1]
                                                      RenderTable {TABLE} at (2,2) size 167x119 [bgcolor=#FFA500] [border: (1px outset #808080)]
                                                        RenderTableSection {TBODY} at (1,1) size 165x117
                                                          RenderTableRow {TR} at (0,2) size 165x21
                                                            RenderTableCell {TD} at (2,2) size 29x21 [border: (1px inset #808080)] [r=0 c=0 rs=1 cs=1]
                                                              RenderText {#text} at (2,2) size 7x17
                                                                text run at (2,2) width 7: "a"
                                                            RenderTableCell {TD} at (32,2) size 30x21 [border: (1px inset #808080)] [r=0 c=1 rs=1 cs=1]
                                                              RenderText {#text} at (2,2) size 8x17
                                                                text run at (2,2) width 8: "b"
                                                            RenderTableCell {TD} at (63,2) size 39x21 [border: (1px inset #808080)] [r=0 c=2 rs=1 cs=1]
                                                              RenderText {#text} at (2,2) size 7x17
                                                                text run at (2,2) width 7: "c"
                                                            RenderTableCell {TD} at (103,2) size 30x21 [border: (1px inset #808080)] [r=0 c=3 rs=1 cs=1]
                                                              RenderText {#text} at (2,2) size 8x17
                                                                text run at (2,2) width 8: "d"
                                                            RenderTableCell {TD} at (134,2) size 29x21 [border: (1px inset #808080)] [r=0 c=4 rs=1 cs=1]
                                                              RenderText {#text} at (2,2) size 7x17
                                                                text run at (2,2) width 7: "e"
                                                          RenderTableRow {TR} at (0,25) size 165x21
                                                            RenderTableCell {TD} at (2,25) size 29x21 [border: (1px inset #808080)] [r=1 c=0 rs=1 cs=1]
                                                              RenderText {#text} at (2,2) size 5x17
                                                                text run at (2,2) width 5: "f"
                                                            RenderTableCell {TD} at (32,25) size 30x21 [border: (1px inset #808080)] [r=1 c=1 rs=1 cs=1]
                                                              RenderText {#text} at (2,2) size 8x17
                                                                text run at (2,2) width 8: "g"
                                                            RenderTableCell {TD} at (63,25) size 39x21 [border: (1px inset #808080)] [r=1 c=2 rs=1 cs=1]
                                                              RenderText {#text} at (2,2) size 8x17
                                                                text run at (2,2) width 8: "h"
                                                            RenderTableCell {TD} at (103,25) size 30x21 [border: (1px inset #808080)] [r=1 c=3 rs=1 cs=1]
                                                              RenderText {#text} at (2,2) size 4x17
                                                                text run at (2,2) width 4: "i"
                                                            RenderTableCell {TD} at (134,25) size 29x21 [border: (1px inset #808080)] [r=1 c=4 rs=1 cs=1]
                                                              RenderText {#text} at (2,2) size 4x17
                                                                text run at (2,2) width 4: "j"
                                                          RenderTableRow {TR} at (0,48) size 165x21
                                                            RenderTableCell {TD} at (2,48) size 29x21 [border: (1px inset #808080)] [r=2 c=0 rs=1 cs=1]
                                                              RenderText {#text} at (2,2) size 8x17
                                                                text run at (2,2) width 8: "k"
                                                            RenderTableCell {TD} at (32,48) size 30x21 [border: (1px inset #808080)] [r=2 c=1 rs=1 cs=1]
                                                              RenderText {#text} at (2,2) size 4x17
                                                                text run at (2,2) width 4: "l"
                                                            RenderTableCell {TD} at (63,48) size 39x21 [border: (1px inset #808080)] [r=2 c=2 rs=1 cs=1]
                                                              RenderText {#text} at (2,2) size 12x17
                                                                text run at (2,2) width 12: "m"
                                                            RenderTableCell {TD} at (103,48) size 30x21 [border: (1px inset #808080)] [r=2 c=3 rs=1 cs=1]
                                                              RenderText {#text} at (2,2) size 8x17
                                                                text run at (2,2) width 8: "n"
                                                            RenderTableCell {TD} at (134,48) size 29x21 [border: (1px inset #808080)] [r=2 c=4 rs=1 cs=1]
                                                              RenderText {#text} at (2,2) size 8x17
                                                                text run at (2,2) width 8: "o"
                                                          RenderTableRow {TR} at (0,71) size 165x21
                                                            RenderTableCell {TD} at (2,71) size 29x21 [border: (1px inset #808080)] [r=3 c=0 rs=1 cs=1]
                                                              RenderText {#text} at (2,2) size 8x17
                                                                text run at (2,2) width 8: "p"
                                                            RenderTableCell {TD} at (32,71) size 30x21 [border: (1px inset #808080)] [r=3 c=1 rs=1 cs=1]
                                                              RenderText {#text} at (2,2) size 8x17
                                                                text run at (2,2) width 8: "q"
                                                            RenderTableCell {TD} at (63,71) size 39x21 [border: (1px inset #808080)] [r=3 c=2 rs=1 cs=1]
                                                              RenderText {#text} at (2,2) size 5x17
                                                                text run at (2,2) width 5: "r"
                                                            RenderTableCell {TD} at (103,71) size 30x21 [border: (1px inset #808080)] [r=3 c=3 rs=1 cs=1]
                                                              RenderText {#text} at (2,2) size 6x17
                                                                text run at (2,2) width 6: "s"
                                                            RenderTableCell {TD} at (134,71) size 29x21 [border: (1px inset #808080)] [r=3 c=4 rs=1 cs=1]
                                                              RenderText {#text} at (2,2) size 4x17
                                                                text run at (2,2) width 4: "t"
                                                          RenderTableRow {TR} at (0,94) size 165x21
                                                            RenderTableCell {TD} at (2,94) size 29x21 [border: (1px inset #808080)] [r=4 c=0 rs=1 cs=1]
                                                              RenderText {#text} at (2,2) size 8x17
                                                                text run at (2,2) width 8: "u"
                                                            RenderTableCell {TD} at (32,94) size 30x21 [border: (1px inset #808080)] [r=4 c=1 rs=1 cs=1]
                                                              RenderText {#text} at (2,2) size 8x17
                                                                text run at (2,2) width 8: "v"
                                                            RenderTableCell {TD} at (63,94) size 39x21 [border: (1px inset #808080)] [r=4 c=2 rs=1 cs=1]
                                                              RenderText {#text} at (2,2) size 12x17
                                                                text run at (2,2) width 12: "w"
                                                            RenderTableCell {TD} at (103,94) size 30x21 [border: (1px inset #808080)] [r=4 c=3 rs=1 cs=1]
                                                              RenderText {#text} at (2,2) size 8x17
                                                                text run at (2,2) width 8: "x"
                                                            RenderTableCell {TD} at (134,94) size 29x21 [border: (1px inset #808080)] [r=4 c=4 rs=1 cs=1]
                                                              RenderText {#text} at (2,2) size 8x17
                                                                text run at (2,2) width 8: "y"
                                                      RenderBlock (anonymous) at (2,121) size 167x17
                                                        RenderText {#text} at (0,0) size 4x17
                                                          text run at (0,0) width 4: " "
                                                    RenderTableCell {TD} at (228,107) size 26x22 [border: (1px inset #808080)] [r=2 c=3 rs=1 cs=1]
                                                      RenderText {#text} at (2,2) size 8x18
                                                        text run at (2,3) width 8: "n"
                                                    RenderTableCell {TD} at (255,107) size 26x22 [border: (1px inset #808080)] [r=2 c=4 rs=1 cs=1]
                                                      RenderText {#text} at (2,2) size 8x18
                                                        text run at (2,3) width 8: "o"
                                                  RenderTableRow {TR} at (0,190) size 283x21
                                                    RenderTableCell {TD} at (2,190) size 25x21 [border: (1px inset #808080)] [r=3 c=0 rs=1 cs=1]
                                                      RenderText {#text} at (2,2) size 8x17
                                                        text run at (2,2) width 8: "p"
                                                    RenderTableCell {TD} at (29,190) size 25x21 [border: (1px inset #808080)] [r=3 c=1 rs=1 cs=1]
                                                      RenderText {#text} at (2,2) size 8x17
                                                        text run at (2,2) width 8: "q"
                                                    RenderTableCell {TD} at (56,190) size 171x21 [border: (1px inset #808080)] [r=3 c=2 rs=1 cs=1]
                                                      RenderText {#text} at (2,2) size 5x17
                                                        text run at (2,2) width 5: "r"
                                                    RenderTableCell {TD} at (228,190) size 26x21 [border: (1px inset #808080)] [r=3 c=3 rs=1 cs=1]
                                                      RenderText {#text} at (2,2) size 6x17
                                                        text run at (2,2) width 6: "s"
                                                    RenderTableCell {TD} at (255,190) size 26x21 [border: (1px inset #808080)] [r=3 c=4 rs=1 cs=1]
                                                      RenderText {#text} at (2,2) size 4x17
                                                        text run at (2,2) width 4: "t"
                                                  RenderTableRow {TR} at (0,213) size 283x21
                                                    RenderTableCell {TD} at (2,213) size 25x21 [border: (1px inset #808080)] [r=4 c=0 rs=1 cs=1]
                                                      RenderText {#text} at (2,2) size 8x17
                                                        text run at (2,2) width 8: "u"
                                                    RenderTableCell {TD} at (29,213) size 25x21 [border: (1px inset #808080)] [r=4 c=1 rs=1 cs=1]
                                                      RenderText {#text} at (2,2) size 8x17
                                                        text run at (2,2) width 8: "v"
                                                    RenderTableCell {TD} at (56,213) size 171x21 [border: (1px inset #808080)] [r=4 c=2 rs=1 cs=1]
                                                      RenderText {#text} at (2,2) size 12x17
                                                        text run at (2,2) width 12: "w"
                                                    RenderTableCell {TD} at (228,213) size 26x21 [border: (1px inset #808080)] [r=4 c=3 rs=1 cs=1]
                                                      RenderText {#text} at (2,2) size 8x17
                                                        text run at (2,2) width 8: "x"
                                                    RenderTableCell {TD} at (255,213) size 26x21 [border: (1px inset #808080)] [r=4 c=4 rs=1 cs=1]
                                                      RenderText {#text} at (2,2) size 8x17
                                                        text run at (2,2) width 8: "y"
                                              RenderBlock (anonymous) at (2,240) size 285x17
                                                RenderText {#text} at (0,0) size 4x17
                                                  text run at (0,0) width 4: " "
                                            RenderTableCell {TD} at (343,167) size 25x21 [border: (1px inset #808080)] [r=2 c=3 rs=1 cs=1]
                                              RenderText {#text} at (2,2) size 8x17
                                                text run at (2,2) width 8: "n"
                                            RenderTableCell {TD} at (369,167) size 24x21 [border: (1px inset #808080)] [r=2 c=4 rs=1 cs=1]
                                              RenderText {#text} at (2,2) size 8x17
                                                text run at (2,2) width 8: "o"
                                          RenderTableRow {TR} at (0,309) size 395x21
                                            RenderTableCell {TD} at (2,309) size 24x21 [border: (1px inset #808080)] [r=3 c=0 rs=1 cs=1]
                                              RenderText {#text} at (2,2) size 8x17
                                                text run at (2,2) width 8: "p"
                                            RenderTableCell {TD} at (27,309) size 24x21 [border: (1px inset #808080)] [r=3 c=1 rs=1 cs=1]
                                              RenderText {#text} at (2,2) size 8x17
                                                text run at (2,2) width 8: "q"
                                            RenderTableCell {TD} at (52,309) size 290x21 [border: (1px inset #808080)] [r=3 c=2 rs=1 cs=1]
                                              RenderText {#text} at (2,2) size 5x17
                                                text run at (2,2) width 5: "r"
                                            RenderTableCell {TD} at (343,309) size 25x21 [border: (1px inset #808080)] [r=3 c=3 rs=1 cs=1]
                                              RenderText {#text} at (2,2) size 6x17
                                                text run at (2,2) width 6: "s"
                                            RenderTableCell {TD} at (369,309) size 24x21 [border: (1px inset #808080)] [r=3 c=4 rs=1 cs=1]
                                              RenderText {#text} at (2,2) size 4x17
                                                text run at (2,2) width 4: "t"
                                          RenderTableRow {TR} at (0,332) size 395x21
                                            RenderTableCell {TD} at (2,332) size 24x21 [border: (1px inset #808080)] [r=4 c=0 rs=1 cs=1]
                                              RenderText {#text} at (2,2) size 8x17
                                                text run at (2,2) width 8: "u"
                                            RenderTableCell {TD} at (27,332) size 24x21 [border: (1px inset #808080)] [r=4 c=1 rs=1 cs=1]
                                              RenderText {#text} at (2,2) size 8x17
                                                text run at (2,2) width 8: "v"
                                            RenderTableCell {TD} at (52,332) size 290x21 [border: (1px inset #808080)] [r=4 c=2 rs=1 cs=1]
                                              RenderText {#text} at (2,2) size 12x17
                                                text run at (2,2) width 12: "w"
                                            RenderTableCell {TD} at (343,332) size 25x21 [border: (1px inset #808080)] [r=4 c=3 rs=1 cs=1]
                                              RenderText {#text} at (2,2) size 8x17
                                                text run at (2,2) width 8: "x"
                                            RenderTableCell {TD} at (369,332) size 24x21 [border: (1px inset #808080)] [r=4 c=4 rs=1 cs=1]
                                              RenderText {#text} at (2,2) size 8x17
                                                text run at (2,2) width 8: "y"
                                      RenderBlock (anonymous) at (2,359) size 397x17
                                        RenderText {#text} at (0,0) size 4x17
                                          text run at (0,0) width 4: " "
                                    RenderTableCell {TD} at (453,203) size 23x22 [border: (1px inset #808080)] [r=1 c=3 rs=1 cs=1]
                                      RenderText {#text} at (2,2) size 8x18
                                        text run at (2,3) width 8: "9"
                                    RenderTableCell {TD} at (477,203) size 24x22 [border: (1px inset #808080)] [r=1 c=4 rs=1 cs=1]
                                      RenderText {#text} at (2,2) size 8x18
                                        text run at (2,3) width 8: "0"
                                  RenderTableRow {TR} at (0,405) size 503x21
                                    RenderTableCell {TD} at (2,405) size 23x21 [border: (1px inset #808080)] [r=2 c=0 rs=1 cs=1]
                                      RenderText {#text} at (2,2) size 7x17
                                        text run at (2,2) width 7: "a"
                                    RenderTableCell {TD} at (26,405) size 23x21 [border: (1px inset #808080)] [r=2 c=1 rs=1 cs=1]
                                      RenderText {#text} at (2,2) size 8x17
                                        text run at (2,2) width 8: "b"
                                    RenderTableCell {TD} at (50,405) size 402x21 [border: (1px inset #808080)] [r=2 c=2 rs=1 cs=1]
                                      RenderText {#text} at (2,2) size 7x17
                                        text run at (2,2) width 7: "c"
                                    RenderTableCell {TD} at (453,405) size 23x21 [border: (1px inset #808080)] [r=2 c=3 rs=1 cs=1]
                                      RenderText {#text} at (2,2) size 8x17
                                        text run at (2,2) width 8: "d"
                                    RenderTableCell {TD} at (477,405) size 24x21 [border: (1px inset #808080)] [r=2 c=4 rs=1 cs=1]
                                      RenderText {#text} at (2,2) size 7x17
                                        text run at (2,2) width 7: "e"
                                  RenderTableRow {TR} at (0,428) size 503x21
                                    RenderTableCell {TD} at (2,428) size 23x21 [border: (1px inset #808080)] [r=3 c=0 rs=1 cs=1]
                                      RenderText {#text} at (2,2) size 5x17
                                        text run at (2,2) width 5: "f"
                                    RenderTableCell {TD} at (26,428) size 23x21 [border: (1px inset #808080)] [r=3 c=1 rs=1 cs=1]
                                      RenderText {#text} at (2,2) size 8x17
                                        text run at (2,2) width 8: "g"
                                    RenderTableCell {TD} at (50,428) size 402x21 [border: (1px inset #808080)] [r=3 c=2 rs=1 cs=1]
                                      RenderText {#text} at (2,2) size 8x17
                                        text run at (2,2) width 8: "h"
                                    RenderTableCell {TD} at (453,428) size 23x21 [border: (1px inset #808080)] [r=3 c=3 rs=1 cs=1]
                                      RenderText {#text} at (2,2) size 4x17
                                        text run at (2,2) width 4: "i"
                                    RenderTableCell {TD} at (477,428) size 24x21 [border: (1px inset #808080)] [r=3 c=4 rs=1 cs=1]
                                      RenderText {#text} at (2,2) size 4x17
                                        text run at (2,2) width 4: "j"
                                  RenderTableRow {TR} at (0,451) size 503x21
                                    RenderTableCell {TD} at (2,451) size 23x21 [border: (1px inset #808080)] [r=4 c=0 rs=1 cs=1]
                                      RenderText {#text} at (2,2) size 8x17
                                        text run at (2,2) width 8: "k"
                                    RenderTableCell {TD} at (26,451) size 23x21 [border: (1px inset #808080)] [r=4 c=1 rs=1 cs=1]
                                      RenderText {#text} at (2,2) size 4x17
                                        text run at (2,2) width 4: "l"
                                    RenderTableCell {TD} at (50,451) size 402x21 [border: (1px inset #808080)] [r=4 c=2 rs=1 cs=1]
                                      RenderText {#text} at (2,2) size 12x17
                                        text run at (2,2) width 12: "m"
                                    RenderTableCell {TD} at (453,451) size 23x21 [border: (1px inset #808080)] [r=4 c=3 rs=1 cs=1]
                                      RenderText {#text} at (2,2) size 8x17
                                        text run at (2,2) width 8: "n"
                                    RenderTableCell {TD} at (477,451) size 24x21 [border: (1px inset #808080)] [r=4 c=4 rs=1 cs=1]
                                      RenderText {#text} at (2,2) size 8x17
                                        text run at (2,2) width 8: "o"
                              RenderBlock (anonymous) at (2,478) size 505x17
                                RenderText {#text} at (0,0) size 4x17
                                  text run at (0,0) width 4: " "
                            RenderTableCell {TD} at (535,240) size 23x21 [border: (1px inset #808080)] [r=0 c=2 rs=1 cs=1]
                              RenderText {#text} at (2,2) size 8x17
                                text run at (2,2) width 8: "3"
                          RenderTableRow {TR} at (0,501) size 560x21
                            RenderTableCell {TD} at (2,501) size 22x21 [border: (1px inset #808080)] [r=1 c=0 rs=1 cs=1]
                              RenderText {#text} at (2,2) size 8x17
                                text run at (2,2) width 8: "4"
                            RenderTableCell {TD} at (25,501) size 509x21 [border: (1px inset #808080)] [r=1 c=1 rs=1 cs=1]
                              RenderText {#text} at (2,2) size 8x17
                                text run at (2,2) width 8: "5"
                            RenderTableCell {TD} at (535,501) size 23x21 [border: (1px inset #808080)] [r=1 c=2 rs=1 cs=1]
                              RenderText {#text} at (2,2) size 8x17
                                text run at (2,2) width 8: "6"
                          RenderTableRow {TR} at (0,524) size 560x21
                            RenderTableCell {TD} at (2,524) size 22x21 [border: (1px inset #808080)] [r=2 c=0 rs=1 cs=1]
                              RenderText {#text} at (2,2) size 8x17
                                text run at (2,2) width 8: "7"
                            RenderTableCell {TD} at (25,524) size 509x21 [border: (1px inset #808080)] [r=2 c=1 rs=1 cs=1]
                              RenderText {#text} at (2,2) size 8x17
                                text run at (2,2) width 8: "8"
                            RenderTableCell {TD} at (535,524) size 23x21 [border: (1px inset #808080)] [r=2 c=2 rs=1 cs=1]
                              RenderText {#text} at (2,2) size 8x17
                                text run at (2,2) width 8: "9"
                      RenderBlock (anonymous) at (1,550) size 562x17
                        RenderText {#text} at (0,0) size 4x17
                          text run at (0,0) width 4: " "
                    RenderTableCell {TD} at (587,297) size 19x20 [r=1 c=2 rs=1 cs=1]
                      RenderText {#text} at (1,1) size 8x18
                        text run at (1,2) width 8: "6"
                  RenderTableRow {TR} at (0,593) size 608x19
                    RenderTableCell {TD} at (2,593) size 18x19 [r=2 c=0 rs=1 cs=1]
                      RenderText {#text} at (1,1) size 8x17
                        text run at (1,1) width 8: "7"
                    RenderTableCell {TD} at (21,593) size 565x19 [r=2 c=1 rs=1 cs=1]
                      RenderText {#text} at (1,1) size 8x17
                        text run at (1,1) width 8: "8"
                    RenderTableCell {TD} at (587,593) size 19x19 [r=2 c=2 rs=1 cs=1]
                      RenderText {#text} at (1,1) size 8x17
                        text run at (1,1) width 8: "9"
              RenderBlock (anonymous) at (2,616) size 608x17
                RenderText {#text} at (0,0) size 4x17
                  text run at (0,0) width 4: " "
            RenderTableCell {TD} at (615,355) size 75x21 [border: (1px inset #808080)] [r=2 c=1 rs=1 cs=1]
              RenderText {#text} at (2,2) size 8x17
                text run at (2,2) width 8: "8"
            RenderTableCell {TD} at (691,355) size 75x21 [border: (1px inset #808080)] [r=2 c=2 rs=1 cs=1]
              RenderText {#text} at (2,2) size 8x17
                text run at (2,2) width 8: "9"
