layer at (0,0) size 800x600
  RenderView at (0,0) size 800x600
layer at (0,0) size 800x600
  RenderBlock {HTML} at (0,0) size 800x600
    RenderBody {BODY} at (0,0) size 800x600
      RenderIFrame {IFRAME} at (0,0) size 500x600
        layer at (0,0) size 500x600
          RenderView at (0,0) size 500x600
        layer at (0,0) size 500x600
          RenderBlock {HTML} at (0,0) size 500x600
            RenderBody {BODY} at (8,8) size 484x576
              RenderBlock {DIV} at (0,0) size 450x50
                RenderBlock (floating) {DIV} at (370,10) size 70x150 [bgcolor=#FFC0CB]
              RenderBlock {P} at (0,66) size 418x474 [border: (3px solid #800000)]
                RenderText {#text} at (6,6) size 354x104
                  text run at (6,6) width 354: "The chief difficulty Alice found at first was in managing"
                  text run at (6,23) width 26: "her "
                  text run at (31,23) width 329: "flamingo: she succeeded in getting its body tucked"
                  text run at (6,40) width 43: "away, "
                  text run at (48,40) width 312: "comfortably enough, under her arm, with its legs"
                  text run at (6,57) width 107: "hanging down, "
                  text run at (112,57) width 248: "but generally, just as she had got its"
                  text run at (6,74) width 159: "neck nicely straightened "
                  text run at (164,74) width 196: "out, and was going to give the"
                  text run at (6,93) width 236: "hedgehog a blow with its head, it "
                RenderInline {I} at (0,0) size 45x20
                  RenderText {#text} at (241,91) size 45x20
                    text run at (241,91) width 45: "would"
                RenderText {#text} at (285,93) size 406x69
                  text run at (285,93) width 75: " twist itself"
                  text run at (6,111) width 238: "round and look up in her face, with "
                  text run at (243,111) width 169: "such a puzzled expression"
                  text run at (6,128) width 228: "that she could not help bursting out "
                  text run at (233,128) width 179: "laughing: and when she had"
                  text run at (6,145) width 248: "got its head down, and was going to "
                RenderText {#text} at (254,145) size 406x119
                  text run at (254,145) width 158: "begin again, it was very"
                  text run at (6,162) width 260: "provoking to find that the hedgehog had "
                  text run at (265,162) width 147: "unrolled itself, and was"
                  text run at (6,179) width 253: "in the act of crawling away: besides all "
                  text run at (258,179) width 154: "this, there was generally"
                  text run at (6,196) width 257: "a ridge or furrow in the way wherever "
                  text run at (262,196) width 150: "she wanted to send the"
                  text run at (6,213) width 265: "hedgehog to, and, as the doubled-up "
                  text run at (270,213) width 142: "soldiers were always"
                  text run at (6,230) width 292: "getting up and walking off to other parts of "
                  text run at (298,230) width 114: "the ground, Alice"
                  text run at (57,247) width 306: "soon came to the conclusion that it was a very "
                RenderBlock (floating) {SPAN} at (6,250) size 48x65 [bgcolor=#ADD8E6]
                RenderText {#text} at (363,247) size 355x34
                  text run at (363,247) width 49: "difficult"
                  text run at (57,264) width 89: "game indeed. "
                RenderBR {BR} at (0,0) size 0x0
                RenderText {#text} at (57,281) size 304x17
                  text run at (57,281) width 304: "The players all played at once without waiting"
                RenderBlock (floating) {SPAN} at (364,284) size 48x81 [bgcolor=#90EE90]
                RenderText {#text} at (57,298) size 304x34
                  text run at (57,298) width 64: "for turns, "
                  text run at (120,298) width 241: "quarrelling all the while, and fighting"
                  text run at (57,315) width 171: "for the hedgehogs; and in "
                  text run at (227,315) width 115: "a very short time "
                RenderInline {SPAN} at (0,0) size 355x34
                  RenderText {#text} at (341,315) size 355x34
                    text run at (341,315) width 20: "the"
                    text run at (6,332) width 42: "Queen"
                RenderText {#text} at (48,332) size 355x51
                  text run at (48,332) width 256: " was in a furious passion, and went "
                  text run at (303,332) width 58: "stamping"
                  text run at (6,349) width 355: "about, and shouting \x{2018}Off with his head!\x{2019} or \x{2018}Off with"
                  text run at (6,366) width 219: "her head!\x{2019} about once in a minute. "
                RenderBR {BR} at (0,0) size 0x0
                RenderText {#text} at (6,383) size 406x85
                  text run at (6,383) width 387: "Alice began to feel very uneasy: to be sure, she had not as "
                  text run at (393,383) width 19: "yet"
                  text run at (6,400) width 406: "had any dispute with the Queen, but she knew that it might"
                  text run at (6,417) width 406: "happen any minute, \x{2018}and then,\x{2019} thought she, \x{2018}what would"
                  text run at (6,434) width 76: "become of "
                  text run at (81,434) width 331: "me? They\x{2019}re dreadfully fond of beheading people"
                  text run at (6,451) width 93: "here; the great "
                  text run at (99,451) width 261: "wonder is, that there\x{2018}s any one left alive!\x{2019}"
      RenderText {#text} at (0,0) size 0x0
