layer at (0,0) size 800x600
  RenderView at (0,0) size 800x600
layer at (0,0) size 800x284
  RenderBlock {HTML} at (0,0) size 800x284
    RenderBody {BODY} at (8,16) size 784x260
      RenderBlock {P} at (0,0) size 784x34
        RenderText {#text} at (0,0) size 104x17
          text run at (0,0) width 104: "This is a test for "
        RenderInline {I} at (0,0) size 744x34
          RenderInline {A} at (0,0) size 348x17 [color=#0000EE]
            RenderText {#text} at (104,0) size 348x17
              text run at (104,0) width 348: "http://bugzilla.opendarwin.org/show_bug.cgi?id=9669"
          RenderText {#text} at (452,0) size 744x34
            text run at (452,0) width 4: " "
            text run at (456,0) width 288: "Incomplete repaint when changing an inline's"
            text run at (0,17) width 43: "border"
        RenderText {#text} at (43,17) size 4x17
          text run at (43,17) width 4: "."
      RenderBlock {HR} at (0,50) size 784x2 [border: (1px inset #000000)]
      RenderBlock {DIV} at (0,60) size 200x200
        RenderText {#text} at (0,0) size 192x51
          text run at (0,0) width 129: "Cras faucibus. Nunc"
          text run at (0,17) width 192: "adipiscing, enim in scelerisque"
          text run at (0,34) width 64: "convallis, "
          text run at (64,34) width 42: "augue "
        RenderInline {SPAN} at (0,0) size 35x47 [border: (30px solid #0000FF) none]
          RenderText {#text} at (106,34) size 35x17
            text run at (106,34) width 35: "purus"
        RenderText {#text} at (141,34) size 195x85
          text run at (141,34) width 54: " eleifend"
          text run at (0,51) width 151: "lacus, at sagittis eros leo"
          text run at (0,68) width 135: "pulvinar velit. Integer"
          text run at (0,85) width 190: "sollicitudin nisi ut urna blandit"
          text run at (0,102) width 60: "convallis."
