layer at (0,0) size 800x600
  RenderView at (0,0) size 800x600
layer at (0,0) size 800x373
  RenderBlock {HTML} at (0,0) size 800x373
    RenderBody {BODY} at (8,20) size 784x253
      RenderBlock {DIV} at (20,0) size 744x53
        RenderInline {SPAN} at (0,0) size 313x53
          RenderText {#text} at (0,0) size 313x53
            text run at (0,0) width 313: "      multiple    "
        RenderText {#text} at (313,0) size 348x53
          text run at (313,0) width 348: "     shadows      "
      RenderBlock {DIV} at (100,153) size 100x100
