layer at (0,0) size 800x600
  RenderView at (0,0) size 800x600
layer at (0,0) size 800x484
  RenderBlock {HTML} at (0,0) size 800x484
    RenderBody {BODY} at (8,16) size 784x460
      RenderBlock {P} at (0,0) size 784x34
        RenderText {#text} at (0,0) size 100x17
          text run at (0,0) width 100: "Repaint test for "
        RenderInline {I} at (0,0) size 777x34
          RenderInline {A} at (0,0) size 348x17 [color=#0000EE]
            RenderText {#text} at (100,0) size 348x17
              text run at (100,0) width 348: "http://bugzilla.opendarwin.org/show_bug.cgi?id=9334"
          RenderText {#text} at (448,0) size 777x34
            text run at (448,0) width 4: " "
            text run at (452,0) width 325: "Incomplete repaint when changing block from non-"
            text run at (0,17) width 150: "positioned to positioned"
        RenderText {#text} at (150,17) size 4x17
          text run at (150,17) width 4: "."
      RenderBlock {HR} at (0,50) size 784x2 [border: (1px inset #000000)]
layer at (8,76) size 784x200
  RenderBlock (relative positioned) {DIV} at (0,60) size 784x200
layer at (8,126) size 100x100
  RenderBlock (relative positioned) {DIV} at (0,0) size 100x100 [bgcolor=#0000FF]
layer at (8,276) size 784x200
  RenderBlock (relative positioned) {DIV} at (0,260) size 784x200
    RenderBlock {DIV} at (0,50) size 784x150
layer at (8,276) size 100x100
  RenderBlock (positioned) {DIV} at (0,0) size 100x100 [bgcolor=#0000FF]
