layer at (0,0) size 800x600
  RenderView at (0,0) size 800x600
layer at (0,0) size 800x17
  RenderBlock {test} at (0,0) size 800x17 [color=#008000]
    RenderText {#text} at (0,0) size 136x17
      text run at (0,0) width 136: "This should be green."
