layer at (0,0) size 800x600
  RenderView at (0,0) size 800x600
layer at (0,0) size 800x211
  RenderBlock {HTML} at (0,0) size 800x211
    RenderBody {BODY} at (8,16) size 784x187
      RenderBlock {P} at (0,0) size 784x40
        RenderText {#text} at (0,0) size 768x39
          text run at (0,0) width 768: "This tests that the Strong Password AutoFill and viewable visual treatment renders in an auto-filled input. It can only be"
          text run at (0,20) width 137: "tested in the test tool."
      RenderBlock {DIV} at (0,56) size 784x131
        RenderTextControl {INPUT} at (2,3) size 153x20 [bgcolor=#FAFFBD] [border: (1px solid #4C4C4C)]
        RenderText {#text} at (157,0) size 4x19
          text run at (157,0) width 4: " "
        RenderTextControl {INPUT} at (163,3) size 153x20 [bgcolor=#FAFFBD] [border: (1px solid #4C4C4C)]
          RenderFlexibleBox {DIV} at (6,3) size 141x13
            RenderBlock {DIV} at (0,0) size 140x12
        RenderText {#text} at (318,0) size 4x19
          text run at (318,0) width 4: " "
        RenderTextControl {INPUT} at (322,3) size 313x20 [bgcolor=#FAFFBD] [border: (1px solid #4C4C4C)]
          RenderFlexibleBox {DIV} at (6,3) size 301x13
            RenderBlock {DIV} at (0,0) size 300x12
        RenderText {#text} at (635,0) size 4x19
          text run at (635,0) width 4: " "
        RenderTextControl {INPUT} at (639,3) size 33x20 [bgcolor=#FAFFBD] [border: (1px solid #4C4C4C)]
          RenderFlexibleBox {DIV} at (6,3) size 21x13
            RenderBlock {DIV} at (0,0) size 20x12
        RenderText {#text} at (0,0) size 0x0
        RenderTextControl {INPUT} at (2,24) size 153x108 [bgcolor=#FAFFBD] [border: (1px solid #4C4C4C)]
          RenderFlexibleBox {DIV} at (6,3) size 141x101
            RenderBlock {DIV} at (0,44) size 140x12
        RenderText {#text} at (157,65) size 4x19
          text run at (157,65) width 4: " "
        RenderTextControl {INPUT} at (161,24) size 33x108 [bgcolor=#FAFFBD] [border: (1px solid #4C4C4C)]
          RenderFlexibleBox {DIV} at (6,3) size 21x101
            RenderBlock {DIV} at (0,44) size 20x12
        RenderText {#text} at (194,65) size 4x19
          text run at (194,65) width 4: " "
        RenderTextControl {INPUT} at (200,68) size 153x20 [bgcolor=#FAFFBD] [border: (1px solid #4C4C4C)]
layer at (17,78) size 140x12 scrollWidth 285
  RenderBlock {DIV} at (6,3) size 141x13
    RenderText {#text} at (0,0) size 284x12
      text run at (0,0) width 284: "A quick brown fox jumped over the lazy dog."
layer at (178,78) size 140x12 scrollWidth 285
  RenderBlock {DIV} at (0,0) size 140x12
    RenderText {#text} at (0,0) size 284x12
      text run at (0,0) width 284: "A quick brown fox jumped over the lazy dog."
layer at (337,78) size 300x12
  RenderBlock {DIV} at (0,0) size 300x12
    RenderText {#text} at (0,0) size 284x12
      text run at (0,0) width 284: "A quick brown fox jumped over the lazy dog."
layer at (654,78) size 20x12 scrollWidth 285
  RenderBlock {DIV} at (0,0) size 20x12
    RenderText {#text} at (0,0) size 284x12
      text run at (0,0) width 284: "A quick brown fox jumped over the lazy dog."
layer at (17,143) size 140x12 scrollWidth 285
  RenderBlock {DIV} at (0,0) size 140x12
    RenderText {#text} at (0,0) size 284x12
      text run at (0,0) width 284: "A quick brown fox jumped over the lazy dog."
layer at (176,143) size 20x12 scrollWidth 285
  RenderBlock {DIV} at (0,0) size 20x12
    RenderText {#text} at (0,0) size 284x12
      text run at (0,0) width 284: "A quick brown fox jumped over the lazy dog."
layer at (215,143) size 140x12
  RenderBlock {DIV} at (6,3) size 141x13
