layer at (0,0) size 800x600
  RenderView at (0,0) size 800x600
layer at (0,0) size 800x180
  RenderBlock {HTML} at (0,0) size 800x180
    RenderBody {BODY} at (8,8) size 784x164
      RenderBlock (anonymous) at (0,0) size 784x20
        RenderText {#text} at (0,0) size 664x19
          text run at (0,0) width 664: "The text in the button, popup menu and list box should have the same case as in the accompanying text."
      RenderBlock {DIV} at (0,20) size 784x24
        RenderMenuList {SELECT} at (2,2) size 73x20 [bgcolor=#FFFFFF02] [border: (1px solid #4C4C4C)]
          RenderBlock (anonymous) at (6,3) size 61x14
            RenderText at (0,0) size 37x14
              text run at (0,0) width 37: "HELLO"
        RenderText {#text} at (77,1) size 4x19
          text run at (77,1) width 4: " "
        RenderMenuList {SELECT} at (83,2) size 72x20 [bgcolor=#FFFFFF02] [border: (1px solid #4C4C4C)]
          RenderBlock (anonymous) at (5,3) size 62x14
            RenderText at (0,0) size 43x14
              text run at (0,0) width 43: "0 ITEMS"
        RenderText {#text} at (156,1) size 5x19
          text run at (156,1) width 5: " "
        RenderInline {SPAN} at (0,0) size 116x19
          RenderText {#text} at (160,1) size 116x19
            text run at (160,1) width 116: "HELLO WORLD"
        RenderText {#text} at (0,0) size 0x0
      RenderBlock {DIV} at (0,44) size 784x24
        RenderMenuList {SELECT} at (2,2) size 69x20 [bgcolor=#FFFFFF02] [border: (1px solid #4C4C4C)]
          RenderBlock (anonymous) at (6,3) size 57x14
            RenderText at (0,0) size 33x14
              text run at (0,0) width 33: "HeLLo"
        RenderText {#text} at (73,1) size 4x19
          text run at (73,1) width 4: " "
        RenderMenuList {SELECT} at (79,2) size 68x20 [bgcolor=#FFFFFF02] [border: (1px solid #4C4C4C)]
          RenderBlock (anonymous) at (5,3) size 58x14
            RenderText at (0,0) size 37x14
              text run at (0,0) width 37: "0 Items"
        RenderText {#text} at (148,1) size 5x19
          text run at (148,1) width 5: " "
        RenderInline {SPAN} at (0,0) size 102x19
          RenderText {#text} at (152,1) size 102x19
            text run at (152,1) width 102: "HeLLo WoRLd"
        RenderText {#text} at (0,0) size 0x0
      RenderBlock {DIV} at (0,68) size 784x24
        RenderMenuList {SELECT} at (2,2) size 59x20 [bgcolor=#FFFFFF02] [border: (1px solid #4C4C4C)]
          RenderBlock (anonymous) at (6,3) size 47x14
            RenderText at (0,0) size 24x14
              text run at (0,0) width 24: "hello"
        RenderText {#text} at (63,1) size 4x19
          text run at (63,1) width 4: " "
        RenderMenuList {SELECT} at (69,2) size 58x20 [bgcolor=#FFFFFF02] [border: (1px solid #4C4C4C)]
          RenderBlock (anonymous) at (5,3) size 48x14
            RenderText at (0,0) size 36x14
              text run at (0,0) width 36: "0 items"
        RenderText {#text} at (128,1) size 5x19
          text run at (128,1) width 5: " "
        RenderInline {SPAN} at (0,0) size 75x19
          RenderText {#text} at (132,1) size 75x19
            text run at (132,1) width 75: "hello world"
        RenderText {#text} at (0,0) size 0x0
      RenderBlock {DIV} at (0,92) size 784x24
        RenderMenuList {SELECT} at (2,2) size 62x20 [bgcolor=#FFFFFF02] [border: (1px solid #4C4C4C)]
          RenderBlock (anonymous) at (6,3) size 50x14
            RenderText at (0,0) size 15x14
              text run at (0,0) width 15: "SS"
        RenderText {#text} at (66,1) size 4x19
          text run at (66,1) width 4: " "
        RenderMenuList {SELECT} at (72,2) size 61x20 [bgcolor=#FFFFFF02] [border: (1px solid #4C4C4C)]
          RenderBlock (anonymous) at (5,3) size 51x14
            RenderText at (0,0) size 43x14
              text run at (0,0) width 43: "0 ITEMS"
        RenderText {#text} at (134,1) size 5x19
          text run at (134,1) width 5: " "
        RenderInline {SPAN} at (0,0) size 59x19
          RenderText {#text} at (138,1) size 59x19
            text run at (138,1) width 59: "SS SSSS"
        RenderText {#text} at (0,0) size 0x0
      RenderBlock {DIV} at (0,116) size 784x24
        RenderMenuList {SELECT} at (2,2) size 46x20 [bgcolor=#FFFFFF02] [border: (1px solid #4C4C4C)]
          RenderBlock (anonymous) at (6,3) size 34x14
            RenderText at (0,0) size 7x14
              text run at (0,0) width 7: "\x{DF}"
        RenderText {#text} at (50,1) size 4x19
          text run at (50,1) width 4: " "
        RenderMenuList {SELECT} at (56,2) size 45x20 [bgcolor=#FFFFFF02] [border: (1px solid #4C4C4C)]
          RenderBlock (anonymous) at (5,3) size 35x14
            RenderText at (0,0) size 37x14
              text run at (0,0) width 37: "0 Items"
        RenderText {#text} at (102,1) size 5x19
          text run at (102,1) width 5: " "
        RenderInline {SPAN} at (0,0) size 29x19
          RenderText {#text} at (106,1) size 29x19
            text run at (106,1) width 29: "\x{DF} \x{DF}\x{DF}"
        RenderText {#text} at (0,0) size 0x0
      RenderBlock {DIV} at (0,140) size 784x24
        RenderMenuList {SELECT} at (2,2) size 46x20 [bgcolor=#FFFFFF02] [border: (1px solid #4C4C4C)]
          RenderBlock (anonymous) at (6,3) size 34x14
            RenderText at (0,0) size 7x14
              text run at (0,0) width 7: "\x{DF}"
        RenderText {#text} at (50,1) size 4x19
          text run at (50,1) width 4: " "
        RenderMenuList {SELECT} at (56,2) size 45x20 [bgcolor=#FFFFFF02] [border: (1px solid #4C4C4C)]
          RenderBlock (anonymous) at (5,3) size 35x14
            RenderText at (0,0) size 36x14
              text run at (0,0) width 36: "0 items"
        RenderText {#text} at (102,1) size 5x19
          text run at (102,1) width 5: " "
        RenderInline {SPAN} at (0,0) size 29x19
          RenderText {#text} at (106,1) size 29x19
            text run at (106,1) width 29: "\x{DF} \x{DF}\x{DF}"
        RenderText {#text} at (0,0) size 0x0
