layer at (0,0) size 800x600
  RenderView at (0,0) size 800x600
layer at (0,0) size 800x600
  RenderBlock {HTML} at (0,0) size 800x600
    RenderBody {BODY} at (8,8) size 784x584
      RenderBlock {DETAILS} at (0,0) size 784x44
        RenderBlock {SUMMARY} at (0,0) size 784x17
          RenderDetailsMarker {DIV} at (0,4) size 11x11: down
          RenderText {#text} at (16,0) size 45x17
            text run at (16,0) width 45: "Details"
        RenderBlock (anonymous) at (0,17) size 784x27
          RenderTextControl {INPUT} at (2,2) size 191x23 [bgcolor=#FFFFFF] [border: (2px inset #000000)]
          RenderText {#text} at (0,0) size 0x0
layer at (13,30) size 185x17
  RenderBlock {DIV} at (3,3) size 185x17
