layer at (0,0) size 800x600
  RenderView at (0,0) size 800x600
layer at (0,0) size 800x600
  RenderBlock {HTML} at (0,0) size 800x600
    RenderBody {BODY} at (8,8) size 784x584
      RenderBlock {P} at (0,0) size 784x17
        RenderText {#text} at (0,0) size 53x17
          text run at (0,0) width 53: "Test for "
        RenderInline {A} at (0,0) size 68x17 [color=#0000EE]
          RenderText {#text} at (53,0) size 68x17
            text run at (53,0) width 68: "bug 15263"
        RenderText {#text} at (121,0) size 394x17
          text run at (121,0) width 394: ": REGRESSION: scrolldelay=0 causes marquee not to display"
      RenderBlock {P} at (0,33) size 784x34
        RenderText {#text} at (0,0) size 776x34
          text run at (0,0) width 776: "The marquee below is defined with a scrollDelay value of zero and with the truespeed attribute assigned to an empty string."
          text run at (0,17) width 557: "It should scroll until the text, \"The marquee scroll test passed\" is visible and left justified."
      RenderBlock (anonymous) at (0,83) size 784x17
        RenderText {#text} at (0,0) size 0x0
layer at (8,91) size 392x17 scrollX -392
  RenderBlock {MARQUEE} at (0,0) size 392x17 [bgcolor=#00FFFF]
    RenderText {#text} at (0,0) size 192x17
      text run at (0,0) width 192: "The marquee scroll test passed"
