layer at (0,0) size 800x600
  RenderView at (0,0) size 800x600
layer at (0,0) size 800x129
  RenderBlock {HTML} at (0,0) size 800x129
    RenderBody {BODY} at (8,16) size 784x105
      RenderBlock {P} at (0,0) size 784x17
        RenderText {#text} at (0,0) size 462x17
          text run at (0,0) width 462: "The following two vertical bars should be at the same horizontal position."
      RenderBlock {DIV} at (0,33) size 96x36
        RenderBlock {DIV} at (64,0) size 0x36
          RenderInline {SPAN} at (0,0) size 6x36
            RenderText {#text} at (0,0) size 6x36
              text run at (0,0) width 6: "|"
      RenderBlock {DIV} at (0,69) size 784x36
        RenderInline {SPAN} at (0,0) size 6x36
          RenderText {#text} at (64,0) size 6x36
            text run at (64,0) width 6: "|"
