layer at (0,0) size 800x600
  RenderView at (0,0) size 800x600
layer at (0,0) size 800x280
  RenderBlock {HTML} at (0,0) size 800x281
    RenderBody {BODY} at (8,16) size 784x249
      RenderBlock {P} at (0,0) size 784x17
        RenderText {#text} at (0,0) size 245x17
          text run at (0,0) width 245: "These <h1>s should all be left-aligned:"
      RenderBlock {H1} at (0,38) size 784x43 [border: (3px solid #FF0000)]
        RenderText {#text} at (3,3) size 96x36
          text run at (3,3) width 96: "sample"
      RenderBlock {H1} at (0,101) size 326x43 [border: (3px solid #FF0000)]
        RenderText {#text} at (3,3) size 96x36
          text run at (3,3) width 96: "sample"
      RenderBlock {P} at (0,165) size 784x18
        RenderText {#text} at (0,0) size 278x17
          text run at (0,0) width 278: "These <p>s should be (and are) left-aligned:"
      RenderBlock {P} at (0,198) size 784x18
        RenderText {#text} at (0,0) size 44x17
          text run at (0,0) width 44: "sample"
      RenderBlock {P} at (0,231) size 160x18
        RenderText {#text} at (0,0) size 44x17
          text run at (0,0) width 44: "sample"
