layer at (0,0) size 800x600
  RenderView at (0,0) size 800x600
layer at (0,0) size 800x258
  RenderBlock {HTML} at (0,0) size 800x258
    RenderBody {BODY} at (8,8) size 784x242
      RenderBlock {DIV} at (0,0) size 784x31 [bgcolor=#CCCCCC]
        RenderInline {SPAN} at (0,0) size 46x16 [bgcolor=#FF0000]
          RenderText {#text} at (0,11) size 46x16
            text run at (0,11) width 46: "small"
        RenderText {#text} at (45,10) size 10x17
          text run at (45,10) width 10: " "
        RenderInline {SPAN} at (0,0) size 55x31 [bgcolor=#FF0000]
          RenderText {#text} at (54,0) size 55x31
            text run at (54,0) width 55: "BIG"
        RenderText {#text} at (0,0) size 0x0
      RenderBlock {DIV} at (0,35) size 784x103 [bgcolor=#CCCCCC]
        RenderInline {SPAN} at (0,0) size 46x16 [bgcolor=#FF0000]
          RenderText {#text} at (0,45) size 46x16
            text run at (0,45) width 46: "small"
        RenderText {#text} at (45,44) size 10x17
          text run at (45,44) width 10: " "
        RenderInline {SPAN} at (0,0) size 55x31 [bgcolor=#FF0000]
          RenderText {#text} at (54,34) size 55x31
            text run at (54,34) width 55: "BIG"
        RenderText {#text} at (0,0) size 0x0
      RenderBlock {DIV} at (0,142) size 784x100 [bgcolor=#CCCCCC]
        RenderInline {SPAN} at (0,0) size 46x16 [bgcolor=#FF0000]
          RenderText {#text} at (0,11) size 46x16
            text run at (0,11) width 46: "small"
        RenderText {#text} at (45,10) size 10x17
          text run at (45,10) width 10: " "
        RenderInline {SPAN} at (0,0) size 55x31 [bgcolor=#FF0000]
          RenderText {#text} at (54,0) size 55x31
            text run at (54,0) width 55: "BIG"
        RenderText {#text} at (0,0) size 0x0
