layer at (0,0) size 800x600
  RenderView at (0,0) size 800x600
layer at (0,0) size 800x600
  RenderBlock {HTML} at (0,0) size 800x600
    RenderBody {BODY} at (8,8) size 784x584
      RenderBlock {DIV} at (0,0) size 784x17
        RenderText {#text} at (0,0) size 465x17
          text run at (0,0) width 465: "This test passes if the resize corner icon appears high-resolution in HiDPI."
      RenderBlock (anonymous) at (0,17) size 784x44
        RenderText {#text} at (0,0) size 0x0
layer at (10,27) size 201x40 clip at (11,28) size 199x38
  RenderTextControl {TEXTAREA} at (2,2) size 201x40 [bgcolor=#FFFFFF] [border: (1px solid #000000)]
    RenderBlock {DIV} at (3,3) size 195x17
