layer at (0,0) size 800x600
  RenderView at (0,0) size 800x600
layer at (0,0) size 800x600
  RenderBlock {HTML} at (0,0) size 800x600
    RenderBody {BODY} at (8,8) size 784x584
      RenderBlock {P} at (0,0) size 784x18
        RenderText {#text} at (0,0) size 241x18
          text run at (0,0) width 241: "Test appearances of outer-spin-button."
      RenderBlock {DIV} at (0,34) size 784x0
      RenderBlock {DIV} at (0,34) size 784x528
        RenderTable {TABLE} at (0,0) size 519x528
          RenderTableSection {TBODY} at (0,0) size 519x528
            RenderTableRow {TR} at (0,2) size 519x524
              RenderTableCell {TD} at (2,80) size 206x368 [r=0 c=0 rs=1 cs=1]
                RenderBlock {DIV} at (1,1) size 204x35
                  RenderTextControl {INPUT} at (0,3) size 108x16 [bgcolor=#FFFFFF] [border: (2px inset #000000)]
                  RenderText {#text} at (107,0) size 5x18
                    text run at (107,0) width 5: " "
                  RenderBR {BR} at (111,14) size 1x0
                  RenderTextControl {INPUT} at (0,19) size 108x16 [bgcolor=#FFFFFF] [border: (2px inset #000000)]
                    RenderFlexibleBox {DIV} at (3,3) size 102x10
                      RenderBlock {DIV} at (0,0) size 89x10
                RenderBlock {DIV} at (1,36) size 204x36
                  RenderTextControl {INPUT} at (0,2) size 120x17 [bgcolor=#FFFFFF] [border: (2px inset #000000)]
                  RenderText {#text} at (119,0) size 5x18
                    text run at (119,0) width 5: " "
                  RenderBR {BR} at (123,14) size 1x0
                  RenderTextControl {INPUT} at (0,19) size 120x17 [bgcolor=#FFFFFF] [border: (2px inset #000000)]
                    RenderFlexibleBox {DIV} at (3,3) size 114x11
                      RenderBlock {DIV} at (0,0) size 101x11
                RenderBlock {DIV} at (1,72) size 204x37
                  RenderTextControl {INPUT} at (0,1) size 133x18 [bgcolor=#FFFFFF] [border: (2px inset #000000)]
                  RenderText {#text} at (132,0) size 5x18
                    text run at (132,0) width 5: " "
                  RenderBR {BR} at (136,14) size 1x0
                  RenderTextControl {INPUT} at (0,19) size 133x18 [bgcolor=#FFFFFF] [border: (2px inset #000000)]
                    RenderFlexibleBox {DIV} at (3,3) size 127x12
                      RenderBlock {DIV} at (0,0) size 114x12
                RenderBlock {DIV} at (1,109) size 204x46
                  RenderTextControl {INPUT} at (2,2) size 146x19 [bgcolor=#FFFFFF] [border: (2px inset #000000)]
                  RenderText {#text} at (149,2) size 5x18
                    text run at (149,2) width 5: " "
                  RenderBR {BR} at (153,16) size 1x0
                  RenderTextControl {INPUT} at (2,25) size 146x19 [bgcolor=#FFFFFF] [border: (2px inset #000000)]
                    RenderFlexibleBox {DIV} at (3,3) size 140x13
                      RenderBlock {DIV} at (0,0) size 127x13
                RenderBlock {DIV} at (1,155) size 204x50
                  RenderTextControl {INPUT} at (2,2) size 158x21 [bgcolor=#FFFFFF] [border: (2px inset #000000)]
                  RenderText {#text} at (161,3) size 5x18
                    text run at (161,3) width 5: " "
                  RenderBR {BR} at (165,17) size 1x0
                  RenderTextControl {INPUT} at (2,27) size 158x21 [bgcolor=#FFFFFF] [border: (2px inset #000000)]
                    RenderFlexibleBox {DIV} at (3,3) size 152x15
                      RenderBlock {DIV} at (0,0) size 139x15
                RenderBlock {DIV} at (1,205) size 204x52
                  RenderTextControl {INPUT} at (2,2) size 171x22 [bgcolor=#FFFFFF] [border: (2px inset #000000)]
                  RenderText {#text} at (174,4) size 5x18
                    text run at (174,4) width 5: " "
                  RenderBR {BR} at (178,18) size 1x0
                  RenderTextControl {INPUT} at (2,28) size 171x22 [bgcolor=#FFFFFF] [border: (2px inset #000000)]
                    RenderFlexibleBox {DIV} at (3,3) size 165x16
                      RenderBlock {DIV} at (0,0) size 150x16
                RenderBlock {DIV} at (1,257) size 204x54
                  RenderTextControl {INPUT} at (2,2) size 184x23 [bgcolor=#FFFFFF] [border: (2px inset #000000)]
                  RenderText {#text} at (187,5) size 5x18
                    text run at (187,5) width 5: " "
                  RenderBR {BR} at (191,19) size 1x0
                  RenderTextControl {INPUT} at (2,29) size 184x23 [bgcolor=#FFFFFF] [border: (2px inset #000000)]
                    RenderFlexibleBox {DIV} at (3,3) size 178x17
                      RenderBlock {DIV} at (0,0) size 163x17
                RenderBlock {DIV} at (1,311) size 204x56
                  RenderTextControl {INPUT} at (2,2) size 196x24 [bgcolor=#FFFFFF] [border: (2px inset #000000)]
                  RenderText {#text} at (199,6) size 5x18
                    text run at (199,6) width 5: " "
                  RenderBR {BR} at (203,20) size 1x0
                  RenderTextControl {INPUT} at (2,30) size 196x24 [bgcolor=#FFFFFF] [border: (2px inset #000000)]
                    RenderFlexibleBox {DIV} at (3,3) size 190x18
                      RenderBlock {DIV} at (0,0) size 175x18
              RenderTableCell {TD} at (210,2) size 307x524 [r=0 c=1 rs=1 cs=1]
                RenderBlock {DIV} at (1,1) size 305x56
                  RenderTextControl {INPUT} at (2,2) size 209x24 [bgcolor=#FFFFFF] [border: (2px inset #000000)]
                  RenderText {#text} at (212,6) size 5x18
                    text run at (212,6) width 5: " "
                  RenderBR {BR} at (216,20) size 1x0
                  RenderTextControl {INPUT} at (2,30) size 209x24 [bgcolor=#FFFFFF] [border: (2px inset #000000)]
                    RenderFlexibleBox {DIV} at (3,3) size 203x18
                      RenderBlock {DIV} at (0,0) size 188x18
                RenderBlock {DIV} at (1,57) size 305x60
                  RenderTextControl {INPUT} at (2,2) size 221x26 [bgcolor=#FFFFFF] [border: (2px inset #000000)]
                  RenderText {#text} at (225,7) size 4x18
                    text run at (225,7) width 4: " "
                  RenderBR {BR} at (229,21) size 0x0
                  RenderTextControl {INPUT} at (2,32) size 221x26 [bgcolor=#FFFFFF] [border: (2px inset #000000)]
                    RenderFlexibleBox {DIV} at (3,3) size 215x20
                      RenderBlock {DIV} at (0,0) size 200x20
                RenderBlock {DIV} at (1,117) size 305x62
                  RenderTextControl {INPUT} at (2,2) size 234x27 [bgcolor=#FFFFFF] [border: (2px inset #000000)]
                  RenderText {#text} at (237,8) size 5x18
                    text run at (237,8) width 5: " "
                  RenderBR {BR} at (241,22) size 1x0
                  RenderTextControl {INPUT} at (2,33) size 234x27 [bgcolor=#FFFFFF] [border: (2px inset #000000)]
                    RenderFlexibleBox {DIV} at (3,3) size 228x21
                      RenderBlock {DIV} at (0,0) size 209x21
                RenderBlock {DIV} at (1,179) size 305x64
                  RenderTextControl {INPUT} at (2,2) size 247x28 [bgcolor=#FFFFFF] [border: (2px inset #000000)]
                  RenderText {#text} at (250,9) size 5x18
                    text run at (250,9) width 5: " "
                  RenderBR {BR} at (254,23) size 1x0
                  RenderTextControl {INPUT} at (2,34) size 247x28 [bgcolor=#FFFFFF] [border: (2px inset #000000)]
                    RenderFlexibleBox {DIV} at (3,3) size 241x22
                      RenderBlock {DIV} at (0,0) size 222x22
                RenderBlock {DIV} at (1,243) size 305x66
                  RenderTextControl {INPUT} at (2,2) size 259x29 [bgcolor=#FFFFFF] [border: (2px inset #000000)]
                  RenderText {#text} at (262,10) size 5x18
                    text run at (262,10) width 5: " "
                  RenderBR {BR} at (266,24) size 1x0
                  RenderTextControl {INPUT} at (2,35) size 259x29 [bgcolor=#FFFFFF] [border: (2px inset #000000)]
                    RenderFlexibleBox {DIV} at (3,3) size 253x23
                      RenderBlock {DIV} at (0,0) size 234x23
                RenderBlock {DIV} at (1,309) size 305x68
                  RenderTextControl {INPUT} at (2,2) size 272x30 [bgcolor=#FFFFFF] [border: (2px inset #000000)]
                  RenderText {#text} at (275,11) size 5x18
                    text run at (275,11) width 5: " "
                  RenderBR {BR} at (279,25) size 1x0
                  RenderTextControl {INPUT} at (2,36) size 272x30 [bgcolor=#FFFFFF] [border: (2px inset #000000)]
                    RenderFlexibleBox {DIV} at (3,3) size 266x24
                      RenderBlock {DIV} at (0,0) size 247x24
                RenderBlock {DIV} at (1,377) size 305x72
                  RenderTextControl {INPUT} at (2,2) size 285x32 [bgcolor=#FFFFFF] [border: (2px inset #000000)]
                  RenderText {#text} at (288,12) size 5x18
                    text run at (288,12) width 5: " "
                  RenderBR {BR} at (292,26) size 1x0
                  RenderTextControl {INPUT} at (2,38) size 285x32 [bgcolor=#FFFFFF] [border: (2px inset #000000)]
                    RenderFlexibleBox {DIV} at (3,3) size 279x26
                      RenderBlock {DIV} at (0,0) size 260x26
                RenderBlock {DIV} at (1,449) size 305x74
                  RenderTextControl {INPUT} at (2,2) size 297x33 [bgcolor=#FFFFFF] [border: (2px inset #000000)]
                  RenderText {#text} at (300,13) size 5x18
                    text run at (300,13) width 5: " "
                  RenderBR {BR} at (304,27) size 1x0
                  RenderTextControl {INPUT} at (2,39) size 297x33 [bgcolor=#FFFFFF] [border: (2px inset #000000)]
                    RenderFlexibleBox {DIV} at (3,3) size 291x27
                      RenderBlock {DIV} at (0,0) size 272x27
layer at (14,129) size 101x10
  RenderBlock {DIV} at (3,3) size 102x10
layer at (14,145) size 88x10
  RenderBlock {DIV} at (0,0) size 89x10
layer at (14,163) size 114x11
  RenderBlock {DIV} at (3,3) size 114x11
layer at (14,180) size 101x11
  RenderBlock {DIV} at (0,0) size 101x11
layer at (14,198) size 126x12
  RenderBlock {DIV} at (3,3) size 127x12
layer at (14,216) size 113x12
  RenderBlock {DIV} at (0,0) size 114x12
layer at (16,236) size 139x13
  RenderBlock {DIV} at (3,3) size 140x13
layer at (16,259) size 126x13
  RenderBlock {DIV} at (0,0) size 127x13
layer at (16,282) size 152x15
  RenderBlock {DIV} at (3,3) size 152x15
layer at (16,307) size 139x15
  RenderBlock {DIV} at (0,0) size 139x15
layer at (16,332) size 164x16
  RenderBlock {DIV} at (3,3) size 165x16
layer at (16,358) size 149x16
  RenderBlock {DIV} at (0,0) size 150x16
layer at (16,384) size 177x17
  RenderBlock {DIV} at (3,3) size 178x17
layer at (16,411) size 162x17
  RenderBlock {DIV} at (0,0) size 163x17
layer at (16,438) size 190x18
  RenderBlock {DIV} at (3,3) size 190x18
layer at (16,466) size 175x18
  RenderBlock {DIV} at (0,0) size 175x18
layer at (224,50) size 202x18
  RenderBlock {DIV} at (3,3) size 203x18
layer at (224,78) size 187x18
  RenderBlock {DIV} at (0,0) size 188x18
layer at (224,106) size 215x20
  RenderBlock {DIV} at (3,3) size 215x20
layer at (224,136) size 200x20
  RenderBlock {DIV} at (0,0) size 200x20
layer at (224,166) size 228x21
  RenderBlock {DIV} at (3,3) size 228x21
layer at (224,197) size 209x21
  RenderBlock {DIV} at (0,0) size 209x21
layer at (224,228) size 240x22
  RenderBlock {DIV} at (3,3) size 241x22
layer at (224,260) size 221x22
  RenderBlock {DIV} at (0,0) size 222x22
layer at (224,292) size 253x23
  RenderBlock {DIV} at (3,3) size 253x23
layer at (224,325) size 234x23
  RenderBlock {DIV} at (0,0) size 234x23
layer at (224,358) size 266x24
  RenderBlock {DIV} at (3,3) size 266x24
layer at (224,392) size 247x24
  RenderBlock {DIV} at (0,0) size 247x24
layer at (224,426) size 278x26
  RenderBlock {DIV} at (3,3) size 279x26
layer at (224,462) size 259x26
  RenderBlock {DIV} at (0,0) size 260x26
layer at (224,498) size 291x27
  RenderBlock {DIV} at (3,3) size 291x27
layer at (224,535) size 272x27
  RenderBlock {DIV} at (0,0) size 272x27
layer at (103,144) size 13x12
  RenderBlock (relative positioned) {DIV} at (89,-1) size 14x12
layer at (116,179) size 13x13
  RenderBlock (relative positioned) {DIV} at (101,-1) size 14x13
layer at (128,215) size 13x14
  RenderBlock (relative positioned) {DIV} at (114,-1) size 14x14
layer at (143,258) size 13x15
  RenderBlock (relative positioned) {DIV} at (127,-1) size 14x15
layer at (156,306) size 13x17
  RenderBlock (relative positioned) {DIV} at (139,-1) size 14x17
layer at (166,357) size 15x18
  RenderBlock (relative positioned) {DIV} at (150,-1) size 16x18
layer at (179,410) size 15x19
  RenderBlock (relative positioned) {DIV} at (163,-1) size 16x19
layer at (192,465) size 15x20
  RenderBlock (relative positioned) {DIV} at (175,-1) size 16x20
layer at (412,77) size 15x20
  RenderBlock (relative positioned) {DIV} at (188,-1) size 16x20
layer at (425,135) size 15x22
  RenderBlock (relative positioned) {DIV} at (201,-1) size 15x22
layer at (434,196) size 19x23
  RenderBlock (relative positioned) {DIV} at (209,-1) size 20x23
layer at (446,259) size 19x24
  RenderBlock (relative positioned) {DIV} at (222,-1) size 20x24
layer at (459,324) size 19x25
  RenderBlock (relative positioned) {DIV} at (234,-1) size 20x25
layer at (472,391) size 19x26
  RenderBlock (relative positioned) {DIV} at (247,-1) size 20x26
layer at (484,461) size 19x28
  RenderBlock (relative positioned) {DIV} at (260,-1) size 20x28
layer at (497,534) size 19x29
  RenderBlock (relative positioned) {DIV} at (272,-1) size 20x29
