layer at (0,0) size 785x892
  RenderView at (0,0) size 785x600
layer at (0,0) size 785x892
  RenderBlock {HTML} at (0,0) size 785x892
    RenderBody {BODY} at (8,8) size 769x876 [bgcolor=#CCCCCC]
      RenderBlock {P} at (0,0) size 769x17
        RenderText {#text} at (0,0) size 355x17
          text run at (0,0) width 355: "The style declarations which apply to the text below are:"
      RenderBlock {PRE} at (0,33) size 769x165
        RenderText {#text} at (0,0) size 232x165
          text run at (0,0) width 216: ".one {word-spacing: 0.3in;}"
          text run at (0,15) width 216: ".two {word-spacing: 0.5cm;}"
          text run at (0,30) width 216: ".three {word-spacing: 5mm;}"
          text run at (0,45) width 208: ".four {word-spacing: 3pt;}"
          text run at (0,60) width 232: ".five {word-spacing: 0.25pc;}"
          text run at (0,75) width 200: ".six {word-spacing: 1em;}"
          text run at (0,90) width 216: ".seven {word-spacing: 1ex;}"
          text run at (0,105) width 216: ".eight {word-spacing: 5px;}"
          text run at (0,120) width 232: ".nine {word-spacing: normal;}"
          text run at (0,135) width 224: ".ten {word-spacing: -0.2em;}"
          text run at (0,150) width 0: " "
      RenderBlock {HR} at (0,211) size 769x2 [border: (1px inset #000000)]
      RenderBlock {P} at (0,229) size 769x17
        RenderText {#text} at (0,0) size 709x17
          text run at (0,0) width 709: "This words in this sentence should have extra space between them."
      RenderBlock {P} at (0,262) size 769x17
        RenderText {#text} at (0,0) size 610x17
          text run at (0,0) width 610: "This words in this sentence should have extra space between them."
      RenderBlock {P} at (0,295) size 769x17
        RenderText {#text} at (0,0) size 610x17
          text run at (0,0) width 610: "This words in this sentence should have extra space between them."
      RenderBlock {P} at (0,328) size 769x17
        RenderText {#text} at (0,0) size 461x17
          text run at (0,0) width 461: "This words in this sentence should have extra space between them."
      RenderBlock {P} at (0,361) size 769x17
        RenderText {#text} at (0,0) size 461x17
          text run at (0,0) width 461: "This words in this sentence should have extra space between them."
      RenderBlock {P} at (0,394) size 769x17
        RenderText {#text} at (0,0) size 581x17
          text run at (0,0) width 581: "This words in this sentence should have extra space between them."
      RenderBlock {P} at (0,427) size 769x17
        RenderText {#text} at (0,0) size 501x17
          text run at (0,0) width 501: "This words in this sentence should have extra space between them."
      RenderBlock {P} at (0,460) size 769x34
        RenderText {#text} at (0,0) size 751x17
          text run at (0,0) width 751: "This words in this sentence should have extra space between them, but the last few words in the sentence"
        RenderInline {SPAN} at (0,0) size 176x17
          RenderText {#text} at (0,17) size 176x17
            text run at (0,17) width 176: "should have normal spacing"
        RenderText {#text} at (176,17) size 4x17
          text run at (176,17) width 4: "."
      RenderBlock {P} at (0,510) size 769x17
        RenderText {#text} at (0,0) size 704x17
          text run at (0,0) width 704: "This words in this sentence should have reduced space between them, since negative values are allowed on this property."
      RenderTable {TABLE} at (0,543) size 769x333 [border: (1px outset #808080)]
        RenderTableSection {TBODY} at (1,1) size 767x331
          RenderTableRow {TR} at (0,0) size 767x25
            RenderTableCell {TD} at (0,0) size 767x25 [bgcolor=#C0C0C0] [border: (1px inset #808080)] [r=0 c=0 rs=1 cs=2]
              RenderInline {STRONG} at (0,0) size 163x17
                RenderText {#text} at (4,4) size 163x17
                  text run at (4,4) width 163: "TABLE Testing Section"
          RenderTableRow {TR} at (0,25) size 767x306
            RenderTableCell {TD} at (0,165) size 12x26 [bgcolor=#C0C0C0] [border: (1px inset #808080)] [r=1 c=0 rs=1 cs=1]
              RenderText {#text} at (4,4) size 4x18
                text run at (4,5) width 4: " "
            RenderTableCell {TD} at (12,25) size 755x306 [border: (1px inset #808080)] [r=1 c=1 rs=1 cs=1]
              RenderBlock {P} at (4,4) size 747x17
                RenderText {#text} at (0,0) size 709x17
                  text run at (0,0) width 709: "This words in this sentence should have extra space between them."
              RenderBlock {P} at (4,37) size 747x17
                RenderText {#text} at (0,0) size 610x17
                  text run at (0,0) width 610: "This words in this sentence should have extra space between them."
              RenderBlock {P} at (4,70) size 747x17
                RenderText {#text} at (0,0) size 610x17
                  text run at (0,0) width 610: "This words in this sentence should have extra space between them."
              RenderBlock {P} at (4,103) size 747x17
                RenderText {#text} at (0,0) size 461x17
                  text run at (0,0) width 461: "This words in this sentence should have extra space between them."
              RenderBlock {P} at (4,136) size 747x17
                RenderText {#text} at (0,0) size 461x17
                  text run at (0,0) width 461: "This words in this sentence should have extra space between them."
              RenderBlock {P} at (4,169) size 747x17
                RenderText {#text} at (0,0) size 581x17
                  text run at (0,0) width 581: "This words in this sentence should have extra space between them."
              RenderBlock {P} at (4,202) size 747x17
                RenderText {#text} at (0,0) size 501x17
                  text run at (0,0) width 501: "This words in this sentence should have extra space between them."
              RenderBlock {P} at (4,235) size 747x34
                RenderText {#text} at (0,0) size 688x34
                  text run at (0,0) width 688: "This words in this sentence should have extra space between them, but the last few words in the"
                  text run at (0,17) width 63: "sentence "
                RenderInline {SPAN} at (0,0) size 176x17
                  RenderText {#text} at (63,17) size 176x17
                    text run at (63,17) width 176: "should have normal spacing"
                RenderText {#text} at (239,17) size 4x17
                  text run at (239,17) width 4: "."
              RenderBlock {P} at (4,285) size 747x17
                RenderText {#text} at (0,0) size 704x17
                  text run at (0,0) width 704: "This words in this sentence should have reduced space between them, since negative values are allowed on this property."
