CONSOLE MESSAGE: line 20: TypeError: HTMLParagraphElement is not a function (evaluating 'description("Tests that the event target for a touch on a text node is the parent element, not the text node.")')
layer at (0,0) size 800x600
  RenderView at (0,0) size 800x600
layer at (0,0) size 800x600
  RenderBlock {HTML} at (0,0) size 800x600
    RenderBody {BODY} at (8,8) size 784x584
      RenderBlock {P} at (0,0) size 784x0
      RenderBlock {DIV} at (0,0) size 784x0
layer at (0,0) size 163x30
  RenderBlock (positioned) {DIV} at (0,0) size 164x30 [bgcolor=#0000FF]
    RenderText {#text} at (0,1) size 164x28
      text run at (0,1) width 164: "This is some text"
