layer at (0,0) size 800x600
  RenderView at (0,0) size 800x600
layer at (0,0) size 800x81
  RenderBlock {test} at (0,0) size 800x81
    RenderBlock {p} at (0,16) size 800x49
      RenderButton {button} at (2,2) size 239x22 [bgcolor=#00FF00] [border: (2px outset #C0C0C0)]
        RenderBlock (anonymous) at (8,4) size 223x13
          RenderText {#text} at (0,0) size 223x13
            text run at (0,0) width 223: "A button (enabled) with green background"
      RenderText {#text} at (242,3) size 5x18
        text run at (242,3) width 5: " "
      RenderBR {br} at (0,0) size 0x0
      RenderTextControl {input} at (2,28) size 258x19 [bgcolor=#00FF00] [border: (2px inset #000000)]
      RenderText {#text} at (0,0) size 0x0
layer at (5,47) size 252x13
  RenderBlock {div} at (3,3) size 252x13
    RenderText {#text} at (0,0) size 233x13
      text run at (0,0) width 233: "a text area (enabled) with green background"
