layer at (0,0) size 800x600
  RenderView at (0,0) size 800x600
layer at (0,0) size 800x600
  RenderBlock {HTML} at (0,0) size 800x600
    RenderBody {BODY} at (8,8) size 784x584
      RenderTextControl {INPUT} at (2,2) size 422x82 [bgcolor=#FFFFFF] [border: (2px inset #000000)]
        RenderFlexibleBox {DIV} at (3,3) size 416x47
          RenderBlock {DIV} at (0,23) size 0x0
          RenderBlock {DIV} at (0,0) size 416x47
          RenderBlock {DIV} at (416,23) size 0x0
      RenderBR {BR} at (426,42) size 0x0
      RenderTextControl {INPUT} at (2,88) size 422x82 [bgcolor=#FFFFFF] [border: (2px inset #000000)]
      RenderBR {BR} at (426,128) size 0x0
      RenderTextControl {INPUT} at (2,172) size 220x25 [bgcolor=#FFFFFF] [border: (2px inset #000000)]
        RenderFlexibleBox {DIV} at (6,1) size 208x23
          RenderBlock {DIV} at (0,11) size 0x0
          RenderBlock {DIV} at (0,0) size 208x23
          RenderBlock {DIV} at (208,11) size 0x0
layer at (13,13) size 416x47
  RenderBlock {DIV} at (0,0) size 416x47
    RenderText {#text} at (0,1) size 337x45
      text run at (0,1) width 337: "value jgq not clipped"
layer at (13,99) size 416x47
  RenderBlock {DIV} at (3,3) size 416x47
    RenderText {#text} at (0,1) size 337x45
      text run at (0,1) width 337: "value jgq not clipped"
layer at (16,181) size 208x23
  RenderBlock {DIV} at (0,0) size 208x23
    RenderText {#text} at (0,0) size 109x22
      text run at (0,0) width 109: "Sample Input"
