layer at (0,0) size 800x600
  RenderView at (0,0) size 800x600
layer at (0,0) size 800x600
  RenderBlock {HTML} at (0,0) size 800x600
    RenderBody {BODY} at (8,8) size 784x584
      RenderBlock {P} at (0,0) size 784x34
        RenderText {#text} at (0,0) size 783x34
          text run at (0,0) width 243: "Test for font-feature-settings property. "
          text run at (243,0) width 540: "The first word of the following three words should be displayed like \"WebKit\", while"
          text run at (0,17) width 267: "others should be displayed as black boxes."
      RenderBlock {DIV} at (0,50) size 784x16
        RenderText {#text} at (0,0) size 30x16
          text run at (0,0) width 30: "WebKit"
      RenderBlock {DIV} at (0,66) size 784x16
        RenderText {#text} at (0,0) size 96x16
          text run at (0,0) width 96: "WebKit"
      RenderBlock {DIV} at (0,82) size 784x16
        RenderText {#text} at (0,0) size 96x16
          text run at (0,0) width 96: "WebKit"
