layer at (0,0) size 800x627
  RenderView at (0,0) size 800x600
layer at (0,0) size 800x627
  RenderBlock {HTML} at (0,0) size 800x627
    RenderBody {BODY} at (8,8) size 784x611
layer at (8,8) size 784x611
  RenderBlock {DIV} at (0,0) size 784x611 [border: (5px solid #000000)]
    RenderText {#text} at (15,5) size 241x1761
      text run at (15,5) width 182: "Lorem ipsum dolor sit amet,"
      text run at (15,25) width 218: "consectetuer adipiscing elit. Nulla"
      text run at (15,45) width 184: "varius enim ac mi. Curabitur"
      text run at (15,65) width 237: "sollicitudin felis quis lectus. Quisque"
      text run at (15,85) width 229: "adipiscing rhoncus sem. Proin nulla"
      text run at (15,105) width 195: "purus, vulputate vel, varius ut,"
      text run at (15,125) width 224: "euismod et, nisi. Sed vitae felis vel"
      text run at (15,145) width 229: "orci sagittis aliquam. Cras convallis"
      text run at (15,165) width 204: "adipiscing sem. Nam nonummy"
      text run at (15,185) width 209: "enim. Nullam bibendum lobortis"
      text run at (15,205) width 237: "neque. Vestibulum velit orci, tempus"
      text run at (15,225) width 209: "euismod, pretium quis, interdum"
      text run at (15,245) width 217: "vitae, nulla. Phasellus eget ante et"
      text run at (15,265) width 207: "tortor condimentum vestibulum."
      text run at (15,285) width 206: "Suspendisse hendrerit quam nec"
      text run at (15,305) width 217: "felis. Sed varius turpis vitae pede."
      text run at (15,325) width 182: "Lorem ipsum dolor sit amet,"
      text run at (15,345) width 217: "consectetuer adipiscing elit. Proin"
      text run at (15,365) width 240: "bibendum justo ac enim. Class aptent"
      text run at (15,385) width 231: "taciti sociosqu ad litora torquent per"
      text run at (15,405) width 180: "conubia nostra, per inceptos"
      text run at (15,425) width 239: "hymenaeos. Sed leo nulla, rutrum eu,"
      text run at (15,445) width 217: "dictum ut, posuere vel, arcu. Nam"
      text run at (15,465) width 187: "libero. Morbi orci. Maecenas"
      text run at (15,485) width 210: "pellentesque. Curabitur erat erat,"
      text run at (15,505) width 234: "ullamcorper at, gravida vitae, iaculis"
      text run at (15,525) width 217: "vitae, elit. Nullam quam. Quisque"
      text run at (15,545) width 240: "orci lectus, ullamcorper eu, imperdiet"
      text run at (15,565) width 227: "sed, accumsan et, ligula. Duis diam"
      text run at (15,585) width 201: "nisl, sagittis a, blandit volutpat,"
      text run at (15,606) width 203: "interdum sed, velit. Vestibulum"
      text run at (15,626) width 199: "quam. Nulla a purus. Phasellus"
      text run at (15,646) width 182: "semper semper lectus. Nulla"
      text run at (15,666) width 218: "porttitor, dolor dictum scelerisque"
      text run at (15,686) width 241: "luctus, velit ipsum lobortis mauris, ac"
      text run at (15,706) width 222: "pretium enim nunc vel risus. Proin"
      text run at (15,726) width 208: "gravida mi ut sem cursus mattis."
      text run at (15,746) width 189: "Fusce laoreet, nisi quis luctus"
      text run at (15,766) width 224: "volutpat, arcu pede tincidunt enim,"
      text run at (15,786) width 213: "nec malesuada urna nisl eu enim."
      text run at (15,806) width 205: "Vivamus varius augue ac purus."
      text run at (15,826) width 234: "Vestibulum vestibulum. Phasellus et"
      text run at (15,846) width 210: "est vitae ante accumsan rhoncus."
      text run at (15,866) width 215: "Morbi convallis, arcu at hendrerit"
      text run at (15,886) width 223: "gravida, sem diam dignissim risus,"
      text run at (15,906) width 198: "sed aliquet erat mi ut mi. Nunc"
      text run at (15,926) width 186: "cursus lacinia elit. Nunc nisi."
      text run at (15,946) width 228: "Quisque at erat. Vestibulum dictum"
      text run at (15,966) width 240: "quam vitae nibh. Nunc vitae ante non"
      text run at (15,986) width 232: "odio interdum blandit. Curabitur leo"
      text run at (15,1006) width 212: "quam, fermentum sed, feugiat in,"
      text run at (15,1026) width 235: "ullamcorper id, nibh. Suspendisse ac"
      text run at (15,1046) width 208: "turpis. In iaculis sollicitudin dui."
      text run at (15,1066) width 197: "Aenean vitae lectus vitae nulla"
      text run at (15,1086) width 199: "pellentesque sollicitudin. Nunc"
      text run at (15,1106) width 229: "gravida pharetra lectus. Etiam lacus"
      text run at (15,1126) width 204: "ligula, placerat ut, dictum vitae,"
      text run at (15,1146) width 204: "tempus vel, risus. Cras rhoncus."
      text run at (15,1166) width 232: "Praesent varius ultricies orci. Donec"
      text run at (15,1186) width 237: "mattis, neque ut ornare fringilla, ante"
      text run at (15,1207) width 237: "urna placerat eros, vel commodo nisi"
      text run at (15,1227) width 223: "tortor ut mauris. Morbi magna dui,"
      text run at (15,1247) width 184: "sagittis sit amet, tincidunt et,"
      text run at (15,1267) width 191: "elementum eget, quam. Fusce"
      text run at (15,1287) width 238: "molestie nisl vitae nisi. Vestibulum a"
      text run at (15,1307) width 240: "sapien. Phasellus ante lacus, vehicula"
      text run at (15,1327) width 209: "non, cursus a, tempor ut, magna."
      text run at (15,1347) width 224: "Suspendisse potenti. Fusce aliquet,"
      text run at (15,1367) width 230: "odio viverra vulputate dictum, enim"
      text run at (15,1387) width 206: "odio luctus purus, ut scelerisque"
      text run at (15,1407) width 202: "quam nulla non est. Donec eros"
      text run at (15,1427) width 208: "lacus, egestas vitae, lacinia quis,"
      text run at (15,1447) width 224: "tempor quis, pede. Morbi orci erat,"
      text run at (15,1467) width 224: "iaculis id, ornare ac, elementum at,"
      text run at (15,1487) width 240: "sem. Nunc ornare sodales nisi. Morbi"
      text run at (15,1507) width 229: "interdum commodo nisl. Fusce eget"
      text run at (15,1527) width 213: "eros non nisi ornare facilisis. Sed"
      text run at (15,1547) width 216: "placerat, est non posuere posuere,"
      text run at (15,1567) width 238: "purus sem dignissim libero, a viverra"
      text run at (15,1587) width 221: "tellus dolor vel lorem. Cras augue."
      text run at (15,1607) width 199: "Etiam ultricies consequat odio."
      text run at (15,1627) width 209: "Mauris ac libero. Etiam posuere,"
      text run at (15,1647) width 220: "libero vitae euismod gravida, urna"
      text run at (15,1667) width 230: "elit imperdiet magna, vel cursus elit"
      text run at (15,1687) width 214: "felis non mauris. Donec orci erat,"
      text run at (15,1707) width 194: "porta id, dignissim ut, posuere"
      text run at (15,1727) width 234: "dictum, leo. Suspendisse scelerisque"
      text run at (15,1747) width 87: "egestas nulla."
