layer at (0,0) size 800x870
  RenderView at (0,0) size 800x600
layer at (0,0) size 800x870
  RenderBlock {HTML} at (0,0) size 800x870
layer at (8,8) size 784x854
  RenderBody {BODY} at (8,8) size 784x854
    RenderBlock {DIV} at (0,19) size 784x31 [bgcolor=#00FFFF]
      RenderBlock (floating) {DIV} at (4,4) size 393x493 [bgcolor=#FFFF00]
        RenderImage {IMG} at (0,0) size 133x70
        RenderText {#text} at (133,0) size 392x99
          text run at (133,0) width 256: "You've already downloaded a build. All"
          text run at (133,20) width 199: "you have to do is use it as your"
          text run at (133,40) width 259: "everyday browser and mail/news reader."
          text run at (133,60) width 202: "If you downloaded a build with"
          text run at (0,80) width 258: "Talkback, please turn it on when it asks."
        RenderBlock (floating) {DIV} at (309,80) size 83x412 [bgcolor=#FF0000]
          RenderBlock {P} at (0,16) size 83x20
            RenderText {#text} at (0,0) size 75x19
              text run at (0,0) width 75: "Hola hola 1"
          RenderBlock {P} at (0,52) size 83x20
            RenderText {#text} at (0,0) size 75x19
              text run at (0,0) width 75: "Hola hola 2"
          RenderBlock {P} at (0,88) size 83x20
            RenderText {#text} at (0,0) size 75x19
              text run at (0,0) width 75: "Hola hola 3"
          RenderBlock {P} at (0,124) size 83x20
            RenderText {#text} at (0,0) size 75x19
              text run at (0,0) width 75: "Hola hola 4"
          RenderBlock {P} at (0,160) size 83x20
            RenderText {#text} at (0,0) size 75x19
              text run at (0,0) width 75: "Hola hola 5"
          RenderBlock {P} at (0,196) size 83x20
            RenderText {#text} at (0,0) size 75x19
              text run at (0,0) width 75: "Hola hola 6"
          RenderBlock {P} at (0,232) size 83x20
            RenderText {#text} at (0,0) size 75x19
              text run at (0,0) width 75: "Hola hola 7"
          RenderBlock {P} at (0,268) size 83x20
            RenderText {#text} at (0,0) size 75x19
              text run at (0,0) width 75: "Hola hola 8"
          RenderBlock {P} at (0,304) size 83x20
            RenderText {#text} at (0,0) size 75x19
              text run at (0,0) width 75: "Hola hola 9"
          RenderBlock {P} at (0,340) size 83x20
            RenderText {#text} at (0,0) size 83x19
              text run at (0,0) width 83: "Hola hola 10"
          RenderBlock {P} at (0,376) size 83x20
            RenderText {#text} at (0,0) size 83x19
              text run at (0,0) width 83: "Hola hola 11"
        RenderText {#text} at (0,100) size 307x59
          text run at (0,100) width 307: "Talkback reports give us really valuable data on"
          text run at (0,120) width 285: "which crashes are the most serious, and how"
          text run at (0,140) width 231: "often people are encountering them."
      RenderBlock (floating) {DIV} at (699,0) size 85x340 [bgcolor=#FF00FF]
        RenderBlock {P} at (0,16) size 85x20
          RenderText {#text} at (0,0) size 85x19
            text run at (0,0) width 85: "Hello Kitty 1"
        RenderBlock {P} at (0,52) size 85x20
          RenderText {#text} at (0,0) size 85x19
            text run at (0,0) width 85: "Hello Kitty 2"
        RenderBlock {P} at (0,88) size 85x20
          RenderText {#text} at (0,0) size 85x19
            text run at (0,0) width 85: "Hello Kitty 3"
        RenderBlock {P} at (0,124) size 85x20
          RenderText {#text} at (0,0) size 85x19
            text run at (0,0) width 85: "Hello Kitty 4"
        RenderBlock {P} at (0,160) size 85x20
          RenderText {#text} at (0,0) size 85x19
            text run at (0,0) width 85: "Hello Kitty 5"
        RenderBlock {P} at (0,196) size 85x20
          RenderText {#text} at (0,0) size 85x19
            text run at (0,0) width 85: "Hello Kitty 6"
        RenderBlock {P} at (0,232) size 85x20
          RenderText {#text} at (0,0) size 85x19
            text run at (0,0) width 85: "Hello Kitty 7"
        RenderBlock {P} at (0,268) size 85x20
          RenderText {#text} at (0,0) size 85x19
            text run at (0,0) width 85: "Hello Kitty 8"
        RenderBlock {P} at (0,304) size 85x20
          RenderText {#text} at (0,0) size 85x19
            text run at (0,0) width 85: "Hello Kitty 9"
      RenderBlock {H2} at (0,0) size 784x30
        RenderText {#text} at (402,1) size 263x28
          text run at (402,1) width 263: "What Needs To Be Done?"
    RenderBlock (floating) {DIV} at (401,69) size 84x413 [bgcolor=#808080]
      RenderBlock {P} at (0,16) size 83x20
        RenderText {#text} at (0,0) size 75x19
          text run at (0,0) width 75: "Hola hola 1"
      RenderBlock {P} at (0,52) size 83x20
        RenderText {#text} at (0,0) size 75x19
          text run at (0,0) width 75: "Hola hola 2"
      RenderBlock {P} at (0,88) size 83x20
        RenderText {#text} at (0,0) size 75x19
          text run at (0,0) width 75: "Hola hola 3"
      RenderBlock {P} at (0,124) size 83x20
        RenderText {#text} at (0,0) size 75x19
          text run at (0,0) width 75: "Hola hola 4"
      RenderBlock {P} at (0,160) size 83x20
        RenderText {#text} at (0,0) size 75x19
          text run at (0,0) width 75: "Hola hola 5"
      RenderBlock {P} at (0,196) size 83x20
        RenderText {#text} at (0,0) size 75x19
          text run at (0,0) width 75: "Hola hola 6"
      RenderBlock {P} at (0,232) size 83x20
        RenderText {#text} at (0,0) size 75x19
          text run at (0,0) width 75: "Hola hola 7"
      RenderBlock {P} at (0,268) size 83x20
        RenderText {#text} at (0,0) size 75x19
          text run at (0,0) width 75: "Hola hola 8"
      RenderBlock {P} at (0,304) size 83x20
        RenderText {#text} at (0,0) size 75x19
          text run at (0,0) width 75: "Hola hola 9"
      RenderBlock {P} at (0,340) size 83x20
        RenderText {#text} at (0,0) size 83x19
          text run at (0,0) width 83: "Hola hola 10"
      RenderBlock {P} at (0,376) size 83x20
        RenderText {#text} at (0,0) size 83x19
          text run at (0,0) width 83: "Hola hola 11"
    RenderBlock {DL} at (0,69) size 784x649
      RenderBlock {DT} at (0,0) size 784x20
        RenderText {#text} at (484,0) size 81x19
          text run at (484,0) width 81: "Report Bugs"
      RenderBlock {DD} at (40,36) size 744x320
        RenderBlock {P} at (0,0) size 744x320
          RenderText {#text} at (444,0) size 213x119
            text run at (444,0) width 190: "You've already downloaded a"
            text run at (444,20) width 213: "build. All you have to do is use it"
            text run at (444,40) width 18: "as "
            text run at (461,40) width 175: "your everyday browser and"
            text run at (444,60) width 157: "mail/news reader. If you"
            text run at (444,80) width 159: "downloaded a build with"
            text run at (444,100) width 68: "Talkback, "
          RenderInline {EM} at (0,0) size 105x19
            RenderText {#text} at (511,100) size 105x19
              text run at (511,100) width 46: "please "
              text run at (556,100) width 60: "turn it on"
          RenderText {#text} at (615,100) size 226x179
            text run at (615,100) width 40: " when"
            text run at (444,120) width 192: "it asks. Talkback reports give "
            text run at (635,120) width 16: "us"
            text run at (444,140) width 130: "really valuable data "
            text run at (573,140) width 60: "on which"
            text run at (444,160) width 210: "crashes are the most serious, and"
            text run at (444,180) width 32: "how "
            text run at (475,180) width 104: "often people are"
            text run at (444,200) width 88: "encountering "
            text run at (531,200) width 117: "them. And all you"
            text run at (444,220) width 165: "have to do is click \"OK\". "
            text run at (608,220) width 40: "If you"
            text run at (444,240) width 188: "find something you think is a"
            text run at (444,260) width 226: "bug, check to see if it's not already "
          RenderInline {A} at (0,0) size 270x39 [color=#0000EE]
            RenderText {#text} at (669,260) size 270x39
              text run at (669,260) width 45: "known"
              text run at (444,280) width 36: "about"
          RenderText {#text} at (479,280) size 181x19
            text run at (479,280) width 112: ", and then please "
            text run at (590,280) width 70: "follow the "
          RenderInline {A} at (0,0) size 240x39 [color=#0000EE]
            RenderText {#text} at (659,280) size 240x39
              text run at (659,280) width 25: "bug"
              text run at (444,300) width 140: "submission procedure"
          RenderText {#text} at (583,300) size 5x19
            text run at (583,300) width 5: "."
      RenderBlock (floating) {DIV} at (484,372) size 83x412 [bgcolor=#008000]
        RenderBlock {P} at (0,16) size 83x20
          RenderText {#text} at (0,0) size 75x19
            text run at (0,0) width 75: "Hola hola 1"
        RenderBlock {P} at (0,52) size 83x20
          RenderText {#text} at (0,0) size 75x19
            text run at (0,0) width 75: "Hola hola 2"
        RenderBlock {P} at (0,88) size 83x20
          RenderText {#text} at (0,0) size 75x19
            text run at (0,0) width 75: "Hola hola 3"
        RenderBlock {P} at (0,124) size 83x20
          RenderText {#text} at (0,0) size 75x19
            text run at (0,0) width 75: "Hola hola 4"
        RenderBlock {P} at (0,160) size 83x20
          RenderText {#text} at (0,0) size 75x19
            text run at (0,0) width 75: "Hola hola 5"
        RenderBlock {P} at (0,196) size 83x20
          RenderText {#text} at (0,0) size 75x19
            text run at (0,0) width 75: "Hola hola 6"
        RenderBlock {P} at (0,232) size 83x20
          RenderText {#text} at (0,0) size 75x19
            text run at (0,0) width 75: "Hola hola 7"
        RenderBlock {P} at (0,268) size 83x20
          RenderText {#text} at (0,0) size 75x19
            text run at (0,0) width 75: "Hola hola 8"
        RenderBlock {P} at (0,304) size 83x20
          RenderText {#text} at (0,0) size 75x19
            text run at (0,0) width 75: "Hola hola 9"
        RenderBlock {P} at (0,340) size 83x20
          RenderText {#text} at (0,0) size 83x19
            text run at (0,0) width 83: "Hola hola 10"
        RenderBlock {P} at (0,376) size 83x20
          RenderText {#text} at (0,0) size 83x19
            text run at (0,0) width 83: "Hola hola 11"
      RenderBlock {DT} at (0,372) size 784x20
        RenderText {#text} at (567,0) size 119x19
          text run at (567,0) width 119: "Quality Assurance"
      RenderBlock {DD} at (40,408) size 744x240
        RenderBlock {P} at (0,0) size 744x240
          RenderInline {A} at (0,0) size 77x19 [color=#0000EE]
            RenderText {#text} at (527,0) size 77x19
              text run at (527,0) width 77: "Mozilla QA"
          RenderText {#text} at (603,0) size 42x19
            text run at (603,0) width 5: " "
            text run at (607,0) width 38: "has a "
          RenderInline {A} at (0,0) size 31x19 [color=#0000EE]
            RenderText {#text} at (644,0) size 31x19
              text run at (644,0) width 31: "page"
          RenderText {#text} at (674,0) size 214x219
            text run at (674,0) width 5: " "
            text run at (678,0) width 62: "dedicated"
            text run at (527,20) width 182: "to ways to get involved with"
            text run at (527,40) width 186: "helping. This doesn't involve"
            text run at (527,60) width 214: "knowing how to code, although a"
            text run at (527,80) width 185: "little knowledge of HTML is"
            text run at (527,100) width 96: "helpful. Being "
            text run at (622,100) width 117: "involved with QA"
            text run at (527,120) width 15: "is "
            text run at (541,120) width 198: "good for people wanting to get"
            text run at (527,140) width 124: "more familiar with "
            text run at (650,140) width 82: "Mozilla, and"
            text run at (527,160) width 193: "there's a strong community. A"
            text run at (527,180) width 181: "particularly good way to get"
            text run at (527,200) width 60: "involved "
            text run at (586,200) width 81: "is to join the"
          RenderInline {A} at (0,0) size 72x19 [color=#0000EE]
            RenderText {#text} at (527,220) size 72x19
              text run at (527,220) width 72: "BugAThon"
          RenderText {#text} at (599,220) size 4x19
            text run at (599,220) width 4: "."
