layer at (0,0) size 1992x1010
  RenderView at (0,0) size 800x600
layer at (0,0) size 800x1010
  RenderBlock {HTML} at (0,0) size 800x1010
    RenderBody {BODY} at (8,8) size 784x994
      RenderBlock {HR} at (0,358) size 784x2 [border: (1px inset #000000)]
      RenderBlock {HR} at (0,676) size 784x2 [border: (1px inset #000000)]
layer at (8,8) size 784x350
  RenderBlock {DIV} at (0,0) size 784x350
    RenderTable {TABLE} at (0,0) size 384x1307 [border: (1px outset #808080)]
      RenderTableSection {TBODY} at (1,1) size 382x1305
        RenderTableRow {TR} at (0,0) size 382x1305
          RenderTableCell {TD} at (0,44) size 145x1261 [border: (1px inset #808080)] [r=0 c=0 rs=1 cs=1]
            RenderText {#text} at (11,11) size 108x39
              text run at (11,11) width 108: "This cell has lots"
              text run at (11,31) width 46: "of text."
            RenderBR {BR} at (56,46) size 1x0
            RenderText {#text} at (11,51) size 108x39
              text run at (11,51) width 108: "This cell has lots"
              text run at (11,71) width 46: "of text."
            RenderBR {BR} at (56,86) size 1x0
            RenderText {#text} at (11,91) size 108x39
              text run at (11,91) width 108: "This cell has lots"
              text run at (11,111) width 46: "of text."
            RenderBR {BR} at (56,126) size 1x0
            RenderText {#text} at (11,131) size 108x39
              text run at (11,131) width 108: "This cell has lots"
              text run at (11,151) width 46: "of text."
            RenderBR {BR} at (56,166) size 1x0
            RenderText {#text} at (11,171) size 108x39
              text run at (11,171) width 108: "This cell has lots"
              text run at (11,191) width 46: "of text."
            RenderBR {BR} at (56,206) size 1x0
            RenderText {#text} at (11,211) size 108x39
              text run at (11,211) width 108: "This cell has lots"
              text run at (11,231) width 46: "of text."
            RenderBR {BR} at (56,246) size 1x0
            RenderText {#text} at (11,251) size 108x39
              text run at (11,251) width 108: "This cell has lots"
              text run at (11,271) width 46: "of text."
            RenderBR {BR} at (56,286) size 1x0
            RenderText {#text} at (11,306) size 108x39
              text run at (11,306) width 108: "This cell has lots"
              text run at (11,326) width 46: "of text."
            RenderBR {BR} at (56,341) size 1x0
            RenderText {#text} at (11,346) size 108x39
              text run at (11,346) width 108: "This cell has lots"
              text run at (11,366) width 46: "of text."
            RenderBR {BR} at (56,381) size 1x0
            RenderText {#text} at (11,386) size 108x39
              text run at (11,386) width 108: "This cell has lots"
              text run at (11,406) width 46: "of text."
            RenderBR {BR} at (56,421) size 1x0
            RenderText {#text} at (11,426) size 108x39
              text run at (11,426) width 108: "This cell has lots"
              text run at (11,446) width 46: "of text."
            RenderBR {BR} at (56,461) size 1x0
            RenderText {#text} at (11,466) size 108x39
              text run at (11,466) width 108: "This cell has lots"
              text run at (11,486) width 46: "of text."
            RenderBR {BR} at (56,501) size 1x0
            RenderText {#text} at (11,506) size 108x39
              text run at (11,506) width 108: "This cell has lots"
              text run at (11,526) width 46: "of text."
            RenderBR {BR} at (56,541) size 1x0
            RenderText {#text} at (11,546) size 108x39
              text run at (11,546) width 108: "This cell has lots"
              text run at (11,566) width 46: "of text."
            RenderBR {BR} at (56,581) size 1x0
            RenderText {#text} at (11,586) size 108x39
              text run at (11,586) width 108: "This cell has lots"
              text run at (11,606) width 46: "of text."
            RenderBR {BR} at (56,621) size 1x0
            RenderText {#text} at (11,626) size 108x49
              text run at (11,626) width 108: "This cell has lots"
              text run at (11,656) width 46: "of text."
            RenderBR {BR} at (56,671) size 1x0
            RenderText {#text} at (11,676) size 108x39
              text run at (11,676) width 108: "This cell has lots"
              text run at (11,696) width 46: "of text."
            RenderBR {BR} at (56,711) size 1x0
            RenderText {#text} at (11,716) size 108x39
              text run at (11,716) width 108: "This cell has lots"
              text run at (11,736) width 46: "of text."
            RenderBR {BR} at (56,751) size 1x0
            RenderText {#text} at (11,756) size 108x39
              text run at (11,756) width 108: "This cell has lots"
              text run at (11,776) width 46: "of text."
            RenderBR {BR} at (56,791) size 1x0
            RenderText {#text} at (11,796) size 108x39
              text run at (11,796) width 108: "This cell has lots"
              text run at (11,816) width 46: "of text."
            RenderBR {BR} at (56,831) size 1x0
            RenderText {#text} at (11,836) size 108x39
              text run at (11,836) width 108: "This cell has lots"
              text run at (11,856) width 46: "of text."
            RenderBR {BR} at (56,871) size 1x0
            RenderText {#text} at (11,876) size 108x39
              text run at (11,876) width 108: "This cell has lots"
              text run at (11,896) width 46: "of text."
            RenderBR {BR} at (56,911) size 1x0
            RenderText {#text} at (11,916) size 108x39
              text run at (11,916) width 108: "This cell has lots"
              text run at (11,936) width 46: "of text."
            RenderBR {BR} at (56,951) size 1x0
            RenderText {#text} at (11,956) size 108x39
              text run at (11,956) width 108: "This cell has lots"
              text run at (11,976) width 46: "of text."
            RenderBR {BR} at (56,991) size 1x0
            RenderText {#text} at (11,1006) size 108x39
              text run at (11,1006) width 108: "This cell has lots"
              text run at (11,1026) width 46: "of text."
            RenderBR {BR} at (56,1041) size 1x0
            RenderText {#text} at (11,1046) size 108x39
              text run at (11,1046) width 108: "This cell has lots"
              text run at (11,1066) width 46: "of text."
            RenderBR {BR} at (56,1081) size 1x0
            RenderText {#text} at (11,1086) size 108x39
              text run at (11,1086) width 108: "This cell has lots"
              text run at (11,1106) width 46: "of text."
            RenderBR {BR} at (56,1121) size 1x0
            RenderText {#text} at (11,1126) size 108x39
              text run at (11,1126) width 108: "This cell has lots"
              text run at (11,1146) width 46: "of text."
            RenderBR {BR} at (56,1161) size 1x0
            RenderText {#text} at (11,1166) size 108x39
              text run at (11,1166) width 108: "This cell has lots"
              text run at (11,1186) width 46: "of text."
            RenderBR {BR} at (56,1201) size 1x0
            RenderText {#text} at (11,1206) size 108x39
              text run at (11,1206) width 108: "This cell has lots"
              text run at (11,1226) width 46: "of text."
            RenderBR {BR} at (56,1241) size 1x0
          RenderTableCell {TD} at (145,0) size 237x172 [border: (1px inset #808080)] [r=0 c=1 rs=1 cs=1]
            RenderInline {SPAN} at (0,0) size 146x147
              RenderText {#text} at (11,12) size 146x147
                text run at (11,12) width 146: "Other"
                text run at (11,87) width 109: "cell."
layer at (8,376) size 784x300
  RenderBlock {DIV} at (0,368) size 784x300
    RenderTable {TABLE} at (0,0) size 384x1293 [border: (1px outset #808080)]
      RenderTableSection {TBODY} at (1,1) size 382x1291
        RenderTableRow {TR} at (0,0) size 382x1231
          RenderTableCell {TD} at (0,0) size 145x1291 [border: (1px inset #808080)] [r=0 c=0 rs=1 cs=1]
            RenderText {#text} at (11,11) size 108x39
              text run at (11,11) width 108: "This cell has lots"
              text run at (11,31) width 46: "of text."
            RenderBR {BR} at (56,46) size 1x0
            RenderText {#text} at (11,51) size 108x39
              text run at (11,51) width 108: "This cell has lots"
              text run at (11,71) width 46: "of text."
            RenderBR {BR} at (56,86) size 1x0
            RenderText {#text} at (11,91) size 108x39
              text run at (11,91) width 108: "This cell has lots"
              text run at (11,111) width 46: "of text."
            RenderBR {BR} at (56,126) size 1x0
            RenderText {#text} at (11,131) size 108x39
              text run at (11,131) width 108: "This cell has lots"
              text run at (11,151) width 46: "of text."
            RenderBR {BR} at (56,166) size 1x0
            RenderText {#text} at (11,171) size 108x39
              text run at (11,171) width 108: "This cell has lots"
              text run at (11,191) width 46: "of text."
            RenderBR {BR} at (56,206) size 1x0
            RenderText {#text} at (11,211) size 108x39
              text run at (11,211) width 108: "This cell has lots"
              text run at (11,231) width 46: "of text."
            RenderBR {BR} at (56,246) size 1x0
            RenderText {#text} at (11,251) size 108x39
              text run at (11,251) width 108: "This cell has lots"
              text run at (11,271) width 46: "of text."
            RenderBR {BR} at (56,286) size 1x0
            RenderText {#text} at (11,300) size 108x39
              text run at (11,300) width 108: "This cell has lots"
              text run at (11,320) width 46: "of text."
            RenderBR {BR} at (56,335) size 1x0
            RenderText {#text} at (11,340) size 108x39
              text run at (11,340) width 108: "This cell has lots"
              text run at (11,360) width 46: "of text."
            RenderBR {BR} at (56,375) size 1x0
            RenderText {#text} at (11,380) size 108x39
              text run at (11,380) width 108: "This cell has lots"
              text run at (11,400) width 46: "of text."
            RenderBR {BR} at (56,415) size 1x0
            RenderText {#text} at (11,420) size 108x39
              text run at (11,420) width 108: "This cell has lots"
              text run at (11,440) width 46: "of text."
            RenderBR {BR} at (56,455) size 1x0
            RenderText {#text} at (11,460) size 108x39
              text run at (11,460) width 108: "This cell has lots"
              text run at (11,480) width 46: "of text."
            RenderBR {BR} at (56,495) size 1x0
            RenderText {#text} at (11,500) size 108x39
              text run at (11,500) width 108: "This cell has lots"
              text run at (11,520) width 46: "of text."
            RenderBR {BR} at (56,535) size 1x0
            RenderText {#text} at (11,540) size 108x39
              text run at (11,540) width 108: "This cell has lots"
              text run at (11,560) width 46: "of text."
            RenderBR {BR} at (56,575) size 1x0
            RenderText {#text} at (11,580) size 108x39
              text run at (11,580) width 108: "This cell has lots"
              text run at (11,600) width 46: "of text."
            RenderBR {BR} at (56,615) size 1x0
            RenderText {#text} at (11,620) size 108x39
              text run at (11,620) width 108: "This cell has lots"
              text run at (11,640) width 46: "of text."
            RenderBR {BR} at (56,655) size 1x0
            RenderText {#text} at (11,660) size 108x39
              text run at (11,660) width 108: "This cell has lots"
              text run at (11,680) width 46: "of text."
            RenderBR {BR} at (56,695) size 1x0
            RenderText {#text} at (11,700) size 108x39
              text run at (11,700) width 108: "This cell has lots"
              text run at (11,720) width 46: "of text."
            RenderBR {BR} at (56,735) size 1x0
            RenderText {#text} at (11,740) size 108x39
              text run at (11,740) width 108: "This cell has lots"
              text run at (11,760) width 46: "of text."
            RenderBR {BR} at (56,775) size 1x0
            RenderText {#text} at (11,780) size 108x39
              text run at (11,780) width 108: "This cell has lots"
              text run at (11,800) width 46: "of text."
            RenderBR {BR} at (56,815) size 1x0
            RenderText {#text} at (11,820) size 108x39
              text run at (11,820) width 108: "This cell has lots"
              text run at (11,840) width 46: "of text."
            RenderBR {BR} at (56,855) size 1x0
            RenderText {#text} at (11,860) size 108x39
              text run at (11,860) width 108: "This cell has lots"
              text run at (11,880) width 46: "of text."
            RenderBR {BR} at (56,895) size 1x0
            RenderText {#text} at (11,900) size 108x39
              text run at (11,900) width 108: "This cell has lots"
              text run at (11,920) width 46: "of text."
            RenderBR {BR} at (56,935) size 1x0
            RenderText {#text} at (11,940) size 108x39
              text run at (11,940) width 108: "This cell has lots"
              text run at (11,960) width 46: "of text."
            RenderBR {BR} at (56,975) size 1x0
            RenderText {#text} at (11,980) size 108x39
              text run at (11,980) width 108: "This cell has lots"
              text run at (11,1000) width 46: "of text."
            RenderBR {BR} at (56,1015) size 1x0
            RenderText {#text} at (11,1020) size 108x39
              text run at (11,1020) width 108: "This cell has lots"
              text run at (11,1040) width 46: "of text."
            RenderBR {BR} at (56,1055) size 1x0
            RenderText {#text} at (11,1060) size 108x39
              text run at (11,1060) width 108: "This cell has lots"
              text run at (11,1080) width 46: "of text."
            RenderBR {BR} at (56,1095) size 1x0
            RenderText {#text} at (11,1100) size 108x39
              text run at (11,1100) width 108: "This cell has lots"
              text run at (11,1120) width 46: "of text."
            RenderBR {BR} at (56,1135) size 1x0
            RenderText {#text} at (11,1140) size 108x39
              text run at (11,1140) width 108: "This cell has lots"
              text run at (11,1160) width 46: "of text."
            RenderBR {BR} at (56,1175) size 1x0
            RenderText {#text} at (11,1180) size 108x39
              text run at (11,1180) width 108: "This cell has lots"
              text run at (11,1200) width 46: "of text."
            RenderBR {BR} at (56,1215) size 1x0
          RenderTableCell {TD} at (145,529) size 237x232 [border: (1px inset #808080)] [r=0 c=1 rs=1 cs=1]
            RenderInline {SPAN} at (0,0) size 146x147
              RenderText {#text} at (11,72) size 146x147
                text run at (11,72) width 146: "Other"
                text run at (11,147) width 109: "cell."
layer at (8,702) size 784x300
  RenderBlock {DIV} at (0,694) size 784x300
    RenderTable {TABLE} at (0,0) size 384x1288 [border: (1px outset #808080)]
      RenderTableSection {TBODY} at (1,1) size 382x1286
        RenderTableRow {TR} at (0,0) size 382x1231
          RenderTableCell {TD} at (0,0) size 145x1286 [border: (1px inset #808080)] [r=0 c=0 rs=1 cs=1]
            RenderText {#text} at (11,11) size 108x39
              text run at (11,11) width 108: "This cell has lots"
              text run at (11,31) width 46: "of text."
            RenderBR {BR} at (56,46) size 1x0
            RenderText {#text} at (11,51) size 108x39
              text run at (11,51) width 108: "This cell has lots"
              text run at (11,71) width 46: "of text."
            RenderBR {BR} at (56,86) size 1x0
            RenderText {#text} at (11,91) size 108x39
              text run at (11,91) width 108: "This cell has lots"
              text run at (11,111) width 46: "of text."
            RenderBR {BR} at (56,126) size 1x0
            RenderText {#text} at (11,131) size 108x39
              text run at (11,131) width 108: "This cell has lots"
              text run at (11,151) width 46: "of text."
            RenderBR {BR} at (56,166) size 1x0
            RenderText {#text} at (11,171) size 108x39
              text run at (11,171) width 108: "This cell has lots"
              text run at (11,191) width 46: "of text."
            RenderBR {BR} at (56,206) size 1x0
            RenderText {#text} at (11,211) size 108x39
              text run at (11,211) width 108: "This cell has lots"
              text run at (11,231) width 46: "of text."
            RenderBR {BR} at (56,246) size 1x0
            RenderText {#text} at (11,251) size 108x39
              text run at (11,251) width 108: "This cell has lots"
              text run at (11,271) width 46: "of text."
            RenderBR {BR} at (56,286) size 1x0
            RenderText {#text} at (11,300) size 108x39
              text run at (11,300) width 108: "This cell has lots"
              text run at (11,320) width 46: "of text."
            RenderBR {BR} at (56,335) size 1x0
            RenderText {#text} at (11,340) size 108x39
              text run at (11,340) width 108: "This cell has lots"
              text run at (11,360) width 46: "of text."
            RenderBR {BR} at (56,375) size 1x0
            RenderText {#text} at (11,380) size 108x39
              text run at (11,380) width 108: "This cell has lots"
              text run at (11,400) width 46: "of text."
            RenderBR {BR} at (56,415) size 1x0
            RenderText {#text} at (11,420) size 108x39
              text run at (11,420) width 108: "This cell has lots"
              text run at (11,440) width 46: "of text."
            RenderBR {BR} at (56,455) size 1x0
            RenderText {#text} at (11,460) size 108x39
              text run at (11,460) width 108: "This cell has lots"
              text run at (11,480) width 46: "of text."
            RenderBR {BR} at (56,495) size 1x0
            RenderText {#text} at (11,500) size 108x39
              text run at (11,500) width 108: "This cell has lots"
              text run at (11,520) width 46: "of text."
            RenderBR {BR} at (56,535) size 1x0
            RenderText {#text} at (11,540) size 108x39
              text run at (11,540) width 108: "This cell has lots"
              text run at (11,560) width 46: "of text."
            RenderBR {BR} at (56,575) size 1x0
            RenderText {#text} at (11,580) size 108x39
              text run at (11,580) width 108: "This cell has lots"
              text run at (11,600) width 46: "of text."
            RenderBR {BR} at (56,615) size 1x0
            RenderText {#text} at (11,620) size 108x39
              text run at (11,620) width 108: "This cell has lots"
              text run at (11,640) width 46: "of text."
            RenderBR {BR} at (56,655) size 1x0
            RenderText {#text} at (11,660) size 108x39
              text run at (11,660) width 108: "This cell has lots"
              text run at (11,680) width 46: "of text."
            RenderBR {BR} at (56,695) size 1x0
            RenderText {#text} at (11,700) size 108x39
              text run at (11,700) width 108: "This cell has lots"
              text run at (11,720) width 46: "of text."
            RenderBR {BR} at (56,735) size 1x0
            RenderText {#text} at (11,740) size 108x39
              text run at (11,740) width 108: "This cell has lots"
              text run at (11,760) width 46: "of text."
            RenderBR {BR} at (56,775) size 1x0
            RenderText {#text} at (11,780) size 108x39
              text run at (11,780) width 108: "This cell has lots"
              text run at (11,800) width 46: "of text."
            RenderBR {BR} at (56,815) size 1x0
            RenderText {#text} at (11,820) size 108x39
              text run at (11,820) width 108: "This cell has lots"
              text run at (11,840) width 46: "of text."
            RenderBR {BR} at (56,855) size 1x0
            RenderText {#text} at (11,860) size 108x39
              text run at (11,860) width 108: "This cell has lots"
              text run at (11,880) width 46: "of text."
            RenderBR {BR} at (56,895) size 1x0
            RenderText {#text} at (11,900) size 108x39
              text run at (11,900) width 108: "This cell has lots"
              text run at (11,920) width 46: "of text."
            RenderBR {BR} at (56,935) size 1x0
            RenderText {#text} at (11,940) size 108x39
              text run at (11,940) width 108: "This cell has lots"
              text run at (11,960) width 46: "of text."
            RenderBR {BR} at (56,975) size 1x0
            RenderText {#text} at (11,980) size 108x39
              text run at (11,980) width 108: "This cell has lots"
              text run at (11,1000) width 46: "of text."
            RenderBR {BR} at (56,1015) size 1x0
            RenderText {#text} at (11,1020) size 108x39
              text run at (11,1020) width 108: "This cell has lots"
              text run at (11,1040) width 46: "of text."
            RenderBR {BR} at (56,1055) size 1x0
            RenderText {#text} at (11,1060) size 108x39
              text run at (11,1060) width 108: "This cell has lots"
              text run at (11,1080) width 46: "of text."
            RenderBR {BR} at (56,1095) size 1x0
            RenderText {#text} at (11,1100) size 108x39
              text run at (11,1100) width 108: "This cell has lots"
              text run at (11,1120) width 46: "of text."
            RenderBR {BR} at (56,1135) size 1x0
            RenderText {#text} at (11,1140) size 108x39
              text run at (11,1140) width 108: "This cell has lots"
              text run at (11,1160) width 46: "of text."
            RenderBR {BR} at (56,1175) size 1x0
            RenderText {#text} at (11,1180) size 108x39
              text run at (11,1180) width 108: "This cell has lots"
              text run at (11,1200) width 46: "of text."
            RenderBR {BR} at (56,1215) size 1x0
          RenderTableCell {TD} at (145,1059) size 237x227 [border: (1px inset #808080)] [r=0 c=1 rs=1 cs=1]
            RenderInline {SPAN} at (0,0) size 146x202
              RenderText {#text} at (11,12) size 146x202
                text run at (11,12) width 146: "Other"
                text run at (11,142) width 109: "cell."
