layer at (0,0) size 800x600
  RenderView at (0,0) size 800x600
layer at (0,0) size 800x600
  RenderBlock {HTML} at (0,0) size 800x600
    RenderBody {BODY} at (8,8) size 784x584
      RenderText {#text} at (185,30) size 246x17
        text run at (185,30) width 246: " This should not be part of the textarea."
layer at (10,10) size 181x40 clip at (11,11) size 164x38 scrollHeight 72
  RenderTextControl {TEXTAREA} at (2,2) size 181x40 [bgcolor=#FFFFFF] [border: (1px solid #000000)]
    RenderBlock {DIV} at (3,3) size 160x68
      RenderText {#text} at (0,0) size 138x51
        text run at (0,0) width 24: "<!--"
        text run at (0,17) width 138: "This should be part of"
        text run at (0,34) width 76: "the textarea."
      RenderBR {BR} at (0,51) size 0x17
