layer at (0,0) size 800x600
  RenderView at (0,0) size 800x600
layer at (0,0) size 800x523
  RenderBlock {HTML} at (0,0) size 800x523
    RenderBody {BODY} at (8,16) size 784x477
      RenderBlock {P} at (0,0) size 784x17
        RenderText {#text} at (0,0) size 547x17
          text run at (0,0) width 547: "Tests that origin of rotation is the center of the border box, with and without box-sizing"
      RenderBlock {DIV} at (30,47) size 200x200 [bgcolor=#FF0000]
      RenderBlock {DIV} at (30,277) size 200x200 [bgcolor=#FF0000]
layer at (38,63) size 200x200
  RenderBlock {DIV} at (0,0) size 200x200 [bgcolor=#008000] [border: none (100px solid #808080) none]
    RenderText {#text} at (0,0) size 70x34
      text run at (0,0) width 70: "box-sizing:"
      text run at (0,17) width 27: "auto"
layer at (38,293) size 200x200
  RenderBlock {DIV} at (0,0) size 200x200 [bgcolor=#008000] [border: none (100px solid #808080) none]
    RenderText {#text} at (0,0) size 70x34
      text run at (0,0) width 70: "box-sizing:"
      text run at (0,17) width 27: "auto"
