layer at (0,0) size 800x600
  RenderView at (0,0) size 800x600
layer at (0,0) size 800x52
  RenderBlock {HTML} at (0,0) size 800x52
    RenderBody {BODY} at (8,16) size 784x20
      RenderBlock {P} at (0,0) size 784x20
        RenderText {#text} at (0,0) size 344x19
          text run at (0,0) width 344: "The iframe below should remain grey when scrolling."
layer at (8,52) size 324x229
  RenderBlock (positioned) zI: 1 {DIV} at (8,52) size 324x229
    RenderPartObject {IFRAME} at (10,10) size 304x204 [border: (2px inset #000000)]
      layer at (0,0) size 300x1016
        RenderView at (0,0) size 300x200
      layer at (0,0) size 300x1016
        RenderBlock {HTML} at (0,0) size 300x1016
          RenderBody {BODY} at (8,8) size 284x1000 [bgcolor=#C0C0C0]
    RenderText zI: 1 {#text} at (0,0) size 0x0
