layer at (0,0) size 800x7450
  RenderView at (0,0) size 800x600
layer at (0,0) size 800x7450
  RenderBlock {HTML} at (0,0) size 800x7450
    RenderBody {BODY} at (8,8) size 784x7426
      RenderBlock (anonymous) at (0,0) size 784x20
        RenderText {#text} at (0,0) size 352x19
          text run at (0,0) width 352: "This tests font choices and metrics for the fantasy font."
      RenderBlock {P} at (0,36) size 784x2470
        RenderInline {FONT} at (0,0) size 59x2470
          RenderText {#text} at (0,0) size 54x26
            text run at (0,0) width 54: "fantasy"
          RenderBR {BR} at (53,16) size 1x0
          RenderText {#text} at (0,26) size 15x26
            text run at (0,26) width 15: "    "
          RenderBR {BR} at (14,42) size 1x0
          RenderText {#text} at (0,52) size 17x26
            text run at (0,52) width 17: "!!!!"
          RenderBR {BR} at (16,68) size 1x0
          RenderText {#text} at (0,78) size 21x26
            text run at (0,78) width 21: "\"\"\"\""
          RenderBR {BR} at (20,94) size 1x0
          RenderText {#text} at (0,104) size 40x26
            text run at (0,104) width 40: "####"
          RenderBR {BR} at (39,120) size 1x0
          RenderText {#text} at (0,130) size 35x26
            text run at (0,130) width 35: "$$$$"
          RenderBR {BR} at (34,146) size 1x0
          RenderText {#text} at (0,156) size 49x26
            text run at (0,156) width 49: "%%%%"
          RenderBR {BR} at (48,172) size 1x0
          RenderText {#text} at (0,182) size 51x26
            text run at (0,182) width 51: "&&&&"
          RenderBR {BR} at (50,198) size 1x0
          RenderText {#text} at (0,208) size 13x26
            text run at (0,208) width 13: "''''"
          RenderBR {BR} at (12,224) size 1x0
          RenderText {#text} at (0,234) size 28x26
            text run at (0,234) width 28: "(((("
          RenderBR {BR} at (27,250) size 1x0
          RenderText {#text} at (0,260) size 28x26
            text run at (0,260) width 28: "))))"
          RenderBR {BR} at (27,276) size 1x0
          RenderText {#text} at (0,286) size 25x26
            text run at (0,286) width 25: "****"
          RenderBR {BR} at (24,302) size 1x0
          RenderText {#text} at (0,312) size 33x26
            text run at (0,312) width 33: "++++"
          RenderBR {BR} at (32,328) size 1x0
          RenderText {#text} at (0,338) size 18x26
            text run at (0,338) width 18: ",,,,"
          RenderBR {BR} at (17,354) size 1x0
          RenderText {#text} at (0,364) size 30x26
            text run at (0,364) width 30: "----"
          RenderBR {BR} at (29,380) size 1x0
          RenderText {#text} at (0,390) size 18x26
            text run at (0,390) width 18: "...."
          RenderBR {BR} at (17,406) size 1x0
          RenderText {#text} at (0,416) size 34x26
            text run at (0,416) width 34: "////"
          RenderBR {BR} at (33,432) size 1x0
          RenderText {#text} at (0,442) size 43x26
            text run at (0,442) width 43: "0000"
          RenderBR {BR} at (42,458) size 1x0
          RenderText {#text} at (0,468) size 17x26
            text run at (0,468) width 17: "1111"
          RenderBR {BR} at (16,484) size 1x0
          RenderText {#text} at (0,494) size 33x26
            text run at (0,494) width 33: "2222"
          RenderBR {BR} at (32,510) size 1x0
          RenderText {#text} at (0,520) size 31x26
            text run at (0,520) width 31: "3333"
          RenderBR {BR} at (30,536) size 1x0
          RenderText {#text} at (0,546) size 43x26
            text run at (0,546) width 43: "4444"
          RenderBR {BR} at (42,562) size 1x0
          RenderText {#text} at (0,572) size 32x26
            text run at (0,572) width 32: "5555"
          RenderBR {BR} at (31,588) size 1x0
          RenderText {#text} at (0,598) size 34x26
            text run at (0,598) width 34: "6666"
          RenderBR {BR} at (33,614) size 1x0
          RenderText {#text} at (0,624) size 30x26
            text run at (0,624) width 30: "7777"
          RenderBR {BR} at (29,640) size 1x0
          RenderText {#text} at (0,650) size 32x26
            text run at (0,650) width 32: "8888"
          RenderBR {BR} at (31,666) size 1x0
          RenderText {#text} at (0,676) size 34x26
            text run at (0,676) width 34: "9999"
          RenderBR {BR} at (33,692) size 1x0
          RenderText {#text} at (0,702) size 18x26
            text run at (0,702) width 18: "::::"
          RenderBR {BR} at (17,718) size 1x0
          RenderText {#text} at (0,728) size 18x26
            text run at (0,728) width 18: ";;;;"
          RenderBR {BR} at (17,744) size 1x0
          RenderText {#text} at (0,754) size 36x26
            text run at (0,754) width 36: "<<<<"
          RenderBR {BR} at (35,770) size 1x0
          RenderText {#text} at (0,780) size 30x26
            text run at (0,780) width 30: "===="
          RenderBR {BR} at (29,796) size 1x0
          RenderText {#text} at (0,806) size 36x26
            text run at (0,806) width 36: ">>>>"
          RenderBR {BR} at (35,822) size 1x0
          RenderText {#text} at (0,832) size 31x26
            text run at (0,832) width 31: "????"
          RenderBR {BR} at (30,848) size 1x0
          RenderText {#text} at (0,858) size 39x26
            text run at (0,858) width 39: "@@@@"
          RenderBR {BR} at (38,874) size 1x0
          RenderText {#text} at (0,884) size 47x26
            text run at (0,884) width 47: "AAAA"
          RenderBR {BR} at (46,900) size 1x0
          RenderText {#text} at (0,910) size 47x26
            text run at (0,910) width 47: "BBBB"
          RenderBR {BR} at (46,926) size 1x0
          RenderText {#text} at (0,936) size 45x26
            text run at (0,936) width 45: "CCCC"
          RenderBR {BR} at (44,952) size 1x0
          RenderText {#text} at (0,962) size 53x26
            text run at (0,962) width 53: "DDDD"
          RenderBR {BR} at (52,978) size 1x0
          RenderText {#text} at (0,988) size 47x26
            text run at (0,988) width 47: "EEEE"
          RenderBR {BR} at (46,1004) size 1x0
          RenderText {#text} at (0,1014) size 40x26
            text run at (0,1014) width 40: "FFFF"
          RenderBR {BR} at (39,1030) size 1x0
          RenderText {#text} at (0,1040) size 48x26
            text run at (0,1040) width 48: "GGGG"
          RenderBR {BR} at (47,1056) size 1x0
          RenderText {#text} at (0,1066) size 49x26
            text run at (0,1066) width 49: "HHHH"
          RenderBR {BR} at (48,1082) size 1x0
          RenderText {#text} at (0,1092) size 16x26
            text run at (0,1092) width 16: "IIII"
          RenderBR {BR} at (15,1108) size 1x0
          RenderText {#text} at (0,1118) size 35x26
            text run at (0,1118) width 35: "JJJJ"
          RenderBR {BR} at (34,1134) size 1x0
          RenderText {#text} at (0,1144) size 46x26
            text run at (0,1144) width 46: "KKKK"
          RenderBR {BR} at (45,1160) size 1x0
          RenderText {#text} at (0,1170) size 39x26
            text run at (0,1170) width 39: "LLLL"
          RenderBR {BR} at (38,1186) size 1x0
          RenderText {#text} at (0,1196) size 56x26
            text run at (0,1196) width 56: "MMMM"
          RenderBR {BR} at (55,1212) size 1x0
          RenderText {#text} at (0,1222) size 42x26
            text run at (0,1222) width 42: "NNNN"
          RenderBR {BR} at (41,1238) size 1x0
          RenderText {#text} at (0,1248) size 59x26
            text run at (0,1248) width 59: "OOOO"
          RenderBR {BR} at (58,1264) size 1x0
          RenderText {#text} at (0,1274) size 42x26
            text run at (0,1274) width 42: "PPPP"
          RenderBR {BR} at (41,1290) size 1x0
          RenderText {#text} at (0,1300) size 59x26
            text run at (0,1300) width 59: "QQQQ"
          RenderBR {BR} at (58,1316) size 1x0
          RenderText {#text} at (0,1326) size 43x26
            text run at (0,1326) width 43: "RRRR"
          RenderBR {BR} at (42,1342) size 1x0
          RenderText {#text} at (0,1352) size 42x26
            text run at (0,1352) width 42: "SSSS"
          RenderBR {BR} at (41,1368) size 1x0
          RenderText {#text} at (0,1378) size 45x26
            text run at (0,1378) width 45: "TTTT"
          RenderBR {BR} at (44,1394) size 1x0
          RenderText {#text} at (0,1404) size 52x26
            text run at (0,1404) width 52: "UUUU"
          RenderBR {BR} at (51,1420) size 1x0
          RenderText {#text} at (0,1430) size 38x26
            text run at (0,1430) width 38: "VVVV"
          RenderBR {BR} at (37,1446) size 1x0
          RenderText {#text} at (0,1456) size 51x26
            text run at (0,1456) width 51: "WWWW"
          RenderBR {BR} at (50,1472) size 1x0
          RenderText {#text} at (0,1482) size 42x26
            text run at (0,1482) width 42: "XXXX"
          RenderBR {BR} at (41,1498) size 1x0
          RenderText {#text} at (0,1508) size 41x26
            text run at (0,1508) width 41: "YYYY"
          RenderBR {BR} at (40,1524) size 1x0
          RenderText {#text} at (0,1534) size 43x26
            text run at (0,1534) width 43: "ZZZZ"
          RenderBR {BR} at (42,1550) size 1x0
          RenderText {#text} at (0,1560) size 28x26
            text run at (0,1560) width 28: "[[[["
          RenderBR {BR} at (27,1576) size 1x0
          RenderText {#text} at (0,1586) size 34x26
            text run at (0,1586) width 34: "\\\\\\\\"
          RenderBR {BR} at (33,1602) size 1x0
          RenderText {#text} at (0,1612) size 28x26
            text run at (0,1612) width 28: "]]]]"
          RenderBR {BR} at (27,1628) size 1x0
          RenderText {#text} at (0,1638) size 34x26
            text run at (0,1638) width 34: "^^^^"
          RenderBR {BR} at (33,1654) size 1x0
          RenderText {#text} at (0,1664) size 32x26
            text run at (0,1664) width 32: "____"
          RenderBR {BR} at (32,1680) size 0x0
          RenderText {#text} at (0,1690) size 19x26
            text run at (0,1690) width 19: "````"
          RenderBR {BR} at (18,1706) size 1x0
          RenderText {#text} at (0,1716) size 35x26
            text run at (0,1716) width 35: "aaaa"
          RenderBR {BR} at (34,1732) size 1x0
          RenderText {#text} at (0,1742) size 39x26
            text run at (0,1742) width 39: "bbbb"
          RenderBR {BR} at (38,1758) size 1x0
          RenderText {#text} at (0,1768) size 32x26
            text run at (0,1768) width 32: "cccc"
          RenderBR {BR} at (31,1784) size 1x0
          RenderText {#text} at (0,1794) size 39x26
            text run at (0,1794) width 39: "dddd"
          RenderBR {BR} at (38,1810) size 1x0
          RenderText {#text} at (0,1820) size 34x26
            text run at (0,1820) width 34: "eeee"
          RenderBR {BR} at (33,1836) size 1x0
          RenderText {#text} at (0,1846) size 26x26
            text run at (0,1846) width 26: "ffff"
          RenderBR {BR} at (25,1862) size 1x0
          RenderText {#text} at (0,1872) size 35x26
            text run at (0,1872) width 35: "gggg"
          RenderBR {BR} at (34,1888) size 1x0
          RenderText {#text} at (0,1898) size 37x26
            text run at (0,1898) width 37: "hhhh"
          RenderBR {BR} at (36,1914) size 1x0
          RenderText {#text} at (0,1924) size 14x26
            text run at (0,1924) width 14: "iiii"
          RenderBR {BR} at (13,1940) size 1x0
          RenderText {#text} at (0,1950) size 14x26
            text run at (0,1950) width 14: "jjjj"
          RenderBR {BR} at (13,1966) size 1x0
          RenderText {#text} at (0,1976) size 36x26
            text run at (0,1976) width 36: "kkkk"
          RenderBR {BR} at (35,1992) size 1x0
          RenderText {#text} at (0,2002) size 15x26
            text run at (0,2002) width 15: "llll"
          RenderBR {BR} at (14,2018) size 1x0
          RenderText {#text} at (0,2028) size 46x26
            text run at (0,2028) width 46: "mmmm"
          RenderBR {BR} at (45,2044) size 1x0
          RenderText {#text} at (0,2054) size 36x26
            text run at (0,2054) width 36: "nnnn"
          RenderBR {BR} at (35,2070) size 1x0
          RenderText {#text} at (0,2080) size 39x26
            text run at (0,2080) width 39: "oooo"
          RenderBR {BR} at (38,2096) size 1x0
          RenderText {#text} at (0,2106) size 40x26
            text run at (0,2106) width 40: "pppp"
          RenderBR {BR} at (39,2122) size 1x0
          RenderText {#text} at (0,2132) size 37x26
            text run at (0,2132) width 37: "qqqq"
          RenderBR {BR} at (36,2148) size 1x0
          RenderText {#text} at (0,2158) size 25x26
            text run at (0,2158) width 25: "rrrr"
          RenderBR {BR} at (24,2174) size 1x0
          RenderText {#text} at (0,2184) size 31x26
            text run at (0,2184) width 31: "ssss"
          RenderBR {BR} at (30,2200) size 1x0
          RenderText {#text} at (0,2210) size 24x26
            text run at (0,2210) width 24: "tttt"
          RenderBR {BR} at (23,2226) size 1x0
          RenderText {#text} at (0,2236) size 36x26
            text run at (0,2236) width 36: "uuuu"
          RenderBR {BR} at (35,2252) size 1x0
          RenderText {#text} at (0,2262) size 29x26
            text run at (0,2262) width 29: "vvvv"
          RenderBR {BR} at (28,2278) size 1x0
          RenderText {#text} at (0,2288) size 42x26
            text run at (0,2288) width 42: "wwww"
          RenderBR {BR} at (41,2304) size 1x0
          RenderText {#text} at (0,2314) size 32x26
            text run at (0,2314) width 32: "xxxx"
          RenderBR {BR} at (31,2330) size 1x0
          RenderText {#text} at (0,2340) size 35x26
            text run at (0,2340) width 35: "yyyy"
          RenderBR {BR} at (34,2356) size 1x0
          RenderText {#text} at (0,2366) size 29x26
            text run at (0,2366) width 29: "zzzz"
          RenderBR {BR} at (28,2382) size 1x0
          RenderText {#text} at (0,2392) size 17x26
            text run at (0,2392) width 17: "{{{{"
          RenderBR {BR} at (16,2408) size 1x0
          RenderText {#text} at (0,2418) size 15x26
            text run at (0,2418) width 15: "||||"
          RenderBR {BR} at (14,2434) size 1x0
          RenderText {#text} at (0,2444) size 17x26
            text run at (0,2444) width 17: "}}}}"
          RenderBR {BR} at (16,2460) size 1x0
      RenderBlock {P} at (0,2522) size 784x2444
        RenderInline {FONT} at (0,0) size 63x2444
          RenderText {#text} at (0,0) size 0x0
          RenderInline {B} at (0,0) size 63x2444
            RenderText {#text} at (0,0) size 19x26
              text run at (0,0) width 19: "    "
            RenderBR {BR} at (18,16) size 1x0
            RenderText {#text} at (0,26) size 21x26
              text run at (0,26) width 21: "!!!!"
            RenderBR {BR} at (20,42) size 1x0
            RenderText {#text} at (0,52) size 25x26
              text run at (0,52) width 25: "\"\"\"\""
            RenderBR {BR} at (24,68) size 1x0
            RenderText {#text} at (0,78) size 44x26
              text run at (0,78) width 44: "####"
            RenderBR {BR} at (43,94) size 1x0
            RenderText {#text} at (0,104) size 39x26
              text run at (0,104) width 39: "$$$$"
            RenderBR {BR} at (38,120) size 1x0
            RenderText {#text} at (0,130) size 53x26
              text run at (0,130) width 53: "%%%%"
            RenderBR {BR} at (52,146) size 1x0
            RenderText {#text} at (0,156) size 55x26
              text run at (0,156) width 55: "&&&&"
            RenderBR {BR} at (54,172) size 1x0
            RenderText {#text} at (0,182) size 17x26
              text run at (0,182) width 17: "''''"
            RenderBR {BR} at (16,198) size 1x0
            RenderText {#text} at (0,208) size 32x26
              text run at (0,208) width 32: "(((("
            RenderBR {BR} at (31,224) size 1x0
            RenderText {#text} at (0,234) size 32x26
              text run at (0,234) width 32: "))))"
            RenderBR {BR} at (31,250) size 1x0
            RenderText {#text} at (0,260) size 29x26
              text run at (0,260) width 29: "****"
            RenderBR {BR} at (28,276) size 1x0
            RenderText {#text} at (0,286) size 37x26
              text run at (0,286) width 37: "++++"
            RenderBR {BR} at (36,302) size 1x0
            RenderText {#text} at (0,312) size 22x26
              text run at (0,312) width 22: ",,,,"
            RenderBR {BR} at (21,328) size 1x0
            RenderText {#text} at (0,338) size 34x26
              text run at (0,338) width 34: "----"
            RenderBR {BR} at (33,354) size 1x0
            RenderText {#text} at (0,364) size 22x26
              text run at (0,364) width 22: "...."
            RenderBR {BR} at (21,380) size 1x0
            RenderText {#text} at (0,390) size 38x26
              text run at (0,390) width 38: "////"
            RenderBR {BR} at (37,406) size 1x0
            RenderText {#text} at (0,416) size 47x26
              text run at (0,416) width 47: "0000"
            RenderBR {BR} at (46,432) size 1x0
            RenderText {#text} at (0,442) size 21x26
              text run at (0,442) width 21: "1111"
            RenderBR {BR} at (20,458) size 1x0
            RenderText {#text} at (0,468) size 37x26
              text run at (0,468) width 37: "2222"
            RenderBR {BR} at (36,484) size 1x0
            RenderText {#text} at (0,494) size 35x26
              text run at (0,494) width 35: "3333"
            RenderBR {BR} at (34,510) size 1x0
            RenderText {#text} at (0,520) size 47x26
              text run at (0,520) width 47: "4444"
            RenderBR {BR} at (46,536) size 1x0
            RenderText {#text} at (0,546) size 36x26
              text run at (0,546) width 36: "5555"
            RenderBR {BR} at (35,562) size 1x0
            RenderText {#text} at (0,572) size 38x26
              text run at (0,572) width 38: "6666"
            RenderBR {BR} at (37,588) size 1x0
            RenderText {#text} at (0,598) size 34x26
              text run at (0,598) width 34: "7777"
            RenderBR {BR} at (33,614) size 1x0
            RenderText {#text} at (0,624) size 36x26
              text run at (0,624) width 36: "8888"
            RenderBR {BR} at (35,640) size 1x0
            RenderText {#text} at (0,650) size 38x26
              text run at (0,650) width 38: "9999"
            RenderBR {BR} at (37,666) size 1x0
            RenderText {#text} at (0,676) size 22x26
              text run at (0,676) width 22: "::::"
            RenderBR {BR} at (21,692) size 1x0
            RenderText {#text} at (0,702) size 22x26
              text run at (0,702) width 22: ";;;;"
            RenderBR {BR} at (21,718) size 1x0
            RenderText {#text} at (0,728) size 40x26
              text run at (0,728) width 40: "<<<<"
            RenderBR {BR} at (39,744) size 1x0
            RenderText {#text} at (0,754) size 34x26
              text run at (0,754) width 34: "===="
            RenderBR {BR} at (33,770) size 1x0
            RenderText {#text} at (0,780) size 40x26
              text run at (0,780) width 40: ">>>>"
            RenderBR {BR} at (39,796) size 1x0
            RenderText {#text} at (0,806) size 35x26
              text run at (0,806) width 35: "????"
            RenderBR {BR} at (34,822) size 1x0
            RenderText {#text} at (0,832) size 43x26
              text run at (0,832) width 43: "@@@@"
            RenderBR {BR} at (42,848) size 1x0
            RenderText {#text} at (0,858) size 51x26
              text run at (0,858) width 51: "AAAA"
            RenderBR {BR} at (50,874) size 1x0
            RenderText {#text} at (0,884) size 51x26
              text run at (0,884) width 51: "BBBB"
            RenderBR {BR} at (50,900) size 1x0
            RenderText {#text} at (0,910) size 49x26
              text run at (0,910) width 49: "CCCC"
            RenderBR {BR} at (48,926) size 1x0
            RenderText {#text} at (0,936) size 57x26
              text run at (0,936) width 57: "DDDD"
            RenderBR {BR} at (56,952) size 1x0
            RenderText {#text} at (0,962) size 51x26
              text run at (0,962) width 51: "EEEE"
            RenderBR {BR} at (50,978) size 1x0
            RenderText {#text} at (0,988) size 44x26
              text run at (0,988) width 44: "FFFF"
            RenderBR {BR} at (43,1004) size 1x0
            RenderText {#text} at (0,1014) size 52x26
              text run at (0,1014) width 52: "GGGG"
            RenderBR {BR} at (51,1030) size 1x0
            RenderText {#text} at (0,1040) size 53x26
              text run at (0,1040) width 53: "HHHH"
            RenderBR {BR} at (52,1056) size 1x0
            RenderText {#text} at (0,1066) size 20x26
              text run at (0,1066) width 20: "IIII"
            RenderBR {BR} at (19,1082) size 1x0
            RenderText {#text} at (0,1092) size 39x26
              text run at (0,1092) width 39: "JJJJ"
            RenderBR {BR} at (38,1108) size 1x0
            RenderText {#text} at (0,1118) size 50x26
              text run at (0,1118) width 50: "KKKK"
            RenderBR {BR} at (49,1134) size 1x0
            RenderText {#text} at (0,1144) size 43x26
              text run at (0,1144) width 43: "LLLL"
            RenderBR {BR} at (42,1160) size 1x0
            RenderText {#text} at (0,1170) size 60x26
              text run at (0,1170) width 60: "MMMM"
            RenderBR {BR} at (59,1186) size 1x0
            RenderText {#text} at (0,1196) size 46x26
              text run at (0,1196) width 46: "NNNN"
            RenderBR {BR} at (45,1212) size 1x0
            RenderText {#text} at (0,1222) size 63x26
              text run at (0,1222) width 63: "OOOO"
            RenderBR {BR} at (62,1238) size 1x0
            RenderText {#text} at (0,1248) size 46x26
              text run at (0,1248) width 46: "PPPP"
            RenderBR {BR} at (45,1264) size 1x0
            RenderText {#text} at (0,1274) size 63x26
              text run at (0,1274) width 63: "QQQQ"
            RenderBR {BR} at (62,1290) size 1x0
            RenderText {#text} at (0,1300) size 47x26
              text run at (0,1300) width 47: "RRRR"
            RenderBR {BR} at (46,1316) size 1x0
            RenderText {#text} at (0,1326) size 46x26
              text run at (0,1326) width 46: "SSSS"
            RenderBR {BR} at (45,1342) size 1x0
            RenderText {#text} at (0,1352) size 49x26
              text run at (0,1352) width 49: "TTTT"
            RenderBR {BR} at (48,1368) size 1x0
            RenderText {#text} at (0,1378) size 56x26
              text run at (0,1378) width 56: "UUUU"
            RenderBR {BR} at (55,1394) size 1x0
            RenderText {#text} at (0,1404) size 42x26
              text run at (0,1404) width 42: "VVVV"
            RenderBR {BR} at (41,1420) size 1x0
            RenderText {#text} at (0,1430) size 55x26
              text run at (0,1430) width 55: "WWWW"
            RenderBR {BR} at (54,1446) size 1x0
            RenderText {#text} at (0,1456) size 46x26
              text run at (0,1456) width 46: "XXXX"
            RenderBR {BR} at (45,1472) size 1x0
            RenderText {#text} at (0,1482) size 45x26
              text run at (0,1482) width 45: "YYYY"
            RenderBR {BR} at (44,1498) size 1x0
            RenderText {#text} at (0,1508) size 47x26
              text run at (0,1508) width 47: "ZZZZ"
            RenderBR {BR} at (46,1524) size 1x0
            RenderText {#text} at (0,1534) size 32x26
              text run at (0,1534) width 32: "[[[["
            RenderBR {BR} at (31,1550) size 1x0
            RenderText {#text} at (0,1560) size 38x26
              text run at (0,1560) width 38: "\\\\\\\\"
            RenderBR {BR} at (37,1576) size 1x0
            RenderText {#text} at (0,1586) size 32x26
              text run at (0,1586) width 32: "]]]]"
            RenderBR {BR} at (31,1602) size 1x0
            RenderText {#text} at (0,1612) size 38x26
              text run at (0,1612) width 38: "^^^^"
            RenderBR {BR} at (37,1628) size 1x0
            RenderText {#text} at (0,1638) size 36x26
              text run at (0,1638) width 36: "____"
            RenderBR {BR} at (36,1654) size 0x0
            RenderText {#text} at (0,1664) size 23x26
              text run at (0,1664) width 23: "````"
            RenderBR {BR} at (22,1680) size 1x0
            RenderText {#text} at (0,1690) size 39x26
              text run at (0,1690) width 39: "aaaa"
            RenderBR {BR} at (38,1706) size 1x0
            RenderText {#text} at (0,1716) size 43x26
              text run at (0,1716) width 43: "bbbb"
            RenderBR {BR} at (42,1732) size 1x0
            RenderText {#text} at (0,1742) size 36x26
              text run at (0,1742) width 36: "cccc"
            RenderBR {BR} at (35,1758) size 1x0
            RenderText {#text} at (0,1768) size 43x26
              text run at (0,1768) width 43: "dddd"
            RenderBR {BR} at (42,1784) size 1x0
            RenderText {#text} at (0,1794) size 38x26
              text run at (0,1794) width 38: "eeee"
            RenderBR {BR} at (37,1810) size 1x0
            RenderText {#text} at (0,1820) size 30x26
              text run at (0,1820) width 30: "ffff"
            RenderBR {BR} at (29,1836) size 1x0
            RenderText {#text} at (0,1846) size 39x26
              text run at (0,1846) width 39: "gggg"
            RenderBR {BR} at (38,1862) size 1x0
            RenderText {#text} at (0,1872) size 41x26
              text run at (0,1872) width 41: "hhhh"
            RenderBR {BR} at (40,1888) size 1x0
            RenderText {#text} at (0,1898) size 18x26
              text run at (0,1898) width 18: "iiii"
            RenderBR {BR} at (17,1914) size 1x0
            RenderText {#text} at (0,1924) size 18x26
              text run at (0,1924) width 18: "jjjj"
            RenderBR {BR} at (17,1940) size 1x0
            RenderText {#text} at (0,1950) size 40x26
              text run at (0,1950) width 40: "kkkk"
            RenderBR {BR} at (39,1966) size 1x0
            RenderText {#text} at (0,1976) size 19x26
              text run at (0,1976) width 19: "llll"
            RenderBR {BR} at (18,1992) size 1x0
            RenderText {#text} at (0,2002) size 50x26
              text run at (0,2002) width 50: "mmmm"
            RenderBR {BR} at (49,2018) size 1x0
            RenderText {#text} at (0,2028) size 40x26
              text run at (0,2028) width 40: "nnnn"
            RenderBR {BR} at (39,2044) size 1x0
            RenderText {#text} at (0,2054) size 43x26
              text run at (0,2054) width 43: "oooo"
            RenderBR {BR} at (42,2070) size 1x0
            RenderText {#text} at (0,2080) size 44x26
              text run at (0,2080) width 44: "pppp"
            RenderBR {BR} at (43,2096) size 1x0
            RenderText {#text} at (0,2106) size 41x26
              text run at (0,2106) width 41: "qqqq"
            RenderBR {BR} at (40,2122) size 1x0
            RenderText {#text} at (0,2132) size 29x26
              text run at (0,2132) width 29: "rrrr"
            RenderBR {BR} at (28,2148) size 1x0
            RenderText {#text} at (0,2158) size 35x26
              text run at (0,2158) width 35: "ssss"
            RenderBR {BR} at (34,2174) size 1x0
            RenderText {#text} at (0,2184) size 28x26
              text run at (0,2184) width 28: "tttt"
            RenderBR {BR} at (27,2200) size 1x0
            RenderText {#text} at (0,2210) size 40x26
              text run at (0,2210) width 40: "uuuu"
            RenderBR {BR} at (39,2226) size 1x0
            RenderText {#text} at (0,2236) size 33x26
              text run at (0,2236) width 33: "vvvv"
            RenderBR {BR} at (32,2252) size 1x0
            RenderText {#text} at (0,2262) size 46x26
              text run at (0,2262) width 46: "wwww"
            RenderBR {BR} at (45,2278) size 1x0
            RenderText {#text} at (0,2288) size 36x26
              text run at (0,2288) width 36: "xxxx"
            RenderBR {BR} at (35,2304) size 1x0
            RenderText {#text} at (0,2314) size 39x26
              text run at (0,2314) width 39: "yyyy"
            RenderBR {BR} at (38,2330) size 1x0
            RenderText {#text} at (0,2340) size 33x26
              text run at (0,2340) width 33: "zzzz"
            RenderBR {BR} at (32,2356) size 1x0
            RenderText {#text} at (0,2366) size 21x26
              text run at (0,2366) width 21: "{{{{"
            RenderBR {BR} at (20,2382) size 1x0
            RenderText {#text} at (0,2392) size 19x26
              text run at (0,2392) width 19: "||||"
            RenderBR {BR} at (18,2408) size 1x0
            RenderText {#text} at (0,2418) size 21x26
              text run at (0,2418) width 21: "}}}}"
            RenderBR {BR} at (20,2434) size 1x0
          RenderText {#text} at (0,0) size 0x0
      RenderBlock {P} at (0,4982) size 784x2444
        RenderInline {FONT} at (0,0) size 59x2444
          RenderText {#text} at (0,0) size 0x0
          RenderInline {I} at (0,0) size 59x2444
            RenderText {#text} at (0,0) size 15x26
              text run at (0,0) width 15: "    "
            RenderBR {BR} at (14,16) size 1x0
            RenderText {#text} at (0,26) size 17x26
              text run at (0,26) width 17: "!!!!"
            RenderBR {BR} at (16,42) size 1x0
            RenderText {#text} at (0,52) size 21x26
              text run at (0,52) width 21: "\"\"\"\""
            RenderBR {BR} at (20,68) size 1x0
            RenderText {#text} at (0,78) size 40x26
              text run at (0,78) width 40: "####"
            RenderBR {BR} at (39,94) size 1x0
            RenderText {#text} at (0,104) size 35x26
              text run at (0,104) width 35: "$$$$"
            RenderBR {BR} at (34,120) size 1x0
            RenderText {#text} at (0,130) size 49x26
              text run at (0,130) width 49: "%%%%"
            RenderBR {BR} at (48,146) size 1x0
            RenderText {#text} at (0,156) size 51x26
              text run at (0,156) width 51: "&&&&"
            RenderBR {BR} at (50,172) size 1x0
            RenderText {#text} at (0,182) size 13x26
              text run at (0,182) width 13: "''''"
            RenderBR {BR} at (12,198) size 1x0
            RenderText {#text} at (0,208) size 28x26
              text run at (0,208) width 28: "(((("
            RenderBR {BR} at (27,224) size 1x0
            RenderText {#text} at (0,234) size 28x26
              text run at (0,234) width 28: "))))"
            RenderBR {BR} at (27,250) size 1x0
            RenderText {#text} at (0,260) size 25x26
              text run at (0,260) width 25: "****"
            RenderBR {BR} at (24,276) size 1x0
            RenderText {#text} at (0,286) size 33x26
              text run at (0,286) width 33: "++++"
            RenderBR {BR} at (32,302) size 1x0
            RenderText {#text} at (0,312) size 18x26
              text run at (0,312) width 18: ",,,,"
            RenderBR {BR} at (17,328) size 1x0
            RenderText {#text} at (0,338) size 30x26
              text run at (0,338) width 30: "----"
            RenderBR {BR} at (29,354) size 1x0
            RenderText {#text} at (0,364) size 18x26
              text run at (0,364) width 18: "...."
            RenderBR {BR} at (17,380) size 1x0
            RenderText {#text} at (0,390) size 34x26
              text run at (0,390) width 34: "////"
            RenderBR {BR} at (33,406) size 1x0
            RenderText {#text} at (0,416) size 43x26
              text run at (0,416) width 43: "0000"
            RenderBR {BR} at (42,432) size 1x0
            RenderText {#text} at (0,442) size 17x26
              text run at (0,442) width 17: "1111"
            RenderBR {BR} at (16,458) size 1x0
            RenderText {#text} at (0,468) size 33x26
              text run at (0,468) width 33: "2222"
            RenderBR {BR} at (32,484) size 1x0
            RenderText {#text} at (0,494) size 31x26
              text run at (0,494) width 31: "3333"
            RenderBR {BR} at (30,510) size 1x0
            RenderText {#text} at (0,520) size 43x26
              text run at (0,520) width 43: "4444"
            RenderBR {BR} at (42,536) size 1x0
            RenderText {#text} at (0,546) size 32x26
              text run at (0,546) width 32: "5555"
            RenderBR {BR} at (31,562) size 1x0
            RenderText {#text} at (0,572) size 34x26
              text run at (0,572) width 34: "6666"
            RenderBR {BR} at (33,588) size 1x0
            RenderText {#text} at (0,598) size 30x26
              text run at (0,598) width 30: "7777"
            RenderBR {BR} at (29,614) size 1x0
            RenderText {#text} at (0,624) size 32x26
              text run at (0,624) width 32: "8888"
            RenderBR {BR} at (31,640) size 1x0
            RenderText {#text} at (0,650) size 34x26
              text run at (0,650) width 34: "9999"
            RenderBR {BR} at (33,666) size 1x0
            RenderText {#text} at (0,676) size 18x26
              text run at (0,676) width 18: "::::"
            RenderBR {BR} at (17,692) size 1x0
            RenderText {#text} at (0,702) size 18x26
              text run at (0,702) width 18: ";;;;"
            RenderBR {BR} at (17,718) size 1x0
            RenderText {#text} at (0,728) size 36x26
              text run at (0,728) width 36: "<<<<"
            RenderBR {BR} at (35,744) size 1x0
            RenderText {#text} at (0,754) size 30x26
              text run at (0,754) width 30: "===="
            RenderBR {BR} at (29,770) size 1x0
            RenderText {#text} at (0,780) size 36x26
              text run at (0,780) width 36: ">>>>"
            RenderBR {BR} at (35,796) size 1x0
            RenderText {#text} at (0,806) size 31x26
              text run at (0,806) width 31: "????"
            RenderBR {BR} at (30,822) size 1x0
            RenderText {#text} at (0,832) size 39x26
              text run at (0,832) width 39: "@@@@"
            RenderBR {BR} at (38,848) size 1x0
            RenderText {#text} at (0,858) size 47x26
              text run at (0,858) width 47: "AAAA"
            RenderBR {BR} at (46,874) size 1x0
            RenderText {#text} at (0,884) size 47x26
              text run at (0,884) width 47: "BBBB"
            RenderBR {BR} at (46,900) size 1x0
            RenderText {#text} at (0,910) size 45x26
              text run at (0,910) width 45: "CCCC"
            RenderBR {BR} at (44,926) size 1x0
            RenderText {#text} at (0,936) size 53x26
              text run at (0,936) width 53: "DDDD"
            RenderBR {BR} at (52,952) size 1x0
            RenderText {#text} at (0,962) size 47x26
              text run at (0,962) width 47: "EEEE"
            RenderBR {BR} at (46,978) size 1x0
            RenderText {#text} at (0,988) size 40x26
              text run at (0,988) width 40: "FFFF"
            RenderBR {BR} at (39,1004) size 1x0
            RenderText {#text} at (0,1014) size 48x26
              text run at (0,1014) width 48: "GGGG"
            RenderBR {BR} at (47,1030) size 1x0
            RenderText {#text} at (0,1040) size 49x26
              text run at (0,1040) width 49: "HHHH"
            RenderBR {BR} at (48,1056) size 1x0
            RenderText {#text} at (0,1066) size 16x26
              text run at (0,1066) width 16: "IIII"
            RenderBR {BR} at (15,1082) size 1x0
            RenderText {#text} at (0,1092) size 35x26
              text run at (0,1092) width 35: "JJJJ"
            RenderBR {BR} at (34,1108) size 1x0
            RenderText {#text} at (0,1118) size 46x26
              text run at (0,1118) width 46: "KKKK"
            RenderBR {BR} at (45,1134) size 1x0
            RenderText {#text} at (0,1144) size 39x26
              text run at (0,1144) width 39: "LLLL"
            RenderBR {BR} at (38,1160) size 1x0
            RenderText {#text} at (0,1170) size 56x26
              text run at (0,1170) width 56: "MMMM"
            RenderBR {BR} at (55,1186) size 1x0
            RenderText {#text} at (0,1196) size 42x26
              text run at (0,1196) width 42: "NNNN"
            RenderBR {BR} at (41,1212) size 1x0
            RenderText {#text} at (0,1222) size 59x26
              text run at (0,1222) width 59: "OOOO"
            RenderBR {BR} at (58,1238) size 1x0
            RenderText {#text} at (0,1248) size 42x26
              text run at (0,1248) width 42: "PPPP"
            RenderBR {BR} at (41,1264) size 1x0
            RenderText {#text} at (0,1274) size 59x26
              text run at (0,1274) width 59: "QQQQ"
            RenderBR {BR} at (58,1290) size 1x0
            RenderText {#text} at (0,1300) size 43x26
              text run at (0,1300) width 43: "RRRR"
            RenderBR {BR} at (42,1316) size 1x0
            RenderText {#text} at (0,1326) size 42x26
              text run at (0,1326) width 42: "SSSS"
            RenderBR {BR} at (41,1342) size 1x0
            RenderText {#text} at (0,1352) size 45x26
              text run at (0,1352) width 45: "TTTT"
            RenderBR {BR} at (44,1368) size 1x0
            RenderText {#text} at (0,1378) size 52x26
              text run at (0,1378) width 52: "UUUU"
            RenderBR {BR} at (51,1394) size 1x0
            RenderText {#text} at (0,1404) size 38x26
              text run at (0,1404) width 38: "VVVV"
            RenderBR {BR} at (37,1420) size 1x0
            RenderText {#text} at (0,1430) size 51x26
              text run at (0,1430) width 51: "WWWW"
            RenderBR {BR} at (50,1446) size 1x0
            RenderText {#text} at (0,1456) size 42x26
              text run at (0,1456) width 42: "XXXX"
            RenderBR {BR} at (41,1472) size 1x0
            RenderText {#text} at (0,1482) size 41x26
              text run at (0,1482) width 41: "YYYY"
            RenderBR {BR} at (40,1498) size 1x0
            RenderText {#text} at (0,1508) size 43x26
              text run at (0,1508) width 43: "ZZZZ"
            RenderBR {BR} at (42,1524) size 1x0
            RenderText {#text} at (0,1534) size 28x26
              text run at (0,1534) width 28: "[[[["
            RenderBR {BR} at (27,1550) size 1x0
            RenderText {#text} at (0,1560) size 34x26
              text run at (0,1560) width 34: "\\\\\\\\"
            RenderBR {BR} at (33,1576) size 1x0
            RenderText {#text} at (0,1586) size 28x26
              text run at (0,1586) width 28: "]]]]"
            RenderBR {BR} at (27,1602) size 1x0
            RenderText {#text} at (0,1612) size 34x26
              text run at (0,1612) width 34: "^^^^"
            RenderBR {BR} at (33,1628) size 1x0
            RenderText {#text} at (0,1638) size 32x26
              text run at (0,1638) width 32: "____"
            RenderBR {BR} at (32,1654) size 0x0
            RenderText {#text} at (0,1664) size 19x26
              text run at (0,1664) width 19: "````"
            RenderBR {BR} at (18,1680) size 1x0
            RenderText {#text} at (0,1690) size 35x26
              text run at (0,1690) width 35: "aaaa"
            RenderBR {BR} at (34,1706) size 1x0
            RenderText {#text} at (0,1716) size 39x26
              text run at (0,1716) width 39: "bbbb"
            RenderBR {BR} at (38,1732) size 1x0
            RenderText {#text} at (0,1742) size 32x26
              text run at (0,1742) width 32: "cccc"
            RenderBR {BR} at (31,1758) size 1x0
            RenderText {#text} at (0,1768) size 39x26
              text run at (0,1768) width 39: "dddd"
            RenderBR {BR} at (38,1784) size 1x0
            RenderText {#text} at (0,1794) size 34x26
              text run at (0,1794) width 34: "eeee"
            RenderBR {BR} at (33,1810) size 1x0
            RenderText {#text} at (0,1820) size 26x26
              text run at (0,1820) width 26: "ffff"
            RenderBR {BR} at (25,1836) size 1x0
            RenderText {#text} at (0,1846) size 35x26
              text run at (0,1846) width 35: "gggg"
            RenderBR {BR} at (34,1862) size 1x0
            RenderText {#text} at (0,1872) size 37x26
              text run at (0,1872) width 37: "hhhh"
            RenderBR {BR} at (36,1888) size 1x0
            RenderText {#text} at (0,1898) size 14x26
              text run at (0,1898) width 14: "iiii"
            RenderBR {BR} at (13,1914) size 1x0
            RenderText {#text} at (0,1924) size 14x26
              text run at (0,1924) width 14: "jjjj"
            RenderBR {BR} at (13,1940) size 1x0
            RenderText {#text} at (0,1950) size 36x26
              text run at (0,1950) width 36: "kkkk"
            RenderBR {BR} at (35,1966) size 1x0
            RenderText {#text} at (0,1976) size 15x26
              text run at (0,1976) width 15: "llll"
            RenderBR {BR} at (14,1992) size 1x0
            RenderText {#text} at (0,2002) size 46x26
              text run at (0,2002) width 46: "mmmm"
            RenderBR {BR} at (45,2018) size 1x0
            RenderText {#text} at (0,2028) size 36x26
              text run at (0,2028) width 36: "nnnn"
            RenderBR {BR} at (35,2044) size 1x0
            RenderText {#text} at (0,2054) size 39x26
              text run at (0,2054) width 39: "oooo"
            RenderBR {BR} at (38,2070) size 1x0
            RenderText {#text} at (0,2080) size 40x26
              text run at (0,2080) width 40: "pppp"
            RenderBR {BR} at (39,2096) size 1x0
            RenderText {#text} at (0,2106) size 37x26
              text run at (0,2106) width 37: "qqqq"
            RenderBR {BR} at (36,2122) size 1x0
            RenderText {#text} at (0,2132) size 25x26
              text run at (0,2132) width 25: "rrrr"
            RenderBR {BR} at (24,2148) size 1x0
            RenderText {#text} at (0,2158) size 31x26
              text run at (0,2158) width 31: "ssss"
            RenderBR {BR} at (30,2174) size 1x0
            RenderText {#text} at (0,2184) size 24x26
              text run at (0,2184) width 24: "tttt"
            RenderBR {BR} at (23,2200) size 1x0
            RenderText {#text} at (0,2210) size 36x26
              text run at (0,2210) width 36: "uuuu"
            RenderBR {BR} at (35,2226) size 1x0
            RenderText {#text} at (0,2236) size 29x26
              text run at (0,2236) width 29: "vvvv"
            RenderBR {BR} at (28,2252) size 1x0
            RenderText {#text} at (0,2262) size 42x26
              text run at (0,2262) width 42: "wwww"
            RenderBR {BR} at (41,2278) size 1x0
            RenderText {#text} at (0,2288) size 32x26
              text run at (0,2288) width 32: "xxxx"
            RenderBR {BR} at (31,2304) size 1x0
            RenderText {#text} at (0,2314) size 35x26
              text run at (0,2314) width 35: "yyyy"
            RenderBR {BR} at (34,2330) size 1x0
            RenderText {#text} at (0,2340) size 29x26
              text run at (0,2340) width 29: "zzzz"
            RenderBR {BR} at (28,2356) size 1x0
            RenderText {#text} at (0,2366) size 17x26
              text run at (0,2366) width 17: "{{{{"
            RenderBR {BR} at (16,2382) size 1x0
            RenderText {#text} at (0,2392) size 15x26
              text run at (0,2392) width 15: "||||"
            RenderBR {BR} at (14,2408) size 1x0
            RenderText {#text} at (0,2418) size 17x26
              text run at (0,2418) width 17: "}}}}"
            RenderBR {BR} at (16,2434) size 1x0
          RenderText {#text} at (0,0) size 0x0
        RenderText {#text} at (0,0) size 0x0
