layer at (0,0) size 785x600
  RenderView at (0,0) size 785x600
    RenderMultiColumnSet at (0,0) size 785x600
layer at (-2490,0) size 3275x180 backgroundClip at (0,0) size 785x600 clip at (0,0) size 785x600
  RenderMultiColumnFlowThread at (0,0) size 3275x180
layer at (-2490,0) size 3275x180 backgroundClip at (0,0) size 785x600 clip at (0,0) size 785x600
  RenderBlock {HTML} at (0,0) size 3275x180
    RenderBody {BODY} at (8,8) size 3251x164
      RenderBlock {DIV} at (0,0) size 50x50 [bgcolor=#0000FF]
      RenderBlock {P} at (66,0) size 323x164
        RenderText {#text} at (0,0) size 323x164
          text run at (0,0) width 151: "1 Lorem ipsum dolor sit"
          text run at (17,0) width 109: "amet, consectetur"
          text run at (34,0) width 140: "adipisicing elit, sed do"
          text run at (51,0) width 101: "eiusmod tempor"
          text run at (68,0) width 137: "incididunt ut labore et"
          text run at (85,0) width 152: "dolore magna aliqua. Ut"
          text run at (102,0) width 148: "enim ad minim veniam,"
          text run at (119,0) width 154: "quis nostrud exercitation"
          text run at (136,0) width 138: "ullamco laboris nisi ut"
          text run at (153,0) width 147: "aliquip ex ea commodo"
          text run at (170,0) width 164: "consequat. Duis aute irure"
          text run at (187,0) width 152: "dolor in reprehenderit in"
          text run at (204,0) width 162: "voluptate velit esse cillum"
          text run at (221,0) width 134: "dolore eu fugiat nulla"
          text run at (238,0) width 146: "pariatur. Excepteur sint"
          text run at (255,0) width 143: "occaecat cupidatat non"
          text run at (272,0) width 164: "proident, sunt in culpa qui"
          text run at (289,0) width 137: "officia deserunt mollit"
          text run at (306,0) width 128: "anim id est laborum."
      RenderBlock {DIV} at (405,0) size 50x50 [bgcolor=#0000FF]
      RenderBlock {P} at (471,0) size 323x164
        RenderText {#text} at (0,0) size 323x164
          text run at (0,0) width 151: "2 Lorem ipsum dolor sit"
          text run at (17,0) width 109: "amet, consectetur"
          text run at (34,0) width 140: "adipisicing elit, sed do"
          text run at (51,0) width 101: "eiusmod tempor"
          text run at (68,0) width 137: "incididunt ut labore et"
          text run at (85,0) width 152: "dolore magna aliqua. Ut"
          text run at (102,0) width 148: "enim ad minim veniam,"
          text run at (119,0) width 154: "quis nostrud exercitation"
          text run at (136,0) width 138: "ullamco laboris nisi ut"
          text run at (153,0) width 147: "aliquip ex ea commodo"
          text run at (170,0) width 164: "consequat. Duis aute irure"
          text run at (187,0) width 152: "dolor in reprehenderit in"
          text run at (204,0) width 162: "voluptate velit esse cillum"
          text run at (221,0) width 134: "dolore eu fugiat nulla"
          text run at (238,0) width 146: "pariatur. Excepteur sint"
          text run at (255,0) width 143: "occaecat cupidatat non"
          text run at (272,0) width 164: "proident, sunt in culpa qui"
          text run at (289,0) width 137: "officia deserunt mollit"
          text run at (306,0) width 128: "anim id est laborum."
      RenderBlock {DIV} at (810,0) size 50x50 [bgcolor=#0000FF]
      RenderBlock {P} at (876,0) size 323x164
        RenderText {#text} at (0,0) size 323x164
          text run at (0,0) width 151: "3 Lorem ipsum dolor sit"
          text run at (17,0) width 109: "amet, consectetur"
          text run at (34,0) width 140: "adipisicing elit, sed do"
          text run at (51,0) width 101: "eiusmod tempor"
          text run at (68,0) width 137: "incididunt ut labore et"
          text run at (85,0) width 152: "dolore magna aliqua. Ut"
          text run at (102,0) width 148: "enim ad minim veniam,"
          text run at (119,0) width 154: "quis nostrud exercitation"
          text run at (136,0) width 138: "ullamco laboris nisi ut"
          text run at (153,0) width 147: "aliquip ex ea commodo"
          text run at (170,0) width 164: "consequat. Duis aute irure"
          text run at (187,0) width 152: "dolor in reprehenderit in"
          text run at (204,0) width 162: "voluptate velit esse cillum"
          text run at (221,0) width 134: "dolore eu fugiat nulla"
          text run at (238,0) width 146: "pariatur. Excepteur sint"
          text run at (255,0) width 143: "occaecat cupidatat non"
          text run at (272,0) width 164: "proident, sunt in culpa qui"
          text run at (289,0) width 137: "officia deserunt mollit"
          text run at (306,0) width 128: "anim id est laborum."
      RenderBlock {DIV} at (1215,0) size 50x50 [bgcolor=#0000FF]
      RenderBlock {P} at (1281,0) size 332x164
        RenderText {#text} at (0,0) size 332x164
          text run at (0,0) width 151: "4 Lorem ipsum dolor sit"
          text run at (17,0) width 109: "amet, consectetur"
          text run at (34,0) width 140: "adipisicing elit, sed do"
          text run at (51,0) width 101: "eiusmod tempor"
          text run at (68,0) width 137: "incididunt ut labore et"
          text run at (85,0) width 152: "dolore magna aliqua. Ut"
          text run at (102,0) width 148: "enim ad minim veniam,"
          text run at (119,0) width 154: "quis nostrud exercitation"
          text run at (136,0) width 138: "ullamco laboris nisi ut"
          text run at (153,0) width 147: "aliquip ex ea commodo"
          text run at (170,0) width 164: "consequat. Duis aute irure"
          text run at (187,0) width 152: "dolor in reprehenderit in"
          text run at (204,0) width 162: "voluptate velit esse cillum"
          text run at (221,0) width 134: "dolore eu fugiat nulla"
          text run at (238,0) width 146: "pariatur. Excepteur sint"
          text run at (255,0) width 143: "occaecat cupidatat non"
          text run at (281,0) width 164: "proident, sunt in culpa qui"
          text run at (298,0) width 137: "officia deserunt mollit"
          text run at (315,0) width 128: "anim id est laborum."
      RenderBlock {DIV} at (1629,0) size 50x50 [bgcolor=#0000FF]
      RenderBlock {P} at (1695,0) size 323x164
        RenderText {#text} at (0,0) size 323x164
          text run at (0,0) width 151: "5 Lorem ipsum dolor sit"
          text run at (17,0) width 109: "amet, consectetur"
          text run at (34,0) width 140: "adipisicing elit, sed do"
          text run at (51,0) width 101: "eiusmod tempor"
          text run at (68,0) width 137: "incididunt ut labore et"
          text run at (85,0) width 152: "dolore magna aliqua. Ut"
          text run at (102,0) width 148: "enim ad minim veniam,"
          text run at (119,0) width 154: "quis nostrud exercitation"
          text run at (136,0) width 138: "ullamco laboris nisi ut"
          text run at (153,0) width 147: "aliquip ex ea commodo"
          text run at (170,0) width 164: "consequat. Duis aute irure"
          text run at (187,0) width 152: "dolor in reprehenderit in"
          text run at (204,0) width 162: "voluptate velit esse cillum"
          text run at (221,0) width 134: "dolore eu fugiat nulla"
          text run at (238,0) width 146: "pariatur. Excepteur sint"
          text run at (255,0) width 143: "occaecat cupidatat non"
          text run at (272,0) width 164: "proident, sunt in culpa qui"
          text run at (289,0) width 137: "officia deserunt mollit"
          text run at (306,0) width 128: "anim id est laborum."
      RenderBlock {DIV} at (2034,0) size 50x50 [bgcolor=#0000FF]
      RenderBlock {P} at (2100,0) size 332x164
        RenderText {#text} at (0,0) size 332x164
          text run at (0,0) width 151: "6 Lorem ipsum dolor sit"
          text run at (17,0) width 109: "amet, consectetur"
          text run at (34,0) width 140: "adipisicing elit, sed do"
          text run at (51,0) width 101: "eiusmod tempor"
          text run at (68,0) width 137: "incididunt ut labore et"
          text run at (85,0) width 152: "dolore magna aliqua. Ut"
          text run at (102,0) width 148: "enim ad minim veniam,"
          text run at (119,0) width 154: "quis nostrud exercitation"
          text run at (136,0) width 138: "ullamco laboris nisi ut"
          text run at (153,0) width 147: "aliquip ex ea commodo"
          text run at (170,0) width 164: "consequat. Duis aute irure"
          text run at (187,0) width 152: "dolor in reprehenderit in"
          text run at (204,0) width 162: "voluptate velit esse cillum"
          text run at (221,0) width 134: "dolore eu fugiat nulla"
          text run at (247,0) width 146: "pariatur. Excepteur sint"
          text run at (264,0) width 143: "occaecat cupidatat non"
          text run at (281,0) width 164: "proident, sunt in culpa qui"
          text run at (298,0) width 137: "officia deserunt mollit"
          text run at (315,0) width 128: "anim id est laborum."
      RenderBlock {DIV} at (2448,0) size 50x50 [bgcolor=#0000FF]
      RenderBlock {P} at (2514,0) size 323x164
        RenderText {#text} at (0,0) size 323x164
          text run at (0,0) width 151: "7 Lorem ipsum dolor sit"
          text run at (17,0) width 109: "amet, consectetur"
          text run at (34,0) width 140: "adipisicing elit, sed do"
          text run at (51,0) width 101: "eiusmod tempor"
          text run at (68,0) width 137: "incididunt ut labore et"
          text run at (85,0) width 152: "dolore magna aliqua. Ut"
          text run at (102,0) width 148: "enim ad minim veniam,"
          text run at (119,0) width 154: "quis nostrud exercitation"
          text run at (136,0) width 138: "ullamco laboris nisi ut"
          text run at (153,0) width 147: "aliquip ex ea commodo"
          text run at (170,0) width 164: "consequat. Duis aute irure"
          text run at (187,0) width 152: "dolor in reprehenderit in"
          text run at (204,0) width 162: "voluptate velit esse cillum"
          text run at (221,0) width 134: "dolore eu fugiat nulla"
          text run at (238,0) width 146: "pariatur. Excepteur sint"
          text run at (255,0) width 143: "occaecat cupidatat non"
          text run at (272,0) width 164: "proident, sunt in culpa qui"
          text run at (289,0) width 137: "officia deserunt mollit"
          text run at (306,0) width 128: "anim id est laborum."
      RenderBlock {DIV} at (2853,0) size 50x50 [bgcolor=#0000FF]
      RenderBlock {P} at (2919,0) size 332x164
        RenderText {#text} at (0,0) size 332x164
          text run at (0,0) width 151: "8 Lorem ipsum dolor sit"
          text run at (17,0) width 109: "amet, consectetur"
          text run at (34,0) width 140: "adipisicing elit, sed do"
          text run at (51,0) width 101: "eiusmod tempor"
          text run at (68,0) width 137: "incididunt ut labore et"
          text run at (85,0) width 152: "dolore magna aliqua. Ut"
          text run at (102,0) width 148: "enim ad minim veniam,"
          text run at (119,0) width 154: "quis nostrud exercitation"
          text run at (136,0) width 138: "ullamco laboris nisi ut"
          text run at (153,0) width 147: "aliquip ex ea commodo"
          text run at (170,0) width 164: "consequat. Duis aute irure"
          text run at (187,0) width 152: "dolor in reprehenderit in"
          text run at (213,0) width 162: "voluptate velit esse cillum"
          text run at (230,0) width 134: "dolore eu fugiat nulla"
          text run at (247,0) width 146: "pariatur. Excepteur sint"
          text run at (264,0) width 143: "occaecat cupidatat non"
          text run at (281,0) width 164: "proident, sunt in culpa qui"
          text run at (298,0) width 137: "officia deserunt mollit"
          text run at (315,0) width 128: "anim id est laborum."
