layer at (0,0) size 785x600
  RenderView at (0,0) size 785x600
    RenderMultiColumnSet at (0,0) size 785x600
layer at (0,0) size 785x1230 backgroundClip at (0,0) size 785x600 clip at (0,0) size 785x600
  RenderMultiColumnFlowThread at (0,0) size 785x1230
layer at (0,0) size 785x1230 backgroundClip at (0,0) size 785x600 clip at (0,0) size 785x600
  RenderBlock {HTML} at (0,0) size 785x1230
    RenderBody {BODY} at (8,8) size 769x1206
      RenderBlock {DIV} at (0,0) size 50x50 [bgcolor=#0000FF]
      RenderBlock {P} at (0,66) size 769x68
        RenderText {#text} at (0,0) size 761x68
          text run at (0,0) width 744: "1 Lorem ipsum dolor sit amet, consectetur adipisicing elit, sed do eiusmod tempor incididunt ut labore et dolore magna"
          text run at (0,17) width 736: "aliqua. Ut enim ad minim veniam, quis nostrud exercitation ullamco laboris nisi ut aliquip ex ea commodo consequat."
          text run at (0,34) width 761: "Duis aute irure dolor in reprehenderit in voluptate velit esse cillum dolore eu fugiat nulla pariatur. Excepteur sint occaecat"
          text run at (0,51) width 526: "cupidatat non proident, sunt in culpa qui officia deserunt mollit anim id est laborum."
      RenderBlock {DIV} at (0,150) size 50x50 [bgcolor=#0000FF]
      RenderBlock {P} at (0,216) size 769x68
        RenderText {#text} at (0,0) size 761x68
          text run at (0,0) width 744: "2 Lorem ipsum dolor sit amet, consectetur adipisicing elit, sed do eiusmod tempor incididunt ut labore et dolore magna"
          text run at (0,17) width 736: "aliqua. Ut enim ad minim veniam, quis nostrud exercitation ullamco laboris nisi ut aliquip ex ea commodo consequat."
          text run at (0,34) width 761: "Duis aute irure dolor in reprehenderit in voluptate velit esse cillum dolore eu fugiat nulla pariatur. Excepteur sint occaecat"
          text run at (0,51) width 526: "cupidatat non proident, sunt in culpa qui officia deserunt mollit anim id est laborum."
      RenderBlock {DIV} at (0,300) size 50x50 [bgcolor=#0000FF]
      RenderBlock {P} at (0,352) size 769x68
        RenderText {#text} at (0,0) size 761x68
          text run at (0,0) width 744: "3 Lorem ipsum dolor sit amet, consectetur adipisicing elit, sed do eiusmod tempor incididunt ut labore et dolore magna"
          text run at (0,17) width 736: "aliqua. Ut enim ad minim veniam, quis nostrud exercitation ullamco laboris nisi ut aliquip ex ea commodo consequat."
          text run at (0,34) width 761: "Duis aute irure dolor in reprehenderit in voluptate velit esse cillum dolore eu fugiat nulla pariatur. Excepteur sint occaecat"
          text run at (0,51) width 526: "cupidatat non proident, sunt in culpa qui officia deserunt mollit anim id est laborum."
      RenderBlock {DIV} at (0,436) size 50x50 [bgcolor=#0000FF]
      RenderBlock {P} at (0,502) size 769x81
        RenderText {#text} at (0,0) size 761x81
          text run at (0,0) width 744: "4 Lorem ipsum dolor sit amet, consectetur adipisicing elit, sed do eiusmod tempor incididunt ut labore et dolore magna"
          text run at (0,30) width 736: "aliqua. Ut enim ad minim veniam, quis nostrud exercitation ullamco laboris nisi ut aliquip ex ea commodo consequat."
          text run at (0,47) width 761: "Duis aute irure dolor in reprehenderit in voluptate velit esse cillum dolore eu fugiat nulla pariatur. Excepteur sint occaecat"
          text run at (0,64) width 526: "cupidatat non proident, sunt in culpa qui officia deserunt mollit anim id est laborum."
      RenderBlock {DIV} at (0,599) size 50x50 [bgcolor=#0000FF]
      RenderBlock {P} at (0,665) size 769x81
        RenderText {#text} at (0,0) size 761x81
          text run at (0,0) width 744: "5 Lorem ipsum dolor sit amet, consectetur adipisicing elit, sed do eiusmod tempor incididunt ut labore et dolore magna"
          text run at (0,17) width 736: "aliqua. Ut enim ad minim veniam, quis nostrud exercitation ullamco laboris nisi ut aliquip ex ea commodo consequat."
          text run at (0,47) width 761: "Duis aute irure dolor in reprehenderit in voluptate velit esse cillum dolore eu fugiat nulla pariatur. Excepteur sint occaecat"
          text run at (0,64) width 526: "cupidatat non proident, sunt in culpa qui officia deserunt mollit anim id est laborum."
      RenderBlock {DIV} at (0,762) size 50x50 [bgcolor=#0000FF]
      RenderBlock {P} at (0,828) size 769x81
        RenderText {#text} at (0,0) size 761x81
          text run at (0,0) width 744: "6 Lorem ipsum dolor sit amet, consectetur adipisicing elit, sed do eiusmod tempor incididunt ut labore et dolore magna"
          text run at (0,17) width 736: "aliqua. Ut enim ad minim veniam, quis nostrud exercitation ullamco laboris nisi ut aliquip ex ea commodo consequat."
          text run at (0,34) width 761: "Duis aute irure dolor in reprehenderit in voluptate velit esse cillum dolore eu fugiat nulla pariatur. Excepteur sint occaecat"
          text run at (0,64) width 526: "cupidatat non proident, sunt in culpa qui officia deserunt mollit anim id est laborum."
      RenderBlock {DIV} at (0,925) size 50x50 [bgcolor=#0000FF]
      RenderBlock {P} at (0,991) size 769x68
        RenderText {#text} at (0,0) size 761x68
          text run at (0,0) width 744: "7 Lorem ipsum dolor sit amet, consectetur adipisicing elit, sed do eiusmod tempor incididunt ut labore et dolore magna"
          text run at (0,17) width 736: "aliqua. Ut enim ad minim veniam, quis nostrud exercitation ullamco laboris nisi ut aliquip ex ea commodo consequat."
          text run at (0,34) width 761: "Duis aute irure dolor in reprehenderit in voluptate velit esse cillum dolore eu fugiat nulla pariatur. Excepteur sint occaecat"
          text run at (0,51) width 526: "cupidatat non proident, sunt in culpa qui officia deserunt mollit anim id est laborum."
      RenderBlock {DIV} at (0,1072) size 50x50 [bgcolor=#0000FF]
      RenderBlock {P} at (0,1138) size 769x68
        RenderText {#text} at (0,0) size 761x68
          text run at (0,0) width 744: "8 Lorem ipsum dolor sit amet, consectetur adipisicing elit, sed do eiusmod tempor incididunt ut labore et dolore magna"
          text run at (0,17) width 736: "aliqua. Ut enim ad minim veniam, quis nostrud exercitation ullamco laboris nisi ut aliquip ex ea commodo consequat."
          text run at (0,34) width 761: "Duis aute irure dolor in reprehenderit in voluptate velit esse cillum dolore eu fugiat nulla pariatur. Excepteur sint occaecat"
          text run at (0,51) width 526: "cupidatat non proident, sunt in culpa qui officia deserunt mollit anim id est laborum."
