layer at (0,0) size 1180x585
  RenderView at (0,0) size 800x585
    RenderMultiColumnSet at (0,0) size 800x585
layer at (0,0) size 180x3285 backgroundClip at (0,0) size 1180x585 clip at (0,0) size 1180x585
  RenderMultiColumnFlowThread at (0,0) size 180x3285
layer at (0,0) size 180x3285 backgroundClip at (0,0) size 1180x585 clip at (0,0) size 1180x585
  RenderBlock {HTML} at (0,0) size 180x3285
    RenderBody {BODY} at (8,8) size 164x3261
      RenderBlock {DIV} at (0,0) size 50x50 [bgcolor=#0000FF]
      RenderBlock {P} at (0,66) size 164x323
        RenderText {#text} at (0,0) size 164x323
          text run at (0,0) width 151: "1 Lorem ipsum dolor sit"
          text run at (0,17) width 109: "amet, consectetur"
          text run at (0,34) width 140: "adipisicing elit, sed do"
          text run at (0,51) width 101: "eiusmod tempor"
          text run at (0,68) width 137: "incididunt ut labore et"
          text run at (0,85) width 152: "dolore magna aliqua. Ut"
          text run at (0,102) width 148: "enim ad minim veniam,"
          text run at (0,119) width 154: "quis nostrud exercitation"
          text run at (0,136) width 138: "ullamco laboris nisi ut"
          text run at (0,153) width 147: "aliquip ex ea commodo"
          text run at (0,170) width 164: "consequat. Duis aute irure"
          text run at (0,187) width 152: "dolor in reprehenderit in"
          text run at (0,204) width 162: "voluptate velit esse cillum"
          text run at (0,221) width 134: "dolore eu fugiat nulla"
          text run at (0,238) width 146: "pariatur. Excepteur sint"
          text run at (0,255) width 143: "occaecat cupidatat non"
          text run at (0,272) width 164: "proident, sunt in culpa qui"
          text run at (0,289) width 137: "officia deserunt mollit"
          text run at (0,306) width 128: "anim id est laborum."
      RenderBlock {DIV} at (0,405) size 50x50 [bgcolor=#0000FF]
      RenderBlock {P} at (0,471) size 164x327
        RenderText {#text} at (0,0) size 164x327
          text run at (0,0) width 151: "2 Lorem ipsum dolor sit"
          text run at (0,17) width 109: "amet, consectetur"
          text run at (0,34) width 140: "adipisicing elit, sed do"
          text run at (0,51) width 101: "eiusmod tempor"
          text run at (0,68) width 137: "incididunt ut labore et"
          text run at (0,85) width 152: "dolore magna aliqua. Ut"
          text run at (0,106) width 148: "enim ad minim veniam,"
          text run at (0,123) width 154: "quis nostrud exercitation"
          text run at (0,140) width 138: "ullamco laboris nisi ut"
          text run at (0,157) width 147: "aliquip ex ea commodo"
          text run at (0,174) width 164: "consequat. Duis aute irure"
          text run at (0,191) width 152: "dolor in reprehenderit in"
          text run at (0,208) width 162: "voluptate velit esse cillum"
          text run at (0,225) width 134: "dolore eu fugiat nulla"
          text run at (0,242) width 146: "pariatur. Excepteur sint"
          text run at (0,259) width 143: "occaecat cupidatat non"
          text run at (0,276) width 164: "proident, sunt in culpa qui"
          text run at (0,293) width 137: "officia deserunt mollit"
          text run at (0,310) width 128: "anim id est laborum."
      RenderBlock {DIV} at (0,814) size 50x50 [bgcolor=#0000FF]
      RenderBlock {P} at (0,880) size 164x333
        RenderText {#text} at (0,0) size 164x333
          text run at (0,0) width 151: "3 Lorem ipsum dolor sit"
          text run at (0,17) width 109: "amet, consectetur"
          text run at (0,34) width 140: "adipisicing elit, sed do"
          text run at (0,51) width 101: "eiusmod tempor"
          text run at (0,68) width 137: "incididunt ut labore et"
          text run at (0,85) width 152: "dolore magna aliqua. Ut"
          text run at (0,102) width 148: "enim ad minim veniam,"
          text run at (0,119) width 154: "quis nostrud exercitation"
          text run at (0,136) width 138: "ullamco laboris nisi ut"
          text run at (0,153) width 147: "aliquip ex ea commodo"
          text run at (0,170) width 164: "consequat. Duis aute irure"
          text run at (0,187) width 152: "dolor in reprehenderit in"
          text run at (0,204) width 162: "voluptate velit esse cillum"
          text run at (0,221) width 134: "dolore eu fugiat nulla"
          text run at (0,238) width 146: "pariatur. Excepteur sint"
          text run at (0,255) width 143: "occaecat cupidatat non"
          text run at (0,282) width 164: "proident, sunt in culpa qui"
          text run at (0,299) width 137: "officia deserunt mollit"
          text run at (0,316) width 128: "anim id est laborum."
      RenderBlock {DIV} at (0,1229) size 50x50 [bgcolor=#0000FF]
      RenderBlock {P} at (0,1295) size 164x323
        RenderText {#text} at (0,0) size 164x323
          text run at (0,0) width 151: "4 Lorem ipsum dolor sit"
          text run at (0,17) width 109: "amet, consectetur"
          text run at (0,34) width 140: "adipisicing elit, sed do"
          text run at (0,51) width 101: "eiusmod tempor"
          text run at (0,68) width 137: "incididunt ut labore et"
          text run at (0,85) width 152: "dolore magna aliqua. Ut"
          text run at (0,102) width 148: "enim ad minim veniam,"
          text run at (0,119) width 154: "quis nostrud exercitation"
          text run at (0,136) width 138: "ullamco laboris nisi ut"
          text run at (0,153) width 147: "aliquip ex ea commodo"
          text run at (0,170) width 164: "consequat. Duis aute irure"
          text run at (0,187) width 152: "dolor in reprehenderit in"
          text run at (0,204) width 162: "voluptate velit esse cillum"
          text run at (0,221) width 134: "dolore eu fugiat nulla"
          text run at (0,238) width 146: "pariatur. Excepteur sint"
          text run at (0,255) width 143: "occaecat cupidatat non"
          text run at (0,272) width 164: "proident, sunt in culpa qui"
          text run at (0,289) width 137: "officia deserunt mollit"
          text run at (0,306) width 128: "anim id est laborum."
      RenderBlock {DIV} at (0,1634) size 50x50 [bgcolor=#0000FF]
      RenderBlock {P} at (0,1700) size 164x336
        RenderText {#text} at (0,0) size 164x336
          text run at (0,0) width 151: "5 Lorem ipsum dolor sit"
          text run at (0,17) width 109: "amet, consectetur"
          text run at (0,47) width 140: "adipisicing elit, sed do"
          text run at (0,64) width 101: "eiusmod tempor"
          text run at (0,81) width 137: "incididunt ut labore et"
          text run at (0,98) width 152: "dolore magna aliqua. Ut"
          text run at (0,115) width 148: "enim ad minim veniam,"
          text run at (0,132) width 154: "quis nostrud exercitation"
          text run at (0,149) width 138: "ullamco laboris nisi ut"
          text run at (0,166) width 147: "aliquip ex ea commodo"
          text run at (0,183) width 164: "consequat. Duis aute irure"
          text run at (0,200) width 152: "dolor in reprehenderit in"
          text run at (0,217) width 162: "voluptate velit esse cillum"
          text run at (0,234) width 134: "dolore eu fugiat nulla"
          text run at (0,251) width 146: "pariatur. Excepteur sint"
          text run at (0,268) width 143: "occaecat cupidatat non"
          text run at (0,285) width 164: "proident, sunt in culpa qui"
          text run at (0,302) width 137: "officia deserunt mollit"
          text run at (0,319) width 128: "anim id est laborum."
      RenderBlock {DIV} at (0,2052) size 50x50 [bgcolor=#0000FF]
      RenderBlock {P} at (0,2118) size 164x333
        RenderText {#text} at (0,0) size 164x333
          text run at (0,0) width 151: "6 Lorem ipsum dolor sit"
          text run at (0,17) width 109: "amet, consectetur"
          text run at (0,34) width 140: "adipisicing elit, sed do"
          text run at (0,51) width 101: "eiusmod tempor"
          text run at (0,68) width 137: "incididunt ut labore et"
          text run at (0,85) width 152: "dolore magna aliqua. Ut"
          text run at (0,102) width 148: "enim ad minim veniam,"
          text run at (0,119) width 154: "quis nostrud exercitation"
          text run at (0,136) width 138: "ullamco laboris nisi ut"
          text run at (0,153) width 147: "aliquip ex ea commodo"
          text run at (0,170) width 164: "consequat. Duis aute irure"
          text run at (0,187) width 152: "dolor in reprehenderit in"
          text run at (0,214) width 162: "voluptate velit esse cillum"
          text run at (0,231) width 134: "dolore eu fugiat nulla"
          text run at (0,248) width 146: "pariatur. Excepteur sint"
          text run at (0,265) width 143: "occaecat cupidatat non"
          text run at (0,282) width 164: "proident, sunt in culpa qui"
          text run at (0,299) width 137: "officia deserunt mollit"
          text run at (0,316) width 128: "anim id est laborum."
      RenderBlock {DIV} at (0,2467) size 50x50 [bgcolor=#0000FF]
      RenderBlock {P} at (0,2533) size 164x323
        RenderText {#text} at (0,0) size 164x323
          text run at (0,0) width 151: "7 Lorem ipsum dolor sit"
          text run at (0,17) width 109: "amet, consectetur"
          text run at (0,34) width 140: "adipisicing elit, sed do"
          text run at (0,51) width 101: "eiusmod tempor"
          text run at (0,68) width 137: "incididunt ut labore et"
          text run at (0,85) width 152: "dolore magna aliqua. Ut"
          text run at (0,102) width 148: "enim ad minim veniam,"
          text run at (0,119) width 154: "quis nostrud exercitation"
          text run at (0,136) width 138: "ullamco laboris nisi ut"
          text run at (0,153) width 147: "aliquip ex ea commodo"
          text run at (0,170) width 164: "consequat. Duis aute irure"
          text run at (0,187) width 152: "dolor in reprehenderit in"
          text run at (0,204) width 162: "voluptate velit esse cillum"
          text run at (0,221) width 134: "dolore eu fugiat nulla"
          text run at (0,238) width 146: "pariatur. Excepteur sint"
          text run at (0,255) width 143: "occaecat cupidatat non"
          text run at (0,272) width 164: "proident, sunt in culpa qui"
          text run at (0,289) width 137: "officia deserunt mollit"
          text run at (0,306) width 128: "anim id est laborum."
      RenderBlock {DIV} at (0,2872) size 50x50 [bgcolor=#0000FF]
      RenderBlock {P} at (0,2938) size 164x323
        RenderText {#text} at (0,0) size 164x323
          text run at (0,0) width 151: "8 Lorem ipsum dolor sit"
          text run at (0,17) width 109: "amet, consectetur"
          text run at (0,34) width 140: "adipisicing elit, sed do"
          text run at (0,51) width 101: "eiusmod tempor"
          text run at (0,68) width 137: "incididunt ut labore et"
          text run at (0,85) width 152: "dolore magna aliqua. Ut"
          text run at (0,102) width 148: "enim ad minim veniam,"
          text run at (0,119) width 154: "quis nostrud exercitation"
          text run at (0,136) width 138: "ullamco laboris nisi ut"
          text run at (0,153) width 147: "aliquip ex ea commodo"
          text run at (0,170) width 164: "consequat. Duis aute irure"
          text run at (0,187) width 152: "dolor in reprehenderit in"
          text run at (0,204) width 162: "voluptate velit esse cillum"
          text run at (0,221) width 134: "dolore eu fugiat nulla"
          text run at (0,238) width 146: "pariatur. Excepteur sint"
          text run at (0,255) width 143: "occaecat cupidatat non"
          text run at (0,272) width 164: "proident, sunt in culpa qui"
          text run at (0,289) width 137: "officia deserunt mollit"
          text run at (0,306) width 128: "anim id est laborum."
