layer at (0,0) size 800x585
  RenderView at (0,0) size 800x585
    RenderMultiColumnSet at (0,0) size 800x585
layer at (0,0) size 1444x585 backgroundClip at (0,0) size 800x585 clip at (0,0) size 800x585
  RenderMultiColumnFlowThread at (0,0) size 1444x585
layer at (0,0) size 1444x585 backgroundClip at (0,0) size 800x585 clip at (0,0) size 800x585
  RenderBlock {HTML} at (0,0) size 1444x585
    RenderBody {BODY} at (8,8) size 1420x569
      RenderBlock {DIV} at (0,0) size 50x50 [bgcolor=#0000FF]
      RenderBlock {P} at (66,0) size 102x569
        RenderText {#text} at (0,0) size 102x546
          text run at (0,0) width 513: "1 Lorem ipsum dolor sit amet, consectetur adipisicing elit, sed do eiusmod tempor"
          text run at (17,0) width 526: "incididunt ut labore et dolore magna aliqua. Ut enim ad minim veniam, quis nostrud"
          text run at (34,0) width 534: "exercitation ullamco laboris nisi ut aliquip ex ea commodo consequat. Duis aute irure"
          text run at (51,0) width 512: "dolor in reprehenderit in voluptate velit esse cillum dolore eu fugiat nulla pariatur."
          text run at (68,0) width 546: "Excepteur sint occaecat cupidatat non proident, sunt in culpa qui officia deserunt mollit"
          text run at (85,0) width 128: "anim id est laborum."
      RenderBlock {DIV} at (172,0) size 50x50 [bgcolor=#0000FF]
      RenderBlock {P} at (238,0) size 102x569
        RenderText {#text} at (0,0) size 102x546
          text run at (0,0) width 513: "2 Lorem ipsum dolor sit amet, consectetur adipisicing elit, sed do eiusmod tempor"
          text run at (17,0) width 526: "incididunt ut labore et dolore magna aliqua. Ut enim ad minim veniam, quis nostrud"
          text run at (34,0) width 534: "exercitation ullamco laboris nisi ut aliquip ex ea commodo consequat. Duis aute irure"
          text run at (51,0) width 512: "dolor in reprehenderit in voluptate velit esse cillum dolore eu fugiat nulla pariatur."
          text run at (68,0) width 546: "Excepteur sint occaecat cupidatat non proident, sunt in culpa qui officia deserunt mollit"
          text run at (85,0) width 128: "anim id est laborum."
      RenderBlock {DIV} at (352,0) size 50x50 [bgcolor=#0000FF]
      RenderBlock {P} at (418,0) size 102x569
        RenderText {#text} at (0,0) size 102x546
          text run at (0,0) width 513: "3 Lorem ipsum dolor sit amet, consectetur adipisicing elit, sed do eiusmod tempor"
          text run at (17,0) width 526: "incididunt ut labore et dolore magna aliqua. Ut enim ad minim veniam, quis nostrud"
          text run at (34,0) width 534: "exercitation ullamco laboris nisi ut aliquip ex ea commodo consequat. Duis aute irure"
          text run at (51,0) width 512: "dolor in reprehenderit in voluptate velit esse cillum dolore eu fugiat nulla pariatur."
          text run at (68,0) width 546: "Excepteur sint occaecat cupidatat non proident, sunt in culpa qui officia deserunt mollit"
          text run at (85,0) width 128: "anim id est laborum."
      RenderBlock {DIV} at (532,0) size 50x50 [bgcolor=#0000FF]
      RenderBlock {P} at (598,0) size 102x569
        RenderText {#text} at (0,0) size 102x546
          text run at (0,0) width 513: "4 Lorem ipsum dolor sit amet, consectetur adipisicing elit, sed do eiusmod tempor"
          text run at (17,0) width 526: "incididunt ut labore et dolore magna aliqua. Ut enim ad minim veniam, quis nostrud"
          text run at (34,0) width 534: "exercitation ullamco laboris nisi ut aliquip ex ea commodo consequat. Duis aute irure"
          text run at (51,0) width 512: "dolor in reprehenderit in voluptate velit esse cillum dolore eu fugiat nulla pariatur."
          text run at (68,0) width 546: "Excepteur sint occaecat cupidatat non proident, sunt in culpa qui officia deserunt mollit"
          text run at (85,0) width 128: "anim id est laborum."
      RenderBlock {DIV} at (712,0) size 50x50 [bgcolor=#0000FF]
      RenderBlock {P} at (778,0) size 102x569
        RenderText {#text} at (0,0) size 102x546
          text run at (0,0) width 513: "5 Lorem ipsum dolor sit amet, consectetur adipisicing elit, sed do eiusmod tempor"
          text run at (17,0) width 526: "incididunt ut labore et dolore magna aliqua. Ut enim ad minim veniam, quis nostrud"
          text run at (34,0) width 534: "exercitation ullamco laboris nisi ut aliquip ex ea commodo consequat. Duis aute irure"
          text run at (51,0) width 512: "dolor in reprehenderit in voluptate velit esse cillum dolore eu fugiat nulla pariatur."
          text run at (68,0) width 546: "Excepteur sint occaecat cupidatat non proident, sunt in culpa qui officia deserunt mollit"
          text run at (85,0) width 128: "anim id est laborum."
      RenderBlock {DIV} at (892,0) size 50x50 [bgcolor=#0000FF]
      RenderBlock {P} at (958,0) size 102x569
        RenderText {#text} at (0,0) size 102x546
          text run at (0,0) width 513: "6 Lorem ipsum dolor sit amet, consectetur adipisicing elit, sed do eiusmod tempor"
          text run at (17,0) width 526: "incididunt ut labore et dolore magna aliqua. Ut enim ad minim veniam, quis nostrud"
          text run at (34,0) width 534: "exercitation ullamco laboris nisi ut aliquip ex ea commodo consequat. Duis aute irure"
          text run at (51,0) width 512: "dolor in reprehenderit in voluptate velit esse cillum dolore eu fugiat nulla pariatur."
          text run at (68,0) width 546: "Excepteur sint occaecat cupidatat non proident, sunt in culpa qui officia deserunt mollit"
          text run at (85,0) width 128: "anim id est laborum."
      RenderBlock {DIV} at (1072,0) size 50x50 [bgcolor=#0000FF]
      RenderBlock {P} at (1138,0) size 102x569
        RenderText {#text} at (0,0) size 102x546
          text run at (0,0) width 513: "7 Lorem ipsum dolor sit amet, consectetur adipisicing elit, sed do eiusmod tempor"
          text run at (17,0) width 526: "incididunt ut labore et dolore magna aliqua. Ut enim ad minim veniam, quis nostrud"
          text run at (34,0) width 534: "exercitation ullamco laboris nisi ut aliquip ex ea commodo consequat. Duis aute irure"
          text run at (51,0) width 512: "dolor in reprehenderit in voluptate velit esse cillum dolore eu fugiat nulla pariatur."
          text run at (68,0) width 546: "Excepteur sint occaecat cupidatat non proident, sunt in culpa qui officia deserunt mollit"
          text run at (85,0) width 128: "anim id est laborum."
      RenderBlock {DIV} at (1252,0) size 50x50 [bgcolor=#0000FF]
      RenderBlock {P} at (1318,0) size 102x569
        RenderText {#text} at (0,0) size 102x546
          text run at (0,0) width 513: "8 Lorem ipsum dolor sit amet, consectetur adipisicing elit, sed do eiusmod tempor"
          text run at (17,0) width 526: "incididunt ut labore et dolore magna aliqua. Ut enim ad minim veniam, quis nostrud"
          text run at (34,0) width 534: "exercitation ullamco laboris nisi ut aliquip ex ea commodo consequat. Duis aute irure"
          text run at (51,0) width 512: "dolor in reprehenderit in voluptate velit esse cillum dolore eu fugiat nulla pariatur."
          text run at (68,0) width 546: "Excepteur sint occaecat cupidatat non proident, sunt in culpa qui officia deserunt mollit"
          text run at (85,0) width 128: "anim id est laborum."
